status file for recon-all
Mon Mar  9 10:23:24 CET 2026
#@# Tessellate rh Mon Mar  9 10:23:24 CET 2026
#@# Smooth1 rh Mon Mar  9 10:23:28 CET 2026
#@# Inflation1 rh Mon Mar  9 10:23:31 CET 2026
#@# QSphere rh Mon Mar  9 10:23:47 CET 2026
#@# Fix Topology rh Mon Mar  9 10:25:19 CET 2026
#@# Smooth2 rh Mon Mar  9 10:33:21 CET 2026
#@# Inflation2 rh Mon Mar  9 10:33:25 CET 2026
#@# Curv .H and .K rh Mon Mar  9 10:33:42 CET 2026
#@# Sphere rh Mon Mar  9 10:34:37 CET 2026
#@# Surf Reg rh Mon Mar  9 10:39:07 CET 2026
#@# Jacobian white rh Mon Mar  9 10:44:59 CET 2026
#@# AvgCurv rh Mon Mar  9 10:45:00 CET 2026
#@# Cortical Parc rh Mon Mar  9 10:45:01 CET 2026
#@# white curv rh Mon Mar  9 10:52:25 CET 2026
#@# white area rh Mon Mar  9 10:52:27 CET 2026
#@# pial curv rh Mon Mar  9 10:52:28 CET 2026
#@# pial area rh Mon Mar  9 10:52:31 CET 2026
#@# thickness rh Mon Mar  9 10:52:32 CET 2026
#@# area and vertex vol rh Mon Mar  9 10:53:10 CET 2026
#@# Curvature Stats rh Mon Mar  9 10:53:12 CET 2026
#@# Cortical Parc 2 rh Mon Mar  9 10:53:15 CET 2026
#@# Cortical Parc 3 rh Mon Mar  9 10:53:31 CET 2026
#@# WM/GM Contrast rh Mon Mar  9 10:53:42 CET 2026
recon-all -s sub-v1s20x0050324_ses-1 finished without error at Mon Mar  9 10:53:47 CET 2026



#New# invocation of recon-all 



status file for recon-all
Mon Mar  9 11:04:44 CET 2026
#@# white curv rh Mon Mar  9 11:04:44 CET 2026
#@# white area rh Mon Mar  9 11:04:44 CET 2026
#@# pial curv rh Mon Mar  9 11:04:44 CET 2026
#@# pial area rh Mon Mar  9 11:04:44 CET 2026
#@# thickness rh Mon Mar  9 11:04:44 CET 2026
#@# area and vertex vol rh Mon Mar  9 11:04:44 CET 2026
#@# Parcellation Stats rh Mon Mar  9 11:04:44 CET 2026
#@# Parcellation Stats 2 rh Mon Mar  9 11:05:09 CET 2026
#@# Parcellation Stats 3 rh Mon Mar  9 11:05:21 CET 2026
#@# BA_exvivo Labels rh Mon Mar  9 11:05:34 CET 2026
recon-all -s sub-v1s20x0050324_ses-1 finished without error at Mon Mar  9 11:08:44 CET 2026
