status file for recon-all
Mon Mar  9 10:02:01 CET 2026
#@# Tessellate rh Mon Mar  9 10:02:01 CET 2026
#@# Smooth1 rh Mon Mar  9 10:02:04 CET 2026
#@# Inflation1 rh Mon Mar  9 10:02:05 CET 2026
#@# QSphere rh Mon Mar  9 10:02:12 CET 2026
#@# Fix Topology rh Mon Mar  9 10:02:44 CET 2026
#@# Smooth2 rh Mon Mar  9 10:06:40 CET 2026
#@# Inflation2 rh Mon Mar  9 10:06:42 CET 2026
#@# Curv .H and .K rh Mon Mar  9 10:06:49 CET 2026
#@# Sphere rh Mon Mar  9 10:07:20 CET 2026
#@# Surf Reg rh Mon Mar  9 10:08:16 CET 2026
#@# Jacobian white rh Mon Mar  9 10:10:19 CET 2026
#@# AvgCurv rh Mon Mar  9 10:10:20 CET 2026
#@# Cortical Parc rh Mon Mar  9 10:10:20 CET 2026
#@# white curv rh Mon Mar  9 10:14:40 CET 2026
#@# white area rh Mon Mar  9 10:14:41 CET 2026
#@# pial curv rh Mon Mar  9 10:14:41 CET 2026
#@# pial area rh Mon Mar  9 10:14:42 CET 2026
#@# thickness rh Mon Mar  9 10:14:43 CET 2026
#@# area and vertex vol rh Mon Mar  9 10:14:58 CET 2026
#@# Curvature Stats rh Mon Mar  9 10:14:59 CET 2026
#@# Cortical Parc 2 rh Mon Mar  9 10:15:01 CET 2026
#@# Cortical Parc 3 rh Mon Mar  9 10:15:08 CET 2026
#@# WM/GM Contrast rh Mon Mar  9 10:15:14 CET 2026
recon-all -s sub-v1s20x0050336_ses-1 finished without error at Mon Mar  9 10:15:16 CET 2026



#New# invocation of recon-all 



status file for recon-all
Mon Mar  9 10:20:32 CET 2026
#@# white curv rh Mon Mar  9 10:20:32 CET 2026
#@# white area rh Mon Mar  9 10:20:32 CET 2026
#@# pial curv rh Mon Mar  9 10:20:32 CET 2026
#@# pial area rh Mon Mar  9 10:20:32 CET 2026
#@# thickness rh Mon Mar  9 10:20:32 CET 2026
#@# area and vertex vol rh Mon Mar  9 10:20:32 CET 2026
#@# Parcellation Stats rh Mon Mar  9 10:20:32 CET 2026
#@# Parcellation Stats 2 rh Mon Mar  9 10:20:43 CET 2026
#@# Parcellation Stats 3 rh Mon Mar  9 10:20:48 CET 2026
#@# BA_exvivo Labels rh Mon Mar  9 10:20:54 CET 2026
recon-all -s sub-v1s20x0050336_ses-1 finished without error at Mon Mar  9 10:22:31 CET 2026
