status file for recon-all
Mon Mar  9 08:37:23 CET 2026
#@# MotionCor Mon Mar  9 08:37:24 CET 2026
#@# Talairach Mon Mar  9 08:37:28 CET 2026
#@# Talairach Failure Detection Mon Mar  9 08:40:18 CET 2026
#@# Nu Intensity Correction Mon Mar  9 08:40:18 CET 2026
#@# Intensity Normalization Mon Mar  9 08:43:02 CET 2026
recon-all -s sub-v1s20x0050336_ses-1 finished without error at Mon Mar  9 08:43:56 CET 2026



#New# invocation of recon-all 



status file for recon-all
Mon Mar  9 08:49:14 CET 2026
#@# EM Registration Mon Mar  9 08:49:14 CET 2026
recon-all -s sub-v1s20x0050336_ses-1 finished without error at Mon Mar  9 08:50:21 CET 2026



#New# invocation of recon-all 



status file for recon-all
Mon Mar  9 08:50:23 CET 2026
#@# CA Normalize Mon Mar  9 08:50:23 CET 2026
#@# CA Reg Mon Mar  9 08:51:15 CET 2026
#@# SubCort Seg Mon Mar  9 09:24:29 CET 2026
#@# CC Seg Mon Mar  9 09:43:17 CET 2026
#@# Merge ASeg Mon Mar  9 09:43:38 CET 2026
#@# Intensity Normalization2 Mon Mar  9 09:43:38 CET 2026
#@# Mask BFS Mon Mar  9 09:44:57 CET 2026
#@# WM Segmentation Mon Mar  9 09:44:58 CET 2026
#@# Fill Mon Mar  9 09:46:31 CET 2026
recon-all -s sub-v1s20x0050336_ses-1 finished without error at Mon Mar  9 09:47:08 CET 2026



#New# invocation of recon-all 



status file for recon-all
Mon Mar  9 10:15:19 CET 2026
#@# white curv lh Mon Mar  9 10:15:19 CET 2026
#@# white area lh Mon Mar  9 10:15:19 CET 2026
#@# pial curv lh Mon Mar  9 10:15:19 CET 2026
#@# pial area lh Mon Mar  9 10:15:19 CET 2026
#@# thickness lh Mon Mar  9 10:15:19 CET 2026
#@# area and vertex vol lh Mon Mar  9 10:15:19 CET 2026
#@# white curv rh Mon Mar  9 10:15:19 CET 2026
#@# white area rh Mon Mar  9 10:15:19 CET 2026
#@# pial curv rh Mon Mar  9 10:15:19 CET 2026
#@# pial area rh Mon Mar  9 10:15:19 CET 2026
#@# thickness rh Mon Mar  9 10:15:19 CET 2026
#@# area and vertex vol rh Mon Mar  9 10:15:19 CET 2026
#@# Cortical ribbon mask Mon Mar  9 10:15:19 CET 2026
recon-all -s sub-v1s20x0050336_ses-1 finished without error at Mon Mar  9 10:18:27 CET 2026



#New# invocation of recon-all 



status file for recon-all
Mon Mar  9 10:22:36 CET 2026
#@# white curv lh Mon Mar  9 10:22:36 CET 2026
#@# white area lh Mon Mar  9 10:22:36 CET 2026
#@# pial curv lh Mon Mar  9 10:22:36 CET 2026
#@# pial area lh Mon Mar  9 10:22:36 CET 2026
#@# thickness lh Mon Mar  9 10:22:36 CET 2026
#@# area and vertex vol lh Mon Mar  9 10:22:36 CET 2026
#@# white curv rh Mon Mar  9 10:22:36 CET 2026
#@# white area rh Mon Mar  9 10:22:36 CET 2026
#@# pial curv rh Mon Mar  9 10:22:36 CET 2026
#@# pial area rh Mon Mar  9 10:22:36 CET 2026
#@# thickness rh Mon Mar  9 10:22:36 CET 2026
#@# area and vertex vol rh Mon Mar  9 10:22:36 CET 2026
#@# Curvature Stats lh Mon Mar  9 10:22:36 CET 2026
#@# Curvature Stats rh Mon Mar  9 10:22:37 CET 2026
#@# Relabel Hypointensities Mon Mar  9 10:22:39 CET 2026
#@# APas-to-ASeg Mon Mar  9 10:22:48 CET 2026
#@# AParc-to-ASeg aparc Mon Mar  9 10:22:53 CET 2026
#@# AParc-to-ASeg aparc.a2009s Mon Mar  9 10:23:10 CET 2026
#@# AParc-to-ASeg aparc.DKTatlas Mon Mar  9 10:23:25 CET 2026
#@# WMParc Mon Mar  9 10:23:42 CET 2026
#@# ASeg Stats Mon Mar  9 10:25:19 CET 2026
recon-all -s sub-v1s20x0050336_ses-1 finished without error at Mon Mar  9 10:25:35 CET 2026
