/out/sourcedata/freesurfer/sub-v1s20x0050350_ses-1/mri
/opt/freesurfer/bin/talairach_avi
--i orig_nu.mgz --xfm transforms/talairach.auto.xfm
talairach_avi 7.3.2
Linux dna075 5.14.0-427.37.1.el9_4.x86_64 #1 SMP PREEMPT_DYNAMIC Fri Sep 13 12:41:50 EDT 2024 x86_64 x86_64 x86_64 GNU/Linux
Thu Mar 12 18:15:41 CET 2026
mri_convert orig_nu.mgz talsrcimg.img 
reading from orig_nu.mgz...
TR=0.00, TE=0.00, TI=0.00, flip angle=0.00
i_ras = (-1, 0, 0)
j_ras = (0, 0, -1)
k_ras = (0, 1, 0)
writing to talsrcimg.img...
Analyze Output Matrix
-1.00000   0.00000   0.00000   129.50778;
 0.00000   0.00000   1.00000  -128.49219;
 0.00000  -1.00000   0.00000   129.70001;
 0.00000   0.00000   0.00000   1.00000;
--------------------
INFO: set hdr.hist.orient to -1
mpr2mni305 talsrcimg
Thu Mar 12 18:15:42 CET 2026
/opt/freesurfer/bin/mpr2mni305 talsrcimg
mpr2mni305 7.3.2
target=711-2C_as_mni_average_305

---------------------------------------------------------------------
analyzeto4dfp talsrcimg -O0 -y
---------------------------------------------------------------------

freesurfer ifh2hdr.c
Thu Mar 12 18:15:42 2026
Writing: talsrcimg.4dfp.hdr
freesurfer analyzeto4dfp.c
Reading: talsrcimg.hdr
header size 348 bytes
hdr.dime.datatype	offset=70	value=2
hdr.dime.bitpix		offset=72	value=8
hdr.hist.orient		offset=252	value=-1
dimensionality     4
dimensions       256       256       256         1
Reading: talsrcimg.img
Writing: talsrcimg.4dfp.img
Writing: talsrcimg.4dfp.ifh
ifh2hdr talsrcimg -r0to248
ori=2

---------------------------------------------------------------------
gauss_4dfp talsrcimg 1.1
---------------------------------------------------------------------

freesurfer gauss_4dfp.c
Reading: talsrcimg.4dfp.img
Writing: talsrcimg_g11.4dfp.img
image dimensions 256 256 256 padded to 288 288 288
processing volume 1freesurfer ifh2hdr.c
Thu Mar 12 18:15:43 2026
Writing: talsrcimg_g11.4dfp.hdr

Writing: talsrcimg_g11.4dfp.ifh
including: talsrcimg.4dfp.img.rec in talsrcimg_g11.4dfp.img.rec

---------------------------------------------------------------------
imgreg_4dfp /opt/freesurfer/average/711-2C_as_mni_average_305 none talsrcimg_g11 none talsrcimg_to_711-2C_as_mni_average_305_t4 4355
---------------------------------------------------------------------

freesurfer imgreg_4dfp.c
/opt/freesurfer/average/711-2C_as_mni_average_305.4dfp.img
       256       256       256         1
  1.000000  1.000000  1.000000
orientation T byte_order littleendian
Reading image: /opt/freesurfer/average/711-2C_as_mni_average_305.4dfp.img
dimensions:      256       256       256
mmppix:       1.0000   -1.0000   -1.0000
center:     128.0000 -129.0000 -129.0000
talsrcimg_g11.4dfp.img
       256       256       256         1
  1.000000  1.000000  1.000000
orientation T byte_order littleendian
Reading image: talsrcimg_g11.4dfp.img
dimensions:      256       256       256
mmppix:       1.0000   -1.0000   -1.0000
center:     128.0000 -129.0000 -129.0000
t4_read: open error in t4_sub.f l:  41 t4_file(1:l)talsrcimg_to_711-2C_as_mni_average_305_t4 
t4_read: transform initialized to I4
rotation matrix determinant  1.000000
image alignment mode   4355 decimal     1103 hex
   -7.5000  -45.0000  -45.0000 7973.1636   18.2359
    0.0000  -45.0000  -45.0000 8372.7598   18.2252
    7.5000  -45.0000  -45.0000 8048.9390   18.2395
   -7.5000  -37.5000  -45.0000 8501.5068   18.2039
    0.0000  -37.5000  -45.0000 8928.0312   18.1976
    7.5000  -37.5000  -45.0000 8581.9883   18.2226
   -7.5000  -30.0000  -45.0000 9297.3379   18.1668
    0.0000  -30.0000  -45.0000 9770.3164   18.1654
    7.5000  -30.0000  -45.0000 9376.3896   18.2021
   -7.5000  -22.5000  -45.0000 9989.8232   18.1612
    0.0000  -22.5000  -45.000010514.1533   18.1606
    7.5000  -22.5000  -45.000010102.0498   18.1975
   -7.5000  -15.0000  -45.000010568.7793   18.1899
    0.0000  -15.0000  -45.000011132.9531   18.1859
    7.5000  -15.0000  -45.000010685.3516   18.2123
   -7.5000   -7.5000  -45.000011141.2197   18.2275
    0.0000   -7.5000  -45.000011711.2803   18.2181
    7.5000   -7.5000  -45.000011264.8447   18.2337
   -7.5000    0.0000  -45.000011690.7549   18.2359
    0.0000    0.0000  -45.000012278.8799   18.2252
    7.5000    0.0000  -45.000011819.9600   18.2395
   -7.5000    7.5000  -45.000011397.0967   18.2039
    0.0000    7.5000  -45.000011959.5771   18.1976
    7.5000    7.5000  -45.000011509.9355   18.2226
   -7.5000   15.0000  -45.000011003.7686   18.1668
    0.0000   15.0000  -45.000011515.6279   18.1654
    7.5000   15.0000  -45.000011087.9414   18.2021
   -7.5000   22.5000  -45.000010376.5146   18.1587
    0.0000   22.5000  -45.000010874.5859   18.1581
    7.5000   22.5000  -45.000010444.2061   18.1950
   -7.5000   30.0000  -45.0000 9598.2344   17.9475
    0.0000   30.0000  -45.000010058.6201   17.9436
    7.5000   30.0000  -45.0000 9657.2832   17.9696
   -7.5000   37.5000  -45.0000 9096.1211   17.9846
    0.0000   37.5000  -45.0000 9521.5176   17.9753
    7.5000   37.5000  -45.0000 9150.4775   17.9908
   -7.5000   45.0000  -45.0000 8190.3662   17.5360
    0.0000   45.0000  -45.0000 8581.2471   17.5257
    7.5000   45.0000  -45.0000 8250.2139   17.5394
   -7.5000  -45.0000  -37.5000 8526.3438   18.0937
    0.0000  -45.0000  -37.5000 8947.4424   18.0822
    7.5000  -45.0000  -37.5000 8589.2246   18.0798
   -7.5000  -37.5000  -37.5000 9065.7578   18.0624
    0.0000  -37.5000  -37.5000 9520.7285   18.0522
    7.5000  -37.5000  -37.5000 9139.5137   18.0586
   -7.5000  -30.0000  -37.5000 9880.0166   18.0278
    0.0000  -30.0000  -37.500010376.9053   18.0205
    7.5000  -30.0000  -37.5000 9958.1035   18.0381
   -7.5000  -22.5000  -37.500010621.7061   18.0247
    0.0000  -22.5000  -37.500011163.2900   18.0199
    7.5000  -22.5000  -37.500010724.7666   18.0399
   -7.5000  -15.0000  -37.500011230.0615   18.0504
    0.0000  -15.0000  -37.500011835.5752   18.0456
    7.5000  -15.0000  -37.500011347.7500   18.0574
   -7.5000   -7.5000  -37.500011797.6172   18.0849
    0.0000   -7.5000  -37.500012461.9717   18.0761
    7.5000   -7.5000  -37.500011944.2539   18.0769
   -7.5000    0.0000  -37.500012378.0088   18.0937
    0.0000    0.0000  -37.500013043.6475   18.0822
    7.5000    0.0000  -37.500012514.1260   18.0798
   -7.5000    7.5000  -37.500012049.7607   18.0624
    0.0000    7.5000  -37.500012673.5322   18.0522
    7.5000    7.5000  -37.500012146.7832   18.0586
   -7.5000   15.0000  -37.500011607.7480   18.0278
    0.0000   15.0000  -37.500012164.2480   18.0205
    7.5000   15.0000  -37.500011659.9072   18.0381
   -7.5000   22.5000  -37.500010928.8633   18.0222
    0.0000   22.5000  -37.500011458.6738   18.0175
    7.5000   22.5000  -37.500010960.4521   18.0374
   -7.5000   30.0000  -37.500010114.4844   17.8099
    0.0000   30.0000  -37.500010581.4551   17.8051
    7.5000   30.0000  -37.500010153.8193   17.8168
   -7.5000   37.5000  -37.5000 9544.4385   17.8439
    0.0000   37.5000  -37.5000 9978.7646   17.8352
    7.5000   37.5000  -37.5000 9595.6768   17.8360
   -7.5000   45.0000  -37.5000 8568.6758   17.3993
    0.0000   45.0000  -37.5000 8972.0674   17.3882
    7.5000   45.0000  -37.5000 8625.4727   17.3859
   -7.5000  -45.0000  -30.0000 9246.2529   18.8557
    0.0000  -45.0000  -30.0000 9707.4131   18.8403
    7.5000  -45.0000  -30.0000 9314.6250   18.8310
   -7.5000  -37.5000  -30.0000 9840.1846   18.8313
    0.0000  -37.5000  -30.000010326.8662   18.8145
    7.5000  -37.5000  -30.0000 9915.8018   18.8050
   -7.5000  -30.0000  -30.000010687.4189   18.8083
    0.0000  -30.0000  -30.000011238.3916   18.7935
    7.5000  -30.0000  -30.000010771.5674   18.7894
   -7.5000  -22.5000  -30.000011479.0381   18.8094
    0.0000  -22.5000  -30.000012088.5781   18.7994
    7.5000  -22.5000  -30.000011571.9082   18.8022
   -7.5000  -15.0000  -30.000012138.5713   18.8277
    0.0000  -15.0000  -30.000012822.0693   18.8198
    7.5000  -15.0000  -30.000012266.1641   18.8233
   -7.5000   -7.5000  -30.000012742.9688   18.8510
    0.0000   -7.5000  -30.000013479.1133   18.8396
    7.5000   -7.5000  -30.000012888.2178   18.8363
   -7.5000    0.0000  -30.000013323.7471   18.8557
    0.0000    0.0000  -30.000014057.5684   18.8403
    7.5000    0.0000  -30.000013446.5596   18.8310
   -7.5000    7.5000  -30.000012966.9824   18.8313
    0.0000    7.5000  -30.000013646.4365   18.8145
    7.5000    7.5000  -30.000013041.9014   18.8050
   -7.5000   15.0000  -30.000012484.7090   18.8083
    0.0000   15.0000  -30.000013126.0371   18.7935
    7.5000   15.0000  -30.000012550.2822   18.7894
   -7.5000   22.5000  -30.000011733.5703   18.8048
    0.0000   22.5000  -30.000012312.2598   18.7949
    7.5000   22.5000  -30.000011767.5000   18.7977
   -7.5000   30.0000  -30.000010828.4189   18.5786
    0.0000   30.0000  -30.000011337.1084   18.5707
    7.5000   30.0000  -30.000010870.5928   18.5742
   -7.5000   37.5000  -30.000010177.5586   18.6016
    0.0000   37.5000  -30.000010639.0918   18.5903
    7.5000   37.5000  -30.000010234.4775   18.5871
   -7.5000   45.0000  -30.0000 9115.1475   18.1454
    0.0000   45.0000  -30.0000 9548.3047   18.1305
    7.5000   45.0000  -30.0000 9182.6953   18.1215
   -7.5000  -45.0000  -22.5000 9948.8242   19.4577
    0.0000  -45.0000  -22.500010455.2363   19.4401
    7.5000  -45.0000  -22.500010012.0439   19.4423
   -7.5000  -37.5000  -22.500010608.2314   19.4423
    0.0000  -37.5000  -22.500011162.3105   19.4240
    7.5000  -37.5000  -22.500010686.2314   19.4180
   -7.5000  -30.0000  -22.500011512.3359   19.4323
    0.0000  -30.0000  -22.500012151.8096   19.4162
    7.5000  -30.0000  -22.500011621.4658   19.4100
   -7.5000  -22.5000  -22.500012312.3057   19.4358
    0.0000  -22.5000  -22.500013011.4453   19.4242
    7.5000  -22.5000  -22.500012440.1055   19.4280
   -7.5000  -15.0000  -22.500013002.7051   19.4470
    0.0000  -15.0000  -22.500013779.9668   19.4361
    7.5000  -15.0000  -22.500013157.0801   19.4477
   -7.5000   -7.5000  -22.500013655.9746   19.4587
    0.0000   -7.5000  -22.500014464.3564   19.4441
    7.5000   -7.5000  -22.500013807.5859   19.4540
   -7.5000    0.0000  -22.500014273.0645   19.4577
    0.0000    0.0000  -22.500015095.1777   19.4401
    7.5000    0.0000  -22.500014388.4678   19.4423
   -7.5000    7.5000  -22.500013866.1152   19.4423
    0.0000    7.5000  -22.500014649.6797   19.4240
    7.5000    7.5000  -22.500013969.5410   19.4180
   -7.5000   15.0000  -22.500013319.0381   19.4323
    0.0000   15.0000  -22.500014059.7598   19.4162
    7.5000   15.0000  -22.500013415.2178   19.4100
   -7.5000   22.5000  -22.500012523.4814   19.4298
    0.0000   22.5000  -22.500013192.7529   19.4182
    7.5000   22.5000  -22.500012592.3564   19.4220
   -7.5000   30.0000  -22.500011517.1064   19.1926
    0.0000   30.0000  -22.500012089.9863   19.1818
    7.5000   30.0000  -22.500011568.0908   19.1933
   -7.5000   37.5000  -22.500010796.6289   19.2042
    0.0000   37.5000  -22.500011304.2090   19.1898
    7.5000   37.5000  -22.500010859.9697   19.1996
   -7.5000   45.0000  -22.5000 9651.8975   18.7388
    0.0000   45.0000  -22.500010102.1318   18.7218
    7.5000   45.0000  -22.5000 9710.1299   18.7239
   -7.5000  -45.0000  -15.000010598.9941   19.8698
    0.0000  -45.0000  -15.000011145.0840   19.8538
    7.5000  -45.0000  -15.000010703.5049   19.8736
   -7.5000  -37.5000  -15.000011330.4014   19.8560
    0.0000  -37.5000  -15.000011947.8809   19.8414
    7.5000  -37.5000  -15.000011457.5107   19.8544
   -7.5000  -30.0000  -15.000012374.8242   19.8462
    0.0000  -30.0000  -15.000013058.8174   19.8351
    7.5000  -30.0000  -15.000012525.5439   19.8482
   -7.5000  -22.5000  -15.000013195.9287   19.8477
    0.0000  -22.5000  -15.000013956.7188   19.8395
    7.5000  -22.5000  -15.000013344.0801   19.8604
   -7.5000  -15.0000  -15.000013868.9971   19.8595
    0.0000  -15.0000  -15.000014675.7256   19.8496
    7.5000  -15.0000  -15.000014022.0713   19.8765
   -7.5000   -7.5000  -15.000014570.5508   19.8717
    0.0000   -7.5000  -15.000015382.2090   19.8575
    7.5000   -7.5000  -15.000014700.6191   19.8834
   -7.5000    0.0000  -15.000015208.2861   19.8698
    0.0000    0.0000  -15.000016088.8330   19.8538
    7.5000    0.0000  -15.000015322.8740   19.8736
   -7.5000    7.5000  -15.000014762.5791   19.8560
    0.0000    7.5000  -15.000015618.1553   19.8414
    7.5000    7.5000  -15.000014868.3760   19.8544
   -7.5000   15.0000  -15.000014146.6191   19.8462
    0.0000   15.0000  -15.000014938.4287   19.8351
    7.5000   15.0000  -15.000014240.8047   19.8482
   -7.5000   22.5000  -15.000013296.5869   19.8407
    0.0000   22.5000  -15.000014019.2607   19.8325
    7.5000   22.5000  -15.000013393.7676   19.8533
   -7.5000   30.0000  -15.000012221.2607   19.6025
    0.0000   30.0000  -15.000012872.2500   19.5927
    7.5000   30.0000  -15.000012320.2139   19.6193
   -7.5000   37.5000  -15.000011435.3613   19.6145
    0.0000   37.5000  -15.000012001.6475   19.6005
    7.5000   37.5000  -15.000011514.0762   19.6260
   -7.5000   45.0000  -15.000010217.0107   19.1471
    0.0000   45.0000  -15.000010708.4316   19.1317
    7.5000   45.0000  -15.000010279.1416   19.1508
   -7.5000  -45.0000   -7.500011349.3604   20.0997
    0.0000  -45.0000   -7.500011893.3057   20.0861
    7.5000  -45.0000   -7.500011454.9248   20.1117
   -7.5000  -37.5000   -7.500012114.3369   20.0760
    0.0000  -37.5000   -7.500012732.4502   20.0666
    7.5000  -37.5000   -7.500012251.0234   20.0953
   -7.5000  -30.0000   -7.500013265.3926   20.0510
    0.0000  -30.0000   -7.500013983.8447   20.0466
    7.5000  -30.0000   -7.500013439.9648   20.0816
   -7.5000  -22.5000   -7.500014226.0166   20.0479
    0.0000  -22.5000   -7.500015025.2100   20.0449
    7.5000  -22.5000   -7.500014401.0156   20.0826
   -7.5000  -15.0000   -7.500014903.0176   20.0700
    0.0000  -15.0000   -7.500015694.2090   20.0633
    7.5000  -15.0000   -7.500015041.6230   20.0972
   -7.5000   -7.5000   -7.500015566.5771   20.0968
    0.0000   -7.5000   -7.500016344.5332   20.0844
    7.5000   -7.5000   -7.500015662.0723   20.1125
   -7.5000    0.0000   -7.500016202.7266   20.0997
    0.0000    0.0000   -7.500017044.2285   20.0861
    7.5000    0.0000   -7.500016284.1016   20.1117
   -7.5000    7.5000   -7.500015703.1426   20.0760
    0.0000    7.5000   -7.500016524.9980   20.0666
    7.5000    7.5000   -7.500015775.1514   20.0953
   -7.5000   15.0000   -7.500015017.7598   20.0510
    0.0000   15.0000   -7.500015812.9971   20.0466
    7.5000   15.0000   -7.500015107.2783   20.0816
   -7.5000   22.5000   -7.500014112.6553   20.0387
    0.0000   22.5000   -7.500014868.3096   20.0357
    7.5000   22.5000   -7.500014218.6328   20.0733
   -7.5000   30.0000   -7.500013025.5518   19.8097
    0.0000   30.0000   -7.500013707.5225   19.8031
    7.5000   30.0000   -7.500013130.8799   19.8365
   -7.5000   37.5000   -7.500012205.2783   19.8361
    0.0000   37.5000   -7.500012804.1533   19.8240
    7.5000   37.5000   -7.500012267.3691   19.8517
   -7.5000   45.0000   -7.500010861.1660   19.3723
    0.0000   45.0000   -7.500011368.9043   19.3592
    7.5000   45.0000   -7.500010895.6562   19.3839
   -7.5000  -45.0000    0.000012014.8359   20.1843
    0.0000  -45.0000    0.000012582.4785   20.1724
    7.5000  -45.0000    0.000012133.4023   20.1873
   -7.5000  -37.5000    0.000012796.2881   20.1496
    0.0000  -37.5000    0.000013395.9727   20.1424
    7.5000  -37.5000    0.000012940.8193   20.1692
   -7.5000  -30.0000    0.000014007.3262   20.1098
    0.0000  -30.0000    0.000014671.9814   20.1079
    7.5000  -30.0000    0.000014158.7002   20.1475
   -7.5000  -22.5000    0.000015126.3047   20.1044
    0.0000  -22.5000    0.000015923.2539   20.1033
    7.5000  -22.5000    0.000015285.9648   20.1428
   -7.5000  -15.0000    0.000016001.3467   20.1355
    0.0000  -15.0000    0.000016773.9473   20.1308
    7.5000  -15.0000    0.000016092.3213   20.1588
   -7.5000   -7.5000    0.000016662.4785   20.1758
    0.0000   -7.5000    0.000017325.0801   20.1652
    7.5000   -7.5000    0.000016662.6328   20.1815
   -7.5000    0.0000    0.000017227.0410   20.1843
    0.0000    0.0000    0.000017913.6836   20.1724
    7.5000    0.0000    0.000017239.4551   20.1873
   -7.5000    7.5000    0.000016676.0977   20.1496
    0.0000    7.5000    0.000017385.6035   20.1424
    7.5000    7.5000    0.000016685.1953   20.1692
   -7.5000   15.0000    0.000015937.4717   20.1098
    0.0000   15.0000    0.000016678.9062   20.1079
    7.5000   15.0000    0.000015973.3975   20.1475
   -7.5000   22.5000    0.000014928.4453   20.0951
    0.0000   22.5000    0.000015689.9209   20.0940
    7.5000   22.5000    0.000014983.9160   20.1336
   -7.5000   30.0000    0.000013786.4375   19.8749
    0.0000   30.0000    0.000014526.0801   19.8702
    7.5000   30.0000    0.000013841.8711   19.8979
   -7.5000   37.5000    0.000012917.5586   19.9147
    0.0000   37.5000    0.000013555.5225   19.9042
    7.5000   37.5000    0.000012945.1914   19.9203
   -7.5000   45.0000    0.000011496.4404   19.4554
    0.0000   45.0000    0.000012021.6318   19.4438
    7.5000   45.0000    0.000011490.3818   19.4582
   -7.5000  -45.0000    7.500011659.7998   20.2357
    0.0000  -45.0000    7.500012208.6855   20.2227
    7.5000  -45.0000    7.500011774.5547   20.2200
   -7.5000  -37.5000    7.500012394.5664   20.2004
    0.0000  -37.5000    7.500012933.5371   20.1890
    7.5000  -37.5000    7.500012539.8789   20.1962
   -7.5000  -30.0000    7.500013568.2520   20.1616
    0.0000  -30.0000    7.500014106.0879   20.1536
    7.5000  -30.0000    7.500013720.7266   20.1733
   -7.5000  -22.5000    7.500014703.5244   20.1584
    0.0000  -22.5000    7.500015450.5244   20.1531
    7.5000  -22.5000    7.500014877.5723   20.1754
   -7.5000  -15.0000    7.500015712.4697   20.1874
    0.0000  -15.0000    7.500016457.5293   20.1820
    7.5000  -15.0000    7.500015802.6299   20.1952
   -7.5000   -7.5000    7.500016397.6562   20.2259
    0.0000   -7.5000    7.500017091.9297   20.2161
    7.5000   -7.5000    7.500016473.2402   20.2169
   -7.5000    0.0000    7.500016921.5508   20.2357
    0.0000    0.0000    7.500017621.3945   20.2227
    7.5000    0.0000    7.500016977.6738   20.2200
   -7.5000    7.5000    7.500016314.8613   20.2004
    0.0000    7.5000    7.500017019.0469   20.1890
    7.5000    7.5000    7.500016355.4424   20.1962
   -7.5000   15.0000    7.500015582.4834   20.1616
    0.0000   15.0000    7.500016296.4014   20.1536
    7.5000   15.0000    7.500015611.2100   20.1733
   -7.5000   22.5000    7.500014604.6768   20.1491
    0.0000   22.5000    7.500015288.1816   20.1438
    7.5000   22.5000    7.500014612.6025   20.1662
   -7.5000   30.0000    7.500013453.7861   19.9262
    0.0000   30.0000    7.500014110.5449   19.9208
    7.5000   30.0000    7.500013462.8838   19.9338
   -7.5000   37.5000    7.500012588.9658   19.9642
    0.0000   37.5000    7.500013161.8623   19.9545
    7.5000   37.5000    7.500012567.3574   19.9552
   -7.5000   45.0000    7.500011197.5830   19.5048
    0.0000   45.0000    7.500011696.9727   19.4924
    7.5000   45.0000    7.500011164.0088   19.4897
   -7.5000  -45.0000   15.000011084.8135   20.2483
    0.0000  -45.0000   15.000011625.1738   20.2317
    7.5000  -45.0000   15.000011236.0342   20.2216
   -7.5000  -37.5000   15.000011818.5664   20.2220
    0.0000  -37.5000   15.000012324.2725   20.2040
    7.5000  -37.5000   15.000011961.7578   20.1937
   -7.5000  -30.0000   15.000012930.5498   20.1973
    0.0000  -30.0000   15.000013536.4521   20.1813
    7.5000  -30.0000   15.000013088.6270   20.1769
   -7.5000  -22.5000   15.000013975.3232   20.1984
    0.0000  -22.5000   15.000014729.1641   20.1877
    7.5000  -22.5000   15.000014190.8154   20.1908
   -7.5000  -15.0000   15.000014857.1143   20.2182
    0.0000  -15.0000   15.000015517.7803   20.2096
    7.5000  -15.0000   15.000014995.9678   20.2134
   -7.5000   -7.5000   15.000015556.7695   20.2432
    0.0000   -7.5000   15.000016171.8945   20.2310
    7.5000   -7.5000   15.000015666.7148   20.2274
   -7.5000    0.0000   15.000016152.5332   20.2483
    0.0000    0.0000   15.000016815.0781   20.2317
    7.5000    0.0000   15.000016236.6426   20.2216
   -7.5000    7.5000   15.000015614.3867   20.2220
    0.0000    7.5000   15.000016278.4424   20.2040
    7.5000    7.5000   15.000015699.6377   20.1937
   -7.5000   15.0000   15.000014901.3701   20.1973
    0.0000   15.0000   15.000015517.8848   20.1813
    7.5000   15.0000   15.000014948.6523   20.1769
   -7.5000   22.5000   15.000013952.5918   20.1891
    0.0000   22.5000   15.000014528.1191   20.1784
    7.5000   22.5000   15.000013967.5781   20.1815
   -7.5000   30.0000   15.000012827.4482   19.9565
    0.0000   30.0000   15.000013398.5332   19.9480
    7.5000   30.0000   15.000012842.9219   19.9518
   -7.5000   37.5000   15.000011996.3496   19.9812
    0.0000   37.5000   15.000012502.6611   19.9691
    7.5000   37.5000   15.000011968.9717   19.9656
   -7.5000   45.0000   15.000010661.0957   19.5170
    0.0000   45.0000   15.000011089.0850   19.5010
    7.5000   45.0000   15.000010614.8760   19.4913
   -7.5000  -45.0000   22.500010467.4619   20.2613
    0.0000  -45.0000   22.500011054.8086   20.2429
    7.5000  -45.0000   22.500010650.2891   20.2453
   -7.5000  -37.5000   22.500011176.8643   20.2451
    0.0000  -37.5000   22.500011762.0811   20.2259
    7.5000  -37.5000   22.500011317.3477   20.2198
   -7.5000  -30.0000   22.500012192.3838   20.2345
    0.0000  -30.0000   22.500012850.4111   20.2177
    7.5000  -30.0000   22.500012372.1260   20.2114
   -7.5000  -22.5000   22.500013073.0381   20.2381
    0.0000  -22.5000   22.500013720.8086   20.2261
    7.5000  -22.5000   22.500013316.5977   20.2303
   -7.5000  -15.0000   22.500013815.7510   20.2498
    0.0000  -15.0000   22.500014319.6201   20.2386
    7.5000  -15.0000   22.500013957.9834   20.2510
   -7.5000   -7.5000   22.500014500.6172   20.2623
    0.0000   -7.5000   22.500015015.2705   20.2471
    7.5000   -7.5000   22.500014620.0869   20.2576
   -7.5000    0.0000   22.500015155.3594   20.2613
    0.0000    0.0000   22.500015764.1025   20.2429
    7.5000    0.0000   22.500015230.0439   20.2453
   -7.5000    7.5000   22.500014736.5322   20.2451
    0.0000    7.5000   22.500015346.9893   20.2259
    7.5000    7.5000   22.500014805.1992   20.2198
   -7.5000   15.0000   22.500014056.7188   20.2345
    0.0000   15.0000   22.500014610.5449   20.2177
    7.5000   15.0000   22.500014070.1836   20.2114
   -7.5000   22.5000   22.500013135.0859   20.2288
    0.0000   22.5000   22.500013672.0752   20.2167
    7.5000   22.5000   22.500013142.6309   20.2210
   -7.5000   30.0000   22.500012055.6055   19.9878
    0.0000   30.0000   22.500012561.3379   19.9767
    7.5000   30.0000   22.500012101.1650   19.9889
   -7.5000   37.5000   22.500011269.6709   20.0001
    0.0000   37.5000   22.500011716.1260   19.9851
    7.5000   37.5000   22.500011274.3096   19.9954
   -7.5000   45.0000   22.5000 9992.7305   19.5296
    0.0000   45.0000   22.500010381.5996   19.5118
    7.5000   45.0000   22.5000 9988.9541   19.5142
   -7.5000  -45.0000   30.0000 9800.7852   20.3942
    0.0000  -45.0000   30.000010366.7178   20.3781
    7.5000  -45.0000   30.0000 9965.7607   20.3985
   -7.5000  -37.5000   30.000010436.5986   20.3793
    0.0000  -37.5000   30.000011009.6475   20.3644
    7.5000  -37.5000   30.000010568.4307   20.3778
   -7.5000  -30.0000   30.000011330.9248   20.3685
    0.0000  -30.0000   30.000011953.9551   20.3570
    7.5000  -30.0000   30.000011502.3203   20.3707
   -7.5000  -22.5000   30.000012114.0371   20.3700
    0.0000  -22.5000   30.000012689.9629   20.3618
    7.5000  -22.5000   30.000012310.0664   20.3838
   -7.5000  -15.0000   30.000012807.2637   20.3827
    0.0000  -15.0000   30.000013300.6768   20.3732
    7.5000  -15.0000   30.000012927.3848   20.4014
   -7.5000   -7.5000   30.000013439.5645   20.3960
    0.0000   -7.5000   30.000014007.6270   20.3821
    7.5000   -7.5000   30.000013577.0928   20.4089
   -7.5000    0.0000   30.000014078.8691   20.3942
    0.0000    0.0000   30.000014668.0293   20.3781
    7.5000    0.0000   30.000014189.1484   20.3985
   -7.5000    7.5000   30.000013694.9668   20.3793
    0.0000    7.5000   30.000014269.9941   20.3644
    7.5000    7.5000   30.000013783.6641   20.3778
   -7.5000   15.0000   30.000013080.1025   20.3685
    0.0000   15.0000   30.000013627.7178   20.3570
    7.5000   15.0000   30.000013121.3525   20.3707
   -7.5000   22.5000   30.000012198.0947   20.3606
    0.0000   22.5000   30.000012722.9619   20.3524
    7.5000   22.5000   30.000012229.1211   20.3744
   -7.5000   30.0000   30.000011159.4238   20.1189
    0.0000   30.0000   30.000011637.3564   20.1095
    7.5000   30.0000   30.000011196.9629   20.1374
   -7.5000   37.5000   30.000010411.2012   20.1321
    0.0000   37.5000   30.000010814.7012   20.1183
    7.5000   37.5000   30.000010434.6201   20.1448
   -7.5000   45.0000   30.0000 9234.6328   19.6576
    0.0000   45.0000   30.0000 9594.1328   19.6422
    7.5000   45.0000   30.0000 9246.9238   19.6618
   -7.5000  -45.0000   37.5000 9494.5068   20.7374
    0.0000  -45.0000   37.500010024.2646   20.7222
    7.5000  -45.0000   37.5000 9626.6084   20.7480
   -7.5000  -37.5000   37.500010075.6279   20.7110
    0.0000  -37.5000   37.500010646.1240   20.7006
    7.5000  -37.5000   37.500010210.1904   20.7306
   -7.5000  -30.0000   37.500010913.9023   20.6821
    0.0000  -30.0000   37.500011519.0898   20.6781
    7.5000  -30.0000   37.500011078.3330   20.7161
   -7.5000  -22.5000   37.500011664.7129   20.6780
    0.0000  -22.5000   37.500012207.4209   20.6761
    7.5000  -22.5000   37.500011808.4014   20.7171
   -7.5000  -15.0000   37.500012331.9160   20.7024
    0.0000  -15.0000   37.500012869.2334   20.6963
    7.5000  -15.0000   37.500012428.6562   20.7325
   -7.5000   -7.5000   37.500012947.5303   20.7330
    0.0000   -7.5000   37.500013545.0176   20.7199
    7.5000   -7.5000   37.500013069.5811   20.7487
   -7.5000    0.0000   37.500013528.2637   20.7374
    0.0000    0.0000   37.500014141.2363   20.7222
    7.5000    0.0000   37.500013666.9561   20.7480
   -7.5000    7.5000   37.500013180.9258   20.7110
    0.0000    7.5000   37.500013745.3623   20.7006
    7.5000    7.5000   37.500013277.5537   20.7306
   -7.5000   15.0000   37.500012581.0273   20.6821
    0.0000   15.0000   37.500013125.6074   20.6781
    7.5000   15.0000   37.500012654.8281   20.7161
   -7.5000   22.5000   37.500011717.4678   20.6685
    0.0000   22.5000   37.500012231.3379   20.6666
    7.5000   22.5000   37.500011780.0322   20.7076
   -7.5000   30.0000   37.500010713.3271   20.4345
    0.0000   30.0000   37.500011183.3525   20.4284
    7.5000   30.0000   37.500010780.5713   20.4642
   -7.5000   37.5000   37.5000 9954.9551   20.4647
    0.0000   37.5000   37.500010350.9053   20.4517
    7.5000   37.5000   37.500010003.6982   20.4802
   -7.5000   45.0000   37.5000 8814.7588   19.9885
    0.0000   45.0000   37.5000 9161.3945   19.9738
    7.5000   45.0000   37.5000 8852.8340   19.9987
   -7.5000  -45.0000   45.0000 8813.7852   21.1913
    0.0000  -45.0000   45.0000 9300.5830   21.1739
    7.5000  -45.0000   45.0000 8914.8184   21.1873
   -7.5000  -37.5000   45.0000 9322.8076   21.1524
    0.0000  -37.5000   45.0000 9828.6738   21.1416
    7.5000  -37.5000   45.0000 9447.0566   21.1682
   -7.5000  -30.0000   45.000010077.5020   21.1069
    0.0000  -30.0000   45.000010607.9805   21.1037
    7.5000  -30.0000   45.000010218.0723   21.1451
   -7.5000  -22.5000   45.000010740.9736   21.0997
    0.0000  -22.5000   45.000011243.2188   21.0978
    7.5000  -22.5000   45.000010862.3047   21.1398
   -7.5000  -15.0000   45.000011357.8809   21.1342
    0.0000  -15.0000   45.000011865.1074   21.1270
    7.5000  -15.0000   45.000011448.8467   21.1561
   -7.5000   -7.5000   45.000011926.6777   21.1801
    0.0000   -7.5000   45.000012494.4062   21.1650
    7.5000   -7.5000   45.000012049.6045   21.1804
   -7.5000    0.0000   45.000012448.3936   21.1913
    0.0000    0.0000   45.000013029.8652   21.1739
    7.5000    0.0000   45.000012590.5488   21.1873
   -7.5000    7.5000   45.000012122.3389   21.1524
    0.0000    7.5000   45.000012666.4023   21.1416
    7.5000    7.5000   45.000012226.4531   21.1682
   -7.5000   15.0000   45.000011560.1172   21.1069
    0.0000   15.0000   45.000012076.3496   21.1037
    7.5000   15.0000   45.000011629.8496   21.1451
   -7.5000   22.5000   45.000010778.3184   21.0899
    0.0000   22.5000   45.000011251.0186   21.0881
    7.5000   22.5000   45.000010854.1582   21.1300
   -7.5000   30.0000   45.0000 9833.7744   20.8588
    0.0000   30.0000   45.000010269.1816   20.8518
    7.5000   30.0000   45.0000 9914.9180   20.8805
   -7.5000   37.5000   45.0000 9136.4316   20.9042
    0.0000   37.5000   45.0000 9516.6729   20.8892
    7.5000   37.5000   45.0000 9193.0879   20.9044
   -7.5000   45.0000   45.0000 8120.3047   20.4352
    0.0000   45.0000   45.0000 8438.5732   20.4184
    7.5000   45.0000   45.0000 8136.9995   20.4314

---------------------------------------------------------------------
imgreg_4dfp /opt/freesurfer/average/711-2C_as_mni_average_305 /opt/freesurfer/average/711-2B_as_mni_average_305_mask talsrcimg_g11 none talsrcimg_to_711-2C_as_mni_average_305_t4 4355
---------------------------------------------------------------------

freesurfer imgreg_4dfp.c
/opt/freesurfer/average/711-2C_as_mni_average_305.4dfp.img
       256       256       256         1
  1.000000  1.000000  1.000000
orientation T byte_order littleendian
Reading image: /opt/freesurfer/average/711-2C_as_mni_average_305.4dfp.img
dimensions:      256       256       256
mmppix:       1.0000   -1.0000   -1.0000
center:     128.0000 -129.0000 -129.0000
/opt/freesurfer/average/711-2B_as_mni_average_305_mask.4dfp.img
       256       256       256         1
  1.000000  1.000000  1.000000
orientation T byte_order littleendian
Reading mask: /opt/freesurfer/average/711-2B_as_mni_average_305_mask.4dfp.img (2306576 pixels)
talsrcimg_g11.4dfp.img
       256       256       256         1
  1.000000  1.000000  1.000000
orientation T byte_order littleendian
Reading image: talsrcimg_g11.4dfp.img
dimensions:      256       256       256
mmppix:       1.0000   -1.0000   -1.0000
center:     128.0000 -129.0000 -129.0000
rotation matrix determinant  1.000000
image alignment mode   4355 decimal     1103 hex
   -7.5000  -45.0000  -45.0000 2147.9778   20.8397
    0.0000  -45.0000  -45.0000 2167.1941   20.7021
    7.5000  -45.0000  -45.0000 2160.5310   20.7685
   -7.5000  -37.5000  -45.0000 2245.3049   19.1393
    0.0000  -37.5000  -45.0000 2267.8896   19.0044
    7.5000  -37.5000  -45.0000 2260.0769   19.0341
   -7.5000  -30.0000  -45.0000 2321.1533   17.9142
    0.0000  -30.0000  -45.0000 2346.6282   17.7927
    7.5000  -30.0000  -45.0000 2334.5581   17.8068
   -7.5000  -22.5000  -45.0000 2364.1160   17.0987
    0.0000  -22.5000  -45.0000 2389.4290   16.9260
    7.5000  -22.5000  -45.0000 2385.3284   16.9527
   -7.5000  -15.0000  -45.0000 2384.0566   16.5581
    0.0000  -15.0000  -45.0000 2405.6624   16.3832
    7.5000  -15.0000  -45.0000 2401.5591   16.4326
   -7.5000   -7.5000  -45.0000 2386.1914   16.4375
    0.0000   -7.5000  -45.0000 2411.1040   16.1998
    7.5000   -7.5000  -45.0000 2412.7654   16.2592
   -7.5000    0.0000  -45.0000 2370.6541   16.7074
    0.0000    0.0000  -45.0000 2399.7646   16.4320
    7.5000    0.0000  -45.0000 2403.8813   16.4987
   -7.5000    7.5000  -45.0000 2339.4402   17.2812
    0.0000    7.5000  -45.0000 2368.4048   16.9735
    7.5000    7.5000  -45.0000 2369.2573   17.0247
   -7.5000   15.0000  -45.0000 2286.1382   18.1354
    0.0000   15.0000  -45.0000 2310.2905   17.8108
    7.5000   15.0000  -45.0000 2314.4404   17.8852
   -7.5000   22.5000  -45.0000 2204.5022   19.3547
    0.0000   22.5000  -45.0000 2232.0945   19.0173
    7.5000   22.5000  -45.0000 2232.9038   19.1328
   -7.5000   30.0000  -45.0000 2101.0239   20.9884
    0.0000   30.0000  -45.0000 2129.1052   20.6694
    7.5000   30.0000  -45.0000 2127.0530   20.8065
   -7.5000   37.5000  -45.0000 1981.0516   23.2810
    0.0000   37.5000  -45.0000 2009.9418   22.9345
    7.5000   37.5000  -45.0000 2004.1631   23.0169
   -7.5000   45.0000  -45.0000 1850.0996   26.2662
    0.0000   45.0000  -45.0000 1874.9476   25.9086
    7.5000   45.0000  -45.0000 1870.2057   26.0128
   -7.5000  -45.0000  -37.5000 2227.0220   19.4558
    0.0000  -45.0000  -37.5000 2248.4424   19.2722
    7.5000  -45.0000  -37.5000 2237.9646   19.3294
   -7.5000  -37.5000  -37.5000 2325.7817   17.8174
    0.0000  -37.5000  -37.5000 2350.9209   17.6448
    7.5000  -37.5000  -37.5000 2341.3762   17.6897
   -7.5000  -30.0000  -37.5000 2402.1792   16.6284
    0.0000  -30.0000  -37.5000 2428.2153   16.4635
    7.5000  -30.0000  -37.5000 2421.8777   16.4993
   -7.5000  -22.5000  -37.5000 2455.6711   15.8077
    0.0000  -22.5000  -37.5000 2483.9910   15.6468
    7.5000  -22.5000  -37.5000 2478.5920   15.6680
   -7.5000  -15.0000  -37.5000 2486.8816   15.2634
    0.0000  -15.0000  -37.5000 2507.7419   15.1215
    7.5000  -15.0000  -37.5000 2508.3635   15.1598
   -7.5000   -7.5000  -37.5000 2488.9055   15.1940
    0.0000   -7.5000  -37.5000 2517.2356   14.9946
    7.5000   -7.5000  -37.5000 2518.9250   15.0233
   -7.5000    0.0000  -37.5000 2474.7930   15.4827
    0.0000    0.0000  -37.5000 2506.3540   15.2510
    7.5000    0.0000  -37.5000 2506.1145   15.2774
   -7.5000    7.5000  -37.5000 2440.6047   16.0108
    0.0000    7.5000  -37.5000 2471.0806   15.7384
    7.5000    7.5000  -37.5000 2469.6150   15.7734
   -7.5000   15.0000  -37.5000 2383.5552   16.7717
    0.0000   15.0000  -37.5000 2411.3489   16.4845
    7.5000   15.0000  -37.5000 2412.2554   16.5473
   -7.5000   22.5000  -37.5000 2298.6584   17.9001
    0.0000   22.5000  -37.5000 2327.7317   17.5995
    7.5000   22.5000  -37.5000 2328.0005   17.7329
   -7.5000   30.0000  -37.5000 2189.5593   19.4619
    0.0000   30.0000  -37.5000 2217.4219   19.1851
    7.5000   30.0000  -37.5000 2213.9368   19.2999
   -7.5000   37.5000  -37.5000 2059.9729   21.5686
    0.0000   37.5000  -37.5000 2083.9810   21.2450
    7.5000   37.5000  -37.5000 2083.0359   21.3323
   -7.5000   45.0000  -37.5000 1922.1483   24.3112
    0.0000   45.0000  -37.5000 1947.2258   23.9583
    7.5000   45.0000  -37.5000 1943.3218   24.0741
   -7.5000  -45.0000  -30.0000 2336.4580   18.8133
    0.0000  -45.0000  -30.0000 2361.7056   18.5693
    7.5000  -45.0000  -30.0000 2346.2375   18.6309
   -7.5000  -37.5000  -30.0000 2441.8760   17.2044
    0.0000  -37.5000  -30.0000 2466.7803   16.9849
    7.5000  -37.5000  -30.0000 2460.3369   17.0344
   -7.5000  -30.0000  -30.0000 2521.4043   15.9796
    0.0000  -30.0000  -30.0000 2545.8999   15.7893
    7.5000  -30.0000  -30.0000 2544.3010   15.8257
   -7.5000  -22.5000  -30.0000 2584.6187   15.1306
    0.0000  -22.5000  -30.0000 2615.4700   14.9367
    7.5000  -22.5000  -30.0000 2609.8401   14.9899
   -7.5000  -15.0000  -30.0000 2629.1135   14.5972
    0.0000  -15.0000  -30.0000 2654.2202   14.4480
    7.5000  -15.0000  -30.0000 2652.8794   14.4919
   -7.5000   -7.5000  -30.0000 2640.5586   14.5259
    0.0000   -7.5000  -30.0000 2672.1843   14.3566
    7.5000   -7.5000  -30.0000 2673.2549   14.3686
   -7.5000    0.0000  -30.0000 2626.4189   14.8032
    0.0000    0.0000  -30.0000 2660.4226   14.5857
    7.5000    0.0000  -30.0000 2659.4023   14.6201
   -7.5000    7.5000  -30.0000 2591.1260   15.3426
    0.0000    7.5000  -30.0000 2622.2917   15.0792
    7.5000    7.5000  -30.0000 2620.7556   15.0905
   -7.5000   15.0000  -30.0000 2528.3652   16.0962
    0.0000   15.0000  -30.0000 2560.5845   15.8270
    7.5000   15.0000  -30.0000 2558.2427   15.8614
   -7.5000   22.5000  -30.0000 2433.7942   17.1957
    0.0000   22.5000  -30.0000 2465.7053   16.9303
    7.5000   22.5000  -30.0000 2462.7346   17.0431
   -7.5000   30.0000  -30.0000 2314.7644   18.7162
    0.0000   30.0000  -30.0000 2343.7908   18.4411
    7.5000   30.0000  -30.0000 2341.9229   18.5564
   -7.5000   37.5000  -30.0000 2173.3186   20.7156
    0.0000   37.5000  -30.0000 2197.6248   20.4044
    7.5000   37.5000  -30.0000 2197.8567   20.5312
   -7.5000   45.0000  -30.0000 2024.5500   23.3792
    0.0000   45.0000  -30.0000 2049.3286   23.0504
    7.5000   45.0000  -30.0000 2046.8392   23.1622
   -7.5000  -45.0000  -22.5000 2410.1650   18.0084
    0.0000  -45.0000  -22.5000 2437.8931   17.7826
    7.5000  -45.0000  -22.5000 2423.1150   17.7958
   -7.5000  -37.5000  -22.5000 2522.2556   16.4176
    0.0000  -37.5000  -22.5000 2550.9265   16.2180
    7.5000  -37.5000  -22.5000 2543.0557   16.2351
   -7.5000  -30.0000  -22.5000 2605.8538   15.2300
    0.0000  -30.0000  -22.5000 2638.0405   15.0516
    7.5000  -30.0000  -22.5000 2633.6990   15.0668
   -7.5000  -22.5000  -22.5000 2679.9680   14.3636
    0.0000  -22.5000  -22.5000 2717.1387   14.1641
    7.5000  -22.5000  -22.5000 2708.4197   14.2234
   -7.5000  -15.0000  -22.5000 2734.5522   13.8290
    0.0000  -15.0000  -22.5000 2772.7275   13.6550
    7.5000  -15.0000  -22.5000 2765.5686   13.7285
   -7.5000   -7.5000  -22.5000 2756.6487   13.7313
    0.0000   -7.5000  -22.5000 2794.6692   13.5542
    7.5000   -7.5000  -22.5000 2790.3879   13.5988
   -7.5000    0.0000  -22.5000 2750.3438   13.9980
    0.0000    0.0000  -22.5000 2789.9609   13.7804
    7.5000    0.0000  -22.5000 2784.1504   13.8059
   -7.5000    7.5000  -22.5000 2714.5959   14.5464
    0.0000    7.5000  -22.5000 2751.2449   14.2745
    7.5000    7.5000  -22.5000 2746.6440   14.2889
   -7.5000   15.0000  -22.5000 2644.1414   15.2922
    0.0000   15.0000  -22.5000 2677.2578   15.0397
    7.5000   15.0000  -22.5000 2673.9458   15.0395
   -7.5000   22.5000  -22.5000 2537.9768   16.3818
    0.0000   22.5000  -22.5000 2572.9587   16.1215
    7.5000   22.5000  -22.5000 2568.1782   16.1832
   -7.5000   30.0000  -22.5000 2408.6060   17.8376
    0.0000   30.0000  -22.5000 2444.9170   17.5943
    7.5000   30.0000  -22.5000 2438.1765   17.6765
   -7.5000   37.5000  -22.5000 2256.4167   19.8149
    0.0000   37.5000  -22.5000 2287.0229   19.5078
    7.5000   37.5000  -22.5000 2283.4272   19.6116
   -7.5000   45.0000  -22.5000 2096.9160   22.3924
    0.0000   45.0000  -22.5000 2119.5393   22.0351
    7.5000   45.0000  -22.5000 2116.0085   22.1365
   -7.5000  -45.0000  -15.0000 2446.3108   17.2872
    0.0000  -45.0000  -15.0000 2474.0083   17.0330
    7.5000  -45.0000  -15.0000 2469.8457   17.0891
   -7.5000  -37.5000  -15.0000 2564.8525   15.6828
    0.0000  -37.5000  -15.0000 2599.1165   15.4883
    7.5000  -37.5000  -15.0000 2594.6980   15.5137
   -7.5000  -30.0000  -15.0000 2664.5222   14.5471
    0.0000  -30.0000  -15.0000 2701.1296   14.3436
    7.5000  -30.0000  -15.0000 2699.7529   14.3751
   -7.5000  -22.5000  -15.0000 2746.0840   13.6909
    0.0000  -22.5000  -15.0000 2787.6367   13.4802
    7.5000  -22.5000  -15.0000 2779.3059   13.5651
   -7.5000  -15.0000  -15.0000 2810.3691   13.1026
    0.0000  -15.0000  -15.0000 2853.5542   12.8885
    7.5000  -15.0000  -15.0000 2844.9668   12.9939
   -7.5000   -7.5000  -15.0000 2840.6311   12.9602
    0.0000   -7.5000  -15.0000 2880.7388   12.7521
    7.5000   -7.5000  -15.0000 2877.1729   12.8384
   -7.5000    0.0000  -15.0000 2836.6541   13.2338
    0.0000    0.0000  -15.0000 2885.3418   12.9869
    7.5000    0.0000  -15.0000 2872.3398   13.0196
   -7.5000    7.5000  -15.0000 2803.2341   13.7440
    0.0000    7.5000  -15.0000 2845.4990   13.4886
    7.5000    7.5000  -15.0000 2833.7683   13.5286
   -7.5000   15.0000  -15.0000 2724.8245   14.5048
    0.0000   15.0000  -15.0000 2761.2871   14.2708
    7.5000   15.0000  -15.0000 2754.4570   14.2938
   -7.5000   22.5000  -15.0000 2610.3010   15.6149
    0.0000   22.5000  -15.0000 2645.5547   15.3692
    7.5000   22.5000  -15.0000 2641.9490   15.4173
   -7.5000   30.0000  -15.0000 2470.2410   17.0963
    0.0000   30.0000  -15.0000 2510.6589   16.8230
    7.5000   30.0000  -15.0000 2505.2288   16.9111
   -7.5000   37.5000  -15.0000 2309.4141   19.0177
    0.0000   37.5000  -15.0000 2348.5847   18.7093
    7.5000   37.5000  -15.0000 2338.7815   18.8364
   -7.5000   45.0000  -15.0000 2142.4631   21.5393
    0.0000   45.0000  -15.0000 2169.7793   21.1509
    7.5000   45.0000  -15.0000 2162.0967   21.3021
   -7.5000  -45.0000   -7.5000 2478.0312   16.7611
    0.0000  -45.0000   -7.5000 2504.4958   16.3987
    7.5000  -45.0000   -7.5000 2504.0620   16.5281
   -7.5000  -37.5000   -7.5000 2595.9990   15.1543
    0.0000  -37.5000   -7.5000 2632.1255   14.8692
    7.5000  -37.5000   -7.5000 2632.9209   14.9535
   -7.5000  -30.0000   -7.5000 2702.9175   13.9863
    0.0000  -30.0000   -7.5000 2743.8782   13.7442
    7.5000  -30.0000   -7.5000 2743.2593   13.8155
   -7.5000  -22.5000   -7.5000 2795.8633   13.1753
    0.0000  -22.5000   -7.5000 2842.1101   12.9202
    7.5000  -22.5000   -7.5000 2837.8699   13.0157
   -7.5000  -15.0000   -7.5000 2863.5798   12.5667
    0.0000  -15.0000   -7.5000 2919.0537   12.2920
    7.5000  -15.0000   -7.5000 2906.4133   12.4257
   -7.5000   -7.5000   -7.5000 2904.9373   12.3657
    0.0000   -7.5000   -7.5000 2951.9590   12.0579
    7.5000   -7.5000   -7.5000 2943.4451   12.2015
   -7.5000    0.0000   -7.5000 2898.9561   12.5582
    0.0000    0.0000   -7.5000 2947.1753   12.2708
    7.5000    0.0000   -7.5000 2937.9207   12.3274
   -7.5000    7.5000   -7.5000 2855.8921   13.0862
    0.0000    7.5000   -7.5000 2901.7786   12.8031
    7.5000    7.5000   -7.5000 2890.1194   12.8520
   -7.5000   15.0000   -7.5000 2769.2424   13.9183
    0.0000   15.0000   -7.5000 2809.3794   13.6348
    7.5000   15.0000   -7.5000 2803.2356   13.7160
   -7.5000   22.5000   -7.5000 2653.9434   15.0434
    0.0000   22.5000   -7.5000 2692.1626   14.7381
    7.5000   22.5000   -7.5000 2688.2368   14.8239
   -7.5000   30.0000   -7.5000 2509.2661   16.5311
    0.0000   30.0000   -7.5000 2548.4087   16.1939
    7.5000   30.0000   -7.5000 2545.3254   16.3219
   -7.5000   37.5000   -7.5000 2344.2908   18.4534
    0.0000   37.5000   -7.5000 2380.9343   18.0877
    7.5000   37.5000   -7.5000 2374.9326   18.2480
   -7.5000   45.0000   -7.5000 2170.2141   20.8808
    0.0000   45.0000   -7.5000 2198.5723   20.4777
    7.5000   45.0000   -7.5000 2191.4463   20.6409
   -7.5000  -45.0000    0.0000 2497.1941   16.4501
    0.0000  -45.0000    0.0000 2525.6162   15.9890
    7.5000  -45.0000    0.0000 2526.8276   16.1946
   -7.5000  -37.5000    0.0000 2615.2974   14.8508
    0.0000  -37.5000    0.0000 2652.7056   14.4626
    7.5000  -37.5000    0.0000 2656.1089   14.6306
   -7.5000  -30.0000    0.0000 2728.3748   13.6624
    0.0000  -30.0000    0.0000 2769.2759   13.3171
    7.5000  -30.0000    0.0000 2767.7012   13.4509
   -7.5000  -22.5000    0.0000 2833.4351   12.8322
    0.0000  -22.5000    0.0000 2885.3962   12.5175
    7.5000  -22.5000    0.0000 2873.7505   12.6348
   -7.5000  -15.0000    0.0000 2905.1626   12.2711
    0.0000  -15.0000    0.0000 2976.4800   11.9487
    7.5000  -15.0000    0.0000 2959.5940   12.0836
   -7.5000   -7.5000    0.0000 2946.3472   12.0854
    0.0000   -7.5000    0.0000 3000.8279   11.6904
    7.5000   -7.5000    0.0000 2991.3098   11.8608
   -7.5000    0.0000    0.0000 2934.7686   12.2057
    0.0000    0.0000    0.0000 2982.9177   11.8579
    7.5000    0.0000    0.0000 2976.4128   11.9656
   -7.5000    7.5000    0.0000 2884.9353   12.7440
    0.0000    7.5000    0.0000 2929.6201   12.3792
    7.5000    7.5000    0.0000 2920.1516   12.4940
   -7.5000   15.0000    0.0000 2796.7825   13.5580
    0.0000   15.0000    0.0000 2837.5601   13.2007
    7.5000   15.0000    0.0000 2829.9106   13.3254
   -7.5000   22.5000    0.0000 2675.8071   14.7086
    0.0000   22.5000    0.0000 2715.8765   14.3716
    7.5000   22.5000    0.0000 2708.2783   14.4820
   -7.5000   30.0000    0.0000 2532.6169   16.2364
    0.0000   30.0000    0.0000 2569.8379   15.8897
    7.5000   30.0000    0.0000 2561.0874   15.9840
   -7.5000   37.5000    0.0000 2361.0574   18.1717
    0.0000   37.5000    0.0000 2396.0557   17.8068
    7.5000   37.5000    0.0000 2393.6582   17.8896
   -7.5000   45.0000    0.0000 2188.3967   20.5665
    0.0000   45.0000    0.0000 2213.8430   20.1860
    7.5000   45.0000    0.0000 2211.2002   20.3115
   -7.5000  -45.0000    7.5000 2510.8406   16.2726
    0.0000  -45.0000    7.5000 2537.1990   15.7484
    7.5000  -45.0000    7.5000 2538.9668   15.9906
   -7.5000  -37.5000    7.5000 2630.2563   14.7068
    0.0000  -37.5000    7.5000 2665.4551   14.2238
    7.5000  -37.5000    7.5000 2669.9888   14.4727
   -7.5000  -30.0000    7.5000 2742.9487   13.5307
    0.0000  -30.0000    7.5000 2779.6741   13.0871
    7.5000  -30.0000    7.5000 2783.1619   13.2930
   -7.5000  -22.5000    7.5000 2851.7625   12.6982
    0.0000  -22.5000    7.5000 2899.9001   12.3258
    7.5000  -22.5000    7.5000 2891.2258   12.4962
   -7.5000  -15.0000    7.5000 2930.8354   12.1834
    0.0000  -15.0000    7.5000 3010.4021   11.8554
    7.5000  -15.0000    7.5000 2984.6421   12.0176
   -7.5000   -7.5000    7.5000 2962.9937   12.0228
    0.0000   -7.5000    7.5000 3034.0435   11.7147
    7.5000   -7.5000    7.5000 3018.9236   11.8509
   -7.5000    0.0000    7.5000 2941.6565   12.1844
    0.0000    0.0000    7.5000 2996.4851   11.8742
    7.5000    0.0000    7.5000 2986.0879   11.9718
   -7.5000    7.5000    7.5000 2887.4119   12.6564
    0.0000    7.5000    7.5000 2933.7231   12.3097
    7.5000    7.5000    7.5000 2922.2559   12.4193
   -7.5000   15.0000    7.5000 2800.0713   13.4790
    0.0000   15.0000    7.5000 2838.9658   13.1239
    7.5000   15.0000    7.5000 2830.3264   13.2304
   -7.5000   22.5000    7.5000 2681.9333   14.6301
    0.0000   22.5000    7.5000 2716.4165   14.2748
    7.5000   22.5000    7.5000 2708.1494   14.3808
   -7.5000   30.0000    7.5000 2533.0535   16.1538
    0.0000   30.0000    7.5000 2566.9084   15.7905
    7.5000   30.0000    7.5000 2559.7522   15.8877
   -7.5000   37.5000    7.5000 2363.6499   18.0807
    0.0000   37.5000    7.5000 2396.3987   17.6890
    7.5000   37.5000    7.5000 2394.6184   17.7948
   -7.5000   45.0000    7.5000 2191.2935   20.4986
    0.0000   45.0000    7.5000 2220.8552   20.0614
    7.5000   45.0000    7.5000 2215.6772   20.1810
   -7.5000  -45.0000   15.0000 2507.8726   16.3265
    0.0000  -45.0000   15.0000 2536.4258   15.7434
    7.5000  -45.0000   15.0000 2535.4124   16.0292
   -7.5000  -37.5000   15.0000 2639.6426   14.7730
    0.0000  -37.5000   15.0000 2668.6533   14.2675
    7.5000  -37.5000   15.0000 2669.6802   14.5236
   -7.5000  -30.0000   15.0000 2751.8633   13.5974
    0.0000  -30.0000   15.0000 2783.8118   13.1259
    7.5000  -30.0000   15.0000 2786.6433   13.3618
   -7.5000  -22.5000   15.0000 2847.4175   12.7825
    0.0000  -22.5000   15.0000 2892.0374   12.3916
    7.5000  -22.5000   15.0000 2887.8445   12.5832
   -7.5000  -15.0000   15.0000 2918.8416   12.2900
    0.0000  -15.0000   15.0000 2993.5981   11.9703
    7.5000  -15.0000   15.0000 2969.1782   12.1114
   -7.5000   -7.5000   15.0000 2947.6843   12.1336
    0.0000   -7.5000   15.0000 3010.5620   11.7982
    7.5000   -7.5000   15.0000 2994.6599   11.9816
   -7.5000    0.0000   15.0000 2923.5154   12.3451
    0.0000    0.0000   15.0000 2976.9543   12.0243
    7.5000    0.0000   15.0000 2967.2051   12.1516
   -7.5000    7.5000   15.0000 2865.7039   12.8414
    0.0000    7.5000   15.0000 2911.7495   12.5370
    7.5000    7.5000   15.0000 2903.1963   12.6226
   -7.5000   15.0000   15.0000 2777.9395   13.6627
    0.0000   15.0000   15.0000 2813.7468   13.3294
    7.5000   15.0000   15.0000 2808.8726   13.4006
   -7.5000   22.5000   15.0000 2662.0554   14.7681
    0.0000   22.5000   15.0000 2694.0076   14.4119
    7.5000   22.5000   15.0000 2689.2209   14.4929
   -7.5000   30.0000   15.0000 2515.5532   16.2423
    0.0000   30.0000   15.0000 2550.0754   15.8775
    7.5000   30.0000   15.0000 2540.1763   15.9816
   -7.5000   37.5000   15.0000 2353.1619   18.1708
    0.0000   37.5000   15.0000 2381.6436   17.7469
    7.5000   37.5000   15.0000 2375.6206   17.8682
   -7.5000   45.0000   15.0000 2180.3936   20.5685
    0.0000   45.0000   15.0000 2203.1841   20.1157
    7.5000   45.0000   15.0000 2199.4744   20.2283
   -7.5000  -45.0000   22.5000 2500.3816   16.5604
    0.0000  -45.0000   22.5000 2535.1562   16.0748
    7.5000  -45.0000   22.5000 2524.4490   16.2768
   -7.5000  -37.5000   22.5000 2634.6199   15.0330
    0.0000  -37.5000   22.5000 2664.5586   14.5828
    7.5000  -37.5000   22.5000 2654.9016   14.7884
   -7.5000  -30.0000   22.5000 2744.4695   13.9143
    0.0000  -30.0000   22.5000 2774.6458   13.4557
    7.5000  -30.0000   22.5000 2771.6069   13.6424
   -7.5000  -22.5000   22.5000 2829.5298   13.0805
    0.0000  -22.5000   22.5000 2873.4146   12.6797
    7.5000  -22.5000   22.5000 2875.1360   12.8479
   -7.5000  -15.0000   22.5000 2891.9897   12.5228
    0.0000  -15.0000   22.5000 2937.3982   12.1050
    7.5000  -15.0000   22.5000 2934.4385   12.3406
   -7.5000   -7.5000   22.5000 2917.0811   12.3622
    0.0000   -7.5000   22.5000 2950.5273   12.0308
    7.5000   -7.5000   22.5000 2951.0623   12.2055
   -7.5000    0.0000   22.5000 2890.6626   12.6164
    0.0000    0.0000   22.5000 2933.4534   12.3609
    7.5000    0.0000   22.5000 2923.4731   12.4384
   -7.5000    7.5000   22.5000 2830.7920   13.2131
    0.0000    7.5000   22.5000 2873.5017   12.9359
    7.5000    7.5000   22.5000 2866.2297   12.9835
   -7.5000   15.0000   22.5000 2742.9519   14.0601
    0.0000   15.0000   22.5000 2775.1599   13.7467
    7.5000   15.0000   22.5000 2769.6152   13.7919
   -7.5000   22.5000   22.5000 2623.7817   15.1351
    0.0000   22.5000   22.5000 2658.1343   14.8104
    7.5000   22.5000   22.5000 2648.6045   14.8663
   -7.5000   30.0000   22.5000 2482.0593   16.5307
    0.0000   30.0000   22.5000 2513.9004   16.1908
    7.5000   30.0000   22.5000 2508.5457   16.2630
   -7.5000   37.5000   22.5000 2322.7217   18.3977
    0.0000   37.5000   22.5000 2348.8340   18.0122
    7.5000   37.5000   22.5000 2344.6650   18.1198
   -7.5000   45.0000   22.5000 2150.5293   20.8112
    0.0000   45.0000   22.5000 2171.9370   20.3744
    7.5000   45.0000   22.5000 2168.4575   20.4889
   -7.5000  -45.0000   30.0000 2474.9556   16.9606
    0.0000  -45.0000   30.0000 2512.9314   16.5424
    7.5000  -45.0000   30.0000 2499.6709   16.6856
   -7.5000  -37.5000   30.0000 2603.1650   15.4660
    0.0000  -37.5000   30.0000 2639.8142   15.0536
    7.5000  -37.5000   30.0000 2625.9692   15.2085
   -7.5000  -30.0000   30.0000 2712.4761   14.3460
    0.0000  -30.0000   30.0000 2750.0493   13.9408
    7.5000  -30.0000   30.0000 2740.0752   14.0746
   -7.5000  -22.5000   30.0000 2794.4949   13.5042
    0.0000  -22.5000   30.0000 2841.0186   13.1055
    7.5000  -22.5000   30.0000 2837.3049   13.2815
   -7.5000  -15.0000   30.0000 2850.0015   12.9980
    0.0000  -15.0000   30.0000 2886.0696   12.5469
    7.5000  -15.0000   30.0000 2885.0818   12.7881
   -7.5000   -7.5000   30.0000 2859.6782   12.8483
    0.0000   -7.5000   30.0000 2899.6575   12.5328
    7.5000   -7.5000   30.0000 2896.5366   12.6707
   -7.5000    0.0000   30.0000 2832.8462   13.0918
    0.0000    0.0000   30.0000 2874.4685   12.8410
    7.5000    0.0000   30.0000 2868.7681   12.9287
   -7.5000    7.5000   30.0000 2774.6758   13.6908
    0.0000    7.5000   30.0000 2811.1941   13.4263
    7.5000    7.5000   30.0000 2805.8486   13.4661
   -7.5000   15.0000   30.0000 2689.8962   14.5385
    0.0000   15.0000   30.0000 2720.9412   14.2739
    7.5000   15.0000   30.0000 2712.8899   14.3080
   -7.5000   22.5000   30.0000 2572.6189   15.6408
    0.0000   22.5000   30.0000 2605.0425   15.3350
    7.5000   22.5000   30.0000 2593.2891   15.3970
   -7.5000   30.0000   30.0000 2428.0356   17.0681
    0.0000   30.0000   30.0000 2461.0369   16.7205
    7.5000   30.0000   30.0000 2454.4705   16.7873
   -7.5000   37.5000   30.0000 2273.1648   18.9183
    0.0000   37.5000   30.0000 2293.2878   18.5198
    7.5000   37.5000   30.0000 2292.1797   18.6325
   -7.5000   45.0000   30.0000 2105.3484   21.3349
    0.0000   45.0000   30.0000 2128.9736   20.8752
    7.5000   45.0000   30.0000 2125.8401   21.0093
   -7.5000  -45.0000   37.5000 2444.0317   17.5868
    0.0000  -45.0000   37.5000 2477.6724   17.2052
    7.5000  -45.0000   37.5000 2461.9734   17.3165
   -7.5000  -37.5000   37.5000 2566.1616   16.0860
    0.0000  -37.5000   37.5000 2607.7495   15.7298
    7.5000  -37.5000   37.5000 2588.6941   15.8363
   -7.5000  -30.0000   37.5000 2668.4304   14.9686
    0.0000  -30.0000   37.5000 2709.8235   14.6027
    7.5000  -30.0000   37.5000 2695.4485   14.7196
   -7.5000  -22.5000   37.5000 2746.6567   14.1266
    0.0000  -22.5000   37.5000 2787.4609   13.7055
    7.5000  -22.5000   37.5000 2781.8203   13.9016
   -7.5000  -15.0000   37.5000 2798.2322   13.6347
    0.0000  -15.0000   37.5000 2833.2852   13.2436
    7.5000  -15.0000   37.5000 2824.8047   13.3997
   -7.5000   -7.5000   37.5000 2796.6829   13.5604
    0.0000   -7.5000   37.5000 2838.4224   13.2267
    7.5000   -7.5000   37.5000 2829.5278   13.3642
   -7.5000    0.0000   37.5000 2766.9194   13.7873
    0.0000    0.0000   37.5000 2802.1138   13.5124
    7.5000    0.0000   37.5000 2801.6641   13.6026
   -7.5000    7.5000   37.5000 2707.6052   14.3735
    0.0000    7.5000   37.5000 2741.9939   14.1120
    7.5000    7.5000   37.5000 2737.1299   14.1497
   -7.5000   15.0000   37.5000 2622.3120   15.2023
    0.0000   15.0000   37.5000 2656.1934   14.9372
    7.5000   15.0000   37.5000 2648.6348   14.9727
   -7.5000   22.5000   37.5000 2507.5947   16.2980
    0.0000   22.5000   37.5000 2541.5454   15.9975
    7.5000   22.5000   37.5000 2531.0339   16.0799
   -7.5000   30.0000   37.5000 2368.3826   17.7691
    0.0000   30.0000   37.5000 2398.4641   17.4427
    7.5000   30.0000   37.5000 2395.8176   17.5270
   -7.5000   37.5000   37.5000 2212.7795   19.6692
    0.0000   37.5000   37.5000 2229.3838   19.2822
    7.5000   37.5000   37.5000 2233.7776   19.3778
   -7.5000   45.0000   37.5000 2051.4316   22.1140
    0.0000   45.0000   37.5000 2070.8181   21.6925
    7.5000   45.0000   37.5000 2069.1348   21.8352
   -7.5000  -45.0000   45.0000 2402.6392   18.5159
    0.0000  -45.0000   45.0000 2435.0598   18.1954
    7.5000  -45.0000   45.0000 2417.4480   18.2136
   -7.5000  -37.5000   45.0000 2516.5559   16.9458
    0.0000  -37.5000   45.0000 2553.3557   16.6459
    7.5000  -37.5000   45.0000 2539.4580   16.6982
   -7.5000  -30.0000   45.0000 2607.0442   15.7928
    0.0000  -30.0000   45.0000 2646.1821   15.4238
    7.5000  -30.0000   45.0000 2637.5298   15.5773
   -7.5000  -22.5000   45.0000 2673.2568   14.9748
    0.0000  -22.5000   45.0000 2710.1345   14.6139
    7.5000  -22.5000   45.0000 2703.0894   14.7490
   -7.5000  -15.0000   45.0000 2722.4753   14.4815
    0.0000  -15.0000   45.0000 2748.9875   14.1597
    7.5000  -15.0000   45.0000 2742.7197   14.2688
   -7.5000   -7.5000   45.0000 2722.2422   14.4221
    0.0000   -7.5000   45.0000 2759.5364   14.1162
    7.5000   -7.5000   45.0000 2749.0247   14.2213
   -7.5000    0.0000   45.0000 2686.6221   14.6692
    0.0000    0.0000   45.0000 2721.6711   14.3867
    7.5000    0.0000   45.0000 2717.4233   14.4922
   -7.5000    7.5000   45.0000 2626.7654   15.2417
    0.0000    7.5000   45.0000 2656.9961   14.9949
    7.5000    7.5000   45.0000 2649.0950   15.0520
   -7.5000   15.0000   45.0000 2541.4807   16.0702
    0.0000   15.0000   45.0000 2571.0024   15.7986
    7.5000   15.0000   45.0000 2559.7551   15.8417
   -7.5000   22.5000   45.0000 2432.4736   17.1798
    0.0000   22.5000   45.0000 2458.8232   16.9096
    7.5000   22.5000   45.0000 2452.6345   16.9886
   -7.5000   30.0000   45.0000 2295.0510   18.6624
    0.0000   30.0000   45.0000 2320.1243   18.3818
    7.5000   30.0000   45.0000 2315.9761   18.5152
   -7.5000   37.5000   45.0000 2147.0117   20.6681
    0.0000   37.5000   45.0000 2163.4260   20.2973
    7.5000   37.5000   45.0000 2161.8591   20.4789
   -7.5000   45.0000   45.0000 2000.7893   23.2277
    0.0000   45.0000   45.0000 2015.5391   22.7700
    7.5000   45.0000   45.0000 2012.8979   22.9590

---------------------------------------------------------------------
imgreg_4dfp /opt/freesurfer/average/711-2C_as_mni_average_305 /opt/freesurfer/average/711-2B_as_mni_average_305_mask talsrcimg_g11 none talsrcimg_to_711-2C_as_mni_average_305_t4 1283
---------------------------------------------------------------------

freesurfer imgreg_4dfp.c
/opt/freesurfer/average/711-2C_as_mni_average_305.4dfp.img
       256       256       256         1
  1.000000  1.000000  1.000000
orientation T byte_order littleendian
Reading image: /opt/freesurfer/average/711-2C_as_mni_average_305.4dfp.img
dimensions:      256       256       256
mmppix:       1.0000   -1.0000   -1.0000
center:     128.0000 -129.0000 -129.0000
/opt/freesurfer/average/711-2B_as_mni_average_305_mask.4dfp.img
       256       256       256         1
  1.000000  1.000000  1.000000
orientation T byte_order littleendian
Reading mask: /opt/freesurfer/average/711-2B_as_mni_average_305_mask.4dfp.img (2306576 pixels)
talsrcimg_g11.4dfp.img
       256       256       256         1
  1.000000  1.000000  1.000000
orientation T byte_order littleendian
Reading image: talsrcimg_g11.4dfp.img
dimensions:      256       256       256
mmppix:       1.0000   -1.0000   -1.0000
center:     128.0000 -129.0000 -129.0000
rotation matrix determinant  1.000000
fimgreg.f
image alignment mode   1283 decimal      503 hex
parameters
    0.0000   -7.5000    7.5000    0.0000    0.0000    0.0000
eta,q 0.95519 11.65799
niter,ni,del,rscale     5    3   12.0000    1.2000
parameter  4 -1.206048 -> -0.500000 qaram    1.1500
parameter  6  0.717749 ->  0.500000 qaram    1.1500
parameters
    2.1528   -7.4054    7.7490    3.4500    0.6331   -3.4500
eta,q 0.95684 11.57006
  0.0645  0.0521  0.0544  0.0529  0.0519  0.0431
  0.0576  0.0498  0.0507  0.0511  0.0486  0.0430
  0.0516  0.0486  0.0481  0.0491  0.0460  0.0435
  0.0485  0.0473  0.0472  0.0473  0.0446  0.0444
  0.0475  0.0467  0.0479  0.0458  0.0450  0.0461
  0.0483  0.0482  0.0500  0.0444  0.0472  0.0487
  0.0512  0.0533  0.0532  0.0452  0.0493  0.0517
niter,ni,del,rscale     6    3   12.0000    1.2000
parameters
    1.7856   -9.5306    8.8613    4.6221    1.6056   -5.5375
eta,q 0.95955 11.58416
  0.0534  0.0452  0.0541  0.0482  0.0483  0.0433
  0.0477  0.0424  0.0490  0.0462  0.0455  0.0412
  0.0441  0.0423  0.0447  0.0446  0.0434  0.0405
  0.0432  0.0431  0.0423  0.0423  0.0414  0.0409
  0.0452  0.0452  0.0430  0.0411  0.0410  0.0430
  0.0501  0.0503  0.0451  0.0428  0.0426  0.0458
  0.0557  0.0581  0.0477  0.0464  0.0455  0.0492
niter,ni,del,rscale     5    3   12.0000    1.2000
parameters
    1.7392   -9.7499    9.3512    4.5191    1.8952   -5.6610
eta,q 0.95948 11.59545
  0.0527  0.0498  0.0507  0.0470  0.0470  0.0464
  0.0470  0.0440  0.0456  0.0447  0.0447  0.0432
  0.0427  0.0412  0.0418  0.0423  0.0423  0.0411
  0.0405  0.0405  0.0405  0.0406  0.0406  0.0405
  0.0415  0.0418  0.0418  0.0411  0.0408  0.0412
  0.0466  0.0454  0.0444  0.0445  0.0430  0.0436
  0.0540  0.0509  0.0473  0.0482  0.0468  0.0467
niter,ni,del,rscale     4    3   12.0000    1.2000
parameters
    1.7496   -9.7336    9.4357    4.5425    1.9122   -5.6709
eta,q 0.95946 11.59682
  0.0531  0.0507  0.0494  0.0473  0.0467  0.0466
  0.0476  0.0443  0.0445  0.0448  0.0444  0.0434
  0.0431  0.0412  0.0411  0.0424  0.0420  0.0412
  0.0405  0.0405  0.0405  0.0406  0.0405  0.0405
  0.0415  0.0417  0.0423  0.0410  0.0410  0.0412
  0.0466  0.0449  0.0450  0.0443  0.0434  0.0435
  0.0542  0.0500  0.0480  0.0479  0.0476  0.0466
niter,ni,del,rscale     3    3   12.0000    1.2000
parameters
    1.7480   -9.7434    9.4494    4.5510    1.9119   -5.6733
eta,q 0.95945 11.59729
  0.0531  0.0507  0.0492  0.0473  0.0467  0.0466
  0.0476  0.0443  0.0444  0.0448  0.0444  0.0434
  0.0432  0.0412  0.0410  0.0423  0.0420  0.0412
  0.0405  0.0405  0.0405  0.0405  0.0405  0.0405
  0.0416  0.0418  0.0424  0.0410  0.0410  0.0412
  0.0467  0.0450  0.0451  0.0443  0.0435  0.0435
  0.0543  0.0501  0.0481  0.0480  0.0476  0.0466
registration optimization eta report
parameter search radius
    6.0000    6.0000    6.0000    6.9000    6.0000    6.9000
100000*second partial in parameter space
       36.       28.       22.       14.       18.       13.
  0.0531  0.0507  0.0492  0.0473  0.0467  0.0466
  0.0476  0.0443  0.0444  0.0448  0.0444  0.0434
  0.0432  0.0412  0.0410  0.0423  0.0420  0.0412
  0.0405  0.0405  0.0405  0.0405  0.0405  0.0405
  0.0416  0.0418  0.0424  0.0410  0.0410  0.0412
  0.0467  0.0450  0.0451  0.0443  0.0435  0.0435
  0.0543  0.0501  0.0481  0.0480  0.0476  0.0466
    1.7480   -9.7434    9.4494    4.5510    1.9119   -5.6733
eta,q 0.95945 11.59729

---------------------------------------------------------------------
imgreg_4dfp /opt/freesurfer/average/711-2C_as_mni_average_305 /opt/freesurfer/average/711-2B_as_mni_average_305_mask talsrcimg_g11 none talsrcimg_to_711-2C_as_mni_average_305_t4 3335
---------------------------------------------------------------------

freesurfer imgreg_4dfp.c
/opt/freesurfer/average/711-2C_as_mni_average_305.4dfp.img
       256       256       256         1
  1.000000  1.000000  1.000000
orientation T byte_order littleendian
Reading image: /opt/freesurfer/average/711-2C_as_mni_average_305.4dfp.img
dimensions:      256       256       256
mmppix:       1.0000   -1.0000   -1.0000
center:     128.0000 -129.0000 -129.0000
/opt/freesurfer/average/711-2B_as_mni_average_305_mask.4dfp.img
       256       256       256         1
  1.000000  1.000000  1.000000
orientation T byte_order littleendian
Reading mask: /opt/freesurfer/average/711-2B_as_mni_average_305_mask.4dfp.img (2306576 pixels)
talsrcimg_g11.4dfp.img
       256       256       256         1
  1.000000  1.000000  1.000000
orientation T byte_order littleendian
Reading image: talsrcimg_g11.4dfp.img
dimensions:      256       256       256
mmppix:       1.0000   -1.0000   -1.0000
center:     128.0000 -129.0000 -129.0000
fimgreg.f
image alignment mode   3335 decimal      D07 hex
parameters
    1.7480   -9.7434    9.4494   -0.5452   -0.7774   -0.3708
    9.5910   -4.0939   -9.8801   -7.5670    3.3363    7.9303
eta,q 0.96239 11.63743
niter,ni,del,rscale     5    3    5.0000    1.2000
parameter  4  1.477578 ->  0.500000 qaram    1.1500
parameter  5  1.486682 ->  0.500000 qaram    1.1500
parameters
    1.6191  -10.6799    9.7304   -4.6852   -4.9174    2.6960
    6.7980   -3.5383   -8.6113   -8.1387    0.9611    4.7035
eta,q 0.97266 11.32879
  0.0401  0.0381  0.0389  0.0317  0.0278  0.0320  0.0292  0.0330  0.0310  0.0307  0.0283  0.0278
  0.0386  0.0374  0.0380  0.0325  0.0286  0.0308  0.0282  0.0305  0.0295  0.0290  0.0278  0.0274
  0.0377  0.0373  0.0375  0.0345  0.0304  0.0298  0.0279  0.0287  0.0285  0.0280  0.0276  0.0274
  0.0376  0.0376  0.0373  0.0372  0.0330  0.0290  0.0284  0.0279  0.0279  0.0279  0.0278  0.0276
  0.0381  0.0384  0.0373  0.0406  0.0360  0.0284  0.0296  0.0283  0.0279  0.0285  0.0283  0.0283
  0.0391  0.0396  0.0376  0.0445  0.0396  0.0285  0.0316  0.0296  0.0284  0.0298  0.0292  0.0293
  0.0406  0.0411  0.0383  0.0487  0.0434  0.0294  0.0339  0.0317  0.0294  0.0317  0.0303  0.0305
niter,ni,del,rscale     6    3    5.0000    1.2000
parameters
    1.7060  -10.8607    9.9588   -8.0491   -8.3584    4.8724
    7.3259   -2.8941   -8.1904   -8.2288    1.0693    4.6667
eta,q 0.97500 11.18737
  0.0312  0.0297  0.0293  0.0284  0.0273  0.0285  0.0288  0.0304  0.0273  0.0281  0.0265  0.0264
  0.0292  0.0283  0.0283  0.0270  0.0260  0.0275  0.0270  0.0280  0.0261  0.0265  0.0257  0.0257
  0.0279  0.0274  0.0276  0.0263  0.0257  0.0266  0.0257  0.0261  0.0253  0.0254  0.0252  0.0252
  0.0273  0.0273  0.0273  0.0273  0.0264  0.0257  0.0251  0.0251  0.0250  0.0250  0.0250  0.0250
  0.0276  0.0279  0.0274  0.0296  0.0284  0.0251  0.0253  0.0252  0.0252  0.0254  0.0252  0.0252
  0.0287  0.0289  0.0278  0.0333  0.0314  0.0255  0.0263  0.0266  0.0258  0.0266  0.0257  0.0257
  0.0308  0.0304  0.0286  0.0377  0.0353  0.0267  0.0280  0.0290  0.0268  0.0283  0.0265  0.0265
niter,ni,del,rscale     5    3    5.0000    1.2000
parameters
    1.7183  -10.8050   10.1438   -8.2746   -8.9654    4.8501
    7.3892   -2.8564   -8.2270   -8.2055    1.1065    4.8687
eta,q 0.97493 11.16169
  0.0288  0.0277  0.0270  0.0295  0.0288  0.0277  0.0283  0.0297  0.0270  0.0281  0.0265  0.0265
  0.0267  0.0261  0.0260  0.0277  0.0269  0.0268  0.0267  0.0274  0.0259  0.0265  0.0257  0.0258
  0.0254  0.0252  0.0253  0.0261  0.0256  0.0258  0.0255  0.0258  0.0252  0.0255  0.0252  0.0253
  0.0250  0.0250  0.0250  0.0250  0.0250  0.0251  0.0251  0.0251  0.0251  0.0251  0.0251  0.0251
  0.0255  0.0253  0.0251  0.0255  0.0256  0.0253  0.0254  0.0255  0.0253  0.0254  0.0252  0.0252
  0.0267  0.0261  0.0256  0.0275  0.0275  0.0264  0.0265  0.0272  0.0260  0.0264  0.0257  0.0256
  0.0287  0.0273  0.0265  0.0307  0.0305  0.0282  0.0283  0.0297  0.0270  0.0281  0.0265  0.0264
niter,ni,del,rscale     4    3    5.0000    1.2000
parameters
    1.7166  -10.7975   10.1860   -8.1836   -9.0473    4.8284
    7.3980   -2.8713   -8.2508   -8.2196    1.0954    4.9197
eta,q 0.97495 11.16077
  0.0288  0.0276  0.0268  0.0297  0.0291  0.0277  0.0283  0.0296  0.0270  0.0281  0.0265  0.0264
  0.0267  0.0261  0.0259  0.0279  0.0273  0.0267  0.0266  0.0273  0.0259  0.0265  0.0257  0.0257
  0.0255  0.0252  0.0253  0.0263  0.0258  0.0258  0.0255  0.0257  0.0252  0.0255  0.0252  0.0252
  0.0251  0.0251  0.0251  0.0251  0.0250  0.0250  0.0251  0.0251  0.0250  0.0251  0.0251  0.0250
  0.0255  0.0254  0.0252  0.0253  0.0253  0.0253  0.0254  0.0256  0.0253  0.0254  0.0252  0.0252
  0.0268  0.0262  0.0258  0.0272  0.0269  0.0263  0.0266  0.0272  0.0259  0.0265  0.0257  0.0256
  0.0287  0.0274  0.0267  0.0302  0.0298  0.0282  0.0283  0.0297  0.0270  0.0281  0.0265  0.0264
niter,ni,del,rscale     3    3    5.0000    1.2000
parameters
    1.7138  -10.8070   10.1988   -8.1574   -9.0595    4.8245
    7.4006   -2.8766   -8.2567   -8.2340    1.0867    4.9488
eta,q 0.97496 11.16119
  0.0288  0.0275  0.0268  0.0297  0.0292  0.0277  0.0283  0.0296  0.0270  0.0281  0.0265  0.0264
  0.0267  0.0260  0.0258  0.0278  0.0273  0.0268  0.0266  0.0273  0.0259  0.0265  0.0257  0.0257
  0.0255  0.0252  0.0253  0.0262  0.0258  0.0258  0.0255  0.0257  0.0252  0.0255  0.0252  0.0252
  0.0251  0.0251  0.0251  0.0250  0.0250  0.0250  0.0250  0.0250  0.0250  0.0250  0.0250  0.0250
  0.0255  0.0254  0.0252  0.0253  0.0253  0.0253  0.0254  0.0255  0.0253  0.0254  0.0252  0.0252
  0.0268  0.0262  0.0258  0.0272  0.0269  0.0263  0.0266  0.0272  0.0259  0.0265  0.0257  0.0256
  0.0287  0.0274  0.0267  0.0303  0.0297  0.0282  0.0283  0.0297  0.0270  0.0281  0.0265  0.0264
registration optimization eta report
parameter search radius
    2.4000    2.4000    2.4000    8.2800    8.2800    7.2000
    7.2000    7.2000    7.2000    7.2000    7.2000    7.2000
100000*second partial in parameter space
       64.       41.       30.        7.        6.        5.
        6.        9.        4.        6.        3.        3.
  0.0288  0.0275  0.0268  0.0297  0.0292  0.0277  0.0283  0.0296  0.0270  0.0281  0.0265  0.0264
  0.0267  0.0260  0.0258  0.0278  0.0273  0.0268  0.0266  0.0273  0.0259  0.0265  0.0257  0.0257
  0.0255  0.0252  0.0253  0.0262  0.0258  0.0258  0.0255  0.0257  0.0252  0.0255  0.0252  0.0252
  0.0251  0.0251  0.0251  0.0250  0.0250  0.0250  0.0250  0.0250  0.0250  0.0250  0.0250  0.0250
  0.0255  0.0254  0.0252  0.0253  0.0253  0.0253  0.0254  0.0255  0.0253  0.0254  0.0252  0.0252
  0.0268  0.0262  0.0258  0.0272  0.0269  0.0263  0.0266  0.0272  0.0259  0.0265  0.0257  0.0256
  0.0287  0.0274  0.0267  0.0303  0.0297  0.0282  0.0283  0.0297  0.0270  0.0281  0.0265  0.0264
    1.7138  -10.8070   10.1988   -8.1574   -9.0595    4.8245
    7.4006   -2.8766   -8.2567   -8.2340    1.0867    4.9488
eta,q 0.97496 11.16119

---------------------------------------------------------------------
imgreg_4dfp /opt/freesurfer/average/711-2C_as_mni_average_305 /opt/freesurfer/average/711-2B_as_mni_average_305_mask talsrcimg_g11 none talsrcimg_to_711-2C_as_mni_average_305_t4 2311
---------------------------------------------------------------------

freesurfer imgreg_4dfp.c
/opt/freesurfer/average/711-2C_as_mni_average_305.4dfp.img
       256       256       256         1
  1.000000  1.000000  1.000000
orientation T byte_order littleendian
Reading image: /opt/freesurfer/average/711-2C_as_mni_average_305.4dfp.img
dimensions:      256       256       256
mmppix:       1.0000   -1.0000   -1.0000
center:     128.0000 -129.0000 -129.0000
/opt/freesurfer/average/711-2B_as_mni_average_305_mask.4dfp.img
       256       256       256         1
  1.000000  1.000000  1.000000
orientation T byte_order littleendian
Reading mask: /opt/freesurfer/average/711-2B_as_mni_average_305_mask.4dfp.img (2306576 pixels)
talsrcimg_g11.4dfp.img
       256       256       256         1
  1.000000  1.000000  1.000000
orientation T byte_order littleendian
Reading image: talsrcimg_g11.4dfp.img
dimensions:      256       256       256
mmppix:       1.0000   -1.0000   -1.0000
center:     128.0000 -129.0000 -129.0000
fimgreg.f
image alignment mode   2311 decimal      907 hex
parameters
    1.7138  -10.8070   10.1988   -8.1574   -9.0595    4.8245
    7.4006   -2.8766   -8.2567   -8.2340    1.0867    4.9488
eta,q 0.97496 11.16119
niter,ni,del,rscale     5    3    5.0000    0.8000
parameters
    1.6979  -10.8888   10.2088   -7.5334   -8.7005    5.0755
    7.3925   -2.8581   -8.2870   -8.1783    0.8399    4.8695
eta,q 0.97509 11.19577
  0.0267  0.0260  0.0258  0.0274  0.0267  0.0266  0.0265  0.0273  0.0258  0.0264  0.0255  0.0255
  0.0258  0.0254  0.0254  0.0264  0.0259  0.0259  0.0257  0.0260  0.0253  0.0256  0.0252  0.0252
  0.0252  0.0251  0.0251  0.0256  0.0252  0.0253  0.0251  0.0252  0.0250  0.0251  0.0250  0.0250
  0.0250  0.0250  0.0250  0.0250  0.0249  0.0249  0.0249  0.0249  0.0249  0.0249  0.0249  0.0249
  0.0253  0.0252  0.0251  0.0250  0.0250  0.0250  0.0251  0.0252  0.0250  0.0251  0.0250  0.0250
  0.0258  0.0256  0.0254  0.0256  0.0254  0.0256  0.0257  0.0260  0.0253  0.0256  0.0253  0.0252
  0.0268  0.0262  0.0258  0.0266  0.0264  0.0264  0.0266  0.0273  0.0259  0.0264  0.0257  0.0256
niter,ni,del,rscale     4    3    5.0000    0.7000
parameters
    1.6979  -10.9117   10.2248   -7.5224   -8.6870    5.1668
    7.4314   -2.8015   -8.2686   -8.1711    0.7658    4.8130
eta,q 0.97510 11.19845
  0.0263  0.0258  0.0256  0.0266  0.0262  0.0262  0.0262  0.0268  0.0256  0.0261  0.0254  0.0254
  0.0255  0.0252  0.0252  0.0258  0.0255  0.0256  0.0255  0.0258  0.0252  0.0255  0.0251  0.0251
  0.0251  0.0250  0.0250  0.0252  0.0251  0.0251  0.0251  0.0251  0.0250  0.0251  0.0249  0.0249
  0.0249  0.0249  0.0249  0.0249  0.0249  0.0249  0.0249  0.0249  0.0249  0.0249  0.0249  0.0249
  0.0251  0.0250  0.0250  0.0251  0.0250  0.0250  0.0250  0.0251  0.0250  0.0250  0.0250  0.0250
  0.0255  0.0253  0.0252  0.0257  0.0254  0.0255  0.0255  0.0257  0.0252  0.0254  0.0252  0.0251
  0.0263  0.0258  0.0255  0.0267  0.0262  0.0262  0.0262  0.0267  0.0256  0.0261  0.0255  0.0254
niter,ni,del,rscale     3    3    5.0000    0.6000
parameters
    1.7005  -10.9209   10.2213   -7.4843   -8.6730    5.2171
    7.4479   -2.7748   -8.2677   -8.1628    0.7192    4.7892
eta,q 0.97511 11.20072
  0.0259  0.0255  0.0254  0.0262  0.0258  0.0259  0.0258  0.0263  0.0254  0.0258  0.0253  0.0253
  0.0254  0.0252  0.0251  0.0256  0.0253  0.0255  0.0253  0.0255  0.0251  0.0253  0.0251  0.0250
  0.0250  0.0249  0.0249  0.0251  0.0250  0.0251  0.0250  0.0251  0.0249  0.0250  0.0249  0.0249
  0.0249  0.0249  0.0249  0.0249  0.0249  0.0249  0.0249  0.0249  0.0249  0.0249  0.0249  0.0249
  0.0250  0.0250  0.0249  0.0250  0.0250  0.0250  0.0250  0.0251  0.0250  0.0250  0.0249  0.0249
  0.0254  0.0252  0.0251  0.0255  0.0253  0.0254  0.0253  0.0255  0.0251  0.0253  0.0251  0.0251
  0.0259  0.0255  0.0254  0.0263  0.0258  0.0259  0.0258  0.0263  0.0254  0.0258  0.0253  0.0253
niter,ni,del,rscale     2    3    5.0000    0.5000
parameters
    1.6996  -10.9281   10.2185   -7.4360   -8.6592    5.2368
    7.4712   -2.7612   -8.2801   -8.1433    0.6902    4.7434
eta,q 0.97511 11.20276
  0.0256  0.0253  0.0252  0.0259  0.0255  0.0257  0.0256  0.0259  0.0253  0.0255  0.0252  0.0251
  0.0252  0.0251  0.0250  0.0254  0.0252  0.0253  0.0252  0.0253  0.0251  0.0252  0.0250  0.0250
  0.0250  0.0249  0.0249  0.0251  0.0250  0.0250  0.0250  0.0250  0.0249  0.0250  0.0249  0.0249
  0.0249  0.0249  0.0249  0.0249  0.0249  0.0249  0.0249  0.0249  0.0249  0.0249  0.0249  0.0249
  0.0250  0.0249  0.0249  0.0250  0.0249  0.0250  0.0250  0.0250  0.0249  0.0250  0.0249  0.0249
  0.0252  0.0251  0.0250  0.0253  0.0252  0.0252  0.0252  0.0253  0.0251  0.0252  0.0250  0.0250
  0.0256  0.0253  0.0252  0.0259  0.0255  0.0257  0.0256  0.0259  0.0253  0.0255  0.0252  0.0252
niter,ni,del,rscale     1    3    5.0000    0.4000
parameters
    1.6998  -10.9342   10.2182   -7.3912   -8.6513    5.2489
    7.4966   -2.7555   -8.2756   -8.1161    0.6694    4.7143
eta,q 0.97511 11.20455
  0.0254  0.0252  0.0251  0.0256  0.0253  0.0254  0.0253  0.0255  0.0251  0.0253  0.0251  0.0250
  0.0251  0.0250  0.0250  0.0252  0.0251  0.0251  0.0251  0.0252  0.0250  0.0251  0.0250  0.0250
  0.0249  0.0249  0.0249  0.0250  0.0249  0.0249  0.0249  0.0250  0.0249  0.0249  0.0249  0.0249
  0.0249  0.0249  0.0249  0.0249  0.0249  0.0249  0.0249  0.0249  0.0249  0.0249  0.0249  0.0249
  0.0249  0.0249  0.0249  0.0249  0.0249  0.0249  0.0249  0.0250  0.0249  0.0249  0.0249  0.0249
  0.0251  0.0250  0.0250  0.0252  0.0251  0.0251  0.0251  0.0252  0.0250  0.0251  0.0250  0.0250
  0.0254  0.0252  0.0251  0.0255  0.0253  0.0254  0.0253  0.0255  0.0251  0.0253  0.0251  0.0251
registration optimization eta report
parameter search radius
    0.8000    0.8000    0.8000    2.4000    2.4000    2.4000
    2.4000    2.4000    2.4000    2.4000    2.4000    2.4000
100000*second partial in parameter space
       73.       45.       34.       12.        7.        9.
        8.       11.        4.        7.        3.        3.
  0.0254  0.0252  0.0251  0.0256  0.0253  0.0254  0.0253  0.0255  0.0251  0.0253  0.0251  0.0250
  0.0251  0.0250  0.0250  0.0252  0.0251  0.0251  0.0251  0.0252  0.0250  0.0251  0.0250  0.0250
  0.0249  0.0249  0.0249  0.0250  0.0249  0.0249  0.0249  0.0250  0.0249  0.0249  0.0249  0.0249
  0.0249  0.0249  0.0249  0.0249  0.0249  0.0249  0.0249  0.0249  0.0249  0.0249  0.0249  0.0249
  0.0249  0.0249  0.0249  0.0249  0.0249  0.0249  0.0249  0.0250  0.0249  0.0249  0.0249  0.0249
  0.0251  0.0250  0.0250  0.0252  0.0251  0.0251  0.0251  0.0252  0.0250  0.0251  0.0250  0.0250
  0.0254  0.0252  0.0251  0.0255  0.0253  0.0254  0.0253  0.0255  0.0251  0.0253  0.0251  0.0251
    1.6998  -10.9342   10.2182   -7.3912   -8.6513    5.2489
    7.4966   -2.7555   -8.2756   -8.1161    0.6694    4.7143
eta,q 0.97511 11.20455

---------------------------------------------------------------------
imgreg_4dfp /opt/freesurfer/average/711-2C_as_mni_average_305 /opt/freesurfer/average/711-2B_as_mni_average_305_mask talsrcimg_g11 none talsrcimg_to_711-2C_as_mni_average_305_t4 2311
---------------------------------------------------------------------

freesurfer imgreg_4dfp.c
/opt/freesurfer/average/711-2C_as_mni_average_305.4dfp.img
       256       256       256         1
  1.000000  1.000000  1.000000
orientation T byte_order littleendian
Reading image: /opt/freesurfer/average/711-2C_as_mni_average_305.4dfp.img
dimensions:      256       256       256
mmppix:       1.0000   -1.0000   -1.0000
center:     128.0000 -129.0000 -129.0000
/opt/freesurfer/average/711-2B_as_mni_average_305_mask.4dfp.img
       256       256       256         1
  1.000000  1.000000  1.000000
orientation T byte_order littleendian
Reading mask: /opt/freesurfer/average/711-2B_as_mni_average_305_mask.4dfp.img (2306576 pixels)
talsrcimg_g11.4dfp.img
       256       256       256         1
  1.000000  1.000000  1.000000
orientation T byte_order littleendian
Reading image: talsrcimg_g11.4dfp.img
dimensions:      256       256       256
mmppix:       1.0000   -1.0000   -1.0000
center:     128.0000 -129.0000 -129.0000
fimgreg.f
image alignment mode   2311 decimal      907 hex
parameters
    1.6998  -10.9342   10.2182   -7.3912   -8.6513    5.2489
    7.4966   -2.7555   -8.2756   -8.1161    0.6694    4.7143
eta,q 0.97511 11.20455
niter,ni,del,rscale     5    3    5.0000    0.8000
parameters
    1.7081  -10.8828   10.2163   -7.6313   -8.7566    5.1826
    7.4452   -2.7629   -8.2484   -8.1620    0.7834    4.8001
eta,q 0.97509 11.19307
  0.0267  0.0261  0.0257  0.0268  0.0265  0.0264  0.0265  0.0272  0.0259  0.0264  0.0256  0.0256
  0.0257  0.0254  0.0253  0.0259  0.0256  0.0258  0.0256  0.0260  0.0253  0.0256  0.0252  0.0252
  0.0251  0.0250  0.0250  0.0252  0.0251  0.0252  0.0251  0.0252  0.0250  0.0251  0.0250  0.0250
  0.0249  0.0249  0.0249  0.0249  0.0249  0.0249  0.0249  0.0249  0.0249  0.0249  0.0249  0.0249
  0.0251  0.0250  0.0250  0.0252  0.0251  0.0251  0.0251  0.0252  0.0250  0.0251  0.0250  0.0250
  0.0257  0.0254  0.0253  0.0261  0.0256  0.0257  0.0257  0.0260  0.0253  0.0256  0.0252  0.0252
  0.0267  0.0259  0.0257  0.0274  0.0267  0.0266  0.0266  0.0273  0.0258  0.0265  0.0256  0.0255
niter,ni,del,rscale     4    3    5.0000    0.7000
parameters
    1.7025  -10.8980   10.2141   -7.5525   -8.7046    5.1950
    7.4392   -2.7814   -8.2653   -8.1621    0.7591    4.7815
eta,q 0.97510 11.19715
  0.0263  0.0258  0.0255  0.0266  0.0262  0.0262  0.0262  0.0267  0.0256  0.0261  0.0254  0.0254
  0.0255  0.0253  0.0252  0.0259  0.0255  0.0256  0.0255  0.0257  0.0252  0.0255  0.0251  0.0251
  0.0251  0.0250  0.0250  0.0252  0.0251  0.0251  0.0251  0.0251  0.0250  0.0251  0.0250  0.0249
  0.0249  0.0249  0.0249  0.0249  0.0249  0.0249  0.0249  0.0249  0.0249  0.0249  0.0249  0.0249
  0.0251  0.0250  0.0250  0.0250  0.0250  0.0251  0.0250  0.0251  0.0250  0.0250  0.0250  0.0250
  0.0255  0.0253  0.0252  0.0257  0.0254  0.0255  0.0255  0.0257  0.0252  0.0254  0.0251  0.0251
  0.0263  0.0258  0.0255  0.0266  0.0262  0.0262  0.0262  0.0268  0.0256  0.0261  0.0254  0.0254
niter,ni,del,rscale     3    3    5.0000    0.6000
parameters
    1.6998  -10.9135   10.2145   -7.4920   -8.6725    5.2235
    7.4543   -2.7701   -8.2583   -8.1473    0.7180    4.7561
eta,q 0.97511 11.20043
  0.0259  0.0255  0.0254  0.0262  0.0258  0.0259  0.0258  0.0263  0.0254  0.0258  0.0253  0.0253
  0.0254  0.0252  0.0251  0.0256  0.0253  0.0254  0.0253  0.0255  0.0251  0.0253  0.0251  0.0250
  0.0250  0.0250  0.0249  0.0251  0.0250  0.0251  0.0250  0.0251  0.0249  0.0250  0.0249  0.0249
  0.0249  0.0249  0.0249  0.0249  0.0249  0.0249  0.0249  0.0249  0.0249  0.0249  0.0249  0.0249
  0.0250  0.0250  0.0249  0.0250  0.0250  0.0250  0.0250  0.0250  0.0249  0.0250  0.0249  0.0249
  0.0254  0.0252  0.0251  0.0255  0.0253  0.0254  0.0253  0.0255  0.0251  0.0253  0.0251  0.0251
  0.0259  0.0255  0.0254  0.0262  0.0258  0.0259  0.0258  0.0263  0.0254  0.0258  0.0253  0.0253
niter,ni,del,rscale     2    3    5.0000    0.5000
parameters
    1.6991  -10.9243   10.2182   -7.4413   -8.6563    5.2481
    7.4686   -2.7611   -8.2638   -8.1372    0.6825    4.7406
eta,q 0.97511 11.20288
  0.0256  0.0253  0.0252  0.0259  0.0255  0.0257  0.0256  0.0259  0.0253  0.0255  0.0252  0.0251
  0.0252  0.0251  0.0250  0.0254  0.0252  0.0253  0.0252  0.0253  0.0251  0.0252  0.0250  0.0250
  0.0250  0.0249  0.0249  0.0251  0.0250  0.0250  0.0250  0.0250  0.0249  0.0250  0.0249  0.0249
  0.0249  0.0249  0.0249  0.0249  0.0249  0.0249  0.0249  0.0249  0.0249  0.0249  0.0249  0.0249
  0.0250  0.0249  0.0249  0.0250  0.0249  0.0250  0.0250  0.0250  0.0249  0.0250  0.0249  0.0249
  0.0252  0.0251  0.0250  0.0253  0.0252  0.0252  0.0252  0.0253  0.0251  0.0252  0.0250  0.0250
  0.0256  0.0253  0.0252  0.0259  0.0255  0.0256  0.0256  0.0259  0.0253  0.0255  0.0252  0.0251
niter,ni,del,rscale     1    3    5.0000    0.4000
parameters
    1.6971  -10.9336   10.2128   -7.3917   -8.6480    5.2469
    7.4936   -2.7558   -8.2942   -8.1279    0.6654    4.7268
eta,q 0.97511 11.20447
  0.0254  0.0252  0.0251  0.0256  0.0253  0.0254  0.0253  0.0255  0.0251  0.0253  0.0251  0.0250
  0.0251  0.0250  0.0250  0.0252  0.0251  0.0251  0.0251  0.0252  0.0250  0.0251  0.0250  0.0250
  0.0249  0.0249  0.0249  0.0250  0.0249  0.0249  0.0249  0.0250  0.0249  0.0249  0.0249  0.0249
  0.0249  0.0249  0.0249  0.0249  0.0249  0.0249  0.0249  0.0249  0.0249  0.0249  0.0249  0.0249
  0.0249  0.0249  0.0249  0.0249  0.0249  0.0249  0.0249  0.0250  0.0249  0.0249  0.0249  0.0249
  0.0251  0.0250  0.0250  0.0252  0.0251  0.0251  0.0251  0.0252  0.0250  0.0251  0.0250  0.0250
  0.0254  0.0252  0.0251  0.0255  0.0253  0.0254  0.0253  0.0255  0.0251  0.0253  0.0251  0.0250
registration optimization eta report
parameter search radius
    0.8000    0.8000    0.8000    2.4000    2.4000    2.4000
    2.4000    2.4000    2.4000    2.4000    2.4000    2.4000
100000*second partial in parameter space
       73.       45.       34.       12.        7.        9.
        8.       11.        4.        7.        3.        3.
  0.0254  0.0252  0.0251  0.0256  0.0253  0.0254  0.0253  0.0255  0.0251  0.0253  0.0251  0.0250
  0.0251  0.0250  0.0250  0.0252  0.0251  0.0251  0.0251  0.0252  0.0250  0.0251  0.0250  0.0250
  0.0249  0.0249  0.0249  0.0250  0.0249  0.0249  0.0249  0.0250  0.0249  0.0249  0.0249  0.0249
  0.0249  0.0249  0.0249  0.0249  0.0249  0.0249  0.0249  0.0249  0.0249  0.0249  0.0249  0.0249
  0.0249  0.0249  0.0249  0.0249  0.0249  0.0249  0.0249  0.0250  0.0249  0.0249  0.0249  0.0249
  0.0251  0.0250  0.0250  0.0252  0.0251  0.0251  0.0251  0.0252  0.0250  0.0251  0.0250  0.0250
  0.0254  0.0252  0.0251  0.0255  0.0253  0.0254  0.0253  0.0255  0.0251  0.0253  0.0251  0.0250
    1.6971  -10.9336   10.2128   -7.3917   -8.6480    5.2469
    7.4936   -2.7558   -8.2942   -8.1279    0.6654    4.7268
eta,q 0.97511 11.20447

---------------------------------------------------------------------
compute_vox2vox talsrcimg talsrcimg_to_711-2C_as_mni_average_305_t4 /opt/freesurfer/average/711-2C_as_mni_average_305
---------------------------------------------------------------------

freesurfer compute_vox2vox.c
Reading: talsrcimg.4dfp.ifh
Reading: talsrcimg_to_711-2C_as_mni_average_305_t4
Reading: /opt/freesurfer/average/711-2C_as_mni_average_305.4dfp.ifh
Writing: talsrcimg_to_711-2C_as_mni_average_305_t4_vox2vox.txt

start time Thu Mar 12 18:15:42 CET 2026
end		time Thu Mar 12 18:15:55 CET 2026

mpr2mni305 success

avi2talxfm orig_nu.mgz /opt/freesurfer/average/mni305.cor.mgz talsrcimg_to_711-2C_as_mni_average_305_t4_vox2vox.txt transforms/talairach.auto.xfm
avi2talxfm done
mv -f /out/sourcedata/freesurfer/sub-v1s20x0050350_ses-1/mri/talsrcimg_to_711-2C_as_mni_average_305_t4_vox2vox.txt /out/sourcedata/freesurfer/sub-v1s20x0050350_ses-1/mri/transforms/talsrcimg_to_711-2C_as_mni_average_305_t4_vox2vox.txt
lta_convert --src orig_nu.mgz --trg /opt/freesurfer/average/mni305.cor.mgz --inxfm transforms/talairach.auto.xfm --outlta transforms/talairach.auto.xfm.lta --subject fsaverage
7.3.2

--src: orig_nu.mgz src image (geometry).
--trg: /opt/freesurfer/average/mni305.cor.mgz trg image (geometry).
--inmni: transforms/talairach.auto.xfm input MNI/XFM transform.
--outlta: transforms/talairach.auto.xfm.lta output LTA.
--s: fsaverage subject name
 LTA read, type : 1
 1.07169   0.02119  -0.08901  -3.47979;
-0.01110   0.94615  -0.04804  -10.66435;
 0.09631   0.08610   1.08231   10.02658;
 0.00000   0.00000   0.00000   1.00000;
setting subject to fsaverage
Writing  LTA to file transforms/talairach.auto.xfm.lta...
lta_convert successful.
 
 
Started at Thu Mar 12 18:15:41 CET 2026
Ended   at Thu Mar 12 18:15:55 CET 2026
talairach_avi done
