status file for recon-all
Mon Mar  9 07:21:17 CET 2026
#@# MotionCor Mon Mar  9 07:21:18 CET 2026
#@# Talairach Mon Mar  9 07:21:26 CET 2026
#@# Talairach Failure Detection Mon Mar  9 07:25:48 CET 2026
#@# Nu Intensity Correction Mon Mar  9 07:25:48 CET 2026
#@# Intensity Normalization Mon Mar  9 07:29:06 CET 2026
recon-all -s sub-v1s20x0050302_ses-1 finished without error at Mon Mar  9 07:30:31 CET 2026



#New# invocation of recon-all 



status file for recon-all
Mon Mar  9 07:37:22 CET 2026
#@# EM Registration Mon Mar  9 07:37:22 CET 2026
recon-all -s sub-v1s20x0050302_ses-1 finished without error at Mon Mar  9 07:39:30 CET 2026



#New# invocation of recon-all 



status file for recon-all
Mon Mar  9 07:39:33 CET 2026
#@# CA Normalize Mon Mar  9 07:39:34 CET 2026
#@# CA Reg Mon Mar  9 07:40:58 CET 2026
#@# SubCort Seg Mon Mar  9 08:24:56 CET 2026
#@# CC Seg Mon Mar  9 08:50:34 CET 2026
#@# Merge ASeg Mon Mar  9 08:51:08 CET 2026
#@# Intensity Normalization2 Mon Mar  9 08:51:08 CET 2026
#@# Mask BFS Mon Mar  9 08:53:22 CET 2026
#@# WM Segmentation Mon Mar  9 08:53:23 CET 2026
#@# Fill Mon Mar  9 08:55:21 CET 2026
recon-all -s sub-v1s20x0050302_ses-1 finished without error at Mon Mar  9 08:56:26 CET 2026



#New# invocation of recon-all 



status file for recon-all
Mon Mar  9 09:38:04 CET 2026
#@# white curv lh Mon Mar  9 09:38:04 CET 2026
#@# white area lh Mon Mar  9 09:38:04 CET 2026
#@# pial curv lh Mon Mar  9 09:38:04 CET 2026
#@# pial area lh Mon Mar  9 09:38:04 CET 2026
#@# thickness lh Mon Mar  9 09:38:04 CET 2026
#@# area and vertex vol lh Mon Mar  9 09:38:04 CET 2026
#@# white curv rh Mon Mar  9 09:38:04 CET 2026
#@# white area rh Mon Mar  9 09:38:04 CET 2026
#@# pial curv rh Mon Mar  9 09:38:04 CET 2026
#@# pial area rh Mon Mar  9 09:38:05 CET 2026
#@# thickness rh Mon Mar  9 09:38:05 CET 2026
#@# area and vertex vol rh Mon Mar  9 09:38:05 CET 2026
#@# Cortical ribbon mask Mon Mar  9 09:38:05 CET 2026
recon-all -s sub-v1s20x0050302_ses-1 finished without error at Mon Mar  9 09:42:08 CET 2026



#New# invocation of recon-all 



status file for recon-all
Mon Mar  9 09:48:13 CET 2026
#@# white curv lh Mon Mar  9 09:48:13 CET 2026
#@# white area lh Mon Mar  9 09:48:13 CET 2026
#@# pial curv lh Mon Mar  9 09:48:13 CET 2026
#@# pial area lh Mon Mar  9 09:48:13 CET 2026
#@# thickness lh Mon Mar  9 09:48:13 CET 2026
#@# area and vertex vol lh Mon Mar  9 09:48:13 CET 2026
#@# white curv rh Mon Mar  9 09:48:13 CET 2026
#@# white area rh Mon Mar  9 09:48:13 CET 2026
#@# pial curv rh Mon Mar  9 09:48:13 CET 2026
#@# pial area rh Mon Mar  9 09:48:13 CET 2026
#@# thickness rh Mon Mar  9 09:48:13 CET 2026
#@# area and vertex vol rh Mon Mar  9 09:48:13 CET 2026
#@# Curvature Stats lh Mon Mar  9 09:48:13 CET 2026
#@# Curvature Stats rh Mon Mar  9 09:48:15 CET 2026
#@# Relabel Hypointensities Mon Mar  9 09:48:17 CET 2026
#@# APas-to-ASeg Mon Mar  9 09:48:31 CET 2026
#@# AParc-to-ASeg aparc Mon Mar  9 09:48:39 CET 2026
#@# AParc-to-ASeg aparc.a2009s Mon Mar  9 09:49:05 CET 2026
#@# AParc-to-ASeg aparc.DKTatlas Mon Mar  9 09:49:34 CET 2026
#@# WMParc Mon Mar  9 09:50:03 CET 2026
#@# ASeg Stats Mon Mar  9 09:54:35 CET 2026
recon-all -s sub-v1s20x0050302_ses-1 finished without error at Mon Mar  9 09:55:18 CET 2026
