status file for recon-all
Mon Mar  9 08:56:30 CET 2026
#@# Tessellate lh Mon Mar  9 08:56:30 CET 2026
#@# Smooth1 lh Mon Mar  9 08:56:34 CET 2026
#@# Inflation1 lh Mon Mar  9 08:56:37 CET 2026
#@# QSphere lh Mon Mar  9 08:56:48 CET 2026
#@# Fix Topology lh Mon Mar  9 08:57:58 CET 2026
#@# Smooth2 lh Mon Mar  9 09:02:55 CET 2026
#@# Inflation2 lh Mon Mar  9 09:02:57 CET 2026
#@# Curv .H and .K lh Mon Mar  9 09:03:09 CET 2026
#@# Sphere lh Mon Mar  9 09:03:49 CET 2026
#@# Surf Reg lh Mon Mar  9 09:06:47 CET 2026
#@# Jacobian white lh Mon Mar  9 09:10:06 CET 2026
#@# AvgCurv lh Mon Mar  9 09:10:07 CET 2026
#@# Cortical Parc lh Mon Mar  9 09:10:08 CET 2026
#@# white curv lh Mon Mar  9 09:15:43 CET 2026
#@# white area lh Mon Mar  9 09:15:45 CET 2026
#@# pial curv lh Mon Mar  9 09:15:46 CET 2026
#@# pial area lh Mon Mar  9 09:15:47 CET 2026
#@# thickness lh Mon Mar  9 09:15:48 CET 2026
#@# area and vertex vol lh Mon Mar  9 09:16:14 CET 2026
#@# Curvature Stats lh Mon Mar  9 09:16:16 CET 2026
#@# Cortical Parc 2 lh Mon Mar  9 09:16:18 CET 2026
#@# Cortical Parc 3 lh Mon Mar  9 09:16:30 CET 2026
#@# WM/GM Contrast lh Mon Mar  9 09:16:39 CET 2026
recon-all -s sub-v1s20x0050302_ses-1 finished without error at Mon Mar  9 09:16:42 CET 2026



#New# invocation of recon-all 



status file for recon-all
Mon Mar  9 09:42:14 CET 2026
#@# white curv lh Mon Mar  9 09:42:14 CET 2026
#@# white area lh Mon Mar  9 09:42:14 CET 2026
#@# pial curv lh Mon Mar  9 09:42:14 CET 2026
#@# pial area lh Mon Mar  9 09:42:14 CET 2026
#@# thickness lh Mon Mar  9 09:42:14 CET 2026
#@# area and vertex vol lh Mon Mar  9 09:42:14 CET 2026
#@# Parcellation Stats lh Mon Mar  9 09:42:14 CET 2026
#@# Parcellation Stats 2 lh Mon Mar  9 09:42:29 CET 2026
#@# Parcellation Stats 3 lh Mon Mar  9 09:42:36 CET 2026
#@# BA_exvivo Labels lh Mon Mar  9 09:42:43 CET 2026
recon-all -s sub-v1s20x0050302_ses-1 finished without error at Mon Mar  9 09:45:09 CET 2026
