/out/sourcedata/freesurfer/sub-v1s20x0050290_ses-1/mri
/opt/freesurfer/bin/talairach_avi
--i orig_nu.mgz --xfm transforms/talairach.auto.xfm
talairach_avi 7.3.2
Linux dna061 5.14.0-427.37.1.el9_4.x86_64 #1 SMP PREEMPT_DYNAMIC Fri Sep 13 12:41:50 EDT 2024 x86_64 x86_64 x86_64 GNU/Linux
Thu Mar 12 15:13:28 CET 2026
mri_convert orig_nu.mgz talsrcimg.img 
reading from orig_nu.mgz...
TR=0.00, TE=0.00, TI=0.00, flip angle=0.00
i_ras = (-1, 0, 0)
j_ras = (0, 0, -1)
k_ras = (0, 1, 0)
writing to talsrcimg.img...
Analyze Output Matrix
-1.00000   0.00000   0.00000   129.50000;
 0.00000   0.00000   1.00000  -128.50000;
 0.00000  -1.00000   0.00000   129.70001;
 0.00000   0.00000   0.00000   1.00000;
--------------------
INFO: set hdr.hist.orient to -1
mpr2mni305 talsrcimg
Thu Mar 12 15:13:29 CET 2026
/opt/freesurfer/bin/mpr2mni305 talsrcimg
mpr2mni305 7.3.2
target=711-2C_as_mni_average_305

---------------------------------------------------------------------
analyzeto4dfp talsrcimg -O0 -y
---------------------------------------------------------------------

freesurfer ifh2hdr.c
Thu Mar 12 15:13:29 2026
Writing: talsrcimg.4dfp.hdr
freesurfer analyzeto4dfp.c
Reading: talsrcimg.hdr
header size 348 bytes
hdr.dime.datatype	offset=70	value=2
hdr.dime.bitpix		offset=72	value=8
hdr.hist.orient		offset=252	value=-1
dimensionality     4
dimensions       256       256       256         1
Reading: talsrcimg.img
Writing: talsrcimg.4dfp.img
Writing: talsrcimg.4dfp.ifh
ifh2hdr talsrcimg -r0to242
ori=2

---------------------------------------------------------------------
gauss_4dfp talsrcimg 1.1
---------------------------------------------------------------------

freesurfer gauss_4dfp.c
Reading: talsrcimg.4dfp.img
Writing: talsrcimg_g11.4dfp.img
image dimensions 256 256 256 padded to 288 288 288
processing volume 1freesurfer ifh2hdr.c
Thu Mar 12 15:13:31 2026
Writing: talsrcimg_g11.4dfp.hdr

Writing: talsrcimg_g11.4dfp.ifh
including: talsrcimg.4dfp.img.rec in talsrcimg_g11.4dfp.img.rec

---------------------------------------------------------------------
imgreg_4dfp /opt/freesurfer/average/711-2C_as_mni_average_305 none talsrcimg_g11 none talsrcimg_to_711-2C_as_mni_average_305_t4 4355
---------------------------------------------------------------------

freesurfer imgreg_4dfp.c
/opt/freesurfer/average/711-2C_as_mni_average_305.4dfp.img
       256       256       256         1
  1.000000  1.000000  1.000000
orientation T byte_order littleendian
Reading image: /opt/freesurfer/average/711-2C_as_mni_average_305.4dfp.img
dimensions:      256       256       256
mmppix:       1.0000   -1.0000   -1.0000
center:     128.0000 -129.0000 -129.0000
talsrcimg_g11.4dfp.img
       256       256       256         1
  1.000000  1.000000  1.000000
orientation T byte_order littleendian
Reading image: talsrcimg_g11.4dfp.img
dimensions:      256       256       256
mmppix:       1.0000   -1.0000   -1.0000
center:     128.0000 -129.0000 -129.0000
t4_read: open error in t4_sub.f l:  41 t4_file(1:l)talsrcimg_to_711-2C_as_mni_average_305_t4 
t4_read: transform initialized to I4
rotation matrix determinant  1.000000
image alignment mode   4355 decimal     1103 hex
   -7.5000  -45.0000  -45.0000 7116.5000   19.9588
    0.0000  -45.0000  -45.0000 7402.1875   19.8968
    7.5000  -45.0000  -45.0000 7068.5122   19.9198
   -7.5000  -37.5000  -45.0000 7588.7095   19.9298
    0.0000  -37.5000  -45.0000 7887.8843   19.8643
    7.5000  -37.5000  -45.0000 7534.3604   19.8811
   -7.5000  -30.0000  -45.0000 8304.5273   19.8477
    0.0000  -30.0000  -45.0000 8628.5781   19.7791
    7.5000  -30.0000  -45.0000 8237.0879   19.7958
   -7.5000  -22.5000  -45.0000 8967.8516   19.7985
    0.0000  -22.5000  -45.0000 9323.2451   19.7299
    7.5000  -22.5000  -45.0000 8864.5977   19.7534
   -7.5000  -15.0000  -45.0000 9525.9736   19.8175
    0.0000  -15.0000  -45.0000 9928.3750   19.7526
    7.5000  -15.0000  -45.0000 9434.3682   19.7829
   -7.5000   -7.5000  -45.000010040.2402   19.8956
    0.0000   -7.5000  -45.000010476.1982   19.8342
    7.5000   -7.5000  -45.0000 9948.6191   19.8639
   -7.5000    0.0000  -45.000010550.6250   19.9588
    0.0000    0.0000  -45.000011013.8770   19.8968
    7.5000    0.0000  -45.000010455.3096   19.9198
   -7.5000    7.5000  -45.000010305.8818   19.9298
    0.0000    7.5000  -45.000010780.8643   19.8643
    7.5000    7.5000  -45.000010214.7637   19.8811
   -7.5000   15.0000  -45.0000 9974.6367   19.8477
    0.0000   15.0000  -45.000010392.1748   19.7791
    7.5000   15.0000  -45.0000 9862.9287   19.7958
   -7.5000   22.5000  -45.0000 9410.3564   19.7957
    0.0000   22.5000  -45.0000 9814.3086   19.7272
    7.5000   22.5000  -45.0000 9296.0225   19.7507
   -7.5000   30.0000  -45.0000 8683.8857   19.5534
    0.0000   30.0000  -45.0000 9055.5723   19.4894
    7.5000   30.0000  -45.0000 8607.3047   19.5192
   -7.5000   37.5000  -45.0000 8202.2500   19.6304
    0.0000   37.5000  -45.0000 8545.4229   19.5699
    7.5000   37.5000  -45.0000 8158.9507   19.5992
   -7.5000   45.0000  -45.0000 7403.4917   19.1928
    0.0000   45.0000  -45.0000 7714.1128   19.1331
    7.5000   45.0000  -45.0000 7342.7808   19.1553
   -7.5000  -45.0000  -37.5000 7670.3335   19.7228
    0.0000  -45.0000  -37.5000 8000.4819   19.6533
    7.5000  -45.0000  -37.5000 7621.1846   19.6687
   -7.5000  -37.5000  -37.5000 8158.1587   19.6976
    0.0000  -37.5000  -37.5000 8501.1875   19.6288
    7.5000  -37.5000  -37.5000 8110.6187   19.6425
   -7.5000  -30.0000  -37.5000 8916.3584   19.6185
    0.0000  -30.0000  -37.5000 9283.1475   19.5570
    7.5000  -30.0000  -37.5000 8842.6230   19.5797
   -7.5000  -22.5000  -37.5000 9605.5215   19.5699
    0.0000  -22.5000  -37.500010011.1895   19.5136
    7.5000  -22.5000  -37.5000 9522.7246   19.5471
   -7.5000  -15.0000  -37.500010164.9033   19.5874
    0.0000  -15.0000  -37.500010620.5830   19.5314
    7.5000  -15.0000  -37.500010093.2363   19.5676
   -7.5000   -7.5000  -37.500010710.1191   19.6611
    0.0000   -7.5000  -37.500011188.7129   19.5994
    7.5000   -7.5000  -37.500010619.6738   19.6265
   -7.5000    0.0000  -37.500011250.7979   19.7228
    0.0000    0.0000  -37.500011776.7783   19.6533
    7.5000    0.0000  -37.500011148.8926   19.6687
   -7.5000    7.5000  -37.500010983.9375   19.6976
    0.0000    7.5000  -37.500011507.3008   19.6288
    7.5000    7.5000  -37.500010875.2334   19.6425
   -7.5000   15.0000  -37.500010580.2686   19.6185
    0.0000   15.0000  -37.500011095.4854   19.5570
    7.5000   15.0000  -37.500010480.9014   19.5797
   -7.5000   22.5000  -37.5000 9950.8721   19.5672
    0.0000   22.5000  -37.500010435.9561   19.5109
    7.5000   22.5000  -37.5000 9852.8340   19.5444
   -7.5000   30.0000  -37.5000 9156.6582   19.3263
    0.0000   30.0000  -37.5000 9617.9092   19.2711
    7.5000   30.0000  -37.5000 9092.6719   19.3069
   -7.5000   37.5000  -37.5000 8618.4746   19.3991
    0.0000   37.5000  -37.5000 9054.8496   19.3382
    7.5000   37.5000  -37.5000 8577.5869   19.3649
   -7.5000   45.0000  -37.5000 7744.8813   18.9659
    0.0000   45.0000  -37.5000 8123.0483   18.8990
    7.5000   45.0000  -37.5000 7702.2373   18.9138
   -7.5000  -45.0000  -30.0000 8464.2520   20.5143
    0.0000  -45.0000  -30.0000 8820.2422   20.4229
    7.5000  -45.0000  -30.0000 8384.0801   20.4269
   -7.5000  -37.5000  -30.0000 8974.8096   20.4940
    0.0000  -37.5000  -30.0000 9336.5693   20.4039
    7.5000  -37.5000  -30.0000 8896.9414   20.4096
   -7.5000  -30.0000  -30.0000 9774.1523   20.4264
    0.0000  -30.0000  -30.000010166.8154   20.3500
    7.5000  -30.0000  -30.0000 9680.2168   20.3689
   -7.5000  -22.5000  -30.000010517.7041   20.3853
    0.0000  -22.5000  -30.000010959.1064   20.3192
    7.5000  -22.5000  -30.000010413.8877   20.3487
   -7.5000  -15.0000  -30.000011112.5879   20.3998
    0.0000  -15.0000  -30.000011622.7744   20.3340
    7.5000  -15.0000  -30.000011009.6807   20.3626
   -7.5000   -7.5000  -30.000011716.0918   20.4611
    0.0000   -7.5000  -30.000012245.6064   20.3837
    7.5000   -7.5000  -30.000011571.3232   20.4000
   -7.5000    0.0000  -30.000012257.8232   20.5143
    0.0000    0.0000  -30.000012829.8320   20.4229
    7.5000    0.0000  -30.000012120.1494   20.4269
   -7.5000    7.5000  -30.000011926.3018   20.4940
    0.0000    7.5000  -30.000012487.5029   20.4039
    7.5000    7.5000  -30.000011796.5059   20.4096
   -7.5000   15.0000  -30.000011434.6211   20.4264
    0.0000   15.0000  -30.000011998.2158   20.3500
    7.5000   15.0000  -30.000011340.6182   20.3689
   -7.5000   22.5000  -30.000010724.8730   20.3804
    0.0000   22.5000  -30.000011262.0977   20.3143
    7.5000   22.5000  -30.000010635.3037   20.3439
   -7.5000   30.0000  -30.0000 9868.1621   20.1298
    0.0000   30.0000  -30.000010386.0762   20.0649
    7.5000   30.0000  -30.0000 9795.3086   20.0932
   -7.5000   37.5000  -30.0000 9267.2119   20.1904
    0.0000   37.5000  -30.0000 9741.8232   20.1140
    7.5000   37.5000  -30.0000 9191.8799   20.1300
   -7.5000   45.0000  -30.0000 8293.5439   19.7415
    0.0000   45.0000  -30.0000 8726.8555   19.6535
    7.5000   45.0000  -30.0000 8220.2686   19.6573
   -7.5000  -45.0000  -22.5000 9249.8105   21.2449
    0.0000  -45.0000  -22.5000 9653.7236   21.1381
    7.5000  -45.0000  -22.5000 9154.5312   21.1408
   -7.5000  -37.5000  -22.5000 9797.6572   21.2245
    0.0000  -37.5000  -22.500010222.1748   21.1144
    7.5000  -37.5000  -22.5000 9722.3232   21.1170
   -7.5000  -30.0000  -22.500010649.6045   21.1686
    0.0000  -30.0000  -22.500011100.7754   21.0654
    7.5000  -30.0000  -22.500010547.1572   21.0734
   -7.5000  -22.5000  -22.500011442.7490   21.1389
    0.0000  -22.5000  -22.500011934.5244   21.0443
    7.5000  -22.5000  -22.500011319.5391   21.0571
   -7.5000  -15.0000  -22.500012126.7432   21.1534
    0.0000  -15.0000  -22.500012691.0205   21.0632
    7.5000  -15.0000  -22.500011981.1963   21.0759
   -7.5000   -7.5000  -22.500012774.7656   21.2034
    0.0000   -7.5000  -22.500013404.0889   21.1079
    7.5000   -7.5000  -22.500012582.9229   21.1160
   -7.5000    0.0000  -22.500013315.3975   21.2449
    0.0000    0.0000  -22.500013966.7461   21.1381
    7.5000    0.0000  -22.500013124.7295   21.1408
   -7.5000    7.5000  -22.500012907.5400   21.2245
    0.0000    7.5000  -22.500013559.9346   21.1144
    7.5000    7.5000  -22.500012751.3857   21.1170
   -7.5000   15.0000  -22.500012354.6201   21.1686
    0.0000   15.0000  -22.500012974.5479   21.0654
    7.5000   15.0000  -22.500012236.1914   21.0734
   -7.5000   22.5000  -22.500011576.4482   21.1324
    0.0000   22.5000  -22.500012169.9180   21.0378
    7.5000   22.5000  -22.500011459.1738   21.0506
   -7.5000   30.0000  -22.500010649.8047   20.8767
    0.0000   30.0000  -22.500011204.9893   20.7876
    7.5000   30.0000  -22.500010555.7715   20.8002
   -7.5000   37.5000  -22.5000 9951.6494   20.9260
    0.0000   37.5000  -22.500010482.8086   20.8318
    7.5000   37.5000  -22.5000 9863.2803   20.8398
   -7.5000   45.0000  -22.5000 8864.9414   20.4599
    0.0000   45.0000  -22.5000 9359.1943   20.3571
    7.5000   45.0000  -22.5000 8802.7324   20.3596
   -7.5000  -45.0000  -15.0000 9998.4473   21.8130
    0.0000  -45.0000  -15.000010468.8340   21.7099
    7.5000  -45.0000  -15.0000 9953.0322   21.7206
   -7.5000  -37.5000  -15.000010606.7363   21.7897
    0.0000  -37.5000  -15.000011108.3730   21.6791
    7.5000  -37.5000  -15.000010565.6133   21.6854
   -7.5000  -30.0000  -15.000011531.3896   21.7343
    0.0000  -30.0000  -15.000012048.6064   21.6183
    7.5000  -30.0000  -15.000011442.1562   21.6197
   -7.5000  -22.5000  -15.000012377.0771   21.7065
    0.0000  -22.5000  -15.000012946.9619   21.5925
    7.5000  -22.5000  -15.000012244.1973   21.5929
   -7.5000  -15.0000  -15.000013134.3691   21.7214
    0.0000  -15.0000  -15.000013803.6514   21.6152
    7.5000  -15.0000  -15.000012949.0234   21.6193
   -7.5000   -7.5000  -15.000013827.9453   21.7724
    0.0000   -7.5000  -15.000014557.2783   21.6718
    7.5000   -7.5000  -15.000013638.5020   21.6812
   -7.5000    0.0000  -15.000014403.8711   21.8130
    0.0000    0.0000  -15.000015158.7686   21.7099
    7.5000    0.0000  -15.000014228.2783   21.7206
   -7.5000    7.5000  -15.000013929.3438   21.7897
    0.0000    7.5000  -15.000014654.7432   21.6791
    7.5000    7.5000  -15.000013783.2178   21.6854
   -7.5000   15.0000  -15.000013325.4648   21.7343
    0.0000   15.0000  -15.000014002.9150   21.6183
    7.5000   15.0000  -15.000013169.2803   21.6197
   -7.5000   22.5000  -15.000012483.3398   21.6988
    0.0000   22.5000  -15.000013147.6025   21.5849
    7.5000   22.5000  -15.000012347.4365   21.5852
   -7.5000   30.0000  -15.000011400.3594   21.4403
    0.0000   30.0000  -15.000012068.4268   21.3354
    7.5000   30.0000  -15.000011335.7490   21.3395
   -7.5000   37.5000  -15.000010613.6074   21.4906
    0.0000   37.5000  -15.000011254.2227   21.3913
    7.5000   37.5000  -15.000010573.3916   21.4006
   -7.5000   45.0000  -15.0000 9431.3320   21.0197
    0.0000   45.0000  -15.000010005.0557   20.9203
    7.5000   45.0000  -15.0000 9401.4688   20.9306
   -7.5000  -45.0000   -7.500010835.4277   22.1028
    0.0000  -45.0000   -7.500011386.9023   22.0205
    7.5000  -45.0000   -7.500010799.2578   22.0422
   -7.5000  -37.5000   -7.500011491.7314   22.0740
    0.0000  -37.5000   -7.500012058.5420   21.9849
    7.5000  -37.5000   -7.500011435.8545   21.9992
   -7.5000  -30.0000   -7.500012513.3916   22.0024
    0.0000  -30.0000   -7.500013089.3438   21.9041
    7.5000  -30.0000   -7.500012408.5303   21.9113
   -7.5000  -22.5000   -7.500013438.4395   21.9631
    0.0000  -22.5000   -7.500014076.0215   21.8627
    7.5000  -22.5000   -7.500013275.5566   21.8706
   -7.5000  -15.0000   -7.500014207.8906   21.9812
    0.0000  -15.0000   -7.500015024.3330   21.8875
    7.5000  -15.0000   -7.500014020.9512   21.9026
   -7.5000   -7.5000   -7.500014889.5498   22.0492
    0.0000   -7.5000   -7.500015751.5273   21.9643
    7.5000   -7.5000   -7.500014750.5771   21.9862
   -7.5000    0.0000   -7.500015462.1699   22.1028
    0.0000    0.0000   -7.500016363.2363   22.0205
    7.5000    0.0000   -7.500015361.6230   22.0422
   -7.5000    7.5000   -7.500014974.7168   22.0740
    0.0000    7.5000   -7.500015780.9121   21.9849
    7.5000    7.5000   -7.500014851.6777   21.9992
   -7.5000   15.0000   -7.500014303.5459   22.0024
    0.0000   15.0000   -7.500015076.4990   21.9041
    7.5000   15.0000   -7.500014165.3887   21.9113
   -7.5000   22.5000   -7.500013384.0537   21.9529
    0.0000   22.5000   -7.500014151.2607   21.8526
    7.5000   22.5000   -7.500013267.7979   21.8605
   -7.5000   30.0000   -7.500012214.4131   21.6961
    0.0000   30.0000   -7.500012978.4561   21.6036
    7.5000   30.0000   -7.500012163.6787   21.6186
   -7.5000   37.5000   -7.500011324.8359   21.7633
    0.0000   37.5000   -7.500012068.8975   21.6795
    7.5000   37.5000   -7.500011293.6514   21.7011
   -7.5000   45.0000   -7.500010005.6270   21.3029
    0.0000   45.0000   -7.500010653.5781   21.2236
    7.5000   45.0000   -7.500010018.0537   21.2445
   -7.5000  -45.0000    0.000011589.6777   22.1302
    0.0000  -45.0000    0.000012215.1904   22.0619
    7.5000  -45.0000    0.000011574.5537   22.0885
   -7.5000  -37.5000    0.000012248.1094   22.0973
    0.0000  -37.5000    0.000012901.9062   22.0257
    7.5000  -37.5000    0.000012221.9385   22.0454
   -7.5000  -30.0000    0.000013400.6445   22.0079
    0.0000  -30.0000    0.000014031.9473   21.9330
    7.5000  -30.0000    0.000013304.7197   21.9522
   -7.5000  -22.5000    0.000014464.2246   21.9557
    0.0000  -22.5000    0.000015331.9336   21.8803
    7.5000  -22.5000    0.000014319.4756   21.9068
   -7.5000  -15.0000    0.000015259.7305   21.9777
    0.0000  -15.0000    0.000016308.6621   21.9059
    7.5000  -15.0000    0.000015136.8828   21.9398
   -7.5000   -7.5000    0.000015833.8828   22.0626
    0.0000   -7.5000    0.000016852.7109   21.9946
    7.5000   -7.5000    0.000015837.3467   22.0283
   -7.5000    0.0000    0.000016390.8340   22.1302
    0.0000    0.0000    0.000017395.0898   22.0619
    7.5000    0.0000    0.000016398.8730   22.0885
   -7.5000    7.5000    0.000015832.4561   22.0973
    0.0000    7.5000    0.000016765.8418   22.0257
    7.5000    7.5000    0.000015787.9814   22.0454
   -7.5000   15.0000    0.000015120.1426   22.0079
    0.0000   15.0000    0.000016004.9873   21.9330
    7.5000   15.0000    0.000015029.7080   21.9522
   -7.5000   22.5000    0.000014150.5605   21.9456
    0.0000   22.5000    0.000015000.5420   21.8702
    7.5000   22.5000    0.000014074.0264   21.8967
   -7.5000   30.0000    0.000012904.7041   21.6933
    0.0000   30.0000    0.000013733.1260   21.6223
    7.5000   30.0000    0.000012899.9277   21.6559
   -7.5000   37.5000    0.000011969.1143   21.7771
    0.0000   37.5000    0.000012755.4395   21.7099
    7.5000   37.5000    0.000011958.6406   21.7432
   -7.5000   45.0000    0.000010552.3701   21.3310
    0.0000   45.0000    0.000011214.2305   21.2651
    7.5000   45.0000    0.000010567.3779   21.2908
   -7.5000  -45.0000    7.500011418.6885   22.0703
    0.0000  -45.0000    7.500012083.9736   21.9925
    7.5000  -45.0000    7.500011427.3027   22.0096
   -7.5000  -37.5000    7.500012088.0820   22.0420
    0.0000  -37.5000    7.500012786.6650   21.9650
    7.5000  -37.5000    7.500012112.8594   21.9803
   -7.5000  -30.0000    7.500013305.0156   21.9535
    0.0000  -30.0000    7.500014103.4844   21.8847
    7.5000  -30.0000    7.500013320.8857   21.9101
   -7.5000  -22.5000    7.500014434.4258   21.8991
    0.0000  -22.5000    7.500015665.0020   21.8360
    7.5000  -22.5000    7.500014440.7441   21.8736
   -7.5000  -15.0000    7.500015201.0039   21.9186
    0.0000  -15.0000    7.500016314.7734   21.8560
    7.5000  -15.0000    7.500015219.5645   21.8966
   -7.5000   -7.5000    7.500015699.6953   22.0012
    0.0000   -7.5000    7.500016654.5781   21.9321
    7.5000   -7.5000    7.500015777.2197   21.9624
   -7.5000    0.0000    7.500016231.2705   22.0703
    0.0000    0.0000    7.500017145.8906   21.9925
    7.5000    0.0000    7.500016267.6270   22.0096
   -7.5000    7.5000    7.500015668.1182   22.0420
    0.0000    7.5000    7.500016566.4551   21.9650
    7.5000    7.5000    7.500015653.2246   21.9803
   -7.5000   15.0000    7.500014920.0684   21.9535
    0.0000   15.0000    7.500015805.5332   21.8847
    7.5000   15.0000    7.500014871.6182   21.9101
   -7.5000   22.5000    7.500013922.6953   21.8890
    0.0000   22.5000    7.500014750.6719   21.8260
    7.5000   22.5000    7.500013852.1113   21.8635
   -7.5000   30.0000    7.500012668.1055   21.6350
    0.0000   30.0000    7.500013457.0518   21.5732
    7.5000   30.0000    7.500012642.4863   21.6132
   -7.5000   37.5000    7.500011725.0811   21.7164
    0.0000   37.5000    7.500012487.0820   21.6482
    7.5000   37.5000    7.500011721.2334   21.6782
   -7.5000   45.0000    7.500010347.6113   21.2732
    0.0000   45.0000    7.500010979.5850   21.1982
    7.5000   45.0000    7.500010354.1836   21.2148
   -7.5000  -45.0000   15.000011082.6895   22.0290
    0.0000  -45.0000   15.000011704.7734   21.9308
    7.5000  -45.0000   15.000011097.8789   21.9351
   -7.5000  -37.5000   15.000011752.9541   22.0072
    0.0000  -37.5000   15.000012404.9229   21.9105
    7.5000  -37.5000   15.000011804.8633   21.9166
   -7.5000  -30.0000   15.000012899.0586   21.9346
    0.0000  -30.0000   15.000013768.6465   21.8526
    7.5000  -30.0000   15.000013001.4551   21.8728
   -7.5000  -22.5000   15.000013986.8779   21.8905
    0.0000  -22.5000   15.000014981.4766   21.8195
    7.5000  -22.5000   15.000014017.9043   21.8512
   -7.5000  -15.0000   15.000014716.2832   21.9060
    0.0000  -15.0000   15.000015480.8623   21.8353
    7.5000  -15.0000   15.000014734.1973   21.8661
   -7.5000   -7.5000   15.000015226.2500   21.9719
    0.0000   -7.5000   15.000015880.0879   21.8888
    7.5000   -7.5000   15.000015257.9131   21.9062
   -7.5000    0.0000   15.000015780.1318   22.0290
    0.0000    0.0000   15.000016496.5547   21.9308
    7.5000    0.0000   15.000015748.3457   21.9351
   -7.5000    7.5000   15.000015264.8008   22.0072
    0.0000    7.5000   15.000016024.1416   21.9105
    7.5000    7.5000   15.000015197.9541   21.9166
   -7.5000   15.0000   15.000014517.6572   21.9346
    0.0000   15.0000   15.000015273.6729   21.8526
    7.5000   15.0000   15.000014423.5420   21.8728
   -7.5000   22.5000   15.000013541.6650   21.8804
    0.0000   22.5000   15.000014296.9277   21.8094
    7.5000   22.5000   15.000013436.2822   21.8411
   -7.5000   30.0000   15.000012336.4727   21.6225
    0.0000   30.0000   15.000013047.2314   21.5528
    7.5000   30.0000   15.000012243.5527   21.5831
   -7.5000   37.5000   15.000011395.7793   21.6875
    0.0000   37.5000   15.000012069.6240   21.6055
    7.5000   37.5000   15.000011340.9922   21.6227
   -7.5000   45.0000   15.000010026.5430   21.2334
    0.0000   45.0000   15.000010594.7559   21.1388
    7.5000   45.0000   15.0000 9989.2246   21.1429
   -7.5000  -45.0000   22.500010680.5332   22.0539
    0.0000  -45.0000   22.500011255.3535   21.9431
    7.5000  -45.0000   22.500010708.5020   21.9458
   -7.5000  -37.5000   22.500011341.0830   22.0328
    0.0000  -37.5000   22.500011924.3652   21.9185
    7.5000  -37.5000   22.500011354.9688   21.9211
   -7.5000  -30.0000   22.500012407.5664   21.9747
    0.0000  -30.0000   22.500013108.5645   21.8676
    7.5000  -30.0000   22.500012416.1299   21.8759
   -7.5000  -22.5000   22.500013452.4521   21.9439
    0.0000  -22.5000   22.500014170.3799   21.8457
    7.5000  -22.5000   22.500013312.9561   21.8589
   -7.5000  -15.0000   22.500014278.9795   21.9589
    0.0000  -15.0000   22.500014849.0850   21.8652
    7.5000  -15.0000   22.500014058.9111   21.8785
   -7.5000   -7.5000   22.500014881.2324   22.0108
    0.0000   -7.5000   22.500015455.5439   21.9117
    7.5000   -7.5000   22.500014709.8174   21.9201
   -7.5000    0.0000   22.500015348.4180   22.0539
    0.0000    0.0000   22.500015982.6279   21.9431
    7.5000    0.0000   22.500015187.5615   21.9458
   -7.5000    7.5000   22.500014758.6699   22.0328
    0.0000    7.5000   22.500015398.0898   21.9185
    7.5000    7.5000   22.500014619.9746   21.9211
   -7.5000   15.0000   22.500013969.1123   21.9747
    0.0000   15.0000   22.500014606.1621   21.8676
    7.5000   15.0000   22.500013855.8408   21.8759
   -7.5000   22.5000   22.500013015.7852   21.9338
    0.0000   22.5000   22.500013651.2256   21.8356
    7.5000   22.5000   22.500012891.3906   21.8489
   -7.5000   30.0000   22.500011829.6191   21.6747
    0.0000   30.0000   22.500012485.4453   21.5823
    7.5000   30.0000   22.500011760.5801   21.5953
   -7.5000   37.5000   22.500010922.0898   21.7259
    0.0000   37.5000   22.500011552.9268   21.6281
    7.5000   37.5000   22.500010872.8008   21.6364
   -7.5000   45.0000   22.5000 9614.2285   21.2575
    0.0000   45.0000   22.500010192.7070   21.1506
    7.5000   45.0000   22.5000 9545.0547   21.1532
   -7.5000  -45.0000   30.000010106.5674   22.1124
    0.0000  -45.0000   30.000010640.4971   22.0078
    7.5000  -45.0000   30.000010091.3203   22.0187
   -7.5000  -37.5000   30.000010699.0000   22.0888
    0.0000  -37.5000   30.000011269.6963   21.9766
    7.5000  -37.5000   30.000010662.5186   21.9830
   -7.5000  -30.0000   30.000011663.7939   22.0326
    0.0000  -30.0000   30.000012261.7627   21.9150
    7.5000  -30.0000   30.000011582.3730   21.9164
   -7.5000  -22.5000   30.000012539.5693   22.0044
    0.0000  -22.5000   30.000013091.1123   21.8888
    7.5000  -22.5000   30.000012347.1836   21.8892
   -7.5000  -15.0000   30.000013275.5449   22.0195
    0.0000  -15.0000   30.000013868.1836   21.9118
    7.5000  -15.0000   30.000013065.7285   21.9160
   -7.5000   -7.5000   30.000013994.0938   22.0712
    0.0000   -7.5000   30.000014664.4531   21.9692
    7.5000   -7.5000   30.000013792.0439   21.9788
   -7.5000    0.0000   30.000014537.8945   22.1124
    0.0000    0.0000   30.000015244.7031   22.0078
    7.5000    0.0000   30.000014332.3330   22.0187
   -7.5000    7.5000   30.000013990.4971   22.0888
    0.0000    7.5000   30.000014653.0908   21.9766
    7.5000    7.5000   30.000013824.0791   21.9830
   -7.5000   15.0000   30.000013239.4297   22.0326
    0.0000   15.0000   30.000013851.0674   21.9150
    7.5000   15.0000   30.000013075.1826   21.9164
   -7.5000   22.5000   30.000012269.0615   21.9943
    0.0000   22.5000   30.000012864.8047   21.8788
    7.5000   22.5000   30.000012135.3584   21.8791
   -7.5000   30.0000   30.000011113.4971   21.7345
    0.0000   30.0000   30.000011685.4189   21.6282
    7.5000   30.0000   30.000011047.3965   21.6324
   -7.5000   37.5000   30.000010272.0088   21.7856
    0.0000   37.5000   30.000010776.4941   21.6849
    7.5000   37.5000   30.000010200.2051   21.6943
   -7.5000   45.0000   30.0000 9092.7363   21.3138
    0.0000   45.0000   30.0000 9523.2744   21.2130
    7.5000   45.0000   30.0000 8996.4395   21.2234
   -7.5000  -45.0000   37.5000 9779.1387   22.1499
    0.0000  -45.0000   37.500010252.3281   22.0673
    7.5000  -45.0000   37.5000 9782.5889   22.0891
   -7.5000  -37.5000   37.500010332.4795   22.1210
    0.0000  -37.5000   37.500010821.5498   22.0317
    7.5000  -37.5000   37.500010330.1426   22.0460
   -7.5000  -30.0000   37.500011221.4395   22.0492
    0.0000  -30.0000   37.500011700.3447   21.9507
    7.5000  -30.0000   37.500011164.1074   21.9578
   -7.5000  -22.5000   37.500012024.0352   22.0098
    0.0000  -22.5000   37.500012491.1592   21.9091
    7.5000  -22.5000   37.500011912.3555   21.9170
   -7.5000  -15.0000   37.500012710.4922   22.0280
    0.0000  -15.0000   37.500013215.2129   21.9339
    7.5000  -15.0000   37.500012597.3994   21.9491
   -7.5000   -7.5000   37.500013374.0840   22.0962
    0.0000   -7.5000   37.500013977.8984   22.0111
    7.5000   -7.5000   37.500013264.2969   22.0330
   -7.5000    0.0000   37.500013948.1641   22.1499
    0.0000    0.0000   37.500014607.3945   22.0673
    7.5000    0.0000   37.500013830.9824   22.0891
   -7.5000    7.5000   37.500013540.8516   22.1210
    0.0000    7.5000   37.500014164.8691   22.0317
    7.5000    7.5000   37.500013397.1641   22.0460
   -7.5000   15.0000   37.500012829.8975   22.0492
    0.0000   15.0000   37.500013462.7363   21.9507
    7.5000   15.0000   37.500012693.6387   21.9578
   -7.5000   22.5000   37.500011896.1133   21.9996
    0.0000   22.5000   37.500012489.2920   21.8990
    7.5000   22.5000   37.500011769.4971   21.9069
   -7.5000   30.0000   37.500010756.6445   21.7429
    0.0000   30.0000   37.500011271.1807   21.6501
    7.5000   30.0000   37.500010668.1318   21.6651
   -7.5000   37.5000   37.5000 9883.4795   21.8102
    0.0000   37.5000   37.500010369.4385   21.7262
    7.5000   37.5000   37.5000 9812.0391   21.7478
   -7.5000   45.0000   37.5000 8746.5508   21.3499
    0.0000   45.0000   37.5000 9171.3721   21.2704
    7.5000   45.0000   37.5000 8699.0859   21.2914
   -7.5000  -45.0000   45.0000 8978.5449   22.1364
    0.0000  -45.0000   45.0000 9374.0693   22.0670
    7.5000  -45.0000   45.0000 9014.6826   22.0938
   -7.5000  -37.5000   45.0000 9460.0840   22.1031
    0.0000  -37.5000   45.0000 9890.9707   22.0306
    7.5000  -37.5000   45.0000 9516.9502   22.0504
   -7.5000  -30.0000   45.000010258.0527   22.0126
    0.0000  -30.0000   45.000010665.9395   21.9369
    7.5000  -30.0000   45.000010247.9287   21.9564
   -7.5000  -22.5000   45.000010965.6865   21.9598
    0.0000  -22.5000   45.000011365.3262   21.8837
    7.5000  -22.5000   45.000010932.6064   21.9106
   -7.5000  -15.0000   45.000011574.0283   21.9821
    0.0000  -15.0000   45.000012020.1953   21.9094
    7.5000  -15.0000   45.000011545.3223   21.9438
   -7.5000   -7.5000   45.000012174.7100   22.0680
    0.0000   -7.5000   45.000012684.2305   21.9990
    7.5000   -7.5000   45.000012156.6895   22.0329
   -7.5000    0.0000   45.000012720.9297   22.1364
    0.0000    0.0000   45.000013277.7090   22.0670
    7.5000    0.0000   45.000012686.3809   22.0938
   -7.5000    7.5000   45.000012342.3555   22.1031
    0.0000    7.5000   45.000012910.8516   22.0306
    7.5000    7.5000   45.000012303.5000   22.0504
   -7.5000   15.0000   45.000011722.0869   22.0126
    0.0000   15.0000   45.000012311.0234   21.9369
    7.5000   15.0000   45.000011681.0742   21.9564
   -7.5000   22.5000   45.000010872.4717   21.9496
    0.0000   22.5000   45.000011424.5166   21.8735
    7.5000   22.5000   45.000010844.4434   21.9004
   -7.5000   30.0000   45.0000 9814.8467   21.6957
    0.0000   30.0000   45.000010317.2910   21.6240
    7.5000   30.0000   45.0000 9813.2393   21.6579
   -7.5000   37.5000   45.0000 9047.2441   21.7805
    0.0000   37.5000   45.0000 9519.7500   21.7124
    7.5000   37.5000   45.0000 9057.0156   21.7459
   -7.5000   45.0000   45.0000 8034.9404   21.3466
    0.0000   45.0000   45.0000 8393.5215   21.2797
    7.5000   45.0000   45.0000 8000.4194   21.3055

---------------------------------------------------------------------
imgreg_4dfp /opt/freesurfer/average/711-2C_as_mni_average_305 /opt/freesurfer/average/711-2B_as_mni_average_305_mask talsrcimg_g11 none talsrcimg_to_711-2C_as_mni_average_305_t4 4355
---------------------------------------------------------------------

freesurfer imgreg_4dfp.c
/opt/freesurfer/average/711-2C_as_mni_average_305.4dfp.img
       256       256       256         1
  1.000000  1.000000  1.000000
orientation T byte_order littleendian
Reading image: /opt/freesurfer/average/711-2C_as_mni_average_305.4dfp.img
dimensions:      256       256       256
mmppix:       1.0000   -1.0000   -1.0000
center:     128.0000 -129.0000 -129.0000
/opt/freesurfer/average/711-2B_as_mni_average_305_mask.4dfp.img
       256       256       256         1
  1.000000  1.000000  1.000000
orientation T byte_order littleendian
Reading mask: /opt/freesurfer/average/711-2B_as_mni_average_305_mask.4dfp.img (2306576 pixels)
talsrcimg_g11.4dfp.img
       256       256       256         1
  1.000000  1.000000  1.000000
orientation T byte_order littleendian
Reading image: talsrcimg_g11.4dfp.img
dimensions:      256       256       256
mmppix:       1.0000   -1.0000   -1.0000
center:     128.0000 -129.0000 -129.0000
rotation matrix determinant  1.000000
image alignment mode   4355 decimal     1103 hex
   -7.5000  -45.0000  -45.0000 1996.1172   25.2967
    0.0000  -45.0000  -45.0000 2000.2863   25.3369
    7.5000  -45.0000  -45.0000 1982.9065   25.5888
   -7.5000  -37.5000  -45.0000 2075.8147   23.3664
    0.0000  -37.5000  -45.0000 2078.2021   23.4007
    7.5000  -37.5000  -45.0000 2063.0801   23.5721
   -7.5000  -30.0000  -45.0000 2132.8179   21.8813
    0.0000  -30.0000  -45.0000 2137.9600   21.9066
    7.5000  -30.0000  -45.0000 2121.1650   22.0861
   -7.5000  -22.5000  -45.0000 2163.4133   20.8399
    0.0000  -22.5000  -45.0000 2169.2170   20.8042
    7.5000  -22.5000  -45.0000 2152.9829   21.0386
   -7.5000  -15.0000  -45.0000 2177.5435   20.2981
    0.0000  -15.0000  -45.0000 2186.7805   20.1969
    7.5000  -15.0000  -45.0000 2169.6426   20.4590
   -7.5000   -7.5000  -45.0000 2172.7000   20.2278
    0.0000   -7.5000  -45.0000 2184.6414   20.1552
    7.5000   -7.5000  -45.0000 2165.0149   20.3895
   -7.5000    0.0000  -45.0000 2159.6643   20.7050
    0.0000    0.0000  -45.0000 2167.1702   20.6099
    7.5000    0.0000  -45.0000 2148.7673   20.8676
   -7.5000    7.5000  -45.0000 2124.0242   21.5193
    0.0000    7.5000  -45.0000 2138.8157   21.3884
    7.5000    7.5000  -45.0000 2114.6980   21.6587
   -7.5000   15.0000  -45.0000 2068.2607   22.7026
    0.0000   15.0000  -45.0000 2077.1782   22.5339
    7.5000   15.0000  -45.0000 2061.3933   22.8546
   -7.5000   22.5000  -45.0000 2001.2051   24.4390
    0.0000   22.5000  -45.0000 2007.3146   24.1737
    7.5000   22.5000  -45.0000 1989.3672   24.5612
   -7.5000   30.0000  -45.0000 1899.1656   26.7445
    0.0000   30.0000  -45.0000 1906.8137   26.4659
    7.5000   30.0000  -45.0000 1890.1482   26.9880
   -7.5000   37.5000  -45.0000 1791.0607   29.9849
    0.0000   37.5000  -45.0000 1795.9252   29.5952
    7.5000   37.5000  -45.0000 1784.6438   30.2314
   -7.5000   45.0000  -45.0000 1673.8629   34.2217
    0.0000   45.0000  -45.0000 1688.4324   33.7305
    7.5000   45.0000  -45.0000 1668.6345   34.3447
   -7.5000  -45.0000  -37.5000 2097.4023   23.1477
    0.0000  -45.0000  -37.5000 2103.5513   23.2507
    7.5000  -45.0000  -37.5000 2084.2104   23.3585
   -7.5000  -37.5000  -37.5000 2175.1169   21.3681
    0.0000  -37.5000  -37.5000 2181.3989   21.4236
    7.5000  -37.5000  -37.5000 2166.1704   21.5343
   -7.5000  -30.0000  -37.5000 2235.0444   19.9854
    0.0000  -30.0000  -37.5000 2244.6187   19.9934
    7.5000  -30.0000  -37.5000 2224.4653   20.1149
   -7.5000  -22.5000  -37.5000 2267.3674   19.0388
    0.0000  -22.5000  -37.5000 2280.6514   19.0230
    7.5000  -22.5000  -37.5000 2259.5164   19.1299
   -7.5000  -15.0000  -37.5000 2280.7188   18.4894
    0.0000  -15.0000  -37.5000 2289.7966   18.4785
    7.5000  -15.0000  -37.5000 2276.7617   18.6200
   -7.5000   -7.5000  -37.5000 2280.1528   18.5096
    0.0000   -7.5000  -37.5000 2291.8562   18.4598
    7.5000   -7.5000  -37.5000 2271.4683   18.5419
   -7.5000    0.0000  -37.5000 2268.6362   18.8605
    0.0000    0.0000  -37.5000 2281.6233   18.8313
    7.5000    0.0000  -37.5000 2258.4233   18.9595
   -7.5000    7.5000  -37.5000 2233.1277   19.6070
    0.0000    7.5000  -37.5000 2249.3745   19.5560
    7.5000    7.5000  -37.5000 2226.8953   19.7146
   -7.5000   15.0000  -37.5000 2173.1279   20.6571
    0.0000   15.0000  -37.5000 2188.8186   20.5821
    7.5000   15.0000  -37.5000 2171.1028   20.7411
   -7.5000   22.5000  -37.5000 2098.4019   22.2138
    0.0000   22.5000  -37.5000 2111.7886   22.0717
    7.5000   22.5000  -37.5000 2090.1760   22.3813
   -7.5000   30.0000  -37.5000 1994.5349   24.3759
    0.0000   30.0000  -37.5000 2001.4542   24.1949
    7.5000   30.0000  -37.5000 1983.8331   24.5636
   -7.5000   37.5000  -37.5000 1878.3054   27.4207
    0.0000   37.5000  -37.5000 1885.6377   27.0861
    7.5000   37.5000  -37.5000 1869.3341   27.5297
   -7.5000   45.0000  -37.5000 1756.4011   31.3200
    0.0000   45.0000  -37.5000 1762.1980   30.8767
    7.5000   45.0000  -37.5000 1746.7377   31.3941
   -7.5000  -45.0000  -30.0000 2233.0723   21.9489
    0.0000  -45.0000  -30.0000 2242.6665   21.9900
    7.5000  -45.0000  -30.0000 2218.6914   22.0393
   -7.5000  -37.5000  -30.0000 2310.6980   20.1865
    0.0000  -37.5000  -30.0000 2314.4932   20.2337
    7.5000  -37.5000  -30.0000 2297.8730   20.3040
   -7.5000  -30.0000  -30.0000 2373.1460   18.9060
    0.0000  -30.0000  -30.0000 2383.7126   18.9123
    7.5000  -30.0000  -30.0000 2358.5305   18.9954
   -7.5000  -22.5000  -30.0000 2416.6611   17.9789
    0.0000  -22.5000  -30.0000 2430.6101   17.9649
    7.5000  -22.5000  -30.0000 2403.2578   18.0462
   -7.5000  -15.0000  -30.0000 2436.3496   17.4623
    0.0000  -15.0000  -30.0000 2451.6731   17.4728
    7.5000  -15.0000  -30.0000 2427.0654   17.5050
   -7.5000   -7.5000  -30.0000 2441.0042   17.5066
    0.0000   -7.5000  -30.0000 2452.3845   17.4292
    7.5000   -7.5000  -30.0000 2427.1941   17.4635
   -7.5000    0.0000  -30.0000 2422.1487   17.8624
    0.0000    0.0000  -30.0000 2437.4583   17.8505
    7.5000    0.0000  -30.0000 2414.1619   17.8782
   -7.5000    7.5000  -30.0000 2385.5615   18.5292
    0.0000    7.5000  -30.0000 2404.6489   18.5010
    7.5000    7.5000  -30.0000 2382.5542   18.5383
   -7.5000   15.0000  -30.0000 2321.6545   19.4756
    0.0000   15.0000  -30.0000 2337.1228   19.4622
    7.5000   15.0000  -30.0000 2317.0339   19.5477
   -7.5000   22.5000  -30.0000 2232.0972   20.9798
    0.0000   22.5000  -30.0000 2246.3628   20.9400
    7.5000   22.5000  -30.0000 2228.3130   21.1099
   -7.5000   30.0000  -30.0000 2123.1150   23.0998
    0.0000   30.0000  -30.0000 2135.8987   22.9696
    7.5000   30.0000  -30.0000 2117.5239   23.1863
   -7.5000   37.5000  -30.0000 1997.0760   25.9319
    0.0000   37.5000  -30.0000 2003.0984   25.6566
    7.5000   37.5000  -30.0000 1988.6412   25.9975
   -7.5000   45.0000  -30.0000 1858.9248   29.5224
    0.0000   45.0000  -30.0000 1870.2316   29.2453
    7.5000   45.0000  -30.0000 1850.7740   29.6332
   -7.5000  -45.0000  -22.5000 2333.8523   20.6590
    0.0000  -45.0000  -22.5000 2344.0872   20.6346
    7.5000  -45.0000  -22.5000 2315.3831   20.6272
   -7.5000  -37.5000  -22.5000 2412.4194   18.9935
    0.0000  -37.5000  -22.5000 2424.8213   18.9830
    7.5000  -37.5000  -22.5000 2402.3435   18.9953
   -7.5000  -30.0000  -22.5000 2478.8867   17.7301
    0.0000  -30.0000  -22.5000 2490.8635   17.6999
    7.5000  -30.0000  -22.5000 2468.9580   17.7627
   -7.5000  -22.5000  -22.5000 2536.9077   16.8823
    0.0000  -22.5000  -22.5000 2553.7327   16.8252
    7.5000  -22.5000  -22.5000 2524.4873   16.8927
   -7.5000  -15.0000  -22.5000 2570.3962   16.3831
    0.0000  -15.0000  -22.5000 2586.3164   16.3396
    7.5000  -15.0000  -22.5000 2554.7512   16.3537
   -7.5000   -7.5000  -22.5000 2579.7378   16.4091
    0.0000   -7.5000  -22.5000 2597.3320   16.3064
    7.5000   -7.5000  -22.5000 2566.1084   16.3506
   -7.5000    0.0000  -22.5000 2562.5874   16.7679
    0.0000    0.0000  -22.5000 2586.3271   16.7198
    7.5000    0.0000  -22.5000 2546.6914   16.7178
   -7.5000    7.5000  -22.5000 2518.8713   17.3663
    0.0000    7.5000  -22.5000 2543.5903   17.3226
    7.5000    7.5000  -22.5000 2506.6580   17.3247
   -7.5000   15.0000  -22.5000 2444.1274   18.3140
    0.0000   15.0000  -22.5000 2467.3086   18.2841
    7.5000   15.0000  -22.5000 2436.5608   18.3085
   -7.5000   22.5000  -22.5000 2348.1506   19.7412
    0.0000   22.5000  -22.5000 2367.1948   19.7677
    7.5000   22.5000  -22.5000 2341.8269   19.7792
   -7.5000   30.0000  -22.5000 2230.0933   21.7382
    0.0000   30.0000  -22.5000 2249.0410   21.6783
    7.5000   30.0000  -22.5000 2224.7119   21.7902
   -7.5000   37.5000  -22.5000 2090.7666   24.3316
    0.0000   37.5000  -22.5000 2107.0249   24.2517
    7.5000   37.5000  -22.5000 2083.9792   24.4244
   -7.5000   45.0000  -22.5000 1941.6627   27.7043
    0.0000   45.0000  -22.5000 1960.9091   27.5056
    7.5000   45.0000  -22.5000 1935.9487   27.7811
   -7.5000  -45.0000  -15.0000 2400.3530   19.3903
    0.0000  -45.0000  -15.0000 2413.3408   19.3848
    7.5000  -45.0000  -15.0000 2387.9546   19.4228
   -7.5000  -37.5000  -15.0000 2491.9746   17.8695
    0.0000  -37.5000  -15.0000 2508.7913   17.8302
    7.5000  -37.5000  -15.0000 2486.7119   17.8667
   -7.5000  -30.0000  -15.0000 2564.2490   16.6568
    0.0000  -30.0000  -15.0000 2577.0042   16.6041
    7.5000  -30.0000  -15.0000 2555.6753   16.6513
   -7.5000  -22.5000  -15.0000 2629.1106   15.8342
    0.0000  -22.5000  -15.0000 2651.7400   15.7443
    7.5000  -22.5000  -15.0000 2621.3652   15.8244
   -7.5000  -15.0000  -15.0000 2671.7263   15.3503
    0.0000  -15.0000  -15.0000 2692.6257   15.2894
    7.5000  -15.0000  -15.0000 2661.3242   15.3346
   -7.5000   -7.5000  -15.0000 2691.0547   15.3467
    0.0000   -7.5000  -15.0000 2710.0823   15.2773
    7.5000   -7.5000  -15.0000 2679.0054   15.3222
   -7.5000    0.0000  -15.0000 2670.0293   15.6738
    0.0000    0.0000  -15.0000 2700.2869   15.6197
    7.5000    0.0000  -15.0000 2660.6951   15.6662
   -7.5000    7.5000  -15.0000 2621.7905   16.2782
    0.0000    7.5000  -15.0000 2649.3728   16.2368
    7.5000    7.5000  -15.0000 2614.9312   16.2712
   -7.5000   15.0000  -15.0000 2543.7312   17.2335
    0.0000   15.0000  -15.0000 2564.3489   17.1969
    7.5000   15.0000  -15.0000 2534.6511   17.2502
   -7.5000   22.5000  -15.0000 2443.0652   18.6232
    0.0000   22.5000  -15.0000 2462.3838   18.5880
    7.5000   22.5000  -15.0000 2431.5586   18.6339
   -7.5000   30.0000  -15.0000 2309.3428   20.5335
    0.0000   30.0000  -15.0000 2331.2627   20.4806
    7.5000   30.0000  -15.0000 2300.9622   20.5537
   -7.5000   37.5000  -15.0000 2157.7322   23.0245
    0.0000   37.5000  -15.0000 2182.6040   22.9737
    7.5000   37.5000  -15.0000 2151.3564   23.0776
   -7.5000   45.0000  -15.0000 2001.5529   26.0969
    0.0000   45.0000  -15.0000 2019.0168   26.0627
    7.5000   45.0000  -15.0000 1995.8311   26.2023
   -7.5000  -45.0000   -7.5000 2455.1709   18.3507
    0.0000  -45.0000   -7.5000 2473.3398   18.3195
    7.5000  -45.0000   -7.5000 2446.9666   18.4416
   -7.5000  -37.5000   -7.5000 2560.0708   16.8449
    0.0000  -37.5000   -7.5000 2577.3403   16.8069
    7.5000  -37.5000   -7.5000 2552.1204   16.8826
   -7.5000  -30.0000   -7.5000 2647.4053   15.7086
    0.0000  -30.0000   -7.5000 2662.1079   15.6700
    7.5000  -30.0000   -7.5000 2641.0310   15.7519
   -7.5000  -22.5000   -7.5000 2718.3337   14.8772
    0.0000  -22.5000   -7.5000 2740.9783   14.7948
    7.5000  -22.5000   -7.5000 2712.8423   14.9139
   -7.5000  -15.0000   -7.5000 2766.4199   14.4025
    0.0000  -15.0000   -7.5000 2792.8159   14.3505
    7.5000  -15.0000   -7.5000 2754.2361   14.4468
   -7.5000   -7.5000   -7.5000 2784.1941   14.3366
    0.0000   -7.5000   -7.5000 2807.0247   14.3077
    7.5000   -7.5000   -7.5000 2776.7900   14.4011
   -7.5000    0.0000   -7.5000 2759.0325   14.6621
    0.0000    0.0000   -7.5000 2786.8687   14.5851
    7.5000    0.0000   -7.5000 2760.2751   14.7182
   -7.5000    7.5000   -7.5000 2706.1265   15.2970
    0.0000    7.5000   -7.5000 2731.1797   15.2221
    7.5000    7.5000   -7.5000 2708.4910   15.3515
   -7.5000   15.0000   -7.5000 2619.7805   16.2679
    0.0000   15.0000   -7.5000 2639.4402   16.1536
    7.5000   15.0000   -7.5000 2619.1267   16.2710
   -7.5000   22.5000   -7.5000 2508.4946   17.6685
    0.0000   22.5000   -7.5000 2529.3113   17.5695
    7.5000   22.5000   -7.5000 2500.5024   17.6526
   -7.5000   30.0000   -7.5000 2370.1562   19.5564
    0.0000   30.0000   -7.5000 2393.6348   19.4623
    7.5000   30.0000   -7.5000 2360.1772   19.5586
   -7.5000   37.5000   -7.5000 2210.6819   21.8921
    0.0000   37.5000   -7.5000 2239.0210   21.8899
    7.5000   37.5000   -7.5000 2206.3330   21.9820
   -7.5000   45.0000   -7.5000 2042.1619   24.7888
    0.0000   45.0000   -7.5000 2063.5142   24.8550
    7.5000   45.0000   -7.5000 2045.5913   24.9112
   -7.5000  -45.0000    0.0000 2496.8022   17.5360
    0.0000  -45.0000    0.0000 2519.0610   17.4840
    7.5000  -45.0000    0.0000 2497.9829   17.6505
   -7.5000  -37.5000    0.0000 2604.3572   16.0575
    0.0000  -37.5000    0.0000 2627.4890   16.0324
    7.5000  -37.5000    0.0000 2605.4158   16.1881
   -7.5000  -30.0000    0.0000 2704.8003   14.9462
    0.0000  -30.0000    0.0000 2728.5879   14.9124
    7.5000  -30.0000    0.0000 2705.5615   15.0505
   -7.5000  -22.5000    0.0000 2793.2253   14.1650
    0.0000  -22.5000    0.0000 2823.5413   14.1017
    7.5000  -22.5000    0.0000 2788.6785   14.2599
   -7.5000  -15.0000    0.0000 2851.8352   13.6804
    0.0000  -15.0000    0.0000 2885.4851   13.6191
    7.5000  -15.0000    0.0000 2842.3250   13.7452
   -7.5000   -7.5000    0.0000 2863.2083   13.5739
    0.0000   -7.5000    0.0000 2884.7722   13.5304
    7.5000   -7.5000    0.0000 2860.6294   13.6861
   -7.5000    0.0000    0.0000 2823.5542   13.8543
    0.0000    0.0000    0.0000 2848.6099   13.7590
    7.5000    0.0000    0.0000 2833.8989   13.9557
   -7.5000    7.5000    0.0000 2764.4626   14.5410
    0.0000    7.5000    0.0000 2785.2727   14.3627
    7.5000    7.5000    0.0000 2773.5120   14.5675
   -7.5000   15.0000    0.0000 2673.7922   15.5542
    0.0000   15.0000    0.0000 2687.6941   15.3818
    7.5000   15.0000    0.0000 2672.9221   15.5863
   -7.5000   22.5000    0.0000 2563.0730   16.9745
    0.0000   22.5000    0.0000 2575.1787   16.8200
    7.5000   22.5000    0.0000 2552.6055   17.0160
   -7.5000   30.0000    0.0000 2416.1406   18.7991
    0.0000   30.0000    0.0000 2434.4766   18.6699
    7.5000   30.0000    0.0000 2410.2913   18.8513
   -7.5000   37.5000    0.0000 2252.6760   21.0488
    0.0000   37.5000    0.0000 2276.5525   21.0111
    7.5000   37.5000    0.0000 2247.7092   21.1283
   -7.5000   45.0000    0.0000 2077.2876   23.9031
    0.0000   45.0000    0.0000 2095.8533   23.8553
    7.5000   45.0000    0.0000 2079.2031   23.9994
   -7.5000  -45.0000    7.5000 2519.5879   16.9087
    0.0000  -45.0000    7.5000 2546.0515   16.8703
    7.5000  -45.0000    7.5000 2526.4663   17.1162
   -7.5000  -37.5000    7.5000 2633.4817   15.4897
    0.0000  -37.5000    7.5000 2662.2812   15.4270
    7.5000  -37.5000    7.5000 2642.9111   15.6569
   -7.5000  -30.0000    7.5000 2746.2288   14.3863
    0.0000  -30.0000    7.5000 2778.6406   14.3290
    7.5000  -30.0000    7.5000 2752.9829   14.5339
   -7.5000  -22.5000    7.5000 2846.7961   13.6636
    0.0000  -22.5000    7.5000 2886.1111   13.6105
    7.5000  -22.5000    7.5000 2850.1958   13.7789
   -7.5000  -15.0000    7.5000 2913.4373   13.1562
    0.0000  -15.0000    7.5000 2967.7039   13.1641
    7.5000  -15.0000    7.5000 2910.8015   13.3076
   -7.5000   -7.5000    7.5000 2910.6614   12.9870
    0.0000   -7.5000    7.5000 2939.9890   12.8630
    7.5000   -7.5000    7.5000 2910.3010   13.2190
   -7.5000    0.0000    7.5000 2872.0720   13.3528
    0.0000    0.0000    7.5000 2888.4543   13.0915
    7.5000    0.0000    7.5000 2876.3018   13.4545
   -7.5000    7.5000    7.5000 2808.7188   14.0324
    0.0000    7.5000    7.5000 2828.2019   13.7957
    7.5000    7.5000    7.5000 2814.7317   14.1156
   -7.5000   15.0000    7.5000 2709.4121   15.0562
    0.0000   15.0000    7.5000 2728.5762   14.8602
    7.5000   15.0000    7.5000 2714.5156   15.1543
   -7.5000   22.5000    7.5000 2589.6577   16.4421
    0.0000   22.5000    7.5000 2600.5681   16.2869
    7.5000   22.5000    7.5000 2587.6592   16.5424
   -7.5000   30.0000    7.5000 2440.9731   18.2230
    0.0000   30.0000    7.5000 2456.1055   18.1058
    7.5000   30.0000    7.5000 2435.3784   18.3259
   -7.5000   37.5000    7.5000 2275.7683   20.4491
    0.0000   37.5000    7.5000 2302.2793   20.3194
    7.5000   37.5000    7.5000 2272.1404   20.5351
   -7.5000   45.0000    7.5000 2104.7283   23.2317
    0.0000   45.0000    7.5000 2121.9839   23.1083
    7.5000   45.0000    7.5000 2105.2908   23.2620
   -7.5000  -45.0000   15.0000 2525.2568   16.6652
    0.0000  -45.0000   15.0000 2550.2285   16.4908
    7.5000  -45.0000   15.0000 2532.0369   16.7869
   -7.5000  -37.5000   15.0000 2645.8901   15.2238
    0.0000  -37.5000   15.0000 2670.4094   15.0363
    7.5000  -37.5000   15.0000 2649.8486   15.3384
   -7.5000  -30.0000   15.0000 2757.4622   14.1542
    0.0000  -30.0000   15.0000 2788.8806   13.9596
    7.5000  -30.0000   15.0000 2762.2363   14.2530
   -7.5000  -22.5000   15.0000 2852.4958   13.4358
    0.0000  -22.5000   15.0000 2896.4065   13.3069
    7.5000  -22.5000   15.0000 2859.9714   13.4889
   -7.5000  -15.0000   15.0000 2910.5103   12.9070
    0.0000  -15.0000   15.0000 2964.1697   12.6725
    7.5000  -15.0000   15.0000 2910.4092   12.9950
   -7.5000   -7.5000   15.0000 2909.6013   12.7898
    0.0000   -7.5000   15.0000 2927.4885   12.3793
    7.5000   -7.5000   15.0000 2907.5718   12.9256
   -7.5000    0.0000   15.0000 2881.4980   13.1331
    0.0000    0.0000   15.0000 2897.4961   12.7990
    7.5000    0.0000   15.0000 2880.0925   13.2121
   -7.5000    7.5000   15.0000 2816.9307   13.8413
    0.0000    7.5000   15.0000 2833.6299   13.5780
    7.5000    7.5000   15.0000 2823.9651   13.8933
   -7.5000   15.0000   15.0000 2718.2539   14.8819
    0.0000   15.0000   15.0000 2731.5117   14.6287
    7.5000   15.0000   15.0000 2725.4016   14.9065
   -7.5000   22.5000   15.0000 2594.4844   16.2433
    0.0000   22.5000   15.0000 2605.9065   15.9969
    7.5000   22.5000   15.0000 2596.2073   16.2858
   -7.5000   30.0000   15.0000 2447.4419   18.0070
    0.0000   30.0000   15.0000 2459.6687   17.7452
    7.5000   30.0000   15.0000 2442.0730   18.0129
   -7.5000   37.5000   15.0000 2281.6248   20.1588
    0.0000   37.5000   15.0000 2302.3123   19.9869
    7.5000   37.5000   15.0000 2284.0212   20.2154
   -7.5000   45.0000   15.0000 2099.5498   22.8021
    0.0000   45.0000   15.0000 2117.3357   22.6691
    7.5000   45.0000   15.0000 2103.2712   22.8686
   -7.5000  -45.0000   22.5000 2520.9639   16.8625
    0.0000  -45.0000   22.5000 2540.0574   16.5352
    7.5000  -45.0000   22.5000 2529.9746   16.8381
   -7.5000  -37.5000   22.5000 2646.1296   15.4554
    0.0000  -37.5000   22.5000 2661.1484   15.1225
    7.5000  -37.5000   22.5000 2652.5637   15.4119
   -7.5000  -30.0000   22.5000 2753.6360   14.3703
    0.0000  -30.0000   22.5000 2774.1118   14.1005
    7.5000  -30.0000   22.5000 2764.7837   14.3482
   -7.5000  -22.5000   22.5000 2833.8816   13.5979
    0.0000  -22.5000   22.5000 2862.1726   13.4086
    7.5000  -22.5000   22.5000 2844.1553   13.5624
   -7.5000  -15.0000   22.5000 2884.0669   13.1444
    0.0000  -15.0000   22.5000 2909.3250   12.7559
    7.5000  -15.0000   22.5000 2885.7534   13.0659
   -7.5000   -7.5000   22.5000 2897.9214   13.0790
    0.0000   -7.5000   22.5000 2920.5493   12.7287
    7.5000   -7.5000   22.5000 2896.2742   13.0172
   -7.5000    0.0000   22.5000 2864.6167   13.3381
    0.0000    0.0000   22.5000 2881.9653   13.0440
    7.5000    0.0000   22.5000 2864.5916   13.3615
   -7.5000    7.5000   22.5000 2797.3936   13.9984
    0.0000    7.5000   22.5000 2809.8594   13.7180
    7.5000    7.5000   22.5000 2800.0657   13.9892
   -7.5000   15.0000   22.5000 2700.0632   14.9743
    0.0000   15.0000   22.5000 2707.0483   14.6881
    7.5000   15.0000   22.5000 2707.3994   14.9467
   -7.5000   22.5000   22.5000 2577.4968   16.2596
    0.0000   22.5000   22.5000 2589.8079   16.0063
    7.5000   22.5000   22.5000 2582.1055   16.2563
   -7.5000   30.0000   22.5000 2427.2043   17.9487
    0.0000   30.0000   22.5000 2450.3962   17.7298
    7.5000   30.0000   22.5000 2433.7078   17.9461
   -7.5000   37.5000   22.5000 2260.9810   20.0825
    0.0000   37.5000   22.5000 2281.7690   19.9485
    7.5000   37.5000   22.5000 2268.1250   20.0860
   -7.5000   45.0000   22.5000 2083.2559   22.7735
    0.0000   45.0000   22.5000 2108.2693   22.6648
    7.5000   45.0000   22.5000 2084.7000   22.7509
   -7.5000  -45.0000   30.0000 2503.5464   17.3859
    0.0000  -45.0000   30.0000 2515.0823   17.0369
    7.5000  -45.0000   30.0000 2507.6038   17.3164
   -7.5000  -37.5000   30.0000 2620.9377   15.9825
    0.0000  -37.5000   30.0000 2628.4937   15.6835
    7.5000  -37.5000   30.0000 2626.5100   15.9118
   -7.5000  -30.0000   30.0000 2720.0105   14.8811
    0.0000  -30.0000   30.0000 2732.4629   14.6405
    7.5000  -30.0000   30.0000 2725.8838   14.8061
   -7.5000  -22.5000   30.0000 2792.3391   14.0823
    0.0000  -22.5000   30.0000 2801.2107   13.7191
    7.5000  -22.5000   30.0000 2795.3159   13.9455
   -7.5000  -15.0000   30.0000 2831.1160   13.6035
    0.0000  -15.0000   30.0000 2853.9136   13.2466
    7.5000  -15.0000   30.0000 2835.1326   13.4702
   -7.5000   -7.5000   30.0000 2846.8462   13.5822
    0.0000   -7.5000   30.0000 2874.8672   13.3316
    7.5000   -7.5000   30.0000 2850.2546   13.4975
   -7.5000    0.0000   30.0000 2808.6902   13.9245
    0.0000    0.0000   30.0000 2836.6350   13.7344
    7.5000    0.0000   30.0000 2808.5876   13.8757
   -7.5000    7.5000   30.0000 2741.7019   14.5163
    0.0000    7.5000   30.0000 2759.5239   14.3287
    7.5000    7.5000   30.0000 2746.8384   14.4826
   -7.5000   15.0000   30.0000 2649.1733   15.4329
    0.0000   15.0000   30.0000 2655.2048   15.1967
    7.5000   15.0000   30.0000 2650.0183   15.3829
   -7.5000   22.5000   30.0000 2533.3499   16.6543
    0.0000   22.5000   30.0000 2542.1243   16.4070
    7.5000   22.5000   30.0000 2533.1895   16.5619
   -7.5000   30.0000   30.0000 2389.6594   18.2726
    0.0000   30.0000   30.0000 2407.1450   18.0537
    7.5000   30.0000   30.0000 2396.5081   18.2012
   -7.5000   37.5000   30.0000 2225.2002   20.4295
    0.0000   37.5000   30.0000 2240.8892   20.2203
    7.5000   37.5000   30.0000 2233.8296   20.3171
   -7.5000   45.0000   30.0000 2057.5847   23.1220
    0.0000   45.0000   30.0000 2080.5652   22.9498
    7.5000   45.0000   30.0000 2061.5598   22.9946
   -7.5000  -45.0000   37.5000 2468.1768   18.1637
    0.0000  -45.0000   37.5000 2482.3010   17.6477
    7.5000  -45.0000   37.5000 2473.0869   18.0034
   -7.5000  -37.5000   37.5000 2579.0229   16.6842
    0.0000  -37.5000   37.5000 2590.2556   16.2363
    7.5000  -37.5000   37.5000 2583.1848   16.5411
   -7.5000  -30.0000   37.5000 2670.8081   15.5190
    0.0000  -30.0000   37.5000 2679.9121   15.0787
    7.5000  -30.0000   37.5000 2678.0117   15.3474
   -7.5000  -22.5000   37.5000 2734.5237   14.6832
    0.0000  -22.5000   37.5000 2749.2520   14.1981
    7.5000  -22.5000   37.5000 2742.5923   14.5235
   -7.5000  -15.0000   37.5000 2772.9009   14.2121
    0.0000  -15.0000   37.5000 2788.0232   13.8525
    7.5000  -15.0000   37.5000 2776.8745   14.1050
   -7.5000   -7.5000   37.5000 2775.7954   14.2289
    0.0000   -7.5000   37.5000 2798.9736   13.9377
    7.5000   -7.5000   37.5000 2782.3279   14.1523
   -7.5000    0.0000   37.5000 2735.1045   14.6162
    0.0000    0.0000   37.5000 2763.0493   14.3743
    7.5000    0.0000   37.5000 2741.9509   14.5004
   -7.5000    7.5000   37.5000 2674.4380   15.2666
    0.0000    7.5000   37.5000 2692.7090   15.0156
    7.5000    7.5000   37.5000 2680.5283   15.1310
   -7.5000   15.0000   37.5000 2579.2002   16.1471
    0.0000   15.0000   37.5000 2598.5044   15.9537
    7.5000   15.0000   37.5000 2583.5071   16.0080
   -7.5000   22.5000   37.5000 2470.8311   17.3639
    0.0000   22.5000   37.5000 2487.9976   17.1662
    7.5000   22.5000   37.5000 2471.4172   17.1857
   -7.5000   30.0000   37.5000 2335.1526   18.9462
    0.0000   30.0000   37.5000 2345.8435   18.7819
    7.5000   30.0000   37.5000 2334.4329   18.8043
   -7.5000   37.5000   37.5000 2171.0823   21.0592
    0.0000   37.5000   37.5000 2193.2708   20.9360
    7.5000   37.5000   37.5000 2174.2324   20.9558
   -7.5000   45.0000   37.5000 2016.4259   23.7116
    0.0000   45.0000   37.5000 2044.8442   23.6151
    7.5000   45.0000   37.5000 2027.4082   23.6564
   -7.5000  -45.0000   45.0000 2419.7925   18.9412
    0.0000  -45.0000   45.0000 2432.5603   18.3794
    7.5000  -45.0000   45.0000 2423.4675   18.7558
   -7.5000  -37.5000   45.0000 2520.8828   17.4659
    0.0000  -37.5000   45.0000 2532.9277   16.8964
    7.5000  -37.5000   45.0000 2530.4231   17.2477
   -7.5000  -30.0000   45.0000 2599.6543   16.2791
    0.0000  -30.0000   45.0000 2615.1123   15.7487
    7.5000  -30.0000   45.0000 2610.1521   16.0614
   -7.5000  -22.5000   45.0000 2663.8345   15.4645
    0.0000  -22.5000   45.0000 2672.6453   14.9467
    7.5000  -22.5000   45.0000 2667.9763   15.2989
   -7.5000  -15.0000   45.0000 2692.4407   14.9924
    0.0000  -15.0000   45.0000 2700.3030   14.6382
    7.5000  -15.0000   45.0000 2697.1770   14.8787
   -7.5000   -7.5000   45.0000 2689.4597   15.0243
    0.0000   -7.5000   45.0000 2710.3362   14.6857
    7.5000   -7.5000   45.0000 2703.4453   14.9242
   -7.5000    0.0000   45.0000 2648.8425   15.4022
    0.0000    0.0000   45.0000 2672.2483   15.1229
    7.5000    0.0000   45.0000 2661.5017   15.2776
   -7.5000    7.5000   45.0000 2587.0203   16.0558
    0.0000    7.5000   45.0000 2607.9854   15.7866
    7.5000    7.5000   45.0000 2597.2029   15.9440
   -7.5000   15.0000   45.0000 2501.3511   16.9368
    0.0000   15.0000   45.0000 2525.8325   16.6886
    7.5000   15.0000   45.0000 2507.2017   16.8075
   -7.5000   22.5000   45.0000 2394.4519   18.2231
    0.0000   22.5000   45.0000 2415.6992   18.0147
    7.5000   22.5000   45.0000 2400.3469   18.0832
   -7.5000   30.0000   45.0000 2254.8508   19.8982
    0.0000   30.0000   45.0000 2273.1448   19.7278
    7.5000   30.0000   45.0000 2260.0591   19.7501
   -7.5000   37.5000   45.0000 2108.4631   22.1079
    0.0000   37.5000   45.0000 2133.2278   21.9343
    7.5000   37.5000   45.0000 2115.7141   21.9473
   -7.5000   45.0000   45.0000 1966.7917   24.8195
    0.0000   45.0000   45.0000 1980.9233   24.6946
    7.5000   45.0000   45.0000 1967.7836   24.7046

---------------------------------------------------------------------
imgreg_4dfp /opt/freesurfer/average/711-2C_as_mni_average_305 /opt/freesurfer/average/711-2B_as_mni_average_305_mask talsrcimg_g11 none talsrcimg_to_711-2C_as_mni_average_305_t4 1283
---------------------------------------------------------------------

freesurfer imgreg_4dfp.c
/opt/freesurfer/average/711-2C_as_mni_average_305.4dfp.img
       256       256       256         1
  1.000000  1.000000  1.000000
orientation T byte_order littleendian
Reading image: /opt/freesurfer/average/711-2C_as_mni_average_305.4dfp.img
dimensions:      256       256       256
mmppix:       1.0000   -1.0000   -1.0000
center:     128.0000 -129.0000 -129.0000
/opt/freesurfer/average/711-2B_as_mni_average_305_mask.4dfp.img
       256       256       256         1
  1.000000  1.000000  1.000000
orientation T byte_order littleendian
Reading mask: /opt/freesurfer/average/711-2B_as_mni_average_305_mask.4dfp.img (2306576 pixels)
talsrcimg_g11.4dfp.img
       256       256       256         1
  1.000000  1.000000  1.000000
orientation T byte_order littleendian
Reading image: talsrcimg_g11.4dfp.img
dimensions:      256       256       256
mmppix:       1.0000   -1.0000   -1.0000
center:     128.0000 -129.0000 -129.0000
rotation matrix determinant  1.000000
fimgreg.f
image alignment mode   1283 decimal      503 hex
parameters
    0.0000  -15.0000    7.5000    0.0000    0.0000    0.0000
eta,q 0.93406 13.26748
niter,ni,del,rscale     5    3   12.0000    1.2000
parameter  3 -0.527341 -> -0.500000 qaram    1.1500
parameters
    0.4914  -13.3843   10.9500    1.7521   -2.4902   -2.9217
eta,q 0.93944 12.78051
  0.0817  0.0886  0.0859  0.0717  0.0634  0.0625
  0.0769  0.0802  0.0783  0.0674  0.0622  0.0608
  0.0714  0.0719  0.0722  0.0646  0.0618  0.0607
  0.0680  0.0670  0.0667  0.0631  0.0623  0.0619
  0.0677  0.0674  0.0629  0.0623  0.0647  0.0642
  0.0710  0.0710  0.0635  0.0631  0.0684  0.0667
  0.0803  0.0737  0.0668  0.0653  0.0731  0.0689
niter,ni,del,rscale     5    3   12.0000    1.2000
parameters
    0.0789  -13.7960   11.0398    1.7281   -2.6585   -2.8166
eta,q 0.93952 12.79890
  0.0733  0.0767  0.0744  0.0659  0.0659  0.0655
  0.0678  0.0668  0.0686  0.0630  0.0633  0.0634
  0.0638  0.0603  0.0630  0.0613  0.0613  0.0615
  0.0606  0.0611  0.0604  0.0605  0.0605  0.0605
  0.0617  0.0658  0.0629  0.0615  0.0611  0.0610
  0.0696  0.0723  0.0673  0.0634  0.0632  0.0629
  0.0794  0.0781  0.0743  0.0657  0.0670  0.0655
niter,ni,del,rscale     4    3   12.0000    1.2000
parameters
    0.0274  -13.8435   11.0490    1.6980   -2.6719   -2.7987
eta,q 0.93953 12.80213
  0.0753  0.0789  0.0741  0.0659  0.0660  0.0654
  0.0683  0.0688  0.0684  0.0630  0.0634  0.0634
  0.0640  0.0612  0.0627  0.0613  0.0614  0.0614
  0.0605  0.0605  0.0605  0.0605  0.0605  0.0605
  0.0605  0.0648  0.0630  0.0615  0.0610  0.0611
  0.0675  0.0710  0.0675  0.0635  0.0629  0.0630
  0.0779  0.0772  0.0745  0.0657  0.0665  0.0656
registration optimization eta report
parameter search radius
    6.0000    6.0000    6.9000    6.0000    6.0000    6.0000
100000*second partial in parameter space
       45.       48.       28.       14.       16.       14.
  0.0753  0.0789  0.0741  0.0659  0.0660  0.0654
  0.0683  0.0688  0.0684  0.0630  0.0634  0.0634
  0.0640  0.0612  0.0627  0.0613  0.0614  0.0614
  0.0605  0.0605  0.0605  0.0605  0.0605  0.0605
  0.0605  0.0648  0.0630  0.0615  0.0610  0.0611
  0.0675  0.0710  0.0675  0.0635  0.0629  0.0630
  0.0779  0.0772  0.0745  0.0657  0.0665  0.0656
    0.0274  -13.8435   11.0490    1.6980   -2.6719   -2.7987
eta,q 0.93953 12.80213

---------------------------------------------------------------------
imgreg_4dfp /opt/freesurfer/average/711-2C_as_mni_average_305 /opt/freesurfer/average/711-2B_as_mni_average_305_mask talsrcimg_g11 none talsrcimg_to_711-2C_as_mni_average_305_t4 3335
---------------------------------------------------------------------

freesurfer imgreg_4dfp.c
/opt/freesurfer/average/711-2C_as_mni_average_305.4dfp.img
       256       256       256         1
  1.000000  1.000000  1.000000
orientation T byte_order littleendian
Reading image: /opt/freesurfer/average/711-2C_as_mni_average_305.4dfp.img
dimensions:      256       256       256
mmppix:       1.0000   -1.0000   -1.0000
center:     128.0000 -129.0000 -129.0000
/opt/freesurfer/average/711-2B_as_mni_average_305_mask.4dfp.img
       256       256       256         1
  1.000000  1.000000  1.000000
orientation T byte_order littleendian
Reading mask: /opt/freesurfer/average/711-2B_as_mni_average_305_mask.4dfp.img (2306576 pixels)
talsrcimg_g11.4dfp.img
       256       256       256         1
  1.000000  1.000000  1.000000
orientation T byte_order littleendian
Reading image: talsrcimg_g11.4dfp.img
dimensions:      256       256       256
mmppix:       1.0000   -1.0000   -1.0000
center:     128.0000 -129.0000 -129.0000
fimgreg.f
image alignment mode   3335 decimal      D07 hex
parameters
    0.0274  -13.8435   11.0490   -0.2279   -0.1699   -0.1526
    5.0185    4.5094   -4.8774   -3.1872   -4.6617    2.9600
eta,q 0.94265 12.84024
niter,ni,del,rscale     5    3    5.0000    1.2000
parameter  4  2.184496 ->  0.500000 qaram    1.1500
parameter  5  1.376480 ->  0.500000 qaram    1.1500
parameter  6  1.471371 ->  0.500000 qaram    1.1500
parameters
    0.3870  -14.0263   10.9245   -4.3679   -4.3099   -4.2926
    3.0979    5.5753   -2.8019   -6.1868   -4.3056    3.4371
eta,q 0.96193 12.55599
  0.0614  0.0599  0.0598  0.0467  0.0421  0.0365  0.0409  0.0431  0.0424  0.0394  0.0387  0.0401
  0.0594  0.0583  0.0583  0.0494  0.0434  0.0386  0.0396  0.0409  0.0408  0.0383  0.0383  0.0390
  0.0581  0.0574  0.0574  0.0528  0.0458  0.0410  0.0390  0.0395  0.0396  0.0381  0.0382  0.0383
  0.0573  0.0572  0.0572  0.0572  0.0502  0.0439  0.0392  0.0390  0.0389  0.0388  0.0381  0.0381
  0.0573  0.0578  0.0578  0.0623  0.0560  0.0486  0.0403  0.0391  0.0388  0.0401  0.0381  0.0383
  0.0580  0.0590  0.0588  0.0684  0.0621  0.0538  0.0421  0.0397  0.0391  0.0420  0.0383  0.0387
  0.0596  0.0607  0.0603  0.0740  0.0684  0.0598  0.0446  0.0411  0.0399  0.0445  0.0386  0.0396
niter,ni,del,rscale     7    3    5.0000    1.2000
parameter  2 -0.589217 -> -0.500000 qaram    1.1500
parameter  3 -1.285718 -> -0.500000 qaram    1.1500
parameter  4  0.907832 ->  0.500000 qaram    1.3225
parameter  5  0.608387 ->  0.500000 qaram    1.3225
parameter  6  0.750629 ->  0.500000 qaram    1.3225
parameters
    0.3302  -12.6463   12.3045   -9.1289   -9.0709   -9.0536
    3.6492    5.6852   -3.0369   -7.1682   -4.0807    5.5368
eta,q 0.97451 12.13161
  0.0414  0.0448  0.0425  0.0303  0.0294  0.0269  0.0284  0.0319  0.0272  0.0283  0.0278  0.0282
  0.0394  0.0420  0.0404  0.0307  0.0293  0.0257  0.0271  0.0291  0.0264  0.0266  0.0268  0.0270
  0.0383  0.0398  0.0385  0.0319  0.0296  0.0268  0.0262  0.0268  0.0259  0.0257  0.0259  0.0261
  0.0381  0.0381  0.0369  0.0349  0.0309  0.0294  0.0258  0.0257  0.0257  0.0257  0.0256  0.0256
  0.0386  0.0371  0.0356  0.0402  0.0345  0.0324  0.0258  0.0264  0.0259  0.0266  0.0258  0.0255
  0.0398  0.0369  0.0348  0.0461  0.0400  0.0368  0.0265  0.0286  0.0265  0.0281  0.0265  0.0258
  0.0416  0.0376  0.0344  0.0526  0.0466  0.0417  0.0278  0.0317  0.0274  0.0299  0.0276  0.0262
niter,ni,del,rscale     7    3    5.0000    1.2000
parameters
    0.5259  -12.0750   12.9474  -11.4619  -10.9044  -10.2234
    4.0787    5.7533   -3.4201   -8.3296   -4.6129    6.8572
eta,q 0.97396 11.88127
  0.0293  0.0296  0.0294  0.0278  0.0284  0.0307  0.0283  0.0308  0.0271  0.0281  0.0270  0.0274
  0.0273  0.0275  0.0274  0.0266  0.0271  0.0288  0.0272  0.0283  0.0266  0.0268  0.0264  0.0267
  0.0260  0.0261  0.0260  0.0258  0.0261  0.0273  0.0265  0.0267  0.0263  0.0261  0.0261  0.0263
  0.0255  0.0255  0.0254  0.0253  0.0257  0.0259  0.0262  0.0262  0.0262  0.0262  0.0261  0.0261
  0.0257  0.0255  0.0254  0.0258  0.0261  0.0268  0.0263  0.0267  0.0264  0.0269  0.0263  0.0261
  0.0266  0.0260  0.0258  0.0296  0.0290  0.0303  0.0269  0.0281  0.0267  0.0280  0.0267  0.0263
  0.0283  0.0271  0.0268  0.0361  0.0338  0.0349  0.0279  0.0307  0.0273  0.0296  0.0272  0.0267
niter,ni,del,rscale     6    3    5.0000    1.2000
parameters
    0.5163  -12.1212   12.1772  -11.9011  -11.0659  -11.1452
    4.1918    5.7053   -3.0232   -8.4100   -5.3162    6.6288
eta,q 0.97393 11.78968
  0.0285  0.0283  0.0269  0.0288  0.0293  0.0307  0.0280  0.0306  0.0273  0.0287  0.0270  0.0270
  0.0271  0.0269  0.0260  0.0274  0.0278  0.0287  0.0270  0.0280  0.0266  0.0272  0.0264  0.0265
  0.0263  0.0262  0.0258  0.0264  0.0266  0.0273  0.0263  0.0265  0.0262  0.0264  0.0261  0.0262
  0.0260  0.0260  0.0260  0.0258  0.0258  0.0259  0.0261  0.0261  0.0261  0.0261  0.0261  0.0261
  0.0263  0.0264  0.0267  0.0254  0.0257  0.0268  0.0263  0.0267  0.0262  0.0265  0.0264  0.0262
  0.0271  0.0272  0.0275  0.0265  0.0269  0.0297  0.0269  0.0281  0.0265  0.0274  0.0268  0.0266
  0.0285  0.0282  0.0284  0.0310  0.0306  0.0338  0.0279  0.0306  0.0270  0.0287  0.0273  0.0271
niter,ni,del,rscale     5    3    5.0000    1.2000
parameters
    0.3872  -11.9069   11.6861  -11.7885  -10.8650  -11.7019
    4.2224    5.7131   -2.4808   -8.1776   -5.6901    6.2940
eta,q 0.97397 11.77087
  0.0283  0.0286  0.0275  0.0292  0.0295  0.0311  0.0279  0.0307  0.0272  0.0288  0.0272  0.0270
  0.0270  0.0271  0.0264  0.0277  0.0280  0.0290  0.0269  0.0281  0.0266  0.0273  0.0265  0.0264
  0.0263  0.0263  0.0259  0.0266  0.0267  0.0274  0.0263  0.0265  0.0262  0.0263  0.0261  0.0261
  0.0261  0.0261  0.0261  0.0259  0.0259  0.0259  0.0260  0.0260  0.0260  0.0260  0.0260  0.0260
  0.0264  0.0263  0.0267  0.0256  0.0256  0.0268  0.0262  0.0266  0.0261  0.0263  0.0263  0.0262
  0.0274  0.0269  0.0276  0.0263  0.0266  0.0296  0.0268  0.0281  0.0264  0.0271  0.0268  0.0266
  0.0288  0.0278  0.0284  0.0301  0.0302  0.0329  0.0278  0.0307  0.0269  0.0284  0.0273  0.0272
niter,ni,del,rscale     4    3    5.0000    1.2000
parameters
    0.3467  -11.7185   11.4079  -11.7242  -10.7776  -12.0212
    4.1617    5.7601   -2.2549   -7.9413   -5.8382    6.1233
eta,q 0.97395 11.76008
  0.0285  0.0284  0.0278  0.0292  0.0295  0.0314  0.0278  0.0308  0.0270  0.0287  0.0274  0.0271
  0.0271  0.0270  0.0266  0.0277  0.0280  0.0292  0.0269  0.0282  0.0265  0.0272  0.0266  0.0265
  0.0263  0.0263  0.0260  0.0266  0.0267  0.0275  0.0263  0.0266  0.0262  0.0263  0.0261  0.0262
  0.0260  0.0260  0.0260  0.0260  0.0260  0.0259  0.0261  0.0261  0.0261  0.0261  0.0261  0.0261
  0.0263  0.0262  0.0266  0.0256  0.0256  0.0267  0.0262  0.0266  0.0261  0.0263  0.0263  0.0262
  0.0272  0.0268  0.0275  0.0264  0.0268  0.0296  0.0269  0.0281  0.0264  0.0271  0.0268  0.0266
  0.0287  0.0277  0.0284  0.0303  0.0304  0.0326  0.0279  0.0307  0.0269  0.0283  0.0273  0.0272
niter,ni,del,rscale     3    3    5.0000    1.2000
parameters
    0.3393  -11.5998   11.2409  -11.6743  -10.7487  -12.2219
    4.1316    5.7902   -2.1761   -7.7877   -5.8871    6.0365
eta,q 0.97390 11.75290
  0.0286  0.0282  0.0281  0.0293  0.0295  0.0315  0.0279  0.0308  0.0270  0.0286  0.0275  0.0272
  0.0272  0.0269  0.0268  0.0278  0.0281  0.0293  0.0269  0.0283  0.0265  0.0272  0.0266  0.0266
  0.0263  0.0263  0.0261  0.0267  0.0268  0.0276  0.0263  0.0266  0.0262  0.0263  0.0262  0.0262
  0.0261  0.0261  0.0261  0.0260  0.0260  0.0260  0.0261  0.0261  0.0261  0.0261  0.0261  0.0261
  0.0263  0.0263  0.0266  0.0256  0.0257  0.0266  0.0263  0.0267  0.0262  0.0264  0.0263  0.0262
  0.0272  0.0268  0.0274  0.0264  0.0269  0.0296  0.0269  0.0282  0.0264  0.0271  0.0268  0.0266
  0.0286  0.0278  0.0283  0.0304  0.0305  0.0325  0.0280  0.0308  0.0270  0.0283  0.0274  0.0272
niter,ni,del,rscale     2    3    5.0000    1.2000
parameters
    0.3364  -11.5245   11.1393  -11.6352  -10.7491  -12.3521
    4.1182    5.8057   -2.1512   -7.6856   -5.9040    6.0034
eta,q 0.97387 11.74793
  0.0286  0.0281  0.0282  0.0293  0.0295  0.0316  0.0279  0.0308  0.0270  0.0286  0.0275  0.0272
  0.0272  0.0269  0.0269  0.0279  0.0281  0.0294  0.0270  0.0283  0.0265  0.0271  0.0267  0.0266
  0.0264  0.0263  0.0262  0.0268  0.0269  0.0277  0.0264  0.0266  0.0262  0.0263  0.0262  0.0262
  0.0261  0.0261  0.0261  0.0261  0.0261  0.0261  0.0261  0.0261  0.0261  0.0261  0.0261  0.0261
  0.0264  0.0263  0.0266  0.0257  0.0258  0.0266  0.0263  0.0267  0.0262  0.0264  0.0263  0.0263
  0.0272  0.0269  0.0274  0.0265  0.0270  0.0296  0.0269  0.0282  0.0265  0.0272  0.0268  0.0266
  0.0286  0.0278  0.0283  0.0305  0.0306  0.0324  0.0280  0.0308  0.0270  0.0283  0.0274  0.0272
niter,ni,del,rscale     1    3    5.0000    1.2000
parameters
    0.3357  -11.4751   11.0744  -11.6080  -10.7530  -12.4395
    4.1135    5.8119   -2.1384   -7.6226   -5.9054    5.9810
eta,q 0.97384 11.74449
  0.0286  0.0281  0.0283  0.0294  0.0295  0.0317  0.0279  0.0308  0.0270  0.0285  0.0276  0.0273
  0.0273  0.0269  0.0269  0.0279  0.0281  0.0295  0.0270  0.0283  0.0265  0.0271  0.0267  0.0266
  0.0264  0.0263  0.0262  0.0268  0.0269  0.0278  0.0264  0.0267  0.0263  0.0263  0.0263  0.0263
  0.0261  0.0261  0.0261  0.0261  0.0261  0.0261  0.0262  0.0262  0.0262  0.0262  0.0262  0.0262
  0.0264  0.0264  0.0266  0.0257  0.0258  0.0265  0.0263  0.0267  0.0262  0.0264  0.0264  0.0263
  0.0272  0.0269  0.0273  0.0265  0.0271  0.0296  0.0269  0.0282  0.0265  0.0272  0.0268  0.0267
  0.0286  0.0278  0.0282  0.0306  0.0306  0.0324  0.0280  0.0308  0.0270  0.0283  0.0274  0.0273
registration optimization eta report
parameter search radius
    2.4000    2.7600    2.7600    9.5220    9.5220    9.5220
    7.2000    7.2000    7.2000    7.2000    7.2000    7.2000
100000*second partial in parameter space
       43.       24.       28.        4.        4.        6.
        4.        9.        2.        4.        3.        2.
  0.0286  0.0281  0.0283  0.0294  0.0295  0.0317  0.0279  0.0308  0.0270  0.0285  0.0276  0.0273
  0.0273  0.0269  0.0269  0.0279  0.0281  0.0295  0.0270  0.0283  0.0265  0.0271  0.0267  0.0266
  0.0264  0.0263  0.0262  0.0268  0.0269  0.0278  0.0264  0.0267  0.0263  0.0263  0.0263  0.0263
  0.0261  0.0261  0.0261  0.0261  0.0261  0.0261  0.0262  0.0262  0.0262  0.0262  0.0262  0.0262
  0.0264  0.0264  0.0266  0.0257  0.0258  0.0265  0.0263  0.0267  0.0262  0.0264  0.0264  0.0263
  0.0272  0.0269  0.0273  0.0265  0.0271  0.0296  0.0269  0.0282  0.0265  0.0272  0.0268  0.0267
  0.0286  0.0278  0.0282  0.0306  0.0306  0.0324  0.0280  0.0308  0.0270  0.0283  0.0274  0.0273
    0.3357  -11.4751   11.0744  -11.6080  -10.7530  -12.4395
    4.1135    5.8119   -2.1384   -7.6226   -5.9054    5.9810
eta,q 0.97384 11.74449

---------------------------------------------------------------------
imgreg_4dfp /opt/freesurfer/average/711-2C_as_mni_average_305 /opt/freesurfer/average/711-2B_as_mni_average_305_mask talsrcimg_g11 none talsrcimg_to_711-2C_as_mni_average_305_t4 2311
---------------------------------------------------------------------

freesurfer imgreg_4dfp.c
/opt/freesurfer/average/711-2C_as_mni_average_305.4dfp.img
       256       256       256         1
  1.000000  1.000000  1.000000
orientation T byte_order littleendian
Reading image: /opt/freesurfer/average/711-2C_as_mni_average_305.4dfp.img
dimensions:      256       256       256
mmppix:       1.0000   -1.0000   -1.0000
center:     128.0000 -129.0000 -129.0000
/opt/freesurfer/average/711-2B_as_mni_average_305_mask.4dfp.img
       256       256       256         1
  1.000000  1.000000  1.000000
orientation T byte_order littleendian
Reading mask: /opt/freesurfer/average/711-2B_as_mni_average_305_mask.4dfp.img (2306576 pixels)
talsrcimg_g11.4dfp.img
       256       256       256         1
  1.000000  1.000000  1.000000
orientation T byte_order littleendian
Reading image: talsrcimg_g11.4dfp.img
dimensions:      256       256       256
mmppix:       1.0000   -1.0000   -1.0000
center:     128.0000 -129.0000 -129.0000
fimgreg.f
image alignment mode   2311 decimal      907 hex
parameters
    0.3357  -11.4751   11.0744  -11.6080  -10.7530  -12.4395
    4.1135    5.8119   -2.1384   -7.6226   -5.9054    5.9810
eta,q 0.97384 11.74448
niter,ni,del,rscale     5    3    5.0000    0.8000
parameter  4 -0.745189 -> -0.500000 qaram    1.1500
parameters
    0.3421  -11.5373   10.8589   -8.8480   -8.7059  -12.5906
    3.7848    5.9300   -2.2559   -7.6191   -5.4089    5.3924
eta,q 0.97448 11.98244
  0.0273  0.0267  0.0267  0.0273  0.0272  0.0280  0.0265  0.0286  0.0260  0.0269  0.0267  0.0260
  0.0267  0.0264  0.0263  0.0268  0.0266  0.0271  0.0260  0.0271  0.0258  0.0261  0.0261  0.0257
  0.0263  0.0262  0.0261  0.0264  0.0261  0.0262  0.0257  0.0260  0.0256  0.0256  0.0257  0.0256
  0.0262  0.0262  0.0262  0.0261  0.0258  0.0255  0.0255  0.0255  0.0255  0.0255  0.0255  0.0255
  0.0263  0.0262  0.0263  0.0259  0.0255  0.0257  0.0257  0.0258  0.0256  0.0257  0.0256  0.0257
  0.0266  0.0265  0.0267  0.0257  0.0255  0.0269  0.0261  0.0268  0.0258  0.0261  0.0259  0.0259
  0.0273  0.0268  0.0271  0.0259  0.0259  0.0288  0.0269  0.0284  0.0261  0.0268  0.0263  0.0263
niter,ni,del,rscale     5    3    5.0000    0.8000
parameters
    0.3317  -11.6036   11.0069   -9.7166   -8.9079  -12.1549
    4.0860    5.7999   -2.3517   -7.6369   -5.3285    5.2938
eta,q 0.97450 11.94910
  0.0269  0.0262  0.0267  0.0266  0.0267  0.0283  0.0266  0.0281  0.0260  0.0268  0.0265  0.0261
  0.0261  0.0258  0.0261  0.0262  0.0262  0.0274  0.0261  0.0267  0.0257  0.0260  0.0259  0.0258
  0.0257  0.0256  0.0257  0.0258  0.0259  0.0265  0.0257  0.0258  0.0256  0.0256  0.0256  0.0256
  0.0255  0.0255  0.0255  0.0255  0.0256  0.0257  0.0255  0.0255  0.0255  0.0255  0.0255  0.0255
  0.0257  0.0256  0.0256  0.0255  0.0256  0.0255  0.0255  0.0259  0.0255  0.0257  0.0256  0.0256
  0.0261  0.0259  0.0259  0.0264  0.0261  0.0263  0.0258  0.0269  0.0257  0.0261  0.0259  0.0258
  0.0269  0.0263  0.0263  0.0286  0.0272  0.0280  0.0264  0.0285  0.0261  0.0268  0.0264  0.0262
niter,ni,del,rscale     4    3    5.0000    0.7000
parameters
    0.3268  -11.6404   11.0879   -9.6197   -8.7361  -11.9486
    4.0647    5.7999   -2.3919   -7.6781   -5.2862    5.2245
eta,q 0.97458 11.97161
  0.0265  0.0260  0.0264  0.0265  0.0264  0.0277  0.0262  0.0276  0.0258  0.0265  0.0262  0.0259
  0.0259  0.0257  0.0259  0.0261  0.0260  0.0269  0.0258  0.0265  0.0256  0.0258  0.0258  0.0256
  0.0256  0.0255  0.0256  0.0258  0.0257  0.0261  0.0255  0.0257  0.0255  0.0255  0.0255  0.0255
  0.0255  0.0255  0.0255  0.0255  0.0255  0.0255  0.0254  0.0254  0.0254  0.0254  0.0254  0.0254
  0.0256  0.0256  0.0256  0.0254  0.0254  0.0255  0.0255  0.0257  0.0254  0.0256  0.0255  0.0255
  0.0259  0.0258  0.0258  0.0257  0.0257  0.0262  0.0258  0.0264  0.0256  0.0259  0.0257  0.0257
  0.0265  0.0261  0.0262  0.0267  0.0264  0.0277  0.0263  0.0277  0.0259  0.0264  0.0261  0.0259
niter,ni,del,rscale     3    3    5.0000    0.6000
parameters
    0.3286  -11.7093   11.1854   -9.3303   -8.5492  -11.7572
    4.0267    5.8284   -2.4354   -7.7162   -5.1979    5.2105
eta,q 0.97468 12.00478
  0.0262  0.0258  0.0261  0.0262  0.0261  0.0272  0.0259  0.0271  0.0256  0.0261  0.0259  0.0257
  0.0257  0.0256  0.0257  0.0259  0.0258  0.0266  0.0256  0.0261  0.0255  0.0256  0.0256  0.0255
  0.0255  0.0254  0.0255  0.0256  0.0255  0.0259  0.0254  0.0255  0.0254  0.0254  0.0254  0.0254
  0.0254  0.0254  0.0254  0.0254  0.0254  0.0254  0.0253  0.0253  0.0253  0.0253  0.0253  0.0253
  0.0255  0.0255  0.0255  0.0253  0.0253  0.0254  0.0254  0.0255  0.0253  0.0254  0.0254  0.0254
  0.0257  0.0256  0.0256  0.0255  0.0255  0.0260  0.0256  0.0261  0.0255  0.0257  0.0256  0.0255
  0.0261  0.0259  0.0259  0.0262  0.0261  0.0272  0.0260  0.0271  0.0257  0.0261  0.0259  0.0257
niter,ni,del,rscale     2    3    5.0000    0.5000
parameters
    0.3452  -11.7789   11.3024   -9.0689   -8.3790  -11.5423
    3.9864    5.8479   -2.5130   -7.7662   -5.0834    5.1968
eta,q 0.97475 12.03677
  0.0259  0.0256  0.0258  0.0259  0.0258  0.0268  0.0257  0.0265  0.0255  0.0258  0.0257  0.0255
  0.0256  0.0254  0.0256  0.0257  0.0256  0.0262  0.0254  0.0258  0.0254  0.0255  0.0255  0.0254
  0.0254  0.0253  0.0254  0.0255  0.0254  0.0256  0.0253  0.0254  0.0253  0.0253  0.0253  0.0253
  0.0253  0.0253  0.0253  0.0253  0.0253  0.0253  0.0252  0.0252  0.0252  0.0252  0.0252  0.0252
  0.0254  0.0254  0.0253  0.0252  0.0253  0.0253  0.0253  0.0254  0.0253  0.0253  0.0253  0.0253
  0.0255  0.0255  0.0254  0.0254  0.0254  0.0257  0.0254  0.0258  0.0254  0.0255  0.0254  0.0254
  0.0258  0.0257  0.0256  0.0259  0.0258  0.0266  0.0257  0.0265  0.0255  0.0258  0.0256  0.0255
niter,ni,del,rscale     1    3    5.0000    0.4000
parameters
    0.3650  -11.8590   11.4382   -8.8024   -8.2112  -11.3297
    3.9555    5.8650   -2.6472   -7.8313   -4.9349    5.1938
eta,q 0.97483 12.06968
  0.0256  0.0254  0.0256  0.0256  0.0256  0.0263  0.0255  0.0261  0.0253  0.0256  0.0255  0.0254
  0.0254  0.0253  0.0254  0.0255  0.0254  0.0258  0.0253  0.0256  0.0253  0.0253  0.0253  0.0253
  0.0253  0.0253  0.0253  0.0253  0.0253  0.0254  0.0252  0.0253  0.0252  0.0252  0.0252  0.0252
  0.0252  0.0252  0.0252  0.0252  0.0252  0.0252  0.0252  0.0252  0.0252  0.0252  0.0252  0.0252
  0.0253  0.0253  0.0252  0.0252  0.0252  0.0252  0.0252  0.0253  0.0252  0.0252  0.0252  0.0252
  0.0254  0.0254  0.0253  0.0253  0.0253  0.0255  0.0253  0.0256  0.0253  0.0254  0.0253  0.0253
  0.0256  0.0255  0.0254  0.0256  0.0255  0.0261  0.0255  0.0260  0.0254  0.0256  0.0254  0.0254
registration optimization eta report
parameter search radius
    0.8000    0.8000    0.8000    2.7600    2.4000    2.4000
    2.4000    2.4000    2.4000    2.4000    2.4000    2.4000
100000*second partial in parameter space
       55.       34.       43.        5.        6.       17.
        5.       15.        3.        7.        5.        3.
  0.0256  0.0254  0.0256  0.0256  0.0256  0.0263  0.0255  0.0261  0.0253  0.0256  0.0255  0.0254
  0.0254  0.0253  0.0254  0.0255  0.0254  0.0258  0.0253  0.0256  0.0253  0.0253  0.0253  0.0253
  0.0253  0.0253  0.0253  0.0253  0.0253  0.0254  0.0252  0.0253  0.0252  0.0252  0.0252  0.0252
  0.0252  0.0252  0.0252  0.0252  0.0252  0.0252  0.0252  0.0252  0.0252  0.0252  0.0252  0.0252
  0.0253  0.0253  0.0252  0.0252  0.0252  0.0252  0.0252  0.0253  0.0252  0.0252  0.0252  0.0252
  0.0254  0.0254  0.0253  0.0253  0.0253  0.0255  0.0253  0.0256  0.0253  0.0254  0.0253  0.0253
  0.0256  0.0255  0.0254  0.0256  0.0255  0.0261  0.0255  0.0260  0.0254  0.0256  0.0254  0.0254
    0.3650  -11.8590   11.4382   -8.8024   -8.2112  -11.3297
    3.9555    5.8650   -2.6472   -7.8313   -4.9349    5.1938
eta,q 0.97483 12.06968

---------------------------------------------------------------------
imgreg_4dfp /opt/freesurfer/average/711-2C_as_mni_average_305 /opt/freesurfer/average/711-2B_as_mni_average_305_mask talsrcimg_g11 none talsrcimg_to_711-2C_as_mni_average_305_t4 2311
---------------------------------------------------------------------

freesurfer imgreg_4dfp.c
/opt/freesurfer/average/711-2C_as_mni_average_305.4dfp.img
       256       256       256         1
  1.000000  1.000000  1.000000
orientation T byte_order littleendian
Reading image: /opt/freesurfer/average/711-2C_as_mni_average_305.4dfp.img
dimensions:      256       256       256
mmppix:       1.0000   -1.0000   -1.0000
center:     128.0000 -129.0000 -129.0000
/opt/freesurfer/average/711-2B_as_mni_average_305_mask.4dfp.img
       256       256       256         1
  1.000000  1.000000  1.000000
orientation T byte_order littleendian
Reading mask: /opt/freesurfer/average/711-2B_as_mni_average_305_mask.4dfp.img (2306576 pixels)
talsrcimg_g11.4dfp.img
       256       256       256         1
  1.000000  1.000000  1.000000
orientation T byte_order littleendian
Reading image: talsrcimg_g11.4dfp.img
dimensions:      256       256       256
mmppix:       1.0000   -1.0000   -1.0000
center:     128.0000 -129.0000 -129.0000
fimgreg.f
image alignment mode   2311 decimal      907 hex
parameters
    0.3650  -11.8590   11.4382   -8.8024   -8.2112  -11.3297
    3.9555    5.8650   -2.6472   -7.8313   -4.9349    5.1938
eta,q 0.97483 12.06968
niter,ni,del,rscale     5    3    5.0000    0.8000
parameters
    0.3859  -11.9050   11.6197   -9.6371   -8.9122  -11.3494
    4.1267    5.7394   -2.6300   -7.9179   -4.9785    5.4363
eta,q 0.97469 11.99968
  0.0267  0.0261  0.0265  0.0260  0.0262  0.0278  0.0264  0.0280  0.0259  0.0267  0.0262  0.0260
  0.0259  0.0255  0.0258  0.0256  0.0258  0.0270  0.0258  0.0265  0.0256  0.0259  0.0257  0.0256
  0.0254  0.0253  0.0254  0.0254  0.0254  0.0260  0.0255  0.0256  0.0254  0.0254  0.0254  0.0254
  0.0252  0.0252  0.0252  0.0252  0.0253  0.0253  0.0253  0.0253  0.0253  0.0253  0.0253  0.0253
  0.0253  0.0253  0.0252  0.0252  0.0254  0.0255  0.0254  0.0257  0.0254  0.0255  0.0254  0.0254
  0.0258  0.0256  0.0255  0.0259  0.0260  0.0266  0.0257  0.0267  0.0256  0.0260  0.0258  0.0256
  0.0266  0.0262  0.0260  0.0276  0.0275  0.0283  0.0263  0.0283  0.0259  0.0267  0.0262  0.0259
niter,ni,del,rscale     4    3    5.0000    0.7000
parameters
    0.3940  -11.8656   11.5197   -9.4385   -8.8212  -11.4292
    4.0861    5.7579   -2.5855   -7.9296   -4.9956    5.4070
eta,q 0.97471 12.00661
  0.0263  0.0260  0.0260  0.0260  0.0262  0.0274  0.0261  0.0275  0.0257  0.0264  0.0260  0.0258
  0.0258  0.0256  0.0256  0.0257  0.0258  0.0266  0.0257  0.0263  0.0255  0.0258  0.0256  0.0255
  0.0254  0.0254  0.0253  0.0255  0.0255  0.0258  0.0254  0.0256  0.0254  0.0254  0.0254  0.0253
  0.0253  0.0253  0.0253  0.0253  0.0253  0.0253  0.0253  0.0253  0.0253  0.0253  0.0253  0.0253
  0.0254  0.0254  0.0255  0.0252  0.0252  0.0255  0.0254  0.0255  0.0253  0.0254  0.0254  0.0254
  0.0257  0.0256  0.0257  0.0254  0.0255  0.0264  0.0256  0.0263  0.0255  0.0258  0.0256  0.0255
  0.0263  0.0259  0.0262  0.0261  0.0263  0.0279  0.0261  0.0275  0.0257  0.0264  0.0260  0.0258
niter,ni,del,rscale     3    3    5.0000    0.6000
parameters
    0.3875  -11.8639   11.4940   -9.1309   -8.6188  -11.4191
    4.0271    5.7888   -2.6126   -7.9094   -4.9707    5.3558
eta,q 0.97477 12.03159
  0.0260  0.0258  0.0258  0.0259  0.0260  0.0270  0.0258  0.0270  0.0256  0.0261  0.0258  0.0256
  0.0256  0.0255  0.0255  0.0256  0.0257  0.0263  0.0255  0.0261  0.0254  0.0256  0.0255  0.0254
  0.0254  0.0253  0.0253  0.0254  0.0254  0.0257  0.0253  0.0255  0.0253  0.0253  0.0253  0.0253
  0.0253  0.0253  0.0253  0.0253  0.0253  0.0252  0.0252  0.0252  0.0252  0.0252  0.0252  0.0252
  0.0254  0.0253  0.0254  0.0252  0.0252  0.0254  0.0253  0.0254  0.0253  0.0253  0.0253  0.0253
  0.0256  0.0255  0.0256  0.0253  0.0254  0.0260  0.0255  0.0260  0.0254  0.0256  0.0255  0.0254
  0.0260  0.0257  0.0259  0.0258  0.0260  0.0273  0.0259  0.0270  0.0256  0.0260  0.0258  0.0256
niter,ni,del,rscale     2    3    5.0000    0.5000
parameters
    0.3895  -11.8889   11.5228   -8.8738   -8.4359  -11.3150
    3.9957    5.8185   -2.6740   -7.9047   -4.8880    5.3197
eta,q 0.97481 12.05772
  0.0258  0.0255  0.0257  0.0257  0.0257  0.0266  0.0256  0.0265  0.0254  0.0258  0.0256  0.0255
  0.0255  0.0254  0.0254  0.0255  0.0255  0.0261  0.0254  0.0258  0.0253  0.0255  0.0254  0.0253
  0.0253  0.0253  0.0253  0.0254  0.0253  0.0255  0.0252  0.0254  0.0252  0.0252  0.0252  0.0252
  0.0252  0.0252  0.0252  0.0252  0.0252  0.0252  0.0252  0.0252  0.0252  0.0252  0.0252  0.0252
  0.0253  0.0253  0.0253  0.0252  0.0252  0.0253  0.0252  0.0253  0.0252  0.0253  0.0252  0.0252
  0.0255  0.0254  0.0254  0.0253  0.0253  0.0257  0.0254  0.0257  0.0253  0.0255  0.0254  0.0253
  0.0258  0.0256  0.0256  0.0257  0.0257  0.0266  0.0257  0.0265  0.0255  0.0258  0.0256  0.0255
niter,ni,del,rscale     1    3    5.0000    0.4000
parameters
    0.4036  -11.9299   11.5964   -8.6478   -8.2684  -11.1690
    3.9591    5.8422   -2.7463   -7.9261   -4.7961    5.2774
eta,q 0.97486 12.08390
  0.0256  0.0254  0.0255  0.0255  0.0255  0.0262  0.0254  0.0260  0.0253  0.0255  0.0255  0.0253
  0.0254  0.0253  0.0253  0.0254  0.0254  0.0258  0.0253  0.0256  0.0252  0.0253  0.0253  0.0252
  0.0252  0.0252  0.0252  0.0253  0.0252  0.0254  0.0252  0.0253  0.0252  0.0252  0.0252  0.0252
  0.0252  0.0252  0.0252  0.0252  0.0252  0.0252  0.0251  0.0251  0.0251  0.0251  0.0251  0.0251
  0.0252  0.0252  0.0252  0.0252  0.0252  0.0252  0.0252  0.0252  0.0252  0.0252  0.0252  0.0252
  0.0253  0.0253  0.0253  0.0252  0.0253  0.0255  0.0253  0.0255  0.0252  0.0253  0.0253  0.0252
  0.0255  0.0254  0.0254  0.0255  0.0255  0.0261  0.0255  0.0260  0.0253  0.0256  0.0254  0.0253
registration optimization eta report
parameter search radius
    0.8000    0.8000    0.8000    2.4000    2.4000    2.4000
    2.4000    2.4000    2.4000    2.4000    2.4000    2.4000
100000*second partial in parameter space
       55.       35.       43.        6.        6.       17.
        5.       15.        3.        7.        5.        3.
  0.0256  0.0254  0.0255  0.0255  0.0255  0.0262  0.0254  0.0260  0.0253  0.0255  0.0255  0.0253
  0.0254  0.0253  0.0253  0.0254  0.0254  0.0258  0.0253  0.0256  0.0252  0.0253  0.0253  0.0252
  0.0252  0.0252  0.0252  0.0253  0.0252  0.0254  0.0252  0.0253  0.0252  0.0252  0.0252  0.0252
  0.0252  0.0252  0.0252  0.0252  0.0252  0.0252  0.0251  0.0251  0.0251  0.0251  0.0251  0.0251
  0.0252  0.0252  0.0252  0.0252  0.0252  0.0252  0.0252  0.0252  0.0252  0.0252  0.0252  0.0252
  0.0253  0.0253  0.0253  0.0252  0.0253  0.0255  0.0253  0.0255  0.0252  0.0253  0.0253  0.0252
  0.0255  0.0254  0.0254  0.0255  0.0255  0.0261  0.0255  0.0260  0.0253  0.0256  0.0254  0.0253
    0.4036  -11.9299   11.5964   -8.6478   -8.2684  -11.1690
    3.9591    5.8422   -2.7463   -7.9261   -4.7961    5.2774
eta,q 0.97486 12.08390

---------------------------------------------------------------------
compute_vox2vox talsrcimg talsrcimg_to_711-2C_as_mni_average_305_t4 /opt/freesurfer/average/711-2C_as_mni_average_305
---------------------------------------------------------------------

freesurfer compute_vox2vox.c
Reading: talsrcimg.4dfp.ifh
Reading: talsrcimg_to_711-2C_as_mni_average_305_t4
Reading: /opt/freesurfer/average/711-2C_as_mni_average_305.4dfp.ifh
Writing: talsrcimg_to_711-2C_as_mni_average_305_t4_vox2vox.txt

start time Thu Mar 12 15:13:29 CET 2026
end		time Thu Mar 12 15:14:54 CET 2026

mpr2mni305 success

avi2talxfm orig_nu.mgz /opt/freesurfer/average/mni305.cor.mgz talsrcimg_to_711-2C_as_mni_average_305_t4_vox2vox.txt transforms/talairach.auto.xfm
avi2talxfm done
mv -f /out/sourcedata/freesurfer/sub-v1s20x0050290_ses-1/mri/talsrcimg_to_711-2C_as_mni_average_305_t4_vox2vox.txt /out/sourcedata/freesurfer/sub-v1s20x0050290_ses-1/mri/transforms/talsrcimg_to_711-2C_as_mni_average_305_t4_vox2vox.txt
lta_convert --src orig_nu.mgz --trg /opt/freesurfer/average/mni305.cor.mgz --inxfm transforms/talairach.auto.xfm --outlta transforms/talairach.auto.xfm.lta --subject fsaverage
7.3.2

--src: orig_nu.mgz src image (geometry).
--trg: /opt/freesurfer/average/mni305.cor.mgz trg image (geometry).
--inmni: transforms/talairach.auto.xfm input MNI/XFM transform.
--outlta: transforms/talairach.auto.xfm.lta output LTA.
--s: fsaverage subject name
 LTA read, type : 1
 1.08942  -0.07546  -0.04268  -0.62640;
 0.05659   1.11606  -0.06665  -14.18391;
 0.03751   0.09418   1.08310   11.08423;
 0.00000   0.00000   0.00000   1.00000;
setting subject to fsaverage
Writing  LTA to file transforms/talairach.auto.xfm.lta...
lta_convert successful.
 
 
Started at Thu Mar 12 15:13:28 CET 2026
Ended   at Thu Mar 12 15:14:55 CET 2026
talairach_avi done
