/out/sourcedata/freesurfer/sub-v1s20x0050278_ses-1/mri
/opt/freesurfer/bin/talairach_avi
--i orig_nu.mgz --xfm transforms/talairach.auto.xfm
talairach_avi 7.3.2
Linux dna084 5.14.0-427.37.1.el9_4.x86_64 #1 SMP PREEMPT_DYNAMIC Fri Sep 13 12:41:50 EDT 2024 x86_64 x86_64 x86_64 GNU/Linux
Thu Mar 12 14:45:41 CET 2026
mri_convert orig_nu.mgz talsrcimg.img 
reading from orig_nu.mgz...
TR=0.00, TE=0.00, TI=0.00, flip angle=0.00
i_ras = (-1, 0, 0)
j_ras = (0, 0, -1)
k_ras = (0, 1, 0)
writing to talsrcimg.img...
Analyze Output Matrix
-1.00000   0.00000   0.00000   129.50000;
 0.00000   0.00000   1.00000  -128.50000;
 0.00000  -1.00000   0.00000   129.70001;
 0.00000   0.00000   0.00000   1.00000;
--------------------
INFO: set hdr.hist.orient to -1
mpr2mni305 talsrcimg
Thu Mar 12 14:45:41 CET 2026
/opt/freesurfer/bin/mpr2mni305 talsrcimg
mpr2mni305 7.3.2
target=711-2C_as_mni_average_305

---------------------------------------------------------------------
analyzeto4dfp talsrcimg -O0 -y
---------------------------------------------------------------------

freesurfer ifh2hdr.c
Thu Mar 12 14:45:41 2026
Writing: talsrcimg.4dfp.hdr
freesurfer analyzeto4dfp.c
Reading: talsrcimg.hdr
header size 348 bytes
hdr.dime.datatype	offset=70	value=2
hdr.dime.bitpix		offset=72	value=8
hdr.hist.orient		offset=252	value=-1
dimensionality     4
dimensions       256       256       256         1
Reading: talsrcimg.img
Writing: talsrcimg.4dfp.img
Writing: talsrcimg.4dfp.ifh
ifh2hdr talsrcimg -r0to229
ori=2

---------------------------------------------------------------------
gauss_4dfp talsrcimg 1.1
---------------------------------------------------------------------

freesurfer gauss_4dfp.c
Reading: talsrcimg.4dfp.img
Writing: talsrcimg_g11.4dfp.img
image dimensions 256 256 256 padded to 288 288 288
processing volume 1freesurfer ifh2hdr.c
Thu Mar 12 14:45:42 2026
Writing: talsrcimg_g11.4dfp.hdr

Writing: talsrcimg_g11.4dfp.ifh
including: talsrcimg.4dfp.img.rec in talsrcimg_g11.4dfp.img.rec

---------------------------------------------------------------------
imgreg_4dfp /opt/freesurfer/average/711-2C_as_mni_average_305 none talsrcimg_g11 none talsrcimg_to_711-2C_as_mni_average_305_t4 4355
---------------------------------------------------------------------

freesurfer imgreg_4dfp.c
/opt/freesurfer/average/711-2C_as_mni_average_305.4dfp.img
       256       256       256         1
  1.000000  1.000000  1.000000
orientation T byte_order littleendian
Reading image: /opt/freesurfer/average/711-2C_as_mni_average_305.4dfp.img
dimensions:      256       256       256
mmppix:       1.0000   -1.0000   -1.0000
center:     128.0000 -129.0000 -129.0000
talsrcimg_g11.4dfp.img
       256       256       256         1
  1.000000  1.000000  1.000000
orientation T byte_order littleendian
Reading image: talsrcimg_g11.4dfp.img
dimensions:      256       256       256
mmppix:       1.0000   -1.0000   -1.0000
center:     128.0000 -129.0000 -129.0000
t4_read: open error in t4_sub.f l:  41 t4_file(1:l)talsrcimg_to_711-2C_as_mni_average_305_t4 
t4_read: transform initialized to I4
rotation matrix determinant  1.000000
image alignment mode   4355 decimal     1103 hex
   -7.5000  -45.0000  -45.0000 7247.9194   22.8134
    0.0000  -45.0000  -45.0000 7609.9692   22.8779
    7.5000  -45.0000  -45.0000 7274.7827   22.9028
   -7.5000  -37.5000  -45.0000 7786.4824   22.7774
    0.0000  -37.5000  -45.0000 8166.9038   22.8409
    7.5000  -37.5000  -45.0000 7807.0093   22.8693
   -7.5000  -30.0000  -45.0000 8532.5205   22.7071
    0.0000  -30.0000  -45.0000 8952.5645   22.7601
    7.5000  -30.0000  -45.0000 8544.6514   22.7889
   -7.5000  -22.5000  -45.0000 9211.3535   22.6679
    0.0000  -22.5000  -45.0000 9669.3408   22.7102
    7.5000  -22.5000  -45.0000 9236.1660   22.7334
   -7.5000  -15.0000  -45.0000 9852.8906   22.6971
    0.0000  -15.0000  -45.000010333.1094   22.7371
    7.5000  -15.0000  -45.0000 9860.6592   22.7542
   -7.5000   -7.5000  -45.000010436.9805   22.7722
    0.0000   -7.5000  -45.000010964.1025   22.8239
    7.5000   -7.5000  -45.000010469.0859   22.8431
   -7.5000    0.0000  -45.000010952.9492   22.8134
    0.0000    0.0000  -45.000011543.8340   22.8779
    7.5000    0.0000  -45.000011030.4111   22.9028
   -7.5000    7.5000  -45.000010771.2021   22.7774
    0.0000    7.5000  -45.000011346.5986   22.8409
    7.5000    7.5000  -45.000010834.5361   22.8693
   -7.5000   15.0000  -45.000010396.6504   22.7071
    0.0000   15.0000  -45.000010940.0635   22.7601
    7.5000   15.0000  -45.000010416.5508   22.7889
   -7.5000   22.5000  -45.0000 9851.4941   22.6648
    0.0000   22.5000  -45.000010334.9961   22.7070
    7.5000   22.5000  -45.0000 9839.4141   22.7303
   -7.5000   30.0000  -45.0000 9185.5938   22.3946
    0.0000   30.0000  -45.0000 9648.6338   22.4341
    7.5000   30.0000  -45.0000 9178.3203   22.4510
   -7.5000   37.5000  -45.0000 8828.6943   22.4687
    0.0000   37.5000  -45.0000 9298.9795   22.5198
    7.5000   37.5000  -45.0000 8839.5156   22.5387
   -7.5000   45.0000  -45.0000 8104.0747   21.9378
    0.0000   45.0000  -45.0000 8516.5312   21.9999
    7.5000   45.0000  -45.0000 8105.7275   22.0237
   -7.5000  -45.0000  -37.5000 7797.5771   22.4647
    0.0000  -45.0000  -37.5000 8184.8262   22.5406
    7.5000  -45.0000  -37.5000 7814.1499   22.5950
   -7.5000  -37.5000  -37.5000 8366.2363   22.4429
    0.0000  -37.5000  -37.5000 8769.8174   22.5214
    7.5000  -37.5000  -37.5000 8365.5156   22.5792
   -7.5000  -30.0000  -37.5000 9189.5391   22.3961
    0.0000  -30.0000  -37.5000 9644.0215   22.4714
    7.5000  -30.0000  -37.5000 9164.4863   22.5185
   -7.5000  -22.5000  -37.5000 9899.9688   22.3678
    0.0000  -22.5000  -37.500010405.2539   22.4373
    7.5000  -22.5000  -37.5000 9873.3672   22.4676
   -7.5000  -15.0000  -37.500010554.5625   22.3860
    0.0000  -15.0000  -37.500011060.9717   22.4505
    7.5000  -15.0000  -37.500010546.1006   22.4743
   -7.5000   -7.5000  -37.500011159.3730   22.4359
    0.0000   -7.5000  -37.500011710.9590   22.5038
    7.5000   -7.5000  -37.500011176.3516   22.5408
   -7.5000    0.0000  -37.500011728.6533   22.4647
    0.0000    0.0000  -37.500012334.5049   22.5406
    7.5000    0.0000  -37.500011764.9863   22.5950
   -7.5000    7.5000  -37.500011519.8242   22.4429
    0.0000    7.5000  -37.500012114.4102   22.5214
    7.5000    7.5000  -37.500011550.8047   22.5792
   -7.5000   15.0000  -37.500011051.7910   22.3961
    0.0000   15.0000  -37.500011638.0137   22.4714
    7.5000   15.0000  -37.500011040.7256   22.5185
   -7.5000   22.5000  -37.500010427.5576   22.3648
    0.0000   22.5000  -37.500010974.6689   22.4342
    7.5000   22.5000  -37.500010394.4512   22.4645
   -7.5000   30.0000  -37.5000 9716.2656   22.0877
    0.0000   30.0000  -37.500010228.8438   22.1514
    7.5000   30.0000  -37.5000 9686.3984   22.1748
   -7.5000   37.5000  -37.5000 9301.2100   22.1369
    0.0000   37.5000  -37.5000 9816.6680   22.2039
    7.5000   37.5000  -37.5000 9308.7607   22.2404
   -7.5000   45.0000  -37.5000 8482.6455   21.6025
    0.0000   45.0000  -37.5000 8928.8096   21.6755
    7.5000   45.0000  -37.5000 8483.8975   21.7278
   -7.5000  -45.0000  -30.0000 8504.3447   23.1552
    0.0000  -45.0000  -30.0000 8922.5576   23.2281
    7.5000  -45.0000  -30.0000 8512.0029   23.2894
   -7.5000  -37.5000  -30.0000 9116.6504   23.1498
    0.0000  -37.5000  -30.0000 9542.0723   23.2248
    7.5000  -37.5000  -30.0000 9102.9307   23.2856
   -7.5000  -30.0000  -30.000010000.1484   23.1107
    0.0000  -30.0000  -30.000010469.5479   23.1870
    7.5000  -30.0000  -30.0000 9960.9922   23.2310
   -7.5000  -22.5000  -30.000010783.0957   23.0723
    0.0000  -22.5000  -30.000011317.1230   23.1480
    7.5000  -22.5000  -30.000010753.8721   23.1742
   -7.5000  -15.0000  -30.000011475.4004   23.0726
    0.0000  -15.0000  -30.000012026.0547   23.1443
    7.5000  -15.0000  -30.000011474.4033   23.1682
   -7.5000   -7.5000  -30.000012110.9092   23.1162
    0.0000   -7.5000  -30.000012725.6553   23.1867
    7.5000   -7.5000  -30.000012121.5430   23.2286
   -7.5000    0.0000  -30.000012701.5479   23.1552
    0.0000    0.0000  -30.000013355.5156   23.2281
    7.5000    0.0000  -30.000012734.1885   23.2894
   -7.5000    7.5000  -30.000012427.0674   23.1498
    0.0000    7.5000  -30.000013073.1289   23.2248
    7.5000    7.5000  -30.000012449.8418   23.2856
   -7.5000   15.0000  -30.000011888.0068   23.1107
    0.0000   15.0000  -30.000012529.3838   23.1870
    7.5000   15.0000  -30.000011871.1621   23.2310
   -7.5000   22.5000  -30.000011178.7676   23.0667
    0.0000   22.5000  -30.000011742.1836   23.1424
    7.5000   22.5000  -30.000011139.5244   23.1687
   -7.5000   30.0000  -30.000010388.5742   22.7673
    0.0000   30.0000  -30.000010930.2764   22.8381
    7.5000   30.0000  -30.000010361.9121   22.8617
   -7.5000   37.5000  -30.0000 9943.4766   22.8103
    0.0000   37.5000  -30.000010487.2812   22.8799
    7.5000   37.5000  -30.0000 9950.0195   22.9212
   -7.5000   45.0000  -30.0000 9025.1992   22.2828
    0.0000   45.0000  -30.0000 9530.4854   22.3530
    7.5000   45.0000  -30.0000 9026.9775   22.4120
   -7.5000  -45.0000  -22.5000 9278.0771   23.9246
    0.0000  -45.0000  -22.5000 9729.8867   23.9794
    7.5000  -45.0000  -22.5000 9269.2666   24.0145
   -7.5000  -37.5000  -22.5000 9909.9346   23.9258
    0.0000  -37.5000  -22.500010395.0371   23.9816
    7.5000  -37.5000  -22.5000 9925.1152   24.0115
   -7.5000  -30.0000  -22.500010852.9365   23.8702
    0.0000  -30.0000  -22.500011356.2607   23.9273
    7.5000  -30.0000  -22.500010856.8691   23.9462
   -7.5000  -22.5000  -22.500011691.8516   23.8052
    0.0000  -22.5000  -22.500012283.0898   23.8617
    7.5000  -22.5000  -22.500011706.6250   23.8749
   -7.5000  -15.0000  -22.500012471.2910   23.7943
    0.0000  -15.0000  -22.500013066.1875   23.8475
    7.5000  -15.0000  -22.500012492.5244   23.8640
   -7.5000   -7.5000  -22.500013163.4189   23.8581
    0.0000   -7.5000  -22.500013837.3652   23.9110
    7.5000   -7.5000  -22.500013187.1338   23.9381
   -7.5000    0.0000  -22.500013764.0879   23.9246
    0.0000    0.0000  -22.500014489.8867   23.9794
    7.5000    0.0000  -22.500013805.7725   24.0145
   -7.5000    7.5000  -22.500013404.2705   23.9258
    0.0000    7.5000  -22.500014095.2969   23.9816
    7.5000    7.5000  -22.500013432.2656   24.0115
   -7.5000   15.0000  -22.500012785.2090   23.8702
    0.0000   15.0000  -22.500013459.6963   23.9273
    7.5000   15.0000  -22.500012789.3926   23.9462
   -7.5000   22.5000  -22.500011972.9775   23.7979
    0.0000   22.5000  -22.500012576.8623   23.8544
    7.5000   22.5000  -22.500011942.5469   23.8675
   -7.5000   30.0000  -22.500011099.5469   23.4830
    0.0000   30.0000  -22.500011672.2725   23.5355
    7.5000   30.0000  -22.500011100.7285   23.5518
   -7.5000   37.5000  -22.500010604.8965   23.5460
    0.0000   37.5000  -22.500011170.5820   23.5982
    7.5000   37.5000  -22.500010611.9473   23.6249
   -7.5000   45.0000  -22.5000 9605.2402   23.0405
    0.0000   45.0000  -22.500010119.5869   23.0934
    7.5000   45.0000  -22.5000 9591.4414   23.1272
   -7.5000  -45.0000  -15.000010000.4629   24.4921
    0.0000  -45.0000  -15.000010504.0693   24.5323
    7.5000  -45.0000  -15.000010020.8828   24.5364
   -7.5000  -37.5000  -15.000010721.8066   24.4845
    0.0000  -37.5000  -15.000011256.7803   24.5243
    7.5000  -37.5000  -15.000010739.6230   24.5226
   -7.5000  -30.0000  -15.000011757.0586   24.4077
    0.0000  -30.0000  -15.000012310.0371   24.4430
    7.5000  -30.0000  -15.000011761.1846   24.4414
   -7.5000  -22.5000  -15.000012647.8359   24.3277
    0.0000  -22.5000  -15.000013264.0303   24.3568
    7.5000  -22.5000  -15.000012661.5186   24.3621
   -7.5000  -15.0000  -15.000013458.3428   24.3222
    0.0000  -15.0000  -15.000014108.5596   24.3482
    7.5000  -15.0000  -15.000013514.2686   24.3582
   -7.5000   -7.5000  -15.000014172.7354   24.4097
    0.0000   -7.5000  -15.000014947.4961   24.4423
    7.5000   -7.5000  -15.000014253.8975   24.4511
   -7.5000    0.0000  -15.000014816.4580   24.4921
    0.0000    0.0000  -15.000015599.9707   24.5323
    7.5000    0.0000  -15.000014868.1973   24.5364
   -7.5000    7.5000  -15.000014403.5830   24.4845
    0.0000    7.5000  -15.000015166.2041   24.5243
    7.5000    7.5000  -15.000014429.0713   24.5226
   -7.5000   15.0000  -15.000013728.9219   24.4077
    0.0000   15.0000  -15.000014442.5732   24.4430
    7.5000   15.0000  -15.000013738.5410   24.4414
   -7.5000   22.5000  -15.000012821.4941   24.3190
    0.0000   22.5000  -15.000013440.8887   24.3482
    7.5000   22.5000  -15.000012800.2012   24.3534
   -7.5000   30.0000  -15.000011843.0889   24.0074
    0.0000   30.0000  -15.000012419.5400   24.0331
    7.5000   30.0000  -15.000011828.4795   24.0429
   -7.5000   37.5000  -15.000011309.8525   24.0938
    0.0000   37.5000  -15.000011850.6885   24.1260
    7.5000   37.5000  -15.000011268.5527   24.1346
   -7.5000   45.0000  -15.000010195.1533   23.6014
    0.0000   45.0000  -15.000010717.1885   23.6401
    7.5000   45.0000  -15.000010173.6670   23.6440
   -7.5000  -45.0000   -7.500010800.9238   24.7587
    0.0000  -45.0000   -7.500011344.3740   24.8089
    7.5000  -45.0000   -7.500010836.5557   24.8100
   -7.5000  -37.5000   -7.500011612.2979   24.7321
    0.0000  -37.5000   -7.500012195.7344   24.7794
    7.5000  -37.5000   -7.500011636.9463   24.7791
   -7.5000  -30.0000   -7.500012774.0781   24.6462
    0.0000  -30.0000   -7.500013399.6465   24.6818
    7.5000  -30.0000   -7.500012799.3770   24.6874
   -7.5000  -22.5000   -7.500013752.3271   24.5776
    0.0000  -22.5000   -7.500014440.8252   24.6026
    7.5000  -22.5000   -7.500013778.5986   24.6152
   -7.5000  -15.0000   -7.500014584.2451   24.5921
    0.0000  -15.0000   -7.500015327.9912   24.6160
    7.5000  -15.0000   -7.500014672.1475   24.6287
   -7.5000   -7.5000   -7.500015316.5166   24.6872
    0.0000   -7.5000   -7.500016143.2764   24.7247
    7.5000   -7.5000   -7.500015418.5205   24.7318
   -7.5000    0.0000   -7.500015980.8594   24.7587
    0.0000    0.0000   -7.500016788.5781   24.8089
    7.5000    0.0000   -7.500016037.2861   24.8100
   -7.5000    7.5000   -7.500015475.4951   24.7321
    0.0000    7.5000   -7.500016279.3467   24.7794
    7.5000    7.5000   -7.500015538.1299   24.7791
   -7.5000   15.0000   -7.500014749.0215   24.6462
    0.0000   15.0000   -7.500015482.2178   24.6818
    7.5000   15.0000   -7.500014745.5107   24.6874
   -7.5000   22.5000   -7.500013801.3750   24.5662
    0.0000   22.5000   -7.500014469.0156   24.5913
    7.5000   22.5000   -7.500013790.3877   24.6038
   -7.5000   30.0000   -7.500012722.3447   24.2732
    0.0000   30.0000   -7.500013328.6572   24.2968
    7.5000   30.0000   -7.500012698.3301   24.3094
   -7.5000   37.5000   -7.500012062.2959   24.3670
    0.0000   37.5000   -7.500012626.9756   24.4040
    7.5000   37.5000   -7.500012043.3076   24.4111
   -7.5000   45.0000   -7.500010836.2920   23.8627
    0.0000   45.0000   -7.500011398.9102   23.9111
    7.5000   45.0000   -7.500010874.1611   23.9122
   -7.5000  -45.0000    0.000011559.8838   24.7954
    0.0000  -45.0000    0.000012147.6260   24.8667
    7.5000  -45.0000    0.000011625.2900   24.8939
   -7.5000  -37.5000    0.000012426.1133   24.7579
    0.0000  -37.5000    0.000013057.7510   24.8280
    7.5000  -37.5000    0.000012468.9961   24.8583
   -7.5000  -30.0000    0.000013740.3926   24.6828
    0.0000  -30.0000    0.000014410.6191   24.7420
    7.5000  -30.0000    0.000013750.5664   24.7727
   -7.5000  -22.5000    0.000014914.1074   24.6400
    0.0000  -22.5000    0.000015654.6475   24.6885
    7.5000  -22.5000    0.000014939.4189   24.7140
   -7.5000  -15.0000    0.000015725.9482   24.6704
    0.0000  -15.0000    0.000016658.7695   24.7166
    7.5000  -15.0000    0.000015908.0596   24.7363
   -7.5000   -7.5000    0.000016386.2090   24.7507
    0.0000   -7.5000    0.000017262.0781   24.8089
    7.5000   -7.5000    0.000016564.3262   24.8306
   -7.5000    0.0000    0.000017033.3184   24.7954
    0.0000    0.0000    0.000017822.8398   24.8667
    7.5000    0.0000    0.000017156.8555   24.8939
   -7.5000    7.5000    0.000016477.5410   24.7579
    0.0000    7.5000    0.000017303.4551   24.8280
    7.5000    7.5000    0.000016578.1016   24.8583
   -7.5000   15.0000    0.000015648.3252   24.6828
    0.0000   15.0000    0.000016426.8301   24.7420
    7.5000   15.0000    0.000015676.0596   24.7727
   -7.5000   22.5000    0.000014715.8740   24.6286
    0.0000   22.5000    0.000015453.3594   24.6771
    7.5000   22.5000    0.000014713.1758   24.7026
   -7.5000   30.0000    0.000013596.1631   24.3511
    0.0000   30.0000    0.000014277.2539   24.3968
    7.5000   30.0000    0.000013596.9727   24.4161
   -7.5000   37.5000    0.000012841.6709   24.4304
    0.0000   37.5000    0.000013503.9414   24.4878
    7.5000   37.5000    0.000012887.6240   24.5092
   -7.5000   45.0000    0.000011538.2949   23.8999
    0.0000   45.0000    0.000012168.2812   23.9686
    7.5000   45.0000    0.000011597.2451   23.9948
   -7.5000  -45.0000    7.500011447.4893   24.7952
    0.0000  -45.0000    7.500012019.9336   24.8782
    7.5000  -45.0000    7.500011521.7383   24.9373
   -7.5000  -37.5000    7.500012258.0059   24.7703
    0.0000  -37.5000    7.500012869.7607   24.8558
    7.5000  -37.5000    7.500012340.3506   24.9185
   -7.5000  -30.0000    7.500013592.5342   24.7193
    0.0000  -30.0000    7.500014227.6426   24.8009
    7.5000  -30.0000    7.500013569.2881   24.8518
   -7.5000  -22.5000    7.500014879.0742   24.6896
    0.0000  -22.5000    7.500015677.7314   24.7649
    7.5000  -22.5000    7.500014873.3809   24.7975
   -7.5000  -15.0000    7.500015748.3994   24.7105
    0.0000  -15.0000    7.500016835.5605   24.7808
    7.5000  -15.0000    7.500015958.3545   24.8065
   -7.5000   -7.5000    7.500016341.6787   24.7649
    0.0000   -7.5000    7.500017217.4766   24.8392
    7.5000   -7.5000    7.500016566.8926   24.8794
   -7.5000    0.0000    7.500016888.2988   24.7952
    0.0000    0.0000    7.500017611.6602   24.8782
    7.5000    0.0000    7.500017023.2695   24.9373
   -7.5000    7.5000    7.500016299.4365   24.7703
    0.0000    7.5000    7.500017078.7109   24.8558
    7.5000    7.5000    7.500016397.1133   24.9185
   -7.5000   15.0000    7.500015484.2568   24.7193
    0.0000   15.0000    7.500016270.7266   24.8009
    7.5000   15.0000    7.500015511.5771   24.8518
   -7.5000   22.5000    7.500014593.1816   24.6782
    0.0000   22.5000    7.500015354.6055   24.7535
    7.5000   22.5000    7.500014567.3271   24.7861
   -7.5000   30.0000    7.500013497.8145   24.3907
    0.0000   30.0000    7.500014216.2461   24.4601
    7.5000   30.0000    7.500013494.5156   24.4854
   -7.5000   37.5000    7.500012708.0098   24.4444
    0.0000   37.5000    7.500013405.2881   24.5177
    7.5000   37.5000    7.500012722.3145   24.5574
   -7.5000   45.0000    7.500011389.4697   23.8997
    0.0000   45.0000    7.500012024.1855   23.9797
    7.5000   45.0000    7.500011413.0137   24.0366
   -7.5000  -45.0000   15.000011173.9688   24.8159
    0.0000  -45.0000   15.000011695.1895   24.8940
    7.5000  -45.0000   15.000011245.9395   24.9595
   -7.5000  -37.5000   15.000011954.7734   24.8109
    0.0000  -37.5000   15.000012489.4404   24.8912
    7.5000  -37.5000   15.000012011.5010   24.9561
   -7.5000  -30.0000   15.000013256.4570   24.7690
    0.0000  -30.0000   15.000013836.7900   24.8507
    7.5000  -30.0000   15.000013243.8584   24.8977
   -7.5000  -22.5000   15.000014490.4766   24.7270
    0.0000  -22.5000   15.000015426.7783   24.8080
    7.5000  -22.5000   15.000014631.6992   24.8362
   -7.5000  -15.0000   15.000015452.3447   24.7264
    0.0000  -15.0000   15.000016690.0020   24.8032
    7.5000  -15.0000   15.000015653.6279   24.8289
   -7.5000   -7.5000   15.000016169.4971   24.7732
    0.0000   -7.5000   15.000017181.9258   24.8487
    7.5000   -7.5000   15.000016211.7227   24.8936
   -7.5000    0.0000   15.000016726.6914   24.8159
    0.0000    0.0000   15.000017540.8965   24.8940
    7.5000    0.0000   15.000016662.1152   24.9595
   -7.5000    7.5000   15.000016102.4951   24.8109
    0.0000    7.5000   15.000016900.2598   24.8912
    7.5000    7.5000   15.000016033.5869   24.9561
   -7.5000   15.0000   15.000015242.6748   24.7690
    0.0000   15.0000   15.000016036.8555   24.8507
    7.5000   15.0000   15.000015183.0459   24.8977
   -7.5000   22.5000   15.000014298.9316   24.7156
    0.0000   22.5000   15.000015037.3779   24.7966
    7.5000   22.5000   15.000014253.5332   24.8247
   -7.5000   30.0000   15.000013198.6318   24.4064
    0.0000   30.0000   15.000013910.4805   24.4823
    7.5000   30.0000   15.000013188.3516   24.5076
   -7.5000   37.5000   15.000012402.9648   24.4526
    0.0000   37.5000   15.000013075.3721   24.5271
    7.5000   37.5000   15.000012413.1377   24.5714
   -7.5000   45.0000   15.000011098.8770   23.9196
    0.0000   45.0000   15.000011671.9727   23.9950
    7.5000   45.0000   15.000011086.6416   24.0581
   -7.5000  -45.0000   22.500010705.0430   24.8356
    0.0000  -45.0000   22.500011193.0986   24.8926
    7.5000  -45.0000   22.500010767.0273   24.9290
   -7.5000  -37.5000   22.500011488.8857   24.8368
    0.0000  -37.5000   22.500012014.9033   24.8948
    7.5000  -37.5000   22.500011541.2227   24.9259
   -7.5000  -30.0000   22.500012660.9424   24.7791
    0.0000  -30.0000   22.500013372.8086   24.8385
    7.5000  -30.0000   22.500012808.5332   24.8580
   -7.5000  -22.5000   22.500013805.2227   24.7117
    0.0000  -22.5000   22.500014749.0283   24.7703
    7.5000  -22.5000   22.500014051.3701   24.7840
   -7.5000  -15.0000   22.500014729.1836   24.7003
    0.0000  -15.0000   22.500015845.4492   24.7555
    7.5000  -15.0000   22.500014948.7178   24.7727
   -7.5000   -7.5000   22.500015546.5928   24.7665
    0.0000   -7.5000   22.500016477.4395   24.8215
    7.5000   -7.5000   22.500015570.4287   24.8496
   -7.5000    0.0000   22.500016188.4160   24.8356
    0.0000    0.0000   22.500017057.5879   24.8926
    7.5000    0.0000   22.500016159.6641   24.9290
   -7.5000    7.5000   22.500015547.3994   24.8368
    0.0000    7.5000   22.500016383.3262   24.8948
    7.5000    7.5000   22.500015503.1357   24.9259
   -7.5000   15.0000   22.500014672.1719   24.7791
    0.0000   15.0000   22.500015426.1895   24.8385
    7.5000   15.0000   22.500014625.8438   24.8580
   -7.5000   22.5000   22.500013720.8389   24.7003
    0.0000   22.5000   22.500014413.1133   24.7589
    7.5000   22.5000   22.500013684.4189   24.7726
   -7.5000   30.0000   22.500012638.5703   24.3806
    0.0000   30.0000   22.500013317.4912   24.4352
    7.5000   30.0000   22.500012629.2539   24.4521
   -7.5000   37.5000   22.500011875.9346   24.4460
    0.0000   37.5000   22.500012526.4453   24.5003
    7.5000   37.5000   22.500011889.1963   24.5280
   -7.5000   45.0000   22.500010623.3076   23.9387
    0.0000   45.0000   22.500011133.3779   23.9936
    7.5000   45.0000   22.500010607.1240   24.0287
   -7.5000  -45.0000   30.000010123.6387   24.8297
    0.0000  -45.0000   30.000010626.2822   24.8705
    7.5000  -45.0000   30.000010176.9326   24.8745
   -7.5000  -37.5000   30.000010815.3828   24.8220
    0.0000  -37.5000   30.000011349.4570   24.8623
    7.5000  -37.5000   30.000010901.2939   24.8605
   -7.5000  -30.0000   30.000011879.1787   24.7440
    0.0000  -30.0000   30.000012460.1172   24.7798
    7.5000  -30.0000   30.000012005.6738   24.7782
   -7.5000  -22.5000   30.000012842.6963   24.6628
    0.0000  -22.5000   30.000013512.9697   24.6924
    7.5000  -22.5000   30.000013008.2891   24.6977
   -7.5000  -15.0000   30.000013707.3213   24.6573
    0.0000  -15.0000   30.000014338.5898   24.6837
    7.5000  -15.0000   30.000013795.4961   24.6937
   -7.5000   -7.5000   30.000014487.1025   24.7460
    0.0000   -7.5000   30.000015112.2275   24.7791
    7.5000   -7.5000   30.000014512.7822   24.7880
   -7.5000    0.0000   30.000015170.9814   24.8297
    0.0000    0.0000   30.000015833.5713   24.8705
    7.5000    0.0000   30.000015196.4199   24.8745
   -7.5000    7.5000   30.000014623.0332   24.8220
    0.0000    7.5000   30.000015327.7627   24.8623
    7.5000    7.5000   30.000014633.8242   24.8605
   -7.5000   15.0000   30.000013809.8350   24.7440
    0.0000   15.0000   30.000014464.8076   24.7798
    7.5000   15.0000   30.000013777.9082   24.7782
   -7.5000   22.5000   30.000012925.0703   24.6515
    0.0000   22.5000   30.000013535.4707   24.6810
    7.5000   22.5000   30.000012876.0918   24.6863
   -7.5000   30.0000   30.000011924.7979   24.3382
    0.0000   30.0000   30.000012550.0977   24.3642
    7.5000   30.0000   30.000011913.0850   24.3742
   -7.5000   37.5000   30.000011167.5732   24.4258
    0.0000   37.5000   30.000011785.2188   24.4584
    7.5000   37.5000   30.000011200.4990   24.4672
   -7.5000   45.0000   30.0000 9966.2764   23.9329
    0.0000   45.0000   30.000010458.0010   23.9723
    7.5000   45.0000   30.0000 9962.2354   23.9762
   -7.5000  -45.0000   37.5000 9798.2812   24.9291
    0.0000  -45.0000   37.500010327.4824   24.9793
    7.5000  -45.0000   37.5000 9884.2461   24.9800
   -7.5000  -37.5000   37.500010445.1279   24.9018
    0.0000  -37.5000   37.500010977.6318   24.9492
    7.5000  -37.5000   37.500010574.3535   24.9485
   -7.5000  -30.0000   37.500011457.1904   24.8141
    0.0000  -30.0000   37.500012007.9414   24.8499
    7.5000  -30.0000   37.500011586.6719   24.8553
   -7.5000  -22.5000   37.500012404.4932   24.7444
    0.0000  -22.5000   37.500012932.7334   24.7696
    7.5000  -22.5000   37.500012484.6182   24.7820
   -7.5000  -15.0000   37.500013204.0889   24.7594
    0.0000  -15.0000   37.500013675.2930   24.7833
    7.5000  -15.0000   37.500013246.3535   24.7958
   -7.5000   -7.5000   37.500013920.2676   24.8563
    0.0000   -7.5000   37.500014448.2812   24.8938
    7.5000   -7.5000   37.500013979.3096   24.9005
   -7.5000    0.0000   37.500014559.5098   24.9291
    0.0000    0.0000   37.500015186.5098   24.9793
    7.5000    0.0000   37.500014649.2109   24.9800
   -7.5000    7.5000   37.500014074.6689   24.9018
    0.0000    7.5000   37.500014699.0811   24.9492
    7.5000    7.5000   37.500014143.7871   24.9485
   -7.5000   15.0000   37.500013338.3398   24.8141
    0.0000   15.0000   37.500013918.1719   24.8499
    7.5000   15.0000   37.500013347.8672   24.8553
   -7.5000   22.5000   37.500012483.5654   24.7330
    0.0000   22.5000   37.500013066.4355   24.7582
    7.5000   22.5000   37.500012485.6230   24.7706
   -7.5000   30.0000   37.500011529.4160   24.4390
    0.0000   30.0000   37.500012112.9219   24.4626
    7.5000   30.0000   37.500011555.1426   24.4749
   -7.5000   37.5000   37.500010800.5098   24.5346
    0.0000   37.5000   37.500011369.2285   24.5716
    7.5000   37.5000   37.500010843.5068   24.5782
   -7.5000   45.0000   37.5000 9629.0986   24.0287
    0.0000   45.0000   37.500010105.6123   24.0772
    7.5000   45.0000   37.5000 9645.4512   24.0778
   -7.5000  -45.0000   45.0000 9038.9600   25.0499
    0.0000  -45.0000   45.0000 9520.5166   25.1231
    7.5000  -45.0000   45.0000 9154.5908   25.1490
   -7.5000  -37.5000   45.0000 9621.2422   25.0127
    0.0000  -37.5000   45.000010122.4648   25.0847
    7.5000  -37.5000   45.0000 9764.6348   25.1143
   -7.5000  -30.0000   45.000010538.6113   24.9364
    0.0000  -30.0000   45.000011028.5518   24.9974
    7.5000  -30.0000   45.000010656.8730   25.0275
   -7.5000  -22.5000   45.000011375.1055   24.8918
    0.0000  -22.5000   45.000011838.2900   24.9421
    7.5000  -22.5000   45.000011453.2451   24.9665
   -7.5000  -15.0000   45.000012109.0303   24.9219
    0.0000  -15.0000   45.000012553.3779   24.9699
    7.5000  -15.0000   45.000012170.5166   24.9877
   -7.5000   -7.5000   45.000012766.9668   25.0036
    0.0000   -7.5000   45.000013262.9551   25.0635
    7.5000   -7.5000   45.000012862.3105   25.0834
   -7.5000    0.0000   45.000013366.3076   25.0499
    0.0000    0.0000   45.000013909.6230   25.1231
    7.5000    0.0000   45.000013473.8105   25.1490
   -7.5000    7.5000   45.000012928.6689   25.0127
    0.0000    7.5000   45.000013473.7705   25.0847
    7.5000    7.5000   45.000012997.5479   25.1143
   -7.5000   15.0000   45.000012253.4883   24.9364
    0.0000   15.0000   45.000012798.4395   24.9974
    7.5000   15.0000   45.000012277.4268   25.0275
   -7.5000   22.5000   45.000011460.9355   24.8803
    0.0000   22.5000   45.000012008.7305   24.9305
    7.5000   22.5000   45.000011471.2158   24.9549
   -7.5000   30.0000   45.000010571.6152   24.5972
    0.0000   30.0000   45.000011084.2217   24.6446
    7.5000   30.0000   45.000010591.0186   24.6622
   -7.5000   37.5000   45.0000 9891.4424   24.6778
    0.0000   37.5000   45.000010392.6924   24.7370
    7.5000   37.5000   45.0000 9951.0732   24.7566
   -7.5000   45.0000   45.0000 8831.2314   24.1561
    0.0000   45.0000   45.0000 9257.0459   24.2267
    7.5000   45.0000   45.0000 8868.8018   24.2518

---------------------------------------------------------------------
imgreg_4dfp /opt/freesurfer/average/711-2C_as_mni_average_305 /opt/freesurfer/average/711-2B_as_mni_average_305_mask talsrcimg_g11 none talsrcimg_to_711-2C_as_mni_average_305_t4 4355
---------------------------------------------------------------------

freesurfer imgreg_4dfp.c
/opt/freesurfer/average/711-2C_as_mni_average_305.4dfp.img
       256       256       256         1
  1.000000  1.000000  1.000000
orientation T byte_order littleendian
Reading image: /opt/freesurfer/average/711-2C_as_mni_average_305.4dfp.img
dimensions:      256       256       256
mmppix:       1.0000   -1.0000   -1.0000
center:     128.0000 -129.0000 -129.0000
/opt/freesurfer/average/711-2B_as_mni_average_305_mask.4dfp.img
       256       256       256         1
  1.000000  1.000000  1.000000
orientation T byte_order littleendian
Reading mask: /opt/freesurfer/average/711-2B_as_mni_average_305_mask.4dfp.img (2306576 pixels)
talsrcimg_g11.4dfp.img
       256       256       256         1
  1.000000  1.000000  1.000000
orientation T byte_order littleendian
Reading image: talsrcimg_g11.4dfp.img
dimensions:      256       256       256
mmppix:       1.0000   -1.0000   -1.0000
center:     128.0000 -129.0000 -129.0000
rotation matrix determinant  1.000000
image alignment mode   4355 decimal     1103 hex
   -7.5000  -45.0000  -45.0000 2058.7131   30.3726
    0.0000  -45.0000  -45.0000 2074.2998   30.2566
    7.5000  -45.0000  -45.0000 2058.7964   30.2925
   -7.5000  -37.5000  -45.0000 2145.2373   27.8867
    0.0000  -37.5000  -45.0000 2161.9858   27.7552
    7.5000  -37.5000  -45.0000 2149.1948   27.8398
   -7.5000  -30.0000  -45.0000 2201.3933   25.9074
    0.0000  -30.0000  -45.0000 2217.9915   25.8784
    7.5000  -30.0000  -45.0000 2202.9641   25.9451
   -7.5000  -22.5000  -45.0000 2240.3032   24.6178
    0.0000  -22.5000  -45.0000 2255.6555   24.5119
    7.5000  -22.5000  -45.0000 2246.2378   24.5906
   -7.5000  -15.0000  -45.0000 2267.5737   23.8471
    0.0000  -15.0000  -45.0000 2281.7932   23.6732
    7.5000  -15.0000  -45.0000 2272.6279   23.7288
   -7.5000   -7.5000  -45.0000 2274.0747   23.6126
    0.0000   -7.5000  -45.0000 2296.9492   23.4311
    7.5000   -7.5000  -45.0000 2284.2178   23.5269
   -7.5000    0.0000  -45.0000 2256.5752   23.7515
    0.0000    0.0000  -45.0000 2278.9932   23.6209
    7.5000    0.0000  -45.0000 2271.9966   23.6431
   -7.5000    7.5000  -45.0000 2232.7935   24.4464
    0.0000    7.5000  -45.0000 2253.3794   24.2297
    7.5000    7.5000  -45.0000 2247.6270   24.2979
   -7.5000   15.0000  -45.0000 2195.3777   25.5405
    0.0000   15.0000  -45.0000 2213.2412   25.2984
    7.5000   15.0000  -45.0000 2205.2070   25.3351
   -7.5000   22.5000  -45.0000 2139.3479   27.0416
    0.0000   22.5000  -45.0000 2154.5496   26.7662
    7.5000   22.5000  -45.0000 2143.4885   26.8213
   -7.5000   30.0000  -45.0000 2053.7319   29.0742
    0.0000   30.0000  -45.0000 2066.0403   28.6774
    7.5000   30.0000  -45.0000 2062.7615   28.8187
   -7.5000   37.5000  -45.0000 1943.4792   31.8246
    0.0000   37.5000  -45.0000 1963.6787   31.3715
    7.5000   37.5000  -45.0000 1961.6265   31.7108
   -7.5000   45.0000  -45.0000 1833.3943   35.7115
    0.0000   45.0000  -45.0000 1847.6816   35.1905
    7.5000   45.0000  -45.0000 1850.2861   35.5495
   -7.5000  -45.0000  -37.5000 2152.0366   27.9433
    0.0000  -45.0000  -37.5000 2164.7537   27.9250
    7.5000  -45.0000  -37.5000 2153.1985   27.9511
   -7.5000  -37.5000  -37.5000 2241.3699   25.6498
    0.0000  -37.5000  -37.5000 2252.9019   25.6374
    7.5000  -37.5000  -37.5000 2240.1582   25.6761
   -7.5000  -30.0000  -37.5000 2309.5767   23.8705
    0.0000  -30.0000  -37.5000 2324.1384   23.8475
    7.5000  -30.0000  -37.5000 2302.7664   23.9345
   -7.5000  -22.5000  -37.5000 2342.9214   22.6840
    0.0000  -22.5000  -37.5000 2362.1770   22.6215
    7.5000  -22.5000  -37.5000 2345.3494   22.7000
   -7.5000  -15.0000  -37.5000 2369.5513   21.8824
    0.0000  -15.0000  -37.5000 2389.0874   21.8158
    7.5000  -15.0000  -37.5000 2374.8081   21.8851
   -7.5000   -7.5000  -37.5000 2376.4045   21.6363
    0.0000   -7.5000  -37.5000 2393.6611   21.4639
    7.5000   -7.5000  -37.5000 2385.5083   21.5627
   -7.5000    0.0000  -37.5000 2360.3140   21.6995
    0.0000    0.0000  -37.5000 2385.3086   21.5548
    7.5000    0.0000  -37.5000 2378.0205   21.6380
   -7.5000    7.5000  -37.5000 2343.8596   22.3019
    0.0000    7.5000  -37.5000 2365.6333   22.1368
    7.5000    7.5000  -37.5000 2360.9685   22.2441
   -7.5000   15.0000  -37.5000 2301.4995   23.3304
    0.0000   15.0000  -37.5000 2322.3936   23.1733
    7.5000   15.0000  -37.5000 2313.0776   23.1792
   -7.5000   22.5000  -37.5000 2238.9307   24.6863
    0.0000   22.5000  -37.5000 2258.2461   24.4958
    7.5000   22.5000  -37.5000 2246.7114   24.5030
   -7.5000   30.0000  -37.5000 2151.6609   26.5848
    0.0000   30.0000  -37.5000 2168.0637   26.3038
    7.5000   30.0000  -37.5000 2160.5869   26.4028
   -7.5000   37.5000  -37.5000 2038.8442   29.1945
    0.0000   37.5000  -37.5000 2057.1477   28.7850
    7.5000   37.5000  -37.5000 2052.7104   29.0234
   -7.5000   45.0000  -37.5000 1913.9771   32.7419
    0.0000   45.0000  -37.5000 1928.5530   32.2439
    7.5000   45.0000  -37.5000 1931.4225   32.5350
   -7.5000  -45.0000  -30.0000 2279.4780   26.7698
    0.0000  -45.0000  -30.0000 2295.8682   26.6872
    7.5000  -45.0000  -30.0000 2278.0574   26.8302
   -7.5000  -37.5000  -30.0000 2374.0962   24.5165
    0.0000  -37.5000  -30.0000 2385.2214   24.4508
    7.5000  -37.5000  -30.0000 2368.4958   24.6034
   -7.5000  -30.0000  -30.0000 2441.3225   22.7463
    0.0000  -30.0000  -30.0000 2459.1387   22.6381
    7.5000  -30.0000  -30.0000 2437.4399   22.8068
   -7.5000  -22.5000  -30.0000 2495.2756   21.5245
    0.0000  -22.5000  -30.0000 2514.5486   21.4511
    7.5000  -22.5000  -30.0000 2497.5049   21.5853
   -7.5000  -15.0000  -30.0000 2522.0308   20.8262
    0.0000  -15.0000  -30.0000 2535.1794   20.7144
    7.5000  -15.0000  -30.0000 2530.3752   20.8481
   -7.5000   -7.5000  -30.0000 2529.2563   20.5548
    0.0000   -7.5000  -30.0000 2547.7400   20.3911
    7.5000   -7.5000  -30.0000 2540.7310   20.4964
   -7.5000    0.0000  -30.0000 2516.5537   20.6078
    0.0000    0.0000  -30.0000 2541.5652   20.4177
    7.5000    0.0000  -30.0000 2534.7185   20.5594
   -7.5000    7.5000  -30.0000 2494.1292   21.1646
    0.0000    7.5000  -30.0000 2516.5808   20.9540
    7.5000    7.5000  -30.0000 2514.0938   21.1028
   -7.5000   15.0000  -30.0000 2449.5989   22.1132
    0.0000   15.0000  -30.0000 2474.2656   21.9419
    7.5000   15.0000  -30.0000 2463.2993   21.9836
   -7.5000   22.5000  -30.0000 2382.4548   23.4546
    0.0000   22.5000  -30.0000 2404.1719   23.3389
    7.5000   22.5000  -30.0000 2391.9031   23.3498
   -7.5000   30.0000  -30.0000 2291.6992   25.2565
    0.0000   30.0000  -30.0000 2312.6018   25.0960
    7.5000   30.0000  -30.0000 2299.9924   25.1821
   -7.5000   37.5000  -30.0000 2170.2117   27.7795
    0.0000   37.5000  -30.0000 2194.5562   27.5245
    7.5000   37.5000  -30.0000 2187.3528   27.6847
   -7.5000   45.0000  -30.0000 2031.7274   31.1464
    0.0000   45.0000  -30.0000 2052.1663   30.7384
    7.5000   45.0000  -30.0000 2048.8088   31.0076
   -7.5000  -45.0000  -22.5000 2375.3625   25.4295
    0.0000  -45.0000  -22.5000 2391.7151   25.3559
    7.5000  -45.0000  -22.5000 2372.2783   25.4056
   -7.5000  -37.5000  -22.5000 2469.4343   23.2278
    0.0000  -37.5000  -22.5000 2484.0364   23.1061
    7.5000  -37.5000  -22.5000 2470.9265   23.2673
   -7.5000  -30.0000  -22.5000 2542.9155   21.4916
    0.0000  -30.0000  -22.5000 2555.0034   21.3483
    7.5000  -30.0000  -22.5000 2547.3743   21.5312
   -7.5000  -22.5000  -22.5000 2610.6177   20.2571
    0.0000  -22.5000  -22.5000 2625.2664   20.0787
    7.5000  -22.5000  -22.5000 2616.3464   20.2724
   -7.5000  -15.0000  -22.5000 2654.2634   19.5670
    0.0000  -15.0000  -22.5000 2665.6101   19.4165
    7.5000  -15.0000  -22.5000 2661.4360   19.5848
   -7.5000   -7.5000  -22.5000 2664.2405   19.2806
    0.0000   -7.5000  -22.5000 2681.7427   19.1136
    7.5000   -7.5000  -22.5000 2674.1440   19.2553
   -7.5000    0.0000  -22.5000 2651.9512   19.4181
    0.0000    0.0000  -22.5000 2678.2083   19.1914
    7.5000    0.0000  -22.5000 2671.4365   19.3285
   -7.5000    7.5000  -22.5000 2624.7209   19.9240
    0.0000    7.5000  -22.5000 2650.7954   19.7028
    7.5000    7.5000  -22.5000 2648.7068   19.8310
   -7.5000   15.0000  -22.5000 2573.0459   20.8231
    0.0000   15.0000  -22.5000 2602.1521   20.5935
    7.5000   15.0000  -22.5000 2590.9907   20.6789
   -7.5000   22.5000  -22.5000 2499.5596   22.1243
    0.0000   22.5000  -22.5000 2524.4595   21.9302
    7.5000   22.5000  -22.5000 2514.0439   22.0091
   -7.5000   30.0000  -22.5000 2400.4097   23.9198
    0.0000   30.0000  -22.5000 2426.3435   23.7088
    7.5000   30.0000  -22.5000 2415.3748   23.8115
   -7.5000   37.5000  -22.5000 2272.1846   26.3688
    0.0000   37.5000  -22.5000 2304.7991   26.1194
    7.5000   37.5000  -22.5000 2294.2820   26.2477
   -7.5000   45.0000  -22.5000 2122.3918   29.5040
    0.0000   45.0000  -22.5000 2146.8164   29.2392
    7.5000   45.0000  -22.5000 2140.0662   29.3680
   -7.5000  -45.0000  -15.0000 2428.7766   24.1157
    0.0000  -45.0000  -15.0000 2450.6599   23.9860
    7.5000  -45.0000  -15.0000 2433.9287   24.0484
   -7.5000  -37.5000  -15.0000 2533.6138   21.9658
    0.0000  -37.5000  -15.0000 2551.8855   21.8335
    7.5000  -37.5000  -15.0000 2539.7151   21.9613
   -7.5000  -30.0000  -15.0000 2615.9922   20.2955
    0.0000  -30.0000  -15.0000 2632.4854   20.1197
    7.5000  -30.0000  -15.0000 2622.7222   20.3140
   -7.5000  -22.5000  -15.0000 2690.3416   19.0917
    0.0000  -22.5000  -15.0000 2706.9258   18.8395
    7.5000  -22.5000  -15.0000 2697.3650   19.0662
   -7.5000  -15.0000  -15.0000 2743.0151   18.3374
    0.0000  -15.0000  -15.0000 2758.4731   18.1147
    7.5000  -15.0000  -15.0000 2759.7156   18.3174
   -7.5000   -7.5000  -15.0000 2766.7273   18.0366
    0.0000   -7.5000  -15.0000 2790.0212   17.8487
    7.5000   -7.5000  -15.0000 2780.5139   17.9997
   -7.5000    0.0000  -15.0000 2761.7971   18.1949
    0.0000    0.0000  -15.0000 2790.9333   17.9469
    7.5000    0.0000  -15.0000 2786.9919   18.1193
   -7.5000    7.5000  -15.0000 2728.7107   18.7111
    0.0000    7.5000  -15.0000 2760.4648   18.4191
    7.5000    7.5000  -15.0000 2753.8977   18.6002
   -7.5000   15.0000  -15.0000 2675.9355   19.6445
    0.0000   15.0000  -15.0000 2703.1350   19.3310
    7.5000   15.0000  -15.0000 2694.5042   19.4525
   -7.5000   22.5000  -15.0000 2595.5886   20.9294
    0.0000   22.5000  -15.0000 2616.4858   20.6254
    7.5000   22.5000  -15.0000 2609.6775   20.7513
   -7.5000   30.0000  -15.0000 2483.8928   22.6779
    0.0000   30.0000  -15.0000 2511.7778   22.4062
    7.5000   30.0000  -15.0000 2502.7441   22.5094
   -7.5000   37.5000  -15.0000 2353.2837   25.0465
    0.0000   37.5000  -15.0000 2380.0803   24.7729
    7.5000   37.5000  -15.0000 2370.4666   24.8362
   -7.5000   45.0000  -15.0000 2182.7729   28.1075
    0.0000   45.0000  -15.0000 2207.6719   27.7963
    7.5000   45.0000  -15.0000 2201.2217   27.8336
   -7.5000  -45.0000   -7.5000 2468.0984   22.9188
    0.0000  -45.0000   -7.5000 2489.6423   22.7028
    7.5000  -45.0000   -7.5000 2478.8591   22.8371
   -7.5000  -37.5000   -7.5000 2581.5522   20.8234
    0.0000  -37.5000   -7.5000 2610.0745   20.6351
    7.5000  -37.5000   -7.5000 2599.6682   20.7387
   -7.5000  -30.0000   -7.5000 2677.7437   19.2246
    0.0000  -30.0000   -7.5000 2699.1133   19.0261
    7.5000  -30.0000   -7.5000 2689.1680   19.2132
   -7.5000  -22.5000   -7.5000 2761.2021   18.0276
    0.0000  -22.5000   -7.5000 2783.6006   17.8408
    7.5000  -22.5000   -7.5000 2768.5479   18.0458
   -7.5000  -15.0000   -7.5000 2817.6184   17.2405
    0.0000  -15.0000   -7.5000 2837.0198   16.9871
    7.5000  -15.0000   -7.5000 2832.8169   17.1986
   -7.5000   -7.5000   -7.5000 2849.4333   16.8744
    0.0000   -7.5000   -7.5000 2875.3267   16.6440
    7.5000   -7.5000   -7.5000 2868.6172   16.8626
   -7.5000    0.0000   -7.5000 2853.6399   17.0267
    0.0000    0.0000   -7.5000 2879.4204   16.7339
    7.5000    0.0000   -7.5000 2877.2363   16.9603
   -7.5000    7.5000   -7.5000 2818.8459   17.5845
    0.0000    7.5000   -7.5000 2847.3337   17.2436
    7.5000    7.5000   -7.5000 2843.2537   17.4552
   -7.5000   15.0000   -7.5000 2757.8923   18.5172
    0.0000   15.0000   -7.5000 2781.2031   18.1675
    7.5000   15.0000   -7.5000 2778.0076   18.3554
   -7.5000   22.5000   -7.5000 2667.6465   19.8214
    0.0000   22.5000   -7.5000 2689.7798   19.4818
    7.5000   22.5000   -7.5000 2684.0164   19.6359
   -7.5000   30.0000   -7.5000 2546.0454   21.5609
    0.0000   30.0000   -7.5000 2572.1514   21.2655
    7.5000   30.0000   -7.5000 2562.5300   21.4063
   -7.5000   37.5000   -7.5000 2407.8367   23.8744
    0.0000   37.5000   -7.5000 2432.6553   23.5546
    7.5000   37.5000   -7.5000 2422.4722   23.6839
   -7.5000   45.0000   -7.5000 2229.5586   26.7922
    0.0000   45.0000   -7.5000 2253.0435   26.4825
    7.5000   45.0000   -7.5000 2251.2373   26.5445
   -7.5000  -45.0000    0.0000 2488.5059   22.0275
    0.0000  -45.0000    0.0000 2514.4551   21.7831
    7.5000  -45.0000    0.0000 2510.9106   22.0003
   -7.5000  -37.5000    0.0000 2610.8499   19.9523
    0.0000  -37.5000    0.0000 2640.8667   19.7359
    7.5000  -37.5000    0.0000 2630.9951   19.9185
   -7.5000  -30.0000    0.0000 2722.6973   18.3912
    0.0000  -30.0000    0.0000 2748.1660   18.1683
    7.5000  -30.0000    0.0000 2736.5347   18.3784
   -7.5000  -22.5000    0.0000 2813.6587   17.2712
    0.0000  -22.5000    0.0000 2844.3511   17.0342
    7.5000  -22.5000    0.0000 2827.5156   17.2787
   -7.5000  -15.0000    0.0000 2879.6995   16.4614
    0.0000  -15.0000    0.0000 2909.1284   16.2237
    7.5000  -15.0000    0.0000 2894.5269   16.5076
   -7.5000   -7.5000    0.0000 2913.1323   15.9919
    0.0000   -7.5000    0.0000 2951.4819   15.7037
    7.5000   -7.5000    0.0000 2937.3901   16.0568
   -7.5000    0.0000    0.0000 2918.6555   16.0558
    0.0000    0.0000    0.0000 2943.1074   15.6875
    7.5000    0.0000    0.0000 2943.2905   16.0430
   -7.5000    7.5000    0.0000 2877.5806   16.7163
    0.0000    7.5000    0.0000 2909.5063   16.3350
    7.5000    7.5000    0.0000 2908.2419   16.6006
   -7.5000   15.0000    0.0000 2808.1416   17.6847
    0.0000   15.0000    0.0000 2835.9841   17.2850
    7.5000   15.0000    0.0000 2832.7178   17.5464
   -7.5000   22.5000    0.0000 2712.7793   19.0408
    0.0000   22.5000    0.0000 2738.6721   18.6644
    7.5000   22.5000    0.0000 2734.4204   18.9163
   -7.5000   30.0000    0.0000 2588.8733   20.7852
    0.0000   30.0000    0.0000 2616.7002   20.4606
    7.5000   30.0000    0.0000 2607.2986   20.6817
   -7.5000   37.5000    0.0000 2434.6025   23.0431
    0.0000   37.5000    0.0000 2467.4778   22.7202
    7.5000   37.5000    0.0000 2458.6130   22.9310
   -7.5000   45.0000    0.0000 2255.1462   25.8612
    0.0000   45.0000    0.0000 2287.8237   25.6148
    7.5000   45.0000    0.0000 2281.8730   25.8006
   -7.5000  -45.0000    7.5000 2520.2483   21.5176
    0.0000  -45.0000    7.5000 2537.6875   21.1652
    7.5000  -45.0000    7.5000 2537.6221   21.4894
   -7.5000  -37.5000    7.5000 2633.9270   19.4000
    0.0000  -37.5000    7.5000 2655.3538   19.1503
    7.5000  -37.5000    7.5000 2652.8743   19.4140
   -7.5000  -30.0000    7.5000 2750.2158   17.8156
    0.0000  -30.0000    7.5000 2775.2659   17.5762
    7.5000  -30.0000    7.5000 2760.3569   17.8310
   -7.5000  -22.5000    7.5000 2853.9863   16.7272
    0.0000  -22.5000    7.5000 2885.3635   16.4864
    7.5000  -22.5000    7.5000 2865.6716   16.7543
   -7.5000  -15.0000    7.5000 2931.3813   16.0106
    0.0000  -15.0000    7.5000 2973.6514   15.8365
    7.5000  -15.0000    7.5000 2955.9382   16.0419
   -7.5000   -7.5000    7.5000 2961.1763   15.5052
    0.0000   -7.5000    7.5000 3013.2202   15.2060
    7.5000   -7.5000    7.5000 2995.2473   15.5750
   -7.5000    0.0000    7.5000 2957.4131   15.5250
    0.0000    0.0000    7.5000 2988.6938   15.1068
    7.5000    0.0000    7.5000 2978.1453   15.5594
   -7.5000    7.5000    7.5000 2911.0649   16.1362
    0.0000    7.5000    7.5000 2947.7830   15.7421
    7.5000    7.5000    7.5000 2942.0212   16.0422
   -7.5000   15.0000    7.5000 2835.8916   17.1777
    0.0000   15.0000    7.5000 2866.3286   16.7927
    7.5000   15.0000    7.5000 2864.2681   17.0416
   -7.5000   22.5000    7.5000 2738.8418   18.5761
    0.0000   22.5000    7.5000 2765.8079   18.2370
    7.5000   22.5000    7.5000 2759.8079   18.4754
   -7.5000   30.0000    7.5000 2607.8386   20.3634
    0.0000   30.0000    7.5000 2635.5291   20.0426
    7.5000   30.0000    7.5000 2630.5486   20.2472
   -7.5000   37.5000    7.5000 2451.7742   22.5736
    0.0000   37.5000    7.5000 2483.6238   22.2825
    7.5000   37.5000    7.5000 2475.3105   22.4671
   -7.5000   45.0000    7.5000 2270.6575   25.3606
    0.0000   45.0000    7.5000 2303.7063   25.1183
    7.5000   45.0000    7.5000 2297.7202   25.2704
   -7.5000  -45.0000   15.0000 2539.0918   21.2947
    0.0000  -45.0000   15.0000 2552.9790   20.8260
    7.5000  -45.0000   15.0000 2551.6670   21.2204
   -7.5000  -37.5000   15.0000 2652.4702   19.1738
    0.0000  -37.5000   15.0000 2673.7747   18.8342
    7.5000  -37.5000   15.0000 2671.1799   19.1673
   -7.5000  -30.0000   15.0000 2759.8708   17.5968
    0.0000  -30.0000   15.0000 2796.5708   17.3262
    7.5000  -30.0000   15.0000 2780.4214   17.5948
   -7.5000  -22.5000   15.0000 2870.3625   16.5180
    0.0000  -22.5000   15.0000 2912.4287   16.2917
    7.5000  -22.5000   15.0000 2893.3782   16.5096
   -7.5000  -15.0000   15.0000 2944.8242   15.8490
    0.0000  -15.0000   15.0000 3009.3320   15.7630
    7.5000  -15.0000   15.0000 2981.1116   15.8780
   -7.5000   -7.5000   15.0000 2973.5396   15.4265
    0.0000   -7.5000   15.0000 3047.1538   15.2505
    7.5000   -7.5000   15.0000 3012.9878   15.4053
   -7.5000    0.0000   15.0000 2958.8113   15.5083
    0.0000    0.0000   15.0000 3001.6045   15.1322
    7.5000    0.0000   15.0000 2985.1091   15.3921
   -7.5000    7.5000   15.0000 2914.9131   16.0265
    0.0000    7.5000   15.0000 2954.3882   15.6637
    7.5000    7.5000   15.0000 2943.9246   15.8834
   -7.5000   15.0000   15.0000 2841.2676   17.0327
    0.0000   15.0000   15.0000 2872.4536   16.6812
    7.5000   15.0000   15.0000 2866.3743   16.8920
   -7.5000   22.5000   15.0000 2741.5979   18.4375
    0.0000   22.5000   15.0000 2761.8853   18.1068
    7.5000   22.5000   15.0000 2764.6636   18.2919
   -7.5000   30.0000   15.0000 2601.7244   20.2056
    0.0000   30.0000   15.0000 2627.3525   19.8859
    7.5000   30.0000   15.0000 2627.8140   20.0606
   -7.5000   37.5000   15.0000 2448.4641   22.4017
    0.0000   37.5000   15.0000 2483.5696   22.1174
    7.5000   37.5000   15.0000 2476.6477   22.3159
   -7.5000   45.0000   15.0000 2270.3457   25.2804
    0.0000   45.0000   15.0000 2300.5659   24.9253
    7.5000   45.0000   15.0000 2295.3801   25.1121
   -7.5000  -45.0000   22.5000 2548.3088   21.2375
    0.0000  -45.0000   22.5000 2564.3169   20.7086
    7.5000  -45.0000   22.5000 2559.6440   21.1219
   -7.5000  -37.5000   22.5000 2666.3896   19.1991
    0.0000  -37.5000   22.5000 2687.6763   18.7720
    7.5000  -37.5000   22.5000 2685.6326   19.1004
   -7.5000  -30.0000   22.5000 2759.4348   17.6869
    0.0000  -30.0000   22.5000 2799.7458   17.3751
    7.5000  -30.0000   22.5000 2794.4092   17.6040
   -7.5000  -22.5000   22.5000 2868.1965   16.6416
    0.0000  -22.5000   22.5000 2909.9041   16.5426
    7.5000  -22.5000   22.5000 2901.2358   16.6583
   -7.5000  -15.0000   22.5000 2929.5430   15.9314
    0.0000  -15.0000   22.5000 2994.6538   15.9638
    7.5000  -15.0000   22.5000 2973.7234   15.9722
   -7.5000   -7.5000   22.5000 2954.6240   15.7081
    0.0000   -7.5000   22.5000 3015.0710   15.4602
    7.5000   -7.5000   22.5000 2988.7229   15.5734
   -7.5000    0.0000   22.5000 2937.9521   15.8727
    0.0000    0.0000   22.5000 2986.5266   15.4950
    7.5000    0.0000   22.5000 2970.9248   15.7007
   -7.5000    7.5000   22.5000 2891.4866   16.3863
    0.0000    7.5000   22.5000 2934.1108   16.0194
    7.5000    7.5000   22.5000 2921.1880   16.2152
   -7.5000   15.0000   22.5000 2815.6931   17.3212
    0.0000   15.0000   22.5000 2841.8352   16.9738
    7.5000   15.0000   22.5000 2839.4011   17.1335
   -7.5000   22.5000   22.5000 2714.9321   18.6495
    0.0000   22.5000   22.5000 2731.0259   18.3335
    7.5000   22.5000   22.5000 2735.9729   18.4707
   -7.5000   30.0000   22.5000 2580.7305   20.3380
    0.0000   30.0000   22.5000 2604.3682   20.0346
    7.5000   30.0000   22.5000 2605.5037   20.1959
   -7.5000   37.5000   22.5000 2427.5710   22.6083
    0.0000   37.5000   22.5000 2466.6294   22.2795
    7.5000   37.5000   22.5000 2462.4927   22.4688
   -7.5000   45.0000   22.5000 2252.7195   25.4562
    0.0000   45.0000   22.5000 2276.5510   25.1368
    7.5000   45.0000   22.5000 2281.6123   25.3238
   -7.5000  -45.0000   30.0000 2536.3438   21.5261
    0.0000  -45.0000   30.0000 2557.1475   21.0188
    7.5000  -45.0000   30.0000 2546.6775   21.3424
   -7.5000  -37.5000   30.0000 2654.5544   19.5259
    0.0000  -37.5000   30.0000 2676.0537   19.0624
    7.5000  -37.5000   30.0000 2673.1335   19.3966
   -7.5000  -30.0000   30.0000 2747.4219   17.9770
    0.0000  -30.0000   30.0000 2778.8682   17.5755
    7.5000  -30.0000   30.0000 2780.3286   17.8776
   -7.5000  -22.5000   30.0000 2827.4238   16.8810
    0.0000  -22.5000   30.0000 2871.9854   16.6027
    7.5000  -22.5000   30.0000 2868.5620   16.8421
   -7.5000  -15.0000   30.0000 2879.9197   16.3037
    0.0000  -15.0000   30.0000 2921.1345   15.9191
    7.5000  -15.0000   30.0000 2914.3630   16.1031
   -7.5000   -7.5000   30.0000 2904.0015   16.1221
    0.0000   -7.5000   30.0000 2950.6667   15.7515
    7.5000   -7.5000   30.0000 2936.9797   15.9305
   -7.5000    0.0000   30.0000 2890.4731   16.3769
    0.0000    0.0000   30.0000 2934.5659   16.0335
    7.5000    0.0000   30.0000 2925.7231   16.2103
   -7.5000    7.5000   30.0000 2841.8594   17.0224
    0.0000    7.5000   30.0000 2879.5261   16.6787
    7.5000    7.5000   30.0000 2875.3193   16.8324
   -7.5000   15.0000   30.0000 2763.9148   17.9319
    0.0000   15.0000   30.0000 2789.3364   17.6071
    7.5000   15.0000   30.0000 2786.3721   17.7469
   -7.5000   22.5000   30.0000 2666.3271   19.2289
    0.0000   22.5000   30.0000 2687.0796   18.8693
    7.5000   22.5000   30.0000 2688.7434   18.9962
   -7.5000   30.0000   30.0000 2539.7673   20.8487
    0.0000   30.0000   30.0000 2567.7305   20.5435
    7.5000   30.0000   30.0000 2569.0525   20.6614
   -7.5000   37.5000   30.0000 2387.5833   23.0699
    0.0000   37.5000   30.0000 2421.7639   22.7879
    7.5000   37.5000   30.0000 2428.6565   22.8901
   -7.5000   45.0000   30.0000 2216.0061   25.9311
    0.0000   45.0000   30.0000 2236.9319   25.6186
    7.5000   45.0000   30.0000 2248.7410   25.7509
   -7.5000  -45.0000   37.5000 2508.1218   22.0839
    0.0000  -45.0000   37.5000 2539.3328   21.5083
    7.5000  -45.0000   37.5000 2524.4653   21.8300
   -7.5000  -37.5000   37.5000 2622.8025   20.1137
    0.0000  -37.5000   37.5000 2659.8643   19.5569
    7.5000  -37.5000   37.5000 2653.2302   19.8875
   -7.5000  -30.0000   37.5000 2724.2715   18.5816
    0.0000  -30.0000   37.5000 2764.2554   18.0629
    7.5000  -30.0000   37.5000 2764.0417   18.4407
   -7.5000  -22.5000   37.5000 2806.8003   17.5177
    0.0000  -22.5000   37.5000 2845.4199   17.0227
    7.5000  -22.5000   37.5000 2840.2295   17.3229
   -7.5000  -15.0000   37.5000 2840.3782   16.9441
    0.0000  -15.0000   37.5000 2875.2422   16.4337
    7.5000  -15.0000   37.5000 2872.6399   16.7089
   -7.5000   -7.5000   37.5000 2848.4971   16.7579
    0.0000   -7.5000   37.5000 2893.4775   16.3716
    7.5000   -7.5000   37.5000 2888.9180   16.5830
   -7.5000    0.0000   37.5000 2827.0344   17.0635
    0.0000    0.0000   37.5000 2869.9785   16.7261
    7.5000    0.0000   37.5000 2868.1448   16.8986
   -7.5000    7.5000   37.5000 2778.5852   17.7642
    0.0000    7.5000   37.5000 2812.8792   17.4085
    7.5000    7.5000   37.5000 2816.1743   17.5630
   -7.5000   15.0000   37.5000 2703.6218   18.6885
    0.0000   15.0000   37.5000 2728.0393   18.3685
    7.5000   15.0000   37.5000 2727.4153   18.4804
   -7.5000   22.5000   37.5000 2604.9294   19.9543
    0.0000   22.5000   37.5000 2634.0195   19.6069
    7.5000   22.5000   37.5000 2631.4102   19.7386
   -7.5000   30.0000   37.5000 2484.4453   21.6629
    0.0000   30.0000   37.5000 2512.4382   21.3439
    7.5000   30.0000   37.5000 2511.8416   21.4369
   -7.5000   37.5000   37.5000 2336.1890   23.9697
    0.0000   37.5000   37.5000 2363.6580   23.6545
    7.5000   37.5000   37.5000 2369.9348   23.7209
   -7.5000   45.0000   37.5000 2170.0249   26.8166
    0.0000   45.0000   37.5000 2191.4058   26.4912
    7.5000   45.0000   37.5000 2196.8530   26.5732
   -7.5000  -45.0000   45.0000 2475.1526   22.8920
    0.0000  -45.0000   45.0000 2514.2700   22.3839
    7.5000  -45.0000   45.0000 2500.3672   22.6680
   -7.5000  -37.5000   45.0000 2585.8252   20.9457
    0.0000  -37.5000   45.0000 2631.9214   20.3966
    7.5000  -37.5000   45.0000 2622.5784   20.7320
   -7.5000  -30.0000   45.0000 2685.7695   19.4263
    0.0000  -30.0000   45.0000 2727.3865   18.8182
    7.5000  -30.0000   45.0000 2722.3782   19.2143
   -7.5000  -22.5000   45.0000 2757.5510   18.4532
    0.0000  -22.5000   45.0000 2795.3152   17.7904
    7.5000  -22.5000   45.0000 2789.9812   18.1329
   -7.5000  -15.0000   45.0000 2787.6448   17.8731
    0.0000  -15.0000   45.0000 2828.2227   17.3200
    7.5000  -15.0000   45.0000 2823.0786   17.6608
   -7.5000   -7.5000   45.0000 2796.0762   17.6699
    0.0000   -7.5000   45.0000 2837.3965   17.3037
    7.5000   -7.5000   45.0000 2833.8613   17.5357
   -7.5000    0.0000   45.0000 2758.4639   17.9824
    0.0000    0.0000   45.0000 2799.2039   17.7187
    7.5000    0.0000   45.0000 2800.7773   17.8662
   -7.5000    7.5000   45.0000 2708.5505   18.6479
    0.0000    7.5000   45.0000 2738.8528   18.3542
    7.5000    7.5000   45.0000 2743.6929   18.4992
   -7.5000   15.0000   45.0000 2634.6936   19.6454
    0.0000   15.0000   45.0000 2659.0725   19.3069
    7.5000   15.0000   45.0000 2658.4492   19.4185
   -7.5000   22.5000   45.0000 2536.6082   20.9533
    0.0000   22.5000   45.0000 2568.5105   20.5761
    7.5000   22.5000   45.0000 2563.1631   20.6847
   -7.5000   30.0000   45.0000 2412.3811   22.7004
    0.0000   30.0000   45.0000 2438.9260   22.3942
    7.5000   30.0000   45.0000 2436.2036   22.4718
   -7.5000   37.5000   45.0000 2262.3735   25.0258
    0.0000   37.5000   45.0000 2293.5254   24.7312
    7.5000   37.5000   45.0000 2297.9885   24.7758
   -7.5000   45.0000   45.0000 2110.9785   27.8987
    0.0000   45.0000   45.0000 2140.3860   27.5448
    7.5000   45.0000   45.0000 2144.2944   27.6558

---------------------------------------------------------------------
imgreg_4dfp /opt/freesurfer/average/711-2C_as_mni_average_305 /opt/freesurfer/average/711-2B_as_mni_average_305_mask talsrcimg_g11 none talsrcimg_to_711-2C_as_mni_average_305_t4 1283
---------------------------------------------------------------------

freesurfer imgreg_4dfp.c
/opt/freesurfer/average/711-2C_as_mni_average_305.4dfp.img
       256       256       256         1
  1.000000  1.000000  1.000000
orientation T byte_order littleendian
Reading image: /opt/freesurfer/average/711-2C_as_mni_average_305.4dfp.img
dimensions:      256       256       256
mmppix:       1.0000   -1.0000   -1.0000
center:     128.0000 -129.0000 -129.0000
/opt/freesurfer/average/711-2B_as_mni_average_305_mask.4dfp.img
       256       256       256         1
  1.000000  1.000000  1.000000
orientation T byte_order littleendian
Reading mask: /opt/freesurfer/average/711-2B_as_mni_average_305_mask.4dfp.img (2306576 pixels)
talsrcimg_g11.4dfp.img
       256       256       256         1
  1.000000  1.000000  1.000000
orientation T byte_order littleendian
Reading image: talsrcimg_g11.4dfp.img
dimensions:      256       256       256
mmppix:       1.0000   -1.0000   -1.0000
center:     128.0000 -129.0000 -129.0000
rotation matrix determinant  1.000000
fimgreg.f
image alignment mode   1283 decimal      503 hex
parameters
    0.0000   -7.5000   15.0000    0.0000    0.0000    0.0000
eta,q 0.95624 15.27757
niter,ni,del,rscale     5    3   12.0000    1.2000
parameter  6  0.526581 ->  0.500000 qaram    1.1500
parameters
    1.1298   -8.3556   14.4208    2.0316   -0.7364   -3.4500
eta,q 0.96143 15.17656
  0.0653  0.0508  0.0470  0.0508  0.0459  0.0397
  0.0555  0.0449  0.0437  0.0470  0.0417  0.0387
  0.0456  0.0417  0.0414  0.0437  0.0397  0.0386
  0.0411  0.0414  0.0409  0.0405  0.0398  0.0395
  0.0430  0.0463  0.0421  0.0398  0.0418  0.0421
  0.0476  0.0510  0.0449  0.0411  0.0449  0.0456
  0.0519  0.0544  0.0508  0.0431  0.0486  0.0488
niter,ni,del,rscale     5    3   12.0000    1.2000
parameters
    1.5445   -9.5055   15.2480    2.7623   -0.3231   -3.8694
eta,q 0.96253 15.22290
  0.0578  0.0487  0.0489  0.0474  0.0471  0.0431
  0.0482  0.0426  0.0439  0.0431  0.0421  0.0396
  0.0411  0.0387  0.0403  0.0396  0.0386  0.0378
  0.0386  0.0387  0.0380  0.0375  0.0374  0.0375
  0.0404  0.0445  0.0377  0.0379  0.0382  0.0382
  0.0451  0.0513  0.0399  0.0395  0.0406  0.0406
  0.0529  0.0562  0.0448  0.0442  0.0446  0.0448
niter,ni,del,rscale     4    3   12.0000    1.2000
parameters
    1.3998  -10.0954   15.4543    3.3822   -0.1216   -4.0582
eta,q 0.96276 15.22342
  0.0545  0.0499  0.0470  0.0467  0.0468  0.0439
  0.0441  0.0431  0.0423  0.0427  0.0417  0.0398
  0.0382  0.0391  0.0393  0.0395  0.0382  0.0374
  0.0375  0.0374  0.0375  0.0374  0.0373  0.0373
  0.0404  0.0412  0.0379  0.0376  0.0381  0.0382
  0.0459  0.0487  0.0409  0.0395  0.0411  0.0402
  0.0552  0.0539  0.0465  0.0444  0.0454  0.0446
niter,ni,del,rscale     3    3   12.0000    1.2000
parameters
    1.2824  -10.4981   15.6284    3.8819    0.0265   -4.2187
eta,q 0.96294 15.21588
  0.0548  0.0505  0.0468  0.0461  0.0470  0.0442
  0.0438  0.0433  0.0423  0.0424  0.0418  0.0399
  0.0379  0.0392  0.0392  0.0392  0.0382  0.0371
  0.0372  0.0371  0.0373  0.0372  0.0371  0.0371
  0.0402  0.0399  0.0378  0.0375  0.0380  0.0384
  0.0455  0.0474  0.0409  0.0397  0.0413  0.0402
  0.0551  0.0535  0.0465  0.0444  0.0459  0.0446
niter,ni,del,rscale     2    3   12.0000    1.2000
parameters
    1.1870  -10.7872   15.7758    4.2914    0.1488   -4.3330
eta,q 0.96296 15.20511
  0.0551  0.0508  0.0468  0.0458  0.0472  0.0444
  0.0438  0.0433  0.0424  0.0422  0.0419  0.0400
  0.0378  0.0391  0.0391  0.0390  0.0383  0.0370
  0.0371  0.0370  0.0372  0.0371  0.0371  0.0371
  0.0401  0.0391  0.0377  0.0376  0.0380  0.0385
  0.0454  0.0464  0.0410  0.0400  0.0416  0.0402
  0.0551  0.0532  0.0467  0.0444  0.0462  0.0445
niter,ni,del,rscale     1    3   12.0000    1.2000
parameters
    1.1109  -11.0191   15.9003    4.6718    0.2513   -4.4174
eta,q 0.96293 15.19511
  0.0555  0.0509  0.0470  0.0456  0.0474  0.0445
  0.0441  0.0433  0.0425  0.0421  0.0421  0.0401
  0.0378  0.0391  0.0390  0.0387  0.0384  0.0371
  0.0370  0.0370  0.0372  0.0371  0.0371  0.0371
  0.0401  0.0386  0.0378  0.0377  0.0380  0.0387
  0.0454  0.0458  0.0412  0.0401  0.0419  0.0404
  0.0553  0.0529  0.0470  0.0442  0.0466  0.0444
registration optimization eta report
parameter search radius
    6.0000    6.0000    6.0000    6.0000    6.0000    6.9000
100000*second partial in parameter space
       51.       41.       27.       21.       27.       15.
  0.0555  0.0509  0.0470  0.0456  0.0474  0.0445
  0.0441  0.0433  0.0425  0.0421  0.0421  0.0401
  0.0378  0.0391  0.0390  0.0387  0.0384  0.0371
  0.0370  0.0370  0.0372  0.0371  0.0371  0.0371
  0.0401  0.0386  0.0378  0.0377  0.0380  0.0387
  0.0454  0.0458  0.0412  0.0401  0.0419  0.0404
  0.0553  0.0529  0.0470  0.0442  0.0466  0.0444
    1.1109  -11.0191   15.9003    4.6718    0.2513   -4.4174
eta,q 0.96293 15.19511

---------------------------------------------------------------------
imgreg_4dfp /opt/freesurfer/average/711-2C_as_mni_average_305 /opt/freesurfer/average/711-2B_as_mni_average_305_mask talsrcimg_g11 none talsrcimg_to_711-2C_as_mni_average_305_t4 3335
---------------------------------------------------------------------

freesurfer imgreg_4dfp.c
/opt/freesurfer/average/711-2C_as_mni_average_305.4dfp.img
       256       256       256         1
  1.000000  1.000000  1.000000
orientation T byte_order littleendian
Reading image: /opt/freesurfer/average/711-2C_as_mni_average_305.4dfp.img
dimensions:      256       256       256
mmppix:       1.0000   -1.0000   -1.0000
center:     128.0000 -129.0000 -129.0000
/opt/freesurfer/average/711-2B_as_mni_average_305_mask.4dfp.img
       256       256       256         1
  1.000000  1.000000  1.000000
orientation T byte_order littleendian
Reading mask: /opt/freesurfer/average/711-2B_as_mni_average_305_mask.4dfp.img (2306576 pixels)
talsrcimg_g11.4dfp.img
       256       256       256         1
  1.000000  1.000000  1.000000
orientation T byte_order littleendian
Reading image: talsrcimg_g11.4dfp.img
dimensions:      256       256       256
mmppix:       1.0000   -1.0000   -1.0000
center:     128.0000 -129.0000 -129.0000
fimgreg.f
image alignment mode   3335 decimal      D07 hex
parameters
    1.1109  -11.0191   15.9003   -0.2980   -0.6256   -0.3332
    7.6410   -1.0632   -7.7022   -8.0870    0.4386    8.1448
eta,q 0.96329 15.41305
niter,ni,del,rscale     5    3    5.0000    1.2000
parameter  5  0.704415 ->  0.500000 qaram    1.1500
parameter 10  0.602310 ->  0.500000 qaram    1.1500
parameters
    1.0663  -11.1652   16.1682   -3.1090   -4.7656   -0.4652
    8.7061    0.3747   -6.3822  -12.2270    3.4987    6.2929
eta,q 0.96746 15.20198
  0.0402  0.0386  0.0385  0.0379  0.0348  0.0365  0.0378  0.0386  0.0362  0.0332  0.0353  0.0336
  0.0383  0.0374  0.0376  0.0366  0.0341  0.0351  0.0360  0.0368  0.0350  0.0329  0.0342  0.0329
  0.0371  0.0368  0.0370  0.0362  0.0345  0.0342  0.0348  0.0351  0.0341  0.0330  0.0334  0.0326
  0.0367  0.0367  0.0367  0.0367  0.0362  0.0341  0.0341  0.0340  0.0337  0.0337  0.0329  0.0326
  0.0372  0.0371  0.0367  0.0385  0.0386  0.0345  0.0340  0.0337  0.0337  0.0351  0.0326  0.0332
  0.0384  0.0378  0.0372  0.0417  0.0414  0.0352  0.0347  0.0346  0.0341  0.0370  0.0327  0.0342
  0.0405  0.0390  0.0379  0.0442  0.0450  0.0366  0.0362  0.0363  0.0348  0.0392  0.0331  0.0355
niter,ni,del,rscale     6    3    5.0000    1.2000
parameters
    1.0785  -11.0121   16.2997   -2.0340   -5.2917    1.0441
    7.4353    0.2092   -7.2334  -11.8026    5.0123    5.5479
eta,q 0.96819 15.26944
  0.0357  0.0349  0.0342  0.0373  0.0366  0.0358  0.0345  0.0362  0.0334  0.0357  0.0340  0.0334
  0.0339  0.0337  0.0332  0.0356  0.0351  0.0343  0.0329  0.0342  0.0324  0.0337  0.0331  0.0325
  0.0329  0.0329  0.0327  0.0339  0.0335  0.0332  0.0320  0.0327  0.0320  0.0324  0.0324  0.0319
  0.0325  0.0325  0.0325  0.0325  0.0322  0.0324  0.0321  0.0319  0.0320  0.0319  0.0319  0.0318
  0.0329  0.0327  0.0327  0.0322  0.0327  0.0320  0.0330  0.0325  0.0324  0.0321  0.0318  0.0321
  0.0339  0.0333  0.0331  0.0332  0.0353  0.0325  0.0347  0.0343  0.0331  0.0332  0.0322  0.0330
  0.0356  0.0343  0.0338  0.0358  0.0389  0.0340  0.0371  0.0368  0.0342  0.0351  0.0328  0.0342
niter,ni,del,rscale     5    3    5.0000    1.2000
parameters
    1.2034  -10.8419   16.6778   -1.8556   -5.7742    1.5323
    7.5489    0.0989   -7.8046  -11.1667    5.7619    5.3086
eta,q 0.96823 15.28289
  0.0356  0.0343  0.0339  0.0364  0.0362  0.0350  0.0355  0.0360  0.0334  0.0356  0.0335  0.0335
  0.0335  0.0330  0.0328  0.0346  0.0347  0.0337  0.0336  0.0341  0.0324  0.0337  0.0327  0.0325
  0.0322  0.0322  0.0321  0.0329  0.0331  0.0327  0.0323  0.0325  0.0319  0.0323  0.0321  0.0320
  0.0318  0.0318  0.0318  0.0318  0.0318  0.0319  0.0318  0.0318  0.0318  0.0318  0.0318  0.0318
  0.0322  0.0319  0.0319  0.0319  0.0320  0.0317  0.0322  0.0324  0.0322  0.0319  0.0319  0.0320
  0.0332  0.0326  0.0322  0.0337  0.0347  0.0327  0.0334  0.0341  0.0329  0.0329  0.0323  0.0327
  0.0348  0.0337  0.0328  0.0366  0.0386  0.0347  0.0354  0.0365  0.0339  0.0347  0.0329  0.0338
niter,ni,del,rscale     4    3    5.0000    1.2000
parameters
    1.2446  -10.6242   16.8248   -1.8209   -6.2090    1.7174
    7.7334    0.0041   -8.2571  -10.6393    6.1982    5.1377
eta,q 0.96816 15.27212
  0.0353  0.0342  0.0335  0.0362  0.0360  0.0348  0.0355  0.0360  0.0334  0.0355  0.0334  0.0335
  0.0333  0.0329  0.0325  0.0345  0.0346  0.0336  0.0336  0.0341  0.0324  0.0336  0.0327  0.0326
  0.0321  0.0321  0.0319  0.0327  0.0331  0.0327  0.0323  0.0325  0.0319  0.0323  0.0321  0.0320
  0.0318  0.0318  0.0318  0.0318  0.0318  0.0319  0.0319  0.0319  0.0319  0.0319  0.0318  0.0318
  0.0322  0.0319  0.0319  0.0319  0.0318  0.0318  0.0322  0.0324  0.0322  0.0320  0.0320  0.0320
  0.0332  0.0324  0.0323  0.0338  0.0344  0.0329  0.0333  0.0341  0.0328  0.0329  0.0324  0.0326
  0.0349  0.0335  0.0330  0.0368  0.0383  0.0351  0.0352  0.0364  0.0338  0.0347  0.0331  0.0337
niter,ni,del,rscale     3    3    5.0000    1.2000
parameters
    1.2511  -10.3908   16.8614   -1.8192   -6.5600    1.7532
    7.9019   -0.0831   -8.6213  -10.1326    6.4829    4.9068
eta,q 0.96806 15.25400
  0.0351  0.0341  0.0333  0.0362  0.0359  0.0348  0.0354  0.0361  0.0335  0.0355  0.0334  0.0335
  0.0332  0.0329  0.0324  0.0345  0.0345  0.0337  0.0336  0.0341  0.0325  0.0336  0.0327  0.0326
  0.0321  0.0321  0.0320  0.0328  0.0331  0.0328  0.0324  0.0326  0.0320  0.0324  0.0321  0.0321
  0.0318  0.0318  0.0318  0.0318  0.0318  0.0320  0.0320  0.0320  0.0320  0.0319  0.0319  0.0319
  0.0323  0.0319  0.0320  0.0320  0.0317  0.0319  0.0323  0.0325  0.0322  0.0321  0.0321  0.0321
  0.0333  0.0324  0.0324  0.0339  0.0341  0.0331  0.0333  0.0341  0.0328  0.0330  0.0325  0.0327
  0.0350  0.0333  0.0332  0.0368  0.0380  0.0354  0.0351  0.0364  0.0337  0.0348  0.0332  0.0338
niter,ni,del,rscale     2    3    5.0000    1.2000
parameters
    1.2453  -10.1585   16.8393   -1.8251   -6.8545    1.7428
    8.0537   -0.1623   -8.9209   -9.6452    6.7083    4.6480
eta,q 0.96798 15.23383
  0.0351  0.0340  0.0333  0.0361  0.0358  0.0348  0.0354  0.0361  0.0335  0.0355  0.0335  0.0335
  0.0332  0.0329  0.0325  0.0345  0.0345  0.0337  0.0336  0.0342  0.0325  0.0336  0.0327  0.0327
  0.0322  0.0322  0.0320  0.0329  0.0332  0.0328  0.0325  0.0327  0.0321  0.0325  0.0322  0.0322
  0.0319  0.0319  0.0319  0.0319  0.0319  0.0320  0.0320  0.0320  0.0320  0.0320  0.0320  0.0320
  0.0324  0.0320  0.0321  0.0321  0.0317  0.0320  0.0323  0.0326  0.0323  0.0322  0.0322  0.0322
  0.0334  0.0324  0.0325  0.0340  0.0339  0.0332  0.0333  0.0342  0.0328  0.0330  0.0326  0.0327
  0.0350  0.0333  0.0333  0.0368  0.0378  0.0355  0.0351  0.0364  0.0337  0.0348  0.0333  0.0338
niter,ni,del,rscale     1    3    5.0000    1.2000
parameters
    1.2358   -9.9294   16.7912   -1.8380   -7.1142    1.7080
    8.1813   -0.2295   -9.1725   -9.1808    6.8862    4.3902
eta,q 0.96792 15.21354
  0.0351  0.0339  0.0333  0.0361  0.0358  0.0349  0.0353  0.0362  0.0335  0.0355  0.0335  0.0335
  0.0333  0.0329  0.0325  0.0345  0.0344  0.0337  0.0336  0.0343  0.0326  0.0336  0.0327  0.0327
  0.0322  0.0323  0.0321  0.0329  0.0332  0.0329  0.0325  0.0327  0.0321  0.0325  0.0322  0.0322
  0.0320  0.0320  0.0320  0.0320  0.0320  0.0321  0.0321  0.0321  0.0321  0.0321  0.0321  0.0321
  0.0324  0.0321  0.0322  0.0322  0.0317  0.0320  0.0324  0.0326  0.0323  0.0322  0.0322  0.0322
  0.0335  0.0324  0.0326  0.0340  0.0338  0.0333  0.0334  0.0342  0.0328  0.0331  0.0327  0.0328
  0.0350  0.0333  0.0334  0.0368  0.0376  0.0356  0.0351  0.0364  0.0336  0.0349  0.0333  0.0338
registration optimization eta report
parameter search radius
    2.4000    2.4000    2.4000    7.2000    8.2800    7.2000
    7.2000    7.2000    7.2000    8.2800    7.2000    7.2000
100000*second partial in parameter space
       53.       28.       23.        9.        7.        6.
        6.        8.        3.        5.        3.        3.
  0.0351  0.0339  0.0333  0.0361  0.0358  0.0349  0.0353  0.0362  0.0335  0.0355  0.0335  0.0335
  0.0333  0.0329  0.0325  0.0345  0.0344  0.0337  0.0336  0.0343  0.0326  0.0336  0.0327  0.0327
  0.0322  0.0323  0.0321  0.0329  0.0332  0.0329  0.0325  0.0327  0.0321  0.0325  0.0322  0.0322
  0.0320  0.0320  0.0320  0.0320  0.0320  0.0321  0.0321  0.0321  0.0321  0.0321  0.0321  0.0321
  0.0324  0.0321  0.0322  0.0322  0.0317  0.0320  0.0324  0.0326  0.0323  0.0322  0.0322  0.0322
  0.0335  0.0324  0.0326  0.0340  0.0338  0.0333  0.0334  0.0342  0.0328  0.0331  0.0327  0.0328
  0.0350  0.0333  0.0334  0.0368  0.0376  0.0356  0.0351  0.0364  0.0336  0.0349  0.0333  0.0338
    1.2358   -9.9294   16.7912   -1.8380   -7.1142    1.7080
    8.1813   -0.2295   -9.1725   -9.1808    6.8862    4.3902
eta,q 0.96792 15.21354

---------------------------------------------------------------------
imgreg_4dfp /opt/freesurfer/average/711-2C_as_mni_average_305 /opt/freesurfer/average/711-2B_as_mni_average_305_mask talsrcimg_g11 none talsrcimg_to_711-2C_as_mni_average_305_t4 2311
---------------------------------------------------------------------

freesurfer imgreg_4dfp.c
/opt/freesurfer/average/711-2C_as_mni_average_305.4dfp.img
       256       256       256         1
  1.000000  1.000000  1.000000
orientation T byte_order littleendian
Reading image: /opt/freesurfer/average/711-2C_as_mni_average_305.4dfp.img
dimensions:      256       256       256
mmppix:       1.0000   -1.0000   -1.0000
center:     128.0000 -129.0000 -129.0000
/opt/freesurfer/average/711-2B_as_mni_average_305_mask.4dfp.img
       256       256       256         1
  1.000000  1.000000  1.000000
orientation T byte_order littleendian
Reading mask: /opt/freesurfer/average/711-2B_as_mni_average_305_mask.4dfp.img (2306576 pixels)
talsrcimg_g11.4dfp.img
       256       256       256         1
  1.000000  1.000000  1.000000
orientation T byte_order littleendian
Reading image: talsrcimg_g11.4dfp.img
dimensions:      256       256       256
mmppix:       1.0000   -1.0000   -1.0000
center:     128.0000 -129.0000 -129.0000
fimgreg.f
image alignment mode   2311 decimal      907 hex
parameters
    1.2358   -9.9294   16.7912   -1.8380   -7.1142    1.7081
    8.1813   -0.2295   -9.1725   -9.1808    6.8862    4.3902
eta,q 0.96792 15.21355
niter,ni,del,rscale     5    3    5.0000    0.8000
parameters
    1.1589   -9.6510   16.6939   -1.4440   -6.1855    1.9105
    8.3956   -0.3532   -9.0958   -8.6946    6.7349    3.5011
eta,q 0.96832 15.25929
  0.0333  0.0329  0.0325  0.0346  0.0340  0.0333  0.0336  0.0339  0.0327  0.0333  0.0324  0.0322
  0.0325  0.0325  0.0322  0.0335  0.0333  0.0327  0.0326  0.0328  0.0321  0.0324  0.0320  0.0319
  0.0322  0.0322  0.0321  0.0325  0.0326  0.0322  0.0320  0.0320  0.0318  0.0319  0.0317  0.0317
  0.0321  0.0321  0.0321  0.0321  0.0320  0.0318  0.0317  0.0317  0.0317  0.0317  0.0317  0.0317
  0.0323  0.0321  0.0321  0.0321  0.0317  0.0317  0.0319  0.0320  0.0318  0.0318  0.0318  0.0319
  0.0328  0.0322  0.0323  0.0327  0.0320  0.0323  0.0324  0.0329  0.0321  0.0321  0.0321  0.0323
  0.0335  0.0325  0.0327  0.0341  0.0332  0.0334  0.0333  0.0342  0.0326  0.0328  0.0324  0.0329
niter,ni,del,rscale     4    3    5.0000    0.7000
parameters
    1.1320   -9.8359   16.7185   -1.5227   -5.7488    2.2531
    8.3863   -0.2778   -8.8436   -8.7041    6.4525    3.3069
eta,q 0.96849 15.29590
  0.0328  0.0322  0.0322  0.0334  0.0333  0.0330  0.0329  0.0334  0.0324  0.0326  0.0320  0.0321
  0.0321  0.0319  0.0319  0.0325  0.0327  0.0325  0.0321  0.0325  0.0319  0.0320  0.0317  0.0318
  0.0318  0.0317  0.0317  0.0319  0.0322  0.0320  0.0317  0.0318  0.0316  0.0316  0.0315  0.0316
  0.0317  0.0317  0.0317  0.0317  0.0317  0.0316  0.0315  0.0315  0.0315  0.0315  0.0315  0.0315
  0.0318  0.0318  0.0317  0.0318  0.0315  0.0315  0.0317  0.0317  0.0316  0.0316  0.0316  0.0316
  0.0322  0.0321  0.0319  0.0325  0.0319  0.0320  0.0321  0.0324  0.0318  0.0320  0.0318  0.0319
  0.0328  0.0325  0.0322  0.0338  0.0331  0.0328  0.0329  0.0333  0.0322  0.0326  0.0321  0.0323
niter,ni,del,rscale     3    3    5.0000    0.6000
parameters
    1.1107   -9.9630   16.8170   -1.5666   -5.4557    2.5302
    8.2788   -0.1724   -8.5857   -8.8558    6.1739    3.2409
eta,q 0.96861 15.32187
  0.0323  0.0319  0.0320  0.0329  0.0329  0.0326  0.0324  0.0329  0.0321  0.0322  0.0318  0.0319
  0.0318  0.0317  0.0317  0.0321  0.0324  0.0322  0.0318  0.0322  0.0317  0.0317  0.0315  0.0316
  0.0316  0.0315  0.0316  0.0317  0.0319  0.0317  0.0315  0.0316  0.0315  0.0315  0.0314  0.0314
  0.0315  0.0315  0.0315  0.0315  0.0315  0.0314  0.0314  0.0314  0.0314  0.0314  0.0314  0.0314
  0.0316  0.0316  0.0315  0.0316  0.0314  0.0314  0.0315  0.0315  0.0314  0.0315  0.0315  0.0315
  0.0319  0.0318  0.0316  0.0321  0.0318  0.0318  0.0319  0.0320  0.0316  0.0318  0.0317  0.0317
  0.0324  0.0322  0.0318  0.0330  0.0328  0.0325  0.0325  0.0328  0.0319  0.0323  0.0319  0.0320
niter,ni,del,rscale     2    3    5.0000    0.5000
parameters
    1.1110  -10.0896   16.9100   -1.5899   -5.1733    2.7589
    8.1607   -0.0504   -8.3611   -9.0467    5.9155    3.2321
eta,q 0.96870 15.34529
  0.0320  0.0317  0.0318  0.0323  0.0325  0.0322  0.0320  0.0324  0.0318  0.0319  0.0316  0.0317
  0.0317  0.0315  0.0316  0.0318  0.0321  0.0319  0.0316  0.0319  0.0315  0.0315  0.0314  0.0315
  0.0315  0.0314  0.0314  0.0315  0.0317  0.0315  0.0314  0.0315  0.0314  0.0314  0.0313  0.0313
  0.0314  0.0314  0.0314  0.0314  0.0314  0.0313  0.0313  0.0313  0.0313  0.0313  0.0313  0.0313
  0.0315  0.0315  0.0314  0.0315  0.0313  0.0313  0.0314  0.0314  0.0313  0.0314  0.0314  0.0313
  0.0317  0.0316  0.0315  0.0318  0.0316  0.0316  0.0317  0.0317  0.0315  0.0316  0.0315  0.0315
  0.0320  0.0319  0.0316  0.0324  0.0323  0.0321  0.0321  0.0323  0.0317  0.0320  0.0317  0.0317
niter,ni,del,rscale     1    3    5.0000    0.4000
parameters
    1.1244  -10.2174   16.9833   -1.6322   -4.9415    2.9373
    8.0575    0.0867   -8.1994   -9.2519    5.7054    3.2820
eta,q 0.96877 15.36481
  0.0317  0.0315  0.0315  0.0319  0.0321  0.0319  0.0317  0.0320  0.0316  0.0316  0.0314  0.0315
  0.0315  0.0314  0.0314  0.0316  0.0318  0.0316  0.0314  0.0316  0.0314  0.0314  0.0313  0.0314
  0.0313  0.0313  0.0313  0.0314  0.0315  0.0314  0.0313  0.0314  0.0313  0.0313  0.0312  0.0313
  0.0313  0.0313  0.0313  0.0313  0.0313  0.0313  0.0312  0.0312  0.0312  0.0312  0.0312  0.0312
  0.0313  0.0314  0.0313  0.0314  0.0313  0.0313  0.0313  0.0313  0.0313  0.0313  0.0313  0.0313
  0.0315  0.0315  0.0314  0.0316  0.0315  0.0315  0.0315  0.0315  0.0314  0.0315  0.0314  0.0314
  0.0317  0.0317  0.0315  0.0320  0.0319  0.0318  0.0318  0.0319  0.0315  0.0318  0.0315  0.0315
registration optimization eta report
parameter search radius
    0.8000    0.8000    0.8000    2.4000    2.4000    2.4000
    2.4000    2.4000    2.4000    2.4000    2.4000    2.4000
100000*second partial in parameter space
       61.       46.       34.       11.       13.       10.
        8.       12.        5.        8.        4.        5.
  0.0317  0.0315  0.0315  0.0319  0.0321  0.0319  0.0317  0.0320  0.0316  0.0316  0.0314  0.0315
  0.0315  0.0314  0.0314  0.0316  0.0318  0.0316  0.0314  0.0316  0.0314  0.0314  0.0313  0.0314
  0.0313  0.0313  0.0313  0.0314  0.0315  0.0314  0.0313  0.0314  0.0313  0.0313  0.0312  0.0313
  0.0313  0.0313  0.0313  0.0313  0.0313  0.0313  0.0312  0.0312  0.0312  0.0312  0.0312  0.0312
  0.0313  0.0314  0.0313  0.0314  0.0313  0.0313  0.0313  0.0313  0.0313  0.0313  0.0313  0.0313
  0.0315  0.0315  0.0314  0.0316  0.0315  0.0315  0.0315  0.0315  0.0314  0.0315  0.0314  0.0314
  0.0317  0.0317  0.0315  0.0320  0.0319  0.0318  0.0318  0.0319  0.0315  0.0318  0.0315  0.0315
    1.1244  -10.2174   16.9833   -1.6322   -4.9415    2.9373
    8.0575    0.0867   -8.1994   -9.2519    5.7054    3.2820
eta,q 0.96877 15.36481

---------------------------------------------------------------------
imgreg_4dfp /opt/freesurfer/average/711-2C_as_mni_average_305 /opt/freesurfer/average/711-2B_as_mni_average_305_mask talsrcimg_g11 none talsrcimg_to_711-2C_as_mni_average_305_t4 2311
---------------------------------------------------------------------

freesurfer imgreg_4dfp.c
/opt/freesurfer/average/711-2C_as_mni_average_305.4dfp.img
       256       256       256         1
  1.000000  1.000000  1.000000
orientation T byte_order littleendian
Reading image: /opt/freesurfer/average/711-2C_as_mni_average_305.4dfp.img
dimensions:      256       256       256
mmppix:       1.0000   -1.0000   -1.0000
center:     128.0000 -129.0000 -129.0000
/opt/freesurfer/average/711-2B_as_mni_average_305_mask.4dfp.img
       256       256       256         1
  1.000000  1.000000  1.000000
orientation T byte_order littleendian
Reading mask: /opt/freesurfer/average/711-2B_as_mni_average_305_mask.4dfp.img (2306576 pixels)
talsrcimg_g11.4dfp.img
       256       256       256         1
  1.000000  1.000000  1.000000
orientation T byte_order littleendian
Reading image: talsrcimg_g11.4dfp.img
dimensions:      256       256       256
mmppix:       1.0000   -1.0000   -1.0000
center:     128.0000 -129.0000 -129.0000
fimgreg.f
image alignment mode   2311 decimal      907 hex
parameters
    1.1244  -10.2174   16.9833   -1.6322   -4.9415    2.9373
    8.0575    0.0867   -8.1994   -9.2519    5.7054    3.2820
eta,q 0.96877 15.36480
niter,ni,del,rscale     5    3    5.0000    0.8000
parameters
    1.1891  -10.3288   17.0322   -1.9127   -5.4608    2.8205
    7.9626    0.1738   -8.1807   -9.5092    5.8646    3.7736
eta,q 0.96866 15.34308
  0.0330  0.0323  0.0322  0.0334  0.0331  0.0331  0.0330  0.0337  0.0323  0.0327  0.0322  0.0326
  0.0320  0.0317  0.0317  0.0323  0.0324  0.0324  0.0321  0.0326  0.0317  0.0319  0.0318  0.0319
  0.0314  0.0313  0.0314  0.0315  0.0317  0.0317  0.0315  0.0317  0.0314  0.0315  0.0314  0.0315
  0.0312  0.0312  0.0312  0.0312  0.0312  0.0313  0.0313  0.0314  0.0313  0.0313  0.0313  0.0313
  0.0314  0.0314  0.0313  0.0315  0.0315  0.0315  0.0316  0.0316  0.0315  0.0315  0.0314  0.0314
  0.0319  0.0319  0.0316  0.0325  0.0327  0.0322  0.0322  0.0324  0.0318  0.0321  0.0317  0.0317
  0.0327  0.0326  0.0321  0.0343  0.0348  0.0335  0.0331  0.0337  0.0323  0.0330  0.0321  0.0322
niter,ni,del,rscale     4    3    5.0000    0.7000
parameters
    1.1945  -10.2848   17.0431   -1.6816   -5.4395    2.8032
    7.9293    0.1535   -8.2111   -9.5955    5.8837    3.7807
eta,q 0.96868 15.34368
  0.0325  0.0322  0.0320  0.0334  0.0331  0.0327  0.0327  0.0332  0.0321  0.0324  0.0320  0.0321
  0.0318  0.0317  0.0316  0.0324  0.0324  0.0322  0.0319  0.0322  0.0316  0.0318  0.0316  0.0317
  0.0315  0.0314  0.0314  0.0317  0.0318  0.0316  0.0315  0.0316  0.0314  0.0314  0.0314  0.0314
  0.0313  0.0313  0.0313  0.0313  0.0313  0.0313  0.0313  0.0313  0.0313  0.0313  0.0313  0.0313
  0.0315  0.0314  0.0314  0.0314  0.0313  0.0314  0.0315  0.0315  0.0314  0.0314  0.0314  0.0314
  0.0319  0.0317  0.0316  0.0320  0.0320  0.0320  0.0319  0.0322  0.0317  0.0318  0.0316  0.0317
  0.0325  0.0321  0.0320  0.0331  0.0334  0.0329  0.0327  0.0333  0.0321  0.0325  0.0319  0.0321
niter,ni,del,rscale     3    3    5.0000    0.6000
parameters
    1.2021  -10.3324   17.0801   -1.5806   -5.2360    2.8842
    7.9324    0.1766   -8.1767   -9.6696    5.8092    3.7453
eta,q 0.96873 15.35794
  0.0322  0.0319  0.0318  0.0328  0.0328  0.0324  0.0323  0.0327  0.0319  0.0321  0.0317  0.0319
  0.0317  0.0316  0.0315  0.0321  0.0322  0.0320  0.0317  0.0320  0.0315  0.0316  0.0315  0.0315
  0.0314  0.0314  0.0314  0.0315  0.0317  0.0315  0.0314  0.0315  0.0313  0.0314  0.0313  0.0313
  0.0313  0.0313  0.0313  0.0313  0.0313  0.0313  0.0313  0.0313  0.0313  0.0313  0.0313  0.0313
  0.0314  0.0314  0.0314  0.0314  0.0313  0.0313  0.0314  0.0314  0.0313  0.0314  0.0313  0.0313
  0.0317  0.0316  0.0315  0.0319  0.0317  0.0318  0.0317  0.0319  0.0315  0.0317  0.0315  0.0315
  0.0322  0.0320  0.0318  0.0327  0.0328  0.0325  0.0323  0.0327  0.0318  0.0322  0.0318  0.0319
niter,ni,del,rscale     2    3    5.0000    0.5000
parameters
    1.2077  -10.4091   17.1094   -1.5752   -5.0237    3.0038
    7.9134    0.2334   -8.1168   -9.7780    5.6737    3.7332
eta,q 0.96878 15.37293
  0.0319  0.0316  0.0316  0.0323  0.0324  0.0321  0.0320  0.0323  0.0317  0.0318  0.0315  0.0317
  0.0315  0.0314  0.0314  0.0317  0.0320  0.0317  0.0316  0.0318  0.0314  0.0315  0.0314  0.0314
  0.0313  0.0313  0.0313  0.0314  0.0315  0.0314  0.0313  0.0314  0.0313  0.0313  0.0312  0.0313
  0.0313  0.0313  0.0313  0.0313  0.0313  0.0312  0.0312  0.0312  0.0312  0.0312  0.0312  0.0312
  0.0313  0.0313  0.0313  0.0314  0.0312  0.0313  0.0313  0.0313  0.0313  0.0313  0.0313  0.0313
  0.0315  0.0315  0.0314  0.0317  0.0316  0.0316  0.0316  0.0317  0.0314  0.0315  0.0314  0.0314
  0.0319  0.0318  0.0316  0.0323  0.0323  0.0321  0.0320  0.0323  0.0316  0.0319  0.0316  0.0317
niter,ni,del,rscale     1    3    5.0000    0.4000
parameters
    1.2086  -10.4898   17.1462   -1.6088   -4.8297    3.1155
    7.8803    0.3112   -8.0288   -9.9031    5.5651    3.7448
eta,q 0.96882 15.38671
  0.0316  0.0315  0.0315  0.0318  0.0320  0.0318  0.0317  0.0319  0.0315  0.0316  0.0314  0.0315
  0.0314  0.0313  0.0313  0.0315  0.0317  0.0316  0.0314  0.0316  0.0313  0.0314  0.0313  0.0313
  0.0313  0.0312  0.0313  0.0313  0.0314  0.0313  0.0312  0.0313  0.0312  0.0312  0.0312  0.0312
  0.0312  0.0312  0.0312  0.0312  0.0312  0.0312  0.0312  0.0312  0.0312  0.0312  0.0312  0.0312
  0.0313  0.0313  0.0312  0.0313  0.0312  0.0312  0.0312  0.0312  0.0312  0.0312  0.0312  0.0312
  0.0314  0.0314  0.0313  0.0315  0.0314  0.0314  0.0314  0.0315  0.0313  0.0314  0.0313  0.0313
  0.0316  0.0316  0.0314  0.0319  0.0319  0.0318  0.0317  0.0319  0.0315  0.0317  0.0314  0.0315
registration optimization eta report
parameter search radius
    0.8000    0.8000    0.8000    2.4000    2.4000    2.4000
    2.4000    2.4000    2.4000    2.4000    2.4000    2.4000
100000*second partial in parameter space
       63.       48.       35.       11.       13.       11.
        9.       12.        5.        8.        4.        5.
  0.0316  0.0315  0.0315  0.0318  0.0320  0.0318  0.0317  0.0319  0.0315  0.0316  0.0314  0.0315
  0.0314  0.0313  0.0313  0.0315  0.0317  0.0316  0.0314  0.0316  0.0313  0.0314  0.0313  0.0313
  0.0313  0.0312  0.0313  0.0313  0.0314  0.0313  0.0312  0.0313  0.0312  0.0312  0.0312  0.0312
  0.0312  0.0312  0.0312  0.0312  0.0312  0.0312  0.0312  0.0312  0.0312  0.0312  0.0312  0.0312
  0.0313  0.0313  0.0312  0.0313  0.0312  0.0312  0.0312  0.0312  0.0312  0.0312  0.0312  0.0312
  0.0314  0.0314  0.0313  0.0315  0.0314  0.0314  0.0314  0.0315  0.0313  0.0314  0.0313  0.0313
  0.0316  0.0316  0.0314  0.0319  0.0319  0.0318  0.0317  0.0319  0.0315  0.0317  0.0314  0.0315
    1.2086  -10.4898   17.1462   -1.6088   -4.8297    3.1155
    7.8803    0.3112   -8.0288   -9.9031    5.5651    3.7448
eta,q 0.96882 15.38671

---------------------------------------------------------------------
compute_vox2vox talsrcimg talsrcimg_to_711-2C_as_mni_average_305_t4 /opt/freesurfer/average/711-2C_as_mni_average_305
---------------------------------------------------------------------

freesurfer compute_vox2vox.c
Reading: talsrcimg.4dfp.ifh
Reading: talsrcimg_to_711-2C_as_mni_average_305_t4
Reading: /opt/freesurfer/average/711-2C_as_mni_average_305.4dfp.ifh
Writing: talsrcimg_to_711-2C_as_mni_average_305_t4_vox2vox.txt

start time Thu Mar 12 14:45:41 CET 2026
end		time Thu Mar 12 14:45:55 CET 2026

mpr2mni305 success

avi2talxfm orig_nu.mgz /opt/freesurfer/average/mni305.cor.mgz talsrcimg_to_711-2C_as_mni_average_305_t4_vox2vox.txt transforms/talairach.auto.xfm
avi2talxfm done
mv -f /out/sourcedata/freesurfer/sub-v1s20x0050278_ses-1/mri/talsrcimg_to_711-2C_as_mni_average_305_t4_vox2vox.txt /out/sourcedata/freesurfer/sub-v1s20x0050278_ses-1/mri/transforms/talsrcimg_to_711-2C_as_mni_average_305_t4_vox2vox.txt
lta_convert --src orig_nu.mgz --trg /opt/freesurfer/average/mni305.cor.mgz --inxfm transforms/talairach.auto.xfm --outlta transforms/talairach.auto.xfm.lta --subject fsaverage
7.3.2

--src: orig_nu.mgz src image (geometry).
--trg: /opt/freesurfer/average/mni305.cor.mgz trg image (geometry).
--inmni: transforms/talairach.auto.xfm input MNI/XFM transform.
--outlta: transforms/talairach.auto.xfm.lta output LTA.
--s: fsaverage subject name
 LTA read, type : 1
 1.01019  -0.01104  -0.08321  -2.35686;
-0.05740   0.96676  -0.03329  -17.32074;
 0.07925   0.09967   1.04026   8.38947;
 0.00000   0.00000   0.00000   1.00000;
setting subject to fsaverage
Writing  LTA to file transforms/talairach.auto.xfm.lta...
lta_convert successful.
 
 
Started at Thu Mar 12 14:45:41 CET 2026
Ended   at Thu Mar 12 14:45:55 CET 2026
talairach_avi done
