status file for recon-all
Thu Mar 12 16:26:24 CET 2026
#@# Tessellate rh Thu Mar 12 16:26:24 CET 2026
#@# Smooth1 rh Thu Mar 12 16:26:26 CET 2026
#@# Inflation1 rh Thu Mar 12 16:26:28 CET 2026
#@# QSphere rh Thu Mar 12 16:26:40 CET 2026
#@# Fix Topology rh Thu Mar 12 16:27:21 CET 2026
#@# Smooth2 rh Thu Mar 12 16:33:36 CET 2026
#@# Inflation2 rh Thu Mar 12 16:33:38 CET 2026
#@# Curv .H and .K rh Thu Mar 12 16:33:49 CET 2026
#@# Sphere rh Thu Mar 12 16:34:23 CET 2026
#@# Surf Reg rh Thu Mar 12 16:39:51 CET 2026
#@# Jacobian white rh Thu Mar 12 16:44:15 CET 2026
#@# AvgCurv rh Thu Mar 12 16:44:15 CET 2026
#@# Cortical Parc rh Thu Mar 12 16:44:16 CET 2026
#@# white curv rh Thu Mar 12 16:49:45 CET 2026
#@# white area rh Thu Mar 12 16:49:46 CET 2026
#@# pial curv rh Thu Mar 12 16:49:47 CET 2026
#@# pial area rh Thu Mar 12 16:49:48 CET 2026
#@# thickness rh Thu Mar 12 16:49:48 CET 2026
#@# area and vertex vol rh Thu Mar 12 16:50:06 CET 2026
#@# Curvature Stats rh Thu Mar 12 16:50:07 CET 2026
#@# Cortical Parc 2 rh Thu Mar 12 16:50:08 CET 2026
#@# Cortical Parc 3 rh Thu Mar 12 16:50:17 CET 2026
#@# WM/GM Contrast rh Thu Mar 12 16:50:24 CET 2026
recon-all -s sub-v1s20x0050272_ses-1 finished without error at Thu Mar 12 16:50:26 CET 2026



#New# invocation of recon-all 



status file for recon-all
Thu Mar 12 16:55:48 CET 2026
#@# white curv rh Thu Mar 12 16:55:48 CET 2026
#@# white area rh Thu Mar 12 16:55:48 CET 2026
#@# pial curv rh Thu Mar 12 16:55:48 CET 2026
#@# pial area rh Thu Mar 12 16:55:48 CET 2026
#@# thickness rh Thu Mar 12 16:55:48 CET 2026
#@# area and vertex vol rh Thu Mar 12 16:55:48 CET 2026
#@# Parcellation Stats rh Thu Mar 12 16:55:48 CET 2026
#@# Parcellation Stats 2 rh Thu Mar 12 16:56:01 CET 2026
#@# Parcellation Stats 3 rh Thu Mar 12 16:56:08 CET 2026
#@# BA_exvivo Labels rh Thu Mar 12 16:56:14 CET 2026
recon-all -s sub-v1s20x0050272_ses-1 finished without error at Thu Mar 12 16:58:05 CET 2026
