status file for recon-all
Mon Mar  9 21:30:21 CET 2026
#@# MotionCor Mon Mar  9 21:30:22 CET 2026
#@# Talairach Mon Mar  9 21:30:27 CET 2026
#@# Talairach Failure Detection Mon Mar  9 21:33:18 CET 2026
#@# Nu Intensity Correction Mon Mar  9 21:33:18 CET 2026
#@# Intensity Normalization Mon Mar  9 21:36:03 CET 2026
recon-all -s sub-v1s20x0050323_ses-1 finished without error at Mon Mar  9 21:37:01 CET 2026



#New# invocation of recon-all 



status file for recon-all
Mon Mar  9 21:42:48 CET 2026
#@# EM Registration Mon Mar  9 21:42:48 CET 2026
recon-all -s sub-v1s20x0050323_ses-1 finished without error at Mon Mar  9 21:44:29 CET 2026



#New# invocation of recon-all 



status file for recon-all
Mon Mar  9 21:44:31 CET 2026
#@# CA Normalize Mon Mar  9 21:44:31 CET 2026
#@# CA Reg Mon Mar  9 21:45:24 CET 2026
#@# SubCort Seg Mon Mar  9 22:27:00 CET 2026
#@# CC Seg Mon Mar  9 22:56:17 CET 2026
#@# Merge ASeg Mon Mar  9 22:57:30 CET 2026
#@# Intensity Normalization2 Mon Mar  9 22:57:30 CET 2026
#@# Mask BFS Mon Mar  9 22:58:52 CET 2026
#@# WM Segmentation Mon Mar  9 22:58:53 CET 2026
#@# Fill Mon Mar  9 23:00:47 CET 2026
recon-all -s sub-v1s20x0050323_ses-1 finished without error at Mon Mar  9 23:01:27 CET 2026



#New# invocation of recon-all 



status file for recon-all
Tue Mar 10 06:40:52 CET 2026
#@# white curv lh Tue Mar 10 06:40:52 CET 2026
#@# white area lh Tue Mar 10 06:40:52 CET 2026
#@# pial curv lh Tue Mar 10 06:40:52 CET 2026
#@# pial area lh Tue Mar 10 06:40:52 CET 2026
#@# thickness lh Tue Mar 10 06:40:52 CET 2026
#@# area and vertex vol lh Tue Mar 10 06:40:52 CET 2026
#@# white curv rh Tue Mar 10 06:40:52 CET 2026
#@# white area rh Tue Mar 10 06:40:52 CET 2026
#@# pial curv rh Tue Mar 10 06:40:52 CET 2026
#@# pial area rh Tue Mar 10 06:40:52 CET 2026
#@# thickness rh Tue Mar 10 06:40:52 CET 2026
#@# area and vertex vol rh Tue Mar 10 06:40:52 CET 2026
#@# Cortical ribbon mask Tue Mar 10 06:40:52 CET 2026
recon-all -s sub-v1s20x0050323_ses-1 finished without error at Tue Mar 10 06:44:20 CET 2026



#New# invocation of recon-all 



status file for recon-all
Tue Mar 10 06:48:55 CET 2026
#@# white curv lh Tue Mar 10 06:48:55 CET 2026
#@# white area lh Tue Mar 10 06:48:55 CET 2026
#@# pial curv lh Tue Mar 10 06:48:55 CET 2026
#@# pial area lh Tue Mar 10 06:48:55 CET 2026
#@# thickness lh Tue Mar 10 06:48:55 CET 2026
#@# area and vertex vol lh Tue Mar 10 06:48:55 CET 2026
#@# white curv rh Tue Mar 10 06:48:55 CET 2026
#@# white area rh Tue Mar 10 06:48:55 CET 2026
#@# pial curv rh Tue Mar 10 06:48:55 CET 2026
#@# pial area rh Tue Mar 10 06:48:55 CET 2026
#@# thickness rh Tue Mar 10 06:48:55 CET 2026
#@# area and vertex vol rh Tue Mar 10 06:48:55 CET 2026
#@# Curvature Stats lh Tue Mar 10 06:48:55 CET 2026
#@# Curvature Stats rh Tue Mar 10 06:48:57 CET 2026
#@# Relabel Hypointensities Tue Mar 10 06:48:58 CET 2026
#@# APas-to-ASeg Tue Mar 10 06:49:09 CET 2026
#@# AParc-to-ASeg aparc Tue Mar 10 06:49:15 CET 2026
#@# AParc-to-ASeg aparc.a2009s Tue Mar 10 06:49:39 CET 2026
#@# AParc-to-ASeg aparc.DKTatlas Tue Mar 10 06:49:58 CET 2026
#@# WMParc Tue Mar 10 06:50:21 CET 2026
#@# ASeg Stats Tue Mar 10 06:52:20 CET 2026
recon-all -s sub-v1s20x0050323_ses-1 finished without error at Tue Mar 10 06:52:40 CET 2026
