status file for recon-all
Tue Mar 10 04:13:56 CET 2026
#@# Tessellate rh Tue Mar 10 04:13:56 CET 2026
#@# Smooth1 rh Tue Mar 10 04:13:58 CET 2026
#@# Inflation1 rh Tue Mar 10 04:14:01 CET 2026
#@# QSphere rh Tue Mar 10 04:14:14 CET 2026
#@# Fix Topology rh Tue Mar 10 04:15:05 CET 2026
#@# Smooth2 rh Tue Mar 10 06:20:55 CET 2026
#@# Inflation2 rh Tue Mar 10 06:20:57 CET 2026
#@# Curv .H and .K rh Tue Mar 10 06:21:08 CET 2026
#@# Sphere rh Tue Mar 10 06:21:42 CET 2026
#@# Surf Reg rh Tue Mar 10 06:27:39 CET 2026
#@# Jacobian white rh Tue Mar 10 06:32:42 CET 2026
#@# AvgCurv rh Tue Mar 10 06:32:43 CET 2026
#@# Cortical Parc rh Tue Mar 10 06:32:43 CET 2026
#@# white curv rh Tue Mar 10 06:40:07 CET 2026
#@# white area rh Tue Mar 10 06:40:08 CET 2026
#@# pial curv rh Tue Mar 10 06:40:09 CET 2026
#@# pial area rh Tue Mar 10 06:40:10 CET 2026
#@# thickness rh Tue Mar 10 06:40:11 CET 2026
#@# area and vertex vol rh Tue Mar 10 06:40:29 CET 2026
#@# Curvature Stats rh Tue Mar 10 06:40:30 CET 2026
#@# Cortical Parc 2 rh Tue Mar 10 06:40:31 CET 2026
#@# Cortical Parc 3 rh Tue Mar 10 06:40:41 CET 2026
#@# WM/GM Contrast rh Tue Mar 10 06:40:47 CET 2026
recon-all -s sub-v1s20x0050323_ses-1 finished without error at Tue Mar 10 06:40:50 CET 2026



#New# invocation of recon-all 



status file for recon-all
Tue Mar 10 06:46:39 CET 2026
#@# white curv rh Tue Mar 10 06:46:39 CET 2026
#@# white area rh Tue Mar 10 06:46:39 CET 2026
#@# pial curv rh Tue Mar 10 06:46:39 CET 2026
#@# pial area rh Tue Mar 10 06:46:39 CET 2026
#@# thickness rh Tue Mar 10 06:46:39 CET 2026
#@# area and vertex vol rh Tue Mar 10 06:46:39 CET 2026
#@# Parcellation Stats rh Tue Mar 10 06:46:39 CET 2026
#@# Parcellation Stats 2 rh Tue Mar 10 06:46:51 CET 2026
#@# Parcellation Stats 3 rh Tue Mar 10 06:46:58 CET 2026
#@# BA_exvivo Labels rh Tue Mar 10 06:47:04 CET 2026
recon-all -s sub-v1s20x0050323_ses-1 finished without error at Tue Mar 10 06:48:51 CET 2026
