/out/sourcedata/freesurfer/sub-v1s20x0050304_ses-1/mri
/opt/freesurfer/bin/talairach_avi
--i orig_nu.mgz --xfm transforms/talairach.auto.xfm
talairach_avi 7.3.2
Linux dna079 5.14.0-427.37.1.el9_4.x86_64 #1 SMP PREEMPT_DYNAMIC Fri Sep 13 12:41:50 EDT 2024 x86_64 x86_64 x86_64 GNU/Linux
Mon Mar  9 07:25:19 CET 2026
mri_convert orig_nu.mgz talsrcimg.img 
reading from orig_nu.mgz...
TR=0.00, TE=0.00, TI=0.00, flip angle=0.00
i_ras = (-1, 0, 0)
j_ras = (0, 0, -1)
k_ras = (0, 1, 0)
writing to talsrcimg.img...
Analyze Output Matrix
-1.00000   0.00000   0.00000   129.50781;
 0.00000   0.00000   1.00000  -128.49219;
 0.00000  -1.00000   0.00000   129.60004;
 0.00000   0.00000   0.00000   1.00000;
--------------------
INFO: set hdr.hist.orient to -1
mpr2mni305 talsrcimg
Mon Mar  9 07:25:20 CET 2026
/opt/freesurfer/bin/mpr2mni305 talsrcimg
mpr2mni305 7.3.2
target=711-2C_as_mni_average_305

---------------------------------------------------------------------
analyzeto4dfp talsrcimg -O0 -y
---------------------------------------------------------------------

freesurfer ifh2hdr.c
Mon Mar  9 07:25:20 2026
Writing: talsrcimg.4dfp.hdr
freesurfer analyzeto4dfp.c
Reading: talsrcimg.hdr
header size 348 bytes
hdr.dime.datatype	offset=70	value=2
hdr.dime.bitpix		offset=72	value=8
hdr.hist.orient		offset=252	value=-1
dimensionality     4
dimensions       256       256       256         1
Reading: talsrcimg.img
Writing: talsrcimg.4dfp.img
Writing: talsrcimg.4dfp.ifh
ifh2hdr talsrcimg -r0to239
ori=2

---------------------------------------------------------------------
gauss_4dfp talsrcimg 1.1
---------------------------------------------------------------------

freesurfer gauss_4dfp.c
Reading: talsrcimg.4dfp.img
Writing: talsrcimg_g11.4dfp.img
image dimensions 256 256 256 padded to 288 288 288
processing volume 1freesurfer ifh2hdr.c
Mon Mar  9 07:25:21 2026
Writing: talsrcimg_g11.4dfp.hdr

Writing: talsrcimg_g11.4dfp.ifh
including: talsrcimg.4dfp.img.rec in talsrcimg_g11.4dfp.img.rec

---------------------------------------------------------------------
imgreg_4dfp /opt/freesurfer/average/711-2C_as_mni_average_305 none talsrcimg_g11 none talsrcimg_to_711-2C_as_mni_average_305_t4 4355
---------------------------------------------------------------------

freesurfer imgreg_4dfp.c
/opt/freesurfer/average/711-2C_as_mni_average_305.4dfp.img
       256       256       256         1
  1.000000  1.000000  1.000000
orientation T byte_order littleendian
Reading image: /opt/freesurfer/average/711-2C_as_mni_average_305.4dfp.img
dimensions:      256       256       256
mmppix:       1.0000   -1.0000   -1.0000
center:     128.0000 -129.0000 -129.0000
talsrcimg_g11.4dfp.img
       256       256       256         1
  1.000000  1.000000  1.000000
orientation T byte_order littleendian
Reading image: talsrcimg_g11.4dfp.img
dimensions:      256       256       256
mmppix:       1.0000   -1.0000   -1.0000
center:     128.0000 -129.0000 -129.0000
t4_read: open error in t4_sub.f l:  41 t4_file(1:l)talsrcimg_to_711-2C_as_mni_average_305_t4 
t4_read: transform initialized to I4
rotation matrix determinant  1.000000
image alignment mode   4355 decimal     1103 hex
   -7.5000  -45.0000  -45.0000 6502.6372   18.0514
    0.0000  -45.0000  -45.0000 6864.3218   18.1004
    7.5000  -45.0000  -45.0000 6623.9258   18.1172
   -7.5000  -37.5000  -45.0000 6954.3237   18.0961
    0.0000  -37.5000  -45.0000 7328.8027   18.1369
    7.5000  -37.5000  -45.0000 7081.6733   18.1519
   -7.5000  -30.0000  -45.0000 7761.9019   18.1007
    0.0000  -30.0000  -45.0000 8169.2856   18.1301
    7.5000  -30.0000  -45.0000 7881.1011   18.1378
   -7.5000  -22.5000  -45.0000 8492.0859   18.0623
    0.0000  -22.5000  -45.0000 8941.6162   18.0892
    7.5000  -22.5000  -45.0000 8599.9746   18.0928
   -7.5000  -15.0000  -45.0000 9125.0098   18.0206
    0.0000  -15.0000  -45.0000 9621.6494   18.0558
    7.5000  -15.0000  -45.0000 9246.8125   18.0618
   -7.5000   -7.5000  -45.0000 9713.1953   18.0143
    0.0000   -7.5000  -45.000010244.6357   18.0602
    7.5000   -7.5000  -45.0000 9865.3047   18.0721
   -7.5000    0.0000  -45.000010219.5967   18.0514
    0.0000    0.0000  -45.000010783.1484   18.1004
    7.5000    0.0000  -45.000010410.2285   18.1172
   -7.5000    7.5000  -45.0000 9991.8965   18.0961
    0.0000    7.5000  -45.000010577.1025   18.1369
    7.5000    7.5000  -45.000010201.0293   18.1519
   -7.5000   15.0000  -45.0000 9750.2666   18.1007
    0.0000   15.0000  -45.000010320.2559   18.1301
    7.5000   15.0000  -45.0000 9945.1621   18.1378
   -7.5000   22.5000  -45.0000 9399.3389   18.0598
    0.0000   22.5000  -45.0000 9930.9805   18.0867
    7.5000   22.5000  -45.0000 9541.7998   18.0903
   -7.5000   30.0000  -45.0000 8658.5605   17.7805
    0.0000   30.0000  -45.0000 9154.2744   17.8152
    7.5000   30.0000  -45.0000 8793.0234   17.8211
   -7.5000   37.5000  -45.0000 8213.1650   17.7742
    0.0000   37.5000  -45.0000 8700.9912   17.8195
    7.5000   37.5000  -45.0000 8380.0742   17.8313
   -7.5000   45.0000  -45.0000 7534.9756   17.3585
    0.0000   45.0000  -45.0000 8006.0122   17.4057
    7.5000   45.0000  -45.0000 7705.8052   17.4219
   -7.5000  -45.0000  -37.5000 7005.1392   17.8102
    0.0000  -45.0000  -37.5000 7365.3638   17.8548
    7.5000  -45.0000  -37.5000 7110.0254   17.8752
   -7.5000  -37.5000  -37.5000 7523.1855   17.8508
    0.0000  -37.5000  -37.5000 7898.8345   17.8904
    7.5000  -37.5000  -37.5000 7621.2349   17.9059
   -7.5000  -30.0000  -37.5000 8391.2930   17.8662
    0.0000  -30.0000  -37.5000 8805.9609   17.8961
    7.5000  -30.0000  -37.5000 8487.1816   17.9029
   -7.5000  -22.5000  -37.5000 9158.4424   17.8454
    0.0000  -22.5000  -37.5000 9629.5322   17.8714
    7.5000  -22.5000  -37.5000 9271.4229   17.8750
   -7.5000  -15.0000  -37.5000 9798.4697   17.8102
    0.0000  -15.0000  -37.500010312.6035   17.8414
    7.5000  -15.0000  -37.5000 9929.8779   17.8497
   -7.5000   -7.5000  -37.500010407.6768   17.7905
    0.0000   -7.5000  -37.500010959.0254   17.8306
    7.5000   -7.5000  -37.500010570.0508   17.8469
   -7.5000    0.0000  -37.500010944.8857   17.8102
    0.0000    0.0000  -37.500011514.1387   17.8548
    7.5000    0.0000  -37.500011093.6631   17.8752
   -7.5000    7.5000  -37.500010687.9287   17.8508
    0.0000    7.5000  -37.500011251.2715   17.8904
    7.5000    7.5000  -37.500010821.1328   17.9059
   -7.5000   15.0000  -37.500010418.2451   17.8662
    0.0000   15.0000  -37.500010992.7051   17.8961
    7.5000   15.0000  -37.500010568.3281   17.9029
   -7.5000   22.5000  -37.500010023.1748   17.8429
    0.0000   22.5000  -37.500010587.7949   17.8689
    7.5000   22.5000  -37.500010168.2373   17.8726
   -7.5000   30.0000  -37.5000 9208.8027   17.5729
    0.0000   30.0000  -37.5000 9740.5977   17.6036
    7.5000   30.0000  -37.5000 9361.1768   17.6119
   -7.5000   37.5000  -37.5000 8717.4678   17.5534
    0.0000   37.5000  -37.5000 9229.0049   17.5929
    7.5000   37.5000  -37.5000 8874.6826   17.6091
   -7.5000   45.0000  -37.5000 7960.3242   17.1266
    0.0000   45.0000  -37.5000 8446.5703   17.1695
    7.5000   45.0000  -37.5000 8132.4150   17.1891
   -7.5000  -45.0000  -30.0000 7619.8677   18.3431
    0.0000  -45.0000  -30.0000 7990.7861   18.3851
    7.5000  -45.0000  -30.0000 7724.7163   18.4166
   -7.5000  -37.5000  -30.0000 8195.9355   18.3799
    0.0000  -37.5000  -30.0000 8591.5869   18.4211
    7.5000  -37.5000  -30.0000 8295.4111   18.4449
   -7.5000  -30.0000  -30.0000 9129.8105   18.3924
    0.0000  -30.0000  -30.0000 9581.0273   18.4277
    7.5000  -30.0000  -30.0000 9242.3330   18.4427
   -7.5000  -22.5000  -30.0000 9951.6436   18.3747
    0.0000  -22.5000  -30.000010439.7383   18.4050
    7.5000  -22.5000  -30.000010057.2529   18.4196
   -7.5000  -15.0000  -30.000010642.5693   18.3449
    0.0000  -15.0000  -30.000011170.8818   18.3760
    7.5000  -15.0000  -30.000010762.6309   18.3979
   -7.5000   -7.5000  -30.000011285.9258   18.3259
    0.0000   -7.5000  -30.000011858.2490   18.3626
    7.5000   -7.5000  -30.000011444.8506   18.3927
   -7.5000    0.0000  -30.000011851.9834   18.3431
    0.0000    0.0000  -30.000012454.1748   18.3851
    7.5000    0.0000  -30.000011996.7100   18.4166
   -7.5000    7.5000  -30.000011557.3330   18.3799
    0.0000    7.5000  -30.000012160.1094   18.4211
    7.5000    7.5000  -30.000011702.7471   18.4449
   -7.5000   15.0000  -30.000011284.2637   18.3924
    0.0000   15.0000  -30.000011864.1016   18.4277
    7.5000   15.0000  -30.000011427.5918   18.4427
   -7.5000   22.5000  -30.000010823.1484   18.3703
    0.0000   22.5000  -30.000011372.5283   18.4006
    7.5000   22.5000  -30.000010935.4424   18.4152
   -7.5000   30.0000  -30.0000 9920.0693   18.1022
    0.0000   30.0000  -30.000010427.9561   18.1329
    7.5000   30.0000  -30.000010056.9482   18.1544
   -7.5000   37.5000  -30.0000 9362.5801   18.0834
    0.0000   37.5000  -30.0000 9872.4795   18.1196
    7.5000   37.5000  -30.0000 9537.2061   18.1493
   -7.5000   45.0000  -30.0000 8542.5293   17.6521
    0.0000   45.0000  -30.0000 9044.2041   17.6925
    7.5000   45.0000  -30.0000 8713.4746   17.7228
   -7.5000  -45.0000  -22.5000 8330.1377   19.0009
    0.0000  -45.0000  -22.5000 8741.1035   19.0441
    7.5000  -45.0000  -22.5000 8445.1680   19.0818
   -7.5000  -37.5000  -22.5000 8971.4619   19.0370
    0.0000  -37.5000  -22.5000 9400.8887   19.0805
    7.5000  -37.5000  -22.5000 9069.4814   19.1114
   -7.5000  -30.0000  -22.5000 9975.2031   19.0361
    0.0000  -30.0000  -22.500010456.6289   19.0759
    7.5000  -30.0000  -22.500010101.5195   19.0999
   -7.5000  -22.5000  -22.500010837.9150   19.0048
    0.0000  -22.5000  -22.500011351.2197   19.0408
    7.5000  -22.5000  -22.500010972.8330   19.0655
   -7.5000  -15.0000  -22.500011585.6250   18.9744
    0.0000  -15.0000  -22.500012135.1582   19.0103
    7.5000  -15.0000  -22.500011725.8730   19.0416
   -7.5000   -7.5000  -22.500012328.8867   18.9696
    0.0000   -7.5000  -22.500012924.2217   19.0089
    7.5000   -7.5000  -22.500012506.5996   19.0464
   -7.5000    0.0000  -22.500012937.5146   19.0009
    0.0000    0.0000  -22.500013610.0840   19.0441
    7.5000    0.0000  -22.500013123.2012   19.0818
   -7.5000    7.5000  -22.500012576.3623   19.0370
    0.0000    7.5000  -22.500013255.4561   19.0805
    7.5000    7.5000  -22.500012757.9043   19.1114
   -7.5000   15.0000  -22.500012234.9160   19.0361
    0.0000   15.0000  -22.500012876.8047   19.0759
    7.5000   15.0000  -22.500012401.6191   19.0999
   -7.5000   22.5000  -22.500011685.4355   18.9990
    0.0000   22.5000  -22.500012275.5098   19.0350
    7.5000   22.5000  -22.500011831.5918   19.0596
   -7.5000   30.0000  -22.500010734.8721   18.7262
    0.0000   30.0000  -22.500011242.2451   18.7616
    7.5000   30.0000  -22.500010870.0645   18.7925
   -7.5000   37.5000  -22.500010141.1641   18.7215
    0.0000   37.5000  -22.500010612.2666   18.7602
    7.5000   37.5000  -22.500010285.2852   18.7973
   -7.5000   45.0000  -22.5000 9220.4834   18.2988
    0.0000   45.0000  -22.5000 9707.8936   18.3404
    7.5000   45.0000  -22.5000 9369.9316   18.3767
   -7.5000  -45.0000  -15.0000 9084.4121   19.4956
    0.0000  -45.0000  -15.0000 9548.8105   19.5433
    7.5000  -45.0000  -15.0000 9209.0576   19.5799
   -7.5000  -37.5000  -15.0000 9769.0674   19.5340
    0.0000  -37.5000  -15.000010263.1201   19.5796
    7.5000  -37.5000  -15.0000 9894.6328   19.6130
   -7.5000  -30.0000  -15.000010863.7041   19.5211
    0.0000  -30.0000  -15.000011414.5303   19.5619
    7.5000  -30.0000  -15.000011001.8203   19.5901
   -7.5000  -22.5000  -15.000011795.7295   19.4729
    0.0000  -22.5000  -15.000012366.5410   19.5114
    7.5000  -22.5000  -15.000011949.1484   19.5385
   -7.5000  -15.0000  -15.000012592.4209   19.4373
    0.0000  -15.0000  -15.000013207.8730   19.4784
    7.5000  -15.0000  -15.000012758.2314   19.5089
   -7.5000   -7.5000  -15.000013390.4971   19.4471
    0.0000   -7.5000  -15.000014088.3438   19.4924
    7.5000   -7.5000  -15.000013615.1055   19.5274
   -7.5000    0.0000  -15.000014046.6250   19.4956
    0.0000    0.0000  -15.000014823.8486   19.5433
    7.5000    0.0000  -15.000014297.0957   19.5799
   -7.5000    7.5000  -15.000013660.3877   19.5340
    0.0000    7.5000  -15.000014388.9775   19.5796
    7.5000    7.5000  -15.000013878.2295   19.6130
   -7.5000   15.0000  -15.000013228.5117   19.5211
    0.0000   15.0000  -15.000013933.7070   19.5619
    7.5000   15.0000  -15.000013444.6396   19.5901
   -7.5000   22.5000  -15.000012582.6367   19.4660
    0.0000   22.5000  -15.000013205.3486   19.5045
    7.5000   22.5000  -15.000012758.6738   19.5316
   -7.5000   30.0000  -15.000011590.0625   19.1857
    0.0000   30.0000  -15.000012125.1533   19.2263
    7.5000   30.0000  -15.000011733.7920   19.2564
   -7.5000   37.5000  -15.000010950.9482   19.1954
    0.0000   37.5000  -15.000011482.0918   19.2402
    7.5000   37.5000  -15.000011118.0723   19.2747
   -7.5000   45.0000  -15.0000 9941.8896   18.7865
    0.0000   45.0000  -15.000010459.4697   18.8325
    7.5000   45.0000  -15.000010097.0957   18.8678
   -7.5000  -45.0000   -7.5000 9854.1387   19.7315
    0.0000  -45.0000   -7.500010395.5947   19.7833
    7.5000  -45.0000   -7.500010030.8066   19.8104
   -7.5000  -37.5000   -7.500010566.4287   19.7740
    0.0000  -37.5000   -7.500011145.2861   19.8190
    7.5000  -37.5000   -7.500010762.0254   19.8451
   -7.5000  -30.0000   -7.500011760.1025   19.7623
    0.0000  -30.0000   -7.500012396.1562   19.7982
    7.5000  -30.0000   -7.500011966.8027   19.8186
   -7.5000  -22.5000   -7.500012827.5879   19.7095
    0.0000  -22.5000   -7.500013505.2441   19.7436
    7.5000  -22.5000   -7.500013028.5176   19.7607
   -7.5000  -15.0000   -7.500013692.0664   19.6685
    0.0000  -15.0000   -7.500014457.1885   19.7096
    7.5000  -15.0000   -7.500013927.8105   19.7285
   -7.5000   -7.5000   -7.500014491.2959   19.6788
    0.0000   -7.5000   -7.500015432.0166   19.7284
    7.5000   -7.5000   -7.500014837.0664   19.7518
   -7.5000    0.0000   -7.500015179.6104   19.7315
    0.0000    0.0000   -7.500016135.2783   19.7833
    7.5000    0.0000   -7.500015551.9990   19.8104
   -7.5000    7.5000   -7.500014790.0928   19.7740
    0.0000    7.5000   -7.500015618.8926   19.8190
    7.5000    7.5000   -7.500015087.6719   19.8451
   -7.5000   15.0000   -7.500014308.7578   19.7623
    0.0000   15.0000   -7.500015113.2119   19.7982
    7.5000   15.0000   -7.500014604.6738   19.8186
   -7.5000   22.5000   -7.500013554.0293   19.7004
    0.0000   22.5000   -7.500014259.7803   19.7345
    7.5000   22.5000   -7.500013783.1836   19.7516
   -7.5000   30.0000   -7.500012494.0254   19.4135
    0.0000   30.0000   -7.500013093.1123   19.4540
    7.5000   30.0000   -7.500012684.7520   19.4727
   -7.5000   37.5000   -7.500011836.9844   19.4236
    0.0000   37.5000   -7.500012431.6787   19.4726
    7.5000   37.5000   -7.500012021.2129   19.4957
   -7.5000   45.0000   -7.500010737.6758   19.0174
    0.0000   45.0000   -7.500011282.8887   19.0674
    7.5000   45.0000   -7.500010893.9238   19.0935
   -7.5000  -45.0000    0.000010543.4453   19.7455
    0.0000  -45.0000    0.000011182.4131   19.7979
    7.5000  -45.0000    0.000010764.2988   19.8165
   -7.5000  -37.5000    0.000011276.2100   19.7909
    0.0000  -37.5000    0.000011957.4629   19.8342
    7.5000  -37.5000    0.000011530.1592   19.8504
   -7.5000  -30.0000    0.000012541.0254   19.7931
    0.0000  -30.0000    0.000013305.0205   19.8238
    7.5000  -30.0000    0.000012825.8848   19.8322
   -7.5000  -22.5000    0.000013741.0410   19.7517
    0.0000  -22.5000    0.000014621.9629   19.7798
    7.5000  -22.5000    0.000014025.3906   19.7842
   -7.5000  -15.0000    0.000014694.0293   19.7091
    0.0000  -15.0000    0.000015746.5693   19.7463
    7.5000  -15.0000    0.000015079.5508   19.7538
   -7.5000   -7.5000    0.000015470.8457   19.7050
    0.0000   -7.5000    0.000016708.8984   19.7540
    7.5000   -7.5000    0.000016017.1533   19.7679
   -7.5000    0.0000    0.000016167.0410   19.7455
    0.0000    0.0000    0.000017350.4629   19.7979
    7.5000    0.0000    0.000016730.2324   19.8165
   -7.5000    7.5000    0.000015733.0332   19.7909
    0.0000    7.5000    0.000016804.5098   19.8342
    7.5000    7.5000    0.000016237.6748   19.8504
   -7.5000   15.0000    0.000015263.8643   19.7931
    0.0000   15.0000    0.000016237.5156   19.8238
    7.5000   15.0000    0.000015693.3809   19.8322
   -7.5000   22.5000    0.000014415.0820   19.7426
    0.0000   22.5000    0.000015276.0596   19.7707
    7.5000   22.5000    0.000014746.5957   19.7751
   -7.5000   30.0000    0.000013290.1172   19.4540
    0.0000   30.0000    0.000014028.5752   19.4907
    7.5000   30.0000    0.000013555.5381   19.4981
   -7.5000   37.5000    0.000012669.0518   19.4500
    0.0000   37.5000    0.000013364.7354   19.4984
    7.5000   37.5000    0.000012912.9971   19.5120
   -7.5000   45.0000    0.000011478.5098   19.0324
    0.0000   45.0000    0.000012117.9268   19.0829
    7.5000   45.0000    0.000011718.7246   19.1009
   -7.5000  -45.0000    7.500010412.7461   19.7095
    0.0000  -45.0000    7.500011082.6738   19.7586
    7.5000  -45.0000    7.500010666.5693   19.7818
   -7.5000  -37.5000    7.500011149.4912   19.7534
    0.0000  -37.5000    7.500011882.9795   19.7968
    7.5000  -37.5000    7.500011426.1924   19.8141
   -7.5000  -30.0000    7.500012361.4277   19.7685
    0.0000  -30.0000    7.500013189.4189   19.8011
    7.5000  -30.0000    7.500012672.7725   19.8088
   -7.5000  -22.5000    7.500013574.1748   19.7446
    0.0000  -22.5000    7.500014530.8125   19.7727
    7.5000  -22.5000    7.500013909.0928   19.7774
   -7.5000  -15.0000    7.500014558.6572   19.7064
    0.0000  -15.0000    7.500015825.8770   19.7403
    7.5000  -15.0000    7.500015100.3584   19.7507
   -7.5000   -7.5000    7.500015277.2285   19.6866
    0.0000   -7.5000    7.500016739.4707   19.7306
    7.5000   -7.5000    7.500016070.3174   19.7497
   -7.5000    0.0000    7.500015907.1836   19.7095
    0.0000    0.0000    7.500017313.2461   19.7586
    7.5000    0.0000    7.500016763.9121   19.7818
   -7.5000    7.5000    7.500015477.3213   19.7534
    0.0000    7.5000    7.500016710.0156   19.7968
    7.5000    7.5000    7.500016238.8359   19.8141
   -7.5000   15.0000    7.500015046.6006   19.7685
    0.0000   15.0000    7.500016166.7148   19.8011
    7.5000   15.0000    7.500015645.0742   19.8088
   -7.5000   22.5000    7.500014153.2734   19.7355
    0.0000   22.5000    7.500015127.8320   19.7636
    7.5000   22.5000    7.500014618.8350   19.7683
   -7.5000   30.0000    7.500013038.6621   19.4514
    0.0000   30.0000    7.500013902.0869   19.4849
    7.5000   30.0000    7.500013444.3740   19.4951
   -7.5000   37.5000    7.500012443.1328   19.4318
    0.0000   37.5000    7.500013239.2842   19.4752
    7.5000   37.5000    7.500012809.0957   19.4941
   -7.5000   45.0000    7.500011329.9727   18.9977
    0.0000   45.0000    7.500012037.4336   19.0450
    7.5000   45.0000    7.500011661.8809   19.0674
   -7.5000  -45.0000   15.000010168.2197   19.6967
    0.0000  -45.0000   15.000010850.7930   19.7418
    7.5000  -45.0000   15.000010450.9170   19.7756
   -7.5000  -37.5000   15.000010848.8994   19.7362
    0.0000  -37.5000   15.000011635.4756   19.7804
    7.5000  -37.5000   15.000011177.0781   19.8060
   -7.5000  -30.0000   15.000011993.5850   19.7496
    0.0000  -30.0000   15.000012878.8232   19.7875
    7.5000  -30.0000   15.000012341.4570   19.8037
   -7.5000  -22.5000   15.000013200.2256   19.7306
    0.0000  -22.5000   15.000014240.8066   19.7631
    7.5000  -22.5000   15.000013582.1807   19.7788
   -7.5000  -15.0000   15.000014218.6289   19.6986
    0.0000  -15.0000   15.000015750.1963   19.7320
    7.5000  -15.0000   15.000015066.6777   19.7555
   -7.5000   -7.5000   15.000014977.5000   19.6782
    0.0000   -7.5000   15.000016743.2344   19.7176
    7.5000   -7.5000   15.000016244.3701   19.7499
   -7.5000    0.0000   15.000015610.2568   19.6967
    0.0000    0.0000   15.000017318.3594   19.7418
    7.5000    0.0000   15.000016894.8750   19.7756
   -7.5000    7.5000   15.000015194.7520   19.7362
    0.0000    7.5000   15.000016684.1406   19.7804
    7.5000    7.5000   15.000016244.6836   19.8060
   -7.5000   15.0000   15.000014779.8057   19.7496
    0.0000   15.0000   15.000016082.3779   19.7875
    7.5000   15.0000   15.000015562.9092   19.8037
   -7.5000   22.5000   15.000013837.1045   19.7215
    0.0000   22.5000   15.000014935.2383   19.7540
    7.5000   22.5000   15.000014430.2324   19.7697
   -7.5000   30.0000   15.000012739.2939   19.4437
    0.0000   30.0000   15.000013695.0020   19.4766
    7.5000   30.0000   15.000013244.7861   19.4998
   -7.5000   37.5000   15.000012160.6025   19.4235
    0.0000   37.5000   15.000013024.4580   19.4624
    7.5000   37.5000   15.000012586.0625   19.4943
   -7.5000   45.0000   15.000011080.9277   18.9853
    0.0000   45.0000   15.000011849.1797   19.0288
    7.5000   45.0000   15.000011465.2383   19.0614
   -7.5000  -45.0000   22.5000 9821.4482   19.7245
    0.0000  -45.0000   22.500010492.3867   19.7693
    7.5000  -45.0000   22.500010139.7393   19.8085
   -7.5000  -37.5000   22.500010481.1230   19.7619
    0.0000  -37.5000   22.500011218.9912   19.8071
    7.5000  -37.5000   22.500010860.3975   19.8391
   -7.5000  -30.0000   22.500011576.2568   19.7609
    0.0000  -30.0000   22.500012392.2871   19.8023
    7.5000  -30.0000   22.500011974.4355   19.8273
   -7.5000  -22.5000   22.500012686.7432   19.7285
    0.0000  -22.5000   22.500013705.6396   19.7659
    7.5000  -22.5000   22.500013197.2773   19.7915
   -7.5000  -15.0000   22.500013645.1689   19.6969
    0.0000  -15.0000   22.500015099.9893   19.7342
    7.5000  -15.0000   22.500014677.2842   19.7667
   -7.5000   -7.5000   22.500014510.0898   19.6920
    0.0000   -7.5000   22.500016251.8633   19.7327
    7.5000   -7.5000   22.500015673.9404   19.7717
   -7.5000    0.0000   22.500015267.1533   19.7245
    0.0000    0.0000   22.500016998.0039   19.7693
    7.5000    0.0000   22.500016292.5781   19.8085
   -7.5000    7.5000   22.500014905.3486   19.7619
    0.0000    7.5000   22.500016423.6250   19.8071
    7.5000    7.5000   22.500015737.2832   19.8391
   -7.5000   15.0000   22.500014423.9219   19.7609
    0.0000   15.0000   22.500015721.8867   19.8023
    7.5000   15.0000   22.500015080.9062   19.8273
   -7.5000   22.5000   22.500013419.9990   19.7194
    0.0000   22.5000   22.500014484.1406   19.7568
    7.5000   22.5000   22.500013961.3145   19.7824
   -7.5000   30.0000   22.500012311.5674   19.4420
    0.0000   30.0000   22.500013220.8574   19.4788
    7.5000   30.0000   22.500012804.0303   19.5109
   -7.5000   37.5000   22.500011718.7354   19.4371
    0.0000   37.5000   22.500012587.8584   19.4773
    7.5000   37.5000   22.500012205.7334   19.5158
   -7.5000   45.0000   22.500010671.8779   19.0121
    0.0000   45.0000   22.500011457.8174   19.0553
    7.5000   45.0000   22.500011125.6699   19.0931
   -7.5000  -45.0000   30.0000 9390.0215   19.7631
    0.0000  -45.0000   30.000010007.8135   19.8115
    7.5000  -45.0000   30.0000 9689.6592   19.8486
   -7.5000  -37.5000   30.000010029.6924   19.8021
    0.0000  -37.5000   30.000010703.6396   19.8483
    7.5000  -37.5000   30.000010342.9297   19.8821
   -7.5000  -30.0000   30.000011110.0264   19.7890
    0.0000  -30.0000   30.000011869.7842   19.8304
    7.5000  -30.0000   30.000011411.2090   19.8589
   -7.5000  -22.5000   30.000012133.1377   19.7401
    0.0000  -22.5000   30.000013097.5693   19.7792
    7.5000  -22.5000   30.000012602.4443   19.8066
   -7.5000  -15.0000   30.000012951.5898   19.7040
    0.0000  -15.0000   30.000014166.3828   19.7457
    7.5000  -15.0000   30.000013692.6504   19.7766
   -7.5000   -7.5000   30.000013848.9922   19.7139
    0.0000   -7.5000   30.000015212.4033   19.7599
    7.5000   -7.5000   30.000014532.1270   19.7954
   -7.5000    0.0000   30.000014693.5342   19.7631
    0.0000    0.0000   30.000016138.1504   19.8115
    7.5000    0.0000   30.000015296.5508   19.8486
   -7.5000    7.5000   30.000014333.1416   19.8021
    0.0000    7.5000   30.000015721.1758   19.8483
    7.5000    7.5000   30.000014952.6133   19.8821
   -7.5000   15.0000   30.000013793.4082   19.7890
    0.0000   15.0000   30.000015034.3662   19.8304
    7.5000   15.0000   30.000014385.3896   19.8589
   -7.5000   22.5000   30.000012758.2939   19.7310
    0.0000   22.5000   30.000013823.4170   19.7701
    7.5000   22.5000   30.000013283.8037   19.7975
   -7.5000   30.0000   30.000011664.0527   19.4490
    0.0000   30.0000   30.000012630.1553   19.4901
    7.5000   30.0000   30.000012172.1396   19.5207
   -7.5000   37.5000   30.000011103.2031   19.4588
    0.0000   37.5000   30.000012019.3105   19.5042
    7.5000   37.5000   30.000011630.6201   19.5392
   -7.5000   45.0000   30.000010119.8066   19.0494
    0.0000   45.0000   30.000010897.3604   19.0960
    7.5000   45.0000   30.000010584.3467   19.1317
   -7.5000  -45.0000   37.5000 9219.6250   19.7714
    0.0000  -45.0000   37.5000 9805.5547   19.8234
    7.5000  -45.0000   37.5000 9443.9287   19.8506
   -7.5000  -37.5000   37.5000 9867.8730   19.8140
    0.0000  -37.5000   37.500010492.1357   19.8591
    7.5000  -37.5000   37.500010083.3555   19.8853
   -7.5000  -30.0000   37.500010941.6650   19.8022
    0.0000  -30.0000   37.500011663.3750   19.8383
    7.5000  -30.0000   37.500011194.8311   19.8588
   -7.5000  -22.5000   37.500011883.2334   19.7494
    0.0000  -22.5000   37.500012712.9697   19.7836
    7.5000  -22.5000   37.500012307.9717   19.8008
   -7.5000  -15.0000   37.500012649.3799   19.7083
    0.0000  -15.0000   37.500013598.8936   19.7495
    7.5000  -15.0000   37.500013154.2891   19.7685
   -7.5000   -7.5000   37.500013474.0166   19.7186
    0.0000   -7.5000   37.500014476.3896   19.7684
    7.5000   -7.5000   37.500013895.5049   19.7918
   -7.5000    0.0000   37.500014222.1943   19.7714
    0.0000    0.0000   37.500015277.2080   19.8234
    7.5000    0.0000   37.500014699.2725   19.8506
   -7.5000    7.5000   37.500013912.6582   19.8140
    0.0000    7.5000   37.500014951.9170   19.8591
    7.5000    7.5000   37.500014435.8506   19.8853
   -7.5000   15.0000   37.500013482.0107   19.8022
    0.0000   15.0000   37.500014484.5303   19.8383
    7.5000   15.0000   37.500013999.4883   19.8588
   -7.5000   22.5000   37.500012496.3809   19.7403
    0.0000   22.5000   37.500013420.3936   19.7745
    7.5000   22.5000   37.500012980.5078   19.7916
   -7.5000   30.0000   37.500011462.8398   19.4533
    0.0000   30.0000   37.500012338.2695   19.4939
    7.5000   30.0000   37.500011922.2734   19.5126
   -7.5000   37.5000   37.500010891.6367   19.4634
    0.0000   37.5000   37.500011755.5703   19.5125
    7.5000   37.5000   37.500011366.8418   19.5357
   -7.5000   45.0000   37.5000 9886.4873   19.0573
    0.0000   45.0000   37.500010611.2051   19.1074
    7.5000   45.0000   37.500010260.0811   19.1336
   -7.5000  -45.0000   45.0000 8546.8477   19.6545
    0.0000  -45.0000   45.0000 9020.5049   19.7069
    7.5000  -45.0000   45.0000 8735.0986   19.7256
   -7.5000  -37.5000   45.0000 9148.2979   19.6998
    0.0000  -37.5000   45.0000 9650.9922   19.7431
    7.5000  -37.5000   45.0000 9328.1025   19.7593
   -7.5000  -30.0000   45.000010088.5850   19.7017
    0.0000  -30.0000   45.000010673.0566   19.7326
    7.5000  -30.0000   45.000010339.0615   19.7410
   -7.5000  -22.5000   45.000010920.5518   19.6602
    0.0000  -22.5000   45.000011591.1084   19.6884
    7.5000  -22.5000   45.000011274.3945   19.6930
   -7.5000  -15.0000   45.000011660.3428   19.6177
    0.0000  -15.0000   45.000012409.1191   19.6550
    7.5000  -15.0000   45.000011994.5986   19.6626
   -7.5000   -7.5000   45.000012397.1504   19.6139
    0.0000   -7.5000   45.000013178.3027   19.6629
    7.5000   -7.5000   45.000012661.6514   19.6768
   -7.5000    0.0000   45.000013027.0547   19.6545
    0.0000    0.0000   45.000013846.6318   19.7069
    7.5000    0.0000   45.000013322.0322   19.7256
   -7.5000    7.5000   45.000012743.5674   19.6998
    0.0000    7.5000   45.000013559.1963   19.7431
    7.5000    7.5000   45.000013074.2988   19.7593
   -7.5000   15.0000   45.000012399.7744   19.7017
    0.0000   15.0000   45.000013202.4814   19.7326
    7.5000   15.0000   45.000012719.9326   19.7410
   -7.5000   22.5000   45.000011493.7588   19.6511
    0.0000   22.5000   45.000012272.2100   19.6793
    7.5000   22.5000   45.000011812.6309   19.6838
   -7.5000   30.0000   45.000010574.4961   19.3621
    0.0000   30.0000   45.000011313.6270   19.3989
    7.5000   30.0000   45.000010924.2373   19.4064
   -7.5000   37.5000   45.000010060.6035   19.3584
    0.0000   37.5000   45.000010768.1357   19.4068
    7.5000   37.5000   45.000010412.2646   19.4205
   -7.5000   45.0000   45.0000 9111.8359   18.9533
    0.0000   45.0000   45.0000 9709.9424   19.0038
    7.5000   45.0000   45.0000 9377.9082   19.0218

---------------------------------------------------------------------
imgreg_4dfp /opt/freesurfer/average/711-2C_as_mni_average_305 /opt/freesurfer/average/711-2B_as_mni_average_305_mask talsrcimg_g11 none talsrcimg_to_711-2C_as_mni_average_305_t4 4355
---------------------------------------------------------------------

freesurfer imgreg_4dfp.c
/opt/freesurfer/average/711-2C_as_mni_average_305.4dfp.img
       256       256       256         1
  1.000000  1.000000  1.000000
orientation T byte_order littleendian
Reading image: /opt/freesurfer/average/711-2C_as_mni_average_305.4dfp.img
dimensions:      256       256       256
mmppix:       1.0000   -1.0000   -1.0000
center:     128.0000 -129.0000 -129.0000
/opt/freesurfer/average/711-2B_as_mni_average_305_mask.4dfp.img
       256       256       256         1
  1.000000  1.000000  1.000000
orientation T byte_order littleendian
Reading mask: /opt/freesurfer/average/711-2B_as_mni_average_305_mask.4dfp.img (2306576 pixels)
talsrcimg_g11.4dfp.img
       256       256       256         1
  1.000000  1.000000  1.000000
orientation T byte_order littleendian
Reading image: talsrcimg_g11.4dfp.img
dimensions:      256       256       256
mmppix:       1.0000   -1.0000   -1.0000
center:     128.0000 -129.0000 -129.0000
rotation matrix determinant  1.000000
image alignment mode   4355 decimal     1103 hex
   -7.5000  -45.0000  -45.0000 1934.4972   27.5338
    0.0000  -45.0000  -45.0000 1944.1975   27.4132
    7.5000  -45.0000  -45.0000 1939.1656   27.5241
   -7.5000  -37.5000  -45.0000 2002.8156   25.1236
    0.0000  -37.5000  -45.0000 2010.7421   25.0266
    7.5000  -37.5000  -45.0000 2007.2902   25.0778
   -7.5000  -30.0000  -45.0000 2084.1069   23.2368
    0.0000  -30.0000  -45.0000 2088.8459   23.1388
    7.5000  -30.0000  -45.0000 2080.5034   23.2031
   -7.5000  -22.5000  -45.0000 2132.9507   21.8905
    0.0000  -22.5000  -45.0000 2140.5884   21.8238
    7.5000  -22.5000  -45.0000 2126.7419   21.8716
   -7.5000  -15.0000  -45.0000 2163.1501   21.0031
    0.0000  -15.0000  -45.0000 2176.1650   20.9337
    7.5000  -15.0000  -45.0000 2160.7397   20.9679
   -7.5000   -7.5000  -45.0000 2173.4678   20.7449
    0.0000   -7.5000  -45.0000 2184.2805   20.6142
    7.5000   -7.5000  -45.0000 2172.4705   20.7159
   -7.5000    0.0000  -45.0000 2165.9287   20.8775
    0.0000    0.0000  -45.0000 2181.3259   20.7589
    7.5000    0.0000  -45.0000 2173.4062   20.9081
   -7.5000    7.5000  -45.0000 2148.6860   21.4936
    0.0000    7.5000  -45.0000 2167.4106   21.4578
    7.5000    7.5000  -45.0000 2162.1235   21.5393
   -7.5000   15.0000  -45.0000 2106.5569   22.5751
    0.0000   15.0000  -45.0000 2123.9580   22.4945
    7.5000   15.0000  -45.0000 2120.4656   22.5406
   -7.5000   22.5000  -45.0000 2043.9270   24.0324
    0.0000   22.5000  -45.0000 2058.9521   23.8801
    7.5000   22.5000  -45.0000 2054.8613   23.9450
   -7.5000   30.0000  -45.0000 1967.3663   25.8600
    0.0000   30.0000  -45.0000 1984.5084   25.6367
    7.5000   30.0000  -45.0000 1976.1396   25.6617
   -7.5000   37.5000  -45.0000 1876.5353   27.9537
    0.0000   37.5000  -45.0000 1890.3859   27.6858
    7.5000   37.5000  -45.0000 1886.5035   27.7298
   -7.5000   45.0000  -45.0000 1769.4919   30.7851
    0.0000   45.0000  -45.0000 1784.5060   30.4337
    7.5000   45.0000  -45.0000 1783.6465   30.6515
   -7.5000  -45.0000  -37.5000 2029.4454   25.1039
    0.0000  -45.0000  -37.5000 2036.8666   25.0351
    7.5000  -45.0000  -37.5000 2030.1908   25.1255
   -7.5000  -37.5000  -37.5000 2112.0049   22.9575
    0.0000  -37.5000  -37.5000 2120.3452   22.9086
    7.5000  -37.5000  -37.5000 2112.0930   22.9439
   -7.5000  -30.0000  -37.5000 2193.0125   21.2823
    0.0000  -30.0000  -37.5000 2200.7329   21.2085
    7.5000  -30.0000  -37.5000 2189.1992   21.2501
   -7.5000  -22.5000  -37.5000 2244.4343   20.0242
    0.0000  -22.5000  -37.5000 2253.9045   19.9195
    7.5000  -22.5000  -37.5000 2243.9590   19.9886
   -7.5000  -15.0000  -37.5000 2271.1562   19.2097
    0.0000  -15.0000  -37.5000 2289.8547   19.1199
    7.5000  -15.0000  -37.5000 2277.8438   19.2210
   -7.5000   -7.5000  -37.5000 2283.2708   18.9774
    0.0000   -7.5000  -37.5000 2299.4141   18.8842
    7.5000   -7.5000  -37.5000 2294.0708   19.0113
   -7.5000    0.0000  -37.5000 2274.9673   19.0624
    0.0000    0.0000  -37.5000 2287.7302   18.9632
    7.5000    0.0000  -37.5000 2278.1653   19.0666
   -7.5000    7.5000  -37.5000 2250.7048   19.5446
    0.0000    7.5000  -37.5000 2264.8306   19.4590
    7.5000    7.5000  -37.5000 2256.2754   19.5515
   -7.5000   15.0000  -37.5000 2207.4004   20.4553
    0.0000   15.0000  -37.5000 2222.8555   20.3236
    7.5000   15.0000  -37.5000 2219.0132   20.4291
   -7.5000   22.5000  -37.5000 2143.7920   21.7371
    0.0000   22.5000  -37.5000 2161.1316   21.6050
    7.5000   22.5000  -37.5000 2161.1787   21.7027
   -7.5000   30.0000  -37.5000 2061.8623   23.4092
    0.0000   30.0000  -37.5000 2087.0793   23.3027
    7.5000   30.0000  -37.5000 2078.3088   23.3236
   -7.5000   37.5000  -37.5000 1969.2235   25.3666
    0.0000   37.5000  -37.5000 1992.2346   25.2451
    7.5000   37.5000  -37.5000 1987.5291   25.2879
   -7.5000   45.0000  -37.5000 1850.2042   27.9192
    0.0000   45.0000  -37.5000 1873.4978   27.7258
    7.5000   45.0000  -37.5000 1875.1812   27.8337
   -7.5000  -45.0000  -30.0000 2152.6667   23.8462
    0.0000  -45.0000  -30.0000 2165.0535   23.7925
    7.5000  -45.0000  -30.0000 2158.0413   23.8399
   -7.5000  -37.5000  -30.0000 2247.4438   21.7792
    0.0000  -37.5000  -30.0000 2259.4570   21.6908
    7.5000  -37.5000  -30.0000 2248.8337   21.7634
   -7.5000  -30.0000  -30.0000 2330.5435   20.1343
    0.0000  -30.0000  -30.0000 2345.2812   20.0421
    7.5000  -30.0000  -30.0000 2332.3801   20.1629
   -7.5000  -22.5000  -30.0000 2386.7571   18.9564
    0.0000  -22.5000  -30.0000 2400.2412   18.8725
    7.5000  -22.5000  -30.0000 2386.7227   18.9596
   -7.5000  -15.0000  -30.0000 2422.2886   18.2087
    0.0000  -15.0000  -30.0000 2434.1499   18.0657
    7.5000  -15.0000  -30.0000 2426.2473   18.1958
   -7.5000   -7.5000  -30.0000 2440.0601   17.9270
    0.0000   -7.5000  -30.0000 2456.3486   17.8210
    7.5000   -7.5000  -30.0000 2449.7397   17.9328
   -7.5000    0.0000  -30.0000 2432.2007   18.0105
    0.0000    0.0000  -30.0000 2441.1885   17.8897
    7.5000    0.0000  -30.0000 2435.1338   17.9942
   -7.5000    7.5000  -30.0000 2402.2356   18.4447
    0.0000    7.5000  -30.0000 2418.8884   18.3255
    7.5000    7.5000  -30.0000 2413.8733   18.4494
   -7.5000   15.0000  -30.0000 2354.4199   19.2810
    0.0000   15.0000  -30.0000 2372.7175   19.1020
    7.5000   15.0000  -30.0000 2377.1855   19.2430
   -7.5000   22.5000  -30.0000 2289.9417   20.4979
    0.0000   22.5000  -30.0000 2308.5396   20.2627
    7.5000   22.5000  -30.0000 2308.1609   20.4041
   -7.5000   30.0000  -30.0000 2202.4485   22.0725
    0.0000   30.0000  -30.0000 2224.6204   21.8689
    7.5000   30.0000  -30.0000 2222.1611   21.9484
   -7.5000   37.5000  -30.0000 2104.4524   23.9166
    0.0000   37.5000  -30.0000 2126.5186   23.7262
    7.5000   37.5000  -30.0000 2125.4270   23.8673
   -7.5000   45.0000  -30.0000 1976.6996   26.3891
    0.0000   45.0000  -30.0000 2001.4104   26.1815
    7.5000   45.0000  -30.0000 2000.6875   26.2761
   -7.5000  -45.0000  -22.5000 2255.0994   22.7008
    0.0000  -45.0000  -22.5000 2272.1265   22.5739
    7.5000  -45.0000  -22.5000 2266.9810   22.6246
   -7.5000  -37.5000  -22.5000 2357.4697   20.6802
    0.0000  -37.5000  -22.5000 2369.9426   20.4978
    7.5000  -37.5000  -22.5000 2357.4546   20.6013
   -7.5000  -30.0000  -22.5000 2443.5796   19.0119
    0.0000  -30.0000  -22.5000 2458.3979   18.8508
    7.5000  -30.0000  -22.5000 2449.6223   18.9923
   -7.5000  -22.5000  -22.5000 2502.3762   17.7801
    0.0000  -22.5000  -22.5000 2514.8518   17.6504
    7.5000  -22.5000  -22.5000 2508.3843   17.7549
   -7.5000  -15.0000  -22.5000 2544.5771   17.0613
    0.0000  -15.0000  -22.5000 2557.5710   16.9063
    7.5000  -15.0000  -22.5000 2551.5696   17.0043
   -7.5000   -7.5000  -22.5000 2575.3547   16.7618
    0.0000   -7.5000  -22.5000 2588.2192   16.6206
    7.5000   -7.5000  -22.5000 2584.7095   16.7279
   -7.5000    0.0000  -22.5000 2572.9329   16.8608
    0.0000    0.0000  -22.5000 2584.8357   16.6787
    7.5000    0.0000  -22.5000 2585.1121   16.7832
   -7.5000    7.5000  -22.5000 2540.0583   17.3000
    0.0000    7.5000  -22.5000 2557.8145   17.0822
    7.5000    7.5000  -22.5000 2555.0574   17.1970
   -7.5000   15.0000  -22.5000 2486.7388   18.0935
    0.0000   15.0000  -22.5000 2506.3806   17.8457
    7.5000   15.0000  -22.5000 2503.9404   17.9456
   -7.5000   22.5000  -22.5000 2415.4875   19.2118
    0.0000   22.5000  -22.5000 2436.8228   18.9593
    7.5000   22.5000  -22.5000 2431.4087   19.0578
   -7.5000   30.0000  -22.5000 2326.7410   20.6473
    0.0000   30.0000  -22.5000 2346.1567   20.4090
    7.5000   30.0000  -22.5000 2342.8333   20.4778
   -7.5000   37.5000  -22.5000 2219.3372   22.4139
    0.0000   37.5000  -22.5000 2241.1060   22.1404
    7.5000   37.5000  -22.5000 2242.1489   22.3042
   -7.5000   45.0000  -22.5000 2079.3738   24.7222
    0.0000   45.0000  -22.5000 2103.2083   24.4715
    7.5000   45.0000  -22.5000 2103.2578   24.5779
   -7.5000  -45.0000  -15.0000 2327.2085   21.5265
    0.0000  -45.0000  -15.0000 2343.2288   21.3533
    7.5000  -45.0000  -15.0000 2333.4402   21.4036
   -7.5000  -37.5000  -15.0000 2433.0615   19.6181
    0.0000  -37.5000  -15.0000 2448.0520   19.4305
    7.5000  -37.5000  -15.0000 2434.9714   19.4937
   -7.5000  -30.0000  -15.0000 2528.6611   18.0246
    0.0000  -30.0000  -15.0000 2545.8206   17.8524
    7.5000  -30.0000  -15.0000 2533.0117   17.9166
   -7.5000  -22.5000  -15.0000 2591.3796   16.7562
    0.0000  -22.5000  -15.0000 2604.8408   16.5700
    7.5000  -22.5000  -15.0000 2599.0149   16.6689
   -7.5000  -15.0000  -15.0000 2638.0083   15.9806
    0.0000  -15.0000  -15.0000 2651.0891   15.8140
    7.5000  -15.0000  -15.0000 2649.1428   15.8961
   -7.5000   -7.5000  -15.0000 2674.7600   15.6566
    0.0000   -7.5000  -15.0000 2690.3916   15.5030
    7.5000   -7.5000  -15.0000 2689.4399   15.5948
   -7.5000    0.0000  -15.0000 2678.3782   15.6972
    0.0000    0.0000  -15.0000 2697.6316   15.5506
    7.5000    0.0000  -15.0000 2695.0461   15.5846
   -7.5000    7.5000  -15.0000 2649.4573   16.1394
    0.0000    7.5000  -15.0000 2671.2263   15.9271
    7.5000    7.5000  -15.0000 2665.4690   15.9916
   -7.5000   15.0000  -15.0000 2591.1440   16.9231
    0.0000   15.0000  -15.0000 2616.0457   16.6470
    7.5000   15.0000  -15.0000 2614.0664   16.7130
   -7.5000   22.5000  -15.0000 2514.5735   17.9847
    0.0000   22.5000  -15.0000 2539.7039   17.7136
    7.5000   22.5000  -15.0000 2535.1060   17.7614
   -7.5000   30.0000  -15.0000 2422.0535   19.3319
    0.0000   30.0000  -15.0000 2443.5862   19.0124
    7.5000   30.0000  -15.0000 2439.7961   19.1045
   -7.5000   37.5000  -15.0000 2309.6096   21.0170
    0.0000   37.5000  -15.0000 2335.4731   20.6874
    7.5000   37.5000  -15.0000 2334.7612   20.8192
   -7.5000   45.0000  -15.0000 2161.0781   23.2138
    0.0000   45.0000  -15.0000 2185.9846   22.9238
    7.5000   45.0000  -15.0000 2187.8298   23.0294
   -7.5000  -45.0000   -7.5000 2373.6025   20.3979
    0.0000  -45.0000   -7.5000 2395.5671   20.2799
    7.5000  -45.0000   -7.5000 2386.8782   20.3527
   -7.5000  -37.5000   -7.5000 2479.2749   18.5590
    0.0000  -37.5000   -7.5000 2496.1118   18.3981
    7.5000  -37.5000   -7.5000 2490.3945   18.4761
   -7.5000  -30.0000   -7.5000 2588.0364   17.0171
    0.0000  -30.0000   -7.5000 2602.5002   16.8101
    7.5000  -30.0000   -7.5000 2597.8652   16.9352
   -7.5000  -22.5000   -7.5000 2671.5635   15.8131
    0.0000  -22.5000   -7.5000 2684.9995   15.6259
    7.5000  -22.5000   -7.5000 2682.3135   15.7352
   -7.5000  -15.0000   -7.5000 2719.8604   14.9848
    0.0000  -15.0000   -7.5000 2735.3728   14.8379
    7.5000  -15.0000   -7.5000 2732.8489   14.8828
   -7.5000   -7.5000   -7.5000 2754.6772   14.6545
    0.0000   -7.5000   -7.5000 2786.9937   14.5138
    7.5000   -7.5000   -7.5000 2777.2720   14.5322
   -7.5000    0.0000   -7.5000 2759.9346   14.6202
    0.0000    0.0000   -7.5000 2788.7915   14.4649
    7.5000    0.0000   -7.5000 2783.7454   14.4928
   -7.5000    7.5000   -7.5000 2742.0857   15.0167
    0.0000    7.5000   -7.5000 2762.4836   14.7684
    7.5000    7.5000   -7.5000 2765.4636   14.8514
   -7.5000   15.0000   -7.5000 2683.0850   15.7832
    0.0000   15.0000   -7.5000 2710.2998   15.4998
    7.5000   15.0000   -7.5000 2715.6738   15.5622
   -7.5000   22.5000   -7.5000 2603.3694   16.8606
    0.0000   22.5000   -7.5000 2625.3223   16.5373
    7.5000   22.5000   -7.5000 2628.3950   16.5963
   -7.5000   30.0000   -7.5000 2504.6062   18.1481
    0.0000   30.0000   -7.5000 2520.2944   17.7795
    7.5000   30.0000   -7.5000 2520.9385   17.8800
   -7.5000   37.5000   -7.5000 2384.7964   19.7807
    0.0000   37.5000   -7.5000 2405.5217   19.4132
    7.5000   37.5000   -7.5000 2406.6748   19.4896
   -7.5000   45.0000   -7.5000 2232.7339   21.8846
    0.0000   45.0000   -7.5000 2257.7415   21.5184
    7.5000   45.0000   -7.5000 2258.8564   21.6033
   -7.5000  -45.0000    0.0000 2404.4209   19.5068
    0.0000  -45.0000    0.0000 2431.1729   19.4841
    7.5000  -45.0000    0.0000 2422.9521   19.5022
   -7.5000  -37.5000    0.0000 2509.9353   17.6939
    0.0000  -37.5000    0.0000 2530.5015   17.6548
    7.5000  -37.5000    0.0000 2528.3689   17.6891
   -7.5000  -30.0000    0.0000 2626.4421   16.2010
    0.0000  -30.0000    0.0000 2642.4910   16.0921
    7.5000  -30.0000    0.0000 2640.4504   16.1567
   -7.5000  -22.5000    0.0000 2719.1353   15.0041
    0.0000  -22.5000    0.0000 2744.2185   14.8815
    7.5000  -22.5000    0.0000 2739.0183   14.9647
   -7.5000  -15.0000    0.0000 2787.7542   14.2101
    0.0000  -15.0000    0.0000 2815.8440   14.1414
    7.5000  -15.0000    0.0000 2810.2224   14.1599
   -7.5000   -7.5000    0.0000 2824.1011   13.7789
    0.0000   -7.5000    0.0000 2861.7898   13.7171
    7.5000   -7.5000    0.0000 2858.5713   13.7234
   -7.5000    0.0000    0.0000 2835.4539   13.7580
    0.0000    0.0000    0.0000 2868.8621   13.5828
    7.5000    0.0000    0.0000 2867.8318   13.6570
   -7.5000    7.5000    0.0000 2817.8823   14.1034
    0.0000    7.5000    0.0000 2842.3047   13.8298
    7.5000    7.5000    0.0000 2851.4517   13.9295
   -7.5000   15.0000    0.0000 2755.2986   14.8623
    0.0000   15.0000    0.0000 2786.8328   14.5424
    7.5000   15.0000    0.0000 2791.0757   14.5905
   -7.5000   22.5000    0.0000 2672.9111   15.8983
    0.0000   22.5000    0.0000 2694.0210   15.5511
    7.5000   22.5000    0.0000 2700.2246   15.6122
   -7.5000   30.0000    0.0000 2561.4958   17.2240
    0.0000   30.0000    0.0000 2582.3442   16.8410
    7.5000   30.0000    0.0000 2584.2131   16.9092
   -7.5000   37.5000    0.0000 2440.5437   18.8274
    0.0000   37.5000    0.0000 2464.0112   18.4493
    7.5000   37.5000    0.0000 2464.0879   18.5181
   -7.5000   45.0000    0.0000 2277.1382   20.8703
    0.0000   45.0000    0.0000 2310.8350   20.4909
    7.5000   45.0000    0.0000 2314.1853   20.5553
   -7.5000  -45.0000    7.5000 2420.7915   18.8767
    0.0000  -45.0000    7.5000 2450.6030   18.9182
    7.5000  -45.0000    7.5000 2445.7505   18.9436
   -7.5000  -37.5000    7.5000 2533.4023   17.0820
    0.0000  -37.5000    7.5000 2559.0042   17.0881
    7.5000  -37.5000    7.5000 2557.8735   17.1250
   -7.5000  -30.0000    7.5000 2648.7371   15.5811
    0.0000  -30.0000    7.5000 2668.9221   15.5500
    7.5000  -30.0000    7.5000 2671.1855   15.6129
   -7.5000  -22.5000    7.5000 2751.7949   14.4069
    0.0000  -22.5000    7.5000 2782.6531   14.3511
    7.5000  -22.5000    7.5000 2781.6694   14.4540
   -7.5000  -15.0000    7.5000 2839.2900   13.6338
    0.0000  -15.0000    7.5000 2875.3669   13.6194
    7.5000  -15.0000    7.5000 2875.1030   13.6897
   -7.5000   -7.5000    7.5000 2881.0615   13.1458
    0.0000   -7.5000    7.5000 2931.8760   13.1559
    7.5000   -7.5000    7.5000 2936.3938   13.2178
   -7.5000    0.0000    7.5000 2897.3818   13.0728
    0.0000    0.0000    7.5000 2939.9436   12.9416
    7.5000    0.0000    7.5000 2945.3306   13.0873
   -7.5000    7.5000    7.5000 2869.9048   13.4335
    0.0000    7.5000    7.5000 2909.6482   13.1895
    7.5000    7.5000    7.5000 2915.5505   13.3410
   -7.5000   15.0000    7.5000 2810.7061   14.1426
    0.0000   15.0000    7.5000 2843.1484   13.8154
    7.5000   15.0000    7.5000 2848.9543   13.9246
   -7.5000   22.5000    7.5000 2721.2817   15.2328
    0.0000   22.5000    7.5000 2747.7468   14.8660
    7.5000   22.5000    7.5000 2754.6177   14.9345
   -7.5000   30.0000    7.5000 2603.6287   16.5739
    0.0000   30.0000    7.5000 2628.2104   16.1806
    7.5000   30.0000    7.5000 2633.3113   16.2687
   -7.5000   37.5000    7.5000 2472.9578   18.1197
    0.0000   37.5000    7.5000 2501.6401   17.7700
    7.5000   37.5000    7.5000 2505.2485   17.8700
   -7.5000   45.0000    7.5000 2311.0403   20.0787
    0.0000   45.0000    7.5000 2343.1636   19.6784
    7.5000   45.0000    7.5000 2350.0774   19.7941
   -7.5000  -45.0000   15.0000 2423.5886   18.5746
    0.0000  -45.0000   15.0000 2455.8250   18.5769
    7.5000  -45.0000   15.0000 2455.3853   18.6586
   -7.5000  -37.5000   15.0000 2535.4827   16.7262
    0.0000  -37.5000   15.0000 2566.9385   16.7424
    7.5000  -37.5000   15.0000 2567.2034   16.8052
   -7.5000  -30.0000   15.0000 2647.0503   15.2067
    0.0000  -30.0000   15.0000 2676.5278   15.2437
    7.5000  -30.0000   15.0000 2679.5571   15.3130
   -7.5000  -22.5000   15.0000 2754.6113   14.0353
    0.0000  -22.5000   15.0000 2789.9136   14.0628
    7.5000  -22.5000   15.0000 2793.9490   14.1299
   -7.5000  -15.0000   15.0000 2852.7649   13.3005
    0.0000  -15.0000   15.0000 2902.3027   13.3840
    7.5000  -15.0000   15.0000 2908.3464   13.4409
   -7.5000   -7.5000   15.0000 2907.8528   12.8150
    0.0000   -7.5000   15.0000 2983.0886   12.9710
    7.5000   -7.5000   15.0000 2992.0916   13.0315
   -7.5000    0.0000   15.0000 2920.6301   12.6589
    0.0000    0.0000   15.0000 2988.2109   12.6451
    7.5000    0.0000   15.0000 2996.3281   12.8560
   -7.5000    7.5000   15.0000 2896.3228   13.0638
    0.0000    7.5000   15.0000 2943.0388   12.8825
    7.5000    7.5000   15.0000 2946.3994   13.1144
   -7.5000   15.0000   15.0000 2827.2480   13.8167
    0.0000   15.0000   15.0000 2867.7917   13.5175
    7.5000   15.0000   15.0000 2865.7173   13.6296
   -7.5000   22.5000   15.0000 2737.6731   14.8800
    0.0000   22.5000   15.0000 2767.7012   14.5281
    7.5000   22.5000   15.0000 2770.7627   14.5617
   -7.5000   30.0000   15.0000 2619.3577   16.2167
    0.0000   30.0000   15.0000 2643.6514   15.8215
    7.5000   30.0000   15.0000 2652.3750   15.8470
   -7.5000   37.5000   15.0000 2487.1216   17.7680
    0.0000   37.5000   15.0000 2507.0889   17.3625
    7.5000   37.5000   15.0000 2518.1389   17.3976
   -7.5000   45.0000   15.0000 2326.3477   19.7115
    0.0000   45.0000   15.0000 2352.0615   19.2717
    7.5000   45.0000   15.0000 2365.2114   19.3781
   -7.5000  -45.0000   22.5000 2410.8208   18.5847
    0.0000  -45.0000   22.5000 2444.6865   18.4845
    7.5000  -45.0000   22.5000 2445.1533   18.5885
   -7.5000  -37.5000   22.5000 2526.6582   16.7371
    0.0000  -37.5000   22.5000 2553.0593   16.6617
    7.5000  -37.5000   22.5000 2555.7476   16.7585
   -7.5000  -30.0000   22.5000 2639.9375   15.1969
    0.0000  -30.0000   22.5000 2664.4500   15.1643
    7.5000  -30.0000   22.5000 2676.6677   15.2747
   -7.5000  -22.5000   22.5000 2752.8884   14.0300
    0.0000  -22.5000   22.5000 2778.3215   13.9945
    7.5000  -22.5000   22.5000 2794.2400   14.0882
   -7.5000  -15.0000   22.5000 2849.7886   13.2753
    0.0000  -15.0000   22.5000 2894.1987   13.3263
    7.5000  -15.0000   22.5000 2911.1763   13.3888
   -7.5000   -7.5000   22.5000 2903.4321   12.8561
    0.0000   -7.5000   22.5000 2978.5518   12.9522
    7.5000   -7.5000   22.5000 2991.6304   13.0013
   -7.5000    0.0000   22.5000 2921.5154   12.8213
    0.0000    0.0000   22.5000 2995.8813   12.7625
    7.5000    0.0000   22.5000 3000.4270   12.7976
   -7.5000    7.5000   22.5000 2893.9192   13.1682
    0.0000    7.5000   22.5000 2947.6902   12.9512
    7.5000    7.5000   22.5000 2946.9373   12.9852
   -7.5000   15.0000   22.5000 2822.4163   13.8522
    0.0000   15.0000   22.5000 2858.5017   13.5259
    7.5000   15.0000   22.5000 2861.6663   13.5630
   -7.5000   22.5000   22.5000 2731.7251   14.8296
    0.0000   22.5000   22.5000 2757.6868   14.4399
    7.5000   22.5000   22.5000 2764.9138   14.4842
   -7.5000   30.0000   22.5000 2612.6946   16.1151
    0.0000   30.0000   22.5000 2635.1946   15.6812
    7.5000   30.0000   22.5000 2644.5120   15.7487
   -7.5000   37.5000   22.5000 2481.6414   17.6846
    0.0000   37.5000   22.5000 2508.6504   17.2699
    7.5000   37.5000   22.5000 2515.7463   17.3117
   -7.5000   45.0000   22.5000 2320.5366   19.6494
    0.0000   45.0000   22.5000 2352.0881   19.2633
    7.5000   45.0000   22.5000 2362.5916   19.2507
   -7.5000  -45.0000   30.0000 2393.4849   18.9720
    0.0000  -45.0000   30.0000 2411.6060   18.6955
    7.5000  -45.0000   30.0000 2426.7195   18.7776
   -7.5000  -37.5000   30.0000 2506.1602   17.0809
    0.0000  -37.5000   30.0000 2523.5134   16.8745
    7.5000  -37.5000   30.0000 2539.1106   16.9027
   -7.5000  -30.0000   30.0000 2621.7844   15.5795
    0.0000  -30.0000   30.0000 2641.7917   15.4393
    7.5000  -30.0000   30.0000 2657.1477   15.4177
   -7.5000  -22.5000   30.0000 2740.3250   14.3945
    0.0000  -22.5000   30.0000 2767.3115   14.3305
    7.5000  -22.5000   30.0000 2778.8701   14.2839
   -7.5000  -15.0000   30.0000 2824.9905   13.5425
    0.0000  -15.0000   30.0000 2872.9060   13.6150
    7.5000  -15.0000   30.0000 2880.6033   13.6020
   -7.5000   -7.5000   30.0000 2875.6511   13.1814
    0.0000   -7.5000   30.0000 2923.0188   13.1061
    7.5000   -7.5000   30.0000 2938.0344   13.1311
   -7.5000    0.0000   30.0000 2893.5305   13.2686
    0.0000    0.0000   30.0000 2945.3555   13.0897
    7.5000    0.0000   30.0000 2952.2170   13.0309
   -7.5000    7.5000   30.0000 2870.9199   13.6245
    0.0000    7.5000   30.0000 2924.7893   13.3814
    7.5000    7.5000   30.0000 2928.5984   13.3401
   -7.5000   15.0000   30.0000 2796.9619   14.2604
    0.0000   15.0000   30.0000 2836.1033   13.9771
    7.5000   15.0000   30.0000 2841.9019   13.9828
   -7.5000   22.5000   30.0000 2700.0977   15.1590
    0.0000   22.5000   30.0000 2724.7937   14.8257
    7.5000   22.5000   30.0000 2733.2795   14.8472
   -7.5000   30.0000   30.0000 2580.9316   16.3580
    0.0000   30.0000   30.0000 2605.6555   15.9974
    7.5000   30.0000   30.0000 2616.5415   15.9945
   -7.5000   37.5000   30.0000 2454.0510   17.8438
    0.0000   37.5000   30.0000 2487.3523   17.4530
    7.5000   37.5000   30.0000 2502.2864   17.4516
   -7.5000   45.0000   30.0000 2294.5232   19.7713
    0.0000   45.0000   30.0000 2328.3555   19.3991
    7.5000   45.0000   30.0000 2345.5427   19.4019
   -7.5000  -45.0000   37.5000 2368.1096   19.6201
    0.0000  -45.0000   37.5000 2378.2229   19.2573
    7.5000  -45.0000   37.5000 2388.4902   19.1911
   -7.5000  -37.5000   37.5000 2480.3921   17.7580
    0.0000  -37.5000   37.5000 2494.3367   17.4184
    7.5000  -37.5000   37.5000 2504.9460   17.3301
   -7.5000  -30.0000   37.5000 2599.2996   16.2422
    0.0000  -30.0000   37.5000 2618.3308   15.9509
    7.5000  -30.0000   37.5000 2630.1731   15.8705
   -7.5000  -22.5000   37.5000 2711.2417   14.9867
    0.0000  -22.5000   37.5000 2734.9160   14.8085
    7.5000  -22.5000   37.5000 2750.0083   14.7600
   -7.5000  -15.0000   37.5000 2783.2542   14.0844
    0.0000  -15.0000   37.5000 2816.2734   13.9117
    7.5000  -15.0000   37.5000 2836.6404   13.9684
   -7.5000   -7.5000   37.5000 2836.0327   13.7053
    0.0000   -7.5000   37.5000 2871.5181   13.5029
    7.5000   -7.5000   37.5000 2884.7859   13.4306
   -7.5000    0.0000   37.5000 2842.6047   13.7432
    0.0000    0.0000   37.5000 2885.9194   13.4809
    7.5000    0.0000   37.5000 2904.4502   13.4428
   -7.5000    7.5000   37.5000 2814.3328   14.0881
    0.0000    7.5000   37.5000 2864.4563   13.7857
    7.5000    7.5000   37.5000 2885.8755   13.8102
   -7.5000   15.0000   37.5000 2744.2083   14.8327
    0.0000   15.0000   37.5000 2780.2385   14.5214
    7.5000   15.0000   37.5000 2801.8604   14.5574
   -7.5000   22.5000   37.5000 2652.9580   15.8544
    0.0000   22.5000   37.5000 2684.6135   15.5087
    7.5000   22.5000   37.5000 2699.2068   15.5367
   -7.5000   30.0000   37.5000 2537.8315   17.0615
    0.0000   30.0000   37.5000 2572.6741   16.7141
    7.5000   30.0000   37.5000 2581.8811   16.7140
   -7.5000   37.5000   37.5000 2416.0859   18.4741
    0.0000   37.5000   37.5000 2452.5571   18.1068
    7.5000   37.5000   37.5000 2466.4722   18.0772
   -7.5000   45.0000   37.5000 2265.0481   20.3501
    0.0000   45.0000   37.5000 2291.9692   19.9821
    7.5000   45.0000   37.5000 2301.3176   19.9386
   -7.5000  -45.0000   45.0000 2327.7378   20.4882
    0.0000  -45.0000   45.0000 2334.8479   19.9061
    7.5000  -45.0000   45.0000 2347.0378   19.8462
   -7.5000  -37.5000   45.0000 2445.9343   18.5529
    0.0000  -37.5000   45.0000 2449.8906   18.0236
    7.5000  -37.5000   45.0000 2463.5657   17.9392
   -7.5000  -30.0000   45.0000 2556.6511   16.9820
    0.0000  -30.0000   45.0000 2568.7822   16.5464
    7.5000  -30.0000   45.0000 2582.7607   16.4612
   -7.5000  -22.5000   45.0000 2653.7373   15.6608
    0.0000  -22.5000   45.0000 2676.3828   15.3129
    7.5000  -22.5000   45.0000 2693.0510   15.2910
   -7.5000  -15.0000   45.0000 2725.1104   14.8108
    0.0000  -15.0000   45.0000 2757.7502   14.4559
    7.5000  -15.0000   45.0000 2773.1699   14.3819
   -7.5000   -7.5000   45.0000 2772.5579   14.4307
    0.0000   -7.5000   45.0000 2808.2168   14.1039
    7.5000   -7.5000   45.0000 2821.7881   13.9467
   -7.5000    0.0000   45.0000 2775.7529   14.3929
    0.0000    0.0000   45.0000 2812.2021   14.0596
    7.5000    0.0000   45.0000 2830.8152   13.9787
   -7.5000    7.5000   45.0000 2744.3718   14.7080
    0.0000    7.5000   45.0000 2784.1877   14.3768
    7.5000    7.5000   45.0000 2811.5281   14.3748
   -7.5000   15.0000   45.0000 2677.1489   15.4714
    0.0000   15.0000   45.0000 2712.0623   15.1308
    7.5000   15.0000   45.0000 2737.2581   15.1560
   -7.5000   22.5000   45.0000 2590.0225   16.6057
    0.0000   22.5000   45.0000 2625.7195   16.2252
    7.5000   22.5000   45.0000 2639.4363   16.2314
   -7.5000   30.0000   45.0000 2488.5437   17.9038
    0.0000   30.0000   45.0000 2525.4233   17.5437
    7.5000   30.0000   45.0000 2540.1108   17.5307
   -7.5000   37.5000   45.0000 2365.6155   19.3809
    0.0000   37.5000   45.0000 2395.1008   19.0157
    7.5000   37.5000   45.0000 2414.3274   18.9756
   -7.5000   45.0000   45.0000 2208.9839   21.2078
    0.0000   45.0000   45.0000 2232.7393   20.8119
    7.5000   45.0000   45.0000 2243.9272   20.7599

---------------------------------------------------------------------
imgreg_4dfp /opt/freesurfer/average/711-2C_as_mni_average_305 /opt/freesurfer/average/711-2B_as_mni_average_305_mask talsrcimg_g11 none talsrcimg_to_711-2C_as_mni_average_305_t4 1283
---------------------------------------------------------------------

freesurfer imgreg_4dfp.c
/opt/freesurfer/average/711-2C_as_mni_average_305.4dfp.img
       256       256       256         1
  1.000000  1.000000  1.000000
orientation T byte_order littleendian
Reading image: /opt/freesurfer/average/711-2C_as_mni_average_305.4dfp.img
dimensions:      256       256       256
mmppix:       1.0000   -1.0000   -1.0000
center:     128.0000 -129.0000 -129.0000
/opt/freesurfer/average/711-2B_as_mni_average_305_mask.4dfp.img
       256       256       256         1
  1.000000  1.000000  1.000000
orientation T byte_order littleendian
Reading mask: /opt/freesurfer/average/711-2B_as_mni_average_305_mask.4dfp.img (2306576 pixels)
talsrcimg_g11.4dfp.img
       256       256       256         1
  1.000000  1.000000  1.000000
orientation T byte_order littleendian
Reading image: talsrcimg_g11.4dfp.img
dimensions:      256       256       256
mmppix:       1.0000   -1.0000   -1.0000
center:     128.0000 -129.0000 -129.0000
rotation matrix determinant  1.000000
fimgreg.f
image alignment mode   1283 decimal      503 hex
parameters
    7.5000    0.0000   22.5000    0.0000    0.0000    0.0000
eta,q 0.94197 12.82388
niter,ni,del,rscale     5    3   12.0000    1.2000
parameter  1  0.680426 ->  0.500000 qaram    1.1500
parameter  3  0.725766 ->  0.500000 qaram    1.1500
parameters
    4.0500   -1.4099   19.0500   -0.1981   -2.0798   -2.4639
eta,q 0.95601 12.85075
  0.0562  0.0592  0.0500  0.0524  0.0489  0.0464
  0.0531  0.0552  0.0466  0.0506  0.0461  0.0444
  0.0537  0.0527  0.0474  0.0476  0.0451  0.0440
  0.0578  0.0531  0.0522  0.0467  0.0466  0.0451
  0.0653  0.0551  0.0582  0.0474  0.0492  0.0477
  0.0735  0.0635  0.0639  0.0498  0.0526  0.0511
  0.0793  0.0703  0.0692  0.0544  0.0568  0.0556
niter,ni,del,rscale     6    3   12.0000    1.2000
parameters
    4.4330   -1.5787   18.9864   -0.2952   -2.6769   -2.6580
eta,q 0.95622 12.88840
  0.0687  0.0574  0.0576  0.0498  0.0500  0.0495
  0.0559  0.0525  0.0533  0.0484  0.0466  0.0467
  0.0476  0.0467  0.0474  0.0456  0.0442  0.0446
  0.0440  0.0439  0.0439  0.0439  0.0440  0.0438
  0.0460  0.0456  0.0458  0.0450  0.0461  0.0446
  0.0529  0.0516  0.0527  0.0472  0.0489  0.0471
  0.0636  0.0610  0.0593  0.0515  0.0520  0.0504
niter,ni,del,rscale     5    3   12.0000    1.2000
parameters
    4.5532   -1.5830   19.0051   -0.2152   -2.8097   -2.7088
eta,q 0.95625 12.88718
  0.0669  0.0577  0.0575  0.0499  0.0509  0.0497
  0.0545  0.0529  0.0531  0.0485  0.0474  0.0469
  0.0467  0.0470  0.0474  0.0457  0.0446  0.0446
  0.0438  0.0438  0.0438  0.0438  0.0438  0.0437
  0.0465  0.0451  0.0452  0.0446  0.0453  0.0445
  0.0539  0.0508  0.0521  0.0468  0.0482  0.0468
  0.0650  0.0598  0.0587  0.0509  0.0511  0.0501
niter,ni,del,rscale     4    3   12.0000    1.2000
parameters
    4.5820   -1.6068   19.0391   -0.1646   -2.8481   -2.7315
eta,q 0.95625 12.88509
  0.0663  0.0576  0.0575  0.0499  0.0511  0.0497
  0.0540  0.0528  0.0530  0.0485  0.0476  0.0469
  0.0464  0.0469  0.0473  0.0456  0.0447  0.0447
  0.0438  0.0437  0.0438  0.0437  0.0437  0.0437
  0.0467  0.0451  0.0451  0.0446  0.0452  0.0445
  0.0544  0.0509  0.0520  0.0468  0.0481  0.0468
  0.0654  0.0598  0.0585  0.0510  0.0509  0.0500
registration optimization eta report
parameter search radius
    6.9000    6.0000    6.9000    6.0000    6.0000    6.0000
100000*second partial in parameter space
       46.       41.       29.       18.       19.       17.
  0.0663  0.0576  0.0575  0.0499  0.0511  0.0497
  0.0540  0.0528  0.0530  0.0485  0.0476  0.0469
  0.0464  0.0469  0.0473  0.0456  0.0447  0.0447
  0.0438  0.0437  0.0438  0.0437  0.0437  0.0437
  0.0467  0.0451  0.0451  0.0446  0.0452  0.0445
  0.0544  0.0509  0.0520  0.0468  0.0481  0.0468
  0.0654  0.0598  0.0585  0.0510  0.0509  0.0500
    4.5820   -1.6068   19.0391   -0.1646   -2.8481   -2.7315
eta,q 0.95625 12.88509

---------------------------------------------------------------------
imgreg_4dfp /opt/freesurfer/average/711-2C_as_mni_average_305 /opt/freesurfer/average/711-2B_as_mni_average_305_mask talsrcimg_g11 none talsrcimg_to_711-2C_as_mni_average_305_t4 3335
---------------------------------------------------------------------

freesurfer imgreg_4dfp.c
/opt/freesurfer/average/711-2C_as_mni_average_305.4dfp.img
       256       256       256         1
  1.000000  1.000000  1.000000
orientation T byte_order littleendian
Reading image: /opt/freesurfer/average/711-2C_as_mni_average_305.4dfp.img
dimensions:      256       256       256
mmppix:       1.0000   -1.0000   -1.0000
center:     128.0000 -129.0000 -129.0000
/opt/freesurfer/average/711-2B_as_mni_average_305_mask.4dfp.img
       256       256       256         1
  1.000000  1.000000  1.000000
orientation T byte_order littleendian
Reading mask: /opt/freesurfer/average/711-2B_as_mni_average_305_mask.4dfp.img (2306576 pixels)
talsrcimg_g11.4dfp.img
       256       256       256         1
  1.000000  1.000000  1.000000
orientation T byte_order littleendian
Reading image: talsrcimg_g11.4dfp.img
dimensions:      256       256       256
mmppix:       1.0000   -1.0000   -1.0000
center:     128.0000 -129.0000 -129.0000
fimgreg.f
image alignment mode   3335 decimal      D07 hex
parameters
    4.5820   -1.6068   19.0391   -0.2370   -0.1133   -0.1239
    4.7512    4.9769   -4.7596    0.0501   -4.9689   -0.2869
eta,q 0.95375 12.87220
niter,ni,del,rscale     5    3    5.0000    1.2000
parameter  5  5.313041 ->  0.500000 qaram    1.1500
parameter  6  0.847368 ->  0.500000 qaram    1.1500
parameter  8 -0.611564 -> -0.500000 qaram    1.1500
parameters
    4.6043   -2.1125   19.5573   -3.1792   -4.2533   -4.2639
    5.8393    9.1169   -2.6488   -1.1381   -2.8634   -0.0316
eta,q 0.96768 12.74315
  0.0492  0.0472  0.0490  0.0464  0.0325  0.0343  0.0376  0.0407  0.0361  0.0356  0.0353  0.0348
  0.0475  0.0465  0.0477  0.0460  0.0363  0.0342  0.0360  0.0383  0.0346  0.0334  0.0341  0.0333
  0.0465  0.0462  0.0467  0.0458  0.0409  0.0353  0.0350  0.0361  0.0335  0.0325  0.0331  0.0325
  0.0463  0.0463  0.0462  0.0460  0.0459  0.0375  0.0344  0.0344  0.0329  0.0327  0.0325  0.0323
  0.0466  0.0467  0.0461  0.0471  0.0510  0.0412  0.0344  0.0332  0.0327  0.0337  0.0323  0.0326
  0.0476  0.0475  0.0465  0.0499  0.0566  0.0459  0.0350  0.0330  0.0330  0.0355  0.0326  0.0332
  0.0490  0.0486  0.0474  0.0542  0.0619  0.0510  0.0361  0.0339  0.0338  0.0383  0.0333  0.0343
niter,ni,del,rscale     7    3    5.0000    1.2000
parameter  5  1.296721 ->  0.500000 qaram    1.3225
parameters
    4.7216   -0.9928   19.0358   -2.2396   -9.0143   -5.7835
    5.4402    8.1611   -2.8540   -0.4349   -1.9021    0.1329
eta,q 0.97412 12.58540
  0.0350  0.0364  0.0331  0.0347  0.0244  0.0301  0.0285  0.0303  0.0280  0.0306  0.0275  0.0273
  0.0336  0.0346  0.0322  0.0335  0.0252  0.0286  0.0271  0.0278  0.0268  0.0282  0.0267  0.0265
  0.0327  0.0333  0.0317  0.0325  0.0274  0.0268  0.0263  0.0263  0.0262  0.0267  0.0261  0.0261
  0.0323  0.0323  0.0318  0.0317  0.0315  0.0257  0.0260  0.0260  0.0260  0.0260  0.0259  0.0259
  0.0325  0.0319  0.0324  0.0314  0.0364  0.0274  0.0264  0.0271  0.0263  0.0260  0.0259  0.0259
  0.0333  0.0319  0.0335  0.0319  0.0419  0.0315  0.0275  0.0295  0.0270  0.0271  0.0262  0.0264
  0.0345  0.0325  0.0352  0.0340  0.0478  0.0361  0.0292  0.0330  0.0282  0.0291  0.0268  0.0272
niter,ni,del,rscale     7    3    5.0000    1.2000
parameter  3  0.546922 ->  0.500000 qaram    1.1500
parameters
    4.6283   -0.7107   17.6558   -0.0695  -13.2235   -7.2105
    5.2374    7.5774   -3.3340    0.4608   -1.0465    0.1779
eta,q 0.97651 12.45177
  0.0282  0.0292  0.0258  0.0289  0.0257  0.0275  0.0260  0.0287  0.0248  0.0273  0.0254  0.0248
  0.0269  0.0275  0.0253  0.0275  0.0242  0.0259  0.0247  0.0261  0.0241  0.0254  0.0246  0.0242
  0.0261  0.0264  0.0254  0.0263  0.0234  0.0242  0.0239  0.0242  0.0237  0.0242  0.0239  0.0237
  0.0259  0.0259  0.0258  0.0253  0.0247  0.0235  0.0236  0.0236  0.0236  0.0236  0.0235  0.0235
  0.0262  0.0260  0.0266  0.0247  0.0281  0.0252  0.0239  0.0245  0.0238  0.0237  0.0236  0.0236
  0.0272  0.0267  0.0275  0.0247  0.0337  0.0282  0.0248  0.0271  0.0243  0.0244  0.0240  0.0241
  0.0286  0.0279  0.0288  0.0266  0.0399  0.0320  0.0263  0.0306  0.0252  0.0258  0.0247  0.0249
niter,ni,del,rscale     7    3    5.0000    1.2000
parameters
    4.6117   -0.0661   17.3921    1.1884  -14.2580   -7.9720
    5.2174    7.2355   -4.0471    1.4058   -0.4280    0.1213
eta,q 0.97699 12.42955
  0.0261  0.0271  0.0253  0.0270  0.0274  0.0276  0.0258  0.0289  0.0242  0.0265  0.0250  0.0243
  0.0246  0.0254  0.0239  0.0256  0.0255  0.0258  0.0243  0.0261  0.0235  0.0248  0.0241  0.0237
  0.0238  0.0242  0.0233  0.0244  0.0238  0.0242  0.0234  0.0239  0.0231  0.0236  0.0234  0.0232
  0.0235  0.0235  0.0233  0.0232  0.0227  0.0229  0.0231  0.0231  0.0231  0.0231  0.0230  0.0230
  0.0238  0.0233  0.0239  0.0224  0.0236  0.0240  0.0234  0.0239  0.0233  0.0231  0.0231  0.0231
  0.0247  0.0237  0.0248  0.0228  0.0264  0.0268  0.0243  0.0266  0.0239  0.0238  0.0236  0.0236
  0.0262  0.0246  0.0258  0.0259  0.0313  0.0302  0.0258  0.0302  0.0247  0.0251  0.0245  0.0244
niter,ni,del,rscale     6    3    5.0000    1.2000
parameters
    4.6181    0.2158   17.0882    1.3769  -14.5453   -8.4607
    5.3729    7.0346   -4.6604    1.9136   -0.0551    0.0483
eta,q 0.97701 12.40485
  0.0259  0.0257  0.0249  0.0266  0.0278  0.0277  0.0258  0.0291  0.0241  0.0260  0.0249  0.0243
  0.0243  0.0243  0.0236  0.0252  0.0259  0.0259  0.0243  0.0262  0.0234  0.0244  0.0240  0.0237
  0.0233  0.0234  0.0230  0.0240  0.0241  0.0243  0.0234  0.0239  0.0231  0.0234  0.0233  0.0232
  0.0230  0.0230  0.0230  0.0229  0.0228  0.0229  0.0230  0.0230  0.0230  0.0230  0.0230  0.0230
  0.0233  0.0231  0.0236  0.0223  0.0230  0.0237  0.0233  0.0238  0.0233  0.0231  0.0232  0.0231
  0.0243  0.0236  0.0246  0.0237  0.0254  0.0264  0.0242  0.0264  0.0237  0.0239  0.0237  0.0236
  0.0259  0.0247  0.0257  0.0275  0.0296  0.0296  0.0256  0.0299  0.0245  0.0253  0.0246  0.0244
niter,ni,del,rscale     5    3    5.0000    1.2000
parameters
    4.6017    0.3776   16.8084    1.5016  -14.6762   -8.9217
    5.5268    6.8804   -5.0429    2.2759    0.1149   -0.0042
eta,q 0.97698 12.38503
  0.0259  0.0254  0.0250  0.0266  0.0279  0.0277  0.0259  0.0291  0.0243  0.0258  0.0249  0.0244
  0.0242  0.0241  0.0237  0.0253  0.0259  0.0260  0.0243  0.0262  0.0235  0.0243  0.0239  0.0237
  0.0233  0.0233  0.0230  0.0241  0.0242  0.0243  0.0234  0.0239  0.0231  0.0234  0.0232  0.0232
  0.0230  0.0230  0.0230  0.0229  0.0229  0.0229  0.0230  0.0230  0.0230  0.0230  0.0230  0.0230
  0.0233  0.0231  0.0236  0.0223  0.0229  0.0236  0.0233  0.0238  0.0232  0.0232  0.0232  0.0232
  0.0243  0.0237  0.0246  0.0238  0.0252  0.0264  0.0242  0.0264  0.0237  0.0239  0.0238  0.0237
  0.0260  0.0248  0.0257  0.0277  0.0293  0.0296  0.0256  0.0298  0.0245  0.0253  0.0247  0.0244
niter,ni,del,rscale     4    3    5.0000    1.2000
parameters
    4.5750    0.4899   16.5641    1.6035  -14.7541   -9.3044
    5.6443    6.7702   -5.2596    2.5615    0.1707   -0.0795
eta,q 0.97695 12.36983
  0.0259  0.0253  0.0251  0.0267  0.0279  0.0278  0.0259  0.0292  0.0244  0.0257  0.0249  0.0244
  0.0243  0.0241  0.0237  0.0254  0.0260  0.0260  0.0243  0.0263  0.0235  0.0243  0.0239  0.0237
  0.0233  0.0233  0.0230  0.0241  0.0242  0.0244  0.0234  0.0240  0.0231  0.0234  0.0233  0.0232
  0.0230  0.0230  0.0230  0.0230  0.0229  0.0229  0.0231  0.0231  0.0231  0.0231  0.0231  0.0231
  0.0233  0.0232  0.0236  0.0224  0.0229  0.0235  0.0234  0.0238  0.0233  0.0232  0.0233  0.0232
  0.0243  0.0238  0.0246  0.0240  0.0252  0.0263  0.0242  0.0263  0.0237  0.0240  0.0239  0.0237
  0.0260  0.0249  0.0257  0.0278  0.0292  0.0294  0.0257  0.0298  0.0244  0.0254  0.0248  0.0245
niter,ni,del,rscale     3    3    5.0000    1.2000
parameters
    4.5444    0.5878   16.3657    1.6716  -14.8085   -9.6041
    5.7122    6.6956   -5.3591    2.8066    0.1693   -0.1799
eta,q 0.97691 12.35754
  0.0259  0.0252  0.0252  0.0268  0.0279  0.0279  0.0258  0.0293  0.0245  0.0256  0.0249  0.0244
  0.0243  0.0241  0.0238  0.0254  0.0260  0.0261  0.0243  0.0264  0.0236  0.0243  0.0239  0.0237
  0.0234  0.0234  0.0231  0.0242  0.0243  0.0245  0.0234  0.0240  0.0232  0.0235  0.0233  0.0233
  0.0231  0.0231  0.0231  0.0230  0.0230  0.0230  0.0231  0.0231  0.0231  0.0231  0.0231  0.0231
  0.0234  0.0232  0.0236  0.0225  0.0230  0.0235  0.0234  0.0238  0.0233  0.0233  0.0233  0.0233
  0.0244  0.0238  0.0245  0.0241  0.0252  0.0262  0.0243  0.0263  0.0237  0.0240  0.0239  0.0237
  0.0261  0.0249  0.0256  0.0280  0.0291  0.0293  0.0257  0.0297  0.0244  0.0254  0.0249  0.0246
niter,ni,del,rscale     2    3    5.0000    1.2000
parameters
    4.5188    0.6723   16.2080    1.7270  -14.8545   -9.8490
    5.7492    6.6468   -5.4032    3.0244    0.1442   -0.2448
eta,q 0.97687 12.34754
  0.0260  0.0252  0.0253  0.0268  0.0280  0.0279  0.0259  0.0293  0.0245  0.0256  0.0249  0.0245
  0.0243  0.0241  0.0239  0.0255  0.0261  0.0262  0.0243  0.0264  0.0236  0.0243  0.0239  0.0238
  0.0234  0.0234  0.0232  0.0243  0.0243  0.0246  0.0234  0.0241  0.0232  0.0235  0.0233  0.0233
  0.0231  0.0231  0.0231  0.0230  0.0230  0.0230  0.0231  0.0231  0.0231  0.0231  0.0231  0.0231
  0.0234  0.0233  0.0236  0.0225  0.0230  0.0234  0.0235  0.0239  0.0233  0.0233  0.0234  0.0233
  0.0244  0.0239  0.0245  0.0242  0.0252  0.0262  0.0243  0.0263  0.0238  0.0241  0.0240  0.0238
  0.0261  0.0250  0.0256  0.0280  0.0292  0.0293  0.0258  0.0297  0.0245  0.0254  0.0249  0.0246
niter,ni,del,rscale     1    3    5.0000    1.2000
parameters
    4.4994    0.7443   16.0828    1.7703  -14.8996  -10.0549
    5.7707    6.6161   -5.4032    3.2156    0.1037   -0.3041
eta,q 0.97682 12.33882
  0.0260  0.0252  0.0254  0.0269  0.0280  0.0280  0.0259  0.0294  0.0246  0.0256  0.0249  0.0245
  0.0244  0.0241  0.0240  0.0256  0.0261  0.0262  0.0244  0.0265  0.0237  0.0243  0.0240  0.0238
  0.0234  0.0234  0.0232  0.0243  0.0244  0.0246  0.0235  0.0241  0.0233  0.0235  0.0234  0.0234
  0.0231  0.0231  0.0231  0.0231  0.0231  0.0231  0.0232  0.0232  0.0232  0.0232  0.0232  0.0232
  0.0235  0.0233  0.0236  0.0226  0.0231  0.0234  0.0235  0.0239  0.0234  0.0234  0.0234  0.0233
  0.0244  0.0239  0.0245  0.0243  0.0253  0.0261  0.0244  0.0263  0.0238  0.0241  0.0240  0.0238
  0.0261  0.0250  0.0256  0.0281  0.0292  0.0293  0.0258  0.0297  0.0245  0.0254  0.0250  0.0246
registration optimization eta report
parameter search radius
    2.4000    2.4000    2.7600    7.2000    9.5220    8.2800
    7.2000    8.2800    7.2000    7.2000    7.2000    7.2000
100000*second partial in parameter space
       51.       34.       31.        9.        6.        8.
        5.        9.        3.        4.        3.        3.
  0.0260  0.0252  0.0254  0.0269  0.0280  0.0280  0.0259  0.0294  0.0246  0.0256  0.0249  0.0245
  0.0244  0.0241  0.0240  0.0256  0.0261  0.0262  0.0244  0.0265  0.0237  0.0243  0.0240  0.0238
  0.0234  0.0234  0.0232  0.0243  0.0244  0.0246  0.0235  0.0241  0.0233  0.0235  0.0234  0.0234
  0.0231  0.0231  0.0231  0.0231  0.0231  0.0231  0.0232  0.0232  0.0232  0.0232  0.0232  0.0232
  0.0235  0.0233  0.0236  0.0226  0.0231  0.0234  0.0235  0.0239  0.0234  0.0234  0.0234  0.0233
  0.0244  0.0239  0.0245  0.0243  0.0253  0.0261  0.0244  0.0263  0.0238  0.0241  0.0240  0.0238
  0.0261  0.0250  0.0256  0.0281  0.0292  0.0293  0.0258  0.0297  0.0245  0.0254  0.0250  0.0246
    4.4994    0.7443   16.0828    1.7703  -14.8996  -10.0549
    5.7707    6.6161   -5.4032    3.2156    0.1037   -0.3041
eta,q 0.97682 12.33882

---------------------------------------------------------------------
imgreg_4dfp /opt/freesurfer/average/711-2C_as_mni_average_305 /opt/freesurfer/average/711-2B_as_mni_average_305_mask talsrcimg_g11 none talsrcimg_to_711-2C_as_mni_average_305_t4 2311
---------------------------------------------------------------------

freesurfer imgreg_4dfp.c
/opt/freesurfer/average/711-2C_as_mni_average_305.4dfp.img
       256       256       256         1
  1.000000  1.000000  1.000000
orientation T byte_order littleendian
Reading image: /opt/freesurfer/average/711-2C_as_mni_average_305.4dfp.img
dimensions:      256       256       256
mmppix:       1.0000   -1.0000   -1.0000
center:     128.0000 -129.0000 -129.0000
/opt/freesurfer/average/711-2B_as_mni_average_305_mask.4dfp.img
       256       256       256         1
  1.000000  1.000000  1.000000
orientation T byte_order littleendian
Reading mask: /opt/freesurfer/average/711-2B_as_mni_average_305_mask.4dfp.img (2306576 pixels)
talsrcimg_g11.4dfp.img
       256       256       256         1
  1.000000  1.000000  1.000000
orientation T byte_order littleendian
Reading image: talsrcimg_g11.4dfp.img
dimensions:      256       256       256
mmppix:       1.0000   -1.0000   -1.0000
center:     128.0000 -129.0000 -129.0000
fimgreg.f
image alignment mode   2311 decimal      907 hex
parameters
    4.4994    0.7443   16.0828    1.7703  -14.8996  -10.0549
    5.7707    6.6161   -5.4032    3.2156    0.1037   -0.3041
eta,q 0.97682 12.33882
niter,ni,del,rscale     5    3    5.0000    0.8000
parameters
    4.4917    0.8194   15.8225    2.8677  -13.9559  -10.0166
    5.6828    6.7493   -5.3754    3.1417   -0.0406   -1.2096
eta,q 0.97747 12.39839
  0.0244  0.0241  0.0238  0.0256  0.0248  0.0251  0.0241  0.0259  0.0235  0.0237  0.0236  0.0230
  0.0237  0.0236  0.0233  0.0247  0.0240  0.0242  0.0232  0.0242  0.0229  0.0231  0.0230  0.0227
  0.0233  0.0233  0.0232  0.0239  0.0233  0.0233  0.0227  0.0231  0.0226  0.0227  0.0227  0.0226
  0.0232  0.0232  0.0232  0.0231  0.0227  0.0226  0.0226  0.0226  0.0226  0.0226  0.0226  0.0226
  0.0233  0.0232  0.0234  0.0227  0.0225  0.0227  0.0228  0.0229  0.0227  0.0227  0.0227  0.0227
  0.0238  0.0235  0.0238  0.0229  0.0229  0.0237  0.0234  0.0239  0.0230  0.0231  0.0231  0.0231
  0.0245  0.0240  0.0243  0.0245  0.0239  0.0255  0.0242  0.0256  0.0234  0.0238  0.0237  0.0236
niter,ni,del,rscale     4    3    5.0000    0.7000
parameters
    4.4897    0.7210   15.8927    2.7905  -13.6764   -9.6230
    5.6009    6.8631   -5.2852    3.0181   -0.1506   -1.4647
eta,q 0.97759 12.41838
  0.0238  0.0232  0.0234  0.0245  0.0241  0.0249  0.0236  0.0251  0.0231  0.0233  0.0233  0.0230
  0.0231  0.0228  0.0229  0.0237  0.0235  0.0240  0.0230  0.0237  0.0227  0.0228  0.0228  0.0226
  0.0227  0.0226  0.0226  0.0230  0.0229  0.0232  0.0225  0.0228  0.0225  0.0225  0.0225  0.0225
  0.0225  0.0225  0.0225  0.0225  0.0226  0.0225  0.0224  0.0224  0.0224  0.0224  0.0224  0.0224
  0.0227  0.0227  0.0226  0.0225  0.0225  0.0225  0.0226  0.0227  0.0225  0.0225  0.0225  0.0225
  0.0231  0.0230  0.0228  0.0234  0.0230  0.0231  0.0230  0.0235  0.0227  0.0229  0.0229  0.0227
  0.0239  0.0235  0.0232  0.0252  0.0239  0.0245  0.0237  0.0249  0.0231  0.0235  0.0233  0.0231
niter,ni,del,rscale     3    3    5.0000    0.6000
parameters
    4.5062    0.6669   16.0206    2.8584  -13.5391   -9.3278
    5.5269    6.9560   -5.1612    2.8859   -0.2316   -1.5464
eta,q 0.97766 12.43380
  0.0234  0.0230  0.0232  0.0240  0.0236  0.0243  0.0233  0.0244  0.0229  0.0230  0.0230  0.0228
  0.0229  0.0227  0.0228  0.0234  0.0231  0.0236  0.0227  0.0233  0.0226  0.0226  0.0226  0.0225
  0.0225  0.0225  0.0225  0.0228  0.0226  0.0229  0.0224  0.0226  0.0224  0.0224  0.0224  0.0224
  0.0224  0.0224  0.0224  0.0224  0.0224  0.0224  0.0223  0.0223  0.0223  0.0223  0.0223  0.0223
  0.0225  0.0225  0.0225  0.0224  0.0224  0.0224  0.0225  0.0225  0.0224  0.0224  0.0224  0.0224
  0.0228  0.0227  0.0226  0.0229  0.0228  0.0230  0.0228  0.0232  0.0225  0.0227  0.0227  0.0226
  0.0234  0.0231  0.0229  0.0242  0.0235  0.0240  0.0233  0.0243  0.0228  0.0232  0.0230  0.0228
niter,ni,del,rscale     2    3    5.0000    0.5000
parameters
    4.5256    0.6070   16.1623    2.9823  -13.4493   -9.0838
    5.4543    7.0355   -5.0518    2.7535   -0.2994   -1.5481
eta,q 0.97773 12.44754
  0.0231  0.0227  0.0229  0.0235  0.0232  0.0238  0.0229  0.0238  0.0227  0.0228  0.0227  0.0226
  0.0227  0.0225  0.0226  0.0230  0.0228  0.0232  0.0226  0.0230  0.0224  0.0225  0.0225  0.0224
  0.0224  0.0224  0.0224  0.0226  0.0225  0.0226  0.0223  0.0225  0.0223  0.0223  0.0223  0.0223
  0.0223  0.0223  0.0223  0.0223  0.0223  0.0223  0.0223  0.0223  0.0223  0.0223  0.0223  0.0223
  0.0224  0.0224  0.0223  0.0223  0.0223  0.0223  0.0224  0.0224  0.0223  0.0223  0.0223  0.0223
  0.0226  0.0226  0.0224  0.0227  0.0226  0.0228  0.0226  0.0229  0.0224  0.0225  0.0225  0.0224
  0.0230  0.0228  0.0226  0.0236  0.0232  0.0235  0.0230  0.0237  0.0226  0.0229  0.0228  0.0226
niter,ni,del,rscale     1    3    5.0000    0.4000
parameters
    4.5440    0.5550   16.3046    3.1064  -13.4037   -8.8622
    5.3870    7.1021   -4.9474    2.6335   -0.3520   -1.5416
eta,q 0.97778 12.45907
  0.0228  0.0225  0.0226  0.0231  0.0228  0.0233  0.0227  0.0232  0.0225  0.0225  0.0225  0.0224
  0.0225  0.0224  0.0225  0.0227  0.0225  0.0229  0.0224  0.0227  0.0223  0.0224  0.0224  0.0223
  0.0223  0.0223  0.0223  0.0224  0.0223  0.0225  0.0223  0.0224  0.0223  0.0223  0.0223  0.0222
  0.0223  0.0223  0.0223  0.0223  0.0222  0.0222  0.0222  0.0222  0.0222  0.0222  0.0222  0.0222
  0.0223  0.0223  0.0223  0.0222  0.0223  0.0223  0.0223  0.0223  0.0222  0.0223  0.0223  0.0222
  0.0225  0.0224  0.0223  0.0225  0.0225  0.0226  0.0225  0.0226  0.0223  0.0224  0.0224  0.0223
  0.0227  0.0226  0.0224  0.0231  0.0228  0.0231  0.0227  0.0231  0.0224  0.0226  0.0226  0.0224
registration optimization eta report
parameter search radius
    0.8000    0.8000    0.8000    2.4000    2.4000    2.4000
    2.4000    2.4000    2.4000    2.4000    2.4000    2.4000
100000*second partial in parameter space
       73.       46.       43.       15.       10.       16.
        8.       17.        4.        6.        6.        4.
  0.0228  0.0225  0.0226  0.0231  0.0228  0.0233  0.0227  0.0232  0.0225  0.0225  0.0225  0.0224
  0.0225  0.0224  0.0225  0.0227  0.0225  0.0229  0.0224  0.0227  0.0223  0.0224  0.0224  0.0223
  0.0223  0.0223  0.0223  0.0224  0.0223  0.0225  0.0223  0.0224  0.0223  0.0223  0.0223  0.0222
  0.0223  0.0223  0.0223  0.0223  0.0222  0.0222  0.0222  0.0222  0.0222  0.0222  0.0222  0.0222
  0.0223  0.0223  0.0223  0.0222  0.0223  0.0223  0.0223  0.0223  0.0222  0.0223  0.0223  0.0222
  0.0225  0.0224  0.0223  0.0225  0.0225  0.0226  0.0225  0.0226  0.0223  0.0224  0.0224  0.0223
  0.0227  0.0226  0.0224  0.0231  0.0228  0.0231  0.0227  0.0231  0.0224  0.0226  0.0226  0.0224
    4.5440    0.5550   16.3046    3.1064  -13.4037   -8.8622
    5.3870    7.1021   -4.9474    2.6335   -0.3520   -1.5416
eta,q 0.97778 12.45907

---------------------------------------------------------------------
imgreg_4dfp /opt/freesurfer/average/711-2C_as_mni_average_305 /opt/freesurfer/average/711-2B_as_mni_average_305_mask talsrcimg_g11 none talsrcimg_to_711-2C_as_mni_average_305_t4 2311
---------------------------------------------------------------------

freesurfer imgreg_4dfp.c
/opt/freesurfer/average/711-2C_as_mni_average_305.4dfp.img
       256       256       256         1
  1.000000  1.000000  1.000000
orientation T byte_order littleendian
Reading image: /opt/freesurfer/average/711-2C_as_mni_average_305.4dfp.img
dimensions:      256       256       256
mmppix:       1.0000   -1.0000   -1.0000
center:     128.0000 -129.0000 -129.0000
/opt/freesurfer/average/711-2B_as_mni_average_305_mask.4dfp.img
       256       256       256         1
  1.000000  1.000000  1.000000
orientation T byte_order littleendian
Reading mask: /opt/freesurfer/average/711-2B_as_mni_average_305_mask.4dfp.img (2306576 pixels)
talsrcimg_g11.4dfp.img
       256       256       256         1
  1.000000  1.000000  1.000000
orientation T byte_order littleendian
Reading image: talsrcimg_g11.4dfp.img
dimensions:      256       256       256
mmppix:       1.0000   -1.0000   -1.0000
center:     128.0000 -129.0000 -129.0000
fimgreg.f
image alignment mode   2311 decimal      907 hex
parameters
    4.5440    0.5550   16.3046    3.1064  -13.4037   -8.8622
    5.3870    7.1021   -4.9474    2.6335   -0.3520   -1.5416
eta,q 0.97778 12.45907
niter,ni,del,rscale     5    3    5.0000    0.8000
parameters
    4.5609    0.4841   16.4949    2.3984  -13.5732   -8.7862
    5.4622    7.1151   -4.9036    2.4942   -0.3190   -1.1856
eta,q 0.97766 12.44881
  0.0242  0.0233  0.0236  0.0242  0.0241  0.0251  0.0240  0.0255  0.0232  0.0236  0.0235  0.0232
  0.0231  0.0227  0.0229  0.0234  0.0233  0.0241  0.0231  0.0239  0.0227  0.0229  0.0228  0.0228
  0.0225  0.0223  0.0224  0.0227  0.0227  0.0231  0.0225  0.0228  0.0224  0.0225  0.0225  0.0225
  0.0222  0.0222  0.0222  0.0222  0.0223  0.0224  0.0223  0.0223  0.0223  0.0223  0.0223  0.0223
  0.0224  0.0224  0.0223  0.0225  0.0225  0.0225  0.0225  0.0227  0.0224  0.0225  0.0225  0.0224
  0.0231  0.0228  0.0226  0.0241  0.0233  0.0236  0.0230  0.0238  0.0227  0.0230  0.0228  0.0226
  0.0241  0.0235  0.0230  0.0268  0.0246  0.0254  0.0239  0.0255  0.0231  0.0238  0.0234  0.0230
niter,ni,del,rscale     4    3    5.0000    0.7000
parameters
    4.5729    0.4724   16.4559    2.4975  -13.5238   -8.7821
    5.4336    7.1283   -4.9230    2.4264   -0.3144   -1.2144
eta,q 0.97770 12.45087
  0.0236  0.0232  0.0231  0.0242  0.0238  0.0246  0.0235  0.0248  0.0229  0.0233  0.0232  0.0229
  0.0229  0.0227  0.0227  0.0235  0.0232  0.0237  0.0229  0.0235  0.0226  0.0227  0.0227  0.0226
  0.0225  0.0224  0.0224  0.0229  0.0226  0.0228  0.0224  0.0226  0.0224  0.0224  0.0224  0.0224
  0.0223  0.0223  0.0223  0.0223  0.0223  0.0223  0.0223  0.0223  0.0223  0.0223  0.0223  0.0223
  0.0225  0.0224  0.0225  0.0222  0.0224  0.0225  0.0225  0.0226  0.0224  0.0224  0.0224  0.0224
  0.0229  0.0227  0.0227  0.0229  0.0229  0.0234  0.0229  0.0235  0.0226  0.0228  0.0227  0.0226
  0.0236  0.0232  0.0232  0.0246  0.0239  0.0249  0.0236  0.0248  0.0229  0.0234  0.0232  0.0229
niter,ni,del,rscale     3    3    5.0000    0.6000
parameters
    4.5758    0.4641   16.4564    2.7115  -13.4631   -8.7335
    5.4065    7.1377   -4.9059    2.4099   -0.3359   -1.2901
eta,q 0.97775 12.45756
  0.0233  0.0229  0.0229  0.0239  0.0234  0.0241  0.0232  0.0242  0.0228  0.0230  0.0229  0.0227
  0.0227  0.0226  0.0226  0.0233  0.0229  0.0234  0.0227  0.0232  0.0225  0.0226  0.0225  0.0225
  0.0224  0.0224  0.0224  0.0227  0.0225  0.0227  0.0223  0.0225  0.0223  0.0223  0.0223  0.0223
  0.0223  0.0223  0.0223  0.0223  0.0223  0.0223  0.0222  0.0222  0.0222  0.0222  0.0222  0.0222
  0.0224  0.0224  0.0224  0.0222  0.0223  0.0224  0.0224  0.0225  0.0223  0.0223  0.0223  0.0223
  0.0227  0.0226  0.0226  0.0227  0.0227  0.0231  0.0227  0.0231  0.0225  0.0226  0.0226  0.0225
  0.0233  0.0229  0.0229  0.0239  0.0235  0.0242  0.0232  0.0242  0.0227  0.0230  0.0229  0.0227
niter,ni,del,rscale     2    3    5.0000    0.5000
parameters
    4.5753    0.4537   16.4949    2.8963  -13.4223   -8.6446
    5.3737    7.1564   -4.8615    2.3847   -0.3713   -1.3199
eta,q 0.97779 12.46446
  0.0229  0.0227  0.0227  0.0235  0.0231  0.0237  0.0229  0.0237  0.0226  0.0227  0.0227  0.0225
  0.0226  0.0225  0.0225  0.0230  0.0227  0.0230  0.0225  0.0229  0.0224  0.0224  0.0224  0.0224
  0.0223  0.0223  0.0223  0.0226  0.0224  0.0225  0.0223  0.0224  0.0223  0.0223  0.0223  0.0222
  0.0222  0.0223  0.0223  0.0222  0.0222  0.0222  0.0222  0.0222  0.0222  0.0222  0.0222  0.0222
  0.0223  0.0223  0.0223  0.0222  0.0223  0.0223  0.0223  0.0224  0.0222  0.0223  0.0223  0.0222
  0.0226  0.0225  0.0224  0.0225  0.0226  0.0228  0.0225  0.0228  0.0224  0.0225  0.0224  0.0224
  0.0229  0.0227  0.0226  0.0234  0.0231  0.0236  0.0229  0.0236  0.0225  0.0228  0.0227  0.0226
niter,ni,del,rscale     1    3    5.0000    0.4000
parameters
    4.5789    0.4371   16.5622    3.0515  -13.3864   -8.5446
    5.3325    7.1859   -4.7994    2.3420   -0.4173   -1.3310
eta,q 0.97782 12.47157
  0.0227  0.0225  0.0225  0.0231  0.0228  0.0232  0.0226  0.0232  0.0224  0.0225  0.0225  0.0224
  0.0224  0.0223  0.0224  0.0227  0.0225  0.0227  0.0224  0.0226  0.0223  0.0223  0.0223  0.0223
  0.0223  0.0222  0.0223  0.0224  0.0223  0.0224  0.0222  0.0223  0.0222  0.0222  0.0222  0.0222
  0.0222  0.0222  0.0222  0.0222  0.0222  0.0222  0.0222  0.0222  0.0222  0.0222  0.0222  0.0222
  0.0223  0.0222  0.0222  0.0222  0.0222  0.0223  0.0222  0.0223  0.0222  0.0222  0.0222  0.0222
  0.0224  0.0223  0.0223  0.0224  0.0224  0.0226  0.0224  0.0226  0.0223  0.0223  0.0223  0.0223
  0.0227  0.0225  0.0224  0.0230  0.0228  0.0231  0.0227  0.0231  0.0224  0.0225  0.0225  0.0224
registration optimization eta report
parameter search radius
    0.8000    0.8000    0.8000    2.4000    2.4000    2.4000
    2.4000    2.4000    2.4000    2.4000    2.4000    2.4000
100000*second partial in parameter space
       73.       45.       44.       14.       10.       17.
        8.       17.        4.        6.        5.        4.
  0.0227  0.0225  0.0225  0.0231  0.0228  0.0232  0.0226  0.0232  0.0224  0.0225  0.0225  0.0224
  0.0224  0.0223  0.0224  0.0227  0.0225  0.0227  0.0224  0.0226  0.0223  0.0223  0.0223  0.0223
  0.0223  0.0222  0.0223  0.0224  0.0223  0.0224  0.0222  0.0223  0.0222  0.0222  0.0222  0.0222
  0.0222  0.0222  0.0222  0.0222  0.0222  0.0222  0.0222  0.0222  0.0222  0.0222  0.0222  0.0222
  0.0223  0.0222  0.0222  0.0222  0.0222  0.0223  0.0222  0.0223  0.0222  0.0222  0.0222  0.0222
  0.0224  0.0223  0.0223  0.0224  0.0224  0.0226  0.0224  0.0226  0.0223  0.0223  0.0223  0.0223
  0.0227  0.0225  0.0224  0.0230  0.0228  0.0231  0.0227  0.0231  0.0224  0.0225  0.0225  0.0224
    4.5789    0.4371   16.5622    3.0515  -13.3864   -8.5446
    5.3325    7.1859   -4.7994    2.3420   -0.4173   -1.3310
eta,q 0.97782 12.47157

---------------------------------------------------------------------
compute_vox2vox talsrcimg talsrcimg_to_711-2C_as_mni_average_305_t4 /opt/freesurfer/average/711-2C_as_mni_average_305
---------------------------------------------------------------------

freesurfer compute_vox2vox.c
Reading: talsrcimg.4dfp.ifh
Reading: talsrcimg_to_711-2C_as_mni_average_305_t4
Reading: /opt/freesurfer/average/711-2C_as_mni_average_305.4dfp.ifh
Writing: talsrcimg_to_711-2C_as_mni_average_305_t4_vox2vox.txt

start time Mon Mar 9 07:25:20 CET 2026
end		time Mon Mar 9 07:25:33 CET 2026

mpr2mni305 success

avi2talxfm orig_nu.mgz /opt/freesurfer/average/mni305.cor.mgz talsrcimg_to_711-2C_as_mni_average_305_t4_vox2vox.txt transforms/talairach.auto.xfm
avi2talxfm done
mv -f /out/sourcedata/freesurfer/sub-v1s20x0050304_ses-1/mri/talsrcimg_to_711-2C_as_mni_average_305_t4_vox2vox.txt /out/sourcedata/freesurfer/sub-v1s20x0050304_ses-1/mri/transforms/talsrcimg_to_711-2C_as_mni_average_305_t4_vox2vox.txt
lta_convert --src orig_nu.mgz --trg /opt/freesurfer/average/mni305.cor.mgz --inxfm transforms/talairach.auto.xfm --outlta transforms/talairach.auto.xfm.lta --subject fsaverage
7.3.2

--src: orig_nu.mgz src image (geometry).
--trg: /opt/freesurfer/average/mni305.cor.mgz trg image (geometry).
--inmni: transforms/talairach.auto.xfm input MNI/XFM transform.
--outlta: transforms/talairach.auto.xfm.lta output LTA.
--s: fsaverage subject name
 LTA read, type : 1
 0.96726  -0.07445  -0.06069  -3.66087;
 0.00519   1.09260   0.01647  -18.60155;
 0.05346  -0.03367   1.15074  -0.92430;
 0.00000   0.00000   0.00000   1.00000;
setting subject to fsaverage
Writing  LTA to file transforms/talairach.auto.xfm.lta...
lta_convert successful.
 
 
Started at Mon Mar 9 07:25:19 CET 2026
Ended   at Mon Mar  9 07:25:34 CET 2026
talairach_avi done
