status file for recon-all
Mon Mar  9 07:23:48 CET 2026
#@# MotionCor Mon Mar  9 07:23:49 CET 2026
#@# Talairach Mon Mar  9 07:23:58 CET 2026
#@# Talairach Failure Detection Mon Mar  9 07:28:20 CET 2026
#@# Nu Intensity Correction Mon Mar  9 07:28:20 CET 2026
#@# Intensity Normalization Mon Mar  9 07:31:35 CET 2026
recon-all -s sub-v1s20x0050305_ses-1 finished without error at Mon Mar  9 07:33:01 CET 2026



#New# invocation of recon-all 



status file for recon-all
Mon Mar  9 07:39:29 CET 2026
#@# EM Registration Mon Mar  9 07:39:29 CET 2026
recon-all -s sub-v1s20x0050305_ses-1 finished without error at Mon Mar  9 07:41:38 CET 2026



#New# invocation of recon-all 



status file for recon-all
Mon Mar  9 07:41:40 CET 2026
#@# CA Normalize Mon Mar  9 07:41:40 CET 2026
#@# CA Reg Mon Mar  9 07:43:02 CET 2026
#@# SubCort Seg Mon Mar  9 08:27:27 CET 2026
#@# CC Seg Mon Mar  9 08:58:55 CET 2026
#@# Merge ASeg Mon Mar  9 08:59:34 CET 2026
#@# Intensity Normalization2 Mon Mar  9 08:59:34 CET 2026
#@# Mask BFS Mon Mar  9 09:01:43 CET 2026
#@# WM Segmentation Mon Mar  9 09:01:44 CET 2026
#@# Fill Mon Mar  9 09:03:57 CET 2026
recon-all -s sub-v1s20x0050305_ses-1 finished without error at Mon Mar  9 09:05:00 CET 2026



#New# invocation of recon-all 



status file for recon-all
Mon Mar  9 10:40:01 CET 2026
#@# white curv lh Mon Mar  9 10:40:01 CET 2026
#@# white area lh Mon Mar  9 10:40:01 CET 2026
#@# pial curv lh Mon Mar  9 10:40:01 CET 2026
#@# pial area lh Mon Mar  9 10:40:01 CET 2026
#@# thickness lh Mon Mar  9 10:40:01 CET 2026
#@# area and vertex vol lh Mon Mar  9 10:40:01 CET 2026
#@# white curv rh Mon Mar  9 10:40:01 CET 2026
#@# white area rh Mon Mar  9 10:40:01 CET 2026
#@# pial curv rh Mon Mar  9 10:40:01 CET 2026
#@# pial area rh Mon Mar  9 10:40:01 CET 2026
#@# thickness rh Mon Mar  9 10:40:01 CET 2026
#@# area and vertex vol rh Mon Mar  9 10:40:01 CET 2026
#@# Cortical ribbon mask Mon Mar  9 10:40:01 CET 2026
recon-all -s sub-v1s20x0050305_ses-1 finished without error at Mon Mar  9 10:44:58 CET 2026



#New# invocation of recon-all 



status file for recon-all
Mon Mar  9 10:51:15 CET 2026
#@# white curv lh Mon Mar  9 10:51:15 CET 2026
#@# white area lh Mon Mar  9 10:51:15 CET 2026
#@# pial curv lh Mon Mar  9 10:51:15 CET 2026
#@# pial area lh Mon Mar  9 10:51:15 CET 2026
#@# thickness lh Mon Mar  9 10:51:15 CET 2026
#@# area and vertex vol lh Mon Mar  9 10:51:15 CET 2026
#@# white curv rh Mon Mar  9 10:51:15 CET 2026
#@# white area rh Mon Mar  9 10:51:15 CET 2026
#@# pial curv rh Mon Mar  9 10:51:15 CET 2026
#@# pial area rh Mon Mar  9 10:51:15 CET 2026
#@# thickness rh Mon Mar  9 10:51:15 CET 2026
#@# area and vertex vol rh Mon Mar  9 10:51:15 CET 2026
#@# Curvature Stats lh Mon Mar  9 10:51:15 CET 2026
#@# Curvature Stats rh Mon Mar  9 10:51:18 CET 2026
#@# Relabel Hypointensities Mon Mar  9 10:51:20 CET 2026
#@# APas-to-ASeg Mon Mar  9 10:51:35 CET 2026
#@# AParc-to-ASeg aparc Mon Mar  9 10:51:43 CET 2026
#@# AParc-to-ASeg aparc.a2009s Mon Mar  9 10:52:18 CET 2026
#@# AParc-to-ASeg aparc.DKTatlas Mon Mar  9 10:52:55 CET 2026
#@# WMParc Mon Mar  9 10:53:33 CET 2026
#@# ASeg Stats Mon Mar  9 10:57:22 CET 2026
recon-all -s sub-v1s20x0050305_ses-1 finished without error at Mon Mar  9 10:58:01 CET 2026
