/out/sourcedata/freesurfer/sub-v1s20x0050365_ses-1/mri
/opt/freesurfer/bin/talairach_avi
--i orig_nu.mgz --xfm transforms/talairach.auto.xfm
talairach_avi 7.3.2
Linux dna056 5.14.0-427.37.1.el9_4.x86_64 #1 SMP PREEMPT_DYNAMIC Fri Sep 13 12:41:50 EDT 2024 x86_64 x86_64 x86_64 GNU/Linux
Thu Mar 12 19:00:04 CET 2026
mri_convert orig_nu.mgz talsrcimg.img 
reading from orig_nu.mgz...
TR=0.00, TE=0.00, TI=0.00, flip angle=0.00
i_ras = (-1, 0, 0)
j_ras = (0, 0, -1)
k_ras = (0, 1, 0)
writing to talsrcimg.img...
Analyze Output Matrix
-1.00000   0.00000   0.00000   129.50781;
 0.00000   0.00000   1.00000  -128.49219;
 0.00000  -1.00000   0.00000   129.60004;
 0.00000   0.00000   0.00000   1.00000;
--------------------
INFO: set hdr.hist.orient to -1
mpr2mni305 talsrcimg
Thu Mar 12 19:00:05 CET 2026
/opt/freesurfer/bin/mpr2mni305 talsrcimg
mpr2mni305 7.3.2
target=711-2C_as_mni_average_305

---------------------------------------------------------------------
analyzeto4dfp talsrcimg -O0 -y
---------------------------------------------------------------------

freesurfer ifh2hdr.c
Thu Mar 12 19:00:05 2026
Writing: talsrcimg.4dfp.hdr
freesurfer analyzeto4dfp.c
Reading: talsrcimg.hdr
header size 348 bytes
hdr.dime.datatype	offset=70	value=2
hdr.dime.bitpix		offset=72	value=8
hdr.hist.orient		offset=252	value=-1
dimensionality     4
dimensions       256       256       256         1
Reading: talsrcimg.img
Writing: talsrcimg.4dfp.img
Writing: talsrcimg.4dfp.ifh
ifh2hdr talsrcimg -r0to255
ori=2

---------------------------------------------------------------------
gauss_4dfp talsrcimg 1.1
---------------------------------------------------------------------

freesurfer gauss_4dfp.c
Reading: talsrcimg.4dfp.img
Writing: talsrcimg_g11.4dfp.img
image dimensions 256 256 256 padded to 288 288 288
processing volume 1freesurfer ifh2hdr.c
Thu Mar 12 19:00:07 2026
Writing: talsrcimg_g11.4dfp.hdr

Writing: talsrcimg_g11.4dfp.ifh
including: talsrcimg.4dfp.img.rec in talsrcimg_g11.4dfp.img.rec

---------------------------------------------------------------------
imgreg_4dfp /opt/freesurfer/average/711-2C_as_mni_average_305 none talsrcimg_g11 none talsrcimg_to_711-2C_as_mni_average_305_t4 4355
---------------------------------------------------------------------

freesurfer imgreg_4dfp.c
/opt/freesurfer/average/711-2C_as_mni_average_305.4dfp.img
       256       256       256         1
  1.000000  1.000000  1.000000
orientation T byte_order littleendian
Reading image: /opt/freesurfer/average/711-2C_as_mni_average_305.4dfp.img
dimensions:      256       256       256
mmppix:       1.0000   -1.0000   -1.0000
center:     128.0000 -129.0000 -129.0000
talsrcimg_g11.4dfp.img
       256       256       256         1
  1.000000  1.000000  1.000000
orientation T byte_order littleendian
Reading image: talsrcimg_g11.4dfp.img
dimensions:      256       256       256
mmppix:       1.0000   -1.0000   -1.0000
center:     128.0000 -129.0000 -129.0000
t4_read: open error in t4_sub.f l:  41 t4_file(1:l)talsrcimg_to_711-2C_as_mni_average_305_t4 
t4_read: transform initialized to I4
rotation matrix determinant  1.000000
image alignment mode   4355 decimal     1103 hex
   -7.5000  -45.0000  -45.0000 6565.5913   17.0073
    0.0000  -45.0000  -45.0000 6879.7827   17.0034
    7.5000  -45.0000  -45.0000 6607.5601   17.0055
   -7.5000  -37.5000  -45.0000 7080.4771   17.0342
    0.0000  -37.5000  -45.0000 7430.8955   17.0308
    7.5000  -37.5000  -45.0000 7134.1572   17.0338
   -7.5000  -30.0000  -45.0000 7856.7686   17.1674
    0.0000  -30.0000  -45.0000 8246.5811   17.1581
    7.5000  -30.0000  -45.0000 7913.2964   17.1529
   -7.5000  -22.5000  -45.0000 8568.1914   17.2778
    0.0000  -22.5000  -45.0000 8997.2910   17.2611
    7.5000  -22.5000  -45.0000 8635.0645   17.2461
   -7.5000  -15.0000  -45.0000 9154.7471   17.2670
    0.0000  -15.0000  -45.0000 9626.2256   17.2487
    7.5000  -15.0000  -45.0000 9254.4170   17.2314
   -7.5000   -7.5000  -45.0000 9782.6426   17.1295
    0.0000   -7.5000  -45.000010286.9658   17.1181
    7.5000   -7.5000  -45.0000 9892.1035   17.1098
   -7.5000    0.0000  -45.000010409.2676   17.0073
    0.0000    0.0000  -45.000010927.4854   17.0034
    7.5000    0.0000  -45.000010489.0137   17.0055
   -7.5000    7.5000  -45.000010211.1641   17.0342
    0.0000    7.5000  -45.000010689.3613   17.0308
    7.5000    7.5000  -45.000010268.6338   17.0338
   -7.5000   15.0000  -45.0000 9867.3916   17.1674
    0.0000   15.0000  -45.000010322.5176   17.1581
    7.5000   15.0000  -45.0000 9916.6943   17.1529
   -7.5000   22.5000  -45.0000 9467.2256   17.2754
    0.0000   22.5000  -45.0000 9900.8701   17.2587
    7.5000   22.5000  -45.0000 9511.1689   17.2437
   -7.5000   30.0000  -45.0000 9052.6064   17.0369
    0.0000   30.0000  -45.0000 9447.1719   17.0188
    7.5000   30.0000  -45.0000 9066.2959   17.0018
   -7.5000   37.5000  -45.0000 8600.4346   16.9012
    0.0000   37.5000  -45.0000 8979.0684   16.8900
    7.5000   37.5000  -45.0000 8606.1221   16.8818
   -7.5000   45.0000  -45.0000 7899.5078   16.3546
    0.0000   45.0000  -45.0000 8253.0166   16.3508
    7.5000   45.0000  -45.0000 7907.0259   16.3528
   -7.5000  -45.0000  -37.5000 7076.2197   16.8574
    0.0000  -45.0000  -37.5000 7429.3872   16.8590
    7.5000  -45.0000  -37.5000 7129.5103   16.8610
   -7.5000  -37.5000  -37.5000 7627.6255   16.8766
    0.0000  -37.5000  -37.5000 8024.7153   16.8838
    7.5000  -37.5000  -37.5000 7704.6304   16.8882
   -7.5000  -30.0000  -37.5000 8461.8662   17.0079
    0.0000  -30.0000  -37.5000 8892.0078   17.0129
    7.5000  -30.0000  -37.5000 8546.5400   17.0124
   -7.5000  -22.5000  -37.5000 9240.0283   17.1265
    0.0000  -22.5000  -37.5000 9695.0498   17.1218
    7.5000  -22.5000  -37.5000 9316.1777   17.1134
   -7.5000  -15.0000  -37.5000 9867.9463   17.1240
    0.0000  -15.0000  -37.500010368.2900   17.1125
    7.5000  -15.0000  -37.5000 9989.2207   17.1002
   -7.5000   -7.5000  -37.500010494.3291   16.9860
    0.0000   -7.5000  -37.500011019.8438   16.9785
    7.5000   -7.5000  -37.500010599.9512   16.9718
   -7.5000    0.0000  -37.500011115.2129   16.8574
    0.0000    0.0000  -37.500011670.0020   16.8590
    7.5000    0.0000  -37.500011205.3389   16.8610
   -7.5000    7.5000  -37.500010865.3076   16.8766
    0.0000    7.5000  -37.500011426.4316   16.8838
    7.5000    7.5000  -37.500010967.3984   16.8882
   -7.5000   15.0000  -37.500010554.3564   17.0079
    0.0000   15.0000  -37.500011094.2256   17.0129
    7.5000   15.0000  -37.500010640.1055   17.0124
   -7.5000   22.5000  -37.500010121.7695   17.1241
    0.0000   22.5000  -37.500010620.6553   17.1195
    7.5000   22.5000  -37.500010197.3232   17.1110
   -7.5000   30.0000  -37.5000 9621.4141   16.8958
    0.0000   30.0000  -37.500010078.0605   16.8845
    7.5000   30.0000  -37.5000 9686.1426   16.8723
   -7.5000   37.5000  -37.5000 9105.8730   16.7596
    0.0000   37.5000  -37.5000 9550.3047   16.7522
    7.5000   37.5000  -37.5000 9157.0742   16.7456
   -7.5000   45.0000  -37.5000 8337.7236   16.2104
    0.0000   45.0000  -37.5000 8758.7568   16.2119
    7.5000   45.0000  -37.5000 8371.4697   16.2139
   -7.5000  -45.0000  -30.0000 7697.8267   17.5314
    0.0000  -45.0000  -30.0000 8102.1455   17.5378
    7.5000  -45.0000  -30.0000 7800.2314   17.5369
   -7.5000  -37.5000  -30.0000 8338.7285   17.5519
    0.0000  -37.5000  -30.0000 8783.9697   17.5650
    7.5000  -37.5000  -30.0000 8453.8672   17.5682
   -7.5000  -30.0000  -30.0000 9247.8076   17.6843
    0.0000  -30.0000  -30.0000 9741.5742   17.6965
    7.5000  -30.0000  -30.0000 9370.3770   17.6987
   -7.5000  -22.5000  -30.000010078.1094   17.8029
    0.0000  -22.5000  -30.000010619.2148   17.8069
    7.5000  -22.5000  -30.000010199.7920   17.8039
   -7.5000  -15.0000  -30.000010769.3105   17.7986
    0.0000  -15.0000  -30.000011352.3701   17.7957
    7.5000  -15.0000  -30.000010930.9648   17.7878
   -7.5000   -7.5000  -30.000011426.4785   17.6594
    0.0000   -7.5000  -30.000012059.0107   17.6580
    7.5000   -7.5000  -30.000011598.7939   17.6512
   -7.5000    0.0000  -30.000012068.8467   17.5314
    0.0000    0.0000  -30.000012714.4707   17.5378
    7.5000    0.0000  -30.000012232.5596   17.5369
   -7.5000    7.5000  -30.000011791.4209   17.5519
    0.0000    7.5000  -30.000012436.0557   17.5650
    7.5000    7.5000  -30.000011939.7451   17.5682
   -7.5000   15.0000  -30.000011434.8740   17.6843
    0.0000   15.0000  -30.000012063.0107   17.6965
    7.5000   15.0000  -30.000011551.0469   17.6987
   -7.5000   22.5000  -30.000010960.5693   17.7986
    0.0000   22.5000  -30.000011557.4014   17.8026
    7.5000   22.5000  -30.000011085.8281   17.7997
   -7.5000   30.0000  -30.000010390.6348   17.5631
    0.0000   30.0000  -30.000010952.5215   17.5603
    7.5000   30.0000  -30.000010501.8525   17.5524
   -7.5000   37.5000  -30.0000 9811.6084   17.4257
    0.0000   37.5000  -30.000010350.5518   17.4243
    7.5000   37.5000  -30.0000 9916.7510   17.4176
   -7.5000   45.0000  -30.0000 8972.7275   16.8709
    0.0000   45.0000  -30.0000 9475.3447   16.8771
    7.5000   45.0000  -30.0000 9049.5186   16.8762
   -7.5000  -45.0000  -22.5000 8403.6777   18.1499
    0.0000  -45.0000  -22.5000 8845.6836   18.1565
    7.5000  -45.0000  -22.5000 8530.8174   18.1527
   -7.5000  -37.5000  -22.5000 9109.9053   18.1768
    0.0000  -37.5000  -22.5000 9601.9863   18.1851
    7.5000  -37.5000  -22.5000 9265.0029   18.1867
   -7.5000  -30.0000  -22.500010061.9961   18.3083
    0.0000  -30.0000  -22.500010641.8496   18.3129
    7.5000  -30.0000  -22.500010264.8320   18.3137
   -7.5000  -22.5000  -22.500010935.1279   18.4179
    0.0000  -22.5000  -22.500011578.4463   18.4184
    7.5000  -22.5000  -22.500011144.9531   18.4136
   -7.5000  -15.0000  -22.500011676.7109   18.4066
    0.0000  -15.0000  -22.500012343.3740   18.4058
    7.5000  -15.0000  -22.500011895.1807   18.3955
   -7.5000   -7.5000  -22.500012398.4521   18.2698
    0.0000   -7.5000  -22.500013125.4854   18.2716
    7.5000   -7.5000  -22.500012628.5664   18.2615
   -7.5000    0.0000  -22.500013102.8379   18.1499
    0.0000    0.0000  -22.500013883.8154   18.1565
    7.5000    0.0000  -22.500013355.3330   18.1527
   -7.5000    7.5000  -22.500012771.4307   18.1768
    0.0000    7.5000  -22.500013558.2725   18.1851
    7.5000    7.5000  -22.500013022.4639   18.1867
   -7.5000   15.0000  -22.500012314.9033   18.3083
    0.0000   15.0000  -22.500013068.4043   18.3129
    7.5000   15.0000  -22.500012533.5615   18.3137
   -7.5000   22.5000  -22.500011782.6709   18.4123
    0.0000   22.5000  -22.500012494.9238   18.4127
    7.5000   22.5000  -22.500011983.2520   18.4079
   -7.5000   30.0000  -22.500011143.6631   18.1658
    0.0000   30.0000  -22.500011798.0908   18.1650
    7.5000   30.0000  -22.500011324.2109   18.1548
   -7.5000   37.5000  -22.500010523.3496   18.0308
    0.0000   37.5000  -22.500011139.4482   18.0326
    7.5000   37.5000  -22.500010667.7686   18.0227
   -7.5000   45.0000  -22.5000 9593.9492   17.4792
    0.0000   45.0000  -22.500010164.3867   17.4856
    7.5000   45.0000  -22.5000 9717.4746   17.4820
   -7.5000  -45.0000  -15.0000 9134.8330   18.5925
    0.0000  -45.0000  -15.0000 9622.4961   18.5942
    7.5000  -45.0000  -15.0000 9277.4727   18.5901
   -7.5000  -37.5000  -15.0000 9859.5518   18.6262
    0.0000  -37.5000  -15.000010418.9648   18.6235
    7.5000  -37.5000  -15.000010066.7764   18.6245
   -7.5000  -30.0000  -15.000010897.7861   18.7623
    0.0000  -30.0000  -15.000011543.1924   18.7519
    7.5000  -30.0000  -15.000011145.3662   18.7480
   -7.5000  -22.5000  -15.000011824.0547   18.8682
    0.0000  -22.5000  -15.000012520.5596   18.8560
    7.5000  -22.5000  -15.000012081.0605   18.8427
   -7.5000  -15.0000  -15.000012595.9678   18.8501
    0.0000  -15.0000  -15.000013298.4668   18.8426
    7.5000  -15.0000  -15.000012820.4072   18.8241
   -7.5000   -7.5000  -15.000013393.3262   18.7103
    0.0000   -7.5000  -15.000014179.7520   18.7090
    7.5000   -7.5000  -15.000013655.7734   18.6950
   -7.5000    0.0000  -15.000014146.4043   18.5925
    0.0000    0.0000  -15.000015056.1641   18.5942
    7.5000    0.0000  -15.000014496.3555   18.5901
   -7.5000    7.5000  -15.000013793.8047   18.6262
    0.0000    7.5000  -15.000014691.6807   18.6235
    7.5000    7.5000  -15.000014124.5371   18.6245
   -7.5000   15.0000  -15.000013241.9619   18.7623
    0.0000   15.0000  -15.000014104.3682   18.7519
    7.5000   15.0000  -15.000013552.6631   18.7480
   -7.5000   22.5000  -15.000012600.5674   18.8615
    0.0000   22.5000  -15.000013407.4570   18.8493
    7.5000   22.5000  -15.000012856.7002   18.8360
   -7.5000   30.0000  -15.000011914.5293   18.6062
    0.0000   30.0000  -15.000012648.7178   18.5988
    7.5000   30.0000  -15.000012136.0254   18.5805
   -7.5000   37.5000  -15.000011276.7334   18.4682
    0.0000   37.5000  -15.000011959.3438   18.4669
    7.5000   37.5000  -15.000011460.3477   18.4530
   -7.5000   45.0000  -15.000010278.4355   17.9163
    0.0000   45.0000  -15.000010896.0518   17.9179
    7.5000   45.0000  -15.000010433.1631   17.9140
   -7.5000  -45.0000   -7.5000 9869.5742   18.8019
    0.0000  -45.0000   -7.500010418.3232   18.7979
    7.5000  -45.0000   -7.500010066.7861   18.7962
   -7.5000  -37.5000   -7.500010661.1406   18.8368
    0.0000  -37.5000   -7.500011274.9014   18.8282
    7.5000  -37.5000   -7.500010912.4531   18.8293
   -7.5000  -30.0000   -7.500011788.4004   18.9801
    0.0000  -30.0000   -7.500012496.0654   18.9629
    7.5000  -30.0000   -7.500012071.4199   18.9550
   -7.5000  -22.5000   -7.500012775.7285   19.0917
    0.0000  -22.5000   -7.500013538.2871   19.0711
    7.5000  -22.5000   -7.500013066.6064   19.0511
   -7.5000  -15.0000   -7.500013584.8818   19.0734
    0.0000  -15.0000   -7.500014362.5508   19.0571
    7.5000  -15.0000   -7.500013836.3750   19.0335
   -7.5000   -7.5000   -7.500014394.0645   18.9268
    0.0000   -7.5000   -7.500015273.7969   18.9185
    7.5000   -7.5000   -7.500014741.9463   18.9043
   -7.5000    0.0000   -7.500015197.6484   18.8019
    0.0000    0.0000   -7.500016179.4980   18.7979
    7.5000    0.0000   -7.500015606.5830   18.7962
   -7.5000    7.5000   -7.500014778.6885   18.8368
    0.0000    7.5000   -7.500015766.9736   18.8282
    7.5000    7.5000   -7.500015181.3125   18.8293
   -7.5000   15.0000   -7.500014191.8516   18.9801
    0.0000   15.0000   -7.500015118.7109   18.9629
    7.5000   15.0000   -7.500014575.9590   18.9550
   -7.5000   22.5000   -7.500013500.4287   19.0828
    0.0000   22.5000   -7.500014353.6191   19.0623
    7.5000   22.5000   -7.500013797.1807   19.0423
   -7.5000   30.0000   -7.500012725.0137   18.8261
    0.0000   30.0000   -7.500013513.0508   18.8099
    7.5000   30.0000   -7.500012946.8535   18.7867
   -7.5000   37.5000   -7.500012025.3545   18.6813
    0.0000   37.5000   -7.500012792.3887   18.6731
    7.5000   37.5000   -7.500012240.4160   18.6591
   -7.5000   45.0000   -7.500010949.0703   18.1215
    0.0000   45.0000   -7.500011652.4541   18.1177
    7.5000   45.0000   -7.500011150.6426   18.1160
   -7.5000  -45.0000    0.000010571.6670   18.8241
    0.0000  -45.0000    0.000011141.6758   18.8206
    7.5000  -45.0000    0.000010751.3418   18.8229
   -7.5000  -37.5000    0.000011419.3203   18.8532
    0.0000  -37.5000    0.000012045.6357   18.8503
    7.5000  -37.5000    0.000011618.9326   18.8541
   -7.5000  -30.0000    0.000012604.5371   19.0000
    0.0000  -30.0000    0.000013318.9531   18.9908
    7.5000  -30.0000    0.000012831.2793   18.9855
   -7.5000  -22.5000    0.000013692.1904   19.1227
    0.0000  -22.5000    0.000014439.9805   19.1055
    7.5000  -22.5000    0.000013925.4463   19.0886
   -7.5000  -15.0000    0.000014555.8643   19.1116
    0.0000  -15.0000    0.000015383.0430   19.0925
    7.5000  -15.0000    0.000014817.4346   19.0726
   -7.5000   -7.5000    0.000015381.4453   18.9596
    0.0000   -7.5000    0.000016318.4707   18.9480
    7.5000   -7.5000    0.000015717.8662   18.9382
   -7.5000    0.0000    0.000016159.9004   18.8241
    0.0000    0.0000    0.000017139.8691   18.8206
    7.5000    0.0000    0.000016521.1836   18.8229
   -7.5000    7.5000    0.000015691.4932   18.8532
    0.0000    7.5000    0.000016632.1504   18.8503
    7.5000    7.5000    0.000016051.2725   18.8541
   -7.5000   15.0000    0.000015090.0947   19.0000
    0.0000   15.0000    0.000016008.2314   18.9908
    7.5000   15.0000    0.000015441.4297   18.9855
   -7.5000   22.5000    0.000014318.2930   19.1139
    0.0000   22.5000    0.000015189.8828   19.0967
    7.5000   22.5000    0.000014616.4160   19.0798
   -7.5000   30.0000    0.000013417.8262   18.8642
    0.0000   30.0000    0.000014236.8066   18.8454
    7.5000   30.0000    0.000013663.5098   18.8258
   -7.5000   37.5000    0.000012715.8359   18.7142
    0.0000   37.5000    0.000013515.7139   18.7028
    7.5000   37.5000    0.000012953.7236   18.6931
   -7.5000   45.0000    0.000011580.7080   18.1443
    0.0000   45.0000    0.000012332.8711   18.1409
    7.5000   45.0000    0.000011816.2188   18.1431
   -7.5000  -45.0000    7.500010455.8369   18.8167
    0.0000  -45.0000    7.500011007.1875   18.8188
    7.5000  -45.0000    7.500010608.6963   18.8218
   -7.5000  -37.5000    7.500011272.3662   18.8391
    0.0000  -37.5000    7.500011871.2119   18.8475
    7.5000  -37.5000    7.500011439.4395   18.8531
   -7.5000  -30.0000    7.500012443.3213   18.9861
    0.0000  -30.0000    7.500013102.3154   18.9918
    7.5000  -30.0000    7.500012600.9092   18.9920
   -7.5000  -22.5000    7.500013507.6514   19.1177
    0.0000  -22.5000    7.500014258.8994   19.1126
    7.5000  -22.5000    7.500013732.2949   19.1040
   -7.5000  -15.0000    7.500014415.6455   19.1137
    0.0000  -15.0000    7.500015333.9990   19.1012
    7.5000  -15.0000    7.500014749.8584   19.0883
   -7.5000   -7.5000    7.500015241.1143   18.9595
    0.0000   -7.5000    7.500016156.3818   18.9515
    7.5000   -7.5000    7.500015607.4326   18.9448
   -7.5000    0.0000    7.500015952.5996   18.8167
    0.0000    0.0000    7.500016727.9199   18.8188
    7.5000    0.0000    7.500016228.6562   18.8218
   -7.5000    7.5000    7.500015475.7627   18.8391
    0.0000    7.5000    7.500016181.2207   18.8475
    7.5000    7.5000    7.500015684.5742   18.8531
   -7.5000   15.0000    7.500014858.0869   18.9861
    0.0000   15.0000    7.500015615.6182   18.9918
    7.5000   15.0000    7.500015114.9619   18.9920
   -7.5000   22.5000    7.500014105.2246   19.1088
    0.0000   22.5000    7.500014839.6279   19.1038
    7.5000   22.5000    7.500014337.0986   19.0952
   -7.5000   30.0000    7.500013158.0732   18.8664
    0.0000   30.0000    7.500013852.4424   18.8540
    7.5000   30.0000    7.500013341.7529   18.8413
   -7.5000   37.5000    7.500012495.5742   18.7141
    0.0000   37.5000    7.500013193.8750   18.7063
    7.5000   37.5000    7.500012691.0684   18.6996
   -7.5000   45.0000    7.500011379.8887   18.1371
    0.0000   45.0000    7.500012068.1602   18.1392
    7.5000   45.0000    7.500011581.9043   18.1420
   -7.5000  -45.0000   15.000010179.0117   18.8258
    0.0000  -45.0000   15.000010733.3408   18.8327
    7.5000  -45.0000   15.000010327.0879   18.8318
   -7.5000  -37.5000   15.000010941.2402   18.8478
    0.0000  -37.5000   15.000011518.7842   18.8619
    7.5000  -37.5000   15.000011085.4580   18.8654
   -7.5000  -30.0000   15.000012074.2979   18.9900
    0.0000  -30.0000   15.000012699.7793   19.0032
    7.5000  -30.0000   15.000012202.5205   19.0055
   -7.5000  -22.5000   15.000013149.3184   19.1173
    0.0000  -22.5000   15.000013943.3252   19.1216
    7.5000  -22.5000   15.000013381.2354   19.1185
   -7.5000  -15.0000   15.000014042.7383   19.1128
    0.0000  -15.0000   15.000014966.6826   19.1097
    7.5000  -15.0000   15.000014378.6055   19.1011
   -7.5000   -7.5000   15.000014916.1865   18.9633
    0.0000   -7.5000   15.000015599.4385   18.9618
    7.5000   -7.5000   15.000015126.4082   18.9544
   -7.5000    0.0000   15.000015632.5068   18.8258
    0.0000    0.0000   15.000016135.6465   18.8327
    7.5000    0.0000   15.000015720.8018   18.8318
   -7.5000    7.5000   15.000015180.9697   18.8478
    0.0000    7.5000   15.000015699.1133   18.8619
    7.5000    7.5000   15.000015284.2891   18.8654
   -7.5000   15.0000   15.000014588.1641   18.9900
    0.0000   15.0000   15.000015158.0850   19.0032
    7.5000   15.0000   15.000014737.3682   19.0055
   -7.5000   22.5000   15.000013821.9453   19.1085
    0.0000   22.5000   15.000014398.2627   19.1128
    7.5000   22.5000   15.000013945.2324   19.1097
   -7.5000   30.0000   15.000012790.9141   18.8654
    0.0000   30.0000   15.000013363.7402   18.8624
    7.5000   30.0000   15.000012902.3281   18.8539
   -7.5000   37.5000   15.000012117.7373   18.7179
    0.0000   37.5000   15.000012759.1377   18.7164
    7.5000   37.5000   15.000012252.8799   18.7091
   -7.5000   45.0000   15.000011055.9160   18.1459
    0.0000   45.0000   15.000011677.7969   18.1525
    7.5000   45.0000   15.000011222.0176   18.1517
   -7.5000  -45.0000   22.5000 9805.8066   18.8410
    0.0000  -45.0000   22.500010337.1504   18.8479
    7.5000  -45.0000   22.5000 9961.0527   18.8440
   -7.5000  -37.5000   22.500010513.7959   18.8690
    0.0000  -37.5000   22.500011058.1973   18.8776
    7.5000  -37.5000   22.500010637.9922   18.8792
   -7.5000  -30.0000   22.500011584.1436   19.0055
    0.0000  -30.0000   22.500012179.5840   19.0103
    7.5000  -30.0000   22.500011689.9600   19.0111
   -7.5000  -22.5000   22.500012590.3662   19.1193
    0.0000  -22.5000   22.500013342.4814   19.1198
    7.5000  -22.5000   22.500012782.7207   19.1148
   -7.5000  -15.0000   22.500013470.9434   19.1075
    0.0000  -15.0000   22.500014167.9873   19.1067
    7.5000  -15.0000   22.500013606.5674   19.0960
   -7.5000   -7.5000   22.500014303.7471   18.9655
    0.0000   -7.5000   22.500014801.2695   18.9674
    7.5000   -7.5000   22.500014318.2617   18.9569
   -7.5000    0.0000   22.500015072.5166   18.8410
    0.0000    0.0000   22.500015557.0342   18.8479
    7.5000    0.0000   22.500015071.8271   18.8440
   -7.5000    7.5000   22.500014721.6709   18.8690
    0.0000    7.5000   22.500015359.6738   18.8776
    7.5000    7.5000   22.500014893.6982   18.8792
   -7.5000   15.0000   22.500014156.6357   19.0055
    0.0000   15.0000   22.500014820.4404   19.0103
    7.5000   15.0000   22.500014352.6924   19.0111
   -7.5000   22.5000   22.500013385.7158   19.1105
    0.0000   22.5000   22.500013988.7178   19.1110
    7.5000   22.5000   22.500013515.2344   19.1060
   -7.5000   30.0000   22.500012307.9951   18.8602
    0.0000   30.0000   22.500012842.9287   18.8594
    7.5000   30.0000   22.500012385.6084   18.8488
   -7.5000   37.5000   22.500011670.7070   18.7200
    0.0000   37.5000   22.500012226.2148   18.7219
    7.5000   37.5000   22.500011741.0596   18.7116
   -7.5000   45.0000   22.500010656.0537   18.1606
    0.0000   45.0000   22.500011197.6973   18.1672
    7.5000   45.0000   22.500010746.1582   18.1634
   -7.5000  -45.0000   30.0000 9277.3232   18.8476
    0.0000  -45.0000   30.0000 9793.3301   18.8494
    7.5000  -45.0000   30.0000 9440.0342   18.8453
   -7.5000  -37.5000   30.0000 9956.2275   18.8818
    0.0000  -37.5000   30.000010488.3242   18.8791
    7.5000  -37.5000   30.000010090.0713   18.8801
   -7.5000  -30.0000   30.000010960.9102   19.0198
    0.0000  -30.0000   30.000011557.4971   19.0093
    7.5000  -30.0000   30.000011099.0508   19.0053
   -7.5000  -22.5000   30.000011883.9863   19.1271
    0.0000  -22.5000   30.000012607.2598   19.1148
    7.5000  -22.5000   30.000012097.4014   19.1013
   -7.5000  -15.0000   30.000012714.0127   19.1088
    0.0000  -15.0000   30.000013384.5781   19.1012
    7.5000  -15.0000   30.000012825.1416   19.0825
   -7.5000   -7.5000   30.000013564.0488   18.9671
    0.0000   -7.5000   30.000014154.6201   18.9657
    7.5000   -7.5000   30.000013580.9150   18.9515
   -7.5000    0.0000   30.000014295.2373   18.8476
    0.0000    0.0000   30.000014938.0869   18.8494
    7.5000    0.0000   30.000014356.5625   18.8453
   -7.5000    7.5000   30.000013975.4580   18.8818
    0.0000    7.5000   30.000014707.3799   18.8791
    7.5000    7.5000   30.000014137.0225   18.8801
   -7.5000   15.0000   30.000013467.7158   19.0198
    0.0000   15.0000   30.000014176.3857   19.0093
    7.5000   15.0000   30.000013626.2939   19.0053
   -7.5000   22.5000   30.000012697.3223   19.1183
    0.0000   22.5000   30.000013324.0508   19.1060
    7.5000   22.5000   30.000012826.9902   19.0925
   -7.5000   30.0000   30.000011644.3828   18.8615
    0.0000   30.0000   30.000012178.4658   18.8540
    7.5000   30.0000   30.000011731.4326   18.8355
   -7.5000   37.5000   30.000011048.2432   18.7216
    0.0000   37.5000   30.000011548.8047   18.7203
    7.5000   37.5000   30.000011101.6777   18.7062
   -7.5000   45.0000   30.000010092.4336   18.1670
    0.0000   45.0000   30.000010556.3184   18.1686
    7.5000   45.0000   30.000010126.6025   18.1647
   -7.5000  -45.0000   37.5000 9039.4209   18.8411
    0.0000  -45.0000   37.5000 9544.7305   18.8371
    7.5000  -45.0000   37.5000 9196.3096   18.8354
   -7.5000  -37.5000   37.5000 9707.2217   18.8760
    0.0000  -37.5000   37.500010262.7197   18.8674
    7.5000  -37.5000   37.5000 9867.1318   18.8685
   -7.5000  -30.0000   37.500010699.6250   19.0195
    0.0000  -30.0000   37.500011340.0273   19.0024
    7.5000  -30.0000   37.500010894.7803   18.9944
   -7.5000  -22.5000   37.500011582.1865   19.1314
    0.0000  -22.5000   37.500012307.7031   19.1108
    7.5000  -22.5000   37.500011801.4678   19.0908
   -7.5000  -15.0000   37.500012356.4844   19.1132
    0.0000  -15.0000   37.500013048.7363   19.0968
    7.5000  -15.0000   37.500012485.9629   19.0732
   -7.5000   -7.5000   37.500013142.7627   18.9663
    0.0000   -7.5000   37.500013801.1787   18.9579
    7.5000   -7.5000   37.500013217.9941   18.9437
   -7.5000    0.0000   37.500013890.7549   18.8411
    0.0000    0.0000   37.500014564.3506   18.8371
    7.5000    0.0000   37.500013953.9326   18.8354
   -7.5000    7.5000   37.500013556.8691   18.8760
    0.0000    7.5000   37.500014191.3857   18.8674
    7.5000    7.5000   37.500013623.3564   18.8685
   -7.5000   15.0000   37.500013075.2393   19.0195
    0.0000   15.0000   37.500013675.4648   19.0024
    7.5000   15.0000   37.500013150.8066   18.9944
   -7.5000   22.5000   37.500012387.0547   19.1226
    0.0000   22.5000   37.500012943.3926   19.1020
    7.5000   22.5000   37.500012468.8652   19.0820
   -7.5000   30.0000   37.500011350.8330   18.8658
    0.0000   30.0000   37.500011861.9482   18.8496
    7.5000   30.0000   37.500011428.2041   18.8264
   -7.5000   37.5000   37.500010755.4336   18.7208
    0.0000   37.5000   37.500011251.0312   18.7126
    7.5000   37.5000   37.500010819.5889   18.6985
   -7.5000   45.0000   37.5000 9784.2959   18.1607
    0.0000   45.0000   37.500010241.3418   18.1568
    7.5000   45.0000   37.5000 9808.5830   18.1552
   -7.5000  -45.0000   45.0000 8359.1982   18.8168
    0.0000  -45.0000   45.0000 8845.9824   18.8132
    7.5000  -45.0000   45.0000 8536.7559   18.8154
   -7.5000  -37.5000   45.0000 8998.3105   18.8461
    0.0000  -37.5000   45.0000 9517.3779   18.8430
    7.5000  -37.5000   45.0000 9174.2080   18.8469
   -7.5000  -30.0000   45.0000 9911.4248   18.9939
    0.0000  -30.0000   45.000010500.0850   18.9843
    7.5000  -30.0000   45.000010126.6113   18.9791
   -7.5000  -22.5000   45.000010720.0225   19.1173
    0.0000  -22.5000   45.000011345.2578   19.0996
    7.5000  -22.5000   45.000010922.2617   19.0827
   -7.5000  -15.0000   45.000011417.1055   19.1061
    0.0000  -15.0000   45.000012012.9854   19.0866
    7.5000  -15.0000   45.000011549.1475   19.0665
   -7.5000   -7.5000   45.000012126.9111   18.9531
    0.0000   -7.5000   45.000012702.7627   18.9413
    7.5000   -7.5000   45.000012201.2969   18.9312
   -7.5000    0.0000   45.000012762.6113   18.8168
    0.0000    0.0000   45.000013337.4258   18.8132
    7.5000    0.0000   45.000012837.3242   18.8154
   -7.5000    7.5000   45.000012474.1035   18.8461
    0.0000    7.5000   45.000012996.0137   18.8430
    7.5000    7.5000   45.000012504.6045   18.8469
   -7.5000   15.0000   45.000012056.1924   18.9939
    0.0000   15.0000   45.000012555.4883   18.9843
    7.5000   15.0000   45.000012084.2168   18.9791
   -7.5000   22.5000   45.000011429.8926   19.1084
    0.0000   22.5000   45.000011934.6025   19.0908
    7.5000   22.5000   45.000011497.1299   19.0739
   -7.5000   30.0000   45.000010488.7549   18.8571
    0.0000   30.0000   45.000010945.8320   18.8379
    7.5000   30.0000   45.000010537.2324   18.8181
   -7.5000   37.5000   45.0000 9941.6787   18.7062
    0.0000   37.5000   45.000010364.0332   18.6945
    7.5000   37.5000   45.0000 9967.5400   18.6846
   -7.5000   45.0000   45.0000 9022.6387   18.1455
    0.0000   45.0000   45.0000 9422.1191   18.1419
    7.5000   45.0000   45.0000 9037.7100   18.1441

---------------------------------------------------------------------
imgreg_4dfp /opt/freesurfer/average/711-2C_as_mni_average_305 /opt/freesurfer/average/711-2B_as_mni_average_305_mask talsrcimg_g11 none talsrcimg_to_711-2C_as_mni_average_305_t4 4355
---------------------------------------------------------------------

freesurfer imgreg_4dfp.c
/opt/freesurfer/average/711-2C_as_mni_average_305.4dfp.img
       256       256       256         1
  1.000000  1.000000  1.000000
orientation T byte_order littleendian
Reading image: /opt/freesurfer/average/711-2C_as_mni_average_305.4dfp.img
dimensions:      256       256       256
mmppix:       1.0000   -1.0000   -1.0000
center:     128.0000 -129.0000 -129.0000
/opt/freesurfer/average/711-2B_as_mni_average_305_mask.4dfp.img
       256       256       256         1
  1.000000  1.000000  1.000000
orientation T byte_order littleendian
Reading mask: /opt/freesurfer/average/711-2B_as_mni_average_305_mask.4dfp.img (2306576 pixels)
talsrcimg_g11.4dfp.img
       256       256       256         1
  1.000000  1.000000  1.000000
orientation T byte_order littleendian
Reading image: talsrcimg_g11.4dfp.img
dimensions:      256       256       256
mmppix:       1.0000   -1.0000   -1.0000
center:     128.0000 -129.0000 -129.0000
rotation matrix determinant  1.000000
image alignment mode   4355 decimal     1103 hex
   -7.5000  -45.0000  -45.0000 1818.3798   23.7077
    0.0000  -45.0000  -45.0000 1829.9374   23.5582
    7.5000  -45.0000  -45.0000 1827.7633   23.6272
   -7.5000  -37.5000  -45.0000 1917.7661   21.2733
    0.0000  -37.5000  -45.0000 1933.0717   21.1528
    7.5000  -37.5000  -45.0000 1927.8899   21.2903
   -7.5000  -30.0000  -45.0000 2000.0065   19.7306
    0.0000  -30.0000  -45.0000 2016.9020   19.6061
    7.5000  -30.0000  -45.0000 2012.0181   19.7732
   -7.5000  -22.5000  -45.0000 2063.2971   18.5466
    0.0000  -22.5000  -45.0000 2084.4839   18.3882
    7.5000  -22.5000  -45.0000 2077.4314   18.5021
   -7.5000  -15.0000  -45.0000 2104.3035   17.5920
    0.0000  -15.0000  -45.0000 2127.0110   17.4260
    7.5000  -15.0000  -45.0000 2123.5977   17.4959
   -7.5000   -7.5000  -45.0000 2147.5457   16.9261
    0.0000   -7.5000  -45.0000 2168.1802   16.7118
    7.5000   -7.5000  -45.0000 2165.0261   16.8072
   -7.5000    0.0000  -45.0000 2166.6829   16.7627
    0.0000    0.0000  -45.0000 2188.6462   16.5178
    7.5000    0.0000  -45.0000 2177.1753   16.6262
   -7.5000    7.5000  -45.0000 2156.5088   17.1992
    0.0000    7.5000  -45.0000 2177.8374   16.8553
    7.5000    7.5000  -45.0000 2167.1404   17.0011
   -7.5000   15.0000  -45.0000 2116.2720   17.8958
    0.0000   15.0000  -45.0000 2134.4612   17.5417
    7.5000   15.0000  -45.0000 2125.0457   17.6943
   -7.5000   22.5000  -45.0000 2061.2402   18.8954
    0.0000   22.5000  -45.0000 2076.5273   18.5791
    7.5000   22.5000  -45.0000 2067.7017   18.7138
   -7.5000   30.0000  -45.0000 1985.8126   20.3111
    0.0000   30.0000  -45.0000 2001.7115   19.9567
    7.5000   30.0000  -45.0000 1992.5276   20.0972
   -7.5000   37.5000  -45.0000 1898.0789   22.1266
    0.0000   37.5000  -45.0000 1919.0667   21.7278
    7.5000   37.5000  -45.0000 1910.0486   21.8789
   -7.5000   45.0000  -45.0000 1795.4761   24.4209
    0.0000   45.0000  -45.0000 1817.9404   24.0446
    7.5000   45.0000  -45.0000 1805.3394   24.1936
   -7.5000  -45.0000  -37.5000 1906.9543   21.6340
    0.0000  -45.0000  -37.5000 1922.4680   21.5373
    7.5000  -45.0000  -37.5000 1912.5129   21.6424
   -7.5000  -37.5000  -37.5000 2012.4596   19.4468
    0.0000  -37.5000  -37.5000 2030.6428   19.3583
    7.5000  -37.5000  -37.5000 2020.9110   19.5180
   -7.5000  -30.0000  -37.5000 2103.5691   18.0047
    0.0000  -30.0000  -37.5000 2119.2986   17.9586
    7.5000  -30.0000  -37.5000 2114.0151   18.1025
   -7.5000  -22.5000  -37.5000 2175.4299   16.8896
    0.0000  -22.5000  -37.5000 2185.1165   16.8225
    7.5000  -22.5000  -37.5000 2182.2637   16.9295
   -7.5000  -15.0000  -37.5000 2214.3071   16.0464
    0.0000  -15.0000  -37.5000 2232.8684   15.9310
    7.5000  -15.0000  -37.5000 2229.1196   16.0361
   -7.5000   -7.5000  -37.5000 2254.8081   15.4747
    0.0000   -7.5000  -37.5000 2268.3887   15.3198
    7.5000   -7.5000  -37.5000 2266.0591   15.4081
   -7.5000    0.0000  -37.5000 2270.3921   15.3877
    0.0000    0.0000  -37.5000 2284.1216   15.2167
    7.5000    0.0000  -37.5000 2275.1663   15.3003
   -7.5000    7.5000  -37.5000 2256.7183   15.7052
    0.0000    7.5000  -37.5000 2274.8484   15.4825
    7.5000    7.5000  -37.5000 2266.1101   15.6082
   -7.5000   15.0000  -37.5000 2222.9575   16.2835
    0.0000   15.0000  -37.5000 2242.4548   16.0578
    7.5000   15.0000  -37.5000 2232.0049   16.1812
   -7.5000   22.5000  -37.5000 2164.9731   17.2096
    0.0000   22.5000  -37.5000 2181.0444   16.9441
    7.5000   22.5000  -37.5000 2171.3079   17.0931
   -7.5000   30.0000  -37.5000 2082.7854   18.5266
    0.0000   30.0000  -37.5000 2098.0500   18.1985
    7.5000   30.0000  -37.5000 2090.7090   18.3486
   -7.5000   37.5000  -37.5000 1988.4508   20.1730
    0.0000   37.5000  -37.5000 2008.5165   19.7934
    7.5000   37.5000  -37.5000 2001.0851   19.9883
   -7.5000   45.0000  -37.5000 1878.1019   22.2772
    0.0000   45.0000  -37.5000 1901.0547   21.9081
    7.5000   45.0000  -37.5000 1886.9432   22.0934
   -7.5000  -45.0000  -30.0000 2020.2448   20.5506
    0.0000  -45.0000  -30.0000 2040.3748   20.4854
    7.5000  -45.0000  -30.0000 2036.2844   20.5826
   -7.5000  -37.5000  -30.0000 2140.0266   18.5089
    0.0000  -37.5000  -30.0000 2164.9858   18.4484
    7.5000  -37.5000  -30.0000 2158.7285   18.5753
   -7.5000  -30.0000  -30.0000 2239.6472   17.0748
    0.0000  -30.0000  -30.0000 2263.3552   17.0204
    7.5000  -30.0000  -30.0000 2255.5193   17.1420
   -7.5000  -22.5000  -30.0000 2314.4651   15.9942
    0.0000  -22.5000  -30.0000 2334.1003   15.9383
    7.5000  -22.5000  -30.0000 2326.2988   16.0392
   -7.5000  -15.0000  -30.0000 2365.8149   15.1655
    0.0000  -15.0000  -30.0000 2382.0493   15.1034
    7.5000  -15.0000  -30.0000 2376.8345   15.1803
   -7.5000   -7.5000  -30.0000 2405.1465   14.6757
    0.0000   -7.5000  -30.0000 2418.4448   14.6176
    7.5000   -7.5000  -30.0000 2410.7161   14.6555
   -7.5000    0.0000  -30.0000 2418.5815   14.5807
    0.0000    0.0000  -30.0000 2433.5408   14.4772
    7.5000    0.0000  -30.0000 2430.4648   14.5621
   -7.5000    7.5000  -30.0000 2402.5977   14.8454
    0.0000    7.5000  -30.0000 2421.7585   14.7063
    7.5000    7.5000  -30.0000 2411.2100   14.8005
   -7.5000   15.0000  -30.0000 2365.7698   15.4080
    0.0000   15.0000  -30.0000 2386.6428   15.2217
    7.5000   15.0000  -30.0000 2374.6379   15.3014
   -7.5000   22.5000  -30.0000 2307.0620   16.2981
    0.0000   22.5000  -30.0000 2324.2861   16.0704
    7.5000   22.5000  -30.0000 2316.5662   16.1617
   -7.5000   30.0000  -30.0000 2217.1694   17.5666
    0.0000   30.0000  -30.0000 2235.3313   17.2781
    7.5000   30.0000  -30.0000 2228.8054   17.4070
   -7.5000   37.5000  -30.0000 2116.4585   19.1256
    0.0000   37.5000  -30.0000 2137.3152   18.8063
    7.5000   37.5000  -30.0000 2129.1199   18.9484
   -7.5000   45.0000  -30.0000 1999.1245   21.1280
    0.0000   45.0000  -30.0000 2024.3572   20.7997
    7.5000   45.0000  -30.0000 2009.9149   20.9231
   -7.5000  -45.0000  -22.5000 2120.8745   19.4164
    0.0000  -45.0000  -22.5000 2138.1323   19.3566
    7.5000  -45.0000  -22.5000 2133.5325   19.4616
   -7.5000  -37.5000  -22.5000 2248.1489   17.4888
    0.0000  -37.5000  -22.5000 2268.8674   17.4042
    7.5000  -37.5000  -22.5000 2267.4888   17.5385
   -7.5000  -30.0000  -22.5000 2341.9541   16.0694
    0.0000  -30.0000  -22.5000 2371.8989   16.0043
    7.5000  -30.0000  -22.5000 2368.7905   16.1054
   -7.5000  -22.5000  -22.5000 2424.2808   15.0212
    0.0000  -22.5000  -22.5000 2449.3584   14.9235
    7.5000  -22.5000  -22.5000 2445.8608   14.9990
   -7.5000  -15.0000  -22.5000 2483.1323   14.2055
    0.0000  -15.0000  -22.5000 2505.9517   14.1349
    7.5000  -15.0000  -22.5000 2499.0369   14.1987
   -7.5000   -7.5000  -22.5000 2535.4019   13.7727
    0.0000   -7.5000  -22.5000 2551.6885   13.7010
    7.5000   -7.5000  -22.5000 2541.7271   13.7378
   -7.5000    0.0000  -22.5000 2551.5320   13.6832
    0.0000    0.0000  -22.5000 2569.9565   13.5986
    7.5000    0.0000  -22.5000 2563.3828   13.6400
   -7.5000    7.5000  -22.5000 2533.3840   13.9499
    0.0000    7.5000  -22.5000 2556.9695   13.8411
    7.5000    7.5000  -22.5000 2547.3062   13.9007
   -7.5000   15.0000  -22.5000 2489.8633   14.4846
    0.0000   15.0000  -22.5000 2518.6406   14.3237
    7.5000   15.0000  -22.5000 2503.9907   14.3663
   -7.5000   22.5000  -22.5000 2425.1934   15.3080
    0.0000   22.5000  -22.5000 2454.0637   15.1216
    7.5000   22.5000  -22.5000 2442.6731   15.1618
   -7.5000   30.0000  -22.5000 2332.1702   16.4467
    0.0000   30.0000  -22.5000 2357.5864   16.2161
    7.5000   30.0000  -22.5000 2348.0007   16.2970
   -7.5000   37.5000  -22.5000 2220.5125   17.9167
    0.0000   37.5000  -22.5000 2244.9360   17.6377
    7.5000   37.5000  -22.5000 2237.2620   17.7309
   -7.5000   45.0000  -22.5000 2095.8003   19.8340
    0.0000   45.0000  -22.5000 2122.8313   19.4954
    7.5000   45.0000  -22.5000 2114.3706   19.6189
   -7.5000  -45.0000  -15.0000 2187.9368   18.3803
    0.0000  -45.0000  -15.0000 2207.2893   18.2344
    7.5000  -45.0000  -15.0000 2205.1763   18.3500
   -7.5000  -37.5000  -15.0000 2317.0569   16.4813
    0.0000  -37.5000  -15.0000 2343.4202   16.3563
    7.5000  -37.5000  -15.0000 2339.8176   16.4845
   -7.5000  -30.0000  -15.0000 2421.4250   15.1449
    0.0000  -30.0000  -15.0000 2450.4812   15.0145
    7.5000  -30.0000  -15.0000 2447.0061   15.1050
   -7.5000  -22.5000  -15.0000 2509.3396   14.0920
    0.0000  -22.5000  -15.0000 2537.6523   13.9739
    7.5000  -22.5000  -15.0000 2533.7014   14.0183
   -7.5000  -15.0000  -15.0000 2571.4666   13.3066
    0.0000  -15.0000  -15.0000 2590.6470   13.1797
    7.5000  -15.0000  -15.0000 2587.6101   13.2225
   -7.5000   -7.5000  -15.0000 2633.8433   12.8724
    0.0000   -7.5000  -15.0000 2655.3674   12.7521
    7.5000   -7.5000  -15.0000 2644.5405   12.7852
   -7.5000    0.0000  -15.0000 2661.2585   12.7899
    0.0000    0.0000  -15.0000 2686.6143   12.6864
    7.5000    0.0000  -15.0000 2681.0996   12.7156
   -7.5000    7.5000  -15.0000 2644.1638   13.0642
    0.0000    7.5000  -15.0000 2676.1313   12.9590
    7.5000    7.5000  -15.0000 2663.8098   12.9900
   -7.5000   15.0000  -15.0000 2594.8481   13.5895
    0.0000   15.0000  -15.0000 2631.6663   13.4422
    7.5000   15.0000  -15.0000 2617.8203   13.4698
   -7.5000   22.5000  -15.0000 2521.6965   14.3638
    0.0000   22.5000  -15.0000 2557.9692   14.1905
    7.5000   22.5000  -15.0000 2545.1685   14.2184
   -7.5000   30.0000  -15.0000 2424.5344   15.4182
    0.0000   30.0000  -15.0000 2457.0781   15.2075
    7.5000   30.0000  -15.0000 2447.7141   15.2690
   -7.5000   37.5000  -15.0000 2309.7815   16.7888
    0.0000   37.5000  -15.0000 2337.6221   16.5195
    7.5000   37.5000  -15.0000 2330.1602   16.6027
   -7.5000   45.0000  -15.0000 2172.6326   18.6044
    0.0000   45.0000  -15.0000 2199.7903   18.3113
    7.5000   45.0000  -15.0000 2195.4827   18.3804
   -7.5000  -45.0000   -7.5000 2234.4980   17.4314
    0.0000  -45.0000   -7.5000 2258.2529   17.2430
    7.5000  -45.0000   -7.5000 2256.3088   17.3245
   -7.5000  -37.5000   -7.5000 2371.9500   15.6446
    0.0000  -37.5000   -7.5000 2397.2739   15.4500
    7.5000  -37.5000   -7.5000 2398.8501   15.5626
   -7.5000  -30.0000   -7.5000 2483.1104   14.3230
    0.0000  -30.0000   -7.5000 2510.7380   14.1531
    7.5000  -30.0000   -7.5000 2509.4963   14.2619
   -7.5000  -22.5000   -7.5000 2575.7371   13.3149
    0.0000  -22.5000   -7.5000 2607.1899   13.1441
    7.5000  -22.5000   -7.5000 2604.1873   13.1936
   -7.5000  -15.0000   -7.5000 2649.1123   12.5094
    0.0000  -15.0000   -7.5000 2673.8291   12.3421
    7.5000  -15.0000   -7.5000 2667.9346   12.3747
   -7.5000   -7.5000   -7.5000 2713.5234   12.0495
    0.0000   -7.5000   -7.5000 2743.5303   11.8917
    7.5000   -7.5000   -7.5000 2734.9163   11.9658
   -7.5000    0.0000   -7.5000 2749.8667   11.9627
    0.0000    0.0000   -7.5000 2784.6453   11.8135
    7.5000    0.0000   -7.5000 2778.2322   11.8625
   -7.5000    7.5000   -7.5000 2737.7900   12.2073
    0.0000    7.5000   -7.5000 2777.6602   12.0871
    7.5000    7.5000   -7.5000 2763.3989   12.1163
   -7.5000   15.0000   -7.5000 2685.9307   12.7244
    0.0000   15.0000   -7.5000 2726.3384   12.5743
    7.5000   15.0000   -7.5000 2713.1743   12.6148
   -7.5000   22.5000   -7.5000 2610.2471   13.5170
    0.0000   22.5000   -7.5000 2647.5168   13.3098
    7.5000   22.5000   -7.5000 2633.9590   13.3527
   -7.5000   30.0000   -7.5000 2510.5054   14.5230
    0.0000   30.0000   -7.5000 2543.6797   14.2862
    7.5000   30.0000   -7.5000 2531.6365   14.3176
   -7.5000   37.5000   -7.5000 2381.1094   15.8345
    0.0000   37.5000   -7.5000 2412.0950   15.5752
    7.5000   37.5000   -7.5000 2399.4685   15.6048
   -7.5000   45.0000   -7.5000 2231.4741   17.5338
    0.0000   45.0000   -7.5000 2264.1497   17.2708
    7.5000   45.0000   -7.5000 2253.8608   17.3172
   -7.5000  -45.0000    0.0000 2276.4424   16.7735
    0.0000  -45.0000    0.0000 2296.0183   16.4718
    7.5000  -45.0000    0.0000 2291.2954   16.5672
   -7.5000  -37.5000    0.0000 2409.8865   15.0199
    0.0000  -37.5000    0.0000 2431.5559   14.7566
    7.5000  -37.5000    0.0000 2426.8416   14.8468
   -7.5000  -30.0000    0.0000 2522.0439   13.7525
    0.0000  -30.0000    0.0000 2549.5237   13.5090
    7.5000  -30.0000    0.0000 2539.2351   13.5838
   -7.5000  -22.5000    0.0000 2628.0576   12.7310
    0.0000  -22.5000    0.0000 2654.8513   12.4842
    7.5000  -22.5000    0.0000 2650.5610   12.5419
   -7.5000  -15.0000    0.0000 2714.4065   11.9175
    0.0000  -15.0000    0.0000 2742.5312   11.6984
    7.5000  -15.0000    0.0000 2736.9824   11.7397
   -7.5000   -7.5000    0.0000 2784.9170   11.4426
    0.0000   -7.5000    0.0000 2821.3447   11.2521
    7.5000   -7.5000    0.0000 2810.5994   11.3163
   -7.5000    0.0000    0.0000 2824.9526   11.3209
    0.0000    0.0000    0.0000 2870.3579   11.1318
    7.5000    0.0000    0.0000 2859.2170   11.1868
   -7.5000    7.5000    0.0000 2820.7502   11.5255
    0.0000    7.5000    0.0000 2863.3845   11.3423
    7.5000    7.5000    0.0000 2849.0007   11.4050
   -7.5000   15.0000    0.0000 2768.5620   12.0683
    0.0000   15.0000    0.0000 2808.3108   11.8300
    7.5000   15.0000    0.0000 2794.0874   11.8831
   -7.5000   22.5000    0.0000 2684.8816   12.8155
    0.0000   22.5000    0.0000 2721.1270   12.5723
    7.5000   22.5000    0.0000 2707.3083   12.6028
   -7.5000   30.0000    0.0000 2573.1438   13.8197
    0.0000   30.0000    0.0000 2607.4453   13.5638
    7.5000   30.0000    0.0000 2594.2300   13.5874
   -7.5000   37.5000    0.0000 2437.2651   15.1158
    0.0000   37.5000    0.0000 2469.5232   14.8602
    7.5000   37.5000    0.0000 2454.8530   14.9029
   -7.5000   45.0000    0.0000 2278.6494   16.7596
    0.0000   45.0000    0.0000 2311.2700   16.4945
    7.5000   45.0000    0.0000 2300.6785   16.5393
   -7.5000  -45.0000    7.5000 2299.4937   16.3937
    0.0000  -45.0000    7.5000 2321.5000   16.0159
    7.5000  -45.0000    7.5000 2314.5518   16.1071
   -7.5000  -37.5000    7.5000 2434.6946   14.6823
    0.0000  -37.5000    7.5000 2463.8845   14.3315
    7.5000  -37.5000    7.5000 2455.1543   14.3888
   -7.5000  -30.0000    7.5000 2548.6401   13.4090
    0.0000  -30.0000    7.5000 2577.7322   13.0728
    7.5000  -30.0000    7.5000 2568.4473   13.1363
   -7.5000  -22.5000    7.5000 2660.6389   12.3857
    0.0000  -22.5000    7.5000 2693.5100   12.0758
    7.5000  -22.5000    7.5000 2686.0557   12.1271
   -7.5000  -15.0000    7.5000 2760.6165   11.5860
    0.0000  -15.0000    7.5000 2800.1521   11.2876
    7.5000  -15.0000    7.5000 2794.1282   11.3414
   -7.5000   -7.5000    7.5000 2840.6963   11.0672
    0.0000   -7.5000    7.5000 2896.6191   10.7849
    7.5000   -7.5000    7.5000 2886.5239   10.8677
   -7.5000    0.0000    7.5000 2890.5095   10.8789
    0.0000    0.0000    7.5000 2945.0732   10.5863
    7.5000    0.0000    7.5000 2932.8816   10.7135
   -7.5000    7.5000    7.5000 2889.7351   11.0938
    0.0000    7.5000    7.5000 2932.0535   10.7695
    7.5000    7.5000    7.5000 2921.1396   10.8735
   -7.5000   15.0000    7.5000 2829.3342   11.5823
    0.0000   15.0000    7.5000 2871.2427   11.2602
    7.5000   15.0000    7.5000 2858.1528   11.3258
   -7.5000   22.5000    7.5000 2734.2805   12.3429
    0.0000   22.5000    7.5000 2774.5198   12.0277
    7.5000   22.5000    7.5000 2763.2605   12.0899
   -7.5000   30.0000    7.5000 2613.5088   13.3801
    0.0000   30.0000    7.5000 2650.2881   13.0660
    7.5000   30.0000    7.5000 2638.5261   13.1224
   -7.5000   37.5000    7.5000 2471.1262   14.7003
    0.0000   37.5000    7.5000 2507.7886   14.3829
    7.5000   37.5000    7.5000 2494.9512   14.4392
   -7.5000   45.0000    7.5000 2308.9492   16.2707
    0.0000   45.0000    7.5000 2346.5867   15.9625
    7.5000   45.0000    7.5000 2333.5183   16.0468
   -7.5000  -45.0000   15.0000 2306.0002   16.2392
    0.0000  -45.0000   15.0000 2336.8826   15.7900
    7.5000  -45.0000   15.0000 2331.5886   15.7661
   -7.5000  -37.5000   15.0000 2441.4961   14.5152
    0.0000  -37.5000   15.0000 2476.4004   14.0946
    7.5000  -37.5000   15.0000 2471.9500   14.0784
   -7.5000  -30.0000   15.0000 2556.4390   13.2411
    0.0000  -30.0000   15.0000 2594.4580   12.8614
    7.5000  -30.0000   15.0000 2586.2703   12.8670
   -7.5000  -22.5000   15.0000 2673.7104   12.2453
    0.0000  -22.5000   15.0000 2712.5657   11.8865
    7.5000  -22.5000   15.0000 2707.7632   11.8926
   -7.5000  -15.0000   15.0000 2779.6414   11.4280
    0.0000  -15.0000   15.0000 2827.4258   11.0849
    7.5000  -15.0000   15.0000 2824.6660   11.1114
   -7.5000   -7.5000   15.0000 2871.4897   10.8845
    0.0000   -7.5000   15.0000 2934.4458   10.5167
    7.5000   -7.5000   15.0000 2928.4739   10.5861
   -7.5000    0.0000   15.0000 2927.2834   10.7040
    0.0000    0.0000   15.0000 2987.1409   10.2094
    7.5000    0.0000   15.0000 2980.2222   10.3584
   -7.5000    7.5000   15.0000 2917.6765   10.8890
    0.0000    7.5000   15.0000 2977.5500   10.4399
    7.5000    7.5000   15.0000 2971.2688   10.5555
   -7.5000   15.0000   15.0000 2851.3374   11.3856
    0.0000   15.0000   15.0000 2898.6814   11.0053
    7.5000   15.0000   15.0000 2893.4272   11.0873
   -7.5000   22.5000   15.0000 2753.7080   12.1261
    0.0000   22.5000   15.0000 2791.2058   11.7622
    7.5000   22.5000   15.0000 2785.6589   11.8349
   -7.5000   30.0000   15.0000 2624.5068   13.1559
    0.0000   30.0000   15.0000 2660.6677   12.8159
    7.5000   30.0000   15.0000 2655.1702   12.8751
   -7.5000   37.5000   15.0000 2476.1311   14.4120
    0.0000   37.5000   15.0000 2519.1777   14.0881
    7.5000   37.5000   15.0000 2506.2961   14.1477
   -7.5000   45.0000   15.0000 2314.9854   15.9759
    0.0000   45.0000   15.0000 2353.6243   15.6677
    7.5000   45.0000   15.0000 2344.4478   15.7413
   -7.5000  -45.0000   22.5000 2307.4399   16.2443
    0.0000  -45.0000   22.5000 2342.2473   15.7542
    7.5000  -45.0000   22.5000 2342.2493   15.7041
   -7.5000  -37.5000   22.5000 2437.0144   14.5125
    0.0000  -37.5000   22.5000 2475.6973   14.0681
    7.5000  -37.5000   22.5000 2476.0410   14.0290
   -7.5000  -30.0000   22.5000 2553.3667   13.2652
    0.0000  -30.0000   22.5000 2593.4561   12.8407
    7.5000  -30.0000   22.5000 2590.7959   12.7996
   -7.5000  -22.5000   22.5000 2670.7917   12.2738
    0.0000  -22.5000   22.5000 2711.8416   11.8961
    7.5000  -22.5000   22.5000 2707.9138   11.8503
   -7.5000  -15.0000   22.5000 2778.8049   11.4607
    0.0000  -15.0000   22.5000 2827.9810   11.0911
    7.5000  -15.0000   22.5000 2825.7957   11.0776
   -7.5000   -7.5000   22.5000 2872.6516   10.9050
    0.0000   -7.5000   22.5000 2921.1245   10.4314
    7.5000   -7.5000   22.5000 2922.0759   10.4839
   -7.5000    0.0000   22.5000 2924.7310   10.7284
    0.0000    0.0000   22.5000 2970.7783   10.2444
    7.5000    0.0000   22.5000 2967.5381   10.3214
   -7.5000    7.5000   22.5000 2915.4397   10.9218
    0.0000    7.5000   22.5000 2976.5007   10.5574
    7.5000    7.5000   22.5000 2977.2649   10.6217
   -7.5000   15.0000   22.5000 2842.9817   11.4357
    0.0000   15.0000   22.5000 2891.9963   11.1166
    7.5000   15.0000   22.5000 2891.3098   11.1765
   -7.5000   22.5000   22.5000 2739.5540   12.1352
    0.0000   22.5000   22.5000 2778.5049   11.7999
    7.5000   22.5000   22.5000 2777.0747   11.8620
   -7.5000   30.0000   22.5000 2609.3767   13.1078
    0.0000   30.0000   22.5000 2645.6211   12.7514
    7.5000   30.0000   22.5000 2642.7151   12.7884
   -7.5000   37.5000   22.5000 2465.1472   14.3409
    0.0000   37.5000   22.5000 2505.9465   14.0028
    7.5000   37.5000   22.5000 2497.6521   14.0465
   -7.5000   45.0000   22.5000 2304.9668   15.8937
    0.0000   45.0000   22.5000 2340.7383   15.5837
    7.5000   45.0000   22.5000 2333.4961   15.6439
   -7.5000  -45.0000   30.0000 2290.6963   16.4432
    0.0000  -45.0000   30.0000 2331.4421   15.9601
    7.5000  -45.0000   30.0000 2336.3694   15.8968
   -7.5000  -37.5000   30.0000 2423.3425   14.7192
    0.0000  -37.5000   30.0000 2467.2573   14.2521
    7.5000  -37.5000   30.0000 2469.0916   14.1961
   -7.5000  -30.0000   30.0000 2540.0349   13.4762
    0.0000  -30.0000   30.0000 2580.1990   13.0644
    7.5000  -30.0000   30.0000 2580.3794   13.0207
   -7.5000  -22.5000   30.0000 2651.2939   12.5288
    0.0000  -22.5000   30.0000 2696.5127   12.1808
    7.5000  -22.5000   30.0000 2698.9180   12.1301
   -7.5000  -15.0000   30.0000 2756.1982   11.7296
    0.0000  -15.0000   30.0000 2802.3828   11.3730
    7.5000  -15.0000   30.0000 2798.4626   11.3332
   -7.5000   -7.5000   30.0000 2844.8945   11.1978
    0.0000   -7.5000   30.0000 2889.7251   10.7736
    7.5000   -7.5000   30.0000 2882.7983   10.7943
   -7.5000    0.0000   30.0000 2881.2412   11.0127
    0.0000    0.0000   30.0000 2927.8240   10.6722
    7.5000    0.0000   30.0000 2922.3840   10.7162
   -7.5000    7.5000   30.0000 2867.9700   11.2042
    0.0000    7.5000   30.0000 2921.7776   10.9197
    7.5000    7.5000   30.0000 2921.4043   10.9419
   -7.5000   15.0000   30.0000 2797.1802   11.6998
    0.0000   15.0000   30.0000 2841.9341   11.4219
    7.5000   15.0000   30.0000 2838.6064   11.4397
   -7.5000   22.5000   30.0000 2692.7573   12.3894
    0.0000   22.5000   30.0000 2729.2144   12.0896
    7.5000   22.5000   30.0000 2725.7324   12.1075
   -7.5000   30.0000   30.0000 2567.6294   13.3450
    0.0000   30.0000   30.0000 2602.4219   13.0372
    7.5000   30.0000   30.0000 2600.9539   13.0571
   -7.5000   37.5000   30.0000 2431.0178   14.5562
    0.0000   37.5000   30.0000 2466.2053   14.2355
    7.5000   37.5000   30.0000 2460.5051   14.2639
   -7.5000   45.0000   30.0000 2272.8076   16.1122
    0.0000   45.0000   30.0000 2305.3286   15.7862
    7.5000   45.0000   30.0000 2298.3657   15.8452
   -7.5000  -45.0000   37.5000 2265.7637   16.8619
    0.0000  -45.0000   37.5000 2304.7480   16.3802
    7.5000  -45.0000   37.5000 2307.1882   16.3002
   -7.5000  -37.5000   37.5000 2400.3340   15.1278
    0.0000  -37.5000   37.5000 2444.4697   14.7073
    7.5000  -37.5000   37.5000 2444.2742   14.6568
   -7.5000  -30.0000   37.5000 2512.5991   13.9410
    0.0000  -30.0000   37.5000 2559.6504   13.5824
    7.5000  -30.0000   37.5000 2558.4128   13.5362
   -7.5000  -22.5000   37.5000 2619.7161   12.9975
    0.0000  -22.5000   37.5000 2671.1887   12.6741
    7.5000  -22.5000   37.5000 2666.9758   12.6043
   -7.5000  -15.0000   37.5000 2711.4507   12.1972
    0.0000  -15.0000   37.5000 2763.2002   11.8269
    7.5000  -15.0000   37.5000 2756.0945   11.7739
   -7.5000   -7.5000   37.5000 2786.7910   11.6793
    0.0000   -7.5000   37.5000 2836.5625   11.3138
    7.5000   -7.5000   37.5000 2825.9539   11.3008
   -7.5000    0.0000   37.5000 2818.2610   11.5113
    0.0000    0.0000   37.5000 2863.9619   11.2036
    7.5000    0.0000   37.5000 2859.0430   11.2038
   -7.5000    7.5000   37.5000 2795.9822   11.6800
    0.0000    7.5000   37.5000 2842.9109   11.3749
    7.5000    7.5000   37.5000 2839.3975   11.3849
   -7.5000   15.0000   37.5000 2725.6626   12.1552
    0.0000   15.0000   37.5000 2769.4397   11.8518
    7.5000   15.0000   37.5000 2768.0691   11.8742
   -7.5000   22.5000   37.5000 2627.4026   12.9097
    0.0000   22.5000   37.5000 2665.2690   12.6080
    7.5000   22.5000   37.5000 2661.6018   12.5787
   -7.5000   30.0000   37.5000 2508.3330   13.8662
    0.0000   30.0000   37.5000 2547.3408   13.5878
    7.5000   30.0000   37.5000 2543.4924   13.5775
   -7.5000   37.5000   37.5000 2373.7578   15.0546
    0.0000   37.5000   37.5000 2408.3647   14.7750
    7.5000   37.5000   37.5000 2405.9312   14.7709
   -7.5000   45.0000   37.5000 2222.8621   16.5592
    0.0000   45.0000   37.5000 2250.3833   16.2625
    7.5000   45.0000   37.5000 2244.5068   16.2739
   -7.5000  -45.0000   45.0000 2222.8757   17.5428
    0.0000  -45.0000   45.0000 2262.9812   17.0583
    7.5000  -45.0000   45.0000 2263.1685   17.0189
   -7.5000  -37.5000   45.0000 2356.9446   15.8198
    0.0000  -37.5000   45.0000 2402.2969   15.4278
    7.5000  -37.5000   45.0000 2400.5254   15.3955
   -7.5000  -30.0000   45.0000 2464.3328   14.5969
    0.0000  -30.0000   45.0000 2515.7483   14.2519
    7.5000  -30.0000   45.0000 2512.9377   14.2391
   -7.5000  -22.5000   45.0000 2562.7600   13.6269
    0.0000  -22.5000   45.0000 2616.1555   13.2800
    7.5000  -22.5000   45.0000 2616.5027   13.2332
   -7.5000  -15.0000   45.0000 2642.8611   12.8207
    0.0000  -15.0000   45.0000 2698.2310   12.4421
    7.5000  -15.0000   45.0000 2694.2754   12.3872
   -7.5000   -7.5000   45.0000 2711.6743   12.3105
    0.0000   -7.5000   45.0000 2759.6833   11.9725
    7.5000   -7.5000   45.0000 2752.8503   11.9441
   -7.5000    0.0000   45.0000 2733.7532   12.1266
    0.0000    0.0000   45.0000 2776.3301   11.8229
    7.5000    0.0000   45.0000 2776.3625   11.8065
   -7.5000    7.5000   45.0000 2708.5156   12.2758
    0.0000    7.5000   45.0000 2747.3960   11.9734
    7.5000    7.5000   45.0000 2747.5737   11.9909
   -7.5000   15.0000   45.0000 2639.1799   12.7760
    0.0000   15.0000   45.0000 2676.1274   12.4593
    7.5000   15.0000   45.0000 2675.2947   12.4598
   -7.5000   22.5000   45.0000 2546.3110   13.5032
    0.0000   22.5000   45.0000 2587.4546   13.2149
    7.5000   22.5000   45.0000 2581.6394   13.1770
   -7.5000   30.0000   45.0000 2436.2983   14.4822
    0.0000   30.0000   45.0000 2472.5642   14.2033
    7.5000   30.0000   45.0000 2469.9260   14.2017
   -7.5000   37.5000   45.0000 2308.2896   15.7336
    0.0000   37.5000   45.0000 2339.2278   15.4293
    7.5000   37.5000   45.0000 2335.1128   15.4410
   -7.5000   45.0000   45.0000 2159.5461   17.2134
    0.0000   45.0000   45.0000 2189.0210   16.9368
    7.5000   45.0000   45.0000 2182.6191   16.9618

---------------------------------------------------------------------
imgreg_4dfp /opt/freesurfer/average/711-2C_as_mni_average_305 /opt/freesurfer/average/711-2B_as_mni_average_305_mask talsrcimg_g11 none talsrcimg_to_711-2C_as_mni_average_305_t4 1283
---------------------------------------------------------------------

freesurfer imgreg_4dfp.c
/opt/freesurfer/average/711-2C_as_mni_average_305.4dfp.img
       256       256       256         1
  1.000000  1.000000  1.000000
orientation T byte_order littleendian
Reading image: /opt/freesurfer/average/711-2C_as_mni_average_305.4dfp.img
dimensions:      256       256       256
mmppix:       1.0000   -1.0000   -1.0000
center:     128.0000 -129.0000 -129.0000
/opt/freesurfer/average/711-2B_as_mni_average_305_mask.4dfp.img
       256       256       256         1
  1.000000  1.000000  1.000000
orientation T byte_order littleendian
Reading mask: /opt/freesurfer/average/711-2B_as_mni_average_305_mask.4dfp.img (2306576 pixels)
talsrcimg_g11.4dfp.img
       256       256       256         1
  1.000000  1.000000  1.000000
orientation T byte_order littleendian
Reading image: talsrcimg_g11.4dfp.img
dimensions:      256       256       256
mmppix:       1.0000   -1.0000   -1.0000
center:     128.0000 -129.0000 -129.0000
rotation matrix determinant  1.000000
fimgreg.f
image alignment mode   1283 decimal      503 hex
parameters
    0.0000    0.0000   15.0000    0.0000    0.0000    0.0000
eta,q 0.93653 10.20714
niter,ni,del,rscale     5    3   12.0000    1.2000
parameter  1 -0.823410 -> -0.500000 qaram    1.1500
parameters
    3.4500    1.7820   15.8173    1.3180    0.7108    2.1802
eta,q 0.93973 10.16844
  0.0813  0.0686  0.0676  0.0640  0.0645  0.0652
  0.0741  0.0653  0.0642  0.0629  0.0625  0.0633
  0.0689  0.0630  0.0619  0.0627  0.0611  0.0616
  0.0656  0.0621  0.0615  0.0616  0.0605  0.0605
  0.0638  0.0618  0.0620  0.0603  0.0604  0.0602
  0.0620  0.0624  0.0626  0.0612  0.0613  0.0606
  0.0615  0.0635  0.0647  0.0630  0.0631  0.0613
niter,ni,del,rscale     5    3   12.0000    1.2000
parameters
    3.8023    1.6612   16.4297    2.1487    0.3881    2.2433
eta,q 0.94069 10.11836
  0.0700  0.0641  0.0655  0.0622  0.0632  0.0628
  0.0648  0.0620  0.0619  0.0628  0.0608  0.0613
  0.0619  0.0608  0.0598  0.0627  0.0593  0.0600
  0.0603  0.0601  0.0600  0.0601  0.0595  0.0593
  0.0602  0.0612  0.0601  0.0594  0.0604  0.0594
  0.0633  0.0621  0.0610  0.0606  0.0614  0.0606
  0.0686  0.0644  0.0631  0.0630  0.0639  0.0632
niter,ni,del,rscale     4    3   12.0000    1.2000
parameters
    3.9354    1.3623   16.6122    2.5810    0.2057    2.3389
eta,q 0.94135 10.10204
  0.0688  0.0645  0.0649  0.0627  0.0632  0.0625
  0.0640  0.0619  0.0610  0.0633  0.0606  0.0611
  0.0615  0.0593  0.0593  0.0619  0.0588  0.0597
  0.0593  0.0592  0.0590  0.0590  0.0587  0.0587
  0.0599  0.0613  0.0592  0.0590  0.0600  0.0589
  0.0633  0.0624  0.0613  0.0609  0.0611  0.0603
  0.0688  0.0652  0.0637  0.0637  0.0633  0.0629
niter,ni,del,rscale     3    3   12.0000    1.2000
parameters
    4.0116    1.1275   16.6691    2.8568    0.1354    2.3685
eta,q 0.94172 10.09490
  0.0683  0.0649  0.0649  0.0630  0.0631  0.0623
  0.0639  0.0621  0.0608  0.0633  0.0605  0.0609
  0.0613  0.0588  0.0589  0.0613  0.0587  0.0593
  0.0586  0.0586  0.0584  0.0584  0.0583  0.0583
  0.0596  0.0612  0.0589  0.0589  0.0596  0.0586
  0.0631  0.0626  0.0615  0.0611  0.0608  0.0603
  0.0688  0.0653  0.0641  0.0640  0.0630  0.0629
niter,ni,del,rscale     2    3   12.0000    1.2000
parameters
    4.0343    0.9485   16.7139    3.0520    0.1057    2.4096
eta,q 0.94199 10.08977
  0.0679  0.0652  0.0651  0.0632  0.0631  0.0622
  0.0637  0.0624  0.0609  0.0632  0.0604  0.0608
  0.0610  0.0587  0.0588  0.0608  0.0585  0.0591
  0.0583  0.0583  0.0581  0.0581  0.0580  0.0580
  0.0594  0.0610  0.0587  0.0589  0.0593  0.0585
  0.0629  0.0628  0.0616  0.0612  0.0606  0.0602
  0.0688  0.0653  0.0643  0.0642  0.0628  0.0627
niter,ni,del,rscale     1    3   12.0000    1.2000
parameters
    4.0435    0.8119   16.7368    3.1913    0.0880    2.4305
eta,q 0.94213 10.08666
  0.0678  0.0653  0.0651  0.0633  0.0630  0.0622
  0.0637  0.0625  0.0608  0.0631  0.0604  0.0607
  0.0609  0.0587  0.0587  0.0605  0.0584  0.0590
  0.0580  0.0580  0.0579  0.0579  0.0579  0.0579
  0.0592  0.0608  0.0587  0.0589  0.0592  0.0584
  0.0628  0.0629  0.0616  0.0613  0.0605  0.0601
  0.0688  0.0653  0.0644  0.0643  0.0628  0.0626
registration optimization eta report
parameter search radius
    6.9000    6.0000    6.0000    6.0000    6.0000    6.0000
100000*second partial in parameter space
       20.       18.       19.       14.       13.       12.
  0.0678  0.0653  0.0651  0.0633  0.0630  0.0622
  0.0637  0.0625  0.0608  0.0631  0.0604  0.0607
  0.0609  0.0587  0.0587  0.0605  0.0584  0.0590
  0.0580  0.0580  0.0579  0.0579  0.0579  0.0579
  0.0592  0.0608  0.0587  0.0589  0.0592  0.0584
  0.0628  0.0629  0.0616  0.0613  0.0605  0.0601
  0.0688  0.0653  0.0644  0.0643  0.0628  0.0626
    4.0435    0.8119   16.7368    3.1913    0.0880    2.4305
eta,q 0.94213 10.08666

---------------------------------------------------------------------
imgreg_4dfp /opt/freesurfer/average/711-2C_as_mni_average_305 /opt/freesurfer/average/711-2B_as_mni_average_305_mask talsrcimg_g11 none talsrcimg_to_711-2C_as_mni_average_305_t4 3335
---------------------------------------------------------------------

freesurfer imgreg_4dfp.c
/opt/freesurfer/average/711-2C_as_mni_average_305.4dfp.img
       256       256       256         1
  1.000000  1.000000  1.000000
orientation T byte_order littleendian
Reading image: /opt/freesurfer/average/711-2C_as_mni_average_305.4dfp.img
dimensions:      256       256       256
mmppix:       1.0000   -1.0000   -1.0000
center:     128.0000 -129.0000 -129.0000
/opt/freesurfer/average/711-2B_as_mni_average_305_mask.4dfp.img
       256       256       256         1
  1.000000  1.000000  1.000000
orientation T byte_order littleendian
Reading mask: /opt/freesurfer/average/711-2B_as_mni_average_305_mask.4dfp.img (2306576 pixels)
talsrcimg_g11.4dfp.img
       256       256       256         1
  1.000000  1.000000  1.000000
orientation T byte_order littleendian
Reading image: talsrcimg_g11.4dfp.img
dimensions:      256       256       256
mmppix:       1.0000   -1.0000   -1.0000
center:     128.0000 -129.0000 -129.0000
fimgreg.f
image alignment mode   3335 decimal      D07 hex
parameters
    4.0435    0.8119   16.7368   -0.0901   -0.2453   -0.1552
   -4.2428    0.0829    4.2408   -5.5684    0.1536    5.5669
eta,q 0.93994 10.14033
niter,ni,del,rscale     5    3    5.0000    1.2000
parameter  1  0.520924 ->  0.500000 qaram    1.1500
parameter  4  3.879498 ->  0.500000 qaram    1.1500
parameter  5  3.703769 ->  0.500000 qaram    1.1500
parameter  6  1.902383 ->  0.500000 qaram    1.1500
parameter  9  0.676322 ->  0.500000 qaram    1.1500
parameter 12  4.942673 ->  0.500000 qaram    1.1500
parameters
    2.6635    1.0537   17.7213   -4.2301   -4.3853   -4.2952
   -3.3987    0.1649    0.1008   -5.1317   -0.4290    1.4269
eta,q 0.95572  9.73893
  0.0600  0.0610  0.0613  0.0534  0.0469  0.0446  0.0481  0.0488  0.0464  0.0477  0.0466  0.0432
  0.0597  0.0603  0.0607  0.0556  0.0499  0.0461  0.0474  0.0475  0.0463  0.0468  0.0464  0.0440
  0.0598  0.0598  0.0602  0.0575  0.0530  0.0483  0.0469  0.0467  0.0464  0.0463  0.0463  0.0451
  0.0601  0.0597  0.0598  0.0595  0.0561  0.0508  0.0467  0.0467  0.0467  0.0463  0.0463  0.0463
  0.0605  0.0599  0.0596  0.0617  0.0597  0.0541  0.0467  0.0470  0.0471  0.0464  0.0464  0.0477
  0.0612  0.0601  0.0596  0.0642  0.0639  0.0575  0.0470  0.0475  0.0477  0.0466  0.0465  0.0490
  0.0621  0.0604  0.0600  0.0674  0.0683  0.0617  0.0476  0.0485  0.0485  0.0473  0.0467  0.0502
niter,ni,del,rscale     7    3    5.0000    1.2000
parameter  4  2.712645 ->  0.500000 qaram    1.3225
parameter  5  2.333171 ->  0.500000 qaram    1.3225
parameter  6  0.727358 ->  0.500000 qaram    1.3225
parameter 12  1.229477 ->  0.500000 qaram    1.3225
parameters
    3.7946    2.1683   17.7227   -8.9911   -9.1463   -9.0562
   -2.3033    1.6414    1.5723   -1.9680    1.2036   -3.3341
eta,q 0.97044  9.50702
  0.0481  0.0461  0.0450  0.0378  0.0307  0.0317  0.0348  0.0372  0.0345  0.0365  0.0325  0.0292
  0.0464  0.0451  0.0444  0.0388  0.0329  0.0319  0.0335  0.0349  0.0332  0.0344  0.0318  0.0294
  0.0451  0.0444  0.0439  0.0410  0.0357  0.0325  0.0326  0.0331  0.0323  0.0329  0.0313  0.0301
  0.0443  0.0439  0.0437  0.0437  0.0393  0.0336  0.0321  0.0320  0.0318  0.0317  0.0311  0.0310
  0.0439  0.0437  0.0438  0.0465  0.0434  0.0358  0.0321  0.0318  0.0318  0.0311  0.0310  0.0322
  0.0441  0.0437  0.0443  0.0495  0.0478  0.0394  0.0326  0.0325  0.0322  0.0312  0.0312  0.0336
  0.0447  0.0440  0.0451  0.0522  0.0527  0.0436  0.0336  0.0344  0.0331  0.0321  0.0316  0.0352
niter,ni,del,rscale     7    3    5.0000    1.2000
parameter  5  1.066570 ->  0.500000 qaram    1.5209
parameters
    3.2096    2.6681   17.9564  -12.7107  -14.6215   -9.5523
   -2.2338    0.9857    2.2991    0.3683    0.8439   -6.6316
eta,q 0.97574  9.26539
  0.0320  0.0326  0.0309  0.0308  0.0238  0.0273  0.0270  0.0281  0.0274  0.0291  0.0253  0.0251
  0.0302  0.0311  0.0301  0.0291  0.0245  0.0262  0.0259  0.0262  0.0261  0.0273  0.0248  0.0245
  0.0294  0.0299  0.0295  0.0282  0.0259  0.0253  0.0251  0.0251  0.0252  0.0258  0.0246  0.0243
  0.0296  0.0293  0.0292  0.0292  0.0283  0.0248  0.0249  0.0249  0.0248  0.0248  0.0245  0.0245
  0.0307  0.0292  0.0292  0.0319  0.0320  0.0248  0.0251  0.0256  0.0250  0.0245  0.0246  0.0251
  0.0327  0.0297  0.0296  0.0349  0.0366  0.0259  0.0258  0.0271  0.0256  0.0248  0.0249  0.0262
  0.0354  0.0307  0.0304  0.0384  0.0413  0.0287  0.0270  0.0295  0.0266  0.0259  0.0255  0.0277
niter,ni,del,rscale     7    3    5.0000    1.2000
parameters
    3.1913    2.2577   18.6568  -13.3291  -19.2392   -7.8211
   -2.6891    0.8577    2.0694    1.4665    0.4519   -5.4258
eta,q 0.97782  9.20393
  0.0285  0.0258  0.0261  0.0280  0.0252  0.0268  0.0250  0.0266  0.0250  0.0263  0.0233  0.0255
  0.0262  0.0247  0.0252  0.0264  0.0232  0.0252  0.0236  0.0243  0.0236  0.0246  0.0227  0.0240
  0.0247  0.0242  0.0246  0.0249  0.0229  0.0238  0.0227  0.0229  0.0227  0.0233  0.0223  0.0229
  0.0243  0.0243  0.0242  0.0240  0.0241  0.0227  0.0224  0.0224  0.0224  0.0224  0.0223  0.0223
  0.0248  0.0248  0.0240  0.0246  0.0265  0.0223  0.0230  0.0230  0.0228  0.0223  0.0224  0.0223
  0.0263  0.0258  0.0242  0.0269  0.0308  0.0230  0.0241  0.0245  0.0238  0.0231  0.0228  0.0230
  0.0286  0.0272  0.0247  0.0297  0.0357  0.0251  0.0257  0.0269  0.0253  0.0247  0.0235  0.0243
niter,ni,del,rscale     6    3    5.0000    1.2000
parameters
    3.1585    1.9974   19.3430  -12.8814  -20.0430   -7.8393
   -2.6644    0.8931    2.1259    0.9423    0.5130   -4.5546
eta,q 0.97816  9.20156
  0.0265  0.0244  0.0245  0.0270  0.0277  0.0263  0.0251  0.0263  0.0249  0.0250  0.0231  0.0252
  0.0241  0.0230  0.0234  0.0251  0.0253  0.0247  0.0234  0.0240  0.0233  0.0233  0.0224  0.0236
  0.0227  0.0222  0.0226  0.0233  0.0229  0.0230  0.0223  0.0224  0.0223  0.0222  0.0220  0.0224
  0.0222  0.0222  0.0221  0.0220  0.0219  0.0219  0.0219  0.0219  0.0219  0.0219  0.0219  0.0219
  0.0227  0.0228  0.0220  0.0220  0.0233  0.0219  0.0223  0.0224  0.0222  0.0225  0.0220  0.0220
  0.0243  0.0239  0.0222  0.0240  0.0259  0.0239  0.0234  0.0239  0.0233  0.0239  0.0223  0.0228
  0.0267  0.0255  0.0228  0.0268  0.0304  0.0272  0.0250  0.0263  0.0248  0.0261  0.0230  0.0242
niter,ni,del,rscale     5    3    5.0000    1.2000
parameters
    3.1749    2.0007   19.4253  -12.6256  -20.2094   -7.9426
   -2.6517    0.9185    2.1300    0.6998    0.5509   -4.3006
eta,q 0.97820  9.19936
  0.0265  0.0248  0.0235  0.0268  0.0281  0.0262  0.0250  0.0263  0.0248  0.0252  0.0230  0.0247
  0.0240  0.0231  0.0226  0.0249  0.0257  0.0246  0.0233  0.0239  0.0232  0.0234  0.0223  0.0232
  0.0224  0.0221  0.0221  0.0231  0.0232  0.0229  0.0222  0.0224  0.0222  0.0222  0.0219  0.0222
  0.0218  0.0218  0.0218  0.0218  0.0218  0.0218  0.0218  0.0218  0.0218  0.0218  0.0218  0.0218
  0.0224  0.0222  0.0220  0.0220  0.0228  0.0219  0.0222  0.0223  0.0222  0.0223  0.0219  0.0221
  0.0239  0.0232  0.0224  0.0241  0.0251  0.0239  0.0233  0.0238  0.0232  0.0237  0.0223  0.0230
  0.0263  0.0247  0.0233  0.0269  0.0292  0.0273  0.0250  0.0262  0.0247  0.0257  0.0229  0.0245
niter,ni,del,rscale     4    3    5.0000    1.2000
parameters
    3.1787    1.9978   19.4503  -12.5538  -20.2302   -7.9931
   -2.6441    0.9225    2.1237    0.6186    0.5544   -4.2209
eta,q 0.97819  9.19875
  0.0264  0.0247  0.0234  0.0267  0.0282  0.0262  0.0250  0.0262  0.0248  0.0253  0.0229  0.0246
  0.0239  0.0231  0.0225  0.0248  0.0258  0.0246  0.0233  0.0239  0.0232  0.0235  0.0223  0.0231
  0.0223  0.0221  0.0220  0.0230  0.0233  0.0229  0.0222  0.0223  0.0222  0.0223  0.0219  0.0222
  0.0218  0.0218  0.0218  0.0218  0.0218  0.0218  0.0218  0.0218  0.0218  0.0218  0.0218  0.0218
  0.0224  0.0222  0.0220  0.0221  0.0227  0.0218  0.0222  0.0223  0.0222  0.0223  0.0219  0.0221
  0.0239  0.0232  0.0225  0.0243  0.0250  0.0238  0.0233  0.0238  0.0232  0.0236  0.0223  0.0231
  0.0264  0.0246  0.0233  0.0271  0.0289  0.0272  0.0250  0.0263  0.0247  0.0256  0.0229  0.0246
niter,ni,del,rscale     3    3    5.0000    1.2000
parameters
    3.1799    1.9954   19.4561  -12.5369  -20.2313   -8.0134
   -2.6435    0.9236    2.1199    0.5927    0.5551   -4.1991
eta,q 0.97819  9.19844
  0.0264  0.0247  0.0233  0.0266  0.0282  0.0262  0.0250  0.0262  0.0248  0.0254  0.0229  0.0246
  0.0239  0.0231  0.0225  0.0248  0.0258  0.0246  0.0233  0.0239  0.0232  0.0236  0.0223  0.0231
  0.0223  0.0221  0.0220  0.0230  0.0233  0.0229  0.0222  0.0223  0.0222  0.0223  0.0219  0.0222
  0.0218  0.0218  0.0218  0.0218  0.0218  0.0218  0.0218  0.0218  0.0218  0.0218  0.0218  0.0218
  0.0224  0.0222  0.0220  0.0222  0.0227  0.0218  0.0222  0.0223  0.0222  0.0223  0.0219  0.0221
  0.0239  0.0232  0.0225  0.0243  0.0250  0.0238  0.0233  0.0238  0.0232  0.0235  0.0223  0.0231
  0.0264  0.0246  0.0234  0.0272  0.0289  0.0271  0.0250  0.0263  0.0247  0.0255  0.0229  0.0246
registration optimization eta report
parameter search radius
    2.7600    2.4000    2.4000    9.5220   10.9503    9.5220
    7.2000    7.2000    8.2800    7.2000    7.2000    9.5220
100000*second partial in parameter space
       60.       50.       27.        5.        5.        5.
        6.        9.        4.        7.        2.        3.
  0.0264  0.0247  0.0233  0.0266  0.0282  0.0262  0.0250  0.0262  0.0248  0.0254  0.0229  0.0246
  0.0239  0.0231  0.0225  0.0248  0.0258  0.0246  0.0233  0.0239  0.0232  0.0236  0.0223  0.0231
  0.0223  0.0221  0.0220  0.0230  0.0233  0.0229  0.0222  0.0223  0.0222  0.0223  0.0219  0.0222
  0.0218  0.0218  0.0218  0.0218  0.0218  0.0218  0.0218  0.0218  0.0218  0.0218  0.0218  0.0218
  0.0224  0.0222  0.0220  0.0222  0.0227  0.0218  0.0222  0.0223  0.0222  0.0223  0.0219  0.0221
  0.0239  0.0232  0.0225  0.0243  0.0250  0.0238  0.0233  0.0238  0.0232  0.0235  0.0223  0.0231
  0.0264  0.0246  0.0234  0.0272  0.0289  0.0271  0.0250  0.0263  0.0247  0.0255  0.0229  0.0246
    3.1799    1.9954   19.4561  -12.5369  -20.2313   -8.0134
   -2.6435    0.9236    2.1199    0.5927    0.5551   -4.1991
eta,q 0.97819  9.19844

---------------------------------------------------------------------
imgreg_4dfp /opt/freesurfer/average/711-2C_as_mni_average_305 /opt/freesurfer/average/711-2B_as_mni_average_305_mask talsrcimg_g11 none talsrcimg_to_711-2C_as_mni_average_305_t4 2311
---------------------------------------------------------------------

freesurfer imgreg_4dfp.c
/opt/freesurfer/average/711-2C_as_mni_average_305.4dfp.img
       256       256       256         1
  1.000000  1.000000  1.000000
orientation T byte_order littleendian
Reading image: /opt/freesurfer/average/711-2C_as_mni_average_305.4dfp.img
dimensions:      256       256       256
mmppix:       1.0000   -1.0000   -1.0000
center:     128.0000 -129.0000 -129.0000
/opt/freesurfer/average/711-2B_as_mni_average_305_mask.4dfp.img
       256       256       256         1
  1.000000  1.000000  1.000000
orientation T byte_order littleendian
Reading mask: /opt/freesurfer/average/711-2B_as_mni_average_305_mask.4dfp.img (2306576 pixels)
talsrcimg_g11.4dfp.img
       256       256       256         1
  1.000000  1.000000  1.000000
orientation T byte_order littleendian
Reading image: talsrcimg_g11.4dfp.img
dimensions:      256       256       256
mmppix:       1.0000   -1.0000   -1.0000
center:     128.0000 -129.0000 -129.0000
fimgreg.f
image alignment mode   2311 decimal      907 hex
parameters
    3.1799    1.9954   19.4561  -12.5369  -20.2313   -8.0134
   -2.6435    0.9236    2.1199    0.5927    0.5551   -4.1991
eta,q 0.97819  9.19844
niter,ni,del,rscale     5    3    5.0000    0.8000
parameters
    3.1696    1.9625   19.4776  -11.8739  -19.8469   -6.9895
   -2.6296    1.0115    2.0514    0.8752    0.8530   -4.2172
eta,q 0.97842  9.24875
  0.0234  0.0231  0.0225  0.0239  0.0239  0.0236  0.0232  0.0240  0.0227  0.0237  0.0222  0.0225
  0.0225  0.0224  0.0221  0.0230  0.0229  0.0228  0.0223  0.0227  0.0221  0.0227  0.0219  0.0220
  0.0220  0.0219  0.0219  0.0223  0.0221  0.0221  0.0218  0.0219  0.0217  0.0219  0.0217  0.0217
  0.0218  0.0218  0.0218  0.0218  0.0217  0.0217  0.0216  0.0216  0.0216  0.0216  0.0216  0.0216
  0.0220  0.0220  0.0219  0.0217  0.0219  0.0216  0.0218  0.0218  0.0217  0.0217  0.0216  0.0217
  0.0226  0.0225  0.0221  0.0222  0.0224  0.0218  0.0223  0.0226  0.0221  0.0223  0.0218  0.0220
  0.0234  0.0232  0.0225  0.0231  0.0233  0.0226  0.0232  0.0239  0.0228  0.0233  0.0221  0.0225
niter,ni,del,rscale     4    3    5.0000    0.7000
parameters
    3.1525    1.8564   19.3781  -11.8947  -19.9381   -6.8894
   -2.5525    0.9760    2.0454    0.9169    0.8865   -4.2316
eta,q 0.97844  9.25099
  0.0229  0.0225  0.0221  0.0230  0.0231  0.0229  0.0228  0.0234  0.0224  0.0231  0.0220  0.0223
  0.0222  0.0219  0.0218  0.0223  0.0223  0.0223  0.0221  0.0224  0.0220  0.0223  0.0218  0.0219
  0.0217  0.0216  0.0216  0.0218  0.0217  0.0218  0.0217  0.0218  0.0217  0.0218  0.0216  0.0217
  0.0216  0.0216  0.0216  0.0216  0.0216  0.0216  0.0216  0.0216  0.0216  0.0216  0.0216  0.0216
  0.0217  0.0218  0.0217  0.0217  0.0218  0.0216  0.0217  0.0218  0.0217  0.0217  0.0216  0.0216
  0.0222  0.0222  0.0219  0.0222  0.0224  0.0220  0.0221  0.0224  0.0220  0.0222  0.0218  0.0219
  0.0230  0.0228  0.0223  0.0232  0.0232  0.0229  0.0227  0.0234  0.0224  0.0231  0.0220  0.0223
niter,ni,del,rscale     3    3    5.0000    0.6000
parameters
    3.1465    1.8588   19.3798  -11.8106  -19.9946   -6.7792
   -2.5513    0.9727    2.0364    0.9487    0.9091   -4.2352
eta,q 0.97844  9.25395
  0.0225  0.0224  0.0220  0.0227  0.0228  0.0226  0.0225  0.0229  0.0222  0.0227  0.0219  0.0221
  0.0220  0.0219  0.0218  0.0222  0.0221  0.0221  0.0220  0.0222  0.0218  0.0221  0.0217  0.0218
  0.0217  0.0216  0.0216  0.0218  0.0217  0.0217  0.0217  0.0217  0.0216  0.0217  0.0216  0.0216
  0.0216  0.0216  0.0216  0.0216  0.0216  0.0216  0.0216  0.0216  0.0216  0.0216  0.0216  0.0216
  0.0217  0.0217  0.0216  0.0216  0.0217  0.0216  0.0217  0.0217  0.0216  0.0217  0.0216  0.0216
  0.0220  0.0219  0.0218  0.0220  0.0222  0.0219  0.0220  0.0222  0.0218  0.0221  0.0217  0.0218
  0.0226  0.0224  0.0220  0.0227  0.0228  0.0225  0.0225  0.0229  0.0222  0.0227  0.0219  0.0221
niter,ni,del,rscale     2    3    5.0000    0.5000
parameters
    3.1473    1.8543   19.3740  -11.7450  -20.0308   -6.6851
   -2.5537    0.9763    2.0505    0.9759    0.9298   -4.2553
eta,q 0.97845  9.25654
  0.0223  0.0221  0.0219  0.0224  0.0224  0.0222  0.0222  0.0225  0.0220  0.0224  0.0218  0.0219
  0.0219  0.0218  0.0217  0.0220  0.0219  0.0219  0.0218  0.0220  0.0218  0.0219  0.0217  0.0217
  0.0216  0.0216  0.0216  0.0217  0.0216  0.0217  0.0216  0.0217  0.0216  0.0217  0.0216  0.0216
  0.0216  0.0216  0.0216  0.0216  0.0215  0.0216  0.0215  0.0215  0.0215  0.0215  0.0215  0.0215
  0.0216  0.0216  0.0216  0.0216  0.0217  0.0216  0.0216  0.0217  0.0216  0.0216  0.0216  0.0216
  0.0219  0.0218  0.0217  0.0219  0.0220  0.0218  0.0218  0.0220  0.0217  0.0219  0.0216  0.0217
  0.0223  0.0221  0.0219  0.0224  0.0225  0.0222  0.0222  0.0225  0.0220  0.0224  0.0218  0.0219
niter,ni,del,rscale     1    3    5.0000    0.4000
parameters
    3.1464    1.8500   19.3588  -11.6810  -20.0676   -6.6027
   -2.5500    0.9787    2.0537    1.0012    0.9281   -4.2724
eta,q 0.97845  9.25879
  0.0220  0.0219  0.0217  0.0221  0.0221  0.0220  0.0220  0.0222  0.0218  0.0221  0.0217  0.0218
  0.0217  0.0217  0.0216  0.0218  0.0218  0.0218  0.0217  0.0218  0.0217  0.0218  0.0216  0.0217
  0.0216  0.0216  0.0216  0.0216  0.0216  0.0216  0.0216  0.0216  0.0216  0.0216  0.0216  0.0216
  0.0215  0.0215  0.0215  0.0215  0.0215  0.0216  0.0215  0.0215  0.0215  0.0215  0.0215  0.0215
  0.0216  0.0216  0.0216  0.0216  0.0216  0.0216  0.0216  0.0216  0.0216  0.0216  0.0216  0.0216
  0.0218  0.0217  0.0216  0.0218  0.0218  0.0217  0.0217  0.0218  0.0217  0.0218  0.0216  0.0217
  0.0220  0.0219  0.0218  0.0221  0.0222  0.0220  0.0220  0.0222  0.0218  0.0221  0.0217  0.0218
registration optimization eta report
parameter search radius
    0.8000    0.8000    0.8000    2.4000    2.4000    2.4000
    2.4000    2.4000    2.4000    2.4000    2.4000    2.4000
100000*second partial in parameter space
       72.       57.       32.       10.       10.        8.
        7.       11.        5.        9.        3.        4.
  0.0220  0.0219  0.0217  0.0221  0.0221  0.0220  0.0220  0.0222  0.0218  0.0221  0.0217  0.0218
  0.0217  0.0217  0.0216  0.0218  0.0218  0.0218  0.0217  0.0218  0.0217  0.0218  0.0216  0.0217
  0.0216  0.0216  0.0216  0.0216  0.0216  0.0216  0.0216  0.0216  0.0216  0.0216  0.0216  0.0216
  0.0215  0.0215  0.0215  0.0215  0.0215  0.0216  0.0215  0.0215  0.0215  0.0215  0.0215  0.0215
  0.0216  0.0216  0.0216  0.0216  0.0216  0.0216  0.0216  0.0216  0.0216  0.0216  0.0216  0.0216
  0.0218  0.0217  0.0216  0.0218  0.0218  0.0217  0.0217  0.0218  0.0217  0.0218  0.0216  0.0217
  0.0220  0.0219  0.0218  0.0221  0.0222  0.0220  0.0220  0.0222  0.0218  0.0221  0.0217  0.0218
    3.1464    1.8500   19.3588  -11.6810  -20.0676   -6.6027
   -2.5500    0.9787    2.0537    1.0012    0.9281   -4.2724
eta,q 0.97845  9.25879

---------------------------------------------------------------------
imgreg_4dfp /opt/freesurfer/average/711-2C_as_mni_average_305 /opt/freesurfer/average/711-2B_as_mni_average_305_mask talsrcimg_g11 none talsrcimg_to_711-2C_as_mni_average_305_t4 2311
---------------------------------------------------------------------

freesurfer imgreg_4dfp.c
/opt/freesurfer/average/711-2C_as_mni_average_305.4dfp.img
       256       256       256         1
  1.000000  1.000000  1.000000
orientation T byte_order littleendian
Reading image: /opt/freesurfer/average/711-2C_as_mni_average_305.4dfp.img
dimensions:      256       256       256
mmppix:       1.0000   -1.0000   -1.0000
center:     128.0000 -129.0000 -129.0000
/opt/freesurfer/average/711-2B_as_mni_average_305_mask.4dfp.img
       256       256       256         1
  1.000000  1.000000  1.000000
orientation T byte_order littleendian
Reading mask: /opt/freesurfer/average/711-2B_as_mni_average_305_mask.4dfp.img (2306576 pixels)
talsrcimg_g11.4dfp.img
       256       256       256         1
  1.000000  1.000000  1.000000
orientation T byte_order littleendian
Reading image: talsrcimg_g11.4dfp.img
dimensions:      256       256       256
mmppix:       1.0000   -1.0000   -1.0000
center:     128.0000 -129.0000 -129.0000
fimgreg.f
image alignment mode   2311 decimal      907 hex
parameters
    3.1464    1.8500   19.3588  -11.6810  -20.0676   -6.6027
   -2.5500    0.9787    2.0537    1.0012    0.9281   -4.2724
eta,q 0.97845  9.25879
niter,ni,del,rscale     5    3    5.0000    0.8000
parameters
    3.1544    1.8683   19.3538  -11.9369  -20.0181   -6.9393
   -2.5517    0.9447    2.0368    0.9074    0.8719   -4.2459
eta,q 0.97843  9.24674
  0.0234  0.0230  0.0223  0.0233  0.0236  0.0230  0.0231  0.0239  0.0227  0.0234  0.0221  0.0225
  0.0224  0.0222  0.0219  0.0224  0.0226  0.0223  0.0223  0.0226  0.0221  0.0224  0.0218  0.0220
  0.0217  0.0217  0.0216  0.0218  0.0218  0.0218  0.0217  0.0218  0.0217  0.0218  0.0216  0.0217
  0.0215  0.0215  0.0215  0.0215  0.0216  0.0216  0.0216  0.0216  0.0216  0.0216  0.0216  0.0216
  0.0217  0.0217  0.0216  0.0218  0.0218  0.0217  0.0218  0.0218  0.0217  0.0218  0.0216  0.0217
  0.0223  0.0222  0.0219  0.0226  0.0225  0.0224  0.0223  0.0227  0.0221  0.0225  0.0218  0.0220
  0.0233  0.0229  0.0224  0.0238  0.0235  0.0237  0.0231  0.0240  0.0227  0.0236  0.0222  0.0225
niter,ni,del,rscale     4    3    5.0000    0.7000
parameters
    3.1470    1.8748   19.3811  -11.8733  -19.9736   -6.8850
   -2.5608    0.9707    2.0478    0.9273    0.8835   -4.2461
eta,q 0.97844  9.25037
  0.0229  0.0227  0.0222  0.0231  0.0232  0.0229  0.0228  0.0234  0.0224  0.0231  0.0220  0.0223
  0.0222  0.0221  0.0218  0.0224  0.0224  0.0222  0.0221  0.0224  0.0220  0.0223  0.0218  0.0219
  0.0217  0.0217  0.0216  0.0218  0.0218  0.0218  0.0217  0.0218  0.0217  0.0218  0.0216  0.0217
  0.0216  0.0216  0.0216  0.0216  0.0216  0.0216  0.0216  0.0216  0.0216  0.0216  0.0216  0.0216
  0.0217  0.0217  0.0216  0.0217  0.0218  0.0216  0.0217  0.0218  0.0217  0.0217  0.0216  0.0216
  0.0222  0.0221  0.0218  0.0222  0.0223  0.0220  0.0221  0.0224  0.0220  0.0222  0.0218  0.0219
  0.0229  0.0226  0.0221  0.0231  0.0231  0.0229  0.0228  0.0234  0.0224  0.0231  0.0220  0.0223
niter,ni,del,rscale     3    3    5.0000    0.6000
parameters
    3.1467    1.8629   19.3741  -11.8073  -19.9968   -6.7769
   -2.5614    0.9714    2.0445    0.9564    0.8905   -4.2539
eta,q 0.97845  9.25393
  0.0226  0.0224  0.0220  0.0227  0.0228  0.0226  0.0225  0.0229  0.0222  0.0227  0.0219  0.0221
  0.0220  0.0219  0.0218  0.0222  0.0221  0.0221  0.0220  0.0222  0.0219  0.0221  0.0217  0.0218
  0.0217  0.0216  0.0216  0.0218  0.0217  0.0217  0.0217  0.0217  0.0216  0.0217  0.0216  0.0216
  0.0216  0.0216  0.0216  0.0216  0.0216  0.0216  0.0216  0.0216  0.0216  0.0216  0.0216  0.0216
  0.0217  0.0217  0.0216  0.0216  0.0217  0.0216  0.0217  0.0217  0.0216  0.0217  0.0216  0.0216
  0.0220  0.0219  0.0218  0.0220  0.0222  0.0219  0.0220  0.0222  0.0218  0.0221  0.0217  0.0218
  0.0226  0.0224  0.0220  0.0227  0.0228  0.0225  0.0225  0.0229  0.0222  0.0227  0.0219  0.0221
niter,ni,del,rscale     2    3    5.0000    0.5000
parameters
    3.1480    1.8564   19.3729  -11.7451  -20.0272   -6.6852
   -2.5537    0.9770    2.0480    0.9807    0.9151   -4.2665
eta,q 0.97845  9.25658
  0.0223  0.0221  0.0219  0.0224  0.0224  0.0223  0.0222  0.0225  0.0220  0.0224  0.0218  0.0219
  0.0219  0.0218  0.0217  0.0220  0.0219  0.0219  0.0218  0.0220  0.0218  0.0219  0.0217  0.0217
  0.0216  0.0216  0.0216  0.0217  0.0216  0.0216  0.0216  0.0217  0.0216  0.0217  0.0216  0.0216
  0.0216  0.0216  0.0216  0.0216  0.0215  0.0215  0.0215  0.0216  0.0215  0.0215  0.0215  0.0215
  0.0216  0.0216  0.0216  0.0216  0.0217  0.0216  0.0216  0.0217  0.0216  0.0216  0.0216  0.0216
  0.0219  0.0218  0.0217  0.0219  0.0220  0.0218  0.0218  0.0220  0.0218  0.0219  0.0216  0.0217
  0.0223  0.0221  0.0219  0.0224  0.0225  0.0222  0.0222  0.0225  0.0220  0.0224  0.0218  0.0219
niter,ni,del,rscale     1    3    5.0000    0.4000
parameters
    3.1484    1.8510   19.3602  -11.6802  -20.0666   -6.5998
   -2.5597    0.9814    2.0493    1.0021    0.9465   -4.2675
eta,q 0.97845  9.25895
  0.0220  0.0219  0.0217  0.0221  0.0221  0.0220  0.0220  0.0222  0.0218  0.0221  0.0217  0.0218
  0.0217  0.0217  0.0216  0.0218  0.0218  0.0218  0.0217  0.0218  0.0217  0.0218  0.0216  0.0217
  0.0216  0.0216  0.0216  0.0216  0.0216  0.0216  0.0216  0.0216  0.0216  0.0216  0.0216  0.0216
  0.0215  0.0215  0.0215  0.0215  0.0215  0.0215  0.0215  0.0215  0.0215  0.0215  0.0215  0.0215
  0.0216  0.0216  0.0216  0.0216  0.0216  0.0216  0.0216  0.0216  0.0216  0.0216  0.0216  0.0216
  0.0218  0.0217  0.0216  0.0218  0.0218  0.0217  0.0217  0.0218  0.0217  0.0218  0.0216  0.0217
  0.0220  0.0219  0.0218  0.0221  0.0222  0.0220  0.0220  0.0222  0.0218  0.0221  0.0217  0.0218
registration optimization eta report
parameter search radius
    0.8000    0.8000    0.8000    2.4000    2.4000    2.4000
    2.4000    2.4000    2.4000    2.4000    2.4000    2.4000
100000*second partial in parameter space
       71.       57.       32.       10.       10.        8.
        7.       11.        5.        9.        3.        4.
  0.0220  0.0219  0.0217  0.0221  0.0221  0.0220  0.0220  0.0222  0.0218  0.0221  0.0217  0.0218
  0.0217  0.0217  0.0216  0.0218  0.0218  0.0218  0.0217  0.0218  0.0217  0.0218  0.0216  0.0217
  0.0216  0.0216  0.0216  0.0216  0.0216  0.0216  0.0216  0.0216  0.0216  0.0216  0.0216  0.0216
  0.0215  0.0215  0.0215  0.0215  0.0215  0.0215  0.0215  0.0215  0.0215  0.0215  0.0215  0.0215
  0.0216  0.0216  0.0216  0.0216  0.0216  0.0216  0.0216  0.0216  0.0216  0.0216  0.0216  0.0216
  0.0218  0.0217  0.0216  0.0218  0.0218  0.0217  0.0217  0.0218  0.0217  0.0218  0.0216  0.0217
  0.0220  0.0219  0.0218  0.0221  0.0222  0.0220  0.0220  0.0222  0.0218  0.0221  0.0217  0.0218
    3.1484    1.8510   19.3602  -11.6802  -20.0666   -6.5998
   -2.5597    0.9814    2.0493    1.0021    0.9465   -4.2675
eta,q 0.97845  9.25895

---------------------------------------------------------------------
compute_vox2vox talsrcimg talsrcimg_to_711-2C_as_mni_average_305_t4 /opt/freesurfer/average/711-2C_as_mni_average_305
---------------------------------------------------------------------

freesurfer compute_vox2vox.c
Reading: talsrcimg.4dfp.ifh
Reading: talsrcimg_to_711-2C_as_mni_average_305_t4
Reading: /opt/freesurfer/average/711-2C_as_mni_average_305.4dfp.ifh
Writing: talsrcimg_to_711-2C_as_mni_average_305_t4_vox2vox.txt

start time Thu Mar 12 19:00:05 CET 2026
end		time Thu Mar 12 19:01:34 CET 2026

mpr2mni305 success

avi2talxfm orig_nu.mgz /opt/freesurfer/average/mni305.cor.mgz talsrcimg_to_711-2C_as_mni_average_305_t4_vox2vox.txt transforms/talairach.auto.xfm
avi2talxfm done
mv -f /out/sourcedata/freesurfer/sub-v1s20x0050365_ses-1/mri/talsrcimg_to_711-2C_as_mni_average_305_t4_vox2vox.txt /out/sourcedata/freesurfer/sub-v1s20x0050365_ses-1/mri/transforms/talsrcimg_to_711-2C_as_mni_average_305_t4_vox2vox.txt
lta_convert --src orig_nu.mgz --trg /opt/freesurfer/average/mni305.cor.mgz --inxfm transforms/talairach.auto.xfm --outlta transforms/talairach.auto.xfm.lta --subject fsaverage
7.3.2

--src: orig_nu.mgz src image (geometry).
--trg: /opt/freesurfer/average/mni305.cor.mgz trg image (geometry).
--inmni: transforms/talairach.auto.xfm input MNI/XFM transform.
--outlta: transforms/talairach.auto.xfm.lta output LTA.
--s: fsaverage subject name
 LTA read, type : 1
 1.13155  -0.01227   0.03558  -3.99293;
-0.01278   1.07019   0.05673  -21.28462;
-0.02885  -0.01310   1.24942  -2.70970;
 0.00000   0.00000   0.00000   1.00000;
setting subject to fsaverage
Writing  LTA to file transforms/talairach.auto.xfm.lta...
lta_convert successful.
 
 
Started at Thu Mar 12 19:00:04 CET 2026
Ended   at Thu Mar 12 19:01:34 CET 2026
talairach_avi done
