/out/sourcedata/freesurfer/sub-v1s20x0050294_ses-1/mri
/opt/freesurfer/bin/talairach_avi
--i orig_nu.mgz --xfm transforms/talairach.auto.xfm
talairach_avi 7.3.2
Linux dna078 5.14.0-427.37.1.el9_4.x86_64 #1 SMP PREEMPT_DYNAMIC Fri Sep 13 12:41:50 EDT 2024 x86_64 x86_64 x86_64 GNU/Linux
Thu Mar 12 15:22:18 CET 2026
mri_convert orig_nu.mgz talsrcimg.img 
reading from orig_nu.mgz...
TR=0.00, TE=0.00, TI=0.00, flip angle=0.00
i_ras = (-1, 0, 0)
j_ras = (0, 0, -1)
k_ras = (0, 1, 0)
writing to talsrcimg.img...
Analyze Output Matrix
-1.00000   0.00000   0.00000   129.50778;
 0.00000   0.00000   1.00000  -128.49219;
 0.00000  -1.00000   0.00000   129.70001;
 0.00000   0.00000   0.00000   1.00000;
--------------------
INFO: set hdr.hist.orient to -1
mpr2mni305 talsrcimg
Thu Mar 12 15:22:18 CET 2026
/opt/freesurfer/bin/mpr2mni305 talsrcimg
mpr2mni305 7.3.2
target=711-2C_as_mni_average_305

---------------------------------------------------------------------
analyzeto4dfp talsrcimg -O0 -y
---------------------------------------------------------------------

freesurfer ifh2hdr.c
Thu Mar 12 15:22:19 2026
Writing: talsrcimg.4dfp.hdr
freesurfer analyzeto4dfp.c
Reading: talsrcimg.hdr
header size 348 bytes
hdr.dime.datatype	offset=70	value=2
hdr.dime.bitpix		offset=72	value=8
hdr.hist.orient		offset=252	value=-1
dimensionality     4
dimensions       256       256       256         1
Reading: talsrcimg.img
Writing: talsrcimg.4dfp.img
Writing: talsrcimg.4dfp.ifh
ifh2hdr talsrcimg -r0to254
ori=2

---------------------------------------------------------------------
gauss_4dfp talsrcimg 1.1
---------------------------------------------------------------------

freesurfer gauss_4dfp.c
Reading: talsrcimg.4dfp.img
Writing: talsrcimg_g11.4dfp.img
image dimensions 256 256 256 padded to 288 288 288
processing volume 1freesurfer ifh2hdr.c
Thu Mar 12 15:22:20 2026
Writing: talsrcimg_g11.4dfp.hdr

Writing: talsrcimg_g11.4dfp.ifh
including: talsrcimg.4dfp.img.rec in talsrcimg_g11.4dfp.img.rec

---------------------------------------------------------------------
imgreg_4dfp /opt/freesurfer/average/711-2C_as_mni_average_305 none talsrcimg_g11 none talsrcimg_to_711-2C_as_mni_average_305_t4 4355
---------------------------------------------------------------------

freesurfer imgreg_4dfp.c
/opt/freesurfer/average/711-2C_as_mni_average_305.4dfp.img
       256       256       256         1
  1.000000  1.000000  1.000000
orientation T byte_order littleendian
Reading image: /opt/freesurfer/average/711-2C_as_mni_average_305.4dfp.img
dimensions:      256       256       256
mmppix:       1.0000   -1.0000   -1.0000
center:     128.0000 -129.0000 -129.0000
talsrcimg_g11.4dfp.img
       256       256       256         1
  1.000000  1.000000  1.000000
orientation T byte_order littleendian
Reading image: talsrcimg_g11.4dfp.img
dimensions:      256       256       256
mmppix:       1.0000   -1.0000   -1.0000
center:     128.0000 -129.0000 -129.0000
t4_read: open error in t4_sub.f l:  41 t4_file(1:l)talsrcimg_to_711-2C_as_mni_average_305_t4 
t4_read: transform initialized to I4
rotation matrix determinant  1.000000
image alignment mode   4355 decimal     1103 hex
   -7.5000  -45.0000  -45.0000 7485.6411   20.2415
    0.0000  -45.0000  -45.0000 7843.2373   20.2367
    7.5000  -45.0000  -45.0000 7533.5522   20.2297
   -7.5000  -37.5000  -45.0000 8053.0151   20.1354
    0.0000  -37.5000  -45.0000 8423.2939   20.1296
    7.5000  -37.5000  -45.0000 8083.1675   20.1292
   -7.5000  -30.0000  -45.0000 8832.8857   20.0828
    0.0000  -30.0000  -45.0000 9248.0459   20.0786
    7.5000  -30.0000  -45.0000 8882.1523   20.0932
   -7.5000  -22.5000  -45.0000 9480.0391   20.1399
    0.0000  -22.5000  -45.0000 9949.0557   20.1388
    7.5000  -22.5000  -45.0000 9535.6963   20.1619
   -7.5000  -15.0000  -45.000010027.5947   20.2469
    0.0000  -15.0000  -45.000010542.7764   20.2464
    7.5000  -15.0000  -45.000010078.8418   20.2644
   -7.5000   -7.5000  -45.000010568.9824   20.2959
    0.0000   -7.5000  -45.000011114.8945   20.2933
    7.5000   -7.5000  -45.000010629.1426   20.2962
   -7.5000    0.0000  -45.000011088.6055   20.2415
    0.0000    0.0000  -45.000011625.1064   20.2367
    7.5000    0.0000  -45.000011133.1562   20.2297
   -7.5000    7.5000  -45.000010854.4346   20.1354
    0.0000    7.5000  -45.000011383.9004   20.1296
    7.5000    7.5000  -45.000010881.1045   20.1292
   -7.5000   15.0000  -45.000010522.0518   20.0828
    0.0000   15.0000  -45.000011051.4648   20.0786
    7.5000   15.0000  -45.000010530.8936   20.0932
   -7.5000   22.5000  -45.0000 9929.1699   20.1372
    0.0000   22.5000  -45.000010413.4414   20.1360
    7.5000   22.5000  -45.0000 9899.5596   20.1592
   -7.5000   30.0000  -45.0000 9176.0703   19.9771
    0.0000   30.0000  -45.0000 9612.8252   19.9766
    7.5000   30.0000  -45.0000 9142.0088   19.9943
   -7.5000   37.5000  -45.0000 8738.9072   20.0254
    0.0000   37.5000  -45.0000 9141.2900   20.0229
    7.5000   37.5000  -45.0000 8704.5254   20.0257
   -7.5000   45.0000  -45.0000 7908.0854   19.4646
    0.0000   45.0000  -45.0000 8257.8379   19.4600
    7.5000   45.0000  -45.0000 7851.6494   19.4533
   -7.5000  -45.0000  -37.5000 8083.8096   20.2343
    0.0000  -45.0000  -37.5000 8490.8730   20.2354
    7.5000  -45.0000  -37.5000 8139.3345   20.2388
   -7.5000  -37.5000  -37.5000 8655.4150   20.1327
    0.0000  -37.5000  -37.5000 9089.8477   20.1354
    7.5000  -37.5000  -37.5000 8710.5059   20.1500
   -7.5000  -30.0000  -37.5000 9471.6787   20.0809
    0.0000  -30.0000  -37.5000 9957.9463   20.0846
    7.5000  -30.0000  -37.5000 9540.8496   20.1124
   -7.5000  -22.5000  -37.500010173.5938   20.1359
    0.0000  -22.5000  -37.500010697.4141   20.1389
    7.5000  -22.5000  -37.500010238.1377   20.1685
   -7.5000  -15.0000  -37.500010748.7812   20.2391
    0.0000  -15.0000  -37.500011337.1982   20.2398
    7.5000  -15.0000  -37.500010808.7783   20.2598
   -7.5000   -7.5000  -37.500011295.5615   20.2855
    0.0000   -7.5000  -37.500011885.0752   20.2854
    7.5000   -7.5000  -37.500011355.9229   20.2924
   -7.5000    0.0000  -37.500011816.0654   20.2343
    0.0000    0.0000  -37.500012422.2148   20.2354
    7.5000    0.0000  -37.500011864.5996   20.2388
   -7.5000    7.5000  -37.500011538.8594   20.1327
    0.0000    7.5000  -37.500012122.5371   20.1354
    7.5000    7.5000  -37.500011578.1602   20.1500
   -7.5000   15.0000  -37.500011167.5527   20.0809
    0.0000   15.0000  -37.500011743.9395   20.0846
    7.5000   15.0000  -37.500011198.2490   20.1124
   -7.5000   22.5000  -37.500010503.6328   20.1332
    0.0000   22.5000  -37.500011043.4941   20.1362
    7.5000   22.5000  -37.500010505.8311   20.1657
   -7.5000   30.0000  -37.5000 9690.5117   19.9693
    0.0000   30.0000  -37.500010162.9941   19.9701
    7.5000   30.0000  -37.5000 9674.9785   19.9898
   -7.5000   37.5000  -37.5000 9188.8916   20.0152
    0.0000   37.5000  -37.5000 9649.4492   20.0151
    7.5000   37.5000  -37.5000 9154.6123   20.0220
   -7.5000   45.0000  -37.5000 8312.6514   19.4577
    0.0000   45.0000  -37.5000 8694.4336   19.4587
    7.5000   45.0000  -37.5000 8244.1094   19.4620
   -7.5000  -45.0000  -30.0000 8801.7812   21.0607
    0.0000  -45.0000  -30.0000 9280.2119   21.0742
    7.5000  -45.0000  -30.0000 8868.3096   21.1019
   -7.5000  -37.5000  -30.0000 9412.7100   20.9617
    0.0000  -37.5000  -30.0000 9919.1240   20.9758
    7.5000  -37.5000  -30.0000 9491.9189   21.0163
   -7.5000  -30.0000  -30.000010277.6006   20.9070
    0.0000  -30.0000  -30.000010834.3965   20.9243
    7.5000  -30.0000  -30.000010378.9102   20.9764
   -7.5000  -22.5000  -30.000011006.0234   20.9582
    0.0000  -22.5000  -30.000011613.4717   20.9776
    7.5000  -22.5000  -30.000011114.5752   21.0280
   -7.5000  -15.0000  -30.000011630.5137   21.0593
    0.0000  -15.0000  -30.000012312.8027   21.0775
    7.5000  -15.0000  -30.000011728.9033   21.1165
   -7.5000   -7.5000  -30.000012232.0439   21.1070
    0.0000   -7.5000  -30.000012939.0127   21.1227
    7.5000   -7.5000  -30.000012325.4443   21.1506
   -7.5000    0.0000  -30.000012739.8740   21.0607
    0.0000    0.0000  -30.000013470.7812   21.0742
    7.5000    0.0000  -30.000012838.5908   21.1019
   -7.5000    7.5000  -30.000012389.9248   20.9617
    0.0000    7.5000  -30.000013104.0303   20.9758
    7.5000    7.5000  -30.000012494.2881   21.0163
   -7.5000   15.0000  -30.000011946.1123   20.9070
    0.0000   15.0000  -30.000012623.5820   20.9243
    7.5000   15.0000  -30.000012015.5508   20.9764
   -7.5000   22.5000  -30.000011219.9541   20.9532
    0.0000   22.5000  -30.000011839.8809   20.9725
    7.5000   22.5000  -30.000011251.2793   21.0229
   -7.5000   30.0000  -30.000010376.2275   20.7807
    0.0000   30.0000  -30.000010908.5117   20.7986
    7.5000   30.0000  -30.000010365.4170   20.8371
   -7.5000   37.5000  -30.0000 9809.5361   20.8278
    0.0000   37.5000  -30.000010297.8682   20.8432
    7.5000   37.5000  -30.0000 9788.6162   20.8707
   -7.5000   45.0000  -30.0000 8812.6709   20.2672
    0.0000   45.0000  -30.0000 9241.1631   20.2803
    7.5000   45.0000  -30.0000 8761.8467   20.3069
   -7.5000  -45.0000  -22.5000 9505.2080   21.7571
    0.0000  -45.0000  -22.500010077.0430   21.7793
    7.5000  -45.0000  -22.5000 9613.1641   21.8228
   -7.5000  -37.5000  -22.500010143.7930   21.6541
    0.0000  -37.5000  -22.500010771.1357   21.6727
    7.5000  -37.5000  -22.500010274.6377   21.7258
   -7.5000  -30.0000  -22.500011066.0146   21.5952
    0.0000  -30.0000  -22.500011753.4014   21.6198
    7.5000  -30.0000  -22.500011207.7285   21.6852
   -7.5000  -22.5000  -22.500011835.2197   21.6460
    0.0000  -22.5000  -22.500012563.0107   21.6801
    7.5000  -22.5000  -22.500011999.8535   21.7475
   -7.5000  -15.0000  -22.500012488.5918   21.7505
    0.0000  -15.0000  -22.500013291.5254   21.7883
    7.5000  -15.0000  -22.500012639.9316   21.8474
   -7.5000   -7.5000  -22.500013141.6934   21.8026
    0.0000   -7.5000  -22.500013990.5352   21.8346
    7.5000   -7.5000  -22.500013292.4326   21.8820
   -7.5000    0.0000  -22.500013688.0293   21.7571
    0.0000    0.0000  -22.500014557.0049   21.7793
    7.5000    0.0000  -22.500013839.5537   21.8228
   -7.5000    7.5000  -22.500013248.3457   21.6541
    0.0000    7.5000  -22.500014112.3594   21.6727
    7.5000    7.5000  -22.500013401.0537   21.7258
   -7.5000   15.0000  -22.500012745.0078   21.5952
    0.0000   15.0000  -22.500013525.6768   21.6198
    7.5000   15.0000  -22.500012853.1582   21.6852
   -7.5000   22.5000  -22.500011945.4316   21.6393
    0.0000   22.5000  -22.500012642.6562   21.6734
    7.5000   22.5000  -22.500012015.2529   21.7408
   -7.5000   30.0000  -22.500011021.8916   21.4660
    0.0000   30.0000  -22.500011636.7793   21.5033
    7.5000   30.0000  -22.500011047.4941   21.5616
   -7.5000   37.5000  -22.500010407.8037   21.5174
    0.0000   37.5000  -22.500010956.0654   21.5490
    7.5000   37.5000  -22.500010401.1074   21.5958
   -7.5000   45.0000  -22.5000 9292.0176   20.9532
    0.0000   45.0000  -22.5000 9787.2930   20.9746
    7.5000   45.0000  -22.5000 9267.1592   21.0164
   -7.5000  -45.0000  -15.000010248.1582   22.2775
    0.0000  -45.0000  -15.000010869.9170   22.2958
    7.5000  -45.0000  -15.000010361.7402   22.3310
   -7.5000  -37.5000  -15.000010907.4521   22.1657
    0.0000  -37.5000  -15.000011590.7852   22.1776
    7.5000  -37.5000  -15.000011044.4033   22.2184
   -7.5000  -30.0000  -15.000011859.4961   22.1052
    0.0000  -30.0000  -15.000012645.4443   22.1247
    7.5000  -30.0000  -15.000012028.1621   22.1806
   -7.5000  -22.5000  -15.000012671.7402   22.1616
    0.0000  -22.5000  -15.000013496.3789   22.1958
    7.5000  -22.5000  -15.000012835.7568   22.2606
   -7.5000  -15.0000  -15.000013332.6943   22.2745
    0.0000  -15.0000  -15.000014247.0723   22.3153
    7.5000  -15.0000  -15.000013526.9639   22.3755
   -7.5000   -7.5000  -15.000013979.8389   22.3298
    0.0000   -7.5000  -15.000014930.8203   22.3624
    7.5000   -7.5000  -15.000014182.5791   22.4080
   -7.5000    0.0000  -15.000014539.6494   22.2775
    0.0000    0.0000  -15.000015575.9023   22.2958
    7.5000    0.0000  -15.000014761.6533   22.3310
   -7.5000    7.5000  -15.000014104.3994   22.1657
    0.0000    7.5000  -15.000015062.3398   22.1776
    7.5000    7.5000  -15.000014296.2432   22.2184
   -7.5000   15.0000  -15.000013529.8838   22.1052
    0.0000   15.0000  -15.000014420.2861   22.1247
    7.5000   15.0000  -15.000013660.4844   22.1806
   -7.5000   22.5000  -15.000012649.5479   22.1538
    0.0000   22.5000  -15.000013459.3584   22.1880
    7.5000   22.5000  -15.000012739.2803   22.2527
   -7.5000   30.0000  -15.000011688.3203   21.9862
    0.0000   30.0000  -15.000012385.3779   22.0265
    7.5000   30.0000  -15.000011722.8311   22.0860
   -7.5000   37.5000  -15.000010983.1523   22.0408
    0.0000   37.5000  -15.000011616.0420   22.0730
    7.5000   37.5000  -15.000010993.3115   22.1180
   -7.5000   45.0000  -15.0000 9781.6689   21.4673
    0.0000   45.0000  -15.000010309.4863   21.4850
    7.5000   45.0000  -15.0000 9775.8311   21.5189
   -7.5000  -45.0000   -7.500011047.5303   22.5665
    0.0000  -45.0000   -7.500011707.0859   22.5701
    7.5000  -45.0000   -7.500011166.9551   22.5788
   -7.5000  -37.5000   -7.500011724.9971   22.4488
    0.0000  -37.5000   -7.500012436.6416   22.4472
    7.5000  -37.5000   -7.500011843.6162   22.4602
   -7.5000  -30.0000   -7.500012714.9385   22.3890
    0.0000  -30.0000   -7.500013521.6885   22.3931
    7.5000  -30.0000   -7.500012857.0801   22.4231
   -7.5000  -22.5000   -7.500013544.6064   22.4510
    0.0000  -22.5000   -7.500014432.5840   22.4665
    7.5000  -22.5000   -7.500013709.5293   22.5091
   -7.5000  -15.0000   -7.500014212.2959   22.5697
    0.0000  -15.0000   -7.500015212.3213   22.5899
    7.5000  -15.0000   -7.500014407.7754   22.6294
   -7.5000   -7.5000   -7.500014847.9912   22.6254
    0.0000   -7.5000   -7.500015877.6885   22.6394
    7.5000   -7.5000   -7.500015073.9707   22.6619
   -7.5000    0.0000   -7.500015447.0381   22.5665
    0.0000    0.0000   -7.500016530.9277   22.5701
    7.5000    0.0000   -7.500015690.7939   22.5788
   -7.5000    7.5000   -7.500014982.2363   22.4488
    0.0000    7.5000   -7.500015990.6855   22.4472
    7.5000    7.5000   -7.500015164.6855   22.4602
   -7.5000   15.0000   -7.500014312.9111   22.3890
    0.0000   15.0000   -7.500015251.9893   22.3931
    7.5000   15.0000   -7.500014438.7676   22.4231
   -7.5000   22.5000   -7.500013347.9082   22.4406
    0.0000   22.5000   -7.500014211.2871   22.4561
    7.5000   22.5000   -7.500013436.7080   22.4987
   -7.5000   30.0000   -7.500012304.8281   22.2770
    0.0000   30.0000   -7.500013070.5479   22.2970
    7.5000   30.0000   -7.500012353.1270   22.3359
   -7.5000   37.5000   -7.500011554.1543   22.3320
    0.0000   37.5000   -7.500012247.8594   22.3458
    7.5000   37.5000   -7.500011590.7080   22.3680
   -7.5000   45.0000   -7.500010300.7646   21.7499
    0.0000   45.0000   -7.500010857.8779   21.7533
    7.5000   45.0000   -7.500010286.9395   21.7617
   -7.5000  -45.0000    0.000011781.4775   22.6416
    0.0000  -45.0000    0.000012447.1514   22.6362
    7.5000  -45.0000    0.000011892.7793   22.6285
   -7.5000  -37.5000    0.000012482.0576   22.5226
    0.0000  -37.5000    0.000013178.0254   22.5162
    7.5000  -37.5000    0.000012570.6719   22.5158
   -7.5000  -30.0000    0.000013509.7969   22.4637
    0.0000  -30.0000    0.000014263.2051   22.4590
    7.5000  -30.0000    0.000013619.8115   22.4755
   -7.5000  -22.5000    0.000014383.2324   22.5278
    0.0000  -22.5000    0.000015320.3496   22.5265
    7.5000  -22.5000    0.000014538.8320   22.5525
   -7.5000  -15.0000    0.000015068.9521   22.6476
    0.0000  -15.0000    0.000016043.3643   22.6471
    7.5000  -15.0000    0.000015303.4805   22.6673
   -7.5000   -7.5000    0.000015759.6328   22.7025
    0.0000   -7.5000    0.000016769.1367   22.6996
    7.5000   -7.5000    0.000016024.9131   22.7030
   -7.5000    0.0000    0.000016378.6650   22.6416
    0.0000    0.0000    0.000017435.5176   22.6362
    7.5000    0.0000    0.000016627.6855   22.6285
   -7.5000    7.5000    0.000015823.6826   22.5226
    0.0000    7.5000    0.000016806.9121   22.5162
    7.5000    7.5000    0.000016013.0889   22.5158
   -7.5000   15.0000    0.000015012.3154   22.4637
    0.0000   15.0000    0.000015939.9424   22.4590
    7.5000   15.0000    0.000015155.2754   22.4755
   -7.5000   22.5000    0.000013940.5986   22.5174
    0.0000   22.5000    0.000014794.1260   22.5161
    7.5000   22.5000    0.000014045.0049   22.5421
   -7.5000   30.0000    0.000012848.8867   22.3545
    0.0000   30.0000    0.000013625.5234   22.3540
    7.5000   30.0000    0.000012907.9775   22.3740
   -7.5000   37.5000    0.000012071.2520   22.4086
    0.0000   37.5000    0.000012782.3955   22.4058
    7.5000   37.5000    0.000012096.1641   22.4091
   -7.5000   45.0000    0.000010786.6182   21.8239
    0.0000   45.0000    0.000011376.1846   21.8187
    7.5000   45.0000    0.000010782.7188   21.8113
   -7.5000  -45.0000    7.500011536.2812   22.6427
    0.0000  -45.0000    7.500012111.2549   22.6439
    7.5000  -45.0000    7.500011597.5215   22.6478
   -7.5000  -37.5000    7.500012202.8994   22.5291
    0.0000  -37.5000    7.500012794.4707   22.5321
    7.5000  -37.5000    7.500012245.5537   22.5484
   -7.5000  -30.0000    7.500013232.9512   22.4711
    0.0000  -30.0000    7.500013862.3320   22.4752
    7.5000  -30.0000    7.500013260.6094   22.5063
   -7.5000  -22.5000    7.500014111.7598   22.5327
    0.0000  -22.5000    7.500014842.0635   22.5360
    7.5000  -22.5000    7.500014170.1846   22.5691
   -7.5000  -15.0000    7.500014700.8311   22.6480
    0.0000  -15.0000    7.500015337.9629   22.6489
    7.5000  -15.0000    7.500014845.7158   22.6712
   -7.5000   -7.5000    7.500015361.7783   22.7001
    0.0000   -7.5000    7.500016075.4434   22.6999
    7.5000   -7.5000    7.500015560.8184   22.7078
   -7.5000    0.0000    7.500015974.6006   22.6427
    0.0000    0.0000    7.500016783.9746   22.6439
    7.5000    0.0000    7.500016170.8174   22.6478
   -7.5000    7.5000    7.500015398.5391   22.5291
    0.0000    7.5000    7.500016188.2246   22.5321
    7.5000    7.5000    7.500015574.0137   22.5484
   -7.5000   15.0000    7.500014581.3379   22.4711
    0.0000   15.0000    7.500015328.8252   22.4752
    7.5000   15.0000    7.500014716.6426   22.5063
   -7.5000   22.5000    7.500013510.1816   22.5223
    0.0000   22.5000    7.500014199.9385   22.5256
    7.5000   22.5000    7.500013600.8604   22.5587
   -7.5000   30.0000    7.500012470.8906   22.3549
    0.0000   30.0000    7.500013126.2812   22.3558
    7.5000   30.0000    7.500012532.0801   22.3778
   -7.5000   37.5000    7.500011702.6943   22.4063
    0.0000   37.5000    7.500012343.5889   22.4061
    7.5000   37.5000    7.500011734.3633   22.4139
   -7.5000   45.0000    7.500010423.7852   21.8249
    0.0000   45.0000    7.500010976.6123   21.8261
    7.5000   45.0000    7.500010422.4912   21.8299
   -7.5000  -45.0000   15.000011107.8057   22.6157
    0.0000  -45.0000   15.000011652.7295   22.6302
    7.5000  -45.0000   15.000011155.4658   22.6600
   -7.5000  -37.5000   15.000011759.0205   22.5094
    0.0000  -37.5000   15.000012311.7041   22.5245
    7.5000  -37.5000   15.000011787.5469   22.5680
   -7.5000  -30.0000   15.000012767.6572   22.4507
    0.0000  -30.0000   15.000013332.5068   22.4693
    7.5000  -30.0000   15.000012767.1865   22.5252
   -7.5000  -22.5000   15.000013638.3594   22.5057
    0.0000  -22.5000   15.000014196.6953   22.5265
    7.5000  -22.5000   15.000013605.3447   22.5806
   -7.5000  -15.0000   15.000014266.7578   22.6142
    0.0000  -15.0000   15.000014671.9219   22.6338
    7.5000  -15.0000   15.000014278.7080   22.6757
   -7.5000   -7.5000   15.000014860.3115   22.6655
    0.0000   -7.5000   15.000015333.9160   22.6823
    7.5000   -7.5000   15.000014932.4971   22.7123
   -7.5000    0.0000   15.000015455.7842   22.6157
    0.0000    0.0000   15.000016072.4648   22.6302
    7.5000    0.0000   15.000015531.2100   22.6600
   -7.5000    7.5000   15.000014908.2412   22.5094
    0.0000    7.5000   15.000015588.0273   22.5245
    7.5000    7.5000   15.000014997.6943   22.5680
   -7.5000   15.0000   15.000014113.3486   22.4507
    0.0000   15.0000   15.000014761.0752   22.4693
    7.5000   15.0000   15.000014173.1758   22.5252
   -7.5000   22.5000   15.000013034.2393   22.4953
    0.0000   22.5000   15.000013632.9756   22.5161
    7.5000   22.5000   15.000013078.8008   22.5702
   -7.5000   30.0000   15.000012032.7529   22.3216
    0.0000   30.0000   15.000012588.5215   22.3409
    7.5000   30.0000   15.000012058.4482   22.3822
   -7.5000   37.5000   15.000011244.6953   22.3722
    0.0000   37.5000   15.000011770.5781   22.3887
    7.5000   37.5000   15.000011256.2812   22.4183
   -7.5000   45.0000   15.0000 9963.9590   21.7989
    0.0000   45.0000   15.000010458.7725   21.8129
    7.5000   45.0000   15.0000 9952.8359   21.8416
   -7.5000  -45.0000   22.500010583.0625   22.5856
    0.0000  -45.0000   22.500011087.3682   22.6087
    7.5000  -45.0000   22.500010632.2705   22.6538
   -7.5000  -37.5000   22.500011211.6396   22.4787
    0.0000  -37.5000   22.500011724.4932   22.4980
    7.5000  -37.5000   22.500011236.7666   22.5531
   -7.5000  -30.0000   22.500012150.1025   22.4175
    0.0000  -30.0000   22.500012708.7812   22.4430
    7.5000  -30.0000   22.500012188.5830   22.5110
   -7.5000  -22.5000   22.500012979.6211   22.4703
    0.0000  -22.5000   22.500013577.2764   22.5056
    7.5000  -22.5000   22.500012956.5850   22.5756
   -7.5000  -15.0000   22.500013683.9766   22.5788
    0.0000  -15.0000   22.500014271.0195   22.6179
    7.5000  -15.0000   22.500013615.1533   22.6793
   -7.5000   -7.5000   22.500014308.2881   22.6329
    0.0000   -7.5000   22.500014914.6074   22.6661
    7.5000   -7.5000   22.500014252.2178   22.7152
   -7.5000    0.0000   22.500014850.5400   22.5856
    0.0000    0.0000   22.500015481.0762   22.6087
    7.5000    0.0000   22.500014800.0518   22.6538
   -7.5000    7.5000   22.500014299.6064   22.4787
    0.0000    7.5000   22.500014920.8184   22.4980
    7.5000    7.5000   22.500014289.7559   22.5531
   -7.5000   15.0000   22.500013502.7773   22.4175
    0.0000   15.0000   22.500014115.9062   22.4430
    7.5000   15.0000   22.500013522.4717   22.5110
   -7.5000   22.5000   22.500012471.1426   22.4599
    0.0000   22.5000   22.500013023.4561   22.4953
    7.5000   22.5000   22.500012462.8906   22.5652
   -7.5000   30.0000   22.500011479.3760   22.2865
    0.0000   30.0000   22.500011985.7314   22.3252
    7.5000   30.0000   22.500011460.7881   22.3858
   -7.5000   37.5000   22.500010685.6660   22.3400
    0.0000   37.5000   22.500011129.1543   22.3727
    7.5000   37.5000   22.500010652.4473   22.4213
   -7.5000   45.0000   22.5000 9465.2393   21.7699
    0.0000   45.0000   22.5000 9850.0088   21.7922
    7.5000   45.0000   22.5000 9396.1055   21.8356
   -7.5000  -45.0000   30.0000 9901.6826   22.5832
    0.0000  -45.0000   30.000010442.0166   22.6019
    7.5000  -45.0000   30.0000 9973.9971   22.6375
   -7.5000  -37.5000   30.000010483.7559   22.4699
    0.0000  -37.5000   30.000011041.0742   22.4820
    7.5000  -37.5000   30.000010544.8467   22.5233
   -7.5000  -30.0000   30.000011391.1406   22.4086
    0.0000  -30.0000   30.000011971.1074   22.4284
    7.5000  -30.0000   30.000011437.7734   22.4850
   -7.5000  -22.5000   30.000012169.6680   22.4658
    0.0000  -22.5000   30.000012769.0674   22.5004
    7.5000  -22.5000   30.000012173.7959   22.5661
   -7.5000  -15.0000   30.000012809.1094   22.5802
    0.0000  -15.0000   30.000013422.2939   22.6216
    7.5000  -15.0000   30.000012781.8145   22.6826
   -7.5000   -7.5000   30.000013421.5830   22.6362
    0.0000   -7.5000   30.000014044.2119   22.6694
    7.5000   -7.5000   30.000013365.0596   22.7155
   -7.5000    0.0000   30.000013994.7344   22.5832
    0.0000    0.0000   30.000014642.6279   22.6019
    7.5000    0.0000   30.000013905.3262   22.6375
   -7.5000    7.5000   30.000013487.8965   22.4699
    0.0000    7.5000   30.000014113.2305   22.4820
    7.5000    7.5000   30.000013435.8848   22.5233
   -7.5000   15.0000   30.000012761.1504   22.4086
    0.0000   15.0000   30.000013359.7275   22.4284
    7.5000   15.0000   30.000012739.2783   22.4850
   -7.5000   22.5000   30.000011769.3311   22.4554
    0.0000   22.5000   30.000012349.0703   22.4901
    7.5000   22.5000   30.000011757.8525   22.5557
   -7.5000   30.0000   30.000010795.8369   22.2880
    0.0000   30.0000   30.000011294.5176   22.3288
    7.5000   30.0000   30.000010757.5576   22.3891
   -7.5000   37.5000   30.000010020.5693   22.3433
    0.0000   37.5000   30.000010468.8613   22.3760
    7.5000   37.5000   30.0000 9978.9209   22.4215
   -7.5000   45.0000   30.0000 8847.8760   21.7676
    0.0000   45.0000   30.0000 9226.4756   21.7856
    7.5000   45.0000   30.0000 8784.8242   21.8199
   -7.5000  -45.0000   37.5000 9536.3008   22.6200
    0.0000  -45.0000   37.500010044.9492   22.6235
    7.5000  -45.0000   37.5000 9604.0234   22.6323
   -7.5000  -37.5000   37.500010090.0488   22.5019
    0.0000  -37.5000   37.500010593.9023   22.5002
    7.5000  -37.5000   37.500010147.3525   22.5133
   -7.5000  -30.0000   37.500010938.4062   22.4418
    0.0000  -30.0000   37.500011471.7031   22.4459
    7.5000  -30.0000   37.500010982.5947   22.4760
   -7.5000  -22.5000   37.500011659.1191   22.5040
    0.0000  -22.5000   37.500012209.2432   22.5195
    7.5000  -22.5000   37.500011684.6289   22.5622
   -7.5000  -15.0000   37.500012279.7920   22.6230
    0.0000  -15.0000   37.500012827.0029   22.6433
    7.5000  -15.0000   37.500012285.8203   22.6828
   -7.5000   -7.5000   37.500012877.0000   22.6790
    0.0000   -7.5000   37.500013420.0225   22.6930
    7.5000   -7.5000   37.500012867.1143   22.7156
   -7.5000    0.0000   37.500013423.8701   22.6200
    0.0000    0.0000   37.500013999.2949   22.6235
    7.5000    0.0000   37.500013391.4385   22.6323
   -7.5000    7.5000   37.500013007.6504   22.5019
    0.0000    7.5000   37.500013597.8633   22.5002
    7.5000    7.5000   37.500012991.4375   22.5133
   -7.5000   15.0000   37.500012331.2119   22.4418
    0.0000   15.0000   37.500012901.3740   22.4459
    7.5000   15.0000   37.500012323.1738   22.4760
   -7.5000   22.5000   37.500011378.7871   22.4936
    0.0000   22.5000   37.500011914.0469   22.5091
    7.5000   22.5000   37.500011366.0781   22.5518
   -7.5000   30.0000   37.500010425.2012   22.3302
    0.0000   30.0000   37.500010922.1143   22.3503
    7.5000   30.0000   37.500010398.4316   22.3892
   -7.5000   37.5000   37.5000 9683.0059   22.3855
    0.0000   37.5000   37.500010155.7412   22.3993
    7.5000   37.5000   37.5000 9663.7930   22.4216
   -7.5000   45.0000   37.5000 8555.9551   21.8031
    0.0000   45.0000   37.5000 8942.1426   21.8064
    7.5000   45.0000   37.5000 8507.7393   21.8149
   -7.5000  -45.0000   45.0000 8685.6641   22.6703
    0.0000  -45.0000   45.0000 9149.1729   22.6642
    7.5000  -45.0000   45.0000 8762.9033   22.6566
   -7.5000  -37.5000   45.0000 9206.5479   22.5504
    0.0000  -37.5000   45.0000 9650.9004   22.5431
    7.5000  -37.5000   45.0000 9245.6172   22.5429
   -7.5000  -30.0000   45.0000 9959.8125   22.4910
    0.0000  -30.0000   45.000010416.1426   22.4856
    7.5000  -30.0000   45.0000 9978.5303   22.5021
   -7.5000  -22.5000   45.000010636.0029   22.5555
    0.0000  -22.5000   45.000011103.3154   22.5536
    7.5000  -22.5000   45.000010644.8223   22.5798
   -7.5000  -15.0000   45.000011186.3311   22.6763
    0.0000  -15.0000   45.000011687.8936   22.6752
    7.5000  -15.0000   45.000011177.7861   22.6956
   -7.5000   -7.5000   45.000011721.1895   22.7316
    0.0000   -7.5000   45.000012198.2012   22.7281
    7.5000   -7.5000   45.000011698.4160   22.7316
   -7.5000    0.0000   45.000012205.4805   22.6703
    0.0000    0.0000   45.000012725.0029   22.6642
    7.5000    0.0000   45.000012193.0430   22.6566
   -7.5000    7.5000   45.000011874.5938   22.5504
    0.0000    7.5000   45.000012408.0645   22.5431
    7.5000    7.5000   45.000011875.1006   22.5429
   -7.5000   15.0000   45.000011278.4717   22.4910
    0.0000   15.0000   45.000011787.7598   22.4856
    7.5000   15.0000   45.000011280.5156   22.5021
   -7.5000   22.5000   45.000010433.2910   22.5450
    0.0000   22.5000   45.000010899.2627   22.5432
    7.5000   22.5000   45.000010423.4902   22.5693
   -7.5000   30.0000   45.0000 9580.7363   22.3809
    0.0000   30.0000   45.000010012.9990   22.3798
    7.5000   30.0000   45.0000 9545.8691   22.3999
   -7.5000   37.5000   45.0000 8935.8311   22.4355
    0.0000   37.5000   45.0000 9319.2285   22.4320
    7.5000   37.5000   45.0000 8878.4609   22.4355
   -7.5000   45.0000   45.0000 7893.7314   21.8615
    0.0000   45.0000   45.0000 8205.7207   21.8556
    7.5000   45.0000   45.0000 7820.6353   21.8483

---------------------------------------------------------------------
imgreg_4dfp /opt/freesurfer/average/711-2C_as_mni_average_305 /opt/freesurfer/average/711-2B_as_mni_average_305_mask talsrcimg_g11 none talsrcimg_to_711-2C_as_mni_average_305_t4 4355
---------------------------------------------------------------------

freesurfer imgreg_4dfp.c
/opt/freesurfer/average/711-2C_as_mni_average_305.4dfp.img
       256       256       256         1
  1.000000  1.000000  1.000000
orientation T byte_order littleendian
Reading image: /opt/freesurfer/average/711-2C_as_mni_average_305.4dfp.img
dimensions:      256       256       256
mmppix:       1.0000   -1.0000   -1.0000
center:     128.0000 -129.0000 -129.0000
/opt/freesurfer/average/711-2B_as_mni_average_305_mask.4dfp.img
       256       256       256         1
  1.000000  1.000000  1.000000
orientation T byte_order littleendian
Reading mask: /opt/freesurfer/average/711-2B_as_mni_average_305_mask.4dfp.img (2306576 pixels)
talsrcimg_g11.4dfp.img
       256       256       256         1
  1.000000  1.000000  1.000000
orientation T byte_order littleendian
Reading image: talsrcimg_g11.4dfp.img
dimensions:      256       256       256
mmppix:       1.0000   -1.0000   -1.0000
center:     128.0000 -129.0000 -129.0000
rotation matrix determinant  1.000000
image alignment mode   4355 decimal     1103 hex
   -7.5000  -45.0000  -45.0000 1981.3184   23.4321
    0.0000  -45.0000  -45.0000 1993.9443   23.3414
    7.5000  -45.0000  -45.0000 1984.2129   23.4647
   -7.5000  -37.5000  -45.0000 2080.2827   21.3170
    0.0000  -37.5000  -45.0000 2089.6089   21.3223
    7.5000  -37.5000  -45.0000 2079.1614   21.4278
   -7.5000  -30.0000  -45.0000 2137.6790   19.9480
    0.0000  -30.0000  -45.0000 2151.7427   19.9194
    7.5000  -30.0000  -45.0000 2140.1951   19.9832
   -7.5000  -22.5000  -45.0000 2165.0623   19.0487
    0.0000  -22.5000  -45.0000 2180.5000   19.0064
    7.5000  -22.5000  -45.0000 2167.9446   19.1030
   -7.5000  -15.0000  -45.0000 2183.8662   18.5937
    0.0000  -15.0000  -45.0000 2197.5586   18.5191
    7.5000  -15.0000  -45.0000 2182.8579   18.6662
   -7.5000   -7.5000  -45.0000 2190.6987   18.4581
    0.0000   -7.5000  -45.0000 2205.5972   18.3892
    7.5000   -7.5000  -45.0000 2189.3623   18.4876
   -7.5000    0.0000  -45.0000 2177.9009   18.7130
    0.0000    0.0000  -45.0000 2190.3281   18.5702
    7.5000    0.0000  -45.0000 2174.4856   18.7367
   -7.5000    7.5000  -45.0000 2143.0889   19.3714
    0.0000    7.5000  -45.0000 2158.4434   19.2350
    7.5000    7.5000  -45.0000 2140.6465   19.3539
   -7.5000   15.0000  -45.0000 2089.9790   20.4282
    0.0000   15.0000  -45.0000 2110.3923   20.2506
    7.5000   15.0000  -45.0000 2087.9236   20.4172
   -7.5000   22.5000  -45.0000 2015.1216   22.0675
    0.0000   22.5000  -45.0000 2030.4393   21.8623
    7.5000   22.5000  -45.0000 2010.9725   22.1277
   -7.5000   30.0000  -45.0000 1919.7405   24.3787
    0.0000   30.0000  -45.0000 1929.3192   24.1146
    7.5000   30.0000  -45.0000 1911.9849   24.4650
   -7.5000   37.5000  -45.0000 1803.9849   27.4790
    0.0000   37.5000  -45.0000 1818.6948   27.1757
    7.5000   37.5000  -45.0000 1802.1824   27.5605
   -7.5000   45.0000  -45.0000 1678.7528   31.5190
    0.0000   45.0000  -45.0000 1691.0602   31.1679
    7.5000   45.0000  -45.0000 1677.6222   31.6697
   -7.5000  -45.0000  -37.5000 2076.1450   21.3962
    0.0000  -45.0000  -37.5000 2092.7744   21.3851
    7.5000  -45.0000  -37.5000 2085.3545   21.4918
   -7.5000  -37.5000  -37.5000 2173.3398   19.4976
    0.0000  -37.5000  -37.5000 2192.6458   19.5079
    7.5000  -37.5000  -37.5000 2179.6858   19.6007
   -7.5000  -30.0000  -37.5000 2238.1746   18.1853
    0.0000  -30.0000  -37.5000 2256.1934   18.1965
    7.5000  -30.0000  -37.5000 2244.3889   18.2772
   -7.5000  -22.5000  -37.5000 2274.5547   17.3713
    0.0000  -22.5000  -37.5000 2293.1509   17.3788
    7.5000  -22.5000  -37.5000 2274.9446   17.4428
   -7.5000  -15.0000  -37.5000 2291.1021   16.9701
    0.0000  -15.0000  -37.5000 2309.4861   16.9726
    7.5000  -15.0000  -37.5000 2294.5735   17.0403
   -7.5000   -7.5000  -37.5000 2297.4746   16.8972
    0.0000   -7.5000  -37.5000 2314.4739   16.8664
    7.5000   -7.5000  -37.5000 2299.8154   16.9366
   -7.5000    0.0000  -37.5000 2285.5627   17.1109
    0.0000    0.0000  -37.5000 2299.8379   17.0636
    7.5000    0.0000  -37.5000 2280.4851   17.1646
   -7.5000    7.5000  -37.5000 2251.2004   17.7186
    0.0000    7.5000  -37.5000 2268.2778   17.6492
    7.5000    7.5000  -37.5000 2248.7930   17.7557
   -7.5000   15.0000  -37.5000 2195.8447   18.6887
    0.0000   15.0000  -37.5000 2211.0422   18.6083
    7.5000   15.0000  -37.5000 2195.2549   18.7249
   -7.5000   22.5000  -37.5000 2115.0459   20.2029
    0.0000   22.5000  -37.5000 2131.7112   20.0634
    7.5000   22.5000  -37.5000 2113.5122   20.2697
   -7.5000   30.0000  -37.5000 2010.8993   22.3195
    0.0000   30.0000  -37.5000 2022.7682   22.0933
    7.5000   30.0000  -37.5000 2006.3999   22.3377
   -7.5000   37.5000  -37.5000 1884.5881   25.1827
    0.0000   37.5000  -37.5000 1903.3850   24.9361
    7.5000   37.5000  -37.5000 1880.5277   25.1583
   -7.5000   45.0000  -37.5000 1754.6672   28.8413
    0.0000   45.0000  -37.5000 1769.6118   28.5410
    7.5000   45.0000  -37.5000 1750.5315   28.9171
   -7.5000  -45.0000  -30.0000 2198.3469   20.2896
    0.0000  -45.0000  -30.0000 2220.2581   20.3564
    7.5000  -45.0000  -30.0000 2208.2390   20.4563
   -7.5000  -37.5000  -30.0000 2302.3958   18.4739
    0.0000  -37.5000  -30.0000 2325.5625   18.4955
    7.5000  -37.5000  -30.0000 2312.8892   18.6218
   -7.5000  -30.0000  -30.0000 2374.3386   17.2557
    0.0000  -30.0000  -30.0000 2392.7102   17.2567
    7.5000  -30.0000  -30.0000 2381.8088   17.3655
   -7.5000  -22.5000  -30.0000 2414.3291   16.4475
    0.0000  -22.5000  -30.0000 2436.3923   16.4598
    7.5000  -22.5000  -30.0000 2417.1306   16.5857
   -7.5000  -15.0000  -30.0000 2447.3088   16.0164
    0.0000  -15.0000  -30.0000 2468.5757   16.0199
    7.5000  -15.0000  -30.0000 2448.1917   16.1358
   -7.5000   -7.5000  -30.0000 2461.3608   15.9820
    0.0000   -7.5000  -30.0000 2478.3621   15.9350
    7.5000   -7.5000  -30.0000 2460.1162   16.0543
   -7.5000    0.0000  -30.0000 2444.2886   16.2584
    0.0000    0.0000  -30.0000 2463.2090   16.2358
    7.5000    0.0000  -30.0000 2438.9548   16.3263
   -7.5000    7.5000  -30.0000 2405.0237   16.8902
    0.0000    7.5000  -30.0000 2430.1011   16.8224
    7.5000    7.5000  -30.0000 2403.9819   16.9219
   -7.5000   15.0000  -30.0000 2341.4578   17.8490
    0.0000   15.0000  -30.0000 2362.8682   17.7920
    7.5000   15.0000  -30.0000 2341.9453   17.8978
   -7.5000   22.5000  -30.0000 2250.7527   19.2629
    0.0000   22.5000  -30.0000 2269.4050   19.1890
    7.5000   22.5000  -30.0000 2249.0894   19.3061
   -7.5000   30.0000  -30.0000 2136.7642   21.2444
    0.0000   30.0000  -30.0000 2152.9341   21.1253
    7.5000   30.0000  -30.0000 2131.5415   21.2694
   -7.5000   37.5000  -30.0000 1998.0828   23.9428
    0.0000   37.5000  -30.0000 2016.0364   23.7448
    7.5000   37.5000  -30.0000 1996.6462   23.9053
   -7.5000   45.0000  -30.0000 1857.5159   27.4124
    0.0000   45.0000  -30.0000 1873.2339   27.1898
    7.5000   45.0000  -30.0000 1853.2957   27.4054
   -7.5000  -45.0000  -22.5000 2293.1094   19.1941
    0.0000  -45.0000  -22.5000 2320.8552   19.2454
    7.5000  -45.0000  -22.5000 2305.4607   19.2829
   -7.5000  -37.5000  -22.5000 2402.7432   17.4208
    0.0000  -37.5000  -22.5000 2434.2764   17.4597
    7.5000  -37.5000  -22.5000 2415.5420   17.5329
   -7.5000  -30.0000  -22.5000 2485.3054   16.1960
    0.0000  -30.0000  -22.5000 2510.3782   16.2256
    7.5000  -30.0000  -22.5000 2494.7437   16.3461
   -7.5000  -22.5000  -22.5000 2533.5371   15.4540
    0.0000  -22.5000  -22.5000 2553.9541   15.4514
    7.5000  -22.5000  -22.5000 2536.5820   15.5975
   -7.5000  -15.0000  -22.5000 2574.4780   15.0226
    0.0000  -15.0000  -22.5000 2596.5037   15.0227
    7.5000  -15.0000  -22.5000 2572.1567   15.1436
   -7.5000   -7.5000  -22.5000 2600.5852   15.0016
    0.0000   -7.5000  -22.5000 2617.7417   14.9415
    7.5000   -7.5000  -22.5000 2594.1155   15.0745
   -7.5000    0.0000  -22.5000 2583.2625   15.3165
    0.0000    0.0000  -22.5000 2604.0444   15.2642
    7.5000    0.0000  -22.5000 2579.2954   15.3611
   -7.5000    7.5000  -22.5000 2540.0286   15.9446
    0.0000    7.5000  -22.5000 2569.9338   15.8598
    7.5000    7.5000  -22.5000 2538.1089   15.9461
   -7.5000   15.0000  -22.5000 2466.0874   16.8984
    0.0000   15.0000  -22.5000 2494.0884   16.8276
    7.5000   15.0000  -22.5000 2465.0271   16.9349
   -7.5000   22.5000  -22.5000 2367.1436   18.2384
    0.0000   22.5000  -22.5000 2389.6248   18.1674
    7.5000   22.5000  -22.5000 2365.9763   18.2864
   -7.5000   30.0000  -22.5000 2234.5652   20.1354
    0.0000   30.0000  -22.5000 2255.3845   20.0393
    7.5000   30.0000  -22.5000 2232.1594   20.1705
   -7.5000   37.5000  -22.5000 2090.7148   22.6593
    0.0000   37.5000  -22.5000 2104.7209   22.5609
    7.5000   37.5000  -22.5000 2083.8298   22.6775
   -7.5000   45.0000  -22.5000 1936.0690   25.9257
    0.0000   45.0000  -22.5000 1955.3232   25.7592
    7.5000   45.0000  -22.5000 1930.6925   25.9029
   -7.5000  -45.0000  -15.0000 2357.7273   18.1748
    0.0000  -45.0000  -15.0000 2383.0247   18.1526
    7.5000  -45.0000  -15.0000 2366.4121   18.1758
   -7.5000  -37.5000  -15.0000 2476.0330   16.4875
    0.0000  -37.5000  -15.0000 2505.1482   16.4500
    7.5000  -37.5000  -15.0000 2488.5076   16.5053
   -7.5000  -30.0000  -15.0000 2570.8237   15.2555
    0.0000  -30.0000  -15.0000 2599.7556   15.2355
    7.5000  -30.0000  -15.0000 2577.0342   15.3086
   -7.5000  -22.5000  -15.0000 2637.2500   14.4769
    0.0000  -22.5000  -15.0000 2656.7563   14.4698
    7.5000  -22.5000  -15.0000 2633.2852   14.5996
   -7.5000  -15.0000  -15.0000 2680.6125   14.1006
    0.0000  -15.0000  -15.0000 2704.4514   14.0578
    7.5000  -15.0000  -15.0000 2680.6523   14.1928
   -7.5000   -7.5000  -15.0000 2708.6062   14.0934
    0.0000   -7.5000  -15.0000 2729.3042   14.0114
    7.5000   -7.5000  -15.0000 2702.4453   14.1525
   -7.5000    0.0000  -15.0000 2693.8562   14.4076
    0.0000    0.0000  -15.0000 2724.8855   14.3148
    7.5000    0.0000  -15.0000 2694.1899   14.4133
   -7.5000    7.5000  -15.0000 2646.9873   14.9938
    0.0000    7.5000  -15.0000 2677.7256   14.8923
    7.5000    7.5000  -15.0000 2646.5784   15.0141
   -7.5000   15.0000  -15.0000 2565.0540   15.9516
    0.0000   15.0000  -15.0000 2591.5234   15.8461
    7.5000   15.0000  -15.0000 2560.8081   16.0006
   -7.5000   22.5000  -15.0000 2450.9175   17.3224
    0.0000   22.5000  -15.0000 2475.9392   17.2135
    7.5000   22.5000  -15.0000 2448.0427   17.3492
   -7.5000   30.0000  -15.0000 2313.0483   19.1894
    0.0000   30.0000  -15.0000 2335.1833   19.0796
    7.5000   30.0000  -15.0000 2306.3208   19.1967
   -7.5000   37.5000  -15.0000 2154.3350   21.5319
    0.0000   37.5000  -15.0000 2175.4495   21.4626
    7.5000   37.5000  -15.0000 2148.6616   21.5753
   -7.5000   45.0000  -15.0000 1991.6063   24.5081
    0.0000   45.0000  -15.0000 2010.4388   24.4585
    7.5000   45.0000  -15.0000 1988.8320   24.5418
   -7.5000  -45.0000   -7.5000 2406.5557   17.3385
    0.0000  -45.0000   -7.5000 2433.1450   17.1894
    7.5000  -45.0000   -7.5000 2417.5439   17.2487
   -7.5000  -37.5000   -7.5000 2532.8782   15.6646
    0.0000  -37.5000   -7.5000 2559.5430   15.5281
    7.5000  -37.5000   -7.5000 2542.7747   15.6061
   -7.5000  -30.0000   -7.5000 2636.4058   14.4540
    0.0000  -30.0000   -7.5000 2667.9456   14.3788
    7.5000  -30.0000   -7.5000 2646.1121   14.4313
   -7.5000  -22.5000   -7.5000 2719.9136   13.6890
    0.0000  -22.5000   -7.5000 2747.7913   13.6195
    7.5000  -22.5000   -7.5000 2725.3643   13.6903
   -7.5000  -15.0000   -7.5000 2777.1968   13.3046
    0.0000  -15.0000   -7.5000 2811.2944   13.2354
    7.5000  -15.0000   -7.5000 2781.5730   13.3392
   -7.5000   -7.5000   -7.5000 2806.9009   13.3305
    0.0000   -7.5000   -7.5000 2839.7070   13.2160
    7.5000   -7.5000   -7.5000 2808.0520   13.3392
   -7.5000    0.0000   -7.5000 2791.6497   13.5909
    0.0000    0.0000   -7.5000 2827.4578   13.4808
    7.5000    0.0000   -7.5000 2794.1306   13.5882
   -7.5000    7.5000   -7.5000 2736.4177   14.1647
    0.0000    7.5000   -7.5000 2763.8481   14.0253
    7.5000    7.5000   -7.5000 2736.4019   14.1664
   -7.5000   15.0000   -7.5000 2641.0134   15.1528
    0.0000   15.0000   -7.5000 2666.6528   14.9906
    7.5000   15.0000   -7.5000 2641.0117   15.1384
   -7.5000   22.5000   -7.5000 2514.7937   16.5210
    0.0000   22.5000   -7.5000 2539.7131   16.3550
    7.5000   22.5000   -7.5000 2512.0657   16.5119
   -7.5000   30.0000   -7.5000 2364.2625   18.3205
    0.0000   30.0000   -7.5000 2388.9590   18.1639
    7.5000   30.0000   -7.5000 2358.7261   18.3248
   -7.5000   37.5000   -7.5000 2198.4983   20.6123
    0.0000   37.5000   -7.5000 2219.7517   20.4730
    7.5000   37.5000   -7.5000 2197.5498   20.5974
   -7.5000   45.0000   -7.5000 2030.6338   23.4263
    0.0000   45.0000   -7.5000 2048.9641   23.3169
    7.5000   45.0000   -7.5000 2030.2125   23.3972
   -7.5000  -45.0000    0.0000 2438.4265   16.7560
    0.0000  -45.0000    0.0000 2464.7551   16.4633
    7.5000  -45.0000    0.0000 2450.7346   16.5882
   -7.5000  -37.5000    0.0000 2571.7046   15.0864
    0.0000  -37.5000    0.0000 2600.4150   14.8610
    7.5000  -37.5000    0.0000 2585.1321   14.9566
   -7.5000  -30.0000    0.0000 2682.4014   13.9024
    0.0000  -30.0000    0.0000 2716.4775   13.6970
    7.5000  -30.0000    0.0000 2697.1912   13.8120
   -7.5000  -22.5000    0.0000 2780.9058   13.1429
    0.0000  -22.5000    0.0000 2818.1658   12.9779
    7.5000  -22.5000    0.0000 2796.7891   13.0925
   -7.5000  -15.0000    0.0000 2855.9067   12.7455
    0.0000  -15.0000    0.0000 2911.5332   12.6053
    7.5000  -15.0000    0.0000 2870.5896   12.7318
   -7.5000   -7.5000    0.0000 2892.8330   12.7353
    0.0000   -7.5000    0.0000 2945.8286   12.5922
    7.5000   -7.5000    0.0000 2902.3313   12.7622
   -7.5000    0.0000    0.0000 2869.2930   13.0325
    0.0000    0.0000    0.0000 2908.7854   12.8568
    7.5000    0.0000    0.0000 2876.2102   13.0059
   -7.5000    7.5000    0.0000 2798.0366   13.5946
    0.0000    7.5000    0.0000 2829.4482   13.4173
    7.5000    7.5000    0.0000 2803.4497   13.5753
   -7.5000   15.0000    0.0000 2691.2117   14.5611
    0.0000   15.0000    0.0000 2718.5398   14.3768
    7.5000   15.0000    0.0000 2695.2942   14.5547
   -7.5000   22.5000    0.0000 2555.9380   15.9226
    0.0000   22.5000    0.0000 2581.4548   15.7314
    7.5000   22.5000    0.0000 2556.7390   15.9058
   -7.5000   30.0000    0.0000 2399.3684   17.6785
    0.0000   30.0000    0.0000 2422.0706   17.5199
    7.5000   30.0000    0.0000 2395.3735   17.6898
   -7.5000   37.5000    0.0000 2230.5854   19.8659
    0.0000   37.5000    0.0000 2251.8386   19.7371
    7.5000   37.5000    0.0000 2225.8508   19.9081
   -7.5000   45.0000    0.0000 2059.5623   22.6053
    0.0000   45.0000    0.0000 2077.0659   22.4602
    7.5000   45.0000    0.0000 2060.5142   22.6144
   -7.5000  -45.0000    7.5000 2451.2524   16.4470
    0.0000  -45.0000    7.5000 2477.0986   16.0477
    7.5000  -45.0000    7.5000 2463.6213   16.2322
   -7.5000  -37.5000    7.5000 2589.3669   14.8205
    0.0000  -37.5000    7.5000 2616.4104   14.4586
    7.5000  -37.5000    7.5000 2600.2778   14.6363
   -7.5000  -30.0000    7.5000 2707.5874   13.6372
    0.0000  -30.0000    7.5000 2738.2065   13.3055
    7.5000  -30.0000    7.5000 2721.7515   13.5065
   -7.5000  -22.5000    7.5000 2818.3376   12.8923
    0.0000  -22.5000    7.5000 2863.2373   12.5910
    7.5000  -22.5000    7.5000 2837.6736   12.7982
   -7.5000  -15.0000    7.5000 2903.1685   12.3960
    0.0000  -15.0000    7.5000 2973.0356   12.1360
    7.5000  -15.0000    7.5000 2917.6724   12.4106
   -7.5000   -7.5000    7.5000 2943.2334   12.3572
    0.0000   -7.5000    7.5000 3016.9661   12.0049
    7.5000   -7.5000    7.5000 2958.0198   12.3794
   -7.5000    0.0000    7.5000 2909.8215   12.7176
    0.0000    0.0000    7.5000 2963.9827   12.4599
    7.5000    0.0000    7.5000 2923.7866   12.6884
   -7.5000    7.5000    7.5000 2827.8481   13.3048
    0.0000    7.5000    7.5000 2866.4387   13.0807
    7.5000    7.5000    7.5000 2841.1091   13.2834
   -7.5000   15.0000    7.5000 2713.2627   14.2250
    0.0000   15.0000    7.5000 2742.6853   14.0152
    7.5000   15.0000    7.5000 2723.0298   14.2231
   -7.5000   22.5000    7.5000 2574.6125   15.5304
    0.0000   22.5000    7.5000 2599.3208   15.3149
    7.5000   22.5000    7.5000 2577.8672   15.5538
   -7.5000   30.0000    7.5000 2413.8037   17.2695
    0.0000   30.0000    7.5000 2437.6809   17.0634
    7.5000   30.0000    7.5000 2412.1855   17.3122
   -7.5000   37.5000    7.5000 2242.5134   19.4511
    0.0000   37.5000    7.5000 2265.0225   19.2607
    7.5000   37.5000    7.5000 2241.8914   19.4823
   -7.5000   45.0000    7.5000 2070.1711   22.1044
    0.0000   45.0000    7.5000 2089.9980   22.0013
    7.5000   45.0000    7.5000 2072.2439   22.1727
   -7.5000  -45.0000   15.0000 2448.1133   16.4517
    0.0000  -45.0000   15.0000 2474.4119   15.9706
    7.5000  -45.0000   15.0000 2463.8735   16.1954
   -7.5000  -37.5000   15.0000 2588.9753   14.8557
    0.0000  -37.5000   15.0000 2618.0652   14.3859
    7.5000  -37.5000   15.0000 2605.2512   14.6009
   -7.5000  -30.0000   15.0000 2712.8018   13.6807
    0.0000  -30.0000   15.0000 2741.7036   13.2419
    7.5000  -30.0000   15.0000 2730.8030   13.4810
   -7.5000  -22.5000   15.0000 2824.3162   12.8944
    0.0000  -22.5000   15.0000 2862.3657   12.5519
    7.5000  -22.5000   15.0000 2843.6672   12.7780
   -7.5000  -15.0000   15.0000 2899.4863   12.4197
    0.0000  -15.0000   15.0000 2947.4343   12.0376
    7.5000  -15.0000   15.0000 2913.7939   12.4118
   -7.5000   -7.5000   15.0000 2932.7119   12.3007
    0.0000   -7.5000   15.0000 2991.3975   11.9507
    7.5000   -7.5000   15.0000 2948.7969   12.3363
   -7.5000    0.0000   15.0000 2905.7361   12.6047
    0.0000    0.0000   15.0000 2957.4465   12.3638
    7.5000    0.0000   15.0000 2917.5920   12.6175
   -7.5000    7.5000   15.0000 2821.2822   13.2535
    0.0000    7.5000   15.0000 2861.0027   13.0380
    7.5000    7.5000   15.0000 2837.5962   13.2584
   -7.5000   15.0000   15.0000 2706.7371   14.2043
    0.0000   15.0000   15.0000 2733.7886   13.9909
    7.5000   15.0000   15.0000 2718.4622   14.1807
   -7.5000   22.5000   15.0000 2567.2061   15.4605
    0.0000   22.5000   15.0000 2588.1665   15.2490
    7.5000   22.5000   15.0000 2573.7600   15.4714
   -7.5000   30.0000   15.0000 2410.5371   17.1053
    0.0000   30.0000   15.0000 2430.1758   16.9233
    7.5000   30.0000   15.0000 2411.6670   17.1205
   -7.5000   37.5000   15.0000 2238.7109   19.2239
    0.0000   37.5000   15.0000 2256.7764   19.0671
    7.5000   37.5000   15.0000 2243.3125   19.2141
   -7.5000   45.0000   15.0000 2057.8562   21.8515
    0.0000   45.0000   15.0000 2084.0261   21.6835
    7.5000   45.0000   15.0000 2063.3137   21.8783
   -7.5000  -45.0000   22.5000 2437.6726   16.6724
    0.0000  -45.0000   22.5000 2466.9675   16.1695
    7.5000  -45.0000   22.5000 2454.1492   16.4417
   -7.5000  -37.5000   22.5000 2577.1248   15.1113
    0.0000  -37.5000   22.5000 2605.9326   14.6212
    7.5000  -37.5000   22.5000 2595.1707   14.8767
   -7.5000  -30.0000   22.5000 2695.8647   13.9595
    0.0000  -30.0000   22.5000 2727.2922   13.5480
    7.5000  -30.0000   22.5000 2716.6726   13.7735
   -7.5000  -22.5000   22.5000 2797.6228   13.1967
    0.0000  -22.5000   22.5000 2833.2229   12.8276
    7.5000  -22.5000   22.5000 2817.2515   13.0346
   -7.5000  -15.0000   22.5000 2860.4241   12.7623
    0.0000  -15.0000   22.5000 2901.3977   12.4370
    7.5000  -15.0000   22.5000 2876.1919   12.6899
   -7.5000   -7.5000   22.5000 2879.9888   12.6890
    0.0000   -7.5000   22.5000 2925.6050   12.4463
    7.5000   -7.5000   22.5000 2899.6504   12.6564
   -7.5000    0.0000   22.5000 2854.2468   12.8426
    0.0000    0.0000   22.5000 2900.1960   12.6620
    7.5000    0.0000   22.5000 2871.9280   12.8779
   -7.5000    7.5000   22.5000 2778.1965   13.4181
    0.0000    7.5000   22.5000 2813.6011   13.2552
    7.5000    7.5000   22.5000 2792.1521   13.4491
   -7.5000   15.0000   22.5000 2669.6904   14.3356
    0.0000   15.0000   22.5000 2695.7041   14.1458
    7.5000   15.0000   22.5000 2683.1809   14.3490
   -7.5000   22.5000   22.5000 2537.2729   15.6033
    0.0000   22.5000   22.5000 2560.6926   15.3907
    7.5000   22.5000   22.5000 2546.7021   15.6034
   -7.5000   30.0000   22.5000 2385.6179   17.2162
    0.0000   30.0000   22.5000 2408.1147   17.0157
    7.5000   30.0000   22.5000 2390.2949   17.2134
   -7.5000   37.5000   22.5000 2217.0032   19.3237
    0.0000   37.5000   22.5000 2234.1865   19.1489
    7.5000   37.5000   22.5000 2219.4724   19.3223
   -7.5000   45.0000   22.5000 2037.8678   21.9580
    0.0000   45.0000   22.5000 2062.7180   21.7827
    7.5000   45.0000   22.5000 2042.9020   21.9270
   -7.5000  -45.0000   30.0000 2407.3123   17.2301
    0.0000  -45.0000   30.0000 2446.3823   16.7611
    7.5000  -45.0000   30.0000 2426.0005   16.9482
   -7.5000  -37.5000   30.0000 2536.4023   15.6788
    0.0000  -37.5000   30.0000 2576.9297   15.2564
    7.5000  -37.5000   30.0000 2557.9270   15.4546
   -7.5000  -30.0000   30.0000 2648.7009   14.5385
    0.0000  -30.0000   30.0000 2687.3315   14.1556
    7.5000  -30.0000   30.0000 2672.1450   14.3591
   -7.5000  -22.5000   30.0000 2736.9749   13.7909
    0.0000  -22.5000   30.0000 2779.1228   13.4152
    7.5000  -22.5000   30.0000 2755.4441   13.6357
   -7.5000  -15.0000   30.0000 2792.3718   13.3674
    0.0000  -15.0000   30.0000 2828.1077   13.0600
    7.5000  -15.0000   30.0000 2804.2029   13.2785
   -7.5000   -7.5000   30.0000 2803.2839   13.2780
    0.0000   -7.5000   30.0000 2837.7234   13.0052
    7.5000   -7.5000   30.0000 2816.9451   13.2030
   -7.5000    0.0000   30.0000 2775.8276   13.4416
    0.0000    0.0000   30.0000 2813.8447   13.2163
    7.5000    0.0000   30.0000 2788.9485   13.4030
   -7.5000    7.5000   30.0000 2697.6326   13.9508
    0.0000    7.5000   30.0000 2733.3809   13.7616
    7.5000    7.5000   30.0000 2711.4905   13.9013
   -7.5000   15.0000   30.0000 2601.2998   14.7749
    0.0000   15.0000   30.0000 2629.1096   14.6227
    7.5000   15.0000   30.0000 2614.0044   14.7791
   -7.5000   22.5000   30.0000 2482.0576   15.9847
    0.0000   22.5000   30.0000 2511.4641   15.8405
    7.5000   22.5000   30.0000 2493.3105   15.9922
   -7.5000   30.0000   30.0000 2339.0332   17.6008
    0.0000   30.0000   30.0000 2360.0674   17.4280
    7.5000   30.0000   30.0000 2348.4124   17.5849
   -7.5000   37.5000   30.0000 2171.9473   19.6735
    0.0000   37.5000   30.0000 2192.9878   19.5177
    7.5000   37.5000   30.0000 2183.2109   19.6670
   -7.5000   45.0000   30.0000 2008.9615   22.2723
    0.0000   45.0000   30.0000 2036.9230   22.1245
    7.5000   45.0000   30.0000 2014.5503   22.2997
   -7.5000  -45.0000   37.5000 2364.4910   18.1376
    0.0000  -45.0000   37.5000 2404.8108   17.6778
    7.5000  -45.0000   37.5000 2384.7109   17.7923
   -7.5000  -37.5000   37.5000 2486.2949   16.5318
    0.0000  -37.5000   37.5000 2524.8362   16.1103
    7.5000  -37.5000   37.5000 2511.4475   16.2636
   -7.5000  -30.0000   37.5000 2584.3875   15.3977
    0.0000  -30.0000   37.5000 2627.9451   15.0020
    7.5000  -30.0000   37.5000 2610.6094   15.1607
   -7.5000  -22.5000   37.5000 2660.0688   14.6253
    0.0000  -22.5000   37.5000 2703.4961   14.2596
    7.5000  -22.5000   37.5000 2678.9758   14.4657
   -7.5000  -15.0000   37.5000 2704.2612   14.1859
    0.0000  -15.0000   37.5000 2736.7051   13.9071
    7.5000  -15.0000   37.5000 2718.0369   14.0744
   -7.5000   -7.5000   37.5000 2711.3923   14.0843
    0.0000   -7.5000   37.5000 2740.4810   13.7957
    7.5000   -7.5000   37.5000 2727.1406   13.9705
   -7.5000    0.0000   37.5000 2681.3396   14.2435
    0.0000    0.0000   37.5000 2714.0725   13.9823
    7.5000    0.0000   37.5000 2697.5151   14.1425
   -7.5000    7.5000   37.5000 2608.8167   14.7305
    0.0000    7.5000   37.5000 2644.9685   14.5198
    7.5000    7.5000   37.5000 2626.4214   14.6647
   -7.5000   15.0000   37.5000 2517.6558   15.5381
    0.0000   15.0000   37.5000 2547.1057   15.3388
    7.5000   15.0000   37.5000 2530.3894   15.5098
   -7.5000   22.5000   37.5000 2409.5820   16.7076
    0.0000   22.5000   37.5000 2432.9351   16.5797
    7.5000   22.5000   37.5000 2418.1829   16.6945
   -7.5000   30.0000   37.5000 2273.8228   18.3229
    0.0000   30.0000   37.5000 2299.6509   18.1912
    7.5000   30.0000   37.5000 2285.4719   18.3185
   -7.5000   37.5000   37.5000 2120.2126   20.3813
    0.0000   37.5000   37.5000 2147.5142   20.2702
    7.5000   37.5000   37.5000 2133.9307   20.4016
   -7.5000   45.0000   37.5000 1966.7007   23.0277
    0.0000   45.0000   37.5000 1985.9294   22.8875
    7.5000   45.0000   37.5000 1972.8942   22.9974
   -7.5000  -45.0000   45.0000 2306.0566   19.2144
    0.0000  -45.0000   45.0000 2349.6362   18.7876
    7.5000  -45.0000   45.0000 2333.0151   18.8675
   -7.5000  -37.5000   45.0000 2421.5569   17.5895
    0.0000  -37.5000   45.0000 2458.2087   17.1995
    7.5000  -37.5000   45.0000 2445.2234   17.2962
   -7.5000  -30.0000   45.0000 2508.7358   16.4822
    0.0000  -30.0000   45.0000 2543.7925   16.0828
    7.5000  -30.0000   45.0000 2529.4368   16.2187
   -7.5000  -22.5000   45.0000 2574.7661   15.7270
    0.0000  -22.5000   45.0000 2609.9248   15.3862
    7.5000  -22.5000   45.0000 2591.5249   15.5226
   -7.5000  -15.0000   45.0000 2604.9409   15.2673
    0.0000  -15.0000   45.0000 2635.6582   15.0029
    7.5000  -15.0000   45.0000 2619.4377   15.1091
   -7.5000   -7.5000   45.0000 2602.8552   15.1272
    0.0000   -7.5000   45.0000 2627.9653   14.8606
    7.5000   -7.5000   45.0000 2616.8506   14.9779
   -7.5000    0.0000   45.0000 2571.5962   15.2396
    0.0000    0.0000   45.0000 2599.4280   15.0059
    7.5000    0.0000   45.0000 2589.1890   15.1112
   -7.5000    7.5000   45.0000 2515.5388   15.7260
    0.0000    7.5000   45.0000 2551.0686   15.4951
    7.5000    7.5000   45.0000 2537.2800   15.5780
   -7.5000   15.0000   45.0000 2428.8826   16.5303
    0.0000   15.0000   45.0000 2455.7556   16.3294
    7.5000   15.0000   45.0000 2445.4116   16.4703
   -7.5000   22.5000   45.0000 2326.8789   17.7252
    0.0000   22.5000   45.0000 2348.3662   17.5687
    7.5000   22.5000   45.0000 2340.1550   17.6861
   -7.5000   30.0000   45.0000 2198.5996   19.4210
    0.0000   30.0000   45.0000 2220.8711   19.2586
    7.5000   30.0000   45.0000 2209.6243   19.3580
   -7.5000   37.5000   45.0000 2059.6011   21.5286
    0.0000   37.5000   45.0000 2079.9846   21.3890
    7.5000   37.5000   45.0000 2065.5857   21.4574
   -7.5000   45.0000   45.0000 1909.5957   24.1921
    0.0000   45.0000   45.0000 1923.2727   24.0436
    7.5000   45.0000   45.0000 1913.1187   24.1414

---------------------------------------------------------------------
imgreg_4dfp /opt/freesurfer/average/711-2C_as_mni_average_305 /opt/freesurfer/average/711-2B_as_mni_average_305_mask talsrcimg_g11 none talsrcimg_to_711-2C_as_mni_average_305_t4 1283
---------------------------------------------------------------------

freesurfer imgreg_4dfp.c
/opt/freesurfer/average/711-2C_as_mni_average_305.4dfp.img
       256       256       256         1
  1.000000  1.000000  1.000000
orientation T byte_order littleendian
Reading image: /opt/freesurfer/average/711-2C_as_mni_average_305.4dfp.img
dimensions:      256       256       256
mmppix:       1.0000   -1.0000   -1.0000
center:     128.0000 -129.0000 -129.0000
/opt/freesurfer/average/711-2B_as_mni_average_305_mask.4dfp.img
       256       256       256         1
  1.000000  1.000000  1.000000
orientation T byte_order littleendian
Reading mask: /opt/freesurfer/average/711-2B_as_mni_average_305_mask.4dfp.img (2306576 pixels)
talsrcimg_g11.4dfp.img
       256       256       256         1
  1.000000  1.000000  1.000000
orientation T byte_order littleendian
Reading image: talsrcimg_g11.4dfp.img
dimensions:      256       256       256
mmppix:       1.0000   -1.0000   -1.0000
center:     128.0000 -129.0000 -129.0000
rotation matrix determinant  1.000000
fimgreg.f
image alignment mode   1283 decimal      503 hex
parameters
    0.0000   -7.5000    7.5000    0.0000    0.0000    0.0000
eta,q 0.94959 11.92474
niter,ni,del,rscale     5    3   12.0000    1.2000
parameters
    0.7318   -7.4648    8.7287   -0.6569    1.0848    0.5814
eta,q 0.95158 11.71012
  0.0650  0.0618  0.0646  0.0549  0.0588  0.0568
  0.0592  0.0547  0.0564  0.0511  0.0543  0.0531
  0.0537  0.0504  0.0516  0.0490  0.0502  0.0500
  0.0501  0.0490  0.0490  0.0486  0.0486  0.0485
  0.0490  0.0516  0.0487  0.0511  0.0488  0.0487
  0.0529  0.0554  0.0513  0.0542  0.0504  0.0508
  0.0609  0.0605  0.0551  0.0569  0.0534  0.0545
niter,ni,del,rscale     4    3   12.0000    1.2000
parameters
    0.6531   -7.1804    8.7467   -0.7477    1.2129    0.6778
eta,q 0.95143 11.72246
  0.0628  0.0633  0.0592  0.0562  0.0565  0.0557
  0.0558  0.0550  0.0529  0.0519  0.0518  0.0521
  0.0508  0.0499  0.0493  0.0493  0.0491  0.0495
  0.0484  0.0485  0.0486  0.0486  0.0486  0.0486
  0.0495  0.0506  0.0505  0.0502  0.0495  0.0492
  0.0555  0.0545  0.0543  0.0533  0.0519  0.0518
  0.0647  0.0596  0.0576  0.0557  0.0553  0.0553
niter,ni,del,rscale     3    3   12.0000    1.2000
parameters
    0.6248   -7.1526    8.7245   -0.7748    1.2311    0.7039
eta,q 0.95142 11.72496
  0.0629  0.0621  0.0591  0.0564  0.0562  0.0555
  0.0558  0.0542  0.0528  0.0521  0.0515  0.0520
  0.0509  0.0495  0.0492  0.0493  0.0490  0.0495
  0.0486  0.0486  0.0486  0.0486  0.0486  0.0486
  0.0494  0.0511  0.0506  0.0501  0.0496  0.0493
  0.0551  0.0551  0.0545  0.0532  0.0521  0.0519
  0.0642  0.0606  0.0577  0.0556  0.0555  0.0555
registration optimization eta report
parameter search radius
    6.0000    6.0000    6.0000    6.0000    6.0000    6.0000
100000*second partial in parameter space
       42.       35.       27.       20.       20.       19.
  0.0629  0.0621  0.0591  0.0564  0.0562  0.0555
  0.0558  0.0542  0.0528  0.0521  0.0515  0.0520
  0.0509  0.0495  0.0492  0.0493  0.0490  0.0495
  0.0486  0.0486  0.0486  0.0486  0.0486  0.0486
  0.0494  0.0511  0.0506  0.0501  0.0496  0.0493
  0.0551  0.0551  0.0545  0.0532  0.0521  0.0519
  0.0642  0.0606  0.0577  0.0556  0.0555  0.0555
    0.6248   -7.1526    8.7245   -0.7748    1.2311    0.7039
eta,q 0.95142 11.72496

---------------------------------------------------------------------
imgreg_4dfp /opt/freesurfer/average/711-2C_as_mni_average_305 /opt/freesurfer/average/711-2B_as_mni_average_305_mask talsrcimg_g11 none talsrcimg_to_711-2C_as_mni_average_305_t4 3335
---------------------------------------------------------------------

freesurfer imgreg_4dfp.c
/opt/freesurfer/average/711-2C_as_mni_average_305.4dfp.img
       256       256       256         1
  1.000000  1.000000  1.000000
orientation T byte_order littleendian
Reading image: /opt/freesurfer/average/711-2C_as_mni_average_305.4dfp.img
dimensions:      256       256       256
mmppix:       1.0000   -1.0000   -1.0000
center:     128.0000 -129.0000 -129.0000
/opt/freesurfer/average/711-2B_as_mni_average_305_mask.4dfp.img
       256       256       256         1
  1.000000  1.000000  1.000000
orientation T byte_order littleendian
Reading mask: /opt/freesurfer/average/711-2B_as_mni_average_305_mask.4dfp.img (2306576 pixels)
talsrcimg_g11.4dfp.img
       256       256       256         1
  1.000000  1.000000  1.000000
orientation T byte_order littleendian
Reading image: talsrcimg_g11.4dfp.img
dimensions:      256       256       256
mmppix:       1.0000   -1.0000   -1.0000
center:     128.0000 -129.0000 -129.0000
fimgreg.f
image alignment mode   3335 decimal      D07 hex
parameters
    0.6248   -7.1526    8.7245   -0.0306   -0.0163   -0.0322
   -1.1993   -2.1647    1.2282    1.3258    2.1484   -1.3520
eta,q 0.95063 11.90931
niter,ni,del,rscale     5    3    5.0000    1.2000
parameter  4  1.622333 ->  0.500000 qaram    1.1500
parameter  5  3.929430 ->  0.500000 qaram    1.1500
parameter  6  1.645875 ->  0.500000 qaram    1.1500
parameters
    0.5665   -7.4674    8.6240   -4.1706   -4.1563   -4.1722
   -2.6228   -0.6378    1.3239   -0.1180    2.6237   -3.8171
eta,q 0.96983 11.24101
  0.0518  0.0507  0.0507  0.0429  0.0335  0.0284  0.0327  0.0378  0.0332  0.0326  0.0325  0.0309
  0.0505  0.0497  0.0498  0.0440  0.0366  0.0302  0.0314  0.0345  0.0317  0.0311  0.0314  0.0303
  0.0497  0.0493  0.0494  0.0462  0.0403  0.0333  0.0308  0.0321  0.0309  0.0305  0.0307  0.0302
  0.0494  0.0494  0.0493  0.0493  0.0444  0.0376  0.0309  0.0308  0.0306  0.0306  0.0304  0.0304
  0.0496  0.0498  0.0496  0.0530  0.0488  0.0429  0.0317  0.0307  0.0308  0.0313  0.0306  0.0310
  0.0505  0.0504  0.0501  0.0573  0.0533  0.0487  0.0330  0.0317  0.0316  0.0329  0.0311  0.0319
  0.0522  0.0515  0.0509  0.0616  0.0584  0.0551  0.0349  0.0337  0.0330  0.0356  0.0320  0.0332
niter,ni,del,rscale     7    3    5.0000    1.2000
parameter  5  1.074840 ->  0.500000 qaram    1.3225
parameter  6  0.520706 ->  0.500000 qaram    1.3225
parameters
    0.4318   -7.4961    8.8331   -8.0574   -8.9173   -8.9332
   -2.3530   -0.5330    1.7878   -0.4735    4.7571   -2.4832
eta,q 0.97673 10.85397
  0.0336  0.0328  0.0330  0.0306  0.0247  0.0247  0.0266  0.0275  0.0260  0.0267  0.0253  0.0261
  0.0317  0.0314  0.0315  0.0297  0.0247  0.0236  0.0250  0.0255  0.0247  0.0249  0.0245  0.0248
  0.0305  0.0305  0.0305  0.0294  0.0262  0.0235  0.0239  0.0241  0.0238  0.0238  0.0239  0.0238
  0.0302  0.0302  0.0302  0.0302  0.0294  0.0249  0.0235  0.0235  0.0235  0.0235  0.0235  0.0233
  0.0308  0.0304  0.0303  0.0326  0.0336  0.0281  0.0238  0.0238  0.0236  0.0240  0.0233  0.0233
  0.0322  0.0314  0.0310  0.0363  0.0384  0.0328  0.0247  0.0252  0.0243  0.0254  0.0235  0.0238
  0.0344  0.0330  0.0321  0.0405  0.0432  0.0386  0.0262  0.0274  0.0254  0.0274  0.0240  0.0247
niter,ni,del,rscale     7    3    5.0000    1.2000
parameters
    0.5338   -7.3884    8.7959   -6.5309  -11.6642   -9.7025
   -2.0468   -0.7961    1.8961   -0.9844    5.2075   -2.4819
eta,q 0.97719 10.74229
  0.0265  0.0265  0.0250  0.0273  0.0257  0.0274  0.0256  0.0267  0.0246  0.0255  0.0241  0.0244
  0.0248  0.0247  0.0240  0.0259  0.0239  0.0255  0.0242  0.0247  0.0237  0.0238  0.0235  0.0235
  0.0237  0.0236  0.0234  0.0245  0.0228  0.0239  0.0233  0.0234  0.0231  0.0229  0.0231  0.0230
  0.0233  0.0233  0.0233  0.0233  0.0228  0.0227  0.0229  0.0229  0.0229  0.0229  0.0228  0.0228
  0.0235  0.0236  0.0235  0.0226  0.0248  0.0232  0.0231  0.0234  0.0230  0.0234  0.0229  0.0230
  0.0244  0.0244  0.0241  0.0234  0.0290  0.0257  0.0239  0.0250  0.0235  0.0245  0.0232  0.0236
  0.0261  0.0258  0.0251  0.0258  0.0342  0.0307  0.0253  0.0274  0.0245  0.0262  0.0239  0.0244
niter,ni,del,rscale     6    3    5.0000    1.2000
parameters
    0.5494   -7.3085    8.8160   -5.8152  -12.2548   -9.9164
   -2.0683   -0.8923    1.8329   -0.9615    5.2192   -2.4447
eta,q 0.97723 10.72774
  0.0258  0.0253  0.0244  0.0266  0.0273  0.0277  0.0253  0.0268  0.0244  0.0258  0.0239  0.0243
  0.0242  0.0239  0.0235  0.0252  0.0254  0.0256  0.0239  0.0248  0.0235  0.0241  0.0234  0.0234
  0.0232  0.0231  0.0230  0.0239  0.0237  0.0240  0.0231  0.0234  0.0230  0.0230  0.0230  0.0229
  0.0228  0.0228  0.0228  0.0228  0.0226  0.0227  0.0228  0.0228  0.0228  0.0228  0.0228  0.0228
  0.0231  0.0230  0.0230  0.0225  0.0229  0.0229  0.0230  0.0232  0.0229  0.0232  0.0229  0.0230
  0.0241  0.0237  0.0235  0.0237  0.0254  0.0250  0.0239  0.0248  0.0235  0.0241  0.0233  0.0235
  0.0258  0.0250  0.0243  0.0262  0.0298  0.0294  0.0254  0.0272  0.0245  0.0256  0.0240  0.0242
niter,ni,del,rscale     5    3    5.0000    1.2000
parameters
    0.5240   -7.2945    8.7994   -5.6195  -12.3054   -9.9614
   -2.0617   -0.9244    1.8044   -0.9423    5.2270   -2.4351
eta,q 0.97726 10.72933
  0.0258  0.0250  0.0243  0.0264  0.0276  0.0278  0.0253  0.0269  0.0244  0.0257  0.0239  0.0243
  0.0241  0.0238  0.0234  0.0251  0.0257  0.0257  0.0240  0.0248  0.0235  0.0240  0.0233  0.0234
  0.0231  0.0230  0.0229  0.0238  0.0240  0.0241  0.0230  0.0234  0.0229  0.0230  0.0229  0.0229
  0.0228  0.0228  0.0228  0.0228  0.0227  0.0227  0.0227  0.0227  0.0227  0.0227  0.0227  0.0227
  0.0231  0.0230  0.0230  0.0227  0.0227  0.0228  0.0230  0.0232  0.0229  0.0232  0.0229  0.0230
  0.0242  0.0237  0.0235  0.0242  0.0248  0.0247  0.0239  0.0247  0.0235  0.0241  0.0233  0.0235
  0.0260  0.0250  0.0243  0.0268  0.0289  0.0290  0.0254  0.0271  0.0245  0.0256  0.0240  0.0242
niter,ni,del,rscale     4    3    5.0000    1.2000
parameters
    0.5138   -7.2913    8.7935   -5.5837  -12.3079   -9.9685
   -2.0567   -0.9354    1.7998   -0.9342    5.2219   -2.4421
eta,q 0.97726 10.72992
  0.0258  0.0250  0.0243  0.0263  0.0277  0.0278  0.0253  0.0269  0.0245  0.0257  0.0239  0.0243
  0.0242  0.0237  0.0234  0.0250  0.0258  0.0257  0.0239  0.0248  0.0235  0.0240  0.0233  0.0234
  0.0231  0.0230  0.0229  0.0237  0.0240  0.0241  0.0230  0.0234  0.0229  0.0230  0.0229  0.0229
  0.0227  0.0227  0.0227  0.0227  0.0227  0.0227  0.0227  0.0227  0.0227  0.0227  0.0227  0.0227
  0.0231  0.0230  0.0230  0.0228  0.0227  0.0228  0.0230  0.0232  0.0229  0.0232  0.0229  0.0230
  0.0241  0.0237  0.0235  0.0244  0.0247  0.0247  0.0239  0.0247  0.0235  0.0241  0.0233  0.0235
  0.0259  0.0250  0.0242  0.0270  0.0288  0.0290  0.0254  0.0271  0.0245  0.0256  0.0240  0.0242
registration optimization eta report
parameter search radius
    2.4000    2.4000    2.4000    8.2800    9.5220    9.5220
    7.2000    7.2000    7.2000    7.2000    7.2000    7.2000
100000*second partial in parameter space
       54.       39.       26.        6.        6.        6.
        5.        8.        3.        6.        2.        3.
  0.0258  0.0250  0.0243  0.0263  0.0277  0.0278  0.0253  0.0269  0.0245  0.0257  0.0239  0.0243
  0.0242  0.0237  0.0234  0.0250  0.0258  0.0257  0.0239  0.0248  0.0235  0.0240  0.0233  0.0234
  0.0231  0.0230  0.0229  0.0237  0.0240  0.0241  0.0230  0.0234  0.0229  0.0230  0.0229  0.0229
  0.0227  0.0227  0.0227  0.0227  0.0227  0.0227  0.0227  0.0227  0.0227  0.0227  0.0227  0.0227
  0.0231  0.0230  0.0230  0.0228  0.0227  0.0228  0.0230  0.0232  0.0229  0.0232  0.0229  0.0230
  0.0241  0.0237  0.0235  0.0244  0.0247  0.0247  0.0239  0.0247  0.0235  0.0241  0.0233  0.0235
  0.0259  0.0250  0.0242  0.0270  0.0288  0.0290  0.0254  0.0271  0.0245  0.0256  0.0240  0.0242
    0.5138   -7.2913    8.7935   -5.5837  -12.3079   -9.9685
   -2.0567   -0.9354    1.7998   -0.9342    5.2219   -2.4421
eta,q 0.97726 10.72992

---------------------------------------------------------------------
imgreg_4dfp /opt/freesurfer/average/711-2C_as_mni_average_305 /opt/freesurfer/average/711-2B_as_mni_average_305_mask talsrcimg_g11 none talsrcimg_to_711-2C_as_mni_average_305_t4 2311
---------------------------------------------------------------------

freesurfer imgreg_4dfp.c
/opt/freesurfer/average/711-2C_as_mni_average_305.4dfp.img
       256       256       256         1
  1.000000  1.000000  1.000000
orientation T byte_order littleendian
Reading image: /opt/freesurfer/average/711-2C_as_mni_average_305.4dfp.img
dimensions:      256       256       256
mmppix:       1.0000   -1.0000   -1.0000
center:     128.0000 -129.0000 -129.0000
/opt/freesurfer/average/711-2B_as_mni_average_305_mask.4dfp.img
       256       256       256         1
  1.000000  1.000000  1.000000
orientation T byte_order littleendian
Reading mask: /opt/freesurfer/average/711-2B_as_mni_average_305_mask.4dfp.img (2306576 pixels)
talsrcimg_g11.4dfp.img
       256       256       256         1
  1.000000  1.000000  1.000000
orientation T byte_order littleendian
Reading image: talsrcimg_g11.4dfp.img
dimensions:      256       256       256
mmppix:       1.0000   -1.0000   -1.0000
center:     128.0000 -129.0000 -129.0000
fimgreg.f
image alignment mode   2311 decimal      907 hex
parameters
    0.5138   -7.2913    8.7935   -5.5837  -12.3079   -9.9685
   -2.0567   -0.9354    1.7998   -0.9342    5.2219   -2.4421
eta,q 0.97726 10.72992
niter,ni,del,rscale     5    3    5.0000    0.8000
parameters
    0.5354   -7.2967    8.7427   -4.7397  -11.1744   -9.0151
   -2.1666   -0.8416    1.8202   -0.4425    4.8683   -2.4845
eta,q 0.97764 10.83656
  0.0242  0.0237  0.0234  0.0247  0.0247  0.0245  0.0237  0.0246  0.0233  0.0242  0.0229  0.0232
  0.0234  0.0232  0.0230  0.0239  0.0238  0.0237  0.0229  0.0235  0.0228  0.0231  0.0226  0.0227
  0.0229  0.0228  0.0228  0.0232  0.0231  0.0229  0.0225  0.0227  0.0225  0.0225  0.0224  0.0224
  0.0227  0.0227  0.0227  0.0227  0.0226  0.0225  0.0224  0.0224  0.0223  0.0224  0.0224  0.0224
  0.0229  0.0228  0.0228  0.0226  0.0224  0.0224  0.0225  0.0225  0.0224  0.0225  0.0225  0.0225
  0.0233  0.0232  0.0231  0.0230  0.0227  0.0227  0.0230  0.0233  0.0228  0.0228  0.0227  0.0227
  0.0241  0.0237  0.0235  0.0239  0.0235  0.0235  0.0238  0.0245  0.0233  0.0235  0.0231  0.0232
niter,ni,del,rscale     4    3    5.0000    0.7000
parameters
    0.4805   -7.3221    9.0829   -4.9536  -11.2297   -8.3751
   -2.1769   -0.8664    1.9612   -0.4123    4.6722   -2.1833
eta,q 0.97773 10.85822
  0.0235  0.0231  0.0232  0.0236  0.0236  0.0241  0.0234  0.0240  0.0230  0.0234  0.0227  0.0230
  0.0229  0.0227  0.0228  0.0230  0.0230  0.0233  0.0228  0.0231  0.0226  0.0227  0.0225  0.0226
  0.0225  0.0224  0.0225  0.0226  0.0225  0.0227  0.0224  0.0225  0.0224  0.0223  0.0223  0.0224
  0.0224  0.0224  0.0224  0.0223  0.0223  0.0223  0.0223  0.0223  0.0223  0.0223  0.0223  0.0223
  0.0225  0.0224  0.0223  0.0225  0.0224  0.0223  0.0224  0.0225  0.0223  0.0224  0.0223  0.0223
  0.0230  0.0227  0.0224  0.0231  0.0229  0.0226  0.0228  0.0231  0.0225  0.0227  0.0225  0.0225
  0.0237  0.0232  0.0227  0.0241  0.0238  0.0234  0.0234  0.0241  0.0229  0.0233  0.0229  0.0228
niter,ni,del,rscale     3    3    5.0000    0.6000
parameters
    0.4657   -7.3250    9.3669   -4.9277  -11.2772   -8.0409
   -2.2934   -0.8690    2.0262   -0.5003    4.5065   -1.8700
eta,q 0.97779 10.87025
  0.0231  0.0229  0.0229  0.0234  0.0232  0.0236  0.0230  0.0235  0.0228  0.0230  0.0226  0.0228
  0.0227  0.0225  0.0226  0.0229  0.0227  0.0230  0.0225  0.0228  0.0225  0.0225  0.0224  0.0225
  0.0224  0.0223  0.0224  0.0225  0.0224  0.0225  0.0223  0.0224  0.0223  0.0223  0.0223  0.0223
  0.0223  0.0223  0.0223  0.0222  0.0222  0.0222  0.0222  0.0222  0.0222  0.0222  0.0222  0.0222
  0.0224  0.0223  0.0222  0.0223  0.0223  0.0223  0.0223  0.0224  0.0223  0.0223  0.0223  0.0222
  0.0227  0.0225  0.0223  0.0227  0.0227  0.0226  0.0226  0.0228  0.0224  0.0226  0.0224  0.0224
  0.0232  0.0229  0.0225  0.0235  0.0233  0.0233  0.0231  0.0236  0.0227  0.0230  0.0227  0.0226
niter,ni,del,rscale     2    3    5.0000    0.5000
parameters
    0.4486   -7.3307    9.5189   -4.8593  -11.3048   -7.8786
   -2.3645   -0.8501    2.0450   -0.5930    4.3943   -1.6825
eta,q 0.97782 10.87602
  0.0228  0.0226  0.0226  0.0230  0.0229  0.0232  0.0227  0.0231  0.0226  0.0227  0.0224  0.0226
  0.0225  0.0224  0.0224  0.0226  0.0225  0.0227  0.0224  0.0226  0.0223  0.0224  0.0223  0.0224
  0.0223  0.0222  0.0223  0.0224  0.0223  0.0224  0.0222  0.0223  0.0222  0.0222  0.0222  0.0222
  0.0222  0.0222  0.0222  0.0222  0.0222  0.0222  0.0222  0.0222  0.0222  0.0222  0.0222  0.0222
  0.0223  0.0222  0.0222  0.0222  0.0222  0.0222  0.0223  0.0223  0.0222  0.0223  0.0222  0.0222
  0.0225  0.0224  0.0223  0.0225  0.0225  0.0225  0.0225  0.0226  0.0223  0.0224  0.0223  0.0223
  0.0229  0.0227  0.0224  0.0230  0.0230  0.0231  0.0228  0.0231  0.0225  0.0228  0.0225  0.0225
niter,ni,del,rscale     1    3    5.0000    0.4000
parameters
    0.4422   -7.3431    9.5901   -4.7907  -11.2955   -7.7981
   -2.4057   -0.8288    2.0514   -0.6710    4.3637   -1.5502
eta,q 0.97783 10.88003
  0.0226  0.0225  0.0224  0.0227  0.0226  0.0228  0.0225  0.0228  0.0224  0.0225  0.0223  0.0224
  0.0224  0.0223  0.0223  0.0225  0.0224  0.0225  0.0223  0.0225  0.0223  0.0223  0.0222  0.0223
  0.0222  0.0222  0.0222  0.0223  0.0222  0.0223  0.0222  0.0223  0.0222  0.0222  0.0222  0.0222
  0.0222  0.0222  0.0222  0.0222  0.0222  0.0222  0.0222  0.0222  0.0222  0.0222  0.0222  0.0222
  0.0222  0.0222  0.0222  0.0222  0.0222  0.0222  0.0222  0.0222  0.0222  0.0222  0.0222  0.0222
  0.0224  0.0223  0.0222  0.0224  0.0224  0.0224  0.0223  0.0224  0.0223  0.0223  0.0223  0.0223
  0.0226  0.0225  0.0224  0.0227  0.0226  0.0228  0.0225  0.0228  0.0224  0.0225  0.0224  0.0224
registration optimization eta report
parameter search radius
    0.8000    0.8000    0.8000    2.4000    2.4000    2.4000
    2.4000    2.4000    2.4000    2.4000    2.4000    2.4000
100000*second partial in parameter space
       64.       45.       36.       10.        8.       11.
        6.       11.        4.        6.        3.        4.
  0.0226  0.0225  0.0224  0.0227  0.0226  0.0228  0.0225  0.0228  0.0224  0.0225  0.0223  0.0224
  0.0224  0.0223  0.0223  0.0225  0.0224  0.0225  0.0223  0.0225  0.0223  0.0223  0.0222  0.0223
  0.0222  0.0222  0.0222  0.0223  0.0222  0.0223  0.0222  0.0223  0.0222  0.0222  0.0222  0.0222
  0.0222  0.0222  0.0222  0.0222  0.0222  0.0222  0.0222  0.0222  0.0222  0.0222  0.0222  0.0222
  0.0222  0.0222  0.0222  0.0222  0.0222  0.0222  0.0222  0.0222  0.0222  0.0222  0.0222  0.0222
  0.0224  0.0223  0.0222  0.0224  0.0224  0.0224  0.0223  0.0224  0.0223  0.0223  0.0223  0.0223
  0.0226  0.0225  0.0224  0.0227  0.0226  0.0228  0.0225  0.0228  0.0224  0.0225  0.0224  0.0224
    0.4422   -7.3431    9.5901   -4.7907  -11.2955   -7.7981
   -2.4057   -0.8288    2.0514   -0.6710    4.3637   -1.5502
eta,q 0.97783 10.88003

---------------------------------------------------------------------
imgreg_4dfp /opt/freesurfer/average/711-2C_as_mni_average_305 /opt/freesurfer/average/711-2B_as_mni_average_305_mask talsrcimg_g11 none talsrcimg_to_711-2C_as_mni_average_305_t4 2311
---------------------------------------------------------------------

freesurfer imgreg_4dfp.c
/opt/freesurfer/average/711-2C_as_mni_average_305.4dfp.img
       256       256       256         1
  1.000000  1.000000  1.000000
orientation T byte_order littleendian
Reading image: /opt/freesurfer/average/711-2C_as_mni_average_305.4dfp.img
dimensions:      256       256       256
mmppix:       1.0000   -1.0000   -1.0000
center:     128.0000 -129.0000 -129.0000
/opt/freesurfer/average/711-2B_as_mni_average_305_mask.4dfp.img
       256       256       256         1
  1.000000  1.000000  1.000000
orientation T byte_order littleendian
Reading mask: /opt/freesurfer/average/711-2B_as_mni_average_305_mask.4dfp.img (2306576 pixels)
talsrcimg_g11.4dfp.img
       256       256       256         1
  1.000000  1.000000  1.000000
orientation T byte_order littleendian
Reading image: talsrcimg_g11.4dfp.img
dimensions:      256       256       256
mmppix:       1.0000   -1.0000   -1.0000
center:     128.0000 -129.0000 -129.0000
fimgreg.f
image alignment mode   2311 decimal      907 hex
parameters
    0.4422   -7.3431    9.5901   -4.7907  -11.2955   -7.7981
   -2.4057   -0.8288    2.0514   -0.6710    4.3637   -1.5502
eta,q 0.97783 10.88003
niter,ni,del,rscale     5    3    5.0000    0.8000
parameters
    0.4216   -7.3746    9.5964   -5.2178  -11.5518   -8.0561
   -2.2993   -0.8615    2.0139   -0.7488    4.4629   -1.5654
eta,q 0.97777 10.85467
  0.0238  0.0233  0.0231  0.0237  0.0238  0.0242  0.0237  0.0245  0.0231  0.0237  0.0229  0.0230
  0.0229  0.0227  0.0226  0.0230  0.0230  0.0233  0.0229  0.0233  0.0226  0.0228  0.0226  0.0226
  0.0223  0.0223  0.0223  0.0224  0.0224  0.0225  0.0224  0.0225  0.0223  0.0223  0.0223  0.0223
  0.0222  0.0222  0.0222  0.0222  0.0222  0.0222  0.0222  0.0222  0.0222  0.0222  0.0222  0.0222
  0.0224  0.0223  0.0222  0.0224  0.0224  0.0224  0.0224  0.0225  0.0223  0.0224  0.0223  0.0223
  0.0229  0.0227  0.0226  0.0233  0.0231  0.0233  0.0228  0.0233  0.0226  0.0229  0.0225  0.0226
  0.0239  0.0234  0.0231  0.0247  0.0244  0.0249  0.0235  0.0246  0.0232  0.0238  0.0229  0.0231
niter,ni,del,rscale     4    3    5.0000    0.7000
parameters
    0.4489   -7.3442    9.5716   -5.0439  -11.4607   -8.0334
   -2.3187   -0.8482    1.9947   -0.6951    4.4440   -1.6182
eta,q 0.97780 10.86190
  0.0235  0.0231  0.0229  0.0237  0.0236  0.0239  0.0233  0.0240  0.0229  0.0234  0.0227  0.0228
  0.0228  0.0226  0.0225  0.0231  0.0229  0.0231  0.0227  0.0231  0.0225  0.0227  0.0225  0.0225
  0.0224  0.0223  0.0223  0.0226  0.0224  0.0225  0.0223  0.0224  0.0223  0.0223  0.0223  0.0223
  0.0222  0.0222  0.0222  0.0222  0.0222  0.0222  0.0222  0.0222  0.0222  0.0222  0.0222  0.0222
  0.0223  0.0223  0.0223  0.0222  0.0223  0.0223  0.0223  0.0224  0.0223  0.0223  0.0223  0.0223
  0.0227  0.0226  0.0225  0.0227  0.0227  0.0229  0.0227  0.0230  0.0225  0.0227  0.0224  0.0225
  0.0234  0.0231  0.0229  0.0237  0.0236  0.0240  0.0233  0.0240  0.0229  0.0233  0.0227  0.0229
niter,ni,del,rscale     3    3    5.0000    0.6000
parameters
    0.4463   -7.3374    9.5733   -4.9362  -11.3937   -7.9450
   -2.3299   -0.8465    2.0048   -0.6701    4.4189   -1.6097
eta,q 0.97782 10.86918
  0.0231  0.0228  0.0227  0.0234  0.0232  0.0235  0.0230  0.0235  0.0227  0.0230  0.0226  0.0227
  0.0226  0.0225  0.0224  0.0228  0.0227  0.0229  0.0225  0.0228  0.0224  0.0225  0.0224  0.0224
  0.0223  0.0223  0.0223  0.0224  0.0224  0.0224  0.0223  0.0224  0.0222  0.0222  0.0222  0.0222
  0.0222  0.0222  0.0222  0.0222  0.0222  0.0222  0.0222  0.0222  0.0222  0.0222  0.0222  0.0222
  0.0223  0.0223  0.0223  0.0222  0.0222  0.0223  0.0223  0.0223  0.0222  0.0223  0.0222  0.0222
  0.0226  0.0225  0.0224  0.0226  0.0226  0.0227  0.0225  0.0228  0.0224  0.0225  0.0224  0.0224
  0.0231  0.0228  0.0227  0.0234  0.0232  0.0235  0.0230  0.0236  0.0227  0.0230  0.0226  0.0227
niter,ni,del,rscale     2    3    5.0000    0.5000
parameters
    0.4409   -7.3396    9.5908   -4.8504  -11.3455   -7.8651
   -2.3673   -0.8374    2.0247   -0.6716    4.3950   -1.5819
eta,q 0.97783 10.87501
  0.0228  0.0226  0.0225  0.0230  0.0229  0.0232  0.0227  0.0231  0.0225  0.0227  0.0224  0.0225
  0.0225  0.0224  0.0224  0.0226  0.0225  0.0227  0.0224  0.0226  0.0223  0.0224  0.0223  0.0223
  0.0223  0.0222  0.0222  0.0223  0.0223  0.0223  0.0222  0.0223  0.0222  0.0222  0.0222  0.0222
  0.0222  0.0222  0.0222  0.0222  0.0222  0.0222  0.0222  0.0222  0.0222  0.0222  0.0222  0.0222
  0.0223  0.0222  0.0222  0.0222  0.0222  0.0222  0.0223  0.0223  0.0222  0.0222  0.0222  0.0222
  0.0225  0.0224  0.0223  0.0225  0.0225  0.0225  0.0224  0.0226  0.0223  0.0224  0.0223  0.0223
  0.0228  0.0226  0.0225  0.0230  0.0229  0.0231  0.0227  0.0231  0.0225  0.0227  0.0225  0.0225
niter,ni,del,rscale     1    3    5.0000    0.4000
parameters
    0.4365   -7.3454    9.6168   -4.7848  -11.3209   -7.7991
   -2.4059   -0.8306    2.0516   -0.6941    4.3718   -1.5070
eta,q 0.97783 10.87935
  0.0226  0.0225  0.0224  0.0227  0.0226  0.0228  0.0225  0.0228  0.0224  0.0225  0.0223  0.0224
  0.0224  0.0223  0.0223  0.0225  0.0224  0.0225  0.0223  0.0225  0.0223  0.0223  0.0222  0.0223
  0.0222  0.0222  0.0222  0.0223  0.0222  0.0223  0.0222  0.0222  0.0222  0.0222  0.0222  0.0222
  0.0222  0.0222  0.0222  0.0222  0.0222  0.0222  0.0222  0.0222  0.0222  0.0222  0.0222  0.0222
  0.0222  0.0222  0.0222  0.0222  0.0222  0.0222  0.0222  0.0222  0.0222  0.0222  0.0222  0.0222
  0.0224  0.0223  0.0223  0.0224  0.0224  0.0224  0.0223  0.0224  0.0223  0.0223  0.0222  0.0223
  0.0226  0.0225  0.0224  0.0227  0.0226  0.0228  0.0225  0.0228  0.0224  0.0225  0.0224  0.0224
registration optimization eta report
parameter search radius
    0.8000    0.8000    0.8000    2.4000    2.4000    2.4000
    2.4000    2.4000    2.4000    2.4000    2.4000    2.4000
100000*second partial in parameter space
       64.       45.       36.       10.        8.       11.
        6.       11.        4.        6.        3.        4.
  0.0226  0.0225  0.0224  0.0227  0.0226  0.0228  0.0225  0.0228  0.0224  0.0225  0.0223  0.0224
  0.0224  0.0223  0.0223  0.0225  0.0224  0.0225  0.0223  0.0225  0.0223  0.0223  0.0222  0.0223
  0.0222  0.0222  0.0222  0.0223  0.0222  0.0223  0.0222  0.0222  0.0222  0.0222  0.0222  0.0222
  0.0222  0.0222  0.0222  0.0222  0.0222  0.0222  0.0222  0.0222  0.0222  0.0222  0.0222  0.0222
  0.0222  0.0222  0.0222  0.0222  0.0222  0.0222  0.0222  0.0222  0.0222  0.0222  0.0222  0.0222
  0.0224  0.0223  0.0223  0.0224  0.0224  0.0224  0.0223  0.0224  0.0223  0.0223  0.0222  0.0223
  0.0226  0.0225  0.0224  0.0227  0.0226  0.0228  0.0225  0.0228  0.0224  0.0225  0.0224  0.0224
    0.4365   -7.3454    9.6168   -4.7848  -11.3209   -7.7991
   -2.4059   -0.8306    2.0516   -0.6941    4.3718   -1.5070
eta,q 0.97783 10.87935

---------------------------------------------------------------------
compute_vox2vox talsrcimg talsrcimg_to_711-2C_as_mni_average_305_t4 /opt/freesurfer/average/711-2C_as_mni_average_305
---------------------------------------------------------------------

freesurfer compute_vox2vox.c
Reading: talsrcimg.4dfp.ifh
Reading: talsrcimg_to_711-2C_as_mni_average_305_t4
Reading: /opt/freesurfer/average/711-2C_as_mni_average_305.4dfp.ifh
Writing: talsrcimg_to_711-2C_as_mni_average_305_t4_vox2vox.txt

start time Thu Mar 12 15:22:18 CET 2026
end		time Thu Mar 12 15:22:32 CET 2026

mpr2mni305 success

avi2talxfm orig_nu.mgz /opt/freesurfer/average/mni305.cor.mgz talsrcimg_to_711-2C_as_mni_average_305_t4_vox2vox.txt transforms/talairach.auto.xfm
avi2talxfm done
mv -f /out/sourcedata/freesurfer/sub-v1s20x0050294_ses-1/mri/talsrcimg_to_711-2C_as_mni_average_305_t4_vox2vox.txt /out/sourcedata/freesurfer/sub-v1s20x0050294_ses-1/mri/transforms/talsrcimg_to_711-2C_as_mni_average_305_t4_vox2vox.txt
lta_convert --src orig_nu.mgz --trg /opt/freesurfer/average/mni305.cor.mgz --inxfm transforms/talairach.auto.xfm --outlta transforms/talairach.auto.xfm.lta --subject fsaverage
7.3.2

--src: orig_nu.mgz src image (geometry).
--trg: /opt/freesurfer/average/mni305.cor.mgz trg image (geometry).
--inmni: transforms/talairach.auto.xfm input MNI/XFM transform.
--outlta: transforms/talairach.auto.xfm.lta output LTA.
--s: fsaverage subject name
 LTA read, type : 1
 1.04919   0.00967   0.02863  -0.88873;
-0.05015   1.08426   0.01706  -10.73271;
-0.02467   0.00826   1.12713   7.43813;
 0.00000   0.00000   0.00000   1.00000;
setting subject to fsaverage
Writing  LTA to file transforms/talairach.auto.xfm.lta...
lta_convert successful.
 
 
Started at Thu Mar 12 15:22:18 CET 2026
Ended   at Thu Mar 12 15:22:32 CET 2026
talairach_avi done
