status file for recon-all
Thu Mar 12 20:32:54 CET 2026
#@# Tessellate lh Thu Mar 12 20:32:54 CET 2026
#@# Smooth1 lh Thu Mar 12 20:32:57 CET 2026
#@# Inflation1 lh Thu Mar 12 20:33:00 CET 2026
#@# QSphere lh Thu Mar 12 20:33:11 CET 2026
#@# Fix Topology lh Thu Mar 12 20:34:08 CET 2026
#@# Smooth2 lh Thu Mar 12 20:39:33 CET 2026
#@# Inflation2 lh Thu Mar 12 20:39:35 CET 2026
#@# Curv .H and .K lh Thu Mar 12 20:39:49 CET 2026
#@# Sphere lh Thu Mar 12 20:40:28 CET 2026
#@# Surf Reg lh Thu Mar 12 20:42:38 CET 2026
#@# Jacobian white lh Thu Mar 12 20:45:48 CET 2026
#@# AvgCurv lh Thu Mar 12 20:45:49 CET 2026
#@# Cortical Parc lh Thu Mar 12 20:45:50 CET 2026
#@# white curv lh Thu Mar 12 20:51:14 CET 2026
#@# white area lh Thu Mar 12 20:51:16 CET 2026
#@# pial curv lh Thu Mar 12 20:51:17 CET 2026
#@# pial area lh Thu Mar 12 20:51:18 CET 2026
#@# thickness lh Thu Mar 12 20:51:19 CET 2026
#@# area and vertex vol lh Thu Mar 12 20:51:46 CET 2026
#@# Curvature Stats lh Thu Mar 12 20:51:48 CET 2026
#@# Cortical Parc 2 lh Thu Mar 12 20:51:50 CET 2026
#@# Cortical Parc 3 lh Thu Mar 12 20:52:02 CET 2026
#@# WM/GM Contrast lh Thu Mar 12 20:52:12 CET 2026
recon-all -s sub-v1s20x0050365_ses-1 finished without error at Thu Mar 12 20:52:16 CET 2026



#New# invocation of recon-all 



status file for recon-all
Thu Mar 12 21:25:56 CET 2026
#@# white curv lh Thu Mar 12 21:25:56 CET 2026
#@# white area lh Thu Mar 12 21:25:56 CET 2026
#@# pial curv lh Thu Mar 12 21:25:56 CET 2026
#@# pial area lh Thu Mar 12 21:25:56 CET 2026
#@# thickness lh Thu Mar 12 21:25:56 CET 2026
#@# area and vertex vol lh Thu Mar 12 21:25:56 CET 2026
#@# Parcellation Stats lh Thu Mar 12 21:25:56 CET 2026
#@# Parcellation Stats 2 lh Thu Mar 12 21:26:09 CET 2026
#@# Parcellation Stats 3 lh Thu Mar 12 21:26:16 CET 2026
#@# BA_exvivo Labels lh Thu Mar 12 21:26:23 CET 2026
recon-all -s sub-v1s20x0050365_ses-1 finished without error at Thu Mar 12 21:28:43 CET 2026
