status file for recon-all
Thu Mar 12 18:56:59 CET 2026
#@# MotionCor Thu Mar 12 18:57:00 CET 2026
#@# Talairach Thu Mar 12 18:57:09 CET 2026
#@# Talairach Failure Detection Thu Mar 12 19:01:36 CET 2026
#@# Nu Intensity Correction Thu Mar 12 19:01:36 CET 2026
#@# Intensity Normalization Thu Mar 12 19:04:50 CET 2026
recon-all -s sub-v1s20x0050365_ses-1 finished without error at Thu Mar 12 19:06:18 CET 2026



#New# invocation of recon-all 



status file for recon-all
Thu Mar 12 19:12:51 CET 2026
#@# EM Registration Thu Mar 12 19:12:51 CET 2026
recon-all -s sub-v1s20x0050365_ses-1 finished without error at Thu Mar 12 19:14:41 CET 2026



#New# invocation of recon-all 



status file for recon-all
Thu Mar 12 19:14:44 CET 2026
#@# CA Normalize Thu Mar 12 19:14:44 CET 2026
#@# CA Reg Thu Mar 12 19:16:04 CET 2026
#@# SubCort Seg Thu Mar 12 20:02:15 CET 2026
#@# CC Seg Thu Mar 12 20:27:05 CET 2026
#@# Merge ASeg Thu Mar 12 20:27:39 CET 2026
#@# Intensity Normalization2 Thu Mar 12 20:27:39 CET 2026
#@# Mask BFS Thu Mar 12 20:29:48 CET 2026
#@# WM Segmentation Thu Mar 12 20:29:48 CET 2026
#@# Fill Thu Mar 12 20:31:44 CET 2026
recon-all -s sub-v1s20x0050365_ses-1 finished without error at Thu Mar 12 20:32:50 CET 2026



#New# invocation of recon-all 



status file for recon-all
Thu Mar 12 21:21:50 CET 2026
#@# white curv lh Thu Mar 12 21:21:50 CET 2026
#@# white area lh Thu Mar 12 21:21:50 CET 2026
#@# pial curv lh Thu Mar 12 21:21:50 CET 2026
#@# pial area lh Thu Mar 12 21:21:50 CET 2026
#@# thickness lh Thu Mar 12 21:21:50 CET 2026
#@# area and vertex vol lh Thu Mar 12 21:21:50 CET 2026
#@# white curv rh Thu Mar 12 21:21:50 CET 2026
#@# white area rh Thu Mar 12 21:21:50 CET 2026
#@# pial curv rh Thu Mar 12 21:21:50 CET 2026
#@# pial area rh Thu Mar 12 21:21:50 CET 2026
#@# thickness rh Thu Mar 12 21:21:50 CET 2026
#@# area and vertex vol rh Thu Mar 12 21:21:50 CET 2026
#@# Cortical ribbon mask Thu Mar 12 21:21:50 CET 2026
recon-all -s sub-v1s20x0050365_ses-1 finished without error at Thu Mar 12 21:25:52 CET 2026



#New# invocation of recon-all 



status file for recon-all
Thu Mar 12 21:31:44 CET 2026
#@# white curv lh Thu Mar 12 21:31:44 CET 2026
#@# white area lh Thu Mar 12 21:31:44 CET 2026
#@# pial curv lh Thu Mar 12 21:31:44 CET 2026
#@# pial area lh Thu Mar 12 21:31:44 CET 2026
#@# thickness lh Thu Mar 12 21:31:44 CET 2026
#@# area and vertex vol lh Thu Mar 12 21:31:44 CET 2026
#@# white curv rh Thu Mar 12 21:31:44 CET 2026
#@# white area rh Thu Mar 12 21:31:44 CET 2026
#@# pial curv rh Thu Mar 12 21:31:44 CET 2026
#@# pial area rh Thu Mar 12 21:31:44 CET 2026
#@# thickness rh Thu Mar 12 21:31:44 CET 2026
#@# area and vertex vol rh Thu Mar 12 21:31:44 CET 2026
#@# Curvature Stats lh Thu Mar 12 21:31:44 CET 2026
#@# Curvature Stats rh Thu Mar 12 21:31:46 CET 2026
#@# Relabel Hypointensities Thu Mar 12 21:31:49 CET 2026
#@# APas-to-ASeg Thu Mar 12 21:32:02 CET 2026
#@# AParc-to-ASeg aparc Thu Mar 12 21:32:10 CET 2026
#@# AParc-to-ASeg aparc.a2009s Thu Mar 12 21:32:34 CET 2026
#@# AParc-to-ASeg aparc.DKTatlas Thu Mar 12 21:32:59 CET 2026
#@# WMParc Thu Mar 12 21:33:28 CET 2026
#@# ASeg Stats Thu Mar 12 21:37:17 CET 2026
recon-all -s sub-v1s20x0050365_ses-1 finished without error at Thu Mar 12 21:37:58 CET 2026
