status file for recon-all
Thu Mar 12 20:52:19 CET 2026
#@# Tessellate rh Thu Mar 12 20:52:19 CET 2026
#@# Smooth1 rh Thu Mar 12 20:52:23 CET 2026
#@# Inflation1 rh Thu Mar 12 20:52:26 CET 2026
#@# QSphere rh Thu Mar 12 20:52:40 CET 2026
#@# Fix Topology rh Thu Mar 12 20:53:46 CET 2026
#@# Smooth2 rh Thu Mar 12 21:02:45 CET 2026
#@# Inflation2 rh Thu Mar 12 21:02:48 CET 2026
#@# Curv .H and .K rh Thu Mar 12 21:03:02 CET 2026
#@# Sphere rh Thu Mar 12 21:03:44 CET 2026
#@# Surf Reg rh Thu Mar 12 21:08:21 CET 2026
#@# Jacobian white rh Thu Mar 12 21:14:07 CET 2026
#@# AvgCurv rh Thu Mar 12 21:14:08 CET 2026
#@# Cortical Parc rh Thu Mar 12 21:14:09 CET 2026
#@# white curv rh Thu Mar 12 21:20:48 CET 2026
#@# white area rh Thu Mar 12 21:20:50 CET 2026
#@# pial curv rh Thu Mar 12 21:20:50 CET 2026
#@# pial area rh Thu Mar 12 21:20:52 CET 2026
#@# thickness rh Thu Mar 12 21:20:53 CET 2026
#@# area and vertex vol rh Thu Mar 12 21:21:18 CET 2026
#@# Curvature Stats rh Thu Mar 12 21:21:20 CET 2026
#@# Cortical Parc 2 rh Thu Mar 12 21:21:22 CET 2026
#@# Cortical Parc 3 rh Thu Mar 12 21:21:34 CET 2026
#@# WM/GM Contrast rh Thu Mar 12 21:21:43 CET 2026
recon-all -s sub-v1s20x0050365_ses-1 finished without error at Thu Mar 12 21:21:47 CET 2026



#New# invocation of recon-all 



status file for recon-all
Thu Mar 12 21:28:48 CET 2026
#@# white curv rh Thu Mar 12 21:28:48 CET 2026
#@# white area rh Thu Mar 12 21:28:48 CET 2026
#@# pial curv rh Thu Mar 12 21:28:48 CET 2026
#@# pial area rh Thu Mar 12 21:28:48 CET 2026
#@# thickness rh Thu Mar 12 21:28:48 CET 2026
#@# area and vertex vol rh Thu Mar 12 21:28:48 CET 2026
#@# Parcellation Stats rh Thu Mar 12 21:28:48 CET 2026
#@# Parcellation Stats 2 rh Thu Mar 12 21:29:02 CET 2026
#@# Parcellation Stats 3 rh Thu Mar 12 21:29:09 CET 2026
#@# BA_exvivo Labels rh Thu Mar 12 21:29:16 CET 2026
recon-all -s sub-v1s20x0050365_ses-1 finished without error at Thu Mar 12 21:31:40 CET 2026
