status file for recon-all
Thu Mar 12 16:11:21 CET 2026
#@# Tessellate lh Thu Mar 12 16:11:22 CET 2026
#@# Smooth1 lh Thu Mar 12 16:11:24 CET 2026
#@# Inflation1 lh Thu Mar 12 16:11:26 CET 2026
#@# QSphere lh Thu Mar 12 16:11:32 CET 2026
#@# Fix Topology lh Thu Mar 12 16:12:08 CET 2026
#@# Smooth2 lh Thu Mar 12 16:17:33 CET 2026
#@# Inflation2 lh Thu Mar 12 16:17:35 CET 2026
#@# Curv .H and .K lh Thu Mar 12 16:17:41 CET 2026
#@# Sphere lh Thu Mar 12 16:18:13 CET 2026
#@# Surf Reg lh Thu Mar 12 16:19:56 CET 2026
#@# Jacobian white lh Thu Mar 12 16:21:59 CET 2026
#@# AvgCurv lh Thu Mar 12 16:22:00 CET 2026
#@# Cortical Parc lh Thu Mar 12 16:22:00 CET 2026
#@# white curv lh Thu Mar 12 16:26:21 CET 2026
#@# white area lh Thu Mar 12 16:26:22 CET 2026
#@# pial curv lh Thu Mar 12 16:26:22 CET 2026
#@# pial area lh Thu Mar 12 16:26:23 CET 2026
#@# thickness lh Thu Mar 12 16:26:24 CET 2026
#@# area and vertex vol lh Thu Mar 12 16:26:39 CET 2026
#@# Curvature Stats lh Thu Mar 12 16:26:40 CET 2026
#@# Cortical Parc 2 lh Thu Mar 12 16:26:42 CET 2026
#@# Cortical Parc 3 lh Thu Mar 12 16:26:50 CET 2026
#@# WM/GM Contrast lh Thu Mar 12 16:26:56 CET 2026
recon-all -s sub-v1s20x0050286_ses-1 finished without error at Thu Mar 12 16:26:58 CET 2026



#New# invocation of recon-all 



status file for recon-all
Thu Mar 12 16:43:59 CET 2026
#@# white curv lh Thu Mar 12 16:43:59 CET 2026
#@# white area lh Thu Mar 12 16:43:59 CET 2026
#@# pial curv lh Thu Mar 12 16:43:59 CET 2026
#@# pial area lh Thu Mar 12 16:43:59 CET 2026
#@# thickness lh Thu Mar 12 16:43:59 CET 2026
#@# area and vertex vol lh Thu Mar 12 16:43:59 CET 2026
#@# Parcellation Stats lh Thu Mar 12 16:43:59 CET 2026
#@# Parcellation Stats 2 lh Thu Mar 12 16:44:10 CET 2026
#@# Parcellation Stats 3 lh Thu Mar 12 16:44:15 CET 2026
#@# BA_exvivo Labels lh Thu Mar 12 16:44:21 CET 2026
recon-all -s sub-v1s20x0050286_ses-1 finished without error at Thu Mar 12 16:45:55 CET 2026
