status file for recon-all
Thu Mar 12 16:40:31 CET 2026
#@# Tessellate lh Thu Mar 12 16:40:31 CET 2026
#@# Smooth1 lh Thu Mar 12 16:40:34 CET 2026
#@# Inflation1 lh Thu Mar 12 16:40:37 CET 2026
#@# QSphere lh Thu Mar 12 16:40:49 CET 2026
#@# Fix Topology lh Thu Mar 12 16:42:01 CET 2026
#@# Smooth2 lh Thu Mar 12 16:48:24 CET 2026
#@# Inflation2 lh Thu Mar 12 16:48:26 CET 2026
#@# Curv .H and .K lh Thu Mar 12 16:48:40 CET 2026
#@# Sphere lh Thu Mar 12 16:49:21 CET 2026
#@# Surf Reg lh Thu Mar 12 16:52:08 CET 2026
#@# Jacobian white lh Thu Mar 12 16:55:37 CET 2026
#@# AvgCurv lh Thu Mar 12 16:55:38 CET 2026
#@# Cortical Parc lh Thu Mar 12 16:55:39 CET 2026
#@# white curv lh Thu Mar 12 17:01:45 CET 2026
#@# white area lh Thu Mar 12 17:01:47 CET 2026
#@# pial curv lh Thu Mar 12 17:01:48 CET 2026
#@# pial area lh Thu Mar 12 17:01:49 CET 2026
#@# thickness lh Thu Mar 12 17:01:50 CET 2026
#@# area and vertex vol lh Thu Mar 12 17:02:18 CET 2026
#@# Curvature Stats lh Thu Mar 12 17:02:19 CET 2026
#@# Cortical Parc 2 lh Thu Mar 12 17:02:22 CET 2026
#@# Cortical Parc 3 lh Thu Mar 12 17:02:35 CET 2026
#@# WM/GM Contrast lh Thu Mar 12 17:02:45 CET 2026
recon-all -s sub-v1s20x0050276_ses-1 finished without error at Thu Mar 12 17:02:47 CET 2026



#New# invocation of recon-all 



status file for recon-all
Thu Mar 12 17:31:33 CET 2026
#@# white curv lh Thu Mar 12 17:31:33 CET 2026
#@# white area lh Thu Mar 12 17:31:33 CET 2026
#@# pial curv lh Thu Mar 12 17:31:33 CET 2026
#@# pial area lh Thu Mar 12 17:31:33 CET 2026
#@# thickness lh Thu Mar 12 17:31:33 CET 2026
#@# area and vertex vol lh Thu Mar 12 17:31:33 CET 2026
#@# Parcellation Stats lh Thu Mar 12 17:31:33 CET 2026
#@# Parcellation Stats 2 lh Thu Mar 12 17:31:49 CET 2026
#@# Parcellation Stats 3 lh Thu Mar 12 17:31:58 CET 2026
#@# BA_exvivo Labels lh Thu Mar 12 17:32:06 CET 2026
recon-all -s sub-v1s20x0050276_ses-1 finished without error at Thu Mar 12 17:34:42 CET 2026
