/out/sourcedata/freesurfer/sub-v1s20x0050318_ses-1/mri
/opt/freesurfer/bin/talairach_avi
--i orig_nu.mgz --xfm transforms/talairach.auto.xfm
talairach_avi 7.3.2
Linux dna067 5.14.0-427.37.1.el9_4.x86_64 #1 SMP PREEMPT_DYNAMIC Fri Sep 13 12:41:50 EDT 2024 x86_64 x86_64 x86_64 GNU/Linux
Mon Mar  9 07:48:36 CET 2026
mri_convert orig_nu.mgz talsrcimg.img 
reading from orig_nu.mgz...
TR=0.00, TE=0.00, TI=0.00, flip angle=0.00
i_ras = (-1, 0, 0)
j_ras = (0, 0, -1)
k_ras = (0, 1, 0)
writing to talsrcimg.img...
Analyze Output Matrix
-1.00000   0.00000   0.00000   129.50781;
 0.00000   0.00000   1.00000  -128.49219;
 0.00000  -1.00000   0.00000   129.60004;
 0.00000   0.00000   0.00000   1.00000;
--------------------
INFO: set hdr.hist.orient to -1
mpr2mni305 talsrcimg
Mon Mar  9 07:48:37 CET 2026
/opt/freesurfer/bin/mpr2mni305 talsrcimg
mpr2mni305 7.3.2
target=711-2C_as_mni_average_305

---------------------------------------------------------------------
analyzeto4dfp talsrcimg -O0 -y
---------------------------------------------------------------------

freesurfer ifh2hdr.c
Mon Mar  9 07:48:37 2026
Writing: talsrcimg.4dfp.hdr
freesurfer analyzeto4dfp.c
Reading: talsrcimg.hdr
header size 348 bytes
hdr.dime.datatype	offset=70	value=2
hdr.dime.bitpix		offset=72	value=8
hdr.hist.orient		offset=252	value=-1
dimensionality     4
dimensions       256       256       256         1
Reading: talsrcimg.img
Writing: talsrcimg.4dfp.img
Writing: talsrcimg.4dfp.ifh
ifh2hdr talsrcimg -r0to234
ori=2

---------------------------------------------------------------------
gauss_4dfp talsrcimg 1.1
---------------------------------------------------------------------

freesurfer gauss_4dfp.c
Reading: talsrcimg.4dfp.img
Writing: talsrcimg_g11.4dfp.img
image dimensions 256 256 256 padded to 288 288 288
processing volume 1freesurfer ifh2hdr.c
Mon Mar  9 07:48:38 2026
Writing: talsrcimg_g11.4dfp.hdr

Writing: talsrcimg_g11.4dfp.ifh
including: talsrcimg.4dfp.img.rec in talsrcimg_g11.4dfp.img.rec

---------------------------------------------------------------------
imgreg_4dfp /opt/freesurfer/average/711-2C_as_mni_average_305 none talsrcimg_g11 none talsrcimg_to_711-2C_as_mni_average_305_t4 4355
---------------------------------------------------------------------

freesurfer imgreg_4dfp.c
/opt/freesurfer/average/711-2C_as_mni_average_305.4dfp.img
       256       256       256         1
  1.000000  1.000000  1.000000
orientation T byte_order littleendian
Reading image: /opt/freesurfer/average/711-2C_as_mni_average_305.4dfp.img
dimensions:      256       256       256
mmppix:       1.0000   -1.0000   -1.0000
center:     128.0000 -129.0000 -129.0000
talsrcimg_g11.4dfp.img
       256       256       256         1
  1.000000  1.000000  1.000000
orientation T byte_order littleendian
Reading image: talsrcimg_g11.4dfp.img
dimensions:      256       256       256
mmppix:       1.0000   -1.0000   -1.0000
center:     128.0000 -129.0000 -129.0000
t4_read: open error in t4_sub.f l:  41 t4_file(1:l)talsrcimg_to_711-2C_as_mni_average_305_t4 
t4_read: transform initialized to I4
rotation matrix determinant  1.000000
image alignment mode   4355 decimal     1103 hex
   -7.5000  -45.0000  -45.0000 7503.0220   24.6882
    0.0000  -45.0000  -45.0000 7887.0645   24.7001
    7.5000  -45.0000  -45.0000 7585.0986   24.7105
   -7.5000  -37.5000  -45.0000 7969.5835   24.7724
    0.0000  -37.5000  -45.0000 8377.6240   24.7677
    7.5000  -37.5000  -45.0000 8046.4902   24.7653
   -7.5000  -30.0000  -45.0000 8687.3516   24.7700
    0.0000  -30.0000  -45.0000 9124.9600   24.7488
    7.5000  -30.0000  -45.0000 8778.6250   24.7385
   -7.5000  -22.5000  -45.0000 9319.8486   24.6779
    0.0000  -22.5000  -45.0000 9828.5801   24.6600
    7.5000  -22.5000  -45.0000 9431.0156   24.6556
   -7.5000  -15.0000  -45.0000 9904.4707   24.5962
    0.0000  -15.0000  -45.000010455.7119   24.5954
    7.5000  -15.0000  -45.000010030.4658   24.6049
   -7.5000   -7.5000  -45.000010470.8877   24.6042
    0.0000   -7.5000  -45.000011037.4160   24.6167
    7.5000   -7.5000  -45.000010617.9590   24.6332
   -7.5000    0.0000  -45.000010924.3564   24.6882
    0.0000    0.0000  -45.000011509.2627   24.7001
    7.5000    0.0000  -45.000011106.2969   24.7105
   -7.5000    7.5000  -45.000010619.5254   24.7724
    0.0000    7.5000  -45.000011168.5586   24.7677
    7.5000    7.5000  -45.000010774.0264   24.7653
   -7.5000   15.0000  -45.000010196.2949   24.7700
    0.0000   15.0000  -45.000010707.7129   24.7488
    7.5000   15.0000  -45.000010308.7812   24.7385
   -7.5000   22.5000  -45.0000 9731.5205   24.6745
    0.0000   22.5000  -45.000010220.5400   24.6566
    7.5000   22.5000  -45.0000 9834.3916   24.6522
   -7.5000   30.0000  -45.0000 8998.5801   24.2684
    0.0000   30.0000  -45.0000 9441.6865   24.2676
    7.5000   30.0000  -45.0000 9082.3672   24.2770
   -7.5000   37.5000  -45.0000 8539.9287   24.2764
    0.0000   37.5000  -45.0000 8958.3574   24.2887
    7.5000   37.5000  -45.0000 8606.9365   24.3049
   -7.5000   45.0000  -45.0000 7781.8652   23.7406
    0.0000   45.0000  -45.0000 8179.5073   23.7521
    7.5000   45.0000  -45.0000 7837.4619   23.7621
   -7.5000  -45.0000  -37.5000 8056.1406   24.6775
    0.0000  -45.0000  -37.5000 8472.4893   24.6669
    7.5000  -45.0000  -37.5000 8133.1274   24.6790
   -7.5000  -37.5000  -37.5000 8533.3535   24.7610
    0.0000  -37.5000  -37.5000 8994.9971   24.7454
    7.5000  -37.5000  -37.5000 8625.5801   24.7512
   -7.5000  -30.0000  -37.5000 9286.3184   24.7623
    0.0000  -30.0000  -37.5000 9792.8975   24.7405
    7.5000  -30.0000  -37.5000 9403.2344   24.7427
   -7.5000  -22.5000  -37.5000 9989.8730   24.6801
    0.0000  -22.5000  -37.500010547.3604   24.6590
    7.5000  -22.5000  -37.500010119.5645   24.6633
   -7.5000  -15.0000  -37.500010603.8701   24.6049
    0.0000  -15.0000  -37.500011231.2070   24.5899
    7.5000  -15.0000  -37.500010754.1797   24.6001
   -7.5000   -7.5000  -37.500011170.8770   24.6040
    0.0000   -7.5000  -37.500011795.5449   24.5933
    7.5000   -7.5000  -37.500011336.9463   24.6075
   -7.5000    0.0000  -37.500011672.2041   24.6775
    0.0000    0.0000  -37.500012329.4287   24.6669
    7.5000    0.0000  -37.500011868.2920   24.6790
   -7.5000    7.5000  -37.500011318.9775   24.7610
    0.0000    7.5000  -37.500011936.2354   24.7454
    7.5000    7.5000  -37.500011463.9082   24.7512
   -7.5000   15.0000  -37.500010809.9355   24.7623
    0.0000   15.0000  -37.500011384.2812   24.7405
    7.5000   15.0000  -37.500010916.4141   24.7427
   -7.5000   22.5000  -37.500010270.6035   24.6767
    0.0000   22.5000  -37.500010829.3252   24.6556
    7.5000   22.5000  -37.500010388.3330   24.6600
   -7.5000   30.0000  -37.5000 9489.4043   24.2770
    0.0000   30.0000  -37.5000 9996.3887   24.2622
    7.5000   30.0000  -37.5000 9576.2568   24.2723
   -7.5000   37.5000  -37.5000 8976.7188   24.2761
    0.0000   37.5000  -37.5000 9449.1846   24.2655
    7.5000   37.5000  -37.5000 9074.5264   24.2795
   -7.5000   45.0000  -37.5000 8158.7568   23.7304
    0.0000   45.0000  -37.5000 8581.1562   23.7201
    7.5000   45.0000  -37.5000 8223.5869   23.7319
   -7.5000  -45.0000  -30.0000 8742.3936   25.7280
    0.0000  -45.0000  -30.0000 9208.4502   25.7083
    7.5000  -45.0000  -30.0000 8834.6465   25.7200
   -7.5000  -37.5000  -30.0000 9250.4463   25.8019
    0.0000  -37.5000  -30.0000 9753.3262   25.7911
    7.5000  -37.5000  -30.0000 9354.9121   25.8028
   -7.5000  -30.0000  -30.000010047.3584   25.8056
    0.0000  -30.0000  -30.000010597.7041   25.8010
    7.5000  -30.0000  -30.000010174.8223   25.8149
   -7.5000  -22.5000  -30.000010794.2285   25.7385
    0.0000  -22.5000  -30.000011419.3057   25.7307
    7.5000  -22.5000  -30.000010957.4795   25.7449
   -7.5000  -15.0000  -30.000011451.4658   25.6742
    0.0000  -15.0000  -30.000012168.5391   25.6593
    7.5000  -15.0000  -30.000011672.5264   25.6721
   -7.5000   -7.5000  -30.000012057.9082   25.6677
    0.0000   -7.5000  -30.000012787.8447   25.6472
    7.5000   -7.5000  -30.000012277.1064   25.6596
   -7.5000    0.0000  -30.000012617.6123   25.7280
    0.0000    0.0000  -30.000013349.6221   25.7083
    7.5000    0.0000  -30.000012836.9209   25.7200
   -7.5000    7.5000  -30.000012172.8701   25.8019
    0.0000    7.5000  -30.000012877.3750   25.7911
    7.5000    7.5000  -30.000012344.2021   25.8028
   -7.5000   15.0000  -30.000011576.9336   25.8056
    0.0000   15.0000  -30.000012228.0732   25.8010
    7.5000   15.0000  -30.000011735.2188   25.8149
   -7.5000   22.5000  -30.000010990.6748   25.7323
    0.0000   22.5000  -30.000011615.0791   25.7245
    7.5000   22.5000  -30.000011132.5625   25.7387
   -7.5000   30.0000  -30.000010144.9365   25.3345
    0.0000   30.0000  -30.000010701.9814   25.3198
    7.5000   30.0000  -30.000010265.7490   25.3324
   -7.5000   37.5000  -30.0000 9579.9043   25.3280
    0.0000   37.5000  -30.000010101.4346   25.3078
    7.5000   37.5000  -30.0000 9723.0000   25.3201
   -7.5000   45.0000  -30.0000 8693.1689   24.7587
    0.0000   45.0000  -30.0000 9142.9248   24.7397
    7.5000   45.0000  -30.0000 8786.2168   24.7511
   -7.5000  -45.0000  -22.5000 9400.3828   26.6221
    0.0000  -45.0000  -22.5000 9927.2080   26.6191
    7.5000  -45.0000  -22.5000 9538.8486   26.6292
   -7.5000  -37.5000  -22.5000 9916.3516   26.6856
    0.0000  -37.5000  -22.500010485.1855   26.6929
    7.5000  -37.5000  -22.500010060.6211   26.7021
   -7.5000  -30.0000  -22.500010755.5215   26.6922
    0.0000  -30.0000  -22.500011389.4492   26.7073
    7.5000  -30.0000  -22.500010935.2012   26.7192
   -7.5000  -22.5000  -22.500011551.2598   26.6361
    0.0000  -22.5000  -22.500012251.8643   26.6465
    7.5000  -22.5000  -22.500011754.0908   26.6595
   -7.5000  -15.0000  -22.500012233.1445   26.5771
    0.0000  -15.0000  -22.500013041.6367   26.5787
    7.5000  -15.0000  -22.500012496.2500   26.5915
   -7.5000   -7.5000  -22.500012894.5439   26.5700
    0.0000   -7.5000  -22.500013744.5605   26.5658
    7.5000   -7.5000  -22.500013180.1924   26.5783
   -7.5000    0.0000  -22.500013480.7451   26.6221
    0.0000    0.0000  -22.500014337.5020   26.6191
    7.5000    0.0000  -22.500013748.7832   26.6292
   -7.5000    7.5000  -22.500012987.8516   26.6856
    0.0000    7.5000  -22.500013817.5713   26.6929
    7.5000    7.5000  -22.500013238.5176   26.7021
   -7.5000   15.0000  -22.500012343.7686   26.6922
    0.0000   15.0000  -22.500013087.3633   26.7073
    7.5000   15.0000  -22.500012546.8750   26.7192
   -7.5000   22.5000  -22.500011710.8965   26.6278
    0.0000   22.5000  -22.500012392.0244   26.6383
    7.5000   22.5000  -22.500011873.8135   26.6513
   -7.5000   30.0000  -22.500010798.1260   26.2295
    0.0000   30.0000  -22.500011402.3916   26.2311
    7.5000   30.0000  -22.500010934.0039   26.2436
   -7.5000   37.5000  -22.500010177.1436   26.2225
    0.0000   37.5000  -22.500010734.0508   26.2183
    7.5000   37.5000  -22.500010344.9541   26.2307
   -7.5000   45.0000  -22.5000 9203.9307   25.6384
    0.0000   45.0000  -22.5000 9697.1611   25.6355
    7.5000   45.0000  -22.5000 9336.9033   25.6452
   -7.5000  -45.0000  -15.000010088.8740   27.2612
    0.0000  -45.0000  -15.000010651.3418   27.2844
    7.5000  -45.0000  -15.000010221.4463   27.2943
   -7.5000  -37.5000  -15.000010634.1025   27.3248
    0.0000  -37.5000  -15.000011262.6943   27.3474
    7.5000  -37.5000  -15.000010811.1885   27.3497
   -7.5000  -30.0000  -15.000011504.1514   27.3282
    0.0000  -30.0000  -15.000012196.8096   27.3484
    7.5000  -30.0000  -15.000011717.2354   27.3503
   -7.5000  -22.5000  -15.000012313.6113   27.2635
    0.0000  -22.5000  -15.000013051.5742   27.2812
    7.5000  -22.5000  -15.000012548.5469   27.2884
   -7.5000  -15.0000  -15.000013022.6943   27.1984
    0.0000  -15.0000  -15.000013859.5977   27.2175
    7.5000  -15.0000  -15.000013293.7520   27.2324
   -7.5000   -7.5000  -15.000013735.0869   27.1995
    0.0000   -7.5000  -15.000014643.5469   27.2219
    7.5000   -7.5000  -15.000014033.6963   27.2390
   -7.5000    0.0000  -15.000014341.0957   27.2612
    0.0000    0.0000  -15.000015260.6914   27.2844
    7.5000    0.0000  -15.000014639.8008   27.2943
   -7.5000    7.5000  -15.000013804.5127   27.3248
    0.0000    7.5000  -15.000014707.9766   27.3474
    7.5000    7.5000  -15.000014103.0449   27.3497
   -7.5000   15.0000  -15.000013104.5020   27.3282
    0.0000   15.0000  -15.000013947.5781   27.3484
    7.5000   15.0000  -15.000013346.5469   27.3503
   -7.5000   22.5000  -15.000012393.1807   27.2538
    0.0000   22.5000  -15.000013167.7031   27.2716
    7.5000   22.5000  -15.000012564.2920   27.2788
   -7.5000   30.0000  -15.000011435.8916   26.8464
    0.0000   30.0000  -15.000012094.1631   26.8653
    7.5000   30.0000  -15.000011576.1846   26.8800
   -7.5000   37.5000  -15.000010799.3242   26.8475
    0.0000   37.5000  -15.000011396.7520   26.8696
    7.5000   37.5000  -15.000010944.6357   26.8864
   -7.5000   45.0000  -15.0000 9747.8574   26.2697
    0.0000   45.0000  -15.000010284.7139   26.2921
    7.5000   45.0000  -15.0000 9892.1758   26.3016
   -7.5000  -45.0000   -7.500010820.4678   27.5739
    0.0000  -45.0000   -7.500011461.9707   27.6043
    7.5000  -45.0000   -7.500011006.9883   27.6142
   -7.5000  -37.5000   -7.500011417.9385   27.6523
    0.0000  -37.5000   -7.500012116.0312   27.6679
    7.5000  -37.5000   -7.500011672.9521   27.6635
   -7.5000  -30.0000   -7.500012299.9512   27.6486
    0.0000  -30.0000   -7.500013034.2451   27.6489
    7.5000  -30.0000   -7.500012560.1143   27.6390
   -7.5000  -22.5000   -7.500013134.8125   27.5585
    0.0000  -22.5000   -7.500013912.0850   27.5606
    7.5000  -22.5000   -7.500013400.4111   27.5595
   -7.5000  -15.0000   -7.500013863.3838   27.4776
    0.0000  -15.0000   -7.500014703.4355   27.4951
    7.5000  -15.0000   -7.500014147.7119   27.5095
   -7.5000   -7.5000   -7.500014604.0127   27.4893
    0.0000   -7.5000   -7.500015517.0273   27.5200
    7.5000   -7.5000   -7.500014913.8750   27.5398
   -7.5000    0.0000   -7.500015276.6201   27.5739
    0.0000    0.0000   -7.500016216.1074   27.6043
    7.5000    0.0000   -7.500015582.9473   27.6142
   -7.5000    7.5000   -7.500014699.6348   27.6523
    0.0000    7.5000   -7.500015606.3779   27.6679
    7.5000    7.5000   -7.500014978.0020   27.6635
   -7.5000   15.0000   -7.500013904.2832   27.6486
    0.0000   15.0000   -7.500014783.2686   27.6489
    7.5000   15.0000   -7.500014167.3096   27.6390
   -7.5000   22.5000   -7.500013113.1426   27.5458
    0.0000   22.5000   -7.500013941.8525   27.5479
    7.5000   22.5000   -7.500013296.9033   27.5467
   -7.5000   30.0000   -7.500012071.3779   27.1212
    0.0000   30.0000   -7.500012817.0713   27.1385
    7.5000   30.0000   -7.500012269.7236   27.1528
   -7.5000   37.5000   -7.500011403.2871   27.1328
    0.0000   37.5000   -7.500012062.8936   27.1631
    7.5000   37.5000   -7.500011588.9629   27.1827
   -7.5000   45.0000   -7.500010303.2422   26.5760
    0.0000   45.0000   -7.500010850.2646   26.6053
    7.5000   45.0000   -7.500010427.0928   26.6149
   -7.5000  -45.0000    0.000011458.1875   27.6173
    0.0000  -45.0000    0.000012131.0654   27.6304
    7.5000  -45.0000    0.000011725.2422   27.6416
   -7.5000  -37.5000    0.000012121.2100   27.7114
    0.0000  -37.5000    0.000012819.6670   27.7059
    7.5000  -37.5000    0.000012447.7236   27.7027
   -7.5000  -30.0000    0.000013081.2441   27.7086
    0.0000  -30.0000    0.000013798.2451   27.6846
    7.5000  -30.0000    0.000013420.4170   27.6727
   -7.5000  -22.5000    0.000013935.2090   27.6057
    0.0000  -22.5000    0.000014647.7822   27.5854
    7.5000  -22.5000    0.000014248.6816   27.5801
   -7.5000  -15.0000    0.000014711.0801   27.5145
    0.0000  -15.0000    0.000015434.0596   27.5134
    7.5000  -15.0000    0.000014973.8350   27.5237
   -7.5000   -7.5000    0.000015494.1768   27.5236
    0.0000   -7.5000    0.000016332.3857   27.5373
    7.5000   -7.5000    0.000015783.0068   27.5554
   -7.5000    0.0000    0.000016131.6514   27.6173
    0.0000    0.0000    0.000017048.7715   27.6304
    7.5000    0.0000    0.000016462.3262   27.6416
   -7.5000    7.5000    0.000015576.4697   27.7114
    0.0000    7.5000    0.000016457.1309   27.7059
    7.5000    7.5000    0.000015886.2529   27.7027
   -7.5000   15.0000    0.000014722.1270   27.7086
    0.0000   15.0000    0.000015597.8174   27.6846
    7.5000   15.0000    0.000015018.9160   27.6727
   -7.5000   22.5000    0.000013835.3574   27.5930
    0.0000   22.5000    0.000014660.6582   27.5727
    7.5000   22.5000    0.000014074.7002   27.5674
   -7.5000   30.0000    0.000012742.7998   27.1584
    0.0000   30.0000    0.000013476.8887   27.1573
    7.5000   30.0000    0.000012939.4199   27.1675
   -7.5000   37.5000    0.000011980.6777   27.1674
    0.0000   37.5000    0.000012681.1787   27.1809
    7.5000   37.5000    0.000012175.7568   27.1988
   -7.5000   45.0000    0.000010798.5615   26.6199
    0.0000   45.0000    0.000011365.4941   26.6325
    7.5000   45.0000    0.000010905.1318   26.6433
   -7.5000  -45.0000    7.500011204.0977   27.6148
    0.0000  -45.0000    7.500011803.9795   27.6029
    7.5000  -45.0000    7.500011460.5850   27.6165
   -7.5000  -37.5000    7.500011877.5908   27.7082
    0.0000  -37.5000    7.500012506.6602   27.6907
    7.5000  -37.5000    7.500012191.1162   27.6973
   -7.5000  -30.0000    7.500012864.4482   27.7097
    0.0000  -30.0000    7.500013517.6406   27.6852
    7.5000  -30.0000    7.500013222.5547   27.6878
   -7.5000  -22.5000    7.500013705.6562   27.6177
    0.0000  -22.5000    7.500014299.8115   27.5940
    7.5000  -22.5000    7.500014047.9648   27.5989
   -7.5000  -15.0000    7.500014443.7754   27.5336
    0.0000  -15.0000    7.500014913.5537   27.5168
    7.5000  -15.0000    7.500014539.5859   27.5282
   -7.5000   -7.5000    7.500015152.5312   27.5325
    0.0000   -7.5000    7.500015639.5703   27.5205
    7.5000   -7.5000    7.500015228.2148   27.5364
   -7.5000    0.0000    7.500015750.9678   27.6148
    0.0000    0.0000    7.500016362.6250   27.6029
    7.5000    0.0000    7.500015891.6592   27.6165
   -7.5000    7.5000    7.500015233.6006   27.7082
    0.0000    7.5000    7.500015868.3457   27.6907
    7.5000    7.5000    7.500015389.1270   27.6973
   -7.5000   15.0000    7.500014400.0479   27.7097
    0.0000   15.0000    7.500015064.0195   27.6852
    7.5000   15.0000    7.500014551.3926   27.6878
   -7.5000   22.5000    7.500013499.5840   27.6049
    0.0000   22.5000    7.500014156.7871   27.5813
    7.5000   22.5000    7.500013592.0410   27.5862
   -7.5000   30.0000    7.500012364.5576   27.1772
    0.0000   30.0000    7.500012992.9043   27.1607
    7.5000   30.0000    7.500012471.1846   27.1720
   -7.5000   37.5000    7.500011623.6914   27.1762
    0.0000   37.5000    7.500012224.8037   27.1644
    7.5000   37.5000    7.500011739.2930   27.1800
   -7.5000   45.0000    7.500010467.9883   26.6175
    0.0000   45.0000    7.500010968.7803   26.6060
    7.5000   45.0000    7.500010529.0156   26.6191
   -7.5000  -45.0000   15.000010757.3262   27.6276
    0.0000  -45.0000   15.000011317.0234   27.6064
    7.5000  -45.0000   15.000010995.3896   27.6191
   -7.5000  -37.5000   15.000011398.5488   27.7070
    0.0000  -37.5000   15.000011958.3477   27.6954
    7.5000  -37.5000   15.000011652.6260   27.7080
   -7.5000  -30.0000   15.000012398.4883   27.7110
    0.0000  -30.0000   15.000013015.4414   27.7061
    7.5000  -30.0000   15.000012756.7061   27.7209
   -7.5000  -22.5000   15.000013310.2197   27.6389
    0.0000  -22.5000   15.000013895.4600   27.6305
    7.5000  -22.5000   15.000013601.9268   27.6458
   -7.5000  -15.0000   15.000014075.3350   27.5699
    0.0000  -15.0000   15.000014400.1484   27.5539
    7.5000  -15.0000   15.000014030.3887   27.5676
   -7.5000   -7.5000   15.000014762.7695   27.5628
    0.0000   -7.5000   15.000015097.6914   27.5408
    7.5000   -7.5000   15.000014654.7051   27.5542
   -7.5000    0.0000   15.000015339.9355   27.6276
    0.0000    0.0000   15.000015808.8320   27.6064
    7.5000    0.0000   15.000015303.2734   27.6191
   -7.5000    7.5000   15.000014798.2246   27.7070
    0.0000    7.5000   15.000015331.0596   27.6954
    7.5000    7.5000   15.000014838.3242   27.7080
   -7.5000   15.0000   15.000013974.1270   27.7110
    0.0000   15.0000   15.000014535.3994   27.7061
    7.5000   15.0000   15.000014027.7559   27.7209
   -7.5000   22.5000   15.000013035.0859   27.6262
    0.0000   22.5000   15.000013606.1758   27.6178
    7.5000   22.5000   15.000013062.0635   27.6331
   -7.5000   30.0000   15.000011898.4385   27.2131
    0.0000   30.0000   15.000012462.9648   27.1973
    7.5000   30.0000   15.000011957.5000   27.2108
   -7.5000   37.5000   15.000011218.5527   27.2061
    0.0000   37.5000   15.000011758.8857   27.1844
    7.5000   37.5000   15.000011250.0908   27.1976
   -7.5000   45.0000   15.000010072.6064   26.6299
    0.0000   45.0000   15.000010529.8965   26.6094
    7.5000   45.0000   15.000010102.8857   26.6216
   -7.5000  -45.0000   22.500010196.5244   27.6358
    0.0000  -45.0000   22.500010736.9619   27.6327
    7.5000  -45.0000   22.500010397.4756   27.6432
   -7.5000  -37.5000   22.500010812.4111   27.7018
    0.0000  -37.5000   22.500011374.7500   27.7094
    7.5000  -37.5000   22.500011036.4062   27.7190
   -7.5000  -30.0000   22.500011776.7881   27.7087
    0.0000  -30.0000   22.500012438.2861   27.7243
    7.5000  -30.0000   22.500012118.4922   27.7367
   -7.5000  -22.5000   22.500012678.0732   27.6504
    0.0000  -22.5000   22.500013335.7197   27.6612
    7.5000  -22.5000   22.500012883.8770   27.6747
   -7.5000  -15.0000   22.500013420.9834   27.5892
    0.0000  -15.0000   22.500013913.2012   27.5908
    7.5000  -15.0000   22.500013389.0527   27.6041
   -7.5000   -7.5000   22.500014060.8350   27.5818
    0.0000   -7.5000   22.500014604.0586   27.5774
    7.5000   -7.5000   22.500014032.0898   27.5904
   -7.5000    0.0000   22.500014602.3789   27.6358
    0.0000    0.0000   22.500015260.3271   27.6327
    7.5000    0.0000   22.500014638.2324   27.6432
   -7.5000    7.5000   22.500014075.4463   27.7018
    0.0000    7.5000   22.500014737.9131   27.7094
    7.5000    7.5000   22.500014148.4932   27.7190
   -7.5000   15.0000   22.500013355.9893   27.7087
    0.0000   15.0000   22.500013994.9336   27.7243
    7.5000   15.0000   22.500013434.5166   27.7367
   -7.5000   22.5000   22.500012439.7344   27.6376
    0.0000   22.5000   22.500013028.9531   27.6485
    7.5000   22.5000   22.500012490.9121   27.6619
   -7.5000   30.0000   22.500011342.1084   27.2322
    0.0000   30.0000   22.500011861.1240   27.2338
    7.5000   30.0000   22.500011400.8809   27.2468
   -7.5000   37.5000   22.500010684.8154   27.2249
    0.0000   37.5000   22.500011142.1729   27.2205
    7.5000   37.5000   22.500010700.1494   27.2334
   -7.5000   45.0000   22.5000 9587.3516   26.6378
    0.0000   45.0000   22.5000 9942.0293   26.6348
    7.5000   45.0000   22.5000 9562.8604   26.6449
   -7.5000  -45.0000   30.0000 9514.6963   27.6361
    0.0000  -45.0000   30.000010050.0293   27.6597
    7.5000  -45.0000   30.0000 9687.8320   27.6697
   -7.5000  -37.5000   30.000010102.2246   27.7006
    0.0000  -37.5000   30.000010694.1865   27.7235
    7.5000  -37.5000   30.000010317.8750   27.7259
   -7.5000  -30.0000   30.000011015.3604   27.7040
    0.0000  -30.0000   30.000011681.8867   27.7245
    7.5000  -30.0000   30.000011298.9385   27.7265
   -7.5000  -22.5000   30.000011870.8145   27.6384
    0.0000  -22.5000   30.000012501.8525   27.6564
    7.5000  -22.5000   30.000012008.4131   27.6638
   -7.5000  -15.0000   30.000012536.8633   27.5724
    0.0000  -15.0000   30.000013080.6201   27.5918
    7.5000  -15.0000   30.000012551.7568   27.6070
   -7.5000   -7.5000   30.000013090.6953   27.5736
    0.0000   -7.5000   30.000013694.4951   27.5964
    7.5000   -7.5000   30.000013198.6973   27.6137
   -7.5000    0.0000   30.000013613.6299   27.6361
    0.0000    0.0000   30.000014297.9785   27.6597
    7.5000    0.0000   30.000013764.1084   27.6697
   -7.5000    7.5000   30.000013167.6250   27.7006
    0.0000    7.5000   30.000013823.1973   27.7235
    7.5000    7.5000   30.000013298.4629   27.7259
   -7.5000   15.0000   30.000012530.0957   27.7040
    0.0000   15.0000   30.000013163.2314   27.7245
    7.5000   15.0000   30.000012660.0059   27.7265
   -7.5000   22.5000   30.000011697.6006   27.6257
    0.0000   22.5000   30.000012292.7959   27.6437
    7.5000   22.5000   30.000011802.2451   27.6510
   -7.5000   30.0000   30.000010656.4170   27.2156
    0.0000   30.0000   30.000011176.3320   27.2348
    7.5000   30.0000   30.000010757.4453   27.2497
   -7.5000   37.5000   30.000010013.3359   27.2167
    0.0000   37.5000   30.000010448.7793   27.2392
    7.5000   37.5000   30.000010065.8213   27.2563
   -7.5000   45.0000   30.0000 8935.0928   26.6380
    0.0000   45.0000   30.0000 9290.2617   26.6608
    7.5000   45.0000   30.0000 8944.7021   26.6704
   -7.5000  -45.0000   37.5000 9135.8906   27.7819
    0.0000  -45.0000   37.5000 9689.0967   27.8129
    7.5000  -45.0000   37.5000 9331.9355   27.8232
   -7.5000  -37.5000   37.5000 9688.1787   27.8607
    0.0000  -37.5000   37.500010285.8037   27.8767
    7.5000  -37.5000   37.5000 9929.4639   27.8725
   -7.5000  -30.0000   37.500010559.9277   27.8568
    0.0000  -30.0000   37.500011212.2363   27.8574
    7.5000  -30.0000   37.500010819.2646   27.8478
   -7.5000  -22.5000   37.500011403.4375   27.7663
    0.0000  -22.5000   37.500011985.4941   27.7686
    7.5000  -22.5000   37.500011510.4629   27.7679
   -7.5000  -15.0000   37.500012045.6104   27.6850
    0.0000  -15.0000   37.500012597.4971   27.7030
    7.5000  -15.0000   37.500012150.6377   27.7181
   -7.5000   -7.5000   37.500012589.2461   27.6969
    0.0000   -7.5000   37.500013177.8604   27.7282
    7.5000   -7.5000   37.500012766.0713   27.7487
   -7.5000    0.0000   37.500013112.9160   27.7819
    0.0000    0.0000   37.500013713.2461   27.8129
    7.5000    0.0000   37.500013284.5332   27.8232
   -7.5000    7.5000   37.500012685.0723   27.8607
    0.0000    7.5000   37.500013268.9775   27.8767
    7.5000    7.5000   37.500012846.6191   27.8725
   -7.5000   15.0000   37.500012074.1348   27.8568
    0.0000   15.0000   37.500012644.2676   27.8574
    7.5000   15.0000   37.500012231.0479   27.8478
   -7.5000   22.5000   37.500011290.3291   27.7535
    0.0000   22.5000   37.500011819.3076   27.7558
    7.5000   22.5000   37.500011412.4766   27.7551
   -7.5000   30.0000   37.500010316.1670   27.3267
    0.0000   30.0000   37.500010784.9717   27.3445
    7.5000   30.0000   37.500010403.2490   27.3594
   -7.5000   37.5000   37.5000 9668.5205   27.3384
    0.0000   37.5000   37.500010076.2158   27.3694
    7.5000   37.5000   37.5000 9739.4678   27.3896
   -7.5000   45.0000   37.5000 8604.3262   26.7786
    0.0000   45.0000   37.5000 8964.7217   26.8085
    7.5000   45.0000   37.5000 8648.2061   26.8184
   -7.5000  -45.0000   45.0000 8349.1875   27.9456
    0.0000  -45.0000   45.0000 8867.9707   27.9589
    7.5000  -45.0000   45.0000 8544.8408   27.9719
   -7.5000  -37.5000   45.0000 8844.9170   28.0443
    0.0000  -37.5000   45.0000 9400.1943   28.0389
    7.5000  -37.5000   45.0000 9089.0723   28.0372
   -7.5000  -30.0000   45.0000 9648.5928   28.0436
    0.0000  -30.0000   45.000010212.8027   28.0194
    7.5000  -30.0000   45.0000 9858.0186   28.0082
   -7.5000  -22.5000   45.000010416.3252   27.9381
    0.0000  -22.5000   45.000010924.3213   27.9171
    7.5000  -22.5000   45.000010524.6240   27.9124
   -7.5000  -15.0000   45.000011024.6094   27.8426
    0.0000  -15.0000   45.000011538.5527   27.8408
    7.5000  -15.0000   45.000011154.5400   27.8520
   -7.5000   -7.5000   45.000011551.1953   27.8497
    0.0000   -7.5000   45.000012092.5244   27.8632
    7.5000   -7.5000   45.000011722.6484   27.8828
   -7.5000    0.0000   45.000012025.9824   27.9456
    0.0000    0.0000   45.000012571.3770   27.9589
    7.5000    0.0000   45.000012189.3828   27.9719
   -7.5000    7.5000   45.000011634.7988   28.0443
    0.0000    7.5000   45.000012163.7344   28.0389
    7.5000    7.5000   45.000011793.6670   28.0372
   -7.5000   15.0000   45.000011069.6689   28.0436
    0.0000   15.0000   45.000011571.2285   28.0194
    7.5000   15.0000   45.000011236.6484   28.0082
   -7.5000   22.5000   45.000010348.3311   27.9252
    0.0000   22.5000   45.000010818.2666   27.9042
    7.5000   22.5000   45.000010489.3975   27.8994
   -7.5000   30.0000   45.0000 9464.3838   27.4799
    0.0000   30.0000   45.0000 9867.7012   27.4781
    7.5000   30.0000   45.0000 9547.8232   27.4891
   -7.5000   37.5000   45.0000 8901.6533   27.4869
    0.0000   37.5000   45.0000 9268.0557   27.5002
    7.5000   37.5000   45.0000 8965.5957   27.5196
   -7.5000   45.0000   45.0000 7948.5850   26.9486
    0.0000   45.0000   45.0000 8269.2021   26.9614
    7.5000   45.0000   45.0000 7984.6909   26.9739

---------------------------------------------------------------------
imgreg_4dfp /opt/freesurfer/average/711-2C_as_mni_average_305 /opt/freesurfer/average/711-2B_as_mni_average_305_mask talsrcimg_g11 none talsrcimg_to_711-2C_as_mni_average_305_t4 4355
---------------------------------------------------------------------

freesurfer imgreg_4dfp.c
/opt/freesurfer/average/711-2C_as_mni_average_305.4dfp.img
       256       256       256         1
  1.000000  1.000000  1.000000
orientation T byte_order littleendian
Reading image: /opt/freesurfer/average/711-2C_as_mni_average_305.4dfp.img
dimensions:      256       256       256
mmppix:       1.0000   -1.0000   -1.0000
center:     128.0000 -129.0000 -129.0000
/opt/freesurfer/average/711-2B_as_mni_average_305_mask.4dfp.img
       256       256       256         1
  1.000000  1.000000  1.000000
orientation T byte_order littleendian
Reading mask: /opt/freesurfer/average/711-2B_as_mni_average_305_mask.4dfp.img (2306576 pixels)
talsrcimg_g11.4dfp.img
       256       256       256         1
  1.000000  1.000000  1.000000
orientation T byte_order littleendian
Reading image: talsrcimg_g11.4dfp.img
dimensions:      256       256       256
mmppix:       1.0000   -1.0000   -1.0000
center:     128.0000 -129.0000 -129.0000
rotation matrix determinant  1.000000
image alignment mode   4355 decimal     1103 hex
   -7.5000  -45.0000  -45.0000 2025.7363   27.5520
    0.0000  -45.0000  -45.0000 2038.4285   27.3375
    7.5000  -45.0000  -45.0000 2030.1788   27.2878
   -7.5000  -37.5000  -45.0000 2111.4819   25.4019
    0.0000  -37.5000  -45.0000 2122.0559   25.1822
    7.5000  -37.5000  -45.0000 2115.3450   25.1344
   -7.5000  -30.0000  -45.0000 2170.6326   23.7398
    0.0000  -30.0000  -45.0000 2178.5027   23.4671
    7.5000  -30.0000  -45.0000 2174.6331   23.5252
   -7.5000  -22.5000  -45.0000 2205.9929   22.7249
    0.0000  -22.5000  -45.0000 2224.4141   22.3880
    7.5000  -22.5000  -45.0000 2217.6279   22.4211
   -7.5000  -15.0000  -45.0000 2217.5759   22.1795
    0.0000  -15.0000  -45.0000 2240.1150   21.8708
    7.5000  -15.0000  -45.0000 2239.5798   21.9175
   -7.5000   -7.5000  -45.0000 2221.3865   22.1159
    0.0000   -7.5000  -45.0000 2241.2793   21.7859
    7.5000   -7.5000  -45.0000 2238.5886   21.8660
   -7.5000    0.0000  -45.0000 2187.0793   22.6834
    0.0000    0.0000  -45.0000 2211.5537   22.2785
    7.5000    0.0000  -45.0000 2211.6309   22.3566
   -7.5000    7.5000  -45.0000 2145.0735   23.6299
    0.0000    7.5000  -45.0000 2166.8647   23.1496
    7.5000    7.5000  -45.0000 2167.5981   23.2427
   -7.5000   15.0000  -45.0000 2079.8357   24.9541
    0.0000   15.0000  -45.0000 2104.9150   24.4113
    7.5000   15.0000  -45.0000 2104.9231   24.5256
   -7.5000   22.5000  -45.0000 1995.3147   26.8621
    0.0000   22.5000  -45.0000 2021.9688   26.2173
    7.5000   22.5000  -45.0000 2023.0160   26.3557
   -7.5000   30.0000  -45.0000 1892.6536   29.6015
    0.0000   30.0000  -45.0000 1914.7695   28.9033
    7.5000   30.0000  -45.0000 1918.6669   29.0518
   -7.5000   37.5000  -45.0000 1781.6295   33.3547
    0.0000   37.5000  -45.0000 1802.0984   32.7107
    7.5000   37.5000  -45.0000 1809.4369   32.7547
   -7.5000   45.0000  -45.0000 1654.5974   38.5266
    0.0000   45.0000  -45.0000 1678.0454   37.8044
    7.5000   45.0000  -45.0000 1676.0129   37.9060
   -7.5000  -45.0000  -37.5000 2119.4985   25.4649
    0.0000  -45.0000  -37.5000 2134.9250   25.2457
    7.5000  -45.0000  -37.5000 2126.8901   25.1761
   -7.5000  -37.5000  -37.5000 2207.2964   23.4125
    0.0000  -37.5000  -37.5000 2223.7317   23.2210
    7.5000  -37.5000  -37.5000 2213.3860   23.2022
   -7.5000  -30.0000  -37.5000 2266.0142   21.8911
    0.0000  -30.0000  -37.5000 2282.6497   21.7238
    7.5000  -30.0000  -37.5000 2278.7024   21.6997
   -7.5000  -22.5000  -37.5000 2308.5483   20.9188
    0.0000  -22.5000  -37.5000 2327.8638   20.6432
    7.5000  -22.5000  -37.5000 2327.2957   20.6720
   -7.5000  -15.0000  -37.5000 2320.1423   20.4530
    0.0000  -15.0000  -37.5000 2347.7166   20.1744
    7.5000  -15.0000  -37.5000 2344.5088   20.2084
   -7.5000   -7.5000  -37.5000 2322.3882   20.3454
    0.0000   -7.5000  -37.5000 2343.6272   20.0443
    7.5000   -7.5000  -37.5000 2343.7351   20.1219
   -7.5000    0.0000  -37.5000 2294.3003   20.8272
    0.0000    0.0000  -37.5000 2317.0457   20.4660
    7.5000    0.0000  -37.5000 2320.1130   20.5010
   -7.5000    7.5000  -37.5000 2249.5537   21.6157
    0.0000    7.5000  -37.5000 2271.2844   21.2296
    7.5000    7.5000  -37.5000 2272.9231   21.2935
   -7.5000   15.0000  -37.5000 2177.4773   22.8273
    0.0000   15.0000  -37.5000 2201.1187   22.3828
    7.5000   15.0000  -37.5000 2202.3425   22.4564
   -7.5000   22.5000  -37.5000 2089.7524   24.5747
    0.0000   22.5000  -37.5000 2114.0408   24.0212
    7.5000   22.5000  -37.5000 2113.4277   24.1111
   -7.5000   30.0000  -37.5000 1977.7834   27.0528
    0.0000   30.0000  -37.5000 2005.9717   26.4614
    7.5000   30.0000  -37.5000 2003.9668   26.4931
   -7.5000   37.5000  -37.5000 1862.5134   30.4053
    0.0000   37.5000  -37.5000 1889.5219   29.7855
    7.5000   37.5000  -37.5000 1894.0192   29.7947
   -7.5000   45.0000  -37.5000 1728.4915   35.0048
    0.0000   45.0000  -37.5000 1752.9006   34.2904
    7.5000   45.0000  -37.5000 1751.2313   34.3153
   -7.5000  -45.0000  -30.0000 2244.2847   24.4144
    0.0000  -45.0000  -30.0000 2265.4937   24.1870
    7.5000  -45.0000  -30.0000 2257.8513   24.1411
   -7.5000  -37.5000  -30.0000 2337.2305   22.4040
    0.0000  -37.5000  -30.0000 2358.4277   22.2010
    7.5000  -37.5000  -30.0000 2347.2153   22.1484
   -7.5000  -30.0000  -30.0000 2402.6238   20.9383
    0.0000  -30.0000  -30.0000 2422.0762   20.7329
    7.5000  -30.0000  -30.0000 2419.3892   20.6968
   -7.5000  -22.5000  -30.0000 2450.4714   19.9452
    0.0000  -22.5000  -30.0000 2473.1738   19.7190
    7.5000  -22.5000  -30.0000 2470.0034   19.6637
   -7.5000  -15.0000  -30.0000 2469.9785   19.4910
    0.0000  -15.0000  -30.0000 2502.4844   19.2319
    7.5000  -15.0000  -30.0000 2501.2317   19.1996
   -7.5000   -7.5000  -30.0000 2469.4746   19.4489
    0.0000   -7.5000  -30.0000 2498.1106   19.1435
    7.5000   -7.5000  -30.0000 2499.9297   19.1939
   -7.5000    0.0000  -30.0000 2445.8267   19.9124
    0.0000    0.0000  -30.0000 2472.1648   19.5587
    7.5000    0.0000  -30.0000 2473.8586   19.5666
   -7.5000    7.5000  -30.0000 2394.0803   20.6668
    0.0000    7.5000  -30.0000 2422.5398   20.2782
    7.5000    7.5000  -30.0000 2421.9705   20.2785
   -7.5000   15.0000  -30.0000 2317.8525   21.7771
    0.0000   15.0000  -30.0000 2344.9539   21.3830
    7.5000   15.0000  -30.0000 2347.6023   21.3642
   -7.5000   22.5000  -30.0000 2222.9385   23.3847
    0.0000   22.5000  -30.0000 2249.5645   22.8560
    7.5000   22.5000  -30.0000 2251.1790   22.9478
   -7.5000   30.0000  -30.0000 2101.8379   25.6964
    0.0000   30.0000  -30.0000 2130.2954   25.1545
    7.5000   30.0000  -30.0000 2133.0337   25.1559
   -7.5000   37.5000  -30.0000 1973.8575   28.8664
    0.0000   37.5000  -30.0000 2008.3733   28.2839
    7.5000   37.5000  -30.0000 2012.4692   28.2932
   -7.5000   45.0000  -30.0000 1835.7188   33.0807
    0.0000   45.0000  -30.0000 1861.7345   32.4350
    7.5000   45.0000  -30.0000 1864.3730   32.4951
   -7.5000  -45.0000  -22.5000 2327.6265   23.2997
    0.0000  -45.0000  -22.5000 2354.2378   23.1623
    7.5000  -45.0000  -22.5000 2344.6536   23.0576
   -7.5000  -37.5000  -22.5000 2423.3083   21.3205
    0.0000  -37.5000  -22.5000 2450.4341   21.1124
    7.5000  -37.5000  -22.5000 2439.2024   21.0335
   -7.5000  -30.0000  -22.5000 2500.8672   19.8044
    0.0000  -30.0000  -22.5000 2528.8027   19.6130
    7.5000  -30.0000  -22.5000 2525.7458   19.5600
   -7.5000  -22.5000  -22.5000 2559.9622   18.7792
    0.0000  -22.5000  -22.5000 2586.4419   18.6038
    7.5000  -22.5000  -22.5000 2585.4148   18.5720
   -7.5000  -15.0000  -22.5000 2591.8936   18.2940
    0.0000  -15.0000  -22.5000 2626.4358   18.1023
    7.5000  -15.0000  -22.5000 2625.3704   18.0473
   -7.5000   -7.5000  -22.5000 2593.2097   18.3601
    0.0000   -7.5000  -22.5000 2631.7493   18.0530
    7.5000   -7.5000  -22.5000 2635.0161   18.0486
   -7.5000    0.0000  -22.5000 2572.7478   18.8136
    0.0000    0.0000  -22.5000 2604.9451   18.4683
    7.5000    0.0000  -22.5000 2607.6528   18.4573
   -7.5000    7.5000  -22.5000 2519.5344   19.5347
    0.0000    7.5000  -22.5000 2554.7922   19.1646
    7.5000    7.5000  -22.5000 2554.4114   19.1487
   -7.5000   15.0000  -22.5000 2443.7100   20.6107
    0.0000   15.0000  -22.5000 2472.8298   20.1951
    7.5000   15.0000  -22.5000 2477.0996   20.1445
   -7.5000   22.5000  -22.5000 2337.2805   22.1419
    0.0000   22.5000  -22.5000 2367.2798   21.6457
    7.5000   22.5000  -22.5000 2372.2607   21.6525
   -7.5000   30.0000  -22.5000 2209.7329   24.2918
    0.0000   30.0000  -22.5000 2235.6809   23.7819
    7.5000   30.0000  -22.5000 2241.4739   23.7678
   -7.5000   37.5000  -22.5000 2066.9060   27.2680
    0.0000   37.5000  -22.5000 2097.9353   26.6767
    7.5000   37.5000  -22.5000 2106.7483   26.7166
   -7.5000   45.0000  -22.5000 1919.3971   31.1782
    0.0000   45.0000  -22.5000 1949.7617   30.5159
    7.5000   45.0000  -22.5000 1953.3141   30.5968
   -7.5000  -45.0000  -15.0000 2380.1929   22.2794
    0.0000  -45.0000  -15.0000 2404.1614   22.0932
    7.5000  -45.0000  -15.0000 2392.3625   22.0523
   -7.5000  -37.5000  -15.0000 2488.8254   20.3148
    0.0000  -37.5000  -15.0000 2514.7246   20.1327
    7.5000  -37.5000  -15.0000 2503.2556   20.0678
   -7.5000  -30.0000  -15.0000 2574.2334   18.7802
    0.0000  -30.0000  -15.0000 2607.2522   18.6029
    7.5000  -30.0000  -15.0000 2601.1106   18.5625
   -7.5000  -22.5000  -15.0000 2641.2068   17.7273
    0.0000  -22.5000  -15.0000 2673.8665   17.5171
    7.5000  -22.5000  -15.0000 2673.3567   17.5367
   -7.5000  -15.0000  -15.0000 2686.8765   17.2002
    0.0000  -15.0000  -15.0000 2717.8230   16.9845
    7.5000  -15.0000  -15.0000 2717.2729   17.0040
   -7.5000   -7.5000  -15.0000 2699.5771   17.2495
    0.0000   -7.5000  -15.0000 2737.5479   16.9600
    7.5000   -7.5000  -15.0000 2738.3962   16.9556
   -7.5000    0.0000  -15.0000 2676.3696   17.7055
    0.0000    0.0000  -15.0000 2713.8123   17.3667
    7.5000    0.0000  -15.0000 2717.4604   17.3350
   -7.5000    7.5000  -15.0000 2615.1790   18.4051
    0.0000    7.5000  -15.0000 2660.0203   18.0405
    7.5000    7.5000  -15.0000 2661.0208   18.0182
   -7.5000   15.0000  -15.0000 2534.3826   19.4601
    0.0000   15.0000  -15.0000 2574.5823   19.0120
    7.5000   15.0000  -15.0000 2579.5032   19.0065
   -7.5000   22.5000  -15.0000 2423.8728   20.9074
    0.0000   22.5000  -15.0000 2463.5991   20.4690
    7.5000   22.5000  -15.0000 2466.5420   20.4531
   -7.5000   30.0000  -15.0000 2282.5618   22.9840
    0.0000   30.0000  -15.0000 2319.6775   22.5407
    7.5000   30.0000  -15.0000 2324.1074   22.5246
   -7.5000   37.5000  -15.0000 2135.1316   25.8325
    0.0000   37.5000  -15.0000 2169.3062   25.3039
    7.5000   37.5000  -15.0000 2172.9236   25.2926
   -7.5000   45.0000  -15.0000 1978.5579   29.5447
    0.0000   45.0000  -15.0000 2012.2566   28.9381
    7.5000   45.0000  -15.0000 2016.5098   28.8558
   -7.5000  -45.0000   -7.5000 2412.0386   21.4499
    0.0000  -45.0000   -7.5000 2439.5764   21.1848
    7.5000  -45.0000   -7.5000 2422.2563   21.2762
   -7.5000  -37.5000   -7.5000 2524.5933   19.5026
    0.0000  -37.5000   -7.5000 2557.0554   19.2743
    7.5000  -37.5000   -7.5000 2547.4656   19.2919
   -7.5000  -30.0000   -7.5000 2619.2388   17.9559
    0.0000  -30.0000   -7.5000 2655.5139   17.6865
    7.5000  -30.0000   -7.5000 2652.3701   17.6928
   -7.5000  -22.5000   -7.5000 2700.9670   16.8367
    0.0000  -22.5000   -7.5000 2744.5576   16.5352
    7.5000  -22.5000   -7.5000 2741.9939   16.5738
   -7.5000  -15.0000   -7.5000 2757.6826   16.2486
    0.0000  -15.0000   -7.5000 2800.7988   15.9893
    7.5000  -15.0000   -7.5000 2795.8613   16.0118
   -7.5000   -7.5000   -7.5000 2785.3401   16.2428
    0.0000   -7.5000   -7.5000 2831.6814   15.9461
    7.5000   -7.5000   -7.5000 2830.7876   15.9641
   -7.5000    0.0000   -7.5000 2761.6897   16.6783
    0.0000    0.0000   -7.5000 2809.1882   16.3278
    7.5000    0.0000   -7.5000 2811.9009   16.3137
   -7.5000    7.5000   -7.5000 2697.7307   17.3817
    0.0000    7.5000   -7.5000 2741.9390   16.9884
    7.5000    7.5000   -7.5000 2748.3176   16.9560
   -7.5000   15.0000   -7.5000 2606.4685   18.3657
    0.0000   15.0000   -7.5000 2651.8816   17.9577
    7.5000   15.0000   -7.5000 2655.5042   17.9496
   -7.5000   22.5000   -7.5000 2487.0283   19.8526
    0.0000   22.5000   -7.5000 2531.1199   19.3918
    7.5000   22.5000   -7.5000 2536.5137   19.4036
   -7.5000   30.0000   -7.5000 2337.9971   21.8814
    0.0000   30.0000   -7.5000 2382.8262   21.4118
    7.5000   30.0000   -7.5000 2389.9944   21.4459
   -7.5000   37.5000   -7.5000 2178.8535   24.5752
    0.0000   37.5000   -7.5000 2221.0159   24.0570
    7.5000   37.5000   -7.5000 2225.7559   24.1132
   -7.5000   45.0000   -7.5000 2016.1847   28.1322
    0.0000   45.0000   -7.5000 2054.1975   27.5227
    7.5000   45.0000   -7.5000 2057.9944   27.5425
   -7.5000  -45.0000    0.0000 2420.5005   20.9575
    0.0000  -45.0000    0.0000 2449.1326   20.5181
    7.5000  -45.0000    0.0000 2436.2510   20.7158
   -7.5000  -37.5000    0.0000 2535.6814   19.0275
    0.0000  -37.5000    0.0000 2566.0454   18.6008
    7.5000  -37.5000    0.0000 2564.1575   18.7299
   -7.5000  -30.0000    0.0000 2644.7048   17.4667
    0.0000  -30.0000    0.0000 2682.6504   17.0089
    7.5000  -30.0000    0.0000 2685.2058   17.1403
   -7.5000  -22.5000    0.0000 2749.3469   16.2590
    0.0000  -22.5000    0.0000 2799.3831   15.7716
    7.5000  -22.5000    0.0000 2797.6494   15.9016
   -7.5000  -15.0000    0.0000 2821.0051   15.5861
    0.0000  -15.0000    0.0000 2870.4985   15.1281
    7.5000  -15.0000    0.0000 2869.2810   15.2196
   -7.5000   -7.5000    0.0000 2855.9597   15.5458
    0.0000   -7.5000    0.0000 2906.6042   15.1516
    7.5000   -7.5000    0.0000 2909.5020   15.1705
   -7.5000    0.0000    0.0000 2822.1426   15.9382
    0.0000    0.0000    0.0000 2879.0930   15.5399
    7.5000    0.0000    0.0000 2888.6050   15.5487
   -7.5000    7.5000    0.0000 2757.1484   16.6876
    0.0000    7.5000    0.0000 2807.8572   16.2678
    7.5000    7.5000    0.0000 2820.1533   16.2915
   -7.5000   15.0000    0.0000 2662.8618   17.6799
    0.0000   15.0000    0.0000 2708.6194   17.2184
    7.5000   15.0000    0.0000 2717.8293   17.2638
   -7.5000   22.5000    0.0000 2534.7703   19.1794
    0.0000   22.5000    0.0000 2577.3611   18.6713
    7.5000   22.5000    0.0000 2586.3550   18.7078
   -7.5000   30.0000    0.0000 2380.2515   21.1556
    0.0000   30.0000    0.0000 2425.7385   20.6179
    7.5000   30.0000    0.0000 2437.1106   20.6896
   -7.5000   37.5000    0.0000 2215.3457   23.6668
    0.0000   37.5000    0.0000 2257.7146   23.1376
    7.5000   37.5000    0.0000 2263.6038   23.2632
   -7.5000   45.0000    0.0000 2048.5554   27.0580
    0.0000   45.0000    0.0000 2084.0925   26.4889
    7.5000   45.0000    0.0000 2092.7979   26.5892
   -7.5000  -45.0000    7.5000 2415.1379   20.7967
    0.0000  -45.0000    7.5000 2438.6121   20.1340
    7.5000  -45.0000    7.5000 2439.0024   20.4284
   -7.5000  -37.5000    7.5000 2536.8054   18.8669
    0.0000  -37.5000    7.5000 2563.2822   18.2047
    7.5000  -37.5000    7.5000 2568.6970   18.4421
   -7.5000  -30.0000    7.5000 2653.6863   17.2885
    0.0000  -30.0000    7.5000 2686.7566   16.6577
    7.5000  -30.0000    7.5000 2695.3481   16.8643
   -7.5000  -22.5000    7.5000 2767.2871   16.0457
    0.0000  -22.5000    7.5000 2817.0879   15.4237
    7.5000  -22.5000    7.5000 2821.8184   15.6217
   -7.5000  -15.0000    7.5000 2853.7783   15.2652
    0.0000  -15.0000    7.5000 2911.9124   14.5773
    7.5000  -15.0000    7.5000 2910.9006   14.7646
   -7.5000   -7.5000    7.5000 2896.1782   15.1183
    0.0000   -7.5000    7.5000 2952.5356   14.5365
    7.5000   -7.5000    7.5000 2958.4639   14.6192
   -7.5000    0.0000    7.5000 2856.3562   15.5113
    0.0000    0.0000    7.5000 2920.3440   14.9639
    7.5000    0.0000    7.5000 2931.3333   15.0263
   -7.5000    7.5000    7.5000 2787.9722   16.2657
    0.0000    7.5000    7.5000 2845.4595   15.7310
    7.5000    7.5000    7.5000 2862.6550   15.7774
   -7.5000   15.0000    7.5000 2689.9172   17.2923
    0.0000   15.0000    7.5000 2736.1008   16.7570
    7.5000   15.0000    7.5000 2750.1960   16.8400
   -7.5000   22.5000    7.5000 2561.6807   18.7847
    0.0000   22.5000    7.5000 2603.5151   18.2345
    7.5000   22.5000    7.5000 2612.0103   18.3013
   -7.5000   30.0000    7.5000 2401.7351   20.7355
    0.0000   30.0000    7.5000 2449.3926   20.1436
    7.5000   30.0000    7.5000 2460.9509   20.1991
   -7.5000   37.5000    7.5000 2238.9404   23.2353
    0.0000   37.5000    7.5000 2276.7153   22.6625
    7.5000   37.5000    7.5000 2285.1321   22.7511
   -7.5000   45.0000    7.5000 2064.6116   26.5284
    0.0000   45.0000    7.5000 2098.7168   25.8777
    7.5000   45.0000    7.5000 2108.2024   25.9689
   -7.5000  -45.0000   15.0000 2393.4128   20.8865
    0.0000  -45.0000   15.0000 2416.0208   20.1299
    7.5000  -45.0000   15.0000 2420.2190   20.4110
   -7.5000  -37.5000   15.0000 2512.8242   18.9359
    0.0000  -37.5000   15.0000 2539.5491   18.1895
    7.5000  -37.5000   15.0000 2549.3694   18.4055
   -7.5000  -30.0000   15.0000 2635.7610   17.4064
    0.0000  -30.0000   15.0000 2667.3469   16.6677
    7.5000  -30.0000   15.0000 2678.3555   16.8488
   -7.5000  -22.5000   15.0000 2750.3296   16.1990
    0.0000  -22.5000   15.0000 2795.6973   15.5477
    7.5000  -22.5000   15.0000 2809.1689   15.7101
   -7.5000  -15.0000   15.0000 2838.3008   15.4125
    0.0000  -15.0000   15.0000 2895.6245   14.6944
    7.5000  -15.0000   15.0000 2903.7593   14.8035
   -7.5000   -7.5000   15.0000 2885.6462   15.1461
    0.0000   -7.5000   15.0000 2948.0217   14.5033
    7.5000   -7.5000   15.0000 2949.3738   14.5627
   -7.5000    0.0000   15.0000 2861.9319   15.4032
    0.0000    0.0000   15.0000 2927.5479   14.8816
    7.5000    0.0000   15.0000 2932.3782   14.9018
   -7.5000    7.5000   15.0000 2793.0986   16.0941
    0.0000    7.5000   15.0000 2852.6313   15.6136
    7.5000    7.5000   15.0000 2870.0620   15.6394
   -7.5000   15.0000   15.0000 2691.5054   17.1405
    0.0000   15.0000   15.0000 2740.6892   16.7026
    7.5000   15.0000   15.0000 2757.8352   16.7365
   -7.5000   22.5000   15.0000 2563.9260   18.6783
    0.0000   22.5000   15.0000 2608.0046   18.2079
    7.5000   22.5000   15.0000 2614.8110   18.2172
   -7.5000   30.0000   15.0000 2404.8569   20.6428
    0.0000   30.0000   15.0000 2453.2151   20.1404
    7.5000   30.0000   15.0000 2461.0623   20.1435
   -7.5000   37.5000   15.0000 2242.0046   23.1378
    0.0000   37.5000   15.0000 2283.3647   22.5921
    7.5000   37.5000   15.0000 2287.5229   22.5829
   -7.5000   45.0000   15.0000 2062.6506   26.2913
    0.0000   45.0000   15.0000 2096.2383   25.7019
    7.5000   45.0000   15.0000 2108.3733   25.6643
   -7.5000  -45.0000   22.5000 2359.8635   21.3402
    0.0000  -45.0000   22.5000 2386.7517   20.5779
    7.5000  -45.0000   22.5000 2392.4041   20.7900
   -7.5000  -37.5000   22.5000 2480.0544   19.3691
    0.0000  -37.5000   22.5000 2508.0557   18.6221
    7.5000  -37.5000   22.5000 2518.6865   18.8066
   -7.5000  -30.0000   22.5000 2597.8401   17.8376
    0.0000  -30.0000   22.5000 2632.0610   17.1551
    7.5000  -30.0000   22.5000 2647.5022   17.2534
   -7.5000  -22.5000   22.5000 2708.2559   16.6408
    0.0000  -22.5000   22.5000 2760.9160   16.0713
    7.5000  -22.5000   22.5000 2775.8030   16.1313
   -7.5000  -15.0000   22.5000 2787.8142   15.8926
    0.0000  -15.0000   22.5000 2851.3704   15.2391
    7.5000  -15.0000   22.5000 2853.6719   15.2219
   -7.5000   -7.5000   22.5000 2835.9312   15.6143
    0.0000   -7.5000   22.5000 2893.6877   15.0764
    7.5000   -7.5000   22.5000 2896.9829   15.0117
   -7.5000    0.0000   22.5000 2818.2893   15.7635
    0.0000    0.0000   22.5000 2882.3894   15.3675
    7.5000    0.0000   22.5000 2887.6028   15.3093
   -7.5000    7.5000   22.5000 2750.6077   16.3657
    0.0000    7.5000   22.5000 2816.0127   15.9894
    7.5000    7.5000   22.5000 2826.8481   15.9580
   -7.5000   15.0000   22.5000 2665.6091   17.3950
    0.0000   15.0000   22.5000 2722.4832   16.9873
    7.5000   15.0000   22.5000 2733.9988   16.9626
   -7.5000   22.5000   22.5000 2541.3096   18.9227
    0.0000   22.5000   22.5000 2585.4053   18.4803
    7.5000   22.5000   22.5000 2593.7229   18.4953
   -7.5000   30.0000   22.5000 2387.1526   20.8692
    0.0000   30.0000   22.5000 2433.5920   20.3373
    7.5000   30.0000   22.5000 2445.0867   20.3847
   -7.5000   37.5000   22.5000 2228.6792   23.3624
    0.0000   37.5000   22.5000 2264.8975   22.7802
    7.5000   37.5000   22.5000 2275.5256   22.8126
   -7.5000   45.0000   22.5000 2052.3315   26.4946
    0.0000   45.0000   22.5000 2081.1489   25.8696
    7.5000   45.0000   22.5000 2095.4612   25.8259
   -7.5000  -45.0000   30.0000 2316.3855   22.1545
    0.0000  -45.0000   30.0000 2346.0034   21.4690
    7.5000  -45.0000   30.0000 2348.7871   21.5417
   -7.5000  -37.5000   30.0000 2430.7256   20.1760
    0.0000  -37.5000   30.0000 2469.6458   19.4955
    7.5000  -37.5000   30.0000 2477.4817   19.5112
   -7.5000  -30.0000   30.0000 2548.9465   18.6258
    0.0000  -30.0000   30.0000 2592.3657   17.9638
    7.5000  -30.0000   30.0000 2605.2498   17.9930
   -7.5000  -22.5000   30.0000 2654.9641   17.3760
    0.0000  -22.5000   30.0000 2710.7966   16.7717
    7.5000  -22.5000   30.0000 2720.9214   16.8066
   -7.5000  -15.0000   30.0000 2724.0278   16.6192
    0.0000  -15.0000   30.0000 2782.8933   15.9621
    7.5000  -15.0000   30.0000 2784.8118   15.9485
   -7.5000   -7.5000   30.0000 2753.1885   16.2963
    0.0000   -7.5000   30.0000 2806.5527   15.8114
    7.5000   -7.5000   30.0000 2821.4001   15.8110
   -7.5000    0.0000   30.0000 2740.4849   16.4418
    0.0000    0.0000   30.0000 2799.6423   16.0781
    7.5000    0.0000   30.0000 2807.3008   16.0334
   -7.5000    7.5000   30.0000 2683.6660   17.0461
    0.0000    7.5000   30.0000 2739.4783   16.6989
    7.5000    7.5000   30.0000 2748.2349   16.6584
   -7.5000   15.0000   30.0000 2599.3501   18.0309
    0.0000   15.0000   30.0000 2652.2515   17.6327
    7.5000   15.0000   30.0000 2666.3174   17.5598
   -7.5000   22.5000   30.0000 2491.3108   19.4621
    0.0000   22.5000   30.0000 2538.2280   19.0181
    7.5000   22.5000   30.0000 2547.4883   18.9958
   -7.5000   30.0000   30.0000 2348.7952   21.3063
    0.0000   30.0000   30.0000 2392.7900   20.8355
    7.5000   30.0000   30.0000 2406.4126   20.8331
   -7.5000   37.5000   30.0000 2193.2278   23.7672
    0.0000   37.5000   30.0000 2220.9602   23.2133
    7.5000   37.5000   30.0000 2237.7004   23.2047
   -7.5000   45.0000   30.0000 2023.0223   26.8374
    0.0000   45.0000   30.0000 2051.5046   26.1729
    7.5000   45.0000   30.0000 2062.8730   26.1610
   -7.5000  -45.0000   37.5000 2263.9023   23.2946
    0.0000  -45.0000   37.5000 2301.8477   22.6353
    7.5000  -45.0000   37.5000 2305.0603   22.6032
   -7.5000  -37.5000   37.5000 2376.5969   21.2289
    0.0000  -37.5000   37.5000 2422.2444   20.5644
    7.5000  -37.5000   37.5000 2428.5833   20.5505
   -7.5000  -30.0000   37.5000 2490.6030   19.5590
    0.0000  -30.0000   37.5000 2543.2595   18.9401
    7.5000  -30.0000   37.5000 2551.7327   18.9479
   -7.5000  -22.5000   37.5000 2594.9402   18.3555
    0.0000  -22.5000   37.5000 2646.7336   17.7029
    7.5000  -22.5000   37.5000 2652.2195   17.6472
   -7.5000  -15.0000   37.5000 2654.3799   17.5687
    0.0000  -15.0000   37.5000 2705.7727   16.9251
    7.5000  -15.0000   37.5000 2710.3450   16.9637
   -7.5000   -7.5000   37.5000 2669.3079   17.2487
    0.0000   -7.5000   37.5000 2718.4653   16.7764
    7.5000   -7.5000   37.5000 2734.7217   16.7975
   -7.5000    0.0000   37.5000 2657.2239   17.4169
    0.0000    0.0000   37.5000 2702.0134   17.0368
    7.5000    0.0000   37.5000 2714.5803   17.0036
   -7.5000    7.5000   37.5000 2604.1204   17.9793
    0.0000    7.5000   37.5000 2650.5203   17.5821
    7.5000    7.5000   37.5000 2664.4290   17.5618
   -7.5000   15.0000   37.5000 2524.9795   18.8879
    0.0000   15.0000   37.5000 2570.8940   18.4665
    7.5000   15.0000   37.5000 2586.6335   18.4334
   -7.5000   22.5000   37.5000 2425.3364   20.2335
    0.0000   22.5000   37.5000 2464.6873   19.7569
    7.5000   22.5000   37.5000 2477.8110   19.7581
   -7.5000   30.0000   37.5000 2300.7590   22.0147
    0.0000   30.0000   37.5000 2336.8611   21.5036
    7.5000   30.0000   37.5000 2346.1208   21.5521
   -7.5000   37.5000   37.5000 2150.1978   24.4179
    0.0000   37.5000   37.5000 2176.8420   23.8698
    7.5000   37.5000   37.5000 2194.9944   23.8865
   -7.5000   45.0000   37.5000 1985.3767   27.5512
    0.0000   45.0000   37.5000 2012.9174   26.9274
    7.5000   45.0000   37.5000 2025.7430   26.8825
   -7.5000  -45.0000   45.0000 2202.0024   24.6478
    0.0000  -45.0000   45.0000 2249.0481   24.0262
    7.5000  -45.0000   45.0000 2251.1882   23.9806
   -7.5000  -37.5000   45.0000 2310.4734   22.4813
    0.0000  -37.5000   45.0000 2362.6650   21.8824
    7.5000  -37.5000   45.0000 2370.7034   21.8608
   -7.5000  -30.0000   45.0000 2417.3743   20.8377
    0.0000  -30.0000   45.0000 2470.5466   20.1993
    7.5000  -30.0000   45.0000 2479.1277   20.1722
   -7.5000  -22.5000   45.0000 2510.3267   19.5749
    0.0000  -22.5000   45.0000 2557.2644   18.9178
    7.5000  -22.5000   45.0000 2563.9885   18.8907
   -7.5000  -15.0000   45.0000 2561.8940   18.7652
    0.0000  -15.0000   45.0000 2607.8594   18.1934
    7.5000  -15.0000   45.0000 2620.5608   18.1993
   -7.5000   -7.5000   45.0000 2580.2988   18.4366
    0.0000   -7.5000   45.0000 2623.4697   17.9823
    7.5000   -7.5000   45.0000 2641.6367   17.9875
   -7.5000    0.0000   45.0000 2564.8354   18.6167
    0.0000    0.0000   45.0000 2602.9873   18.2303
    7.5000    0.0000   45.0000 2617.0017   18.2150
   -7.5000    7.5000   45.0000 2513.8875   19.1283
    0.0000    7.5000   45.0000 2552.5823   18.7348
    7.5000    7.5000   45.0000 2567.9993   18.7235
   -7.5000   15.0000   45.0000 2438.1055   19.9340
    0.0000   15.0000   45.0000 2477.3083   19.4744
    7.5000   15.0000   45.0000 2496.5671   19.4376
   -7.5000   22.5000   45.0000 2347.9529   21.1484
    0.0000   22.5000   45.0000 2385.4089   20.6597
    7.5000   22.5000   45.0000 2398.3374   20.6336
   -7.5000   30.0000   45.0000 2234.6265   22.9541
    0.0000   30.0000   45.0000 2262.4563   22.3950
    7.5000   30.0000   45.0000 2271.6331   22.3943
   -7.5000   37.5000   45.0000 2094.0112   25.4052
    0.0000   37.5000   45.0000 2122.8396   24.8022
    7.5000   37.5000   45.0000 2133.4092   24.8208
   -7.5000   45.0000   45.0000 1941.9666   28.6530
    0.0000   45.0000   45.0000 1971.0903   27.9893
    7.5000   45.0000   45.0000 1980.0836   27.9866

---------------------------------------------------------------------
imgreg_4dfp /opt/freesurfer/average/711-2C_as_mni_average_305 /opt/freesurfer/average/711-2B_as_mni_average_305_mask talsrcimg_g11 none talsrcimg_to_711-2C_as_mni_average_305_t4 1283
---------------------------------------------------------------------

freesurfer imgreg_4dfp.c
/opt/freesurfer/average/711-2C_as_mni_average_305.4dfp.img
       256       256       256         1
  1.000000  1.000000  1.000000
orientation T byte_order littleendian
Reading image: /opt/freesurfer/average/711-2C_as_mni_average_305.4dfp.img
dimensions:      256       256       256
mmppix:       1.0000   -1.0000   -1.0000
center:     128.0000 -129.0000 -129.0000
/opt/freesurfer/average/711-2B_as_mni_average_305_mask.4dfp.img
       256       256       256         1
  1.000000  1.000000  1.000000
orientation T byte_order littleendian
Reading mask: /opt/freesurfer/average/711-2B_as_mni_average_305_mask.4dfp.img (2306576 pixels)
talsrcimg_g11.4dfp.img
       256       256       256         1
  1.000000  1.000000  1.000000
orientation T byte_order littleendian
Reading image: talsrcimg_g11.4dfp.img
dimensions:      256       256       256
mmppix:       1.0000   -1.0000   -1.0000
center:     128.0000 -129.0000 -129.0000
rotation matrix determinant  1.000000
fimgreg.f
image alignment mode   1283 decimal      503 hex
parameters
    7.5000   -7.5000    7.5000    0.0000    0.0000    0.0000
eta,q 0.92806 14.66121
niter,ni,del,rscale     5    3   12.0000    1.2000
parameter  1  0.507976 ->  0.500000 qaram    1.1500
parameter  4  1.100145 ->  0.500000 qaram    1.1500
parameter  5  1.075638 ->  0.500000 qaram    1.1500
parameters
    4.0500   -7.3441    8.6069   -3.4500   -3.4500   -2.0190
eta,q 0.93520 14.23189
  0.0712  0.0771  0.0815  0.0652  0.0646  0.0655
  0.0676  0.0727  0.0747  0.0667  0.0645  0.0654
  0.0687  0.0706  0.0691  0.0689  0.0652  0.0648
  0.0715  0.0679  0.0677  0.0681  0.0673  0.0646
  0.0752  0.0675  0.0687  0.0681  0.0694  0.0656
  0.0826  0.0712  0.0708  0.0705  0.0722  0.0677
  0.0917  0.0776  0.0733  0.0748  0.0746  0.0703
niter,ni,del,rscale     7    3   12.0000    1.2000
parameter  4  0.611947 ->  0.500000 qaram    1.3225
parameters
    4.6884   -5.9486    8.2850   -7.4175   -3.3974   -3.3714
eta,q 0.93788 14.26371
  0.0750  0.0770  0.0710  0.0619  0.0670  0.0632
  0.0699  0.0716  0.0667  0.0620  0.0637  0.0625
  0.0676  0.0673  0.0637  0.0617  0.0622  0.0622
  0.0648  0.0643  0.0628  0.0628  0.0620  0.0620
  0.0640  0.0626  0.0639  0.0649  0.0626  0.0623
  0.0671  0.0650  0.0686  0.0673  0.0630  0.0637
  0.0728  0.0696  0.0728  0.0710  0.0670  0.0662
niter,ni,del,rscale     7    3   12.0000    1.2000
parameter  4  1.207568 ->  0.500000 qaram    1.5209
parameters
    4.1720   -3.9280    8.1609  -11.9801   -1.8485   -4.0664
eta,q 0.94123 14.35259
  0.0705  0.0735  0.0707  0.0580  0.0698  0.0618
  0.0664  0.0670  0.0667  0.0587  0.0660  0.0598
  0.0641  0.0636  0.0637  0.0598  0.0617  0.0588
  0.0621  0.0622  0.0616  0.0617  0.0591  0.0588
  0.0641  0.0616  0.0625  0.0637  0.0590  0.0595
  0.0681  0.0616  0.0671  0.0665  0.0605  0.0611
  0.0738  0.0638  0.0721  0.0701  0.0639  0.0635
niter,ni,del,rscale     7    3   12.0000    1.2000
parameters
    4.0005   -2.0518    6.9676  -13.0151   -1.8150   -4.4535
eta,q 0.94421 14.55078
  0.0720  0.0702  0.0647  0.0676  0.0657  0.0599
  0.0659  0.0654  0.0598  0.0595  0.0608  0.0573
  0.0611  0.0614  0.0567  0.0559  0.0568  0.0559
  0.0588  0.0588  0.0573  0.0564  0.0558  0.0559
  0.0611  0.0572  0.0617  0.0602  0.0574  0.0567
  0.0659  0.0577  0.0667  0.0660  0.0604  0.0583
  0.0742  0.0621  0.0708  0.0708  0.0655  0.0608
niter,ni,del,rscale     6    3   12.0000    1.2000
parameters
    4.1545   -2.2681    6.7156  -13.1904   -1.8026   -4.5869
eta,q 0.94441 14.55730
  0.0725  0.0662  0.0680  0.0701  0.0657  0.0603
  0.0650  0.0607  0.0620  0.0618  0.0606  0.0575
  0.0597  0.0572  0.0572  0.0564  0.0566  0.0558
  0.0558  0.0557  0.0558  0.0557  0.0556  0.0556
  0.0574  0.0568  0.0588  0.0588  0.0573  0.0562
  0.0637  0.0623  0.0643  0.0641  0.0602  0.0579
  0.0720  0.0678  0.0692  0.0694  0.0656  0.0605
niter,ni,del,rscale     5    3   12.0000    1.2000
parameters
    4.0975   -2.3222    6.6418  -13.2212   -1.7792   -4.5820
eta,q 0.94438 14.56068
  0.0716  0.0672  0.0688  0.0705  0.0657  0.0605
  0.0645  0.0612  0.0627  0.0623  0.0606  0.0577
  0.0592  0.0573  0.0575  0.0566  0.0566  0.0559
  0.0556  0.0556  0.0556  0.0556  0.0556  0.0556
  0.0577  0.0565  0.0583  0.0586  0.0573  0.0562
  0.0643  0.0619  0.0637  0.0638  0.0602  0.0578
  0.0730  0.0676  0.0688  0.0692  0.0655  0.0604
niter,ni,del,rscale     4    3   12.0000    1.2000
parameters
    4.0720   -2.3429    6.6201  -13.2211   -1.7716   -4.5786
eta,q 0.94436 14.56159
  0.0718  0.0674  0.0691  0.0706  0.0656  0.0605
  0.0646  0.0613  0.0629  0.0624  0.0606  0.0578
  0.0593  0.0574  0.0576  0.0566  0.0566  0.0559
  0.0556  0.0556  0.0556  0.0556  0.0556  0.0556
  0.0576  0.0565  0.0582  0.0586  0.0573  0.0562
  0.0642  0.0619  0.0635  0.0638  0.0602  0.0578
  0.0729  0.0676  0.0687  0.0691  0.0655  0.0604
registration optimization eta report
parameter search radius
    6.9000    6.0000    6.0000    9.1253    6.9000    6.0000
100000*second partial in parameter space
       34.       33.       35.       17.       21.       14.
  0.0718  0.0674  0.0691  0.0706  0.0656  0.0605
  0.0646  0.0613  0.0629  0.0624  0.0606  0.0578
  0.0593  0.0574  0.0576  0.0566  0.0566  0.0559
  0.0556  0.0556  0.0556  0.0556  0.0556  0.0556
  0.0576  0.0565  0.0582  0.0586  0.0573  0.0562
  0.0642  0.0619  0.0635  0.0638  0.0602  0.0578
  0.0729  0.0676  0.0687  0.0691  0.0655  0.0604
    4.0720   -2.3429    6.6201  -13.2211   -1.7716   -4.5786
eta,q 0.94436 14.56159

---------------------------------------------------------------------
imgreg_4dfp /opt/freesurfer/average/711-2C_as_mni_average_305 /opt/freesurfer/average/711-2B_as_mni_average_305_mask talsrcimg_g11 none talsrcimg_to_711-2C_as_mni_average_305_t4 3335
---------------------------------------------------------------------

freesurfer imgreg_4dfp.c
/opt/freesurfer/average/711-2C_as_mni_average_305.4dfp.img
       256       256       256         1
  1.000000  1.000000  1.000000
orientation T byte_order littleendian
Reading image: /opt/freesurfer/average/711-2C_as_mni_average_305.4dfp.img
dimensions:      256       256       256
mmppix:       1.0000   -1.0000   -1.0000
center:     128.0000 -129.0000 -129.0000
/opt/freesurfer/average/711-2B_as_mni_average_305_mask.4dfp.img
       256       256       256         1
  1.000000  1.000000  1.000000
orientation T byte_order littleendian
Reading mask: /opt/freesurfer/average/711-2B_as_mni_average_305_mask.4dfp.img (2306576 pixels)
talsrcimg_g11.4dfp.img
       256       256       256         1
  1.000000  1.000000  1.000000
orientation T byte_order littleendian
Reading image: talsrcimg_g11.4dfp.img
dimensions:      256       256       256
mmppix:       1.0000   -1.0000   -1.0000
center:     128.0000 -129.0000 -129.0000
fimgreg.f
image alignment mode   3335 decimal      D07 hex
parameters
    4.0720   -2.3429    6.6201   -0.3668   -2.9048   -2.6971
    7.0662    4.8257   -7.9788   22.5578   -3.0916  -22.8601
eta,q 0.94365 14.57001
niter,ni,del,rscale     5    3    5.0000    1.2000
parameter  4  2.943774 ->  0.500000 qaram    1.1500
parameter  5  2.598042 ->  0.500000 qaram    1.1500
parameter  6  0.899071 ->  0.500000 qaram    1.1500
parameters
    4.4190   -2.1549    7.0530   -4.5068   -7.0448   -6.8371
    5.1989    7.1510   -4.6337   20.0517   -4.5789  -19.6092
eta,q 0.96138 13.67027
  0.0588  0.0584  0.0589  0.0467  0.0409  0.0401  0.0415  0.0478  0.0430  0.0404  0.0400  0.0422
  0.0575  0.0574  0.0575  0.0489  0.0435  0.0403  0.0406  0.0447  0.0415  0.0393  0.0393  0.0407
  0.0567  0.0567  0.0566  0.0522  0.0465  0.0413  0.0403  0.0420  0.0404  0.0390  0.0390  0.0397
  0.0564  0.0563  0.0563  0.0563  0.0497  0.0443  0.0404  0.0403  0.0397  0.0393  0.0390  0.0389
  0.0564  0.0564  0.0564  0.0603  0.0535  0.0485  0.0411  0.0397  0.0393  0.0405  0.0394  0.0386
  0.0568  0.0569  0.0568  0.0646  0.0579  0.0535  0.0421  0.0404  0.0394  0.0426  0.0402  0.0387
  0.0577  0.0579  0.0574  0.0695  0.0627  0.0594  0.0435  0.0421  0.0398  0.0453  0.0413  0.0391
niter,ni,del,rscale     7    3    5.0000    1.2000
parameter  4  0.912525 ->  0.500000 qaram    1.3225
parameter  5  2.126478 ->  0.500000 qaram    1.3225
parameters
    4.1407   -3.3079    7.3963   -9.2678  -11.8058   -9.4374
    5.1743    7.8467   -4.5230   19.8598   -4.7063  -17.7196
eta,q 0.97015 13.25719
  0.0411  0.0387  0.0408  0.0346  0.0276  0.0318  0.0327  0.0355  0.0320  0.0326  0.0310  0.0318
  0.0396  0.0382  0.0395  0.0346  0.0294  0.0306  0.0313  0.0330  0.0308  0.0312  0.0304  0.0309
  0.0388  0.0382  0.0386  0.0356  0.0319  0.0300  0.0303  0.0310  0.0301  0.0302  0.0301  0.0303
  0.0386  0.0386  0.0381  0.0381  0.0347  0.0301  0.0300  0.0300  0.0299  0.0299  0.0299  0.0299
  0.0392  0.0394  0.0382  0.0418  0.0380  0.0313  0.0303  0.0301  0.0301  0.0302  0.0301  0.0299
  0.0406  0.0405  0.0387  0.0464  0.0419  0.0347  0.0313  0.0315  0.0308  0.0311  0.0304  0.0301
  0.0427  0.0419  0.0396  0.0510  0.0463  0.0393  0.0328  0.0340  0.0318  0.0331  0.0310  0.0305
niter,ni,del,rscale     7    3    5.0000    1.2000
parameter  5  0.854408 ->  0.500000 qaram    1.5209
parameters
    4.2199   -4.1785    7.8549  -11.4486  -17.2810   -8.3647
    5.6957    7.9261   -4.5891   20.5105   -5.1922  -17.6385
eta,q 0.97333 13.07624
  0.0336  0.0305  0.0317  0.0321  0.0270  0.0313  0.0297  0.0312  0.0286  0.0304  0.0274  0.0280
  0.0316  0.0297  0.0306  0.0309  0.0268  0.0294  0.0282  0.0289  0.0275  0.0285  0.0270  0.0272
  0.0303  0.0295  0.0299  0.0300  0.0277  0.0279  0.0271  0.0273  0.0269  0.0272  0.0267  0.0267
  0.0299  0.0298  0.0295  0.0294  0.0297  0.0269  0.0267  0.0267  0.0267  0.0267  0.0267  0.0267
  0.0302  0.0307  0.0294  0.0305  0.0330  0.0265  0.0269  0.0270  0.0269  0.0268  0.0268  0.0269
  0.0313  0.0318  0.0298  0.0334  0.0367  0.0272  0.0276  0.0285  0.0276  0.0276  0.0271  0.0272
  0.0332  0.0332  0.0305  0.0381  0.0409  0.0301  0.0289  0.0312  0.0286  0.0293  0.0277  0.0278
niter,ni,del,rscale     7    3    5.0000    1.2000
parameters
    4.3858   -3.9073    8.3625  -10.6427  -20.1228   -7.8886
    5.5981    7.9733   -4.7909   20.6168   -5.5891  -18.2512
eta,q 0.97399 12.97750
  0.0302  0.0296  0.0287  0.0307  0.0291  0.0306  0.0285  0.0306  0.0276  0.0293  0.0269  0.0271
  0.0284  0.0280  0.0278  0.0290  0.0274  0.0287  0.0272  0.0283  0.0267  0.0275  0.0264  0.0264
  0.0272  0.0270  0.0271  0.0277  0.0263  0.0272  0.0263  0.0267  0.0262  0.0264  0.0261  0.0260
  0.0267  0.0266  0.0266  0.0265  0.0263  0.0261  0.0260  0.0260  0.0260  0.0260  0.0260  0.0260
  0.0268  0.0268  0.0265  0.0260  0.0279  0.0260  0.0264  0.0264  0.0263  0.0264  0.0262  0.0263
  0.0277  0.0274  0.0268  0.0272  0.0313  0.0274  0.0273  0.0280  0.0269  0.0273  0.0266  0.0268
  0.0294  0.0284  0.0275  0.0303  0.0355  0.0303  0.0286  0.0307  0.0278  0.0291  0.0272  0.0273
niter,ni,del,rscale     6    3    5.0000    1.2000
parameters
    4.3747   -3.8607    8.5327  -10.2618  -20.7550   -7.7726
    5.5604    7.9912   -4.8689   20.7114   -5.7776  -18.3413
eta,q 0.97408 12.96667
  0.0292  0.0283  0.0279  0.0302  0.0303  0.0304  0.0285  0.0306  0.0275  0.0292  0.0270  0.0272
  0.0274  0.0270  0.0270  0.0285  0.0283  0.0285  0.0271  0.0282  0.0266  0.0274  0.0264  0.0264
  0.0264  0.0262  0.0263  0.0271  0.0267  0.0269  0.0262  0.0266  0.0261  0.0263  0.0260  0.0260
  0.0260  0.0260  0.0260  0.0260  0.0259  0.0259  0.0259  0.0259  0.0259  0.0259  0.0259  0.0259
  0.0264  0.0263  0.0260  0.0256  0.0263  0.0261  0.0263  0.0263  0.0261  0.0263  0.0260  0.0261
  0.0274  0.0270  0.0265  0.0271  0.0284  0.0278  0.0271  0.0279  0.0267  0.0273  0.0264  0.0266
  0.0293  0.0280  0.0275  0.0305  0.0323  0.0307  0.0285  0.0307  0.0275  0.0290  0.0271  0.0271
niter,ni,del,rscale     5    3    5.0000    1.2000
parameters
    4.3554   -3.8563    8.5921  -10.1857  -20.8641   -7.7281
    5.5562    8.0010   -4.9031   20.7251   -5.8596  -18.3282
eta,q 0.97411 12.96622
  0.0291  0.0281  0.0277  0.0300  0.0306  0.0303  0.0285  0.0306  0.0275  0.0291  0.0270  0.0272
  0.0273  0.0268  0.0268  0.0283  0.0285  0.0285  0.0271  0.0282  0.0266  0.0273  0.0264  0.0264
  0.0263  0.0261  0.0262  0.0270  0.0269  0.0269  0.0262  0.0265  0.0260  0.0262  0.0260  0.0260
  0.0259  0.0259  0.0259  0.0259  0.0259  0.0259  0.0259  0.0259  0.0259  0.0259  0.0259  0.0259
  0.0263  0.0262  0.0260  0.0257  0.0261  0.0261  0.0262  0.0263  0.0261  0.0263  0.0260  0.0261
  0.0274  0.0269  0.0266  0.0274  0.0280  0.0278  0.0271  0.0279  0.0266  0.0273  0.0264  0.0265
  0.0292  0.0279  0.0277  0.0309  0.0316  0.0309  0.0284  0.0307  0.0275  0.0291  0.0270  0.0271
niter,ni,del,rscale     4    3    5.0000    1.2000
parameters
    4.3499   -3.8503    8.6090  -10.1749  -20.8839   -7.7205
    5.5602    8.0066   -4.9124   20.7202   -5.8794  -18.3254
eta,q 0.97411 12.96566
  0.0291  0.0281  0.0276  0.0300  0.0307  0.0303  0.0285  0.0305  0.0275  0.0291  0.0270  0.0272
  0.0274  0.0268  0.0268  0.0283  0.0286  0.0284  0.0271  0.0282  0.0266  0.0273  0.0264  0.0264
  0.0263  0.0261  0.0262  0.0270  0.0269  0.0269  0.0262  0.0265  0.0260  0.0262  0.0260  0.0260
  0.0259  0.0259  0.0259  0.0259  0.0259  0.0259  0.0259  0.0259  0.0259  0.0259  0.0259  0.0259
  0.0263  0.0262  0.0260  0.0258  0.0261  0.0261  0.0262  0.0263  0.0261  0.0263  0.0260  0.0261
  0.0274  0.0269  0.0266  0.0274  0.0279  0.0278  0.0271  0.0279  0.0266  0.0273  0.0264  0.0265
  0.0292  0.0279  0.0277  0.0310  0.0315  0.0309  0.0284  0.0307  0.0275  0.0291  0.0270  0.0271
registration optimization eta report
parameter search radius
    2.4000    2.4000    2.4000    9.5220   10.9503    8.2800
    7.2000    7.2000    7.2000    7.2000    7.2000    7.2000
100000*second partial in parameter space
       57.       36.       31.        5.        4.        7.
        5.        9.        3.        6.        2.        2.
  0.0291  0.0281  0.0276  0.0300  0.0307  0.0303  0.0285  0.0305  0.0275  0.0291  0.0270  0.0272
  0.0274  0.0268  0.0268  0.0283  0.0286  0.0284  0.0271  0.0282  0.0266  0.0273  0.0264  0.0264
  0.0263  0.0261  0.0262  0.0270  0.0269  0.0269  0.0262  0.0265  0.0260  0.0262  0.0260  0.0260
  0.0259  0.0259  0.0259  0.0259  0.0259  0.0259  0.0259  0.0259  0.0259  0.0259  0.0259  0.0259
  0.0263  0.0262  0.0260  0.0258  0.0261  0.0261  0.0262  0.0263  0.0261  0.0263  0.0260  0.0261
  0.0274  0.0269  0.0266  0.0274  0.0279  0.0278  0.0271  0.0279  0.0266  0.0273  0.0264  0.0265
  0.0292  0.0279  0.0277  0.0310  0.0315  0.0309  0.0284  0.0307  0.0275  0.0291  0.0270  0.0271
    4.3499   -3.8503    8.6090  -10.1749  -20.8839   -7.7205
    5.5602    8.0066   -4.9124   20.7202   -5.8794  -18.3254
eta,q 0.97411 12.96566

---------------------------------------------------------------------
imgreg_4dfp /opt/freesurfer/average/711-2C_as_mni_average_305 /opt/freesurfer/average/711-2B_as_mni_average_305_mask talsrcimg_g11 none talsrcimg_to_711-2C_as_mni_average_305_t4 2311
---------------------------------------------------------------------

freesurfer imgreg_4dfp.c
/opt/freesurfer/average/711-2C_as_mni_average_305.4dfp.img
       256       256       256         1
  1.000000  1.000000  1.000000
orientation T byte_order littleendian
Reading image: /opt/freesurfer/average/711-2C_as_mni_average_305.4dfp.img
dimensions:      256       256       256
mmppix:       1.0000   -1.0000   -1.0000
center:     128.0000 -129.0000 -129.0000
/opt/freesurfer/average/711-2B_as_mni_average_305_mask.4dfp.img
       256       256       256         1
  1.000000  1.000000  1.000000
orientation T byte_order littleendian
Reading mask: /opt/freesurfer/average/711-2B_as_mni_average_305_mask.4dfp.img (2306576 pixels)
talsrcimg_g11.4dfp.img
       256       256       256         1
  1.000000  1.000000  1.000000
orientation T byte_order littleendian
Reading image: talsrcimg_g11.4dfp.img
dimensions:      256       256       256
mmppix:       1.0000   -1.0000   -1.0000
center:     128.0000 -129.0000 -129.0000
fimgreg.f
image alignment mode   2311 decimal      907 hex
parameters
    4.3499   -3.8503    8.6090  -10.1749  -20.8839   -7.7205
    5.5602    8.0066   -4.9124   20.7202   -5.8794  -18.3254
eta,q 0.97411 12.96567
niter,ni,del,rscale     5    3    5.0000    0.8000
parameters
    4.3526   -3.9104    8.6856   -8.5680  -20.0202   -7.5112
    5.6480    8.1542   -4.8343   20.9628   -5.7422  -18.0063
eta,q 0.97450 13.07542
  0.0274  0.0268  0.0268  0.0276  0.0270  0.0275  0.0269  0.0281  0.0264  0.0272  0.0262  0.0262
  0.0266  0.0262  0.0263  0.0270  0.0264  0.0266  0.0261  0.0268  0.0259  0.0263  0.0258  0.0258
  0.0261  0.0260  0.0260  0.0264  0.0259  0.0259  0.0257  0.0259  0.0256  0.0257  0.0256  0.0256
  0.0259  0.0259  0.0259  0.0259  0.0256  0.0255  0.0255  0.0255  0.0255  0.0255  0.0255  0.0255
  0.0261  0.0260  0.0259  0.0256  0.0255  0.0256  0.0257  0.0257  0.0256  0.0256  0.0256  0.0256
  0.0265  0.0264  0.0262  0.0257  0.0258  0.0262  0.0261  0.0265  0.0259  0.0261  0.0258  0.0258
  0.0274  0.0269  0.0267  0.0264  0.0263  0.0273  0.0268  0.0279  0.0263  0.0268  0.0261  0.0260
niter,ni,del,rscale     4    3    5.0000    0.7000
parameters
    4.2749   -3.9702    8.7179   -8.7362  -19.8929   -7.3389
    5.6874    8.1753   -4.7961   20.9919   -5.7811  -17.9279
eta,q 0.97451 13.08613
  0.0267  0.0262  0.0262  0.0267  0.0264  0.0271  0.0265  0.0274  0.0261  0.0266  0.0260  0.0260
  0.0260  0.0258  0.0258  0.0262  0.0260  0.0264  0.0259  0.0265  0.0258  0.0260  0.0257  0.0257
  0.0256  0.0255  0.0256  0.0257  0.0257  0.0258  0.0256  0.0258  0.0256  0.0256  0.0256  0.0255
  0.0255  0.0255  0.0255  0.0255  0.0255  0.0255  0.0255  0.0255  0.0255  0.0255  0.0255  0.0255
  0.0257  0.0256  0.0255  0.0256  0.0256  0.0256  0.0256  0.0257  0.0256  0.0256  0.0255  0.0256
  0.0262  0.0259  0.0258  0.0262  0.0258  0.0261  0.0259  0.0263  0.0258  0.0260  0.0257  0.0257
  0.0270  0.0263  0.0262  0.0271  0.0264  0.0270  0.0265  0.0275  0.0261  0.0266  0.0260  0.0259
niter,ni,del,rscale     3    3    5.0000    0.6000
parameters
    4.2635   -3.9787    8.6913   -8.6831  -19.8421   -7.2748
    5.6944    8.2354   -4.7885   21.0229   -5.8126  -17.9815
eta,q 0.97452 13.09335
  0.0265  0.0261  0.0260  0.0265  0.0262  0.0267  0.0262  0.0270  0.0260  0.0263  0.0258  0.0258
  0.0259  0.0257  0.0257  0.0261  0.0258  0.0261  0.0258  0.0262  0.0257  0.0259  0.0256  0.0256
  0.0256  0.0255  0.0256  0.0257  0.0256  0.0257  0.0256  0.0257  0.0255  0.0256  0.0255  0.0255
  0.0255  0.0255  0.0255  0.0255  0.0255  0.0255  0.0255  0.0255  0.0255  0.0255  0.0255  0.0255
  0.0256  0.0256  0.0255  0.0256  0.0255  0.0256  0.0256  0.0256  0.0255  0.0256  0.0255  0.0255
  0.0260  0.0258  0.0257  0.0259  0.0258  0.0259  0.0258  0.0261  0.0257  0.0258  0.0257  0.0257
  0.0265  0.0261  0.0260  0.0266  0.0261  0.0267  0.0262  0.0270  0.0259  0.0263  0.0259  0.0258
niter,ni,del,rscale     2    3    5.0000    0.5000
parameters
    4.2557   -4.0007    8.6838   -8.6166  -19.8143   -7.2203
    5.7130    8.2883   -4.7823   21.0686   -5.8358  -17.9906
eta,q 0.97453 13.10061
  0.0262  0.0259  0.0258  0.0263  0.0260  0.0263  0.0260  0.0265  0.0258  0.0261  0.0257  0.0257
  0.0258  0.0256  0.0256  0.0259  0.0257  0.0259  0.0257  0.0260  0.0256  0.0257  0.0256  0.0256
  0.0255  0.0255  0.0255  0.0256  0.0255  0.0256  0.0255  0.0256  0.0255  0.0255  0.0255  0.0255
  0.0255  0.0255  0.0255  0.0255  0.0255  0.0255  0.0255  0.0255  0.0255  0.0255  0.0255  0.0255
  0.0256  0.0255  0.0255  0.0255  0.0255  0.0255  0.0255  0.0256  0.0255  0.0255  0.0255  0.0255
  0.0258  0.0257  0.0256  0.0258  0.0257  0.0258  0.0257  0.0259  0.0256  0.0257  0.0256  0.0256
  0.0262  0.0259  0.0258  0.0263  0.0259  0.0263  0.0260  0.0265  0.0258  0.0260  0.0257  0.0257
niter,ni,del,rscale     1    3    5.0000    0.4000
parameters
    4.2500   -4.0151    8.6795   -8.5426  -19.7948   -7.1769
    5.7183    8.3371   -4.7691   21.0986   -5.8616  -17.9876
eta,q 0.97453 13.10633
  0.0259  0.0257  0.0257  0.0260  0.0258  0.0260  0.0258  0.0262  0.0257  0.0258  0.0256  0.0256
  0.0257  0.0256  0.0256  0.0258  0.0256  0.0257  0.0256  0.0258  0.0256  0.0256  0.0255  0.0255
  0.0255  0.0255  0.0255  0.0256  0.0255  0.0255  0.0255  0.0256  0.0255  0.0255  0.0255  0.0255
  0.0255  0.0255  0.0255  0.0255  0.0255  0.0255  0.0255  0.0255  0.0255  0.0255  0.0255  0.0255
  0.0255  0.0255  0.0255  0.0255  0.0255  0.0255  0.0255  0.0255  0.0255  0.0255  0.0255  0.0255
  0.0257  0.0256  0.0256  0.0257  0.0256  0.0257  0.0256  0.0257  0.0256  0.0256  0.0255  0.0255
  0.0259  0.0257  0.0257  0.0260  0.0258  0.0260  0.0258  0.0261  0.0257  0.0258  0.0256  0.0256
registration optimization eta report
parameter search radius
    0.8000    0.8000    0.8000    2.4000    2.4000    2.4000
    2.4000    2.4000    2.4000    2.4000    2.4000    2.4000
100000*second partial in parameter space
       71.       40.       36.        9.        5.        9.
        6.       12.        4.        6.        3.        3.
  0.0259  0.0257  0.0257  0.0260  0.0258  0.0260  0.0258  0.0262  0.0257  0.0258  0.0256  0.0256
  0.0257  0.0256  0.0256  0.0258  0.0256  0.0257  0.0256  0.0258  0.0256  0.0256  0.0255  0.0255
  0.0255  0.0255  0.0255  0.0256  0.0255  0.0255  0.0255  0.0256  0.0255  0.0255  0.0255  0.0255
  0.0255  0.0255  0.0255  0.0255  0.0255  0.0255  0.0255  0.0255  0.0255  0.0255  0.0255  0.0255
  0.0255  0.0255  0.0255  0.0255  0.0255  0.0255  0.0255  0.0255  0.0255  0.0255  0.0255  0.0255
  0.0257  0.0256  0.0256  0.0257  0.0256  0.0257  0.0256  0.0257  0.0256  0.0256  0.0255  0.0255
  0.0259  0.0257  0.0257  0.0260  0.0258  0.0260  0.0258  0.0261  0.0257  0.0258  0.0256  0.0256
    4.2500   -4.0151    8.6795   -8.5426  -19.7948   -7.1769
    5.7183    8.3371   -4.7691   21.0986   -5.8616  -17.9876
eta,q 0.97453 13.10633

---------------------------------------------------------------------
imgreg_4dfp /opt/freesurfer/average/711-2C_as_mni_average_305 /opt/freesurfer/average/711-2B_as_mni_average_305_mask talsrcimg_g11 none talsrcimg_to_711-2C_as_mni_average_305_t4 2311
---------------------------------------------------------------------

freesurfer imgreg_4dfp.c
/opt/freesurfer/average/711-2C_as_mni_average_305.4dfp.img
       256       256       256         1
  1.000000  1.000000  1.000000
orientation T byte_order littleendian
Reading image: /opt/freesurfer/average/711-2C_as_mni_average_305.4dfp.img
dimensions:      256       256       256
mmppix:       1.0000   -1.0000   -1.0000
center:     128.0000 -129.0000 -129.0000
/opt/freesurfer/average/711-2B_as_mni_average_305_mask.4dfp.img
       256       256       256         1
  1.000000  1.000000  1.000000
orientation T byte_order littleendian
Reading mask: /opt/freesurfer/average/711-2B_as_mni_average_305_mask.4dfp.img (2306576 pixels)
talsrcimg_g11.4dfp.img
       256       256       256         1
  1.000000  1.000000  1.000000
orientation T byte_order littleendian
Reading image: talsrcimg_g11.4dfp.img
dimensions:      256       256       256
mmppix:       1.0000   -1.0000   -1.0000
center:     128.0000 -129.0000 -129.0000
fimgreg.f
image alignment mode   2311 decimal      907 hex
parameters
    4.2500   -4.0151    8.6795   -8.5426  -19.7948   -7.1769
    5.7183    8.3371   -4.7691   21.0986   -5.8616  -17.9876
eta,q 0.97454 13.10634
niter,ni,del,rscale     5    3    5.0000    0.8000
parameters
    4.2683   -3.9855    8.6415   -8.9485  -19.8936   -7.3197
    5.7316    8.1792   -4.8222   20.9754   -5.7832  -17.9192
eta,q 0.97449 13.08092
  0.0273  0.0266  0.0263  0.0269  0.0266  0.0273  0.0268  0.0278  0.0263  0.0269  0.0262  0.0261
  0.0263  0.0259  0.0259  0.0263  0.0260  0.0264  0.0261  0.0266  0.0259  0.0261  0.0258  0.0258
  0.0257  0.0256  0.0256  0.0257  0.0257  0.0258  0.0256  0.0258  0.0256  0.0256  0.0256  0.0256
  0.0255  0.0255  0.0255  0.0255  0.0255  0.0255  0.0255  0.0255  0.0255  0.0255  0.0255  0.0255
  0.0257  0.0256  0.0256  0.0257  0.0256  0.0257  0.0257  0.0258  0.0256  0.0257  0.0256  0.0256
  0.0263  0.0259  0.0259  0.0265  0.0260  0.0265  0.0261  0.0267  0.0259  0.0262  0.0258  0.0258
  0.0272  0.0264  0.0264  0.0277  0.0267  0.0278  0.0268  0.0283  0.0264  0.0271  0.0261  0.0261
niter,ni,del,rscale     4    3    5.0000    0.7000
parameters
    4.2719   -3.9834    8.6635   -8.8111  -19.8512   -7.3131
    5.7021    8.1988   -4.7918   20.9913   -5.7718  -17.9439
eta,q 0.97451 13.08735
  0.0268  0.0263  0.0262  0.0268  0.0264  0.0270  0.0265  0.0275  0.0261  0.0266  0.0260  0.0260
  0.0261  0.0258  0.0258  0.0263  0.0259  0.0263  0.0259  0.0265  0.0258  0.0260  0.0257  0.0257
  0.0257  0.0256  0.0256  0.0258  0.0256  0.0257  0.0256  0.0258  0.0256  0.0256  0.0256  0.0255
  0.0255  0.0255  0.0255  0.0255  0.0255  0.0255  0.0255  0.0255  0.0255  0.0255  0.0255  0.0255
  0.0257  0.0256  0.0256  0.0256  0.0256  0.0256  0.0256  0.0257  0.0256  0.0256  0.0255  0.0256
  0.0261  0.0259  0.0258  0.0260  0.0259  0.0261  0.0259  0.0263  0.0258  0.0260  0.0257  0.0257
  0.0268  0.0263  0.0262  0.0268  0.0264  0.0271  0.0265  0.0275  0.0261  0.0266  0.0260  0.0260
niter,ni,del,rscale     3    3    5.0000    0.6000
parameters
    4.2647   -3.9925    8.6730   -8.6991  -19.8315   -7.2669
    5.7028    8.2420   -4.7831   21.0323   -5.8001  -17.9730
eta,q 0.97452 13.09448
  0.0265  0.0261  0.0260  0.0265  0.0262  0.0267  0.0262  0.0270  0.0260  0.0263  0.0259  0.0258
  0.0259  0.0257  0.0257  0.0261  0.0258  0.0261  0.0258  0.0262  0.0257  0.0259  0.0257  0.0256
  0.0256  0.0255  0.0256  0.0257  0.0256  0.0257  0.0256  0.0257  0.0255  0.0256  0.0255  0.0255
  0.0255  0.0255  0.0255  0.0255  0.0255  0.0255  0.0255  0.0255  0.0255  0.0255  0.0255  0.0255
  0.0256  0.0256  0.0255  0.0255  0.0256  0.0256  0.0256  0.0256  0.0255  0.0256  0.0255  0.0255
  0.0259  0.0258  0.0257  0.0259  0.0258  0.0260  0.0258  0.0261  0.0257  0.0258  0.0256  0.0257
  0.0265  0.0261  0.0260  0.0265  0.0262  0.0267  0.0262  0.0270  0.0259  0.0263  0.0259  0.0258
niter,ni,del,rscale     2    3    5.0000    0.5000
parameters
    4.2566   -4.0041    8.6771   -8.6146  -19.8070   -7.2189
    5.7201    8.2885   -4.7784   21.0673   -5.8270  -17.9971
eta,q 0.97453 13.10104
  0.0262  0.0259  0.0258  0.0263  0.0259  0.0263  0.0260  0.0265  0.0258  0.0261  0.0257  0.0257
  0.0258  0.0256  0.0257  0.0259  0.0257  0.0259  0.0257  0.0260  0.0256  0.0257  0.0256  0.0256
  0.0256  0.0255  0.0255  0.0256  0.0255  0.0256  0.0255  0.0256  0.0255  0.0255  0.0255  0.0255
  0.0255  0.0255  0.0255  0.0255  0.0255  0.0255  0.0255  0.0255  0.0255  0.0255  0.0255  0.0255
  0.0256  0.0255  0.0255  0.0255  0.0255  0.0255  0.0255  0.0256  0.0255  0.0255  0.0255  0.0255
  0.0258  0.0257  0.0256  0.0258  0.0257  0.0258  0.0257  0.0259  0.0256  0.0257  0.0256  0.0256
  0.0262  0.0259  0.0258  0.0263  0.0259  0.0263  0.0260  0.0265  0.0258  0.0260  0.0258  0.0257
niter,ni,del,rscale     1    3    5.0000    0.4000
parameters
    4.2505   -4.0143    8.6833   -8.5418  -19.8014   -7.1762
    5.7145    8.3293   -4.7680   21.0877   -5.8581  -17.9881
eta,q 0.97453 13.10549
  0.0259  0.0257  0.0257  0.0260  0.0258  0.0260  0.0258  0.0262  0.0257  0.0258  0.0256  0.0256
  0.0257  0.0256  0.0256  0.0258  0.0256  0.0257  0.0256  0.0258  0.0256  0.0256  0.0255  0.0255
  0.0255  0.0255  0.0255  0.0256  0.0255  0.0255  0.0255  0.0256  0.0255  0.0255  0.0255  0.0255
  0.0255  0.0255  0.0255  0.0255  0.0255  0.0255  0.0255  0.0255  0.0255  0.0255  0.0255  0.0255
  0.0255  0.0255  0.0255  0.0255  0.0255  0.0255  0.0255  0.0255  0.0255  0.0255  0.0255  0.0255
  0.0257  0.0256  0.0256  0.0257  0.0256  0.0257  0.0256  0.0257  0.0256  0.0256  0.0255  0.0255
  0.0259  0.0257  0.0257  0.0260  0.0258  0.0260  0.0258  0.0262  0.0257  0.0258  0.0256  0.0256
registration optimization eta report
parameter search radius
    0.8000    0.8000    0.8000    2.4000    2.4000    2.4000
    2.4000    2.4000    2.4000    2.4000    2.4000    2.4000
100000*second partial in parameter space
       72.       39.       36.        9.        5.        9.
        6.       12.        4.        6.        3.        3.
  0.0259  0.0257  0.0257  0.0260  0.0258  0.0260  0.0258  0.0262  0.0257  0.0258  0.0256  0.0256
  0.0257  0.0256  0.0256  0.0258  0.0256  0.0257  0.0256  0.0258  0.0256  0.0256  0.0255  0.0255
  0.0255  0.0255  0.0255  0.0256  0.0255  0.0255  0.0255  0.0256  0.0255  0.0255  0.0255  0.0255
  0.0255  0.0255  0.0255  0.0255  0.0255  0.0255  0.0255  0.0255  0.0255  0.0255  0.0255  0.0255
  0.0255  0.0255  0.0255  0.0255  0.0255  0.0255  0.0255  0.0255  0.0255  0.0255  0.0255  0.0255
  0.0257  0.0256  0.0256  0.0257  0.0256  0.0257  0.0256  0.0257  0.0256  0.0256  0.0255  0.0255
  0.0259  0.0257  0.0257  0.0260  0.0258  0.0260  0.0258  0.0262  0.0257  0.0258  0.0256  0.0256
    4.2505   -4.0143    8.6833   -8.5418  -19.8014   -7.1762
    5.7145    8.3293   -4.7680   21.0877   -5.8581  -17.9881
eta,q 0.97453 13.10549

---------------------------------------------------------------------
compute_vox2vox talsrcimg talsrcimg_to_711-2C_as_mni_average_305_t4 /opt/freesurfer/average/711-2C_as_mni_average_305
---------------------------------------------------------------------

freesurfer compute_vox2vox.c
Reading: talsrcimg.4dfp.ifh
Reading: talsrcimg_to_711-2C_as_mni_average_305_t4
Reading: /opt/freesurfer/average/711-2C_as_mni_average_305.4dfp.ifh
Writing: talsrcimg_to_711-2C_as_mni_average_305_t4_vox2vox.txt

start time Mon Mar 9 07:48:37 CET 2026
end		time Mon Mar 9 07:48:51 CET 2026

mpr2mni305 success

avi2talxfm orig_nu.mgz /opt/freesurfer/average/mni305.cor.mgz talsrcimg_to_711-2C_as_mni_average_305_t4_vox2vox.txt transforms/talairach.auto.xfm
avi2talxfm done
mv -f /out/sourcedata/freesurfer/sub-v1s20x0050318_ses-1/mri/talsrcimg_to_711-2C_as_mni_average_305_t4_vox2vox.txt /out/sourcedata/freesurfer/sub-v1s20x0050318_ses-1/mri/transforms/talsrcimg_to_711-2C_as_mni_average_305_t4_vox2vox.txt
lta_convert --src orig_nu.mgz --trg /opt/freesurfer/average/mni305.cor.mgz --inxfm transforms/talairach.auto.xfm --outlta transforms/talairach.auto.xfm.lta --subject fsaverage
7.3.2

--src: orig_nu.mgz src image (geometry).
--trg: /opt/freesurfer/average/mni305.cor.mgz trg image (geometry).
--inmni: transforms/talairach.auto.xfm input MNI/XFM transform.
--outlta: transforms/talairach.auto.xfm.lta output LTA.
--s: fsaverage subject name
 LTA read, type : 1
 1.08363  -0.07583  -0.09422  -4.85672;
 0.07695   1.01969   0.22323  -8.95647;
 0.04419  -0.27263   1.18261   6.06059;
 0.00000   0.00000   0.00000   1.00000;
setting subject to fsaverage
Writing  LTA to file transforms/talairach.auto.xfm.lta...
lta_convert successful.
 
 
Started at Mon Mar 9 07:48:36 CET 2026
Ended   at Mon Mar  9 07:48:51 CET 2026
talairach_avi done
