status file for recon-all
Thu Mar 12 20:14:03 CET 2026
#@# Tessellate lh Thu Mar 12 20:14:03 CET 2026
#@# Smooth1 lh Thu Mar 12 20:14:05 CET 2026
#@# Inflation1 lh Thu Mar 12 20:14:07 CET 2026
#@# QSphere lh Thu Mar 12 20:14:19 CET 2026
#@# Fix Topology lh Thu Mar 12 20:15:07 CET 2026
#@# Smooth2 lh Thu Mar 12 20:19:49 CET 2026
#@# Inflation2 lh Thu Mar 12 20:19:52 CET 2026
#@# Curv .H and .K lh Thu Mar 12 20:20:05 CET 2026
#@# Sphere lh Thu Mar 12 20:20:42 CET 2026
#@# Surf Reg lh Thu Mar 12 20:24:48 CET 2026
#@# Jacobian white lh Thu Mar 12 20:28:47 CET 2026
#@# AvgCurv lh Thu Mar 12 20:28:48 CET 2026
#@# Cortical Parc lh Thu Mar 12 20:28:48 CET 2026
#@# white curv lh Thu Mar 12 20:34:30 CET 2026
#@# white area lh Thu Mar 12 20:34:32 CET 2026
#@# pial curv lh Thu Mar 12 20:34:32 CET 2026
#@# pial area lh Thu Mar 12 20:34:34 CET 2026
#@# thickness lh Thu Mar 12 20:34:34 CET 2026
#@# area and vertex vol lh Thu Mar 12 20:34:53 CET 2026
#@# Curvature Stats lh Thu Mar 12 20:34:54 CET 2026
#@# Cortical Parc 2 lh Thu Mar 12 20:34:56 CET 2026
#@# Cortical Parc 3 lh Thu Mar 12 20:35:06 CET 2026
#@# WM/GM Contrast lh Thu Mar 12 20:35:14 CET 2026
recon-all -s sub-v1s20x0050364_ses-1 finished without error at Thu Mar 12 20:35:16 CET 2026



#New# invocation of recon-all 



status file for recon-all
Thu Mar 12 20:59:22 CET 2026
#@# white curv lh Thu Mar 12 20:59:22 CET 2026
#@# white area lh Thu Mar 12 20:59:22 CET 2026
#@# pial curv lh Thu Mar 12 20:59:22 CET 2026
#@# pial area lh Thu Mar 12 20:59:22 CET 2026
#@# thickness lh Thu Mar 12 20:59:22 CET 2026
#@# area and vertex vol lh Thu Mar 12 20:59:22 CET 2026
#@# Parcellation Stats lh Thu Mar 12 20:59:22 CET 2026
#@# Parcellation Stats 2 lh Thu Mar 12 20:59:40 CET 2026
#@# Parcellation Stats 3 lh Thu Mar 12 20:59:48 CET 2026
#@# BA_exvivo Labels lh Thu Mar 12 20:59:57 CET 2026
recon-all -s sub-v1s20x0050364_ses-1 finished without error at Thu Mar 12 21:02:01 CET 2026
