/out/sourcedata/freesurfer/sub-v1s20x0050323_ses-1/mri
/opt/freesurfer/bin/talairach_avi
--i orig_nu.mgz --xfm transforms/talairach.auto.xfm
talairach_avi 7.3.2
Linux dna077 5.14.0-427.37.1.el9_4.x86_64 #1 SMP PREEMPT_DYNAMIC Fri Sep 13 12:41:50 EDT 2024 x86_64 x86_64 x86_64 GNU/Linux
Mon Mar  9 21:33:01 CET 2026
mri_convert orig_nu.mgz talsrcimg.img 
reading from orig_nu.mgz...
TR=0.00, TE=0.00, TI=0.00, flip angle=0.00
i_ras = (-1, 0, 0)
j_ras = (0, 0, -1)
k_ras = (0, 1, 0)
writing to talsrcimg.img...
Analyze Output Matrix
-1.00000   0.00000   0.00000   129.50781;
 0.00000   0.00000   1.00000  -128.49219;
 0.00000  -1.00000   0.00000   129.60004;
 0.00000   0.00000   0.00000   1.00000;
--------------------
INFO: set hdr.hist.orient to -1
mpr2mni305 talsrcimg
Mon Mar  9 21:33:01 CET 2026
/opt/freesurfer/bin/mpr2mni305 talsrcimg
mpr2mni305 7.3.2
target=711-2C_as_mni_average_305

---------------------------------------------------------------------
analyzeto4dfp talsrcimg -O0 -y
---------------------------------------------------------------------

freesurfer ifh2hdr.c
Mon Mar  9 21:33:01 2026
Writing: talsrcimg.4dfp.hdr
freesurfer analyzeto4dfp.c
Reading: talsrcimg.hdr
header size 348 bytes
hdr.dime.datatype	offset=70	value=2
hdr.dime.bitpix		offset=72	value=8
hdr.hist.orient		offset=252	value=-1
dimensionality     4
dimensions       256       256       256         1
Reading: talsrcimg.img
Writing: talsrcimg.4dfp.img
Writing: talsrcimg.4dfp.ifh
ifh2hdr talsrcimg -r0to233
ori=2

---------------------------------------------------------------------
gauss_4dfp talsrcimg 1.1
---------------------------------------------------------------------

freesurfer gauss_4dfp.c
Reading: talsrcimg.4dfp.img
Writing: talsrcimg_g11.4dfp.img
image dimensions 256 256 256 padded to 288 288 288
processing volume 1freesurfer ifh2hdr.c
Mon Mar  9 21:33:02 2026
Writing: talsrcimg_g11.4dfp.hdr

Writing: talsrcimg_g11.4dfp.ifh
including: talsrcimg.4dfp.img.rec in talsrcimg_g11.4dfp.img.rec

---------------------------------------------------------------------
imgreg_4dfp /opt/freesurfer/average/711-2C_as_mni_average_305 none talsrcimg_g11 none talsrcimg_to_711-2C_as_mni_average_305_t4 4355
---------------------------------------------------------------------

freesurfer imgreg_4dfp.c
/opt/freesurfer/average/711-2C_as_mni_average_305.4dfp.img
       256       256       256         1
  1.000000  1.000000  1.000000
orientation T byte_order littleendian
Reading image: /opt/freesurfer/average/711-2C_as_mni_average_305.4dfp.img
dimensions:      256       256       256
mmppix:       1.0000   -1.0000   -1.0000
center:     128.0000 -129.0000 -129.0000
talsrcimg_g11.4dfp.img
       256       256       256         1
  1.000000  1.000000  1.000000
orientation T byte_order littleendian
Reading image: talsrcimg_g11.4dfp.img
dimensions:      256       256       256
mmppix:       1.0000   -1.0000   -1.0000
center:     128.0000 -129.0000 -129.0000
t4_read: open error in t4_sub.f l:  41 t4_file(1:l)talsrcimg_to_711-2C_as_mni_average_305_t4 
t4_read: transform initialized to I4
rotation matrix determinant  1.000000
image alignment mode   4355 decimal     1103 hex
   -7.5000  -45.0000  -45.0000 7974.1064   14.1735
    0.0000  -45.0000  -45.0000 8370.8672   14.2072
    7.5000  -45.0000  -45.0000 8098.5840   14.2052
   -7.5000  -37.5000  -45.0000 8509.5781   14.1831
    0.0000  -37.5000  -45.0000 8940.6670   14.2139
    7.5000  -37.5000  -45.0000 8640.2041   14.2038
   -7.5000  -30.0000  -45.0000 9318.4434   14.1909
    0.0000  -30.0000  -45.0000 9800.9746   14.2200
    7.5000  -30.0000  -45.0000 9454.7939   14.2058
   -7.5000  -22.5000  -45.000010012.8545   14.1859
    0.0000  -22.5000  -45.000010560.2402   14.2173
    7.5000  -22.5000  -45.000010198.1006   14.2086
   -7.5000  -15.0000  -45.000010628.4580   14.1763
    0.0000  -15.0000  -45.000011221.2881   14.2111
    7.5000  -15.0000  -45.000010856.7578   14.2114
   -7.5000   -7.5000  -45.000011217.2773   14.1716
    0.0000   -7.5000  -45.000011838.6826   14.2070
    7.5000   -7.5000  -45.000011457.2188   14.2101
   -7.5000    0.0000  -45.000011807.8438   14.1735
    0.0000    0.0000  -45.000012450.6260   14.2072
    7.5000    0.0000  -45.000012035.5908   14.2052
   -7.5000    7.5000  -45.000011553.2412   14.1831
    0.0000    7.5000  -45.000012178.1377   14.2139
    7.5000    7.5000  -45.000011749.2793   14.2038
   -7.5000   15.0000  -45.000011175.0527   14.1909
    0.0000   15.0000  -45.000011764.5098   14.2200
    7.5000   15.0000  -45.000011341.6592   14.2058
   -7.5000   22.5000  -45.000010522.2871   14.1839
    0.0000   22.5000  -45.000011078.9365   14.2154
    7.5000   22.5000  -45.000010677.4902   14.2066
   -7.5000   30.0000  -45.0000 9727.3574   13.9873
    0.0000   30.0000  -45.000010235.6787   14.0217
    7.5000   30.0000  -45.0000 9877.3877   14.0221
   -7.5000   37.5000  -45.0000 9245.0605   13.9827
    0.0000   37.5000  -45.0000 9729.1387   14.0177
    7.5000   37.5000  -45.0000 9394.4717   14.0207
   -7.5000   45.0000  -45.0000 8378.0488   13.6295
    0.0000   45.0000  -45.0000 8825.2051   13.6620
    7.5000   45.0000  -45.0000 8520.6299   13.6600
   -7.5000  -45.0000  -37.5000 8562.8564   14.1399
    0.0000  -45.0000  -37.5000 8997.4189   14.1726
    7.5000  -45.0000  -37.5000 8695.9082   14.1689
   -7.5000  -37.5000  -37.5000 9126.8213   14.1537
    0.0000  -37.5000  -37.5000 9588.2725   14.1827
    7.5000  -37.5000  -37.5000 9262.7295   14.1701
   -7.5000  -30.0000  -37.5000 9972.2959   14.1685
    0.0000  -30.0000  -37.500010476.9023   14.1939
    7.5000  -30.0000  -37.500010115.9639   14.1785
   -7.5000  -22.5000  -37.500010730.4111   14.1665
    0.0000  -22.5000  -37.500011295.4287   14.1929
    7.5000  -22.5000  -37.500010903.5518   14.1850
   -7.5000  -15.0000  -37.500011389.3486   14.1539
    0.0000  -15.0000  -37.500012000.2480   14.1843
    7.5000  -15.0000  -37.500011609.7012   14.1865
   -7.5000   -7.5000  -37.500012010.5918   14.1419
    0.0000   -7.5000  -37.500012670.0996   14.1751
    7.5000   -7.5000  -37.500012237.4395   14.1786
   -7.5000    0.0000  -37.500012610.1914   14.1399
    0.0000    0.0000  -37.500013294.7510   14.1726
    7.5000    0.0000  -37.500012841.8994   14.1689
   -7.5000    7.5000  -37.500012310.3633   14.1537
    0.0000    7.5000  -37.500012966.1738   14.1827
    7.5000    7.5000  -37.500012525.5420   14.1701
   -7.5000   15.0000  -37.500011875.7090   14.1685
    0.0000   15.0000  -37.500012481.8760   14.1939
    7.5000   15.0000  -37.500012039.5586   14.1785
   -7.5000   22.5000  -37.500011158.8350   14.1646
    0.0000   22.5000  -37.500011706.7637   14.1910
    7.5000   22.5000  -37.500011297.5928   14.1831
   -7.5000   30.0000  -37.500010322.8682   13.9653
    0.0000   30.0000  -37.500010825.4111   13.9952
    7.5000   30.0000  -37.500010458.3750   13.9974
   -7.5000   37.5000  -37.5000 9791.6152   13.9535
    0.0000   37.5000  -37.500010273.0312   13.9862
    7.5000   37.5000  -37.5000 9925.0635   13.9897
   -7.5000   45.0000  -37.5000 8840.4219   13.5972
    0.0000   45.0000  -37.5000 9299.1562   13.6287
    7.5000   45.0000  -37.5000 8969.5273   13.6251
   -7.5000  -45.0000  -30.0000 9325.2314   14.7184
    0.0000  -45.0000  -30.0000 9808.4297   14.7498
    7.5000  -45.0000  -30.0000 9462.7383   14.7383
   -7.5000  -37.5000  -30.0000 9931.3916   14.7364
    0.0000  -37.5000  -30.000010433.8584   14.7662
    7.5000  -37.5000  -30.000010075.4600   14.7470
   -7.5000  -30.0000  -30.000010834.4600   14.7604
    0.0000  -30.0000  -30.000011384.5918   14.7859
    7.5000  -30.0000  -30.000010986.5225   14.7655
   -7.5000  -22.5000  -30.000011655.2031   14.7644
    0.0000  -22.5000  -30.000012263.2832   14.7873
    7.5000  -22.5000  -30.000011821.9775   14.7748
   -7.5000  -15.0000  -30.000012352.7734   14.7491
    0.0000  -15.0000  -30.000013036.9844   14.7732
    7.5000  -15.0000  -30.000012591.1680   14.7699
   -7.5000   -7.5000  -30.000013036.2422   14.7271
    0.0000   -7.5000  -30.000013752.6631   14.7554
    7.5000   -7.5000  -30.000013281.2881   14.7518
   -7.5000    0.0000  -30.000013680.7852   14.7184
    0.0000    0.0000  -30.000014414.5889   14.7498
    7.5000    0.0000  -30.000013892.9756   14.7383
   -7.5000    7.5000  -30.000013304.1025   14.7364
    0.0000    7.5000  -30.000014018.7734   14.7662
    7.5000    7.5000  -30.000013516.3838   14.7470
   -7.5000   15.0000  -30.000012784.8369   14.7604
    0.0000   15.0000  -30.000013449.0381   14.7859
    7.5000   15.0000  -30.000012962.7422   14.7655
   -7.5000   22.5000  -30.000011989.8613   14.7608
    0.0000   22.5000  -30.000012567.7881   14.7838
    7.5000   22.5000  -30.000012144.1455   14.7713
   -7.5000   30.0000  -30.000011089.2754   14.5540
    0.0000   30.0000  -30.000011601.2764   14.5777
    7.5000   30.0000  -30.000011212.2188   14.5745
   -7.5000   37.5000  -30.000010497.0840   14.5322
    0.0000   37.5000  -30.000010975.4951   14.5601
    7.5000   37.5000  -30.000010604.7861   14.5566
   -7.5000   45.0000  -30.0000 9454.6475   14.1639
    0.0000   45.0000  -30.0000 9921.0566   14.1941
    7.5000   45.0000  -30.0000 9573.3340   14.1830
   -7.5000  -45.0000  -22.500010084.8057   15.2246
    0.0000  -45.0000  -22.500010608.7158   15.2551
    7.5000  -45.0000  -22.500010223.9824   15.2377
   -7.5000  -37.5000  -22.500010739.6709   15.2419
    0.0000  -37.5000  -22.500011300.5303   15.2750
    7.5000  -37.5000  -22.500010882.5566   15.2528
   -7.5000  -30.0000  -22.500011714.2881   15.2679
    0.0000  -30.0000  -22.500012333.2139   15.2993
    7.5000  -30.0000  -22.500011876.7900   15.2766
   -7.5000  -22.5000  -22.500012572.2422   15.2752
    0.0000  -22.5000  -22.500013264.4551   15.3017
    7.5000  -22.5000  -22.500012771.0703   15.2848
   -7.5000  -15.0000  -22.500013320.0049   15.2607
    0.0000  -15.0000  -22.500014102.3340   15.2841
    7.5000  -15.0000  -22.500013571.6533   15.2734
   -7.5000   -7.5000  -22.500014075.4707   15.2361
    0.0000   -7.5000  -22.500014886.2510   15.2618
    7.5000   -7.5000  -22.500014312.7393   15.2501
   -7.5000    0.0000  -22.500014774.2080   15.2246
    0.0000    0.0000  -22.500015587.6934   15.2551
    7.5000    0.0000  -22.500014954.6162   15.2377
   -7.5000    7.5000  -22.500014369.2139   15.2419
    0.0000    7.5000  -22.500015150.1104   15.2750
    7.5000    7.5000  -22.500014534.8926   15.2528
   -7.5000   15.0000  -22.500013749.4395   15.2679
    0.0000   15.0000  -22.500014457.3711   15.2993
    7.5000   15.0000  -22.500013908.5703   15.2766
   -7.5000   22.5000  -22.500012850.9736   15.2705
    0.0000   22.5000  -22.500013497.8467   15.2970
    7.5000   22.5000  -22.500013004.1885   15.2801
   -7.5000   30.0000  -22.500011857.5312   15.0611
    0.0000   30.0000  -22.500012407.9043   15.0842
    7.5000   30.0000  -22.500011967.4678   15.0736
   -7.5000   37.5000  -22.500011203.4238   15.0368
    0.0000   37.5000  -22.500011701.4502   15.0621
    7.5000   37.5000  -22.500011294.4189   15.0506
   -7.5000   45.0000  -22.500010078.8740   14.6620
    0.0000   45.0000  -22.500010551.3643   14.6914
    7.5000   45.0000  -22.500010184.2842   14.6747
   -7.5000  -45.0000  -15.000010826.3838   15.6042
    0.0000  -45.0000  -15.000011400.0518   15.6355
    7.5000  -45.0000  -15.000010972.7354   15.6195
   -7.5000  -37.5000  -15.000011543.8633   15.6173
    0.0000  -37.5000  -15.000012178.5039   15.6531
    7.5000  -37.5000  -15.000011709.2451   15.6339
   -7.5000  -30.0000  -15.000012604.0771   15.6366
    0.0000  -30.0000  -15.000013307.8740   15.6736
    7.5000  -30.0000  -15.000012791.0176   15.6531
   -7.5000  -22.5000  -15.000013513.0908   15.6409
    0.0000  -22.5000  -15.000014276.4219   15.6742
    7.5000  -22.5000  -15.000013713.1367   15.6570
   -7.5000  -15.0000  -15.000014334.6143   15.6291
    0.0000  -15.0000  -15.000015186.6230   15.6580
    7.5000  -15.0000  -15.000014532.0303   15.6452
   -7.5000   -7.5000  -15.000015144.4648   15.6117
    0.0000   -7.5000  -15.000016032.5498   15.6398
    7.5000   -7.5000  -15.000015309.7490   15.6268
   -7.5000    0.0000  -15.000015854.3057   15.6042
    0.0000    0.0000  -15.000016763.3789   15.6355
    7.5000    0.0000  -15.000015993.3594   15.6195
   -7.5000    7.5000  -15.000015384.5215   15.6173
    0.0000    7.5000  -15.000016240.4551   15.6531
    7.5000    7.5000  -15.000015523.2559   15.6339
   -7.5000   15.0000  -15.000014693.3486   15.6366
    0.0000   15.0000  -15.000015461.8760   15.6736
    7.5000   15.0000  -15.000014816.3037   15.6531
   -7.5000   22.5000  -15.000013738.1602   15.6353
    0.0000   22.5000  -15.000014446.1172   15.6687
    7.5000   22.5000  -15.000013864.2627   15.6515
   -7.5000   30.0000  -15.000012647.9219   15.4268
    0.0000   30.0000  -15.000013268.5010   15.4553
    7.5000   30.0000  -15.000012749.6211   15.4427
   -7.5000   37.5000  -15.000011914.5625   15.4096
    0.0000   37.5000  -15.000012473.3086   15.4373
    7.5000   37.5000  -15.000011984.5938   15.4246
   -7.5000   45.0000  -15.000010701.2354   15.0367
    0.0000   45.0000  -15.000011206.4941   15.0669
    7.5000   45.0000  -15.000010779.3115   15.0515
   -7.5000  -45.0000   -7.500011617.4805   15.8054
    0.0000  -45.0000   -7.500012212.4521   15.8402
    7.5000  -45.0000   -7.500011731.9941   15.8317
   -7.5000  -37.5000   -7.500012395.9609   15.8154
    0.0000  -37.5000   -7.500013072.2471   15.8514
    7.5000  -37.5000   -7.500012538.2295   15.8372
   -7.5000  -30.0000   -7.500013563.8789   15.8260
    0.0000  -30.0000   -7.500014310.2168   15.8625
    7.5000  -30.0000   -7.500013726.7617   15.8447
   -7.5000  -22.5000   -7.500014543.9990   15.8237
    0.0000  -22.5000   -7.500015369.7637   15.8601
    7.5000  -22.5000   -7.500014727.4199   15.8460
   -7.5000  -15.0000   -7.500015410.5898   15.8137
    0.0000  -15.0000   -7.500016315.8711   15.8493
    7.5000  -15.0000   -7.500015514.4268   15.8419
   -7.5000   -7.5000   -7.500016226.9375   15.8059
    0.0000   -7.5000   -7.500017122.8730   15.8405
    7.5000   -7.5000   -7.500016260.9014   15.8351
   -7.5000    0.0000   -7.500016936.5938   15.8054
    0.0000    0.0000   -7.500017833.3105   15.8402
    7.5000    0.0000   -7.500016979.1191   15.8317
   -7.5000    7.5000   -7.500016420.8926   15.8154
    0.0000    7.5000   -7.500017278.8711   15.8514
    7.5000    7.5000   -7.500016502.0254   15.8372
   -7.5000   15.0000   -7.500015656.9785   15.8260
    0.0000   15.0000   -7.500016460.5215   15.8625
    7.5000   15.0000   -7.500015726.1943   15.8447
   -7.5000   22.5000   -7.500014662.6143   15.8164
    0.0000   22.5000   -7.500015418.1230   15.8528
    7.5000   22.5000   -7.500014723.1270   15.8387
   -7.5000   30.0000   -7.500013506.7646   15.6086
    0.0000   30.0000   -7.500014191.1426   15.6437
    7.5000   30.0000   -7.500013577.7031   15.6365
   -7.5000   37.5000   -7.500012707.5732   15.6009
    0.0000   37.5000   -7.500013333.5898   15.6351
    7.5000   37.5000   -7.500012767.4219   15.6297
   -7.5000   45.0000   -7.500011364.5088   15.2334
    0.0000   45.0000   -7.500011911.0400   15.2669
    7.5000   45.0000   -7.500011431.3574   15.2588
   -7.5000  -45.0000    0.000012297.1074   15.8410
    0.0000  -45.0000    0.000012911.3223   15.8787
    7.5000  -45.0000    0.000012381.5889   15.8764
   -7.5000  -37.5000    0.000013096.1201   15.8518
    0.0000  -37.5000    0.000013788.8164   15.8862
    7.5000  -37.5000    0.000013211.5371   15.8751
   -7.5000  -30.0000    0.000014397.6592   15.8607
    0.0000  -30.0000    0.000015173.5684   15.8932
    7.5000  -30.0000    0.000014553.7920   15.8776
   -7.5000  -22.5000    0.000015573.9316   15.8551
    0.0000  -22.5000    0.000016518.5176   15.8902
    7.5000  -22.5000    0.000015748.5166   15.8805
   -7.5000  -15.0000    0.000016536.6426   15.8442
    0.0000  -15.0000    0.000017439.1367   15.8830
    7.5000  -15.0000    0.000016494.1113   15.8835
   -7.5000   -7.5000    0.000017290.7559   15.8388
    0.0000   -7.5000    0.000018044.9492   15.8784
    7.5000   -7.5000    0.000017132.0059   15.8818
   -7.5000    0.0000    0.000017978.5391   15.8410
    0.0000    0.0000    0.000018750.4121   15.8787
    7.5000    0.0000    0.000017882.0430   15.8764
   -7.5000    7.5000    0.000017390.6523   15.8518
    0.0000    7.5000    0.000018221.4961   15.8862
    7.5000    7.5000    0.000017394.7109   15.8751
   -7.5000   15.0000    0.000016577.4648   15.8607
    0.0000   15.0000    0.000017414.0312   15.8932
    7.5000   15.0000    0.000016589.2480   15.8776
   -7.5000   22.5000    0.000015526.8281   15.8478
    0.0000   22.5000    0.000016317.0127   15.8829
    7.5000   22.5000    0.000015528.5586   15.8732
   -7.5000   30.0000    0.000014291.6787   15.6392
    0.0000   30.0000    0.000015017.5312   15.6775
    7.5000   30.0000    0.000014322.4834   15.6779
   -7.5000   37.5000    0.000013436.1523   15.6339
    0.0000   37.5000    0.000014115.0537   15.6729
    7.5000   37.5000    0.000013470.4062   15.6763
   -7.5000   45.0000    0.000011967.9385   15.2689
    0.0000   45.0000    0.000012576.6641   15.3052
    7.5000   45.0000    0.000012024.3789   15.3030
   -7.5000  -45.0000    7.500011938.0527   15.8228
    0.0000  -45.0000    7.500012527.0557   15.8594
    7.5000  -45.0000    7.500012033.7588   15.8552
   -7.5000  -37.5000    7.500012725.3760   15.8382
    0.0000  -37.5000    7.500013352.5850   15.8706
    7.5000  -37.5000    7.500012826.3750   15.8566
   -7.5000  -30.0000    7.500014013.6729   15.8547
    0.0000  -30.0000    7.500014823.8848   15.8832
    7.5000  -30.0000    7.500014208.1660   15.8660
   -7.5000  -22.5000    7.500015164.4258   15.8526
    0.0000  -22.5000    7.500016213.2256   15.8821
    7.5000  -22.5000    7.500015462.5000   15.8732
   -7.5000  -15.0000    7.500016101.7588   15.8385
    0.0000  -15.0000    7.500017058.0352   15.8724
    7.5000  -15.0000    7.500016259.5264   15.8749
   -7.5000   -7.5000    7.500016876.3652   15.8251
    0.0000   -7.5000    7.500017664.8652   15.8622
    7.5000   -7.5000    7.500016857.5488   15.8661
   -7.5000    0.0000    7.500017517.6348   15.8228
    0.0000    0.0000    7.500018326.9668   15.8594
    7.5000    0.0000    7.500017489.1211   15.8552
   -7.5000    7.5000    7.500016933.7832   15.8382
    0.0000    7.5000    7.500017796.3867   15.8706
    7.5000    7.5000    7.500016948.3633   15.8566
   -7.5000   15.0000    7.500016123.7549   15.8547
    0.0000   15.0000    7.500016965.5957   15.8832
    7.5000   15.0000    7.500016130.5830   15.8660
   -7.5000   22.5000    7.500015084.2803   15.8453
    0.0000   22.5000    7.500015867.4902   15.8748
    7.5000   22.5000    7.500015087.0869   15.8659
   -7.5000   30.0000    7.500013892.8809   15.6335
    0.0000   30.0000    7.500014611.8662   15.6670
    7.5000   30.0000    7.500013922.1699   15.6694
   -7.5000   37.5000    7.500013064.4092   15.6203
    0.0000   37.5000    7.500013715.6543   15.6569
    7.5000   37.5000    7.500013096.3848   15.6608
   -7.5000   45.0000    7.500011622.7842   15.2513
    0.0000   45.0000    7.500012217.4873   15.2866
    7.5000   45.0000    7.500011690.7617   15.2826
   -7.5000  -45.0000   15.000011422.4336   15.8050
    0.0000  -45.0000   15.000012013.5107   15.8388
    7.5000  -45.0000   15.000011553.9336   15.8264
   -7.5000  -37.5000   15.000012198.1348   15.8244
    0.0000  -37.5000   15.000012857.9697   15.8564
    7.5000  -37.5000   15.000012342.7012   15.8358
   -7.5000  -30.0000   15.000013375.0449   15.8501
    0.0000  -30.0000   15.000014210.3291   15.8776
    7.5000  -30.0000   15.000013649.9160   15.8556
   -7.5000  -22.5000   15.000014361.1445   15.8544
    0.0000  -22.5000   15.000015339.8340   15.8790
    7.5000  -22.5000   15.000014776.1123   15.8656
   -7.5000  -15.0000   15.000015207.6182   15.8381
    0.0000  -15.0000   15.000016086.4268   15.8638
    7.5000  -15.0000   15.000015520.1094   15.8603
   -7.5000   -7.5000   15.000016018.8408   15.8144
    0.0000   -7.5000   15.000016837.4570   15.8447
    7.5000   -7.5000   15.000016195.7949   15.8409
   -7.5000    0.0000   15.000016761.4238   15.8050
    0.0000    0.0000   15.000017607.0156   15.8388
    7.5000    0.0000   15.000016886.5391   15.8264
   -7.5000    7.5000   15.000016248.9062   15.8244
    0.0000    7.5000   15.000017079.0723   15.8564
    7.5000    7.5000   15.000016351.3047   15.8358
   -7.5000   15.0000   15.000015471.7607   15.8501
    0.0000   15.0000   15.000016243.8164   15.8776
    7.5000   15.0000   15.000015518.9453   15.8556
   -7.5000   22.5000   15.000014467.7266   15.8471
    0.0000   22.5000   15.000015196.8740   15.8717
    7.5000   22.5000   15.000014515.6035   15.8583
   -7.5000   30.0000   15.000013324.7129   15.6331
    0.0000   30.0000   15.000014024.8174   15.6585
    7.5000   30.0000   15.000013391.3535   15.6551
   -7.5000   37.5000   15.000012501.4355   15.6097
    0.0000   37.5000   15.000013149.5020   15.6397
    7.5000   37.5000   15.000012565.1592   15.6359
   -7.5000   45.0000   15.000011097.9316   15.2342
    0.0000   45.0000   15.000011666.2148   15.2668
    7.5000   45.0000   15.000011158.0664   15.2548
   -7.5000  -45.0000   22.500010802.5010   15.8044
    0.0000  -45.0000   22.500011371.1924   15.8361
    7.5000  -45.0000   22.500010921.6406   15.8180
   -7.5000  -37.5000   22.500011515.6816   15.8224
    0.0000  -37.5000   22.500012141.2061   15.8567
    7.5000  -37.5000   22.500011667.4395   15.8337
   -7.5000  -30.0000   22.500012566.1279   15.8494
    0.0000  -30.0000   22.500013328.7324   15.8819
    7.5000  -30.0000   22.500012839.0273   15.8584
   -7.5000  -22.5000   22.500013502.7588   15.8570
    0.0000  -22.5000   22.500014298.4580   15.8844
    7.5000  -22.5000   22.500013835.7500   15.8669
   -7.5000  -15.0000   22.500014319.4053   15.8419
    0.0000  -15.0000   22.500015046.7334   15.8662
    7.5000  -15.0000   22.500014558.0010   15.8551
   -7.5000   -7.5000   22.500015096.2168   15.8164
    0.0000   -7.5000   22.500015827.9512   15.8430
    7.5000   -7.5000   22.500015280.2119   15.8309
   -7.5000    0.0000   22.500015807.2568   15.8044
    0.0000    0.0000   22.500016587.7988   15.8361
    7.5000    0.0000   22.500015989.0928   15.8180
   -7.5000    7.5000   22.500015353.5947   15.8224
    0.0000    7.5000   22.500016116.5059   15.8567
    7.5000    7.5000   22.500015515.5518   15.8337
   -7.5000   15.0000   22.500014588.5586   15.8494
    0.0000   15.0000   22.500015319.5586   15.8819
    7.5000   15.0000   22.500014725.3799   15.8584
   -7.5000   22.5000   22.500013598.9219   15.8497
    0.0000   22.5000   22.500014296.9980   15.8771
    7.5000   22.5000   22.500013720.9922   15.8596
   -7.5000   30.0000   22.500012493.5518   15.6369
    0.0000   30.0000   22.500013161.8799   15.6609
    7.5000   30.0000   22.500012628.8701   15.6499
   -7.5000   37.5000   22.500011727.5000   15.6117
    0.0000   37.5000   22.500012313.6309   15.6380
    7.5000   37.5000   22.500011840.0518   15.6260
   -7.5000   45.0000   22.500010420.5664   15.2336
    0.0000   45.0000   22.500010936.3135   15.2641
    7.5000   45.0000   22.500010500.7178   15.2468
   -7.5000  -45.0000   30.000010088.8340   15.8824
    0.0000  -45.0000   30.000010594.5781   15.9146
    7.5000  -45.0000   30.000010175.5996   15.8982
   -7.5000  -37.5000   30.000010732.9814   15.8959
    0.0000  -37.5000   30.000011287.4414   15.9327
    7.5000  -37.5000   30.000010858.4707   15.9131
   -7.5000  -30.0000   30.000011707.2852   15.9157
    0.0000  -30.0000   30.000012329.9600   15.9538
    7.5000  -30.0000   30.000011907.1836   15.9329
   -7.5000  -22.5000   30.000012578.9541   15.9201
    0.0000  -22.5000   30.000013186.4902   15.9545
    7.5000  -22.5000   30.000012789.0527   15.9369
   -7.5000  -15.0000   30.000013332.9600   15.9080
    0.0000  -15.0000   30.000013936.4775   15.9377
    7.5000  -15.0000   30.000013495.0928   15.9247
   -7.5000   -7.5000   30.000014048.9316   15.8901
    0.0000   -7.5000   30.000014699.4922   15.9189
    7.5000   -7.5000   30.000014205.9316   15.9057
   -7.5000    0.0000   30.000014715.3535   15.8824
    0.0000    0.0000   30.000015397.5332   15.9146
    7.5000    0.0000   30.000014860.3291   15.8982
   -7.5000    7.5000   30.000014310.7939   15.8959
    0.0000    7.5000   30.000014978.5889   15.9327
    7.5000    7.5000   30.000014433.2598   15.9131
   -7.5000   15.0000   30.000013591.6143   15.9157
    0.0000   15.0000   30.000014228.6895   15.9538
    7.5000   15.0000   30.000013700.1670   15.9329
   -7.5000   22.5000   30.000012648.1777   15.9128
    0.0000   22.5000   30.000013272.4688   15.9471
    7.5000   22.5000   30.000012751.0771   15.9296
   -7.5000   30.0000   30.000011564.4912   15.7021
    0.0000   30.0000   30.000012175.7139   15.7315
    7.5000   30.0000   30.000011702.8301   15.7186
   -7.5000   37.5000   30.000010810.0029   15.6844
    0.0000   37.5000   30.000011355.6064   15.7129
    7.5000   37.5000   30.000010940.6445   15.6998
   -7.5000   45.0000   30.0000 9618.7676   15.3088
    0.0000   45.0000   30.000010098.5225   15.3398
    7.5000   45.0000   30.0000 9711.1475   15.3240
   -7.5000  -45.0000   37.5000 9700.8291   16.0715
    0.0000  -45.0000   37.500010174.7773   16.1066
    7.5000  -45.0000   37.5000 9793.5684   16.0982
   -7.5000  -37.5000   37.500010306.9648   16.0815
    0.0000  -37.5000   37.500010813.2266   16.1182
    7.5000  -37.5000   37.500010431.3291   16.1040
   -7.5000  -30.0000   37.500011240.8350   16.0931
    0.0000  -30.0000   37.500011779.2393   16.1303
    7.5000  -30.0000   37.500011383.6172   16.1126
   -7.5000  -22.5000   37.500012046.8975   16.0918
    0.0000  -22.5000   37.500012586.8057   16.1286
    7.5000  -22.5000   37.500012188.4805   16.1145
   -7.5000  -15.0000   37.500012763.4746   16.0819
    0.0000  -15.0000   37.500013311.4473   16.1175
    7.5000  -15.0000   37.500012900.8613   16.1102
   -7.5000   -7.5000   37.500013449.3682   16.0731
    0.0000   -7.5000   37.500014040.3164   16.1077
    7.5000   -7.5000   37.500013584.8369   16.1024
   -7.5000    0.0000   37.500014072.2793   16.0715
    0.0000    0.0000   37.500014704.1318   16.1066
    7.5000    0.0000   37.500014217.9570   16.0982
   -7.5000    7.5000   37.500013688.4102   16.0815
    0.0000    7.5000   37.500014301.7480   16.1182
    7.5000    7.5000   37.500013811.9297   16.1040
   -7.5000   15.0000   37.500012994.2559   16.0931
    0.0000   15.0000   37.500013607.4219   16.1303
    7.5000   15.0000   37.500013106.2510   16.1126
   -7.5000   22.5000   37.500012099.7383   16.0844
    0.0000   22.5000   37.500012680.1221   16.1211
    7.5000   22.5000   37.500012197.8945   16.1071
   -7.5000   30.0000   37.500011066.7422   15.8737
    0.0000   30.0000   37.500011617.6611   15.9090
    7.5000   30.0000   37.500011181.6387   15.9017
   -7.5000   37.5000   37.500010323.0020   15.8651
    0.0000   37.5000   37.500010843.0430   15.8993
    7.5000   37.5000   37.500010415.5098   15.8940
   -7.5000   45.0000   37.5000 9187.6709   15.4911
    0.0000   45.0000   37.5000 9640.1855   15.5249
    7.5000   45.0000   37.5000 9255.5049   15.5168
   -7.5000  -45.0000   45.0000 8927.5898   16.3115
    0.0000  -45.0000   45.0000 9368.8438   16.3533
    7.5000  -45.0000   45.0000 9014.5293   16.3520
   -7.5000  -37.5000   45.0000 9475.2178   16.3219
    0.0000  -37.5000   45.0000 9937.4648   16.3605
    7.5000  -37.5000   45.0000 9572.6367   16.3499
   -7.5000  -30.0000   45.000010322.2686   16.3321
    0.0000  -30.0000   45.000010800.6689   16.3689
    7.5000  -30.0000   45.000010413.6279   16.3535
   -7.5000  -22.5000   45.000011042.0029   16.3285
    0.0000  -22.5000   45.000011529.0586   16.3678
    7.5000  -22.5000   45.000011140.3350   16.3585
   -7.5000  -15.0000   45.000011679.8965   16.3180
    0.0000  -15.0000   45.000012183.4453   16.3610
    7.5000  -15.0000   45.000011788.5762   16.3624
   -7.5000   -7.5000   45.000012309.0635   16.3111
    0.0000   -7.5000   45.000012842.2490   16.3548
    7.5000   -7.5000   45.000012416.3154   16.3594
   -7.5000    0.0000   45.000012878.1035   16.3115
    0.0000    0.0000   45.000013447.0508   16.3533
    7.5000    0.0000   45.000013007.7256   16.3520
   -7.5000    7.5000   45.000012518.8506   16.3219
    0.0000    7.5000   45.000013084.4688   16.3605
    7.5000    7.5000   45.000012625.0586   16.3499
   -7.5000   15.0000   45.000011885.8828   16.3321
    0.0000   15.0000   45.000012442.0029   16.3689
    7.5000   15.0000   45.000011980.3721   16.3535
   -7.5000   22.5000   45.000011064.4678   16.3209
    0.0000   22.5000   45.000011582.5723   16.3602
    7.5000   22.5000   45.000011134.0908   16.3509
   -7.5000   30.0000   45.000010126.0078   16.1054
    0.0000   30.0000   45.000010608.4795   16.1478
    7.5000   30.0000   45.000010191.7148   16.1492
   -7.5000   37.5000   45.0000 9482.4033   16.0986
    0.0000   37.5000   45.0000 9917.3496   16.1417
    7.5000   37.5000   45.0000 9541.0000   16.1463
   -7.5000   45.0000   45.0000 8429.6055   15.7295
    0.0000   45.0000   45.0000 8808.4199   15.7698
    7.5000   45.0000   45.0000 8481.1553   15.7686

---------------------------------------------------------------------
imgreg_4dfp /opt/freesurfer/average/711-2C_as_mni_average_305 /opt/freesurfer/average/711-2B_as_mni_average_305_mask talsrcimg_g11 none talsrcimg_to_711-2C_as_mni_average_305_t4 4355
---------------------------------------------------------------------

freesurfer imgreg_4dfp.c
/opt/freesurfer/average/711-2C_as_mni_average_305.4dfp.img
       256       256       256         1
  1.000000  1.000000  1.000000
orientation T byte_order littleendian
Reading image: /opt/freesurfer/average/711-2C_as_mni_average_305.4dfp.img
dimensions:      256       256       256
mmppix:       1.0000   -1.0000   -1.0000
center:     128.0000 -129.0000 -129.0000
/opt/freesurfer/average/711-2B_as_mni_average_305_mask.4dfp.img
       256       256       256         1
  1.000000  1.000000  1.000000
orientation T byte_order littleendian
Reading mask: /opt/freesurfer/average/711-2B_as_mni_average_305_mask.4dfp.img (2306576 pixels)
talsrcimg_g11.4dfp.img
       256       256       256         1
  1.000000  1.000000  1.000000
orientation T byte_order littleendian
Reading image: talsrcimg_g11.4dfp.img
dimensions:      256       256       256
mmppix:       1.0000   -1.0000   -1.0000
center:     128.0000 -129.0000 -129.0000
rotation matrix determinant  1.000000
image alignment mode   4355 decimal     1103 hex
   -7.5000  -45.0000  -45.0000 2168.2529   17.5366
    0.0000  -45.0000  -45.0000 2176.7295   17.4107
    7.5000  -45.0000  -45.0000 2175.5530   17.4630
   -7.5000  -37.5000  -45.0000 2251.8018   16.1859
    0.0000  -37.5000  -45.0000 2264.0620   16.0743
    7.5000  -37.5000  -45.0000 2260.9673   16.0914
   -7.5000  -30.0000  -45.0000 2315.0354   15.2116
    0.0000  -30.0000  -45.0000 2327.4263   15.0827
    7.5000  -30.0000  -45.0000 2321.7454   15.0940
   -7.5000  -22.5000  -45.0000 2350.7393   14.5461
    0.0000  -22.5000  -45.0000 2365.2695   14.4105
    7.5000  -22.5000  -45.0000 2364.0137   14.4200
   -7.5000  -15.0000  -45.0000 2367.2153   14.2030
    0.0000  -15.0000  -45.0000 2382.4644   14.0612
    7.5000  -15.0000  -45.0000 2385.3887   14.0477
   -7.5000   -7.5000  -45.0000 2359.4819   14.1599
    0.0000   -7.5000  -45.0000 2376.5403   13.9640
    7.5000   -7.5000  -45.0000 2385.1362   13.9378
   -7.5000    0.0000  -45.0000 2344.5857   14.3973
    0.0000    0.0000  -45.0000 2364.2729   14.1403
    7.5000    0.0000  -45.0000 2371.5762   14.1220
   -7.5000    7.5000  -45.0000 2315.2876   14.9050
    0.0000    7.5000  -45.0000 2335.8071   14.6127
    7.5000    7.5000  -45.0000 2338.3118   14.5589
   -7.5000   15.0000  -45.0000 2259.3264   15.7121
    0.0000   15.0000  -45.0000 2280.3479   15.3849
    7.5000   15.0000  -45.0000 2283.1384   15.3066
   -7.5000   22.5000  -45.0000 2183.0039   16.8007
    0.0000   22.5000  -45.0000 2203.6182   16.4589
    7.5000   22.5000  -45.0000 2204.7231   16.4153
   -7.5000   30.0000  -45.0000 2082.3901   18.2592
    0.0000   30.0000  -45.0000 2106.1289   17.8754
    7.5000   30.0000  -45.0000 2107.4558   17.8614
   -7.5000   37.5000  -45.0000 1977.6578   20.1714
    0.0000   37.5000  -45.0000 2000.7241   19.7738
    7.5000   37.5000  -45.0000 2002.6494   19.6903
   -7.5000   45.0000  -45.0000 1859.8185   22.7442
    0.0000   45.0000  -45.0000 1880.2683   22.2899
    7.5000   45.0000  -45.0000 1880.9421   22.2073
   -7.5000  -45.0000  -37.5000 2250.0107   16.2389
    0.0000  -45.0000  -37.5000 2265.9033   16.0928
    7.5000  -45.0000  -37.5000 2263.0610   16.1686
   -7.5000  -37.5000  -37.5000 2339.8047   14.9319
    0.0000  -37.5000  -37.5000 2355.0334   14.8137
    7.5000  -37.5000  -37.5000 2352.7161   14.8569
   -7.5000  -30.0000  -37.5000 2404.0679   14.0267
    0.0000  -30.0000  -37.5000 2418.2979   13.8784
    7.5000  -30.0000  -37.5000 2415.5427   13.8876
   -7.5000  -22.5000  -37.5000 2450.0662   13.3818
    0.0000  -22.5000  -37.5000 2464.6711   13.2384
    7.5000  -22.5000  -37.5000 2464.9485   13.2527
   -7.5000  -15.0000  -37.5000 2470.9917   13.0433
    0.0000  -15.0000  -37.5000 2487.2622   12.8957
    7.5000  -15.0000  -37.5000 2490.1099   12.8924
   -7.5000   -7.5000  -37.5000 2474.2107   12.9716
    0.0000   -7.5000  -37.5000 2490.7002   12.7956
    7.5000   -7.5000  -37.5000 2496.1028   12.7946
   -7.5000    0.0000  -37.5000 2455.0615   13.1884
    0.0000    0.0000  -37.5000 2475.1160   12.9663
    7.5000    0.0000  -37.5000 2481.7402   12.9481
   -7.5000    7.5000  -37.5000 2420.1172   13.6738
    0.0000    7.5000  -37.5000 2442.0110   13.4017
    7.5000    7.5000  -37.5000 2449.7742   13.3659
   -7.5000   15.0000  -37.5000 2362.0820   14.4061
    0.0000   15.0000  -37.5000 2385.1165   14.1080
    7.5000   15.0000  -37.5000 2390.7241   14.0659
   -7.5000   22.5000  -37.5000 2282.7778   15.3826
    0.0000   22.5000  -37.5000 2304.8254   15.0624
    7.5000   22.5000  -37.5000 2307.9712   15.0675
   -7.5000   30.0000  -37.5000 2180.2825   16.7094
    0.0000   30.0000  -37.5000 2203.6013   16.3742
    7.5000   30.0000  -37.5000 2204.4146   16.3600
   -7.5000   37.5000  -37.5000 2065.6150   18.4712
    0.0000   37.5000  -37.5000 2090.0803   18.0937
    7.5000   37.5000  -37.5000 2091.9336   18.0600
   -7.5000   45.0000  -37.5000 1940.3628   20.7896
    0.0000   45.0000  -37.5000 1963.5574   20.3695
    7.5000   45.0000  -37.5000 1964.2238   20.3330
   -7.5000  -45.0000  -30.0000 2364.9155   15.5829
    0.0000  -45.0000  -30.0000 2388.5776   15.4448
    7.5000  -45.0000  -30.0000 2387.0110   15.4717
   -7.5000  -37.5000  -30.0000 2463.2173   14.3329
    0.0000  -37.5000  -30.0000 2479.5637   14.1868
    7.5000  -37.5000  -30.0000 2481.7883   14.2177
   -7.5000  -30.0000  -30.0000 2534.1094   13.4083
    0.0000  -30.0000  -30.0000 2550.5635   13.2513
    7.5000  -30.0000  -30.0000 2551.4473   13.2804
   -7.5000  -22.5000  -30.0000 2590.4290   12.7708
    0.0000  -22.5000  -30.0000 2607.7410   12.6007
    7.5000  -22.5000  -30.0000 2604.6240   12.6303
   -7.5000  -15.0000  -30.0000 2622.9819   12.3897
    0.0000  -15.0000  -30.0000 2642.3052   12.2379
    7.5000  -15.0000  -30.0000 2643.1028   12.2541
   -7.5000   -7.5000  -30.0000 2630.9958   12.2867
    0.0000   -7.5000  -30.0000 2653.0520   12.1434
    7.5000   -7.5000  -30.0000 2654.1335   12.1655
   -7.5000    0.0000  -30.0000 2616.5432   12.5274
    0.0000    0.0000  -30.0000 2640.9734   12.2987
    7.5000    0.0000  -30.0000 2644.7129   12.3179
   -7.5000    7.5000  -30.0000 2571.8689   12.9993
    0.0000    7.5000  -30.0000 2601.7280   12.7434
    7.5000    7.5000  -30.0000 2608.0300   12.7104
   -7.5000   15.0000  -30.0000 2509.2842   13.6978
    0.0000   15.0000  -30.0000 2538.7651   13.4103
    7.5000   15.0000  -30.0000 2543.8108   13.3693
   -7.5000   22.5000  -30.0000 2422.8035   14.6554
    0.0000   22.5000  -30.0000 2449.4919   14.3406
    7.5000   22.5000  -30.0000 2454.0312   14.3423
   -7.5000   30.0000  -30.0000 2316.0757   15.9209
    0.0000   30.0000  -30.0000 2343.7732   15.5897
    7.5000   30.0000  -30.0000 2345.9597   15.5825
   -7.5000   37.5000  -30.0000 2191.0476   17.6090
    0.0000   37.5000  -30.0000 2216.6287   17.2335
    7.5000   37.5000  -30.0000 2219.5684   17.2187
   -7.5000   45.0000  -30.0000 2053.0662   19.7998
    0.0000   45.0000  -30.0000 2079.1941   19.4333
    7.5000   45.0000  -30.0000 2079.0417   19.4156
   -7.5000  -45.0000  -22.5000 2450.6736   14.8756
    0.0000  -45.0000  -22.5000 2475.0908   14.7024
    7.5000  -45.0000  -22.5000 2476.3347   14.6846
   -7.5000  -37.5000  -22.5000 2552.2405   13.6425
    0.0000  -37.5000  -22.5000 2575.3274   13.4861
    7.5000  -37.5000  -22.5000 2577.1052   13.4922
   -7.5000  -30.0000  -22.5000 2632.2935   12.7418
    0.0000  -30.0000  -22.5000 2653.9863   12.5908
    7.5000  -30.0000  -22.5000 2657.1475   12.6006
   -7.5000  -22.5000  -22.5000 2698.1262   12.0865
    0.0000  -22.5000  -22.5000 2719.6709   11.9244
    7.5000  -22.5000  -22.5000 2717.1653   11.9534
   -7.5000  -15.0000  -22.5000 2737.8862   11.6818
    0.0000  -15.0000  -22.5000 2763.4507   11.5287
    7.5000  -15.0000  -22.5000 2761.4604   11.5561
   -7.5000   -7.5000  -22.5000 2755.9375   11.5854
    0.0000   -7.5000  -22.5000 2782.9316   11.4197
    7.5000   -7.5000  -22.5000 2783.1243   11.4334
   -7.5000    0.0000  -22.5000 2747.6516   11.7992
    0.0000    0.0000  -22.5000 2778.1409   11.5774
    7.5000    0.0000  -22.5000 2776.8281   11.5829
   -7.5000    7.5000  -22.5000 2704.4724   12.2595
    0.0000    7.5000  -22.5000 2737.1956   12.0061
    7.5000    7.5000  -22.5000 2738.1768   11.9709
   -7.5000   15.0000  -22.5000 2633.4382   12.9265
    0.0000   15.0000  -22.5000 2663.3235   12.6630
    7.5000   15.0000  -22.5000 2666.3245   12.6450
   -7.5000   22.5000  -22.5000 2533.8687   13.8447
    0.0000   22.5000  -22.5000 2565.6321   13.5681
    7.5000   22.5000  -22.5000 2570.7861   13.5637
   -7.5000   30.0000  -22.5000 2417.3894   15.1036
    0.0000   30.0000  -22.5000 2449.0457   14.7882
    7.5000   30.0000  -22.5000 2453.2800   14.7932
   -7.5000   37.5000  -22.5000 2287.1787   16.7433
    0.0000   37.5000  -22.5000 2312.6570   16.3662
    7.5000   37.5000  -22.5000 2314.6433   16.3945
   -7.5000   45.0000  -22.5000 2138.8623   18.8521
    0.0000   45.0000  -22.5000 2162.5742   18.4544
    7.5000   45.0000  -22.5000 2162.7207   18.4805
   -7.5000  -45.0000  -15.0000 2503.7161   14.2201
    0.0000  -45.0000  -15.0000 2526.7339   14.0452
    7.5000  -45.0000  -15.0000 2532.1147   14.0069
   -7.5000  -37.5000  -15.0000 2612.7788   12.9966
    0.0000  -37.5000  -15.0000 2637.3943   12.8298
    7.5000  -37.5000  -15.0000 2642.8770   12.8209
   -7.5000  -30.0000  -15.0000 2700.4258   12.1090
    0.0000  -30.0000  -15.0000 2725.5076   11.9326
    7.5000  -30.0000  -15.0000 2731.3540   11.9400
   -7.5000  -22.5000  -15.0000 2775.1599   11.4417
    0.0000  -22.5000  -15.0000 2799.2837   11.2825
    7.5000  -22.5000  -15.0000 2800.1238   11.2958
   -7.5000  -15.0000  -15.0000 2824.7642   11.0238
    0.0000  -15.0000  -15.0000 2852.0540   10.8499
    7.5000  -15.0000  -15.0000 2852.5964   10.8600
   -7.5000   -7.5000  -15.0000 2850.4097   10.9352
    0.0000   -7.5000  -15.0000 2882.2444   10.7223
    7.5000   -7.5000  -15.0000 2877.2976   10.7361
   -7.5000    0.0000  -15.0000 2844.6226   11.1282
    0.0000    0.0000  -15.0000 2878.5735   10.8686
    7.5000    0.0000  -15.0000 2874.5835   10.8608
   -7.5000    7.5000  -15.0000 2799.9102   11.5396
    0.0000    7.5000  -15.0000 2833.2136   11.3094
    7.5000    7.5000  -15.0000 2828.8943   11.2810
   -7.5000   15.0000  -15.0000 2721.8772   12.2022
    0.0000   15.0000  -15.0000 2750.5537   11.9571
    7.5000   15.0000  -15.0000 2750.4531   11.9493
   -7.5000   22.5000  -15.0000 2618.2107   13.1366
    0.0000   22.5000  -15.0000 2650.4434   12.8647
    7.5000   22.5000  -15.0000 2651.6851   12.8731
   -7.5000   30.0000  -15.0000 2493.6965   14.3757
    0.0000   30.0000  -15.0000 2525.3794   14.0734
    7.5000   30.0000  -15.0000 2526.7051   14.1051
   -7.5000   37.5000  -15.0000 2350.9951   15.9810
    0.0000   37.5000  -15.0000 2377.9219   15.6217
    7.5000   37.5000  -15.0000 2378.3843   15.6603
   -7.5000   45.0000  -15.0000 2195.9221   17.9915
    0.0000   45.0000  -15.0000 2219.4460   17.6174
    7.5000   45.0000  -15.0000 2218.2739   17.6299
   -7.5000  -45.0000   -7.5000 2540.1829   13.6755
    0.0000  -45.0000   -7.5000 2562.9976   13.4672
    7.5000  -45.0000   -7.5000 2565.7407   13.4605
   -7.5000  -37.5000   -7.5000 2653.6169   12.4880
    0.0000  -37.5000   -7.5000 2678.7446   12.2915
    7.5000  -37.5000   -7.5000 2683.3105   12.2727
   -7.5000  -30.0000   -7.5000 2753.9014   11.5828
    0.0000  -30.0000   -7.5000 2779.0461   11.4012
    7.5000  -30.0000   -7.5000 2781.1912   11.3911
   -7.5000  -22.5000   -7.5000 2835.9653   10.8908
    0.0000  -22.5000   -7.5000 2861.2249   10.7326
    7.5000  -22.5000   -7.5000 2860.4524   10.7338
   -7.5000  -15.0000   -7.5000 2892.8103   10.4555
    0.0000  -15.0000   -7.5000 2923.7527   10.2505
    7.5000  -15.0000   -7.5000 2921.1016   10.2608
   -7.5000   -7.5000   -7.5000 2923.4009   10.3536
    0.0000   -7.5000   -7.5000 2958.9033   10.0998
    7.5000   -7.5000   -7.5000 2948.3269   10.1019
   -7.5000    0.0000   -7.5000 2914.2432   10.5014
    0.0000    0.0000   -7.5000 2947.7117   10.2374
    7.5000    0.0000   -7.5000 2945.3738   10.2219
   -7.5000    7.5000   -7.5000 2865.6699   10.9414
    0.0000    7.5000   -7.5000 2897.4175   10.6708
    7.5000    7.5000   -7.5000 2895.2930   10.6694
   -7.5000   15.0000   -7.5000 2789.3911   11.6266
    0.0000   15.0000   -7.5000 2815.7546   11.3322
    7.5000   15.0000   -7.5000 2813.7139   11.3619
   -7.5000   22.5000   -7.5000 2679.7148   12.5822
    0.0000   22.5000   -7.5000 2708.4888   12.2775
    7.5000   22.5000   -7.5000 2706.6292   12.3147
   -7.5000   30.0000   -7.5000 2549.3894   13.8194
    0.0000   30.0000   -7.5000 2579.1663   13.4776
    7.5000   30.0000   -7.5000 2578.4575   13.5280
   -7.5000   37.5000   -7.5000 2398.8955   15.3641
    0.0000   37.5000   -7.5000 2426.1257   15.0080
    7.5000   37.5000   -7.5000 2424.0215   15.0537
   -7.5000   45.0000   -7.5000 2235.3074   17.3435
    0.0000   45.0000   -7.5000 2257.6799   16.9363
    7.5000   45.0000   -7.5000 2257.2166   16.9837
   -7.5000  -45.0000    0.0000 2567.1003   13.2900
    0.0000  -45.0000    0.0000 2586.0613   13.0913
    7.5000  -45.0000    0.0000 2587.4797   13.1049
   -7.5000  -37.5000    0.0000 2680.4749   12.1034
    0.0000  -37.5000    0.0000 2705.7532   11.9275
    7.5000  -37.5000    0.0000 2704.7217   11.9262
   -7.5000  -30.0000    0.0000 2786.9487   11.2199
    0.0000  -30.0000    0.0000 2809.6147   11.0583
    7.5000  -30.0000    0.0000 2808.0984   11.0384
   -7.5000  -22.5000    0.0000 2878.5430   10.5579
    0.0000  -22.5000    0.0000 2904.8818   10.4013
    7.5000  -22.5000    0.0000 2904.4097   10.3954
   -7.5000  -15.0000    0.0000 2945.1511   10.1111
    0.0000  -15.0000    0.0000 2979.9204    9.9105
    7.5000  -15.0000    0.0000 2972.8501    9.8952
   -7.5000   -7.5000    0.0000 2973.1958    9.9465
    0.0000   -7.5000    0.0000 3012.7126    9.6776
    7.5000   -7.5000    0.0000 2999.4170    9.6889
   -7.5000    0.0000    0.0000 2959.3733   10.0902
    0.0000    0.0000    0.0000 2992.0564    9.8054
    7.5000    0.0000    0.0000 2987.6599    9.8336
   -7.5000    7.5000    0.0000 2909.5005   10.5423
    0.0000    7.5000    0.0000 2941.0020   10.2436
    7.5000    7.5000    0.0000 2938.3618   10.2705
   -7.5000   15.0000    0.0000 2825.2300   11.2598
    0.0000   15.0000    0.0000 2856.5752   10.9783
    7.5000   15.0000    0.0000 2853.1768   10.9914
   -7.5000   22.5000    0.0000 2718.9724   12.2226
    0.0000   22.5000    0.0000 2743.8152   11.9459
    7.5000   22.5000    0.0000 2741.0281   11.9452
   -7.5000   30.0000    0.0000 2583.4751   13.4327
    0.0000   30.0000    0.0000 2607.9802   13.1492
    7.5000   30.0000    0.0000 2607.8279   13.1543
   -7.5000   37.5000    0.0000 2431.8032   14.9761
    0.0000   37.5000    0.0000 2452.7808   14.6337
    7.5000   37.5000    0.0000 2451.1770   14.6689
   -7.5000   45.0000    0.0000 2259.5010   16.9383
    0.0000   45.0000    0.0000 2281.6326   16.5205
    7.5000   45.0000    0.0000 2282.0007   16.5550
   -7.5000  -45.0000    7.5000 2580.8613   13.1133
    0.0000  -45.0000    7.5000 2596.5972   12.8884
    7.5000  -45.0000    7.5000 2597.2388   12.9736
   -7.5000  -37.5000    7.5000 2699.5046   11.9075
    0.0000  -37.5000    7.5000 2719.6165   11.7212
    7.5000  -37.5000    7.5000 2719.3381   11.7759
   -7.5000  -30.0000    7.5000 2813.2578   11.0197
    0.0000  -30.0000    7.5000 2831.2629   10.8518
    7.5000  -30.0000    7.5000 2830.4414   10.8873
   -7.5000  -22.5000    7.5000 2906.8269   10.3974
    0.0000  -22.5000    7.5000 2931.9692   10.2908
    7.5000  -22.5000    7.5000 2925.7456   10.2785
   -7.5000  -15.0000    7.5000 2968.7075    9.9726
    0.0000  -15.0000    7.5000 3011.1182    9.8564
    7.5000  -15.0000    7.5000 2996.2327    9.8400
   -7.5000   -7.5000    7.5000 2991.9841    9.7821
    0.0000   -7.5000    7.5000 3031.9238    9.5656
    7.5000   -7.5000    7.5000 3020.5093    9.6074
   -7.5000    0.0000    7.5000 2977.9224    9.9083
    0.0000    0.0000    7.5000 3012.1455    9.6364
    7.5000    0.0000    7.5000 3006.4604    9.6839
   -7.5000    7.5000    7.5000 2927.3843   10.3606
    0.0000    7.5000    7.5000 2959.5979   10.0900
    7.5000    7.5000    7.5000 2954.7615   10.0951
   -7.5000   15.0000    7.5000 2844.2573   11.1062
    0.0000   15.0000    7.5000 2871.2646   10.8407
    7.5000   15.0000    7.5000 2867.5232   10.8211
   -7.5000   22.5000    7.5000 2732.1292   12.0736
    0.0000   22.5000    7.5000 2758.1570   11.8077
    7.5000   22.5000    7.5000 2753.1570   11.7851
   -7.5000   30.0000    7.5000 2594.6750   13.2888
    0.0000   30.0000    7.5000 2618.7429   13.0036
    7.5000   30.0000    7.5000 2615.6370   13.0322
   -7.5000   37.5000    7.5000 2443.1643   14.8290
    0.0000   37.5000    7.5000 2465.2964   14.4971
    7.5000   37.5000    7.5000 2461.0942   14.5488
   -7.5000   45.0000    7.5000 2268.2849   16.7368
    0.0000   45.0000    7.5000 2291.6248   16.3777
    7.5000   45.0000    7.5000 2293.7393   16.4060
   -7.5000  -45.0000   15.0000 2583.1594   13.2013
    0.0000  -45.0000   15.0000 2596.5710   12.9627
    7.5000  -45.0000   15.0000 2594.5708   13.0921
   -7.5000  -37.5000   15.0000 2706.1287   12.0107
    0.0000  -37.5000   15.0000 2720.1335   11.7999
    7.5000  -37.5000   15.0000 2715.7915   11.9145
   -7.5000  -30.0000   15.0000 2816.9338   11.1102
    0.0000  -30.0000   15.0000 2831.2539   10.9361
    7.5000  -30.0000   15.0000 2825.3054   11.0194
   -7.5000  -22.5000   15.0000 2901.9080   10.4284
    0.0000  -22.5000   15.0000 2928.2412   10.3385
    7.5000  -22.5000   15.0000 2916.6921   10.3605
   -7.5000  -15.0000   15.0000 2958.5798    9.9742
    0.0000  -15.0000   15.0000 2984.5415    9.8069
    7.5000  -15.0000   15.0000 2973.2905    9.8996
   -7.5000   -7.5000   15.0000 2977.7539    9.8616
    0.0000   -7.5000   15.0000 3000.7505    9.6260
    7.5000   -7.5000   15.0000 2996.5623    9.7249
   -7.5000    0.0000   15.0000 2968.1965   10.0147
    0.0000    0.0000   15.0000 2996.3589    9.7998
    7.5000    0.0000   15.0000 2989.8237    9.8306
   -7.5000    7.5000   15.0000 2916.7275   10.4859
    0.0000    7.5000   15.0000 2943.3579   10.2567
    7.5000    7.5000   15.0000 2936.0737   10.2619
   -7.5000   15.0000   15.0000 2832.1694   11.2074
    0.0000   15.0000   15.0000 2855.7036   10.9697
    7.5000   15.0000   15.0000 2847.7827   10.9536
   -7.5000   22.5000   15.0000 2719.4370   12.1668
    0.0000   22.5000   15.0000 2744.3638   11.8966
    7.5000   22.5000   15.0000 2738.4663   11.8768
   -7.5000   30.0000   15.0000 2587.3660   13.3465
    0.0000   30.0000   15.0000 2611.9614   13.0793
    7.5000   30.0000   15.0000 2604.4390   13.0758
   -7.5000   37.5000   15.0000 2434.0859   14.8235
    0.0000   37.5000   15.0000 2455.1199   14.5319
    7.5000   37.5000   15.0000 2451.3921   14.5519
   -7.5000   45.0000   15.0000 2254.8098   16.7089
    0.0000   45.0000   15.0000 2276.1387   16.3739
    7.5000   45.0000   15.0000 2277.6506   16.4217
   -7.5000  -45.0000   22.5000 2574.4949   13.4550
    0.0000  -45.0000   22.5000 2584.0093   13.2545
    7.5000  -45.0000   22.5000 2578.4204   13.3982
   -7.5000  -37.5000   22.5000 2695.9380   12.2875
    0.0000  -37.5000   22.5000 2705.6792   12.0808
    7.5000  -37.5000   22.5000 2697.6377   12.2185
   -7.5000  -30.0000   22.5000 2800.8943   11.3815
    0.0000  -30.0000   22.5000 2819.6555   11.1999
    7.5000  -30.0000   22.5000 2806.9143   11.3195
   -7.5000  -22.5000   22.5000 2880.6082   10.7005
    0.0000  -22.5000   22.5000 2907.1440   10.5344
    7.5000  -22.5000   22.5000 2893.3057   10.6320
   -7.5000  -15.0000   22.5000 2933.3779   10.2732
    0.0000  -15.0000   22.5000 2953.3093   10.0171
    7.5000  -15.0000   22.5000 2938.9573   10.1627
   -7.5000   -7.5000   22.5000 2946.9207   10.1465
    0.0000   -7.5000   22.5000 2969.4309    9.9312
    7.5000   -7.5000   22.5000 2957.8940    9.9850
   -7.5000    0.0000   22.5000 2932.9089   10.3304
    0.0000    0.0000   22.5000 2956.9058   10.1362
    7.5000    0.0000   22.5000 2945.8528   10.1530
   -7.5000    7.5000   22.5000 2881.4170   10.7906
    0.0000    7.5000   22.5000 2897.9856   10.6065
    7.5000    7.5000   22.5000 2891.8333   10.6046
   -7.5000   15.0000   22.5000 2794.7842   11.4770
    0.0000   15.0000   22.5000 2811.9299   11.2965
    7.5000   15.0000   22.5000 2808.3789   11.2928
   -7.5000   22.5000   22.5000 2687.5996   12.3873
    0.0000   22.5000   22.5000 2705.3054   12.1763
    7.5000   22.5000   22.5000 2699.1072   12.1905
   -7.5000   30.0000   22.5000 2556.1484   13.5604
    0.0000   30.0000   22.5000 2578.8552   13.3102
    7.5000   30.0000   22.5000 2569.1299   13.3396
   -7.5000   37.5000   22.5000 2403.9172   15.0472
    0.0000   37.5000   22.5000 2418.6951   14.7668
    7.5000   37.5000   22.5000 2419.1650   14.8152
   -7.5000   45.0000   22.5000 2230.9485   16.9713
    0.0000   45.0000   22.5000 2250.6819   16.6149
    7.5000   45.0000   22.5000 2246.8247   16.6666
   -7.5000  -45.0000   30.0000 2546.1487   13.8975
    0.0000  -45.0000   30.0000 2561.7869   13.6734
    7.5000  -45.0000   30.0000 2549.0437   13.8322
   -7.5000  -37.5000   30.0000 2666.7615   12.7245
    0.0000  -37.5000   30.0000 2682.0161   12.5219
    7.5000  -37.5000   30.0000 2666.5405   12.6659
   -7.5000  -30.0000   30.0000 2770.1902   11.8114
    0.0000  -30.0000   30.0000 2786.6414   11.6036
    7.5000  -30.0000   30.0000 2772.7502   11.7650
   -7.5000  -22.5000   30.0000 2850.2109   11.1208
    0.0000  -22.5000   30.0000 2865.2585   10.8774
    7.5000  -22.5000   30.0000 2854.2253   11.0497
   -7.5000  -15.0000   30.0000 2892.2349   10.6970
    0.0000  -15.0000   30.0000 2907.1868   10.4451
    7.5000  -15.0000   30.0000 2896.0571   10.5924
   -7.5000   -7.5000   30.0000 2899.7844   10.6001
    0.0000   -7.5000   30.0000 2920.8494   10.3898
    7.5000   -7.5000   30.0000 2910.7727   10.4541
   -7.5000    0.0000   30.0000 2877.2429   10.7744
    0.0000    0.0000   30.0000 2895.6689   10.5910
    7.5000    0.0000   30.0000 2884.0015   10.6327
   -7.5000    7.5000   30.0000 2825.6233   11.2586
    0.0000    7.5000   30.0000 2840.0806   11.0733
    7.5000    7.5000   30.0000 2832.2278   11.0779
   -7.5000   15.0000   30.0000 2738.2961   11.9444
    0.0000   15.0000   30.0000 2756.0417   11.7524
    7.5000   15.0000   30.0000 2748.0493   11.7516
   -7.5000   22.5000   30.0000 2631.2466   12.8317
    0.0000   22.5000   30.0000 2652.0588   12.6325
    7.5000   22.5000   30.0000 2644.4404   12.6603
   -7.5000   30.0000   30.0000 2500.1272   13.9769
    0.0000   30.0000   30.0000 2522.1116   13.7727
    7.5000   30.0000   30.0000 2518.3650   13.7972
   -7.5000   37.5000   30.0000 2351.6270   15.4487
    0.0000   37.5000   30.0000 2364.2832   15.2048
    7.5000   37.5000   30.0000 2365.9871   15.2607
   -7.5000   45.0000   30.0000 2193.9790   17.3770
    0.0000   45.0000   30.0000 2208.5608   17.0703
    7.5000   45.0000   30.0000 2200.4475   17.1739
   -7.5000  -45.0000   37.5000 2506.5840   14.4658
    0.0000  -45.0000   37.5000 2524.9600   14.2832
    7.5000  -45.0000   37.5000 2507.2847   14.4289
   -7.5000  -37.5000   37.5000 2622.7144   13.2648
    0.0000  -37.5000   37.5000 2639.7290   13.0737
    7.5000  -37.5000   37.5000 2621.7317   13.2522
   -7.5000  -30.0000   37.5000 2719.6025   12.3534
    0.0000  -30.0000   37.5000 2735.2439   12.1281
    7.5000  -30.0000   37.5000 2717.9785   12.3146
   -7.5000  -22.5000   37.5000 2793.1934   11.6759
    0.0000  -22.5000   37.5000 2808.1750   11.4283
    7.5000  -22.5000   37.5000 2794.3772   11.6101
   -7.5000  -15.0000   37.5000 2835.7832   11.2552
    0.0000  -15.0000   37.5000 2845.2559   11.0389
    7.5000  -15.0000   37.5000 2835.7812   11.1977
   -7.5000   -7.5000   37.5000 2839.6138   11.1691
    0.0000   -7.5000   37.5000 2851.5796   10.9864
    7.5000   -7.5000   37.5000 2840.3962   11.0917
   -7.5000    0.0000   37.5000 2803.6929   11.3537
    0.0000    0.0000   37.5000 2819.0513   11.1874
    7.5000    0.0000   37.5000 2809.7659   11.2623
   -7.5000    7.5000   37.5000 2749.7429   11.8285
    0.0000    7.5000   37.5000 2763.0803   11.6564
    7.5000    7.5000   37.5000 2754.6477   11.7009
   -7.5000   15.0000   37.5000 2664.1052   12.5183
    0.0000   15.0000   37.5000 2684.2471   12.3385
    7.5000   15.0000   37.5000 2671.7708   12.3692
   -7.5000   22.5000   37.5000 2561.1262   13.4151
    0.0000   22.5000   37.5000 2580.8394   13.2326
    7.5000   22.5000   37.5000 2572.1377   13.2792
   -7.5000   30.0000   37.5000 2432.3130   14.5763
    0.0000   30.0000   37.5000 2452.1775   14.3992
    7.5000   30.0000   37.5000 2443.5732   14.4452
   -7.5000   37.5000   37.5000 2288.3547   16.0782
    0.0000   37.5000   37.5000 2305.6541   15.8758
    7.5000   37.5000   37.5000 2296.4995   15.9374
   -7.5000   45.0000   37.5000 2145.3311   18.0033
    0.0000   45.0000   37.5000 2159.6162   17.7505
    7.5000   45.0000   37.5000 2153.8298   17.8318
   -7.5000  -45.0000   45.0000 2458.1692   15.1973
    0.0000  -45.0000   45.0000 2476.4333   15.0436
    7.5000  -45.0000   45.0000 2454.4473   15.1937
   -7.5000  -37.5000   45.0000 2563.8127   13.9674
    0.0000  -37.5000   45.0000 2582.8259   13.7796
    7.5000  -37.5000   45.0000 2560.8130   13.9653
   -7.5000  -30.0000   45.0000 2654.3362   13.0655
    0.0000  -30.0000   45.0000 2669.1167   12.8433
    7.5000  -30.0000   45.0000 2649.0767   13.0046
   -7.5000  -22.5000   45.0000 2718.1218   12.3860
    0.0000  -22.5000   45.0000 2731.4858   12.1709
    7.5000  -22.5000   45.0000 2714.9570   12.3419
   -7.5000  -15.0000   45.0000 2752.3271   11.9632
    0.0000  -15.0000   45.0000 2761.2495   11.7908
    7.5000  -15.0000   45.0000 2751.2449   11.9433
   -7.5000   -7.5000   45.0000 2757.8206   11.8621
    0.0000   -7.5000   45.0000 2768.2354   11.7078
    7.5000   -7.5000   45.0000 2757.9580   11.8232
   -7.5000    0.0000   45.0000 2722.9204   12.0248
    0.0000    0.0000   45.0000 2735.1057   11.8911
    7.5000    0.0000   45.0000 2729.0032   11.9942
   -7.5000    7.5000   45.0000 2664.8967   12.5019
    0.0000    7.5000   45.0000 2681.0566   12.3481
    7.5000    7.5000   45.0000 2671.3352   12.4165
   -7.5000   15.0000   45.0000 2581.9634   13.2158
    0.0000   15.0000   45.0000 2603.1216   13.0530
    7.5000   15.0000   45.0000 2591.0505   13.1018
   -7.5000   22.5000   45.0000 2478.8398   14.1268
    0.0000   22.5000   45.0000 2497.1885   13.9722
    7.5000   22.5000   45.0000 2487.5857   14.0111
   -7.5000   30.0000   45.0000 2354.4768   15.3285
    0.0000   30.0000   45.0000 2372.3132   15.1670
    7.5000   30.0000   45.0000 2361.7778   15.2227
   -7.5000   37.5000   45.0000 2225.1440   16.8751
    0.0000   37.5000   45.0000 2236.1528   16.6867
    7.5000   37.5000   45.0000 2229.7007   16.7631
   -7.5000   45.0000   45.0000 2086.2747   18.8687
    0.0000   45.0000   45.0000 2095.0427   18.6551
    7.5000   45.0000   45.0000 2095.2798   18.7392

---------------------------------------------------------------------
imgreg_4dfp /opt/freesurfer/average/711-2C_as_mni_average_305 /opt/freesurfer/average/711-2B_as_mni_average_305_mask talsrcimg_g11 none talsrcimg_to_711-2C_as_mni_average_305_t4 1283
---------------------------------------------------------------------

freesurfer imgreg_4dfp.c
/opt/freesurfer/average/711-2C_as_mni_average_305.4dfp.img
       256       256       256         1
  1.000000  1.000000  1.000000
orientation T byte_order littleendian
Reading image: /opt/freesurfer/average/711-2C_as_mni_average_305.4dfp.img
dimensions:      256       256       256
mmppix:       1.0000   -1.0000   -1.0000
center:     128.0000 -129.0000 -129.0000
/opt/freesurfer/average/711-2B_as_mni_average_305_mask.4dfp.img
       256       256       256         1
  1.000000  1.000000  1.000000
orientation T byte_order littleendian
Reading mask: /opt/freesurfer/average/711-2B_as_mni_average_305_mask.4dfp.img (2306576 pixels)
talsrcimg_g11.4dfp.img
       256       256       256         1
  1.000000  1.000000  1.000000
orientation T byte_order littleendian
Reading image: talsrcimg_g11.4dfp.img
dimensions:      256       256       256
mmppix:       1.0000   -1.0000   -1.0000
center:     128.0000 -129.0000 -129.0000
rotation matrix determinant  1.000000
fimgreg.f
image alignment mode   1283 decimal      503 hex
parameters
    0.0000   -7.5000    7.5000    0.0000    0.0000    0.0000
eta,q 0.95267  9.52216
niter,ni,del,rscale     5    3   12.0000    1.2000
parameter  4 -1.040385 -> -0.500000 qaram    1.1500
parameter  5 -1.481837 -> -0.500000 qaram    1.1500
parameters
    2.1927   -6.9408    6.7274    3.4500    3.4500   -1.8634
eta,q 0.95496  9.26057
  0.0606  0.0537  0.0541  0.0546  0.0568  0.0464
  0.0570  0.0522  0.0517  0.0533  0.0538  0.0454
  0.0524  0.0512  0.0503  0.0519  0.0508  0.0450
  0.0496  0.0504  0.0505  0.0503  0.0485  0.0452
  0.0504  0.0509  0.0515  0.0489  0.0465  0.0461
  0.0513  0.0517  0.0535  0.0485  0.0449  0.0478
  0.0517  0.0527  0.0564  0.0490  0.0443  0.0499
niter,ni,del,rscale     6    3   12.0000    1.2000
parameter  4 -0.618836 -> -0.500000 qaram    1.3225
parameter  5 -0.517831 -> -0.500000 qaram    1.3225
parameters
    0.4238   -9.7733    7.5064    7.4175    7.4175   -2.2761
eta,q 0.95911  9.31746
  0.0474  0.0445  0.0534  0.0492  0.0521  0.0433
  0.0443  0.0442  0.0488  0.0472  0.0474  0.0420
  0.0439  0.0438  0.0454  0.0455  0.0444  0.0411
  0.0450  0.0440  0.0440  0.0441  0.0427  0.0409
  0.0466  0.0462  0.0446  0.0432  0.0413  0.0413
  0.0494  0.0494  0.0464  0.0427  0.0410  0.0423
  0.0528  0.0527  0.0494  0.0437  0.0423  0.0443
niter,ni,del,rscale     7    3   12.0000    1.2000
parameters
   -1.0974  -11.5464    8.2900    6.9196    6.9291   -2.2816
eta,q 0.96050  9.40386
  0.0453  0.0422  0.0492  0.0446  0.0471  0.0429
  0.0409  0.0399  0.0450  0.0423  0.0430  0.0409
  0.0393  0.0395  0.0415  0.0400  0.0410  0.0397
  0.0409  0.0395  0.0395  0.0393  0.0393  0.0395
  0.0439  0.0412  0.0397  0.0401  0.0407  0.0400
  0.0472  0.0455  0.0417  0.0427  0.0444  0.0411
  0.0513  0.0501  0.0457  0.0468  0.0497  0.0427
niter,ni,del,rscale     6    3   12.0000    1.2000
parameters
   -0.9502  -11.2866    8.2606    6.8547    6.8785   -2.2711
eta,q 0.96041  9.39275
  0.0499  0.0467  0.0473  0.0452  0.0480  0.0429
  0.0440  0.0420  0.0434  0.0427  0.0435  0.0410
  0.0402  0.0397  0.0405  0.0404  0.0414  0.0397
  0.0395  0.0396  0.0396  0.0396  0.0396  0.0396
  0.0412  0.0395  0.0405  0.0399  0.0403  0.0401
  0.0441  0.0413  0.0433  0.0420  0.0437  0.0411
  0.0480  0.0454  0.0476  0.0461  0.0486  0.0427
niter,ni,del,rscale     5    3   12.0000    1.2000
parameters
   -0.9539  -11.2685    8.2490    6.8491    6.8779   -2.2711
eta,q 0.96041  9.39213
  0.0493  0.0461  0.0474  0.0453  0.0481  0.0429
  0.0436  0.0415  0.0434  0.0428  0.0435  0.0410
  0.0400  0.0396  0.0406  0.0404  0.0415  0.0397
  0.0396  0.0396  0.0396  0.0396  0.0396  0.0396
  0.0414  0.0396  0.0405  0.0399  0.0402  0.0401
  0.0444  0.0417  0.0433  0.0419  0.0436  0.0411
  0.0483  0.0459  0.0476  0.0460  0.0484  0.0427
registration optimization eta report
parameter search radius
    6.0000    6.0000    6.0000    7.9350    7.9350    6.0000
100000*second partial in parameter space
       25.       19.       22.       10.       13.        9.
  0.0493  0.0461  0.0474  0.0453  0.0481  0.0429
  0.0436  0.0415  0.0434  0.0428  0.0435  0.0410
  0.0400  0.0396  0.0406  0.0404  0.0415  0.0397
  0.0396  0.0396  0.0396  0.0396  0.0396  0.0396
  0.0414  0.0396  0.0405  0.0399  0.0402  0.0401
  0.0444  0.0417  0.0433  0.0419  0.0436  0.0411
  0.0483  0.0459  0.0476  0.0460  0.0484  0.0427
   -0.9539  -11.2685    8.2490    6.8491    6.8779   -2.2711
eta,q 0.96041  9.39213

---------------------------------------------------------------------
imgreg_4dfp /opt/freesurfer/average/711-2C_as_mni_average_305 /opt/freesurfer/average/711-2B_as_mni_average_305_mask talsrcimg_g11 none talsrcimg_to_711-2C_as_mni_average_305_t4 3335
---------------------------------------------------------------------

freesurfer imgreg_4dfp.c
/opt/freesurfer/average/711-2C_as_mni_average_305.4dfp.img
       256       256       256         1
  1.000000  1.000000  1.000000
orientation T byte_order littleendian
Reading image: /opt/freesurfer/average/711-2C_as_mni_average_305.4dfp.img
dimensions:      256       256       256
mmppix:       1.0000   -1.0000   -1.0000
center:     128.0000 -129.0000 -129.0000
/opt/freesurfer/average/711-2B_as_mni_average_305_mask.4dfp.img
       256       256       256         1
  1.000000  1.000000  1.000000
orientation T byte_order littleendian
Reading mask: /opt/freesurfer/average/711-2B_as_mni_average_305_mask.4dfp.img (2306576 pixels)
talsrcimg_g11.4dfp.img
       256       256       256         1
  1.000000  1.000000  1.000000
orientation T byte_order littleendian
Reading image: talsrcimg_g11.4dfp.img
dimensions:      256       256       256
mmppix:       1.0000   -1.0000   -1.0000
center:     128.0000 -129.0000 -129.0000
fimgreg.f
image alignment mode   3335 decimal      D07 hex
parameters
   -0.9539  -11.2685    8.2490   -0.7976   -0.7350   -1.4281
    2.5076  -12.3531   -3.9343  -11.4449   11.9754   11.8396
eta,q 0.96309  9.46117
niter,ni,del,rscale     5    3    5.0000    1.2000
parameter  4  1.178954 ->  0.500000 qaram    1.1500
parameter  5  2.314311 ->  0.500000 qaram    1.1500
parameter 12  0.597731 ->  0.500000 qaram    1.1500
parameters
   -0.5116  -12.2963    8.0934   -4.9376   -4.8750   -2.7517
    4.5011  -12.8904   -3.4897  -11.5512   13.3572    7.6996
eta,q 0.97051  9.36666
  0.0395  0.0371  0.0382  0.0339  0.0279  0.0327  0.0334  0.0339  0.0316  0.0323  0.0319  0.0297
  0.0382  0.0366  0.0373  0.0337  0.0295  0.0317  0.0320  0.0318  0.0308  0.0310  0.0311  0.0295
  0.0374  0.0366  0.0367  0.0346  0.0315  0.0307  0.0309  0.0304  0.0303  0.0303  0.0304  0.0296
  0.0369  0.0368  0.0366  0.0365  0.0338  0.0300  0.0302  0.0301  0.0300  0.0300  0.0300  0.0299
  0.0369  0.0374  0.0369  0.0387  0.0365  0.0309  0.0301  0.0309  0.0301  0.0303  0.0299  0.0306
  0.0373  0.0382  0.0376  0.0409  0.0396  0.0333  0.0304  0.0328  0.0305  0.0311  0.0302  0.0315
  0.0381  0.0393  0.0388  0.0433  0.0429  0.0368  0.0312  0.0351  0.0313  0.0325  0.0310  0.0327
niter,ni,del,rscale     7    3    5.0000    1.2000
parameter  5  0.923334 ->  0.500000 qaram    1.3225
parameters
   -0.5234  -12.3113    8.5088   -6.3086   -9.6360   -1.3350
    4.3730  -13.3739   -4.1127   -9.3317   13.8311    8.4242
eta,q 0.97364  9.29521
  0.0326  0.0313  0.0318  0.0325  0.0271  0.0308  0.0292  0.0305  0.0282  0.0307  0.0280  0.0283
  0.0309  0.0302  0.0307  0.0311  0.0271  0.0296  0.0278  0.0284  0.0273  0.0288  0.0272  0.0274
  0.0299  0.0297  0.0299  0.0299  0.0279  0.0285  0.0269  0.0270  0.0268  0.0275  0.0267  0.0267
  0.0295  0.0295  0.0295  0.0294  0.0295  0.0272  0.0267  0.0267  0.0267  0.0267  0.0264  0.0264
  0.0299  0.0297  0.0295  0.0306  0.0316  0.0266  0.0271  0.0275  0.0270  0.0264  0.0265  0.0264
  0.0310  0.0303  0.0299  0.0329  0.0342  0.0273  0.0279  0.0292  0.0277  0.0267  0.0269  0.0269
  0.0326  0.0313  0.0306  0.0353  0.0376  0.0294  0.0293  0.0316  0.0287  0.0276  0.0277  0.0278
niter,ni,del,rscale     7    3    5.0000    1.2000
parameters
   -0.6016  -12.5259    8.8842   -6.0197  -12.4970   -1.1906
    4.5882  -13.5575   -4.3875   -9.3820   14.0769    9.4889
eta,q 0.97426  9.23959
  0.0293  0.0281  0.0288  0.0311  0.0282  0.0296  0.0286  0.0301  0.0275  0.0284  0.0273  0.0278
  0.0277  0.0270  0.0276  0.0294  0.0267  0.0282  0.0272  0.0278  0.0265  0.0269  0.0266  0.0269
  0.0267  0.0264  0.0267  0.0276  0.0259  0.0269  0.0262  0.0263  0.0260  0.0260  0.0260  0.0262
  0.0264  0.0264  0.0263  0.0263  0.0262  0.0258  0.0258  0.0258  0.0258  0.0258  0.0258  0.0258
  0.0268  0.0268  0.0264  0.0265  0.0279  0.0258  0.0261  0.0265  0.0261  0.0261  0.0259  0.0258
  0.0280  0.0276  0.0268  0.0285  0.0306  0.0272  0.0269  0.0282  0.0267  0.0270  0.0263  0.0262
  0.0297  0.0287  0.0276  0.0311  0.0338  0.0302  0.0283  0.0305  0.0277  0.0284  0.0272  0.0271
niter,ni,del,rscale     6    3    5.0000    1.2000
parameters
   -0.6369  -12.4713    9.0570   -5.4495  -13.2752   -1.3660
    4.5992  -13.6413   -4.5600   -9.4791   14.1228    9.7490
eta,q 0.97433  9.21765
  0.0288  0.0278  0.0279  0.0310  0.0293  0.0293  0.0284  0.0302  0.0274  0.0282  0.0272  0.0275
  0.0271  0.0266  0.0267  0.0291  0.0276  0.0279  0.0269  0.0278  0.0264  0.0267  0.0264  0.0266
  0.0261  0.0259  0.0260  0.0272  0.0262  0.0266  0.0260  0.0262  0.0258  0.0259  0.0259  0.0259
  0.0257  0.0257  0.0257  0.0257  0.0256  0.0256  0.0257  0.0257  0.0257  0.0257  0.0257  0.0257
  0.0261  0.0260  0.0259  0.0259  0.0263  0.0258  0.0260  0.0264  0.0259  0.0261  0.0258  0.0258
  0.0273  0.0266  0.0264  0.0278  0.0283  0.0273  0.0269  0.0280  0.0266  0.0269  0.0263  0.0264
  0.0290  0.0276  0.0273  0.0302  0.0312  0.0305  0.0284  0.0303  0.0275  0.0282  0.0272  0.0273
niter,ni,del,rscale     5    3    5.0000    1.2000
parameters
   -0.6235  -12.4843    9.1003   -5.1798  -13.4894   -1.4590
    4.6148  -13.6548   -4.6062   -9.5208   14.1069    9.8373
eta,q 0.97433  9.21221
  0.0290  0.0276  0.0276  0.0308  0.0297  0.0293  0.0284  0.0303  0.0274  0.0282  0.0272  0.0274
  0.0272  0.0265  0.0265  0.0288  0.0280  0.0279  0.0269  0.0279  0.0264  0.0268  0.0264  0.0265
  0.0261  0.0259  0.0259  0.0269  0.0265  0.0266  0.0260  0.0263  0.0258  0.0259  0.0259  0.0259
  0.0257  0.0257  0.0257  0.0257  0.0256  0.0256  0.0257  0.0257  0.0257  0.0257  0.0257  0.0257
  0.0260  0.0259  0.0259  0.0261  0.0260  0.0257  0.0260  0.0263  0.0259  0.0260  0.0258  0.0258
  0.0272  0.0266  0.0265  0.0282  0.0278  0.0272  0.0269  0.0280  0.0265  0.0269  0.0264  0.0264
  0.0289  0.0276  0.0274  0.0305  0.0305  0.0304  0.0284  0.0303  0.0274  0.0282  0.0273  0.0274
niter,ni,del,rscale     4    3    5.0000    1.2000
parameters
   -0.6178  -12.4957    9.1081   -5.0704  -13.5421   -1.5011
    4.6202  -13.6509   -4.6162   -9.5417   14.0869    9.8812
eta,q 0.97434  9.21095
  0.0290  0.0275  0.0275  0.0306  0.0298  0.0293  0.0284  0.0303  0.0274  0.0282  0.0272  0.0274
  0.0272  0.0265  0.0265  0.0287  0.0281  0.0279  0.0269  0.0279  0.0265  0.0268  0.0264  0.0265
  0.0261  0.0258  0.0258  0.0268  0.0265  0.0266  0.0260  0.0263  0.0259  0.0259  0.0259  0.0259
  0.0257  0.0257  0.0257  0.0257  0.0256  0.0257  0.0257  0.0257  0.0257  0.0257  0.0257  0.0257
  0.0260  0.0259  0.0259  0.0263  0.0260  0.0257  0.0260  0.0263  0.0259  0.0260  0.0258  0.0258
  0.0272  0.0265  0.0265  0.0284  0.0277  0.0271  0.0269  0.0280  0.0265  0.0269  0.0264  0.0264
  0.0290  0.0275  0.0274  0.0307  0.0304  0.0303  0.0284  0.0303  0.0274  0.0282  0.0273  0.0274
niter,ni,del,rscale     3    3    5.0000    1.2000
parameters
   -0.6144  -12.5045    9.1111   -5.0321  -13.5575   -1.5112
    4.6185  -13.6440   -4.6109   -9.5566   14.0763    9.8968
eta,q 0.97434  9.21073
  0.0290  0.0276  0.0275  0.0306  0.0298  0.0293  0.0284  0.0303  0.0274  0.0282  0.0272  0.0274
  0.0272  0.0265  0.0265  0.0287  0.0281  0.0279  0.0269  0.0279  0.0265  0.0268  0.0264  0.0265
  0.0261  0.0259  0.0258  0.0268  0.0266  0.0266  0.0260  0.0263  0.0259  0.0259  0.0259  0.0259
  0.0257  0.0257  0.0257  0.0257  0.0257  0.0257  0.0257  0.0257  0.0257  0.0257  0.0257  0.0257
  0.0261  0.0259  0.0259  0.0263  0.0260  0.0257  0.0260  0.0263  0.0259  0.0260  0.0258  0.0258
  0.0272  0.0265  0.0265  0.0284  0.0276  0.0271  0.0269  0.0280  0.0265  0.0268  0.0264  0.0264
  0.0290  0.0275  0.0274  0.0308  0.0303  0.0302  0.0284  0.0303  0.0274  0.0281  0.0273  0.0274
registration optimization eta report
parameter search radius
    2.4000    2.4000    2.4000    8.2800    9.5220    7.2000
    7.2000    7.2000    7.2000    7.2000    7.2000    8.2800
100000*second partial in parameter space
       57.       33.       31.        7.        5.        8.
        5.        9.        3.        5.        3.        2.
  0.0290  0.0276  0.0275  0.0306  0.0298  0.0293  0.0284  0.0303  0.0274  0.0282  0.0272  0.0274
  0.0272  0.0265  0.0265  0.0287  0.0281  0.0279  0.0269  0.0279  0.0265  0.0268  0.0264  0.0265
  0.0261  0.0259  0.0258  0.0268  0.0266  0.0266  0.0260  0.0263  0.0259  0.0259  0.0259  0.0259
  0.0257  0.0257  0.0257  0.0257  0.0257  0.0257  0.0257  0.0257  0.0257  0.0257  0.0257  0.0257
  0.0261  0.0259  0.0259  0.0263  0.0260  0.0257  0.0260  0.0263  0.0259  0.0260  0.0258  0.0258
  0.0272  0.0265  0.0265  0.0284  0.0276  0.0271  0.0269  0.0280  0.0265  0.0268  0.0264  0.0264
  0.0290  0.0275  0.0274  0.0308  0.0303  0.0302  0.0284  0.0303  0.0274  0.0281  0.0273  0.0274
   -0.6144  -12.5045    9.1111   -5.0321  -13.5575   -1.5112
    4.6185  -13.6440   -4.6109   -9.5566   14.0763    9.8968
eta,q 0.97434  9.21073

---------------------------------------------------------------------
imgreg_4dfp /opt/freesurfer/average/711-2C_as_mni_average_305 /opt/freesurfer/average/711-2B_as_mni_average_305_mask talsrcimg_g11 none talsrcimg_to_711-2C_as_mni_average_305_t4 2311
---------------------------------------------------------------------

freesurfer imgreg_4dfp.c
/opt/freesurfer/average/711-2C_as_mni_average_305.4dfp.img
       256       256       256         1
  1.000000  1.000000  1.000000
orientation T byte_order littleendian
Reading image: /opt/freesurfer/average/711-2C_as_mni_average_305.4dfp.img
dimensions:      256       256       256
mmppix:       1.0000   -1.0000   -1.0000
center:     128.0000 -129.0000 -129.0000
/opt/freesurfer/average/711-2B_as_mni_average_305_mask.4dfp.img
       256       256       256         1
  1.000000  1.000000  1.000000
orientation T byte_order littleendian
Reading mask: /opt/freesurfer/average/711-2B_as_mni_average_305_mask.4dfp.img (2306576 pixels)
talsrcimg_g11.4dfp.img
       256       256       256         1
  1.000000  1.000000  1.000000
orientation T byte_order littleendian
Reading image: talsrcimg_g11.4dfp.img
dimensions:      256       256       256
mmppix:       1.0000   -1.0000   -1.0000
center:     128.0000 -129.0000 -129.0000
fimgreg.f
image alignment mode   2311 decimal      907 hex
parameters
   -0.6144  -12.5045    9.1111   -5.0321  -13.5575   -1.5112
    4.6185  -13.6440   -4.6109   -9.5566   14.0763    9.8968
eta,q 0.97434  9.21072
niter,ni,del,rscale     5    3    5.0000    0.8000
parameters
   -0.6119  -12.5338    9.0763   -4.8035  -12.9068   -0.9166
    4.6824  -13.5427   -4.5338   -9.6234   14.0858    9.6252
eta,q 0.97452  9.23938
  0.0272  0.0265  0.0265  0.0282  0.0273  0.0278  0.0269  0.0281  0.0264  0.0267  0.0263  0.0261
  0.0264  0.0260  0.0260  0.0271  0.0265  0.0269  0.0261  0.0267  0.0259  0.0260  0.0259  0.0257
  0.0258  0.0257  0.0257  0.0262  0.0260  0.0262  0.0257  0.0259  0.0256  0.0256  0.0256  0.0255
  0.0257  0.0257  0.0257  0.0257  0.0256  0.0256  0.0255  0.0255  0.0255  0.0255  0.0255  0.0255
  0.0258  0.0258  0.0258  0.0258  0.0256  0.0255  0.0256  0.0257  0.0256  0.0257  0.0256  0.0256
  0.0264  0.0261  0.0261  0.0266  0.0260  0.0260  0.0261  0.0266  0.0259  0.0261  0.0258  0.0258
  0.0272  0.0265  0.0265  0.0279  0.0267  0.0272  0.0268  0.0279  0.0263  0.0267  0.0263  0.0262
niter,ni,del,rscale     4    3    5.0000    0.7000
parameters
   -0.6162  -12.6752    9.0938   -4.9409  -12.7750   -0.6928
    4.6807  -13.5262   -4.4804   -9.7176   14.1181    9.6676
eta,q 0.97456  9.25062
  0.0267  0.0260  0.0262  0.0273  0.0266  0.0272  0.0265  0.0274  0.0261  0.0264  0.0261  0.0260
  0.0260  0.0257  0.0258  0.0264  0.0261  0.0265  0.0259  0.0264  0.0258  0.0258  0.0258  0.0257
  0.0256  0.0255  0.0256  0.0257  0.0257  0.0259  0.0256  0.0257  0.0255  0.0255  0.0255  0.0255
  0.0255  0.0255  0.0255  0.0255  0.0255  0.0255  0.0254  0.0254  0.0254  0.0254  0.0254  0.0254
  0.0256  0.0256  0.0255  0.0257  0.0255  0.0255  0.0256  0.0257  0.0255  0.0256  0.0255  0.0255
  0.0261  0.0259  0.0258  0.0265  0.0259  0.0261  0.0259  0.0264  0.0257  0.0259  0.0257  0.0257
  0.0268  0.0263  0.0261  0.0276  0.0265  0.0271  0.0265  0.0274  0.0261  0.0265  0.0261  0.0259
niter,ni,del,rscale     3    3    5.0000    0.6000
parameters
   -0.6314  -12.7238    9.1242   -4.9810  -12.7272   -0.5583
    4.6539  -13.5232   -4.4504   -9.7968   14.1389    9.7091
eta,q 0.97457  9.25494
  0.0264  0.0259  0.0260  0.0269  0.0263  0.0268  0.0262  0.0269  0.0259  0.0261  0.0259  0.0258
  0.0259  0.0256  0.0257  0.0262  0.0259  0.0262  0.0258  0.0261  0.0257  0.0257  0.0257  0.0256
  0.0255  0.0255  0.0255  0.0257  0.0256  0.0257  0.0255  0.0256  0.0255  0.0255  0.0255  0.0255
  0.0254  0.0254  0.0254  0.0254  0.0254  0.0254  0.0254  0.0254  0.0254  0.0254  0.0254  0.0254
  0.0256  0.0255  0.0255  0.0256  0.0255  0.0255  0.0255  0.0256  0.0255  0.0255  0.0255  0.0255
  0.0259  0.0257  0.0257  0.0262  0.0258  0.0259  0.0258  0.0261  0.0257  0.0258  0.0256  0.0256
  0.0264  0.0260  0.0259  0.0270  0.0263  0.0267  0.0262  0.0269  0.0259  0.0262  0.0259  0.0258
niter,ni,del,rscale     2    3    5.0000    0.5000
parameters
   -0.6371  -12.7605    9.1546   -4.9787  -12.6955   -0.4648
    4.6350  -13.5044   -4.4394   -9.8511   14.1515    9.7288
eta,q 0.97458  9.25815
  0.0261  0.0258  0.0258  0.0265  0.0260  0.0264  0.0260  0.0265  0.0258  0.0259  0.0258  0.0257
  0.0257  0.0256  0.0256  0.0260  0.0257  0.0260  0.0257  0.0259  0.0256  0.0256  0.0256  0.0255
  0.0255  0.0255  0.0255  0.0256  0.0255  0.0256  0.0255  0.0256  0.0255  0.0255  0.0255  0.0255
  0.0254  0.0254  0.0254  0.0254  0.0254  0.0254  0.0254  0.0254  0.0254  0.0254  0.0254  0.0254
  0.0255  0.0255  0.0255  0.0255  0.0255  0.0255  0.0255  0.0255  0.0255  0.0255  0.0255  0.0255
  0.0257  0.0256  0.0256  0.0259  0.0257  0.0258  0.0257  0.0259  0.0256  0.0257  0.0256  0.0255
  0.0261  0.0258  0.0258  0.0266  0.0260  0.0264  0.0260  0.0265  0.0258  0.0260  0.0258  0.0257
niter,ni,del,rscale     1    3    5.0000    0.4000
parameters
   -0.6391  -12.7839    9.1747   -4.9600  -12.6717   -0.3990
    4.6167  -13.4916   -4.4238   -9.8893   14.1660    9.7428
eta,q 0.97459  9.26046
  0.0259  0.0256  0.0257  0.0262  0.0258  0.0261  0.0258  0.0261  0.0257  0.0258  0.0256  0.0256
  0.0256  0.0255  0.0255  0.0258  0.0256  0.0258  0.0256  0.0258  0.0255  0.0256  0.0255  0.0255
  0.0255  0.0254  0.0255  0.0255  0.0255  0.0255  0.0255  0.0255  0.0254  0.0254  0.0255  0.0254
  0.0254  0.0254  0.0254  0.0254  0.0254  0.0254  0.0254  0.0254  0.0254  0.0254  0.0254  0.0254
  0.0255  0.0255  0.0254  0.0255  0.0255  0.0255  0.0255  0.0255  0.0254  0.0255  0.0254  0.0254
  0.0256  0.0255  0.0255  0.0257  0.0256  0.0257  0.0256  0.0257  0.0255  0.0256  0.0255  0.0255
  0.0259  0.0257  0.0256  0.0262  0.0258  0.0261  0.0258  0.0261  0.0256  0.0258  0.0256  0.0256
registration optimization eta report
parameter search radius
    0.8000    0.8000    0.8000    2.4000    2.4000    2.4000
    2.4000    2.4000    2.4000    2.4000    2.4000    2.4000
100000*second partial in parameter space
       67.       37.       37.       13.        7.       11.
        6.       12.        4.        6.        4.        3.
  0.0259  0.0256  0.0257  0.0262  0.0258  0.0261  0.0258  0.0261  0.0257  0.0258  0.0256  0.0256
  0.0256  0.0255  0.0255  0.0258  0.0256  0.0258  0.0256  0.0258  0.0255  0.0256  0.0255  0.0255
  0.0255  0.0254  0.0255  0.0255  0.0255  0.0255  0.0255  0.0255  0.0254  0.0254  0.0255  0.0254
  0.0254  0.0254  0.0254  0.0254  0.0254  0.0254  0.0254  0.0254  0.0254  0.0254  0.0254  0.0254
  0.0255  0.0255  0.0254  0.0255  0.0255  0.0255  0.0255  0.0255  0.0254  0.0255  0.0254  0.0254
  0.0256  0.0255  0.0255  0.0257  0.0256  0.0257  0.0256  0.0257  0.0255  0.0256  0.0255  0.0255
  0.0259  0.0257  0.0256  0.0262  0.0258  0.0261  0.0258  0.0261  0.0256  0.0258  0.0256  0.0256
   -0.6391  -12.7839    9.1747   -4.9600  -12.6717   -0.3990
    4.6167  -13.4916   -4.4238   -9.8893   14.1660    9.7428
eta,q 0.97459  9.26046

---------------------------------------------------------------------
imgreg_4dfp /opt/freesurfer/average/711-2C_as_mni_average_305 /opt/freesurfer/average/711-2B_as_mni_average_305_mask talsrcimg_g11 none talsrcimg_to_711-2C_as_mni_average_305_t4 2311
---------------------------------------------------------------------

freesurfer imgreg_4dfp.c
/opt/freesurfer/average/711-2C_as_mni_average_305.4dfp.img
       256       256       256         1
  1.000000  1.000000  1.000000
orientation T byte_order littleendian
Reading image: /opt/freesurfer/average/711-2C_as_mni_average_305.4dfp.img
dimensions:      256       256       256
mmppix:       1.0000   -1.0000   -1.0000
center:     128.0000 -129.0000 -129.0000
/opt/freesurfer/average/711-2B_as_mni_average_305_mask.4dfp.img
       256       256       256         1
  1.000000  1.000000  1.000000
orientation T byte_order littleendian
Reading mask: /opt/freesurfer/average/711-2B_as_mni_average_305_mask.4dfp.img (2306576 pixels)
talsrcimg_g11.4dfp.img
       256       256       256         1
  1.000000  1.000000  1.000000
orientation T byte_order littleendian
Reading image: talsrcimg_g11.4dfp.img
dimensions:      256       256       256
mmppix:       1.0000   -1.0000   -1.0000
center:     128.0000 -129.0000 -129.0000
fimgreg.f
image alignment mode   2311 decimal      907 hex
parameters
   -0.6391  -12.7839    9.1747   -4.9600  -12.6717   -0.3990
    4.6167  -13.4916   -4.4238   -9.8893   14.1660    9.7428
eta,q 0.97459  9.26047
niter,ni,del,rscale     5    3    5.0000    0.8000
parameters
   -0.6372  -12.7820    9.1846   -5.1598  -12.8182   -0.7430
    4.6059  -13.5899   -4.4660   -9.8889   14.1408    9.8475
eta,q 0.97454  9.24972
  0.0271  0.0264  0.0263  0.0277  0.0268  0.0273  0.0268  0.0278  0.0263  0.0268  0.0262  0.0261
  0.0262  0.0258  0.0258  0.0266  0.0261  0.0265  0.0261  0.0266  0.0258  0.0260  0.0258  0.0258
  0.0256  0.0255  0.0255  0.0258  0.0256  0.0258  0.0256  0.0257  0.0256  0.0256  0.0256  0.0256
  0.0254  0.0254  0.0254  0.0254  0.0254  0.0254  0.0255  0.0255  0.0255  0.0255  0.0255  0.0255
  0.0256  0.0255  0.0255  0.0258  0.0256  0.0257  0.0256  0.0258  0.0256  0.0256  0.0255  0.0255
  0.0262  0.0259  0.0258  0.0268  0.0261  0.0266  0.0261  0.0267  0.0259  0.0261  0.0258  0.0257
  0.0271  0.0264  0.0263  0.0282  0.0270  0.0283  0.0268  0.0280  0.0264  0.0267  0.0263  0.0261
niter,ni,del,rscale     4    3    5.0000    0.7000
parameters
   -0.6455  -12.7315    9.1416   -5.0442  -12.7759   -0.6943
    4.6275  -13.5707   -4.4723   -9.8434   14.1578    9.7965
eta,q 0.97456  9.25094
  0.0267  0.0262  0.0261  0.0275  0.0266  0.0271  0.0265  0.0274  0.0261  0.0265  0.0261  0.0259
  0.0260  0.0258  0.0257  0.0265  0.0260  0.0264  0.0259  0.0264  0.0257  0.0259  0.0257  0.0257
  0.0256  0.0255  0.0255  0.0258  0.0256  0.0258  0.0256  0.0257  0.0255  0.0255  0.0255  0.0255
  0.0255  0.0255  0.0255  0.0255  0.0254  0.0254  0.0254  0.0254  0.0254  0.0254  0.0254  0.0254
  0.0256  0.0255  0.0256  0.0256  0.0255  0.0256  0.0256  0.0257  0.0255  0.0256  0.0255  0.0255
  0.0260  0.0258  0.0258  0.0263  0.0259  0.0261  0.0259  0.0263  0.0258  0.0259  0.0257  0.0257
  0.0267  0.0261  0.0262  0.0274  0.0266  0.0272  0.0265  0.0274  0.0261  0.0264  0.0261  0.0260
niter,ni,del,rscale     3    3    5.0000    0.6000
parameters
   -0.6398  -12.7462    9.1410   -5.0015  -12.7365   -0.5770
    4.6329  -13.5408   -4.4520   -9.8465   14.1534    9.7470
eta,q 0.97457  9.25457
  0.0264  0.0260  0.0259  0.0270  0.0263  0.0268  0.0262  0.0269  0.0259  0.0262  0.0259  0.0258
  0.0259  0.0257  0.0257  0.0262  0.0259  0.0262  0.0258  0.0262  0.0257  0.0258  0.0257  0.0256
  0.0256  0.0255  0.0255  0.0257  0.0256  0.0257  0.0255  0.0256  0.0255  0.0255  0.0255  0.0255
  0.0254  0.0254  0.0254  0.0254  0.0254  0.0254  0.0254  0.0254  0.0254  0.0254  0.0254  0.0254
  0.0255  0.0255  0.0255  0.0256  0.0255  0.0255  0.0255  0.0256  0.0255  0.0255  0.0255  0.0255
  0.0259  0.0257  0.0257  0.0261  0.0258  0.0259  0.0258  0.0261  0.0257  0.0258  0.0256  0.0256
  0.0264  0.0260  0.0259  0.0270  0.0263  0.0267  0.0262  0.0269  0.0259  0.0262  0.0259  0.0258
niter,ni,del,rscale     2    3    5.0000    0.5000
parameters
   -0.6412  -12.7647    9.1562   -4.9766  -12.6926   -0.4722
    4.6300  -13.5170   -4.4360   -9.8663   14.1552    9.7441
eta,q 0.97458  9.25813
  0.0261  0.0258  0.0258  0.0265  0.0260  0.0264  0.0260  0.0265  0.0258  0.0259  0.0258  0.0257
  0.0257  0.0256  0.0256  0.0260  0.0257  0.0260  0.0257  0.0259  0.0256  0.0256  0.0256  0.0255
  0.0255  0.0255  0.0255  0.0256  0.0255  0.0256  0.0255  0.0256  0.0255  0.0255  0.0255  0.0255
  0.0254  0.0254  0.0254  0.0254  0.0254  0.0254  0.0254  0.0254  0.0254  0.0254  0.0254  0.0254
  0.0255  0.0255  0.0255  0.0255  0.0255  0.0255  0.0255  0.0255  0.0255  0.0255  0.0255  0.0255
  0.0257  0.0256  0.0256  0.0259  0.0257  0.0258  0.0257  0.0259  0.0256  0.0257  0.0256  0.0255
  0.0261  0.0258  0.0258  0.0266  0.0260  0.0264  0.0260  0.0265  0.0258  0.0259  0.0258  0.0257
niter,ni,del,rscale     1    3    5.0000    0.4000
parameters
   -0.6384  -12.7936    9.1742   -4.9556  -12.6676   -0.4000
    4.6182  -13.4908   -4.4310   -9.9078   14.1613    9.7527
eta,q 0.97458  9.26071
  0.0259  0.0256  0.0257  0.0262  0.0258  0.0261  0.0258  0.0261  0.0256  0.0257  0.0256  0.0256
  0.0256  0.0255  0.0255  0.0258  0.0256  0.0258  0.0256  0.0258  0.0255  0.0256  0.0255  0.0255
  0.0255  0.0254  0.0255  0.0255  0.0255  0.0255  0.0255  0.0255  0.0254  0.0254  0.0254  0.0254
  0.0254  0.0254  0.0254  0.0254  0.0254  0.0254  0.0254  0.0254  0.0254  0.0254  0.0254  0.0254
  0.0255  0.0255  0.0254  0.0255  0.0255  0.0255  0.0255  0.0255  0.0254  0.0255  0.0254  0.0254
  0.0256  0.0255  0.0255  0.0257  0.0256  0.0257  0.0256  0.0257  0.0255  0.0256  0.0255  0.0255
  0.0258  0.0257  0.0256  0.0262  0.0258  0.0260  0.0258  0.0261  0.0256  0.0258  0.0256  0.0256
registration optimization eta report
parameter search radius
    0.8000    0.8000    0.8000    2.4000    2.4000    2.4000
    2.4000    2.4000    2.4000    2.4000    2.4000    2.4000
100000*second partial in parameter space
       67.       38.       36.       13.        7.       11.
        6.       12.        4.        6.        4.        3.
  0.0259  0.0256  0.0257  0.0262  0.0258  0.0261  0.0258  0.0261  0.0256  0.0257  0.0256  0.0256
  0.0256  0.0255  0.0255  0.0258  0.0256  0.0258  0.0256  0.0258  0.0255  0.0256  0.0255  0.0255
  0.0255  0.0254  0.0255  0.0255  0.0255  0.0255  0.0255  0.0255  0.0254  0.0254  0.0254  0.0254
  0.0254  0.0254  0.0254  0.0254  0.0254  0.0254  0.0254  0.0254  0.0254  0.0254  0.0254  0.0254
  0.0255  0.0255  0.0254  0.0255  0.0255  0.0255  0.0255  0.0255  0.0254  0.0255  0.0254  0.0254
  0.0256  0.0255  0.0255  0.0257  0.0256  0.0257  0.0256  0.0257  0.0255  0.0256  0.0255  0.0255
  0.0258  0.0257  0.0256  0.0262  0.0258  0.0260  0.0258  0.0261  0.0256  0.0258  0.0256  0.0256
   -0.6384  -12.7936    9.1742   -4.9556  -12.6676   -0.4000
    4.6182  -13.4908   -4.4310   -9.9078   14.1613    9.7527
eta,q 0.97458  9.26071

---------------------------------------------------------------------
compute_vox2vox talsrcimg talsrcimg_to_711-2C_as_mni_average_305_t4 /opt/freesurfer/average/711-2C_as_mni_average_305
---------------------------------------------------------------------

freesurfer compute_vox2vox.c
Reading: talsrcimg.4dfp.ifh
Reading: talsrcimg_to_711-2C_as_mni_average_305_t4
Reading: /opt/freesurfer/average/711-2C_as_mni_average_305.4dfp.ifh
Writing: talsrcimg_to_711-2C_as_mni_average_305_t4_vox2vox.txt

start time Mon Mar 9 21:33:01 CET 2026
end		time Mon Mar 9 21:33:16 CET 2026

mpr2mni305 success

avi2talxfm orig_nu.mgz /opt/freesurfer/average/mni305.cor.mgz talsrcimg_to_711-2C_as_mni_average_305_t4_vox2vox.txt transforms/talairach.auto.xfm
avi2talxfm done
mv -f /out/sourcedata/freesurfer/sub-v1s20x0050323_ses-1/mri/talsrcimg_to_711-2C_as_mni_average_305_t4_vox2vox.txt /out/sourcedata/freesurfer/sub-v1s20x0050323_ses-1/mri/transforms/talsrcimg_to_711-2C_as_mni_average_305_t4_vox2vox.txt
lta_convert --src orig_nu.mgz --trg /opt/freesurfer/average/mni305.cor.mgz --inxfm transforms/talairach.auto.xfm --outlta transforms/talairach.auto.xfm.lta --subject fsaverage
7.3.2

--src: orig_nu.mgz src image (geometry).
--trg: /opt/freesurfer/average/mni305.cor.mgz trg image (geometry).
--inmni: transforms/talairach.auto.xfm input MNI/XFM transform.
--outlta: transforms/talairach.auto.xfm.lta output LTA.
--s: fsaverage subject name
 LTA read, type : 1
 1.02917   0.13251  -0.06922  -1.86013;
-0.14978   0.97370  -0.10082  -10.70250;
 0.03523   0.11719   1.13010   12.76712;
 0.00000   0.00000   0.00000   1.00000;
setting subject to fsaverage
Writing  LTA to file transforms/talairach.auto.xfm.lta...
lta_convert successful.
 
 
Started at Mon Mar 9 21:33:01 CET 2026
Ended   at Mon Mar  9 21:33:16 CET 2026
talairach_avi done
