status file for recon-all
Thu Mar 12 19:34:03 CET 2026
#@# Tessellate lh Thu Mar 12 19:34:03 CET 2026
#@# Smooth1 lh Thu Mar 12 19:34:06 CET 2026
#@# Inflation1 lh Thu Mar 12 19:34:07 CET 2026
#@# QSphere lh Thu Mar 12 19:34:19 CET 2026
#@# Fix Topology lh Thu Mar 12 19:35:06 CET 2026
#@# Smooth2 lh Thu Mar 12 19:43:13 CET 2026
#@# Inflation2 lh Thu Mar 12 19:43:15 CET 2026
#@# Curv .H and .K lh Thu Mar 12 19:43:26 CET 2026
#@# Sphere lh Thu Mar 12 19:43:59 CET 2026
#@# Surf Reg lh Thu Mar 12 19:48:02 CET 2026
#@# Jacobian white lh Thu Mar 12 19:52:19 CET 2026
#@# AvgCurv lh Thu Mar 12 19:52:20 CET 2026
#@# Cortical Parc lh Thu Mar 12 19:52:20 CET 2026
#@# white curv lh Thu Mar 12 19:57:58 CET 2026
#@# white area lh Thu Mar 12 19:57:59 CET 2026
#@# pial curv lh Thu Mar 12 19:57:59 CET 2026
#@# pial area lh Thu Mar 12 19:58:00 CET 2026
#@# thickness lh Thu Mar 12 19:58:01 CET 2026
#@# area and vertex vol lh Thu Mar 12 19:58:19 CET 2026
#@# Curvature Stats lh Thu Mar 12 19:58:20 CET 2026
#@# Cortical Parc 2 lh Thu Mar 12 19:58:21 CET 2026
#@# Cortical Parc 3 lh Thu Mar 12 19:58:30 CET 2026
#@# WM/GM Contrast lh Thu Mar 12 19:58:37 CET 2026
recon-all -s sub-v1s20x0050353_ses-1 finished without error at Thu Mar 12 19:58:39 CET 2026



#New# invocation of recon-all 



status file for recon-all
Thu Mar 12 20:19:51 CET 2026
#@# white curv lh Thu Mar 12 20:19:51 CET 2026
#@# white area lh Thu Mar 12 20:19:51 CET 2026
#@# pial curv lh Thu Mar 12 20:19:51 CET 2026
#@# pial area lh Thu Mar 12 20:19:51 CET 2026
#@# thickness lh Thu Mar 12 20:19:51 CET 2026
#@# area and vertex vol lh Thu Mar 12 20:19:51 CET 2026
#@# Parcellation Stats lh Thu Mar 12 20:19:51 CET 2026
#@# Parcellation Stats 2 lh Thu Mar 12 20:20:03 CET 2026
#@# Parcellation Stats 3 lh Thu Mar 12 20:20:10 CET 2026
#@# BA_exvivo Labels lh Thu Mar 12 20:20:16 CET 2026
recon-all -s sub-v1s20x0050353_ses-1 finished without error at Thu Mar 12 20:22:12 CET 2026
