status file for recon-all
Mon Mar  9 09:18:39 CET 2026
#@# Tessellate lh Mon Mar  9 09:18:39 CET 2026
#@# Smooth1 lh Mon Mar  9 09:18:42 CET 2026
#@# Inflation1 lh Mon Mar  9 09:18:44 CET 2026
#@# QSphere lh Mon Mar  9 09:18:56 CET 2026
#@# Fix Topology lh Mon Mar  9 09:21:41 CET 2026
#@# Smooth2 lh Mon Mar  9 09:26:45 CET 2026
#@# Inflation2 lh Mon Mar  9 09:26:47 CET 2026
#@# Curv .H and .K lh Mon Mar  9 09:27:00 CET 2026
#@# Sphere lh Mon Mar  9 09:27:36 CET 2026
#@# Surf Reg lh Mon Mar  9 09:33:10 CET 2026
#@# Jacobian white lh Mon Mar  9 09:37:15 CET 2026
#@# AvgCurv lh Mon Mar  9 09:37:16 CET 2026
#@# Cortical Parc lh Mon Mar  9 09:37:16 CET 2026
#@# white curv lh Mon Mar  9 09:42:36 CET 2026
#@# white area lh Mon Mar  9 09:42:38 CET 2026
#@# pial curv lh Mon Mar  9 09:42:38 CET 2026
#@# pial area lh Mon Mar  9 09:42:40 CET 2026
#@# thickness lh Mon Mar  9 09:42:40 CET 2026
#@# area and vertex vol lh Mon Mar  9 09:43:03 CET 2026
#@# Curvature Stats lh Mon Mar  9 09:43:04 CET 2026
#@# Cortical Parc 2 lh Mon Mar  9 09:43:06 CET 2026
#@# Cortical Parc 3 lh Mon Mar  9 09:43:17 CET 2026
#@# WM/GM Contrast lh Mon Mar  9 09:43:25 CET 2026
recon-all -s sub-v1s20x0050320_ses-1 finished without error at Mon Mar  9 09:43:28 CET 2026



#New# invocation of recon-all 



status file for recon-all
Mon Mar  9 10:17:16 CET 2026
#@# white curv lh Mon Mar  9 10:17:16 CET 2026
#@# white area lh Mon Mar  9 10:17:16 CET 2026
#@# pial curv lh Mon Mar  9 10:17:16 CET 2026
#@# pial area lh Mon Mar  9 10:17:16 CET 2026
#@# thickness lh Mon Mar  9 10:17:16 CET 2026
#@# area and vertex vol lh Mon Mar  9 10:17:16 CET 2026
#@# Parcellation Stats lh Mon Mar  9 10:17:16 CET 2026
#@# Parcellation Stats 2 lh Mon Mar  9 10:17:30 CET 2026
#@# Parcellation Stats 3 lh Mon Mar  9 10:17:38 CET 2026
#@# BA_exvivo Labels lh Mon Mar  9 10:17:45 CET 2026
recon-all -s sub-v1s20x0050320_ses-1 finished without error at Mon Mar  9 10:19:51 CET 2026
