/out/sourcedata/freesurfer/sub-v1s20x0050375_ses-1/mri
/opt/freesurfer/bin/talairach_avi
--i orig_nu.mgz --xfm transforms/talairach.auto.xfm
talairach_avi 7.3.2
Linux dna075 5.14.0-427.37.1.el9_4.x86_64 #1 SMP PREEMPT_DYNAMIC Fri Sep 13 12:41:50 EDT 2024 x86_64 x86_64 x86_64 GNU/Linux
Thu Mar 12 19:15:11 CET 2026
mri_convert orig_nu.mgz talsrcimg.img 
reading from orig_nu.mgz...
TR=0.00, TE=0.00, TI=0.00, flip angle=0.00
i_ras = (-1, 0, 0)
j_ras = (0, 0, -1)
k_ras = (0, 1, 0)
writing to talsrcimg.img...
Analyze Output Matrix
-1.00000   0.00000   0.00000   129.50781;
 0.00000   0.00000   1.00000  -128.49219;
 0.00000  -1.00000   0.00000   129.60004;
 0.00000   0.00000   0.00000   1.00000;
--------------------
INFO: set hdr.hist.orient to -1
mpr2mni305 talsrcimg
Thu Mar 12 19:15:11 CET 2026
/opt/freesurfer/bin/mpr2mni305 talsrcimg
mpr2mni305 7.3.2
target=711-2C_as_mni_average_305

---------------------------------------------------------------------
analyzeto4dfp talsrcimg -O0 -y
---------------------------------------------------------------------

freesurfer ifh2hdr.c
Thu Mar 12 19:15:11 2026
Writing: talsrcimg.4dfp.hdr
freesurfer analyzeto4dfp.c
Reading: talsrcimg.hdr
header size 348 bytes
hdr.dime.datatype	offset=70	value=2
hdr.dime.bitpix		offset=72	value=8
hdr.hist.orient		offset=252	value=-1
dimensionality     4
dimensions       256       256       256         1
Reading: talsrcimg.img
Writing: talsrcimg.4dfp.img
Writing: talsrcimg.4dfp.ifh
ifh2hdr talsrcimg -r0to255
ori=2

---------------------------------------------------------------------
gauss_4dfp talsrcimg 1.1
---------------------------------------------------------------------

freesurfer gauss_4dfp.c
Reading: talsrcimg.4dfp.img
Writing: talsrcimg_g11.4dfp.img
image dimensions 256 256 256 padded to 288 288 288
processing volume 1freesurfer ifh2hdr.c
Thu Mar 12 19:15:13 2026
Writing: talsrcimg_g11.4dfp.hdr

Writing: talsrcimg_g11.4dfp.ifh
including: talsrcimg.4dfp.img.rec in talsrcimg_g11.4dfp.img.rec

---------------------------------------------------------------------
imgreg_4dfp /opt/freesurfer/average/711-2C_as_mni_average_305 none talsrcimg_g11 none talsrcimg_to_711-2C_as_mni_average_305_t4 4355
---------------------------------------------------------------------

freesurfer imgreg_4dfp.c
/opt/freesurfer/average/711-2C_as_mni_average_305.4dfp.img
       256       256       256         1
  1.000000  1.000000  1.000000
orientation T byte_order littleendian
Reading image: /opt/freesurfer/average/711-2C_as_mni_average_305.4dfp.img
dimensions:      256       256       256
mmppix:       1.0000   -1.0000   -1.0000
center:     128.0000 -129.0000 -129.0000
talsrcimg_g11.4dfp.img
       256       256       256         1
  1.000000  1.000000  1.000000
orientation T byte_order littleendian
Reading image: talsrcimg_g11.4dfp.img
dimensions:      256       256       256
mmppix:       1.0000   -1.0000   -1.0000
center:     128.0000 -129.0000 -129.0000
t4_read: open error in t4_sub.f l:  41 t4_file(1:l)talsrcimg_to_711-2C_as_mni_average_305_t4 
t4_read: transform initialized to I4
rotation matrix determinant  1.000000
image alignment mode   4355 decimal     1103 hex
   -7.5000  -45.0000  -45.0000 6403.3564   20.7728
    0.0000  -45.0000  -45.0000 6669.2349   20.8067
    7.5000  -45.0000  -45.0000 6356.3301   20.8423
   -7.5000  -37.5000  -45.0000 6974.3564   20.7690
    0.0000  -37.5000  -45.0000 7241.8267   20.8080
    7.5000  -37.5000  -45.0000 6897.4009   20.8542
   -7.5000  -30.0000  -45.0000 7785.8667   20.7927
    0.0000  -30.0000  -45.0000 8107.9746   20.8368
    7.5000  -30.0000  -45.0000 7697.9009   20.8922
   -7.5000  -22.5000  -45.0000 8492.3574   20.8179
    0.0000  -22.5000  -45.0000 8842.1045   20.8611
    7.5000  -22.5000  -45.0000 8394.2422   20.9135
   -7.5000  -15.0000  -45.0000 9112.6797   20.8178
    0.0000  -15.0000  -45.0000 9460.0068   20.8572
    7.5000  -15.0000  -45.0000 8993.3301   20.9011
   -7.5000   -7.5000  -45.0000 9643.9336   20.7964
    0.0000   -7.5000  -45.000010020.6133   20.8318
    7.5000   -7.5000  -45.0000 9541.3193   20.8681
   -7.5000    0.0000  -45.000010175.5938   20.7728
    0.0000    0.0000  -45.000010532.6484   20.8067
    7.5000    0.0000  -45.000010054.9326   20.8423
   -7.5000    7.5000  -45.0000 9914.9697   20.7690
    0.0000    7.5000  -45.000010268.7412   20.8080
    7.5000    7.5000  -45.0000 9775.3320   20.8542
   -7.5000   15.0000  -45.0000 9658.1729   20.7927
    0.0000   15.0000  -45.0000 9969.4375   20.8368
    7.5000   15.0000  -45.0000 9498.7783   20.8922
   -7.5000   22.5000  -45.0000 9351.6055   20.8150
    0.0000   22.5000  -45.0000 9648.1504   20.8582
    7.5000   22.5000  -45.0000 9203.5938   20.9106
   -7.5000   30.0000  -45.0000 8835.7305   20.5404
    0.0000   30.0000  -45.0000 9084.4590   20.5793
    7.5000   30.0000  -45.0000 8684.3994   20.6226
   -7.5000   37.5000  -45.0000 8461.6162   20.5193
    0.0000   37.5000  -45.0000 8704.5625   20.5542
    7.5000   37.5000  -45.0000 8306.3281   20.5900
   -7.5000   45.0000  -45.0000 7777.9019   19.9755
    0.0000   45.0000  -45.0000 8018.5894   20.0081
    7.5000   45.0000  -45.0000 7626.3584   20.0423
   -7.5000  -45.0000  -37.5000 6979.1616   20.5686
    0.0000  -45.0000  -37.5000 7253.8379   20.5948
    7.5000  -45.0000  -37.5000 6911.4673   20.6199
   -7.5000  -37.5000  -37.5000 7582.4395   20.5632
    0.0000  -37.5000  -37.5000 7885.1299   20.5911
    7.5000  -37.5000  -37.5000 7486.1875   20.6262
   -7.5000  -30.0000  -37.5000 8428.0742   20.5862
    0.0000  -30.0000  -37.5000 8778.1348   20.6218
    7.5000  -30.0000  -37.5000 8338.3906   20.6721
   -7.5000  -22.5000  -37.5000 9173.8438   20.6120
    0.0000  -22.5000  -37.5000 9553.3613   20.6533
    7.5000  -22.5000  -37.5000 9071.3652   20.7078
   -7.5000  -15.0000  -37.5000 9816.0068   20.6140
    0.0000  -15.0000  -37.500010208.0361   20.6553
    7.5000  -15.0000  -37.5000 9682.0068   20.7030
   -7.5000   -7.5000  -37.500010413.6025   20.5938
    0.0000   -7.5000  -37.500010815.7070   20.6278
    7.5000   -7.5000  -37.500010285.6055   20.6612
   -7.5000    0.0000  -37.500010941.7461   20.5686
    0.0000    0.0000  -37.500011341.1152   20.5948
    7.5000    0.0000  -37.500010780.6377   20.6199
   -7.5000    7.5000  -37.500010662.8203   20.5632
    0.0000    7.5000  -37.500011026.4326   20.5911
    7.5000    7.5000  -37.500010456.9922   20.6262
   -7.5000   15.0000  -37.500010323.2344   20.5862
    0.0000   15.0000  -37.500010671.7871   20.6218
    7.5000   15.0000  -37.500010133.1348   20.6721
   -7.5000   22.5000  -37.5000 9927.1084   20.6092
    0.0000   22.5000  -37.500010271.5596   20.6505
    7.5000   22.5000  -37.5000 9770.5342   20.7050
   -7.5000   30.0000  -37.5000 9354.7148   20.3393
    0.0000   30.0000  -37.5000 9645.9883   20.3801
    7.5000   30.0000  -37.5000 9177.0840   20.4271
   -7.5000   37.5000  -37.5000 8967.3271   20.3194
    0.0000   37.5000  -37.5000 9223.8418   20.3529
    7.5000   37.5000  -37.5000 8773.1289   20.3858
   -7.5000   45.0000  -37.5000 8251.0635   19.7792
    0.0000   45.0000  -37.5000 8486.2422   19.8044
    7.5000   45.0000  -37.5000 8050.3555   19.8286
   -7.5000  -45.0000  -30.0000 7728.0464   21.4537
    0.0000  -45.0000  -30.0000 7996.2993   21.4740
    7.5000  -45.0000  -30.0000 7610.6504   21.4873
   -7.5000  -37.5000  -30.0000 8360.9717   21.4359
    0.0000  -37.5000  -30.0000 8680.5273   21.4578
    7.5000  -37.5000  -30.0000 8240.3613   21.4793
   -7.5000  -30.0000  -30.0000 9261.1895   21.4560
    0.0000  -30.0000  -30.0000 9618.5361   21.4869
    7.5000  -30.0000  -30.0000 9137.9141   21.5257
   -7.5000  -22.5000  -30.000010041.0977   21.4921
    0.0000  -22.5000  -30.000010451.1260   21.5304
    7.5000  -22.5000  -30.0000 9906.4697   21.5776
   -7.5000  -15.0000  -30.000010721.8643   21.5081
    0.0000  -15.0000  -30.000011169.6309   21.5467
    7.5000  -15.0000  -30.000010557.7383   21.5891
   -7.5000   -7.5000  -30.000011407.9053   21.4900
    0.0000   -7.5000  -30.000011875.3037   21.5197
    7.5000   -7.5000  -30.000011203.0898   21.5453
   -7.5000    0.0000  -30.000011957.5234   21.4537
    0.0000    0.0000  -30.000012409.0479   21.4740
    7.5000    0.0000  -30.000011729.9385   21.4873
   -7.5000    7.5000  -30.000011608.2070   21.4359
    0.0000    7.5000  -30.000012019.3047   21.4578
    7.5000    7.5000  -30.000011380.1602   21.4793
   -7.5000   15.0000  -30.000011188.5166   21.4560
    0.0000   15.0000  -30.000011597.5742   21.4869
    7.5000   15.0000  -30.000010999.5732   21.5257
   -7.5000   22.5000  -30.000010743.7705   21.4869
    0.0000   22.5000  -30.000011120.6523   21.5252
    7.5000   22.5000  -30.000010565.5576   21.5724
   -7.5000   30.0000  -30.000010103.4521   21.2235
    0.0000   30.0000  -30.000010405.2861   21.2616
    7.5000   30.0000  -30.0000 9869.8379   21.3034
   -7.5000   37.5000  -30.0000 9656.7861   21.2056
    0.0000   37.5000  -30.0000 9938.9131   21.2349
    7.5000   37.5000  -30.0000 9441.7676   21.2602
   -7.5000   45.0000  -30.0000 8888.0576   20.6455
    0.0000   45.0000  -30.0000 9130.4922   20.6650
    7.5000   45.0000  -30.0000 8648.8281   20.6778
   -7.5000  -45.0000  -22.5000 8460.2852   22.2273
    0.0000  -45.0000  -22.5000 8800.6533   22.2473
    7.5000  -45.0000  -22.5000 8331.1709   22.2587
   -7.5000  -37.5000  -22.5000 9125.3301   22.1966
    0.0000  -37.5000  -22.5000 9510.8984   22.2221
    7.5000  -37.5000  -22.5000 9009.6162   22.2408
   -7.5000  -30.0000  -22.500010079.9941   22.2107
    0.0000  -30.0000  -22.500010488.2188   22.2428
    7.5000  -30.0000  -22.5000 9931.3389   22.2724
   -7.5000  -22.5000  -22.500010923.1885   22.2557
    0.0000  -22.5000  -22.500011359.7480   22.2875
    7.5000  -22.5000  -22.500010757.6816   22.3200
   -7.5000  -15.0000  -22.500011658.8125   22.2861
    0.0000  -15.0000  -22.500012160.1025   22.3133
    7.5000  -15.0000  -22.500011437.9854   22.3410
   -7.5000   -7.5000  -22.500012413.9111   22.2720
    0.0000   -7.5000  -22.500012926.1191   22.2939
    7.5000   -7.5000  -22.500012104.2900   22.3115
   -7.5000    0.0000  -22.500012961.9805   22.2273
    0.0000    0.0000  -22.500013470.2080   22.2473
    7.5000    0.0000  -22.500012681.6289   22.2587
   -7.5000    7.5000  -22.500012532.3633   22.1966
    0.0000    7.5000  -22.500013042.1582   22.2221
    7.5000    7.5000  -22.500012317.8018   22.2408
   -7.5000   15.0000  -22.500012072.1328   22.2107
    0.0000   15.0000  -22.500012537.1689   22.2428
    7.5000   15.0000  -22.500011878.2178   22.2724
   -7.5000   22.5000  -22.500011604.8301   22.2489
    0.0000   22.5000  -22.500012014.4219   22.2806
    7.5000   22.5000  -22.500011346.4297   22.3131
   -7.5000   30.0000  -22.500010885.8281   21.9946
    0.0000   30.0000  -22.500011191.6279   22.0214
    7.5000   30.0000  -22.500010578.2520   22.0488
   -7.5000   37.5000  -22.500010358.1660   21.9806
    0.0000   37.5000  -22.500010654.9014   22.0023
    7.5000   37.5000  -22.500010111.2168   22.0197
   -7.5000   45.0000  -22.5000 9486.7686   21.4060
    0.0000   45.0000  -22.5000 9739.2139   21.4253
    7.5000   45.0000  -22.5000 9226.3213   21.4362
   -7.5000  -45.0000  -15.0000 9196.0381   22.7650
    0.0000  -45.0000  -15.0000 9553.6943   22.7907
    7.5000  -45.0000  -15.0000 9083.4062   22.8134
   -7.5000  -37.5000  -15.0000 9896.9482   22.7339
    0.0000  -37.5000  -15.000010287.0010   22.7694
    7.5000  -37.5000  -15.0000 9780.3232   22.7995
   -7.5000  -30.0000  -15.000010898.6367   22.7475
    0.0000  -30.0000  -15.000011330.2217   22.7861
    7.5000  -30.0000  -15.000010740.6143   22.8189
   -7.5000  -22.5000  -15.000011811.0781   22.7935
    0.0000  -22.5000  -15.000012246.0225   22.8232
    7.5000  -22.5000  -15.000011601.8184   22.8498
   -7.5000  -15.0000  -15.000012604.9043   22.8239
    0.0000  -15.0000  -15.000013112.4756   22.8445
    7.5000  -15.0000  -15.000012310.4043   22.8652
   -7.5000   -7.5000  -15.000013363.9492   22.8092
    0.0000   -7.5000  -15.000013868.7764   22.8288
    7.5000   -7.5000  -15.000013020.4902   22.8484
   -7.5000    0.0000  -15.000013907.1797   22.7650
    0.0000    0.0000  -15.000014467.2197   22.7907
    7.5000    0.0000  -15.000013667.9805   22.8134
   -7.5000    7.5000  -15.000013440.4648   22.7339
    0.0000    7.5000  -15.000014005.3223   22.7694
    7.5000    7.5000  -15.000013253.3467   22.7995
   -7.5000   15.0000  -15.000012960.1797   22.7475
    0.0000   15.0000  -15.000013476.9395   22.7861
    7.5000   15.0000  -15.000012742.9639   22.8189
   -7.5000   22.5000  -15.000012438.3213   22.7854
    0.0000   22.5000  -15.000012885.8340   22.8151
    7.5000   22.5000  -15.000012119.7676   22.8417
   -7.5000   30.0000  -15.000011620.4980   22.5285
    0.0000   30.0000  -15.000011975.4326   22.5488
    7.5000   30.0000  -15.000011263.7500   22.5693
   -7.5000   37.5000  -15.000011025.8838   22.5140
    0.0000   37.5000  -15.000011347.4990   22.5333
    7.5000   37.5000  -15.000010744.1543   22.5527
   -7.5000   45.0000  -15.000010044.3164   21.9371
    0.0000   45.0000  -15.000010319.0127   21.9618
    7.5000   45.0000  -15.0000 9788.1836   21.9837
   -7.5000  -45.0000   -7.5000 9962.9893   22.9998
    0.0000  -45.0000   -7.500010342.3369   23.0340
    7.5000  -45.0000   -7.5000 9866.4590   23.0698
   -7.5000  -37.5000   -7.500010719.7998   22.9838
    0.0000  -37.5000   -7.500011103.3857   23.0271
    7.5000  -37.5000   -7.500010596.8018   23.0718
   -7.5000  -30.0000   -7.500011766.1357   23.0046
    0.0000  -30.0000   -7.500012182.8057   23.0508
    7.5000  -30.0000   -7.500011612.3672   23.0984
   -7.5000  -22.5000   -7.500012716.3867   23.0411
    0.0000  -22.5000   -7.500013156.4697   23.0794
    7.5000  -22.5000   -7.500012496.5283   23.1191
   -7.5000  -15.0000   -7.500013556.5947   23.0544
    0.0000  -15.0000   -7.500014078.8936   23.0847
    7.5000  -15.0000   -7.500013267.7871   23.1170
   -7.5000   -7.5000   -7.500014229.7871   23.0342
    0.0000   -7.5000   -7.500014774.7861   23.0633
    7.5000   -7.5000   -7.500014005.5908   23.0946
   -7.5000    0.0000   -7.500014782.5771   22.9998
    0.0000    0.0000   -7.500015400.6641   23.0340
    7.5000    0.0000   -7.500014695.9238   23.0698
   -7.5000    7.5000   -7.500014328.5938   22.9838
    0.0000    7.5000   -7.500014915.6699   23.0271
    7.5000    7.5000   -7.500014225.4980   23.0718
   -7.5000   15.0000   -7.500013826.4609   23.0046
    0.0000   15.0000   -7.500014353.6201   23.0508
    7.5000   15.0000   -7.500013627.4062   23.0984
   -7.5000   22.5000   -7.500013206.1729   23.0304
    0.0000   22.5000   -7.500013677.4980   23.0687
    7.5000   22.5000   -7.500012926.6152   23.1084
   -7.5000   30.0000   -7.500012328.0967   22.7555
    0.0000   30.0000   -7.500012738.4863   22.7854
    7.5000   30.0000   -7.500012006.8135   22.8172
   -7.5000   37.5000   -7.500011687.7900   22.7354
    0.0000   37.5000   -7.500012034.8027   22.7642
    7.5000   37.5000   -7.500011399.3096   22.7951
   -7.5000   45.0000   -7.500010602.1934   22.1675
    0.0000   45.0000   -7.500010887.0811   22.2004
    7.5000   45.0000   -7.500010351.3037   22.2350
   -7.5000  -45.0000    0.000010702.7803   23.0176
    0.0000  -45.0000    0.000011077.7031   23.0542
    7.5000  -45.0000    0.000010575.0859   23.0929
   -7.5000  -37.5000    0.000011458.7383   23.0142
    0.0000  -37.5000    0.000011845.0859   23.0561
    7.5000  -37.5000    0.000011333.8027   23.1060
   -7.5000  -30.0000    0.000012582.5508   23.0403
    0.0000  -30.0000    0.000012986.7754   23.0876
    7.5000  -30.0000    0.000012444.3447   23.1475
   -7.5000  -22.5000    0.000013602.8955   23.0672
    0.0000  -22.5000    0.000014058.4971   23.1136
    7.5000  -22.5000    0.000013377.4287   23.1705
   -7.5000  -15.0000    0.000014411.8975   23.0663
    0.0000  -15.0000    0.000014905.1201   23.1089
    7.5000  -15.0000    0.000014149.2852   23.1568
   -7.5000   -7.5000    0.000014952.2783   23.0429
    0.0000   -7.5000    0.000015539.7646   23.0812
    7.5000   -7.5000    0.000014913.7393   23.1209
   -7.5000    0.0000    0.000015560.8447   23.0176
    0.0000    0.0000    0.000016174.3633   23.0542
    7.5000    0.0000    0.000015593.5400   23.0929
   -7.5000    7.5000    0.000015154.6494   23.0142
    0.0000    7.5000    0.000015701.8916   23.0561
    7.5000    7.5000    0.000015071.2930   23.1060
   -7.5000   15.0000    0.000014603.9873   23.0403
    0.0000   15.0000    0.000015102.6895   23.0876
    7.5000   15.0000    0.000014441.3604   23.1475
   -7.5000   22.5000    0.000013878.8506   23.0565
    0.0000   22.5000    0.000014341.4834   23.1029
    7.5000   22.5000    0.000013663.9375   23.1598
   -7.5000   30.0000    0.000012899.5459   22.7678
    0.0000   30.0000    0.000013326.7500   22.8098
    7.5000   30.0000    0.000012674.0791   22.8571
   -7.5000   37.5000    0.000012232.2070   22.7447
    0.0000   37.5000    0.000012613.3701   22.7825
    7.5000   37.5000    0.000012004.6338   22.8217
   -7.5000   45.0000    0.000011087.2783   22.1864
    0.0000   45.0000    0.000011391.2617   22.2216
    7.5000   45.0000    0.000010867.8555   22.2589
   -7.5000  -45.0000    7.500010577.5938   23.0128
    0.0000  -45.0000    7.500010943.3389   23.0422
    7.5000  -45.0000    7.500010423.8125   23.0704
   -7.5000  -37.5000    7.500011292.5020   23.0067
    0.0000  -37.5000    7.500011668.7568   23.0381
    7.5000  -37.5000    7.500011178.3037   23.0774
   -7.5000  -30.0000    7.500012463.1484   23.0327
    0.0000  -30.0000    7.500012896.2305   23.0726
    7.5000  -30.0000    7.500012316.0391   23.1289
   -7.5000  -22.5000    7.500013580.1201   23.0616
    0.0000  -22.5000    7.500014049.4893   23.1079
    7.5000  -22.5000    7.500013302.1729   23.1689
   -7.5000  -15.0000    7.500014098.5137   23.0638
    0.0000  -15.0000    7.500014610.7041   23.1101
    7.5000  -15.0000    7.500014046.1074   23.1636
   -7.5000   -7.5000    7.500014512.3223   23.0411
    0.0000   -7.5000    7.500015083.6387   23.0792
    7.5000   -7.5000    7.500014684.0938   23.1167
   -7.5000    0.0000    7.500015205.1562   23.0128
    0.0000    0.0000    7.500015788.3408   23.0422
    7.5000    0.0000    7.500015263.7021   23.0704
   -7.5000    7.5000    7.500014858.1406   23.0067
    0.0000    7.5000    7.500015375.5352   23.0381
    7.5000    7.5000    7.500014811.6904   23.0774
   -7.5000   15.0000    7.500014266.8779   23.0327
    0.0000   15.0000    7.500014732.9570   23.0726
    7.5000   15.0000    7.500014211.2344   23.1289
   -7.5000   22.5000    7.500013513.1484   23.0510
    0.0000   22.5000    7.500013925.0215   23.0972
    7.5000   22.5000    7.500013395.6963   23.1582
   -7.5000   30.0000    7.500012535.4775   22.7653
    0.0000   30.0000    7.500012895.9717   22.8110
    7.5000   30.0000    7.500012371.2959   22.8638
   -7.5000   37.5000    7.500011923.0674   22.7429
    0.0000   37.5000    7.500012244.9131   22.7805
    7.5000   37.5000    7.500011736.1680   22.8175
   -7.5000   45.0000    7.500010766.3203   22.1817
    0.0000   45.0000    7.500011022.8535   22.2100
    7.5000   45.0000    7.500010613.5586   22.2373
   -7.5000  -45.0000   15.000010243.1377   23.0377
    0.0000  -45.0000   15.000010611.0430   23.0595
    7.5000  -45.0000   15.000010106.7412   23.0738
   -7.5000  -37.5000   15.000010975.0068   23.0187
    0.0000  -37.5000   15.000011344.5293   23.0421
    7.5000  -37.5000   15.000010860.4980   23.0653
   -7.5000  -30.0000   15.000012167.3779   23.0402
    0.0000  -30.0000   15.000012592.6221   23.0734
    7.5000  -30.0000   15.000012002.4688   23.1150
   -7.5000  -22.5000   15.000013143.0947   23.0790
    0.0000  -22.5000   15.000013607.2920   23.1201
    7.5000  -22.5000   15.000013014.0654   23.1707
   -7.5000  -15.0000   15.000013489.4951   23.0962
    0.0000  -15.0000   15.000013905.2344   23.1376
    7.5000  -15.0000   15.000013656.8555   23.1832
   -7.5000   -7.5000   15.000013891.4775   23.0767
    0.0000   -7.5000   15.000014337.6436   23.1086
    7.5000   -7.5000   15.000014129.1934   23.1361
   -7.5000    0.0000   15.000014587.9385   23.0377
    0.0000    0.0000   15.000015102.9111   23.0595
    7.5000    0.0000   15.000014683.3369   23.0738
   -7.5000    7.5000   15.000014256.0996   23.0187
    0.0000    7.5000   15.000014751.7031   23.0421
    7.5000    7.5000   15.000014305.1875   23.0653
   -7.5000   15.0000   15.000013686.5234   23.0402
    0.0000   15.0000   15.000014151.9688   23.0734
    7.5000   15.0000   15.000013749.7158   23.1150
   -7.5000   22.5000   15.000012931.2520   23.0683
    0.0000   22.5000   15.000013339.7959   23.1095
    7.5000   22.5000   15.000012929.4121   23.1601
   -7.5000   30.0000   15.000012034.3809   22.7973
    0.0000   30.0000   15.000012347.8359   22.8382
    7.5000   30.0000   15.000011930.7783   22.8831
   -7.5000   37.5000   15.000011458.6387   22.7781
    0.0000   37.5000   15.000011767.5361   22.8095
    7.5000   37.5000   15.000011346.1562   22.8367
   -7.5000   45.0000   15.000010322.5049   22.2057
    0.0000   45.0000   15.000010570.3232   22.2267
    7.5000   45.0000   15.000010251.9746   22.2405
   -7.5000  -45.0000   22.5000 9875.4199   23.0737
    0.0000  -45.0000   22.500010259.4199   23.0945
    7.5000  -45.0000   22.5000 9746.3574   23.1063
   -7.5000  -37.5000   22.500010587.7812   23.0418
    0.0000  -37.5000   22.500010994.1816   23.0683
    7.5000  -37.5000   22.500010459.9248   23.0878
   -7.5000  -30.0000   22.500011647.8584   23.0564
    0.0000  -30.0000   22.500012099.9619   23.0898
    7.5000  -30.0000   22.500011520.6758   23.1205
   -7.5000  -22.5000   22.500012495.5439   23.1032
    0.0000  -22.5000   22.500012954.2246   23.1362
    7.5000  -22.5000   22.500012413.9287   23.1699
   -7.5000  -15.0000   22.500013001.4414   23.1348
    0.0000  -15.0000   22.500013410.8545   23.1630
    7.5000  -15.0000   22.500013089.1357   23.1918
   -7.5000   -7.5000   22.500013540.2393   23.1201
    0.0000   -7.5000   22.500013908.8389   23.1429
    7.5000   -7.5000   22.500013648.6152   23.1612
   -7.5000    0.0000   22.500014121.7842   23.0737
    0.0000    0.0000   22.500014517.2910   23.0945
    7.5000    0.0000   22.500014177.0713   23.1063
   -7.5000    7.5000   22.500013716.3965   23.0418
    0.0000    7.5000   22.500014123.5156   23.0683
    7.5000    7.5000   22.500013753.3633   23.0878
   -7.5000   15.0000   22.500013163.7178   23.0564
    0.0000   15.0000   22.500013601.1074   23.0898
    7.5000   15.0000   22.500013216.8408   23.1205
   -7.5000   22.5000   22.500012428.3760   23.0926
    0.0000   22.5000   22.500012840.2432   23.1255
    7.5000   22.5000   22.500012406.9922   23.1592
   -7.5000   30.0000   22.500011543.6104   22.8354
    0.0000   30.0000   22.500011912.1758   22.8632
    7.5000   30.0000   22.500011448.1846   22.8916
   -7.5000   37.5000   22.500010984.1982   22.8209
    0.0000   37.5000   22.500011329.6670   22.8434
    7.5000   37.5000   22.500010905.9258   22.8614
   -7.5000   45.0000   22.5000 9888.8066   22.2404
    0.0000   45.0000   22.500010163.5146   22.2604
    7.5000   45.0000   22.5000 9799.2676   22.2718
   -7.5000  -45.0000   30.0000 9356.9785   23.0774
    0.0000  -45.0000   30.0000 9763.0674   23.1034
    7.5000  -45.0000   30.0000 9246.7246   23.1265
   -7.5000  -37.5000   30.000010025.5674   23.0459
    0.0000  -37.5000   30.000010450.9004   23.0818
    7.5000  -37.5000   30.0000 9917.8828   23.1124
   -7.5000  -30.0000   30.000010970.8701   23.0597
    0.0000  -30.0000   30.000011424.4600   23.0988
    7.5000  -30.0000   30.000010877.2432   23.1321
   -7.5000  -22.5000   30.000011789.7627   23.1063
    0.0000  -22.5000   30.000012219.3545   23.1364
    7.5000  -22.5000   30.000011679.1973   23.1634
   -7.5000  -15.0000   30.000012457.5381   23.1372
    0.0000  -15.0000   30.000012906.1162   23.1580
    7.5000  -15.0000   30.000012375.7891   23.1790
   -7.5000   -7.5000   30.000013067.4453   23.1222
    0.0000   -7.5000   30.000013519.7393   23.1421
    7.5000   -7.5000   30.000013012.3262   23.1620
   -7.5000    0.0000   30.000013593.7402   23.0774
    0.0000    0.0000   30.000014078.5283   23.1034
    7.5000    0.0000   30.000013547.2373   23.1265
   -7.5000    7.5000   30.000013130.5684   23.0459
    0.0000    7.5000   30.000013592.7451   23.0818
    7.5000    7.5000   30.000013105.2490   23.1124
   -7.5000   15.0000   30.000012572.3496   23.0597
    0.0000   15.0000   30.000013028.8770   23.0988
    7.5000   15.0000   30.000012554.2275   23.1321
   -7.5000   22.5000   30.000011837.9209   23.0957
    0.0000   22.5000   30.000012245.2607   23.1257
    7.5000   22.5000   30.000011762.1201   23.1527
   -7.5000   30.0000   30.000010933.2080   22.8377
    0.0000   30.0000   30.000011295.0811   22.8583
    7.5000   30.0000   30.000010850.3203   22.8790
   -7.5000   37.5000   30.000010354.5146   22.8230
    0.0000   37.5000   30.000010688.7363   22.8426
    7.5000   37.5000   30.000010310.7461   22.8622
   -7.5000   45.0000   30.0000 9340.4678   22.2440
    0.0000   45.0000   30.0000 9613.3525   22.2690
    7.5000   45.0000   30.0000 9279.5479   22.2913
   -7.5000  -45.0000   37.5000 9078.9424   23.0463
    0.0000  -45.0000   37.5000 9481.4277   23.0805
    7.5000  -45.0000   37.5000 8981.0322   23.1164
   -7.5000  -37.5000   37.5000 9711.2754   23.0302
    0.0000  -37.5000   37.500010163.0068   23.0735
    7.5000  -37.5000   37.5000 9613.1914   23.1184
   -7.5000  -30.0000   37.500010653.5635   23.0510
    0.0000  -30.0000   37.500011138.7373   23.0974
    7.5000  -30.0000   37.500010512.5977   23.1451
   -7.5000  -22.5000   37.500011463.5811   23.0876
    0.0000  -22.5000   37.500011982.7500   23.1260
    7.5000  -22.5000   37.500011284.1475   23.1657
   -7.5000  -15.0000   37.500012161.4111   23.1010
    0.0000  -15.0000   37.500012687.7588   23.1314
    7.5000  -15.0000   37.500011978.9971   23.1637
   -7.5000   -7.5000   37.500012791.7920   23.0807
    0.0000   -7.5000   37.500013340.6934   23.1099
    7.5000   -7.5000   37.500012618.7715   23.1412
   -7.5000    0.0000   37.500013287.8818   23.0463
    0.0000    0.0000   37.500013860.3359   23.0805
    7.5000    0.0000   37.500013169.5840   23.1164
   -7.5000    7.5000   37.500012825.3506   23.0302
    0.0000    7.5000   37.500013339.2197   23.0735
    7.5000    7.5000   37.500012736.1279   23.1184
   -7.5000   15.0000   37.500012312.7568   23.0510
    0.0000   15.0000   37.500012799.0674   23.0974
    7.5000   15.0000   37.500012234.3652   23.1451
   -7.5000   22.5000   37.500011596.4688   23.0770
    0.0000   22.5000   37.500012019.7969   23.1153
    7.5000   22.5000   37.500011495.3115   23.1551
   -7.5000   30.0000   37.500010655.7129   22.8020
    0.0000   30.0000   37.500011049.0723   22.8320
    7.5000   30.0000   37.500010609.3613   22.8639
   -7.5000   37.5000   37.500010080.0879   22.7819
    0.0000   37.5000   37.500010439.5742   22.8108
    7.5000   37.5000   37.500010043.4238   22.8417
   -7.5000   45.0000   37.5000 9132.9229   22.2140
    0.0000   45.0000   37.5000 9426.9893   22.2469
    7.5000   45.0000   37.5000 9059.4785   22.2815
   -7.5000  -45.0000   45.0000 8378.7871   22.8859
    0.0000  -45.0000   45.0000 8738.2705   22.9226
    7.5000  -45.0000   45.0000 8272.7881   22.9614
   -7.5000  -37.5000   45.0000 8958.3936   22.8825
    0.0000  -37.5000   45.0000 9338.4482   22.9244
    7.5000  -37.5000   45.0000 8845.2285   22.9743
   -7.5000  -30.0000   45.0000 9829.4082   22.9083
    0.0000  -30.0000   45.000010247.1621   22.9557
    7.5000  -30.0000   45.0000 9675.9707   23.0155
   -7.5000  -22.5000   45.000010573.5049   22.9350
    0.0000  -22.5000   45.000010999.0127   22.9815
    7.5000  -22.5000   45.000010407.8652   23.0384
   -7.5000  -15.0000   45.000011179.0518   22.9341
    0.0000  -15.0000   45.000011637.3223   22.9769
    7.5000  -15.0000   45.000011020.4355   23.0249
   -7.5000   -7.5000   45.000011770.2295   22.9110
    0.0000   -7.5000   45.000012247.9717   22.9494
    7.5000   -7.5000   45.000011596.0508   22.9892
   -7.5000    0.0000   45.000012227.2432   22.8859
    0.0000    0.0000   45.000012714.7646   22.9226
    7.5000    0.0000   45.000012111.6123   22.9614
   -7.5000    7.5000   45.000011829.1035   22.8825
    0.0000    7.5000   45.000012285.6846   22.9244
    7.5000    7.5000   45.000011744.7021   22.9743
   -7.5000   15.0000   45.000011413.4785   22.9083
    0.0000   15.0000   45.000011845.8936   22.9557
    7.5000   15.0000   45.000011318.7139   23.0155
   -7.5000   22.5000   45.000010742.7002   22.9244
    0.0000   22.5000   45.000011139.8076   22.9709
    7.5000   22.5000   45.000010656.7959   23.0277
   -7.5000   30.0000   45.0000 9877.7930   22.6354
    0.0000   30.0000   45.000010225.8594   22.6776
    7.5000   30.0000   45.0000 9805.7285   22.7249
   -7.5000   37.5000   45.0000 9367.1953   22.6125
    0.0000   37.5000   45.0000 9669.0830   22.6504
    7.5000   37.5000   45.0000 9291.2344   22.6897
   -7.5000   45.0000   45.0000 8490.6562   22.0693
    0.0000   45.0000   45.0000 8752.8203   22.1047
    7.5000   45.0000   45.0000 8379.8213   22.1421

---------------------------------------------------------------------
imgreg_4dfp /opt/freesurfer/average/711-2C_as_mni_average_305 /opt/freesurfer/average/711-2B_as_mni_average_305_mask talsrcimg_g11 none talsrcimg_to_711-2C_as_mni_average_305_t4 4355
---------------------------------------------------------------------

freesurfer imgreg_4dfp.c
/opt/freesurfer/average/711-2C_as_mni_average_305.4dfp.img
       256       256       256         1
  1.000000  1.000000  1.000000
orientation T byte_order littleendian
Reading image: /opt/freesurfer/average/711-2C_as_mni_average_305.4dfp.img
dimensions:      256       256       256
mmppix:       1.0000   -1.0000   -1.0000
center:     128.0000 -129.0000 -129.0000
/opt/freesurfer/average/711-2B_as_mni_average_305_mask.4dfp.img
       256       256       256         1
  1.000000  1.000000  1.000000
orientation T byte_order littleendian
Reading mask: /opt/freesurfer/average/711-2B_as_mni_average_305_mask.4dfp.img (2306576 pixels)
talsrcimg_g11.4dfp.img
       256       256       256         1
  1.000000  1.000000  1.000000
orientation T byte_order littleendian
Reading image: talsrcimg_g11.4dfp.img
dimensions:      256       256       256
mmppix:       1.0000   -1.0000   -1.0000
center:     128.0000 -129.0000 -129.0000
rotation matrix determinant  1.000000
image alignment mode   4355 decimal     1103 hex
   -7.5000  -45.0000  -45.0000 1754.2832   27.6649
    0.0000  -45.0000  -45.0000 1760.3678   27.5598
    7.5000  -45.0000  -45.0000 1744.8535   27.9429
   -7.5000  -37.5000  -45.0000 1869.2502   24.9115
    0.0000  -37.5000  -45.0000 1873.0663   24.7801
    7.5000  -37.5000  -45.0000 1856.6005   25.1754
   -7.5000  -30.0000  -45.0000 1961.0516   22.9786
    0.0000  -30.0000  -45.0000 1968.3705   22.8392
    7.5000  -30.0000  -45.0000 1943.4851   23.1849
   -7.5000  -22.5000  -45.0000 2020.3079   21.4866
    0.0000  -22.5000  -45.0000 2021.6901   21.4060
    7.5000  -22.5000  -45.0000 1999.8501   21.7857
   -7.5000  -15.0000  -45.0000 2054.2178   20.5592
    0.0000  -15.0000  -45.0000 2055.6067   20.4181
    7.5000  -15.0000  -45.0000 2027.6954   20.8000
   -7.5000   -7.5000  -45.0000 2062.2310   19.9262
    0.0000   -7.5000  -45.0000 2063.5923   19.8369
    7.5000   -7.5000  -45.0000 2047.1707   20.2097
   -7.5000    0.0000  -45.0000 2075.1633   19.8286
    0.0000    0.0000  -45.0000 2068.6365   19.6763
    7.5000    0.0000  -45.0000 2052.9001   20.1088
   -7.5000    7.5000  -45.0000 2055.2871   20.1096
    0.0000    7.5000  -45.0000 2055.0203   19.9648
    7.5000    7.5000  -45.0000 2036.7799   20.3926
   -7.5000   15.0000  -45.0000 2020.0249   20.8043
    0.0000   15.0000  -45.0000 2021.9281   20.6801
    7.5000   15.0000  -45.0000 2000.9086   21.1008
   -7.5000   22.5000  -45.0000 1964.4371   21.9111
    0.0000   22.5000  -45.0000 1964.0947   21.7551
    7.5000   22.5000  -45.0000 1942.2753   22.2428
   -7.5000   30.0000  -45.0000 1883.1698   23.4914
    0.0000   30.0000  -45.0000 1884.2527   23.4626
    7.5000   30.0000  -45.0000 1863.1372   23.9236
   -7.5000   37.5000  -45.0000 1795.4563   25.8024
    0.0000   37.5000  -45.0000 1797.1095   25.7101
    7.5000   37.5000  -45.0000 1776.6692   26.1825
   -7.5000   45.0000  -45.0000 1682.0546   28.8386
    0.0000   45.0000  -45.0000 1688.2084   28.7980
    7.5000   45.0000  -45.0000 1665.6567   29.2656
   -7.5000  -45.0000  -37.5000 1857.8273   25.0028
    0.0000  -45.0000  -37.5000 1859.0531   24.9388
    7.5000  -45.0000  -37.5000 1845.6836   25.3120
   -7.5000  -37.5000  -37.5000 1977.1604   22.5367
    0.0000  -37.5000  -37.5000 1979.0923   22.4562
    7.5000  -37.5000  -37.5000 1957.4325   22.7937
   -7.5000  -30.0000  -37.5000 2069.3872   20.7290
    0.0000  -30.0000  -37.5000 2073.7698   20.6730
    7.5000  -30.0000  -37.5000 2049.4697   20.9710
   -7.5000  -22.5000  -37.5000 2131.6902   19.4490
    0.0000  -22.5000  -37.5000 2130.4177   19.3965
    7.5000  -22.5000  -37.5000 2110.7620   19.7092
   -7.5000  -15.0000  -37.5000 2171.2288   18.5944
    0.0000  -15.0000  -37.5000 2167.2839   18.4768
    7.5000  -15.0000  -37.5000 2145.2351   18.8822
   -7.5000   -7.5000  -37.5000 2183.7190   18.0776
    0.0000   -7.5000  -37.5000 2183.9912   17.9939
    7.5000   -7.5000  -37.5000 2165.4883   18.3761
   -7.5000    0.0000  -37.5000 2183.9297   18.0043
    0.0000    0.0000  -37.5000 2179.9141   17.8860
    7.5000    0.0000  -37.5000 2164.0088   18.2696
   -7.5000    7.5000  -37.5000 2161.6238   18.2937
    0.0000    7.5000  -37.5000 2162.7903   18.1769
    7.5000    7.5000  -37.5000 2142.0635   18.5879
   -7.5000   15.0000  -37.5000 2116.0088   18.9445
    0.0000   15.0000  -37.5000 2118.6887   18.8332
    7.5000   15.0000  -37.5000 2100.1274   19.2663
   -7.5000   22.5000  -37.5000 2054.5935   19.9637
    0.0000   22.5000  -37.5000 2058.9971   19.8412
    7.5000   22.5000  -37.5000 2036.4755   20.3228
   -7.5000   30.0000  -37.5000 1973.3373   21.4154
    0.0000   30.0000  -37.5000 1974.6161   21.3571
    7.5000   30.0000  -37.5000 1948.0480   21.8939
   -7.5000   37.5000  -37.5000 1877.4778   23.4902
    0.0000   37.5000  -37.5000 1881.9968   23.4065
    7.5000   37.5000  -37.5000 1855.2053   23.9101
   -7.5000   45.0000  -37.5000 1763.9097   26.2239
    0.0000   45.0000  -37.5000 1769.6091   26.1814
    7.5000   45.0000  -37.5000 1745.8311   26.6717
   -7.5000  -45.0000  -30.0000 1988.9025   23.4723
    0.0000  -45.0000  -30.0000 1983.9989   23.3690
    7.5000  -45.0000  -30.0000 1969.6067   23.7301
   -7.5000  -37.5000  -30.0000 2110.2151   21.1186
    0.0000  -37.5000  -30.0000 2108.4988   21.0356
    7.5000  -37.5000  -30.0000 2089.4309   21.3459
   -7.5000  -30.0000  -30.0000 2209.0940   19.4638
    0.0000  -30.0000  -30.0000 2205.6604   19.4324
    7.5000  -30.0000  -30.0000 2189.0034   19.6865
   -7.5000  -22.5000  -30.0000 2270.7251   18.2648
    0.0000  -22.5000  -30.0000 2268.7476   18.2479
    7.5000  -22.5000  -30.0000 2249.6819   18.4992
   -7.5000  -15.0000  -30.0000 2314.4880   17.3992
    0.0000  -15.0000  -30.0000 2312.1389   17.3883
    7.5000  -15.0000  -30.0000 2293.5994   17.7079
   -7.5000   -7.5000  -30.0000 2338.3054   16.9921
    0.0000   -7.5000  -30.0000 2337.7332   16.9134
    7.5000   -7.5000  -30.0000 2314.9431   17.2450
   -7.5000    0.0000  -30.0000 2339.6887   16.8927
    0.0000    0.0000  -30.0000 2337.7087   16.8280
    7.5000    0.0000  -30.0000 2318.0640   17.1702
   -7.5000    7.5000  -30.0000 2314.8291   17.2461
    0.0000    7.5000  -30.0000 2316.1804   17.1559
    7.5000    7.5000  -30.0000 2293.6741   17.5168
   -7.5000   15.0000  -30.0000 2265.4246   17.9099
    0.0000   15.0000  -30.0000 2264.1931   17.8231
    7.5000   15.0000  -30.0000 2245.2610   18.2401
   -7.5000   22.5000  -30.0000 2194.9897   18.8773
    0.0000   22.5000  -30.0000 2200.1218   18.8151
    7.5000   22.5000  -30.0000 2174.0576   19.3011
   -7.5000   30.0000  -30.0000 2111.0957   20.3414
    0.0000   30.0000  -30.0000 2113.2903   20.2131
    7.5000   30.0000  -30.0000 2081.3232   20.7862
   -7.5000   37.5000  -30.0000 2003.0367   22.2824
    0.0000   37.5000  -30.0000 2005.0992   22.1832
    7.5000   37.5000  -30.0000 1976.5997   22.7186
   -7.5000   45.0000  -30.0000 1876.3812   24.9025
    0.0000   45.0000  -30.0000 1879.7516   24.8290
    7.5000   45.0000  -30.0000 1853.5240   25.3569
   -7.5000  -45.0000  -22.5000 2091.8660   21.9160
    0.0000  -45.0000  -22.5000 2097.6177   21.8497
    7.5000  -45.0000  -22.5000 2070.9619   22.2007
   -7.5000  -37.5000  -22.5000 2215.6555   19.6764
    0.0000  -37.5000  -22.5000 2220.2649   19.6680
    7.5000  -37.5000  -22.5000 2194.5491   19.9479
   -7.5000  -30.0000  -22.5000 2321.0334   18.0824
    0.0000  -30.0000  -22.5000 2318.4746   18.0835
    7.5000  -30.0000  -22.5000 2297.1362   18.3510
   -7.5000  -22.5000  -22.5000 2389.9595   16.9821
    0.0000  -22.5000  -22.5000 2389.4353   17.0072
    7.5000  -22.5000  -22.5000 2365.9583   17.2379
   -7.5000  -15.0000  -22.5000 2431.7375   16.1735
    0.0000  -15.0000  -22.5000 2439.0449   16.2102
    7.5000  -15.0000  -22.5000 2410.4395   16.4905
   -7.5000   -7.5000  -22.5000 2470.0938   15.8326
    0.0000   -7.5000  -22.5000 2474.1216   15.8078
    7.5000   -7.5000  -22.5000 2442.2854   16.1159
   -7.5000    0.0000  -22.5000 2478.3792   15.7955
    0.0000    0.0000  -22.5000 2477.9226   15.7182
    7.5000    0.0000  -22.5000 2449.2800   16.0419
   -7.5000    7.5000  -22.5000 2452.6077   16.1470
    0.0000    7.5000  -22.5000 2454.0225   16.0729
    7.5000    7.5000  -22.5000 2422.9756   16.4119
   -7.5000   15.0000  -22.5000 2396.7996   16.8308
    0.0000   15.0000  -22.5000 2401.6597   16.7776
    7.5000   15.0000  -22.5000 2373.2471   17.1531
   -7.5000   22.5000  -22.5000 2323.4937   17.8101
    0.0000   22.5000  -22.5000 2327.2285   17.7387
    7.5000   22.5000  -22.5000 2294.9214   18.1610
   -7.5000   30.0000  -22.5000 2229.8008   19.2104
    0.0000   30.0000  -22.5000 2225.6472   19.1214
    7.5000   30.0000  -22.5000 2193.1655   19.5827
   -7.5000   37.5000  -22.5000 2104.5195   21.0767
    0.0000   37.5000  -22.5000 2101.2061   20.9858
    7.5000   37.5000  -22.5000 2074.4771   21.4852
   -7.5000   45.0000  -22.5000 1970.5807   23.6319
    0.0000   45.0000  -22.5000 1970.2800   23.5285
    7.5000   45.0000  -22.5000 1941.9719   23.9960
   -7.5000  -45.0000  -15.0000 2168.2097   20.4787
    0.0000  -45.0000  -15.0000 2171.5068   20.3926
    7.5000  -45.0000  -15.0000 2147.2891   20.7924
   -7.5000  -37.5000  -15.0000 2299.9985   18.4057
    0.0000  -37.5000  -15.0000 2305.3779   18.3642
    7.5000  -37.5000  -15.0000 2278.2776   18.7261
   -7.5000  -30.0000  -15.0000 2406.0903   16.8274
    0.0000  -30.0000  -15.0000 2410.6165   16.8029
    7.5000  -30.0000  -15.0000 2378.0430   17.1255
   -7.5000  -22.5000  -15.0000 2486.2686   15.7641
    0.0000  -22.5000  -15.0000 2492.3335   15.7647
    7.5000  -22.5000  -15.0000 2456.2583   16.0287
   -7.5000  -15.0000  -15.0000 2537.3223   15.0377
    0.0000  -15.0000  -15.0000 2545.1055   15.0696
    7.5000  -15.0000  -15.0000 2507.2178   15.3239
   -7.5000   -7.5000  -15.0000 2582.5134   14.7678
    0.0000   -7.5000  -15.0000 2584.2649   14.7552
    7.5000   -7.5000  -15.0000 2547.3535   15.0389
   -7.5000    0.0000  -15.0000 2592.4048   14.7449
    0.0000    0.0000  -15.0000 2593.4541   14.6918
    7.5000    0.0000  -15.0000 2558.3511   15.0322
   -7.5000    7.5000  -15.0000 2565.2026   15.1171
    0.0000    7.5000  -15.0000 2573.9138   15.0686
    7.5000    7.5000  -15.0000 2535.6274   15.4418
   -7.5000   15.0000  -15.0000 2507.2026   15.8013
    0.0000   15.0000  -15.0000 2514.0464   15.7707
    7.5000   15.0000  -15.0000 2475.9229   16.1430
   -7.5000   22.5000  -15.0000 2429.7908   16.7544
    0.0000   22.5000  -15.0000 2430.3789   16.7085
    7.5000   22.5000  -15.0000 2388.8291   17.0582
   -7.5000   30.0000  -15.0000 2320.1553   18.1066
    0.0000   30.0000  -15.0000 2317.4233   18.0357
    7.5000   30.0000  -15.0000 2277.1423   18.4181
   -7.5000   37.5000  -15.0000 2183.9863   19.9735
    0.0000   37.5000  -15.0000 2176.4800   19.8504
    7.5000   37.5000  -15.0000 2146.5564   20.2695
   -7.5000   45.0000  -15.0000 2036.7822   22.3467
    0.0000   45.0000  -15.0000 2033.8048   22.2055
    7.5000   45.0000  -15.0000 2005.4750   22.7039
   -7.5000  -45.0000   -7.5000 2232.4612   19.2628
    0.0000  -45.0000   -7.5000 2237.1665   19.1143
    7.5000  -45.0000   -7.5000 2212.3923   19.6403
   -7.5000  -37.5000   -7.5000 2370.6880   17.2898
    0.0000  -37.5000   -7.5000 2373.6960   17.1756
    7.5000  -37.5000   -7.5000 2344.8608   17.6340
   -7.5000  -30.0000   -7.5000 2483.3142   15.8040
    0.0000  -30.0000   -7.5000 2486.1028   15.7343
    7.5000  -30.0000   -7.5000 2453.4409   16.1089
   -7.5000  -22.5000   -7.5000 2570.0547   14.7199
    0.0000  -22.5000   -7.5000 2577.8108   14.6539
    7.5000  -22.5000   -7.5000 2535.8630   14.9976
   -7.5000  -15.0000   -7.5000 2635.7634   14.0138
    0.0000  -15.0000   -7.5000 2643.9172   13.9958
    7.5000  -15.0000   -7.5000 2595.8174   14.3133
   -7.5000   -7.5000   -7.5000 2682.6074   13.7662
    0.0000   -7.5000   -7.5000 2686.7549   13.7382
    7.5000   -7.5000   -7.5000 2642.6013   14.0707
   -7.5000    0.0000   -7.5000 2686.1741   13.8069
    0.0000    0.0000   -7.5000 2694.9138   13.7371
    7.5000    0.0000   -7.5000 2654.0120   14.0903
   -7.5000    7.5000   -7.5000 2659.5725   14.1588
    0.0000    7.5000   -7.5000 2670.8796   14.1589
    7.5000    7.5000   -7.5000 2624.9360   14.5212
   -7.5000   15.0000   -7.5000 2602.5122   14.8145
    0.0000   15.0000   -7.5000 2606.7734   14.7911
    7.5000   15.0000   -7.5000 2560.9727   15.1326
   -7.5000   22.5000   -7.5000 2514.3484   15.7583
    0.0000   22.5000   -7.5000 2512.2527   15.7273
    7.5000   22.5000   -7.5000 2465.9753   16.0675
   -7.5000   30.0000   -7.5000 2391.5796   17.1066
    0.0000   30.0000   -7.5000 2392.3601   17.0408
    7.5000   30.0000   -7.5000 2346.7021   17.3749
   -7.5000   37.5000   -7.5000 2245.4446   18.8662
    0.0000   37.5000   -7.5000 2243.1934   18.7554
    7.5000   37.5000   -7.5000 2204.8481   19.1396
   -7.5000   45.0000   -7.5000 2085.4426   21.1146
    0.0000   45.0000   -7.5000 2082.8301   20.9710
    7.5000   45.0000   -7.5000 2055.4702   21.3887
   -7.5000  -45.0000    0.0000 2289.0029   18.3732
    0.0000  -45.0000    0.0000 2293.2341   18.1794
    7.5000  -45.0000    0.0000 2267.7358   18.7689
   -7.5000  -37.5000    0.0000 2425.0645   16.4449
    0.0000  -37.5000    0.0000 2429.4404   16.2775
    7.5000  -37.5000    0.0000 2398.3064   16.8264
   -7.5000  -30.0000    0.0000 2543.7043   15.0101
    0.0000  -30.0000    0.0000 2550.3176   14.8719
    7.5000  -30.0000    0.0000 2513.2493   15.3492
   -7.5000  -22.5000    0.0000 2646.5029   13.9356
    0.0000  -22.5000    0.0000 2658.9785   13.8433
    7.5000  -22.5000    0.0000 2608.8572   14.2550
   -7.5000  -15.0000    0.0000 2723.0698   13.2159
    0.0000  -15.0000    0.0000 2734.7798   13.1575
    7.5000  -15.0000    0.0000 2672.7402   13.5356
   -7.5000   -7.5000    0.0000 2770.1379   12.9518
    0.0000   -7.5000    0.0000 2781.1919   12.8966
    7.5000   -7.5000    0.0000 2725.4607   13.2785
   -7.5000    0.0000    0.0000 2770.7686   13.0022
    0.0000    0.0000    0.0000 2789.0164   12.9853
    7.5000    0.0000    0.0000 2742.7688   13.3523
   -7.5000    7.5000    0.0000 2744.4778   13.3932
    0.0000    7.5000    0.0000 2757.4158   13.3842
    7.5000    7.5000    0.0000 2708.5288   13.7204
   -7.5000   15.0000    0.0000 2682.3118   14.0545
    0.0000   15.0000    0.0000 2688.1589   14.0433
    7.5000   15.0000    0.0000 2636.3491   14.3613
   -7.5000   22.5000    0.0000 2583.5854   15.0231
    0.0000   22.5000    0.0000 2582.4790   14.9874
    7.5000   22.5000    0.0000 2535.7712   15.2880
   -7.5000   30.0000    0.0000 2444.4368   16.3287
    0.0000   30.0000    0.0000 2445.9841   16.2735
    7.5000   30.0000    0.0000 2403.8091   16.5675
   -7.5000   37.5000    0.0000 2289.9575   18.0126
    0.0000   37.5000    0.0000 2294.3040   17.9177
    7.5000   37.5000    0.0000 2251.1365   18.2119
   -7.5000   45.0000    0.0000 2122.2654   20.1912
    0.0000   45.0000    0.0000 2123.3726   20.0455
    7.5000   45.0000    0.0000 2090.8242   20.3839
   -7.5000  -45.0000    7.5000 2330.1860   17.7259
    0.0000  -45.0000    7.5000 2339.7910   17.5709
    7.5000  -45.0000    7.5000 2306.6682   18.1777
   -7.5000  -37.5000    7.5000 2465.2561   15.8480
    0.0000  -37.5000    7.5000 2473.0112   15.6973
    7.5000  -37.5000    7.5000 2441.3052   16.2577
   -7.5000  -30.0000    7.5000 2593.0327   14.4252
    0.0000  -30.0000    7.5000 2602.2537   14.2991
    7.5000  -30.0000    7.5000 2561.7100   14.8273
   -7.5000  -22.5000    7.5000 2712.2122   13.4534
    0.0000  -22.5000    7.5000 2725.9509   13.3411
    7.5000  -22.5000    7.5000 2675.3503   13.8190
   -7.5000  -15.0000    7.5000 2797.1013   12.6929
    0.0000  -15.0000    7.5000 2812.7261   12.6433
    7.5000  -15.0000    7.5000 2739.9609   13.0595
   -7.5000   -7.5000    7.5000 2835.7810   12.2413
    0.0000   -7.5000    7.5000 2850.9202   12.2377
    7.5000   -7.5000    7.5000 2795.9836   12.7210
   -7.5000    0.0000    7.5000 2846.7705   12.3888
    0.0000    0.0000    7.5000 2862.1226   12.3573
    7.5000    0.0000    7.5000 2807.4734   12.7678
   -7.5000    7.5000    7.5000 2823.8481   12.8979
    0.0000    7.5000    7.5000 2837.8306   12.8920
    7.5000    7.5000    7.5000 2777.8181   13.1570
   -7.5000   15.0000    7.5000 2743.4751   13.5575
    0.0000   15.0000    7.5000 2752.7351   13.5380
    7.5000   15.0000    7.5000 2703.8391   13.8122
   -7.5000   22.5000    7.5000 2623.9895   14.5241
    0.0000   22.5000    7.5000 2629.7747   14.4888
    7.5000   22.5000    7.5000 2586.6577   14.7518
   -7.5000   30.0000    7.5000 2477.9099   15.8024
    0.0000   30.0000    7.5000 2482.0505   15.7362
    7.5000   30.0000    7.5000 2440.7229   16.0058
   -7.5000   37.5000    7.5000 2328.9287   17.4198
    0.0000   37.5000    7.5000 2327.0850   17.3037
    7.5000   37.5000    7.5000 2281.7234   17.5992
   -7.5000   45.0000    7.5000 2148.2019   19.5027
    0.0000   45.0000    7.5000 2147.2051   19.3431
    7.5000   45.0000    7.5000 2118.2278   19.6860
   -7.5000  -45.0000   15.0000 2352.6643   17.4480
    0.0000  -45.0000   15.0000 2368.8523   17.2959
    7.5000  -45.0000   15.0000 2327.4304   17.8498
   -7.5000  -37.5000   15.0000 2495.8911   15.6198
    0.0000  -37.5000   15.0000 2510.4163   15.4417
    7.5000  -37.5000   15.0000 2467.7432   15.9965
   -7.5000  -30.0000   15.0000 2629.5349   14.2112
    0.0000  -30.0000   15.0000 2643.2070   14.0580
    7.5000  -30.0000   15.0000 2598.1331   14.6157
   -7.5000  -22.5000   15.0000 2746.7468   13.2194
    0.0000  -22.5000   15.0000 2764.1633   13.1070
    7.5000  -22.5000   15.0000 2706.5813   13.5712
   -7.5000  -15.0000   15.0000 2828.3394   12.3895
    0.0000  -15.0000   15.0000 2847.2485   12.3258
    7.5000  -15.0000   15.0000 2778.0903   12.8931
   -7.5000   -7.5000   15.0000 2861.2695   11.8774
    0.0000   -7.5000   15.0000 2872.7603   11.7962
    7.5000   -7.5000   15.0000 2825.5247   12.4878
   -7.5000    0.0000   15.0000 2881.4902   12.1011
    0.0000    0.0000   15.0000 2894.7625   12.0212
    7.5000    0.0000   15.0000 2831.5811   12.4152
   -7.5000    7.5000   15.0000 2852.3062   12.6115
    0.0000    7.5000   15.0000 2869.4214   12.5492
    7.5000    7.5000   15.0000 2812.1047   12.8234
   -7.5000   15.0000   15.0000 2762.7297   13.3169
    0.0000   15.0000   15.0000 2778.9380   13.2642
    7.5000   15.0000   15.0000 2729.0896   13.5369
   -7.5000   22.5000   15.0000 2633.4009   14.3121
    0.0000   22.5000   15.0000 2647.2373   14.2440
    7.5000   22.5000   15.0000 2603.0330   14.5303
   -7.5000   30.0000   15.0000 2491.4692   15.5276
    0.0000   30.0000   15.0000 2495.5183   15.4345
    7.5000   30.0000   15.0000 2449.5193   15.7506
   -7.5000   37.5000   15.0000 2336.2322   17.1126
    0.0000   37.5000   15.0000 2340.2451   16.9544
    7.5000   37.5000   15.0000 2294.3518   17.3219
   -7.5000   45.0000   15.0000 2150.8254   19.1759
    0.0000   45.0000   15.0000 2151.5288   19.0206
    7.5000   45.0000   15.0000 2129.0916   19.3982
   -7.5000  -45.0000   22.5000 2370.1985   17.5375
    0.0000  -45.0000   22.5000 2384.9189   17.3678
    7.5000  -45.0000   22.5000 2341.8340   17.8826
   -7.5000  -37.5000   22.5000 2517.1184   15.7477
    0.0000  -37.5000   22.5000 2534.7048   15.5832
    7.5000  -37.5000   22.5000 2482.3870   16.0645
   -7.5000  -30.0000   22.5000 2645.1494   14.3665
    0.0000  -30.0000   22.5000 2662.4500   14.2374
    7.5000  -30.0000   22.5000 2608.5381   14.6640
   -7.5000  -22.5000   22.5000 2750.1797   13.2728
    0.0000  -22.5000   22.5000 2765.0862   13.1709
    7.5000  -22.5000   22.5000 2713.7793   13.6471
   -7.5000  -15.0000   22.5000 2815.4346   12.4083
    0.0000  -15.0000   22.5000 2829.6958   12.3210
    7.5000  -15.0000   22.5000 2779.1626   12.9254
   -7.5000   -7.5000   22.5000 2865.8066   12.0703
    0.0000   -7.5000   22.5000 2872.3755   11.9634
    7.5000   -7.5000   22.5000 2822.9800   12.5010
   -7.5000    0.0000   22.5000 2875.6567   12.1858
    0.0000    0.0000   22.5000 2882.2021   12.0261
    7.5000    0.0000   22.5000 2827.4580   12.4697
   -7.5000    7.5000   22.5000 2836.1216   12.6296
    0.0000    7.5000   22.5000 2845.9329   12.4892
    7.5000    7.5000   22.5000 2796.5356   12.8416
   -7.5000   15.0000   22.5000 2744.5146   13.3634
    0.0000   15.0000   22.5000 2756.8855   13.2483
    7.5000   15.0000   22.5000 2716.6274   13.5498
   -7.5000   22.5000   22.5000 2622.6931   14.3380
    0.0000   22.5000   22.5000 2634.6885   14.2416
    7.5000   22.5000   22.5000 2588.3870   14.5219
   -7.5000   30.0000   22.5000 2482.5234   15.5348
    0.0000   30.0000   22.5000 2492.2805   15.4500
    7.5000   30.0000   22.5000 2440.0237   15.7626
   -7.5000   37.5000   22.5000 2323.4438   17.1080
    0.0000   37.5000   22.5000 2329.8889   16.9852
    7.5000   37.5000   22.5000 2290.0022   17.3309
   -7.5000   45.0000   22.5000 2140.5850   19.1273
    0.0000   45.0000   22.5000 2138.8638   19.0117
    7.5000   45.0000   22.5000 2119.4131   19.3834
   -7.5000  -45.0000   30.0000 2361.2595   17.8891
    0.0000  -45.0000   30.0000 2377.4092   17.7798
    7.5000  -45.0000   30.0000 2330.8286   18.2240
   -7.5000  -37.5000   30.0000 2509.2695   16.0968
    0.0000  -37.5000   30.0000 2526.8835   16.0009
    7.5000  -37.5000   30.0000 2471.0942   16.3828
   -7.5000  -30.0000   30.0000 2626.5994   14.7011
    0.0000  -30.0000   30.0000 2642.8923   14.5986
    7.5000  -30.0000   30.0000 2593.2830   14.9936
   -7.5000  -22.5000   30.0000 2725.0032   13.5727
    0.0000  -22.5000   30.0000 2734.5168   13.4548
    7.5000  -22.5000   30.0000 2686.0754   13.9340
   -7.5000  -15.0000   30.0000 2794.0488   12.8321
    0.0000  -15.0000   30.0000 2807.6658   12.7482
    7.5000  -15.0000   30.0000 2746.4509   13.1940
   -7.5000   -7.5000   30.0000 2830.7969   12.5658
    0.0000   -7.5000   30.0000 2840.5625   12.4797
    7.5000   -7.5000   30.0000 2788.6841   12.8673
   -7.5000    0.0000   30.0000 2820.1404   12.5749
    0.0000    0.0000   30.0000 2832.0825   12.4831
    7.5000    0.0000   30.0000 2782.4890   12.8236
   -7.5000    7.5000   30.0000 2774.3279   12.9288
    0.0000    7.5000   30.0000 2782.9937   12.8582
    7.5000    7.5000   30.0000 2743.1973   13.1361
   -7.5000   15.0000   30.0000 2688.6638   13.5982
    0.0000   15.0000   30.0000 2694.0261   13.5105
    7.5000   15.0000   30.0000 2660.0933   13.7779
   -7.5000   22.5000   30.0000 2579.1597   14.5558
    0.0000   22.5000   30.0000 2582.6702   14.4604
    7.5000   22.5000   30.0000 2541.6797   14.7359
   -7.5000   30.0000   30.0000 2446.4370   15.7769
    0.0000   30.0000   30.0000 2447.7368   15.6653
    7.5000   30.0000   30.0000 2409.6355   15.9733
   -7.5000   37.5000   30.0000 2288.0337   17.3553
    0.0000   37.5000   30.0000 2289.4790   17.1851
    7.5000   37.5000   30.0000 2258.9312   17.5971
   -7.5000   45.0000   30.0000 2112.5486   19.3719
    0.0000   45.0000   30.0000 2116.7236   19.2005
    7.5000   45.0000   30.0000 2093.0247   19.6441
   -7.5000  -45.0000   37.5000 2335.1152   18.4242
    0.0000  -45.0000   37.5000 2349.4460   18.4063
    7.5000  -45.0000   37.5000 2308.5481   18.8050
   -7.5000  -37.5000   37.5000 2477.8271   16.6442
    0.0000  -37.5000   37.5000 2494.3240   16.6243
    7.5000  -37.5000   37.5000 2443.7283   16.9910
   -7.5000  -30.0000   37.5000 2589.6694   15.2262
    0.0000  -30.0000   37.5000 2603.1990   15.2235
    7.5000  -30.0000   37.5000 2551.2058   15.5481
   -7.5000  -22.5000   37.5000 2680.9800   14.1960
    0.0000  -22.5000   37.5000 2693.4451   14.1623
    7.5000  -22.5000   37.5000 2636.9277   14.4759
   -7.5000  -15.0000   37.5000 2743.8662   13.5010
    0.0000  -15.0000   37.5000 2755.4214   13.5162
    7.5000  -15.0000   37.5000 2698.0356   13.7676
   -7.5000   -7.5000   37.5000 2765.8313   13.2285
    0.0000   -7.5000   37.5000 2781.2148   13.1989
    7.5000   -7.5000   37.5000 2723.4871   13.4807
   -7.5000    0.0000   37.5000 2746.6958   13.1690
    0.0000    0.0000   37.5000 2762.9150   13.1301
    7.5000    0.0000   37.5000 2714.1318   13.3902
   -7.5000    7.5000   37.5000 2698.2595   13.4344
    0.0000    7.5000   37.5000 2704.6882   13.4117
    7.5000    7.5000   37.5000 2672.3672   13.6567
   -7.5000   15.0000   37.5000 2615.0537   14.0963
    0.0000   15.0000   37.5000 2624.1941   14.0761
    7.5000   15.0000   37.5000 2588.7649   14.3133
   -7.5000   22.5000   37.5000 2512.1296   15.0457
    0.0000   22.5000   37.5000 2515.3318   14.9864
    7.5000   22.5000   37.5000 2477.1516   15.2545
   -7.5000   30.0000   37.5000 2379.5151   16.2296
    0.0000   30.0000   37.5000 2384.0300   16.1310
    7.5000   30.0000   37.5000 2354.9172   16.4586
   -7.5000   37.5000   37.5000 2232.8708   17.7775
    0.0000   37.5000   37.5000 2233.0303   17.6689
    7.5000   37.5000   37.5000 2208.6316   18.0695
   -7.5000   45.0000   37.5000 2083.1492   19.8225
    0.0000   45.0000   37.5000 2083.5825   19.6958
    7.5000   45.0000   37.5000 2057.4629   20.1881
   -7.5000  -45.0000   45.0000 2294.9111   19.2709
    0.0000  -45.0000   45.0000 2307.9165   19.2448
    7.5000  -45.0000   45.0000 2269.5771   19.6251
   -7.5000  -37.5000   45.0000 2426.0642   17.3796
    0.0000  -37.5000   45.0000 2438.7810   17.4169
    7.5000  -37.5000   45.0000 2396.5974   17.7503
   -7.5000  -30.0000   45.0000 2535.2771   16.0436
    0.0000  -30.0000   45.0000 2544.9365   16.0212
    7.5000  -30.0000   45.0000 2493.9021   16.3071
   -7.5000  -22.5000   45.0000 2616.3467   15.0362
    0.0000  -22.5000   45.0000 2624.1111   15.0132
    7.5000  -22.5000   45.0000 2576.3032   15.2810
   -7.5000  -15.0000   45.0000 2660.5601   14.3386
    0.0000  -15.0000   45.0000 2672.5967   14.3453
    7.5000  -15.0000   45.0000 2626.9028   14.5679
   -7.5000   -7.5000   45.0000 2680.8025   14.0327
    0.0000   -7.5000   45.0000 2696.4937   13.9750
    7.5000   -7.5000   45.0000 2645.7520   14.2406
   -7.5000    0.0000   45.0000 2660.6404   13.9329
    0.0000    0.0000   45.0000 2673.2454   13.8631
    7.5000    0.0000   45.0000 2632.6951   14.1162
   -7.5000    7.5000   45.0000 2609.4927   14.1634
    0.0000    7.5000   45.0000 2616.1609   14.1423
    7.5000    7.5000   45.0000 2585.4121   14.3847
   -7.5000   15.0000   45.0000 2534.7898   14.8232
    0.0000   15.0000   45.0000 2538.7151   14.8282
    7.5000   15.0000   45.0000 2502.2710   15.0563
   -7.5000   22.5000   45.0000 2429.4026   15.7844
    0.0000   22.5000   45.0000 2434.7776   15.7759
    7.5000   22.5000   45.0000 2402.5867   16.0450
   -7.5000   30.0000   45.0000 2303.2236   16.9408
    0.0000   30.0000   45.0000 2305.4080   16.9084
    7.5000   30.0000   45.0000 2276.6602   17.2232
   -7.5000   37.5000   45.0000 2169.4609   18.4905
    0.0000   37.5000   45.0000 2163.1750   18.3965
    7.5000   37.5000   45.0000 2146.5354   18.8033
   -7.5000   45.0000   45.0000 2031.8827   20.5783
    0.0000   45.0000   45.0000 2027.1971   20.4700
    7.5000   45.0000   45.0000 2005.6302   20.8703

---------------------------------------------------------------------
imgreg_4dfp /opt/freesurfer/average/711-2C_as_mni_average_305 /opt/freesurfer/average/711-2B_as_mni_average_305_mask talsrcimg_g11 none talsrcimg_to_711-2C_as_mni_average_305_t4 1283
---------------------------------------------------------------------

freesurfer imgreg_4dfp.c
/opt/freesurfer/average/711-2C_as_mni_average_305.4dfp.img
       256       256       256         1
  1.000000  1.000000  1.000000
orientation T byte_order littleendian
Reading image: /opt/freesurfer/average/711-2C_as_mni_average_305.4dfp.img
dimensions:      256       256       256
mmppix:       1.0000   -1.0000   -1.0000
center:     128.0000 -129.0000 -129.0000
/opt/freesurfer/average/711-2B_as_mni_average_305_mask.4dfp.img
       256       256       256         1
  1.000000  1.000000  1.000000
orientation T byte_order littleendian
Reading mask: /opt/freesurfer/average/711-2B_as_mni_average_305_mask.4dfp.img (2306576 pixels)
talsrcimg_g11.4dfp.img
       256       256       256         1
  1.000000  1.000000  1.000000
orientation T byte_order littleendian
Reading image: talsrcimg_g11.4dfp.img
dimensions:      256       256       256
mmppix:       1.0000   -1.0000   -1.0000
center:     128.0000 -129.0000 -129.0000
rotation matrix determinant  1.000000
fimgreg.f
image alignment mode   1283 decimal      503 hex
parameters
    0.0000    0.0000   15.0000    0.0000    0.0000    0.0000
eta,q 0.90985 11.98903
niter,ni,del,rscale     5    3   12.0000    1.2000
parameter  6 -0.475124 ->  0.500000 qaram    1.1500
parameters
   -2.6044    0.3813   15.4024    2.7854   -0.1078   -3.4500
eta,q 0.91407 11.99925
  0.0888  0.1008  0.0937  0.0957  0.0885  0.0856
  0.0879  0.0938  0.0908  0.0917  0.0865  0.0859
  0.0885  0.0890  0.0884  0.0881  0.0858  0.0860
  0.0889  0.0876  0.0867  0.0858  0.0858  0.0858
  0.0903  0.0868  0.0852  0.0856  0.0869  0.0860
  0.0950  0.0919  0.0883  0.0861  0.0876  0.0861
  0.1031  0.0979  0.0934  0.0862  0.0876  0.0859
niter,ni,del,rscale     5    3   12.0000    1.2000
parameters
   -2.5708   -0.4597   15.2492    5.7851   -0.2993   -2.0452
eta,q 0.91488 11.94157
  0.0927  0.0922  0.0909  0.0917  0.0882  0.0880
  0.0880  0.0866  0.0876  0.0885  0.0859  0.0853
  0.0862  0.0852  0.0856  0.0866  0.0848  0.0844
  0.0859  0.0859  0.0856  0.0856  0.0849  0.0849
  0.0866  0.0875  0.0849  0.0851  0.0858  0.0853
  0.0884  0.0916  0.0869  0.0849  0.0871  0.0854
  0.0921  0.0951  0.0927  0.0854  0.0876  0.0852
niter,ni,del,rscale     4    3   12.0000    1.2000
parameter  2  0.575344 ->  0.500000 qaram    1.1500
parameter  4 -0.974418 -> -0.500000 qaram    1.1500
parameters
   -2.7132   -3.9097   15.2534    9.2351   -0.8315   -1.3947
eta,q 0.92357 11.77661
  0.0908  0.0851  0.0931  0.0936  0.0818  0.0804
  0.0867  0.0807  0.0861  0.0881  0.0785  0.0784
  0.0855  0.0815  0.0806  0.0837  0.0768  0.0771
  0.0851  0.0851  0.0803  0.0803  0.0764  0.0764
  0.0859  0.0876  0.0840  0.0776  0.0778  0.0769
  0.0876  0.0902  0.0890  0.0762  0.0806  0.0781
  0.0909  0.0929  0.0900  0.0759  0.0834  0.0789
niter,ni,del,rscale     5    3   12.0000    1.2000
parameters
   -2.3864   -3.9313   15.7121   12.0929   -0.6133    0.4131
eta,q 0.92506 11.80595
  0.0916  0.0917  0.0922  0.0871  0.0819  0.0807
  0.0849  0.0854  0.0862  0.0824  0.0782  0.0784
  0.0789  0.0782  0.0791  0.0788  0.0759  0.0765
  0.0764  0.0762  0.0762  0.0762  0.0752  0.0752
  0.0773  0.0819  0.0783  0.0752  0.0761  0.0749
  0.0825  0.0866  0.0840  0.0755  0.0782  0.0761
  0.0890  0.0899  0.0877  0.0775  0.0805  0.0770
niter,ni,del,rscale     4    3   12.0000    1.2000
parameters
   -2.2413   -4.5284   16.1727   12.6754   -0.5931    0.9916
eta,q 0.92613 11.76721
  0.0869  0.0893  0.0878  0.0827  0.0801  0.0785
  0.0818  0.0825  0.0831  0.0789  0.0765  0.0764
  0.0765  0.0755  0.0778  0.0759  0.0745  0.0746
  0.0749  0.0749  0.0744  0.0741  0.0738  0.0738
  0.0767  0.0817  0.0756  0.0744  0.0747  0.0747
  0.0801  0.0873  0.0808  0.0773  0.0768  0.0759
  0.0863  0.0917  0.0847  0.0804  0.0797  0.0769
niter,ni,del,rscale     3    3   12.0000    1.2000
parameters
   -2.2117   -4.8592   16.3568   13.0964   -0.5041    1.1423
eta,q 0.92638 11.74382
  0.0861  0.0893  0.0859  0.0825  0.0798  0.0780
  0.0810  0.0840  0.0813  0.0786  0.0761  0.0758
  0.0752  0.0762  0.0768  0.0757  0.0742  0.0741
  0.0739  0.0739  0.0738  0.0737  0.0736  0.0736
  0.0758  0.0797  0.0759  0.0746  0.0743  0.0746
  0.0796  0.0866  0.0811  0.0777  0.0762  0.0759
  0.0864  0.0907  0.0843  0.0806  0.0791  0.0772
niter,ni,del,rscale     2    3   12.0000    1.2000
parameters
   -2.2024   -5.0498   16.3701   13.2824   -0.4885    1.2091
eta,q 0.92649 11.73370
  0.0859  0.0894  0.0849  0.0820  0.0794  0.0778
  0.0808  0.0851  0.0805  0.0782  0.0758  0.0757
  0.0749  0.0769  0.0764  0.0753  0.0740  0.0739
  0.0736  0.0736  0.0736  0.0736  0.0735  0.0735
  0.0755  0.0790  0.0760  0.0749  0.0742  0.0745
  0.0794  0.0863  0.0813  0.0781  0.0761  0.0759
  0.0864  0.0904  0.0843  0.0810  0.0791  0.0773
niter,ni,del,rscale     1    3   12.0000    1.2000
parameters
   -2.1986   -5.1534   16.3534   13.3652   -0.4840    1.2388
eta,q 0.92651 11.72973
  0.0859  0.0894  0.0846  0.0818  0.0794  0.0778
  0.0807  0.0856  0.0803  0.0779  0.0758  0.0757
  0.0748  0.0773  0.0763  0.0751  0.0740  0.0739
  0.0735  0.0735  0.0735  0.0735  0.0735  0.0735
  0.0754  0.0784  0.0759  0.0751  0.0742  0.0745
  0.0794  0.0860  0.0812  0.0782  0.0761  0.0759
  0.0865  0.0901  0.0843  0.0811  0.0791  0.0774
registration optimization eta report
parameter search radius
    6.0000    6.9000    6.0000    6.9000    6.0000    6.9000
100000*second partial in parameter space
       35.       31.       28.       16.       16.        8.
  0.0859  0.0894  0.0846  0.0818  0.0794  0.0778
  0.0807  0.0856  0.0803  0.0779  0.0758  0.0757
  0.0748  0.0773  0.0763  0.0751  0.0740  0.0739
  0.0735  0.0735  0.0735  0.0735  0.0735  0.0735
  0.0754  0.0784  0.0759  0.0751  0.0742  0.0745
  0.0794  0.0860  0.0812  0.0782  0.0761  0.0759
  0.0865  0.0901  0.0843  0.0811  0.0791  0.0774
   -2.1986   -5.1534   16.3534   13.3652   -0.4840    1.2388
eta,q 0.92651 11.72973

---------------------------------------------------------------------
imgreg_4dfp /opt/freesurfer/average/711-2C_as_mni_average_305 /opt/freesurfer/average/711-2B_as_mni_average_305_mask talsrcimg_g11 none talsrcimg_to_711-2C_as_mni_average_305_t4 3335
---------------------------------------------------------------------

freesurfer imgreg_4dfp.c
/opt/freesurfer/average/711-2C_as_mni_average_305.4dfp.img
       256       256       256         1
  1.000000  1.000000  1.000000
orientation T byte_order littleendian
Reading image: /opt/freesurfer/average/711-2C_as_mni_average_305.4dfp.img
dimensions:      256       256       256
mmppix:       1.0000   -1.0000   -1.0000
center:     128.0000 -129.0000 -129.0000
/opt/freesurfer/average/711-2B_as_mni_average_305_mask.4dfp.img
       256       256       256         1
  1.000000  1.000000  1.000000
orientation T byte_order littleendian
Reading mask: /opt/freesurfer/average/711-2B_as_mni_average_305_mask.4dfp.img (2306576 pixels)
talsrcimg_g11.4dfp.img
       256       256       256         1
  1.000000  1.000000  1.000000
orientation T byte_order littleendian
Reading image: talsrcimg_g11.4dfp.img
dimensions:      256       256       256
mmppix:       1.0000   -1.0000   -1.0000
center:     128.0000 -129.0000 -129.0000
fimgreg.f
image alignment mode   3335 decimal      D07 hex
parameters
   -2.1986   -5.1534   16.3534   -0.0269   -2.7269   -2.7118
   -1.9082    1.3214    2.1619  -23.0926   -0.8447   23.1149
eta,q 0.92418 11.67798
niter,ni,del,rscale     5    3    5.0000    1.2000
parameter  4  3.360654 ->  0.500000 qaram    1.1500
parameter  5  1.709045 ->  0.500000 qaram    1.1500
parameter  6  2.063990 ->  0.500000 qaram    1.1500
parameter 10 -0.568560 -> -0.500000 qaram    1.1500
parameter 11  0.696834 ->  0.500000 qaram    1.1500
parameter 12 12.983758 ->  0.500000 qaram    1.1500
parameters
   -1.9791   -4.9610   16.8053   -4.1669   -6.8669   -6.8518
   -3.5038    0.8504    1.7145  -18.9526   -4.9847   18.9749
eta,q 0.94048 10.63693
  0.0777  0.0781  0.0775  0.0663  0.0638  0.0584  0.0619  0.0625  0.0619  0.0639  0.0606  0.0585
  0.0768  0.0769  0.0766  0.0692  0.0658  0.0606  0.0615  0.0619  0.0615  0.0624  0.0607  0.0593
  0.0761  0.0761  0.0761  0.0725  0.0674  0.0632  0.0613  0.0616  0.0614  0.0616  0.0607  0.0600
  0.0758  0.0758  0.0758  0.0758  0.0701  0.0663  0.0613  0.0613  0.0613  0.0613  0.0609  0.0607
  0.0758  0.0760  0.0758  0.0794  0.0736  0.0700  0.0616  0.0613  0.0614  0.0610  0.0612  0.0614
  0.0763  0.0765  0.0761  0.0837  0.0773  0.0743  0.0620  0.0619  0.0617  0.0609  0.0616  0.0621
  0.0772  0.0774  0.0765  0.0885  0.0818  0.0791  0.0627  0.0632  0.0621  0.0609  0.0622  0.0630
niter,ni,del,rscale     7    3    5.0000    1.2000
parameter  2  1.037140 ->  0.500000 qaram    1.1500
parameter  4 14.888587 ->  0.500000 qaram    1.3225
parameter  5 -3.108674 ->  0.500000 qaram    1.3225
parameter  6  0.974817 ->  0.500000 qaram    1.3225
parameter 12  1.237970 ->  0.500000 qaram    1.3225
parameters
   -2.3029   -6.3410   16.0807   -8.9279  -11.6279  -11.6128
   -3.2658    1.4251    2.6919  -19.3603   -3.9465   14.2139
eta,q 0.96398 10.21935
  0.0604  0.0588  0.0593  0.0471  0.0345  0.0380  0.0405  0.0439  0.0402  0.0428  0.0410  0.0356
  0.0598  0.0589  0.0589  0.0506  0.0409  0.0382  0.0394  0.0414  0.0393  0.0405  0.0398  0.0358
  0.0595  0.0591  0.0589  0.0545  0.0468  0.0397  0.0388  0.0394  0.0387  0.0389  0.0389  0.0368
  0.0595  0.0595  0.0589  0.0588  0.0517  0.0427  0.0385  0.0385  0.0384  0.0384  0.0384  0.0384
  0.0598  0.0600  0.0592  0.0632  0.0563  0.0473  0.0386  0.0388  0.0385  0.0391  0.0385  0.0405
  0.0603  0.0606  0.0596  0.0670  0.0599  0.0528  0.0393  0.0403  0.0389  0.0411  0.0390  0.0429
  0.0609  0.0613  0.0602  0.0714  0.0643  0.0585  0.0403  0.0425  0.0394  0.0438  0.0400  0.0452
niter,ni,del,rscale     7    3    5.0000    1.2000
parameter  2  1.041211 ->  0.500000 qaram    1.3225
parameter  4  0.814368 ->  0.500000 qaram    1.5209
parameter  5  0.810608 ->  0.500000 qaram    1.5209
parameters
   -2.2575   -7.9280   16.1454  -14.4030  -17.1031  -10.6548
   -2.6486    1.5700    4.0316  -20.1086   -3.2356   15.3015
eta,q 0.97630 10.23616
  0.0391  0.0337  0.0359  0.0302  0.0254  0.0293  0.0284  0.0288  0.0272  0.0289  0.0260  0.0278
  0.0374  0.0337  0.0348  0.0294  0.0246  0.0274  0.0262  0.0265  0.0257  0.0256  0.0249  0.0259
  0.0364  0.0345  0.0341  0.0302  0.0253  0.0260  0.0247  0.0249  0.0247  0.0239  0.0242  0.0245
  0.0360  0.0360  0.0339  0.0339  0.0294  0.0245  0.0242  0.0241  0.0241  0.0240  0.0238  0.0238
  0.0363  0.0381  0.0340  0.0388  0.0360  0.0239  0.0244  0.0244  0.0240  0.0255  0.0239  0.0238
  0.0372  0.0405  0.0346  0.0452  0.0430  0.0250  0.0254  0.0260  0.0245  0.0276  0.0244  0.0246
  0.0389  0.0430  0.0357  0.0509  0.0499  0.0287  0.0271  0.0287  0.0256  0.0301  0.0254  0.0265
niter,ni,del,rscale     7    3    5.0000    1.2000
parameters
   -2.2042   -7.3594   16.6998  -15.7901  -20.1452  -10.0194
   -3.3626    1.4310    3.8739  -20.5299   -2.6477   17.4579
eta,q 0.97582 10.11327
  0.0274  0.0309  0.0259  0.0289  0.0284  0.0290  0.0263  0.0278  0.0255  0.0283  0.0258  0.0273
  0.0254  0.0276  0.0247  0.0269  0.0267  0.0273  0.0252  0.0260  0.0249  0.0254  0.0251  0.0259
  0.0242  0.0251  0.0239  0.0251  0.0249  0.0261  0.0246  0.0249  0.0246  0.0244  0.0246  0.0249
  0.0237  0.0237  0.0235  0.0234  0.0240  0.0247  0.0244  0.0244  0.0244  0.0244  0.0244  0.0244
  0.0240  0.0236  0.0234  0.0240  0.0267  0.0240  0.0248  0.0247  0.0245  0.0252  0.0244  0.0242
  0.0252  0.0248  0.0237  0.0283  0.0337  0.0254  0.0258  0.0260  0.0249  0.0266  0.0248  0.0245
  0.0271  0.0273  0.0243  0.0350  0.0412  0.0291  0.0273  0.0284  0.0257  0.0285  0.0255  0.0256
niter,ni,del,rscale     6    3    5.0000    1.2000
parameters
   -2.0525   -7.2452   17.3450  -15.5302  -21.5887  -10.1190
   -3.5462    1.4938    3.1836  -21.0482   -2.2071   18.8968
eta,q 0.97552 10.07626
  0.0272  0.0278  0.0263  0.0298  0.0292  0.0288  0.0268  0.0282  0.0254  0.0273  0.0260  0.0270
  0.0256  0.0257  0.0252  0.0278  0.0276  0.0273  0.0256  0.0264  0.0249  0.0253  0.0253  0.0259
  0.0246  0.0245  0.0245  0.0259  0.0258  0.0261  0.0249  0.0253  0.0247  0.0246  0.0248  0.0251
  0.0242  0.0242  0.0242  0.0241  0.0240  0.0246  0.0247  0.0247  0.0247  0.0247  0.0246  0.0246
  0.0243  0.0246  0.0241  0.0232  0.0238  0.0242  0.0249  0.0249  0.0248  0.0251  0.0247  0.0244
  0.0251  0.0255  0.0243  0.0259  0.0286  0.0262  0.0257  0.0261  0.0252  0.0261  0.0250  0.0248
  0.0265  0.0271  0.0248  0.0310  0.0364  0.0305  0.0271  0.0284  0.0258  0.0277  0.0258  0.0261
niter,ni,del,rscale     5    3    5.0000    1.2000
parameters
   -2.0639   -7.5525   17.6941  -15.3970  -22.3165  -10.2869
   -3.4787    1.4712    3.0289  -21.4149   -1.9159   19.9621
eta,q 0.97541 10.06390
  0.0271  0.0267  0.0261  0.0300  0.0294  0.0289  0.0270  0.0282  0.0257  0.0272  0.0261  0.0270
  0.0256  0.0251  0.0252  0.0279  0.0278  0.0274  0.0257  0.0265  0.0251  0.0255  0.0254  0.0259
  0.0248  0.0244  0.0247  0.0262  0.0261  0.0262  0.0250  0.0253  0.0248  0.0248  0.0249  0.0252
  0.0245  0.0245  0.0244  0.0244  0.0243  0.0247  0.0247  0.0247  0.0247  0.0247  0.0247  0.0247
  0.0248  0.0251  0.0244  0.0236  0.0235  0.0243  0.0249  0.0249  0.0248  0.0251  0.0248  0.0245
  0.0256  0.0261  0.0247  0.0263  0.0266  0.0265  0.0257  0.0262  0.0252  0.0260  0.0252  0.0249
  0.0272  0.0275  0.0253  0.0314  0.0342  0.0307  0.0269  0.0286  0.0257  0.0275  0.0260  0.0264
niter,ni,del,rscale     4    3    5.0000    1.2000
parameters
   -2.0918   -7.7672   17.8757  -15.3660  -22.7320  -10.4647
   -3.5066    1.4556    2.9514  -21.5057   -1.6872   20.5733
eta,q 0.97529 10.05483
  0.0272  0.0270  0.0261  0.0301  0.0295  0.0289  0.0270  0.0283  0.0258  0.0273  0.0262  0.0269
  0.0257  0.0253  0.0253  0.0280  0.0279  0.0275  0.0257  0.0265  0.0252  0.0257  0.0255  0.0259
  0.0249  0.0246  0.0248  0.0263  0.0263  0.0262  0.0250  0.0254  0.0249  0.0250  0.0250  0.0252
  0.0246  0.0246  0.0245  0.0245  0.0245  0.0247  0.0248  0.0248  0.0248  0.0248  0.0248  0.0248
  0.0249  0.0252  0.0246  0.0238  0.0235  0.0244  0.0250  0.0250  0.0249  0.0251  0.0248  0.0246
  0.0258  0.0261  0.0250  0.0266  0.0260  0.0266  0.0258  0.0263  0.0252  0.0259  0.0253  0.0251
  0.0274  0.0274  0.0257  0.0317  0.0333  0.0307  0.0271  0.0287  0.0258  0.0273  0.0262  0.0268
niter,ni,del,rscale     3    3    5.0000    1.2000
parameters
   -2.1075   -7.8717   17.9689  -15.3657  -22.9605  -10.5986
   -3.5250    1.4456    2.8975  -21.5288   -1.5793   20.9290
eta,q 0.97520 10.04905
  0.0274  0.0273  0.0262  0.0302  0.0296  0.0290  0.0271  0.0284  0.0259  0.0273  0.0263  0.0270
  0.0259  0.0256  0.0254  0.0281  0.0280  0.0276  0.0258  0.0266  0.0252  0.0258  0.0256  0.0260
  0.0250  0.0248  0.0249  0.0264  0.0264  0.0263  0.0251  0.0254  0.0249  0.0251  0.0251  0.0253
  0.0247  0.0247  0.0247  0.0247  0.0247  0.0248  0.0248  0.0248  0.0248  0.0248  0.0248  0.0248
  0.0250  0.0252  0.0248  0.0240  0.0236  0.0245  0.0251  0.0250  0.0250  0.0251  0.0249  0.0247
  0.0259  0.0261  0.0252  0.0268  0.0258  0.0267  0.0258  0.0264  0.0253  0.0259  0.0254  0.0253
  0.0274  0.0274  0.0260  0.0319  0.0328  0.0307  0.0271  0.0287  0.0259  0.0273  0.0263  0.0271
niter,ni,del,rscale     2    3    5.0000    1.2000
parameters
   -2.1147   -7.9305   18.0175  -15.3626  -23.0895  -10.6891
   -3.5341    1.4452    2.8765  -21.5327   -1.5069   21.1301
eta,q 0.97514 10.04544
  0.0275  0.0275  0.0262  0.0302  0.0296  0.0291  0.0271  0.0284  0.0260  0.0273  0.0263  0.0270
  0.0260  0.0257  0.0254  0.0282  0.0281  0.0276  0.0258  0.0267  0.0253  0.0259  0.0256  0.0260
  0.0251  0.0249  0.0250  0.0265  0.0265  0.0264  0.0251  0.0255  0.0250  0.0251  0.0251  0.0253
  0.0248  0.0248  0.0248  0.0248  0.0248  0.0248  0.0249  0.0249  0.0249  0.0249  0.0249  0.0249
  0.0251  0.0253  0.0249  0.0241  0.0237  0.0245  0.0251  0.0251  0.0250  0.0251  0.0250  0.0248
  0.0260  0.0262  0.0253  0.0269  0.0257  0.0267  0.0259  0.0264  0.0253  0.0259  0.0255  0.0254
  0.0275  0.0274  0.0261  0.0319  0.0326  0.0306  0.0271  0.0287  0.0259  0.0274  0.0264  0.0272
niter,ni,del,rscale     1    3    5.0000    1.2000
parameters
   -2.1181   -7.9640   18.0464  -15.3579  -23.1651  -10.7420
   -3.5390    1.4448    2.8695  -21.5337   -1.4865   21.2463
eta,q 0.97510 10.04348
  0.0275  0.0276  0.0263  0.0303  0.0297  0.0291  0.0272  0.0284  0.0260  0.0274  0.0264  0.0270
  0.0260  0.0258  0.0255  0.0283  0.0282  0.0277  0.0259  0.0267  0.0253  0.0259  0.0256  0.0260
  0.0251  0.0250  0.0250  0.0265  0.0265  0.0264  0.0251  0.0255  0.0250  0.0252  0.0251  0.0254
  0.0249  0.0249  0.0249  0.0249  0.0249  0.0249  0.0249  0.0249  0.0249  0.0249  0.0249  0.0249
  0.0251  0.0253  0.0250  0.0242  0.0238  0.0245  0.0251  0.0251  0.0250  0.0251  0.0250  0.0248
  0.0260  0.0262  0.0254  0.0269  0.0257  0.0267  0.0259  0.0264  0.0254  0.0259  0.0255  0.0255
  0.0275  0.0274  0.0262  0.0319  0.0325  0.0306  0.0272  0.0288  0.0260  0.0274  0.0265  0.0273
registration optimization eta report
parameter search radius
    2.4000    3.1740    2.4000   10.9503   10.9503    9.5220
    7.2000    7.2000    7.2000    8.2800    8.2800    9.5220
100000*second partial in parameter space
       47.       26.       24.        5.        5.        5.
        4.        7.        2.        4.        2.        3.
  0.0275  0.0276  0.0263  0.0303  0.0297  0.0291  0.0272  0.0284  0.0260  0.0274  0.0264  0.0270
  0.0260  0.0258  0.0255  0.0283  0.0282  0.0277  0.0259  0.0267  0.0253  0.0259  0.0256  0.0260
  0.0251  0.0250  0.0250  0.0265  0.0265  0.0264  0.0251  0.0255  0.0250  0.0252  0.0251  0.0254
  0.0249  0.0249  0.0249  0.0249  0.0249  0.0249  0.0249  0.0249  0.0249  0.0249  0.0249  0.0249
  0.0251  0.0253  0.0250  0.0242  0.0238  0.0245  0.0251  0.0251  0.0250  0.0251  0.0250  0.0248
  0.0260  0.0262  0.0254  0.0269  0.0257  0.0267  0.0259  0.0264  0.0254  0.0259  0.0255  0.0255
  0.0275  0.0274  0.0262  0.0319  0.0325  0.0306  0.0272  0.0288  0.0260  0.0274  0.0265  0.0273
   -2.1181   -7.9640   18.0464  -15.3579  -23.1651  -10.7420
   -3.5390    1.4448    2.8695  -21.5337   -1.4865   21.2463
eta,q 0.97510 10.04348

---------------------------------------------------------------------
imgreg_4dfp /opt/freesurfer/average/711-2C_as_mni_average_305 /opt/freesurfer/average/711-2B_as_mni_average_305_mask talsrcimg_g11 none talsrcimg_to_711-2C_as_mni_average_305_t4 2311
---------------------------------------------------------------------

freesurfer imgreg_4dfp.c
/opt/freesurfer/average/711-2C_as_mni_average_305.4dfp.img
       256       256       256         1
  1.000000  1.000000  1.000000
orientation T byte_order littleendian
Reading image: /opt/freesurfer/average/711-2C_as_mni_average_305.4dfp.img
dimensions:      256       256       256
mmppix:       1.0000   -1.0000   -1.0000
center:     128.0000 -129.0000 -129.0000
/opt/freesurfer/average/711-2B_as_mni_average_305_mask.4dfp.img
       256       256       256         1
  1.000000  1.000000  1.000000
orientation T byte_order littleendian
Reading mask: /opt/freesurfer/average/711-2B_as_mni_average_305_mask.4dfp.img (2306576 pixels)
talsrcimg_g11.4dfp.img
       256       256       256         1
  1.000000  1.000000  1.000000
orientation T byte_order littleendian
Reading image: talsrcimg_g11.4dfp.img
dimensions:      256       256       256
mmppix:       1.0000   -1.0000   -1.0000
center:     128.0000 -129.0000 -129.0000
fimgreg.f
image alignment mode   2311 decimal      907 hex
parameters
   -2.1181   -7.9640   18.0464  -15.3579  -23.1651  -10.7420
   -3.5390    1.4448    2.8695  -21.5337   -1.4865   21.2463
eta,q 0.97510 10.04348
niter,ni,del,rscale     5    3    5.0000    0.8000
parameter  4 -0.646878 -> -0.500000 qaram    1.1500
parameter  5 -0.778644 -> -0.500000 qaram    1.1500
parameters
   -2.1115   -8.2473   18.0996  -12.5979  -20.4051   -9.7519
   -3.2664    1.2452    3.2200  -22.1804   -2.4960   19.5479
eta,q 0.97705 10.23423
  0.0261  0.0254  0.0255  0.0270  0.0261  0.0259  0.0254  0.0258  0.0244  0.0241  0.0237  0.0233
  0.0254  0.0250  0.0252  0.0263  0.0254  0.0251  0.0242  0.0243  0.0237  0.0235  0.0233  0.0230
  0.0250  0.0249  0.0249  0.0256  0.0247  0.0241  0.0234  0.0234  0.0233  0.0231  0.0230  0.0229
  0.0249  0.0249  0.0249  0.0249  0.0241  0.0234  0.0231  0.0231  0.0231  0.0231  0.0231  0.0230
  0.0250  0.0251  0.0249  0.0242  0.0235  0.0231  0.0233  0.0235  0.0232  0.0233  0.0233  0.0233
  0.0254  0.0254  0.0251  0.0241  0.0233  0.0235  0.0239  0.0246  0.0235  0.0240  0.0239  0.0239
  0.0260  0.0258  0.0254  0.0247  0.0237  0.0248  0.0249  0.0263  0.0241  0.0249  0.0246  0.0250
niter,ni,del,rscale     6    3    5.0000    0.9000
parameters
   -2.2691   -8.0278   17.7606  -13.6535  -20.4948   -9.0482
   -3.1745    1.2699    3.7057  -22.0290   -2.8815   18.6972
eta,q 0.97718 10.21729
  0.0251  0.0247  0.0236  0.0254  0.0257  0.0258  0.0251  0.0261  0.0242  0.0247  0.0238  0.0234
  0.0238  0.0238  0.0231  0.0244  0.0247  0.0249  0.0238  0.0245  0.0235  0.0236  0.0232  0.0231
  0.0231  0.0232  0.0229  0.0233  0.0237  0.0239  0.0231  0.0233  0.0230  0.0230  0.0229  0.0229
  0.0229  0.0229  0.0229  0.0229  0.0230  0.0230  0.0228  0.0228  0.0228  0.0228  0.0228  0.0228
  0.0234  0.0230  0.0232  0.0238  0.0228  0.0228  0.0231  0.0231  0.0229  0.0230  0.0230  0.0229
  0.0244  0.0233  0.0237  0.0258  0.0239  0.0236  0.0238  0.0243  0.0232  0.0235  0.0235  0.0234
  0.0259  0.0240  0.0246  0.0285  0.0269  0.0251  0.0249  0.0262  0.0238  0.0244  0.0242  0.0242
niter,ni,del,rscale     5    3    5.0000    0.8000
parameters
   -2.2390   -7.8076   17.7492  -13.7314  -19.9128   -8.7381
   -3.2797    1.3606    3.8661  -21.8685   -3.1572   17.9996
eta,q 0.97742 10.23602
  0.0247  0.0241  0.0237  0.0255  0.0254  0.0252  0.0243  0.0254  0.0236  0.0243  0.0234  0.0231
  0.0237  0.0235  0.0232  0.0245  0.0245  0.0242  0.0233  0.0240  0.0231  0.0232  0.0229  0.0228
  0.0230  0.0230  0.0229  0.0235  0.0236  0.0233  0.0227  0.0230  0.0227  0.0227  0.0226  0.0226
  0.0228  0.0228  0.0228  0.0228  0.0228  0.0226  0.0226  0.0226  0.0226  0.0226  0.0226  0.0226
  0.0230  0.0228  0.0229  0.0229  0.0225  0.0226  0.0228  0.0228  0.0227  0.0228  0.0227  0.0227
  0.0236  0.0231  0.0232  0.0242  0.0231  0.0234  0.0235  0.0237  0.0230  0.0232  0.0231  0.0231
  0.0245  0.0236  0.0237  0.0262  0.0251  0.0250  0.0244  0.0253  0.0235  0.0240  0.0236  0.0237
niter,ni,del,rscale     4    3    5.0000    0.7000
parameters
   -2.2328   -7.7217   17.6831  -13.6758  -19.5336   -8.5298
   -3.2851    1.4242    3.9613  -21.7425   -3.3617   17.5477
eta,q 0.97757 10.25014
  0.0240  0.0235  0.0232  0.0249  0.0248  0.0246  0.0239  0.0247  0.0233  0.0239  0.0231  0.0229
  0.0232  0.0230  0.0229  0.0240  0.0240  0.0237  0.0231  0.0235  0.0228  0.0230  0.0227  0.0226
  0.0227  0.0227  0.0226  0.0232  0.0232  0.0229  0.0226  0.0227  0.0225  0.0225  0.0225  0.0225
  0.0226  0.0226  0.0226  0.0226  0.0226  0.0225  0.0224  0.0224  0.0224  0.0224  0.0224  0.0224
  0.0227  0.0226  0.0227  0.0226  0.0223  0.0225  0.0226  0.0226  0.0225  0.0226  0.0225  0.0225
  0.0232  0.0229  0.0229  0.0236  0.0229  0.0232  0.0231  0.0234  0.0228  0.0230  0.0228  0.0228
  0.0240  0.0233  0.0234  0.0252  0.0247  0.0245  0.0239  0.0246  0.0232  0.0236  0.0233  0.0233
niter,ni,del,rscale     3    3    5.0000    0.6000
parameters
   -2.2338   -7.6784   17.6494  -13.5775  -19.2337   -8.3971
   -3.2713    1.4786    4.0308  -21.6560   -3.5188   17.2560
eta,q 0.97766 10.26166
  0.0235  0.0231  0.0230  0.0244  0.0242  0.0240  0.0235  0.0241  0.0230  0.0235  0.0229  0.0227
  0.0229  0.0228  0.0227  0.0236  0.0235  0.0233  0.0228  0.0232  0.0226  0.0228  0.0226  0.0225
  0.0226  0.0225  0.0225  0.0229  0.0229  0.0227  0.0225  0.0226  0.0224  0.0224  0.0224  0.0224
  0.0224  0.0224  0.0224  0.0224  0.0224  0.0224  0.0223  0.0223  0.0223  0.0223  0.0223  0.0223
  0.0226  0.0225  0.0225  0.0224  0.0223  0.0224  0.0225  0.0225  0.0224  0.0225  0.0224  0.0224
  0.0229  0.0227  0.0227  0.0232  0.0228  0.0230  0.0228  0.0231  0.0226  0.0228  0.0226  0.0226
  0.0235  0.0231  0.0230  0.0245  0.0241  0.0240  0.0234  0.0240  0.0229  0.0233  0.0230  0.0230
niter,ni,del,rscale     2    3    5.0000    0.5000
parameters
   -2.2393   -7.6610   17.6294  -13.4745  -18.9917   -8.3175
   -3.2742    1.5215    4.0907  -21.6117   -3.6060   17.0734
eta,q 0.97773 10.27100
  0.0231  0.0228  0.0227  0.0239  0.0237  0.0235  0.0231  0.0235  0.0228  0.0231  0.0227  0.0226
  0.0227  0.0226  0.0225  0.0232  0.0231  0.0229  0.0226  0.0229  0.0225  0.0226  0.0224  0.0224
  0.0224  0.0224  0.0224  0.0227  0.0227  0.0225  0.0224  0.0224  0.0223  0.0223  0.0223  0.0223
  0.0223  0.0223  0.0223  0.0223  0.0223  0.0223  0.0223  0.0223  0.0223  0.0223  0.0223  0.0223
  0.0224  0.0224  0.0224  0.0224  0.0222  0.0224  0.0224  0.0224  0.0223  0.0224  0.0223  0.0223
  0.0227  0.0225  0.0225  0.0229  0.0226  0.0228  0.0226  0.0228  0.0225  0.0226  0.0225  0.0225
  0.0231  0.0228  0.0228  0.0239  0.0236  0.0235  0.0231  0.0235  0.0227  0.0230  0.0227  0.0227
niter,ni,del,rscale     1    3    5.0000    0.4000
parameters
   -2.2444   -7.6574   17.6228  -13.3742  -18.8034   -8.2660
   -3.2737    1.5461    4.1064  -21.5882   -3.6610   16.9505
eta,q 0.97776 10.27838
  0.0228  0.0226  0.0225  0.0233  0.0232  0.0231  0.0228  0.0231  0.0225  0.0228  0.0225  0.0225
  0.0225  0.0224  0.0224  0.0229  0.0228  0.0227  0.0225  0.0226  0.0224  0.0224  0.0223  0.0223
  0.0223  0.0223  0.0223  0.0225  0.0225  0.0224  0.0223  0.0224  0.0223  0.0223  0.0223  0.0223
  0.0223  0.0223  0.0223  0.0223  0.0223  0.0222  0.0222  0.0222  0.0222  0.0222  0.0222  0.0222
  0.0223  0.0223  0.0223  0.0223  0.0222  0.0223  0.0223  0.0223  0.0223  0.0223  0.0223  0.0223
  0.0225  0.0224  0.0224  0.0226  0.0225  0.0226  0.0225  0.0226  0.0224  0.0225  0.0224  0.0224
  0.0228  0.0226  0.0225  0.0233  0.0231  0.0231  0.0228  0.0231  0.0225  0.0227  0.0225  0.0225
registration optimization eta report
parameter search radius
    0.8000    0.8000    0.8000    2.7600    2.7600    2.4000
    2.4000    2.4000    2.4000    2.4000    2.4000    2.4000
100000*second partial in parameter space
       81.       52.       42.       14.       12.       14.
        9.       14.        5.        9.        5.        4.
  0.0228  0.0226  0.0225  0.0233  0.0232  0.0231  0.0228  0.0231  0.0225  0.0228  0.0225  0.0225
  0.0225  0.0224  0.0224  0.0229  0.0228  0.0227  0.0225  0.0226  0.0224  0.0224  0.0223  0.0223
  0.0223  0.0223  0.0223  0.0225  0.0225  0.0224  0.0223  0.0224  0.0223  0.0223  0.0223  0.0223
  0.0223  0.0223  0.0223  0.0223  0.0223  0.0222  0.0222  0.0222  0.0222  0.0222  0.0222  0.0222
  0.0223  0.0223  0.0223  0.0223  0.0222  0.0223  0.0223  0.0223  0.0223  0.0223  0.0223  0.0223
  0.0225  0.0224  0.0224  0.0226  0.0225  0.0226  0.0225  0.0226  0.0224  0.0225  0.0224  0.0224
  0.0228  0.0226  0.0225  0.0233  0.0231  0.0231  0.0228  0.0231  0.0225  0.0227  0.0225  0.0225
   -2.2444   -7.6574   17.6228  -13.3742  -18.8034   -8.2660
   -3.2737    1.5461    4.1064  -21.5882   -3.6610   16.9505
eta,q 0.97776 10.27838

---------------------------------------------------------------------
imgreg_4dfp /opt/freesurfer/average/711-2C_as_mni_average_305 /opt/freesurfer/average/711-2B_as_mni_average_305_mask talsrcimg_g11 none talsrcimg_to_711-2C_as_mni_average_305_t4 2311
---------------------------------------------------------------------

freesurfer imgreg_4dfp.c
/opt/freesurfer/average/711-2C_as_mni_average_305.4dfp.img
       256       256       256         1
  1.000000  1.000000  1.000000
orientation T byte_order littleendian
Reading image: /opt/freesurfer/average/711-2C_as_mni_average_305.4dfp.img
dimensions:      256       256       256
mmppix:       1.0000   -1.0000   -1.0000
center:     128.0000 -129.0000 -129.0000
/opt/freesurfer/average/711-2B_as_mni_average_305_mask.4dfp.img
       256       256       256         1
  1.000000  1.000000  1.000000
orientation T byte_order littleendian
Reading mask: /opt/freesurfer/average/711-2B_as_mni_average_305_mask.4dfp.img (2306576 pixels)
talsrcimg_g11.4dfp.img
       256       256       256         1
  1.000000  1.000000  1.000000
orientation T byte_order littleendian
Reading image: talsrcimg_g11.4dfp.img
dimensions:      256       256       256
mmppix:       1.0000   -1.0000   -1.0000
center:     128.0000 -129.0000 -129.0000
fimgreg.f
image alignment mode   2311 decimal      907 hex
parameters
   -2.2444   -7.6574   17.6228  -13.3742  -18.8034   -8.2660
   -3.2737    1.5461    4.1064  -21.5882   -3.6610   16.9505
eta,q 0.97776 10.27838
niter,ni,del,rscale     5    3    5.0000    0.8000
parameters
   -2.2399   -7.7040   17.5815  -13.8179  -19.2822   -8.5006
   -3.2389    1.5209    4.0998  -21.4083   -3.5970   17.2148
eta,q 0.97757 10.25493
  0.0243  0.0235  0.0233  0.0244  0.0243  0.0247  0.0243  0.0252  0.0234  0.0245  0.0234  0.0233
  0.0232  0.0228  0.0227  0.0235  0.0235  0.0237  0.0232  0.0237  0.0229  0.0232  0.0229  0.0229
  0.0225  0.0224  0.0224  0.0227  0.0228  0.0228  0.0226  0.0228  0.0225  0.0225  0.0226  0.0226
  0.0222  0.0222  0.0222  0.0222  0.0223  0.0224  0.0224  0.0224  0.0224  0.0224  0.0224  0.0224
  0.0225  0.0224  0.0224  0.0226  0.0225  0.0227  0.0226  0.0227  0.0225  0.0227  0.0225  0.0225
  0.0232  0.0229  0.0227  0.0239  0.0237  0.0238  0.0232  0.0237  0.0229  0.0232  0.0228  0.0227
  0.0243  0.0237  0.0234  0.0258  0.0261  0.0256  0.0242  0.0253  0.0235  0.0240  0.0234  0.0232
niter,ni,del,rscale     4    3    5.0000    0.7000
parameters
   -2.2296   -7.6198   17.6137  -13.6170  -19.1651   -8.4621
   -3.2677    1.5324    4.0764  -21.4633   -3.6026   17.0811
eta,q 0.97766 10.26009
  0.0239  0.0234  0.0232  0.0244  0.0242  0.0244  0.0238  0.0246  0.0232  0.0238  0.0231  0.0230
  0.0231  0.0229  0.0228  0.0237  0.0235  0.0235  0.0230  0.0234  0.0227  0.0228  0.0227  0.0226
  0.0226  0.0226  0.0225  0.0229  0.0228  0.0228  0.0225  0.0226  0.0224  0.0224  0.0224  0.0224
  0.0224  0.0224  0.0224  0.0224  0.0224  0.0224  0.0224  0.0223  0.0223  0.0224  0.0223  0.0223
  0.0226  0.0225  0.0225  0.0224  0.0223  0.0225  0.0225  0.0226  0.0224  0.0226  0.0224  0.0224
  0.0231  0.0228  0.0227  0.0231  0.0229  0.0232  0.0230  0.0234  0.0227  0.0230  0.0227  0.0227
  0.0238  0.0232  0.0232  0.0244  0.0244  0.0246  0.0239  0.0246  0.0232  0.0237  0.0231  0.0231
niter,ni,del,rscale     3    3    5.0000    0.6000
parameters
   -2.2331   -7.6364   17.6047  -13.4839  -18.9758   -8.3871
   -3.2642    1.5417    4.0952  -21.4765   -3.6439   16.9676
eta,q 0.97772 10.26921
  0.0235  0.0230  0.0229  0.0240  0.0238  0.0240  0.0235  0.0240  0.0229  0.0234  0.0229  0.0228
  0.0228  0.0226  0.0226  0.0233  0.0232  0.0232  0.0228  0.0231  0.0226  0.0227  0.0225  0.0225
  0.0225  0.0224  0.0224  0.0227  0.0227  0.0226  0.0224  0.0225  0.0224  0.0223  0.0223  0.0224
  0.0223  0.0223  0.0223  0.0223  0.0223  0.0223  0.0223  0.0223  0.0223  0.0223  0.0223  0.0223
  0.0225  0.0224  0.0224  0.0223  0.0223  0.0224  0.0224  0.0225  0.0224  0.0225  0.0223  0.0223
  0.0229  0.0227  0.0226  0.0229  0.0227  0.0230  0.0228  0.0231  0.0226  0.0228  0.0226  0.0225
  0.0235  0.0231  0.0229  0.0240  0.0238  0.0240  0.0234  0.0240  0.0229  0.0233  0.0229  0.0229
niter,ni,del,rscale     2    3    5.0000    0.5000
parameters
   -2.2414   -7.6431   17.5996  -13.3936  -18.8167   -8.3169
   -3.2581    1.5547    4.1106  -21.4921   -3.6881   16.8900
eta,q 0.97775 10.27635
  0.0231  0.0228  0.0227  0.0235  0.0234  0.0235  0.0231  0.0235  0.0227  0.0231  0.0227  0.0226
  0.0226  0.0225  0.0225  0.0230  0.0229  0.0229  0.0226  0.0228  0.0225  0.0225  0.0224  0.0224
  0.0224  0.0223  0.0223  0.0225  0.0225  0.0225  0.0223  0.0224  0.0223  0.0223  0.0223  0.0223
  0.0223  0.0223  0.0223  0.0223  0.0223  0.0223  0.0222  0.0222  0.0222  0.0222  0.0222  0.0222
  0.0224  0.0223  0.0223  0.0223  0.0222  0.0223  0.0223  0.0224  0.0223  0.0224  0.0223  0.0223
  0.0227  0.0225  0.0225  0.0227  0.0226  0.0227  0.0226  0.0228  0.0225  0.0226  0.0224  0.0224
  0.0231  0.0228  0.0227  0.0235  0.0233  0.0235  0.0231  0.0235  0.0227  0.0230  0.0227  0.0227
niter,ni,del,rscale     1    3    5.0000    0.4000
parameters
   -2.2463   -7.6530   17.5984  -13.3179  -18.6786   -8.2706
   -3.2564    1.5678    4.1126  -21.5138   -3.7025   16.8402
eta,q 0.97778 10.28212
  0.0228  0.0226  0.0225  0.0231  0.0230  0.0231  0.0228  0.0231  0.0225  0.0228  0.0225  0.0225
  0.0225  0.0224  0.0224  0.0227  0.0227  0.0226  0.0225  0.0226  0.0224  0.0224  0.0223  0.0223
  0.0223  0.0223  0.0223  0.0224  0.0224  0.0224  0.0223  0.0223  0.0223  0.0223  0.0223  0.0223
  0.0222  0.0222  0.0222  0.0222  0.0222  0.0222  0.0222  0.0222  0.0222  0.0222  0.0222  0.0222
  0.0223  0.0223  0.0223  0.0223  0.0222  0.0223  0.0223  0.0223  0.0223  0.0223  0.0223  0.0222
  0.0225  0.0224  0.0224  0.0226  0.0224  0.0226  0.0225  0.0226  0.0224  0.0225  0.0223  0.0223
  0.0228  0.0226  0.0225  0.0231  0.0229  0.0231  0.0228  0.0231  0.0225  0.0227  0.0225  0.0225
registration optimization eta report
parameter search radius
    0.8000    0.8000    0.8000    2.4000    2.4000    2.4000
    2.4000    2.4000    2.4000    2.4000    2.4000    2.4000
100000*second partial in parameter space
       83.       54.       42.       15.       13.       14.
       10.       14.        6.        9.        5.        4.
  0.0228  0.0226  0.0225  0.0231  0.0230  0.0231  0.0228  0.0231  0.0225  0.0228  0.0225  0.0225
  0.0225  0.0224  0.0224  0.0227  0.0227  0.0226  0.0225  0.0226  0.0224  0.0224  0.0223  0.0223
  0.0223  0.0223  0.0223  0.0224  0.0224  0.0224  0.0223  0.0223  0.0223  0.0223  0.0223  0.0223
  0.0222  0.0222  0.0222  0.0222  0.0222  0.0222  0.0222  0.0222  0.0222  0.0222  0.0222  0.0222
  0.0223  0.0223  0.0223  0.0223  0.0222  0.0223  0.0223  0.0223  0.0223  0.0223  0.0223  0.0222
  0.0225  0.0224  0.0224  0.0226  0.0224  0.0226  0.0225  0.0226  0.0224  0.0225  0.0223  0.0223
  0.0228  0.0226  0.0225  0.0231  0.0229  0.0231  0.0228  0.0231  0.0225  0.0227  0.0225  0.0225
   -2.2463   -7.6530   17.5984  -13.3179  -18.6786   -8.2706
   -3.2564    1.5678    4.1126  -21.5138   -3.7025   16.8402
eta,q 0.97778 10.28212

---------------------------------------------------------------------
compute_vox2vox talsrcimg talsrcimg_to_711-2C_as_mni_average_305_t4 /opt/freesurfer/average/711-2C_as_mni_average_305
---------------------------------------------------------------------

freesurfer compute_vox2vox.c
Reading: talsrcimg.4dfp.ifh
Reading: talsrcimg_to_711-2C_as_mni_average_305_t4
Reading: /opt/freesurfer/average/711-2C_as_mni_average_305.4dfp.ifh
Writing: talsrcimg_to_711-2C_as_mni_average_305_t4_vox2vox.txt

start time Thu Mar 12 19:15:11 CET 2026
end		time Thu Mar 12 19:15:25 CET 2026

mpr2mni305 success

avi2talxfm orig_nu.mgz /opt/freesurfer/average/mni305.cor.mgz talsrcimg_to_711-2C_as_mni_average_305_t4_vox2vox.txt transforms/talairach.auto.xfm
avi2talxfm done
mv -f /out/sourcedata/freesurfer/sub-v1s20x0050375_ses-1/mri/talsrcimg_to_711-2C_as_mni_average_305_t4_vox2vox.txt /out/sourcedata/freesurfer/sub-v1s20x0050375_ses-1/mri/transforms/talsrcimg_to_711-2C_as_mni_average_305_t4_vox2vox.txt
lta_convert --src orig_nu.mgz --trg /opt/freesurfer/average/mni305.cor.mgz --inxfm transforms/talairach.auto.xfm --outlta transforms/talairach.auto.xfm.lta --subject fsaverage
7.3.2

--src: orig_nu.mgz src image (geometry).
--trg: /opt/freesurfer/average/mni305.cor.mgz trg image (geometry).
--inmni: transforms/talairach.auto.xfm input MNI/XFM transform.
--outlta: transforms/talairach.auto.xfm.lta output LTA.
--s: fsaverage subject name
 LTA read, type : 1
 1.15101  -0.00845   0.04784   2.48297;
 0.05450   1.03927  -0.21303  -20.18567;
-0.04379   0.27537   1.17091   3.47169;
 0.00000   0.00000   0.00000   1.00000;
setting subject to fsaverage
Writing  LTA to file transforms/talairach.auto.xfm.lta...
lta_convert successful.
 
 
Started at Thu Mar 12 19:15:11 CET 2026
Ended   at Thu Mar 12 19:15:25 CET 2026
talairach_avi done
