status file for recon-all
Thu Mar 12 15:44:20 CET 2026
#@# MotionCor Thu Mar 12 15:44:21 CET 2026
#@# Talairach Thu Mar 12 15:44:29 CET 2026
#@# Talairach Failure Detection Thu Mar 12 15:48:51 CET 2026
#@# Nu Intensity Correction Thu Mar 12 15:48:51 CET 2026
#@# Intensity Normalization Thu Mar 12 15:52:08 CET 2026
recon-all -s sub-v1s20x0050329_ses-1 finished without error at Thu Mar 12 15:53:38 CET 2026



#New# invocation of recon-all 



status file for recon-all
Thu Mar 12 15:59:55 CET 2026
#@# EM Registration Thu Mar 12 15:59:55 CET 2026
recon-all -s sub-v1s20x0050329_ses-1 finished without error at Thu Mar 12 16:02:23 CET 2026



#New# invocation of recon-all 



status file for recon-all
Thu Mar 12 16:02:24 CET 2026
#@# CA Normalize Thu Mar 12 16:02:24 CET 2026
#@# CA Reg Thu Mar 12 16:03:43 CET 2026
#@# SubCort Seg Thu Mar 12 16:55:10 CET 2026
#@# CC Seg Thu Mar 12 17:31:30 CET 2026
#@# Merge ASeg Thu Mar 12 17:32:21 CET 2026
#@# Intensity Normalization2 Thu Mar 12 17:32:21 CET 2026
#@# Mask BFS Thu Mar 12 17:34:37 CET 2026
#@# WM Segmentation Thu Mar 12 17:34:38 CET 2026
#@# Fill Thu Mar 12 17:36:56 CET 2026
recon-all -s sub-v1s20x0050329_ses-1 finished without error at Thu Mar 12 17:38:00 CET 2026



#New# invocation of recon-all 



status file for recon-all
Thu Mar 12 18:49:57 CET 2026
#@# white curv lh Thu Mar 12 18:49:57 CET 2026
#@# white area lh Thu Mar 12 18:49:57 CET 2026
#@# pial curv lh Thu Mar 12 18:49:57 CET 2026
#@# pial area lh Thu Mar 12 18:49:57 CET 2026
#@# thickness lh Thu Mar 12 18:49:57 CET 2026
#@# area and vertex vol lh Thu Mar 12 18:49:57 CET 2026
#@# white curv rh Thu Mar 12 18:49:57 CET 2026
#@# white area rh Thu Mar 12 18:49:57 CET 2026
#@# pial curv rh Thu Mar 12 18:49:57 CET 2026
#@# pial area rh Thu Mar 12 18:49:57 CET 2026
#@# thickness rh Thu Mar 12 18:49:57 CET 2026
#@# area and vertex vol rh Thu Mar 12 18:49:57 CET 2026
#@# Cortical ribbon mask Thu Mar 12 18:49:57 CET 2026
recon-all -s sub-v1s20x0050329_ses-1 finished without error at Thu Mar 12 18:57:31 CET 2026



#New# invocation of recon-all 



status file for recon-all
Thu Mar 12 19:05:39 CET 2026
#@# white curv lh Thu Mar 12 19:05:39 CET 2026
#@# white area lh Thu Mar 12 19:05:39 CET 2026
#@# pial curv lh Thu Mar 12 19:05:39 CET 2026
#@# pial area lh Thu Mar 12 19:05:39 CET 2026
#@# thickness lh Thu Mar 12 19:05:39 CET 2026
#@# area and vertex vol lh Thu Mar 12 19:05:39 CET 2026
#@# white curv rh Thu Mar 12 19:05:39 CET 2026
#@# white area rh Thu Mar 12 19:05:39 CET 2026
#@# pial curv rh Thu Mar 12 19:05:39 CET 2026
#@# pial area rh Thu Mar 12 19:05:39 CET 2026
#@# thickness rh Thu Mar 12 19:05:39 CET 2026
#@# area and vertex vol rh Thu Mar 12 19:05:39 CET 2026
#@# Curvature Stats lh Thu Mar 12 19:05:39 CET 2026
#@# Curvature Stats rh Thu Mar 12 19:05:42 CET 2026
#@# Relabel Hypointensities Thu Mar 12 19:05:45 CET 2026
#@# APas-to-ASeg Thu Mar 12 19:06:02 CET 2026
#@# AParc-to-ASeg aparc Thu Mar 12 19:06:11 CET 2026
#@# AParc-to-ASeg aparc.a2009s Thu Mar 12 19:06:53 CET 2026
#@# AParc-to-ASeg aparc.DKTatlas Thu Mar 12 19:07:38 CET 2026
#@# WMParc Thu Mar 12 19:08:21 CET 2026
#@# ASeg Stats Thu Mar 12 19:12:02 CET 2026
recon-all -s sub-v1s20x0050329_ses-1 finished without error at Thu Mar 12 19:12:47 CET 2026
