/out/sourcedata/freesurfer/sub-v1s20x0050284_ses-1/mri
/opt/freesurfer/bin/talairach_avi
--i orig_nu.mgz --xfm transforms/talairach.auto.xfm
talairach_avi 7.3.2
Linux dna082 5.14.0-427.37.1.el9_4.x86_64 #1 SMP PREEMPT_DYNAMIC Fri Sep 13 12:41:50 EDT 2024 x86_64 x86_64 x86_64 GNU/Linux
Thu Mar 12 15:01:31 CET 2026
mri_convert orig_nu.mgz talsrcimg.img 
reading from orig_nu.mgz...
TR=0.00, TE=0.00, TI=0.00, flip angle=0.00
i_ras = (-1, 0, 0)
j_ras = (0, 0, -1)
k_ras = (0, 1, 0)
writing to talsrcimg.img...
Analyze Output Matrix
-1.00000   0.00000   0.00000   129.50000;
 0.00000   0.00000   1.00000  -128.50000;
 0.00000  -1.00000   0.00000   129.70001;
 0.00000   0.00000   0.00000   1.00000;
--------------------
INFO: set hdr.hist.orient to -1
mpr2mni305 talsrcimg
Thu Mar 12 15:01:31 CET 2026
/opt/freesurfer/bin/mpr2mni305 talsrcimg
mpr2mni305 7.3.2
target=711-2C_as_mni_average_305

---------------------------------------------------------------------
analyzeto4dfp talsrcimg -O0 -y
---------------------------------------------------------------------

freesurfer ifh2hdr.c
Thu Mar 12 15:01:31 2026
Writing: talsrcimg.4dfp.hdr
freesurfer analyzeto4dfp.c
Reading: talsrcimg.hdr
header size 348 bytes
hdr.dime.datatype	offset=70	value=2
hdr.dime.bitpix		offset=72	value=8
hdr.hist.orient		offset=252	value=-1
dimensionality     4
dimensions       256       256       256         1
Reading: talsrcimg.img
Writing: talsrcimg.4dfp.img
Writing: talsrcimg.4dfp.ifh
ifh2hdr talsrcimg -r0to239
ori=2

---------------------------------------------------------------------
gauss_4dfp talsrcimg 1.1
---------------------------------------------------------------------

freesurfer gauss_4dfp.c
Reading: talsrcimg.4dfp.img
Writing: talsrcimg_g11.4dfp.img
image dimensions 256 256 256 padded to 288 288 288
processing volume 1freesurfer ifh2hdr.c
Thu Mar 12 15:01:32 2026
Writing: talsrcimg_g11.4dfp.hdr

Writing: talsrcimg_g11.4dfp.ifh
including: talsrcimg.4dfp.img.rec in talsrcimg_g11.4dfp.img.rec

---------------------------------------------------------------------
imgreg_4dfp /opt/freesurfer/average/711-2C_as_mni_average_305 none talsrcimg_g11 none talsrcimg_to_711-2C_as_mni_average_305_t4 4355
---------------------------------------------------------------------

freesurfer imgreg_4dfp.c
/opt/freesurfer/average/711-2C_as_mni_average_305.4dfp.img
       256       256       256         1
  1.000000  1.000000  1.000000
orientation T byte_order littleendian
Reading image: /opt/freesurfer/average/711-2C_as_mni_average_305.4dfp.img
dimensions:      256       256       256
mmppix:       1.0000   -1.0000   -1.0000
center:     128.0000 -129.0000 -129.0000
talsrcimg_g11.4dfp.img
       256       256       256         1
  1.000000  1.000000  1.000000
orientation T byte_order littleendian
Reading image: talsrcimg_g11.4dfp.img
dimensions:      256       256       256
mmppix:       1.0000   -1.0000   -1.0000
center:     128.0000 -129.0000 -129.0000
t4_read: open error in t4_sub.f l:  41 t4_file(1:l)talsrcimg_to_711-2C_as_mni_average_305_t4 
t4_read: transform initialized to I4
rotation matrix determinant  1.000000
image alignment mode   4355 decimal     1103 hex
   -7.5000  -45.0000  -45.0000 7812.6763   24.4529
    0.0000  -45.0000  -45.0000 8079.9536   24.4635
    7.5000  -45.0000  -45.0000 7676.9331   24.4753
   -7.5000  -37.5000  -45.0000 8283.6660   24.4574
    0.0000  -37.5000  -45.0000 8567.1387   24.4688
    7.5000  -37.5000  -45.0000 8146.0269   24.4745
   -7.5000  -30.0000  -45.0000 9030.8037   24.4362
    0.0000  -30.0000  -45.0000 9343.3281   24.4590
    7.5000  -30.0000  -45.0000 8873.0947   24.4595
   -7.5000  -22.5000  -45.0000 9683.1221   24.4111
    0.0000  -22.5000  -45.000010037.3096   24.4445
    7.5000  -22.5000  -45.0000 9510.7236   24.4484
   -7.5000  -15.0000  -45.000010224.4580   24.4035
    0.0000  -15.0000  -45.000010601.3223   24.4380
    7.5000  -15.0000  -45.000010052.9600   24.4488
   -7.5000   -7.5000  -45.000010710.3438   24.4240
    0.0000   -7.5000  -45.000011083.1504   24.4472
    7.5000   -7.5000  -45.000010500.2725   24.4606
   -7.5000    0.0000  -45.000011118.1045   24.4529
    0.0000    0.0000  -45.000011497.6484   24.4635
    7.5000    0.0000  -45.000010936.0967   24.4753
   -7.5000    7.5000  -45.000010752.6152   24.4574
    0.0000    7.5000  -45.000011147.8633   24.4688
    7.5000    7.5000  -45.000010582.5264   24.4745
   -7.5000   15.0000  -45.000010347.6953   24.4362
    0.0000   15.0000  -45.000010697.7695   24.4590
    7.5000   15.0000  -45.000010143.3340   24.4595
   -7.5000   22.5000  -45.0000 9729.0703   24.4077
    0.0000   22.5000  -45.000010033.4824   24.4412
    7.5000   22.5000  -45.0000 9509.8047   24.4450
   -7.5000   30.0000  -45.0000 8952.5889   24.0783
    0.0000   30.0000  -45.0000 9215.3652   24.1124
    7.5000   30.0000  -45.0000 8729.7891   24.1230
   -7.5000   37.5000  -45.0000 8465.1016   24.0985
    0.0000   37.5000  -45.0000 8694.9453   24.1214
    7.5000   37.5000  -45.0000 8203.5381   24.1347
   -7.5000   45.0000  -45.0000 7599.3940   23.5144
    0.0000   45.0000  -45.0000 7795.2949   23.5246
    7.5000   45.0000  -45.0000 7345.7295   23.5359
   -7.5000  -45.0000  -37.5000 8436.6914   24.4315
    0.0000  -45.0000  -37.5000 8721.9990   24.4318
    7.5000  -45.0000  -37.5000 8268.9844   24.4390
   -7.5000  -37.5000  -37.5000 8918.5488   24.4503
    0.0000  -37.5000  -37.5000 9232.5674   24.4514
    7.5000  -37.5000  -37.5000 8750.5615   24.4504
   -7.5000  -30.0000  -37.5000 9678.3330   24.4279
    0.0000  -30.0000  -37.500010033.6709   24.4362
    7.5000  -30.0000  -37.5000 9517.3184   24.4331
   -7.5000  -22.5000  -37.500010348.0771   24.3874
    0.0000  -22.5000  -37.500010746.4482   24.4019
    7.5000  -22.5000  -37.500010176.4990   24.4080
   -7.5000  -15.0000  -37.500010936.2119   24.3651
    0.0000  -15.0000  -37.500011349.7070   24.3799
    7.5000  -15.0000  -37.500010721.1787   24.3953
   -7.5000   -7.5000  -37.500011386.3936   24.3868
    0.0000   -7.5000  -37.500011807.0195   24.3945
    7.5000   -7.5000  -37.500011163.6885   24.4090
   -7.5000    0.0000  -37.500011798.0068   24.4315
    0.0000    0.0000  -37.500012211.4551   24.4318
    7.5000    0.0000  -37.500011587.0205   24.4390
   -7.5000    7.5000  -37.500011417.8057   24.4503
    0.0000    7.5000  -37.500011831.4131   24.4514
    7.5000    7.5000  -37.500011201.5527   24.4504
   -7.5000   15.0000  -37.500010979.3662   24.4279
    0.0000   15.0000  -37.500011377.3740   24.4362
    7.5000   15.0000  -37.500010749.4619   24.4331
   -7.5000   22.5000  -37.500010309.3848   24.3841
    0.0000   22.5000  -37.500010640.6299   24.3985
    7.5000   22.5000  -37.500010052.4023   24.4046
   -7.5000   30.0000  -37.5000 9440.0859   24.0404
    0.0000   30.0000  -37.5000 9713.1719   24.0550
    7.5000   30.0000  -37.5000 9195.7100   24.0702
   -7.5000   37.5000  -37.5000 8871.7617   24.0618
    0.0000   37.5000  -37.5000 9112.5967   24.0695
    7.5000   37.5000  -37.5000 8592.8887   24.0837
   -7.5000   45.0000  -37.5000 7949.4707   23.4938
    0.0000   45.0000  -37.5000 8136.9531   23.4941
    7.5000   45.0000  -37.5000 7664.1953   23.5011
   -7.5000  -45.0000  -30.0000 9161.2295   25.4473
    0.0000  -45.0000  -30.0000 9504.2451   25.4544
    7.5000  -45.0000  -30.0000 9001.1865   25.4731
   -7.5000  -37.5000  -30.0000 9674.2139   25.4772
    0.0000  -37.5000  -30.000010050.1133   25.4893
    7.5000  -37.5000  -30.0000 9499.9629   25.5029
   -7.5000  -30.0000  -30.000010470.1182   25.4548
    0.0000  -30.0000  -30.000010882.3662   25.4696
    7.5000  -30.0000  -30.000010285.0566   25.4866
   -7.5000  -22.5000  -30.000011178.7939   25.4027
    0.0000  -22.5000  -30.000011621.8867   25.4146
    7.5000  -22.5000  -30.000010950.1475   25.4435
   -7.5000  -15.0000  -30.000011783.4531   25.3686
    0.0000  -15.0000  -30.000012270.9424   25.3755
    7.5000  -15.0000  -30.000011520.3613   25.4114
   -7.5000   -7.5000  -30.000012248.9355   25.3908
    0.0000   -7.5000  -30.000012762.2715   25.3956
    7.5000   -7.5000  -30.000012030.9863   25.4246
   -7.5000    0.0000  -30.000012681.9180   25.4473
    0.0000    0.0000  -30.000013176.3926   25.4544
    7.5000    0.0000  -30.000012444.1230   25.4731
   -7.5000    7.5000  -30.000012263.3545   25.4772
    0.0000    7.5000  -30.000012710.3281   25.4893
    7.5000    7.5000  -30.000012022.1709   25.5029
   -7.5000   15.0000  -30.000011755.8203   25.4548
    0.0000   15.0000  -30.000012160.9473   25.4696
    7.5000   15.0000  -30.000011476.6318   25.4866
   -7.5000   22.5000  -30.000010997.9199   25.3966
    0.0000   22.5000  -30.000011365.7529   25.4085
    7.5000   22.5000  -30.000010723.7764   25.4374
   -7.5000   30.0000  -30.000010043.1484   25.0329
    0.0000   30.0000  -30.000010357.4814   25.0398
    7.5000   30.0000  -30.0000 9778.1553   25.0752
   -7.5000   37.5000  -30.0000 9409.1865   25.0548
    0.0000   37.5000  -30.0000 9675.8682   25.0595
    7.5000   37.5000  -30.0000 9117.6377   25.0882
   -7.5000   45.0000  -30.0000 8404.5850   24.4886
    0.0000   45.0000  -30.0000 8618.1562   24.4954
    7.5000   45.0000  -30.0000 8129.1792   24.5134
   -7.5000  -45.0000  -22.5000 9894.3594   26.3345
    0.0000  -45.0000  -22.500010284.7627   26.3600
    7.5000  -45.0000  -22.5000 9714.2598   26.3955
   -7.5000  -37.5000  -22.500010418.2695   26.3557
    0.0000  -37.5000  -22.500010850.7686   26.3929
    7.5000  -37.5000  -22.500010231.3457   26.4323
   -7.5000  -30.0000  -22.500011232.4717   26.3342
    0.0000  -30.0000  -22.500011692.7168   26.3760
    7.5000  -30.0000  -22.500011039.9785   26.4241
   -7.5000  -22.5000  -22.500011935.8975   26.2921
    0.0000  -22.5000  -22.500012451.5557   26.3254
    7.5000  -22.5000  -22.500011728.2793   26.3808
   -7.5000  -15.0000  -22.500012521.1289   26.2675
    0.0000  -15.0000  -22.500013100.4678   26.2879
    7.5000  -15.0000  -22.500012331.3027   26.3420
   -7.5000   -7.5000  -22.500013062.1738   26.2884
    0.0000   -7.5000  -22.500013653.7490   26.3055
    7.5000   -7.5000  -22.500012872.8896   26.3486
   -7.5000    0.0000  -22.500013573.1709   26.3345
    0.0000    0.0000  -22.500014120.5664   26.3600
    7.5000    0.0000  -22.500013319.0947   26.3955
   -7.5000    7.5000  -22.500013067.0068   26.3557
    0.0000    7.5000  -22.500013573.5176   26.3929
    7.5000    7.5000  -22.500012818.7148   26.4323
   -7.5000   15.0000  -22.500012470.2959   26.3342
    0.0000   15.0000  -22.500012919.5078   26.3760
    7.5000   15.0000  -22.500012161.3838   26.4241
   -7.5000   22.5000  -22.500011673.0674   26.2840
    0.0000   22.5000  -22.500012076.0479   26.3173
    7.5000   22.5000  -22.500011363.2383   26.3727
   -7.5000   30.0000  -22.500010660.3379   25.9239
    0.0000   30.0000  -22.500010999.0537   25.9441
    7.5000   30.0000  -22.500010361.8789   25.9974
   -7.5000   37.5000  -22.5000 9928.2080   25.9445
    0.0000   37.5000  -22.500010221.9102   25.9614
    7.5000   37.5000  -22.5000 9633.8779   26.0039
   -7.5000   45.0000  -22.5000 8837.3389   25.3614
    0.0000   45.0000  -22.5000 9101.3535   25.3860
    7.5000   45.0000  -22.5000 8556.6582   25.4201
   -7.5000  -45.0000  -15.000010586.5322   26.9963
    0.0000  -45.0000  -15.000010997.6162   27.0320
    7.5000  -45.0000  -15.000010426.5049   27.0731
   -7.5000  -37.5000  -15.000011099.2637   27.0035
    0.0000  -37.5000  -15.000011531.3486   27.0532
    7.5000  -37.5000  -15.000010943.2227   27.1028
   -7.5000  -30.0000  -15.000011951.2129   26.9836
    0.0000  -30.0000  -15.000012416.2520   27.0442
    7.5000  -30.0000  -15.000011786.5557   27.1015
   -7.5000  -22.5000  -15.000012660.9453   26.9568
    0.0000  -22.5000  -15.000013210.3340   27.0133
    7.5000  -22.5000  -15.000012501.6816   27.0714
   -7.5000  -15.0000  -15.000013227.4326   26.9465
    0.0000  -15.0000  -15.000013832.0947   26.9884
    7.5000  -15.0000  -15.000013150.4824   27.0411
   -7.5000   -7.5000  -15.000013806.8320   26.9660
    0.0000   -7.5000  -15.000014395.4385   26.9982
    7.5000   -7.5000  -15.000013686.9639   27.0415
   -7.5000    0.0000  -15.000014354.2773   26.9963
    0.0000    0.0000  -15.000014931.6641   27.0320
    7.5000    0.0000  -15.000014125.3711   27.0731
   -7.5000    7.5000  -15.000013816.1309   27.0035
    0.0000    7.5000  -15.000014334.3457   27.0532
    7.5000    7.5000  -15.000013587.3340   27.1028
   -7.5000   15.0000  -15.000013130.6084   26.9836
    0.0000   15.0000  -15.000013600.1875   27.0442
    7.5000   15.0000  -15.000012849.5781   27.1015
   -7.5000   22.5000  -15.000012293.4844   26.9472
    0.0000   22.5000  -15.000012695.2051   27.0037
    7.5000   22.5000  -15.000011975.8135   27.0619
   -7.5000   30.0000  -15.000011211.7529   26.5978
    0.0000   30.0000  -15.000011562.9189   26.6392
    7.5000   30.0000  -15.000010892.2461   26.6911
   -7.5000   37.5000  -15.000010423.1367   26.6170
    0.0000   37.5000  -15.000010742.4902   26.6488
    7.5000   37.5000  -15.000010113.1211   26.6915
   -7.5000   45.0000  -15.0000 9214.2627   26.0145
    0.0000   45.0000  -15.0000 9508.1738   26.0489
    7.5000   45.0000  -15.0000 8937.4453   26.0885
   -7.5000  -45.0000   -7.500011237.5107   27.3245
    0.0000  -45.0000   -7.500011684.5244   27.3533
    7.5000  -45.0000   -7.500011132.4297   27.3831
   -7.5000  -37.5000   -7.500011752.5498   27.3259
    0.0000  -37.5000   -7.500012205.1455   27.3618
    7.5000  -37.5000   -7.500011655.7852   27.3932
   -7.5000  -30.0000   -7.500012665.8369   27.3051
    0.0000  -30.0000   -7.500013215.4297   27.3551
    7.5000  -30.0000   -7.500012546.1787   27.3855
   -7.5000  -22.5000   -7.500013379.1338   27.2830
    0.0000  -22.5000   -7.500013958.9307   27.3395
    7.5000  -22.5000   -7.500013323.1816   27.3693
   -7.5000  -15.0000   -7.500013993.0029   27.2778
    0.0000  -15.0000   -7.500014592.7090   27.3285
    7.5000  -15.0000   -7.500014031.9688   27.3589
   -7.5000   -7.5000   -7.500014612.3906   27.2986
    0.0000   -7.5000   -7.500015191.4082   27.3357
    7.5000   -7.5000   -7.500014582.2168   27.3649
   -7.5000    0.0000   -7.500015098.5645   27.3245
    0.0000    0.0000   -7.500015661.8848   27.3533
    7.5000    0.0000   -7.500014985.9736   27.3831
   -7.5000    7.5000   -7.500014479.8926   27.3259
    0.0000    7.5000   -7.500014996.8271   27.3618
    7.5000    7.5000   -7.500014340.3672   27.3932
   -7.5000   15.0000   -7.500013763.0967   27.3051
    0.0000   15.0000   -7.500014233.5713   27.3551
    7.5000   15.0000   -7.500013562.1016   27.3855
   -7.5000   22.5000   -7.500012848.7764   27.2704
    0.0000   22.5000   -7.500013256.5693   27.3269
    7.5000   22.5000   -7.500012604.9199   27.3567
   -7.5000   30.0000   -7.500011745.8896   26.9240
    0.0000   30.0000   -7.500012100.6357   26.9741
    7.5000   30.0000   -7.500011450.0732   27.0041
   -7.5000   37.5000   -7.500010920.2197   26.9446
    0.0000   37.5000   -7.500011244.2656   26.9812
    7.5000   37.5000   -7.500010615.8418   27.0100
   -7.5000   45.0000   -7.5000 9604.8594   26.3356
    0.0000   45.0000   -7.5000 9899.1768   26.3635
    7.5000   45.0000   -7.5000 9355.1104   26.3921
   -7.5000  -45.0000    0.000011784.2803   27.3633
    0.0000  -45.0000    0.000012219.2666   27.3753
    7.5000  -45.0000    0.000011729.7568   27.3884
   -7.5000  -37.5000    0.000012373.6230   27.3684
    0.0000  -37.5000    0.000012880.5820   27.3812
    7.5000  -37.5000    0.000012289.7383   27.3875
   -7.5000  -30.0000    0.000013420.9014   27.3446
    0.0000  -30.0000    0.000013956.5400   27.3701
    7.5000  -30.0000    0.000013279.3350   27.3707
   -7.5000  -22.5000    0.000014022.7129   27.3164
    0.0000  -22.5000    0.000014522.9736   27.3539
    7.5000  -22.5000    0.000014045.8936   27.3582
   -7.5000  -15.0000    0.000014662.9746   27.3079
    0.0000  -15.0000    0.000015196.6963   27.3466
    7.5000  -15.0000    0.000014742.7578   27.3587
   -7.5000   -7.5000    0.000015313.9541   27.3310
    0.0000   -7.5000    0.000015850.7549   27.3569
    7.5000   -7.5000    0.000015341.2715   27.3720
   -7.5000    0.0000    0.000015758.0020   27.3633
    0.0000    0.0000    0.000016300.5195   27.3753
    7.5000    0.0000    0.000015751.3672   27.3884
   -7.5000    7.5000    0.000015093.3633   27.3684
    0.0000    7.5000    0.000015577.8857   27.3812
    7.5000    7.5000    0.000015053.6562   27.3875
   -7.5000   15.0000    0.000014261.3662   27.3446
    0.0000   15.0000    0.000014687.0303   27.3701
    7.5000   15.0000    0.000014156.8086   27.3707
   -7.5000   22.5000    0.000013245.6611   27.3039
    0.0000   22.5000    0.000013651.1562   27.3413
    7.5000   22.5000    0.000013119.4121   27.3456
   -7.5000   30.0000    0.000012093.8779   26.9545
    0.0000   30.0000    0.000012469.5615   26.9927
    7.5000   30.0000    0.000011928.8643   27.0046
   -7.5000   37.5000    0.000011256.6729   26.9772
    0.0000   37.5000    0.000011591.2275   27.0029
    7.5000   37.5000    0.000011058.3369   27.0178
   -7.5000   45.0000    0.0000 9902.4062   26.3751
    0.0000   45.0000    0.000010199.7246   26.3866
    7.5000   45.0000    0.0000 9708.0322   26.3993
   -7.5000  -45.0000    7.500011519.6885   27.3395
    0.0000  -45.0000    7.500011981.0742   27.3398
    7.5000  -45.0000    7.500011445.2012   27.3479
   -7.5000  -37.5000    7.500012054.5596   27.3605
    0.0000  -37.5000    7.500012540.3115   27.3618
    7.5000  -37.5000    7.500011973.0020   27.3607
   -7.5000  -30.0000    7.500012932.0107   27.3354
    0.0000  -30.0000    7.500013405.0547   27.3448
    7.5000  -30.0000    7.500012831.7441   27.3413
   -7.5000  -22.5000    7.500013475.2363   27.2902
    0.0000  -22.5000    7.500013933.1641   27.3064
    7.5000  -22.5000    7.500013569.2549   27.3132
   -7.5000  -15.0000    7.500014041.8320   27.2652
    0.0000  -15.0000    7.500014531.3369   27.2817
    7.5000  -15.0000    7.500014214.2188   27.2990
   -7.5000   -7.5000    7.500014653.1436   27.2894
    0.0000   -7.5000    7.500015182.3828   27.2982
    7.5000   -7.5000    7.500014765.9707   27.3143
   -7.5000    0.0000    7.500015089.7666   27.3395
    0.0000    0.0000    7.500015647.0928   27.3398
    7.5000    0.0000    7.500015191.1211   27.3479
   -7.5000    7.5000    7.500014472.0400   27.3605
    0.0000    7.5000    7.500014976.2207   27.3618
    7.5000    7.5000    7.500014550.7764   27.3607
   -7.5000   15.0000    7.500013636.3496   27.3354
    0.0000   15.0000    7.500014099.8057   27.3448
    7.5000   15.0000    7.500013663.1729   27.3413
   -7.5000   22.5000    7.500012675.2783   27.2776
    0.0000   22.5000    7.500013086.1719   27.2938
    7.5000   22.5000    7.500012662.0283   27.3006
   -7.5000   30.0000    7.500011573.2148   26.9123
    0.0000   30.0000    7.500011940.0840   26.9287
    7.5000   30.0000    7.500011525.9600   26.9457
   -7.5000   37.5000    7.500010772.5723   26.9363
    0.0000   37.5000    7.500011085.7695   26.9449
    7.5000   37.5000    7.500010657.4463   26.9608
   -7.5000   45.0000    7.5000 9498.7324   26.3521
    0.0000   45.0000    7.5000 9758.2383   26.3524
    7.5000   45.0000    7.5000 9356.8779   26.3603
   -7.5000  -45.0000   15.000011103.0078   27.3262
    0.0000  -45.0000   15.000011519.9355   27.3338
    7.5000  -45.0000   15.000011004.0449   27.3539
   -7.5000  -37.5000   15.000011579.8408   27.3583
    0.0000  -37.5000   15.000012005.3818   27.3713
    7.5000  -37.5000   15.000011480.7412   27.3860
   -7.5000  -30.0000   15.000012361.5234   27.3343
    0.0000  -30.0000   15.000012803.9150   27.3501
    7.5000  -30.0000   15.000012278.0879   27.3684
   -7.5000  -22.5000   15.000013012.0117   27.2783
    0.0000  -22.5000   15.000013472.0693   27.2911
    7.5000  -22.5000   15.000013048.6943   27.3221
   -7.5000  -15.0000   15.000013512.5205   27.2417
    0.0000  -15.0000   15.000014047.8047   27.2491
    7.5000  -15.0000   15.000013709.5215   27.2877
   -7.5000   -7.5000   15.000013989.3818   27.2655
    0.0000   -7.5000   15.000014556.1816   27.2707
    7.5000   -7.5000   15.000014234.6875   27.3019
   -7.5000    0.0000   15.000014433.3740   27.3262
    0.0000    0.0000   15.000015035.9521   27.3338
    7.5000    0.0000   15.000014665.2510   27.3539
   -7.5000    7.5000   15.000013872.5615   27.3583
    0.0000    7.5000   15.000014430.5117   27.3713
    7.5000    7.5000   15.000014035.7100   27.3860
   -7.5000   15.0000   15.000013090.1338   27.3343
    0.0000   15.0000   15.000013571.0850   27.3501
    7.5000   15.0000   15.000013145.5332   27.3684
   -7.5000   22.5000   15.000012131.2598   27.2657
    0.0000   22.5000   15.000012567.6514   27.2786
    7.5000   22.5000   15.000012137.2979   27.3096
   -7.5000   30.0000   15.000011005.3662   26.8891
    0.0000   30.0000   15.000011379.8750   26.8965
    7.5000   30.0000   15.000010977.9658   26.9345
   -7.5000   37.5000   15.000010245.2295   26.9127
    0.0000   37.5000   15.000010557.1191   26.9177
    7.5000   37.5000   15.000010128.1572   26.9485
   -7.5000   45.0000   15.0000 9053.8359   26.3393
    0.0000   45.0000   15.0000 9298.2070   26.3467
    7.5000   45.0000   15.0000 8920.3145   26.3661
   -7.5000  -45.0000   22.500010547.4180   27.3373
    0.0000  -45.0000   22.500010978.9814   27.3638
    7.5000  -45.0000   22.500010454.6650   27.4006
   -7.5000  -37.5000   22.500011000.0176   27.3593
    0.0000  -37.5000   22.500011432.5781   27.3979
    7.5000  -37.5000   22.500010903.0918   27.4389
   -7.5000  -30.0000   22.500011761.6826   27.3370
    0.0000  -30.0000   22.500012219.0381   27.3805
    7.5000  -30.0000   22.500011679.0098   27.4304
   -7.5000  -22.5000   22.500012411.2549   27.2933
    0.0000  -22.5000   22.500012923.3320   27.3279
    7.5000  -22.5000   22.500012399.8994   27.3854
   -7.5000  -15.0000   22.500013022.5869   27.2678
    0.0000  -15.0000   22.500013572.7275   27.2890
    7.5000  -15.0000   22.500013039.7969   27.3451
   -7.5000   -7.5000   22.500013523.3105   27.2894
    0.0000   -7.5000   22.500014082.9863   27.3072
    7.5000   -7.5000   22.500013539.2656   27.3519
   -7.5000    0.0000   22.500013938.1338   27.3373
    0.0000    0.0000   22.500014498.5488   27.3638
    7.5000    0.0000   22.500013929.2725   27.4006
   -7.5000    7.5000   22.500013368.7305   27.3593
    0.0000    7.5000   22.500013883.6270   27.3979
    7.5000    7.5000   22.500013331.5332   27.4389
   -7.5000   15.0000   22.500012577.0762   27.3370
    0.0000   15.0000   22.500013024.5596   27.3805
    7.5000   15.0000   22.500012528.4609   27.4304
   -7.5000   22.5000   22.500011621.2324   27.2808
    0.0000   22.5000   22.500012011.1758   27.3153
    7.5000   22.5000   22.500011537.9473   27.3728
   -7.5000   30.0000   22.500010478.7754   26.9149
    0.0000   30.0000   22.500010809.7705   26.9358
    7.5000   30.0000   22.500010378.2158   26.9912
   -7.5000   37.5000   22.5000 9718.9766   26.9363
    0.0000   37.5000   22.500010001.5576   26.9538
    7.5000   37.5000   22.5000 9558.0156   26.9979
   -7.5000   45.0000   22.5000 8588.6074   26.3500
    0.0000   45.0000   22.5000 8818.0830   26.3756
    7.5000   45.0000   22.5000 8422.7490   26.4110
   -7.5000  -45.0000   30.0000 9895.6074   27.3670
    0.0000  -45.0000   30.000010323.3486   27.4032
    7.5000  -45.0000   30.0000 9748.4795   27.4448
   -7.5000  -37.5000   30.000010331.2705   27.3742
    0.0000  -37.5000   30.000010761.2285   27.4245
    7.5000  -37.5000   30.000010167.2900   27.4749
   -7.5000  -30.0000   30.000011102.2266   27.3540
    0.0000  -30.0000   30.000011532.6211   27.4154
    7.5000  -30.0000   30.000010910.5928   27.4735
   -7.5000  -22.5000   30.000011789.1553   27.3268
    0.0000  -22.5000   30.000012232.9453   27.3841
    7.5000  -22.5000   30.000011599.5449   27.4430
   -7.5000  -15.0000   30.000012386.8809   27.3165
    0.0000  -15.0000   30.000012825.5352   27.3589
    7.5000  -15.0000   30.000012176.1328   27.4123
   -7.5000   -7.5000   30.000012831.0117   27.3363
    0.0000   -7.5000   30.000013279.8877   27.3688
    7.5000   -7.5000   30.000012626.3271   27.4128
   -7.5000    0.0000   30.000013225.4658   27.3670
    0.0000    0.0000   30.000013664.0869   27.4032
    7.5000    0.0000   30.000013000.8555   27.4448
   -7.5000    7.5000   30.000012685.4238   27.3742
    0.0000    7.5000   30.000013111.4365   27.4245
    7.5000    7.5000   30.000012491.9736   27.4749
   -7.5000   15.0000   30.000011939.4590   27.3540
    0.0000   15.0000   30.000012330.8066   27.4154
    7.5000   15.0000   30.000011769.6885   27.4735
   -7.5000   22.5000   30.000011002.0938   27.3142
    0.0000   22.5000   30.000011356.3389   27.3714
    7.5000   22.5000   30.000010838.8975   27.4304
   -7.5000   30.0000   30.0000 9913.6348   26.9629
    0.0000   30.0000   30.000010222.1084   27.0049
    7.5000   30.0000   30.0000 9752.4980   27.0575
   -7.5000   37.5000   30.0000 9171.2002   26.9825
    0.0000   37.5000   30.0000 9425.5342   27.0146
    7.5000   37.5000   30.0000 8974.4639   27.0580
   -7.5000   45.0000   30.0000 8076.5928   26.3786
    0.0000   45.0000   30.0000 8300.6963   26.4135
    7.5000   45.0000   30.0000 7881.1060   26.4536
   -7.5000  -45.0000   37.5000 9557.6475   27.3905
    0.0000  -45.0000   37.5000 9928.3164   27.4193
    7.5000  -45.0000   37.5000 9384.8359   27.4490
   -7.5000  -37.5000   37.5000 9975.8906   27.3918
    0.0000  -37.5000   37.500010359.3428   27.4277
    7.5000  -37.5000   37.5000 9786.3418   27.4593
   -7.5000  -30.0000   37.500010714.0732   27.3708
    0.0000  -30.0000   37.500011123.0938   27.4209
    7.5000  -30.0000   37.500010513.6016   27.4515
   -7.5000  -22.5000   37.500011338.0322   27.3487
    0.0000  -22.5000   37.500011770.8486   27.4053
    7.5000  -22.5000   37.500011142.3965   27.4352
   -7.5000  -15.0000   37.500011873.1279   27.3437
    0.0000  -15.0000   37.500012324.5410   27.3944
    7.5000  -15.0000   37.500011665.4180   27.4247
   -7.5000   -7.5000   37.500012327.3496   27.3646
    0.0000   -7.5000   37.500012814.9062   27.4017
    7.5000   -7.5000   37.500012151.8398   27.4308
   -7.5000    0.0000   37.500012733.8818   27.3905
    0.0000    0.0000   37.500013218.0957   27.4193
    7.5000    0.0000   37.500012546.2998   27.4490
   -7.5000    7.5000   37.500012266.5176   27.3918
    0.0000    7.5000   37.500012723.5430   27.4277
    7.5000    7.5000   37.500012057.7559   27.4593
   -7.5000   15.0000   37.500011575.9209   27.3708
    0.0000   15.0000   37.500011999.3955   27.4209
    7.5000   15.0000   37.500011381.2041   27.4515
   -7.5000   22.5000   37.500010659.9258   27.3361
    0.0000   22.5000   37.500011040.4502   27.3927
    7.5000   22.5000   37.500010489.3037   27.4226
   -7.5000   30.0000   37.5000 9645.8984   26.9898
    0.0000   30.0000   37.5000 9955.3203   27.0398
    7.5000   30.0000   37.5000 9479.0068   27.0698
   -7.5000   37.5000   37.5000 8895.3506   27.0104
    0.0000   37.5000   37.5000 9151.1738   27.0471
    7.5000   37.5000   37.5000 8721.9932   27.0758
   -7.5000   45.0000   37.5000 7829.7500   26.4013
    0.0000   45.0000   37.5000 8037.7979   26.4291
    7.5000   45.0000   37.5000 7660.7998   26.4577
   -7.5000  -45.0000   45.0000 8706.7744   27.4074
    0.0000  -45.0000   45.0000 9062.0156   27.4179
    7.5000  -45.0000   45.0000 8581.6475   27.4294
   -7.5000  -37.5000   45.0000 9083.8057   27.4127
    0.0000  -37.5000   45.0000 9450.1201   27.4239
    7.5000  -37.5000   45.0000 8955.0254   27.4286
   -7.5000  -30.0000   45.0000 9744.9658   27.3890
    0.0000  -30.0000   45.000010151.5400   27.4128
    7.5000  -30.0000   45.0000 9624.0820   27.4119
   -7.5000  -22.5000   45.000010319.5244   27.3608
    0.0000  -22.5000   45.000010751.5166   27.3966
    7.5000  -22.5000   45.000010196.9014   27.3996
   -7.5000  -15.0000   45.000010810.5283   27.3522
    0.0000  -15.0000   45.000011247.9521   27.3893
    7.5000  -15.0000   45.000010683.2871   27.4001
   -7.5000   -7.5000   45.000011253.3721   27.3750
    0.0000   -7.5000   45.000011719.2197   27.3996
    7.5000   -7.5000   45.000011129.5859   27.4132
   -7.5000    0.0000   45.000011657.2344   27.4074
    0.0000    0.0000   45.000012148.4229   27.4179
    7.5000    0.0000   45.000011520.3096   27.4294
   -7.5000    7.5000   45.000011268.1592   27.4127
    0.0000    7.5000   45.000011693.0537   27.4239
    7.5000    7.5000   45.000011105.4766   27.4286
   -7.5000   15.0000   45.000010635.2158   27.3890
    0.0000   15.0000   45.000011029.0615   27.4128
    7.5000   15.0000   45.000010487.7666   27.4119
   -7.5000   22.5000   45.0000 9782.3740   27.3481
    0.0000   22.5000   45.000010137.0059   27.3839
    7.5000   22.5000   45.0000 9665.1182   27.3869
   -7.5000   30.0000   45.0000 8858.7930   26.9958
    0.0000   30.0000   45.0000 9152.4229   27.0325
    7.5000   30.0000   45.0000 8717.2227   27.0432
   -7.5000   37.5000   45.0000 8180.1719   27.0184
    0.0000   37.5000   45.0000 8426.0967   27.0426
    7.5000   37.5000   45.0000 8026.2432   27.0561
   -7.5000   45.0000   45.0000 7200.3799   26.4295
    0.0000   45.0000   45.0000 7403.1729   26.4397
    7.5000   45.0000   45.0000 7047.0132   26.4508

---------------------------------------------------------------------
imgreg_4dfp /opt/freesurfer/average/711-2C_as_mni_average_305 /opt/freesurfer/average/711-2B_as_mni_average_305_mask talsrcimg_g11 none talsrcimg_to_711-2C_as_mni_average_305_t4 4355
---------------------------------------------------------------------

freesurfer imgreg_4dfp.c
/opt/freesurfer/average/711-2C_as_mni_average_305.4dfp.img
       256       256       256         1
  1.000000  1.000000  1.000000
orientation T byte_order littleendian
Reading image: /opt/freesurfer/average/711-2C_as_mni_average_305.4dfp.img
dimensions:      256       256       256
mmppix:       1.0000   -1.0000   -1.0000
center:     128.0000 -129.0000 -129.0000
/opt/freesurfer/average/711-2B_as_mni_average_305_mask.4dfp.img
       256       256       256         1
  1.000000  1.000000  1.000000
orientation T byte_order littleendian
Reading mask: /opt/freesurfer/average/711-2B_as_mni_average_305_mask.4dfp.img (2306576 pixels)
talsrcimg_g11.4dfp.img
       256       256       256         1
  1.000000  1.000000  1.000000
orientation T byte_order littleendian
Reading image: talsrcimg_g11.4dfp.img
dimensions:      256       256       256
mmppix:       1.0000   -1.0000   -1.0000
center:     128.0000 -129.0000 -129.0000
rotation matrix determinant  1.000000
image alignment mode   4355 decimal     1103 hex
   -7.5000  -45.0000  -45.0000 1995.4542   25.3192
    0.0000  -45.0000  -45.0000 1989.3361   25.1959
    7.5000  -45.0000  -45.0000 1953.6249   25.6069
   -7.5000  -37.5000  -45.0000 2072.2417   23.3356
    0.0000  -37.5000  -45.0000 2067.6641   23.2655
    7.5000  -37.5000  -45.0000 2038.4875   23.5997
   -7.5000  -30.0000  -45.0000 2134.6313   21.8556
    0.0000  -30.0000  -45.0000 2130.3096   21.8313
    7.5000  -30.0000  -45.0000 2100.6055   22.1577
   -7.5000  -22.5000  -45.0000 2168.1370   20.9319
    0.0000  -22.5000  -45.0000 2169.7581   20.9140
    7.5000  -22.5000  -45.0000 2142.1428   21.2608
   -7.5000  -15.0000  -45.0000 2182.9661   20.5421
    0.0000  -15.0000  -45.0000 2183.8643   20.5622
    7.5000  -15.0000  -45.0000 2158.5496   20.8921
   -7.5000   -7.5000  -45.0000 2178.7224   20.6524
    0.0000   -7.5000  -45.0000 2179.5542   20.6754
    7.5000   -7.5000  -45.0000 2151.6384   21.0670
   -7.5000    0.0000  -45.0000 2157.0815   21.1795
    0.0000    0.0000  -45.0000 2160.5527   21.1539
    7.5000    0.0000  -45.0000 2131.7478   21.6811
   -7.5000    7.5000  -45.0000 2113.3000   22.2127
    0.0000    7.5000  -45.0000 2119.0815   22.1618
    7.5000    7.5000  -45.0000 2089.4917   22.6914
   -7.5000   15.0000  -45.0000 2050.8921   23.8332
    0.0000   15.0000  -45.0000 2053.6863   23.7465
    7.5000   15.0000  -45.0000 2021.0702   24.3354
   -7.5000   22.5000  -45.0000 1967.0898   25.9886
    0.0000   22.5000  -45.0000 1967.1484   25.9840
    7.5000   22.5000  -45.0000 1936.0455   26.6107
   -7.5000   30.0000  -45.0000 1857.0051   28.8505
    0.0000   30.0000  -45.0000 1861.1154   28.8665
    7.5000   30.0000  -45.0000 1829.4141   29.5946
   -7.5000   37.5000  -45.0000 1751.1031   32.7577
    0.0000   37.5000  -45.0000 1752.0734   32.7776
    7.5000   37.5000  -45.0000 1720.1439   33.5685
   -7.5000   45.0000  -45.0000 1614.6157   38.1539
    0.0000   45.0000  -45.0000 1616.0090   38.1321
    7.5000   45.0000  -45.0000 1593.2715   39.0244
   -7.5000  -45.0000  -37.5000 2090.5195   23.0634
    0.0000  -45.0000  -37.5000 2084.4060   22.9246
    7.5000  -45.0000  -37.5000 2048.5928   23.3050
   -7.5000  -37.5000  -37.5000 2168.4431   21.2707
    0.0000  -37.5000  -37.5000 2166.2061   21.2061
    7.5000  -37.5000  -37.5000 2136.3540   21.4884
   -7.5000  -30.0000  -37.5000 2229.3899   19.9287
    0.0000  -30.0000  -37.5000 2232.2786   19.8814
    7.5000  -30.0000  -37.5000 2206.4509   20.1735
   -7.5000  -22.5000  -37.5000 2272.0232   19.0579
    0.0000  -22.5000  -37.5000 2277.5547   19.0355
    7.5000  -22.5000  -37.5000 2249.0696   19.3388
   -7.5000  -15.0000  -37.5000 2295.0491   18.7756
    0.0000  -15.0000  -37.5000 2297.3247   18.7490
    7.5000  -15.0000  -37.5000 2269.4194   19.0459
   -7.5000   -7.5000  -37.5000 2287.3940   18.9110
    0.0000   -7.5000  -37.5000 2289.3911   18.8975
    7.5000   -7.5000  -37.5000 2261.0791   19.1848
   -7.5000    0.0000  -37.5000 2261.0547   19.4642
    0.0000    0.0000  -37.5000 2266.9038   19.3670
    7.5000    0.0000  -37.5000 2235.7849   19.7538
   -7.5000    7.5000  -37.5000 2216.8486   20.4575
    0.0000    7.5000  -37.5000 2219.4958   20.3556
    7.5000    7.5000  -37.5000 2187.1348   20.7846
   -7.5000   15.0000  -37.5000 2146.3831   21.9298
    0.0000   15.0000  -37.5000 2149.7524   21.9011
    7.5000   15.0000  -37.5000 2116.7837   22.3647
   -7.5000   22.5000  -37.5000 2054.1353   23.9694
    0.0000   22.5000  -37.5000 2055.4221   23.9582
    7.5000   22.5000  -37.5000 2021.3320   24.4704
   -7.5000   30.0000  -37.5000 1939.2236   26.6363
    0.0000   30.0000  -37.5000 1942.4875   26.5961
    7.5000   30.0000  -37.5000 1908.6993   27.1925
   -7.5000   37.5000  -37.5000 1819.1700   30.1544
    0.0000   37.5000  -37.5000 1819.7240   30.1413
    7.5000   37.5000  -37.5000 1786.4833   30.7916
   -7.5000   45.0000  -37.5000 1676.4814   34.9650
    0.0000   45.0000  -37.5000 1674.6757   34.9053
    7.5000   45.0000  -37.5000 1653.5542   35.5047
   -7.5000  -45.0000  -30.0000 2211.5881   21.7083
    0.0000  -45.0000  -30.0000 2209.0388   21.6543
    7.5000  -45.0000  -30.0000 2174.3137   22.0326
   -7.5000  -37.5000  -30.0000 2300.6560   20.0091
    0.0000  -37.5000  -30.0000 2299.5378   20.0084
    7.5000  -37.5000  -30.0000 2269.3484   20.3261
   -7.5000  -30.0000  -30.0000 2370.2310   18.8119
    0.0000  -30.0000  -30.0000 2371.1797   18.8295
    7.5000  -30.0000  -30.0000 2341.0557   19.0984
   -7.5000  -22.5000  -30.0000 2421.3169   18.0148
    0.0000  -22.5000  -30.0000 2427.7312   18.0303
    7.5000  -22.5000  -30.0000 2391.2573   18.3256
   -7.5000  -15.0000  -30.0000 2452.3335   17.7645
    0.0000  -15.0000  -30.0000 2456.1821   17.7523
    7.5000  -15.0000  -30.0000 2415.7937   18.0508
   -7.5000   -7.5000  -30.0000 2449.0376   17.9181
    0.0000   -7.5000  -30.0000 2455.3867   17.9216
    7.5000   -7.5000  -30.0000 2418.1267   18.2093
   -7.5000    0.0000  -30.0000 2420.8066   18.5175
    0.0000    0.0000  -30.0000 2425.4309   18.4780
    7.5000    0.0000  -30.0000 2387.2136   18.8292
   -7.5000    7.5000  -30.0000 2366.0020   19.5545
    0.0000    7.5000  -30.0000 2371.1804   19.4738
    7.5000    7.5000  -30.0000 2332.6228   19.8592
   -7.5000   15.0000  -30.0000 2281.1807   21.0156
    0.0000   15.0000  -30.0000 2282.6978   20.9376
    7.5000   15.0000  -30.0000 2247.4919   21.3810
   -7.5000   22.5000  -30.0000 2171.1780   23.0177
    0.0000   22.5000  -30.0000 2174.5225   22.9591
    7.5000   22.5000  -30.0000 2140.7063   23.4521
   -7.5000   30.0000  -30.0000 2046.6741   25.5680
    0.0000   30.0000  -30.0000 2048.1121   25.5157
    7.5000   30.0000  -30.0000 2015.6472   26.1098
   -7.5000   37.5000  -30.0000 1913.7379   28.9463
    0.0000   37.5000  -30.0000 1914.2993   28.8517
    7.5000   37.5000  -30.0000 1884.4847   29.5005
   -7.5000   45.0000  -30.0000 1768.6102   33.3675
    0.0000   45.0000  -30.0000 1763.8762   33.2819
    7.5000   45.0000  -30.0000 1744.2056   33.9439
   -7.5000  -45.0000  -22.5000 2310.4456   20.4471
    0.0000  -45.0000  -22.5000 2308.5981   20.4745
    7.5000  -45.0000  -22.5000 2268.9829   20.8790
   -7.5000  -37.5000  -22.5000 2411.9131   18.8100
    0.0000  -37.5000  -22.5000 2412.0376   18.8561
    7.5000  -37.5000  -22.5000 2374.9829   19.1800
   -7.5000  -30.0000  -22.5000 2492.1790   17.6512
    0.0000  -30.0000  -22.5000 2491.3198   17.7169
    7.5000  -30.0000  -22.5000 2456.8350   18.0201
   -7.5000  -22.5000  -22.5000 2549.5820   16.9495
    0.0000  -22.5000  -22.5000 2554.0740   17.0009
    7.5000  -22.5000  -22.5000 2511.2595   17.3248
   -7.5000  -15.0000  -22.5000 2584.5720   16.6859
    0.0000  -15.0000  -22.5000 2592.0161   16.7264
    7.5000  -15.0000  -22.5000 2545.4612   17.0809
   -7.5000   -7.5000  -22.5000 2585.8203   16.8640
    0.0000   -7.5000  -22.5000 2592.4043   16.8928
    7.5000   -7.5000  -22.5000 2548.6877   17.2425
   -7.5000    0.0000  -22.5000 2561.1360   17.5393
    0.0000    0.0000  -22.5000 2561.2859   17.5151
    7.5000    0.0000  -22.5000 2515.4490   17.8948
   -7.5000    7.5000  -22.5000 2490.3726   18.6097
    0.0000    7.5000  -22.5000 2492.9658   18.5496
    7.5000    7.5000  -22.5000 2448.8577   18.9166
   -7.5000   15.0000  -22.5000 2390.3667   20.0539
    0.0000   15.0000  -22.5000 2393.4219   19.9889
    7.5000   15.0000  -22.5000 2352.2690   20.3486
   -7.5000   22.5000  -22.5000 2271.8000   21.9866
    0.0000   22.5000  -22.5000 2276.7085   21.9381
    7.5000   22.5000  -22.5000 2239.1338   22.3739
   -7.5000   30.0000  -22.5000 2132.7781   24.4114
    0.0000   30.0000  -22.5000 2133.7615   24.3550
    7.5000   30.0000  -22.5000 2100.7427   24.9184
   -7.5000   37.5000  -22.5000 1986.5431   27.5433
    0.0000   37.5000  -22.5000 1983.8301   27.5252
    7.5000   37.5000  -22.5000 1959.4951   28.0555
   -7.5000   45.0000  -22.5000 1831.0857   31.6407
    0.0000   45.0000  -22.5000 1830.3269   31.6582
    7.5000   45.0000  -22.5000 1809.3386   32.2668
   -7.5000  -45.0000  -15.0000 2379.7397   19.3426
    0.0000  -45.0000  -15.0000 2378.1350   19.3226
    7.5000  -45.0000  -15.0000 2338.4407   19.8432
   -7.5000  -37.5000  -15.0000 2490.3093   17.7812
    0.0000  -37.5000  -15.0000 2493.1279   17.7872
    7.5000  -37.5000  -15.0000 2453.7754   18.2393
   -7.5000  -30.0000  -15.0000 2585.8347   16.6593
    0.0000  -30.0000  -15.0000 2589.9841   16.6729
    7.5000  -30.0000  -15.0000 2549.6682   17.0996
   -7.5000  -22.5000  -15.0000 2661.3423   15.9786
    0.0000  -22.5000  -15.0000 2668.7878   16.0296
    7.5000  -22.5000  -15.0000 2615.0718   16.3910
   -7.5000  -15.0000  -15.0000 2697.9038   15.7585
    0.0000  -15.0000  -15.0000 2709.3074   15.7896
    7.5000  -15.0000  -15.0000 2651.6633   16.1981
   -7.5000   -7.5000  -15.0000 2694.9314   15.9605
    0.0000   -7.5000  -15.0000 2703.3672   15.9839
    7.5000   -7.5000  -15.0000 2652.5662   16.3698
   -7.5000    0.0000  -15.0000 2660.6128   16.6338
    0.0000    0.0000  -15.0000 2665.9365   16.6035
    7.5000    0.0000  -15.0000 2613.1570   16.9887
   -7.5000    7.5000  -15.0000 2582.1953   17.6656
    0.0000    7.5000  -15.0000 2589.5090   17.6371
    7.5000    7.5000  -15.0000 2541.5728   17.9725
   -7.5000   15.0000  -15.0000 2470.9976   19.0714
    0.0000   15.0000  -15.0000 2476.3127   19.0518
    7.5000   15.0000  -15.0000 2432.9309   19.4371
   -7.5000   22.5000  -15.0000 2344.7134   20.9422
    0.0000   22.5000  -15.0000 2348.0188   20.9394
    7.5000   22.5000  -15.0000 2307.5283   21.3848
   -7.5000   30.0000  -15.0000 2199.4382   23.3112
    0.0000   30.0000  -15.0000 2199.2368   23.3253
    7.5000   30.0000  -15.0000 2163.1682   23.7674
   -7.5000   37.5000  -15.0000 2041.7595   26.3104
    0.0000   37.5000  -15.0000 2042.1921   26.3290
    7.5000   37.5000  -15.0000 2012.5068   26.8381
   -7.5000   45.0000  -15.0000 1874.8660   30.1565
    0.0000   45.0000  -15.0000 1879.5718   30.1978
    7.5000   45.0000  -15.0000 1853.8635   30.7883
   -7.5000  -45.0000   -7.5000 2431.0957   18.4093
    0.0000  -45.0000   -7.5000 2429.3574   18.3488
    7.5000  -45.0000   -7.5000 2390.4331   18.9169
   -7.5000  -37.5000   -7.5000 2552.4761   16.8843
    0.0000  -37.5000   -7.5000 2555.6631   16.8700
    7.5000  -37.5000   -7.5000 2512.8398   17.3990
   -7.5000  -30.0000   -7.5000 2660.9668   15.8353
    0.0000  -30.0000   -7.5000 2671.6248   15.8088
    7.5000  -30.0000   -7.5000 2622.3542   16.3148
   -7.5000  -22.5000   -7.5000 2757.6062   15.1591
    0.0000  -22.5000   -7.5000 2770.0635   15.1786
    7.5000  -22.5000   -7.5000 2701.0627   15.6227
   -7.5000  -15.0000   -7.5000 2797.8606   14.9545
    0.0000  -15.0000   -7.5000 2815.6887   14.9661
    7.5000  -15.0000   -7.5000 2743.4795   15.4426
   -7.5000   -7.5000   -7.5000 2793.6304   15.2390
    0.0000   -7.5000   -7.5000 2806.5459   15.2168
    7.5000   -7.5000   -7.5000 2746.0596   15.6192
   -7.5000    0.0000   -7.5000 2742.1101   15.8013
    0.0000    0.0000   -7.5000 2754.0657   15.7598
    7.5000    0.0000   -7.5000 2697.1394   16.1347
   -7.5000    7.5000   -7.5000 2649.5210   16.7825
    0.0000    7.5000   -7.5000 2658.3391   16.7735
    7.5000    7.5000   -7.5000 2608.8418   17.1300
   -7.5000   15.0000   -7.5000 2533.6816   18.1722
    0.0000   15.0000   -7.5000 2537.8237   18.1895
    7.5000   15.0000   -7.5000 2494.8962   18.5398
   -7.5000   22.5000   -7.5000 2400.7852   19.9753
    0.0000   22.5000   -7.5000 2398.6641   19.9990
    7.5000   22.5000   -7.5000 2363.4277   20.3797
   -7.5000   30.0000   -7.5000 2245.6565   22.2928
    0.0000   30.0000   -7.5000 2245.5039   22.2869
    7.5000   30.0000   -7.5000 2207.4553   22.7502
   -7.5000   37.5000   -7.5000 2078.0386   25.1186
    0.0000   37.5000   -7.5000 2084.0305   25.1033
    7.5000   37.5000   -7.5000 2049.9124   25.6295
   -7.5000   45.0000   -7.5000 1905.8049   28.8159
    0.0000   45.0000   -7.5000 1912.0645   28.7415
    7.5000   45.0000   -7.5000 1885.3446   29.3806
   -7.5000  -45.0000    0.0000 2464.1194   17.7864
    0.0000  -45.0000    0.0000 2468.1201   17.6889
    7.5000  -45.0000    0.0000 2430.5156   18.3135
   -7.5000  -37.5000    0.0000 2597.6960   16.3032
    0.0000  -37.5000    0.0000 2605.0491   16.2151
    7.5000  -37.5000    0.0000 2560.3923   16.8239
   -7.5000  -30.0000    0.0000 2728.8301   15.2951
    0.0000  -30.0000    0.0000 2734.0903   15.2093
    7.5000  -30.0000    0.0000 2682.0212   15.7554
   -7.5000  -22.5000    0.0000 2833.8684   14.5955
    0.0000  -22.5000    0.0000 2845.9795   14.5415
    7.5000  -22.5000    0.0000 2768.0854   15.0663
   -7.5000  -15.0000    0.0000 2883.6501   14.3606
    0.0000  -15.0000    0.0000 2901.4670   14.2952
    7.5000  -15.0000    0.0000 2815.7246   14.8920
   -7.5000   -7.5000    0.0000 2872.7192   14.7025
    0.0000   -7.5000    0.0000 2884.5076   14.6038
    7.5000   -7.5000    0.0000 2814.6169   15.0794
   -7.5000    0.0000    0.0000 2801.4280   15.2557
    0.0000    0.0000    0.0000 2812.2461   15.1921
    7.5000    0.0000    0.0000 2759.4626   15.5432
   -7.5000    7.5000    0.0000 2700.0696   16.1629
    0.0000    7.5000    0.0000 2709.2400   16.1254
    7.5000    7.5000    0.0000 2662.6165   16.4928
   -7.5000   15.0000    0.0000 2572.1353   17.4948
    0.0000   15.0000    0.0000 2578.2593   17.4686
    7.5000   15.0000    0.0000 2533.5610   17.8510
   -7.5000   22.5000    0.0000 2428.0486   19.2766
    0.0000   22.5000    0.0000 2433.9084   19.2719
    7.5000   22.5000    0.0000 2390.8567   19.6804
   -7.5000   30.0000    0.0000 2266.6875   21.4821
    0.0000   30.0000    0.0000 2272.0896   21.4929
    7.5000   30.0000    0.0000 2231.0603   21.9402
   -7.5000   37.5000    0.0000 2102.8784   24.2449
    0.0000   37.5000    0.0000 2107.0325   24.2244
    7.5000   37.5000    0.0000 2074.9475   24.7507
   -7.5000   45.0000    0.0000 1926.6940   27.7906
    0.0000   45.0000    0.0000 1929.9126   27.7961
    7.5000   45.0000    0.0000 1897.9462   28.3847
   -7.5000  -45.0000    7.5000 2491.3105   17.5047
    0.0000  -45.0000    7.5000 2503.3159   17.4224
    7.5000  -45.0000    7.5000 2458.1553   18.0073
   -7.5000  -37.5000    7.5000 2623.4980   16.0606
    0.0000  -37.5000    7.5000 2636.0090   15.9543
    7.5000  -37.5000    7.5000 2590.4426   16.5480
   -7.5000  -30.0000    7.5000 2753.2734   15.0048
    0.0000  -30.0000    7.5000 2769.2690   14.9351
    7.5000  -30.0000    7.5000 2714.2664   15.4701
   -7.5000  -22.5000    7.5000 2858.0825   14.2521
    0.0000  -22.5000    7.5000 2867.6777   14.1340
    7.5000  -22.5000    7.5000 2799.1440   14.7736
   -7.5000  -15.0000    7.5000 2913.3125   13.9139
    0.0000  -15.0000    7.5000 2921.1196   13.8545
    7.5000  -15.0000    7.5000 2848.7727   14.5230
   -7.5000   -7.5000    7.5000 2906.2153   14.1975
    0.0000   -7.5000    7.5000 2918.3662   14.1426
    7.5000   -7.5000    7.5000 2839.9885   14.6859
   -7.5000    0.0000    7.5000 2828.3086   14.8752
    0.0000    0.0000    7.5000 2841.4509   14.7965
    7.5000    0.0000    7.5000 2776.3818   15.2230
   -7.5000    7.5000    7.5000 2720.2046   15.8060
    0.0000    7.5000    7.5000 2729.6575   15.7482
    7.5000    7.5000    7.5000 2677.9763   16.1775
   -7.5000   15.0000    7.5000 2581.6797   17.1104
    0.0000   15.0000    7.5000 2595.6079   17.0983
    7.5000   15.0000    7.5000 2549.4392   17.5382
   -7.5000   22.5000    7.5000 2437.0029   18.7810
    0.0000   22.5000    7.5000 2443.9971   18.8180
    7.5000   22.5000    7.5000 2401.9211   19.3045
   -7.5000   30.0000    7.5000 2274.8882   20.9225
    0.0000   30.0000    7.5000 2283.4299   20.9922
    7.5000   30.0000    7.5000 2244.3613   21.5044
   -7.5000   37.5000    7.5000 2106.5337   23.6455
    0.0000   37.5000    7.5000 2111.5527   23.6847
    7.5000   37.5000    7.5000 2076.1960   24.2755
   -7.5000   45.0000    7.5000 1934.4788   27.1413
    0.0000   45.0000    7.5000 1931.0919   27.0947
    7.5000   45.0000    7.5000 1904.0631   27.7450
   -7.5000  -45.0000   15.0000 2500.6890   17.5538
    0.0000  -45.0000   15.0000 2510.7092   17.4496
    7.5000  -45.0000   15.0000 2470.0500   18.0350
   -7.5000  -37.5000   15.0000 2630.9978   16.1184
    0.0000  -37.5000   15.0000 2644.1721   16.0490
    7.5000  -37.5000   15.0000 2595.5735   16.6470
   -7.5000  -30.0000   15.0000 2749.2856   15.0375
    0.0000  -30.0000   15.0000 2767.5198   14.9759
    7.5000  -30.0000   15.0000 2707.0491   15.5912
   -7.5000  -22.5000   15.0000 2845.2358   14.2889
    0.0000  -22.5000   15.0000 2853.3848   14.2373
    7.5000  -22.5000   15.0000 2794.6995   14.9029
   -7.5000  -15.0000   15.0000 2884.4663   14.0261
    0.0000  -15.0000   15.0000 2898.0869   14.0001
    7.5000  -15.0000   15.0000 2837.3386   14.6676
   -7.5000   -7.5000   15.0000 2875.9697   14.1336
    0.0000   -7.5000   15.0000 2889.4148   14.1122
    7.5000   -7.5000   15.0000 2823.1838   14.7942
   -7.5000    0.0000   15.0000 2810.1824   14.7623
    0.0000    0.0000   15.0000 2825.6084   14.7511
    7.5000    0.0000   15.0000 2760.9102   15.2742
   -7.5000    7.5000   15.0000 2704.6970   15.7117
    0.0000    7.5000   15.0000 2715.0732   15.7028
    7.5000    7.5000   15.0000 2664.6123   16.1831
   -7.5000   15.0000   15.0000 2568.2844   16.9983
    0.0000   15.0000   15.0000 2578.4697   17.0124
    7.5000   15.0000   15.0000 2535.2183   17.4842
   -7.5000   22.5000   15.0000 2421.4702   18.6304
    0.0000   22.5000   15.0000 2431.6755   18.6470
    7.5000   22.5000   15.0000 2390.5359   19.1989
   -7.5000   30.0000   15.0000 2253.2793   20.7590
    0.0000   30.0000   15.0000 2263.5105   20.7671
    7.5000   30.0000   15.0000 2229.7971   21.3566
   -7.5000   37.5000   15.0000 2091.7004   23.5036
    0.0000   37.5000   15.0000 2095.8499   23.4817
    7.5000   37.5000   15.0000 2063.3552   24.0722
   -7.5000   45.0000   15.0000 1919.1799   26.9273
    0.0000   45.0000   15.0000 1923.1528   26.8588
    7.5000   45.0000   15.0000 1898.3096   27.4914
   -7.5000  -45.0000   22.5000 2489.5784   17.9399
    0.0000  -45.0000   22.5000 2509.6475   17.8574
    7.5000  -45.0000   22.5000 2458.9719   18.4068
   -7.5000  -37.5000   22.5000 2614.3076   16.5312
    0.0000  -37.5000   22.5000 2633.2585   16.4850
    7.5000  -37.5000   22.5000 2581.1973   17.0306
   -7.5000  -30.0000   22.5000 2719.0254   15.4550
    0.0000  -30.0000   22.5000 2740.8538   15.3867
    7.5000  -30.0000   22.5000 2683.1833   16.0228
   -7.5000  -22.5000   22.5000 2791.6013   14.7478
    0.0000  -22.5000   22.5000 2812.4353   14.7607
    7.5000  -22.5000   22.5000 2761.0425   15.3406
   -7.5000  -15.0000   22.5000 2822.7930   14.5262
    0.0000  -15.0000   22.5000 2846.1660   14.5094
    7.5000  -15.0000   22.5000 2794.7310   15.0758
   -7.5000   -7.5000   22.5000 2804.0078   14.6447
    0.0000   -7.5000   22.5000 2823.6365   14.5899
    7.5000   -7.5000   22.5000 2772.8870   15.2058
   -7.5000    0.0000   22.5000 2743.2100   15.1378
    0.0000    0.0000   22.5000 2757.5508   15.0729
    7.5000    0.0000   22.5000 2711.7832   15.6312
   -7.5000    7.5000   22.5000 2650.8848   15.9942
    0.0000    7.5000   22.5000 2664.2917   15.9671
    7.5000    7.5000   22.5000 2617.5127   16.4669
   -7.5000   15.0000   22.5000 2527.1763   17.2654
    0.0000   15.0000   22.5000 2540.0117   17.2385
    7.5000   15.0000   22.5000 2501.6443   17.7214
   -7.5000   22.5000   22.5000 2384.7239   18.8889
    0.0000   22.5000   22.5000 2397.1255   18.8419
    7.5000   22.5000   22.5000 2366.2275   19.3825
   -7.5000   30.0000   22.5000 2219.4758   20.9616
    0.0000   30.0000   22.5000 2229.7068   20.9089
    7.5000   30.0000   22.5000 2207.5376   21.4582
   -7.5000   37.5000   22.5000 2064.7283   23.6761
    0.0000   37.5000   22.5000 2070.1289   23.6242
    7.5000   37.5000   22.5000 2040.6206   24.2001
   -7.5000   45.0000   22.5000 1899.7623   27.1872
    0.0000   45.0000   22.5000 1905.0535   27.0567
    7.5000   45.0000   22.5000 1876.7352   27.7025
   -7.5000  -45.0000   30.0000 2453.0588   18.6700
    0.0000  -45.0000   30.0000 2474.9475   18.6440
    7.5000  -45.0000   30.0000 2426.1538   19.0409
   -7.5000  -37.5000   30.0000 2567.8716   17.2964
    0.0000  -37.5000   30.0000 2591.7065   17.2520
    7.5000  -37.5000   30.0000 2540.3547   17.6905
   -7.5000  -30.0000   30.0000 2658.2188   16.2735
    0.0000  -30.0000   30.0000 2679.8101   16.2455
    7.5000  -30.0000   30.0000 2629.7385   16.7212
   -7.5000  -22.5000   30.0000 2717.4792   15.6453
    0.0000  -22.5000   30.0000 2736.2991   15.6278
    7.5000  -22.5000   30.0000 2695.4219   16.0552
   -7.5000  -15.0000   30.0000 2738.2334   15.3774
    0.0000  -15.0000   30.0000 2757.3953   15.3192
    7.5000  -15.0000   30.0000 2715.2493   15.7397
   -7.5000   -7.5000   30.0000 2707.6528   15.4278
    0.0000   -7.5000   30.0000 2730.1614   15.3676
    7.5000   -7.5000   30.0000 2687.8547   15.8064
   -7.5000    0.0000   30.0000 2649.0779   15.8110
    0.0000    0.0000   30.0000 2663.1284   15.7462
    7.5000    0.0000   30.0000 2625.4851   16.2319
   -7.5000    7.5000   30.0000 2561.8347   16.6223
    0.0000    7.5000   30.0000 2572.7656   16.5629
    7.5000    7.5000   30.0000 2540.1504   17.0542
   -7.5000   15.0000   30.0000 2452.1448   17.8536
    0.0000   15.0000   30.0000 2461.5269   17.8071
    7.5000   15.0000   30.0000 2432.4282   18.2690
   -7.5000   22.5000   30.0000 2324.1560   19.4446
    0.0000   22.5000   30.0000 2336.2612   19.3904
    7.5000   22.5000   30.0000 2304.9482   19.8869
   -7.5000   30.0000   30.0000 2171.7742   21.5023
    0.0000   30.0000   30.0000 2184.5938   21.4934
    7.5000   30.0000   30.0000 2154.4041   22.0024
   -7.5000   37.5000   30.0000 2020.4086   24.2765
    0.0000   37.5000   30.0000 2026.4266   24.2183
    7.5000   37.5000   30.0000 2004.2617   24.7316
   -7.5000   45.0000   30.0000 1865.8009   27.8172
    0.0000   45.0000   30.0000 1866.2419   27.7091
    7.5000   45.0000   30.0000 1845.2649   28.3087
   -7.5000  -45.0000   37.5000 2398.9231   19.8373
    0.0000  -45.0000   37.5000 2420.3159   19.7452
    7.5000  -45.0000   37.5000 2379.6997   20.0350
   -7.5000  -37.5000   37.5000 2501.2900   18.4166
    0.0000  -37.5000   37.5000 2523.8577   18.3600
    7.5000  -37.5000   37.5000 2483.7290   18.6932
   -7.5000  -30.0000   37.5000 2579.3108   17.4007
    0.0000  -30.0000   37.5000 2599.1406   17.3849
    7.5000  -30.0000   37.5000 2559.3625   17.7146
   -7.5000  -22.5000   37.5000 2623.0273   16.7245
    0.0000  -22.5000   37.5000 2640.3074   16.7234
    7.5000  -22.5000   37.5000 2605.3459   17.0423
   -7.5000  -15.0000   37.5000 2629.2498   16.4142
    0.0000  -15.0000   37.5000 2647.2808   16.3833
    7.5000  -15.0000   37.5000 2612.3870   16.7031
   -7.5000   -7.5000   37.5000 2608.2495   16.4066
    0.0000   -7.5000   37.5000 2628.7434   16.3701
    7.5000   -7.5000   37.5000 2596.0239   16.6904
   -7.5000    0.0000   37.5000 2554.5725   16.7505
    0.0000    0.0000   37.5000 2567.4929   16.7265
    7.5000    0.0000   37.5000 2539.5642   17.0834
   -7.5000    7.5000   37.5000 2474.1125   17.5336
    0.0000    7.5000   37.5000 2486.4565   17.5107
    7.5000    7.5000   37.5000 2455.7771   17.8636
   -7.5000   15.0000   37.5000 2370.4915   18.7323
    0.0000   15.0000   37.5000 2381.4714   18.6924
    7.5000   15.0000   37.5000 2354.2820   19.0635
   -7.5000   22.5000   37.5000 2246.1375   20.3824
    0.0000   22.5000   37.5000 2256.9548   20.3401
    7.5000   22.5000   37.5000 2232.8528   20.7144
   -7.5000   30.0000   37.5000 2111.8499   22.4975
    0.0000   30.0000   37.5000 2120.6018   22.4715
    7.5000   30.0000   37.5000 2101.6133   22.8954
   -7.5000   37.5000   37.5000 1963.2859   25.3022
    0.0000   37.5000   37.5000 1966.8411   25.2383
    7.5000   37.5000   37.5000 1954.7944   25.7816
   -7.5000   45.0000   37.5000 1812.0339   28.8604
    0.0000   45.0000   37.5000 1815.3237   28.8292
    7.5000   45.0000   37.5000 1798.5640   29.5068
   -7.5000  -45.0000   45.0000 2327.1797   21.1799
    0.0000  -45.0000   45.0000 2346.7107   21.0597
    7.5000  -45.0000   45.0000 2316.4067   21.3039
   -7.5000  -37.5000   45.0000 2420.0710   19.7485
    0.0000  -37.5000   45.0000 2439.8394   19.6821
    7.5000  -37.5000   45.0000 2409.6260   19.9433
   -7.5000  -30.0000   45.0000 2484.6077   18.6872
    0.0000  -30.0000   45.0000 2506.2981   18.6895
    7.5000  -30.0000   45.0000 2477.8215   18.9330
   -7.5000  -22.5000   45.0000 2518.2222   17.9962
    0.0000  -22.5000   45.0000 2539.9478   17.9784
    7.5000  -22.5000   45.0000 2508.1807   18.2696
   -7.5000  -15.0000   45.0000 2520.6255   17.6519
    0.0000  -15.0000   45.0000 2537.7866   17.6399
    7.5000  -15.0000   45.0000 2508.6453   17.9308
   -7.5000   -7.5000   45.0000 2499.8267   17.6319
    0.0000   -7.5000   45.0000 2519.1211   17.6261
    7.5000   -7.5000   45.0000 2491.3232   17.9167
   -7.5000    0.0000   45.0000 2452.9438   17.9768
    0.0000    0.0000   45.0000 2472.8196   17.9282
    7.5000    0.0000   45.0000 2442.8789   18.2310
   -7.5000    7.5000   45.0000 2382.8762   18.7556
    0.0000    7.5000   45.0000 2393.9797   18.7332
    7.5000    7.5000   45.0000 2370.0498   18.9871
   -7.5000   15.0000   45.0000 2279.5479   19.9328
    0.0000   15.0000   45.0000 2291.1721   19.8871
    7.5000   15.0000   45.0000 2268.9536   20.1952
   -7.5000   22.5000   45.0000 2157.5178   21.6619
    0.0000   22.5000   45.0000 2168.8828   21.6215
    7.5000   22.5000   45.0000 2155.5015   21.9300
   -7.5000   30.0000   45.0000 2030.2380   23.8635
    0.0000   30.0000   45.0000 2040.9393   23.7970
    7.5000   30.0000   45.0000 2024.2550   24.1999
   -7.5000   37.5000   45.0000 1895.4631   26.7426
    0.0000   37.5000   45.0000 1902.9552   26.6718
    7.5000   37.5000   45.0000 1890.3623   27.1569
   -7.5000   45.0000   45.0000 1748.5079   30.4176
    0.0000   45.0000   45.0000 1755.2848   30.3479
    7.5000   45.0000   45.0000 1741.2913   30.9520

---------------------------------------------------------------------
imgreg_4dfp /opt/freesurfer/average/711-2C_as_mni_average_305 /opt/freesurfer/average/711-2B_as_mni_average_305_mask talsrcimg_g11 none talsrcimg_to_711-2C_as_mni_average_305_t4 1283
---------------------------------------------------------------------

freesurfer imgreg_4dfp.c
/opt/freesurfer/average/711-2C_as_mni_average_305.4dfp.img
       256       256       256         1
  1.000000  1.000000  1.000000
orientation T byte_order littleendian
Reading image: /opt/freesurfer/average/711-2C_as_mni_average_305.4dfp.img
dimensions:      256       256       256
mmppix:       1.0000   -1.0000   -1.0000
center:     128.0000 -129.0000 -129.0000
/opt/freesurfer/average/711-2B_as_mni_average_305_mask.4dfp.img
       256       256       256         1
  1.000000  1.000000  1.000000
orientation T byte_order littleendian
Reading mask: /opt/freesurfer/average/711-2B_as_mni_average_305_mask.4dfp.img (2306576 pixels)
talsrcimg_g11.4dfp.img
       256       256       256         1
  1.000000  1.000000  1.000000
orientation T byte_order littleendian
Reading image: talsrcimg_g11.4dfp.img
dimensions:      256       256       256
mmppix:       1.0000   -1.0000   -1.0000
center:     128.0000 -129.0000 -129.0000
rotation matrix determinant  1.000000
fimgreg.f
image alignment mode   1283 decimal      503 hex
parameters
    0.0000  -15.0000    7.5000    0.0000    0.0000    0.0000
eta,q 0.91696 13.82769
niter,ni,del,rscale     5    3   12.0000    1.2000
parameter  2 -0.823789 -> -0.500000 qaram    1.1500
parameter  4 -0.858721 -> -0.500000 qaram    1.1500
parameter  5  0.602902 ->  0.500000 qaram    1.1500
parameters
   -1.6092  -11.5500    7.3147    3.4500   -3.4500   -2.8392
eta,q 0.92493 13.68252
  0.0867  0.0944  0.0858  0.0895  0.0771  0.0766
  0.0859  0.0895  0.0813  0.0867  0.0764  0.0752
  0.0841  0.0857  0.0794  0.0841  0.0762  0.0753
  0.0834  0.0833  0.0808  0.0807  0.0772  0.0762
  0.0849  0.0816  0.0821  0.0782  0.0807  0.0777
  0.0903  0.0812  0.0822  0.0773  0.0847  0.0798
  0.1003  0.0803  0.0854  0.0791  0.0875  0.0823
niter,ni,del,rscale     7    3   12.0000    1.2000
parameters
   -2.1295  -12.4005    7.1465    3.8177   -4.3349   -2.2646
eta,q 0.92319 13.60919
  0.0810  0.0830  0.0810  0.0835  0.0805  0.0803
  0.0792  0.0814  0.0766  0.0802  0.0779  0.0786
  0.0774  0.0789  0.0756  0.0777  0.0769  0.0774
  0.0751  0.0755  0.0769  0.0768  0.0768  0.0769
  0.0761  0.0759  0.0773  0.0773  0.0774  0.0768
  0.0798  0.0831  0.0779  0.0794  0.0799  0.0776
  0.0851  0.0916  0.0803  0.0821  0.0831  0.0793
niter,ni,del,rscale     6    3   12.0000    1.2000
parameters
   -2.2115  -12.7458    7.5193    4.0414   -4.3968   -2.0641
eta,q 0.92260 13.58642
  0.0822  0.0843  0.0819  0.0838  0.0821  0.0804
  0.0792  0.0813  0.0775  0.0803  0.0792  0.0789
  0.0774  0.0792  0.0760  0.0776  0.0775  0.0779
  0.0768  0.0768  0.0772  0.0773  0.0774  0.0774
  0.0768  0.0754  0.0772  0.0783  0.0776  0.0773
  0.0791  0.0812  0.0774  0.0801  0.0794  0.0783
  0.0830  0.0889  0.0799  0.0825  0.0822  0.0804
niter,ni,del,rscale     5    3   12.0000    1.2000
parameters
   -2.1000  -12.8481    7.5559    4.1326   -4.3979   -2.1728
eta,q 0.92243 13.58195
  0.0829  0.0848  0.0812  0.0836  0.0822  0.0803
  0.0797  0.0817  0.0773  0.0801  0.0794  0.0789
  0.0778  0.0796  0.0764  0.0776  0.0777  0.0779
  0.0774  0.0774  0.0775  0.0775  0.0776  0.0776
  0.0774  0.0756  0.0771  0.0785  0.0776  0.0776
  0.0793  0.0805  0.0775  0.0803  0.0793  0.0787
  0.0827  0.0878  0.0806  0.0828  0.0823  0.0809
niter,ni,del,rscale     4    3   12.0000    1.2000
parameters
   -2.0947  -12.8825    7.5652    4.1791   -4.3856   -2.1687
eta,q 0.92238 13.57949
  0.0827  0.0849  0.0811  0.0835  0.0823  0.0804
  0.0797  0.0818  0.0772  0.0800  0.0794  0.0790
  0.0779  0.0797  0.0765  0.0777  0.0777  0.0780
  0.0776  0.0776  0.0776  0.0776  0.0776  0.0776
  0.0775  0.0756  0.0771  0.0785  0.0776  0.0776
  0.0795  0.0803  0.0774  0.0803  0.0793  0.0787
  0.0830  0.0876  0.0807  0.0828  0.0823  0.0808
registration optimization eta report
parameter search radius
    6.0000    6.9000    6.0000    6.9000    6.9000    6.0000
100000*second partial in parameter space
       15.       19.       11.       12.       10.        9.
  0.0827  0.0849  0.0811  0.0835  0.0823  0.0804
  0.0797  0.0818  0.0772  0.0800  0.0794  0.0790
  0.0779  0.0797  0.0765  0.0777  0.0777  0.0780
  0.0776  0.0776  0.0776  0.0776  0.0776  0.0776
  0.0775  0.0756  0.0771  0.0785  0.0776  0.0776
  0.0795  0.0803  0.0774  0.0803  0.0793  0.0787
  0.0830  0.0876  0.0807  0.0828  0.0823  0.0808
   -2.0947  -12.8825    7.5652    4.1791   -4.3856   -2.1687
eta,q 0.92238 13.57949

---------------------------------------------------------------------
imgreg_4dfp /opt/freesurfer/average/711-2C_as_mni_average_305 /opt/freesurfer/average/711-2B_as_mni_average_305_mask talsrcimg_g11 none talsrcimg_to_711-2C_as_mni_average_305_t4 3335
---------------------------------------------------------------------

freesurfer imgreg_4dfp.c
/opt/freesurfer/average/711-2C_as_mni_average_305.4dfp.img
       256       256       256         1
  1.000000  1.000000  1.000000
orientation T byte_order littleendian
Reading image: /opt/freesurfer/average/711-2C_as_mni_average_305.4dfp.img
dimensions:      256       256       256
mmppix:       1.0000   -1.0000   -1.0000
center:     128.0000 -129.0000 -129.0000
/opt/freesurfer/average/711-2B_as_mni_average_305_mask.4dfp.img
       256       256       256         1
  1.000000  1.000000  1.000000
orientation T byte_order littleendian
Reading mask: /opt/freesurfer/average/711-2B_as_mni_average_305_mask.4dfp.img (2306576 pixels)
talsrcimg_g11.4dfp.img
       256       256       256         1
  1.000000  1.000000  1.000000
orientation T byte_order littleendian
Reading image: talsrcimg_g11.4dfp.img
dimensions:      256       256       256
mmppix:       1.0000   -1.0000   -1.0000
center:     128.0000 -129.0000 -129.0000
fimgreg.f
image alignment mode   3335 decimal      D07 hex
parameters
   -2.0947  -12.8825    7.5652   -0.3642   -0.3584   -0.5579
    4.3310    7.3452   -3.7731   -7.5708   -7.6468    7.2660
eta,q 0.92662 13.76070
niter,ni,del,rscale     5    3    5.0000    1.2000
parameter  4  6.930296 ->  0.500000 qaram    1.1500
parameter  5  3.923685 ->  0.500000 qaram    1.1500
parameter  6  3.591138 ->  0.500000 qaram    1.1500
parameter 12  1.054883 ->  0.500000 qaram    1.1500
parameters
   -2.0749  -12.5790    7.7222   -4.5042   -4.4984   -4.6979
    1.4660    6.6309   -2.8796   -6.7365   -4.2960    3.1260
eta,q 0.95179 12.47006
  0.0749  0.0754  0.0743  0.0601  0.0539  0.0453  0.0504  0.0526  0.0516  0.0528  0.0520  0.0479
  0.0743  0.0745  0.0738  0.0643  0.0576  0.0488  0.0498  0.0509  0.0506  0.0513  0.0509  0.0481
  0.0737  0.0738  0.0735  0.0687  0.0615  0.0535  0.0497  0.0499  0.0499  0.0502  0.0502  0.0486
  0.0734  0.0734  0.0733  0.0733  0.0655  0.0587  0.0500  0.0497  0.0497  0.0497  0.0496  0.0492
  0.0734  0.0734  0.0733  0.0783  0.0702  0.0643  0.0507  0.0503  0.0497  0.0496  0.0493  0.0502
  0.0741  0.0738  0.0736  0.0834  0.0753  0.0704  0.0518  0.0519  0.0501  0.0503  0.0493  0.0514
  0.0751  0.0746  0.0742  0.0886  0.0807  0.0764  0.0529  0.0541  0.0508  0.0518  0.0497  0.0530
niter,ni,del,rscale     7    3    5.0000    1.2000
parameter  3  1.216987 ->  0.500000 qaram    1.1500
parameter  4  1.826087 ->  0.500000 qaram    1.3225
parameter  5  2.780094 ->  0.500000 qaram    1.3225
parameter  6  0.836471 ->  0.500000 qaram    1.3225
parameters
   -2.1579  -13.4882    6.3422   -9.2652   -9.2594   -9.4589
    3.0387    5.8801   -2.8290   -7.5352   -5.9259   -0.3854
eta,q 0.97333 11.88789
  0.0504  0.0486  0.0459  0.0364  0.0281  0.0271  0.0320  0.0311  0.0300  0.0304  0.0280  0.0275
  0.0492  0.0481  0.0461  0.0383  0.0308  0.0273  0.0300  0.0288  0.0285  0.0285  0.0274  0.0268
  0.0484  0.0479  0.0467  0.0418  0.0346  0.0286  0.0285  0.0275  0.0276  0.0274  0.0271  0.0267
  0.0482  0.0482  0.0479  0.0462  0.0391  0.0317  0.0275  0.0273  0.0273  0.0273  0.0272  0.0271
  0.0486  0.0488  0.0495  0.0516  0.0442  0.0373  0.0274  0.0283  0.0275  0.0281  0.0276  0.0280
  0.0494  0.0496  0.0512  0.0576  0.0494  0.0442  0.0280  0.0302  0.0285  0.0297  0.0283  0.0293
  0.0507  0.0508  0.0530  0.0638  0.0551  0.0517  0.0294  0.0330  0.0299  0.0320  0.0293  0.0311
niter,ni,del,rscale     7    3    5.0000    1.2000
parameter  4  0.539698 ->  0.500000 qaram    1.5209
parameter  5  0.610181 ->  0.500000 qaram    1.5209
parameters
   -1.7744  -13.4945    5.6351  -14.7404  -14.7346  -11.6833
    3.9606    6.9195   -2.5150   -7.3243   -5.5294    0.2397
eta,q 0.97776 11.47586
  0.0318  0.0294  0.0278  0.0260  0.0237  0.0258  0.0258  0.0280  0.0242  0.0257  0.0237  0.0244
  0.0294  0.0278  0.0268  0.0251  0.0227  0.0239  0.0242  0.0256  0.0231  0.0238  0.0230  0.0234
  0.0276  0.0269  0.0264  0.0249  0.0228  0.0227  0.0231  0.0236  0.0225  0.0227  0.0225  0.0227
  0.0267  0.0266  0.0266  0.0264  0.0249  0.0226  0.0225  0.0225  0.0223  0.0223  0.0223  0.0223
  0.0267  0.0269  0.0273  0.0300  0.0285  0.0239  0.0226  0.0224  0.0224  0.0226  0.0223  0.0223
  0.0276  0.0279  0.0286  0.0353  0.0335  0.0272  0.0233  0.0236  0.0230  0.0236  0.0228  0.0229
  0.0294  0.0294  0.0304  0.0410  0.0391  0.0337  0.0245  0.0258  0.0238  0.0253  0.0235  0.0239
niter,ni,del,rscale     7    3    5.0000    1.2000
parameters
   -1.7837  -13.6525    5.6679  -14.6931  -16.0359  -11.9296
    3.9646    6.9417   -2.7099   -7.3141   -5.4565    0.8234
eta,q 0.97761 11.39851
  0.0255  0.0245  0.0245  0.0273  0.0272  0.0274  0.0250  0.0270  0.0239  0.0255  0.0237  0.0244
  0.0237  0.0231  0.0232  0.0252  0.0248  0.0252  0.0236  0.0248  0.0230  0.0238  0.0231  0.0234
  0.0226  0.0223  0.0224  0.0234  0.0231  0.0233  0.0227  0.0231  0.0225  0.0228  0.0226  0.0227
  0.0222  0.0222  0.0222  0.0222  0.0222  0.0224  0.0224  0.0224  0.0224  0.0224  0.0224  0.0224
  0.0226  0.0227  0.0225  0.0222  0.0230  0.0228  0.0227  0.0229  0.0226  0.0227  0.0225  0.0225
  0.0238  0.0236  0.0232  0.0242  0.0264  0.0247  0.0236  0.0246  0.0232  0.0238  0.0230  0.0231
  0.0256  0.0250  0.0243  0.0282  0.0314  0.0288  0.0250  0.0271  0.0240  0.0255  0.0237  0.0240
niter,ni,del,rscale     6    3    5.0000    1.2000
parameters
   -1.7888  -13.8294    5.8023  -14.5986  -16.3420  -11.8984
    3.9894    6.9516   -2.7759   -7.3891   -5.4268    1.2204
eta,q 0.97762 11.38923
  0.0256  0.0244  0.0248  0.0274  0.0279  0.0276  0.0250  0.0270  0.0240  0.0254  0.0237  0.0243
  0.0239  0.0231  0.0234  0.0253  0.0254  0.0253  0.0236  0.0248  0.0231  0.0238  0.0230  0.0233
  0.0228  0.0224  0.0226  0.0235  0.0235  0.0234  0.0227  0.0231  0.0225  0.0228  0.0226  0.0227
  0.0224  0.0224  0.0224  0.0224  0.0223  0.0224  0.0224  0.0224  0.0224  0.0224  0.0224  0.0224
  0.0228  0.0228  0.0226  0.0223  0.0225  0.0227  0.0227  0.0229  0.0226  0.0228  0.0225  0.0225
  0.0239  0.0237  0.0233  0.0243  0.0251  0.0244  0.0236  0.0246  0.0232  0.0239  0.0230  0.0231
  0.0257  0.0249  0.0242  0.0281  0.0296  0.0283  0.0249  0.0271  0.0240  0.0256  0.0237  0.0240
niter,ni,del,rscale     5    3    5.0000    1.2000
parameters
   -1.7826  -13.8930    5.9032  -14.5905  -16.4608  -11.8787
    4.0102    6.9619   -2.7993   -7.4260   -5.4080    1.4490
eta,q 0.97761 11.38614
  0.0257  0.0247  0.0247  0.0274  0.0280  0.0276  0.0250  0.0270  0.0240  0.0255  0.0237  0.0242
  0.0239  0.0233  0.0234  0.0252  0.0256  0.0253  0.0236  0.0248  0.0231  0.0239  0.0230  0.0233
  0.0228  0.0225  0.0226  0.0235  0.0236  0.0234  0.0227  0.0231  0.0225  0.0228  0.0226  0.0227
  0.0224  0.0224  0.0224  0.0224  0.0224  0.0224  0.0224  0.0224  0.0224  0.0224  0.0224  0.0224
  0.0227  0.0228  0.0226  0.0224  0.0224  0.0227  0.0227  0.0229  0.0226  0.0228  0.0225  0.0226
  0.0239  0.0236  0.0233  0.0244  0.0249  0.0244  0.0236  0.0246  0.0232  0.0239  0.0230  0.0232
  0.0257  0.0248  0.0243  0.0283  0.0293  0.0284  0.0249  0.0272  0.0240  0.0256  0.0237  0.0241
niter,ni,del,rscale     4    3    5.0000    1.2000
parameters
   -1.7790  -13.9237    5.9566  -14.5912  -16.5221  -11.8730
    4.0305    6.9637   -2.8097   -7.4470   -5.4065    1.5628
eta,q 0.97759 11.38428
  0.0257  0.0248  0.0246  0.0274  0.0281  0.0276  0.0250  0.0270  0.0241  0.0255  0.0237  0.0242
  0.0239  0.0233  0.0234  0.0253  0.0256  0.0253  0.0236  0.0248  0.0231  0.0239  0.0230  0.0233
  0.0228  0.0225  0.0226  0.0235  0.0236  0.0235  0.0227  0.0231  0.0225  0.0228  0.0226  0.0227
  0.0224  0.0224  0.0224  0.0224  0.0224  0.0224  0.0224  0.0224  0.0224  0.0224  0.0224  0.0224
  0.0228  0.0228  0.0227  0.0224  0.0224  0.0227  0.0227  0.0229  0.0226  0.0228  0.0225  0.0226
  0.0239  0.0236  0.0233  0.0244  0.0249  0.0244  0.0236  0.0246  0.0232  0.0239  0.0230  0.0232
  0.0257  0.0247  0.0244  0.0283  0.0292  0.0284  0.0249  0.0272  0.0240  0.0256  0.0237  0.0241
niter,ni,del,rscale     3    3    5.0000    1.2000
parameters
   -1.7764  -13.9417    5.9822  -14.5906  -16.5544  -11.8711
    4.0387    6.9666   -2.8130   -7.4561   -5.4063    1.6331
eta,q 0.97759 11.38331
  0.0257  0.0248  0.0246  0.0274  0.0281  0.0276  0.0250  0.0270  0.0241  0.0255  0.0237  0.0242
  0.0239  0.0234  0.0233  0.0253  0.0256  0.0253  0.0236  0.0248  0.0231  0.0239  0.0230  0.0233
  0.0228  0.0226  0.0226  0.0236  0.0236  0.0235  0.0227  0.0231  0.0226  0.0228  0.0226  0.0226
  0.0224  0.0224  0.0224  0.0224  0.0224  0.0224  0.0224  0.0224  0.0224  0.0224  0.0224  0.0224
  0.0228  0.0228  0.0227  0.0224  0.0224  0.0227  0.0227  0.0229  0.0226  0.0228  0.0225  0.0226
  0.0239  0.0236  0.0234  0.0244  0.0248  0.0244  0.0236  0.0247  0.0232  0.0239  0.0230  0.0232
  0.0257  0.0247  0.0244  0.0283  0.0291  0.0285  0.0250  0.0272  0.0240  0.0256  0.0237  0.0241
registration optimization eta report
parameter search radius
    2.4000    2.4000    2.7600   10.9503   10.9503    9.5220
    7.2000    7.2000    7.2000    7.2000    7.2000    8.2800
100000*second partial in parameter space
       57.       41.       27.        5.        5.        6.
        5.        9.        3.        6.        2.        3.
  0.0257  0.0248  0.0246  0.0274  0.0281  0.0276  0.0250  0.0270  0.0241  0.0255  0.0237  0.0242
  0.0239  0.0234  0.0233  0.0253  0.0256  0.0253  0.0236  0.0248  0.0231  0.0239  0.0230  0.0233
  0.0228  0.0226  0.0226  0.0236  0.0236  0.0235  0.0227  0.0231  0.0226  0.0228  0.0226  0.0226
  0.0224  0.0224  0.0224  0.0224  0.0224  0.0224  0.0224  0.0224  0.0224  0.0224  0.0224  0.0224
  0.0228  0.0228  0.0227  0.0224  0.0224  0.0227  0.0227  0.0229  0.0226  0.0228  0.0225  0.0226
  0.0239  0.0236  0.0234  0.0244  0.0248  0.0244  0.0236  0.0247  0.0232  0.0239  0.0230  0.0232
  0.0257  0.0247  0.0244  0.0283  0.0291  0.0285  0.0250  0.0272  0.0240  0.0256  0.0237  0.0241
   -1.7764  -13.9417    5.9822  -14.5906  -16.5544  -11.8711
    4.0387    6.9666   -2.8130   -7.4561   -5.4063    1.6331
eta,q 0.97759 11.38331

---------------------------------------------------------------------
imgreg_4dfp /opt/freesurfer/average/711-2C_as_mni_average_305 /opt/freesurfer/average/711-2B_as_mni_average_305_mask talsrcimg_g11 none talsrcimg_to_711-2C_as_mni_average_305_t4 2311
---------------------------------------------------------------------

freesurfer imgreg_4dfp.c
/opt/freesurfer/average/711-2C_as_mni_average_305.4dfp.img
       256       256       256         1
  1.000000  1.000000  1.000000
orientation T byte_order littleendian
Reading image: /opt/freesurfer/average/711-2C_as_mni_average_305.4dfp.img
dimensions:      256       256       256
mmppix:       1.0000   -1.0000   -1.0000
center:     128.0000 -129.0000 -129.0000
/opt/freesurfer/average/711-2B_as_mni_average_305_mask.4dfp.img
       256       256       256         1
  1.000000  1.000000  1.000000
orientation T byte_order littleendian
Reading mask: /opt/freesurfer/average/711-2B_as_mni_average_305_mask.4dfp.img (2306576 pixels)
talsrcimg_g11.4dfp.img
       256       256       256         1
  1.000000  1.000000  1.000000
orientation T byte_order littleendian
Reading image: talsrcimg_g11.4dfp.img
dimensions:      256       256       256
mmppix:       1.0000   -1.0000   -1.0000
center:     128.0000 -129.0000 -129.0000
fimgreg.f
image alignment mode   2311 decimal      907 hex
parameters
   -1.7764  -13.9417    5.9822  -14.5906  -16.5544  -11.8711
    4.0387    6.9666   -2.8130   -7.4561   -5.4063    1.6331
eta,q 0.97759 11.38331
niter,ni,del,rscale     5    3    5.0000    0.8000
parameters
   -1.7693  -14.0307    5.9236  -13.1093  -15.1907  -11.3027
    3.8679    6.8580   -2.7759   -7.6767   -5.5815    1.3396
eta,q 0.97800 11.53116
  0.0239  0.0234  0.0231  0.0240  0.0239  0.0238  0.0232  0.0243  0.0229  0.0234  0.0226  0.0226
  0.0231  0.0228  0.0227  0.0234  0.0232  0.0229  0.0225  0.0230  0.0224  0.0226  0.0223  0.0223
  0.0226  0.0225  0.0224  0.0228  0.0226  0.0223  0.0221  0.0222  0.0221  0.0221  0.0221  0.0221
  0.0224  0.0224  0.0224  0.0224  0.0222  0.0220  0.0220  0.0220  0.0220  0.0220  0.0220  0.0220
  0.0226  0.0226  0.0225  0.0222  0.0220  0.0221  0.0222  0.0224  0.0221  0.0222  0.0221  0.0221
  0.0231  0.0230  0.0228  0.0223  0.0222  0.0224  0.0227  0.0232  0.0224  0.0228  0.0223  0.0224
  0.0239  0.0235  0.0232  0.0229  0.0228  0.0232  0.0234  0.0244  0.0228  0.0237  0.0227  0.0228
niter,ni,del,rscale     4    3    5.0000    0.7000
parameters
   -1.6976  -13.7810    5.9868  -13.1404  -15.1132  -11.0640
    3.9103    6.8982   -2.7122   -7.6106   -5.6035    1.0889
eta,q 0.97804 11.54400
  0.0234  0.0232  0.0226  0.0230  0.0231  0.0232  0.0230  0.0239  0.0226  0.0231  0.0224  0.0225
  0.0227  0.0226  0.0223  0.0225  0.0226  0.0226  0.0224  0.0228  0.0222  0.0225  0.0222  0.0222
  0.0222  0.0222  0.0220  0.0222  0.0222  0.0222  0.0221  0.0222  0.0220  0.0221  0.0220  0.0220
  0.0220  0.0220  0.0220  0.0220  0.0220  0.0220  0.0220  0.0220  0.0220  0.0220  0.0220  0.0220
  0.0221  0.0220  0.0220  0.0220  0.0220  0.0220  0.0221  0.0222  0.0220  0.0221  0.0220  0.0220
  0.0225  0.0222  0.0222  0.0224  0.0224  0.0224  0.0224  0.0228  0.0222  0.0225  0.0222  0.0223
  0.0231  0.0226  0.0225  0.0231  0.0232  0.0230  0.0230  0.0238  0.0226  0.0231  0.0225  0.0226
niter,ni,del,rscale     3    3    5.0000    0.6000
parameters
   -1.6744  -13.7567    6.0185  -13.0729  -14.9745  -10.9726
    3.9074    6.8911   -2.6983   -7.5971   -5.6082    1.0501
eta,q 0.97805 11.55741
  0.0229  0.0226  0.0224  0.0228  0.0228  0.0228  0.0227  0.0233  0.0224  0.0228  0.0223  0.0224
  0.0224  0.0223  0.0222  0.0224  0.0224  0.0224  0.0223  0.0226  0.0222  0.0223  0.0221  0.0221
  0.0221  0.0220  0.0220  0.0221  0.0221  0.0221  0.0220  0.0221  0.0220  0.0220  0.0220  0.0220
  0.0220  0.0220  0.0220  0.0220  0.0220  0.0220  0.0219  0.0219  0.0219  0.0220  0.0219  0.0219
  0.0220  0.0220  0.0220  0.0220  0.0220  0.0220  0.0220  0.0221  0.0220  0.0220  0.0220  0.0220
  0.0224  0.0222  0.0221  0.0223  0.0222  0.0223  0.0223  0.0226  0.0222  0.0223  0.0221  0.0221
  0.0229  0.0226  0.0224  0.0228  0.0228  0.0228  0.0227  0.0233  0.0224  0.0228  0.0223  0.0224
niter,ni,del,rscale     2    3    5.0000    0.5000
parameters
   -1.6664  -13.7430    6.0348  -13.0021  -14.8643  -10.9240
    3.8961    6.8643   -2.7128   -7.5941   -5.6092    1.0454
eta,q 0.97806 11.56764
  0.0226  0.0224  0.0222  0.0225  0.0226  0.0225  0.0225  0.0229  0.0223  0.0225  0.0222  0.0222
  0.0223  0.0222  0.0221  0.0223  0.0223  0.0222  0.0222  0.0224  0.0221  0.0222  0.0221  0.0221
  0.0220  0.0220  0.0220  0.0221  0.0221  0.0220  0.0220  0.0220  0.0220  0.0220  0.0220  0.0220
  0.0219  0.0219  0.0219  0.0219  0.0219  0.0219  0.0219  0.0219  0.0219  0.0219  0.0219  0.0219
  0.0220  0.0220  0.0220  0.0220  0.0220  0.0220  0.0220  0.0221  0.0220  0.0220  0.0220  0.0220
  0.0222  0.0221  0.0221  0.0222  0.0222  0.0222  0.0222  0.0224  0.0221  0.0222  0.0221  0.0221
  0.0226  0.0224  0.0222  0.0226  0.0225  0.0225  0.0225  0.0229  0.0223  0.0225  0.0222  0.0222
niter,ni,del,rscale     1    3    5.0000    0.4000
parameters
   -1.6634  -13.7354    6.0351  -12.9228  -14.7599  -10.9010
    3.8904    6.8352   -2.6949   -7.6007   -5.5887    1.0235
eta,q 0.97806 11.57604
  0.0224  0.0222  0.0221  0.0224  0.0224  0.0223  0.0223  0.0226  0.0221  0.0223  0.0221  0.0221
  0.0221  0.0221  0.0220  0.0222  0.0222  0.0221  0.0221  0.0222  0.0220  0.0221  0.0220  0.0220
  0.0220  0.0220  0.0220  0.0220  0.0220  0.0220  0.0220  0.0220  0.0220  0.0220  0.0220  0.0220
  0.0219  0.0219  0.0219  0.0219  0.0219  0.0219  0.0219  0.0219  0.0219  0.0219  0.0219  0.0219
  0.0220  0.0220  0.0220  0.0220  0.0220  0.0220  0.0220  0.0220  0.0220  0.0220  0.0220  0.0220
  0.0221  0.0221  0.0220  0.0221  0.0221  0.0221  0.0221  0.0222  0.0220  0.0221  0.0220  0.0220
  0.0224  0.0222  0.0221  0.0223  0.0223  0.0223  0.0223  0.0226  0.0221  0.0223  0.0221  0.0221
registration optimization eta report
parameter search radius
    0.8000    0.8000    0.8000    2.4000    2.4000    2.4000
    2.4000    2.4000    2.4000    2.4000    2.4000    2.4000
100000*second partial in parameter space
       66.       46.       29.        7.        7.        6.
        6.       11.        4.        7.        3.        3.
  0.0224  0.0222  0.0221  0.0224  0.0224  0.0223  0.0223  0.0226  0.0221  0.0223  0.0221  0.0221
  0.0221  0.0221  0.0220  0.0222  0.0222  0.0221  0.0221  0.0222  0.0220  0.0221  0.0220  0.0220
  0.0220  0.0220  0.0220  0.0220  0.0220  0.0220  0.0220  0.0220  0.0220  0.0220  0.0220  0.0220
  0.0219  0.0219  0.0219  0.0219  0.0219  0.0219  0.0219  0.0219  0.0219  0.0219  0.0219  0.0219
  0.0220  0.0220  0.0220  0.0220  0.0220  0.0220  0.0220  0.0220  0.0220  0.0220  0.0220  0.0220
  0.0221  0.0221  0.0220  0.0221  0.0221  0.0221  0.0221  0.0222  0.0220  0.0221  0.0220  0.0220
  0.0224  0.0222  0.0221  0.0223  0.0223  0.0223  0.0223  0.0226  0.0221  0.0223  0.0221  0.0221
   -1.6634  -13.7354    6.0351  -12.9228  -14.7599  -10.9010
    3.8904    6.8352   -2.6949   -7.6007   -5.5887    1.0235
eta,q 0.97806 11.57604

---------------------------------------------------------------------
imgreg_4dfp /opt/freesurfer/average/711-2C_as_mni_average_305 /opt/freesurfer/average/711-2B_as_mni_average_305_mask talsrcimg_g11 none talsrcimg_to_711-2C_as_mni_average_305_t4 2311
---------------------------------------------------------------------

freesurfer imgreg_4dfp.c
/opt/freesurfer/average/711-2C_as_mni_average_305.4dfp.img
       256       256       256         1
  1.000000  1.000000  1.000000
orientation T byte_order littleendian
Reading image: /opt/freesurfer/average/711-2C_as_mni_average_305.4dfp.img
dimensions:      256       256       256
mmppix:       1.0000   -1.0000   -1.0000
center:     128.0000 -129.0000 -129.0000
/opt/freesurfer/average/711-2B_as_mni_average_305_mask.4dfp.img
       256       256       256         1
  1.000000  1.000000  1.000000
orientation T byte_order littleendian
Reading mask: /opt/freesurfer/average/711-2B_as_mni_average_305_mask.4dfp.img (2306576 pixels)
talsrcimg_g11.4dfp.img
       256       256       256         1
  1.000000  1.000000  1.000000
orientation T byte_order littleendian
Reading image: talsrcimg_g11.4dfp.img
dimensions:      256       256       256
mmppix:       1.0000   -1.0000   -1.0000
center:     128.0000 -129.0000 -129.0000
fimgreg.f
image alignment mode   2311 decimal      907 hex
parameters
   -1.6634  -13.7354    6.0351  -12.9228  -14.7599  -10.9010
    3.8904    6.8352   -2.6949   -7.6007   -5.5887    1.0235
eta,q 0.97806 11.57604
niter,ni,del,rscale     5    3    5.0000    0.8000
parameters
   -1.6833  -13.6948    6.0420  -13.2625  -15.1810  -10.9788
    3.9148    6.9255   -2.6974   -7.5647   -5.6123    1.0343
eta,q 0.97802 11.54093
  0.0235  0.0232  0.0227  0.0231  0.0232  0.0234  0.0233  0.0244  0.0228  0.0235  0.0226  0.0227
  0.0227  0.0225  0.0223  0.0226  0.0226  0.0227  0.0226  0.0232  0.0223  0.0227  0.0223  0.0223
  0.0221  0.0221  0.0220  0.0221  0.0222  0.0222  0.0221  0.0223  0.0221  0.0222  0.0221  0.0221
  0.0219  0.0219  0.0219  0.0219  0.0219  0.0220  0.0220  0.0220  0.0220  0.0220  0.0220  0.0220
  0.0221  0.0221  0.0220  0.0221  0.0221  0.0221  0.0221  0.0223  0.0221  0.0221  0.0221  0.0221
  0.0227  0.0224  0.0223  0.0227  0.0228  0.0227  0.0226  0.0230  0.0223  0.0226  0.0223  0.0223
  0.0236  0.0230  0.0227  0.0237  0.0240  0.0236  0.0233  0.0242  0.0228  0.0234  0.0226  0.0227
niter,ni,del,rscale     4    3    5.0000    0.7000
parameters
   -1.6775  -13.7579    6.0522  -13.1805  -15.1167  -10.9572
    3.9097    6.9212   -2.7013   -7.5707   -5.5909    1.1062
eta,q 0.97804 11.54820
  0.0232  0.0228  0.0226  0.0230  0.0231  0.0231  0.0230  0.0238  0.0226  0.0231  0.0225  0.0225
  0.0226  0.0223  0.0222  0.0226  0.0226  0.0225  0.0224  0.0228  0.0222  0.0225  0.0222  0.0222
  0.0221  0.0220  0.0220  0.0222  0.0222  0.0221  0.0221  0.0222  0.0220  0.0221  0.0220  0.0220
  0.0220  0.0220  0.0220  0.0220  0.0220  0.0220  0.0220  0.0220  0.0220  0.0220  0.0220  0.0220
  0.0221  0.0221  0.0220  0.0220  0.0220  0.0221  0.0221  0.0222  0.0220  0.0221  0.0220  0.0220
  0.0225  0.0224  0.0222  0.0224  0.0224  0.0224  0.0224  0.0228  0.0222  0.0225  0.0222  0.0222
  0.0232  0.0229  0.0225  0.0231  0.0232  0.0232  0.0230  0.0238  0.0226  0.0231  0.0225  0.0225
niter,ni,del,rscale     3    3    5.0000    0.6000
parameters
   -1.6697  -13.7606    6.0661  -13.0903  -15.0113  -10.9205
    3.9080    6.8972   -2.7114   -7.5864   -5.5917    1.1174
eta,q 0.97805 11.55820
  0.0229  0.0226  0.0224  0.0228  0.0228  0.0228  0.0227  0.0233  0.0224  0.0228  0.0223  0.0224
  0.0224  0.0222  0.0222  0.0224  0.0224  0.0224  0.0223  0.0226  0.0221  0.0223  0.0221  0.0221
  0.0221  0.0220  0.0220  0.0221  0.0221  0.0221  0.0220  0.0221  0.0220  0.0220  0.0220  0.0220
  0.0220  0.0220  0.0220  0.0220  0.0220  0.0219  0.0220  0.0220  0.0220  0.0219  0.0220  0.0220
  0.0221  0.0220  0.0220  0.0220  0.0220  0.0220  0.0220  0.0221  0.0220  0.0220  0.0220  0.0220
  0.0224  0.0223  0.0221  0.0223  0.0222  0.0223  0.0223  0.0226  0.0222  0.0223  0.0221  0.0221
  0.0229  0.0226  0.0224  0.0228  0.0228  0.0228  0.0227  0.0233  0.0224  0.0228  0.0223  0.0224
niter,ni,del,rscale     2    3    5.0000    0.5000
parameters
   -1.6656  -13.7533    6.0677  -13.0153  -14.9003  -10.8923
    3.9021    6.8682   -2.7077   -7.5958   -5.5955    1.1037
eta,q 0.97806 11.56731
  0.0226  0.0224  0.0222  0.0226  0.0226  0.0225  0.0225  0.0229  0.0223  0.0225  0.0222  0.0222
  0.0223  0.0222  0.0221  0.0223  0.0223  0.0222  0.0222  0.0224  0.0221  0.0222  0.0221  0.0221
  0.0220  0.0220  0.0220  0.0221  0.0221  0.0220  0.0220  0.0220  0.0220  0.0220  0.0220  0.0220
  0.0220  0.0219  0.0220  0.0220  0.0219  0.0219  0.0219  0.0219  0.0219  0.0219  0.0219  0.0219
  0.0220  0.0220  0.0220  0.0220  0.0220  0.0220  0.0220  0.0221  0.0220  0.0220  0.0220  0.0220
  0.0222  0.0221  0.0221  0.0222  0.0222  0.0222  0.0222  0.0224  0.0221  0.0222  0.0221  0.0221
  0.0226  0.0224  0.0222  0.0225  0.0225  0.0225  0.0225  0.0229  0.0223  0.0225  0.0222  0.0222
niter,ni,del,rscale     1    3    5.0000    0.4000
parameters
   -1.6608  -13.7450    6.0597  -12.9248  -14.7957  -10.8769
    3.8941    6.8336   -2.7109   -7.6024   -5.5923    1.0519
eta,q 0.97806 11.57565
  0.0224  0.0222  0.0221  0.0224  0.0224  0.0223  0.0223  0.0226  0.0221  0.0223  0.0221  0.0221
  0.0221  0.0221  0.0220  0.0222  0.0222  0.0221  0.0221  0.0222  0.0220  0.0221  0.0220  0.0220
  0.0220  0.0220  0.0220  0.0220  0.0220  0.0220  0.0220  0.0220  0.0220  0.0220  0.0220  0.0220
  0.0219  0.0219  0.0219  0.0219  0.0219  0.0219  0.0219  0.0219  0.0219  0.0219  0.0219  0.0219
  0.0220  0.0220  0.0220  0.0220  0.0220  0.0220  0.0220  0.0220  0.0220  0.0220  0.0220  0.0220
  0.0221  0.0221  0.0220  0.0221  0.0221  0.0221  0.0221  0.0222  0.0220  0.0221  0.0220  0.0220
  0.0224  0.0222  0.0221  0.0223  0.0223  0.0223  0.0223  0.0226  0.0221  0.0223  0.0221  0.0221
registration optimization eta report
parameter search radius
    0.8000    0.8000    0.8000    2.4000    2.4000    2.4000
    2.4000    2.4000    2.4000    2.4000    2.4000    2.4000
100000*second partial in parameter space
       65.       46.       29.        7.        7.        6.
        6.       11.        4.        7.        3.        3.
  0.0224  0.0222  0.0221  0.0224  0.0224  0.0223  0.0223  0.0226  0.0221  0.0223  0.0221  0.0221
  0.0221  0.0221  0.0220  0.0222  0.0222  0.0221  0.0221  0.0222  0.0220  0.0221  0.0220  0.0220
  0.0220  0.0220  0.0220  0.0220  0.0220  0.0220  0.0220  0.0220  0.0220  0.0220  0.0220  0.0220
  0.0219  0.0219  0.0219  0.0219  0.0219  0.0219  0.0219  0.0219  0.0219  0.0219  0.0219  0.0219
  0.0220  0.0220  0.0220  0.0220  0.0220  0.0220  0.0220  0.0220  0.0220  0.0220  0.0220  0.0220
  0.0221  0.0221  0.0220  0.0221  0.0221  0.0221  0.0221  0.0222  0.0220  0.0221  0.0220  0.0220
  0.0224  0.0222  0.0221  0.0223  0.0223  0.0223  0.0223  0.0226  0.0221  0.0223  0.0221  0.0221
   -1.6608  -13.7450    6.0597  -12.9248  -14.7957  -10.8769
    3.8941    6.8336   -2.7109   -7.6024   -5.5923    1.0519
eta,q 0.97806 11.57565

---------------------------------------------------------------------
compute_vox2vox talsrcimg talsrcimg_to_711-2C_as_mni_average_305_t4 /opt/freesurfer/average/711-2C_as_mni_average_305
---------------------------------------------------------------------

freesurfer compute_vox2vox.c
Reading: talsrcimg.4dfp.ifh
Reading: talsrcimg_to_711-2C_as_mni_average_305_t4
Reading: /opt/freesurfer/average/711-2C_as_mni_average_305.4dfp.ifh
Writing: talsrcimg_to_711-2C_as_mni_average_305_t4_vox2vox.txt

start time Thu Mar 12 15:01:31 CET 2026
end		time Thu Mar 12 15:01:44 CET 2026

mpr2mni305 success

avi2talxfm orig_nu.mgz /opt/freesurfer/average/mni305.cor.mgz talsrcimg_to_711-2C_as_mni_average_305_t4_vox2vox.txt transforms/talairach.auto.xfm
avi2talxfm done
mv -f /out/sourcedata/freesurfer/sub-v1s20x0050284_ses-1/mri/talsrcimg_to_711-2C_as_mni_average_305_t4_vox2vox.txt /out/sourcedata/freesurfer/sub-v1s20x0050284_ses-1/mri/transforms/talsrcimg_to_711-2C_as_mni_average_305_t4_vox2vox.txt
lta_convert --src orig_nu.mgz --trg /opt/freesurfer/average/mni305.cor.mgz --inxfm transforms/talairach.auto.xfm --outlta transforms/talairach.auto.xfm.lta --subject fsaverage
7.3.2

--src: orig_nu.mgz src image (geometry).
--trg: /opt/freesurfer/average/mni305.cor.mgz trg image (geometry).
--inmni: transforms/talairach.auto.xfm input MNI/XFM transform.
--outlta: transforms/talairach.auto.xfm.lta output LTA.
--s: fsaverage subject name
 LTA read, type : 1
 1.14095  -0.09183  -0.05101   1.16957;
 0.07109   1.11514  -0.01702  -7.33935;
 0.04264   0.09658   1.17051   14.78181;
 0.00000   0.00000   0.00000   1.00000;
setting subject to fsaverage
Writing  LTA to file transforms/talairach.auto.xfm.lta...
lta_convert successful.
 
 
Started at Thu Mar 12 15:01:31 CET 2026
Ended   at Thu Mar 12 15:01:45 CET 2026
talairach_avi done
