/out/sourcedata/freesurfer/sub-v1s20x0050274_ses-1/mri
/opt/freesurfer/bin/talairach_avi
--i orig_nu.mgz --xfm transforms/talairach.auto.xfm
talairach_avi 7.3.2
Linux dna056 5.14.0-427.37.1.el9_4.x86_64 #1 SMP PREEMPT_DYNAMIC Fri Sep 13 12:41:50 EDT 2024 x86_64 x86_64 x86_64 GNU/Linux
Thu Mar 12 14:41:26 CET 2026
mri_convert orig_nu.mgz talsrcimg.img 
reading from orig_nu.mgz...
TR=0.00, TE=0.00, TI=0.00, flip angle=0.00
i_ras = (-1, 0, 0)
j_ras = (0, 0, -1)
k_ras = (0, 1, 0)
writing to talsrcimg.img...
Analyze Output Matrix
-1.00000   0.00000   0.00000   129.70000;
 0.00000   0.00000   1.00000  -128.50000;
 0.00000  -1.00000   0.00000   129.50000;
 0.00000   0.00000   0.00000   1.00000;
--------------------
INFO: set hdr.hist.orient to -1
mpr2mni305 talsrcimg
Thu Mar 12 14:41:26 CET 2026
/opt/freesurfer/bin/mpr2mni305 talsrcimg
mpr2mni305 7.3.2
target=711-2C_as_mni_average_305

---------------------------------------------------------------------
analyzeto4dfp talsrcimg -O0 -y
---------------------------------------------------------------------

freesurfer ifh2hdr.c
Thu Mar 12 14:41:27 2026
Writing: talsrcimg.4dfp.hdr
freesurfer analyzeto4dfp.c
Reading: talsrcimg.hdr
header size 348 bytes
hdr.dime.datatype	offset=70	value=2
hdr.dime.bitpix		offset=72	value=8
hdr.hist.orient		offset=252	value=-1
dimensionality     4
dimensions       256       256       256         1
Reading: talsrcimg.img
Writing: talsrcimg.4dfp.img
Writing: talsrcimg.4dfp.ifh
ifh2hdr talsrcimg -r0to234
ori=2

---------------------------------------------------------------------
gauss_4dfp talsrcimg 1.1
---------------------------------------------------------------------

freesurfer gauss_4dfp.c
Reading: talsrcimg.4dfp.img
Writing: talsrcimg_g11.4dfp.img
image dimensions 256 256 256 padded to 288 288 288
processing volume 1freesurfer ifh2hdr.c
Thu Mar 12 14:41:28 2026
Writing: talsrcimg_g11.4dfp.hdr

Writing: talsrcimg_g11.4dfp.ifh
including: talsrcimg.4dfp.img.rec in talsrcimg_g11.4dfp.img.rec

---------------------------------------------------------------------
imgreg_4dfp /opt/freesurfer/average/711-2C_as_mni_average_305 none talsrcimg_g11 none talsrcimg_to_711-2C_as_mni_average_305_t4 4355
---------------------------------------------------------------------

freesurfer imgreg_4dfp.c
/opt/freesurfer/average/711-2C_as_mni_average_305.4dfp.img
       256       256       256         1
  1.000000  1.000000  1.000000
orientation T byte_order littleendian
Reading image: /opt/freesurfer/average/711-2C_as_mni_average_305.4dfp.img
dimensions:      256       256       256
mmppix:       1.0000   -1.0000   -1.0000
center:     128.0000 -129.0000 -129.0000
talsrcimg_g11.4dfp.img
       256       256       256         1
  1.000000  1.000000  1.000000
orientation T byte_order littleendian
Reading image: talsrcimg_g11.4dfp.img
dimensions:      256       256       256
mmppix:       1.0000   -1.0000   -1.0000
center:     128.0000 -129.0000 -129.0000
t4_read: open error in t4_sub.f l:  41 t4_file(1:l)talsrcimg_to_711-2C_as_mni_average_305_t4 
t4_read: transform initialized to I4
rotation matrix determinant  1.000000
image alignment mode   4355 decimal     1103 hex
   -7.5000  -45.0000  -45.0000 8182.2383   18.1612
    0.0000  -45.0000  -45.0000 8529.8867   18.1751
    7.5000  -45.0000  -45.0000 8215.6133   18.1851
   -7.5000  -37.5000  -45.0000 8688.2676   17.9377
    0.0000  -37.5000  -45.0000 9076.7305   17.9399
    7.5000  -37.5000  -45.0000 8769.1143   17.9490
   -7.5000  -30.0000  -45.0000 9642.9570   17.9180
    0.0000  -30.0000  -45.000010065.8340   17.9059
    7.5000  -30.0000  -45.0000 9683.9561   17.9128
   -7.5000  -22.5000  -45.000010547.1660   17.8984
    0.0000  -22.5000  -45.000010983.8018   17.8845
    7.5000  -22.5000  -45.000010528.3535   17.8913
   -7.5000  -15.0000  -45.000011327.2510   17.8877
    0.0000  -15.0000  -45.000011777.2168   17.8855
    7.5000  -15.0000  -45.000011273.9385   17.8936
   -7.5000   -7.5000  -45.000012038.5059   17.9012
    0.0000   -7.5000  -45.000012559.4502   17.9120
    7.5000   -7.5000  -45.000012035.1328   17.9201
   -7.5000    0.0000  -45.000012590.9316   17.9226
    0.0000    0.0000  -45.000013181.7783   17.9357
    7.5000    0.0000  -45.000012667.6455   17.9449
   -7.5000    7.5000  -45.000012124.6738   17.9285
    0.0000    7.5000  -45.000012721.5928   17.9306
    7.5000    7.5000  -45.000012244.3584   17.9398
   -7.5000   15.0000  -45.000011553.0166   17.9180
    0.0000   15.0000  -45.000012107.2197   17.9059
    7.5000   15.0000  -45.000011624.8926   17.9128
   -7.5000   22.5000  -45.000010941.3564   17.8963
    0.0000   22.5000  -45.000011439.6904   17.8824
    7.5000   22.5000  -45.000010961.1348   17.8891
   -7.5000   30.0000  -45.000010203.9844   17.6647
    0.0000   30.0000  -45.000010674.3252   17.6623
    7.5000   30.0000  -45.000010204.1104   17.6693
   -7.5000   37.5000  -45.0000 9729.7725   17.7305
    0.0000   37.5000  -45.000010228.0752   17.7394
    7.5000   37.5000  -45.0000 9756.9736   17.7463
   -7.5000   45.0000  -45.0000 8915.9658   17.4142
    0.0000   45.0000  -45.0000 9369.7471   17.4281
    7.5000   45.0000  -45.0000 8918.2969   17.4384
   -7.5000  -45.0000  -37.5000 8635.0498   18.1563
    0.0000  -45.0000  -37.5000 9023.4014   18.1698
    7.5000  -45.0000  -37.5000 8700.7393   18.1806
   -7.5000  -37.5000  -37.5000 9217.9150   17.9275
    0.0000  -37.5000  -37.5000 9616.9229   17.9304
    7.5000  -37.5000  -37.5000 9270.4219   17.9378
   -7.5000  -30.0000  -37.500010207.5264   17.9038
    0.0000  -30.0000  -37.500010662.5449   17.8940
    7.5000  -30.0000  -37.500010230.3857   17.9013
   -7.5000  -22.5000  -37.500011169.0156   17.8854
    0.0000  -22.5000  -37.500011659.5215   17.8751
    7.5000  -22.5000  -37.500011146.6836   17.8870
   -7.5000  -15.0000  -37.500012007.4521   17.8803
    0.0000  -15.0000  -37.500012509.9434   17.8814
    7.5000  -15.0000  -37.500011950.6768   17.8975
   -7.5000   -7.5000  -37.500012758.3291   17.8978
    0.0000   -7.5000  -37.500013301.4189   17.9093
    7.5000   -7.5000  -37.500012752.5059   17.9231
   -7.5000    0.0000  -37.500013354.4248   17.9175
    0.0000    0.0000  -37.500013944.0215   17.9302
    7.5000    0.0000  -37.500013420.3457   17.9400
   -7.5000    7.5000  -37.500012859.1504   17.9183
    0.0000    7.5000  -37.500013436.0146   17.9212
    7.5000    7.5000  -37.500012931.6699   17.9286
   -7.5000   15.0000  -37.500012227.8096   17.9038
    0.0000   15.0000  -37.500012766.4590   17.8940
    7.5000   15.0000  -37.500012255.9971   17.9013
   -7.5000   22.5000  -37.500011511.0977   17.8833
    0.0000   22.5000  -37.500012034.9863   17.8731
    7.5000   22.5000  -37.500011539.3301   17.8849
   -7.5000   30.0000  -37.500010726.9951   17.6575
    0.0000   30.0000  -37.500011234.2393   17.6583
    7.5000   30.0000  -37.500010749.6465   17.6732
   -7.5000   37.5000  -37.500010249.0137   17.7272
    0.0000   37.5000  -37.500010747.8389   17.7368
    7.5000   37.5000  -37.500010291.1074   17.7491
   -7.5000   45.0000  -37.5000 9402.0928   17.4072
    0.0000   45.0000  -37.5000 9871.3135   17.4206
    7.5000   45.0000  -37.5000 9417.4473   17.4319
   -7.5000  -45.0000  -30.0000 9249.9180   18.9039
    0.0000  -45.0000  -30.0000 9642.2539   18.9217
    7.5000  -45.0000  -30.0000 9282.9375   18.9351
   -7.5000  -37.5000  -30.0000 9883.5996   18.6651
    0.0000  -37.5000  -30.000010278.3018   18.6753
    7.5000  -37.5000  -30.0000 9891.0645   18.6823
   -7.5000  -30.0000  -30.000010916.2510   18.6436
    0.0000  -30.0000  -30.000011383.6738   18.6417
    7.5000  -30.0000  -30.000010907.5762   18.6481
   -7.5000  -22.5000  -30.000011940.1748   18.6294
    0.0000  -22.5000  -30.000012451.0176   18.6236
    7.5000  -22.5000  -30.000011914.2285   18.6372
   -7.5000  -15.0000  -30.000012891.4902   18.6271
    0.0000  -15.0000  -30.000013391.6143   18.6293
    7.5000  -15.0000  -30.000012805.1406   18.6499
   -7.5000   -7.5000  -30.000013729.6670   18.6402
    0.0000   -7.5000  -30.000014244.8516   18.6528
    7.5000   -7.5000  -30.000013658.1260   18.6715
   -7.5000    0.0000  -30.000014373.1465   18.6544
    0.0000    0.0000  -30.000014951.5801   18.6711
    7.5000    0.0000  -30.000014339.8604   18.6835
   -7.5000    7.5000  -30.000013806.4648   18.6556
    0.0000    7.5000  -30.000014385.6104   18.6657
    7.5000    7.5000  -30.000013798.1963   18.6727
   -7.5000   15.0000  -30.000013060.7549   18.6436
    0.0000   15.0000  -30.000013640.7627   18.6417
    7.5000   15.0000  -30.000013094.0244   18.6481
   -7.5000   22.5000  -30.000012271.9678   18.6255
    0.0000   22.5000  -30.000012833.5586   18.6197
    7.5000   22.5000  -30.000012316.1973   18.6331
   -7.5000   30.0000  -30.000011440.0742   18.3970
    0.0000   30.0000  -30.000011961.2695   18.3990
    7.5000   30.0000  -30.000011471.5742   18.4184
   -7.5000   37.5000  -30.000010932.9707   18.4645
    0.0000   37.5000  -30.000011463.1084   18.4753
    7.5000   37.5000  -30.000010974.7695   18.4923
   -7.5000   45.0000  -30.000010023.6768   18.1340
    0.0000   45.0000  -30.000010527.6562   18.1513
    7.5000   45.0000  -30.000010081.3818   18.1656
   -7.5000  -45.0000  -22.5000 9825.6328   19.5416
    0.0000  -45.0000  -22.500010245.2695   19.5648
    7.5000  -45.0000  -22.5000 9830.5791   19.5809
   -7.5000  -37.5000  -22.500010480.8184   19.3017
    0.0000  -37.5000  -22.500010931.4199   19.3186
    7.5000  -37.5000  -22.500010478.6719   19.3277
   -7.5000  -30.0000  -22.500011591.5088   19.2898
    0.0000  -30.0000  -22.500012081.2021   19.2929
    7.5000  -30.0000  -22.500011575.5654   19.2978
   -7.5000  -22.5000  -22.500012705.7383   19.2793
    0.0000  -22.5000  -22.500013220.4766   19.2736
    7.5000  -22.5000  -22.500012646.5889   19.2828
   -7.5000  -15.0000  -22.500013738.6455   19.2723
    0.0000  -15.0000  -22.500014265.5703   19.2717
    7.5000  -15.0000  -22.500013627.3916   19.2879
   -7.5000   -7.5000  -22.500014635.4492   19.2736
    0.0000   -7.5000  -22.500015201.3262   19.2869
    7.5000   -7.5000  -22.500014532.5869   19.3053
   -7.5000    0.0000  -22.500015266.9756   19.2828
    0.0000    0.0000  -22.500015900.8398   19.3048
    7.5000    0.0000  -22.500015207.5664   19.3203
   -7.5000    7.5000  -22.500014652.4326   19.2918
    0.0000    7.5000  -22.500015290.8613   19.3088
    7.5000    7.5000  -22.500014659.5254   19.3179
   -7.5000   15.0000  -22.500013870.0488   19.2898
    0.0000   15.0000  -22.500014524.0674   19.2929
    7.5000   15.0000  -22.500013926.5322   19.2978
   -7.5000   22.5000  -22.500013028.7217   19.2740
    0.0000   22.5000  -22.500013660.0459   19.2682
    7.5000   22.5000  -22.500013079.9053   19.2773
   -7.5000   30.0000  -22.500012124.9658   19.0374
    0.0000   30.0000  -22.500012720.0654   19.0367
    7.5000   30.0000  -22.500012191.8271   19.0517
   -7.5000   37.5000  -22.500011588.2324   19.0952
    0.0000   37.5000  -22.500012183.6455   19.1066
    7.5000   37.5000  -22.500011681.5049   19.1232
   -7.5000   45.0000  -22.500010643.2520   18.7587
    0.0000   45.0000  -22.500011205.2100   18.7810
    7.5000   45.0000  -22.500010740.3223   18.7984
   -7.5000  -45.0000  -15.000010351.4453   20.0162
    0.0000  -45.0000  -15.000010799.7656   20.0423
    7.5000  -45.0000  -15.000010364.3379   20.0583
   -7.5000  -37.5000  -15.000011040.7832   19.7771
    0.0000  -37.5000  -15.000011518.4688   19.7948
    7.5000  -37.5000  -15.000011022.7764   19.8064
   -7.5000  -30.0000  -15.000012233.2246   19.7698
    0.0000  -30.0000  -15.000012736.6738   19.7708
    7.5000  -30.0000  -15.000012189.4463   19.7754
   -7.5000  -22.5000  -15.000013427.2139   19.7575
    0.0000  -22.5000  -15.000013965.7246   19.7475
    7.5000  -22.5000  -15.000013345.7998   19.7512
   -7.5000  -15.0000  -15.000014506.6982   19.7429
    0.0000  -15.0000  -15.000015090.5508   19.7392
    7.5000  -15.0000  -15.000014364.9502   19.7474
   -7.5000   -7.5000  -15.000015505.2979   19.7395
    0.0000   -7.5000  -15.000016141.3516   19.7539
    7.5000   -7.5000  -15.000015301.9717   19.7670
   -7.5000    0.0000  -15.000016113.3213   19.7511
    0.0000    0.0000  -15.000016870.5176   19.7761
    7.5000    0.0000  -15.000016065.7373   19.7916
   -7.5000    7.5000  -15.000015390.5820   19.7668
    0.0000    7.5000  -15.000016158.9727   19.7846
    7.5000    7.5000  -15.000015520.2002   19.7962
   -7.5000   15.0000  -15.000014572.2295   19.7698
    0.0000   15.0000  -15.000015330.4082   19.7708
    7.5000   15.0000  -15.000014716.7285   19.7754
   -7.5000   22.5000  -15.000013686.6885   19.7510
    0.0000   22.5000  -15.000014372.2500   19.7411
    7.5000   22.5000  -15.000013792.4561   19.7446
   -7.5000   30.0000  -15.000012733.6348   19.5050
    0.0000   30.0000  -15.000013397.5059   19.5012
    7.5000   30.0000  -15.000012844.4717   19.5082
   -7.5000   37.5000  -15.000012217.1875   19.5596
    0.0000   37.5000  -15.000012875.8096   19.5721
    7.5000   37.5000  -15.000012338.8379   19.5836
   -7.5000   45.0000  -15.000011258.2969   19.2279
    0.0000   45.0000  -15.000011860.4902   19.2530
    7.5000   45.0000  -15.000011377.2305   19.2703
   -7.5000  -45.0000   -7.500010901.3516   20.2692
    0.0000  -45.0000   -7.500011395.6270   20.2911
    7.5000  -45.0000   -7.500010912.6074   20.3038
   -7.5000  -37.5000   -7.500011610.7910   20.0259
    0.0000  -37.5000   -7.500012130.4648   20.0362
    7.5000  -37.5000   -7.500011618.8799   20.0476
   -7.5000  -30.0000   -7.500012853.6250   20.0124
    0.0000  -30.0000   -7.500013407.1504   20.0054
    7.5000  -30.0000   -7.500012826.0586   20.0111
   -7.5000  -22.5000   -7.500014076.9766   19.9941
    0.0000  -22.5000   -7.500014661.4678   19.9796
    7.5000  -22.5000   -7.500014010.3135   19.9824
   -7.5000  -15.0000   -7.500015237.5576   19.9779
    0.0000  -15.0000   -7.500015852.8955   19.9734
    7.5000  -15.0000   -7.500015050.3955   19.9778
   -7.5000   -7.5000   -7.500016344.6348   19.9826
    0.0000   -7.5000   -7.500017115.7129   19.9960
    7.5000   -7.5000   -7.500016062.8213   20.0040
   -7.5000    0.0000   -7.500017034.1328   20.0019
    0.0000    0.0000   -7.500018016.1523   20.0228
    7.5000    0.0000   -7.500017105.6816   20.0350
   -7.5000    7.5000   -7.500016162.9668   20.0154
    0.0000    7.5000   -7.500017129.1621   20.0258
    7.5000    7.5000   -7.500016535.0469   20.0374
   -7.5000   15.0000   -7.500015271.8418   20.0124
    0.0000   15.0000   -7.500016137.4170   20.0054
    7.5000   15.0000   -7.500015593.4258   20.0111
   -7.5000   22.5000   -7.500014385.0508   19.9853
    0.0000   22.5000   -7.500015147.7100   19.9708
    7.5000   22.5000   -7.500014532.3799   19.9735
   -7.5000   30.0000   -7.500013419.6445   19.7362
    0.0000   30.0000   -7.500014115.0303   19.7316
    7.5000   30.0000   -7.500013502.2842   19.7348
   -7.5000   37.5000   -7.500012893.9834   19.7996
    0.0000   37.5000   -7.500013555.2969   19.8110
    7.5000   37.5000   -7.500012992.0996   19.8176
   -7.5000   45.0000   -7.500011906.6396   19.4783
    0.0000   45.0000   -7.500012518.8916   19.4997
    7.5000   45.0000   -7.500011988.4814   19.5132
   -7.5000  -45.0000    0.000011324.6719   20.3225
    0.0000  -45.0000    0.000011852.8457   20.3380
    7.5000  -45.0000    0.000011366.0850   20.3490
   -7.5000  -37.5000    0.000012049.1855   20.0725
    0.0000  -37.5000    0.000012601.0449   20.0748
    7.5000  -37.5000    0.000012106.8311   20.0848
   -7.5000  -30.0000    0.000013343.4863   20.0504
    0.0000  -30.0000    0.000013894.8574   20.0368
    7.5000  -30.0000    0.000013340.8604   20.0443
   -7.5000  -22.5000    0.000014549.0713   20.0285
    0.0000  -22.5000    0.000015148.0762   20.0128
    7.5000  -22.5000    0.000014536.9932   20.0202
   -7.5000  -15.0000    0.000015714.2598   20.0164
    0.0000  -15.0000    0.000016358.6504   20.0139
    7.5000  -15.0000    0.000015645.1230   20.0228
   -7.5000   -7.5000    0.000017007.7559   20.0317
    0.0000   -7.5000    0.000017854.0547   20.0436
    7.5000   -7.5000    0.000016848.1680   20.0525
   -7.5000    0.0000    0.000018024.1914   20.0555
    0.0000    0.0000    0.000019059.3379   20.0702
    7.5000    0.0000    0.000018012.6816   20.0802
   -7.5000    7.5000    0.000017170.8926   20.0621
    0.0000    7.5000    0.000018078.6543   20.0644
    7.5000    7.5000    0.000017224.3086   20.0745
   -7.5000   15.0000    0.000016120.8477   20.0504
    0.0000   15.0000    0.000016913.2090   20.0368
    7.5000   15.0000    0.000016149.6338   20.0443
   -7.5000   22.5000    0.000015130.8623   20.0196
    0.0000   22.5000    0.000015851.1680   20.0039
    7.5000   22.5000    0.000015098.1182   20.0112
   -7.5000   30.0000    0.000014077.6562   19.7746
    0.0000   30.0000    0.000014700.9062   19.7719
    7.5000   30.0000    0.000013993.3047   19.7795
   -7.5000   37.5000    0.000013504.8799   19.8483
    0.0000   37.5000    0.000014092.5215   19.8582
    7.5000   37.5000    0.000013439.7109   19.8657
   -7.5000   45.0000    0.000012395.2988   19.5325
    0.0000   45.0000    0.000012981.0576   19.5481
    7.5000   45.0000    0.000012400.1895   19.5594
   -7.5000  -45.0000    7.500010860.2305   20.3173
    0.0000  -45.0000    7.500011395.6523   20.3323
    7.5000  -45.0000    7.500010979.7246   20.3444
   -7.5000  -37.5000    7.500011544.1621   20.0613
    0.0000  -37.5000    7.500012119.6113   20.0644
    7.5000  -37.5000    7.500011704.5430   20.0726
   -7.5000  -30.0000    7.500012795.9072   20.0346
    0.0000  -30.0000    7.500013357.2500   20.0237
    7.5000  -30.0000    7.500012865.6533   20.0317
   -7.5000  -22.5000    7.500013960.3682   20.0141
    0.0000  -22.5000    7.500014531.7979   20.0026
    7.5000  -22.5000    7.500013970.5791   20.0158
   -7.5000  -15.0000    7.500015035.3877   20.0084
    0.0000  -15.0000    7.500015624.2520   20.0096
    7.5000  -15.0000    7.500015032.7354   20.0275
   -7.5000   -7.5000    7.500016282.7100   20.0280
    0.0000   -7.5000    7.500017080.3887   20.0408
    7.5000   -7.5000    7.500016202.2402   20.0561
   -7.5000    0.0000    7.500017548.6562   20.0501
    0.0000    0.0000    7.500018233.8398   20.0642
    7.5000    0.0000    7.500017116.6953   20.0750
   -7.5000    7.5000    7.500017076.2480   20.0510
    0.0000    7.5000    7.500017474.8965   20.0541
    7.5000    7.5000    7.500016348.3359   20.0623
   -7.5000   15.0000    7.500016061.0674   20.0346
    0.0000   15.0000    7.500016485.2520   20.0237
    7.5000   15.0000    7.500015441.2021   20.0317
   -7.5000   22.5000    7.500014833.5010   20.0053
    0.0000   22.5000    7.500015359.2285   19.9938
    7.5000   22.5000    7.500014474.8398   20.0070
   -7.5000   30.0000    7.500013612.0391   19.7668
    0.0000   30.0000    7.500014169.0020   19.7677
    7.5000   30.0000    7.500013368.3398   19.7843
   -7.5000   37.5000    7.500012974.3076   19.8448
    0.0000   37.5000    7.500013558.5000   19.8555
    7.5000   37.5000    7.500012833.3311   19.8692
   -7.5000   45.0000    7.500011919.4883   19.5249
    0.0000   45.0000    7.500012526.3896   19.5399
    7.5000   45.0000    7.500011866.1123   19.5525
   -7.5000  -45.0000   15.000010288.0537   20.3025
    0.0000  -45.0000   15.000010860.3389   20.3216
    7.5000  -45.0000   15.000010452.3311   20.3363
   -7.5000  -37.5000   15.000010969.8398   20.0461
    0.0000  -37.5000   15.000011539.5654   20.0569
    7.5000  -37.5000   15.000011121.2998   20.0647
   -7.5000  -30.0000   15.000012126.6055   20.0233
    0.0000  -30.0000   15.000012662.2383   20.0211
    7.5000  -30.0000   15.000012193.6318   20.0280
   -7.5000  -22.5000   15.000013257.2832   20.0082
    0.0000  -22.5000   15.000013744.0088   20.0019
    7.5000  -22.5000   15.000013240.0059   20.0164
   -7.5000  -15.0000   15.000014338.6094   20.0057
    0.0000  -15.0000   15.000014798.3682   20.0081
    7.5000  -15.0000   15.000014240.0303   20.0301
   -7.5000   -7.5000   15.000015477.1885   20.0195
    0.0000   -7.5000   15.000016115.9961   20.0331
    7.5000   -7.5000   15.000015305.0361   20.0533
   -7.5000    0.0000   15.000016553.0527   20.0345
    0.0000    0.0000   15.000017044.8477   20.0525
    7.5000    0.0000   15.000016043.2520   20.0660
   -7.5000    7.5000   15.000016013.9365   20.0359
    0.0000    7.5000   15.000016427.0938   20.0467
    7.5000    7.5000   15.000015410.0371   20.0544
   -7.5000   15.0000   15.000015120.1016   20.0233
    0.0000   15.0000   15.000015691.9053   20.0211
    7.5000   15.0000   15.000014696.0186   20.0280
   -7.5000   22.5000   15.000014003.8672   19.9996
    0.0000   22.5000   15.000014684.5859   19.9933
    7.5000   22.5000   15.000013790.9307   20.0077
   -7.5000   30.0000   15.000012855.7012   19.7644
    0.0000   30.0000   15.000013523.8877   19.7665
    7.5000   30.0000   15.000012724.9443   19.7873
   -7.5000   37.5000   15.000012256.3008   19.8367
    0.0000   37.5000   15.000012879.3701   19.8482
    7.5000   37.5000   15.000012150.0293   19.8666
   -7.5000   45.0000   15.000011271.5605   19.5072
    0.0000   45.0000   15.000011849.8652   19.5258
    7.5000   45.0000   15.000011216.5361   19.5414
   -7.5000  -45.0000   22.5000 9679.1270   20.2925
    0.0000  -45.0000   22.500010198.2822   20.3166
    7.5000  -45.0000   22.5000 9842.6914   20.3337
   -7.5000  -37.5000   22.500010324.9463   20.0434
    0.0000  -37.5000   22.500010821.6006   20.0610
    7.5000  -37.5000   22.500010435.7256   20.0709
   -7.5000  -30.0000   22.500011428.1172   20.0313
    0.0000  -30.0000   22.500011885.8555   20.0345
    7.5000  -30.0000   22.500011425.1357   20.0400
   -7.5000  -22.5000   22.500012491.2520   20.0206
    0.0000  -22.5000   22.500012900.3877   20.0147
    7.5000  -22.5000   22.500012408.2842   20.0245
   -7.5000  -15.0000   22.500013461.3564   20.0132
    0.0000  -15.0000   22.500013904.2783   20.0127
    7.5000  -15.0000   22.500013388.7090   20.0297
   -7.5000   -7.5000   22.500014440.7451   20.0144
    0.0000   -7.5000   22.500015030.1924   20.0281
    7.5000   -7.5000   22.500014318.9287   20.0474
   -7.5000    0.0000   22.500015282.1094   20.0237
    0.0000    0.0000   22.500015718.3076   20.0465
    7.5000    0.0000   22.500014924.9111   20.0629
   -7.5000    7.5000   22.500014701.8672   20.0331
    0.0000    7.5000   22.500015110.0518   20.0507
    7.5000    7.5000   22.500014367.3477   20.0606
   -7.5000   15.0000   22.500013918.1191   20.0313
    0.0000   15.0000   22.500014457.7002   20.0345
    7.5000   15.0000   22.500013744.9512   20.0400
   -7.5000   22.5000   22.500012975.8154   20.0120
    0.0000   22.5000   22.500013546.2910   20.0062
    7.5000   22.5000   22.500012892.9316   20.0158
   -7.5000   30.0000   22.500011980.2266   19.7721
    0.0000   30.0000   22.500012543.8916   19.7714
    7.5000   30.0000   22.500011927.4932   19.7872
   -7.5000   37.5000   22.500011440.2227   19.8319
    0.0000   37.5000   22.500011988.4814   19.8437
    7.5000   37.5000   22.500011415.6914   19.8612
   -7.5000   45.0000   22.500010531.2295   19.4964
    0.0000   45.0000   22.500011022.2031   19.5196
    7.5000   45.0000   22.500010496.7305   19.5380
   -7.5000  -45.0000   30.0000 8970.9365   20.4502
    0.0000  -45.0000   30.0000 9483.7910   20.4779
    7.5000  -45.0000   30.0000 9140.9863   20.4955
   -7.5000  -37.5000   30.0000 9552.1709   20.2045
    0.0000  -37.5000   30.000010045.3906   20.2233
    7.5000  -37.5000   30.0000 9694.9941   20.2362
   -7.5000  -30.0000   30.000010580.3750   20.1974
    0.0000  -30.0000   30.000011031.2207   20.1988
    7.5000  -30.0000   30.000010652.6016   20.2045
   -7.5000  -22.5000   30.000011560.7148   20.1847
    0.0000  -22.5000   30.000011969.0078   20.1752
    7.5000  -22.5000   30.000011554.6299   20.1798
   -7.5000  -15.0000   30.000012454.0752   20.1694
    0.0000  -15.0000   30.000012901.2803   20.1665
    7.5000  -15.0000   30.000012452.5029   20.1759
   -7.5000   -7.5000   30.000013302.8184   20.1655
    0.0000   -7.5000   30.000013809.4648   20.1812
    7.5000   -7.5000   30.000013239.8848   20.1957
   -7.5000    0.0000   30.000013960.1182   20.1773
    0.0000    0.0000   30.000014346.6680   20.2038
    7.5000    0.0000   30.000013769.6152   20.2209
   -7.5000    7.5000   30.000013413.2432   20.1939
    0.0000    7.5000   30.000013787.1934   20.2128
    7.5000    7.5000   30.000013227.3604   20.2258
   -7.5000   15.0000   30.000012718.1738   20.1974
    0.0000   15.0000   30.000013161.8340   20.1988
    7.5000   15.0000   30.000012613.1211   20.2045
   -7.5000   22.5000   30.000011906.1699   20.1760
    0.0000   22.5000   30.000012368.4541   20.1664
    7.5000   22.5000   30.000011860.4209   20.1709
   -7.5000   30.0000   30.000011002.9531   19.9264
    0.0000   30.0000   30.000011471.4414   19.9235
    7.5000   30.0000   30.000010966.9600   19.9316
   -7.5000   37.5000   30.000010534.7998   19.9822
    0.0000   37.5000   30.000010988.3340   19.9960
    7.5000   37.5000   30.000010500.3652   20.0089
   -7.5000   45.0000   30.0000 9712.0615   19.6496
    0.0000   45.0000   30.000010117.7061   19.6762
    7.5000   45.0000   30.0000 9656.5342   19.6950
   -7.5000  -45.0000   37.5000 8635.6904   20.7814
    0.0000  -45.0000   37.5000 9141.6787   20.8056
    7.5000  -45.0000   37.5000 8804.5371   20.8204
   -7.5000  -37.5000   37.5000 9167.0898   20.5255
    0.0000  -37.5000   37.5000 9654.9004   20.5374
    7.5000  -37.5000   37.5000 9326.2900   20.5504
   -7.5000  -30.0000   37.500010132.7344   20.5129
    0.0000  -30.0000   37.500010597.4053   20.5065
    7.5000  -30.0000   37.500010252.9697   20.5138
   -7.5000  -22.5000   37.500011094.0898   20.4959
    0.0000  -22.5000   37.500011531.5566   20.4819
    7.5000  -22.5000   37.500011172.0518   20.4866
   -7.5000  -15.0000   37.500011975.1143   20.4797
    0.0000  -15.0000   37.500012427.5010   20.4763
    7.5000  -15.0000   37.500012001.2490   20.4831
   -7.5000   -7.5000   37.500012755.5732   20.4831
    0.0000   -7.5000   37.500013216.7500   20.4985
    7.5000   -7.5000   37.500012685.4033   20.5088
   -7.5000    0.0000   37.500013276.7549   20.5011
    0.0000    0.0000   37.500013667.4160   20.5243
    7.5000    0.0000   37.500013136.4717   20.5383
   -7.5000    7.5000   37.500012695.4951   20.5146
    0.0000    7.5000   37.500013061.7979   20.5265
    7.5000    7.5000   37.500012558.3633   20.5397
   -7.5000   15.0000   37.500012054.2969   20.5129
    0.0000   15.0000   37.500012481.2285   20.5065
    7.5000   15.0000   37.500011954.4805   20.5138
   -7.5000   22.5000   37.500011333.4668   20.4869
    0.0000   22.5000   37.500011750.7725   20.4729
    7.5000   22.5000   37.500011255.3779   20.4775
   -7.5000   30.0000   37.500010465.5625   20.2329
    0.0000   30.0000   37.500010892.6279   20.2294
    7.5000   30.0000   37.500010426.0664   20.2349
   -7.5000   37.5000   37.500010026.4990   20.2978
    0.0000   37.5000   37.500010439.4131   20.3112
    7.5000   37.5000   37.5000 9999.3281   20.3199
   -7.5000   45.0000   37.5000 9217.1357   19.9707
    0.0000   45.0000   37.5000 9604.2266   19.9944
    7.5000   45.0000   37.5000 9194.0879   20.0099
   -7.5000  -45.0000   45.0000 7970.5894   21.2283
    0.0000  -45.0000   45.0000 8434.1270   21.2460
    7.5000  -45.0000   45.0000 8125.5630   21.2598
   -7.5000  -37.5000   45.0000 8470.7451   20.9558
    0.0000  -37.5000   45.0000 8932.0322   20.9581
    7.5000  -37.5000   45.0000 8620.2598   20.9712
   -7.5000  -30.0000   45.0000 9340.9512   20.9338
    0.0000  -30.0000   45.0000 9802.9551   20.9187
    7.5000  -30.0000   45.0000 9498.1279   20.9299
   -7.5000  -22.5000   45.000010217.0771   20.9099
    0.0000  -22.5000   45.000010665.1875   20.8934
    7.5000  -22.5000   45.000010348.5986   20.9051
   -7.5000  -15.0000   45.000011015.6719   20.8943
    0.0000  -15.0000   45.000011478.4863   20.8931
    7.5000  -15.0000   45.000011081.4062   20.9067
   -7.5000   -7.5000   45.000011718.0264   20.9091
    0.0000   -7.5000   45.000012158.4756   20.9237
    7.5000   -7.5000   45.000011668.0029   20.9361
   -7.5000    0.0000   45.000012163.0527   20.9353
    0.0000    0.0000   45.000012571.1445   20.9520
    7.5000    0.0000   45.000012080.7559   20.9647
   -7.5000    7.5000   45.000011588.4189   20.9444
    0.0000    7.5000   45.000011961.9121   20.9468
    7.5000    7.5000   45.000011500.9531   20.9599
   -7.5000   15.0000   45.000010975.1855   20.9338
    0.0000   15.0000   45.000011370.3984   20.9187
    7.5000   15.0000   45.000010879.1240   20.9299
   -7.5000   22.5000   45.000010326.9697   20.9006
    0.0000   22.5000   45.000010715.7344   20.8841
    7.5000   22.5000   45.000010256.3057   20.8957
   -7.5000   30.0000   45.0000 9563.3623   20.6410
    0.0000   30.0000   45.0000 9938.4736   20.6395
    7.5000   30.0000   45.0000 9537.5205   20.6516
   -7.5000   37.5000   45.0000 9170.1553   20.7200
    0.0000   37.5000   45.0000 9545.9443   20.7323
    7.5000   37.5000   45.0000 9136.6738   20.7432
   -7.5000   45.0000   45.0000 8415.1602   20.4094
    0.0000   45.0000   45.0000 8766.3740   20.4271
    7.5000   45.0000   45.0000 8413.1445   20.4412

---------------------------------------------------------------------
imgreg_4dfp /opt/freesurfer/average/711-2C_as_mni_average_305 /opt/freesurfer/average/711-2B_as_mni_average_305_mask talsrcimg_g11 none talsrcimg_to_711-2C_as_mni_average_305_t4 4355
---------------------------------------------------------------------

freesurfer imgreg_4dfp.c
/opt/freesurfer/average/711-2C_as_mni_average_305.4dfp.img
       256       256       256         1
  1.000000  1.000000  1.000000
orientation T byte_order littleendian
Reading image: /opt/freesurfer/average/711-2C_as_mni_average_305.4dfp.img
dimensions:      256       256       256
mmppix:       1.0000   -1.0000   -1.0000
center:     128.0000 -129.0000 -129.0000
/opt/freesurfer/average/711-2B_as_mni_average_305_mask.4dfp.img
       256       256       256         1
  1.000000  1.000000  1.000000
orientation T byte_order littleendian
Reading mask: /opt/freesurfer/average/711-2B_as_mni_average_305_mask.4dfp.img (2306576 pixels)
talsrcimg_g11.4dfp.img
       256       256       256         1
  1.000000  1.000000  1.000000
orientation T byte_order littleendian
Reading image: talsrcimg_g11.4dfp.img
dimensions:      256       256       256
mmppix:       1.0000   -1.0000   -1.0000
center:     128.0000 -129.0000 -129.0000
rotation matrix determinant  1.000000
image alignment mode   4355 decimal     1103 hex
   -7.5000  -45.0000  -45.0000 2215.9993   21.9892
    0.0000  -45.0000  -45.0000 2223.2080   21.8206
    7.5000  -45.0000  -45.0000 2211.6851   21.9179
   -7.5000  -37.5000  -45.0000 2289.3208   20.5671
    0.0000  -37.5000  -45.0000 2300.1885   20.3756
    7.5000  -37.5000  -45.0000 2287.9893   20.5354
   -7.5000  -30.0000  -45.0000 2353.8982   19.5632
    0.0000  -30.0000  -45.0000 2356.7749   19.4046
    7.5000  -30.0000  -45.0000 2339.1091   19.5623
   -7.5000  -22.5000  -45.0000 2392.4299   18.9097
    0.0000  -22.5000  -45.0000 2393.3557   18.7678
    7.5000  -22.5000  -45.0000 2376.1396   18.9571
   -7.5000  -15.0000  -45.0000 2408.9829   18.4333
    0.0000  -15.0000  -45.0000 2409.1599   18.3821
    7.5000  -15.0000  -45.0000 2388.5247   18.6078
   -7.5000   -7.5000  -45.0000 2417.5959   18.1866
    0.0000   -7.5000  -45.0000 2422.4319   18.1203
    7.5000   -7.5000  -45.0000 2400.3662   18.3915
   -7.5000    0.0000  -45.0000 2418.9514   17.9866
    0.0000    0.0000  -45.0000 2419.2969   17.9462
    7.5000    0.0000  -45.0000 2402.9443   18.2510
   -7.5000    7.5000  -45.0000 2416.2722   17.9907
    0.0000    7.5000  -45.0000 2419.7546   17.8706
    7.5000    7.5000  -45.0000 2405.4070   18.1703
   -7.5000   15.0000  -45.0000 2400.6118   18.3237
    0.0000   15.0000  -45.0000 2408.6111   18.2587
    7.5000   15.0000  -45.0000 2393.2996   18.5357
   -7.5000   22.5000  -45.0000 2371.4360   19.0479
    0.0000   22.5000  -45.0000 2373.9387   18.8752
    7.5000   22.5000  -45.0000 2357.5349   19.1103
   -7.5000   30.0000  -45.0000 2314.5562   19.9741
    0.0000   30.0000  -45.0000 2319.4194   19.8106
    7.5000   30.0000  -45.0000 2300.4949   19.9943
   -7.5000   37.5000  -45.0000 2240.6626   21.3672
    0.0000   37.5000  -45.0000 2243.1445   21.1810
    7.5000   37.5000  -45.0000 2222.6108   21.3183
   -7.5000   45.0000  -45.0000 2145.7532   23.2969
    0.0000   45.0000  -45.0000 2146.2954   23.0893
    7.5000   45.0000  -45.0000 2127.2737   23.2747
   -7.5000  -45.0000  -37.5000 2295.9622   20.5188
    0.0000  -45.0000  -37.5000 2301.7778   20.3465
    7.5000  -45.0000  -37.5000 2294.1748   20.4442
   -7.5000  -37.5000  -37.5000 2380.7571   19.1425
    0.0000  -37.5000  -37.5000 2387.6714   18.9618
    7.5000  -37.5000  -37.5000 2373.5015   19.0917
   -7.5000  -30.0000  -37.5000 2445.2266   18.1845
    0.0000  -30.0000  -37.5000 2454.2407   17.9852
    7.5000  -30.0000  -37.5000 2426.8354   18.0777
   -7.5000  -22.5000  -37.5000 2487.7292   17.4997
    0.0000  -22.5000  -37.5000 2491.1213   17.3377
    7.5000  -22.5000  -37.5000 2461.3516   17.4636
   -7.5000  -15.0000  -37.5000 2502.6072   17.0287
    0.0000  -15.0000  -37.5000 2502.4272   16.9091
    7.5000  -15.0000  -37.5000 2479.2036   17.1380
   -7.5000   -7.5000  -37.5000 2509.2671   16.7868
    0.0000   -7.5000  -37.5000 2522.3154   16.6791
    7.5000   -7.5000  -37.5000 2502.5537   16.9266
   -7.5000    0.0000  -37.5000 2518.4250   16.6726
    0.0000    0.0000  -37.5000 2523.5349   16.5161
    7.5000    0.0000  -37.5000 2512.2166   16.7695
   -7.5000    7.5000  -37.5000 2518.2654   16.6707
    0.0000    7.5000  -37.5000 2523.7290   16.4854
    7.5000    7.5000  -37.5000 2516.3738   16.7553
   -7.5000   15.0000  -37.5000 2503.7981   17.0153
    0.0000   15.0000  -37.5000 2510.9587   16.8517
    7.5000   15.0000  -37.5000 2496.8835   17.0669
   -7.5000   22.5000  -37.5000 2466.0566   17.6871
    0.0000   22.5000  -37.5000 2473.0469   17.4366
    7.5000   22.5000  -37.5000 2457.7991   17.6372
   -7.5000   30.0000  -37.5000 2415.1829   18.5619
    0.0000   30.0000  -37.5000 2418.1931   18.2997
    7.5000   30.0000  -37.5000 2398.7065   18.4681
   -7.5000   37.5000  -37.5000 2340.2952   19.8312
    0.0000   37.5000  -37.5000 2339.0339   19.6431
    7.5000   37.5000  -37.5000 2319.2451   19.7525
   -7.5000   45.0000  -37.5000 2234.7246   21.5941
    0.0000   45.0000  -37.5000 2239.4507   21.3894
    7.5000   45.0000  -37.5000 2216.6467   21.5524
   -7.5000  -45.0000  -30.0000 2408.8291   20.0506
    0.0000  -45.0000  -30.0000 2416.1301   19.8070
    7.5000  -45.0000  -30.0000 2398.6104   19.8392
   -7.5000  -37.5000  -30.0000 2506.4272   18.6011
    0.0000  -37.5000  -30.0000 2505.4775   18.3618
    7.5000  -37.5000  -30.0000 2482.3560   18.4471
   -7.5000  -30.0000  -30.0000 2571.9912   17.5166
    0.0000  -30.0000  -30.0000 2575.9646   17.3236
    7.5000  -30.0000  -30.0000 2542.5828   17.4496
   -7.5000  -22.5000  -30.0000 2609.9875   16.7974
    0.0000  -22.5000  -30.0000 2613.2239   16.6134
    7.5000  -22.5000  -30.0000 2583.8220   16.7464
   -7.5000  -15.0000  -30.0000 2633.2466   16.3397
    0.0000  -15.0000  -30.0000 2632.5828   16.1694
    7.5000  -15.0000  -30.0000 2610.6924   16.3511
   -7.5000   -7.5000  -30.0000 2651.6782   16.0677
    0.0000   -7.5000  -30.0000 2654.8567   15.8386
    7.5000   -7.5000  -30.0000 2635.3115   16.0887
   -7.5000    0.0000  -30.0000 2671.6750   15.9230
    0.0000    0.0000  -30.0000 2677.5188   15.7007
    7.5000    0.0000  -30.0000 2655.8774   15.9461
   -7.5000    7.5000  -30.0000 2670.6926   15.9695
    0.0000    7.5000  -30.0000 2671.7566   15.7577
    7.5000    7.5000  -30.0000 2660.5701   15.9874
   -7.5000   15.0000  -30.0000 2651.9705   16.3003
    0.0000   15.0000  -30.0000 2657.9238   16.1045
    7.5000   15.0000  -30.0000 2643.3965   16.3268
   -7.5000   22.5000  -30.0000 2613.3320   16.9702
    0.0000   22.5000  -30.0000 2616.6499   16.6903
    7.5000   22.5000  -30.0000 2604.0583   16.9093
   -7.5000   30.0000  -30.0000 2553.6890   17.8081
    0.0000   30.0000  -30.0000 2558.0266   17.5360
    7.5000   30.0000  -30.0000 2543.7773   17.7409
   -7.5000   37.5000  -30.0000 2469.3152   19.0690
    0.0000   37.5000  -30.0000 2474.0337   18.8230
    7.5000   37.5000  -30.0000 2456.5862   18.9849
   -7.5000   45.0000  -30.0000 2357.7202   20.7932
    0.0000   45.0000  -30.0000 2372.1743   20.5614
    7.5000   45.0000  -30.0000 2347.0024   20.7316
   -7.5000  -45.0000  -22.5000 2487.3345   19.5574
    0.0000  -45.0000  -22.5000 2492.8220   19.2057
    7.5000  -45.0000  -22.5000 2472.2317   19.1690
   -7.5000  -37.5000  -22.5000 2580.8418   18.0624
    0.0000  -37.5000  -22.5000 2583.6733   17.7511
    7.5000  -37.5000  -22.5000 2559.1248   17.7601
   -7.5000  -30.0000  -22.5000 2649.0679   16.8807
    0.0000  -30.0000  -22.5000 2650.4536   16.6570
    7.5000  -30.0000  -22.5000 2623.2607   16.7436
   -7.5000  -22.5000  -22.5000 2698.8779   16.0679
    0.0000  -22.5000  -22.5000 2701.2917   15.8841
    7.5000  -22.5000  -22.5000 2674.3674   16.0151
   -7.5000  -15.0000  -22.5000 2734.8411   15.5545
    0.0000  -15.0000  -22.5000 2739.9766   15.3696
    7.5000  -15.0000  -22.5000 2715.2117   15.5176
   -7.5000   -7.5000  -22.5000 2767.0527   15.2263
    0.0000   -7.5000  -22.5000 2773.6711   15.0176
    7.5000   -7.5000  -22.5000 2749.4658   15.2331
   -7.5000    0.0000  -22.5000 2783.2175   14.9947
    0.0000    0.0000  -22.5000 2793.3076   14.8206
    7.5000    0.0000  -22.5000 2767.0251   15.1257
   -7.5000    7.5000  -22.5000 2791.2937   15.0569
    0.0000    7.5000  -22.5000 2791.5938   14.9043
    7.5000    7.5000  -22.5000 2774.5466   15.1875
   -7.5000   15.0000  -22.5000 2770.7273   15.4589
    0.0000   15.0000  -22.5000 2775.0979   15.2652
    7.5000   15.0000  -22.5000 2758.2539   15.5502
   -7.5000   22.5000  -22.5000 2730.7502   16.1054
    0.0000   22.5000  -22.5000 2739.7549   15.8478
    7.5000   22.5000  -22.5000 2721.1575   16.0780
   -7.5000   30.0000  -22.5000 2662.6697   16.9558
    0.0000   30.0000  -22.5000 2672.8264   16.6645
    7.5000   30.0000  -22.5000 2658.3315   16.9027
   -7.5000   37.5000  -22.5000 2571.1133   18.1987
    0.0000   37.5000  -22.5000 2585.5947   17.9213
    7.5000   37.5000  -22.5000 2564.2578   18.1562
   -7.5000   45.0000  -22.5000 2453.7854   19.8818
    0.0000   45.0000  -22.5000 2472.9990   19.6297
    7.5000   45.0000  -22.5000 2446.3372   19.8220
   -7.5000  -45.0000  -15.0000 2510.6616   19.0747
    0.0000  -45.0000  -15.0000 2521.4851   18.6954
    7.5000  -45.0000  -15.0000 2511.6899   18.6755
   -7.5000  -37.5000  -15.0000 2602.4907   17.6021
    0.0000  -37.5000  -15.0000 2612.8125   17.2384
    7.5000  -37.5000  -15.0000 2593.9504   17.2522
   -7.5000  -30.0000  -15.0000 2682.5994   16.3950
    0.0000  -30.0000  -15.0000 2684.4507   16.0941
    7.5000  -30.0000  -15.0000 2667.6555   16.1763
   -7.5000  -22.5000  -15.0000 2744.1917   15.5162
    0.0000  -22.5000  -15.0000 2751.3469   15.2925
    7.5000  -22.5000  -15.0000 2734.7424   15.3992
   -7.5000  -15.0000  -15.0000 2792.7776   14.8976
    0.0000  -15.0000  -15.0000 2800.8425   14.7020
    7.5000  -15.0000  -15.0000 2787.3782   14.8131
   -7.5000   -7.5000  -15.0000 2838.2454   14.5010
    0.0000   -7.5000  -15.0000 2848.4373   14.3334
    7.5000   -7.5000  -15.0000 2826.7068   14.4658
   -7.5000    0.0000  -15.0000 2861.6453   14.2318
    0.0000    0.0000  -15.0000 2880.5024   14.1450
    7.5000    0.0000  -15.0000 2853.6057   14.4178
   -7.5000    7.5000  -15.0000 2864.2605   14.2007
    0.0000    7.5000  -15.0000 2882.4180   14.1218
    7.5000    7.5000  -15.0000 2857.3916   14.4861
   -7.5000   15.0000  -15.0000 2842.7839   14.6241
    0.0000   15.0000  -15.0000 2858.6643   14.4358
    7.5000   15.0000  -15.0000 2839.4238   14.7935
   -7.5000   22.5000  -15.0000 2805.3396   15.2506
    0.0000   22.5000  -15.0000 2819.6831   15.0167
    7.5000   22.5000  -15.0000 2802.7729   15.3194
   -7.5000   30.0000  -15.0000 2734.5508   16.1887
    0.0000   30.0000  -15.0000 2744.1526   15.8742
    7.5000   30.0000  -15.0000 2732.8833   16.1569
   -7.5000   37.5000  -15.0000 2642.7253   17.4393
    0.0000   37.5000  -15.0000 2654.1064   17.1680
    7.5000   37.5000  -15.0000 2639.3669   17.4141
   -7.5000   45.0000  -15.0000 2518.2419   19.0870
    0.0000   45.0000  -15.0000 2530.4331   18.8584
    7.5000   45.0000  -15.0000 2514.6995   19.1027
   -7.5000  -45.0000   -7.5000 2523.8379   18.7449
    0.0000  -45.0000   -7.5000 2539.7341   18.3255
    7.5000  -45.0000   -7.5000 2533.5273   18.3362
   -7.5000  -37.5000   -7.5000 2616.5269   17.1814
    0.0000  -37.5000   -7.5000 2632.1514   16.8468
    7.5000  -37.5000   -7.5000 2622.1216   16.8758
   -7.5000  -30.0000   -7.5000 2693.7786   15.9744
    0.0000  -30.0000   -7.5000 2708.5803   15.6593
    7.5000  -30.0000   -7.5000 2699.6091   15.7682
   -7.5000  -22.5000   -7.5000 2760.9209   15.0616
    0.0000  -22.5000   -7.5000 2779.4919   14.7916
    7.5000  -22.5000   -7.5000 2770.4331   14.9133
   -7.5000  -15.0000   -7.5000 2824.1731   14.4008
    0.0000  -15.0000   -7.5000 2842.9854   14.1684
    7.5000  -15.0000   -7.5000 2833.6384   14.2596
   -7.5000   -7.5000   -7.5000 2880.4019   14.0044
    0.0000   -7.5000   -7.5000 2901.0442   13.8238
    7.5000   -7.5000   -7.5000 2886.0703   13.8898
   -7.5000    0.0000   -7.5000 2917.1233   13.7743
    0.0000    0.0000   -7.5000 2946.0823   13.6801
    7.5000    0.0000   -7.5000 2920.7122   13.8258
   -7.5000    7.5000   -7.5000 2912.5901   13.5603
    0.0000    7.5000   -7.5000 2943.9487   13.5555
    7.5000    7.5000   -7.5000 2924.8508   13.9672
   -7.5000   15.0000   -7.5000 2890.7273   13.9447
    0.0000   15.0000   -7.5000 2913.1631   13.7909
    7.5000   15.0000   -7.5000 2901.1255   14.2283
   -7.5000   22.5000   -7.5000 2851.3452   14.6326
    0.0000   22.5000   -7.5000 2873.3621   14.3394
    7.5000   22.5000   -7.5000 2859.4871   14.7138
   -7.5000   30.0000   -7.5000 2781.3328   15.6335
    0.0000   30.0000   -7.5000 2794.0183   15.3257
    7.5000   30.0000   -7.5000 2783.9644   15.5493
   -7.5000   37.5000   -7.5000 2685.5244   16.9136
    0.0000   37.5000   -7.5000 2696.4207   16.6015
    7.5000   37.5000   -7.5000 2687.5627   16.8564
   -7.5000   45.0000   -7.5000 2552.5332   18.5957
    0.0000   45.0000   -7.5000 2568.9155   18.3373
    7.5000   45.0000   -7.5000 2556.1951   18.6027
   -7.5000  -45.0000    0.0000 2514.1982   18.5543
    0.0000  -45.0000    0.0000 2544.4883   18.1042
    7.5000  -45.0000    0.0000 2539.5474   18.1924
   -7.5000  -37.5000    0.0000 2604.6924   16.9940
    0.0000  -37.5000    0.0000 2632.2502   16.5825
    7.5000  -37.5000    0.0000 2630.1375   16.6993
   -7.5000  -30.0000    0.0000 2690.8557   15.7583
    0.0000  -30.0000    0.0000 2708.8433   15.3809
    7.5000  -30.0000    0.0000 2709.8538   15.4788
   -7.5000  -22.5000    0.0000 2763.7139   14.7879
    0.0000  -22.5000    0.0000 2782.1204   14.4740
    7.5000  -22.5000    0.0000 2785.3704   14.5911
   -7.5000  -15.0000    0.0000 2831.3315   14.1443
    0.0000  -15.0000    0.0000 2853.3569   13.8650
    7.5000  -15.0000    0.0000 2856.1362   13.9684
   -7.5000   -7.5000    0.0000 2898.4358   13.7975
    0.0000   -7.5000    0.0000 2915.7817   13.5654
    7.5000   -7.5000    0.0000 2914.5974   13.6652
   -7.5000    0.0000    0.0000 2940.9639   13.7160
    0.0000    0.0000    0.0000 2973.9465   13.5388
    7.5000    0.0000    0.0000 2955.6050   13.6233
   -7.5000    7.5000    0.0000 2950.5598   13.6266
    0.0000    7.5000    0.0000 2988.2192   13.4298
    7.5000    7.5000    0.0000 2970.1289   13.7277
   -7.5000   15.0000    0.0000 2915.6619   13.7960
    0.0000   15.0000    0.0000 2938.4902   13.4863
    7.5000   15.0000    0.0000 2939.0044   13.8328
   -7.5000   22.5000    0.0000 2870.7507   14.4535
    0.0000   22.5000    0.0000 2892.0823   14.0664
    7.5000   22.5000    0.0000 2892.1702   14.2872
   -7.5000   30.0000    0.0000 2796.1038   15.3870
    0.0000   30.0000    0.0000 2809.6191   14.9824
    7.5000   30.0000    0.0000 2808.2114   15.2341
   -7.5000   37.5000    0.0000 2700.0847   16.7016
    0.0000   37.5000    0.0000 2712.4048   16.3217
    7.5000   37.5000    0.0000 2709.4282   16.5654
   -7.5000   45.0000    0.0000 2563.4734   18.4200
    0.0000   45.0000    0.0000 2579.4424   18.0581
    7.5000   45.0000    0.0000 2573.9377   18.3088
   -7.5000  -45.0000    7.5000 2499.2815   18.6101
    0.0000  -45.0000    7.5000 2529.7256   18.1665
    7.5000  -45.0000    7.5000 2540.8740   18.2716
   -7.5000  -37.5000    7.5000 2587.8069   17.0084
    0.0000  -37.5000    7.5000 2618.5120   16.5642
    7.5000  -37.5000    7.5000 2637.6360   16.6790
   -7.5000  -30.0000    7.5000 2674.3564   15.6751
    0.0000  -30.0000    7.5000 2694.7007   15.2986
    7.5000  -30.0000    7.5000 2707.5508   15.3862
   -7.5000  -22.5000    7.5000 2752.9177   14.7343
    0.0000  -22.5000    7.5000 2769.8892   14.3967
    7.5000  -22.5000    7.5000 2780.6824   14.4854
   -7.5000  -15.0000    7.5000 2818.9062   14.1083
    0.0000  -15.0000    7.5000 2838.5542   13.7871
    7.5000  -15.0000    7.5000 2847.0337   13.8837
   -7.5000   -7.5000    7.5000 2889.7109   13.8610
    0.0000   -7.5000    7.5000 2907.4368   13.5781
    7.5000   -7.5000    7.5000 2914.3784   13.5977
   -7.5000    0.0000    7.5000 2944.9548   13.8828
    0.0000    0.0000    7.5000 2965.8213   13.6059
    7.5000    0.0000    7.5000 2953.2971   13.5749
   -7.5000    7.5000    7.5000 2957.2878   14.0019
    0.0000    7.5000    7.5000 2981.9758   13.5622
    7.5000    7.5000    7.5000 2957.2209   13.5808
   -7.5000   15.0000    7.5000 2923.1870   14.1789
    0.0000   15.0000    7.5000 2947.5227   13.6745
    7.5000   15.0000    7.5000 2930.0889   13.7414
   -7.5000   22.5000    7.5000 2868.0964   14.5411
    0.0000   22.5000    7.5000 2894.3545   14.1376
    7.5000   22.5000    7.5000 2892.5059   14.2978
   -7.5000   30.0000    7.5000 2787.5781   15.3463
    0.0000   30.0000    7.5000 2808.8521   15.0161
    7.5000   30.0000    7.5000 2801.6606   15.2354
   -7.5000   37.5000    7.5000 2691.6450   16.6370
    0.0000   37.5000    7.5000 2709.6128   16.3523
    7.5000   37.5000    7.5000 2704.6287   16.5361
   -7.5000   45.0000    7.5000 2556.7502   18.3667
    0.0000   45.0000    7.5000 2578.9956   18.1139
    7.5000   45.0000    7.5000 2573.1426   18.2697
   -7.5000  -45.0000   15.0000 2473.5479   18.8887
    0.0000  -45.0000   15.0000 2508.2471   18.4317
    7.5000  -45.0000   15.0000 2520.4636   18.5729
   -7.5000  -37.5000   15.0000 2562.3831   17.2508
    0.0000  -37.5000   15.0000 2600.3936   16.7742
    7.5000  -37.5000   15.0000 2619.1335   16.8739
   -7.5000  -30.0000   15.0000 2635.2739   16.0069
    0.0000  -30.0000   15.0000 2670.2610   15.4769
    7.5000  -30.0000   15.0000 2688.1321   15.5265
   -7.5000  -22.5000   15.0000 2707.7842   15.0304
    0.0000  -22.5000   15.0000 2737.5503   14.5521
    7.5000  -22.5000   15.0000 2759.5442   14.5762
   -7.5000  -15.0000   15.0000 2782.1687   14.4570
    0.0000  -15.0000   15.0000 2797.4573   14.0321
    7.5000  -15.0000   15.0000 2812.8088   14.0536
   -7.5000   -7.5000   15.0000 2856.8579   14.2504
    0.0000   -7.5000   15.0000 2866.2686   13.8805
    7.5000   -7.5000   15.0000 2874.2974   13.8403
   -7.5000    0.0000   15.0000 2899.1055   14.2135
    0.0000    0.0000   15.0000 2917.0366   13.8835
    7.5000    0.0000   15.0000 2908.1128   13.8257
   -7.5000    7.5000   15.0000 2915.4941   14.2615
    0.0000    7.5000   15.0000 2938.5989   13.8563
    7.5000    7.5000   15.0000 2915.6333   13.7725
   -7.5000   15.0000   15.0000 2886.0229   14.4932
    0.0000   15.0000   15.0000 2922.4456   14.1378
    7.5000   15.0000   15.0000 2902.4099   14.1467
   -7.5000   22.5000   15.0000 2829.3420   14.9634
    0.0000   22.5000   15.0000 2868.2798   14.6918
    7.5000   22.5000   15.0000 2860.8528   14.7647
   -7.5000   30.0000   15.0000 2748.5757   15.7572
    0.0000   30.0000   15.0000 2778.8376   15.5201
    7.5000   30.0000   15.0000 2770.5691   15.6559
   -7.5000   37.5000   15.0000 2649.9451   16.9983
    0.0000   37.5000   15.0000 2673.2126   16.7261
    7.5000   37.5000   15.0000 2666.2224   16.8879
   -7.5000   45.0000   15.0000 2520.7305   18.6084
    0.0000   45.0000   15.0000 2549.3108   18.3224
    7.5000   45.0000   15.0000 2542.6445   18.5090
   -7.5000  -45.0000   22.5000 2432.5315   19.4237
    0.0000  -45.0000   22.5000 2475.6284   18.9051
    7.5000  -45.0000   22.5000 2492.8418   19.0301
   -7.5000  -37.5000   22.5000 2530.1223   17.8526
    0.0000  -37.5000   22.5000 2565.2815   17.1992
    7.5000  -37.5000   22.5000 2580.6245   17.3035
   -7.5000  -30.0000   22.5000 2603.6101   16.6263
    0.0000  -30.0000   22.5000 2635.5583   15.9504
    7.5000  -30.0000   22.5000 2647.2825   15.9646
   -7.5000  -22.5000   22.5000 2670.9089   15.6470
    0.0000  -22.5000   22.5000 2697.8633   15.0313
    7.5000  -22.5000   22.5000 2711.8674   15.0221
   -7.5000  -15.0000   22.5000 2732.6445   15.0075
    0.0000  -15.0000   22.5000 2760.3989   14.5195
    7.5000  -15.0000   22.5000 2773.0337   14.5288
   -7.5000   -7.5000   22.5000 2794.7488   14.7340
    0.0000   -7.5000   22.5000 2820.0120   14.3459
    7.5000   -7.5000   22.5000 2827.9346   14.3505
   -7.5000    0.0000   22.5000 2825.6489   14.7412
    0.0000    0.0000   22.5000 2855.7839   14.2958
    7.5000    0.0000   22.5000 2854.4312   14.2408
   -7.5000    7.5000   22.5000 2840.6284   14.7613
    0.0000    7.5000   22.5000 2861.0151   14.3006
    7.5000    7.5000   22.5000 2864.7507   14.3241
   -7.5000   15.0000   22.5000 2815.7649   15.0344
    0.0000   15.0000   22.5000 2855.3606   14.6825
    7.5000   15.0000   22.5000 2854.6848   14.7617
   -7.5000   22.5000   22.5000 2772.5085   15.5766
    0.0000   22.5000   22.5000 2808.7266   15.2597
    7.5000   22.5000   22.5000 2808.2544   15.4102
   -7.5000   30.0000   22.5000 2694.6453   16.3982
    0.0000   30.0000   22.5000 2726.9460   16.0934
    7.5000   30.0000   22.5000 2724.3376   16.3111
   -7.5000   37.5000   22.5000 2598.0828   17.6693
    0.0000   37.5000   22.5000 2624.4802   17.3668
    7.5000   37.5000   22.5000 2626.8474   17.5238
   -7.5000   45.0000   22.5000 2473.3784   19.2385
    0.0000   45.0000   22.5000 2498.9175   18.9362
    7.5000   45.0000   22.5000 2501.0645   19.1103
   -7.5000  -45.0000   30.0000 2372.9377   20.2128
    0.0000  -45.0000   30.0000 2423.3252   19.6463
    7.5000  -45.0000   30.0000 2438.0432   19.7545
   -7.5000  -37.5000   30.0000 2465.4631   18.6030
    0.0000  -37.5000   30.0000 2512.4146   17.9557
    7.5000  -37.5000   30.0000 2526.5789   18.0206
   -7.5000  -30.0000   30.0000 2549.5305   17.3697
    0.0000  -30.0000   30.0000 2586.0208   16.6436
    7.5000  -30.0000   30.0000 2599.6250   16.6820
   -7.5000  -22.5000   30.0000 2621.9319   16.4049
    0.0000  -22.5000   30.0000 2651.8110   15.7129
    7.5000  -22.5000   30.0000 2662.7200   15.7520
   -7.5000  -15.0000   30.0000 2677.6816   15.7633
    0.0000  -15.0000   30.0000 2708.8459   15.1884
    7.5000  -15.0000   30.0000 2716.7859   15.2349
   -7.5000   -7.5000   30.0000 2723.4746   15.5108
    0.0000   -7.5000   30.0000 2753.5146   15.0137
    7.5000   -7.5000   30.0000 2764.3804   14.9845
   -7.5000    0.0000   30.0000 2740.8608   15.4505
    0.0000    0.0000   30.0000 2775.1567   14.9148
    7.5000    0.0000   30.0000 2782.5945   14.9049
   -7.5000    7.5000   30.0000 2754.1245   15.4961
    0.0000    7.5000   30.0000 2779.5168   14.9982
    7.5000    7.5000   30.0000 2790.2258   15.0424
   -7.5000   15.0000   30.0000 2725.7373   15.8622
    0.0000   15.0000   30.0000 2766.8906   15.4796
    7.5000   15.0000   30.0000 2777.0205   15.5160
   -7.5000   22.5000   30.0000 2680.6826   16.4235
    0.0000   22.5000   30.0000 2717.7083   16.0638
    7.5000   22.5000   30.0000 2724.8149   16.2047
   -7.5000   30.0000   30.0000 2610.2561   17.2588
    0.0000   30.0000   30.0000 2645.2866   16.9022
    7.5000   30.0000   30.0000 2647.8110   17.1117
   -7.5000   37.5000   30.0000 2527.2410   18.5000
    0.0000   37.5000   30.0000 2556.1006   18.1422
    7.5000   37.5000   30.0000 2560.2561   18.2677
   -7.5000   45.0000   30.0000 2412.7070   20.1286
    0.0000   45.0000   30.0000 2438.7725   19.7922
    7.5000   45.0000   30.0000 2441.3557   19.9365
   -7.5000  -45.0000   37.5000 2312.7151   21.1781
    0.0000  -45.0000   37.5000 2368.5103   20.6137
    7.5000  -45.0000   37.5000 2375.5742   20.6859
   -7.5000  -37.5000   37.5000 2400.0776   19.5053
    0.0000  -37.5000   37.5000 2455.4644   18.8377
    7.5000  -37.5000   37.5000 2466.7336   18.9126
   -7.5000  -30.0000   37.5000 2481.6682   18.2305
    0.0000  -30.0000   37.5000 2527.3662   17.5025
    7.5000  -30.0000   37.5000 2541.5986   17.5793
   -7.5000  -22.5000   37.5000 2559.7637   17.3036
    0.0000  -22.5000   37.5000 2595.5361   16.6039
    7.5000  -22.5000   37.5000 2611.2344   16.6689
   -7.5000  -15.0000   37.5000 2615.7546   16.7713
    0.0000  -15.0000   37.5000 2648.2454   16.1153
    7.5000  -15.0000   37.5000 2657.0161   16.1443
   -7.5000   -7.5000   37.5000 2648.5034   16.4572
    0.0000   -7.5000   37.5000 2678.9480   15.8715
    7.5000   -7.5000   37.5000 2689.2954   15.8407
   -7.5000    0.0000   37.5000 2651.0503   16.3615
    0.0000    0.0000   37.5000 2687.3152   15.7608
    7.5000    0.0000   37.5000 2695.7073   15.7812
   -7.5000    7.5000   37.5000 2651.5515   16.3945
    0.0000    7.5000   37.5000 2681.7566   15.8908
    7.5000    7.5000   37.5000 2693.2314   15.9582
   -7.5000   15.0000   37.5000 2630.0205   16.8757
    0.0000   15.0000   37.5000 2674.3567   16.4525
    7.5000   15.0000   37.5000 2681.4934   16.4709
   -7.5000   22.5000   37.5000 2590.6199   17.5068
    0.0000   22.5000   37.5000 2626.8337   17.0918
    7.5000   22.5000   37.5000 2634.9116   17.1689
   -7.5000   30.0000   37.5000 2515.0808   18.3669
    0.0000   30.0000   37.5000 2551.5857   17.9581
    7.5000   30.0000   37.5000 2561.9321   18.0639
   -7.5000   37.5000   37.5000 2437.5083   19.5268
    0.0000   37.5000   37.5000 2469.2383   19.1390
    7.5000   37.5000   37.5000 2479.4216   19.2303
   -7.5000   45.0000   37.5000 2334.6169   21.1290
    0.0000   45.0000   37.5000 2360.6138   20.8079
    7.5000   45.0000   37.5000 2366.6748   20.8557
   -7.5000  -45.0000   45.0000 2237.0444   22.4398
    0.0000  -45.0000   45.0000 2290.0098   21.8534
    7.5000  -45.0000   45.0000 2298.7986   21.9426
   -7.5000  -37.5000   45.0000 2327.7815   20.6791
    0.0000  -37.5000   45.0000 2380.6619   20.0164
    7.5000  -37.5000   45.0000 2391.1516   20.0809
   -7.5000  -30.0000   45.0000 2410.2253   19.4149
    0.0000  -30.0000   45.0000 2456.9053   18.6767
    7.5000  -30.0000   45.0000 2475.2124   18.7187
   -7.5000  -22.5000   45.0000 2485.4368   18.5453
    0.0000  -22.5000   45.0000 2523.3801   17.7809
    7.5000  -22.5000   45.0000 2543.8030   17.8309
   -7.5000  -15.0000   45.0000 2535.0581   17.9442
    0.0000  -15.0000   45.0000 2576.0017   17.2450
    7.5000  -15.0000   45.0000 2585.3394   17.2658
   -7.5000   -7.5000   45.0000 2565.4336   17.6280
    0.0000   -7.5000   45.0000 2598.2063   16.9599
    7.5000   -7.5000   45.0000 2608.1743   16.9530
   -7.5000    0.0000   45.0000 2565.9775   17.5203
    0.0000    0.0000   45.0000 2597.5630   16.8990
    7.5000    0.0000   45.0000 2607.0869   16.9262
   -7.5000    7.5000   45.0000 2558.6462   17.5992
    0.0000    7.5000   45.0000 2581.3730   17.0617
    7.5000    7.5000   45.0000 2590.2349   17.0853
   -7.5000   15.0000   45.0000 2528.8831   18.0768
    0.0000   15.0000   45.0000 2564.4216   17.5917
    7.5000   15.0000   45.0000 2568.7673   17.6066
   -7.5000   22.5000   45.0000 2488.2585   18.7771
    0.0000   22.5000   45.0000 2525.5344   18.3117
    7.5000   22.5000   45.0000 2531.9907   18.3453
   -7.5000   30.0000   45.0000 2423.7991   19.6976
    0.0000   30.0000   45.0000 2453.5203   19.2146
    7.5000   30.0000   45.0000 2471.8613   19.2833
   -7.5000   37.5000   45.0000 2351.6836   20.9048
    0.0000   37.5000   45.0000 2378.6724   20.4551
    7.5000   37.5000   45.0000 2388.6055   20.4738
   -7.5000   45.0000   45.0000 2247.5344   22.5095
    0.0000   45.0000   45.0000 2270.9023   22.1032
    7.5000   45.0000   45.0000 2282.3545   22.0914

---------------------------------------------------------------------
imgreg_4dfp /opt/freesurfer/average/711-2C_as_mni_average_305 /opt/freesurfer/average/711-2B_as_mni_average_305_mask talsrcimg_g11 none talsrcimg_to_711-2C_as_mni_average_305_t4 1283
---------------------------------------------------------------------

freesurfer imgreg_4dfp.c
/opt/freesurfer/average/711-2C_as_mni_average_305.4dfp.img
       256       256       256         1
  1.000000  1.000000  1.000000
orientation T byte_order littleendian
Reading image: /opt/freesurfer/average/711-2C_as_mni_average_305.4dfp.img
dimensions:      256       256       256
mmppix:       1.0000   -1.0000   -1.0000
center:     128.0000 -129.0000 -129.0000
/opt/freesurfer/average/711-2B_as_mni_average_305_mask.4dfp.img
       256       256       256         1
  1.000000  1.000000  1.000000
orientation T byte_order littleendian
Reading mask: /opt/freesurfer/average/711-2B_as_mni_average_305_mask.4dfp.img (2306576 pixels)
talsrcimg_g11.4dfp.img
       256       256       256         1
  1.000000  1.000000  1.000000
orientation T byte_order littleendian
Reading image: talsrcimg_g11.4dfp.img
dimensions:      256       256       256
mmppix:       1.0000   -1.0000   -1.0000
center:     128.0000 -129.0000 -129.0000
rotation matrix determinant  1.000000
fimgreg.f
image alignment mode   1283 decimal      503 hex
parameters
    0.0000    7.5000    0.0000    0.0000    0.0000    0.0000
eta,q 0.93655 13.46209
niter,ni,del,rscale     5    3   12.0000    1.2000
parameter  2  0.607479 ->  0.500000 qaram    1.1500
parameter  4  0.612276 ->  0.500000 qaram    1.1500
parameter  5  0.804704 ->  0.500000 qaram    1.1500
parameter  6 -5.693995 ->  0.500000 qaram    1.1500
parameters
    1.3051    4.0500    1.2325   -3.4500   -3.4500   -3.4500
eta,q 0.94736 13.46492
  0.0749  0.0633  0.0732  0.0601  0.0572  0.0515
  0.0715  0.0618  0.0691  0.0598  0.0572  0.0521
  0.0675  0.0629  0.0658  0.0598  0.0582  0.0545
  0.0645  0.0644  0.0622  0.0609  0.0598  0.0574
  0.0654  0.0667  0.0611  0.0624  0.0622  0.0594
  0.0673  0.0702  0.0636  0.0642  0.0657  0.0611
  0.0692  0.0752  0.0680  0.0673  0.0703  0.0618
niter,ni,del,rscale     7    3   12.0000    1.2000
parameter  5  0.688236 ->  0.500000 qaram    1.3225
parameter  6  1.007524 ->  0.500000 qaram    1.3225
parameters
    1.3758    6.0583    2.2374   -6.6996   -7.4175   -7.4175
eta,q 0.95614 13.50831
  0.0642  0.0707  0.0624  0.0520  0.0480  0.0440
  0.0595  0.0637  0.0584  0.0505  0.0473  0.0437
  0.0551  0.0585  0.0539  0.0499  0.0480  0.0447
  0.0526  0.0526  0.0513  0.0511  0.0499  0.0473
  0.0544  0.0514  0.0516  0.0540  0.0535  0.0510
  0.0585  0.0540  0.0542  0.0580  0.0583  0.0541
  0.0643  0.0588  0.0574  0.0612  0.0636  0.0582
niter,ni,del,rscale     7    3   12.0000    1.2000
parameters
    2.2095    7.7038    3.5369   -9.0491   -9.6529   -9.2676
eta,q 0.96116 13.53934
  0.0621  0.0659  0.0554  0.0451  0.0469  0.0438
  0.0540  0.0578  0.0494  0.0421  0.0412  0.0405
  0.0480  0.0485  0.0456  0.0410  0.0392  0.0390
  0.0439  0.0433  0.0434  0.0424  0.0410  0.0393
  0.0441  0.0437  0.0423  0.0451  0.0455  0.0419
  0.0484  0.0466  0.0443  0.0498  0.0512  0.0457
  0.0548  0.0524  0.0482  0.0553  0.0582  0.0507
niter,ni,del,rscale     6    3   12.0000    1.2000
parameters
    2.7342    8.4476    2.8599  -10.4672   -9.8953   -9.7208
eta,q 0.96273 13.48293
  0.0597  0.0597  0.0467  0.0428  0.0501  0.0442
  0.0508  0.0505  0.0411  0.0408  0.0450  0.0409
  0.0431  0.0423  0.0382  0.0377  0.0394  0.0381
  0.0388  0.0384  0.0382  0.0379  0.0374  0.0373
  0.0392  0.0396  0.0401  0.0407  0.0398  0.0388
  0.0456  0.0458  0.0447  0.0443  0.0457  0.0416
  0.0546  0.0523  0.0514  0.0501  0.0521  0.0463
niter,ni,del,rscale     5    3   12.0000    1.2000
parameters
    2.8057    8.9227    2.3489  -11.6020   -9.8497   -9.8654
eta,q 0.96306 13.43895
  0.0576  0.0574  0.0469  0.0421  0.0500  0.0449
  0.0476  0.0484  0.0408  0.0403  0.0452  0.0408
  0.0399  0.0413  0.0377  0.0378  0.0397  0.0376
  0.0373  0.0373  0.0372  0.0370  0.0370  0.0369
  0.0397  0.0394  0.0391  0.0393  0.0389  0.0386
  0.0479  0.0458  0.0436  0.0426  0.0442  0.0412
  0.0561  0.0525  0.0506  0.0475  0.0505  0.0452
niter,ni,del,rscale     4    3   12.0000    1.2000
parameters
    2.8340    9.2486    1.9610  -12.3968   -9.8517   -9.9521
eta,q 0.96316 13.41925
  0.0572  0.0562  0.0476  0.0419  0.0494  0.0453
  0.0468  0.0475  0.0409  0.0404  0.0446  0.0409
  0.0393  0.0413  0.0374  0.0380  0.0392  0.0377
  0.0369  0.0369  0.0368  0.0368  0.0369  0.0369
  0.0398  0.0392  0.0387  0.0382  0.0390  0.0386
  0.0480  0.0455  0.0434  0.0418  0.0438  0.0414
  0.0558  0.0533  0.0505  0.0458  0.0501  0.0453
niter,ni,del,rscale     3    3   12.0000    1.2000
parameters
    2.8821    9.4494    1.6909  -12.8982   -9.9002   -9.9593
eta,q 0.96325 13.41392
  0.0569  0.0552  0.0483  0.0420  0.0491  0.0456
  0.0466  0.0471  0.0414  0.0406  0.0442  0.0410
  0.0394  0.0414  0.0375  0.0382  0.0389  0.0380
  0.0368  0.0368  0.0367  0.0366  0.0367  0.0367
  0.0396  0.0390  0.0387  0.0377  0.0390  0.0382
  0.0476  0.0455  0.0432  0.0410  0.0437  0.0413
  0.0553  0.0540  0.0502  0.0450  0.0499  0.0453
niter,ni,del,rscale     2    3   12.0000    1.2000
parameters
    2.9283    9.5750    1.5240  -13.1801   -9.9609   -9.9439
eta,q 0.96331 13.41348
  0.0566  0.0545  0.0489  0.0423  0.0489  0.0457
  0.0464  0.0470  0.0418  0.0407  0.0440  0.0412
  0.0394  0.0416  0.0376  0.0385  0.0387  0.0381
  0.0367  0.0367  0.0366  0.0366  0.0367  0.0367
  0.0395  0.0389  0.0387  0.0375  0.0390  0.0380
  0.0474  0.0456  0.0430  0.0405  0.0436  0.0413
  0.0551  0.0544  0.0499  0.0444  0.0497  0.0455
niter,ni,del,rscale     1    3   12.0000    1.2000
parameters
    2.9572    9.6447    1.4273  -13.3235  -10.0003   -9.9244
eta,q 0.96336 13.41326
  0.0563  0.0541  0.0493  0.0425  0.0489  0.0457
  0.0463  0.0470  0.0421  0.0407  0.0440  0.0412
  0.0394  0.0416  0.0377  0.0387  0.0386  0.0381
  0.0367  0.0367  0.0366  0.0366  0.0367  0.0366
  0.0395  0.0389  0.0388  0.0375  0.0390  0.0380
  0.0473  0.0458  0.0429  0.0402  0.0435  0.0414
  0.0550  0.0547  0.0497  0.0441  0.0495  0.0455
registration optimization eta report
parameter search radius
    6.0000    6.9000    6.0000    6.9000    7.9350    7.9350
100000*second partial in parameter space
       52.       35.       35.       13.       19.       14.
  0.0563  0.0541  0.0493  0.0425  0.0489  0.0457
  0.0463  0.0470  0.0421  0.0407  0.0440  0.0412
  0.0394  0.0416  0.0377  0.0387  0.0386  0.0381
  0.0367  0.0367  0.0366  0.0366  0.0367  0.0366
  0.0395  0.0389  0.0388  0.0375  0.0390  0.0380
  0.0473  0.0458  0.0429  0.0402  0.0435  0.0414
  0.0550  0.0547  0.0497  0.0441  0.0495  0.0455
    2.9572    9.6447    1.4273  -13.3235  -10.0003   -9.9244
eta,q 0.96336 13.41326

---------------------------------------------------------------------
imgreg_4dfp /opt/freesurfer/average/711-2C_as_mni_average_305 /opt/freesurfer/average/711-2B_as_mni_average_305_mask talsrcimg_g11 none talsrcimg_to_711-2C_as_mni_average_305_t4 3335
---------------------------------------------------------------------

freesurfer imgreg_4dfp.c
/opt/freesurfer/average/711-2C_as_mni_average_305.4dfp.img
       256       256       256         1
  1.000000  1.000000  1.000000
orientation T byte_order littleendian
Reading image: /opt/freesurfer/average/711-2C_as_mni_average_305.4dfp.img
dimensions:      256       256       256
mmppix:       1.0000   -1.0000   -1.0000
center:     128.0000 -129.0000 -129.0000
/opt/freesurfer/average/711-2B_as_mni_average_305_mask.4dfp.img
       256       256       256         1
  1.000000  1.000000  1.000000
orientation T byte_order littleendian
Reading mask: /opt/freesurfer/average/711-2B_as_mni_average_305_mask.4dfp.img (2306576 pixels)
talsrcimg_g11.4dfp.img
       256       256       256         1
  1.000000  1.000000  1.000000
orientation T byte_order littleendian
Reading image: talsrcimg_g11.4dfp.img
dimensions:      256       256       256
mmppix:       1.0000   -1.0000   -1.0000
center:     128.0000 -129.0000 -129.0000
fimgreg.f
image alignment mode   3335 decimal      D07 hex
parameters
    2.9572    9.6447    1.4273   -2.9930   -3.4580   -4.1700
   12.8290   20.6167  -16.9730   19.7877  -17.3652  -22.6947
eta,q 0.96507 13.50986
niter,ni,del,rscale     5    3    5.0000    1.2000
parameter  4  0.869884 ->  0.500000 qaram    1.1500
parameter  5  0.959773 ->  0.500000 qaram    1.1500
parameter  6  0.585394 ->  0.500000 qaram    1.1500
parameter 12 -0.662826 -> -0.500000 qaram    1.1500
parameters
    3.0464    9.9059    1.4650   -7.1330   -7.5980   -8.3100
   11.7620   20.9892  -13.5118   16.1947  -14.5164  -18.5547
eta,q 0.97505 13.32947
  0.0385  0.0381  0.0371  0.0321  0.0279  0.0279  0.0292  0.0316  0.0315  0.0266  0.0293  0.0291
  0.0366  0.0365  0.0359  0.0319  0.0285  0.0272  0.0279  0.0295  0.0296  0.0259  0.0276  0.0275
  0.0354  0.0355  0.0351  0.0329  0.0298  0.0272  0.0272  0.0279  0.0281  0.0259  0.0264  0.0264
  0.0349  0.0349  0.0349  0.0349  0.0321  0.0287  0.0271  0.0271  0.0270  0.0265  0.0258  0.0256
  0.0352  0.0350  0.0351  0.0379  0.0358  0.0317  0.0277  0.0272  0.0265  0.0280  0.0256  0.0252
  0.0362  0.0357  0.0358  0.0416  0.0406  0.0361  0.0290  0.0287  0.0266  0.0301  0.0258  0.0249
  0.0380  0.0370  0.0370  0.0458  0.0458  0.0408  0.0309  0.0311  0.0271  0.0326  0.0261  0.0251
niter,ni,del,rscale     7    3    5.0000    1.2000
parameters
    3.3930   10.9960    1.2306   -6.0469  -10.5248   -8.7733
   11.0644   19.8330  -13.4574   16.1938  -13.8525  -18.7351
eta,q 0.97657 13.24417
  0.0287  0.0298  0.0257  0.0291  0.0254  0.0275  0.0260  0.0262  0.0258  0.0263  0.0253  0.0253
  0.0269  0.0277  0.0248  0.0275  0.0240  0.0258  0.0245  0.0244  0.0245  0.0247  0.0241  0.0242
  0.0256  0.0260  0.0243  0.0258  0.0233  0.0244  0.0237  0.0235  0.0237  0.0238  0.0235  0.0236
  0.0250  0.0249  0.0243  0.0242  0.0238  0.0233  0.0235  0.0235  0.0234  0.0234  0.0234  0.0234
  0.0250  0.0243  0.0246  0.0236  0.0257  0.0230  0.0241  0.0243  0.0236  0.0237  0.0236  0.0236
  0.0257  0.0244  0.0253  0.0248  0.0292  0.0253  0.0253  0.0261  0.0245  0.0247  0.0240  0.0244
  0.0271  0.0252  0.0263  0.0280  0.0341  0.0303  0.0272  0.0289  0.0258  0.0264  0.0245  0.0255
niter,ni,del,rscale     6    3    5.0000    1.2000
parameters
    3.3658   11.0969    1.4844   -5.0606  -11.0606   -8.7753
   10.8638   19.7165  -13.4654   16.3601  -13.3693  -18.4984
eta,q 0.97688 13.25144
  0.0264  0.0265  0.0254  0.0281  0.0271  0.0274  0.0260  0.0271  0.0256  0.0261  0.0250  0.0252
  0.0248  0.0249  0.0243  0.0266  0.0252  0.0256  0.0245  0.0249  0.0242  0.0245  0.0238  0.0240
  0.0238  0.0238  0.0237  0.0249  0.0237  0.0242  0.0234  0.0235  0.0234  0.0235  0.0232  0.0234
  0.0234  0.0234  0.0234  0.0234  0.0231  0.0231  0.0231  0.0231  0.0231  0.0231  0.0231  0.0231
  0.0238  0.0237  0.0235  0.0229  0.0236  0.0226  0.0235  0.0235  0.0234  0.0233  0.0233  0.0233
  0.0248  0.0246  0.0239  0.0242  0.0254  0.0243  0.0246  0.0249  0.0242  0.0242  0.0238  0.0239
  0.0265  0.0260  0.0247  0.0273  0.0290  0.0288  0.0264  0.0275  0.0256  0.0259  0.0243  0.0250
niter,ni,del,rscale     5    3    5.0000    1.2000
parameters
    3.3275   11.0797    1.5557   -4.8730  -11.1042   -8.7409
   10.8857   19.6120  -13.4657   16.3350  -13.2415  -18.3612
eta,q 0.97693 13.25358
  0.0263  0.0259  0.0249  0.0277  0.0274  0.0274  0.0262  0.0271  0.0255  0.0259  0.0247  0.0251
  0.0245  0.0244  0.0239  0.0261  0.0254  0.0256  0.0245  0.0249  0.0242  0.0244  0.0237  0.0240
  0.0234  0.0234  0.0233  0.0245  0.0239  0.0241  0.0235  0.0235  0.0234  0.0234  0.0231  0.0233
  0.0231  0.0231  0.0231  0.0231  0.0231  0.0231  0.0231  0.0231  0.0231  0.0231  0.0231  0.0231
  0.0235  0.0235  0.0233  0.0230  0.0233  0.0225  0.0234  0.0234  0.0233  0.0233  0.0233  0.0232
  0.0247  0.0244  0.0238  0.0248  0.0249  0.0242  0.0245  0.0249  0.0242  0.0243  0.0238  0.0239
  0.0264  0.0260  0.0247  0.0283  0.0281  0.0288  0.0262  0.0275  0.0255  0.0261  0.0244  0.0250
niter,ni,del,rscale     4    3    5.0000    1.2000
parameters
    3.3145   11.0654    1.5903   -4.8403  -11.1082   -8.7461
   10.9049   19.5661  -13.4709   16.3054  -13.2221  -18.2816
eta,q 0.97695 13.25252
  0.0263  0.0259  0.0248  0.0276  0.0274  0.0274  0.0261  0.0272  0.0255  0.0259  0.0247  0.0250
  0.0245  0.0243  0.0238  0.0260  0.0255  0.0256  0.0245  0.0249  0.0242  0.0244  0.0236  0.0239
  0.0234  0.0234  0.0233  0.0244  0.0239  0.0241  0.0235  0.0235  0.0234  0.0234  0.0231  0.0233
  0.0231  0.0231  0.0231  0.0231  0.0231  0.0231  0.0231  0.0231  0.0231  0.0231  0.0231  0.0231
  0.0235  0.0234  0.0232  0.0231  0.0233  0.0225  0.0234  0.0234  0.0233  0.0233  0.0233  0.0232
  0.0246  0.0244  0.0238  0.0250  0.0249  0.0243  0.0244  0.0248  0.0242  0.0243  0.0238  0.0239
  0.0264  0.0259  0.0247  0.0286  0.0280  0.0288  0.0262  0.0275  0.0255  0.0261  0.0245  0.0250
niter,ni,del,rscale     3    3    5.0000    1.2000
parameters
    3.3166   11.0581    1.6077   -4.8404  -11.1094   -8.7543
   10.9189   19.5511  -13.4786   16.2922  -13.2264  -18.2273
eta,q 0.97694 13.25129
  0.0264  0.0259  0.0248  0.0276  0.0274  0.0274  0.0261  0.0272  0.0255  0.0259  0.0247  0.0250
  0.0245  0.0243  0.0238  0.0260  0.0255  0.0256  0.0245  0.0249  0.0242  0.0244  0.0236  0.0239
  0.0234  0.0234  0.0233  0.0243  0.0239  0.0241  0.0235  0.0235  0.0234  0.0234  0.0231  0.0233
  0.0231  0.0231  0.0231  0.0231  0.0231  0.0231  0.0231  0.0231  0.0231  0.0231  0.0231  0.0231
  0.0234  0.0234  0.0232  0.0231  0.0233  0.0226  0.0234  0.0234  0.0233  0.0233  0.0233  0.0232
  0.0246  0.0244  0.0238  0.0250  0.0249  0.0243  0.0245  0.0248  0.0242  0.0242  0.0238  0.0239
  0.0263  0.0259  0.0247  0.0286  0.0280  0.0288  0.0262  0.0274  0.0255  0.0261  0.0245  0.0250
registration optimization eta report
parameter search radius
    2.4000    2.4000    2.4000    8.2800    8.2800    8.2800
    7.2000    7.2000    7.2000    7.2000    7.2000    8.2800
100000*second partial in parameter space
       57.       49.       29.        7.        7.        8.
        6.        8.        5.        6.        3.        3.
  0.0264  0.0259  0.0248  0.0276  0.0274  0.0274  0.0261  0.0272  0.0255  0.0259  0.0247  0.0250
  0.0245  0.0243  0.0238  0.0260  0.0255  0.0256  0.0245  0.0249  0.0242  0.0244  0.0236  0.0239
  0.0234  0.0234  0.0233  0.0243  0.0239  0.0241  0.0235  0.0235  0.0234  0.0234  0.0231  0.0233
  0.0231  0.0231  0.0231  0.0231  0.0231  0.0231  0.0231  0.0231  0.0231  0.0231  0.0231  0.0231
  0.0234  0.0234  0.0232  0.0231  0.0233  0.0226  0.0234  0.0234  0.0233  0.0233  0.0233  0.0232
  0.0246  0.0244  0.0238  0.0250  0.0249  0.0243  0.0245  0.0248  0.0242  0.0242  0.0238  0.0239
  0.0263  0.0259  0.0247  0.0286  0.0280  0.0288  0.0262  0.0274  0.0255  0.0261  0.0245  0.0250
    3.3166   11.0581    1.6077   -4.8404  -11.1094   -8.7543
   10.9189   19.5511  -13.4786   16.2922  -13.2264  -18.2273
eta,q 0.97694 13.25129

---------------------------------------------------------------------
imgreg_4dfp /opt/freesurfer/average/711-2C_as_mni_average_305 /opt/freesurfer/average/711-2B_as_mni_average_305_mask talsrcimg_g11 none talsrcimg_to_711-2C_as_mni_average_305_t4 2311
---------------------------------------------------------------------

freesurfer imgreg_4dfp.c
/opt/freesurfer/average/711-2C_as_mni_average_305.4dfp.img
       256       256       256         1
  1.000000  1.000000  1.000000
orientation T byte_order littleendian
Reading image: /opt/freesurfer/average/711-2C_as_mni_average_305.4dfp.img
dimensions:      256       256       256
mmppix:       1.0000   -1.0000   -1.0000
center:     128.0000 -129.0000 -129.0000
/opt/freesurfer/average/711-2B_as_mni_average_305_mask.4dfp.img
       256       256       256         1
  1.000000  1.000000  1.000000
orientation T byte_order littleendian
Reading mask: /opt/freesurfer/average/711-2B_as_mni_average_305_mask.4dfp.img (2306576 pixels)
talsrcimg_g11.4dfp.img
       256       256       256         1
  1.000000  1.000000  1.000000
orientation T byte_order littleendian
Reading image: talsrcimg_g11.4dfp.img
dimensions:      256       256       256
mmppix:       1.0000   -1.0000   -1.0000
center:     128.0000 -129.0000 -129.0000
fimgreg.f
image alignment mode   2311 decimal      907 hex
parameters
    3.3166   11.0581    1.6077   -4.8404  -11.1094   -8.7543
   10.9189   19.5511  -13.4786   16.2922  -13.2264  -18.2273
eta,q 0.97694 13.25129
niter,ni,del,rscale     5    3    5.0000    0.8000
parameters
    3.3132   11.0448    1.6204   -3.8599  -10.7968   -7.4431
   10.7666   20.0020  -13.2223   16.1524  -12.9201  -18.8375
eta,q 0.97752 13.34159
  0.0246  0.0243  0.0238  0.0256  0.0247  0.0250  0.0241  0.0254  0.0239  0.0240  0.0236  0.0231
  0.0237  0.0236  0.0234  0.0246  0.0238  0.0241  0.0232  0.0241  0.0232  0.0232  0.0230  0.0227
  0.0232  0.0232  0.0232  0.0237  0.0232  0.0234  0.0227  0.0231  0.0227  0.0227  0.0226  0.0225
  0.0231  0.0231  0.0231  0.0231  0.0229  0.0229  0.0226  0.0226  0.0225  0.0225  0.0225  0.0225
  0.0232  0.0232  0.0231  0.0229  0.0229  0.0225  0.0228  0.0226  0.0226  0.0226  0.0226  0.0226
  0.0237  0.0237  0.0234  0.0233  0.0234  0.0226  0.0234  0.0233  0.0230  0.0232  0.0229  0.0230
  0.0246  0.0244  0.0238  0.0243  0.0244  0.0237  0.0243  0.0247  0.0237  0.0243  0.0233  0.0235
niter,ni,del,rscale     4    3    5.0000    0.7000
parameters
    3.1660   11.0273    1.5316   -3.8956  -10.7843   -7.2549
   10.5591   19.9627  -13.1208   16.2760  -12.8984  -19.1966
eta,q 0.97759 13.35253
  0.0236  0.0235  0.0231  0.0243  0.0238  0.0241  0.0236  0.0244  0.0235  0.0238  0.0232  0.0229
  0.0229  0.0229  0.0227  0.0235  0.0231  0.0234  0.0229  0.0234  0.0229  0.0231  0.0228  0.0226
  0.0225  0.0226  0.0225  0.0228  0.0227  0.0229  0.0225  0.0227  0.0226  0.0226  0.0225  0.0224
  0.0225  0.0225  0.0225  0.0225  0.0225  0.0225  0.0224  0.0224  0.0224  0.0224  0.0224  0.0224
  0.0227  0.0226  0.0226  0.0226  0.0226  0.0223  0.0226  0.0226  0.0225  0.0225  0.0225  0.0225
  0.0233  0.0230  0.0228  0.0233  0.0230  0.0228  0.0231  0.0233  0.0228  0.0229  0.0228  0.0227
  0.0241  0.0236  0.0233  0.0246  0.0239  0.0242  0.0238  0.0246  0.0234  0.0236  0.0232  0.0231
niter,ni,del,rscale     3    3    5.0000    0.6000
parameters
    3.1348   11.0686    1.4885   -3.8370  -10.7616   -7.0096
   10.4373   20.0452  -13.0489   16.3098  -12.9046  -19.4979
eta,q 0.97766 13.36483
  0.0234  0.0233  0.0229  0.0239  0.0234  0.0237  0.0232  0.0240  0.0231  0.0233  0.0230  0.0227
  0.0228  0.0228  0.0226  0.0232  0.0229  0.0232  0.0227  0.0232  0.0227  0.0228  0.0226  0.0225
  0.0225  0.0225  0.0225  0.0227  0.0225  0.0228  0.0224  0.0226  0.0225  0.0225  0.0224  0.0224
  0.0224  0.0224  0.0224  0.0224  0.0224  0.0224  0.0223  0.0223  0.0223  0.0223  0.0223  0.0223
  0.0226  0.0225  0.0225  0.0225  0.0225  0.0223  0.0225  0.0225  0.0224  0.0224  0.0224  0.0224
  0.0229  0.0227  0.0227  0.0230  0.0228  0.0227  0.0228  0.0230  0.0227  0.0228  0.0226  0.0226
  0.0235  0.0232  0.0230  0.0239  0.0235  0.0237  0.0234  0.0240  0.0231  0.0233  0.0230  0.0229
niter,ni,del,rscale     2    3    5.0000    0.5000
parameters
    3.1178   11.0944    1.4638   -3.8121  -10.7647   -6.7688
   10.3279   20.1271  -12.9918   16.3156  -12.9107  -19.7457
eta,q 0.97771 13.37383
  0.0230  0.0229  0.0227  0.0234  0.0231  0.0234  0.0229  0.0235  0.0229  0.0230  0.0228  0.0226
  0.0227  0.0226  0.0225  0.0229  0.0227  0.0230  0.0226  0.0229  0.0225  0.0226  0.0225  0.0224
  0.0224  0.0224  0.0224  0.0225  0.0224  0.0226  0.0224  0.0225  0.0224  0.0224  0.0223  0.0223
  0.0223  0.0223  0.0223  0.0223  0.0223  0.0223  0.0223  0.0223  0.0223  0.0223  0.0223  0.0223
  0.0224  0.0224  0.0224  0.0224  0.0224  0.0223  0.0224  0.0224  0.0223  0.0224  0.0224  0.0224
  0.0227  0.0226  0.0225  0.0228  0.0227  0.0225  0.0226  0.0228  0.0225  0.0226  0.0225  0.0225
  0.0231  0.0229  0.0228  0.0235  0.0231  0.0233  0.0230  0.0235  0.0228  0.0230  0.0227  0.0227
niter,ni,del,rscale     1    3    5.0000    0.4000
parameters
    3.1077   11.1140    1.4511   -3.8127  -10.7747   -6.5485
   10.2291   20.1890  -12.9365   16.3209  -12.9100  -19.9272
eta,q 0.97774 13.38037
  0.0228  0.0227  0.0226  0.0230  0.0228  0.0231  0.0227  0.0231  0.0226  0.0227  0.0226  0.0225
  0.0225  0.0225  0.0224  0.0226  0.0225  0.0227  0.0224  0.0227  0.0224  0.0225  0.0224  0.0223
  0.0223  0.0223  0.0223  0.0224  0.0223  0.0225  0.0223  0.0224  0.0223  0.0223  0.0223  0.0223
  0.0223  0.0223  0.0223  0.0223  0.0223  0.0223  0.0223  0.0223  0.0223  0.0223  0.0223  0.0223
  0.0223  0.0223  0.0223  0.0224  0.0223  0.0223  0.0223  0.0223  0.0223  0.0223  0.0223  0.0223
  0.0225  0.0224  0.0224  0.0226  0.0225  0.0224  0.0225  0.0226  0.0224  0.0225  0.0224  0.0224
  0.0228  0.0226  0.0226  0.0231  0.0228  0.0229  0.0227  0.0230  0.0226  0.0227  0.0226  0.0225
registration optimization eta report
parameter search radius
    0.8000    0.8000    0.8000    2.4000    2.4000    2.4000
    2.4000    2.4000    2.4000    2.4000    2.4000    2.4000
100000*second partial in parameter space
       74.       58.       44.       13.        8.       12.
        8.       14.        6.        8.        5.        4.
  0.0228  0.0227  0.0226  0.0230  0.0228  0.0231  0.0227  0.0231  0.0226  0.0227  0.0226  0.0225
  0.0225  0.0225  0.0224  0.0226  0.0225  0.0227  0.0224  0.0227  0.0224  0.0225  0.0224  0.0223
  0.0223  0.0223  0.0223  0.0224  0.0223  0.0225  0.0223  0.0224  0.0223  0.0223  0.0223  0.0223
  0.0223  0.0223  0.0223  0.0223  0.0223  0.0223  0.0223  0.0223  0.0223  0.0223  0.0223  0.0223
  0.0223  0.0223  0.0223  0.0224  0.0223  0.0223  0.0223  0.0223  0.0223  0.0223  0.0223  0.0223
  0.0225  0.0224  0.0224  0.0226  0.0225  0.0224  0.0225  0.0226  0.0224  0.0225  0.0224  0.0224
  0.0228  0.0226  0.0226  0.0231  0.0228  0.0229  0.0227  0.0230  0.0226  0.0227  0.0226  0.0225
    3.1077   11.1140    1.4511   -3.8127  -10.7747   -6.5485
   10.2291   20.1890  -12.9365   16.3209  -12.9100  -19.9272
eta,q 0.97774 13.38037

---------------------------------------------------------------------
imgreg_4dfp /opt/freesurfer/average/711-2C_as_mni_average_305 /opt/freesurfer/average/711-2B_as_mni_average_305_mask talsrcimg_g11 none talsrcimg_to_711-2C_as_mni_average_305_t4 2311
---------------------------------------------------------------------

freesurfer imgreg_4dfp.c
/opt/freesurfer/average/711-2C_as_mni_average_305.4dfp.img
       256       256       256         1
  1.000000  1.000000  1.000000
orientation T byte_order littleendian
Reading image: /opt/freesurfer/average/711-2C_as_mni_average_305.4dfp.img
dimensions:      256       256       256
mmppix:       1.0000   -1.0000   -1.0000
center:     128.0000 -129.0000 -129.0000
/opt/freesurfer/average/711-2B_as_mni_average_305_mask.4dfp.img
       256       256       256         1
  1.000000  1.000000  1.000000
orientation T byte_order littleendian
Reading mask: /opt/freesurfer/average/711-2B_as_mni_average_305_mask.4dfp.img (2306576 pixels)
talsrcimg_g11.4dfp.img
       256       256       256         1
  1.000000  1.000000  1.000000
orientation T byte_order littleendian
Reading image: talsrcimg_g11.4dfp.img
dimensions:      256       256       256
mmppix:       1.0000   -1.0000   -1.0000
center:     128.0000 -129.0000 -129.0000
fimgreg.f
image alignment mode   2311 decimal      907 hex
parameters
    3.1077   11.1140    1.4511   -3.8127  -10.7747   -6.5485
   10.2291   20.1890  -12.9365   16.3209  -12.9100  -19.9272
eta,q 0.97774 13.38037
niter,ni,del,rscale     5    3    5.0000    0.8000
parameters
    3.1011   11.1273    1.4737   -4.1740  -10.8998   -7.1547
   10.3174   19.9138  -13.0690   16.5529  -12.9055  -19.5508
eta,q 0.97759 13.35122
  0.0241  0.0237  0.0235  0.0245  0.0240  0.0242  0.0241  0.0247  0.0236  0.0242  0.0235  0.0234
  0.0231  0.0229  0.0228  0.0234  0.0231  0.0234  0.0232  0.0235  0.0230  0.0233  0.0229  0.0228
  0.0225  0.0224  0.0224  0.0226  0.0225  0.0227  0.0226  0.0227  0.0226  0.0227  0.0225  0.0225
  0.0223  0.0223  0.0223  0.0223  0.0223  0.0223  0.0224  0.0224  0.0224  0.0224  0.0224  0.0224
  0.0225  0.0224  0.0224  0.0226  0.0225  0.0225  0.0226  0.0227  0.0226  0.0225  0.0225  0.0225
  0.0231  0.0229  0.0228  0.0237  0.0231  0.0238  0.0231  0.0238  0.0230  0.0230  0.0229  0.0227
  0.0242  0.0237  0.0234  0.0256  0.0243  0.0263  0.0240  0.0255  0.0238  0.0239  0.0234  0.0231
niter,ni,del,rscale     4    3    5.0000    0.7000
parameters
    3.1290   11.1314    1.4514   -3.9356  -10.8124   -7.1917
   10.3709   19.9929  -13.0584   16.4656  -12.8796  -19.5334
eta,q 0.97762 13.35755
  0.0238  0.0235  0.0232  0.0245  0.0238  0.0240  0.0237  0.0245  0.0234  0.0236  0.0232  0.0230
  0.0231  0.0229  0.0227  0.0236  0.0231  0.0234  0.0230  0.0235  0.0229  0.0229  0.0227  0.0227
  0.0226  0.0225  0.0225  0.0228  0.0226  0.0228  0.0226  0.0227  0.0225  0.0225  0.0225  0.0224
  0.0224  0.0224  0.0224  0.0224  0.0224  0.0224  0.0224  0.0224  0.0224  0.0224  0.0224  0.0224
  0.0226  0.0225  0.0225  0.0225  0.0225  0.0223  0.0225  0.0225  0.0225  0.0225  0.0225  0.0225
  0.0230  0.0229  0.0228  0.0231  0.0229  0.0230  0.0229  0.0232  0.0228  0.0230  0.0228  0.0227
  0.0237  0.0235  0.0232  0.0242  0.0238  0.0246  0.0237  0.0245  0.0234  0.0238  0.0232  0.0230
niter,ni,del,rscale     3    3    5.0000    0.6000
parameters
    3.1187   11.1098    1.4416   -3.8397  -10.7771   -6.9883
   10.3368   20.0603  -13.0173   16.3949  -12.8740  -19.6664
eta,q 0.97767 13.36699
  0.0234  0.0232  0.0229  0.0239  0.0234  0.0237  0.0233  0.0240  0.0231  0.0233  0.0230  0.0228
  0.0228  0.0227  0.0226  0.0232  0.0229  0.0232  0.0228  0.0232  0.0227  0.0228  0.0226  0.0225
  0.0225  0.0225  0.0224  0.0227  0.0225  0.0227  0.0224  0.0226  0.0224  0.0224  0.0224  0.0224
  0.0224  0.0224  0.0224  0.0224  0.0224  0.0224  0.0223  0.0223  0.0223  0.0223  0.0223  0.0223
  0.0225  0.0225  0.0225  0.0225  0.0225  0.0223  0.0225  0.0225  0.0224  0.0224  0.0224  0.0224
  0.0229  0.0228  0.0226  0.0230  0.0228  0.0227  0.0228  0.0230  0.0227  0.0228  0.0226  0.0226
  0.0234  0.0232  0.0230  0.0239  0.0234  0.0238  0.0233  0.0240  0.0231  0.0234  0.0230  0.0228
niter,ni,del,rscale     2    3    5.0000    0.5000
parameters
    3.1095   11.1134    1.4403   -3.8081  -10.7712   -6.7580
   10.2734   20.1248  -12.9765   16.3614  -12.8878  -19.8339
eta,q 0.97772 13.37493
  0.0231  0.0229  0.0228  0.0234  0.0231  0.0234  0.0229  0.0235  0.0228  0.0230  0.0228  0.0226
  0.0226  0.0226  0.0225  0.0229  0.0227  0.0230  0.0226  0.0229  0.0225  0.0226  0.0225  0.0224
  0.0224  0.0224  0.0224  0.0225  0.0224  0.0226  0.0224  0.0225  0.0224  0.0224  0.0223  0.0223
  0.0223  0.0223  0.0223  0.0223  0.0223  0.0223  0.0223  0.0223  0.0223  0.0223  0.0223  0.0223
  0.0224  0.0224  0.0224  0.0224  0.0224  0.0223  0.0224  0.0224  0.0223  0.0224  0.0223  0.0223
  0.0227  0.0226  0.0225  0.0228  0.0227  0.0226  0.0226  0.0228  0.0225  0.0226  0.0225  0.0225
  0.0231  0.0229  0.0227  0.0235  0.0231  0.0233  0.0230  0.0235  0.0228  0.0230  0.0228  0.0227
niter,ni,del,rscale     1    3    5.0000    0.4000
parameters
    3.1002   11.1208    1.4436   -3.8068  -10.7778   -6.5422
   10.2098   20.1845  -12.9304   16.3403  -12.8921  -19.9582
eta,q 0.97774 13.38090
  0.0227  0.0227  0.0226  0.0230  0.0228  0.0231  0.0227  0.0231  0.0226  0.0227  0.0226  0.0225
  0.0225  0.0225  0.0224  0.0226  0.0225  0.0227  0.0224  0.0227  0.0224  0.0225  0.0224  0.0223
  0.0223  0.0223  0.0223  0.0224  0.0223  0.0225  0.0223  0.0224  0.0223  0.0223  0.0223  0.0223
  0.0223  0.0223  0.0223  0.0223  0.0223  0.0223  0.0223  0.0223  0.0223  0.0223  0.0223  0.0223
  0.0223  0.0223  0.0223  0.0224  0.0223  0.0222  0.0223  0.0223  0.0223  0.0223  0.0223  0.0223
  0.0225  0.0224  0.0224  0.0226  0.0225  0.0224  0.0225  0.0226  0.0224  0.0225  0.0224  0.0224
  0.0228  0.0227  0.0226  0.0230  0.0228  0.0229  0.0227  0.0231  0.0226  0.0227  0.0226  0.0225
registration optimization eta report
parameter search radius
    0.8000    0.8000    0.8000    2.4000    2.4000    2.4000
    2.4000    2.4000    2.4000    2.4000    2.4000    2.4000
100000*second partial in parameter space
       74.       59.       44.       13.        9.       12.
        8.       14.        6.        8.        5.        4.
  0.0227  0.0227  0.0226  0.0230  0.0228  0.0231  0.0227  0.0231  0.0226  0.0227  0.0226  0.0225
  0.0225  0.0225  0.0224  0.0226  0.0225  0.0227  0.0224  0.0227  0.0224  0.0225  0.0224  0.0223
  0.0223  0.0223  0.0223  0.0224  0.0223  0.0225  0.0223  0.0224  0.0223  0.0223  0.0223  0.0223
  0.0223  0.0223  0.0223  0.0223  0.0223  0.0223  0.0223  0.0223  0.0223  0.0223  0.0223  0.0223
  0.0223  0.0223  0.0223  0.0224  0.0223  0.0222  0.0223  0.0223  0.0223  0.0223  0.0223  0.0223
  0.0225  0.0224  0.0224  0.0226  0.0225  0.0224  0.0225  0.0226  0.0224  0.0225  0.0224  0.0224
  0.0228  0.0227  0.0226  0.0230  0.0228  0.0229  0.0227  0.0231  0.0226  0.0227  0.0226  0.0225
    3.1002   11.1208    1.4436   -3.8068  -10.7778   -6.5422
   10.2098   20.1845  -12.9304   16.3403  -12.8921  -19.9582
eta,q 0.97774 13.38090

---------------------------------------------------------------------
compute_vox2vox talsrcimg talsrcimg_to_711-2C_as_mni_average_305_t4 /opt/freesurfer/average/711-2C_as_mni_average_305
---------------------------------------------------------------------

freesurfer compute_vox2vox.c
Reading: talsrcimg.4dfp.ifh
Reading: talsrcimg_to_711-2C_as_mni_average_305_t4
Reading: /opt/freesurfer/average/711-2C_as_mni_average_305.4dfp.ifh
Writing: talsrcimg_to_711-2C_as_mni_average_305_t4_vox2vox.txt

start time Thu Mar 12 14:41:26 CET 2026
end		time Thu Mar 12 14:42:54 CET 2026

mpr2mni305 success

avi2talxfm orig_nu.mgz /opt/freesurfer/average/mni305.cor.mgz talsrcimg_to_711-2C_as_mni_average_305_t4_vox2vox.txt transforms/talairach.auto.xfm
avi2talxfm done
mv -f /out/sourcedata/freesurfer/sub-v1s20x0050274_ses-1/mri/talsrcimg_to_711-2C_as_mni_average_305_t4_vox2vox.txt /out/sourcedata/freesurfer/sub-v1s20x0050274_ses-1/mri/transforms/talsrcimg_to_711-2C_as_mni_average_305_t4_vox2vox.txt
lta_convert --src orig_nu.mgz --trg /opt/freesurfer/average/mni305.cor.mgz --inxfm transforms/talairach.auto.xfm --outlta transforms/talairach.auto.xfm.lta --subject fsaverage
7.3.2

--src: orig_nu.mgz src image (geometry).
--trg: /opt/freesurfer/average/mni305.cor.mgz trg image (geometry).
--inmni: transforms/talairach.auto.xfm input MNI/XFM transform.
--outlta: transforms/talairach.auto.xfm.lta output LTA.
--s: fsaverage subject name
 LTA read, type : 1
 0.99354  -0.18737  -0.15561  -1.79059;
 0.16149   0.99927   0.20505  -4.93939;
 0.11441  -0.21016   1.06069  -12.56256;
 0.00000   0.00000   0.00000   1.00000;
setting subject to fsaverage
Writing  LTA to file transforms/talairach.auto.xfm.lta...
lta_convert successful.
 
 
Started at Thu Mar 12 14:41:26 CET 2026
Ended   at Thu Mar 12 14:42:54 CET 2026
talairach_avi done
