status file for recon-all
Thu Mar 12 20:43:02 CET 2026
#@# Tessellate lh Thu Mar 12 20:43:02 CET 2026
#@# Smooth1 lh Thu Mar 12 20:43:05 CET 2026
#@# Inflation1 lh Thu Mar 12 20:43:06 CET 2026
#@# QSphere lh Thu Mar 12 20:43:18 CET 2026
#@# Fix Topology lh Thu Mar 12 20:44:11 CET 2026
#@# Smooth2 lh Thu Mar 12 20:49:05 CET 2026
#@# Inflation2 lh Thu Mar 12 20:49:06 CET 2026
#@# Curv .H and .K lh Thu Mar 12 20:49:18 CET 2026
#@# Sphere lh Thu Mar 12 20:49:51 CET 2026
#@# Surf Reg lh Thu Mar 12 20:51:57 CET 2026
#@# Jacobian white lh Thu Mar 12 20:55:40 CET 2026
#@# AvgCurv lh Thu Mar 12 20:55:40 CET 2026
#@# Cortical Parc lh Thu Mar 12 20:55:41 CET 2026
#@# white curv lh Thu Mar 12 21:00:49 CET 2026
#@# white area lh Thu Mar 12 21:00:51 CET 2026
#@# pial curv lh Thu Mar 12 21:00:51 CET 2026
#@# pial area lh Thu Mar 12 21:00:53 CET 2026
#@# thickness lh Thu Mar 12 21:00:53 CET 2026
#@# area and vertex vol lh Thu Mar 12 21:01:09 CET 2026
#@# Curvature Stats lh Thu Mar 12 21:01:11 CET 2026
#@# Cortical Parc 2 lh Thu Mar 12 21:01:12 CET 2026
#@# Cortical Parc 3 lh Thu Mar 12 21:01:22 CET 2026
#@# WM/GM Contrast lh Thu Mar 12 21:01:28 CET 2026
recon-all -s sub-v1s20x0050375_ses-1 finished without error at Thu Mar 12 21:01:31 CET 2026



#New# invocation of recon-all 



status file for recon-all
Thu Mar 12 21:23:25 CET 2026
#@# white curv lh Thu Mar 12 21:23:25 CET 2026
#@# white area lh Thu Mar 12 21:23:25 CET 2026
#@# pial curv lh Thu Mar 12 21:23:25 CET 2026
#@# pial area lh Thu Mar 12 21:23:25 CET 2026
#@# thickness lh Thu Mar 12 21:23:25 CET 2026
#@# area and vertex vol lh Thu Mar 12 21:23:25 CET 2026
#@# Parcellation Stats lh Thu Mar 12 21:23:25 CET 2026
#@# Parcellation Stats 2 lh Thu Mar 12 21:23:37 CET 2026
#@# Parcellation Stats 3 lh Thu Mar 12 21:23:44 CET 2026
#@# BA_exvivo Labels lh Thu Mar 12 21:23:50 CET 2026
recon-all -s sub-v1s20x0050375_ses-1 finished without error at Thu Mar 12 21:25:46 CET 2026
