/out/sourcedata/freesurfer/sub-v1s20x0050339_ses-1/mri
/opt/freesurfer/bin/talairach_avi
--i orig_nu.mgz --xfm transforms/talairach.auto.xfm
talairach_avi 7.3.2
Linux dna070 5.14.0-427.37.1.el9_4.x86_64 #1 SMP PREEMPT_DYNAMIC Fri Sep 13 12:41:50 EDT 2024 x86_64 x86_64 x86_64 GNU/Linux
Mon Mar  9 08:47:36 CET 2026
mri_convert orig_nu.mgz talsrcimg.img 
reading from orig_nu.mgz...
TR=0.00, TE=0.00, TI=0.00, flip angle=0.00
i_ras = (-1, 0, 0)
j_ras = (0, 0, -1)
k_ras = (0, 1, 0)
writing to talsrcimg.img...
Analyze Output Matrix
-1.00000   0.00000   0.00000   129.50778;
 0.00000   0.00000   1.00000  -128.49219;
 0.00000  -1.00000   0.00000   129.70001;
 0.00000   0.00000   0.00000   1.00000;
--------------------
INFO: set hdr.hist.orient to -1
mpr2mni305 talsrcimg
Mon Mar  9 08:47:36 CET 2026
/opt/freesurfer/bin/mpr2mni305 talsrcimg
mpr2mni305 7.3.2
target=711-2C_as_mni_average_305

---------------------------------------------------------------------
analyzeto4dfp talsrcimg -O0 -y
---------------------------------------------------------------------

freesurfer ifh2hdr.c
Mon Mar  9 08:47:36 2026
Writing: talsrcimg.4dfp.hdr
freesurfer analyzeto4dfp.c
Reading: talsrcimg.hdr
header size 348 bytes
hdr.dime.datatype	offset=70	value=2
hdr.dime.bitpix		offset=72	value=8
hdr.hist.orient		offset=252	value=-1
dimensionality     4
dimensions       256       256       256         1
Reading: talsrcimg.img
Writing: talsrcimg.4dfp.img
Writing: talsrcimg.4dfp.ifh
ifh2hdr talsrcimg -r0to252
ori=2

---------------------------------------------------------------------
gauss_4dfp talsrcimg 1.1
---------------------------------------------------------------------

freesurfer gauss_4dfp.c
Reading: talsrcimg.4dfp.img
Writing: talsrcimg_g11.4dfp.img
image dimensions 256 256 256 padded to 288 288 288
processing volume 1freesurfer ifh2hdr.c
Mon Mar  9 08:47:38 2026
Writing: talsrcimg_g11.4dfp.hdr

Writing: talsrcimg_g11.4dfp.ifh
including: talsrcimg.4dfp.img.rec in talsrcimg_g11.4dfp.img.rec

---------------------------------------------------------------------
imgreg_4dfp /opt/freesurfer/average/711-2C_as_mni_average_305 none talsrcimg_g11 none talsrcimg_to_711-2C_as_mni_average_305_t4 4355
---------------------------------------------------------------------

freesurfer imgreg_4dfp.c
/opt/freesurfer/average/711-2C_as_mni_average_305.4dfp.img
       256       256       256         1
  1.000000  1.000000  1.000000
orientation T byte_order littleendian
Reading image: /opt/freesurfer/average/711-2C_as_mni_average_305.4dfp.img
dimensions:      256       256       256
mmppix:       1.0000   -1.0000   -1.0000
center:     128.0000 -129.0000 -129.0000
talsrcimg_g11.4dfp.img
       256       256       256         1
  1.000000  1.000000  1.000000
orientation T byte_order littleendian
Reading image: talsrcimg_g11.4dfp.img
dimensions:      256       256       256
mmppix:       1.0000   -1.0000   -1.0000
center:     128.0000 -129.0000 -129.0000
t4_read: open error in t4_sub.f l:  41 t4_file(1:l)talsrcimg_to_711-2C_as_mni_average_305_t4 
t4_read: transform initialized to I4
rotation matrix determinant  1.000000
image alignment mode   4355 decimal     1103 hex
   -7.5000  -45.0000  -45.0000 7363.0957   15.7078
    0.0000  -45.0000  -45.0000 7667.4312   15.7389
    7.5000  -45.0000  -45.0000 7305.8945   15.7552
   -7.5000  -37.5000  -45.0000 7924.2026   15.6939
    0.0000  -37.5000  -45.0000 8260.2900   15.7284
    7.5000  -37.5000  -45.0000 7857.6406   15.7420
   -7.5000  -30.0000  -45.0000 8714.4365   15.6720
    0.0000  -30.0000  -45.0000 9087.8076   15.7070
    7.5000  -30.0000  -45.0000 8629.1777   15.7241
   -7.5000  -22.5000  -45.0000 9399.2695   15.6603
    0.0000  -22.5000  -45.0000 9808.6631   15.6917
    7.5000  -22.5000  -45.0000 9305.7158   15.7153
   -7.5000  -15.0000  -45.0000 9997.0527   15.6664
    0.0000  -15.0000  -45.000010416.4033   15.6944
    7.5000  -15.0000  -45.0000 9908.9004   15.7221
   -7.5000   -7.5000  -45.000010559.2549   15.6919
    0.0000   -7.5000  -45.000011007.1055   15.7202
    7.5000   -7.5000  -45.000010495.6631   15.7441
   -7.5000    0.0000  -45.000011085.7754   15.7078
    0.0000    0.0000  -45.000011545.2002   15.7389
    7.5000    0.0000  -45.000011012.5205   15.7552
   -7.5000    7.5000  -45.000010893.4238   15.6939
    0.0000    7.5000  -45.000011334.5811   15.7284
    7.5000    7.5000  -45.000010773.3945   15.7420
   -7.5000   15.0000  -45.000010569.5283   15.6720
    0.0000   15.0000  -45.000011010.4395   15.7070
    7.5000   15.0000  -45.000010449.8525   15.7241
   -7.5000   22.5000  -45.000010010.5068   15.6582
    0.0000   22.5000  -45.000010411.8555   15.6895
    7.5000   22.5000  -45.0000 9876.4551   15.7131
   -7.5000   30.0000  -45.0000 9292.4414   15.4577
    0.0000   30.0000  -45.0000 9659.1006   15.4853
    7.5000   30.0000  -45.0000 9151.5469   15.5126
   -7.5000   37.5000  -45.0000 8807.9502   15.4828
    0.0000   37.5000  -45.0000 9177.3994   15.5107
    7.5000   37.5000  -45.0000 8677.3652   15.5342
   -7.5000   45.0000  -45.0000 8048.5503   15.1049
    0.0000   45.0000  -45.0000 8404.5869   15.1349
    7.5000   45.0000  -45.0000 7953.8735   15.1505
   -7.5000  -45.0000  -37.5000 7946.2021   15.5428
    0.0000  -45.0000  -37.5000 8255.8203   15.5799
    7.5000  -45.0000  -37.5000 7860.9878   15.6001
   -7.5000  -37.5000  -37.5000 8539.9600   15.5338
    0.0000  -37.5000  -37.5000 8879.8516   15.5720
    7.5000  -37.5000  -37.5000 8447.2715   15.5901
   -7.5000  -30.0000  -37.5000 9376.8789   15.5249
    0.0000  -30.0000  -37.5000 9764.4648   15.5617
    7.5000  -30.0000  -37.5000 9266.1768   15.5808
   -7.5000  -22.5000  -37.500010091.7822   15.5197
    0.0000  -22.5000  -37.500010504.8604   15.5537
    7.5000  -22.5000  -37.5000 9957.1699   15.5774
   -7.5000  -15.0000  -37.500010692.0557   15.5209
    0.0000  -15.0000  -37.500011130.3193   15.5537
    7.5000  -15.0000  -37.500010582.5518   15.5810
   -7.5000   -7.5000  -37.500011293.0117   15.5349
    0.0000   -7.5000  -37.500011743.2207   15.5695
    7.5000   -7.5000  -37.500011191.5693   15.5944
   -7.5000    0.0000  -37.500011878.8037   15.5428
    0.0000    0.0000  -37.500012337.7334   15.5799
    7.5000    0.0000  -37.500011750.1768   15.6001
   -7.5000    7.5000  -37.500011669.2705   15.5338
    0.0000    7.5000  -37.500012131.6201   15.5720
    7.5000    7.5000  -37.500011520.2090   15.5901
   -7.5000   15.0000  -37.500011288.4131   15.5249
    0.0000   15.0000  -37.500011738.4531   15.5617
    7.5000   15.0000  -37.500011143.1348   15.5808
   -7.5000   22.5000  -37.500010638.2627   15.5176
    0.0000   22.5000  -37.500011046.8643   15.5515
    7.5000   22.5000  -37.500010477.3105   15.5752
   -7.5000   30.0000  -37.5000 9842.1973   15.3141
    0.0000   30.0000  -37.500010209.7100   15.3464
    7.5000   30.0000  -37.5000 9686.3252   15.3734
   -7.5000   37.5000  -37.5000 9319.3281   15.3279
    0.0000   37.5000  -37.5000 9689.6182   15.3621
    7.5000   37.5000  -37.5000 9202.9941   15.3866
   -7.5000   45.0000  -37.5000 8495.3340   14.9462
    0.0000   45.0000  -37.5000 8855.3252   14.9819
    7.5000   45.0000  -37.5000 8403.9570   15.0014
   -7.5000  -45.0000  -30.0000 8695.8145   16.1007
    0.0000  -45.0000  -30.0000 9044.6211   16.1417
    7.5000  -45.0000  -30.0000 8595.3584   16.1641
   -7.5000  -37.5000  -30.0000 9316.0762   16.0894
    0.0000  -37.5000  -30.0000 9704.7061   16.1280
    7.5000  -37.5000  -30.0000 9212.5342   16.1496
   -7.5000  -30.0000  -30.000010192.1953   16.0936
    0.0000  -30.0000  -30.000010609.2930   16.1310
    7.5000  -30.0000  -30.000010096.2129   16.1521
   -7.5000  -22.5000  -30.000010966.1113   16.1052
    0.0000  -22.5000  -30.000011413.6016   16.1431
    7.5000  -22.5000  -30.000010850.4033   16.1660
   -7.5000  -15.0000  -30.000011615.2773   16.1110
    0.0000  -15.0000  -30.000012084.8711   16.1509
    7.5000  -15.0000  -30.000011511.0449   16.1755
   -7.5000   -7.5000  -30.000012266.0820   16.1107
    0.0000   -7.5000  -30.000012728.8662   16.1524
    7.5000   -7.5000  -30.000012155.2715   16.1761
   -7.5000    0.0000  -30.000012882.7861   16.1007
    0.0000    0.0000  -30.000013362.8193   16.1417
    7.5000    0.0000  -30.000012728.6074   16.1641
   -7.5000    7.5000  -30.000012617.5342   16.0894
    0.0000    7.5000  -30.000013097.0586   16.1280
    7.5000    7.5000  -30.000012470.3594   16.1496
   -7.5000   15.0000  -30.000012176.1963   16.0936
    0.0000   15.0000  -30.000012638.6416   16.1310
    7.5000   15.0000  -30.000012039.9111   16.1521
   -7.5000   22.5000  -30.000011447.5625   16.1013
    0.0000   22.5000  -30.000011849.5771   16.1393
    7.5000   22.5000  -30.000011304.3350   16.1622
   -7.5000   30.0000  -30.000010578.6709   15.8978
    0.0000   30.0000  -30.000010944.1729   15.9371
    7.5000   30.0000  -30.000010455.9023   15.9615
   -7.5000   37.5000  -30.000010035.7021   15.8975
    0.0000   37.5000  -30.000010407.2402   15.9387
    7.5000   37.5000  -30.0000 9925.6514   15.9620
   -7.5000   45.0000  -30.0000 9125.9062   15.4941
    0.0000   45.0000  -30.0000 9476.4863   15.5336
    7.5000   45.0000  -30.0000 9037.5234   15.5552
   -7.5000  -45.0000  -22.5000 9457.9141   16.6403
    0.0000  -45.0000  -22.5000 9836.2168   16.6784
    7.5000  -45.0000  -22.5000 9336.8623   16.6993
   -7.5000  -37.5000  -22.500010142.5752   16.6214
    0.0000  -37.5000  -22.500010547.0352   16.6562
    7.5000  -37.5000  -22.500010024.0947   16.6766
   -7.5000  -30.0000  -22.500011094.7217   16.6235
    0.0000  -30.0000  -22.500011526.2070   16.6592
    7.5000  -30.0000  -22.500010977.0410   16.6803
   -7.5000  -22.5000  -22.500011930.8125   16.6436
    0.0000  -22.5000  -22.500012396.8213   16.6822
    7.5000  -22.5000  -22.500011790.8164   16.7047
   -7.5000  -15.0000  -22.500012659.6738   16.6594
    0.0000  -15.0000  -22.500013146.3125   16.7005
    7.5000  -15.0000  -22.500012515.3213   16.7240
   -7.5000   -7.5000  -22.500013348.4785   16.6581
    0.0000   -7.5000  -22.500013856.2109   16.6998
    7.5000   -7.5000  -22.500013202.1104   16.7222
   -7.5000    0.0000  -22.500013962.6123   16.6403
    0.0000    0.0000  -22.500014491.5342   16.6784
    7.5000    0.0000  -22.500013785.4756   16.6993
   -7.5000    7.5000  -22.500013643.7852   16.6214
    0.0000    7.5000  -22.500014140.8652   16.6562
    7.5000    7.5000  -22.500013478.5137   16.6766
   -7.5000   15.0000  -22.500013136.8223   16.6235
    0.0000   15.0000  -22.500013615.0332   16.6592
    7.5000   15.0000  -22.500013006.6035   16.6803
   -7.5000   22.5000  -22.500012308.3613   16.6385
    0.0000   22.5000  -22.500012718.6562   16.6770
    7.5000   22.5000  -22.500012192.5254   16.6996
   -7.5000   30.0000  -22.500011377.6016   16.4415
    0.0000   30.0000  -22.500011745.1738   16.4820
    7.5000   30.0000  -22.500011269.5186   16.5052
   -7.5000   37.5000  -22.500010776.3291   16.4402
    0.0000   37.5000  -22.500011137.4688   16.4814
    7.5000   37.5000  -22.500010681.9082   16.5035
   -7.5000   45.0000  -22.5000 9757.6572   16.0254
    0.0000   45.0000  -22.500010090.7412   16.0622
    7.5000   45.0000  -22.5000 9660.4893   16.0823
   -7.5000  -45.0000  -15.000010225.3467   17.0474
    0.0000  -45.0000  -15.000010639.0498   17.0795
    7.5000  -45.0000  -15.000010094.6377   17.0970
   -7.5000  -37.5000  -15.000010985.9570   17.0226
    0.0000  -37.5000  -15.000011430.2490   17.0531
    7.5000  -37.5000  -15.000010834.5762   17.0688
   -7.5000  -30.0000  -15.000012035.2002   17.0115
    0.0000  -30.0000  -15.000012518.4844   17.0449
    7.5000  -30.0000  -15.000011882.3369   17.0630
   -7.5000  -22.5000  -15.000012934.7607   17.0262
    0.0000  -22.5000  -15.000013438.2344   17.0618
    7.5000  -22.5000  -15.000012765.2686   17.0837
   -7.5000  -15.0000  -15.000013713.6973   17.0479
    0.0000  -15.0000  -15.000014266.4805   17.0847
    7.5000  -15.0000  -15.000013542.8584   17.1088
   -7.5000   -7.5000  -15.000014460.6650   17.0580
    0.0000   -7.5000  -15.000015035.1699   17.0941
    7.5000   -7.5000  -15.000014257.4893   17.1162
   -7.5000    0.0000  -15.000015102.3848   17.0474
    0.0000    0.0000  -15.000015710.9062   17.0795
    7.5000    0.0000  -15.000014896.3975   17.0970
   -7.5000    7.5000  -15.000014721.7588   17.0226
    0.0000    7.5000  -15.000015291.6064   17.0531
    7.5000    7.5000  -15.000014516.9697   17.0688
   -7.5000   15.0000  -15.000014124.1006   17.0115
    0.0000   15.0000  -15.000014650.8672   17.0449
    7.5000   15.0000  -15.000013960.8467   17.0630
   -7.5000   22.5000  -15.000013204.3223   17.0202
    0.0000   22.5000  -15.000013616.1064   17.0558
    7.5000   22.5000  -15.000013077.1748   17.0776
   -7.5000   30.0000  -15.000012192.1445   16.8273
    0.0000   30.0000  -15.000012571.7070   16.8636
    7.5000   30.0000  -15.000012108.5332   16.8874
   -7.5000   37.5000  -15.000011535.1514   16.8372
    0.0000   37.5000  -15.000011891.8760   16.8729
    7.5000   37.5000  -15.000011438.8154   16.8947
   -7.5000   45.0000  -15.000010404.8438   16.4274
    0.0000   45.0000  -15.000010752.5342   16.4584
    7.5000   45.0000  -15.000010317.4873   16.4752
   -7.5000  -45.0000   -7.500011052.1016   17.2720
    0.0000  -45.0000   -7.500011484.2109   17.3020
    7.5000  -45.0000   -7.500010870.7646   17.3187
   -7.5000  -37.5000   -7.500011855.4355   17.2504
    0.0000  -37.5000   -7.500012331.4160   17.2815
    7.5000  -37.5000   -7.500011666.9287   17.2947
   -7.5000  -30.0000   -7.500013021.2930   17.2266
    0.0000  -30.0000   -7.500013569.2031   17.2598
    7.5000  -30.0000   -7.500012826.4824   17.2762
   -7.5000  -22.5000   -7.500013999.4434   17.2238
    0.0000  -22.5000   -7.500014552.3477   17.2559
    7.5000  -22.5000   -7.500013796.9863   17.2788
   -7.5000  -15.0000   -7.500014825.6230   17.2397
    0.0000  -15.0000   -7.500015453.9434   17.2704
    7.5000  -15.0000   -7.500014607.6035   17.2977
   -7.5000   -7.5000   -7.500015631.9219   17.2641
    0.0000   -7.5000   -7.500016315.1758   17.2946
    7.5000   -7.5000   -7.500015360.2373   17.3191
   -7.5000    0.0000   -7.500016347.6309   17.2720
    0.0000    0.0000   -7.500017034.0625   17.3020
    7.5000    0.0000   -7.500016062.2334   17.3187
   -7.5000    7.5000   -7.500015881.5771   17.2504
    0.0000    7.5000   -7.500016547.6719   17.2815
    7.5000    7.5000   -7.500015648.6621   17.2947
   -7.5000   15.0000   -7.500015172.9482   17.2266
    0.0000   15.0000   -7.500015740.3770   17.2598
    7.5000   15.0000   -7.500014980.8877   17.2762
   -7.5000   22.5000   -7.500014157.0527   17.2159
    0.0000   22.5000   -7.500014664.8037   17.2479
    7.5000   22.5000   -7.500014024.0225   17.2708
   -7.5000   30.0000   -7.500013105.7158   17.0162
    0.0000   30.0000   -7.500013539.3301   17.0464
    7.5000   30.0000   -7.500012979.6768   17.0734
   -7.5000   37.5000   -7.500012369.7666   17.0403
    0.0000   37.5000   -7.500012783.8311   17.0703
    7.5000   37.5000   -7.500012264.7002   17.0945
   -7.5000   45.0000   -7.500011134.7002   16.6470
    0.0000   45.0000   -7.500011519.4131   16.6759
    7.5000   45.0000   -7.500011040.0332   16.6920
   -7.5000  -45.0000    0.000011809.5020   17.3264
    0.0000  -45.0000    0.000012294.5879   17.3604
    7.5000  -45.0000    0.000011609.9287   17.3791
   -7.5000  -37.5000    0.000012626.2051   17.3110
    0.0000  -37.5000    0.000013170.9316   17.3481
    7.5000  -37.5000    0.000012398.8486   17.3633
   -7.5000  -30.0000    0.000013859.9756   17.2854
    0.0000  -30.0000    0.000014491.8330   17.3225
    7.5000  -30.0000    0.000013613.2334   17.3409
   -7.5000  -22.5000    0.000015014.3916   17.2713
    0.0000  -22.5000    0.000015641.6133   17.3042
    7.5000  -22.5000    0.000014765.4785   17.3298
   -7.5000  -15.0000    0.000015938.7178   17.2782
    0.0000  -15.0000    0.000016714.1602   17.3079
    7.5000  -15.0000    0.000015626.0166   17.3386
   -7.5000   -7.5000    0.000016724.5020   17.3077
    0.0000   -7.5000    0.000017614.8066   17.3384
    7.5000   -7.5000    0.000016387.4395   17.3655
   -7.5000    0.0000    0.000017422.7637   17.3264
    0.0000    0.0000    0.000018284.6113   17.3604
    7.5000    0.0000    0.000017129.1992   17.3791
   -7.5000    7.5000    0.000016884.9512   17.3110
    0.0000    7.5000    0.000017675.5215   17.3481
    7.5000    7.5000    0.000016630.5957   17.3633
   -7.5000   15.0000    0.000016114.6582   17.2854
    0.0000   15.0000    0.000016787.3203   17.3225
    7.5000   15.0000    0.000015882.4600   17.3409
   -7.5000   22.5000    0.000015081.4512   17.2633
    0.0000   22.5000    0.000015677.4951   17.2962
    7.5000   22.5000    0.000014871.1494   17.3219
   -7.5000   30.0000    0.000013973.6035   17.0546
    0.0000   30.0000    0.000014494.4463   17.0839
    7.5000   30.0000    0.000013807.9336   17.1142
   -7.5000   37.5000    0.000013183.4258   17.0837
    0.0000   37.5000    0.000013677.3213   17.1140
    7.5000   37.5000    0.000013038.8633   17.1407
   -7.5000   45.0000    0.000011869.9883   16.7007
    0.0000   45.0000    0.000012326.2764   16.7335
    7.5000   45.0000    0.000011721.4189   16.7515
   -7.5000  -45.0000    7.500011625.6094   17.3164
    0.0000  -45.0000    7.500012138.0518   17.3575
    7.5000  -45.0000    7.500011430.8379   17.3795
   -7.5000  -37.5000    7.500012373.7559   17.3049
    0.0000  -37.5000    7.500012931.5615   17.3473
    7.5000  -37.5000    7.500012151.1924   17.3670
   -7.5000  -30.0000    7.500013549.6943   17.2943
    0.0000  -30.0000    7.500014142.6221   17.3351
    7.5000  -30.0000    7.500013312.3652   17.3562
   -7.5000  -22.5000    7.500014828.7461   17.2895
    0.0000  -22.5000    7.500015483.3496   17.3270
    7.5000  -22.5000    7.500014517.5020   17.3532
   -7.5000  -15.0000    7.500015947.1807   17.2923
    0.0000  -15.0000    7.500016970.7031   17.3286
    7.5000  -15.0000    7.500015528.4805   17.3586
   -7.5000   -7.5000    7.500016729.8613   17.3085
    0.0000   -7.5000    7.500017857.5625   17.3469
    7.5000   -7.5000    7.500016309.5957   17.3740
   -7.5000    0.0000    7.500017255.6758   17.3164
    0.0000    0.0000    7.500018291.3672   17.3575
    7.5000    0.0000    7.500016904.1797   17.3795
   -7.5000    7.5000    7.500016661.1953   17.3049
    0.0000    7.5000    7.500017529.0938   17.3473
    7.5000    7.5000    7.500016360.2031   17.3670
   -7.5000   15.0000    7.500015885.9785   17.2943
    0.0000   15.0000    7.500016651.3301   17.3351
    7.5000   15.0000    7.500015601.7158   17.3562
   -7.5000   22.5000    7.500014856.3613   17.2815
    0.0000   22.5000    7.500015526.3633   17.3190
    7.5000   22.5000    7.500014575.5947   17.3452
   -7.5000   30.0000    7.500013765.3613   17.0685
    0.0000   30.0000    7.500014353.1143   17.1044
    7.5000   30.0000    7.500013534.6416   17.1339
   -7.5000   37.5000    7.500012979.4346   17.0845
    0.0000   37.5000    7.500013534.6660   17.1224
    7.5000   37.5000    7.500012798.0742   17.1491
   -7.5000   45.0000    7.500011669.3564   16.6910
    0.0000   45.0000    7.500012159.4482   16.7306
    7.5000   45.0000    7.500011515.3828   16.7518
   -7.5000  -45.0000   15.000011283.3291   17.2894
    0.0000  -45.0000   15.000011773.7949   17.3335
    7.5000  -45.0000   15.000011115.2832   17.3576
   -7.5000  -37.5000   15.000011985.4824   17.2773
    0.0000  -37.5000   15.000012540.8389   17.3188
    7.5000  -37.5000   15.000011827.3525   17.3420
   -7.5000  -30.0000   15.000013139.6426   17.2819
    0.0000  -30.0000   15.000013698.2246   17.3221
    7.5000  -30.0000   15.000012958.5742   17.3447
   -7.5000  -22.5000   15.000014419.2441   17.2943
    0.0000  -22.5000   15.000015202.0176   17.3351
    7.5000  -22.5000   15.000014098.7676   17.3597
   -7.5000  -15.0000   15.000015588.8662   17.3006
    0.0000  -15.0000   15.000016809.4805   17.3433
    7.5000  -15.0000   15.000015064.2510   17.3698
   -7.5000   -7.5000   15.000016513.7441   17.3002
    0.0000   -7.5000   15.000017834.6621   17.3450
    7.5000   -7.5000   15.000015876.5273   17.3704
   -7.5000    0.0000   15.000017071.8125   17.2894
    0.0000    0.0000   15.000018204.6367   17.3335
    7.5000    0.0000   15.000016446.1172   17.3576
   -7.5000    7.5000   15.000016395.6875   17.2773
    0.0000    7.5000   15.000017308.4902   17.3188
    7.5000    7.5000   15.000015888.1133   17.3420
   -7.5000   15.0000   15.000015484.6826   17.2819
    0.0000   15.0000   15.000016292.3096   17.3221
    7.5000   15.0000   15.000015086.4365   17.3447
   -7.5000   22.5000   15.000014371.6211   17.2864
    0.0000   22.5000   15.000015083.3779   17.3271
    7.5000   22.5000   15.000014047.1416   17.3517
   -7.5000   30.0000   15.000013321.1494   17.0767
    0.0000   30.0000   15.000013948.9873   17.1189
    7.5000   30.0000   15.000013080.7773   17.1450
   -7.5000   37.5000   15.000012583.4668   17.0763
    0.0000   37.5000   15.000013174.2734   17.1205
    7.5000   37.5000   15.000012378.7197   17.1456
   -7.5000   45.0000   15.000011310.2588   16.6650
    0.0000   45.0000   15.000011831.7295   16.7075
    7.5000   45.0000   15.000011162.3877   16.7307
   -7.5000  -45.0000   22.500010758.8496   17.2739
    0.0000  -45.0000   22.500011222.2949   17.3136
    7.5000  -45.0000   22.500010620.3213   17.3352
   -7.5000  -37.5000   22.500011459.3281   17.2543
    0.0000  -37.5000   22.500011982.3320   17.2905
    7.5000  -37.5000   22.500011322.5283   17.3116
   -7.5000  -30.0000   22.500012588.7598   17.2566
    0.0000  -30.0000   22.500013174.4111   17.2936
    7.5000  -30.0000   22.500012408.4785   17.3155
   -7.5000  -22.5000   22.500013709.1113   17.2774
    0.0000  -22.5000   22.500014523.7559   17.3174
    7.5000  -22.5000   22.500013436.1484   17.3408
   -7.5000  -15.0000   22.500014643.7119   17.2938
    0.0000  -15.0000   22.500015611.5410   17.3364
    7.5000  -15.0000   22.500014221.4688   17.3609
   -7.5000   -7.5000   22.500015518.6338   17.2925
    0.0000   -7.5000   22.500016509.7676   17.3358
    7.5000   -7.5000   22.500014996.8623   17.3590
   -7.5000    0.0000   22.500016221.3447   17.2739
    0.0000    0.0000   22.500017197.3398   17.3136
    7.5000    0.0000   22.500015694.4238   17.3352
   -7.5000    7.5000   22.500015673.9375   17.2543
    0.0000    7.5000   22.500016538.5332   17.2905
    7.5000    7.5000   22.500015242.8975   17.3116
   -7.5000   15.0000   22.500014820.3906   17.2566
    0.0000   15.0000   22.500015594.4365   17.2936
    7.5000   15.0000   22.500014451.8594   17.3155
   -7.5000   22.5000   22.500013739.8945   17.2694
    0.0000   22.5000   22.500014447.1992   17.3094
    7.5000   22.5000   22.500013437.0850   17.3328
   -7.5000   30.0000   22.500012738.4414   17.0700
    0.0000   30.0000   22.500013372.4463   17.1121
    7.5000   30.0000   22.500012488.6865   17.1362
   -7.5000   37.5000   22.500012051.3408   17.0687
    0.0000   37.5000   22.500012664.5459   17.1114
    7.5000   37.5000   22.500011828.2803   17.1343
   -7.5000   45.0000   22.500010791.5811   16.6501
    0.0000   45.0000   22.500011313.2500   16.6883
    7.5000   45.0000   22.500010622.9785   16.7092
   -7.5000  -45.0000   30.000010128.5586   17.2863
    0.0000  -45.0000   30.000010557.9453   17.3190
    7.5000  -45.0000   30.000010021.8154   17.3366
   -7.5000  -37.5000   30.000010809.8887   17.2612
    0.0000  -37.5000   30.000011258.5039   17.2921
    7.5000  -37.5000   30.000010685.9951   17.3079
   -7.5000  -30.0000   30.000011864.6836   17.2499
    0.0000  -30.0000   30.000012373.3096   17.2838
    7.5000  -30.0000   30.000011727.9922   17.3020
   -7.5000  -22.5000   30.000012814.4561   17.2649
    0.0000  -22.5000   30.000013456.6895   17.3011
    7.5000  -22.5000   30.000012632.1934   17.3232
   -7.5000  -15.0000   30.000013591.8633   17.2870
    0.0000  -15.0000   30.000014220.8037   17.3244
    7.5000  -15.0000   30.000013359.5518   17.3487
   -7.5000   -7.5000   30.000014355.1035   17.2971
    0.0000   -7.5000   30.000014998.5352   17.3339
    7.5000   -7.5000   30.000014084.9648   17.3562
   -7.5000    0.0000   30.000015074.4902   17.2863
    0.0000    0.0000   30.000015788.1416   17.3190
    7.5000    0.0000   30.000014772.5400   17.3366
   -7.5000    7.5000   30.000014673.6221   17.2612
    0.0000    7.5000   30.000015388.3828   17.2921
    7.5000    7.5000   30.000014392.1631   17.3079
   -7.5000   15.0000   30.000013932.5869   17.2499
    0.0000   15.0000   30.000014599.3135   17.2838
    7.5000   15.0000   30.000013658.5908   17.3020
   -7.5000   22.5000   30.000012934.4209   17.2569
    0.0000   22.5000   30.000013557.4746   17.2931
    7.5000   22.5000   30.000012681.3281   17.3152
   -7.5000   30.0000   30.000012001.5908   17.0633
    0.0000   30.0000   30.000012562.2178   17.1001
    7.5000   30.0000   30.000011754.5996   17.1242
   -7.5000   37.5000   30.000011305.9180   17.0732
    0.0000   37.5000   30.000011863.5811   17.1095
    7.5000   37.5000   30.000011110.0010   17.1316
   -7.5000   45.0000   30.000010116.3799   16.6620
    0.0000   45.0000   30.000010586.8076   16.6935
    7.5000   45.0000   30.0000 9935.9609   16.7105
   -7.5000  -45.0000   37.5000 9834.8604   17.4268
    0.0000  -45.0000   37.500010224.8740   17.4574
    7.5000  -45.0000   37.5000 9750.4385   17.4741
   -7.5000  -37.5000   37.500010491.8496   17.4046
    0.0000  -37.5000   37.500010903.2676   17.4364
    7.5000  -37.5000   37.500010404.2080   17.4496
   -7.5000  -30.0000   37.500011467.2236   17.3803
    0.0000  -30.0000   37.500011971.7842   17.4141
    7.5000  -30.0000   37.500011392.7979   17.4307
   -7.5000  -22.5000   37.500012347.4980   17.3776
    0.0000  -22.5000   37.500012873.6729   17.4103
    7.5000  -22.5000   37.500012223.9863   17.4334
   -7.5000  -15.0000   37.500013093.9004   17.3939
    0.0000  -15.0000   37.500013577.6865   17.4251
    7.5000  -15.0000   37.500012930.6104   17.4527
   -7.5000   -7.5000   37.500013843.9570   17.4188
    0.0000   -7.5000   37.500014343.2061   17.4500
    7.5000   -7.5000   37.500013660.3096   17.4746
   -7.5000    0.0000   37.500014526.6777   17.4268
    0.0000    0.0000   37.500015085.4258   17.4574
    7.5000    0.0000   37.500014306.1250   17.4741
   -7.5000    7.5000   37.500014152.1279   17.4046
    0.0000    7.5000   37.500014705.9102   17.4364
    7.5000    7.5000   37.500013926.1748   17.4496
   -7.5000   15.0000   37.500013497.8662   17.3803
    0.0000   15.0000   37.500014024.1328   17.4141
    7.5000   15.0000   37.500013257.8945   17.4307
   -7.5000   22.5000   37.500012552.4775   17.3695
    0.0000   22.5000   37.500013076.7920   17.4023
    7.5000   22.5000   37.500012326.9473   17.4254
   -7.5000   30.0000   37.500011597.6641   17.1688
    0.0000   30.0000   37.500012105.0088   17.1996
    7.5000   30.0000   37.500011383.9014   17.2268
   -7.5000   37.5000   37.500010879.4463   17.1934
    0.0000   37.5000   37.500011365.7178   17.2241
    7.5000   37.5000   37.500010707.9824   17.2484
   -7.5000   45.0000   37.5000 9715.8291   16.7974
    0.0000   45.0000   37.500010143.6143   16.8270
    7.5000   45.0000   37.5000 9551.0674   16.8431
   -7.5000  -45.0000   45.0000 9085.9141   17.5570
    0.0000  -45.0000   45.0000 9449.5967   17.5931
    7.5000  -45.0000   45.0000 9015.5498   17.6130
   -7.5000  -37.5000   45.0000 9674.2031   17.5384
    0.0000  -37.5000   45.000010042.3125   17.5775
    7.5000  -37.5000   45.0000 9606.0176   17.5937
   -7.5000  -30.0000   45.000010548.5537   17.5104
    0.0000  -30.0000   45.000010975.9648   17.5493
    7.5000  -30.0000   45.000010490.1855   17.5687
   -7.5000  -22.5000   45.000011343.8330   17.4971
    0.0000  -22.5000   45.000011761.3428   17.5319
    7.5000  -22.5000   45.000011254.4951   17.5587
   -7.5000  -15.0000   45.000012019.1211   17.5070
    0.0000  -15.0000   45.000012406.4365   17.5387
    7.5000  -15.0000   45.000011904.5137   17.5707
   -7.5000   -7.5000   45.000012687.1162   17.5387
    0.0000   -7.5000   45.000013087.4541   17.5717
    7.5000   -7.5000   45.000012530.9199   17.6000
   -7.5000    0.0000   45.000013291.7783   17.5570
    0.0000    0.0000   45.000013745.6455   17.5931
    7.5000    0.0000   45.000013103.1152   17.6130
   -7.5000    7.5000   45.000012954.6709   17.5384
    0.0000    7.5000   45.000013399.1631   17.5775
    7.5000    7.5000   45.000012779.5098   17.5937
   -7.5000   15.0000   45.000012380.8574   17.5104
    0.0000   15.0000   45.000012789.0205   17.5493
    7.5000   15.0000   45.000012173.8857   17.5687
   -7.5000   22.5000   45.000011533.8203   17.4890
    0.0000   22.5000   45.000011952.7510   17.5238
    7.5000   22.5000   45.000011341.2979   17.5505
   -7.5000   30.0000   45.000010625.6152   17.2789
    0.0000   30.0000   45.000011068.7285   17.3102
    7.5000   30.0000   45.000010469.1543   17.3417
   -7.5000   37.5000   45.0000 9952.0645   17.3103
    0.0000   37.5000   45.000010380.0664   17.3427
    7.5000   37.5000   45.0000 9842.9629   17.3707
   -7.5000   45.0000   45.0000 8851.4883   16.9306
    0.0000   45.0000   45.0000 9232.7217   16.9655
    7.5000   45.0000   45.0000 8744.2373   16.9846

---------------------------------------------------------------------
imgreg_4dfp /opt/freesurfer/average/711-2C_as_mni_average_305 /opt/freesurfer/average/711-2B_as_mni_average_305_mask talsrcimg_g11 none talsrcimg_to_711-2C_as_mni_average_305_t4 4355
---------------------------------------------------------------------

freesurfer imgreg_4dfp.c
/opt/freesurfer/average/711-2C_as_mni_average_305.4dfp.img
       256       256       256         1
  1.000000  1.000000  1.000000
orientation T byte_order littleendian
Reading image: /opt/freesurfer/average/711-2C_as_mni_average_305.4dfp.img
dimensions:      256       256       256
mmppix:       1.0000   -1.0000   -1.0000
center:     128.0000 -129.0000 -129.0000
/opt/freesurfer/average/711-2B_as_mni_average_305_mask.4dfp.img
       256       256       256         1
  1.000000  1.000000  1.000000
orientation T byte_order littleendian
Reading mask: /opt/freesurfer/average/711-2B_as_mni_average_305_mask.4dfp.img (2306576 pixels)
talsrcimg_g11.4dfp.img
       256       256       256         1
  1.000000  1.000000  1.000000
orientation T byte_order littleendian
Reading image: talsrcimg_g11.4dfp.img
dimensions:      256       256       256
mmppix:       1.0000   -1.0000   -1.0000
center:     128.0000 -129.0000 -129.0000
rotation matrix determinant  1.000000
image alignment mode   4355 decimal     1103 hex
   -7.5000  -45.0000  -37.5000 2145.8176   19.1992
    0.0000  -45.0000  -37.5000 2141.9580   19.2620
    7.5000  -45.0000  -37.5000 2121.6648   19.4166
   -7.5000  -37.5000  -37.5000 2247.1714   17.5349
    0.0000  -37.5000  -37.5000 2246.6030   17.6162
    7.5000  -37.5000  -37.5000 2225.1628   17.8012
   -7.5000  -30.0000  -37.5000 2321.1208   16.3519
    0.0000  -30.0000  -37.5000 2326.3064   16.4010
    7.5000  -30.0000  -37.5000 2294.1138   16.5884
   -7.5000  -22.5000  -37.5000 2365.3276   15.4465
    0.0000  -22.5000  -37.5000 2368.1799   15.4725
    7.5000  -22.5000  -37.5000 2331.6208   15.6687
   -7.5000  -15.0000  -37.5000 2392.0679   14.8533
    0.0000  -15.0000  -37.5000 2398.7104   14.8348
    7.5000  -15.0000  -37.5000 2369.0449   15.0307
   -7.5000   -7.5000  -37.5000 2408.5415   14.6303
    0.0000   -7.5000  -37.5000 2412.2571   14.5789
    7.5000   -7.5000  -37.5000 2390.8120   14.7728
   -7.5000    0.0000  -37.5000 2395.9917   14.8178
    0.0000    0.0000  -37.5000 2405.0674   14.7561
    7.5000    0.0000  -37.5000 2378.0317   14.9472
   -7.5000    7.5000  -37.5000 2368.8579   15.2795
    0.0000    7.5000  -37.5000 2380.0564   15.2473
    7.5000    7.5000  -37.5000 2353.1196   15.4283
   -7.5000   15.0000  -37.5000 2318.2219   15.9995
    0.0000   15.0000  -37.5000 2328.2505   15.9567
    7.5000   15.0000  -37.5000 2303.6541   16.1570
   -7.5000   22.5000  -37.5000 2238.6150   17.1143
    0.0000   22.5000  -37.5000 2248.6743   17.0896
    7.5000   22.5000  -37.5000 2226.4717   17.2440
   -7.5000   30.0000  -37.5000 2143.2656   18.6021
    0.0000   30.0000  -37.5000 2148.1377   18.5689
    7.5000   30.0000  -37.5000 2123.4658   18.7894
   -7.5000   37.5000  -37.5000 2020.7787   20.5546
    0.0000   37.5000  -37.5000 2023.7766   20.5500
    7.5000   37.5000  -37.5000 2001.0032   20.7880
   -7.5000   45.0000  -37.5000 1893.8763   23.1213
    0.0000   45.0000  -37.5000 1901.4397   23.1064
    7.5000   45.0000  -37.5000 1882.0651   23.3836
   -7.5000  -45.0000  -30.0000 2274.3481   18.3573
    0.0000  -45.0000  -30.0000 2273.4207   18.4255
    7.5000  -45.0000  -30.0000 2247.7407   18.5855
   -7.5000  -37.5000  -30.0000 2379.4155   16.7266
    0.0000  -37.5000  -30.0000 2383.1514   16.8245
    7.5000  -37.5000  -30.0000 2354.5325   16.9851
   -7.5000  -30.0000  -30.0000 2451.8093   15.5440
    0.0000  -30.0000  -30.0000 2457.0227   15.5787
    7.5000  -30.0000  -30.0000 2429.6331   15.7682
   -7.5000  -22.5000  -30.0000 2507.5454   14.6940
    0.0000  -22.5000  -30.0000 2513.1194   14.7082
    7.5000  -22.5000  -30.0000 2485.2241   14.9198
   -7.5000  -15.0000  -30.0000 2540.3130   14.1581
    0.0000  -15.0000  -30.0000 2545.8552   14.1158
    7.5000  -15.0000  -30.0000 2519.7949   14.3320
   -7.5000   -7.5000  -30.0000 2558.9312   13.9474
    0.0000   -7.5000  -30.0000 2563.0522   13.9185
    7.5000   -7.5000  -30.0000 2540.7146   14.1176
   -7.5000    0.0000  -30.0000 2554.4426   14.1030
    0.0000    0.0000  -30.0000 2558.2600   14.0357
    7.5000    0.0000  -30.0000 2532.6687   14.2350
   -7.5000    7.5000  -30.0000 2520.0718   14.5342
    0.0000    7.5000  -30.0000 2532.4895   14.4826
    7.5000    7.5000  -30.0000 2504.2197   14.6916
   -7.5000   15.0000  -30.0000 2466.3833   15.2247
    0.0000   15.0000  -30.0000 2474.9351   15.2087
    7.5000   15.0000  -30.0000 2448.6880   15.3939
   -7.5000   22.5000  -30.0000 2385.3201   16.2677
    0.0000   22.5000  -30.0000 2391.7495   16.2254
    7.5000   22.5000  -30.0000 2367.1211   16.4318
   -7.5000   30.0000  -30.0000 2274.7048   17.6645
    0.0000   30.0000  -30.0000 2280.2673   17.6518
    7.5000   30.0000  -30.0000 2255.6052   17.8660
   -7.5000   37.5000  -30.0000 2146.4302   19.5193
    0.0000   37.5000  -30.0000 2153.5674   19.5032
    7.5000   37.5000  -30.0000 2126.3699   19.7134
   -7.5000   45.0000  -30.0000 2007.3466   21.8869
    0.0000   45.0000  -30.0000 2016.6887   21.8743
    7.5000   45.0000  -30.0000 1995.7443   22.1101
   -7.5000  -45.0000  -22.5000 2363.3184   17.4030
    0.0000  -45.0000  -22.5000 2367.0374   17.4236
    7.5000  -45.0000  -22.5000 2335.9888   17.6310
   -7.5000  -37.5000  -22.5000 2475.5154   15.8705
    0.0000  -37.5000  -22.5000 2481.7563   15.8900
    7.5000  -37.5000  -22.5000 2452.7305   16.0679
   -7.5000  -30.0000  -22.5000 2551.8171   14.7084
    0.0000  -30.0000  -22.5000 2555.5764   14.7122
    7.5000  -30.0000  -22.5000 2534.3208   14.9027
   -7.5000  -22.5000  -22.5000 2621.1726   13.8657
    0.0000  -22.5000  -22.5000 2623.1135   13.8548
    7.5000  -22.5000  -22.5000 2597.5171   14.0516
   -7.5000  -15.0000  -22.5000 2669.3022   13.3451
    0.0000  -15.0000  -22.5000 2671.1963   13.3079
    7.5000  -15.0000  -22.5000 2646.6240   13.5306
   -7.5000   -7.5000  -22.5000 2691.6709   13.1539
    0.0000   -7.5000  -22.5000 2695.4722   13.1188
    7.5000   -7.5000  -22.5000 2674.0930   13.3153
   -7.5000    0.0000  -22.5000 2684.7722   13.2780
    0.0000    0.0000  -22.5000 2691.6306   13.2296
    7.5000    0.0000  -22.5000 2663.7568   13.4408
   -7.5000    7.5000  -22.5000 2652.4226   13.7300
    0.0000    7.5000  -22.5000 2662.9814   13.6607
    7.5000    7.5000  -22.5000 2633.0566   13.8660
   -7.5000   15.0000  -22.5000 2593.0554   14.3993
    0.0000   15.0000  -22.5000 2602.6111   14.3450
    7.5000   15.0000  -22.5000 2575.4800   14.5576
   -7.5000   22.5000  -22.5000 2506.8875   15.3384
    0.0000   22.5000  -22.5000 2513.3962   15.2657
    7.5000   22.5000  -22.5000 2488.7493   15.5243
   -7.5000   30.0000  -22.5000 2387.5833   16.6755
    0.0000   30.0000  -22.5000 2392.3291   16.6527
    7.5000   30.0000  -22.5000 2366.9294   16.8949
   -7.5000   37.5000  -22.5000 2247.1084   18.4231
    0.0000   37.5000  -22.5000 2258.8606   18.3571
    7.5000   37.5000  -22.5000 2233.8147   18.6279
   -7.5000   45.0000  -22.5000 2099.9399   20.6685
    0.0000   45.0000  -22.5000 2109.2539   20.5997
    7.5000   45.0000  -22.5000 2086.0872   20.8443
   -7.5000  -45.0000  -15.0000 2422.0320   16.5113
    0.0000  -45.0000  -15.0000 2425.3867   16.5355
    7.5000  -45.0000  -15.0000 2396.1650   16.6792
   -7.5000  -37.5000  -15.0000 2540.3274   15.0215
    0.0000  -37.5000  -15.0000 2546.0637   15.0145
    7.5000  -37.5000  -15.0000 2514.0312   15.1890
   -7.5000  -30.0000  -15.0000 2626.1150   13.9189
    0.0000  -30.0000  -15.0000 2631.6960   13.9143
    7.5000  -30.0000  -15.0000 2605.5735   14.0891
   -7.5000  -22.5000  -15.0000 2699.2866   13.0628
    0.0000  -22.5000  -15.0000 2700.8706   13.0417
    7.5000  -22.5000  -15.0000 2676.6611   13.2428
   -7.5000  -15.0000  -15.0000 2757.2856   12.5105
    0.0000  -15.0000  -15.0000 2768.6890   12.4911
    7.5000  -15.0000  -15.0000 2738.1672   12.6886
   -7.5000   -7.5000  -15.0000 2791.7942   12.3280
    0.0000   -7.5000  -15.0000 2798.7676   12.2969
    7.5000   -7.5000  -15.0000 2771.3784   12.5011
   -7.5000    0.0000  -15.0000 2786.1233   12.4727
    0.0000    0.0000  -15.0000 2797.1848   12.4219
    7.5000    0.0000  -15.0000 2768.1331   12.6432
   -7.5000    7.5000  -15.0000 2758.8250   12.9081
    0.0000    7.5000  -15.0000 2769.6267   12.8411
    7.5000    7.5000  -15.0000 2736.5706   13.0849
   -7.5000   15.0000  -15.0000 2692.0317   13.5643
    0.0000   15.0000  -15.0000 2702.9934   13.4732
    7.5000   15.0000  -15.0000 2673.1436   13.7239
   -7.5000   22.5000  -15.0000 2596.5178   14.4356
    0.0000   22.5000  -15.0000 2600.3809   14.3621
    7.5000   22.5000  -15.0000 2578.0312   14.6303
   -7.5000   30.0000  -15.0000 2470.4497   15.7422
    0.0000   30.0000  -15.0000 2475.6594   15.6826
    7.5000   30.0000  -15.0000 2454.2451   15.9274
   -7.5000   37.5000  -15.0000 2320.9102   17.4632
    0.0000   37.5000  -15.0000 2331.6685   17.3718
    7.5000   37.5000  -15.0000 2310.5657   17.6347
   -7.5000   45.0000  -15.0000 2163.8535   19.5959
    0.0000   45.0000  -15.0000 2174.9795   19.5004
    7.5000   45.0000  -15.0000 2148.3047   19.7859
   -7.5000  -45.0000   -7.5000 2458.1582   15.7560
    0.0000  -45.0000   -7.5000 2458.2510   15.7554
    7.5000  -45.0000   -7.5000 2432.5427   15.8846
   -7.5000  -37.5000   -7.5000 2580.1206   14.2892
    0.0000  -37.5000   -7.5000 2584.6494   14.2872
    7.5000  -37.5000   -7.5000 2557.0435   14.4165
   -7.5000  -30.0000   -7.5000 2682.4309   13.1732
    0.0000  -30.0000   -7.5000 2690.8921   13.1798
    7.5000  -30.0000   -7.5000 2662.0933   13.3392
   -7.5000  -22.5000   -7.5000 2760.5449   12.3283
    0.0000  -22.5000   -7.5000 2769.1968   12.3359
    7.5000  -22.5000   -7.5000 2742.7805   12.5291
   -7.5000  -15.0000   -7.5000 2830.1174   11.7834
    0.0000  -15.0000   -7.5000 2849.6726   11.7506
    7.5000  -15.0000   -7.5000 2810.3953   11.9654
   -7.5000   -7.5000   -7.5000 2875.6709   11.5626
    0.0000   -7.5000   -7.5000 2888.6406   11.5208
    7.5000   -7.5000   -7.5000 2850.6770   11.7534
   -7.5000    0.0000   -7.5000 2876.5356   11.7148
    0.0000    0.0000   -7.5000 2886.6934   11.6676
    7.5000    0.0000   -7.5000 2854.4114   11.9039
   -7.5000    7.5000   -7.5000 2837.9543   12.1252
    0.0000    7.5000   -7.5000 2854.6572   12.0583
    7.5000    7.5000   -7.5000 2820.8127   12.3275
   -7.5000   15.0000   -7.5000 2766.5681   12.7322
    0.0000   15.0000   -7.5000 2775.8826   12.6652
    7.5000   15.0000   -7.5000 2749.6389   12.9394
   -7.5000   22.5000   -7.5000 2661.6985   13.6259
    0.0000   22.5000   -7.5000 2669.9126   13.5511
    7.5000   22.5000   -7.5000 2646.5940   13.8239
   -7.5000   30.0000   -7.5000 2531.4473   14.9273
    0.0000   30.0000   -7.5000 2539.5107   14.8311
    7.5000   30.0000   -7.5000 2511.6699   15.1178
   -7.5000   37.5000   -7.5000 2379.2620   16.6019
    0.0000   37.5000   -7.5000 2389.1614   16.4646
    7.5000   37.5000   -7.5000 2361.4219   16.8097
   -7.5000   45.0000   -7.5000 2210.9778   18.6725
    0.0000   45.0000   -7.5000 2222.2717   18.5434
    7.5000   45.0000   -7.5000 2195.0259   18.8960
   -7.5000  -45.0000    0.0000 2475.2405   15.2123
    0.0000  -45.0000    0.0000 2482.9529   15.2232
    7.5000  -45.0000    0.0000 2457.4204   15.4047
   -7.5000  -37.5000    0.0000 2597.7844   13.7610
    0.0000  -37.5000    0.0000 2605.6606   13.7594
    7.5000  -37.5000    0.0000 2582.4617   13.9302
   -7.5000  -30.0000    0.0000 2713.3149   12.6614
    0.0000  -30.0000    0.0000 2727.9189   12.6635
    7.5000  -30.0000    0.0000 2699.3237   12.8122
   -7.5000  -22.5000    0.0000 2812.5530   11.8316
    0.0000  -22.5000    0.0000 2825.7393   11.8541
    7.5000  -22.5000    0.0000 2798.1262   12.0220
   -7.5000  -15.0000    0.0000 2892.0952   11.2952
    0.0000  -15.0000    0.0000 2913.8574   11.2849
    7.5000  -15.0000    0.0000 2872.9714   11.4721
   -7.5000   -7.5000    0.0000 2944.5271   11.0295
    0.0000   -7.5000    0.0000 2968.1619   11.0101
    7.5000   -7.5000    0.0000 2912.7036   11.2291
   -7.5000    0.0000    0.0000 2942.3772   11.1235
    0.0000    0.0000    0.0000 2961.8318   11.0951
    7.5000    0.0000    0.0000 2915.7500   11.3680
   -7.5000    7.5000    0.0000 2892.5056   11.4818
    0.0000    7.5000    0.0000 2914.3538   11.4311
    7.5000    7.5000    0.0000 2875.6646   11.7396
   -7.5000   15.0000    0.0000 2813.6467   12.1373
    0.0000   15.0000    0.0000 2830.4075   12.0722
    7.5000   15.0000    0.0000 2799.8452   12.3601
   -7.5000   22.5000    0.0000 2709.2292   13.0658
    0.0000   22.5000    0.0000 2722.7236   12.9801
    7.5000   22.5000    0.0000 2694.7410   13.2752
   -7.5000   30.0000    0.0000 2573.4915   14.3552
    0.0000   30.0000    0.0000 2583.5188   14.2572
    7.5000   30.0000    0.0000 2553.3943   14.5950
   -7.5000   37.5000    0.0000 2413.1707   16.0178
    0.0000   37.5000    0.0000 2422.8240   15.8860
    7.5000   37.5000    0.0000 2394.5229   16.2710
   -7.5000   45.0000    0.0000 2243.2852   18.0002
    0.0000   45.0000    0.0000 2256.6611   17.8696
    7.5000   45.0000    0.0000 2223.0508   18.2762
   -7.5000  -45.0000    7.5000 2482.6421   14.8678
    0.0000  -45.0000    7.5000 2497.5732   14.9198
    7.5000  -45.0000    7.5000 2474.9053   15.0668
   -7.5000  -37.5000    7.5000 2606.3896   13.4045
    0.0000  -37.5000    7.5000 2621.6528   13.4465
    7.5000  -37.5000    7.5000 2600.3718   13.5911
   -7.5000  -30.0000    7.5000 2729.6094   12.3084
    0.0000  -30.0000    7.5000 2746.0583   12.3451
    7.5000  -30.0000    7.5000 2720.7388   12.4601
   -7.5000  -22.5000    7.5000 2845.8342   11.5361
    0.0000  -22.5000    7.5000 2862.8130   11.5431
    7.5000  -22.5000    7.5000 2834.4131   11.6730
   -7.5000  -15.0000    7.5000 2943.0710   11.0917
    0.0000  -15.0000    7.5000 2973.1848   11.1290
    7.5000  -15.0000    7.5000 2923.3005   11.1930
   -7.5000   -7.5000    7.5000 2997.9111   10.7891
    0.0000   -7.5000    7.5000 3036.1865   10.8545
    7.5000   -7.5000    7.5000 2965.3743   10.9677
   -7.5000    0.0000    7.5000 2985.8408   10.7808
    0.0000    0.0000    7.5000 3010.5354   10.8228
    7.5000    0.0000    7.5000 2958.6140   11.0163
   -7.5000    7.5000    7.5000 2928.4287   11.0895
    0.0000    7.5000    7.5000 2947.7373   11.0660
    7.5000    7.5000    7.5000 2911.9631   11.3243
   -7.5000   15.0000    7.5000 2843.7271   11.7613
    0.0000   15.0000    7.5000 2864.8440   11.6996
    7.5000   15.0000    7.5000 2836.1428   11.9368
   -7.5000   22.5000    7.5000 2729.4871   12.7339
    0.0000   22.5000    7.5000 2748.3145   12.6568
    7.5000   22.5000    7.5000 2722.0361   12.9138
   -7.5000   30.0000    7.5000 2586.3518   14.0557
    0.0000   30.0000    7.5000 2599.4607   13.9454
    7.5000   30.0000    7.5000 2577.5681   14.2326
   -7.5000   37.5000    7.5000 2427.9170   15.6779
    0.0000   37.5000    7.5000 2438.7202   15.5585
    7.5000   37.5000    7.5000 2413.9812   15.8599
   -7.5000   45.0000    7.5000 2259.2009   17.6406
    0.0000   45.0000    7.5000 2268.1978   17.5350
    7.5000   45.0000    7.5000 2246.1038   17.8770
   -7.5000  -45.0000   15.0000 2486.4504   14.7039
    0.0000  -45.0000   15.0000 2498.2075   14.7406
    7.5000  -45.0000   15.0000 2480.8313   14.9419
   -7.5000  -37.5000   15.0000 2611.2227   13.2444
    0.0000  -37.5000   15.0000 2628.1904   13.3083
    7.5000  -37.5000   15.0000 2609.8777   13.4471
   -7.5000  -30.0000   15.0000 2734.2361   12.1408
    0.0000  -30.0000   15.0000 2748.6716   12.2381
    7.5000  -30.0000   15.0000 2733.9312   12.3227
   -7.5000  -22.5000   15.0000 2857.9980   11.4153
    0.0000  -22.5000   15.0000 2875.7715   11.4748
    7.5000  -22.5000   15.0000 2847.1763   11.5515
   -7.5000  -15.0000   15.0000 2960.2510   11.0328
    0.0000  -15.0000   15.0000 2993.7429   11.1593
    7.5000  -15.0000   15.0000 2940.6289   11.0977
   -7.5000   -7.5000   15.0000 3019.5518   10.8286
    0.0000   -7.5000   15.0000 3074.2183   11.0239
    7.5000   -7.5000   15.0000 2985.7144   10.8907
   -7.5000    0.0000   15.0000 2995.2073   10.7798
    0.0000    0.0000   15.0000 3024.0137   10.8818
    7.5000    0.0000   15.0000 2968.8142   10.9048
   -7.5000    7.5000   15.0000 2934.4080   11.0089
    0.0000    7.5000   15.0000 2956.4312   10.9976
    7.5000    7.5000   15.0000 2916.9497   11.1587
   -7.5000   15.0000   15.0000 2844.5251   11.6163
    0.0000   15.0000   15.0000 2868.0320   11.5771
    7.5000   15.0000   15.0000 2836.6414   11.7788
   -7.5000   22.5000   15.0000 2725.0669   12.6043
    0.0000   22.5000   15.0000 2744.9607   12.5237
    7.5000   22.5000   15.0000 2719.0698   12.7560
   -7.5000   30.0000   15.0000 2584.3572   13.9160
    0.0000   30.0000   15.0000 2592.9402   13.8256
    7.5000   30.0000   15.0000 2577.6421   14.0429
   -7.5000   37.5000   15.0000 2425.2739   15.5462
    0.0000   37.5000   15.0000 2436.6934   15.4544
    7.5000   37.5000   15.0000 2413.9026   15.7232
   -7.5000   45.0000   15.0000 2257.5872   17.5444
    0.0000   45.0000   15.0000 2270.1448   17.4214
    7.5000   45.0000   15.0000 2247.6848   17.7547
   -7.5000  -45.0000   22.5000 2481.4312   14.7250
    0.0000  -45.0000   22.5000 2491.4175   14.7226
    7.5000  -45.0000   22.5000 2477.5024   14.9540
   -7.5000  -37.5000   22.5000 2608.3413   13.3060
    0.0000  -37.5000   22.5000 2624.5996   13.3560
    7.5000  -37.5000   22.5000 2609.0857   13.4941
   -7.5000  -30.0000   22.5000 2730.8059   12.2452
    0.0000  -30.0000   22.5000 2746.1741   12.3325
    7.5000  -30.0000   22.5000 2730.0210   12.4091
   -7.5000  -22.5000   22.5000 2851.1909   11.5024
    0.0000  -22.5000   22.5000 2872.8438   11.6234
    7.5000  -22.5000   22.5000 2842.2195   11.6243
   -7.5000  -15.0000   22.5000 2938.5945   11.0361
    0.0000  -15.0000   22.5000 2968.5103   11.2191
    7.5000  -15.0000   22.5000 2920.2520   11.1016
   -7.5000   -7.5000   22.5000 2986.4219   10.8305
    0.0000   -7.5000   22.5000 3028.2068   10.8936
    7.5000   -7.5000   22.5000 2959.3186   10.9033
   -7.5000    0.0000   22.5000 2974.0598   10.9366
    0.0000    0.0000   22.5000 2998.7593   10.9486
    7.5000    0.0000   22.5000 2952.4871   11.0036
   -7.5000    7.5000   22.5000 2911.0681   11.2672
    0.0000    7.5000   22.5000 2935.8252   11.2446
    7.5000    7.5000   22.5000 2898.4651   11.3663
   -7.5000   15.0000   22.5000 2816.2234   11.8493
    0.0000   15.0000   22.5000 2838.1118   11.8454
    7.5000   15.0000   22.5000 2807.3867   11.9957
   -7.5000   22.5000   22.5000 2696.6987   12.7924
    0.0000   22.5000   22.5000 2713.4004   12.7524
    7.5000   22.5000   22.5000 2692.0908   12.9303
   -7.5000   30.0000   22.5000 2556.5278   14.0513
    0.0000   30.0000   22.5000 2569.8721   13.9751
    7.5000   30.0000   22.5000 2556.1565   14.1814
   -7.5000   37.5000   22.5000 2404.3726   15.6467
    0.0000   37.5000   22.5000 2419.6658   15.5533
    7.5000   37.5000   22.5000 2400.8845   15.8025
   -7.5000   45.0000   22.5000 2234.7109   17.5928
    0.0000   45.0000   22.5000 2249.0261   17.4927
    7.5000   45.0000   22.5000 2233.4351   17.7936
   -7.5000  -45.0000   30.0000 2466.8198   15.0034
    0.0000  -45.0000   30.0000 2479.1272   14.9503
    7.5000  -45.0000   30.0000 2462.0618   15.2229
   -7.5000  -37.5000   30.0000 2594.8376   13.6111
    0.0000  -37.5000   30.0000 2609.6836   13.5746
    7.5000  -37.5000   30.0000 2595.8660   13.7962
   -7.5000  -30.0000   30.0000 2717.9133   12.5710
    0.0000  -30.0000   30.0000 2732.0938   12.5555
    7.5000  -30.0000   30.0000 2717.9526   12.7429
   -7.5000  -22.5000   30.0000 2826.2058   11.7859
    0.0000  -22.5000   30.0000 2844.2732   11.8631
    7.5000  -22.5000   30.0000 2820.3447   11.9211
   -7.5000  -15.0000   30.0000 2893.5825   11.2502
    0.0000  -15.0000   30.0000 2916.4978   11.3193
    7.5000  -15.0000   30.0000 2886.3354   11.3564
   -7.5000   -7.5000   30.0000 2934.0239   11.0585
    0.0000   -7.5000   30.0000 2956.6011   11.0392
    7.5000   -7.5000   30.0000 2921.6116   11.1829
   -7.5000    0.0000   30.0000 2921.2712   11.2231
    0.0000    0.0000   30.0000 2940.4075   11.2023
    7.5000    0.0000   30.0000 2905.6348   11.3237
   -7.5000    7.5000   30.0000 2864.2756   11.6655
    0.0000    7.5000   30.0000 2886.3223   11.6210
    7.5000    7.5000   30.0000 2851.4536   11.7391
   -7.5000   15.0000   30.0000 2768.2092   12.2974
    0.0000   15.0000   30.0000 2788.5186   12.2710
    7.5000   15.0000   30.0000 2761.5466   12.4050
   -7.5000   22.5000   30.0000 2650.4392   13.2161
    0.0000   22.5000   30.0000 2667.3699   13.1690
    7.5000   22.5000   30.0000 2650.8086   13.3357
   -7.5000   30.0000   30.0000 2518.3845   14.4196
    0.0000   30.0000   30.0000 2530.6243   14.3465
    7.5000   30.0000   30.0000 2514.7847   14.5392
   -7.5000   37.5000   30.0000 2360.1633   15.9944
    0.0000   37.5000   30.0000 2375.2600   15.8939
    7.5000   37.5000   30.0000 2359.4878   16.1260
   -7.5000   45.0000   30.0000 2191.5688   17.9473
    0.0000   45.0000   30.0000 2201.3623   17.8075
    7.5000   45.0000   30.0000 2195.2961   18.0745
   -7.5000  -45.0000   37.5000 2448.5701   15.5079
    0.0000  -45.0000   37.5000 2454.7214   15.4078
    7.5000  -45.0000   37.5000 2442.7427   15.7452
   -7.5000  -37.5000   37.5000 2574.2983   14.1228
    0.0000  -37.5000   37.5000 2587.0823   14.0223
    7.5000  -37.5000   37.5000 2574.8892   14.3243
   -7.5000  -30.0000   37.5000 2691.3728   13.0692
    0.0000  -30.0000   37.5000 2707.6123   13.0165
    7.5000  -30.0000   37.5000 2694.2283   13.2480
   -7.5000  -22.5000   37.5000 2787.1453   12.2334
    0.0000  -22.5000   37.5000 2803.0854   12.2171
    7.5000  -22.5000   37.5000 2785.7161   12.3891
   -7.5000  -15.0000   37.5000 2843.1206   11.7294
    0.0000  -15.0000   37.5000 2858.7830   11.6398
    7.5000  -15.0000   37.5000 2839.1426   11.8595
   -7.5000   -7.5000   37.5000 2867.9250   11.5539
    0.0000   -7.5000   37.5000 2885.7930   11.5085
    7.5000   -7.5000   37.5000 2862.1863   11.6998
   -7.5000    0.0000   37.5000 2854.0806   11.7331
    0.0000    0.0000   37.5000 2873.0522   11.6899
    7.5000    0.0000   37.5000 2846.0234   11.8474
   -7.5000    7.5000   37.5000 2794.2417   12.1867
    0.0000    7.5000   37.5000 2811.0923   12.1251
    7.5000    7.5000   37.5000 2787.2676   12.2713
   -7.5000   15.0000   37.5000 2709.2146   12.8503
    0.0000   15.0000   37.5000 2720.0303   12.8037
    7.5000   15.0000   37.5000 2704.7886   12.9545
   -7.5000   22.5000   37.5000 2600.5000   13.7762
    0.0000   22.5000   37.5000 2614.2991   13.7185
    7.5000   22.5000   37.5000 2597.3950   13.9044
   -7.5000   30.0000   37.5000 2469.2266   15.0282
    0.0000   30.0000   37.5000 2481.8992   14.9252
    7.5000   30.0000   37.5000 2464.8088   15.1286
   -7.5000   37.5000   37.5000 2306.9155   16.6046
    0.0000   37.5000   37.5000 2317.9922   16.4597
    7.5000   37.5000   37.5000 2311.7566   16.6913
   -7.5000   45.0000   37.5000 2136.4963   18.5605
    0.0000   45.0000   37.5000 2151.3926   18.4202
    7.5000   45.0000   37.5000 2139.3748   18.6739
   -7.5000  -45.0000   45.0000 2414.8328   16.2336
    0.0000  -45.0000   45.0000 2430.3396   16.0689
    7.5000  -45.0000   45.0000 2411.5417   16.4948
   -7.5000  -37.5000   45.0000 2537.7834   14.8345
    0.0000  -37.5000   45.0000 2546.9807   14.6841
    7.5000  -37.5000   45.0000 2534.6902   15.0192
   -7.5000  -30.0000   45.0000 2642.0723   13.7228
    0.0000  -30.0000   45.0000 2657.3513   13.6283
    7.5000  -30.0000   45.0000 2643.8105   13.9105
   -7.5000  -22.5000   45.0000 2727.3284   12.9054
    0.0000  -22.5000   45.0000 2743.2563   12.7533
    7.5000  -22.5000   45.0000 2727.4277   13.0442
   -7.5000  -15.0000   45.0000 2777.4048   12.3829
    0.0000  -15.0000   45.0000 2794.7488   12.2118
    7.5000  -15.0000   45.0000 2776.6121   12.5238
   -7.5000   -7.5000   45.0000 2793.1562   12.2423
    0.0000   -7.5000   45.0000 2807.6074   12.1287
    7.5000   -7.5000   45.0000 2788.7471   12.3684
   -7.5000    0.0000   45.0000 2767.2607   12.4124
    0.0000    0.0000   45.0000 2786.0808   12.3271
    7.5000    0.0000   45.0000 2761.9172   12.4991
   -7.5000    7.5000   45.0000 2710.6274   12.8518
    0.0000    7.5000   45.0000 2724.1079   12.7823
    7.5000    7.5000   45.0000 2713.2024   12.8983
   -7.5000   15.0000   45.0000 2635.4946   13.5209
    0.0000   15.0000   45.0000 2643.8984   13.4219
    7.5000   15.0000   45.0000 2631.7344   13.5730
   -7.5000   22.5000   45.0000 2534.3696   14.4611
    0.0000   22.5000   45.0000 2540.9019   14.3654
    7.5000   22.5000   45.0000 2530.0786   14.5343
   -7.5000   30.0000   45.0000 2400.6985   15.7283
    0.0000   30.0000   45.0000 2412.2891   15.6176
    7.5000   30.0000   45.0000 2398.3826   15.8276
   -7.5000   37.5000   45.0000 2241.9116   17.3671
    0.0000   37.5000   45.0000 2254.8877   17.2484
    7.5000   37.5000   45.0000 2245.5220   17.4681
   -7.5000   45.0000   45.0000 2075.2974   19.4137
    0.0000   45.0000   45.0000 2090.6721   19.2703
    7.5000   45.0000   45.0000 2078.5176   19.5589
   -7.5000  -45.0000   52.5000 2368.8525   17.0512
    0.0000  -45.0000   52.5000 2390.7261   16.9016
    7.5000  -45.0000   52.5000 2370.2112   17.3022
   -7.5000  -37.5000   52.5000 2486.7349   15.6165
    0.0000  -37.5000   52.5000 2501.8069   15.4817
    7.5000  -37.5000   52.5000 2486.8918   15.8184
   -7.5000  -30.0000   52.5000 2581.5344   14.5256
    0.0000  -30.0000   52.5000 2596.8071   14.3774
    7.5000  -30.0000   52.5000 2585.8416   14.6928
   -7.5000  -22.5000   52.5000 2655.1067   13.7061
    0.0000  -22.5000   52.5000 2669.0193   13.5187
    7.5000  -22.5000   52.5000 2659.6531   13.8684
   -7.5000  -15.0000   52.5000 2694.8394   13.1850
    0.0000  -15.0000   52.5000 2704.1794   13.0056
    7.5000  -15.0000   52.5000 2693.9529   13.3749
   -7.5000   -7.5000   52.5000 2708.4973   13.0203
    0.0000   -7.5000   52.5000 2719.8274   12.8726
    7.5000   -7.5000   52.5000 2707.2537   13.1620
   -7.5000    0.0000   52.5000 2680.3843   13.1845
    0.0000    0.0000   52.5000 2704.2983   13.0527
    7.5000    0.0000   52.5000 2683.1584   13.2840
   -7.5000    7.5000   52.5000 2634.2834   13.6283
    0.0000    7.5000   52.5000 2646.2712   13.5054
    7.5000    7.5000   52.5000 2632.0845   13.6849
   -7.5000   15.0000   52.5000 2556.8384   14.3128
    0.0000   15.0000   52.5000 2568.9590   14.1910
    7.5000   15.0000   52.5000 2553.6467   14.3547
   -7.5000   22.5000   52.5000 2458.7644   15.2627
    0.0000   22.5000   52.5000 2469.9631   15.1462
    7.5000   22.5000   52.5000 2452.9492   15.3129
   -7.5000   30.0000   52.5000 2325.0088   16.6018
    0.0000   30.0000   52.5000 2340.1511   16.4699
    7.5000   30.0000   52.5000 2324.7666   16.6619
   -7.5000   37.5000   52.5000 2169.2339   18.3157
    0.0000   37.5000   52.5000 2187.0781   18.1606
    7.5000   37.5000   52.5000 2174.4297   18.3514
   -7.5000   45.0000   52.5000 2016.5432   20.4781
    0.0000   45.0000   52.5000 2027.5389   20.3065
    7.5000   45.0000   52.5000 2017.9930   20.5155

---------------------------------------------------------------------
imgreg_4dfp /opt/freesurfer/average/711-2C_as_mni_average_305 /opt/freesurfer/average/711-2B_as_mni_average_305_mask talsrcimg_g11 none talsrcimg_to_711-2C_as_mni_average_305_t4 1283
---------------------------------------------------------------------

freesurfer imgreg_4dfp.c
/opt/freesurfer/average/711-2C_as_mni_average_305.4dfp.img
       256       256       256         1
  1.000000  1.000000  1.000000
orientation T byte_order littleendian
Reading image: /opt/freesurfer/average/711-2C_as_mni_average_305.4dfp.img
dimensions:      256       256       256
mmppix:       1.0000   -1.0000   -1.0000
center:     128.0000 -129.0000 -129.0000
/opt/freesurfer/average/711-2B_as_mni_average_305_mask.4dfp.img
       256       256       256         1
  1.000000  1.000000  1.000000
orientation T byte_order littleendian
Reading mask: /opt/freesurfer/average/711-2B_as_mni_average_305_mask.4dfp.img (2306576 pixels)
talsrcimg_g11.4dfp.img
       256       256       256         1
  1.000000  1.000000  1.000000
orientation T byte_order littleendian
Reading image: talsrcimg_g11.4dfp.img
dimensions:      256       256       256
mmppix:       1.0000   -1.0000   -1.0000
center:     128.0000 -129.0000 -129.0000
rotation matrix determinant  1.000000
fimgreg.f
image alignment mode   1283 decimal      503 hex
parameters
    0.0000   -7.5000   15.0000    0.0000    0.0000    0.0000
eta,q 0.96534 10.99831
niter,ni,del,rscale     5    3   12.0000    1.2000
parameters
   -1.3051   -6.7391   14.5637    0.2147   -1.1343   -0.5702
eta,q 0.96989 10.87631
  0.0449  0.0530  0.0409  0.0422  0.0374  0.0368
  0.0347  0.0438  0.0355  0.0378  0.0332  0.0334
  0.0305  0.0352  0.0317  0.0327  0.0306  0.0308
  0.0331  0.0305  0.0306  0.0303  0.0302  0.0302
  0.0402  0.0324  0.0334  0.0318  0.0333  0.0319
  0.0480  0.0376  0.0383  0.0365  0.0390  0.0356
  0.0560  0.0444  0.0436  0.0410  0.0455  0.0396
niter,ni,del,rscale     4    3   12.0000    1.2000
parameters
   -1.1419   -6.6952   14.5598    0.3611   -1.3553   -0.6038
eta,q 0.96976 10.87360
  0.0514  0.0488  0.0420  0.0422  0.0399  0.0378
  0.0415  0.0398  0.0361  0.0373  0.0354  0.0345
  0.0329  0.0324  0.0320  0.0323  0.0317  0.0316
  0.0301  0.0301  0.0302  0.0302  0.0302  0.0302
  0.0331  0.0337  0.0320  0.0321  0.0313  0.0312
  0.0406  0.0395  0.0365  0.0369  0.0357  0.0343
  0.0487  0.0478  0.0418  0.0409  0.0422  0.0383
niter,ni,del,rscale     3    3   12.0000    1.2000
parameters
   -1.0601   -6.7500   14.5612    0.4400   -1.4438   -0.5833
eta,q 0.96976 10.87443
  0.0507  0.0483  0.0420  0.0421  0.0402  0.0378
  0.0410  0.0394  0.0361  0.0371  0.0356  0.0346
  0.0328  0.0322  0.0319  0.0321  0.0319  0.0316
  0.0302  0.0303  0.0302  0.0302  0.0302  0.0302
  0.0334  0.0339  0.0321  0.0324  0.0311  0.0311
  0.0409  0.0399  0.0364  0.0372  0.0353  0.0342
  0.0489  0.0484  0.0417  0.0410  0.0417  0.0382
niter,ni,del,rscale     2    3   12.0000    1.2000
parameters
   -1.0223   -6.7861   14.5574    0.4845   -1.4862   -0.5649
eta,q 0.96976 10.87488
  0.0503  0.0484  0.0419  0.0420  0.0403  0.0378
  0.0406  0.0395  0.0360  0.0369  0.0357  0.0346
  0.0327  0.0323  0.0319  0.0320  0.0319  0.0316
  0.0302  0.0303  0.0302  0.0302  0.0302  0.0302
  0.0335  0.0339  0.0321  0.0325  0.0310  0.0311
  0.0410  0.0399  0.0364  0.0373  0.0351  0.0342
  0.0490  0.0483  0.0417  0.0411  0.0415  0.0382
registration optimization eta report
parameter search radius
    6.0000    6.0000    6.0000    6.0000    6.0000    6.0000
100000*second partial in parameter space
       53.       49.       31.       30.       29.       21.
  0.0503  0.0484  0.0419  0.0420  0.0403  0.0378
  0.0406  0.0395  0.0360  0.0369  0.0357  0.0346
  0.0327  0.0323  0.0319  0.0320  0.0319  0.0316
  0.0302  0.0303  0.0302  0.0302  0.0302  0.0302
  0.0335  0.0339  0.0321  0.0325  0.0310  0.0311
  0.0410  0.0399  0.0364  0.0373  0.0351  0.0342
  0.0490  0.0483  0.0417  0.0411  0.0415  0.0382
   -1.0223   -6.7861   14.5574    0.4845   -1.4862   -0.5649
eta,q 0.96976 10.87488

---------------------------------------------------------------------
imgreg_4dfp /opt/freesurfer/average/711-2C_as_mni_average_305 /opt/freesurfer/average/711-2B_as_mni_average_305_mask talsrcimg_g11 none talsrcimg_to_711-2C_as_mni_average_305_t4 3335
---------------------------------------------------------------------

freesurfer imgreg_4dfp.c
/opt/freesurfer/average/711-2C_as_mni_average_305.4dfp.img
       256       256       256         1
  1.000000  1.000000  1.000000
orientation T byte_order littleendian
Reading image: /opt/freesurfer/average/711-2C_as_mni_average_305.4dfp.img
dimensions:      256       256       256
mmppix:       1.0000   -1.0000   -1.0000
center:     128.0000 -129.0000 -129.0000
/opt/freesurfer/average/711-2B_as_mni_average_305_mask.4dfp.img
       256       256       256         1
  1.000000  1.000000  1.000000
orientation T byte_order littleendian
Reading mask: /opt/freesurfer/average/711-2B_as_mni_average_305_mask.4dfp.img (2306576 pixels)
talsrcimg_g11.4dfp.img
       256       256       256         1
  1.000000  1.000000  1.000000
orientation T byte_order littleendian
Reading image: talsrcimg_g11.4dfp.img
dimensions:      256       256       256
mmppix:       1.0000   -1.0000   -1.0000
center:     128.0000 -129.0000 -129.0000
fimgreg.f
image alignment mode   3335 decimal      D07 hex
parameters
   -1.0223   -6.7861   14.5574   -0.0385   -0.0086   -0.0372
    1.0078    2.5851   -0.9856   -0.8712   -2.5937    0.8453
eta,q 0.96827 10.98822
niter,ni,del,rscale     5    3    5.0000    1.2000
parameter  5  1.372568 ->  0.500000 qaram    1.1500
parameter 12  0.848640 ->  0.500000 qaram    1.1500
parameters
   -1.2407   -6.8135   14.8104   -2.3278   -4.1486   -0.7193
    1.5874    3.1594    0.5849   -4.0185   -1.6682   -3.2947
eta,q 0.97465 10.69346
  0.0349  0.0346  0.0344  0.0332  0.0255  0.0302  0.0304  0.0324  0.0300  0.0277  0.0277  0.0254
  0.0329  0.0330  0.0331  0.0323  0.0267  0.0293  0.0289  0.0302  0.0287  0.0265  0.0270  0.0253
  0.0319  0.0320  0.0321  0.0315  0.0288  0.0282  0.0278  0.0283  0.0278  0.0264  0.0265  0.0256
  0.0317  0.0317  0.0317  0.0317  0.0315  0.0272  0.0273  0.0273  0.0273  0.0272  0.0263  0.0263
  0.0325  0.0321  0.0318  0.0330  0.0351  0.0277  0.0275  0.0276  0.0272  0.0287  0.0263  0.0272
  0.0340  0.0331  0.0324  0.0357  0.0398  0.0296  0.0283  0.0290  0.0276  0.0311  0.0266  0.0283
  0.0361  0.0347  0.0335  0.0392  0.0446  0.0326  0.0296  0.0312  0.0284  0.0341  0.0271  0.0297
niter,ni,del,rscale     6    3    5.0000    1.2000
parameter  5  0.599889 ->  0.500000 qaram    1.3225
parameters
   -1.2423   -6.7778   14.9722   -1.5409   -8.9096    0.1942
    1.4133    3.1604    0.6110   -3.9910   -1.3729   -4.9229
eta,q 0.97715 10.48769
  0.0288  0.0286  0.0274  0.0288  0.0241  0.0265  0.0255  0.0276  0.0250  0.0266  0.0245  0.0242
  0.0269  0.0269  0.0263  0.0276  0.0234  0.0256  0.0242  0.0254  0.0239  0.0246  0.0238  0.0232
  0.0258  0.0258  0.0256  0.0264  0.0236  0.0247  0.0232  0.0237  0.0232  0.0234  0.0232  0.0229
  0.0253  0.0253  0.0253  0.0254  0.0251  0.0234  0.0230  0.0230  0.0230  0.0230  0.0230  0.0230
  0.0257  0.0257  0.0255  0.0250  0.0282  0.0228  0.0233  0.0235  0.0232  0.0233  0.0230  0.0235
  0.0269  0.0268  0.0261  0.0259  0.0322  0.0237  0.0243  0.0253  0.0239  0.0246  0.0235  0.0244
  0.0288  0.0285  0.0269  0.0282  0.0373  0.0261  0.0258  0.0278  0.0250  0.0265  0.0244  0.0254
niter,ni,del,rscale     6    3    5.0000    1.2000
parameters
   -1.2553   -6.5988   15.3559   -0.8843  -10.1072    0.3819
    1.4839    3.1573    0.7021   -3.8894   -1.3987   -4.8407
eta,q 0.97735 10.45582
  0.0264  0.0262  0.0255  0.0262  0.0272  0.0260  0.0254  0.0273  0.0247  0.0262  0.0243  0.0247
  0.0244  0.0244  0.0242  0.0250  0.0249  0.0250  0.0240  0.0251  0.0236  0.0242  0.0235  0.0235
  0.0232  0.0233  0.0233  0.0238  0.0232  0.0240  0.0230  0.0234  0.0229  0.0229  0.0229  0.0229
  0.0228  0.0228  0.0228  0.0228  0.0226  0.0227  0.0227  0.0227  0.0227  0.0226  0.0227  0.0227
  0.0233  0.0231  0.0229  0.0226  0.0235  0.0226  0.0230  0.0232  0.0228  0.0230  0.0228  0.0229
  0.0245  0.0239  0.0233  0.0235  0.0265  0.0240  0.0239  0.0249  0.0235  0.0241  0.0234  0.0236
  0.0264  0.0253  0.0242  0.0258  0.0311  0.0266  0.0254  0.0275  0.0246  0.0259  0.0243  0.0245
niter,ni,del,rscale     5    3    5.0000    1.2000
parameters
   -1.2438   -6.5645   15.4922   -0.7489  -10.2823    0.4553
    1.4642    3.1729    0.7072   -3.9230   -1.3977   -4.7836
eta,q 0.97738 10.45315
  0.0263  0.0254  0.0249  0.0259  0.0279  0.0260  0.0253  0.0273  0.0246  0.0260  0.0242  0.0247
  0.0243  0.0239  0.0237  0.0247  0.0256  0.0249  0.0239  0.0251  0.0235  0.0241  0.0234  0.0235
  0.0231  0.0229  0.0230  0.0235  0.0236  0.0239  0.0230  0.0234  0.0229  0.0229  0.0229  0.0228
  0.0227  0.0227  0.0227  0.0227  0.0226  0.0227  0.0226  0.0226  0.0226  0.0226  0.0226  0.0226
  0.0231  0.0229  0.0228  0.0227  0.0228  0.0226  0.0229  0.0231  0.0228  0.0230  0.0228  0.0229
  0.0243  0.0238  0.0235  0.0239  0.0251  0.0240  0.0239  0.0249  0.0235  0.0242  0.0234  0.0236
  0.0262  0.0252  0.0244  0.0263  0.0292  0.0267  0.0254  0.0274  0.0246  0.0259  0.0243  0.0245
niter,ni,del,rscale     4    3    5.0000    1.2000
parameters
   -1.2371   -6.5732   15.5318   -0.7323  -10.3115    0.4777
    1.4681    3.1768    0.7091   -3.9514   -1.3950   -4.7405
eta,q 0.97739 10.45286
  0.0262  0.0253  0.0247  0.0258  0.0280  0.0259  0.0253  0.0273  0.0246  0.0260  0.0242  0.0247
  0.0242  0.0238  0.0236  0.0246  0.0257  0.0249  0.0239  0.0251  0.0235  0.0240  0.0234  0.0235
  0.0230  0.0229  0.0229  0.0235  0.0237  0.0238  0.0230  0.0234  0.0228  0.0229  0.0229  0.0228
  0.0226  0.0226  0.0226  0.0226  0.0226  0.0226  0.0226  0.0226  0.0226  0.0226  0.0226  0.0226
  0.0231  0.0230  0.0229  0.0227  0.0228  0.0226  0.0229  0.0231  0.0228  0.0230  0.0228  0.0229
  0.0243  0.0239  0.0235  0.0240  0.0249  0.0241  0.0239  0.0249  0.0235  0.0242  0.0234  0.0236
  0.0261  0.0253  0.0245  0.0264  0.0290  0.0268  0.0254  0.0275  0.0246  0.0259  0.0243  0.0245
niter,ni,del,rscale     3    3    5.0000    1.2000
parameters
   -1.2347   -6.5795   15.5425   -0.7303  -10.3200    0.4826
    1.4675    3.1792    0.7066   -3.9649   -1.3835   -4.7347
eta,q 0.97738 10.45246
  0.0262  0.0253  0.0247  0.0258  0.0280  0.0259  0.0253  0.0273  0.0246  0.0260  0.0242  0.0246
  0.0242  0.0238  0.0235  0.0246  0.0257  0.0249  0.0239  0.0250  0.0235  0.0241  0.0234  0.0235
  0.0230  0.0229  0.0228  0.0235  0.0237  0.0238  0.0230  0.0234  0.0228  0.0229  0.0229  0.0228
  0.0226  0.0226  0.0226  0.0226  0.0226  0.0226  0.0226  0.0226  0.0226  0.0226  0.0226  0.0226
  0.0231  0.0229  0.0229  0.0227  0.0228  0.0226  0.0229  0.0231  0.0228  0.0230  0.0228  0.0229
  0.0243  0.0238  0.0236  0.0240  0.0248  0.0241  0.0239  0.0249  0.0235  0.0242  0.0234  0.0236
  0.0262  0.0253  0.0246  0.0264  0.0289  0.0268  0.0254  0.0275  0.0246  0.0259  0.0243  0.0245
registration optimization eta report
parameter search radius
    2.4000    2.4000    2.4000    7.2000    9.5220    7.2000
    7.2000    7.2000    7.2000    7.2000    7.2000    8.2800
100000*second partial in parameter space
       62.       46.       35.        7.        6.        7.
        5.        9.        4.        6.        3.        3.
  0.0262  0.0253  0.0247  0.0258  0.0280  0.0259  0.0253  0.0273  0.0246  0.0260  0.0242  0.0246
  0.0242  0.0238  0.0235  0.0246  0.0257  0.0249  0.0239  0.0250  0.0235  0.0241  0.0234  0.0235
  0.0230  0.0229  0.0228  0.0235  0.0237  0.0238  0.0230  0.0234  0.0228  0.0229  0.0229  0.0228
  0.0226  0.0226  0.0226  0.0226  0.0226  0.0226  0.0226  0.0226  0.0226  0.0226  0.0226  0.0226
  0.0231  0.0229  0.0229  0.0227  0.0228  0.0226  0.0229  0.0231  0.0228  0.0230  0.0228  0.0229
  0.0243  0.0238  0.0236  0.0240  0.0248  0.0241  0.0239  0.0249  0.0235  0.0242  0.0234  0.0236
  0.0262  0.0253  0.0246  0.0264  0.0289  0.0268  0.0254  0.0275  0.0246  0.0259  0.0243  0.0245
   -1.2347   -6.5795   15.5425   -0.7303  -10.3200    0.4826
    1.4675    3.1792    0.7066   -3.9649   -1.3835   -4.7347
eta,q 0.97738 10.45246

---------------------------------------------------------------------
imgreg_4dfp /opt/freesurfer/average/711-2C_as_mni_average_305 /opt/freesurfer/average/711-2B_as_mni_average_305_mask talsrcimg_g11 none talsrcimg_to_711-2C_as_mni_average_305_t4 2311
---------------------------------------------------------------------

freesurfer imgreg_4dfp.c
/opt/freesurfer/average/711-2C_as_mni_average_305.4dfp.img
       256       256       256         1
  1.000000  1.000000  1.000000
orientation T byte_order littleendian
Reading image: /opt/freesurfer/average/711-2C_as_mni_average_305.4dfp.img
dimensions:      256       256       256
mmppix:       1.0000   -1.0000   -1.0000
center:     128.0000 -129.0000 -129.0000
/opt/freesurfer/average/711-2B_as_mni_average_305_mask.4dfp.img
       256       256       256         1
  1.000000  1.000000  1.000000
orientation T byte_order littleendian
Reading mask: /opt/freesurfer/average/711-2B_as_mni_average_305_mask.4dfp.img (2306576 pixels)
talsrcimg_g11.4dfp.img
       256       256       256         1
  1.000000  1.000000  1.000000
orientation T byte_order littleendian
Reading image: talsrcimg_g11.4dfp.img
dimensions:      256       256       256
mmppix:       1.0000   -1.0000   -1.0000
center:     128.0000 -129.0000 -129.0000
fimgreg.f
image alignment mode   2311 decimal      907 hex
parameters
   -1.2347   -6.5795   15.5425   -0.7303  -10.3200    0.4826
    1.4675    3.1792    0.7066   -3.9649   -1.3835   -4.7347
eta,q 0.97738 10.45246
niter,ni,del,rscale     5    3    5.0000    0.8000
parameters
   -1.2518   -6.6044   15.5167   -0.1186   -9.3909    1.0384
    1.4803    3.1772    0.6982   -3.8144   -1.5269   -4.7617
eta,q 0.97766 10.53050
  0.0242  0.0238  0.0235  0.0246  0.0246  0.0247  0.0237  0.0250  0.0233  0.0241  0.0232  0.0231
  0.0233  0.0231  0.0230  0.0238  0.0236  0.0240  0.0230  0.0236  0.0228  0.0231  0.0227  0.0227
  0.0228  0.0227  0.0227  0.0231  0.0229  0.0232  0.0225  0.0227  0.0225  0.0225  0.0224  0.0224
  0.0226  0.0226  0.0226  0.0226  0.0225  0.0224  0.0223  0.0223  0.0223  0.0223  0.0223  0.0223
  0.0228  0.0228  0.0227  0.0226  0.0224  0.0224  0.0225  0.0226  0.0224  0.0224  0.0224  0.0224
  0.0234  0.0232  0.0231  0.0230  0.0227  0.0230  0.0230  0.0236  0.0228  0.0230  0.0228  0.0227
  0.0243  0.0238  0.0236  0.0240  0.0235  0.0242  0.0237  0.0250  0.0233  0.0239  0.0233  0.0231
niter,ni,del,rscale     4    3    5.0000    0.7000
parameters
   -1.2398   -6.6530   15.5979   -0.2463   -9.3735    1.3083
    1.4415    3.2230    0.7186   -3.8210   -1.6173   -4.6879
eta,q 0.97770 10.53714
  0.0237  0.0232  0.0232  0.0238  0.0236  0.0243  0.0234  0.0245  0.0231  0.0236  0.0230  0.0229
  0.0229  0.0227  0.0227  0.0231  0.0229  0.0236  0.0228  0.0234  0.0227  0.0229  0.0226  0.0226
  0.0225  0.0224  0.0225  0.0226  0.0225  0.0228  0.0224  0.0226  0.0224  0.0224  0.0224  0.0224
  0.0223  0.0223  0.0223  0.0223  0.0223  0.0223  0.0223  0.0223  0.0223  0.0223  0.0223  0.0223
  0.0225  0.0225  0.0224  0.0225  0.0224  0.0224  0.0224  0.0225  0.0224  0.0224  0.0224  0.0223
  0.0229  0.0228  0.0226  0.0231  0.0228  0.0230  0.0228  0.0233  0.0226  0.0228  0.0226  0.0226
  0.0237  0.0234  0.0230  0.0241  0.0236  0.0241  0.0234  0.0244  0.0231  0.0236  0.0231  0.0229
niter,ni,del,rscale     3    3    5.0000    0.6000
parameters
   -1.2396   -6.6830   15.6497   -0.2392   -9.3129    1.4595
    1.4177    3.2483    0.7347   -3.8083   -1.6592   -4.6142
eta,q 0.97771 10.54554
  0.0233  0.0230  0.0229  0.0235  0.0232  0.0239  0.0231  0.0239  0.0229  0.0232  0.0228  0.0228
  0.0228  0.0226  0.0226  0.0229  0.0227  0.0232  0.0227  0.0231  0.0226  0.0227  0.0225  0.0225
  0.0224  0.0224  0.0224  0.0225  0.0224  0.0226  0.0224  0.0225  0.0224  0.0224  0.0223  0.0224
  0.0223  0.0223  0.0223  0.0223  0.0223  0.0223  0.0223  0.0223  0.0223  0.0223  0.0223  0.0223
  0.0224  0.0224  0.0224  0.0224  0.0223  0.0224  0.0224  0.0225  0.0224  0.0224  0.0223  0.0223
  0.0228  0.0227  0.0225  0.0228  0.0226  0.0229  0.0227  0.0230  0.0225  0.0227  0.0225  0.0225
  0.0233  0.0231  0.0228  0.0235  0.0232  0.0238  0.0231  0.0239  0.0229  0.0233  0.0229  0.0227
niter,ni,del,rscale     2    3    5.0000    0.5000
parameters
   -1.2375   -6.7034   15.6827   -0.2117   -9.2530    1.5494
    1.3929    3.2671    0.7372   -3.7788   -1.6918   -4.5459
eta,q 0.97772 10.55292
  0.0230  0.0228  0.0227  0.0231  0.0229  0.0235  0.0228  0.0234  0.0227  0.0229  0.0227  0.0226
  0.0226  0.0225  0.0225  0.0227  0.0226  0.0229  0.0225  0.0228  0.0225  0.0226  0.0224  0.0224
  0.0224  0.0223  0.0223  0.0224  0.0224  0.0225  0.0223  0.0224  0.0223  0.0224  0.0223  0.0223
  0.0223  0.0223  0.0223  0.0223  0.0223  0.0223  0.0223  0.0223  0.0223  0.0223  0.0223  0.0223
  0.0224  0.0224  0.0223  0.0224  0.0223  0.0224  0.0224  0.0224  0.0223  0.0223  0.0223  0.0223
  0.0226  0.0225  0.0225  0.0226  0.0225  0.0228  0.0225  0.0228  0.0225  0.0225  0.0225  0.0224
  0.0230  0.0228  0.0227  0.0232  0.0229  0.0234  0.0229  0.0234  0.0227  0.0229  0.0227  0.0226
niter,ni,del,rscale     1    3    5.0000    0.4000
parameters
   -1.2385   -6.7145   15.6988   -0.1918   -9.1792    1.6049
    1.3679    3.2798    0.7450   -3.7104   -1.7086   -4.5118
eta,q 0.97772 10.56017
  0.0227  0.0226  0.0226  0.0228  0.0227  0.0231  0.0226  0.0230  0.0225  0.0227  0.0225  0.0225
  0.0225  0.0224  0.0224  0.0226  0.0225  0.0227  0.0224  0.0226  0.0224  0.0225  0.0224  0.0224
  0.0223  0.0223  0.0223  0.0224  0.0223  0.0224  0.0223  0.0224  0.0223  0.0223  0.0223  0.0223
  0.0223  0.0223  0.0223  0.0223  0.0223  0.0223  0.0223  0.0223  0.0223  0.0223  0.0223  0.0223
  0.0223  0.0223  0.0223  0.0223  0.0223  0.0224  0.0223  0.0224  0.0223  0.0223  0.0223  0.0223
  0.0225  0.0224  0.0224  0.0225  0.0224  0.0226  0.0225  0.0226  0.0224  0.0224  0.0224  0.0224
  0.0227  0.0226  0.0225  0.0229  0.0227  0.0230  0.0227  0.0230  0.0225  0.0227  0.0225  0.0225
registration optimization eta report
parameter search radius
    0.8000    0.8000    0.8000    2.4000    2.4000    2.4000
    2.4000    2.4000    2.4000    2.4000    2.4000    2.4000
100000*second partial in parameter space
       72.       51.       42.       10.        7.       13.
        6.       13.        5.        7.        4.        4.
  0.0227  0.0226  0.0226  0.0228  0.0227  0.0231  0.0226  0.0230  0.0225  0.0227  0.0225  0.0225
  0.0225  0.0224  0.0224  0.0226  0.0225  0.0227  0.0224  0.0226  0.0224  0.0225  0.0224  0.0224
  0.0223  0.0223  0.0223  0.0224  0.0223  0.0224  0.0223  0.0224  0.0223  0.0223  0.0223  0.0223
  0.0223  0.0223  0.0223  0.0223  0.0223  0.0223  0.0223  0.0223  0.0223  0.0223  0.0223  0.0223
  0.0223  0.0223  0.0223  0.0223  0.0223  0.0224  0.0223  0.0224  0.0223  0.0223  0.0223  0.0223
  0.0225  0.0224  0.0224  0.0225  0.0224  0.0226  0.0225  0.0226  0.0224  0.0224  0.0224  0.0224
  0.0227  0.0226  0.0225  0.0229  0.0227  0.0230  0.0227  0.0230  0.0225  0.0227  0.0225  0.0225
   -1.2385   -6.7145   15.6988   -0.1918   -9.1792    1.6049
    1.3679    3.2798    0.7450   -3.7104   -1.7086   -4.5118
eta,q 0.97772 10.56017

---------------------------------------------------------------------
imgreg_4dfp /opt/freesurfer/average/711-2C_as_mni_average_305 /opt/freesurfer/average/711-2B_as_mni_average_305_mask talsrcimg_g11 none talsrcimg_to_711-2C_as_mni_average_305_t4 2311
---------------------------------------------------------------------

freesurfer imgreg_4dfp.c
/opt/freesurfer/average/711-2C_as_mni_average_305.4dfp.img
       256       256       256         1
  1.000000  1.000000  1.000000
orientation T byte_order littleendian
Reading image: /opt/freesurfer/average/711-2C_as_mni_average_305.4dfp.img
dimensions:      256       256       256
mmppix:       1.0000   -1.0000   -1.0000
center:     128.0000 -129.0000 -129.0000
/opt/freesurfer/average/711-2B_as_mni_average_305_mask.4dfp.img
       256       256       256         1
  1.000000  1.000000  1.000000
orientation T byte_order littleendian
Reading mask: /opt/freesurfer/average/711-2B_as_mni_average_305_mask.4dfp.img (2306576 pixels)
talsrcimg_g11.4dfp.img
       256       256       256         1
  1.000000  1.000000  1.000000
orientation T byte_order littleendian
Reading image: talsrcimg_g11.4dfp.img
dimensions:      256       256       256
mmppix:       1.0000   -1.0000   -1.0000
center:     128.0000 -129.0000 -129.0000
fimgreg.f
image alignment mode   2311 decimal      907 hex
parameters
   -1.2385   -6.7145   15.6988   -0.1918   -9.1792    1.6049
    1.3679    3.2798    0.7450   -3.7104   -1.7086   -4.5118
eta,q 0.97772 10.56017
niter,ni,del,rscale     5    3    5.0000    0.8000
parameters
   -1.2166   -6.6965   15.7087   -0.5190   -9.4542    1.3672
    1.4234    3.2720    0.7115   -3.9412   -1.6429   -4.6351
eta,q 0.97768 10.52834
  0.0241  0.0237  0.0233  0.0240  0.0238  0.0244  0.0237  0.0249  0.0233  0.0239  0.0232  0.0231
  0.0231  0.0229  0.0228  0.0232  0.0230  0.0236  0.0230  0.0236  0.0228  0.0229  0.0228  0.0227
  0.0225  0.0224  0.0224  0.0225  0.0225  0.0227  0.0225  0.0227  0.0224  0.0225  0.0225  0.0224
  0.0223  0.0223  0.0223  0.0223  0.0223  0.0223  0.0223  0.0223  0.0223  0.0223  0.0223  0.0223
  0.0225  0.0224  0.0224  0.0225  0.0224  0.0226  0.0225  0.0226  0.0224  0.0225  0.0224  0.0224
  0.0231  0.0229  0.0227  0.0233  0.0231  0.0236  0.0229  0.0236  0.0228  0.0231  0.0227  0.0227
  0.0240  0.0236  0.0233  0.0247  0.0243  0.0252  0.0237  0.0250  0.0233  0.0242  0.0232  0.0231
niter,ni,del,rscale     4    3    5.0000    0.7000
parameters
   -1.2307   -6.6976   15.6625   -0.3568   -9.4210    1.3898
    1.4504    3.2637    0.7244   -3.8791   -1.6464   -4.6416
eta,q 0.97770 10.53466
  0.0237  0.0233  0.0231  0.0239  0.0235  0.0242  0.0234  0.0244  0.0231  0.0236  0.0230  0.0229
  0.0229  0.0227  0.0226  0.0232  0.0229  0.0234  0.0228  0.0233  0.0227  0.0229  0.0226  0.0226
  0.0225  0.0224  0.0224  0.0226  0.0225  0.0227  0.0224  0.0226  0.0224  0.0225  0.0224  0.0224
  0.0223  0.0223  0.0223  0.0223  0.0223  0.0223  0.0223  0.0223  0.0223  0.0223  0.0223  0.0223
  0.0225  0.0224  0.0224  0.0224  0.0224  0.0225  0.0224  0.0225  0.0224  0.0224  0.0224  0.0224
  0.0230  0.0228  0.0227  0.0229  0.0228  0.0232  0.0228  0.0233  0.0226  0.0228  0.0226  0.0226
  0.0237  0.0233  0.0232  0.0238  0.0236  0.0243  0.0234  0.0245  0.0231  0.0236  0.0230  0.0229
niter,ni,del,rscale     3    3    5.0000    0.6000
parameters
   -1.2350   -6.6925   15.6675   -0.2640   -9.3366    1.4736
    1.4256    3.2639    0.7339   -3.8254   -1.6677   -4.6042
eta,q 0.97771 10.54415
  0.0233  0.0230  0.0229  0.0235  0.0232  0.0238  0.0231  0.0239  0.0229  0.0233  0.0228  0.0228
  0.0227  0.0226  0.0226  0.0229  0.0228  0.0232  0.0226  0.0231  0.0226  0.0227  0.0225  0.0225
  0.0224  0.0224  0.0224  0.0225  0.0224  0.0226  0.0224  0.0225  0.0224  0.0224  0.0224  0.0224
  0.0223  0.0223  0.0223  0.0223  0.0223  0.0223  0.0223  0.0223  0.0223  0.0223  0.0223  0.0223
  0.0224  0.0224  0.0224  0.0224  0.0223  0.0224  0.0224  0.0225  0.0224  0.0224  0.0223  0.0223
  0.0228  0.0226  0.0226  0.0228  0.0226  0.0229  0.0227  0.0230  0.0225  0.0226  0.0225  0.0225
  0.0233  0.0230  0.0229  0.0235  0.0232  0.0238  0.0231  0.0239  0.0229  0.0232  0.0228  0.0227
niter,ni,del,rscale     2    3    5.0000    0.5000
parameters
   -1.2354   -6.7048   15.6855   -0.2151   -9.2573    1.5502
    1.3996    3.2710    0.7347   -3.7788   -1.6844   -4.5424
eta,q 0.97772 10.55270
  0.0230  0.0228  0.0227  0.0231  0.0229  0.0235  0.0228  0.0234  0.0227  0.0230  0.0227  0.0226
  0.0226  0.0225  0.0225  0.0227  0.0226  0.0229  0.0225  0.0228  0.0225  0.0226  0.0225  0.0224
  0.0224  0.0223  0.0223  0.0224  0.0224  0.0225  0.0223  0.0224  0.0223  0.0224  0.0223  0.0223
  0.0223  0.0223  0.0223  0.0223  0.0223  0.0223  0.0223  0.0223  0.0223  0.0223  0.0223  0.0223
  0.0224  0.0224  0.0223  0.0224  0.0223  0.0224  0.0224  0.0224  0.0223  0.0223  0.0223  0.0223
  0.0226  0.0225  0.0225  0.0226  0.0225  0.0228  0.0226  0.0228  0.0225  0.0225  0.0225  0.0224
  0.0230  0.0228  0.0227  0.0231  0.0229  0.0234  0.0229  0.0235  0.0227  0.0229  0.0227  0.0226
niter,ni,del,rscale     1    3    5.0000    0.4000
parameters
   -1.2378   -6.7139   15.7004   -0.1880   -9.1860    1.6025
    1.3738    3.2759    0.7469   -3.7239   -1.6975   -4.5008
eta,q 0.97773 10.55964
  0.0227  0.0226  0.0226  0.0229  0.0227  0.0231  0.0226  0.0230  0.0225  0.0227  0.0225  0.0225
  0.0225  0.0224  0.0224  0.0226  0.0225  0.0227  0.0224  0.0226  0.0224  0.0225  0.0224  0.0224
  0.0223  0.0223  0.0223  0.0224  0.0223  0.0224  0.0223  0.0224  0.0223  0.0223  0.0223  0.0223
  0.0223  0.0223  0.0223  0.0223  0.0223  0.0223  0.0223  0.0223  0.0223  0.0223  0.0223  0.0223
  0.0223  0.0223  0.0223  0.0223  0.0223  0.0224  0.0223  0.0224  0.0223  0.0223  0.0223  0.0223
  0.0225  0.0224  0.0224  0.0225  0.0224  0.0226  0.0225  0.0226  0.0224  0.0224  0.0224  0.0224
  0.0227  0.0226  0.0225  0.0229  0.0227  0.0230  0.0227  0.0230  0.0225  0.0227  0.0225  0.0225
registration optimization eta report
parameter search radius
    0.8000    0.8000    0.8000    2.4000    2.4000    2.4000
    2.4000    2.4000    2.4000    2.4000    2.4000    2.4000
100000*second partial in parameter space
       71.       51.       42.       10.        7.       13.
        6.       13.        5.        7.        4.        4.
  0.0227  0.0226  0.0226  0.0229  0.0227  0.0231  0.0226  0.0230  0.0225  0.0227  0.0225  0.0225
  0.0225  0.0224  0.0224  0.0226  0.0225  0.0227  0.0224  0.0226  0.0224  0.0225  0.0224  0.0224
  0.0223  0.0223  0.0223  0.0224  0.0223  0.0224  0.0223  0.0224  0.0223  0.0223  0.0223  0.0223
  0.0223  0.0223  0.0223  0.0223  0.0223  0.0223  0.0223  0.0223  0.0223  0.0223  0.0223  0.0223
  0.0223  0.0223  0.0223  0.0223  0.0223  0.0224  0.0223  0.0224  0.0223  0.0223  0.0223  0.0223
  0.0225  0.0224  0.0224  0.0225  0.0224  0.0226  0.0225  0.0226  0.0224  0.0224  0.0224  0.0224
  0.0227  0.0226  0.0225  0.0229  0.0227  0.0230  0.0227  0.0230  0.0225  0.0227  0.0225  0.0225
   -1.2378   -6.7139   15.7004   -0.1880   -9.1860    1.6025
    1.3738    3.2759    0.7469   -3.7239   -1.6975   -4.5008
eta,q 0.97773 10.55964

---------------------------------------------------------------------
compute_vox2vox talsrcimg talsrcimg_to_711-2C_as_mni_average_305_t4 /opt/freesurfer/average/711-2C_as_mni_average_305
---------------------------------------------------------------------

freesurfer compute_vox2vox.c
Reading: talsrcimg.4dfp.ifh
Reading: talsrcimg_to_711-2C_as_mni_average_305_t4
Reading: /opt/freesurfer/average/711-2C_as_mni_average_305.4dfp.ifh
Writing: talsrcimg_to_711-2C_as_mni_average_305_t4_vox2vox.txt

start time Mon Mar 9 08:47:36 CET 2026
end		time Mon Mar 9 08:47:50 CET 2026

mpr2mni305 success

avi2talxfm orig_nu.mgz /opt/freesurfer/average/mni305.cor.mgz talsrcimg_to_711-2C_as_mni_average_305_t4_vox2vox.txt transforms/talairach.auto.xfm
avi2talxfm done
mv -f /out/sourcedata/freesurfer/sub-v1s20x0050339_ses-1/mri/talsrcimg_to_711-2C_as_mni_average_305_t4_vox2vox.txt /out/sourcedata/freesurfer/sub-v1s20x0050339_ses-1/mri/transforms/talsrcimg_to_711-2C_as_mni_average_305_t4_vox2vox.txt
lta_convert --src orig_nu.mgz --trg /opt/freesurfer/average/mni305.cor.mgz --inxfm transforms/talairach.auto.xfm --outlta transforms/talairach.auto.xfm.lta --subject fsaverage
7.3.2

--src: orig_nu.mgz src image (geometry).
--trg: /opt/freesurfer/average/mni305.cor.mgz trg image (geometry).
--inmni: transforms/talairach.auto.xfm input MNI/XFM transform.
--outlta: transforms/talairach.auto.xfm.lta output LTA.
--s: fsaverage subject name
 LTA read, type : 1
 1.00145  -0.03290  -0.01678   1.13061;
 0.01640   0.98548   0.04859  -15.68315;
-0.00756   0.04068   1.10328   6.01080;
 0.00000   0.00000   0.00000   1.00000;
setting subject to fsaverage
Writing  LTA to file transforms/talairach.auto.xfm.lta...
lta_convert successful.
 
 
Started at Mon Mar 9 08:47:36 CET 2026
Ended   at Mon Mar  9 08:47:50 CET 2026
talairach_avi done
