status file for recon-all
Mon Mar  9 07:45:56 CET 2026
#@# MotionCor Mon Mar  9 07:45:57 CET 2026
#@# Talairach Mon Mar  9 07:46:06 CET 2026
#@# Talairach Failure Detection Mon Mar  9 07:50:33 CET 2026
#@# Nu Intensity Correction Mon Mar  9 07:50:33 CET 2026
#@# Intensity Normalization Mon Mar  9 07:53:48 CET 2026
recon-all -s sub-v1s20x0050317_ses-1 finished without error at Mon Mar  9 07:55:18 CET 2026



#New# invocation of recon-all 



status file for recon-all
Mon Mar  9 08:02:12 CET 2026
#@# EM Registration Mon Mar  9 08:02:12 CET 2026
recon-all -s sub-v1s20x0050317_ses-1 finished without error at Mon Mar  9 08:04:14 CET 2026



#New# invocation of recon-all 



status file for recon-all
Mon Mar  9 08:04:17 CET 2026
#@# CA Normalize Mon Mar  9 08:04:17 CET 2026
#@# CA Reg Mon Mar  9 08:05:37 CET 2026
#@# SubCort Seg Mon Mar  9 08:54:55 CET 2026
#@# CC Seg Mon Mar  9 09:28:10 CET 2026
#@# Merge ASeg Mon Mar  9 09:28:48 CET 2026
#@# Intensity Normalization2 Mon Mar  9 09:28:48 CET 2026
#@# Mask BFS Mon Mar  9 09:30:54 CET 2026
#@# WM Segmentation Mon Mar  9 09:30:55 CET 2026
#@# Fill Mon Mar  9 09:33:02 CET 2026
recon-all -s sub-v1s20x0050317_ses-1 finished without error at Mon Mar  9 09:34:03 CET 2026



#New# invocation of recon-all 



status file for recon-all
Mon Mar  9 10:38:50 CET 2026
#@# white curv lh Mon Mar  9 10:38:50 CET 2026
#@# white area lh Mon Mar  9 10:38:50 CET 2026
#@# pial curv lh Mon Mar  9 10:38:50 CET 2026
#@# pial area lh Mon Mar  9 10:38:50 CET 2026
#@# thickness lh Mon Mar  9 10:38:50 CET 2026
#@# area and vertex vol lh Mon Mar  9 10:38:50 CET 2026
#@# white curv rh Mon Mar  9 10:38:50 CET 2026
#@# white area rh Mon Mar  9 10:38:50 CET 2026
#@# pial curv rh Mon Mar  9 10:38:50 CET 2026
#@# pial area rh Mon Mar  9 10:38:50 CET 2026
#@# thickness rh Mon Mar  9 10:38:50 CET 2026
#@# area and vertex vol rh Mon Mar  9 10:38:50 CET 2026
#@# Cortical ribbon mask Mon Mar  9 10:38:50 CET 2026
recon-all -s sub-v1s20x0050317_ses-1 finished without error at Mon Mar  9 10:42:30 CET 2026



#New# invocation of recon-all 



status file for recon-all
Mon Mar  9 10:48:46 CET 2026
#@# white curv lh Mon Mar  9 10:48:46 CET 2026
#@# white area lh Mon Mar  9 10:48:46 CET 2026
#@# pial curv lh Mon Mar  9 10:48:46 CET 2026
#@# pial area lh Mon Mar  9 10:48:46 CET 2026
#@# thickness lh Mon Mar  9 10:48:46 CET 2026
#@# area and vertex vol lh Mon Mar  9 10:48:46 CET 2026
#@# white curv rh Mon Mar  9 10:48:47 CET 2026
#@# white area rh Mon Mar  9 10:48:47 CET 2026
#@# pial curv rh Mon Mar  9 10:48:47 CET 2026
#@# pial area rh Mon Mar  9 10:48:47 CET 2026
#@# thickness rh Mon Mar  9 10:48:47 CET 2026
#@# area and vertex vol rh Mon Mar  9 10:48:47 CET 2026
#@# Curvature Stats lh Mon Mar  9 10:48:47 CET 2026
#@# Curvature Stats rh Mon Mar  9 10:48:49 CET 2026
#@# Relabel Hypointensities Mon Mar  9 10:48:51 CET 2026
#@# APas-to-ASeg Mon Mar  9 10:49:07 CET 2026
#@# AParc-to-ASeg aparc Mon Mar  9 10:49:14 CET 2026
#@# AParc-to-ASeg aparc.a2009s Mon Mar  9 10:49:45 CET 2026
#@# AParc-to-ASeg aparc.DKTatlas Mon Mar  9 10:50:15 CET 2026
#@# WMParc Mon Mar  9 10:50:45 CET 2026
#@# ASeg Stats Mon Mar  9 10:54:20 CET 2026
recon-all -s sub-v1s20x0050317_ses-1 finished without error at Mon Mar  9 10:55:00 CET 2026
