status file for recon-all
Mon Mar  9 09:34:06 CET 2026
#@# Tessellate lh Mon Mar  9 09:34:06 CET 2026
#@# Smooth1 lh Mon Mar  9 09:34:10 CET 2026
#@# Inflation1 lh Mon Mar  9 09:34:13 CET 2026
#@# QSphere lh Mon Mar  9 09:34:26 CET 2026
#@# Fix Topology lh Mon Mar  9 09:35:39 CET 2026
#@# Smooth2 lh Mon Mar  9 09:52:24 CET 2026
#@# Inflation2 lh Mon Mar  9 09:52:26 CET 2026
#@# Curv .H and .K lh Mon Mar  9 09:52:40 CET 2026
#@# Sphere lh Mon Mar  9 09:53:24 CET 2026
#@# Surf Reg lh Mon Mar  9 09:58:33 CET 2026
#@# Jacobian white lh Mon Mar  9 10:02:50 CET 2026
#@# AvgCurv lh Mon Mar  9 10:02:51 CET 2026
#@# Cortical Parc lh Mon Mar  9 10:02:52 CET 2026
#@# white curv lh Mon Mar  9 10:08:24 CET 2026
#@# white area lh Mon Mar  9 10:08:26 CET 2026
#@# pial curv lh Mon Mar  9 10:08:27 CET 2026
#@# pial area lh Mon Mar  9 10:08:29 CET 2026
#@# thickness lh Mon Mar  9 10:08:29 CET 2026
#@# area and vertex vol lh Mon Mar  9 10:08:58 CET 2026
#@# Curvature Stats lh Mon Mar  9 10:08:59 CET 2026
#@# Cortical Parc 2 lh Mon Mar  9 10:09:02 CET 2026
#@# Cortical Parc 3 lh Mon Mar  9 10:09:14 CET 2026
#@# WM/GM Contrast lh Mon Mar  9 10:09:24 CET 2026
recon-all -s sub-v1s20x0050317_ses-1 finished without error at Mon Mar  9 10:09:28 CET 2026



#New# invocation of recon-all 



status file for recon-all
Mon Mar  9 10:42:34 CET 2026
#@# white curv lh Mon Mar  9 10:42:34 CET 2026
#@# white area lh Mon Mar  9 10:42:34 CET 2026
#@# pial curv lh Mon Mar  9 10:42:34 CET 2026
#@# pial area lh Mon Mar  9 10:42:34 CET 2026
#@# thickness lh Mon Mar  9 10:42:35 CET 2026
#@# area and vertex vol lh Mon Mar  9 10:42:35 CET 2026
#@# Parcellation Stats lh Mon Mar  9 10:42:35 CET 2026
#@# Parcellation Stats 2 lh Mon Mar  9 10:42:51 CET 2026
#@# Parcellation Stats 3 lh Mon Mar  9 10:43:00 CET 2026
#@# BA_exvivo Labels lh Mon Mar  9 10:43:08 CET 2026
recon-all -s sub-v1s20x0050317_ses-1 finished without error at Mon Mar  9 10:45:35 CET 2026
