status file for recon-all
Thu Mar 12 15:41:28 CET 2026
#@# MotionCor Thu Mar 12 15:41:29 CET 2026
#@# Talairach Thu Mar 12 15:41:36 CET 2026
#@# Talairach Failure Detection Thu Mar 12 15:45:59 CET 2026
#@# Nu Intensity Correction Thu Mar 12 15:45:59 CET 2026
#@# Intensity Normalization Thu Mar 12 15:49:14 CET 2026
recon-all -s sub-v1s20x0050328_ses-1 finished without error at Thu Mar 12 15:50:48 CET 2026



#New# invocation of recon-all 



status file for recon-all
Thu Mar 12 15:58:04 CET 2026
#@# EM Registration Thu Mar 12 15:58:04 CET 2026
recon-all -s sub-v1s20x0050328_ses-1 finished without error at Thu Mar 12 16:00:10 CET 2026



#New# invocation of recon-all 



status file for recon-all
Thu Mar 12 16:00:14 CET 2026
#@# CA Normalize Thu Mar 12 16:00:14 CET 2026
#@# CA Reg Thu Mar 12 16:01:36 CET 2026
#@# SubCort Seg Thu Mar 12 16:52:21 CET 2026
#@# CC Seg Thu Mar 12 17:27:10 CET 2026
#@# Merge ASeg Thu Mar 12 17:27:56 CET 2026
#@# Intensity Normalization2 Thu Mar 12 17:27:56 CET 2026
#@# Mask BFS Thu Mar 12 17:30:15 CET 2026
#@# WM Segmentation Thu Mar 12 17:30:16 CET 2026
#@# Fill Thu Mar 12 17:32:27 CET 2026
recon-all -s sub-v1s20x0050328_ses-1 finished without error at Thu Mar 12 17:33:30 CET 2026



#New# invocation of recon-all 



status file for recon-all
Thu Mar 12 18:36:06 CET 2026
#@# white curv lh Thu Mar 12 18:36:06 CET 2026
#@# white area lh Thu Mar 12 18:36:06 CET 2026
#@# pial curv lh Thu Mar 12 18:36:06 CET 2026
#@# pial area lh Thu Mar 12 18:36:07 CET 2026
#@# thickness lh Thu Mar 12 18:36:07 CET 2026
#@# area and vertex vol lh Thu Mar 12 18:36:07 CET 2026
#@# white curv rh Thu Mar 12 18:36:07 CET 2026
#@# white area rh Thu Mar 12 18:36:07 CET 2026
#@# pial curv rh Thu Mar 12 18:36:07 CET 2026
#@# pial area rh Thu Mar 12 18:36:07 CET 2026
#@# thickness rh Thu Mar 12 18:36:07 CET 2026
#@# area and vertex vol rh Thu Mar 12 18:36:07 CET 2026
#@# Cortical ribbon mask Thu Mar 12 18:36:07 CET 2026
recon-all -s sub-v1s20x0050328_ses-1 finished without error at Thu Mar 12 18:44:05 CET 2026



#New# invocation of recon-all 



status file for recon-all
Thu Mar 12 18:51:49 CET 2026
#@# white curv lh Thu Mar 12 18:51:49 CET 2026
#@# white area lh Thu Mar 12 18:51:49 CET 2026
#@# pial curv lh Thu Mar 12 18:51:49 CET 2026
#@# pial area lh Thu Mar 12 18:51:49 CET 2026
#@# thickness lh Thu Mar 12 18:51:49 CET 2026
#@# area and vertex vol lh Thu Mar 12 18:51:49 CET 2026
#@# white curv rh Thu Mar 12 18:51:49 CET 2026
#@# white area rh Thu Mar 12 18:51:49 CET 2026
#@# pial curv rh Thu Mar 12 18:51:49 CET 2026
#@# pial area rh Thu Mar 12 18:51:49 CET 2026
#@# thickness rh Thu Mar 12 18:51:49 CET 2026
#@# area and vertex vol rh Thu Mar 12 18:51:49 CET 2026
#@# Curvature Stats lh Thu Mar 12 18:51:49 CET 2026
#@# Curvature Stats rh Thu Mar 12 18:51:52 CET 2026
#@# Relabel Hypointensities Thu Mar 12 18:51:55 CET 2026
#@# APas-to-ASeg Thu Mar 12 18:52:11 CET 2026
#@# AParc-to-ASeg aparc Thu Mar 12 18:52:20 CET 2026
#@# AParc-to-ASeg aparc.a2009s Thu Mar 12 18:53:01 CET 2026
#@# AParc-to-ASeg aparc.DKTatlas Thu Mar 12 18:53:50 CET 2026
#@# WMParc Thu Mar 12 18:54:37 CET 2026
#@# ASeg Stats Thu Mar 12 18:58:20 CET 2026
recon-all -s sub-v1s20x0050328_ses-1 finished without error at Thu Mar 12 18:59:00 CET 2026
