status file for recon-all
Thu Mar 12 17:33:35 CET 2026
#@# Tessellate lh Thu Mar 12 17:33:35 CET 2026
#@# Smooth1 lh Thu Mar 12 17:33:39 CET 2026
#@# Inflation1 lh Thu Mar 12 17:33:42 CET 2026
#@# QSphere lh Thu Mar 12 17:33:57 CET 2026
#@# Fix Topology lh Thu Mar 12 17:35:11 CET 2026
#@# Smooth2 lh Thu Mar 12 17:43:57 CET 2026
#@# Inflation2 lh Thu Mar 12 17:44:01 CET 2026
#@# Curv .H and .K lh Thu Mar 12 17:44:16 CET 2026
#@# Sphere lh Thu Mar 12 17:45:08 CET 2026
#@# Surf Reg lh Thu Mar 12 17:50:44 CET 2026
#@# Jacobian white lh Thu Mar 12 17:56:07 CET 2026
#@# AvgCurv lh Thu Mar 12 17:56:09 CET 2026
#@# Cortical Parc lh Thu Mar 12 17:56:10 CET 2026
#@# white curv lh Thu Mar 12 18:03:36 CET 2026
#@# white area lh Thu Mar 12 18:03:38 CET 2026
#@# pial curv lh Thu Mar 12 18:03:39 CET 2026
#@# pial area lh Thu Mar 12 18:03:41 CET 2026
#@# thickness lh Thu Mar 12 18:03:42 CET 2026
#@# area and vertex vol lh Thu Mar 12 18:04:14 CET 2026
#@# Curvature Stats lh Thu Mar 12 18:04:16 CET 2026
#@# Cortical Parc 2 lh Thu Mar 12 18:04:19 CET 2026
#@# Cortical Parc 3 lh Thu Mar 12 18:04:33 CET 2026
#@# WM/GM Contrast lh Thu Mar 12 18:04:45 CET 2026
recon-all -s sub-v1s20x0050328_ses-1 finished without error at Thu Mar 12 18:04:48 CET 2026



#New# invocation of recon-all 



status file for recon-all
Thu Mar 12 18:44:09 CET 2026
#@# white curv lh Thu Mar 12 18:44:09 CET 2026
#@# white area lh Thu Mar 12 18:44:09 CET 2026
#@# pial curv lh Thu Mar 12 18:44:09 CET 2026
#@# pial area lh Thu Mar 12 18:44:09 CET 2026
#@# thickness lh Thu Mar 12 18:44:09 CET 2026
#@# area and vertex vol lh Thu Mar 12 18:44:09 CET 2026
#@# Parcellation Stats lh Thu Mar 12 18:44:09 CET 2026
#@# Parcellation Stats 2 lh Thu Mar 12 18:44:34 CET 2026
#@# Parcellation Stats 3 lh Thu Mar 12 18:44:46 CET 2026
#@# BA_exvivo Labels lh Thu Mar 12 18:44:57 CET 2026
recon-all -s sub-v1s20x0050328_ses-1 finished without error at Thu Mar 12 18:47:58 CET 2026
