status file for recon-all
Thu Mar 12 17:08:03 CET 2026
#@# Tessellate lh Thu Mar 12 17:08:03 CET 2026
#@# Smooth1 lh Thu Mar 12 17:08:05 CET 2026
#@# Inflation1 lh Thu Mar 12 17:08:07 CET 2026
#@# QSphere lh Thu Mar 12 17:08:17 CET 2026
#@# Fix Topology lh Thu Mar 12 17:09:05 CET 2026
#@# Smooth2 lh Thu Mar 12 17:13:26 CET 2026
#@# Inflation2 lh Thu Mar 12 17:13:28 CET 2026
#@# Curv .H and .K lh Thu Mar 12 17:13:38 CET 2026
#@# Sphere lh Thu Mar 12 17:14:06 CET 2026
#@# Surf Reg lh Thu Mar 12 17:16:03 CET 2026
#@# Jacobian white lh Thu Mar 12 17:18:25 CET 2026
#@# AvgCurv lh Thu Mar 12 17:18:25 CET 2026
#@# Cortical Parc lh Thu Mar 12 17:18:25 CET 2026
#@# white curv lh Thu Mar 12 17:22:31 CET 2026
#@# white area lh Thu Mar 12 17:22:32 CET 2026
#@# pial curv lh Thu Mar 12 17:22:32 CET 2026
#@# pial area lh Thu Mar 12 17:22:33 CET 2026
#@# thickness lh Thu Mar 12 17:22:34 CET 2026
#@# area and vertex vol lh Thu Mar 12 17:22:48 CET 2026
#@# Curvature Stats lh Thu Mar 12 17:22:49 CET 2026
#@# Cortical Parc 2 lh Thu Mar 12 17:22:50 CET 2026
#@# Cortical Parc 3 lh Thu Mar 12 17:22:58 CET 2026
#@# WM/GM Contrast lh Thu Mar 12 17:23:04 CET 2026
recon-all -s sub-v1s20x0050343_ses-1 finished without error at Thu Mar 12 17:23:06 CET 2026



#New# invocation of recon-all 



status file for recon-all
Thu Mar 12 17:39:40 CET 2026
#@# white curv lh Thu Mar 12 17:39:40 CET 2026
#@# white area lh Thu Mar 12 17:39:40 CET 2026
#@# pial curv lh Thu Mar 12 17:39:40 CET 2026
#@# pial area lh Thu Mar 12 17:39:40 CET 2026
#@# thickness lh Thu Mar 12 17:39:40 CET 2026
#@# area and vertex vol lh Thu Mar 12 17:39:40 CET 2026
#@# Parcellation Stats lh Thu Mar 12 17:39:40 CET 2026
#@# Parcellation Stats 2 lh Thu Mar 12 17:39:50 CET 2026
#@# Parcellation Stats 3 lh Thu Mar 12 17:39:55 CET 2026
#@# BA_exvivo Labels lh Thu Mar 12 17:40:00 CET 2026
recon-all -s sub-v1s20x0050343_ses-1 finished without error at Thu Mar 12 17:41:43 CET 2026
