status file for recon-all
Thu Mar 12 17:23:08 CET 2026
#@# Tessellate rh Thu Mar 12 17:23:08 CET 2026
#@# Smooth1 rh Thu Mar 12 17:23:10 CET 2026
#@# Inflation1 rh Thu Mar 12 17:23:12 CET 2026
#@# QSphere rh Thu Mar 12 17:23:21 CET 2026
#@# Fix Topology rh Thu Mar 12 17:24:00 CET 2026
#@# Smooth2 rh Thu Mar 12 17:27:38 CET 2026
#@# Inflation2 rh Thu Mar 12 17:27:40 CET 2026
#@# Curv .H and .K rh Thu Mar 12 17:27:50 CET 2026
#@# Sphere rh Thu Mar 12 17:28:19 CET 2026
#@# Surf Reg rh Thu Mar 12 17:30:00 CET 2026
#@# Jacobian white rh Thu Mar 12 17:32:31 CET 2026
#@# AvgCurv rh Thu Mar 12 17:32:32 CET 2026
#@# Cortical Parc rh Thu Mar 12 17:32:32 CET 2026
#@# white curv rh Thu Mar 12 17:36:58 CET 2026
#@# white area rh Thu Mar 12 17:37:00 CET 2026
#@# pial curv rh Thu Mar 12 17:37:00 CET 2026
#@# pial area rh Thu Mar 12 17:37:01 CET 2026
#@# thickness rh Thu Mar 12 17:37:02 CET 2026
#@# area and vertex vol rh Thu Mar 12 17:37:15 CET 2026
#@# Curvature Stats rh Thu Mar 12 17:37:16 CET 2026
#@# Cortical Parc 2 rh Thu Mar 12 17:37:17 CET 2026
#@# Cortical Parc 3 rh Thu Mar 12 17:37:26 CET 2026
#@# WM/GM Contrast rh Thu Mar 12 17:37:32 CET 2026
recon-all -s sub-v1s20x0050343_ses-1 finished without error at Thu Mar 12 17:37:34 CET 2026



#New# invocation of recon-all 



status file for recon-all
Thu Mar 12 17:41:46 CET 2026
#@# white curv rh Thu Mar 12 17:41:46 CET 2026
#@# white area rh Thu Mar 12 17:41:46 CET 2026
#@# pial curv rh Thu Mar 12 17:41:46 CET 2026
#@# pial area rh Thu Mar 12 17:41:46 CET 2026
#@# thickness rh Thu Mar 12 17:41:46 CET 2026
#@# area and vertex vol rh Thu Mar 12 17:41:46 CET 2026
#@# Parcellation Stats rh Thu Mar 12 17:41:46 CET 2026
#@# Parcellation Stats 2 rh Thu Mar 12 17:41:56 CET 2026
#@# Parcellation Stats 3 rh Thu Mar 12 17:42:01 CET 2026
#@# BA_exvivo Labels rh Thu Mar 12 17:42:06 CET 2026
recon-all -s sub-v1s20x0050343_ses-1 finished without error at Thu Mar 12 17:43:47 CET 2026
