/out/sourcedata/freesurfer/sub-v1s20x0050341_ses-1/mri
/opt/freesurfer/bin/talairach_avi
--i orig_nu.mgz --xfm transforms/talairach.auto.xfm
talairach_avi 7.3.2
Linux dna069 5.14.0-427.37.1.el9_4.x86_64 #1 SMP PREEMPT_DYNAMIC Fri Sep 13 12:41:50 EDT 2024 x86_64 x86_64 x86_64 GNU/Linux
Thu Mar 12 17:59:26 CET 2026
mri_convert orig_nu.mgz talsrcimg.img 
reading from orig_nu.mgz...
TR=0.00, TE=0.00, TI=0.00, flip angle=0.00
i_ras = (-1, 0, 0)
j_ras = (0, 0, -1)
k_ras = (0, 1, 0)
writing to talsrcimg.img...
Analyze Output Matrix
-1.00000   0.00000   0.00000   129.50778;
 0.00000   0.00000   1.00000  -128.49219;
 0.00000  -1.00000   0.00000   129.70001;
 0.00000   0.00000   0.00000   1.00000;
--------------------
INFO: set hdr.hist.orient to -1
mpr2mni305 talsrcimg
Thu Mar 12 17:59:27 CET 2026
/opt/freesurfer/bin/mpr2mni305 talsrcimg
mpr2mni305 7.3.2
target=711-2C_as_mni_average_305

---------------------------------------------------------------------
analyzeto4dfp talsrcimg -O0 -y
---------------------------------------------------------------------

freesurfer ifh2hdr.c
Thu Mar 12 17:59:27 2026
Writing: talsrcimg.4dfp.hdr
freesurfer analyzeto4dfp.c
Reading: talsrcimg.hdr
header size 348 bytes
hdr.dime.datatype	offset=70	value=2
hdr.dime.bitpix		offset=72	value=8
hdr.hist.orient		offset=252	value=-1
dimensionality     4
dimensions       256       256       256         1
Reading: talsrcimg.img
Writing: talsrcimg.4dfp.img
Writing: talsrcimg.4dfp.ifh
ifh2hdr talsrcimg -r0to255
ori=2

---------------------------------------------------------------------
gauss_4dfp talsrcimg 1.1
---------------------------------------------------------------------

freesurfer gauss_4dfp.c
Reading: talsrcimg.4dfp.img
Writing: talsrcimg_g11.4dfp.img
image dimensions 256 256 256 padded to 288 288 288
processing volume 1freesurfer ifh2hdr.c
Thu Mar 12 17:59:28 2026
Writing: talsrcimg_g11.4dfp.hdr

Writing: talsrcimg_g11.4dfp.ifh
including: talsrcimg.4dfp.img.rec in talsrcimg_g11.4dfp.img.rec

---------------------------------------------------------------------
imgreg_4dfp /opt/freesurfer/average/711-2C_as_mni_average_305 none talsrcimg_g11 none talsrcimg_to_711-2C_as_mni_average_305_t4 4355
---------------------------------------------------------------------

freesurfer imgreg_4dfp.c
/opt/freesurfer/average/711-2C_as_mni_average_305.4dfp.img
       256       256       256         1
  1.000000  1.000000  1.000000
orientation T byte_order littleendian
Reading image: /opt/freesurfer/average/711-2C_as_mni_average_305.4dfp.img
dimensions:      256       256       256
mmppix:       1.0000   -1.0000   -1.0000
center:     128.0000 -129.0000 -129.0000
talsrcimg_g11.4dfp.img
       256       256       256         1
  1.000000  1.000000  1.000000
orientation T byte_order littleendian
Reading image: talsrcimg_g11.4dfp.img
dimensions:      256       256       256
mmppix:       1.0000   -1.0000   -1.0000
center:     128.0000 -129.0000 -129.0000
t4_read: open error in t4_sub.f l:  41 t4_file(1:l)talsrcimg_to_711-2C_as_mni_average_305_t4 
t4_read: transform initialized to I4
rotation matrix determinant  1.000000
image alignment mode   4355 decimal     1103 hex
   -7.5000  -45.0000  -45.0000 6721.1479   20.8699
    0.0000  -45.0000  -45.0000 7036.3428   20.8565
    7.5000  -45.0000  -45.0000 6800.2393   20.8847
   -7.5000  -37.5000  -45.0000 7210.6138   20.8116
    0.0000  -37.5000  -45.0000 7543.5415   20.7974
    7.5000  -37.5000  -45.0000 7298.0054   20.8268
   -7.5000  -30.0000  -45.0000 7964.9448   20.7502
    0.0000  -30.0000  -45.0000 8314.0479   20.7394
    7.5000  -30.0000  -45.0000 8060.2158   20.7742
   -7.5000  -22.5000  -45.0000 8611.6816   20.7529
    0.0000  -22.5000  -45.0000 9003.1309   20.7456
    7.5000  -22.5000  -45.0000 8695.1230   20.7863
   -7.5000  -15.0000  -45.0000 9180.2979   20.8010
    0.0000  -15.0000  -45.0000 9577.8057   20.7943
    7.5000  -15.0000  -45.0000 9263.0117   20.8355
   -7.5000   -7.5000  -45.0000 9718.3936   20.8565
    0.0000   -7.5000  -45.000010140.1074   20.8471
    7.5000   -7.5000  -45.0000 9787.6426   20.8812
   -7.5000    0.0000  -45.000010246.0762   20.8699
    0.0000    0.0000  -45.000010658.8086   20.8565
    7.5000    0.0000  -45.000010312.9229   20.8847
   -7.5000    7.5000  -45.000010006.0889   20.8116
    0.0000    7.5000  -45.000010440.2666   20.7974
    7.5000    7.5000  -45.000010062.2295   20.8268
   -7.5000   15.0000  -45.0000 9698.8018   20.7502
    0.0000   15.0000  -45.000010072.4062   20.7394
    7.5000   15.0000  -45.0000 9715.6533   20.7742
   -7.5000   22.5000  -45.0000 9259.5078   20.7500
    0.0000   22.5000  -45.0000 9631.0752   20.7427
    7.5000   22.5000  -45.0000 9289.3809   20.7835
   -7.5000   30.0000  -45.0000 8571.7354   20.5238
    0.0000   30.0000  -45.0000 8885.7773   20.5172
    7.5000   30.0000  -45.0000 8567.2695   20.5578
   -7.5000   37.5000  -45.0000 8163.6934   20.5786
    0.0000   37.5000  -45.0000 8461.0713   20.5692
    7.5000   37.5000  -45.0000 8179.3496   20.6029
   -7.5000   45.0000  -45.0000 7488.2773   20.0689
    0.0000   45.0000  -45.0000 7778.8623   20.0560
    7.5000   45.0000  -45.0000 7497.3140   20.0831
   -7.5000  -45.0000  -37.5000 7232.1084   20.6475
    0.0000  -45.0000  -37.5000 7605.2837   20.6359
    7.5000  -45.0000  -37.5000 7343.2627   20.6661
   -7.5000  -37.5000  -37.5000 7793.7725   20.5773
    0.0000  -37.5000  -37.5000 8157.6152   20.5627
    7.5000  -37.5000  -37.5000 7868.7769   20.5932
   -7.5000  -30.0000  -37.5000 8607.2500   20.5236
    0.0000  -30.0000  -37.5000 8987.3232   20.5088
    7.5000  -30.0000  -37.5000 8669.7803   20.5438
   -7.5000  -22.5000  -37.5000 9301.6045   20.5479
    0.0000  -22.5000  -37.5000 9709.3447   20.5362
    7.5000  -22.5000  -37.5000 9352.1045   20.5764
   -7.5000  -15.0000  -37.5000 9878.9199   20.6101
    0.0000  -15.0000  -37.500010302.9619   20.6019
    7.5000  -15.0000  -37.5000 9923.2148   20.6431
   -7.5000   -7.5000  -37.500010420.5977   20.6558
    0.0000   -7.5000  -37.500010862.5820   20.6476
    7.5000   -7.5000  -37.500010461.5654   20.6833
   -7.5000    0.0000  -37.500010913.6963   20.6475
    0.0000    0.0000  -37.500011396.6240   20.6359
    7.5000    0.0000  -37.500010973.4248   20.6661
   -7.5000    7.5000  -37.500010642.9629   20.5773
    0.0000    7.5000  -37.500011136.0762   20.5627
    7.5000    7.5000  -37.500010695.8926   20.5932
   -7.5000   15.0000  -37.500010323.5391   20.5236
    0.0000   15.0000  -37.500010777.6465   20.5088
    7.5000   15.0000  -37.500010350.7090   20.5438
   -7.5000   22.5000  -37.5000 9868.4199   20.5451
    0.0000   22.5000  -37.500010327.1406   20.5334
    7.5000   22.5000  -37.5000 9876.4434   20.5736
   -7.5000   30.0000  -37.5000 9082.5381   20.3354
    0.0000   30.0000  -37.5000 9491.0527   20.3273
    7.5000   30.0000  -37.5000 9071.4639   20.3680
   -7.5000   37.5000  -37.5000 8612.1885   20.3805
    0.0000   37.5000  -37.5000 8972.6143   20.3724
    7.5000   37.5000  -37.5000 8631.5195   20.4077
   -7.5000   45.0000  -37.5000 7887.5542   19.8551
    0.0000   45.0000  -37.5000 8179.7559   19.8439
    7.5000   45.0000  -37.5000 7910.9263   19.8730
   -7.5000  -45.0000  -30.0000 7965.9229   21.4862
    0.0000  -45.0000  -30.0000 8334.2422   21.4744
    7.5000  -45.0000  -30.0000 8047.2793   21.5183
   -7.5000  -37.5000  -30.0000 8553.3477   21.4065
    0.0000  -37.5000  -30.0000 8940.9395   21.3902
    7.5000  -37.5000  -30.0000 8597.3877   21.4355
   -7.5000  -30.0000  -30.0000 9411.1533   21.3547
    0.0000  -30.0000  -30.0000 9840.5586   21.3373
    7.5000  -30.0000  -30.0000 9443.7197   21.3856
   -7.5000  -22.5000  -30.000010151.1357   21.3934
    0.0000  -22.5000  -30.000010603.9600   21.3803
    7.5000  -22.5000  -30.000010185.3994   21.4310
   -7.5000  -15.0000  -30.000010754.9102   21.4672
    0.0000  -15.0000  -30.000011249.0684   21.4599
    7.5000  -15.0000  -30.000010785.6172   21.5100
   -7.5000   -7.5000  -30.000011326.5918   21.5081
    0.0000   -7.5000  -30.000011850.7129   21.5008
    7.5000   -7.5000  -30.000011370.7139   21.5472
   -7.5000    0.0000  -30.000011854.6699   21.4862
    0.0000    0.0000  -30.000012425.0928   21.4744
    7.5000    0.0000  -30.000011915.8389   21.5183
   -7.5000    7.5000  -30.000011550.2148   21.4065
    0.0000    7.5000  -30.000012112.9062   21.3902
    7.5000    7.5000  -30.000011581.0957   21.4355
   -7.5000   15.0000  -30.000011155.4492   21.3547
    0.0000   15.0000  -30.000011719.6572   21.3373
    7.5000   15.0000  -30.000011194.1670   21.3856
   -7.5000   22.5000  -30.000010619.3730   21.3882
    0.0000   22.5000  -30.000011173.7070   21.3752
    7.5000   22.5000  -30.000010650.9492   21.4259
   -7.5000   30.0000  -30.0000 9753.6641   21.1831
    0.0000   30.0000  -30.000010245.2500   21.1760
    7.5000   30.0000  -30.0000 9771.0674   21.2254
   -7.5000   37.5000  -30.0000 9231.2656   21.2235
    0.0000   37.5000  -30.0000 9653.9941   21.2163
    7.5000   37.5000  -30.0000 9241.5312   21.2620
   -7.5000   45.0000  -30.0000 8443.9951   20.6768
    0.0000   45.0000  -30.0000 8780.0029   20.6654
    7.5000   45.0000  -30.0000 8443.2783   20.7076
   -7.5000  -45.0000  -22.5000 8716.2617   22.2289
    0.0000  -45.0000  -22.5000 9138.1211   22.2153
    7.5000  -45.0000  -22.5000 8773.3438   22.2684
   -7.5000  -37.5000  -22.5000 9344.8975   22.1525
    0.0000  -37.5000  -22.5000 9808.0254   22.1365
    7.5000  -37.5000  -22.5000 9391.7588   22.1933
   -7.5000  -30.0000  -22.500010236.0576   22.0954
    0.0000  -30.0000  -22.500010749.1807   22.0810
    7.5000  -30.0000  -22.500010284.7910   22.1409
   -7.5000  -22.5000  -22.500011014.7998   22.1255
    0.0000  -22.5000  -22.500011507.7061   22.1166
    7.5000  -22.5000  -22.500011064.8516   22.1771
   -7.5000  -15.0000  -22.500011631.1846   22.1958
    0.0000  -15.0000  -22.500012219.8789   22.1907
    7.5000  -15.0000  -22.500011697.5420   22.2482
   -7.5000   -7.5000  -22.500012292.4160   22.2419
    0.0000   -7.5000  -22.500012976.3213   22.2335
    7.5000   -7.5000  -22.500012331.8877   22.2870
   -7.5000    0.0000  -22.500012849.8350   22.2289
    0.0000    0.0000  -22.500013551.9951   22.2153
    7.5000    0.0000  -22.500012865.3477   22.2684
   -7.5000    7.5000  -22.500012450.2959   22.1525
    0.0000    7.5000  -22.500013155.1338   22.1365
    7.5000    7.5000  -22.500012468.3887   22.1933
   -7.5000   15.0000  -22.500011961.7314   22.0954
    0.0000   15.0000  -22.500012652.0596   22.0810
    7.5000   15.0000  -22.500012012.2891   22.1409
   -7.5000   22.5000  -22.500011353.6855   22.1186
    0.0000   22.5000  -22.500012014.8096   22.1098
    7.5000   22.5000  -22.500011407.9492   22.1703
   -7.5000   30.0000  -22.500010434.6875   21.9055
    0.0000   30.0000  -22.500010993.9980   21.9004
    7.5000   30.0000  -22.500010441.9707   21.9572
   -7.5000   37.5000  -22.5000 9868.4541   21.9509
    0.0000   37.5000  -22.500010357.2812   21.9427
    7.5000   37.5000  -22.5000 9870.2676   21.9955
   -7.5000   45.0000  -22.5000 9016.0547   21.4076
    0.0000   45.0000  -22.5000 9446.3750   21.3944
    7.5000   45.0000  -22.5000 9017.1289   21.4456
   -7.5000  -45.0000  -15.0000 9438.4951   22.7838
    0.0000  -45.0000  -15.0000 9931.6377   22.7663
    7.5000  -45.0000  -15.0000 9483.3496   22.8188
   -7.5000  -37.5000  -15.000010120.8711   22.7182
    0.0000  -37.5000  -15.000010654.7764   22.7020
    7.5000  -37.5000  -15.000010173.1660   22.7594
   -7.5000  -30.0000  -15.000011042.3535   22.6541
    0.0000  -30.0000  -15.000011654.6055   22.6432
    7.5000  -30.0000  -15.000011106.8623   22.7047
   -7.5000  -22.5000  -15.000011839.4766   22.6645
    0.0000  -22.5000  -15.000012434.1865   22.6583
    7.5000  -22.5000  -15.000011895.5576   22.7202
   -7.5000  -15.0000  -15.000012507.2178   22.7218
    0.0000  -15.0000  -15.000013216.7002   22.7150
    7.5000  -15.0000  -15.000012538.1602   22.7729
   -7.5000   -7.5000  -15.000013258.8770   22.7770
    0.0000   -7.5000  -15.000014032.0850   22.7641
    7.5000   -7.5000  -15.000013210.9365   22.8165
   -7.5000    0.0000  -15.000013857.1221   22.7838
    0.0000    0.0000  -15.000014646.4355   22.7663
    7.5000    0.0000  -15.000013800.4141   22.8188
   -7.5000    7.5000  -15.000013366.3584   22.7182
    0.0000    7.5000  -15.000014209.4814   22.7020
    7.5000    7.5000  -15.000013393.9346   22.7594
   -7.5000   15.0000  -15.000012795.7393   22.6541
    0.0000   15.0000  -15.000013577.8057   22.6432
    7.5000   15.0000  -15.000012848.6758   22.7047
   -7.5000   22.5000  -15.000012130.8809   22.6564
    0.0000   22.5000  -15.000012843.6709   22.6502
    7.5000   22.5000  -15.000012151.1914   22.7121
   -7.5000   30.0000  -15.000011157.8428   22.4278
    0.0000   30.0000  -15.000011792.3672   22.4210
    7.5000   30.0000  -15.000011137.4805   22.4782
   -7.5000   37.5000  -15.000010532.1514   22.4822
    0.0000   37.5000  -15.000011116.0137   22.4695
    7.5000   37.5000  -15.000010482.0830   22.5212
   -7.5000   45.0000  -15.0000 9572.9619   21.9552
    0.0000   45.0000  -15.000010062.9541   21.9383
    7.5000   45.0000  -15.0000 9514.4844   21.9889
   -7.5000  -45.0000   -7.500010210.9072   23.0715
    0.0000  -45.0000   -7.500010743.1016   23.0533
    7.5000  -45.0000   -7.500010263.2090   23.0943
   -7.5000  -37.5000   -7.500010907.8193   23.0117
    0.0000  -37.5000   -7.500011485.3848   22.9954
    7.5000  -37.5000   -7.500010964.2520   23.0402
   -7.5000  -30.0000   -7.500011909.3809   22.9440
    0.0000  -30.0000   -7.500012543.0957   22.9336
    7.5000  -30.0000   -7.500011956.0537   22.9836
   -7.5000  -22.5000   -7.500012737.3477   22.9427
    0.0000  -22.5000   -7.500013394.0820   22.9361
    7.5000  -22.5000   -7.500012775.1699   22.9894
   -7.5000  -15.0000   -7.500013442.2627   22.9920
    0.0000  -15.0000   -7.500014223.1455   22.9836
    7.5000  -15.0000   -7.500013412.9473   23.0343
   -7.5000   -7.5000   -7.500014241.3486   23.0530
    0.0000   -7.5000   -7.500015022.4404   23.0388
    7.5000   -7.5000   -7.500014143.5713   23.0826
   -7.5000    0.0000   -7.500014851.1807   23.0715
    0.0000    0.0000   -7.500015714.5518   23.0533
    7.5000    0.0000   -7.500014805.9434   23.0943
   -7.5000    7.5000   -7.500014360.0322   23.0117
    0.0000    7.5000   -7.500015239.7422   22.9954
    7.5000    7.5000   -7.500014369.5859   23.0402
   -7.5000   15.0000   -7.500013746.9961   22.9440
    0.0000   15.0000   -7.500014578.3828   22.9336
    7.5000   15.0000   -7.500013722.5703   22.9836
   -7.5000   22.5000   -7.500012962.6406   22.9321
    0.0000   22.5000   -7.500013743.9893   22.9255
    7.5000   22.5000   -7.500012917.6143   22.9788
   -7.5000   30.0000   -7.500011908.1689   22.6939
    0.0000   30.0000   -7.500012632.9414   22.6855
    7.5000   30.0000   -7.500011870.4883   22.7356
   -7.5000   37.5000   -7.500011244.5713   22.7541
    0.0000   37.5000   -7.500011918.8369   22.7400
    7.5000   37.5000   -7.500011184.3340   22.7833
   -7.5000   45.0000   -7.500010180.4209   22.2366
    0.0000   45.0000   -7.500010711.9473   22.2191
    7.5000   45.0000   -7.500010104.3174   22.2586
   -7.5000  -45.0000    0.000010896.8320   23.1244
    0.0000  -45.0000    0.000011448.7383   23.1095
    7.5000  -45.0000    0.000010969.7295   23.1394
   -7.5000  -37.5000    0.000011631.1953   23.0588
    0.0000  -37.5000    0.000012200.8564   23.0434
    7.5000  -37.5000    0.000011671.1777   23.0746
   -7.5000  -30.0000    0.000012670.5312   22.9923
    0.0000  -30.0000    0.000013280.8125   22.9803
    7.5000  -30.0000    0.000012715.0742   23.0174
   -7.5000  -22.5000    0.000013572.5449   22.9976
    0.0000  -22.5000    0.000014306.9453   22.9890
    7.5000  -22.5000    0.000013590.2139   23.0327
   -7.5000  -15.0000    0.000014402.9014   23.0521
    0.0000  -15.0000    0.000015170.9785   23.0438
    7.5000  -15.0000    0.000014283.0273   23.0879
   -7.5000   -7.5000    0.000015197.2695   23.1122
    0.0000   -7.5000    0.000015892.7568   23.1010
    7.5000   -7.5000    0.000014998.2598   23.1373
   -7.5000    0.0000    0.000015782.1865   23.1244
    0.0000    0.0000    0.000016550.9258   23.1095
    7.5000    0.0000    0.000015654.5264   23.1394
   -7.5000    7.5000    0.000015259.0732   23.0588
    0.0000    7.5000    0.000016063.3965   23.0434
    7.5000    7.5000    0.000015183.9346   23.0746
   -7.5000   15.0000    0.000014580.9707   22.9923
    0.0000   15.0000    0.000015398.8477   22.9803
    7.5000   15.0000    0.000014510.9102   23.0174
   -7.5000   22.5000    0.000013700.9971   22.9870
    0.0000   22.5000    0.000014485.1143   22.9784
    7.5000   22.5000    0.000013594.9463   23.0221
   -7.5000   30.0000    0.000012568.5000   22.7538
    0.0000   30.0000    0.000013315.1084   22.7456
    7.5000   30.0000    0.000012477.5547   22.7891
   -7.5000   37.5000    0.000011889.9766   22.8131
    0.0000   37.5000    0.000012598.1611   22.8020
    7.5000   37.5000    0.000011808.2295   22.8379
   -7.5000   45.0000    0.000010756.6084   22.2893
    0.0000   45.0000    0.000011307.5322   22.2749
    7.5000   45.0000    0.000010661.9316   22.3037
   -7.5000  -45.0000    7.500010745.0820   23.1001
    0.0000  -45.0000    7.500011239.3711   23.0872
    7.5000  -45.0000    7.500010771.7334   23.1209
   -7.5000  -37.5000    7.500011456.0664   23.0216
    0.0000  -37.5000    7.500011931.2266   23.0052
    7.5000  -37.5000    7.500011443.3779   23.0394
   -7.5000  -30.0000    7.500012540.3691   22.9617
    0.0000  -30.0000    7.500013061.7080   22.9451
    7.5000  -30.0000    7.500012517.6875   22.9841
   -7.5000  -22.5000    7.500013616.6152   22.9890
    0.0000  -22.5000    7.500014344.3213   22.9759
    7.5000  -22.5000    7.500013486.6680   23.0206
   -7.5000  -15.0000    7.500014523.5225   23.0585
    0.0000  -15.0000    7.500015062.3896   23.0493
    7.5000  -15.0000    7.500014240.9697   23.0953
   -7.5000   -7.5000    7.500015153.9111   23.1094
    0.0000   -7.5000    7.500015597.2939   23.1003
    7.5000   -7.5000    7.500014912.2715   23.1402
   -7.5000    0.0000    7.500015629.9307   23.1001
    0.0000    0.0000    7.500016164.8994   23.0872
    7.5000    0.0000    7.500015473.5967   23.1209
   -7.5000    7.5000    7.500015072.2900   23.0216
    0.0000    7.5000    7.500015691.6279   23.0052
    7.5000    7.5000    7.500014953.9639   23.0394
   -7.5000   15.0000    7.500014369.8965   22.9617
    0.0000   15.0000    7.500015020.7979   22.9451
    7.5000   15.0000    7.500014249.9316   22.9841
   -7.5000   22.5000    7.500013467.7090   22.9784
    0.0000   22.5000    7.500014104.9258   22.9653
    7.5000   22.5000    7.500013325.3926   23.0100
   -7.5000   30.0000    7.500012340.3125   22.7601
    0.0000   30.0000    7.500012969.8389   22.7510
    7.5000   30.0000    7.500012203.5625   22.7964
   -7.5000   37.5000    7.500011679.8711   22.8104
    0.0000   37.5000    7.500012311.7344   22.8013
    7.5000   37.5000    7.500011548.3018   22.8407
   -7.5000   45.0000    7.500010554.7061   22.2658
    0.0000   45.0000    7.500011068.9346   22.2534
    7.5000   45.0000    7.500010446.4248   22.2859
   -7.5000  -45.0000   15.000010423.8340   23.0727
    0.0000  -45.0000   15.000010872.6768   23.0600
    7.5000  -45.0000   15.000010425.9268   23.1071
   -7.5000  -37.5000   15.000011119.1973   22.9871
    0.0000  -37.5000   15.000011517.7617   22.9696
    7.5000  -37.5000   15.000011036.2178   23.0182
   -7.5000  -30.0000   15.000012246.3584   22.9314
    0.0000  -30.0000   15.000012771.7178   22.9127
    7.5000  -30.0000   15.000012116.8086   22.9646
   -7.5000  -22.5000   15.000013405.1904   22.9730
    0.0000  -22.5000   15.000014040.4600   22.9590
    7.5000  -22.5000   15.000013242.7607   23.0134
   -7.5000  -15.0000   15.000014108.9082   23.0522
    0.0000  -15.0000   15.000014429.1914   23.0444
    7.5000  -15.0000   15.000014012.7783   23.0982
   -7.5000   -7.5000   15.000014620.4531   23.0961
    0.0000   -7.5000   15.000014800.4609   23.0884
    7.5000   -7.5000   15.000014568.0381   23.1381
   -7.5000    0.0000   15.000015164.9189   23.0727
    0.0000    0.0000   15.000015459.9395   23.0600
    7.5000    0.0000   15.000015120.2363   23.1071
   -7.5000    7.5000   15.000014638.9053   22.9871
    0.0000    7.5000   15.000015090.4189   22.9696
    7.5000    7.5000   15.000014626.0781   23.0182
   -7.5000   15.0000   15.000013932.6328   22.9314
    0.0000   15.0000   15.000014461.7666   22.9127
    7.5000   15.0000   15.000013917.2520   22.9646
   -7.5000   22.5000   15.000012986.2148   22.9624
    0.0000   22.5000   15.000013547.7002   22.9484
    7.5000   22.5000   15.000012959.9287   23.0028
   -7.5000   30.0000   15.000011934.4639   22.7539
    0.0000   30.0000   15.000012476.2783   22.7462
    7.5000   30.0000   15.000011839.5840   22.7992
   -7.5000   37.5000   15.000011301.5742   22.7972
    0.0000   37.5000   15.000011824.8057   22.7896
    7.5000   37.5000   15.000011199.1543   22.8386
   -7.5000   45.0000   15.000010222.6748   22.2394
    0.0000   45.0000   15.000010658.2041   22.2272
    7.5000   45.0000   15.000010091.4199   22.2726
   -7.5000  -45.0000   22.500010038.9199   23.0754
    0.0000  -45.0000   22.500010477.5225   23.0612
    7.5000  -45.0000   22.500010037.1758   23.1164
   -7.5000  -37.5000   22.500010694.6270   22.9960
    0.0000  -37.5000   22.500011108.9209   22.9794
    7.5000  -37.5000   22.500010626.6250   23.0384
   -7.5000  -30.0000   22.500011710.2441   22.9367
    0.0000  -30.0000   22.500012216.7822   22.9218
    7.5000  -30.0000   22.500011663.1299   22.9840
   -7.5000  -22.5000   22.500012675.4160   22.9680
    0.0000  -22.5000   22.500013274.6816   22.9588
    7.5000  -22.5000   22.500012751.8311   23.0216
   -7.5000  -15.0000   22.500013443.4424   23.0410
    0.0000  -15.0000   22.500013811.7861   23.0357
    7.5000  -15.0000   22.500013595.8994   23.0954
   -7.5000   -7.5000   22.500014120.1641   23.0888
    0.0000   -7.5000   22.500014321.0303   23.0802
    7.5000   -7.5000   22.500014185.2822   23.1357
   -7.5000    0.0000   22.500014776.3037   23.0754
    0.0000    0.0000   22.500015087.9111   23.0612
    7.5000    0.0000   22.500014729.3809   23.1164
   -7.5000    7.5000   22.500014242.2334   22.9960
    0.0000    7.5000   22.500014662.5059   22.9794
    7.5000    7.5000   22.500014228.9922   23.0384
   -7.5000   15.0000   22.500013472.5391   22.9367
    0.0000   15.0000   22.500013962.2881   22.9218
    7.5000   15.0000   22.500013520.4443   22.9840
   -7.5000   22.5000   22.500012460.6533   22.9574
    0.0000   22.5000   22.500012987.6074   22.9482
    7.5000   22.5000   22.500012496.1016   23.0110
   -7.5000   30.0000   22.500011447.6191   22.7428
    0.0000   30.0000   22.500011947.2393   22.7376
    7.5000   30.0000   22.500011400.5479   22.7965
   -7.5000   37.5000   22.500010808.5947   22.7900
    0.0000   37.5000   22.500011297.0459   22.7815
    7.5000   37.5000   22.500010751.1875   22.8363
   -7.5000   45.0000   22.5000 9773.7793   22.2420
    0.0000   45.0000   22.500010193.1152   22.2283
    7.5000   45.0000   22.5000 9632.6260   22.2815
   -7.5000  -45.0000   30.0000 9479.5771   23.0965
    0.0000  -45.0000   30.0000 9898.8096   23.0788
    7.5000  -45.0000   30.0000 9525.0928   23.1319
   -7.5000  -37.5000   30.000010087.8115   23.0299
    0.0000  -37.5000   30.000010567.4844   23.0136
    7.5000  -37.5000   30.000010109.2441   23.0718
   -7.5000  -30.0000   30.000010996.2246   22.9650
    0.0000  -30.0000   30.000011554.4736   22.9540
    7.5000  -30.0000   30.000011075.8008   23.0163
   -7.5000  -22.5000   30.000011789.6943   22.9755
    0.0000  -22.5000   30.000012393.0820   22.9692
    7.5000  -22.5000   30.000011973.3975   23.0320
   -7.5000  -15.0000   30.000012495.6904   23.0336
    0.0000  -15.0000   30.000013138.9932   23.0268
    7.5000  -15.0000   30.000012710.1895   23.0854
   -7.5000   -7.5000   30.000013272.1553   23.0896
    0.0000   -7.5000   30.000013936.2500   23.0765
    7.5000   -7.5000   30.000013414.3955   23.1296
   -7.5000    0.0000   30.000013939.9932   23.0965
    0.0000    0.0000   30.000014604.7998   23.0788
    7.5000    0.0000   30.000013977.8779   23.1319
   -7.5000    7.5000   30.000013466.1689   23.0299
    0.0000    7.5000   30.000014063.0947   23.0136
    7.5000    7.5000   30.000013494.4365   23.0718
   -7.5000   15.0000   30.000012743.3779   22.9650
    0.0000   15.0000   30.000013281.8945   22.9540
    7.5000   15.0000   30.000012791.5713   23.0163
   -7.5000   22.5000   30.000011783.7539   22.9649
    0.0000   22.5000   30.000012301.3076   22.9586
    7.5000   22.5000   30.000011816.3281   23.0214
   -7.5000   30.0000   30.000010796.3057   22.7356
    0.0000   30.0000   30.000011270.7910   22.7287
    7.5000   30.0000   30.000010819.9863   22.7866
   -7.5000   37.5000   30.000010203.4766   22.7908
    0.0000   37.5000   30.000010601.3281   22.7779
    7.5000   37.5000   30.000010210.3047   22.8303
   -7.5000   45.0000   30.0000 9240.6748   22.2624
    0.0000   45.0000   30.0000 9593.1826   22.2453
    7.5000   45.0000   30.0000 9161.3496   22.2965
   -7.5000  -45.0000   37.5000 9181.2197   23.1182
    0.0000  -45.0000   37.5000 9672.4043   23.1000
    7.5000  -45.0000   37.5000 9279.6699   23.1410
   -7.5000  -37.5000   37.5000 9788.5332   23.0582
    0.0000  -37.5000   37.500010336.6299   23.0419
    7.5000  -37.5000   37.5000 9858.0898   23.0867
   -7.5000  -30.0000   37.500010673.0225   22.9904
    0.0000  -30.0000   37.500011244.6934   22.9800
    7.5000  -30.0000   37.500010796.7217   23.0301
   -7.5000  -22.5000   37.500011427.2637   22.9891
    0.0000  -22.5000   37.500011944.4561   22.9825
    7.5000  -22.5000   37.500011547.1846   23.0359
   -7.5000  -15.0000   37.500012053.6328   23.0386
    0.0000  -15.0000   37.500012562.7373   23.0301
    7.5000  -15.0000   37.500012152.8242   23.0809
   -7.5000   -7.5000   37.500012770.6250   23.0997
    0.0000   -7.5000   37.500013278.5576   23.0854
    7.5000   -7.5000   37.500012848.9756   23.1293
   -7.5000    0.0000   37.500013427.4922   23.1182
    0.0000    0.0000   37.500013940.2305   23.1000
    7.5000    0.0000   37.500013468.9316   23.1410
   -7.5000    7.5000   37.500013048.9893   23.0582
    0.0000    7.5000   37.500013581.0723   23.0419
    7.5000    7.5000   37.500013093.6182   23.0867
   -7.5000   15.0000   37.500012418.6006   22.9904
    0.0000   15.0000   37.500012980.6416   22.9800
    7.5000   15.0000   37.500012471.0117   23.0301
   -7.5000   22.5000   37.500011513.2656   22.9785
    0.0000   22.5000   37.500012087.0742   22.9719
    7.5000   22.5000   37.500011535.6543   23.0253
   -7.5000   30.0000   37.500010510.2490   22.7404
    0.0000   30.0000   37.500011021.5898   22.7320
    7.5000   30.0000   37.500010542.9570   22.7822
   -7.5000   37.5000   37.5000 9893.2266   22.8007
    0.0000   37.5000   37.500010336.8965   22.7866
    7.5000   37.5000   37.5000 9890.7002   22.8300
   -7.5000   45.0000   37.5000 8917.5381   22.2833
    0.0000   45.0000   37.5000 9302.8311   22.2657
    7.5000   45.0000   37.5000 8900.1973   22.3053
   -7.5000  -45.0000   45.0000 8433.8311   23.0265
    0.0000  -45.0000   45.0000 8873.9668   23.0117
    7.5000  -45.0000   45.0000 8519.5410   23.0410
   -7.5000  -37.5000   45.0000 8983.7607   22.9610
    0.0000  -37.5000   45.0000 9460.5195   22.9457
    7.5000  -37.5000   45.0000 9045.5137   22.9766
   -7.5000  -30.0000   45.0000 9774.4648   22.8943
    0.0000  -30.0000   45.000010257.9277   22.8826
    7.5000  -30.0000   45.0000 9825.2754   22.9196
   -7.5000  -22.5000   45.000010458.4922   22.8995
    0.0000  -22.5000   45.000010909.4453   22.8911
    7.5000  -22.5000   45.000010484.6377   22.9348
   -7.5000  -15.0000   45.000011049.1328   22.9541
    0.0000  -15.0000   45.000011505.3555   22.9458
    7.5000  -15.0000   45.000011072.0459   22.9898
   -7.5000   -7.5000   45.000011644.7637   23.0142
    0.0000   -7.5000   45.000012122.5557   23.0030
    7.5000   -7.5000   45.000011689.0186   23.0390
   -7.5000    0.0000   45.000012198.1631   23.0265
    0.0000    0.0000   45.000012680.3018   23.0117
    7.5000    0.0000   45.000012233.0918   23.0410
   -7.5000    7.5000   45.000011890.8164   22.9610
    0.0000    7.5000   45.000012370.2246   22.9457
    7.5000    7.5000   45.000011920.4893   22.9766
   -7.5000   15.0000   45.000011372.6084   22.8943
    0.0000   15.0000   45.000011880.5176   22.8826
    7.5000   15.0000   45.000011413.9277   22.9196
   -7.5000   22.5000   45.000010607.6621   22.8889
    0.0000   22.5000   45.000011083.1260   22.8805
    7.5000   22.5000   45.000010612.1504   22.9242
   -7.5000   30.0000   45.0000 9676.1670   22.6550
    0.0000   30.0000   45.000010135.6494   22.6469
    7.5000   30.0000   45.0000 9702.7725   22.6903
   -7.5000   37.5000   45.0000 9117.2285   22.7144
    0.0000   37.5000   45.0000 9512.8877   22.7033
    7.5000   37.5000   45.0000 9092.2852   22.7388
   -7.5000   45.0000   45.0000 8220.0791   22.2050
    0.0000   45.0000   45.0000 8542.1367   22.1906
    7.5000   45.0000   45.0000 8173.6816   22.2190

---------------------------------------------------------------------
imgreg_4dfp /opt/freesurfer/average/711-2C_as_mni_average_305 /opt/freesurfer/average/711-2B_as_mni_average_305_mask talsrcimg_g11 none talsrcimg_to_711-2C_as_mni_average_305_t4 4355
---------------------------------------------------------------------

freesurfer imgreg_4dfp.c
/opt/freesurfer/average/711-2C_as_mni_average_305.4dfp.img
       256       256       256         1
  1.000000  1.000000  1.000000
orientation T byte_order littleendian
Reading image: /opt/freesurfer/average/711-2C_as_mni_average_305.4dfp.img
dimensions:      256       256       256
mmppix:       1.0000   -1.0000   -1.0000
center:     128.0000 -129.0000 -129.0000
/opt/freesurfer/average/711-2B_as_mni_average_305_mask.4dfp.img
       256       256       256         1
  1.000000  1.000000  1.000000
orientation T byte_order littleendian
Reading mask: /opt/freesurfer/average/711-2B_as_mni_average_305_mask.4dfp.img (2306576 pixels)
talsrcimg_g11.4dfp.img
       256       256       256         1
  1.000000  1.000000  1.000000
orientation T byte_order littleendian
Reading image: talsrcimg_g11.4dfp.img
dimensions:      256       256       256
mmppix:       1.0000   -1.0000   -1.0000
center:     128.0000 -129.0000 -129.0000
rotation matrix determinant  1.000000
image alignment mode   4355 decimal     1103 hex
   -7.5000  -45.0000  -45.0000 1862.5548   26.5319
    0.0000  -45.0000  -45.0000 1876.5239   26.2678
    7.5000  -45.0000  -45.0000 1868.4293   26.3484
   -7.5000  -37.5000  -45.0000 1948.8885   24.1446
    0.0000  -37.5000  -45.0000 1957.0005   23.9714
    7.5000  -37.5000  -45.0000 1953.0255   24.0288
   -7.5000  -30.0000  -45.0000 2019.3518   22.4329
    0.0000  -30.0000  -45.0000 2027.2844   22.2969
    7.5000  -30.0000  -45.0000 2024.8616   22.3222
   -7.5000  -22.5000  -45.0000 2059.2634   21.2087
    0.0000  -22.5000  -45.0000 2066.5413   20.9631
    7.5000  -22.5000  -45.0000 2060.1831   21.0300
   -7.5000  -15.0000  -45.0000 2079.4055   20.4305
    0.0000  -15.0000  -45.0000 2090.0977   20.0964
    7.5000  -15.0000  -45.0000 2086.3003   20.2726
   -7.5000   -7.5000  -45.0000 2086.9539   20.1692
    0.0000   -7.5000  -45.0000 2095.1350   19.8131
    7.5000   -7.5000  -45.0000 2090.8889   19.8604
   -7.5000    0.0000  -45.0000 2083.9058   20.4564
    0.0000    0.0000  -45.0000 2096.4763   20.0077
    7.5000    0.0000  -45.0000 2089.3240   20.1190
   -7.5000    7.5000  -45.0000 2062.3005   21.0287
    0.0000    7.5000  -45.0000 2077.3000   20.6268
    7.5000    7.5000  -45.0000 2063.9048   20.7270
   -7.5000   15.0000  -45.0000 2016.4425   22.0084
    0.0000   15.0000  -45.0000 2023.6367   21.5524
    7.5000   15.0000  -45.0000 2009.9844   21.7636
   -7.5000   22.5000  -45.0000 1943.9174   23.5213
    0.0000   22.5000  -45.0000 1954.7921   22.9543
    7.5000   22.5000  -45.0000 1941.9626   23.3037
   -7.5000   30.0000  -45.0000 1843.1632   25.5545
    0.0000   30.0000  -45.0000 1855.3883   24.9997
    7.5000   30.0000  -45.0000 1845.9952   25.5452
   -7.5000   37.5000  -45.0000 1738.9712   28.4276
    0.0000   37.5000  -45.0000 1752.3340   27.8298
    7.5000   37.5000  -45.0000 1740.8895   28.3903
   -7.5000   45.0000  -45.0000 1623.0234   32.2285
    0.0000   45.0000  -45.0000 1643.3942   31.8038
    7.5000   45.0000  -45.0000 1620.3751   32.1668
   -7.5000  -45.0000  -37.5000 1961.0642   24.1748
    0.0000  -45.0000  -37.5000 1980.0134   23.9942
    7.5000  -45.0000  -37.5000 1967.4327   24.0075
   -7.5000  -37.5000  -37.5000 2057.7456   21.9599
    0.0000  -37.5000  -37.5000 2070.6587   21.8589
    7.5000  -37.5000  -37.5000 2060.0664   21.9787
   -7.5000  -30.0000  -37.5000 2128.9949   20.3753
    0.0000  -30.0000  -37.5000 2140.4456   20.2920
    7.5000  -30.0000  -37.5000 2130.2371   20.3907
   -7.5000  -22.5000  -37.5000 2172.8843   19.2509
    0.0000  -22.5000  -37.5000 2180.7119   19.1654
    7.5000  -22.5000  -37.5000 2166.0608   19.2176
   -7.5000  -15.0000  -37.5000 2196.2607   18.6206
    0.0000  -15.0000  -37.5000 2202.3767   18.3630
    7.5000  -15.0000  -37.5000 2188.8899   18.4879
   -7.5000   -7.5000  -37.5000 2199.0347   18.3804
    0.0000   -7.5000  -37.5000 2208.4314   18.1689
    7.5000   -7.5000  -37.5000 2195.1863   18.2078
   -7.5000    0.0000  -37.5000 2187.6628   18.5304
    0.0000    0.0000  -37.5000 2198.6707   18.2768
    7.5000    0.0000  -37.5000 2185.1038   18.3894
   -7.5000    7.5000  -37.5000 2161.2153   19.0476
    0.0000    7.5000  -37.5000 2178.1279   18.7614
    7.5000    7.5000  -37.5000 2160.1621   18.8578
   -7.5000   15.0000  -37.5000 2120.2869   19.9373
    0.0000   15.0000  -37.5000 2128.8215   19.6074
    7.5000   15.0000  -37.5000 2114.8440   19.7517
   -7.5000   22.5000  -37.5000 2046.7234   21.4118
    0.0000   22.5000  -37.5000 2057.5168   20.9571
    7.5000   22.5000  -37.5000 2044.8315   21.2389
   -7.5000   30.0000  -37.5000 1941.4371   23.3618
    0.0000   30.0000  -37.5000 1952.0420   22.8887
    7.5000   30.0000  -37.5000 1938.3750   23.2952
   -7.5000   37.5000  -37.5000 1824.1229   25.9730
    0.0000   37.5000  -37.5000 1831.8846   25.3874
    7.5000   37.5000  -37.5000 1819.8042   25.9105
   -7.5000   45.0000  -37.5000 1697.4434   29.3543
    0.0000   45.0000  -37.5000 1710.2883   28.7751
    7.5000   45.0000  -37.5000 1698.9448   29.3051
   -7.5000  -45.0000  -30.0000 2092.2153   22.8342
    0.0000  -45.0000  -30.0000 2104.4465   22.6942
    7.5000  -45.0000  -30.0000 2101.6230   22.8261
   -7.5000  -37.5000  -30.0000 2186.6379   20.7452
    0.0000  -37.5000  -30.0000 2202.9473   20.6137
    7.5000  -37.5000  -30.0000 2194.9194   20.7469
   -7.5000  -30.0000  -30.0000 2262.2366   19.2355
    0.0000  -30.0000  -30.0000 2280.6680   19.1150
    7.5000  -30.0000  -30.0000 2268.8152   19.2352
   -7.5000  -22.5000  -30.0000 2307.8813   18.1777
    0.0000  -22.5000  -30.0000 2327.0095   18.1186
    7.5000  -22.5000  -30.0000 2309.7393   18.1586
   -7.5000  -15.0000  -30.0000 2343.4844   17.5353
    0.0000  -15.0000  -30.0000 2356.8142   17.4388
    7.5000  -15.0000  -30.0000 2335.0405   17.5190
   -7.5000   -7.5000  -30.0000 2349.5725   17.3617
    0.0000   -7.5000  -30.0000 2364.8794   17.2472
    7.5000   -7.5000  -30.0000 2343.9641   17.3089
   -7.5000    0.0000  -30.0000 2337.1289   17.4781
    0.0000    0.0000  -30.0000 2351.3992   17.4001
    7.5000    0.0000  -30.0000 2338.4568   17.5027
   -7.5000    7.5000  -30.0000 2308.4937   18.0116
    0.0000    7.5000  -30.0000 2327.3254   17.8578
    7.5000    7.5000  -30.0000 2307.4854   17.9143
   -7.5000   15.0000  -30.0000 2257.1697   18.8250
    0.0000   15.0000  -30.0000 2269.8799   18.6759
    7.5000   15.0000  -30.0000 2255.7664   18.7400
   -7.5000   22.5000  -30.0000 2177.2168   20.2042
    0.0000   22.5000  -30.0000 2188.3462   19.9531
    7.5000   22.5000  -30.0000 2174.4631   20.1520
   -7.5000   30.0000  -30.0000 2068.1951   22.1442
    0.0000   30.0000  -30.0000 2076.1375   21.7603
    7.5000   30.0000  -30.0000 2066.4644   22.0749
   -7.5000   37.5000  -30.0000 1942.4944   24.6392
    0.0000   37.5000  -30.0000 1947.3403   24.2278
    7.5000   37.5000  -30.0000 1937.7910   24.5518
   -7.5000   45.0000  -30.0000 1807.6019   27.8295
    0.0000   45.0000  -30.0000 1820.0123   27.3606
    7.5000   45.0000  -30.0000 1804.3673   27.7879
   -7.5000  -45.0000  -22.5000 2190.0884   21.5649
    0.0000  -45.0000  -22.5000 2210.1404   21.4932
    7.5000  -45.0000  -22.5000 2205.5005   21.5780
   -7.5000  -37.5000  -22.5000 2294.0503   19.5243
    0.0000  -37.5000  -22.5000 2319.1033   19.4197
    7.5000  -37.5000  -22.5000 2307.1892   19.4914
   -7.5000  -30.0000  -22.5000 2373.7312   18.0428
    0.0000  -30.0000  -22.5000 2397.3000   17.9403
    7.5000  -30.0000  -22.5000 2386.4932   18.0382
   -7.5000  -22.5000  -22.5000 2428.3438   17.0417
    0.0000  -22.5000  -22.5000 2442.4656   16.9558
    7.5000  -22.5000  -22.5000 2432.9050   17.0417
   -7.5000  -15.0000  -22.5000 2469.0027   16.4339
    0.0000  -15.0000  -22.5000 2483.4590   16.3789
    7.5000  -15.0000  -22.5000 2463.4888   16.4235
   -7.5000   -7.5000  -22.5000 2490.8516   16.2749
    0.0000   -7.5000  -22.5000 2514.5515   16.2388
    7.5000   -7.5000  -22.5000 2490.1538   16.2677
   -7.5000    0.0000  -22.5000 2478.8291   16.4488
    0.0000    0.0000  -22.5000 2496.1921   16.4690
    7.5000    0.0000  -22.5000 2474.1648   16.5257
   -7.5000    7.5000  -22.5000 2439.5225   16.9524
    0.0000    7.5000  -22.5000 2465.3191   16.9406
    7.5000    7.5000  -22.5000 2433.7271   16.9543
   -7.5000   15.0000  -22.5000 2372.9768   17.7462
    0.0000   15.0000  -22.5000 2394.4075   17.7196
    7.5000   15.0000  -22.5000 2376.4753   17.7538
   -7.5000   22.5000  -22.5000 2286.0198   19.0406
    0.0000   22.5000  -22.5000 2302.9727   18.9427
    7.5000   22.5000  -22.5000 2291.6597   19.0880
   -7.5000   30.0000  -22.5000 2171.3872   20.8620
    0.0000   30.0000  -22.5000 2183.9441   20.6357
    7.5000   30.0000  -22.5000 2175.4224   20.8804
   -7.5000   37.5000  -22.5000 2037.6035   23.2269
    0.0000   37.5000  -22.5000 2044.8755   22.9072
    7.5000   37.5000  -22.5000 2041.2335   23.2208
   -7.5000   45.0000  -22.5000 1901.5402   26.2172
    0.0000   45.0000  -22.5000 1916.0416   25.8664
    7.5000   45.0000  -22.5000 1903.2275   26.2838
   -7.5000  -45.0000  -15.0000 2251.8728   20.4044
    0.0000  -45.0000  -15.0000 2285.3394   20.3210
    7.5000  -45.0000  -15.0000 2271.9797   20.2746
   -7.5000  -37.5000  -15.0000 2370.2725   18.4244
    0.0000  -37.5000  -15.0000 2398.5911   18.3579
    7.5000  -37.5000  -15.0000 2384.6340   18.3480
   -7.5000  -30.0000  -15.0000 2456.2815   16.9580
    0.0000  -30.0000  -15.0000 2482.0403   16.8689
    7.5000  -30.0000  -15.0000 2466.7612   16.9240
   -7.5000  -22.5000  -15.0000 2516.7939   15.9921
    0.0000  -22.5000  -15.0000 2535.8997   15.8834
    7.5000  -22.5000  -15.0000 2522.9148   15.9466
   -7.5000  -15.0000  -15.0000 2566.8613   15.3913
    0.0000  -15.0000  -15.0000 2585.0605   15.3488
    7.5000  -15.0000  -15.0000 2562.3611   15.3258
   -7.5000   -7.5000  -15.0000 2599.1741   15.2444
    0.0000   -7.5000  -15.0000 2623.8171   15.2232
    7.5000   -7.5000  -15.0000 2596.9536   15.2147
   -7.5000    0.0000  -15.0000 2588.6819   15.4800
    0.0000    0.0000  -15.0000 2610.9250   15.5158
    7.5000    0.0000  -15.0000 2587.6511   15.5310
   -7.5000    7.5000  -15.0000 2546.7400   15.9536
    0.0000    7.5000  -15.0000 2571.5259   15.9928
    7.5000    7.5000  -15.0000 2543.6626   16.0034
   -7.5000   15.0000  -15.0000 2471.2607   16.7837
    0.0000   15.0000  -15.0000 2496.7825   16.7716
    7.5000   15.0000  -15.0000 2474.4309   16.7995
   -7.5000   22.5000  -15.0000 2374.9673   18.0073
    0.0000   22.5000  -15.0000 2396.6182   17.9129
    7.5000   22.5000  -15.0000 2384.1367   17.9933
   -7.5000   30.0000  -15.0000 2251.5024   19.6518
    0.0000   30.0000  -15.0000 2276.3308   19.5454
    7.5000   30.0000  -15.0000 2261.7561   19.6605
   -7.5000   37.5000  -15.0000 2110.5415   21.9073
    0.0000   37.5000  -15.0000 2125.5752   21.7602
    7.5000   37.5000  -15.0000 2111.5037   21.9206
   -7.5000   45.0000  -15.0000 1966.7491   24.7502
    0.0000   45.0000  -15.0000 1971.2461   24.4714
    7.5000   45.0000  -15.0000 1960.0737   24.7724
   -7.5000  -45.0000   -7.5000 2299.0159   19.4093
    0.0000  -45.0000   -7.5000 2330.2163   19.1531
    7.5000  -45.0000   -7.5000 2319.9297   19.1294
   -7.5000  -37.5000   -7.5000 2417.7954   17.4748
    0.0000  -37.5000   -7.5000 2448.2900   17.3110
    7.5000  -37.5000   -7.5000 2438.3850   17.2784
   -7.5000  -30.0000   -7.5000 2521.6643   16.0569
    0.0000  -30.0000   -7.5000 2551.0894   15.9324
    7.5000  -30.0000   -7.5000 2533.3010   15.9148
   -7.5000  -22.5000   -7.5000 2599.2080   15.0652
    0.0000  -22.5000   -7.5000 2622.2666   14.8924
    7.5000  -22.5000   -7.5000 2600.8901   14.9205
   -7.5000  -15.0000   -7.5000 2646.9214   14.4374
    0.0000  -15.0000   -7.5000 2673.6985   14.3686
    7.5000  -15.0000   -7.5000 2647.7185   14.3747
   -7.5000   -7.5000   -7.5000 2684.4023   14.3263
    0.0000   -7.5000   -7.5000 2710.9602   14.2809
    7.5000   -7.5000   -7.5000 2681.2637   14.2838
   -7.5000    0.0000   -7.5000 2677.0684   14.5681
    0.0000    0.0000   -7.5000 2704.3245   14.5269
    7.5000    0.0000   -7.5000 2681.6018   14.5217
   -7.5000    7.5000   -7.5000 2637.9619   15.0425
    0.0000    7.5000   -7.5000 2667.9802   15.0023
    7.5000    7.5000   -7.5000 2640.0652   15.0208
   -7.5000   15.0000   -7.5000 2560.0640   15.8528
    0.0000   15.0000   -7.5000 2585.0137   15.7950
    7.5000   15.0000   -7.5000 2561.6389   15.8615
   -7.5000   22.5000   -7.5000 2450.3071   16.9829
    0.0000   22.5000   -7.5000 2479.1379   16.9057
    7.5000   22.5000   -7.5000 2459.1863   16.9723
   -7.5000   30.0000   -7.5000 2320.5308   18.5885
    0.0000   30.0000   -7.5000 2345.0063   18.4899
    7.5000   30.0000   -7.5000 2327.9736   18.5542
   -7.5000   37.5000   -7.5000 2168.9993   20.7601
    0.0000   37.5000   -7.5000 2190.1931   20.6299
    7.5000   37.5000   -7.5000 2172.1917   20.6538
   -7.5000   45.0000   -7.5000 2014.9059   23.3802
    0.0000   45.0000   -7.5000 2021.4536   23.2382
    7.5000   45.0000   -7.5000 2009.6133   23.3147
   -7.5000  -45.0000    0.0000 2336.0564   18.5878
    0.0000  -45.0000    0.0000 2358.9736   18.2732
    7.5000  -45.0000    0.0000 2355.2117   18.3313
   -7.5000  -37.5000    0.0000 2458.7668   16.7321
    0.0000  -37.5000    0.0000 2482.9863   16.4814
    7.5000  -37.5000    0.0000 2476.0713   16.5322
   -7.5000  -30.0000    0.0000 2571.2507   15.3462
    0.0000  -30.0000    0.0000 2600.7625   15.1057
    7.5000  -30.0000    0.0000 2581.3208   15.1609
   -7.5000  -22.5000    0.0000 2666.2798   14.3665
    0.0000  -22.5000    0.0000 2699.1550   14.1655
    7.5000  -22.5000    0.0000 2672.2603   14.1988
   -7.5000  -15.0000    0.0000 2726.3540   13.7554
    0.0000  -15.0000    0.0000 2757.4641   13.6134
    7.5000  -15.0000    0.0000 2725.9990   13.6281
   -7.5000   -7.5000    0.0000 2770.4058   13.6689
    0.0000   -7.5000    0.0000 2794.7158   13.4936
    7.5000   -7.5000    0.0000 2758.0825   13.5632
   -7.5000    0.0000    0.0000 2752.9644   13.8724
    0.0000    0.0000    0.0000 2780.3564   13.6912
    7.5000    0.0000    0.0000 2754.8706   13.7292
   -7.5000    7.5000    0.0000 2712.9717   14.2629
    0.0000    7.5000    0.0000 2735.9617   14.1419
    7.5000    7.5000    0.0000 2714.7139   14.2046
   -7.5000   15.0000    0.0000 2627.3059   14.9691
    0.0000   15.0000    0.0000 2651.9192   14.8831
    7.5000   15.0000    0.0000 2627.4609   14.9948
   -7.5000   22.5000    0.0000 2515.8889   16.1522
    0.0000   22.5000    0.0000 2534.0586   16.0687
    7.5000   22.5000    0.0000 2507.2937   16.1643
   -7.5000   30.0000    0.0000 2371.7488   17.8054
    0.0000   30.0000    0.0000 2389.2146   17.6799
    7.5000   30.0000    0.0000 2367.3750   17.7401
   -7.5000   37.5000    0.0000 2212.8579   19.8362
    0.0000   37.5000    0.0000 2233.4648   19.6775
    7.5000   37.5000    0.0000 2214.6277   19.7339
   -7.5000   45.0000    0.0000 2047.8944   22.3324
    0.0000   45.0000    0.0000 2063.2219   22.1565
    7.5000   45.0000    0.0000 2048.9390   22.2659
   -7.5000  -45.0000    7.5000 2363.4690   18.0616
    0.0000  -45.0000    7.5000 2381.6353   17.6336
    7.5000  -45.0000    7.5000 2373.3003   17.7948
   -7.5000  -37.5000    7.5000 2493.0535   16.2585
    0.0000  -37.5000    7.5000 2513.5271   15.8761
    7.5000  -37.5000    7.5000 2502.4136   16.0426
   -7.5000  -30.0000    7.5000 2609.9753   14.9081
    0.0000  -30.0000    7.5000 2638.1013   14.5584
    7.5000  -30.0000    7.5000 2618.6716   14.7291
   -7.5000  -22.5000    7.5000 2721.4912   13.9777
    0.0000  -22.5000    7.5000 2745.4084   13.6894
    7.5000  -22.5000    7.5000 2721.9155   13.8273
   -7.5000  -15.0000    7.5000 2793.8093   13.4031
    0.0000  -15.0000    7.5000 2834.5576   13.1161
    7.5000  -15.0000    7.5000 2794.7810   13.2048
   -7.5000   -7.5000    7.5000 2840.7083   13.2133
    0.0000   -7.5000    7.5000 2863.1484   12.8407
    7.5000   -7.5000    7.5000 2830.4316   13.0546
   -7.5000    0.0000    7.5000 2819.9404   13.3112
    0.0000    0.0000    7.5000 2838.6514   13.0252
    7.5000    0.0000    7.5000 2817.9500   13.2065
   -7.5000    7.5000    7.5000 2764.4009   13.6977
    0.0000    7.5000    7.5000 2781.5918   13.4824
    7.5000    7.5000    7.5000 2758.1611   13.6571
   -7.5000   15.0000    7.5000 2672.4016   14.4335
    0.0000   15.0000    7.5000 2689.8838   14.2746
    7.5000   15.0000    7.5000 2664.2554   14.4137
   -7.5000   22.5000    7.5000 2555.7639   15.6346
    0.0000   22.5000    7.5000 2570.7637   15.4592
    7.5000   22.5000    7.5000 2547.4058   15.5818
   -7.5000   30.0000    7.5000 2406.7942   17.2054
    0.0000   30.0000    7.5000 2424.3962   17.0336
    7.5000   30.0000    7.5000 2399.4199   17.1471
   -7.5000   37.5000    7.5000 2243.7371   19.1783
    0.0000   37.5000    7.5000 2264.6931   18.9986
    7.5000   37.5000    7.5000 2239.1638   19.1431
   -7.5000   45.0000    7.5000 2076.3950   21.5787
    0.0000   45.0000    7.5000 2087.7141   21.3688
    7.5000   45.0000    7.5000 2077.5540   21.5890
   -7.5000  -45.0000   15.0000 2374.7905   17.8413
    0.0000  -45.0000   15.0000 2388.3428   17.3393
    7.5000  -45.0000   15.0000 2384.5427   17.6201
   -7.5000  -37.5000   15.0000 2508.6157   16.0419
    0.0000  -37.5000   15.0000 2520.2417   15.5945
    7.5000  -37.5000   15.0000 2511.9153   15.8758
   -7.5000  -30.0000   15.0000 2629.6470   14.7089
    0.0000  -30.0000   15.0000 2643.2581   14.3098
    7.5000  -30.0000   15.0000 2632.6230   14.5943
   -7.5000  -22.5000   15.0000 2742.2031   13.8459
    0.0000  -22.5000   15.0000 2761.0339   13.5108
    7.5000  -22.5000   15.0000 2740.1899   13.6865
   -7.5000  -15.0000   15.0000 2820.9241   13.2384
    0.0000  -15.0000   15.0000 2864.4651   12.8596
    7.5000  -15.0000   15.0000 2825.3835   13.1005
   -7.5000   -7.5000   15.0000 2865.5356   12.8051
    0.0000   -7.5000   15.0000 2877.4492   12.2874
    7.5000   -7.5000   15.0000 2864.2825   12.8635
   -7.5000    0.0000   15.0000 2840.5439   12.9437
    0.0000    0.0000   15.0000 2853.1372   12.5674
    7.5000    0.0000   15.0000 2843.5237   12.9800
   -7.5000    7.5000   15.0000 2775.9292   13.4986
    0.0000    7.5000   15.0000 2792.2725   13.2062
    7.5000    7.5000   15.0000 2782.9553   13.4651
   -7.5000   15.0000   15.0000 2688.5435   14.2188
    0.0000   15.0000   15.0000 2705.1143   13.9626
    7.5000   15.0000   15.0000 2688.4531   14.1749
   -7.5000   22.5000   15.0000 2565.1458   15.3952
    0.0000   22.5000   15.0000 2580.2568   15.1327
    7.5000   22.5000   15.0000 2569.6392   15.2976
   -7.5000   30.0000   15.0000 2416.6938   16.9831
    0.0000   30.0000   15.0000 2432.0635   16.7294
    7.5000   30.0000   15.0000 2412.9678   16.8889
   -7.5000   37.5000   15.0000 2257.2302   18.9250
    0.0000   37.5000   15.0000 2269.2932   18.7118
    7.5000   37.5000   15.0000 2254.3503   18.8989
   -7.5000   45.0000   15.0000 2083.3513   21.3401
    0.0000   45.0000   15.0000 2094.6733   21.0847
    7.5000   45.0000   15.0000 2082.0601   21.3106
   -7.5000  -45.0000   22.5000 2377.8284   17.9206
    0.0000  -45.0000   22.5000 2394.4043   17.3850
    7.5000  -45.0000   22.5000 2387.2031   17.6793
   -7.5000  -37.5000   22.5000 2512.8811   16.1582
    0.0000  -37.5000   22.5000 2523.9861   15.6794
    7.5000  -37.5000   22.5000 2514.6165   15.9827
   -7.5000  -30.0000   22.5000 2636.6794   14.8301
    0.0000  -30.0000   22.5000 2646.1709   14.4031
    7.5000  -30.0000   22.5000 2632.4651   14.7137
   -7.5000  -22.5000   22.5000 2737.7539   13.9419
    0.0000  -22.5000   22.5000 2748.5371   13.5672
    7.5000  -22.5000   22.5000 2735.3816   13.8189
   -7.5000  -15.0000   22.5000 2808.2451   13.2939
    0.0000  -15.0000   22.5000 2831.6636   12.8536
    7.5000  -15.0000   22.5000 2824.2087   13.3350
   -7.5000   -7.5000   22.5000 2850.1355   12.9508
    0.0000   -7.5000   22.5000 2856.1655   12.4967
    7.5000   -7.5000   22.5000 2858.2205   13.0670
   -7.5000    0.0000   22.5000 2842.9846   13.0875
    0.0000    0.0000   22.5000 2854.0312   12.7448
    7.5000    0.0000   22.5000 2833.1375   13.1138
   -7.5000    7.5000   22.5000 2770.2092   13.5873
    0.0000    7.5000   22.5000 2787.6050   13.3195
    7.5000    7.5000   22.5000 2777.4839   13.5301
   -7.5000   15.0000   22.5000 2675.7644   14.2810
    0.0000   15.0000   22.5000 2689.3435   14.0286
    7.5000   15.0000   22.5000 2687.3772   14.1909
   -7.5000   22.5000   22.5000 2547.9893   15.4456
    0.0000   22.5000   22.5000 2568.6226   15.1861
    7.5000   22.5000   22.5000 2557.3972   15.3137
   -7.5000   30.0000   22.5000 2404.8213   16.9747
    0.0000   30.0000   22.5000 2428.1318   16.7404
    7.5000   30.0000   22.5000 2407.6367   16.8510
   -7.5000   37.5000   22.5000 2246.5022   18.8643
    0.0000   37.5000   22.5000 2268.1228   18.7303
    7.5000   37.5000   22.5000 2245.5417   18.8119
   -7.5000   45.0000   22.5000 2073.7151   21.2254
    0.0000   45.0000   22.5000 2089.4856   21.0935
    7.5000   45.0000   22.5000 2067.6648   21.1741
   -7.5000  -45.0000   30.0000 2362.2539   18.1597
    0.0000  -45.0000   30.0000 2377.8103   17.6449
    7.5000  -45.0000   30.0000 2370.8254   18.0014
   -7.5000  -37.5000   30.0000 2491.7314   16.4536
    0.0000  -37.5000   30.0000 2507.2393   16.0440
    7.5000  -37.5000   30.0000 2491.7117   16.3558
   -7.5000  -30.0000   30.0000 2609.7139   15.1989
    0.0000  -30.0000   30.0000 2625.1025   14.8745
    7.5000  -30.0000   30.0000 2600.7021   15.1607
   -7.5000  -22.5000   30.0000 2705.8223   14.2911
    0.0000  -22.5000   30.0000 2723.6108   13.9616
    7.5000  -22.5000   30.0000 2701.5747   14.3192
   -7.5000  -15.0000   30.0000 2762.0754   13.5869
    0.0000  -15.0000   30.0000 2785.4434   13.2430
    7.5000  -15.0000   30.0000 2775.1304   13.7423
   -7.5000   -7.5000   30.0000 2803.0786   13.4014
    0.0000   -7.5000   30.0000 2816.0398   13.1833
    7.5000   -7.5000   30.0000 2799.4355   13.4640
   -7.5000    0.0000   30.0000 2795.9087   13.5322
    0.0000    0.0000   30.0000 2818.8984   13.3580
    7.5000    0.0000   30.0000 2784.2329   13.5352
   -7.5000    7.5000   30.0000 2726.2920   13.9525
    0.0000    7.5000   30.0000 2752.0752   13.7731
    7.5000    7.5000   30.0000 2729.4089   13.9117
   -7.5000   15.0000   30.0000 2627.8079   14.6332
    0.0000   15.0000   30.0000 2645.9993   14.4135
    7.5000   15.0000   30.0000 2633.3972   14.5460
   -7.5000   22.5000   30.0000 2504.3479   15.7365
    0.0000   22.5000   30.0000 2523.2666   15.5008
    7.5000   22.5000   30.0000 2509.5667   15.6132
   -7.5000   30.0000   30.0000 2368.2854   17.1847
    0.0000   30.0000   30.0000 2389.0288   16.9391
    7.5000   30.0000   30.0000 2372.8362   17.0554
   -7.5000   37.5000   30.0000 2216.1863   19.0915
    0.0000   37.5000   30.0000 2229.0876   18.8461
    7.5000   37.5000   30.0000 2219.7026   18.9642
   -7.5000   45.0000   30.0000 2051.6709   21.5635
    0.0000   45.0000   30.0000 2066.6360   21.3188
    7.5000   45.0000   30.0000 2043.1676   21.4375
   -7.5000  -45.0000   37.5000 2331.2239   18.7624
    0.0000  -45.0000   37.5000 2350.8013   18.4526
    7.5000  -45.0000   37.5000 2334.1299   18.7810
   -7.5000  -37.5000   37.5000 2456.3135   17.0792
    0.0000  -37.5000   37.5000 2482.1658   16.8367
    7.5000  -37.5000   37.5000 2449.7161   17.1261
   -7.5000  -30.0000   37.5000 2566.3914   15.8125
    0.0000  -30.0000   37.5000 2588.8311   15.5568
    7.5000  -30.0000   37.5000 2558.8813   15.8828
   -7.5000  -22.5000   37.5000 2652.6150   14.8375
    0.0000  -22.5000   37.5000 2670.2954   14.4476
    7.5000  -22.5000   37.5000 2649.1609   14.9169
   -7.5000  -15.0000   37.5000 2710.2766   14.1711
    0.0000  -15.0000   37.5000 2726.3616   13.8461
    7.5000  -15.0000   37.5000 2705.0432   14.2081
   -7.5000   -7.5000   37.5000 2741.7170   14.0264
    0.0000   -7.5000   37.5000 2753.9150   13.7397
    7.5000   -7.5000   37.5000 2734.9766   14.0174
   -7.5000    0.0000   37.5000 2722.8420   14.1827
    0.0000    0.0000   37.5000 2741.8826   13.9377
    7.5000    0.0000   37.5000 2715.2209   14.1547
   -7.5000    7.5000   37.5000 2660.3435   14.6051
    0.0000    7.5000   37.5000 2682.5938   14.3720
    7.5000    7.5000   37.5000 2658.0933   14.5572
   -7.5000   15.0000   37.5000 2567.4248   15.3096
    0.0000   15.0000   37.5000 2590.7891   15.1750
    7.5000   15.0000   37.5000 2568.7891   15.2585
   -7.5000   22.5000   37.5000 2449.3542   16.3713
    0.0000   22.5000   37.5000 2478.7368   16.2471
    7.5000   22.5000   37.5000 2451.9314   16.2771
   -7.5000   30.0000   37.5000 2313.2256   17.7706
    0.0000   30.0000   37.5000 2336.1843   17.5997
    7.5000   30.0000   37.5000 2320.5886   17.6305
   -7.5000   37.5000   37.5000 2161.7393   19.6095
    0.0000   37.5000   37.5000 2181.9316   19.4306
    7.5000   37.5000   37.5000 2163.7908   19.4564
   -7.5000   45.0000   37.5000 2009.9061   22.0345
    0.0000   45.0000   37.5000 2027.5020   21.8627
    7.5000   45.0000   37.5000 2004.7437   21.9488
   -7.5000  -45.0000   45.0000 2282.2249   19.7149
    0.0000  -45.0000   45.0000 2304.1060   19.5210
    7.5000  -45.0000   45.0000 2282.7412   19.7359
   -7.5000  -37.5000   45.0000 2402.2966   17.9757
    0.0000  -37.5000   45.0000 2427.8481   17.7783
    7.5000  -37.5000   45.0000 2398.4509   18.0112
   -7.5000  -30.0000   45.0000 2496.2073   16.6190
    0.0000  -30.0000   45.0000 2526.5842   16.3602
    7.5000  -30.0000   45.0000 2491.9709   16.6717
   -7.5000  -22.5000   45.0000 2579.9446   15.6065
    0.0000  -22.5000   45.0000 2603.0212   15.2692
    7.5000  -22.5000   45.0000 2569.6414   15.6632
   -7.5000  -15.0000   45.0000 2633.7312   14.9939
    0.0000  -15.0000   45.0000 2647.2046   14.7298
    7.5000  -15.0000   45.0000 2621.5605   15.0078
   -7.5000   -7.5000   45.0000 2654.3430   14.8351
    0.0000   -7.5000   45.0000 2671.6660   14.5576
    7.5000   -7.5000   45.0000 2647.9172   14.8105
   -7.5000    0.0000   45.0000 2625.7354   14.9875
    0.0000    0.0000   45.0000 2647.0857   14.7220
    7.5000    0.0000   45.0000 2621.7588   14.9704
   -7.5000    7.5000   45.0000 2570.4551   15.4294
    0.0000    7.5000   45.0000 2590.1375   15.1862
    7.5000    7.5000   45.0000 2567.3735   15.3975
   -7.5000   15.0000   45.0000 2486.9888   16.1142
    0.0000   15.0000   45.0000 2512.2888   15.9011
    7.5000   15.0000   45.0000 2480.6548   16.0677
   -7.5000   22.5000   45.0000 2389.5398   17.1816
    0.0000   22.5000   45.0000 2409.2769   17.0722
    7.5000   22.5000   45.0000 2379.0076   17.1893
   -7.5000   30.0000   45.0000 2251.8369   18.6797
    0.0000   30.0000   45.0000 2273.9746   18.5680
    7.5000   30.0000   45.0000 2250.2998   18.5944
   -7.5000   37.5000   45.0000 2105.5706   20.4967
    0.0000   37.5000   45.0000 2124.3013   20.3560
    7.5000   37.5000   45.0000 2099.5474   20.4132
   -7.5000   45.0000   45.0000 1960.7794   22.9329
    0.0000   45.0000   45.0000 1972.1169   22.8098
    7.5000   45.0000   45.0000 1957.9967   22.8782

---------------------------------------------------------------------
imgreg_4dfp /opt/freesurfer/average/711-2C_as_mni_average_305 /opt/freesurfer/average/711-2B_as_mni_average_305_mask talsrcimg_g11 none talsrcimg_to_711-2C_as_mni_average_305_t4 1283
---------------------------------------------------------------------

freesurfer imgreg_4dfp.c
/opt/freesurfer/average/711-2C_as_mni_average_305.4dfp.img
       256       256       256         1
  1.000000  1.000000  1.000000
orientation T byte_order littleendian
Reading image: /opt/freesurfer/average/711-2C_as_mni_average_305.4dfp.img
dimensions:      256       256       256
mmppix:       1.0000   -1.0000   -1.0000
center:     128.0000 -129.0000 -129.0000
/opt/freesurfer/average/711-2B_as_mni_average_305_mask.4dfp.img
       256       256       256         1
  1.000000  1.000000  1.000000
orientation T byte_order littleendian
Reading mask: /opt/freesurfer/average/711-2B_as_mni_average_305_mask.4dfp.img (2306576 pixels)
talsrcimg_g11.4dfp.img
       256       256       256         1
  1.000000  1.000000  1.000000
orientation T byte_order littleendian
Reading image: talsrcimg_g11.4dfp.img
dimensions:      256       256       256
mmppix:       1.0000   -1.0000   -1.0000
center:     128.0000 -129.0000 -129.0000
rotation matrix determinant  1.000000
fimgreg.f
image alignment mode   1283 decimal      503 hex
parameters
    0.0000   -7.5000   15.0000    0.0000    0.0000    0.0000
eta,q 0.90609 12.22771
niter,ni,del,rscale     5    3   12.0000    1.2000
parameter  1 -0.262089 ->  0.500000 qaram    1.1500
parameter  2  0.798310 -> -0.500000 qaram    1.1500
parameter  6 -0.725036 -> -0.500000 qaram    1.1500
parameters
   -3.4500   -4.0500   13.6451   -0.2888    2.8096    3.4500
eta,q 0.90793 12.22863
  0.0977  0.0966  0.0978  0.0973  0.1004  0.0963
  0.0969  0.0974  0.0968  0.0959  0.0979  0.0946
  0.1000  0.0982  0.0952  0.0946  0.0955  0.0941
  0.1013  0.0967  0.0937  0.0938  0.0936  0.0938
  0.1027  0.0948  0.0971  0.0937  0.0937  0.0927
  0.1014  0.0927  0.1003  0.0958  0.0940  0.0921
  0.0990  0.0939  0.1016  0.0989  0.0941  0.0930
niter,ni,del,rscale     7    3   12.0000    1.2000
parameter  1 -0.598020 -> -0.500000 qaram    1.3225
parameter  5 -1.497251 -> -0.500000 qaram    1.1500
parameters
    0.5175   -5.7080   10.9921   -0.3391    6.2596    2.6632
eta,q 0.91189 12.34253
  0.1047  0.0949  0.0977  0.0973  0.0968  0.0934
  0.0959  0.0965  0.0924  0.0937  0.0957  0.0906
  0.0927  0.0947  0.0916  0.0919  0.0942  0.0889
  0.0921  0.0939  0.0944  0.0913  0.0913  0.0878
  0.0937  0.0924  0.1001  0.0927  0.0888  0.0889
  0.0928  0.0969  0.1036  0.0948  0.0877  0.0928
  0.0893  0.1072  0.1043  0.0965  0.0890  0.0971
niter,ni,del,rscale     7    3   12.0000    1.2000
parameters
   -0.6990   -7.0686   11.7904    0.3065    6.4258    1.8628
eta,q 0.90750 12.26946
  0.0966  0.0947  0.1071  0.0968  0.0953  0.0956
  0.0937  0.0976  0.1015  0.0942  0.0938  0.0941
  0.0928  0.0949  0.0957  0.0925  0.0921  0.0928
  0.0881  0.0909  0.0924  0.0924  0.0924  0.0925
  0.0888  0.0938  0.0930  0.0925  0.0933  0.0931
  0.0982  0.0970  0.0973  0.0932  0.0939  0.0952
  0.1075  0.1037  0.1013  0.0950  0.0945  0.0977
niter,ni,del,rscale     6    3   12.0000    1.2000
parameter  4 -0.648899 ->  0.500000 qaram    1.1500
parameters
   -1.6843  -10.1912   13.6928   -3.1435    5.8241    1.2984
eta,q 0.90777 12.40464
  0.0962  0.0928  0.1051  0.0922  0.0976  0.0969
  0.0936  0.0947  0.1029  0.0923  0.0940  0.0939
  0.0931  0.0964  0.0993  0.0935  0.0917  0.0922
  0.0925  0.0932  0.0965  0.0944  0.0927  0.0922
  0.0897  0.0934  0.0943  0.0949  0.0938  0.0932
  0.0949  0.0940  0.0956  0.0940  0.0953  0.0955
  0.1029  0.0983  0.0996  0.0945  0.0994  0.0981
niter,ni,del,rscale     6    3   12.0000    1.2000
parameters
   -1.7148   -8.7981   13.0490   -1.7608    5.0141    1.4396
eta,q 0.90664 12.28375
  0.1044  0.1088  0.0992  0.0995  0.0977  0.0972
  0.0979  0.0996  0.0968  0.0951  0.0950  0.0955
  0.0950  0.0921  0.0945  0.0926  0.0934  0.0948
  0.0922  0.0922  0.0934  0.0933  0.0939  0.0935
  0.0933  0.0937  0.0963  0.0942  0.0954  0.0932
  0.0986  0.0951  0.0987  0.0950  0.0965  0.0952
  0.1047  0.0973  0.1014  0.0943  0.0993  0.0974
niter,ni,del,rscale     5    3   12.0000    1.2000
parameters
   -1.2743   -7.5784   12.3019   -0.1649    5.2690    2.0204
eta,q 0.90687 12.26415
  0.1034  0.1004  0.1005  0.0990  0.0965  0.0973
  0.0960  0.0927  0.0965  0.0952  0.0955  0.0963
  0.0951  0.0921  0.0935  0.0932  0.0936  0.0949
  0.0934  0.0934  0.0927  0.0928  0.0932  0.0934
  0.0946  0.0927  0.0961  0.0934  0.0940  0.0934
  0.0962  0.0954  0.1002  0.0936  0.0949  0.0949
  0.1006  0.0935  0.1041  0.0944  0.0960  0.0968
niter,ni,del,rscale     4    3   12.0000    1.2000
parameter  2  1.838938 ->  0.500000 qaram    1.3225
parameters
   -1.0973  -11.5459   13.2907   -1.7519    5.7409    1.4366
eta,q 0.90824 12.53703
  0.0992  0.0929  0.1032  0.0940  0.0971  0.0965
  0.0948  0.0929  0.1010  0.0915  0.0944  0.0934
  0.0939  0.0955  0.0972  0.0913  0.0918  0.0915
  0.0931  0.0930  0.0939  0.0928  0.0918  0.0919
  0.0920  0.0927  0.0927  0.0936  0.0924  0.0933
  0.0935  0.0940  0.0950  0.0935  0.0931  0.0953
  0.0997  0.0947  0.1006  0.0942  0.0957  0.0973
niter,ni,del,rscale     4    3   12.0000    1.2000
parameters
   -1.7434   -8.9052   13.0366   -1.4782    5.0904    1.3396
eta,q 0.90632 12.28467
  0.1028  0.1178  0.1011  0.0965  0.0978  0.0970
  0.0986  0.1049  0.0983  0.0929  0.0953  0.0954
  0.0943  0.0942  0.0958  0.0926  0.0936  0.0949
  0.0918  0.0919  0.0937  0.0938  0.0939  0.0936
  0.0941  0.0937  0.0957  0.0949  0.0952  0.0936
  0.1021  0.0933  0.0987  0.0948  0.0965  0.0957
  0.1068  0.0956  0.1028  0.0941  0.0993  0.0975
niter,ni,del,rscale     3    3   12.0000    1.2000
parameters
   -1.3166   -6.5540   11.8395   -0.2456    6.6033    0.9214
eta,q 0.90743 12.24753
  0.1034  0.1051  0.0996  0.0997  0.0957  0.0958
  0.0962  0.0940  0.0947  0.0958  0.0940  0.0941
  0.0953  0.0919  0.0919  0.0930  0.0924  0.0929
  0.0937  0.0937  0.0927  0.0920  0.0922  0.0926
  0.0948  0.0929  0.0972  0.0923  0.0927  0.0929
  0.0964  0.0954  0.1013  0.0934  0.0927  0.0946
  0.1007  0.0924  0.1042  0.0954  0.0934  0.0970
niter,ni,del,rscale     2    3   12.0000    1.2000
parameter  4  0.918484 ->  0.500000 qaram    1.3225
parameters
   -1.6245   -8.7921   13.0569   -4.2131    4.7319    1.4945
eta,q 0.90793 12.34458
  0.0983  0.0941  0.1041  0.0947  0.0960  0.0992
  0.0938  0.0940  0.1016  0.0934  0.0931  0.0959
  0.0930  0.0965  0.0981  0.0946  0.0920  0.0932
  0.0926  0.0928  0.0960  0.0947  0.0937  0.0922
  0.0896  0.0936  0.0946  0.0948  0.0953  0.0924
  0.0935  0.0943  0.0972  0.0943  0.0970  0.0943
  0.1017  0.1035  0.1002  0.0950  0.1017  0.0973
niter,ni,del,rscale     2    3   12.0000    1.2000
parameter  4 -0.505141 -> -0.500000 qaram    1.5209
parameters
   -1.3147   -6.9811   11.8820    0.3495    6.0987    1.2478
eta,q 0.90706 12.26273
  0.1045  0.1106  0.0988  0.1057  0.0955  0.0960
  0.0965  0.0989  0.0955  0.1016  0.0945  0.0948
  0.0938  0.0909  0.0937  0.0964  0.0928  0.0936
  0.0921  0.0923  0.0936  0.0933  0.0924  0.0929
  0.0948  0.0942  0.0970  0.0922  0.0931  0.0933
  0.0965  0.0982  0.0997  0.0924  0.0933  0.0948
  0.1017  0.0946  0.1030  0.0937  0.0937  0.0969
niter,ni,del,rscale     2    3   12.0000    1.2000
parameters
   -1.5221   -9.2099   13.1859   -1.2878    5.3980    1.3088
eta,q 0.90607 12.28210
  0.0981  0.0942  0.1041  0.0967  0.0983  0.0975
  0.0940  0.0934  0.1021  0.0926  0.0955  0.0958
  0.0930  0.0966  0.0986  0.0937  0.0937  0.0953
  0.0929  0.0930  0.0964  0.0949  0.0943  0.0940
  0.0900  0.0934  0.0947  0.0946  0.0956  0.0938
  0.0930  0.0941  0.0968  0.0947  0.0971  0.0958
  0.1011  0.1021  0.1005  0.0989  0.0996  0.0978
niter,ni,del,rscale     1    3   12.0000    1.2000
parameters
   -1.5290   -6.8465   11.9902    0.2732    6.0006    1.0296
eta,q 0.90704 12.25418
  0.1021  0.1058  0.0997  0.1037  0.0952  0.0959
  0.0966  0.0941  0.0949  0.0973  0.0936  0.0948
  0.0956  0.0918  0.0924  0.0935  0.0924  0.0936
  0.0939  0.0939  0.0929  0.0923  0.0927  0.0929
  0.0950  0.0931  0.0974  0.0929  0.0932  0.0931
  0.0974  0.0951  0.1011  0.0946  0.0931  0.0947
  0.1018  0.0925  0.1043  0.0971  0.0941  0.0969
registration optimization eta report
parameter search radius
    7.9350    7.9350    6.0000    9.1253    6.9000    6.9000
100000*second partial in parameter space
       12.       10.       23.       10.        4.        7.
  0.1021  0.1058  0.0997  0.1037  0.0952  0.0959
  0.0966  0.0941  0.0949  0.0973  0.0936  0.0948
  0.0956  0.0918  0.0924  0.0935  0.0924  0.0936
  0.0939  0.0939  0.0929  0.0923  0.0927  0.0929
  0.0950  0.0931  0.0974  0.0929  0.0932  0.0931
  0.0974  0.0951  0.1011  0.0946  0.0931  0.0947
  0.1018  0.0925  0.1043  0.0971  0.0941  0.0969
   -1.5290   -6.8465   11.9902    0.2732    6.0006    1.0296
eta,q 0.90704 12.25418

---------------------------------------------------------------------
imgreg_4dfp /opt/freesurfer/average/711-2C_as_mni_average_305 /opt/freesurfer/average/711-2B_as_mni_average_305_mask talsrcimg_g11 none talsrcimg_to_711-2C_as_mni_average_305_t4 3335
---------------------------------------------------------------------

freesurfer imgreg_4dfp.c
/opt/freesurfer/average/711-2C_as_mni_average_305.4dfp.img
       256       256       256         1
  1.000000  1.000000  1.000000
orientation T byte_order littleendian
Reading image: /opt/freesurfer/average/711-2C_as_mni_average_305.4dfp.img
dimensions:      256       256       256
mmppix:       1.0000   -1.0000   -1.0000
center:     128.0000 -129.0000 -129.0000
/opt/freesurfer/average/711-2B_as_mni_average_305_mask.4dfp.img
       256       256       256         1
  1.000000  1.000000  1.000000
orientation T byte_order littleendian
Reading mask: /opt/freesurfer/average/711-2B_as_mni_average_305_mask.4dfp.img (2306576 pixels)
talsrcimg_g11.4dfp.img
       256       256       256         1
  1.000000  1.000000  1.000000
orientation T byte_order littleendian
Reading image: talsrcimg_g11.4dfp.img
dimensions:      256       256       256
mmppix:       1.0000   -1.0000   -1.0000
center:     128.0000 -129.0000 -129.0000
fimgreg.f
image alignment mode   3335 decimal      D07 hex
parameters
   -1.5290   -6.8465   11.9902   -0.5640   -0.0182   -0.5491
   -1.8467  -10.4435    1.7870   -0.6646   10.4539    0.4743
eta,q 0.90964 12.36625
niter,ni,del,rscale     5    3    5.0000    1.2000
parameter  2  0.625632 ->  0.500000 qaram    1.1500
parameter  4 -5.457637 ->  0.500000 qaram    1.1500
parameter  5-36.765659 ->  0.500000 qaram    1.1500
parameter  6  3.322142 ->  0.500000 qaram    1.1500
parameter  8 -9.263835 -> -0.500000 qaram    1.1500
parameter 10 -1.285047 -> -0.500000 qaram    1.1500
parameter 11  0.724085 ->  0.500000 qaram    1.1500
parameters
   -1.6048   -8.2265   12.3626   -4.7040   -4.1582   -4.6891
   -2.0335   -6.3035    2.7512    3.4754    6.3139    1.5382
eta,q 0.93686 12.19263
  0.0911  0.0902  0.0918  0.0760  0.0661  0.0610  0.0687  0.0700  0.0671  0.0678  0.0631  0.0656
  0.0906  0.0900  0.0911  0.0807  0.0713  0.0658  0.0678  0.0687  0.0660  0.0670  0.0633  0.0648
  0.0904  0.0901  0.0905  0.0855  0.0764  0.0694  0.0673  0.0678  0.0653  0.0661  0.0633  0.0639
  0.0904  0.0904  0.0900  0.0899  0.0820  0.0727  0.0671  0.0671  0.0650  0.0650  0.0634  0.0633
  0.0905  0.0906  0.0899  0.0941  0.0876  0.0770  0.0672  0.0660  0.0651  0.0639  0.0638  0.0631
  0.0908  0.0909  0.0902  0.0980  0.0925  0.0820  0.0678  0.0647  0.0655  0.0634  0.0643  0.0636
  0.0911  0.0915  0.0911  0.1015  0.0976  0.0887  0.0690  0.0643  0.0661  0.0639  0.0651  0.0649
niter,ni,del,rscale     7    3    5.0000    1.2000
parameter  3 -1.702713 -> -0.500000 qaram    1.1500
parameter  4  1.868751 ->  0.500000 qaram    1.3225
parameter  5  0.926517 ->  0.500000 qaram    1.3225
parameter  6  1.402167 ->  0.500000 qaram    1.3225
parameter 10  1.212072 ->  0.500000 qaram    1.3225
parameters
   -0.9113   -8.5865   13.7426   -9.4650   -8.9192   -9.4501
   -4.1182   -6.7671    3.8883   -1.2856    6.1853   -2.0141
eta,q 0.96315 12.02770
  0.0676  0.0661  0.0672  0.0506  0.0458  0.0409  0.0434  0.0486  0.0438  0.0366  0.0404  0.0376
  0.0656  0.0639  0.0656  0.0517  0.0468  0.0415  0.0421  0.0450  0.0427  0.0371  0.0389  0.0369
  0.0641  0.0629  0.0642  0.0547  0.0485  0.0447  0.0417  0.0422  0.0420  0.0389  0.0378  0.0370
  0.0631  0.0629  0.0628  0.0608  0.0522  0.0472  0.0421  0.0417  0.0416  0.0416  0.0375  0.0375
  0.0629  0.0640  0.0615  0.0678  0.0583  0.0512  0.0431  0.0434  0.0416  0.0451  0.0378  0.0384
  0.0634  0.0657  0.0606  0.0738  0.0661  0.0553  0.0445  0.0464  0.0420  0.0493  0.0390  0.0397
  0.0644  0.0679  0.0604  0.0793  0.0747  0.0611  0.0465  0.0498  0.0427  0.0539  0.0406  0.0413
niter,ni,del,rscale     7    3    5.0000    1.2000
parameter  2 -1.070962 -> -0.500000 qaram    1.3225
parameter  3 -0.559618 -> -0.500000 qaram    1.3225
parameter  5  0.549409 ->  0.500000 qaram    1.5209
parameter 12  0.670520 ->  0.500000 qaram    1.1500
parameters
   -0.8204   -6.9995   15.3296  -13.4719  -14.3943  -12.2303
   -4.9596   -6.8399    4.3131   -4.1030    6.3384   -6.1541
eta,q 0.96984 11.29151
  0.0415  0.0485  0.0418  0.0332  0.0310  0.0332  0.0325  0.0356  0.0328  0.0332  0.0316  0.0303
  0.0389  0.0442  0.0383  0.0326  0.0308  0.0318  0.0316  0.0329  0.0319  0.0313  0.0310  0.0301
  0.0374  0.0403  0.0352  0.0321  0.0312  0.0312  0.0311  0.0314  0.0313  0.0306  0.0307  0.0303
  0.0369  0.0369  0.0331  0.0320  0.0322  0.0309  0.0311  0.0310  0.0310  0.0310  0.0306  0.0306
  0.0372  0.0342  0.0321  0.0353  0.0359  0.0326  0.0314  0.0317  0.0312  0.0326  0.0307  0.0312
  0.0386  0.0328  0.0321  0.0430  0.0426  0.0358  0.0322  0.0332  0.0317  0.0356  0.0310  0.0321
  0.0408  0.0328  0.0327  0.0520  0.0513  0.0411  0.0334  0.0355  0.0325  0.0395  0.0315  0.0331
niter,ni,del,rscale     7    3    5.0000    1.2000
parameter  2 -0.698279 -> -0.500000 qaram    1.5209
parameters
   -0.7526   -5.1744   15.4616  -14.9757  -16.8722  -13.0711
   -4.8192   -6.8526    4.3970   -1.9203    5.8979   -7.2610
eta,q 0.97127 11.04286
  0.0328  0.0400  0.0318  0.0300  0.0324  0.0334  0.0310  0.0335  0.0303  0.0385  0.0296  0.0300
  0.0314  0.0360  0.0294  0.0290  0.0305  0.0311  0.0300  0.0308  0.0296  0.0332  0.0291  0.0292
  0.0305  0.0327  0.0281  0.0284  0.0290  0.0296  0.0293  0.0294  0.0291  0.0303  0.0288  0.0288
  0.0302  0.0302  0.0280  0.0280  0.0282  0.0287  0.0290  0.0290  0.0290  0.0290  0.0287  0.0287
  0.0304  0.0285  0.0286  0.0275  0.0296  0.0289  0.0292  0.0296  0.0292  0.0288  0.0289  0.0290
  0.0312  0.0280  0.0295  0.0292  0.0346  0.0324  0.0298  0.0311  0.0296  0.0299  0.0293  0.0297
  0.0326  0.0287  0.0307  0.0348  0.0424  0.0361  0.0309  0.0333  0.0302  0.0321  0.0298  0.0309
niter,ni,del,rscale     7    3    5.0000    1.2000
parameters
   -0.7781   -4.7659   14.5820  -14.5899  -17.2900  -13.9087
   -4.9378   -6.8673    4.4978   -0.7254    5.5458   -7.6889
eta,q 0.97123 10.99556
  0.0315  0.0352  0.0298  0.0307  0.0332  0.0332  0.0306  0.0332  0.0300  0.0359  0.0297  0.0302
  0.0300  0.0316  0.0287  0.0294  0.0313  0.0309  0.0296  0.0306  0.0293  0.0316  0.0292  0.0294
  0.0290  0.0295  0.0284  0.0286  0.0296  0.0294  0.0290  0.0292  0.0289  0.0295  0.0288  0.0289
  0.0287  0.0287  0.0288  0.0284  0.0284  0.0285  0.0288  0.0288  0.0288  0.0288  0.0288  0.0288
  0.0291  0.0292  0.0295  0.0282  0.0279  0.0288  0.0290  0.0294  0.0289  0.0291  0.0289  0.0289
  0.0301  0.0305  0.0304  0.0281  0.0302  0.0322  0.0297  0.0309  0.0293  0.0304  0.0293  0.0296
  0.0316  0.0325  0.0317  0.0311  0.0361  0.0359  0.0307  0.0330  0.0299  0.0326  0.0299  0.0306
niter,ni,del,rscale     6    3    5.0000    1.2000
parameters
   -0.7001   -4.3626   14.1283  -14.7286  -17.4322  -14.6325
   -4.9727   -6.8943    4.5653    0.1273    5.4471   -7.7999
eta,q 0.97109 10.94319
  0.0316  0.0346  0.0305  0.0308  0.0330  0.0334  0.0307  0.0332  0.0300  0.0349  0.0300  0.0305
  0.0301  0.0313  0.0292  0.0295  0.0314  0.0311  0.0298  0.0307  0.0294  0.0311  0.0294  0.0296
  0.0291  0.0294  0.0287  0.0288  0.0298  0.0295  0.0292  0.0293  0.0290  0.0295  0.0290  0.0291
  0.0288  0.0288  0.0288  0.0287  0.0287  0.0287  0.0289  0.0289  0.0289  0.0289  0.0289  0.0289
  0.0290  0.0292  0.0294  0.0284  0.0281  0.0288  0.0292  0.0295  0.0291  0.0292  0.0291  0.0290
  0.0299  0.0304  0.0303  0.0286  0.0298  0.0319  0.0298  0.0310  0.0294  0.0306  0.0294  0.0296
  0.0313  0.0321  0.0315  0.0318  0.0351  0.0359  0.0308  0.0331  0.0299  0.0326  0.0300  0.0306
niter,ni,del,rscale     5    3    5.0000    1.2000
parameters
   -0.7040   -4.0192   13.7359  -14.6837  -17.7448  -15.3241
   -5.0016   -6.9668    4.3754    0.9420    5.8566   -7.6422
eta,q 0.97097 10.89219
  0.0315  0.0341  0.0307  0.0310  0.0327  0.0334  0.0308  0.0332  0.0301  0.0343  0.0303  0.0307
  0.0301  0.0311  0.0295  0.0297  0.0312  0.0312  0.0299  0.0308  0.0295  0.0311  0.0296  0.0299
  0.0292  0.0294  0.0290  0.0290  0.0299  0.0296  0.0293  0.0295  0.0292  0.0297  0.0292  0.0293
  0.0289  0.0289  0.0290  0.0289  0.0289  0.0290  0.0291  0.0291  0.0291  0.0291  0.0290  0.0290
  0.0292  0.0294  0.0294  0.0287  0.0284  0.0288  0.0293  0.0297  0.0293  0.0293  0.0291  0.0291
  0.0301  0.0305  0.0303  0.0287  0.0299  0.0318  0.0299  0.0311  0.0296  0.0305  0.0295  0.0297
  0.0315  0.0321  0.0316  0.0317  0.0350  0.0360  0.0309  0.0331  0.0301  0.0325  0.0301  0.0307
niter,ni,del,rscale     4    3    5.0000    1.2000
parameters
   -0.7389   -3.6736   13.4010  -14.8181  -18.1974  -15.9956
   -5.0733   -7.0601    3.6773    1.8925    6.7702   -7.3650
eta,q 0.97096 10.82156
  0.0315  0.0339  0.0308  0.0310  0.0325  0.0334  0.0309  0.0331  0.0301  0.0339  0.0306  0.0309
  0.0301  0.0312  0.0297  0.0297  0.0310  0.0312  0.0300  0.0309  0.0295  0.0314  0.0299  0.0300
  0.0293  0.0295  0.0292  0.0291  0.0298  0.0296  0.0294  0.0296  0.0292  0.0300  0.0293  0.0294
  0.0290  0.0290  0.0291  0.0291  0.0291  0.0291  0.0292  0.0292  0.0292  0.0292  0.0291  0.0290
  0.0294  0.0295  0.0295  0.0289  0.0287  0.0290  0.0294  0.0297  0.0294  0.0293  0.0291  0.0292
  0.0302  0.0306  0.0304  0.0289  0.0300  0.0315  0.0301  0.0312  0.0299  0.0304  0.0295  0.0298
  0.0316  0.0320  0.0317  0.0319  0.0348  0.0360  0.0310  0.0331  0.0305  0.0324  0.0301  0.0307
niter,ni,del,rscale     3    3    5.0000    1.2000
parameters
   -0.7790   -3.2808   13.0731  -15.0452  -18.8627  -16.6728
   -5.0328   -7.1222    2.9606    3.0132    7.4011   -7.1997
eta,q 0.97101 10.73125
  0.0314  0.0340  0.0309  0.0310  0.0322  0.0332  0.0310  0.0330  0.0303  0.0338  0.0306  0.0309
  0.0301  0.0313  0.0299  0.0297  0.0308  0.0312  0.0301  0.0310  0.0296  0.0317  0.0298  0.0300
  0.0293  0.0296  0.0293  0.0290  0.0297  0.0296  0.0294  0.0297  0.0292  0.0301  0.0292  0.0293
  0.0290  0.0290  0.0291  0.0291  0.0291  0.0291  0.0291  0.0291  0.0291  0.0291  0.0290  0.0290
  0.0294  0.0295  0.0295  0.0291  0.0290  0.0291  0.0294  0.0297  0.0294  0.0291  0.0291  0.0292
  0.0302  0.0306  0.0304  0.0291  0.0301  0.0311  0.0300  0.0311  0.0300  0.0302  0.0296  0.0298
  0.0316  0.0319  0.0319  0.0318  0.0345  0.0359  0.0310  0.0330  0.0308  0.0322  0.0302  0.0308
niter,ni,del,rscale     2    3    5.0000    1.2000
parameters
   -0.7751   -2.8123   12.6792  -15.3335  -19.5704  -17.3501
   -4.8852   -7.1445    2.6380    4.2117    7.5562   -7.2092
eta,q 0.97115 10.63809
  0.0315  0.0342  0.0307  0.0310  0.0321  0.0329  0.0310  0.0328  0.0304  0.0338  0.0304  0.0307
  0.0302  0.0314  0.0298  0.0297  0.0305  0.0309  0.0300  0.0309  0.0297  0.0318  0.0295  0.0298
  0.0293  0.0296  0.0292  0.0290  0.0294  0.0294  0.0293  0.0295  0.0291  0.0301  0.0290  0.0291
  0.0290  0.0290  0.0290  0.0290  0.0290  0.0290  0.0290  0.0290  0.0290  0.0290  0.0288  0.0288
  0.0293  0.0293  0.0294  0.0292  0.0291  0.0291  0.0292  0.0295  0.0293  0.0290  0.0290  0.0291
  0.0301  0.0303  0.0304  0.0292  0.0302  0.0307  0.0299  0.0309  0.0299  0.0302  0.0295  0.0297
  0.0315  0.0318  0.0319  0.0317  0.0342  0.0356  0.0309  0.0329  0.0307  0.0322  0.0302  0.0307
niter,ni,del,rscale     1    3    5.0000    1.2000
parameters
   -0.7647   -2.3251   12.2622  -15.5909  -20.1410  -17.9611
   -4.7685   -7.1612    2.6268    5.3043    7.4140   -7.3704
eta,q 0.97134 10.56350
  0.0313  0.0341  0.0305  0.0308  0.0321  0.0326  0.0308  0.0327  0.0305  0.0338  0.0301  0.0304
  0.0300  0.0314  0.0296  0.0295  0.0305  0.0307  0.0298  0.0307  0.0296  0.0317  0.0293  0.0295
  0.0292  0.0296  0.0290  0.0288  0.0292  0.0292  0.0291  0.0293  0.0290  0.0299  0.0288  0.0288
  0.0288  0.0288  0.0288  0.0288  0.0288  0.0288  0.0288  0.0288  0.0288  0.0288  0.0287  0.0287
  0.0291  0.0291  0.0293  0.0292  0.0291  0.0290  0.0290  0.0293  0.0290  0.0289  0.0289  0.0289
  0.0300  0.0302  0.0303  0.0292  0.0300  0.0304  0.0297  0.0308  0.0296  0.0302  0.0294  0.0296
  0.0313  0.0317  0.0318  0.0313  0.0338  0.0350  0.0307  0.0327  0.0305  0.0322  0.0301  0.0305
registration optimization eta report
parameter search radius
    2.4000    3.6501    3.1740    9.5220   10.9503    9.5220
    7.2000    8.2800    7.2000    9.5220    8.2800    8.2800
100000*second partial in parameter space
       43.       31.       23.        3.        4.        6.
        4.        6.        3.        5.        2.        3.
  0.0313  0.0341  0.0305  0.0308  0.0321  0.0326  0.0308  0.0327  0.0305  0.0338  0.0301  0.0304
  0.0300  0.0314  0.0296  0.0295  0.0305  0.0307  0.0298  0.0307  0.0296  0.0317  0.0293  0.0295
  0.0292  0.0296  0.0290  0.0288  0.0292  0.0292  0.0291  0.0293  0.0290  0.0299  0.0288  0.0288
  0.0288  0.0288  0.0288  0.0288  0.0288  0.0288  0.0288  0.0288  0.0288  0.0288  0.0287  0.0287
  0.0291  0.0291  0.0293  0.0292  0.0291  0.0290  0.0290  0.0293  0.0290  0.0289  0.0289  0.0289
  0.0300  0.0302  0.0303  0.0292  0.0300  0.0304  0.0297  0.0308  0.0296  0.0302  0.0294  0.0296
  0.0313  0.0317  0.0318  0.0313  0.0338  0.0350  0.0307  0.0327  0.0305  0.0322  0.0301  0.0305
   -0.7647   -2.3251   12.2622  -15.5909  -20.1410  -17.9611
   -4.7685   -7.1612    2.6268    5.3043    7.4140   -7.3704
eta,q 0.97134 10.56350

---------------------------------------------------------------------
imgreg_4dfp /opt/freesurfer/average/711-2C_as_mni_average_305 /opt/freesurfer/average/711-2B_as_mni_average_305_mask talsrcimg_g11 none talsrcimg_to_711-2C_as_mni_average_305_t4 2311
---------------------------------------------------------------------

freesurfer imgreg_4dfp.c
/opt/freesurfer/average/711-2C_as_mni_average_305.4dfp.img
       256       256       256         1
  1.000000  1.000000  1.000000
orientation T byte_order littleendian
Reading image: /opt/freesurfer/average/711-2C_as_mni_average_305.4dfp.img
dimensions:      256       256       256
mmppix:       1.0000   -1.0000   -1.0000
center:     128.0000 -129.0000 -129.0000
/opt/freesurfer/average/711-2B_as_mni_average_305_mask.4dfp.img
       256       256       256         1
  1.000000  1.000000  1.000000
orientation T byte_order littleendian
Reading mask: /opt/freesurfer/average/711-2B_as_mni_average_305_mask.4dfp.img (2306576 pixels)
talsrcimg_g11.4dfp.img
       256       256       256         1
  1.000000  1.000000  1.000000
orientation T byte_order littleendian
Reading image: talsrcimg_g11.4dfp.img
dimensions:      256       256       256
mmppix:       1.0000   -1.0000   -1.0000
center:     128.0000 -129.0000 -129.0000
fimgreg.f
image alignment mode   2311 decimal      907 hex
parameters
   -0.7647   -2.3251   12.2622  -15.5909  -20.1410  -17.9611
   -4.7685   -7.1612    2.6268    5.3043    7.4140   -7.3704
eta,q 0.97134 10.56350
niter,ni,del,rscale     5    3    5.0000    0.8000
parameters
   -0.7558   -2.0708   12.0491  -16.7115  -19.5782  -17.3540
   -4.6699   -7.2029    2.6233    5.7938    6.9037   -8.1094
eta,q 0.97146 10.56989
  0.0298  0.0299  0.0291  0.0290  0.0295  0.0298  0.0296  0.0302  0.0295  0.0303  0.0290  0.0290
  0.0292  0.0293  0.0288  0.0287  0.0290  0.0291  0.0291  0.0293  0.0290  0.0295  0.0287  0.0287
  0.0288  0.0289  0.0287  0.0285  0.0287  0.0286  0.0287  0.0288  0.0287  0.0289  0.0286  0.0286
  0.0287  0.0287  0.0286  0.0286  0.0285  0.0285  0.0286  0.0286  0.0286  0.0286  0.0286  0.0286
  0.0288  0.0287  0.0288  0.0289  0.0286  0.0287  0.0287  0.0288  0.0287  0.0287  0.0287  0.0287
  0.0292  0.0289  0.0290  0.0291  0.0288  0.0287  0.0290  0.0294  0.0290  0.0291  0.0289  0.0290
  0.0298  0.0293  0.0295  0.0291  0.0291  0.0292  0.0296  0.0302  0.0295  0.0297  0.0292  0.0294
niter,ni,del,rscale     4    3    5.0000    0.7000
parameters
   -0.7760   -1.9448   12.0479  -17.0522  -19.7680  -17.2348
   -4.5823   -7.1864    2.8022    6.1440    6.6831   -8.3082
eta,q 0.97149 10.54843
  0.0295  0.0294  0.0290  0.0291  0.0291  0.0292  0.0294  0.0298  0.0293  0.0298  0.0289  0.0290
  0.0290  0.0289  0.0287  0.0287  0.0287  0.0287  0.0289  0.0291  0.0289  0.0292  0.0287  0.0287
  0.0286  0.0287  0.0286  0.0285  0.0285  0.0285  0.0286  0.0287  0.0286  0.0287  0.0285  0.0286
  0.0285  0.0285  0.0285  0.0285  0.0285  0.0285  0.0285  0.0285  0.0285  0.0285  0.0285  0.0285
  0.0287  0.0286  0.0286  0.0287  0.0287  0.0286  0.0286  0.0287  0.0286  0.0286  0.0286  0.0286
  0.0290  0.0288  0.0287  0.0289  0.0289  0.0287  0.0289  0.0291  0.0288  0.0289  0.0287  0.0288
  0.0295  0.0291  0.0290  0.0291  0.0291  0.0291  0.0293  0.0298  0.0292  0.0295  0.0290  0.0291
niter,ni,del,rscale     3    3    5.0000    0.6000
parameters
   -0.7896   -1.8631   11.9835  -17.2758  -20.0056  -17.2618
   -4.5498   -7.1749    2.9221    6.3232    6.5435   -8.3475
eta,q 0.97151 10.52045
  0.0292  0.0291  0.0288  0.0290  0.0289  0.0289  0.0291  0.0295  0.0291  0.0294  0.0288  0.0289
  0.0288  0.0288  0.0286  0.0287  0.0287  0.0286  0.0288  0.0289  0.0288  0.0289  0.0286  0.0287
  0.0286  0.0286  0.0285  0.0285  0.0285  0.0285  0.0286  0.0286  0.0286  0.0286  0.0285  0.0285
  0.0285  0.0285  0.0285  0.0285  0.0285  0.0285  0.0285  0.0285  0.0285  0.0285  0.0285  0.0285
  0.0286  0.0285  0.0286  0.0286  0.0286  0.0286  0.0286  0.0286  0.0286  0.0286  0.0285  0.0285
  0.0288  0.0287  0.0287  0.0288  0.0288  0.0286  0.0288  0.0289  0.0287  0.0288  0.0287  0.0287
  0.0292  0.0290  0.0289  0.0290  0.0290  0.0289  0.0291  0.0295  0.0290  0.0292  0.0288  0.0289
niter,ni,del,rscale     2    3    5.0000    0.5000
parameters
   -0.7960   -1.7871   11.9292  -17.3908  -20.1725  -17.3859
   -4.5528   -7.1561    2.9913    6.4196    6.4648   -8.3275
eta,q 0.97152 10.49813
  0.0290  0.0289  0.0287  0.0288  0.0288  0.0287  0.0289  0.0292  0.0289  0.0291  0.0287  0.0287
  0.0287  0.0287  0.0286  0.0286  0.0286  0.0285  0.0287  0.0288  0.0287  0.0288  0.0286  0.0286
  0.0286  0.0286  0.0285  0.0285  0.0285  0.0284  0.0285  0.0286  0.0285  0.0286  0.0285  0.0285
  0.0285  0.0285  0.0285  0.0285  0.0285  0.0285  0.0285  0.0285  0.0285  0.0285  0.0285  0.0285
  0.0286  0.0285  0.0285  0.0286  0.0286  0.0285  0.0285  0.0285  0.0285  0.0285  0.0285  0.0285
  0.0287  0.0286  0.0286  0.0287  0.0287  0.0286  0.0287  0.0288  0.0286  0.0287  0.0286  0.0286
  0.0290  0.0288  0.0287  0.0289  0.0289  0.0287  0.0289  0.0291  0.0288  0.0290  0.0287  0.0287
niter,ni,del,rscale     1    3    5.0000    0.4000
parameters
   -0.7966   -1.7326   11.8976  -17.4419  -20.2516  -17.6931
   -4.5543   -7.1262    3.0433    6.4817    6.4380   -8.2837
eta,q 0.97154 10.47648
  0.0288  0.0287  0.0286  0.0287  0.0287  0.0286  0.0288  0.0289  0.0287  0.0289  0.0286  0.0286
  0.0286  0.0286  0.0285  0.0286  0.0286  0.0285  0.0286  0.0287  0.0286  0.0286  0.0285  0.0285
  0.0285  0.0285  0.0285  0.0285  0.0285  0.0284  0.0285  0.0285  0.0285  0.0285  0.0285  0.0285
  0.0285  0.0285  0.0285  0.0285  0.0285  0.0285  0.0285  0.0285  0.0285  0.0285  0.0285  0.0285
  0.0285  0.0285  0.0285  0.0285  0.0285  0.0285  0.0285  0.0285  0.0285  0.0285  0.0285  0.0285
  0.0286  0.0286  0.0285  0.0286  0.0286  0.0285  0.0286  0.0287  0.0286  0.0286  0.0285  0.0285
  0.0288  0.0287  0.0286  0.0287  0.0287  0.0286  0.0288  0.0289  0.0287  0.0288  0.0286  0.0286
registration optimization eta report
parameter search radius
    0.8000    0.8000    0.8000    2.4000    2.4000    2.4000
    2.4000    2.4000    2.4000    2.4000    2.4000    2.4000
100000*second partial in parameter space
       51.       37.       21.        4.        4.        2.
        5.        8.        4.        7.        2.        3.
  0.0288  0.0287  0.0286  0.0287  0.0287  0.0286  0.0288  0.0289  0.0287  0.0289  0.0286  0.0286
  0.0286  0.0286  0.0285  0.0286  0.0286  0.0285  0.0286  0.0287  0.0286  0.0286  0.0285  0.0285
  0.0285  0.0285  0.0285  0.0285  0.0285  0.0284  0.0285  0.0285  0.0285  0.0285  0.0285  0.0285
  0.0285  0.0285  0.0285  0.0285  0.0285  0.0285  0.0285  0.0285  0.0285  0.0285  0.0285  0.0285
  0.0285  0.0285  0.0285  0.0285  0.0285  0.0285  0.0285  0.0285  0.0285  0.0285  0.0285  0.0285
  0.0286  0.0286  0.0285  0.0286  0.0286  0.0285  0.0286  0.0287  0.0286  0.0286  0.0285  0.0285
  0.0288  0.0287  0.0286  0.0287  0.0287  0.0286  0.0288  0.0289  0.0287  0.0288  0.0286  0.0286
   -0.7966   -1.7326   11.8976  -17.4419  -20.2516  -17.6931
   -4.5543   -7.1262    3.0433    6.4817    6.4380   -8.2837
eta,q 0.97154 10.47648

---------------------------------------------------------------------
imgreg_4dfp /opt/freesurfer/average/711-2C_as_mni_average_305 /opt/freesurfer/average/711-2B_as_mni_average_305_mask talsrcimg_g11 none talsrcimg_to_711-2C_as_mni_average_305_t4 2311
---------------------------------------------------------------------

freesurfer imgreg_4dfp.c
/opt/freesurfer/average/711-2C_as_mni_average_305.4dfp.img
       256       256       256         1
  1.000000  1.000000  1.000000
orientation T byte_order littleendian
Reading image: /opt/freesurfer/average/711-2C_as_mni_average_305.4dfp.img
dimensions:      256       256       256
mmppix:       1.0000   -1.0000   -1.0000
center:     128.0000 -129.0000 -129.0000
/opt/freesurfer/average/711-2B_as_mni_average_305_mask.4dfp.img
       256       256       256         1
  1.000000  1.000000  1.000000
orientation T byte_order littleendian
Reading mask: /opt/freesurfer/average/711-2B_as_mni_average_305_mask.4dfp.img (2306576 pixels)
talsrcimg_g11.4dfp.img
       256       256       256         1
  1.000000  1.000000  1.000000
orientation T byte_order littleendian
Reading image: talsrcimg_g11.4dfp.img
dimensions:      256       256       256
mmppix:       1.0000   -1.0000   -1.0000
center:     128.0000 -129.0000 -129.0000
fimgreg.f
image alignment mode   2311 decimal      907 hex
parameters
   -0.7966   -1.7326   11.8976  -17.4420  -20.2516  -17.6931
   -4.5543   -7.1262    3.0433    6.4817    6.4380   -8.2837
eta,q 0.97154 10.47647
niter,ni,del,rscale     5    3    5.0000    0.8000
parameters
   -0.8060   -1.6352   11.7939  -17.1514  -20.0161  -17.6405
   -4.6361   -7.1483    3.0428    6.6804    6.4816   -8.4090
eta,q 0.97152 10.51503
  0.0297  0.0295  0.0289  0.0294  0.0294  0.0294  0.0295  0.0301  0.0294  0.0300  0.0290  0.0291
  0.0290  0.0289  0.0287  0.0289  0.0289  0.0288  0.0290  0.0292  0.0289  0.0292  0.0287  0.0287
  0.0286  0.0286  0.0285  0.0286  0.0286  0.0285  0.0286  0.0287  0.0286  0.0287  0.0285  0.0285
  0.0285  0.0285  0.0285  0.0285  0.0285  0.0285  0.0285  0.0285  0.0285  0.0285  0.0285  0.0285
  0.0286  0.0285  0.0285  0.0286  0.0286  0.0286  0.0286  0.0287  0.0286  0.0286  0.0285  0.0286
  0.0290  0.0288  0.0287  0.0289  0.0289  0.0287  0.0290  0.0292  0.0289  0.0291  0.0287  0.0288
  0.0297  0.0292  0.0291  0.0291  0.0292  0.0294  0.0296  0.0301  0.0294  0.0297  0.0290  0.0291
niter,ni,del,rscale     4    3    5.0000    0.7000
parameters
   -0.7887   -1.6384   11.7791  -17.2443  -20.1040  -17.6061
   -4.6217   -7.1449    3.0305    6.7155    6.4487   -8.4399
eta,q 0.97153 10.50559
  0.0294  0.0292  0.0289  0.0291  0.0291  0.0291  0.0293  0.0298  0.0292  0.0296  0.0289  0.0290
  0.0289  0.0288  0.0287  0.0288  0.0287  0.0287  0.0289  0.0291  0.0288  0.0290  0.0286  0.0287
  0.0286  0.0285  0.0285  0.0285  0.0285  0.0284  0.0286  0.0286  0.0286  0.0286  0.0285  0.0285
  0.0285  0.0285  0.0285  0.0285  0.0285  0.0285  0.0285  0.0285  0.0285  0.0285  0.0285  0.0285
  0.0286  0.0286  0.0285  0.0286  0.0286  0.0286  0.0286  0.0286  0.0286  0.0286  0.0285  0.0285
  0.0289  0.0288  0.0287  0.0289  0.0288  0.0286  0.0289  0.0291  0.0288  0.0290  0.0287  0.0287
  0.0294  0.0292  0.0289  0.0291  0.0291  0.0291  0.0293  0.0298  0.0292  0.0295  0.0289  0.0290
niter,ni,del,rscale     3    3    5.0000    0.6000
parameters
   -0.7882   -1.6283   11.7813  -17.3628  -20.2075  -17.5664
   -4.5918   -7.1383    3.0506    6.7192    6.3976   -8.4305
eta,q 0.97153 10.49373
  0.0292  0.0290  0.0288  0.0290  0.0290  0.0289  0.0291  0.0294  0.0290  0.0293  0.0288  0.0288
  0.0288  0.0287  0.0286  0.0287  0.0287  0.0286  0.0288  0.0289  0.0287  0.0288  0.0286  0.0286
  0.0286  0.0285  0.0285  0.0285  0.0285  0.0284  0.0286  0.0286  0.0285  0.0286  0.0285  0.0285
  0.0285  0.0285  0.0285  0.0285  0.0285  0.0285  0.0285  0.0285  0.0285  0.0285  0.0285  0.0285
  0.0285  0.0285  0.0285  0.0286  0.0286  0.0285  0.0285  0.0286  0.0285  0.0286  0.0285  0.0285
  0.0288  0.0287  0.0286  0.0288  0.0288  0.0286  0.0288  0.0289  0.0287  0.0289  0.0286  0.0286
  0.0292  0.0290  0.0288  0.0290  0.0290  0.0288  0.0291  0.0294  0.0290  0.0293  0.0288  0.0288
niter,ni,del,rscale     2    3    5.0000    0.5000
parameters
   -0.7925   -1.6195   11.7938  -17.4320  -20.2956  -17.5895
   -4.5753   -7.1322    3.0661    6.6956    6.3577   -8.4025
eta,q 0.97154 10.48239
  0.0290  0.0288  0.0287  0.0288  0.0288  0.0287  0.0289  0.0291  0.0288  0.0291  0.0287  0.0287
  0.0287  0.0286  0.0286  0.0286  0.0286  0.0285  0.0287  0.0288  0.0286  0.0287  0.0286  0.0286
  0.0285  0.0285  0.0285  0.0285  0.0285  0.0284  0.0285  0.0285  0.0285  0.0285  0.0285  0.0285
  0.0285  0.0285  0.0285  0.0285  0.0285  0.0285  0.0285  0.0285  0.0285  0.0285  0.0285  0.0285
  0.0285  0.0285  0.0285  0.0285  0.0285  0.0285  0.0285  0.0285  0.0285  0.0285  0.0285  0.0285
  0.0287  0.0286  0.0286  0.0287  0.0287  0.0285  0.0287  0.0288  0.0286  0.0287  0.0286  0.0286
  0.0290  0.0288  0.0287  0.0289  0.0289  0.0287  0.0289  0.0291  0.0288  0.0291  0.0287  0.0287
niter,ni,del,rscale     1    3    5.0000    0.4000
parameters
   -0.7945   -1.6205   11.8035  -17.4522  -20.3387  -17.8670
   -4.5668   -7.1018    3.0944    6.6778    6.3540   -8.3265
eta,q 0.97156 10.46507
  0.0288  0.0287  0.0286  0.0287  0.0287  0.0286  0.0287  0.0289  0.0287  0.0288  0.0286  0.0286
  0.0286  0.0286  0.0285  0.0286  0.0286  0.0285  0.0286  0.0287  0.0286  0.0286  0.0285  0.0285
  0.0285  0.0285  0.0285  0.0285  0.0285  0.0284  0.0285  0.0285  0.0285  0.0285  0.0285  0.0285
  0.0285  0.0285  0.0285  0.0285  0.0285  0.0285  0.0284  0.0284  0.0284  0.0284  0.0284  0.0284
  0.0285  0.0285  0.0285  0.0285  0.0285  0.0285  0.0285  0.0285  0.0285  0.0285  0.0285  0.0285
  0.0286  0.0286  0.0285  0.0286  0.0286  0.0285  0.0286  0.0286  0.0286  0.0286  0.0285  0.0285
  0.0288  0.0287  0.0286  0.0287  0.0287  0.0286  0.0287  0.0289  0.0287  0.0288  0.0286  0.0286
registration optimization eta report
parameter search radius
    0.8000    0.8000    0.8000    2.4000    2.4000    2.4000
    2.4000    2.4000    2.4000    2.4000    2.4000    2.4000
100000*second partial in parameter space
       50.       36.       21.        5.        4.        2.
        5.        8.        4.        7.        2.        3.
  0.0288  0.0287  0.0286  0.0287  0.0287  0.0286  0.0287  0.0289  0.0287  0.0288  0.0286  0.0286
  0.0286  0.0286  0.0285  0.0286  0.0286  0.0285  0.0286  0.0287  0.0286  0.0286  0.0285  0.0285
  0.0285  0.0285  0.0285  0.0285  0.0285  0.0284  0.0285  0.0285  0.0285  0.0285  0.0285  0.0285
  0.0285  0.0285  0.0285  0.0285  0.0285  0.0285  0.0284  0.0284  0.0284  0.0284  0.0284  0.0284
  0.0285  0.0285  0.0285  0.0285  0.0285  0.0285  0.0285  0.0285  0.0285  0.0285  0.0285  0.0285
  0.0286  0.0286  0.0285  0.0286  0.0286  0.0285  0.0286  0.0286  0.0286  0.0286  0.0285  0.0285
  0.0288  0.0287  0.0286  0.0287  0.0287  0.0286  0.0287  0.0289  0.0287  0.0288  0.0286  0.0286
   -0.7945   -1.6205   11.8035  -17.4522  -20.3387  -17.8670
   -4.5668   -7.1018    3.0944    6.6778    6.3540   -8.3265
eta,q 0.97156 10.46507

---------------------------------------------------------------------
compute_vox2vox talsrcimg talsrcimg_to_711-2C_as_mni_average_305_t4 /opt/freesurfer/average/711-2C_as_mni_average_305
---------------------------------------------------------------------

freesurfer compute_vox2vox.c
Reading: talsrcimg.4dfp.ifh
Reading: talsrcimg_to_711-2C_as_mni_average_305_t4
Reading: /opt/freesurfer/average/711-2C_as_mni_average_305.4dfp.ifh
Writing: talsrcimg_to_711-2C_as_mni_average_305_t4_vox2vox.txt

start time Thu Mar 12 17:59:27 CET 2026
end		time Thu Mar 12 17:59:41 CET 2026

mpr2mni305 success

avi2talxfm orig_nu.mgz /opt/freesurfer/average/mni305.cor.mgz talsrcimg_to_711-2C_as_mni_average_305_t4_vox2vox.txt transforms/talairach.auto.xfm
avi2talxfm done
mv -f /out/sourcedata/freesurfer/sub-v1s20x0050341_ses-1/mri/talsrcimg_to_711-2C_as_mni_average_305_t4_vox2vox.txt /out/sourcedata/freesurfer/sub-v1s20x0050341_ses-1/mri/transforms/talsrcimg_to_711-2C_as_mni_average_305_t4_vox2vox.txt
lta_convert --src orig_nu.mgz --trg /opt/freesurfer/average/mni305.cor.mgz --inxfm transforms/talairach.auto.xfm --outlta transforms/talairach.auto.xfm.lta --subject fsaverage
7.3.2

--src: orig_nu.mgz src image (geometry).
--trg: /opt/freesurfer/average/mni305.cor.mgz trg image (geometry).
--inmni: transforms/talairach.auto.xfm input MNI/XFM transform.
--outlta: transforms/talairach.auto.xfm.lta output LTA.
--s: fsaverage subject name
 LTA read, type : 1
 1.20096   0.09742   0.07903  -0.68486;
-0.09681   1.19942   0.11982  -14.48453;
-0.03853  -0.10433   1.24220   2.31248;
 0.00000   0.00000   0.00000   1.00000;
setting subject to fsaverage
Writing  LTA to file transforms/talairach.auto.xfm.lta...
lta_convert successful.
 
 
Started at Thu Mar 12 17:59:26 CET 2026
Ended   at Thu Mar 12 17:59:42 CET 2026
talairach_avi done
