status file for recon-all
Thu Mar 12 16:43:30 CET 2026
#@# Tessellate lh Thu Mar 12 16:43:30 CET 2026
#@# Smooth1 lh Thu Mar 12 16:43:33 CET 2026
#@# Inflation1 lh Thu Mar 12 16:43:36 CET 2026
#@# QSphere lh Thu Mar 12 16:43:45 CET 2026
#@# Fix Topology lh Thu Mar 12 16:44:41 CET 2026
#@# Smooth2 lh Thu Mar 12 16:50:04 CET 2026
#@# Inflation2 lh Thu Mar 12 16:50:06 CET 2026
#@# Curv .H and .K lh Thu Mar 12 16:50:16 CET 2026
#@# Sphere lh Thu Mar 12 16:50:57 CET 2026
#@# Surf Reg lh Thu Mar 12 16:53:29 CET 2026
#@# Jacobian white lh Thu Mar 12 16:56:22 CET 2026
#@# AvgCurv lh Thu Mar 12 16:56:23 CET 2026
#@# Cortical Parc lh Thu Mar 12 16:56:24 CET 2026
#@# white curv lh Thu Mar 12 17:01:49 CET 2026
#@# white area lh Thu Mar 12 17:01:51 CET 2026
#@# pial curv lh Thu Mar 12 17:01:51 CET 2026
#@# pial area lh Thu Mar 12 17:01:53 CET 2026
#@# thickness lh Thu Mar 12 17:01:53 CET 2026
#@# area and vertex vol lh Thu Mar 12 17:02:19 CET 2026
#@# Curvature Stats lh Thu Mar 12 17:02:20 CET 2026
#@# Cortical Parc 2 lh Thu Mar 12 17:02:22 CET 2026
#@# Cortical Parc 3 lh Thu Mar 12 17:02:33 CET 2026
#@# WM/GM Contrast lh Thu Mar 12 17:02:42 CET 2026
recon-all -s sub-v1s20x0050291_ses-1 finished without error at Thu Mar 12 17:02:45 CET 2026



#New# invocation of recon-all 



status file for recon-all
Thu Mar 12 17:26:49 CET 2026
#@# white curv lh Thu Mar 12 17:26:49 CET 2026
#@# white area lh Thu Mar 12 17:26:49 CET 2026
#@# pial curv lh Thu Mar 12 17:26:49 CET 2026
#@# pial area lh Thu Mar 12 17:26:49 CET 2026
#@# thickness lh Thu Mar 12 17:26:49 CET 2026
#@# area and vertex vol lh Thu Mar 12 17:26:49 CET 2026
#@# Parcellation Stats lh Thu Mar 12 17:26:49 CET 2026
#@# Parcellation Stats 2 lh Thu Mar 12 17:27:04 CET 2026
#@# Parcellation Stats 3 lh Thu Mar 12 17:27:12 CET 2026
#@# BA_exvivo Labels lh Thu Mar 12 17:27:19 CET 2026
recon-all -s sub-v1s20x0050291_ses-1 finished without error at Thu Mar 12 17:29:39 CET 2026
