/out/sourcedata/freesurfer/sub-v1s20x0050361_ses-1/mri
/opt/freesurfer/bin/talairach_avi
--i orig_nu.mgz --xfm transforms/talairach.auto.xfm
talairach_avi 7.3.2
Linux dna026 5.14.0-427.37.1.el9_4.x86_64 #1 SMP PREEMPT_DYNAMIC Fri Sep 13 12:41:50 EDT 2024 x86_64 x86_64 x86_64 GNU/Linux
Thu Mar 12 18:43:40 CET 2026
mri_convert orig_nu.mgz talsrcimg.img 
reading from orig_nu.mgz...
TR=0.00, TE=0.00, TI=0.00, flip angle=0.00
i_ras = (-1, 0, 0)
j_ras = (0, 0, -1)
k_ras = (0, 1, 0)
writing to talsrcimg.img...
Analyze Output Matrix
-1.00000   0.00000   0.00000   129.50781;
 0.00000   0.00000   1.00000  -128.49219;
 0.00000  -1.00000   0.00000   129.60004;
 0.00000   0.00000   0.00000   1.00000;
--------------------
INFO: set hdr.hist.orient to -1
mpr2mni305 talsrcimg
Thu Mar 12 18:43:41 CET 2026
/opt/freesurfer/bin/mpr2mni305 talsrcimg
mpr2mni305 7.3.2
target=711-2C_as_mni_average_305

---------------------------------------------------------------------
analyzeto4dfp talsrcimg -O0 -y
---------------------------------------------------------------------

freesurfer ifh2hdr.c
Thu Mar 12 18:43:41 2026
Writing: talsrcimg.4dfp.hdr
freesurfer analyzeto4dfp.c
Reading: talsrcimg.hdr
header size 348 bytes
hdr.dime.datatype	offset=70	value=2
hdr.dime.bitpix		offset=72	value=8
hdr.hist.orient		offset=252	value=-1
dimensionality     4
dimensions       256       256       256         1
Reading: talsrcimg.img
Writing: talsrcimg.4dfp.img
Writing: talsrcimg.4dfp.ifh
ifh2hdr talsrcimg -r0to255
ori=2

---------------------------------------------------------------------
gauss_4dfp talsrcimg 1.1
---------------------------------------------------------------------

freesurfer gauss_4dfp.c
Reading: talsrcimg.4dfp.img
Writing: talsrcimg_g11.4dfp.img
image dimensions 256 256 256 padded to 288 288 288
processing volume 1freesurfer ifh2hdr.c
Thu Mar 12 18:43:43 2026
Writing: talsrcimg_g11.4dfp.hdr

Writing: talsrcimg_g11.4dfp.ifh
including: talsrcimg.4dfp.img.rec in talsrcimg_g11.4dfp.img.rec

---------------------------------------------------------------------
imgreg_4dfp /opt/freesurfer/average/711-2C_as_mni_average_305 none talsrcimg_g11 none talsrcimg_to_711-2C_as_mni_average_305_t4 4355
---------------------------------------------------------------------

freesurfer imgreg_4dfp.c
/opt/freesurfer/average/711-2C_as_mni_average_305.4dfp.img
       256       256       256         1
  1.000000  1.000000  1.000000
orientation T byte_order littleendian
Reading image: /opt/freesurfer/average/711-2C_as_mni_average_305.4dfp.img
dimensions:      256       256       256
mmppix:       1.0000   -1.0000   -1.0000
center:     128.0000 -129.0000 -129.0000
talsrcimg_g11.4dfp.img
       256       256       256         1
  1.000000  1.000000  1.000000
orientation T byte_order littleendian
Reading image: talsrcimg_g11.4dfp.img
dimensions:      256       256       256
mmppix:       1.0000   -1.0000   -1.0000
center:     128.0000 -129.0000 -129.0000
t4_read: open error in t4_sub.f l:  41 t4_file(1:l)talsrcimg_to_711-2C_as_mni_average_305_t4 
t4_read: transform initialized to I4
rotation matrix determinant  1.000000
image alignment mode   4355 decimal     1103 hex
   -7.5000  -45.0000  -45.0000 7232.5640   17.9098
    0.0000  -45.0000  -45.0000 7622.8550   17.9207
    7.5000  -45.0000  -45.0000 7352.3999   17.9149
   -7.5000  -37.5000  -45.0000 7757.3325   17.9215
    0.0000  -37.5000  -45.0000 8173.0776   17.9320
    7.5000  -37.5000  -45.0000 7882.7480   17.9172
   -7.5000  -30.0000  -45.0000 8567.2041   17.9649
    0.0000  -30.0000  -45.0000 9015.1055   17.9735
    7.5000  -30.0000  -45.0000 8701.6436   17.9572
   -7.5000  -22.5000  -45.0000 9247.4492   18.0022
    0.0000  -22.5000  -45.0000 9739.5078   18.0098
    7.5000  -22.5000  -45.0000 9403.6396   18.0019
   -7.5000  -15.0000  -45.0000 9844.4287   17.9969
    0.0000  -15.0000  -45.000010377.4307   18.0042
    7.5000  -15.0000  -45.000010012.4941   18.0061
   -7.5000   -7.5000  -45.000010448.3486   17.9478
    0.0000   -7.5000  -45.000011025.6992   17.9567
    7.5000   -7.5000  -45.000010632.7881   17.9590
   -7.5000    0.0000  -45.000010989.9092   17.9098
    0.0000    0.0000  -45.000011581.6543   17.9207
    7.5000    0.0000  -45.000011179.1484   17.9149
   -7.5000    7.5000  -45.000010722.9863   17.9215
    0.0000    7.5000  -45.000011282.7119   17.9320
    7.5000    7.5000  -45.000010906.5684   17.9172
   -7.5000   15.0000  -45.000010344.2383   17.9649
    0.0000   15.0000  -45.000010876.1533   17.9735
    7.5000   15.0000  -45.000010510.3535   17.9572
   -7.5000   22.5000  -45.0000 9865.0312   17.9997
    0.0000   22.5000  -45.000010380.2715   18.0073
    7.5000   22.5000  -45.000010023.0996   17.9995
   -7.5000   30.0000  -45.0000 9099.2861   17.7571
    0.0000   30.0000  -45.0000 9592.6328   17.7642
    7.5000   30.0000  -45.0000 9256.0352   17.7661
   -7.5000   37.5000  -45.0000 8648.8672   17.7087
    0.0000   37.5000  -45.0000 9122.4727   17.7174
    7.5000   37.5000  -45.0000 8785.8164   17.7197
   -7.5000   45.0000  -45.0000 7907.6963   17.2224
    0.0000   45.0000  -45.0000 8359.2734   17.2329
    7.5000   45.0000  -45.0000 8033.7656   17.2273
   -7.5000  -45.0000  -37.5000 7752.5396   17.7533
    0.0000  -45.0000  -37.5000 8166.3428   17.7671
    7.5000  -45.0000  -37.5000 7889.1597   17.7684
   -7.5000  -37.5000  -37.5000 8296.3193   17.7533
    0.0000  -37.5000  -37.5000 8735.4580   17.7688
    7.5000  -37.5000  -37.5000 8443.2148   17.7697
   -7.5000  -30.0000  -37.5000 9158.3867   17.7833
    0.0000  -30.0000  -37.5000 9640.6973   17.7992
    7.5000  -30.0000  -37.5000 9308.5215   17.8014
   -7.5000  -22.5000  -37.5000 9881.5420   17.8203
    0.0000  -22.5000  -37.500010409.8203   17.8354
    7.5000  -22.5000  -37.500010048.6484   17.8396
   -7.5000  -15.0000  -37.500010505.9688   17.8270
    0.0000  -15.0000  -37.500011075.0645   17.8396
    7.5000  -15.0000  -37.500010693.2256   17.8448
   -7.5000   -7.5000  -37.500011099.1631   17.7899
    0.0000   -7.5000  -37.500011707.2451   17.8018
    7.5000   -7.5000  -37.500011311.2715   17.8053
   -7.5000    0.0000  -37.500011662.9150   17.7533
    0.0000    0.0000  -37.500012261.8418   17.7671
    7.5000    0.0000  -37.500011854.1270   17.7684
   -7.5000    7.5000  -37.500011347.2109   17.7533
    0.0000    7.5000  -37.500011956.1924   17.7688
    7.5000    7.5000  -37.500011548.8477   17.7697
   -7.5000   15.0000  -37.500010949.2656   17.7833
    0.0000   15.0000  -37.500011552.8096   17.7992
    7.5000   15.0000  -37.500011143.1738   17.8014
   -7.5000   22.5000  -37.500010417.9648   17.8178
    0.0000   22.5000  -37.500010992.9355   17.8329
    7.5000   22.5000  -37.500010600.4971   17.8372
   -7.5000   30.0000  -37.5000 9587.9893   17.5895
    0.0000   30.0000  -37.500010116.2764   17.6019
    7.5000   30.0000  -37.5000 9759.7598   17.6069
   -7.5000   37.5000  -37.5000 9091.3164   17.5529
    0.0000   37.5000  -37.5000 9585.0732   17.5646
    7.5000   37.5000  -37.5000 9262.3330   17.5680
   -7.5000   45.0000  -37.5000 8306.9336   17.0719
    0.0000   45.0000  -37.5000 8746.0723   17.0852
    7.5000   45.0000  -37.5000 8452.3809   17.0865
   -7.5000  -45.0000  -30.0000 8410.9619   18.5279
    0.0000  -45.0000  -30.0000 8862.9209   18.5356
    7.5000  -45.0000  -30.0000 8582.0996   18.5376
   -7.5000  -37.5000  -30.0000 9005.0322   18.5217
    0.0000  -37.5000  -30.0000 9477.3877   18.5297
    7.5000  -37.5000  -30.0000 9172.0713   18.5345
   -7.5000  -30.0000  -30.0000 9922.7646   18.5423
    0.0000  -30.0000  -30.000010450.1416   18.5499
    7.5000  -30.0000  -30.000010102.5225   18.5529
   -7.5000  -22.5000  -30.000010710.1602   18.5766
    0.0000  -22.5000  -30.000011280.0557   18.5844
    7.5000  -22.5000  -30.000010917.9414   18.5825
   -7.5000  -15.0000  -30.000011388.3252   18.5905
    0.0000  -15.0000  -30.000012034.1406   18.5970
    7.5000  -15.0000  -30.000011630.3262   18.5918
   -7.5000   -7.5000  -30.000012030.7354   18.5625
    0.0000   -7.5000  -30.000012733.3838   18.5683
    7.5000   -7.5000  -30.000012286.2881   18.5652
   -7.5000    0.0000  -30.000012598.7910   18.5279
    0.0000    0.0000  -30.000013276.7627   18.5356
    7.5000    0.0000  -30.000012823.4297   18.5376
   -7.5000    7.5000  -30.000012234.3535   18.5217
    0.0000    7.5000  -30.000012904.4609   18.5297
    7.5000    7.5000  -30.000012469.0322   18.5345
   -7.5000   15.0000  -30.000011782.0791   18.5423
    0.0000   15.0000  -30.000012445.7676   18.5499
    7.5000   15.0000  -30.000011993.0410   18.5529
   -7.5000   22.5000  -30.000011176.6523   18.5721
    0.0000   22.5000  -30.000011796.9785   18.5800
    7.5000   22.5000  -30.000011382.1094   18.5781
   -7.5000   30.0000  -30.000010289.1475   18.3446
    0.0000   30.0000  -30.000010838.7949   18.3509
    7.5000   30.0000  -30.000010468.3916   18.3458
   -7.5000   37.5000  -30.0000 9715.5547   18.3169
    0.0000   37.5000  -30.000010227.3604   18.3226
    7.5000   37.5000  -30.0000 9900.5889   18.3196
   -7.5000   45.0000  -30.0000 8843.0488   17.8299
    0.0000   45.0000  -30.0000 9324.2656   17.8373
    7.5000   45.0000  -30.0000 9043.0537   17.8392
   -7.5000  -45.0000  -22.5000 9109.1465   19.2002
    0.0000  -45.0000  -22.5000 9624.3369   19.1993
    7.5000  -45.0000  -22.5000 9286.9277   19.1961
   -7.5000  -37.5000  -22.5000 9759.9551   19.1984
    0.0000  -37.5000  -22.500010284.3828   19.1945
    7.5000  -37.5000  -22.5000 9931.8115   19.1870
   -7.5000  -30.0000  -22.500010733.4102   19.2231
    0.0000  -30.0000  -22.500011308.7490   19.2151
    7.5000  -30.0000  -22.500010922.4287   19.1979
   -7.5000  -22.5000  -22.500011576.3271   19.2555
    0.0000  -22.5000  -22.500012206.4766   19.2482
    7.5000  -22.5000  -22.500011790.7891   19.2253
   -7.5000  -15.0000  -22.500012269.3984   19.2653
    0.0000  -15.0000  -22.500013008.8066   19.2600
    7.5000  -15.0000  -22.500012531.8867   19.2400
   -7.5000   -7.5000  -22.500012944.1738   19.2345
    0.0000   -7.5000  -22.500013754.3926   19.2317
    7.5000   -7.5000  -22.500013244.7393   19.2215
   -7.5000    0.0000  -22.500013544.2148   19.2002
    0.0000    0.0000  -22.500014356.8301   19.1993
    7.5000    0.0000  -22.500013833.9121   19.1961
   -7.5000    7.5000  -22.500013134.5615   19.1984
    0.0000    7.5000  -22.500013911.0029   19.1945
    7.5000    7.5000  -22.500013411.4941   19.1870
   -7.5000   15.0000  -22.500012602.3174   19.2231
    0.0000   15.0000  -22.500013336.4658   19.2151
    7.5000   15.0000  -22.500012853.4971   19.1979
   -7.5000   22.5000  -22.500011924.2480   19.2495
    0.0000   22.5000  -22.500012602.5605   19.2423
    7.5000   22.5000  -22.500012156.0107   19.2194
   -7.5000   30.0000  -22.500010998.5127   19.0133
    0.0000   30.0000  -22.500011606.0732   19.0080
    7.5000   30.0000  -22.500011212.7041   18.9883
   -7.5000   37.5000  -22.500010402.0615   18.9829
    0.0000   37.5000  -22.500010933.7852   18.9801
    7.5000   37.5000  -22.500010584.8682   18.9701
   -7.5000   45.0000  -22.5000 9419.4463   18.4907
    0.0000   45.0000  -22.5000 9919.4590   18.4899
    7.5000   45.0000  -22.5000 9620.1299   18.4868
   -7.5000  -45.0000  -15.0000 9805.0615   19.6636
    0.0000  -45.0000  -15.000010379.9316   19.6604
    7.5000  -45.0000  -15.000010001.2207   19.6516
   -7.5000  -37.5000  -15.000010487.8213   19.6729
    0.0000  -37.5000  -15.000011085.0596   19.6642
    7.5000  -37.5000  -15.000010688.1582   19.6408
   -7.5000  -30.0000  -15.000011511.5439   19.7107
    0.0000  -30.0000  -15.000012172.6631   19.6949
    7.5000  -30.0000  -15.000011729.3984   19.6567
   -7.5000  -22.5000  -15.000012393.0010   19.7437
    0.0000  -22.5000  -15.000013103.6357   19.7279
    7.5000  -22.5000  -15.000012628.5996   19.6905
   -7.5000  -15.0000  -15.000013088.4375   19.7420
    0.0000  -15.0000  -15.000013913.7012   19.7307
    7.5000  -15.0000  -15.000013380.9111   19.7068
   -7.5000   -7.5000  -15.000013806.6074   19.6995
    0.0000   -7.5000  -15.000014709.3184   19.6938
    7.5000   -7.5000  -15.000014148.5283   19.6837
   -7.5000    0.0000  -15.000014478.8340   19.6636
    0.0000    0.0000  -15.000015403.7031   19.6604
    7.5000    0.0000  -15.000014807.0820   19.6516
   -7.5000    7.5000  -15.000014059.4922   19.6729
    0.0000    7.5000  -15.000014968.0420   19.6642
    7.5000    7.5000  -15.000014378.4033   19.6408
   -7.5000   15.0000  -15.000013430.8633   19.7107
    0.0000   15.0000  -15.000014266.0537   19.6949
    7.5000   15.0000  -15.000013716.7158   19.6567
   -7.5000   22.5000  -15.000012675.6387   19.7367
    0.0000   22.5000  -15.000013423.4463   19.7210
    7.5000   22.5000  -15.000012933.0508   19.6835
   -7.5000   30.0000  -15.000011678.4463   19.4865
    0.0000   30.0000  -15.000012361.4678   19.4753
    7.5000   30.0000  -15.000011921.7793   19.4518
   -7.5000   37.5000  -15.000011027.7520   19.4446
    0.0000   37.5000  -15.000011644.5996   19.4389
    7.5000   37.5000  -15.000011227.4863   19.4290
   -7.5000   45.0000  -15.000010009.0576   18.9484
    0.0000   45.0000  -15.000010550.9590   18.9453
    7.5000   45.0000  -15.000010204.9824   18.9369
   -7.5000  -45.0000   -7.500010499.4717   19.8585
    0.0000  -45.0000   -7.500011125.0078   19.8612
    7.5000  -45.0000   -7.500010714.7373   19.8505
   -7.5000  -37.5000   -7.500011240.6523   19.8739
    0.0000  -37.5000   -7.500011910.7959   19.8723
    7.5000  -37.5000   -7.500011483.0615   19.8449
   -7.5000  -30.0000   -7.500012331.3301   19.9205
    0.0000  -30.0000   -7.500013085.9775   19.9133
    7.5000  -30.0000   -7.500012597.1260   19.8758
   -7.5000  -22.5000   -7.500013246.2314   19.9568
    0.0000  -22.5000   -7.500014051.8867   19.9489
    7.5000  -22.5000   -7.500013512.8984   19.9199
   -7.5000  -15.0000   -7.500013971.0059   19.9486
    0.0000  -15.0000   -7.500014845.1650   19.9438
    7.5000  -15.0000   -7.500014279.2480   19.9318
   -7.5000   -7.5000   -7.500014752.8926   19.8968
    0.0000   -7.5000   -7.500015661.6475   19.8970
    7.5000   -7.5000   -7.500015051.3691   19.8933
   -7.5000    0.0000   -7.500015452.8398   19.8585
    0.0000    0.0000   -7.500016432.9805   19.8612
    7.5000    0.0000   -7.500015763.8945   19.8505
   -7.5000    7.5000   -7.500014998.5967   19.8739
    0.0000    7.5000   -7.500015954.6162   19.8723
    7.5000    7.5000   -7.500015313.6084   19.8449
   -7.5000   15.0000   -7.500014324.6631   19.9205
    0.0000   15.0000   -7.500015209.3623   19.9133
    7.5000   15.0000   -7.500014588.8613   19.8758
   -7.5000   22.5000   -7.500013460.7148   19.9476
    0.0000   22.5000   -7.500014289.0312   19.9397
    7.5000   22.5000   -7.500013718.8037   19.9107
   -7.5000   30.0000   -7.500012390.6406   19.6899
    0.0000   30.0000   -7.500013150.8271   19.6852
    7.5000   30.0000   -7.500012661.5342   19.6733
   -7.5000   37.5000   -7.500011692.3203   19.6388
    0.0000   37.5000   -7.500012402.0020   19.6390
    7.5000   37.5000   -7.500011967.1064   19.6353
   -7.5000   45.0000   -7.500010638.4883   19.1398
    0.0000   45.0000   -7.500011251.0664   19.1424
    7.5000   45.0000   -7.500010863.7500   19.1321
   -7.5000  -45.0000    0.000011121.5381   19.8626
    0.0000  -45.0000    0.000011784.8740   19.8749
    7.5000  -45.0000    0.000011345.6152   19.8692
   -7.5000  -37.5000    0.000011902.8369   19.8735
    0.0000  -37.5000    0.000012626.3350   19.8855
    7.5000  -37.5000    0.000012162.6855   19.8698
   -7.5000  -30.0000    0.000013081.4062   19.9191
    0.0000  -30.0000    0.000013896.0430   19.9292
    7.5000  -30.0000    0.000013383.4834   19.9116
   -7.5000  -22.5000    0.000014070.8701   19.9602
    0.0000  -22.5000    0.000014976.0039   19.9690
    7.5000  -22.5000    0.000014430.4863   19.9609
   -7.5000  -15.0000    0.000014864.2139   19.9562
    0.0000  -15.0000    0.000015800.9102   19.9645
    7.5000  -15.0000    0.000015222.8291   19.9673
   -7.5000   -7.5000    0.000015701.6504   19.9042
    0.0000   -7.5000    0.000016586.8633   19.9141
    7.5000   -7.5000    0.000015945.6084   19.9174
   -7.5000    0.0000    0.000016409.6328   19.8626
    0.0000    0.0000    0.000017348.7383   19.8749
    7.5000    0.0000    0.000016689.7246   19.8692
   -7.5000    7.5000    0.000015915.0049   19.8735
    0.0000    7.5000    0.000016846.2031   19.8855
    7.5000    7.5000    0.000016178.4932   19.8698
   -7.5000   15.0000    0.000015158.5879   19.9191
    0.0000   15.0000    0.000016088.2852   19.9292
    7.5000   15.0000    0.000015438.4492   19.9116
   -7.5000   22.5000    0.000014225.1631   19.9510
    0.0000   22.5000    0.000015078.7881   19.9598
    7.5000   22.5000    0.000014466.8291   19.9517
   -7.5000   30.0000    0.000013092.2920   19.6980
    0.0000   30.0000    0.000013878.1494   19.7062
    7.5000   30.0000    0.000013318.7041   19.7089
   -7.5000   37.5000    0.000012348.1484   19.6466
    0.0000   37.5000    0.000013128.7539   19.6564
    7.5000   37.5000    0.000012620.3643   19.6596
   -7.5000   45.0000    0.000011254.0088   19.1453
    0.0000   45.0000    0.000011906.3604   19.1572
    7.5000   45.0000    0.000011452.4590   19.1516
   -7.5000  -45.0000    7.500010879.3135   19.8621
    0.0000  -45.0000    7.500011514.5010   19.8775
    7.5000  -45.0000    7.500011123.2598   19.8791
   -7.5000  -37.5000    7.500011593.8838   19.8621
    0.0000  -37.5000    7.500012279.4521   19.8794
    7.5000  -37.5000    7.500011886.5938   19.8804
   -7.5000  -30.0000    7.500012757.7441   19.8957
    0.0000  -30.0000    7.500013559.3965   19.9135
    7.5000  -30.0000    7.500013123.6299   19.9159
   -7.5000  -22.5000    7.500013846.6914   19.9371
    0.0000  -22.5000    7.500014901.8232   19.9539
    7.5000  -22.5000    7.500014417.3555   19.9586
   -7.5000  -15.0000    7.500014747.1904   19.9446
    0.0000  -15.0000    7.500015800.9189   19.9586
    7.5000  -15.0000    7.500015287.4092   19.9644
   -7.5000   -7.5000    7.500015608.1406   19.9031
    0.0000   -7.5000    7.500016352.9971   19.9163
    7.5000   -7.5000    7.500015810.9561   19.9203
   -7.5000    0.0000    7.500016235.3535   19.8621
    0.0000    0.0000    7.500016923.8730   19.8775
    7.5000    0.0000    7.500016358.5029   19.8791
   -7.5000    7.5000    7.500015724.0283   19.8621
    0.0000    7.5000    7.500016512.7188   19.8794
    7.5000    7.5000    7.500015920.1582   19.8804
   -7.5000   15.0000    7.500014982.3115   19.8957
    0.0000   15.0000    7.500015843.8506   19.9135
    7.5000   15.0000    7.500015248.5078   19.9159
   -7.5000   22.5000    7.500014007.6211   19.9279
    0.0000   22.5000    7.500014833.4531   19.9447
    7.5000   22.5000    7.500014238.6904   19.9494
   -7.5000   30.0000    7.500012879.4707   19.6865
    0.0000   30.0000    7.500013621.8145   19.7003
    7.5000   30.0000    7.500013052.9717   19.7061
   -7.5000   37.5000    7.500012127.2832   19.6455
    0.0000   37.5000    7.500012874.8018   19.6586
    7.5000   37.5000    7.500012353.5527   19.6625
   -7.5000   45.0000    7.500011019.3721   19.1448
    0.0000   45.0000    7.500011653.1816   19.1596
    7.5000   45.0000    7.500011169.6328   19.1611
   -7.5000  -45.0000   15.000010496.5439   19.8959
    0.0000  -45.0000   15.000011091.2793   19.9042
    7.5000  -45.0000   15.000010741.9561   19.9064
   -7.5000  -37.5000   15.000011192.2188   19.8892
    0.0000  -37.5000   15.000011801.7139   19.8978
    7.5000  -37.5000   15.000011456.4580   19.9030
   -7.5000  -30.0000   15.000012298.8369   19.9114
    0.0000  -30.0000   15.000013020.8154   19.9195
    7.5000  -30.0000   15.000012693.8408   19.9227
   -7.5000  -22.5000   15.000013383.2520   19.9482
    0.0000  -22.5000   15.000014456.2949   19.9566
    7.5000  -22.5000   15.000014062.4922   19.9546
   -7.5000  -15.0000   15.000014406.2461   19.9632
    0.0000  -15.0000   15.000015325.3193   19.9701
    7.5000  -15.0000   15.000014861.5273   19.9645
   -7.5000   -7.5000   15.000015187.5869   19.9330
    0.0000   -7.5000   15.000015745.7432   19.9393
    7.5000   -7.5000   15.000015265.2588   19.9360
   -7.5000    0.0000   15.000015795.0078   19.8959
    0.0000    0.0000   15.000016375.9629   19.9042
    7.5000    0.0000   15.000015807.2832   19.9064
   -7.5000    7.5000   15.000015306.7637   19.8892
    0.0000    7.5000   15.000016041.9502   19.8978
    7.5000    7.5000   15.000015436.0840   19.9030
   -7.5000   15.0000   15.000014560.3164   19.9114
    0.0000   15.0000   15.000015376.0381   19.9195
    7.5000   15.0000   15.000014744.7168   19.9227
   -7.5000   22.5000   15.000013550.0234   19.9390
    0.0000   22.5000   15.000014327.5322   19.9474
    7.5000   22.5000   15.000013718.9111   19.9454
   -7.5000   30.0000   15.000012440.0908   19.7048
    0.0000   30.0000   15.000013128.1406   19.7117
    7.5000   30.0000   15.000012566.1572   19.7061
   -7.5000   37.5000   15.000011707.9805   19.6751
    0.0000   37.5000   15.000012399.9199   19.6813
    7.5000   37.5000   15.000011885.7168   19.6780
   -7.5000   45.0000   15.000010627.1104   19.1774
    0.0000   45.0000   15.000011225.7832   19.1853
    7.5000   45.0000   15.000010765.9834   19.1874
   -7.5000  -45.0000   22.500010011.0410   19.9313
    0.0000  -45.0000   22.500010561.6670   19.9305
    7.5000  -45.0000   22.500010264.2930   19.9271
   -7.5000  -37.5000   22.500010696.4785   19.9295
    0.0000  -37.5000   22.500011235.3340   19.9254
    7.5000  -37.5000   22.500010939.2676   19.9177
   -7.5000  -30.0000   22.500011724.6719   19.9551
    0.0000  -30.0000   22.500012405.7148   19.9468
    7.5000  -30.0000   22.500012107.8467   19.9289
   -7.5000  -22.5000   22.500012733.5469   19.9887
    0.0000  -22.5000   22.500013627.9238   19.9812
    7.5000  -22.5000   22.500013280.1973   19.9574
   -7.5000  -15.0000   22.500013658.6719   19.9989
    0.0000  -15.0000   22.500014505.5498   19.9934
    7.5000  -15.0000   22.500014007.6270   19.9726
   -7.5000   -7.5000   22.500014459.4424   19.9670
    0.0000   -7.5000   22.500015273.2676   19.9640
    7.5000   -7.5000   22.500014677.9814   19.9535
   -7.5000    0.0000   22.500015103.9385   19.9313
    0.0000    0.0000   22.500016041.2812   19.9305
    7.5000    0.0000   22.500015351.3535   19.9271
   -7.5000    7.5000   22.500014659.8496   19.9295
    0.0000    7.5000   22.500015612.6270   19.9254
    7.5000    7.5000   22.500014928.5166   19.9177
   -7.5000   15.0000   22.500013937.2764   19.9551
    0.0000   15.0000   22.500014780.8496   19.9468
    7.5000   15.0000   22.500014153.6729   19.9289
   -7.5000   22.5000   22.500012920.2354   19.9795
    0.0000   22.5000   22.500013649.2314   19.9720
    7.5000   22.5000   22.500013098.9385   19.9482
   -7.5000   30.0000   22.500011853.3164   19.7401
    0.0000   30.0000   22.500012486.1875   19.7346
    7.5000   30.0000   22.500011986.2529   19.7142
   -7.5000   37.5000   22.500011172.7910   19.7086
    0.0000   37.5000   22.500011761.0605   19.7056
    7.5000   37.5000   22.500011322.1865   19.6952
   -7.5000   45.0000   22.500010131.8018   19.2115
    0.0000   45.0000   22.500010650.4717   19.2107
    7.5000   45.0000   22.500010252.3867   19.2074
   -7.5000  -45.0000   30.0000 9367.5498   19.9335
    0.0000  -45.0000   30.0000 9902.5410   19.9302
    7.5000  -45.0000   30.0000 9600.2910   19.9213
   -7.5000  -37.5000   30.000010000.2900   19.9429
    0.0000  -37.5000   30.000010563.2051   19.9340
    7.5000  -37.5000   30.000010246.3623   19.9104
   -7.5000  -30.0000   30.000011010.9932   19.9812
    0.0000  -30.0000   30.000011698.2705   19.9652
    7.5000  -30.0000   30.000011375.6982   19.9265
   -7.5000  -22.5000   30.000011955.5615   20.0147
    0.0000  -22.5000   30.000012735.0566   19.9987
    7.5000  -22.5000   30.000012336.8135   19.9607
   -7.5000  -15.0000   30.000012747.0098   20.0130
    0.0000  -15.0000   30.000013449.5098   20.0015
    7.5000  -15.0000   30.000012966.8945   19.9773
   -7.5000   -7.5000   30.000013459.8135   19.9699
    0.0000   -7.5000   30.000014180.3408   19.9640
    7.5000   -7.5000   30.000013669.1504   19.9538
   -7.5000    0.0000   30.000014144.9336   19.9335
    0.0000    0.0000   30.000014914.1045   19.9302
    7.5000    0.0000   30.000014378.0908   19.9213
   -7.5000    7.5000   30.000013760.4600   19.9429
    0.0000    7.5000   30.000014528.1992   19.9340
    7.5000    7.5000   30.000014004.6338   19.9104
   -7.5000   15.0000   30.000013144.2012   19.9812
    0.0000   15.0000   30.000013846.2969   19.9652
    7.5000   15.0000   30.000013334.0234   19.9265
   -7.5000   22.5000   30.000012167.1787   20.0054
    0.0000   22.5000   30.000012828.9844   19.9895
    7.5000   22.5000   30.000012352.2471   19.9515
   -7.5000   30.0000   30.000011114.2930   19.7540
    0.0000   30.0000   30.000011719.4092   19.7426
    7.5000   30.0000   30.000011299.6387   19.7187
   -7.5000   37.5000   30.000010504.6582   19.7114
    0.0000   37.5000   30.000011030.0781   19.7057
    7.5000   37.5000   30.000010646.8896   19.6956
   -7.5000   45.0000   30.0000 9517.1973   19.2136
    0.0000   45.0000   30.0000 9952.7178   19.2104
    7.5000   45.0000   30.0000 9611.0156   19.2018
   -7.5000  -45.0000   37.5000 9010.9834   19.9297
    0.0000  -45.0000   37.5000 9511.3965   19.9325
    7.5000  -45.0000   37.5000 9209.5645   19.9218
   -7.5000  -37.5000   37.5000 9645.5459   19.9453
    0.0000  -37.5000   37.500010175.8818   19.9439
    7.5000  -37.5000   37.5000 9864.1562   19.9163
   -7.5000  -30.0000   37.500010624.2988   19.9922
    0.0000  -30.0000   37.500011238.1836   19.9851
    7.5000  -30.0000   37.500010883.9980   19.9475
   -7.5000  -22.5000   37.500011508.2930   20.0286
    0.0000  -22.5000   37.500012133.0039   20.0208
    7.5000  -22.5000   37.500011717.7559   19.9916
   -7.5000  -15.0000   37.500012236.2197   20.0203
    0.0000  -15.0000   37.500012807.0127   20.0155
    7.5000  -15.0000   37.500012373.9307   20.0035
   -7.5000   -7.5000   37.500012925.6758   19.9682
    0.0000   -7.5000   37.500013516.0869   19.9684
    7.5000   -7.5000   37.500013090.5391   19.9648
   -7.5000    0.0000   37.500013563.4717   19.9297
    0.0000    0.0000   37.500014151.9053   19.9325
    7.5000    0.0000   37.500013727.3643   19.9218
   -7.5000    7.5000   37.500013245.9961   19.9453
    0.0000    7.5000   37.500013815.3809   19.9439
    7.5000    7.5000   37.500013375.5771   19.9163
   -7.5000   15.0000   37.500012670.7988   19.9922
    0.0000   15.0000   37.500013259.2227   19.9851
    7.5000   15.0000   37.500012807.8545   19.9475
   -7.5000   22.5000   37.500011753.2139   20.0194
    0.0000   22.5000   37.500012339.8516   20.0116
    7.5000   22.5000   37.500011906.6924   19.9824
   -7.5000   30.0000   37.500010764.8379   19.7612
    0.0000   30.0000   37.500011311.4385   19.7565
    7.5000   30.0000   37.500010925.5068   19.7446
   -7.5000   37.5000   37.500010174.5742   19.7098
    0.0000   37.5000   37.500010644.0811   19.7100
    7.5000   37.5000   37.500010278.8271   19.7064
   -7.5000   45.0000   37.5000 9175.0674   19.2100
    0.0000   45.0000   37.5000 9615.4033   19.2126
    7.5000   45.0000   37.5000 9284.2588   19.2023
   -7.5000  -45.0000   45.0000 8262.0781   20.0158
    0.0000  -45.0000   45.0000 8699.1221   20.0286
    7.5000  -45.0000   45.0000 8430.9629   20.0230
   -7.5000  -37.5000   45.0000 8826.5059   20.0269
    0.0000  -37.5000   45.0000 9301.1943   20.0394
    7.5000  -37.5000   45.0000 9018.0488   20.0236
   -7.5000  -30.0000   45.0000 9701.6621   20.0733
    0.0000  -30.0000   45.000010234.8398   20.0839
    7.5000  -30.0000   45.0000 9928.4893   20.0662
   -7.5000  -22.5000   45.000010518.8652   20.1155
    0.0000  -22.5000   45.000011045.9414   20.1247
    7.5000  -22.5000   45.000010694.6934   20.1168
   -7.5000  -15.0000   45.000011190.8564   20.1119
    0.0000  -15.0000   45.000011701.7139   20.1205
    7.5000  -15.0000   45.000011320.0791   20.1236
   -7.5000   -7.5000   45.000011791.9434   20.0585
    0.0000   -7.5000   45.000012331.6387   20.0688
    7.5000   -7.5000   45.000011955.8086   20.0724
   -7.5000    0.0000   45.000012357.4043   20.0158
    0.0000    0.0000   45.000012897.9814   20.0286
    7.5000    0.0000   45.000012526.0703   20.0230
   -7.5000    7.5000   45.000012070.5391   20.0269
    0.0000    7.5000   45.000012583.6562   20.0394
    7.5000    7.5000   45.000012212.1797   20.0236
   -7.5000   15.0000   45.000011583.4287   20.0733
    0.0000   15.0000   45.000012120.8994   20.0839
    7.5000   15.0000   45.000011751.9824   20.0662
   -7.5000   22.5000   45.000010758.9639   20.1062
    0.0000   22.5000   45.000011275.8428   20.1154
    7.5000   22.5000   45.000010916.3711   20.1074
   -7.5000   30.0000   45.0000 9867.5781   19.8498
    0.0000   30.0000   45.000010339.5078   19.8583
    7.5000   30.0000   45.000010001.0264   19.8614
   -7.5000   37.5000   45.0000 9319.3291   19.7972
    0.0000   37.5000   45.0000 9750.9639   19.8074
    7.5000   37.5000   45.0000 9433.1748   19.8109
   -7.5000   45.0000   45.0000 8405.1748   19.3017
    0.0000   45.0000   45.0000 8817.6914   19.3140
    7.5000   45.0000   45.0000 8517.3760   19.3086

---------------------------------------------------------------------
imgreg_4dfp /opt/freesurfer/average/711-2C_as_mni_average_305 /opt/freesurfer/average/711-2B_as_mni_average_305_mask talsrcimg_g11 none talsrcimg_to_711-2C_as_mni_average_305_t4 4355
---------------------------------------------------------------------

freesurfer imgreg_4dfp.c
/opt/freesurfer/average/711-2C_as_mni_average_305.4dfp.img
       256       256       256         1
  1.000000  1.000000  1.000000
orientation T byte_order littleendian
Reading image: /opt/freesurfer/average/711-2C_as_mni_average_305.4dfp.img
dimensions:      256       256       256
mmppix:       1.0000   -1.0000   -1.0000
center:     128.0000 -129.0000 -129.0000
/opt/freesurfer/average/711-2B_as_mni_average_305_mask.4dfp.img
       256       256       256         1
  1.000000  1.000000  1.000000
orientation T byte_order littleendian
Reading mask: /opt/freesurfer/average/711-2B_as_mni_average_305_mask.4dfp.img (2306576 pixels)
talsrcimg_g11.4dfp.img
       256       256       256         1
  1.000000  1.000000  1.000000
orientation T byte_order littleendian
Reading image: talsrcimg_g11.4dfp.img
dimensions:      256       256       256
mmppix:       1.0000   -1.0000   -1.0000
center:     128.0000 -129.0000 -129.0000
rotation matrix determinant  1.000000
image alignment mode   4355 decimal     1103 hex
   -7.5000  -45.0000  -45.0000 1997.3174   21.9853
    0.0000  -45.0000  -45.0000 2012.8511   21.6892
    7.5000  -45.0000  -45.0000 2008.9044   21.6980
   -7.5000  -37.5000  -45.0000 2089.0894   20.0648
    0.0000  -37.5000  -45.0000 2107.0320   19.8374
    7.5000  -37.5000  -45.0000 2104.7761   19.8049
   -7.5000  -30.0000  -45.0000 2162.5034   18.6913
    0.0000  -30.0000  -45.0000 2177.5903   18.4316
    7.5000  -30.0000  -45.0000 2175.7920   18.4378
   -7.5000  -22.5000  -45.0000 2199.5613   17.7289
    0.0000  -22.5000  -45.0000 2219.2817   17.4913
    7.5000  -22.5000  -45.0000 2216.2720   17.5151
   -7.5000  -15.0000  -45.0000 2219.4255   17.1949
    0.0000  -15.0000  -45.0000 2238.1372   16.8326
    7.5000  -15.0000  -45.0000 2233.9331   16.9058
   -7.5000   -7.5000  -45.0000 2222.2449   16.9657
    0.0000   -7.5000  -45.0000 2246.1228   16.6340
    7.5000   -7.5000  -45.0000 2244.0239   16.6640
   -7.5000    0.0000  -45.0000 2212.8762   17.0729
    0.0000    0.0000  -45.0000 2238.3845   16.7345
    7.5000    0.0000  -45.0000 2236.4016   16.7854
   -7.5000    7.5000  -45.0000 2178.2637   17.6581
    0.0000    7.5000  -45.0000 2203.3628   17.2754
    7.5000    7.5000  -45.0000 2202.7068   17.2730
   -7.5000   15.0000  -45.0000 2127.8811   18.5613
    0.0000   15.0000  -45.0000 2150.2280   18.1036
    7.5000   15.0000  -45.0000 2150.5449   18.1162
   -7.5000   22.5000  -45.0000 2056.1311   19.8015
    0.0000   22.5000  -45.0000 2083.7134   19.3188
    7.5000   22.5000  -45.0000 2082.1277   19.3149
   -7.5000   30.0000  -45.0000 1968.0955   21.4313
    0.0000   30.0000  -45.0000 1995.5945   20.8667
    7.5000   30.0000  -45.0000 1992.5826   20.9350
   -7.5000   37.5000  -45.0000 1870.6292   23.5092
    0.0000   37.5000  -45.0000 1893.8406   22.9841
    7.5000   37.5000  -45.0000 1891.2433   23.0277
   -7.5000   45.0000  -45.0000 1753.2695   26.2755
    0.0000   45.0000  -45.0000 1775.8717   25.7756
    7.5000   45.0000  -45.0000 1775.1752   25.8173
   -7.5000  -45.0000  -37.5000 2089.6047   20.2301
    0.0000  -45.0000  -37.5000 2106.5039   20.0085
    7.5000  -45.0000  -37.5000 2110.0774   20.0399
   -7.5000  -37.5000  -37.5000 2184.4949   18.4589
    0.0000  -37.5000  -37.5000 2201.9119   18.2752
    7.5000  -37.5000  -37.5000 2205.9912   18.2832
   -7.5000  -30.0000  -37.5000 2263.0996   17.1911
    0.0000  -30.0000  -37.5000 2283.6260   17.0133
    7.5000  -30.0000  -37.5000 2279.4534   17.0270
   -7.5000  -22.5000  -37.5000 2302.1938   16.3081
    0.0000  -22.5000  -37.5000 2326.7832   16.0626
    7.5000  -22.5000  -37.5000 2322.0151   16.0994
   -7.5000  -15.0000  -37.5000 2320.5010   15.7772
    0.0000  -15.0000  -37.5000 2344.9297   15.5098
    7.5000  -15.0000  -37.5000 2342.8860   15.5821
   -7.5000   -7.5000  -37.5000 2324.7710   15.5798
    0.0000   -7.5000  -37.5000 2352.5161   15.3058
    7.5000   -7.5000  -37.5000 2350.3381   15.3564
   -7.5000    0.0000  -37.5000 2312.6257   15.6397
    0.0000    0.0000  -37.5000 2337.5312   15.3431
    7.5000    0.0000  -37.5000 2339.1511   15.4175
   -7.5000    7.5000  -37.5000 2282.6262   16.1525
    0.0000    7.5000  -37.5000 2309.8303   15.7794
    7.5000    7.5000  -37.5000 2311.4917   15.8295
   -7.5000   15.0000  -37.5000 2229.7158   16.9504
    0.0000   15.0000  -37.5000 2257.9260   16.5590
    7.5000   15.0000  -37.5000 2261.6702   16.5895
   -7.5000   22.5000  -37.5000 2155.4438   18.1125
    0.0000   22.5000  -37.5000 2183.0334   17.6793
    7.5000   22.5000  -37.5000 2186.1650   17.6974
   -7.5000   30.0000  -37.5000 2058.7922   19.6663
    0.0000   30.0000  -37.5000 2089.3677   19.1515
    7.5000   30.0000  -37.5000 2089.9478   19.2160
   -7.5000   37.5000  -37.5000 1954.9250   21.6059
    0.0000   37.5000  -37.5000 1982.0028   21.1227
    7.5000   37.5000  -37.5000 1983.6392   21.1029
   -7.5000   45.0000  -37.5000 1833.7568   24.1523
    0.0000   45.0000  -37.5000 1858.5168   23.6593
    7.5000   45.0000  -37.5000 1862.4631   23.6964
   -7.5000  -45.0000  -30.0000 2209.4543   19.4344
    0.0000  -45.0000  -30.0000 2234.1948   19.2080
    7.5000  -45.0000  -30.0000 2237.6614   19.2327
   -7.5000  -37.5000  -30.0000 2312.4622   17.7176
    0.0000  -37.5000  -30.0000 2335.3711   17.4504
    7.5000  -37.5000  -30.0000 2336.6990   17.4751
   -7.5000  -30.0000  -30.0000 2395.0444   16.4457
    0.0000  -30.0000  -30.0000 2420.2974   16.2085
    7.5000  -30.0000  -30.0000 2416.3787   16.2272
   -7.5000  -22.5000  -30.0000 2442.1111   15.6032
    0.0000  -22.5000  -30.0000 2468.8586   15.3449
    7.5000  -22.5000  -30.0000 2469.6851   15.3671
   -7.5000  -15.0000  -30.0000 2471.5239   15.0707
    0.0000  -15.0000  -30.0000 2498.1499   14.8234
    7.5000  -15.0000  -30.0000 2501.7380   14.8443
   -7.5000   -7.5000  -30.0000 2482.1885   14.8941
    0.0000   -7.5000  -30.0000 2507.6011   14.6472
    7.5000   -7.5000  -30.0000 2510.4373   14.6693
   -7.5000    0.0000  -30.0000 2465.2432   14.9683
    0.0000    0.0000  -30.0000 2487.6267   14.6600
    7.5000    0.0000  -30.0000 2492.7058   14.7252
   -7.5000    7.5000  -30.0000 2431.8650   15.3962
    0.0000    7.5000  -30.0000 2462.1443   15.0375
    7.5000    7.5000  -30.0000 2463.9165   15.0771
   -7.5000   15.0000  -30.0000 2373.3711   16.1552
    0.0000   15.0000  -30.0000 2407.0212   15.7608
    7.5000   15.0000  -30.0000 2409.5681   15.7922
   -7.5000   22.5000  -30.0000 2292.7834   17.2576
    0.0000   22.5000  -30.0000 2325.3542   16.8387
    7.5000   22.5000  -30.0000 2330.7004   16.8753
   -7.5000   30.0000  -30.0000 2191.4941   18.7040
    0.0000   30.0000  -30.0000 2220.6863   18.2541
    7.5000   30.0000  -30.0000 2223.5740   18.3415
   -7.5000   37.5000  -30.0000 2074.2964   20.5587
    0.0000   37.5000  -30.0000 2100.5068   20.1033
    7.5000   37.5000  -30.0000 2104.8547   20.1310
   -7.5000   45.0000  -30.0000 1941.7349   22.9775
    0.0000   45.0000  -30.0000 1974.4114   22.5190
    7.5000   45.0000  -30.0000 1979.7592   22.5658
   -7.5000  -45.0000  -22.5000 2303.0200   18.6735
    0.0000  -45.0000  -22.5000 2334.5127   18.4344
    7.5000  -45.0000  -22.5000 2330.4551   18.3975
   -7.5000  -37.5000  -22.5000 2415.0940   16.9599
    0.0000  -37.5000  -22.5000 2443.2195   16.6993
    7.5000  -37.5000  -22.5000 2439.0637   16.6716
   -7.5000  -30.0000  -22.5000 2503.1758   15.6884
    0.0000  -30.0000  -22.5000 2528.6829   15.3758
    7.5000  -30.0000  -22.5000 2527.8704   15.3581
   -7.5000  -22.5000  -22.5000 2557.0771   14.8079
    0.0000  -22.5000  -22.5000 2584.2166   14.5222
    7.5000  -22.5000  -22.5000 2585.5239   14.5090
   -7.5000  -15.0000  -22.5000 2592.1719   14.2559
    0.0000  -15.0000  -22.5000 2624.2361   14.0204
    7.5000  -15.0000  -22.5000 2622.4978   13.9981
   -7.5000   -7.5000  -22.5000 2611.5710   14.0583
    0.0000   -7.5000  -22.5000 2642.5918   13.8318
    7.5000   -7.5000  -22.5000 2642.1687   13.8188
   -7.5000    0.0000  -22.5000 2596.5005   14.1608
    0.0000    0.0000  -22.5000 2623.2864   13.8618
    7.5000    0.0000  -22.5000 2628.4077   13.9011
   -7.5000    7.5000  -22.5000 2559.4617   14.5750
    0.0000    7.5000  -22.5000 2589.9390   14.2395
    7.5000    7.5000  -22.5000 2592.5532   14.2562
   -7.5000   15.0000  -22.5000 2497.1526   15.2852
    0.0000   15.0000  -22.5000 2532.2456   14.9179
    7.5000   15.0000  -22.5000 2535.8430   14.9407
   -7.5000   22.5000  -22.5000 2407.0564   16.3630
    0.0000   22.5000  -22.5000 2446.6365   15.9231
    7.5000   22.5000  -22.5000 2453.6023   15.9715
   -7.5000   30.0000  -22.5000 2302.3054   17.6943
    0.0000   30.0000  -22.5000 2337.8911   17.2631
    7.5000   30.0000  -22.5000 2340.6331   17.3139
   -7.5000   37.5000  -22.5000 2178.2522   19.4844
    0.0000   37.5000  -22.5000 2206.1587   19.0284
    7.5000   37.5000  -22.5000 2210.4487   19.0794
   -7.5000   45.0000  -22.5000 2033.4490   21.7774
    0.0000   45.0000  -22.5000 2062.5215   21.2753
    7.5000   45.0000  -22.5000 2067.3147   21.3644
   -7.5000  -45.0000  -15.0000 2365.1570   17.9102
    0.0000  -45.0000  -15.0000 2397.2773   17.6177
    7.5000  -45.0000  -15.0000 2392.4531   17.5642
   -7.5000  -37.5000  -15.0000 2480.3938   16.2079
    0.0000  -37.5000  -15.0000 2512.0190   15.9287
    7.5000  -37.5000  -15.0000 2506.9526   15.8795
   -7.5000  -30.0000  -15.0000 2570.2490   14.9327
    0.0000  -30.0000  -15.0000 2605.6572   14.6572
    7.5000  -30.0000  -15.0000 2603.0481   14.6112
   -7.5000  -22.5000  -15.0000 2637.8630   14.0369
    0.0000  -22.5000  -15.0000 2665.8174   13.7242
    7.5000  -22.5000  -15.0000 2669.6526   13.7057
   -7.5000  -15.0000  -15.0000 2677.8965   13.4140
    0.0000  -15.0000  -15.0000 2713.8220   13.1735
    7.5000  -15.0000  -15.0000 2713.4341   13.1723
   -7.5000   -7.5000  -15.0000 2703.2634   13.1987
    0.0000   -7.5000  -15.0000 2740.7415   12.9691
    7.5000   -7.5000  -15.0000 2741.5325   12.9760
   -7.5000    0.0000  -15.0000 2698.1555   13.3396
    0.0000    0.0000  -15.0000 2731.5425   13.0546
    7.5000    0.0000  -15.0000 2734.2449   13.0689
   -7.5000    7.5000  -15.0000 2666.4060   13.7543
    0.0000    7.5000  -15.0000 2703.0366   13.4372
    7.5000    7.5000  -15.0000 2704.2166   13.4445
   -7.5000   15.0000  -15.0000 2595.2686   14.4739
    0.0000   15.0000  -15.0000 2634.3059   14.0997
    7.5000   15.0000  -15.0000 2636.8076   14.0986
   -7.5000   22.5000  -15.0000 2501.7957   15.4932
    0.0000   22.5000  -15.0000 2540.6538   15.0597
    7.5000   22.5000  -15.0000 2543.0051   15.0738
   -7.5000   30.0000  -15.0000 2387.2170   16.7529
    0.0000   30.0000  -15.0000 2421.5337   16.3346
    7.5000   30.0000  -15.0000 2426.6973   16.3240
   -7.5000   37.5000  -15.0000 2251.5610   18.4451
    0.0000   37.5000  -15.0000 2284.6199   17.9828
    7.5000   37.5000  -15.0000 2288.4319   17.9851
   -7.5000   45.0000  -15.0000 2102.2922   20.6173
    0.0000   45.0000  -15.0000 2126.5034   20.1309
    7.5000   45.0000  -15.0000 2126.6533   20.1695
   -7.5000  -45.0000   -7.5000 2400.4080   17.1947
    0.0000  -45.0000   -7.5000 2431.7620   16.9070
    7.5000  -45.0000   -7.5000 2427.6968   16.8813
   -7.5000  -37.5000   -7.5000 2519.3469   15.5319
    0.0000  -37.5000   -7.5000 2550.6184   15.2553
    7.5000  -37.5000   -7.5000 2551.8262   15.2308
   -7.5000  -30.0000   -7.5000 2617.3926   14.2603
    0.0000  -30.0000   -7.5000 2652.5681   13.9908
    7.5000  -30.0000   -7.5000 2654.9124   13.9689
   -7.5000  -22.5000   -7.5000 2701.6968   13.3274
    0.0000  -22.5000   -7.5000 2732.1665   13.0442
    7.5000  -22.5000   -7.5000 2732.9585   13.0034
   -7.5000  -15.0000   -7.5000 2746.6780   12.6571
    0.0000  -15.0000   -7.5000 2786.6306   12.3949
    7.5000  -15.0000   -7.5000 2786.9375   12.4084
   -7.5000   -7.5000   -7.5000 2784.1799   12.4187
    0.0000   -7.5000   -7.5000 2827.6907   12.1342
    7.5000   -7.5000   -7.5000 2824.2920   12.1654
   -7.5000    0.0000   -7.5000 2784.3340   12.5749
    0.0000    0.0000   -7.5000 2824.8752   12.2679
    7.5000    0.0000   -7.5000 2828.8789   12.2582
   -7.5000    7.5000   -7.5000 2749.1226   12.9659
    0.0000    7.5000   -7.5000 2789.8945   12.6687
    7.5000    7.5000   -7.5000 2793.1956   12.6571
   -7.5000   15.0000   -7.5000 2678.5730   13.7000
    0.0000   15.0000   -7.5000 2715.7861   13.3213
    7.5000   15.0000   -7.5000 2719.0032   13.3097
   -7.5000   22.5000   -7.5000 2576.3118   14.6480
    0.0000   22.5000   -7.5000 2616.7891   14.2455
    7.5000   22.5000   -7.5000 2618.2524   14.2217
   -7.5000   30.0000   -7.5000 2450.2744   15.9173
    0.0000   30.0000   -7.5000 2490.1475   15.4926
    7.5000   30.0000   -7.5000 2494.1013   15.4975
   -7.5000   37.5000   -7.5000 2307.0164   17.5181
    0.0000   37.5000   -7.5000 2347.8293   17.0542
    7.5000   37.5000   -7.5000 2350.6392   17.1025
   -7.5000   45.0000   -7.5000 2146.5962   19.5885
    0.0000   45.0000   -7.5000 2174.7546   19.1023
    7.5000   45.0000   -7.5000 2177.8235   19.1514
   -7.5000  -45.0000    0.0000 2411.2771   16.7288
    0.0000  -45.0000    0.0000 2443.4670   16.3868
    7.5000  -45.0000    0.0000 2444.7156   16.3870
   -7.5000  -37.5000    0.0000 2533.4294   15.0614
    0.0000  -37.5000    0.0000 2568.9648   14.7594
    7.5000  -37.5000    0.0000 2572.7542   14.7492
   -7.5000  -30.0000    0.0000 2643.3423   13.8035
    0.0000  -30.0000    0.0000 2680.9446   13.4886
    7.5000  -30.0000    0.0000 2685.4548   13.4915
   -7.5000  -22.5000    0.0000 2738.8523   12.8598
    0.0000  -22.5000    0.0000 2781.6672   12.5534
    7.5000  -22.5000    0.0000 2787.6960   12.5369
   -7.5000  -15.0000    0.0000 2804.3845   12.1651
    0.0000  -15.0000    0.0000 2852.0247   11.8405
    7.5000  -15.0000    0.0000 2854.6216   11.8525
   -7.5000   -7.5000    0.0000 2854.3333   11.9113
    0.0000   -7.5000    0.0000 2899.2012   11.5150
    7.5000   -7.5000    0.0000 2900.8682   11.5657
   -7.5000    0.0000    0.0000 2854.0251   11.9979
    0.0000    0.0000    0.0000 2897.2908   11.6513
    7.5000    0.0000    0.0000 2906.2188   11.6316
   -7.5000    7.5000    0.0000 2813.8254   12.4043
    0.0000    7.5000    0.0000 2855.3640   12.0399
    7.5000    7.5000    0.0000 2861.8269   12.0239
   -7.5000   15.0000    0.0000 2732.4072   13.0955
    0.0000   15.0000    0.0000 2776.8848   12.6845
    7.5000   15.0000    0.0000 2781.7761   12.6684
   -7.5000   22.5000    0.0000 2626.5525   14.0764
    0.0000   22.5000    0.0000 2666.7439   13.6261
    7.5000   22.5000    0.0000 2672.2339   13.6340
   -7.5000   30.0000    0.0000 2496.3479   15.3249
    0.0000   30.0000    0.0000 2532.9058   14.8557
    7.5000   30.0000    0.0000 2534.2656   14.9113
   -7.5000   37.5000    0.0000 2345.5254   16.8778
    0.0000   37.5000    0.0000 2387.2988   16.3717
    7.5000   37.5000    0.0000 2390.3381   16.4451
   -7.5000   45.0000    0.0000 2178.0947   18.8323
    0.0000   45.0000    0.0000 2211.1616   18.3238
    7.5000   45.0000    0.0000 2213.6987   18.4184
   -7.5000  -45.0000    7.5000 2414.7915   16.5327
    0.0000  -45.0000    7.5000 2448.2522   16.1428
    7.5000  -45.0000    7.5000 2454.8208   16.1564
   -7.5000  -37.5000    7.5000 2533.8311   14.8516
    0.0000  -37.5000    7.5000 2568.9790   14.4844
    7.5000  -37.5000    7.5000 2582.7285   14.5027
   -7.5000  -30.0000    7.5000 2652.9958   13.5617
    0.0000  -30.0000    7.5000 2688.5964   13.2008
    7.5000  -30.0000    7.5000 2702.9685   13.2270
   -7.5000  -22.5000    7.5000 2762.0537   12.6342
    0.0000  -22.5000    7.5000 2810.4656   12.2940
    7.5000  -22.5000    7.5000 2824.4915   12.2915
   -7.5000  -15.0000    7.5000 2842.1980   11.9492
    0.0000  -15.0000    7.5000 2904.7559   11.6079
    7.5000  -15.0000    7.5000 2918.6497   11.6094
   -7.5000   -7.5000    7.5000 2905.0962   11.6207
    0.0000   -7.5000    7.5000 2955.9890   11.1252
    7.5000   -7.5000    7.5000 2963.4790   11.1990
   -7.5000    0.0000    7.5000 2897.4609   11.6584
    0.0000    0.0000    7.5000 2939.4617   11.1869
    7.5000    0.0000    7.5000 2951.0857   11.2167
   -7.5000    7.5000    7.5000 2847.0918   12.0960
    0.0000    7.5000    7.5000 2892.8123   11.6303
    7.5000    7.5000    7.5000 2903.8496   11.6307
   -7.5000   15.0000    7.5000 2767.3674   12.7913
    0.0000   15.0000    7.5000 2812.3699   12.3225
    7.5000   15.0000    7.5000 2820.6484   12.3511
   -7.5000   22.5000    7.5000 2653.9778   13.7507
    0.0000   22.5000    7.5000 2695.9121   13.2818
    7.5000   22.5000    7.5000 2703.3479   13.3135
   -7.5000   30.0000    7.5000 2522.5352   14.9832
    0.0000   30.0000    7.5000 2555.9075   14.5146
    7.5000   30.0000    7.5000 2559.4607   14.5549
   -7.5000   37.5000    7.5000 2367.6692   16.5297
    0.0000   37.5000    7.5000 2402.8503   16.0324
    7.5000   37.5000    7.5000 2408.5315   16.0820
   -7.5000   45.0000    7.5000 2200.1646   18.5156
    0.0000   45.0000    7.5000 2227.8848   17.9849
    7.5000   45.0000    7.5000 2231.4348   18.0429
   -7.5000  -45.0000   15.0000 2403.6858   16.5830
    0.0000  -45.0000   15.0000 2431.9868   16.0880
    7.5000  -45.0000   15.0000 2444.4314   16.1459
   -7.5000  -37.5000   15.0000 2524.6267   14.9068
    0.0000  -37.5000   15.0000 2554.3367   14.4370
    7.5000  -37.5000   15.0000 2566.3696   14.4827
   -7.5000  -30.0000   15.0000 2644.7759   13.5995
    0.0000  -30.0000   15.0000 2677.2295   13.1520
    7.5000  -30.0000   15.0000 2692.7637   13.2059
   -7.5000  -22.5000   15.0000 2759.9614   12.6678
    0.0000  -22.5000   15.0000 2803.2410   12.2587
    7.5000  -22.5000   15.0000 2820.0527   12.2869
   -7.5000  -15.0000   15.0000 2849.0701   12.0062
    0.0000  -15.0000   15.0000 2909.6550   11.6554
    7.5000  -15.0000   15.0000 2922.9656   11.6525
   -7.5000   -7.5000   15.0000 2906.6484   11.6372
    0.0000   -7.5000   15.0000 2958.4700   11.0924
    7.5000   -7.5000   15.0000 2970.1562   11.1465
   -7.5000    0.0000   15.0000 2906.6416   11.6070
    0.0000    0.0000   15.0000 2951.3345   11.0797
    7.5000    0.0000   15.0000 2955.5669   11.0527
   -7.5000    7.5000   15.0000 2854.8120   11.9708
    0.0000    7.5000   15.0000 2905.9031   11.5364
    7.5000    7.5000   15.0000 2913.0164   11.4928
   -7.5000   15.0000   15.0000 2768.5269   12.6393
    0.0000   15.0000   15.0000 2813.7422   12.2545
    7.5000   15.0000   15.0000 2820.0520   12.2131
   -7.5000   22.5000   15.0000 2655.6443   13.6168
    0.0000   22.5000   15.0000 2696.6965   13.2252
    7.5000   22.5000   15.0000 2701.9099   13.1884
   -7.5000   30.0000   15.0000 2523.3689   14.8613
    0.0000   30.0000   15.0000 2555.9434   14.4475
    7.5000   30.0000   15.0000 2557.0159   14.4565
   -7.5000   37.5000   15.0000 2366.3418   16.4479
    0.0000   37.5000   15.0000 2404.0408   15.9840
    7.5000   37.5000   15.0000 2405.4775   16.0157
   -7.5000   45.0000   15.0000 2203.1123   18.4128
    0.0000   45.0000   15.0000 2229.4783   17.9309
    7.5000   45.0000   15.0000 2234.4717   17.9707
   -7.5000  -45.0000   22.5000 2386.4468   16.8521
    0.0000  -45.0000   22.5000 2411.7373   16.2590
    7.5000  -45.0000   22.5000 2422.2913   16.3800
   -7.5000  -37.5000   22.5000 2510.0120   15.1727
    0.0000  -37.5000   22.5000 2532.8391   14.6339
    7.5000  -37.5000   22.5000 2545.4092   14.7037
   -7.5000  -30.0000   22.5000 2625.4612   13.8805
    0.0000  -30.0000   22.5000 2650.6687   13.3892
    7.5000  -30.0000   22.5000 2667.0688   13.4323
   -7.5000  -22.5000   22.5000 2734.8059   12.9313
    0.0000  -22.5000   22.5000 2769.8467   12.5348
    7.5000  -22.5000   22.5000 2789.2119   12.5552
   -7.5000  -15.0000   22.5000 2821.0640   12.2800
    0.0000  -15.0000   22.5000 2873.0110   11.9097
    7.5000  -15.0000   22.5000 2888.1677   11.9076
   -7.5000   -7.5000   22.5000 2878.5630   11.9402
    0.0000   -7.5000   22.5000 2927.6265   11.4708
    7.5000   -7.5000   22.5000 2929.5251   11.4411
   -7.5000    0.0000   22.5000 2882.1370   11.8514
    0.0000    0.0000   22.5000 2936.0444   11.4917
    7.5000    0.0000   22.5000 2937.0986   11.4294
   -7.5000    7.5000   22.5000 2838.7629   12.1610
    0.0000    7.5000   22.5000 2894.9724   11.8504
    7.5000    7.5000   22.5000 2898.7681   11.7999
   -7.5000   15.0000   22.5000 2747.8125   12.8389
    0.0000   15.0000   22.5000 2791.6882   12.4929
    7.5000   15.0000   22.5000 2795.9226   12.4499
   -7.5000   22.5000   22.5000 2633.5066   13.7877
    0.0000   22.5000   22.5000 2672.4287   13.4124
    7.5000   22.5000   22.5000 2675.9099   13.3728
   -7.5000   30.0000   22.5000 2500.9082   14.9958
    0.0000   30.0000   22.5000 2538.2002   14.5834
    7.5000   30.0000   22.5000 2540.8455   14.5746
   -7.5000   37.5000   22.5000 2353.1907   16.5313
    0.0000   37.5000   22.5000 2388.4316   16.0890
    7.5000   37.5000   22.5000 2396.0249   16.1173
   -7.5000   45.0000   22.5000 2189.6824   18.4921
    0.0000   45.0000   22.5000 2211.4548   18.0036
    7.5000   45.0000   22.5000 2221.1245   18.0916
   -7.5000  -45.0000   30.0000 2356.0393   17.3625
    0.0000  -45.0000   30.0000 2383.2205   16.8141
    7.5000  -45.0000   30.0000 2388.1033   16.8946
   -7.5000  -37.5000   30.0000 2472.1943   15.6403
    0.0000  -37.5000   30.0000 2502.6055   15.1460
    7.5000  -37.5000   30.0000 2507.8105   15.2393
   -7.5000  -30.0000   30.0000 2587.3264   14.3801
    0.0000  -30.0000   30.0000 2620.4414   13.9537
    7.5000  -30.0000   30.0000 2630.2454   14.0004
   -7.5000  -22.5000   30.0000 2693.2600   13.4549
    0.0000  -22.5000   30.0000 2733.1758   13.0725
    7.5000  -22.5000   30.0000 2747.1018   13.0837
   -7.5000  -15.0000   30.0000 2768.5154   12.7979
    0.0000  -15.0000   30.0000 2815.2214   12.3249
    7.5000  -15.0000   30.0000 2823.5242   12.2934
   -7.5000   -7.5000   30.0000 2816.7979   12.4151
    0.0000   -7.5000   30.0000 2864.2341   11.9684
    7.5000   -7.5000   30.0000 2872.1321   11.9612
   -7.5000    0.0000   30.0000 2826.4666   12.3282
    0.0000    0.0000   30.0000 2875.8440   11.9984
    7.5000    0.0000   30.0000 2886.4609   11.9852
   -7.5000    7.5000   30.0000 2781.2678   12.6496
    0.0000    7.5000   30.0000 2836.4141   12.3305
    7.5000    7.5000   30.0000 2842.4832   12.3099
   -7.5000   15.0000   30.0000 2701.0710   13.2962
    0.0000   15.0000   30.0000 2748.8589   12.9847
    7.5000   15.0000   30.0000 2752.5752   12.9531
   -7.5000   22.5000   30.0000 2586.1658   14.2282
    0.0000   22.5000   30.0000 2629.7312   13.8911
    7.5000   22.5000   30.0000 2634.5393   13.8607
   -7.5000   30.0000   30.0000 2455.4780   15.4064
    0.0000   30.0000   30.0000 2497.0359   14.9907
    7.5000   30.0000   30.0000 2506.3054   15.0096
   -7.5000   37.5000   30.0000 2321.5681   16.8965
    0.0000   37.5000   30.0000 2350.7102   16.4451
    7.5000   37.5000   30.0000 2359.0601   16.4808
   -7.5000   45.0000   30.0000 2157.0029   18.8521
    0.0000   45.0000   30.0000 2177.5864   18.3340
    7.5000   45.0000   30.0000 2188.9058   18.3963
   -7.5000  -45.0000   37.5000 2312.6536   18.0933
    0.0000  -45.0000   37.5000 2340.5989   17.5909
    7.5000  -45.0000   37.5000 2343.8721   17.6471
   -7.5000  -37.5000   37.5000 2431.0613   16.3973
    0.0000  -37.5000   37.5000 2465.1121   15.9002
    7.5000  -37.5000   37.5000 2470.4294   15.9518
   -7.5000  -30.0000   37.5000 2544.3262   15.1327
    0.0000  -30.0000   37.5000 2585.4517   14.6307
    7.5000  -30.0000   37.5000 2590.5979   14.6635
   -7.5000  -22.5000   37.5000 2639.8643   14.1319
    0.0000  -22.5000   37.5000 2686.6411   13.6337
    7.5000  -22.5000   37.5000 2693.8303   13.6192
   -7.5000  -15.0000   37.5000 2704.2476   13.4347
    0.0000  -15.0000   37.5000 2753.7261   12.8946
    7.5000  -15.0000   37.5000 2759.9106   12.9127
   -7.5000   -7.5000   37.5000 2751.2495   13.0364
    0.0000   -7.5000   37.5000 2794.3584   12.6138
    7.5000   -7.5000   37.5000 2802.3774   12.6200
   -7.5000    0.0000   37.5000 2754.3750   13.0154
    0.0000    0.0000   37.5000 2794.5657   12.6039
    7.5000    0.0000   37.5000 2804.7458   12.6062
   -7.5000    7.5000   37.5000 2711.0872   13.3158
    0.0000    7.5000   37.5000 2752.3687   12.9402
    7.5000    7.5000   37.5000 2757.6538   12.9376
   -7.5000   15.0000   37.5000 2627.4360   13.9580
    0.0000   15.0000   37.5000 2677.2129   13.5817
    7.5000   15.0000   37.5000 2679.6750   13.5763
   -7.5000   22.5000   37.5000 2521.1387   14.8649
    0.0000   22.5000   37.5000 2570.5000   14.5132
    7.5000   22.5000   37.5000 2573.9678   14.5009
   -7.5000   30.0000   37.5000 2403.8718   16.0535
    0.0000   30.0000   37.5000 2445.9868   15.6482
    7.5000   30.0000   37.5000 2454.8167   15.6531
   -7.5000   37.5000   37.5000 2273.8430   17.5091
    0.0000   37.5000   37.5000 2296.0364   17.0531
    7.5000   37.5000   37.5000 2303.3562   17.0942
   -7.5000   45.0000   37.5000 2110.7002   19.3646
    0.0000   45.0000   37.5000 2135.8867   18.9287
    7.5000   45.0000   37.5000 2147.0645   18.9916
   -7.5000  -45.0000   45.0000 2256.6990   19.0647
    0.0000  -45.0000   45.0000 2288.3401   18.5010
    7.5000  -45.0000   45.0000 2290.1672   18.5368
   -7.5000  -37.5000   45.0000 2377.0398   17.2727
    0.0000  -37.5000   45.0000 2416.8203   16.7415
    7.5000  -37.5000   45.0000 2417.0596   16.7754
   -7.5000  -30.0000   45.0000 2478.5732   15.9467
    0.0000  -30.0000   45.0000 2521.6768   15.4285
    7.5000  -30.0000   45.0000 2528.2920   15.4428
   -7.5000  -22.5000   45.0000 2568.6431   14.9556
    0.0000  -22.5000   45.0000 2615.4851   14.4200
    7.5000  -22.5000   45.0000 2622.9539   14.4063
   -7.5000  -15.0000   45.0000 2630.5127   14.2260
    0.0000  -15.0000   45.0000 2678.2783   13.7161
    7.5000  -15.0000   45.0000 2678.9617   13.7692
   -7.5000   -7.5000   45.0000 2665.8796   13.8510
    0.0000   -7.5000   45.0000 2707.0400   13.4474
    7.5000   -7.5000   45.0000 2712.8850   13.4524
   -7.5000    0.0000   45.0000 2658.1917   13.8544
    0.0000    0.0000   45.0000 2696.0120   13.4295
    7.5000    0.0000   45.0000 2705.5837   13.4348
   -7.5000    7.5000   45.0000 2618.8472   14.1625
    0.0000    7.5000   45.0000 2652.7615   13.7517
    7.5000    7.5000   45.0000 2659.1472   13.7529
   -7.5000   15.0000   45.0000 2542.3582   14.7780
    0.0000   15.0000   45.0000 2589.0444   14.3582
    7.5000   15.0000   45.0000 2596.2751   14.3602
   -7.5000   22.5000   45.0000 2445.8020   15.6211
    0.0000   22.5000   45.0000 2491.7878   15.2568
    7.5000   22.5000   45.0000 2494.3018   15.2737
   -7.5000   30.0000   45.0000 2339.5164   16.8104
    0.0000   30.0000   45.0000 2373.2847   16.4268
    7.5000   30.0000   45.0000 2376.9316   16.4461
   -7.5000   37.5000   45.0000 2206.4924   18.2895
    0.0000   37.5000   45.0000 2231.5527   17.8852
    7.5000   37.5000   45.0000 2239.9707   17.9222
   -7.5000   45.0000   45.0000 2056.2769   20.2056
    0.0000   45.0000   45.0000 2078.3125   19.7372
    7.5000   45.0000   45.0000 2083.8867   19.7685

---------------------------------------------------------------------
imgreg_4dfp /opt/freesurfer/average/711-2C_as_mni_average_305 /opt/freesurfer/average/711-2B_as_mni_average_305_mask talsrcimg_g11 none talsrcimg_to_711-2C_as_mni_average_305_t4 1283
---------------------------------------------------------------------

freesurfer imgreg_4dfp.c
/opt/freesurfer/average/711-2C_as_mni_average_305.4dfp.img
       256       256       256         1
  1.000000  1.000000  1.000000
orientation T byte_order littleendian
Reading image: /opt/freesurfer/average/711-2C_as_mni_average_305.4dfp.img
dimensions:      256       256       256
mmppix:       1.0000   -1.0000   -1.0000
center:     128.0000 -129.0000 -129.0000
/opt/freesurfer/average/711-2B_as_mni_average_305_mask.4dfp.img
       256       256       256         1
  1.000000  1.000000  1.000000
orientation T byte_order littleendian
Reading mask: /opt/freesurfer/average/711-2B_as_mni_average_305_mask.4dfp.img (2306576 pixels)
talsrcimg_g11.4dfp.img
       256       256       256         1
  1.000000  1.000000  1.000000
orientation T byte_order littleendian
Reading image: talsrcimg_g11.4dfp.img
dimensions:      256       256       256
mmppix:       1.0000   -1.0000   -1.0000
center:     128.0000 -129.0000 -129.0000
rotation matrix determinant  1.000000
fimgreg.f
image alignment mode   1283 decimal      503 hex
parameters
    7.5000   -7.5000   15.0000    0.0000    0.0000    0.0000
eta,q 0.93100 11.16997
niter,ni,del,rscale     5    3   12.0000    1.2000
parameter  3  0.700737 ->  0.500000 qaram    1.1500
parameter  4  0.604619 ->  0.500000 qaram    1.1500
parameters
    5.0813   -7.5510   11.5500   -3.4500    0.0727   -1.5202
eta,q 0.93115 11.08783
  0.0723  0.0767  0.0723  0.0687  0.0719  0.0697
  0.0739  0.0715  0.0702  0.0690  0.0696  0.0692
  0.0721  0.0709  0.0698  0.0691  0.0686  0.0689
  0.0716  0.0731  0.0731  0.0694  0.0691  0.0691
  0.0744  0.0740  0.0758  0.0708  0.0694  0.0693
  0.0775  0.0739  0.0768  0.0727  0.0700  0.0701
  0.0836  0.0742  0.0791  0.0757  0.0711  0.0717
niter,ni,del,rscale     6    3   12.0000    1.2000
parameters
    3.7298   -7.3025   11.6176   -6.8634    0.7206   -2.6643
eta,q 0.93183 11.13378
  0.0729  0.0775  0.0772  0.0691  0.0717  0.0703
  0.0683  0.0696  0.0728  0.0684  0.0699  0.0687
  0.0684  0.0671  0.0696  0.0685  0.0684  0.0682
  0.0689  0.0687  0.0691  0.0691  0.0683  0.0684
  0.0705  0.0710  0.0710  0.0700  0.0683  0.0692
  0.0738  0.0717  0.0729  0.0715  0.0686  0.0706
  0.0773  0.0731  0.0763  0.0735  0.0706  0.0720
niter,ni,del,rscale     5    3   12.0000    1.2000
parameters
    3.1231   -5.7323   10.7235   -7.9264    0.4603   -3.1616
eta,q 0.93301 11.04068
  0.0755  0.0821  0.0751  0.0708  0.0726  0.0706
  0.0703  0.0735  0.0707  0.0682  0.0692  0.0686
  0.0674  0.0686  0.0678  0.0672  0.0666  0.0673
  0.0682  0.0678  0.0688  0.0677  0.0673  0.0671
  0.0697  0.0690  0.0714  0.0691  0.0690  0.0679
  0.0738  0.0697  0.0735  0.0706  0.0707  0.0697
  0.0780  0.0706  0.0785  0.0721  0.0722  0.0718
niter,ni,del,rscale     4    3   12.0000    1.2000
parameters
    3.4118   -5.0055   10.4160   -8.6374    0.1983   -3.0394
eta,q 0.93322 11.02129
  0.0767  0.0766  0.0758  0.0714  0.0728  0.0715
  0.0723  0.0700  0.0710  0.0686  0.0690  0.0691
  0.0677  0.0671  0.0678  0.0671  0.0664  0.0673
  0.0670  0.0671  0.0675  0.0673  0.0670  0.0668
  0.0683  0.0683  0.0705  0.0688  0.0689  0.0674
  0.0710  0.0696  0.0722  0.0707  0.0708  0.0689
  0.0747  0.0713  0.0764  0.0724  0.0722  0.0711
niter,ni,del,rscale     3    3   12.0000    1.2000
parameters
    3.7198   -4.6530   10.3345   -9.0636    0.0680   -2.8191
eta,q 0.93308 11.01914
  0.0762  0.0750  0.0760  0.0719  0.0730  0.0718
  0.0719  0.0691  0.0709  0.0689  0.0692  0.0693
  0.0675  0.0667  0.0677  0.0673  0.0666  0.0675
  0.0668  0.0669  0.0672  0.0672  0.0670  0.0669
  0.0682  0.0683  0.0699  0.0684  0.0687  0.0674
  0.0706  0.0703  0.0716  0.0704  0.0706  0.0688
  0.0742  0.0713  0.0754  0.0724  0.0721  0.0711
niter,ni,del,rscale     2    3   12.0000    1.2000
parameters
    3.9343   -4.4761   10.2742   -9.2519    0.0186   -2.6593
eta,q 0.93294 11.01897
  0.0759  0.0743  0.0758  0.0723  0.0732  0.0719
  0.0716  0.0687  0.0708  0.0691  0.0693  0.0693
  0.0673  0.0666  0.0677  0.0675  0.0668  0.0675
  0.0669  0.0671  0.0672  0.0671  0.0671  0.0670
  0.0685  0.0686  0.0697  0.0683  0.0686  0.0674
  0.0707  0.0708  0.0714  0.0701  0.0705  0.0690
  0.0743  0.0712  0.0752  0.0723  0.0721  0.0714
niter,ni,del,rscale     1    3   12.0000    1.2000
parameters
    4.0641   -4.4136   10.2660   -9.3033    0.0145   -2.5807
eta,q 0.93282 11.01859
  0.0756  0.0738  0.0758  0.0726  0.0733  0.0718
  0.0714  0.0684  0.0708  0.0692  0.0694  0.0692
  0.0672  0.0666  0.0678  0.0676  0.0669  0.0676
  0.0671  0.0671  0.0672  0.0672  0.0672  0.0672
  0.0686  0.0688  0.0695  0.0683  0.0686  0.0676
  0.0708  0.0710  0.0713  0.0700  0.0704  0.0691
  0.0744  0.0710  0.0750  0.0721  0.0721  0.0716
registration optimization eta report
parameter search radius
    6.0000    6.0000    6.9000    6.9000    6.0000    6.0000
100000*second partial in parameter space
       22.       15.       17.       11.       15.       13.
  0.0756  0.0738  0.0758  0.0726  0.0733  0.0718
  0.0714  0.0684  0.0708  0.0692  0.0694  0.0692
  0.0672  0.0666  0.0678  0.0676  0.0669  0.0676
  0.0671  0.0671  0.0672  0.0672  0.0672  0.0672
  0.0686  0.0688  0.0695  0.0683  0.0686  0.0676
  0.0708  0.0710  0.0713  0.0700  0.0704  0.0691
  0.0744  0.0710  0.0750  0.0721  0.0721  0.0716
    4.0641   -4.4136   10.2660   -9.3033    0.0145   -2.5807
eta,q 0.93282 11.01859

---------------------------------------------------------------------
imgreg_4dfp /opt/freesurfer/average/711-2C_as_mni_average_305 /opt/freesurfer/average/711-2B_as_mni_average_305_mask talsrcimg_g11 none talsrcimg_to_711-2C_as_mni_average_305_t4 3335
---------------------------------------------------------------------

freesurfer imgreg_4dfp.c
/opt/freesurfer/average/711-2C_as_mni_average_305.4dfp.img
       256       256       256         1
  1.000000  1.000000  1.000000
orientation T byte_order littleendian
Reading image: /opt/freesurfer/average/711-2C_as_mni_average_305.4dfp.img
dimensions:      256       256       256
mmppix:       1.0000   -1.0000   -1.0000
center:     128.0000 -129.0000 -129.0000
/opt/freesurfer/average/711-2B_as_mni_average_305_mask.4dfp.img
       256       256       256         1
  1.000000  1.000000  1.000000
orientation T byte_order littleendian
Reading mask: /opt/freesurfer/average/711-2B_as_mni_average_305_mask.4dfp.img (2306576 pixels)
talsrcimg_g11.4dfp.img
       256       256       256         1
  1.000000  1.000000  1.000000
orientation T byte_order littleendian
Reading image: talsrcimg_g11.4dfp.img
dimensions:      256       256       256
mmppix:       1.0000   -1.0000   -1.0000
center:     128.0000 -129.0000 -129.0000
fimgreg.f
image alignment mode   3335 decimal      D07 hex
parameters
    4.0641   -4.4136   10.2660   -0.1014   -1.4156   -1.3154
    4.4475    0.7029   -4.5026   16.1507    0.0254  -16.1660
eta,q 0.93536 11.03201
niter,ni,del,rscale     5    3    5.0000    1.2000
parameter  2 -0.731206 -> -0.500000 qaram    1.1500
parameter  4 -4.491691 ->  0.500000 qaram    1.1500
parameter  5 -5.748117 ->  0.500000 qaram    1.1500
parameter  6  2.275440 ->  0.500000 qaram    1.1500
parameter 10  0.620219 ->  0.500000 qaram    1.1500
parameters
    4.0818   -3.0336    9.8602   -4.2414   -5.5556   -5.4554
    2.5710    1.3019   -2.5297   12.0107   -2.1218  -13.2331
eta,q 0.96048 10.81572
  0.0654  0.0668  0.0651  0.0508  0.0411  0.0382  0.0430  0.0471  0.0440  0.0403  0.0405  0.0416
  0.0651  0.0658  0.0645  0.0548  0.0462  0.0407  0.0419  0.0444  0.0428  0.0400  0.0400  0.0410
  0.0648  0.0651  0.0642  0.0593  0.0514  0.0440  0.0414  0.0423  0.0419  0.0403  0.0399  0.0404
  0.0646  0.0646  0.0643  0.0642  0.0559  0.0477  0.0416  0.0414  0.0414  0.0412  0.0400  0.0399
  0.0646  0.0644  0.0646  0.0683  0.0600  0.0517  0.0424  0.0416  0.0412  0.0429  0.0404  0.0395
  0.0649  0.0642  0.0651  0.0712  0.0642  0.0568  0.0441  0.0430  0.0415  0.0455  0.0410  0.0396
  0.0656  0.0642  0.0659  0.0746  0.0683  0.0624  0.0462  0.0457  0.0422  0.0490  0.0419  0.0402
niter,ni,del,rscale     7    3    5.0000    1.2000
parameter  3 -1.551746 -> -0.500000 qaram    1.1500
parameter  4  1.094987 ->  0.500000 qaram    1.3225
parameter  5  1.391432 ->  0.500000 qaram    1.3225
parameters
    3.5194   -3.1444   11.2402   -9.0024  -10.3166   -7.2096
    2.6495    1.8123   -2.5501   10.4973   -1.3822  -14.1049
eta,q 0.97596 10.79045
  0.0415  0.0418  0.0459  0.0309  0.0234  0.0282  0.0284  0.0313  0.0271  0.0282  0.0260  0.0259
  0.0400  0.0402  0.0436  0.0307  0.0237  0.0267  0.0263  0.0278  0.0256  0.0258  0.0249  0.0246
  0.0393  0.0394  0.0413  0.0321  0.0262  0.0249  0.0249  0.0253  0.0246  0.0243  0.0244  0.0241
  0.0395  0.0393  0.0393  0.0367  0.0308  0.0241  0.0244  0.0244  0.0243  0.0243  0.0241  0.0241
  0.0405  0.0397  0.0376  0.0433  0.0362  0.0259  0.0248  0.0248  0.0247  0.0258  0.0242  0.0247
  0.0423  0.0407  0.0365  0.0499  0.0418  0.0300  0.0261  0.0265  0.0256  0.0286  0.0246  0.0255
  0.0448  0.0420  0.0360  0.0549  0.0472  0.0357  0.0283  0.0297  0.0271  0.0326  0.0253  0.0267
niter,ni,del,rscale     7    3    5.0000    1.2000
parameters
    3.5050   -2.2423   11.7692  -11.3789  -14.6525   -6.1280
    3.2149    1.5932   -2.6270   10.3411   -1.3503  -17.1074
eta,q 0.97795 10.53229
  0.0280  0.0315  0.0271  0.0270  0.0252  0.0274  0.0255  0.0267  0.0244  0.0274  0.0235  0.0229
  0.0258  0.0283  0.0253  0.0255  0.0238  0.0260  0.0241  0.0243  0.0234  0.0245  0.0229  0.0222
  0.0245  0.0257  0.0241  0.0243  0.0230  0.0248  0.0231  0.0229  0.0228  0.0229  0.0226  0.0221
  0.0240  0.0240  0.0235  0.0235  0.0241  0.0232  0.0226  0.0226  0.0226  0.0226  0.0226  0.0226
  0.0245  0.0235  0.0235  0.0247  0.0280  0.0222  0.0227  0.0231  0.0228  0.0232  0.0226  0.0233
  0.0259  0.0241  0.0241  0.0300  0.0330  0.0233  0.0234  0.0246  0.0234  0.0248  0.0229  0.0241
  0.0282  0.0257  0.0250  0.0372  0.0385  0.0268  0.0248  0.0273  0.0245  0.0277  0.0234  0.0250
niter,ni,del,rscale     6    3    5.0000    1.2000
parameters
    3.5846   -1.3528   12.3633  -11.3431  -16.1131   -6.1623
    2.9634    1.6491   -2.7890   11.2723   -1.7927  -17.5610
eta,q 0.97827 10.48844
  0.0254  0.0283  0.0253  0.0265  0.0266  0.0265  0.0244  0.0264  0.0237  0.0282  0.0228  0.0236
  0.0236  0.0255  0.0235  0.0245  0.0244  0.0249  0.0230  0.0238  0.0226  0.0248  0.0221  0.0223
  0.0225  0.0234  0.0223  0.0229  0.0225  0.0235  0.0221  0.0222  0.0220  0.0226  0.0218  0.0218
  0.0221  0.0221  0.0216  0.0215  0.0215  0.0218  0.0218  0.0218  0.0218  0.0218  0.0218  0.0218
  0.0223  0.0216  0.0216  0.0207  0.0229  0.0215  0.0221  0.0222  0.0220  0.0221  0.0219  0.0222
  0.0233  0.0221  0.0221  0.0227  0.0270  0.0237  0.0232  0.0236  0.0227  0.0235  0.0224  0.0229
  0.0250  0.0235  0.0231  0.0283  0.0321  0.0282  0.0250  0.0262  0.0239  0.0256  0.0230  0.0238
niter,ni,del,rscale     5    3    5.0000    1.2000
parameters
    3.6532   -1.0024   12.3101  -10.9810  -16.4575   -6.1232
    2.9217    1.7298   -2.9242   11.6471   -1.6965  -17.8147
eta,q 0.97839 10.49483
  0.0249  0.0260  0.0239  0.0268  0.0276  0.0266  0.0245  0.0264  0.0235  0.0273  0.0229  0.0236
  0.0232  0.0238  0.0226  0.0248  0.0253  0.0250  0.0230  0.0237  0.0224  0.0240  0.0221  0.0223
  0.0221  0.0224  0.0218  0.0231  0.0231  0.0235  0.0220  0.0221  0.0218  0.0221  0.0217  0.0217
  0.0217  0.0217  0.0217  0.0217  0.0215  0.0216  0.0216  0.0216  0.0216  0.0216  0.0216  0.0216
  0.0220  0.0218  0.0220  0.0207  0.0217  0.0213  0.0219  0.0221  0.0218  0.0222  0.0218  0.0220
  0.0229  0.0227  0.0228  0.0225  0.0249  0.0235  0.0229  0.0236  0.0225  0.0238  0.0222  0.0227
  0.0246  0.0242  0.0240  0.0277  0.0299  0.0282  0.0247  0.0262  0.0236  0.0260  0.0228  0.0236
niter,ni,del,rscale     4    3    5.0000    1.2000
parameters
    3.6410   -0.9300   12.2575  -10.9352  -16.5188   -6.1172
    2.9872    1.7157   -3.0009   11.7963   -1.6224  -17.9020
eta,q 0.97839 10.49674
  0.0246  0.0250  0.0239  0.0267  0.0278  0.0266  0.0245  0.0263  0.0235  0.0270  0.0229  0.0237
  0.0230  0.0232  0.0226  0.0247  0.0255  0.0251  0.0230  0.0237  0.0224  0.0238  0.0221  0.0224
  0.0220  0.0220  0.0218  0.0231  0.0233  0.0235  0.0220  0.0221  0.0218  0.0220  0.0217  0.0217
  0.0216  0.0216  0.0216  0.0216  0.0216  0.0216  0.0216  0.0216  0.0216  0.0216  0.0216  0.0216
  0.0219  0.0219  0.0220  0.0208  0.0215  0.0214  0.0218  0.0221  0.0218  0.0223  0.0218  0.0220
  0.0230  0.0230  0.0228  0.0229  0.0244  0.0236  0.0228  0.0237  0.0225  0.0239  0.0222  0.0227
  0.0247  0.0247  0.0240  0.0284  0.0294  0.0283  0.0246  0.0264  0.0236  0.0262  0.0228  0.0235
niter,ni,del,rscale     3    3    5.0000    1.2000
parameters
    3.6350   -0.9130   12.2408  -10.9201  -16.5290   -6.1193
    3.0228    1.7021   -3.0304   11.8433   -1.5888  -17.9244
eta,q 0.97839 10.49774
  0.0246  0.0249  0.0240  0.0267  0.0278  0.0266  0.0245  0.0264  0.0235  0.0269  0.0229  0.0237
  0.0230  0.0231  0.0226  0.0247  0.0255  0.0251  0.0230  0.0237  0.0224  0.0237  0.0221  0.0224
  0.0220  0.0220  0.0218  0.0231  0.0233  0.0235  0.0220  0.0221  0.0218  0.0220  0.0217  0.0217
  0.0216  0.0216  0.0216  0.0216  0.0216  0.0216  0.0216  0.0216  0.0216  0.0216  0.0216  0.0216
  0.0219  0.0220  0.0219  0.0208  0.0215  0.0214  0.0219  0.0221  0.0218  0.0224  0.0218  0.0220
  0.0230  0.0230  0.0227  0.0230  0.0243  0.0236  0.0228  0.0237  0.0224  0.0240  0.0222  0.0227
  0.0247  0.0248  0.0239  0.0285  0.0293  0.0283  0.0246  0.0264  0.0235  0.0263  0.0228  0.0235
registration optimization eta report
parameter search radius
    2.4000    2.7600    2.7600    9.5220    9.5220    8.2800
    7.2000    7.2000    7.2000    8.2800    7.2000    7.2000
100000*second partial in parameter space
       53.       42.       31.        7.        8.        8.
        6.        9.        4.        7.        2.        4.
  0.0246  0.0249  0.0240  0.0267  0.0278  0.0266  0.0245  0.0264  0.0235  0.0269  0.0229  0.0237
  0.0230  0.0231  0.0226  0.0247  0.0255  0.0251  0.0230  0.0237  0.0224  0.0237  0.0221  0.0224
  0.0220  0.0220  0.0218  0.0231  0.0233  0.0235  0.0220  0.0221  0.0218  0.0220  0.0217  0.0217
  0.0216  0.0216  0.0216  0.0216  0.0216  0.0216  0.0216  0.0216  0.0216  0.0216  0.0216  0.0216
  0.0219  0.0220  0.0219  0.0208  0.0215  0.0214  0.0219  0.0221  0.0218  0.0224  0.0218  0.0220
  0.0230  0.0230  0.0227  0.0230  0.0243  0.0236  0.0228  0.0237  0.0224  0.0240  0.0222  0.0227
  0.0247  0.0248  0.0239  0.0285  0.0293  0.0283  0.0246  0.0264  0.0235  0.0263  0.0228  0.0235
    3.6350   -0.9130   12.2408  -10.9201  -16.5290   -6.1193
    3.0228    1.7021   -3.0304   11.8433   -1.5888  -17.9244
eta,q 0.97839 10.49774

---------------------------------------------------------------------
imgreg_4dfp /opt/freesurfer/average/711-2C_as_mni_average_305 /opt/freesurfer/average/711-2B_as_mni_average_305_mask talsrcimg_g11 none talsrcimg_to_711-2C_as_mni_average_305_t4 2311
---------------------------------------------------------------------

freesurfer imgreg_4dfp.c
/opt/freesurfer/average/711-2C_as_mni_average_305.4dfp.img
       256       256       256         1
  1.000000  1.000000  1.000000
orientation T byte_order littleendian
Reading image: /opt/freesurfer/average/711-2C_as_mni_average_305.4dfp.img
dimensions:      256       256       256
mmppix:       1.0000   -1.0000   -1.0000
center:     128.0000 -129.0000 -129.0000
/opt/freesurfer/average/711-2B_as_mni_average_305_mask.4dfp.img
       256       256       256         1
  1.000000  1.000000  1.000000
orientation T byte_order littleendian
Reading mask: /opt/freesurfer/average/711-2B_as_mni_average_305_mask.4dfp.img (2306576 pixels)
talsrcimg_g11.4dfp.img
       256       256       256         1
  1.000000  1.000000  1.000000
orientation T byte_order littleendian
Reading image: talsrcimg_g11.4dfp.img
dimensions:      256       256       256
mmppix:       1.0000   -1.0000   -1.0000
center:     128.0000 -129.0000 -129.0000
fimgreg.f
image alignment mode   2311 decimal      907 hex
parameters
    3.6350   -0.9130   12.2408  -10.9201  -16.5290   -6.1193
    3.0228    1.7021   -3.0304   11.8433   -1.5888  -17.9244
eta,q 0.97839 10.49773
niter,ni,del,rscale     5    3    5.0000    0.8000
parameter  4 -0.657432 -> -0.500000 qaram    1.1500
parameters
    3.6526   -0.9291   12.1735   -8.1601  -15.7752   -5.6289
    2.7992    1.8545   -3.1710   12.1081   -1.5158  -17.2495
eta,q 0.97957 10.63692
  0.0230  0.0227  0.0224  0.0239  0.0235  0.0237  0.0222  0.0241  0.0216  0.0230  0.0215  0.0221
  0.0222  0.0221  0.0219  0.0231  0.0224  0.0227  0.0212  0.0222  0.0209  0.0216  0.0209  0.0212
  0.0218  0.0217  0.0217  0.0223  0.0215  0.0216  0.0206  0.0209  0.0205  0.0207  0.0206  0.0206
  0.0216  0.0216  0.0216  0.0216  0.0208  0.0206  0.0204  0.0204  0.0204  0.0204  0.0204  0.0204
  0.0217  0.0217  0.0217  0.0210  0.0205  0.0205  0.0207  0.0208  0.0206  0.0207  0.0205  0.0205
  0.0222  0.0221  0.0220  0.0208  0.0211  0.0215  0.0214  0.0219  0.0210  0.0213  0.0209  0.0208
  0.0230  0.0227  0.0225  0.0214  0.0225  0.0232  0.0226  0.0237  0.0217  0.0224  0.0214  0.0213
niter,ni,del,rscale     5    3    5.0000    0.8000
parameters
    3.5509   -1.0408   12.2608   -9.1897  -15.3625   -5.1713
    3.0438    1.7664   -3.2078   11.8311   -1.4031  -17.0498
eta,q 0.97965 10.63304
  0.0223  0.0216  0.0217  0.0225  0.0231  0.0238  0.0223  0.0234  0.0215  0.0224  0.0214  0.0218
  0.0212  0.0209  0.0210  0.0216  0.0221  0.0227  0.0213  0.0217  0.0209  0.0211  0.0208  0.0209
  0.0206  0.0205  0.0206  0.0208  0.0212  0.0215  0.0206  0.0207  0.0205  0.0205  0.0205  0.0205
  0.0204  0.0204  0.0204  0.0204  0.0206  0.0205  0.0204  0.0204  0.0204  0.0204  0.0203  0.0203
  0.0208  0.0206  0.0205  0.0210  0.0205  0.0205  0.0205  0.0208  0.0205  0.0208  0.0204  0.0205
  0.0216  0.0211  0.0209  0.0229  0.0211  0.0215  0.0210  0.0219  0.0209  0.0216  0.0207  0.0209
  0.0228  0.0220  0.0214  0.0261  0.0227  0.0232  0.0220  0.0236  0.0215  0.0228  0.0213  0.0214
niter,ni,del,rscale     4    3    5.0000    0.7000
parameters
    3.5635   -1.1091   12.4039   -9.2927  -15.3109   -4.9511
    3.0480    1.7445   -3.1719   11.6457   -1.3995  -16.9819
eta,q 0.97969 10.63340
  0.0218  0.0213  0.0214  0.0224  0.0222  0.0231  0.0217  0.0227  0.0212  0.0219  0.0211  0.0214
  0.0210  0.0208  0.0209  0.0216  0.0214  0.0221  0.0209  0.0214  0.0207  0.0209  0.0206  0.0207
  0.0205  0.0204  0.0205  0.0209  0.0208  0.0210  0.0205  0.0206  0.0204  0.0204  0.0204  0.0204
  0.0203  0.0203  0.0203  0.0203  0.0204  0.0203  0.0203  0.0203  0.0203  0.0203  0.0203  0.0203
  0.0205  0.0205  0.0204  0.0203  0.0204  0.0205  0.0205  0.0206  0.0204  0.0206  0.0204  0.0205
  0.0210  0.0209  0.0206  0.0212  0.0211  0.0214  0.0209  0.0214  0.0207  0.0212  0.0206  0.0208
  0.0218  0.0215  0.0211  0.0232  0.0224  0.0229  0.0217  0.0228  0.0212  0.0222  0.0211  0.0212
niter,ni,del,rscale     3    3    5.0000    0.6000
parameters
    3.5691   -1.1285   12.4800   -9.1178  -15.2887   -4.8523
    3.0162    1.7554   -3.1610   11.5807   -1.4195  -16.9373
eta,q 0.97974 10.63991
  0.0214  0.0211  0.0211  0.0220  0.0217  0.0225  0.0213  0.0221  0.0209  0.0215  0.0208  0.0210
  0.0208  0.0207  0.0207  0.0213  0.0211  0.0215  0.0207  0.0211  0.0205  0.0208  0.0205  0.0206
  0.0204  0.0204  0.0204  0.0208  0.0206  0.0207  0.0204  0.0205  0.0203  0.0204  0.0203  0.0203
  0.0203  0.0203  0.0203  0.0203  0.0203  0.0203  0.0203  0.0203  0.0203  0.0203  0.0203  0.0203
  0.0204  0.0204  0.0204  0.0202  0.0203  0.0204  0.0204  0.0205  0.0203  0.0204  0.0203  0.0204
  0.0208  0.0207  0.0206  0.0208  0.0208  0.0212  0.0207  0.0211  0.0205  0.0209  0.0205  0.0206
  0.0214  0.0211  0.0209  0.0221  0.0219  0.0224  0.0213  0.0221  0.0209  0.0216  0.0208  0.0209
niter,ni,del,rscale     2    3    5.0000    0.5000
parameters
    3.5697   -1.1369   12.5112   -8.9213  -15.2287   -4.8023
    3.0067    1.7753   -3.1720   11.5667   -1.4238  -16.8960
eta,q 0.97979 10.64816
  0.0210  0.0208  0.0208  0.0216  0.0213  0.0219  0.0210  0.0216  0.0207  0.0211  0.0206  0.0208
  0.0206  0.0205  0.0205  0.0211  0.0208  0.0211  0.0205  0.0208  0.0204  0.0206  0.0204  0.0205
  0.0203  0.0203  0.0203  0.0206  0.0204  0.0205  0.0203  0.0204  0.0203  0.0203  0.0203  0.0203
  0.0203  0.0203  0.0203  0.0203  0.0202  0.0202  0.0202  0.0202  0.0202  0.0202  0.0202  0.0202
  0.0203  0.0203  0.0203  0.0202  0.0203  0.0204  0.0203  0.0204  0.0203  0.0203  0.0203  0.0203
  0.0206  0.0205  0.0205  0.0206  0.0206  0.0210  0.0205  0.0208  0.0204  0.0206  0.0204  0.0205
  0.0210  0.0208  0.0207  0.0215  0.0213  0.0219  0.0210  0.0216  0.0207  0.0211  0.0206  0.0207
niter,ni,del,rscale     1    3    5.0000    0.4000
parameters
    3.5624   -1.1531   12.5240   -8.7457  -15.1497   -4.7818
    3.0037    1.7877   -3.1718   11.5669   -1.4217  -16.8515
eta,q 0.97981 10.65626
  0.0207  0.0206  0.0205  0.0211  0.0209  0.0213  0.0207  0.0211  0.0205  0.0208  0.0205  0.0206
  0.0204  0.0204  0.0204  0.0208  0.0206  0.0208  0.0204  0.0206  0.0203  0.0204  0.0203  0.0203
  0.0203  0.0203  0.0203  0.0204  0.0203  0.0204  0.0202  0.0203  0.0202  0.0203  0.0202  0.0202
  0.0202  0.0202  0.0202  0.0202  0.0202  0.0202  0.0202  0.0202  0.0202  0.0202  0.0202  0.0202
  0.0203  0.0203  0.0202  0.0202  0.0202  0.0203  0.0202  0.0203  0.0202  0.0203  0.0202  0.0202
  0.0204  0.0204  0.0203  0.0205  0.0204  0.0207  0.0204  0.0206  0.0203  0.0205  0.0203  0.0203
  0.0207  0.0206  0.0205  0.0211  0.0209  0.0213  0.0207  0.0211  0.0205  0.0208  0.0205  0.0205
registration optimization eta report
parameter search radius
    0.8000    0.8000    0.8000    2.7600    2.4000    2.4000
    2.4000    2.4000    2.4000    2.4000    2.4000    2.4000
100000*second partial in parameter space
       80.       58.       50.       12.       12.       20.
        9.       16.        5.       10.        5.        6.
  0.0207  0.0206  0.0205  0.0211  0.0209  0.0213  0.0207  0.0211  0.0205  0.0208  0.0205  0.0206
  0.0204  0.0204  0.0204  0.0208  0.0206  0.0208  0.0204  0.0206  0.0203  0.0204  0.0203  0.0203
  0.0203  0.0203  0.0203  0.0204  0.0203  0.0204  0.0202  0.0203  0.0202  0.0203  0.0202  0.0202
  0.0202  0.0202  0.0202  0.0202  0.0202  0.0202  0.0202  0.0202  0.0202  0.0202  0.0202  0.0202
  0.0203  0.0203  0.0202  0.0202  0.0202  0.0203  0.0202  0.0203  0.0202  0.0203  0.0202  0.0202
  0.0204  0.0204  0.0203  0.0205  0.0204  0.0207  0.0204  0.0206  0.0203  0.0205  0.0203  0.0203
  0.0207  0.0206  0.0205  0.0211  0.0209  0.0213  0.0207  0.0211  0.0205  0.0208  0.0205  0.0205
    3.5624   -1.1531   12.5240   -8.7457  -15.1497   -4.7818
    3.0037    1.7877   -3.1718   11.5669   -1.4217  -16.8515
eta,q 0.97981 10.65626

---------------------------------------------------------------------
imgreg_4dfp /opt/freesurfer/average/711-2C_as_mni_average_305 /opt/freesurfer/average/711-2B_as_mni_average_305_mask talsrcimg_g11 none talsrcimg_to_711-2C_as_mni_average_305_t4 2311
---------------------------------------------------------------------

freesurfer imgreg_4dfp.c
/opt/freesurfer/average/711-2C_as_mni_average_305.4dfp.img
       256       256       256         1
  1.000000  1.000000  1.000000
orientation T byte_order littleendian
Reading image: /opt/freesurfer/average/711-2C_as_mni_average_305.4dfp.img
dimensions:      256       256       256
mmppix:       1.0000   -1.0000   -1.0000
center:     128.0000 -129.0000 -129.0000
/opt/freesurfer/average/711-2B_as_mni_average_305_mask.4dfp.img
       256       256       256         1
  1.000000  1.000000  1.000000
orientation T byte_order littleendian
Reading mask: /opt/freesurfer/average/711-2B_as_mni_average_305_mask.4dfp.img (2306576 pixels)
talsrcimg_g11.4dfp.img
       256       256       256         1
  1.000000  1.000000  1.000000
orientation T byte_order littleendian
Reading image: talsrcimg_g11.4dfp.img
dimensions:      256       256       256
mmppix:       1.0000   -1.0000   -1.0000
center:     128.0000 -129.0000 -129.0000
fimgreg.f
image alignment mode   2311 decimal      907 hex
parameters
    3.5624   -1.1531   12.5240   -8.7457  -15.1497   -4.7818
    3.0037    1.7877   -3.1718   11.5669   -1.4217  -16.8515
eta,q 0.97981 10.65626
niter,ni,del,rscale     5    3    5.0000    0.8000
parameters
    3.5468   -1.1949   12.5331   -9.3627  -15.4818   -4.9383
    3.0844    1.7236   -3.1165   11.4618   -1.4249  -16.9073
eta,q 0.97966 10.62362
  0.0222  0.0216  0.0215  0.0220  0.0224  0.0233  0.0221  0.0233  0.0215  0.0225  0.0213  0.0216
  0.0211  0.0208  0.0208  0.0213  0.0214  0.0222  0.0212  0.0217  0.0209  0.0212  0.0208  0.0208
  0.0204  0.0204  0.0203  0.0206  0.0207  0.0210  0.0206  0.0207  0.0205  0.0205  0.0205  0.0204
  0.0202  0.0202  0.0202  0.0202  0.0203  0.0203  0.0204  0.0204  0.0204  0.0204  0.0204  0.0203
  0.0204  0.0204  0.0203  0.0204  0.0205  0.0207  0.0205  0.0207  0.0205  0.0207  0.0205  0.0206
  0.0211  0.0209  0.0208  0.0217  0.0216  0.0220  0.0211  0.0218  0.0208  0.0214  0.0208  0.0210
  0.0223  0.0218  0.0214  0.0240  0.0235  0.0242  0.0220  0.0235  0.0214  0.0226  0.0213  0.0215
niter,ni,del,rscale     4    3    5.0000    0.7000
parameters
    3.5783   -1.1137   12.5064   -9.1248  -15.4697   -4.9330
    2.9930    1.7465   -3.1401   11.5177   -1.4360  -16.9471
eta,q 0.97972 10.62985
  0.0218  0.0215  0.0212  0.0221  0.0222  0.0229  0.0216  0.0228  0.0212  0.0221  0.0210  0.0213
  0.0210  0.0209  0.0207  0.0214  0.0213  0.0219  0.0209  0.0214  0.0207  0.0210  0.0206  0.0207
  0.0205  0.0205  0.0204  0.0208  0.0207  0.0209  0.0204  0.0206  0.0204  0.0205  0.0204  0.0203
  0.0203  0.0203  0.0203  0.0203  0.0203  0.0203  0.0203  0.0203  0.0203  0.0203  0.0203  0.0203
  0.0205  0.0204  0.0205  0.0202  0.0203  0.0205  0.0205  0.0206  0.0204  0.0205  0.0204  0.0204
  0.0209  0.0207  0.0208  0.0207  0.0210  0.0216  0.0209  0.0214  0.0207  0.0211  0.0206  0.0208
  0.0217  0.0213  0.0213  0.0221  0.0224  0.0232  0.0217  0.0227  0.0212  0.0219  0.0210  0.0212
niter,ni,del,rscale     3    3    5.0000    0.6000
parameters
    3.5735   -1.1135   12.4983   -8.9246  -15.3642   -4.8827
    2.9853    1.7640   -3.1661   11.5610   -1.4302  -16.9174
eta,q 0.97977 10.64104
  0.0214  0.0211  0.0210  0.0217  0.0217  0.0224  0.0213  0.0222  0.0209  0.0216  0.0208  0.0210
  0.0208  0.0206  0.0206  0.0211  0.0211  0.0215  0.0207  0.0211  0.0205  0.0208  0.0205  0.0206
  0.0204  0.0204  0.0204  0.0206  0.0206  0.0207  0.0203  0.0205  0.0203  0.0204  0.0203  0.0203
  0.0203  0.0203  0.0203  0.0203  0.0203  0.0202  0.0202  0.0202  0.0202  0.0202  0.0202  0.0202
  0.0204  0.0204  0.0204  0.0202  0.0203  0.0204  0.0203  0.0204  0.0203  0.0204  0.0203  0.0203
  0.0208  0.0206  0.0206  0.0206  0.0208  0.0212  0.0207  0.0211  0.0205  0.0208  0.0205  0.0206
  0.0214  0.0211  0.0210  0.0217  0.0218  0.0225  0.0213  0.0221  0.0209  0.0215  0.0208  0.0209
niter,ni,del,rscale     2    3    5.0000    0.5000
parameters
    3.5673   -1.1307   12.5033   -8.7655  -15.2560   -4.8332
    2.9999    1.7779   -3.1638   11.5752   -1.4198  -16.8722
eta,q 0.97979 10.65055
  0.0210  0.0208  0.0207  0.0213  0.0213  0.0219  0.0210  0.0216  0.0207  0.0211  0.0206  0.0208
  0.0206  0.0205  0.0205  0.0209  0.0208  0.0211  0.0205  0.0208  0.0204  0.0206  0.0204  0.0204
  0.0203  0.0203  0.0203  0.0205  0.0204  0.0205  0.0203  0.0204  0.0203  0.0203  0.0202  0.0202
  0.0202  0.0202  0.0202  0.0202  0.0202  0.0202  0.0202  0.0202  0.0202  0.0202  0.0202  0.0202
  0.0203  0.0203  0.0203  0.0202  0.0202  0.0204  0.0203  0.0204  0.0203  0.0203  0.0202  0.0203
  0.0206  0.0205  0.0205  0.0205  0.0206  0.0209  0.0205  0.0208  0.0204  0.0206  0.0204  0.0204
  0.0210  0.0208  0.0207  0.0213  0.0213  0.0219  0.0209  0.0216  0.0207  0.0211  0.0206  0.0207
niter,ni,del,rscale     1    3    5.0000    0.4000
parameters
    3.5567   -1.1540   12.5123   -8.6371  -15.1553   -4.8046
    3.0080    1.7877   -3.1712   11.5752   -1.4095  -16.8370
eta,q 0.97982 10.65840
  0.0207  0.0205  0.0205  0.0209  0.0209  0.0213  0.0207  0.0211  0.0205  0.0208  0.0205  0.0205
  0.0204  0.0204  0.0203  0.0206  0.0206  0.0208  0.0204  0.0206  0.0203  0.0204  0.0203  0.0203
  0.0203  0.0202  0.0202  0.0204  0.0203  0.0204  0.0202  0.0203  0.0202  0.0202  0.0202  0.0202
  0.0202  0.0202  0.0202  0.0202  0.0202  0.0202  0.0202  0.0202  0.0202  0.0202  0.0202  0.0202
  0.0203  0.0202  0.0202  0.0202  0.0202  0.0203  0.0202  0.0203  0.0202  0.0203  0.0202  0.0202
  0.0204  0.0204  0.0203  0.0204  0.0204  0.0207  0.0204  0.0206  0.0203  0.0205  0.0203  0.0203
  0.0207  0.0206  0.0205  0.0209  0.0209  0.0213  0.0207  0.0211  0.0205  0.0208  0.0205  0.0205
registration optimization eta report
parameter search radius
    0.8000    0.8000    0.8000    2.4000    2.4000    2.4000
    2.4000    2.4000    2.4000    2.4000    2.4000    2.4000
100000*second partial in parameter space
       81.       58.       50.       12.       12.       20.
        9.       16.        5.       10.        5.        6.
  0.0207  0.0205  0.0205  0.0209  0.0209  0.0213  0.0207  0.0211  0.0205  0.0208  0.0205  0.0205
  0.0204  0.0204  0.0203  0.0206  0.0206  0.0208  0.0204  0.0206  0.0203  0.0204  0.0203  0.0203
  0.0203  0.0202  0.0202  0.0204  0.0203  0.0204  0.0202  0.0203  0.0202  0.0202  0.0202  0.0202
  0.0202  0.0202  0.0202  0.0202  0.0202  0.0202  0.0202  0.0202  0.0202  0.0202  0.0202  0.0202
  0.0203  0.0202  0.0202  0.0202  0.0202  0.0203  0.0202  0.0203  0.0202  0.0203  0.0202  0.0202
  0.0204  0.0204  0.0203  0.0204  0.0204  0.0207  0.0204  0.0206  0.0203  0.0205  0.0203  0.0203
  0.0207  0.0206  0.0205  0.0209  0.0209  0.0213  0.0207  0.0211  0.0205  0.0208  0.0205  0.0205
    3.5567   -1.1540   12.5123   -8.6371  -15.1553   -4.8046
    3.0080    1.7877   -3.1712   11.5752   -1.4095  -16.8370
eta,q 0.97982 10.65840

---------------------------------------------------------------------
compute_vox2vox talsrcimg talsrcimg_to_711-2C_as_mni_average_305_t4 /opt/freesurfer/average/711-2C_as_mni_average_305
---------------------------------------------------------------------

freesurfer compute_vox2vox.c
Reading: talsrcimg.4dfp.ifh
Reading: talsrcimg_to_711-2C_as_mni_average_305_t4
Reading: /opt/freesurfer/average/711-2C_as_mni_average_305.4dfp.ifh
Writing: talsrcimg_to_711-2C_as_mni_average_305_t4_vox2vox.txt

start time Thu Mar 12 18:43:41 CET 2026
end		time Thu Mar 12 18:45:07 CET 2026

mpr2mni305 success

avi2talxfm orig_nu.mgz /opt/freesurfer/average/mni305.cor.mgz talsrcimg_to_711-2C_as_mni_average_305_t4_vox2vox.txt transforms/talairach.auto.xfm
avi2talxfm done
mv -f /out/sourcedata/freesurfer/sub-v1s20x0050361_ses-1/mri/talsrcimg_to_711-2C_as_mni_average_305_t4_vox2vox.txt /out/sourcedata/freesurfer/sub-v1s20x0050361_ses-1/mri/transforms/talsrcimg_to_711-2C_as_mni_average_305_t4_vox2vox.txt
lta_convert --src orig_nu.mgz --trg /opt/freesurfer/average/mni305.cor.mgz --inxfm transforms/talairach.auto.xfm --outlta transforms/talairach.auto.xfm.lta --subject fsaverage
7.3.2

--src: orig_nu.mgz src image (geometry).
--trg: /opt/freesurfer/average/mni305.cor.mgz trg image (geometry).
--inmni: transforms/talairach.auto.xfm input MNI/XFM transform.
--outlta: transforms/talairach.auto.xfm.lta output LTA.
--s: fsaverage subject name
 LTA read, type : 1
 1.09285  -0.01544  -0.04181  -4.27951;
 0.02285   1.02540   0.20267  -13.30598;
 0.03773  -0.14047   1.14941   2.17183;
 0.00000   0.00000   0.00000   1.00000;
setting subject to fsaverage
Writing  LTA to file transforms/talairach.auto.xfm.lta...
lta_convert successful.
 
 
Started at Thu Mar 12 18:43:40 CET 2026
Ended   at Thu Mar 12 18:45:08 CET 2026
talairach_avi done
