status file for recon-all
Thu Mar 12 19:21:14 CET 2026
#@# MotionCor Thu Mar 12 19:21:15 CET 2026
#@# Talairach Thu Mar 12 19:21:24 CET 2026
#@# Talairach Failure Detection Thu Mar 12 19:25:51 CET 2026
#@# Nu Intensity Correction Thu Mar 12 19:25:51 CET 2026
#@# Intensity Normalization Thu Mar 12 19:29:06 CET 2026
recon-all -s sub-v1s20x0050379_ses-1 finished without error at Thu Mar 12 19:30:33 CET 2026



#New# invocation of recon-all 



status file for recon-all
Thu Mar 12 19:37:28 CET 2026
#@# EM Registration Thu Mar 12 19:37:28 CET 2026
recon-all -s sub-v1s20x0050379_ses-1 finished without error at Thu Mar 12 19:39:40 CET 2026



#New# invocation of recon-all 



status file for recon-all
Thu Mar 12 19:39:43 CET 2026
#@# CA Normalize Thu Mar 12 19:39:43 CET 2026
#@# CA Reg Thu Mar 12 19:41:01 CET 2026
#@# SubCort Seg Thu Mar 12 20:30:28 CET 2026
#@# CC Seg Thu Mar 12 20:59:52 CET 2026
#@# Merge ASeg Thu Mar 12 21:00:49 CET 2026
#@# Intensity Normalization2 Thu Mar 12 21:00:49 CET 2026
#@# Mask BFS Thu Mar 12 21:02:59 CET 2026
#@# WM Segmentation Thu Mar 12 21:03:00 CET 2026
#@# Fill Thu Mar 12 21:05:00 CET 2026
recon-all -s sub-v1s20x0050379_ses-1 finished without error at Thu Mar 12 21:06:04 CET 2026



#New# invocation of recon-all 



status file for recon-all
Thu Mar 12 21:55:27 CET 2026
#@# white curv lh Thu Mar 12 21:55:27 CET 2026
#@# white area lh Thu Mar 12 21:55:27 CET 2026
#@# pial curv lh Thu Mar 12 21:55:27 CET 2026
#@# pial area lh Thu Mar 12 21:55:27 CET 2026
#@# thickness lh Thu Mar 12 21:55:27 CET 2026
#@# area and vertex vol lh Thu Mar 12 21:55:27 CET 2026
#@# white curv rh Thu Mar 12 21:55:27 CET 2026
#@# white area rh Thu Mar 12 21:55:27 CET 2026
#@# pial curv rh Thu Mar 12 21:55:27 CET 2026
#@# pial area rh Thu Mar 12 21:55:27 CET 2026
#@# thickness rh Thu Mar 12 21:55:27 CET 2026
#@# area and vertex vol rh Thu Mar 12 21:55:27 CET 2026
#@# Cortical ribbon mask Thu Mar 12 21:55:27 CET 2026
recon-all -s sub-v1s20x0050379_ses-1 finished without error at Thu Mar 12 21:58:48 CET 2026



#New# invocation of recon-all 



status file for recon-all
Thu Mar 12 22:05:44 CET 2026
#@# white curv lh Thu Mar 12 22:05:44 CET 2026
#@# white area lh Thu Mar 12 22:05:44 CET 2026
#@# pial curv lh Thu Mar 12 22:05:44 CET 2026
#@# pial area lh Thu Mar 12 22:05:44 CET 2026
#@# thickness lh Thu Mar 12 22:05:44 CET 2026
#@# area and vertex vol lh Thu Mar 12 22:05:44 CET 2026
#@# white curv rh Thu Mar 12 22:05:44 CET 2026
#@# white area rh Thu Mar 12 22:05:44 CET 2026
#@# pial curv rh Thu Mar 12 22:05:44 CET 2026
#@# pial area rh Thu Mar 12 22:05:44 CET 2026
#@# thickness rh Thu Mar 12 22:05:44 CET 2026
#@# area and vertex vol rh Thu Mar 12 22:05:44 CET 2026
#@# Curvature Stats lh Thu Mar 12 22:05:44 CET 2026
#@# Curvature Stats rh Thu Mar 12 22:05:46 CET 2026
#@# Relabel Hypointensities Thu Mar 12 22:05:49 CET 2026
#@# APas-to-ASeg Thu Mar 12 22:06:04 CET 2026
#@# AParc-to-ASeg aparc Thu Mar 12 22:06:13 CET 2026
#@# AParc-to-ASeg aparc.a2009s Thu Mar 12 22:06:40 CET 2026
#@# AParc-to-ASeg aparc.DKTatlas Thu Mar 12 22:07:14 CET 2026
#@# WMParc Thu Mar 12 22:07:46 CET 2026
#@# ASeg Stats Thu Mar 12 22:11:27 CET 2026
recon-all -s sub-v1s20x0050379_ses-1 finished without error at Thu Mar 12 22:12:13 CET 2026
