status file for recon-all
Thu Mar 12 21:31:48 CET 2026
#@# Tessellate rh Thu Mar 12 21:31:48 CET 2026
#@# Smooth1 rh Thu Mar 12 21:31:52 CET 2026
#@# Inflation1 rh Thu Mar 12 21:31:55 CET 2026
#@# QSphere rh Thu Mar 12 21:32:08 CET 2026
#@# Fix Topology rh Thu Mar 12 21:33:26 CET 2026
#@# Smooth2 rh Thu Mar 12 21:39:09 CET 2026
#@# Inflation2 rh Thu Mar 12 21:39:12 CET 2026
#@# Curv .H and .K rh Thu Mar 12 21:39:26 CET 2026
#@# Sphere rh Thu Mar 12 21:40:09 CET 2026
#@# Surf Reg rh Thu Mar 12 21:43:58 CET 2026
#@# Jacobian white rh Thu Mar 12 21:48:01 CET 2026
#@# AvgCurv rh Thu Mar 12 21:48:02 CET 2026
#@# Cortical Parc rh Thu Mar 12 21:48:03 CET 2026
#@# white curv rh Thu Mar 12 21:54:20 CET 2026
#@# white area rh Thu Mar 12 21:54:22 CET 2026
#@# pial curv rh Thu Mar 12 21:54:23 CET 2026
#@# pial area rh Thu Mar 12 21:54:25 CET 2026
#@# thickness rh Thu Mar 12 21:54:25 CET 2026
#@# area and vertex vol rh Thu Mar 12 21:54:53 CET 2026
#@# Curvature Stats rh Thu Mar 12 21:54:54 CET 2026
#@# Cortical Parc 2 rh Thu Mar 12 21:54:57 CET 2026
#@# Cortical Parc 3 rh Thu Mar 12 21:55:10 CET 2026
#@# WM/GM Contrast rh Thu Mar 12 21:55:20 CET 2026
recon-all -s sub-v1s20x0050379_ses-1 finished without error at Thu Mar 12 21:55:23 CET 2026



#New# invocation of recon-all 



status file for recon-all
Thu Mar 12 22:02:17 CET 2026
#@# white curv rh Thu Mar 12 22:02:17 CET 2026
#@# white area rh Thu Mar 12 22:02:17 CET 2026
#@# pial curv rh Thu Mar 12 22:02:17 CET 2026
#@# pial area rh Thu Mar 12 22:02:17 CET 2026
#@# thickness rh Thu Mar 12 22:02:17 CET 2026
#@# area and vertex vol rh Thu Mar 12 22:02:17 CET 2026
#@# Parcellation Stats rh Thu Mar 12 22:02:17 CET 2026
#@# Parcellation Stats 2 rh Thu Mar 12 22:02:36 CET 2026
#@# Parcellation Stats 3 rh Thu Mar 12 22:02:49 CET 2026
#@# BA_exvivo Labels rh Thu Mar 12 22:02:59 CET 2026
recon-all -s sub-v1s20x0050379_ses-1 finished without error at Thu Mar 12 22:05:40 CET 2026
