status file for recon-all
Mon Mar  9 09:46:57 CET 2026
#@# Tessellate lh Mon Mar  9 09:46:57 CET 2026
#@# Smooth1 lh Mon Mar  9 09:47:01 CET 2026
#@# Inflation1 lh Mon Mar  9 09:47:04 CET 2026
#@# QSphere lh Mon Mar  9 09:47:18 CET 2026
#@# Fix Topology lh Mon Mar  9 09:48:33 CET 2026
#@# Smooth2 lh Mon Mar  9 10:03:38 CET 2026
#@# Inflation2 lh Mon Mar  9 10:03:40 CET 2026
#@# Curv .H and .K lh Mon Mar  9 10:03:54 CET 2026
#@# Sphere lh Mon Mar  9 10:04:32 CET 2026
#@# Surf Reg lh Mon Mar  9 10:12:28 CET 2026
#@# Jacobian white lh Mon Mar  9 10:18:50 CET 2026
#@# AvgCurv lh Mon Mar  9 10:18:50 CET 2026
#@# Cortical Parc lh Mon Mar  9 10:18:51 CET 2026
#@# white curv lh Mon Mar  9 10:25:26 CET 2026
#@# white area lh Mon Mar  9 10:25:28 CET 2026
#@# pial curv lh Mon Mar  9 10:25:28 CET 2026
#@# pial area lh Mon Mar  9 10:25:30 CET 2026
#@# thickness lh Mon Mar  9 10:25:31 CET 2026
#@# area and vertex vol lh Mon Mar  9 10:25:56 CET 2026
#@# Curvature Stats lh Mon Mar  9 10:25:57 CET 2026
#@# Cortical Parc 2 lh Mon Mar  9 10:26:00 CET 2026
#@# Cortical Parc 3 lh Mon Mar  9 10:26:12 CET 2026
#@# WM/GM Contrast lh Mon Mar  9 10:26:20 CET 2026
recon-all -s sub-v1s20x0050322_ses-1 finished without error at Mon Mar  9 10:26:24 CET 2026



#New# invocation of recon-all 



status file for recon-all
Mon Mar  9 11:09:48 CET 2026
#@# white curv lh Mon Mar  9 11:09:48 CET 2026
#@# white area lh Mon Mar  9 11:09:48 CET 2026
#@# pial curv lh Mon Mar  9 11:09:48 CET 2026
#@# pial area lh Mon Mar  9 11:09:48 CET 2026
#@# thickness lh Mon Mar  9 11:09:48 CET 2026
#@# area and vertex vol lh Mon Mar  9 11:09:48 CET 2026
#@# Parcellation Stats lh Mon Mar  9 11:09:48 CET 2026
#@# Parcellation Stats 2 lh Mon Mar  9 11:10:01 CET 2026
#@# Parcellation Stats 3 lh Mon Mar  9 11:10:09 CET 2026
#@# BA_exvivo Labels lh Mon Mar  9 11:10:15 CET 2026
recon-all -s sub-v1s20x0050322_ses-1 finished without error at Mon Mar  9 11:12:36 CET 2026
