1773048317.07330527s 1 3026c4c0-60d0-4ace-b6c5-1d223cc3b52e
1773048323.552580956s 1 9b42a4e0-6f02-494f-aa47-708cb74d384a
1773048323.568475728s 1 9b42a4e0-6f02-494f-aa47-708cb74d384a
1773048891.576608159s 1 f5cc38bd-7d15-4f9a-9360-98d2c9292c82
1773048897.801565659s 1 9b42a4e0-6f02-494f-aa47-708cb74d384a
1773049933.451797171s 1 26689ef0-3fc4-4197-bb90-1b28ea4bcabc
1773049940.000681406s 1 9b42a4e0-6f02-494f-aa47-708cb74d384a
1773051186.805881544s 1 34dc3f18-ca2a-4ddb-98db-1dab78e1659f
1773051194.110875912s 1 9b42a4e0-6f02-494f-aa47-708cb74d384a
1773051222.856780233s 1 35ed23ef-a10f-4afe-9e91-11429c6c19a9
1773051229.151142866s 1 9b42a4e0-6f02-494f-aa47-708cb74d384a
1773051466.573886363s 1 3a14d551-7bad-4204-92c9-33e9ef91666d
1773051472.651824911s 1 9b42a4e0-6f02-494f-aa47-708cb74d384a
1773051630.487421722s 1 0dfeaaf7-e2cc-476d-a293-04c008ffe3cd
1773051636.568213994s 1 9b42a4e0-6f02-494f-aa47-708cb74d384a
1773051665.499081805s 1 46cb2eb3-cdd3-4855-a92d-8d075e1d2f4c
1773051672.013833503s 1 9b42a4e0-6f02-494f-aa47-708cb74d384a
1773052110.539531989s 1 f6b4878f-b8e3-4c07-9d73-90ece050d2db
1773052116.446748872s 1 9b42a4e0-6f02-494f-aa47-708cb74d384a
1773052174.07295878s 1 b94d7594-f177-424a-b0d8-a0bdfd3c2ed5
1773052181.107290203s 1 9b42a4e0-6f02-494f-aa47-708cb74d384a
1773052193.115653952s 1 094961a5-6ff7-45f3-b5aa-009c30ca97ac
1773052199.53609662s 1 9b42a4e0-6f02-494f-aa47-708cb74d384a
1773052468.556469647s 1 c41ecd85-26de-4a23-bfd5-519ed251e9ab
1773052475.457640351s 1 9b42a4e0-6f02-494f-aa47-708cb74d384a
1773052497.99873377s 1 adcfcd0f-0b98-4c0a-977e-3464e021369f
1773052504.625087295s 1 9b42a4e0-6f02-494f-aa47-708cb74d384a
1773052515.942211133s 1 3431ea66-16e8-4751-bdd7-3b0767d1b319
1773052523.646265914s 1 9b42a4e0-6f02-494f-aa47-708cb74d384a
1773052630.48530763s 1 fe51989f-bd73-4356-a118-abc61a548afc
1773052637.020176804s 1 9b42a4e0-6f02-494f-aa47-708cb74d384a
1773053245.361109512s 1 471d34cd-23e0-40c3-a855-fe91761d0118
1773053252.550015485s 1 9b42a4e0-6f02-494f-aa47-708cb74d384a
1773053290.059757367s 1 816b35d6-ef26-408e-99cb-3e9f1271b5ed
1773053299.499292689s 1 9b42a4e0-6f02-494f-aa47-708cb74d384a
1773053446.872130261s 1 5f1bd081-16ec-4a6f-a18a-1f8bae7882f1
1773053454.729673831s 1 9b42a4e0-6f02-494f-aa47-708cb74d384a
1773053835.427362049s 1 00d3a322-1ded-45e1-8ef5-6bb0cb06e6e1
1773053841.878035868s 1 9b42a4e0-6f02-494f-aa47-708cb74d384a
1773054138.882502563s 1 850e0207-2a3b-4908-af83-6e76d51b2bfb
1773054145.513968141s 1 9b42a4e0-6f02-494f-aa47-708cb74d384a
1773054236.308134503s 1 1eb16724-fcd7-498d-abcb-dc1943d47a84
1773054243.167963255s 1 9b42a4e0-6f02-494f-aa47-708cb74d384a
1773054248.90445854s 1 1484bd36-a58b-410e-af11-8a3198ff6cee
1773054255.875413036s 1 9b42a4e0-6f02-494f-aa47-708cb74d384a
1773054616.344695066s 1 5ac94b35-4c46-472a-bfac-01058cb653ab
1773054622.540236444s 1 9b42a4e0-6f02-494f-aa47-708cb74d384a
1773054634.885161147s 1 807b39be-ee4f-41fd-b613-fe62f94e4d0d
1773054642.36811274s 1 9b42a4e0-6f02-494f-aa47-708cb74d384a
1773054850.358195553s 1 73bebd32-f6da-4614-97a3-45c19cf592e8
1773054857.064060095s 1 9b42a4e0-6f02-494f-aa47-708cb74d384a
1773055043.471161746s 1 a2234f69-29c6-48f6-bf61-3b443bd98399
1773055050.355194583s 1 9b42a4e0-6f02-494f-aa47-708cb74d384a
1773055072.148540123s 1 f6c23a53-5cc6-4f9e-ab37-153c84b1ac29
1773055078.779800579s 1 9b42a4e0-6f02-494f-aa47-708cb74d384a
1773055147.054818945s 1 978eb260-91ed-4ac1-b332-40f13990b22b
1773055153.980925261s 1 9b42a4e0-6f02-494f-aa47-708cb74d384a
1773055335.164785446s 1 00d6ab9d-68e0-4b2e-879e-df8c47515eca
1773055343.548316999s 1 9b42a4e0-6f02-494f-aa47-708cb74d384a
1773055490.454162078s 1 6fa5b3ec-f98c-453b-889e-afaf58fe593b
1773055496.935197875s 1 9b42a4e0-6f02-494f-aa47-708cb74d384a
1773055823.190383847s 1 ab0a0fef-bb8c-4466-84e5-0cc31b42557d
1773055829.621123538s 1 9b42a4e0-6f02-494f-aa47-708cb74d384a
1773055925.218026707s 1 19e4b16f-9f18-4e24-8717-360099fc960f
1773055932.193096511s 1 9b42a4e0-6f02-494f-aa47-708cb74d384a
1773056383.812707649s 1 551cbf30-9d42-4b7a-9687-215dcc49ae79
1773056390.399901971s 1 9b42a4e0-6f02-494f-aa47-708cb74d384a
1773056473.727662301s 1 9f4bb996-a1bf-452b-a384-4ddc914cc36e
1773056480.923652084s 1 9b42a4e0-6f02-494f-aa47-708cb74d384a
1773056487.590358785s 1 56916486-196f-40fd-ad7b-af79aa4efe67
1773056495.372245811s 1 9b42a4e0-6f02-494f-aa47-708cb74d384a
1773056760.972061419s 1 47da5c71-e68a-4b72-93cb-9888b047c244
1773056767.883694238s 1 9b42a4e0-6f02-494f-aa47-708cb74d384a
1773125836.764322614s 1 083ab683-a7d8-4ae9-ad29-aa0704c651cc
1773334284.624422047s 1 a180eea8-1135-422d-bd48-b7e12bb3b035
1773334397.12231963s 1 5541e910-d4c3-40a2-a367-309882cbad8e
1773335117.535855104s 1 a4f8d3df-ee10-4cf0-995a-847cf22458e2
1773335172.939102624s 1 54cdc91b-4c0f-4684-a4fa-630daeb4863a
1773335358.244271429s 1 4ff871c1-0045-490b-a634-5139d727cf62
1773336407.222408272s 1 b47a4d07-281e-4f5b-8562-619ce0694215
1773336567.558455682s 1 204e4f46-0554-4dc0-8f4e-1bc9f530a460
1773337153.026467826s 1 638d5d74-26fb-46ed-bb18-7245f0cf922e
1773337673.760899329s 1 4c206488-cbed-4f70-a9cb-6317f8fad1af
1773338019.984410728s 1 1b9029e0-5860-4ebf-8ff8-9fb0743ab2f1
1773338431.873621697s 1 b46c0780-88db-4549-a865-f9d753a9505c
1773338580.938149411s 1 6e0d1e3f-2284-48f2-905a-0956d4f0b33a
1773338605.167558976s 1 132fda0a-6d82-4ee1-8ff8-d5b4cfe6f77b
1773338653.981393127s 1 164d51e2-ec5b-4bb8-b8cb-b657eb1b49c3
1773338769.364186639s 1 3644b4b2-5b49-4448-b793-9167402be77a
1773338776.069884057s 1 206a5a74-ec65-4bdc-aeb5-37cc0b113b26
1773339279.491019523s 1 83e00886-6190-477c-932e-70c4049b5c32
1773339707.823421802s 1 9813e7ff-2c29-4a29-abaa-b9919c50d420
1773339794.109597088s 1 ddf8b355-6d65-4271-8ccd-b466ba12dafe
1773339920.110198892s 1 9a31b8ee-2768-465f-bd04-0a5738138f61
1773340068.346886007s 1 bdf49ee5-83e3-4409-a9d1-da445b61dd09
1773340473.110972914s 1 3dd4d19a-66aa-4a47-980e-50708c20b807
1773340619.132719784s 1 5edac183-0544-4673-8765-1e295389217f
1773340633.615753834s 1 d35262fa-d4ab-41bc-9a6c-5c08eaab2898
1773340812.456659033s 1 4b557df0-8301-4b66-bfe5-755780484641
1773340826.234905592s 1 35afed0d-9ac8-4463-b445-472cd2d5924a
1773340983.78832373s 1 e7b18755-db95-4806-b7be-2e68601879c4
1773341152.28166184s 1 435d0991-96ec-48c2-b534-f46049c9b9d6
1773341170.039132786s 1 343eb660-798c-4c4a-a1d6-d86c790f2c14
1773342121.229778334s 1 387fc3ec-9fae-4abe-8576-e9f803b1477e
1773342381.722898079s 1 bf3e2805-1a41-4723-a43e-9aea09f20a94
1773342392.625624099s 1 dbe4f2f7-4c42-4353-a4a4-a72afc46c164
1773343504.036347924s 1 29c5d72c-564e-411a-b413-8d25b5586c42
1773344436.760895346s 1 dcb69bbf-130e-4e21-aa64-a3ce808c5437
1773345077.896511834s 1 f09eab28-501f-4a05-a138-4376e1bee171
1773346570.842122337s 1 01281023-5ce3-4560-9eca-ae223227dc28
1773347543.939292045s 1 e5fe9e5f-b232-4cec-8ef5-de6cfd737620
1773348436.88056925s 1 7da9fccc-86d6-40b9-baf1-d38fbc5d0b94
1773348533.221441564s 1 221b0dee-fc7d-4303-a5ff-72b7c51571b5
1773348893.829853484s 1 991879c6-d42d-49bc-a4d3-6567fe48de8f
1773349576.228020765s 1 eff62fd4-edfb-496e-9ed2-02119943db53
1773349927.426320107s 1 1f93bf32-5fd7-4fa4-9822-6c6bdbbb5b0b
1773349944.833720511s 1 7b0b0f04-4cae-407d-8026-3eba09083318
1773350178.046951721s 1 c5e056c2-38a6-485a-b345-4477e97ece23
1773350433.214365613s 1 2569d2f9-46a2-468c-8f6c-d9b310f09a6a
1773350438.132076238s 1 40f38e03-7a30-40fe-b846-a308a9e6390c
1773350723.163991057s 1 c33b8b1f-d86e-4b30-8f2b-0395e582243b
1773350912.321998272s 1 87c60918-1b4e-491d-9c50-92cb3e04e6ba
1773351039.032134359s 1 d625e157-97de-4907-ac86-e7a2151b0d0d
1773351045.102860339s 1 fee1b523-bc3f-4d97-a90e-6bc98389a918
1773351183.528189292s 1 8018156e-83d1-48c2-a95a-f2582b14dd83
1773351244.036385202s 1 d02c4a07-92cd-424f-9c19-415469a01266
1773351375.01456645s 1 d8109512-d60a-4abb-a74a-0e674a5d07e1
1773351409.73822896s 1 6c2384fe-1287-4b1c-b966-05c6ebef44dd
1773351677.003079052s 1 c7821681-5e79-4516-b0ff-6bd1b5571412
1773351968.440024154s 1 77981e07-714e-4ee2-aac0-8320a2bcd620
1773352045.188156729s 1 6e2ecedf-9d0c-4f21-99f2-50c16aeb44c3
1773352241.396555993s 1 a76dbf80-c9bd-42fc-953e-6526a056e3d5
1773352450.176240481s 1 39f11912-b3bf-4eeb-9ca5-50b49414d43e
1773352534.586221069s 1 31a85c14-b9b5-4ccf-a18c-9ac742ec77e8
1773352605.1565512s 1 94e16597-94c4-410c-b904-1d9f903f1e7a
