/out/sourcedata/freesurfer/sub-v1s20x0050335_ses-1/mri
/opt/freesurfer/bin/talairach_avi
--i orig_nu.mgz --xfm transforms/talairach.auto.xfm
talairach_avi 7.3.2
Linux dna030 5.14.0-427.37.1.el9_4.x86_64 #1 SMP PREEMPT_DYNAMIC Fri Sep 13 12:41:50 EDT 2024 x86_64 x86_64 x86_64 GNU/Linux
Mon Mar  9 08:39:46 CET 2026
mri_convert orig_nu.mgz talsrcimg.img 
reading from orig_nu.mgz...
TR=0.00, TE=0.00, TI=0.00, flip angle=0.00
i_ras = (-1, 0, 0)
j_ras = (0, 0, -1)
k_ras = (0, 1, 0)
writing to talsrcimg.img...
Analyze Output Matrix
-1.00000   0.00000   0.00000   129.50778;
 0.00000   0.00000   1.00000  -128.49219;
 0.00000  -1.00000   0.00000   129.70001;
 0.00000   0.00000   0.00000   1.00000;
--------------------
INFO: set hdr.hist.orient to -1
mpr2mni305 talsrcimg
Mon Mar  9 08:39:46 CET 2026
/opt/freesurfer/bin/mpr2mni305 talsrcimg
mpr2mni305 7.3.2
target=711-2C_as_mni_average_305

---------------------------------------------------------------------
analyzeto4dfp talsrcimg -O0 -y
---------------------------------------------------------------------

freesurfer ifh2hdr.c
Mon Mar  9 08:39:47 2026
Writing: talsrcimg.4dfp.hdr
freesurfer analyzeto4dfp.c
Reading: talsrcimg.hdr
header size 348 bytes
hdr.dime.datatype	offset=70	value=2
hdr.dime.bitpix		offset=72	value=8
hdr.hist.orient		offset=252	value=-1
dimensionality     4
dimensions       256       256       256         1
Reading: talsrcimg.img
Writing: talsrcimg.4dfp.img
Writing: talsrcimg.4dfp.ifh
ifh2hdr talsrcimg -r0to237
ori=2

---------------------------------------------------------------------
gauss_4dfp talsrcimg 1.1
---------------------------------------------------------------------

freesurfer gauss_4dfp.c
Reading: talsrcimg.4dfp.img
Writing: talsrcimg_g11.4dfp.img
image dimensions 256 256 256 padded to 288 288 288
processing volume 1freesurfer ifh2hdr.c
Mon Mar  9 08:39:48 2026
Writing: talsrcimg_g11.4dfp.hdr

Writing: talsrcimg_g11.4dfp.ifh
including: talsrcimg.4dfp.img.rec in talsrcimg_g11.4dfp.img.rec

---------------------------------------------------------------------
imgreg_4dfp /opt/freesurfer/average/711-2C_as_mni_average_305 none talsrcimg_g11 none talsrcimg_to_711-2C_as_mni_average_305_t4 4355
---------------------------------------------------------------------

freesurfer imgreg_4dfp.c
/opt/freesurfer/average/711-2C_as_mni_average_305.4dfp.img
       256       256       256         1
  1.000000  1.000000  1.000000
orientation T byte_order littleendian
Reading image: /opt/freesurfer/average/711-2C_as_mni_average_305.4dfp.img
dimensions:      256       256       256
mmppix:       1.0000   -1.0000   -1.0000
center:     128.0000 -129.0000 -129.0000
talsrcimg_g11.4dfp.img
       256       256       256         1
  1.000000  1.000000  1.000000
orientation T byte_order littleendian
Reading image: talsrcimg_g11.4dfp.img
dimensions:      256       256       256
mmppix:       1.0000   -1.0000   -1.0000
center:     128.0000 -129.0000 -129.0000
t4_read: open error in t4_sub.f l:  41 t4_file(1:l)talsrcimg_to_711-2C_as_mni_average_305_t4 
t4_read: transform initialized to I4
rotation matrix determinant  1.000000
image alignment mode   4355 decimal     1103 hex
   -7.5000  -45.0000  -45.0000 8359.4824   18.2373
    0.0000  -45.0000  -45.0000 8554.9922   18.2536
    7.5000  -45.0000  -45.0000 8093.1265   18.2729
   -7.5000  -37.5000  -45.0000 8952.6299   18.2250
    0.0000  -37.5000  -45.0000 9151.8506   18.2298
    7.5000  -37.5000  -45.0000 8657.0215   18.2530
   -7.5000  -30.0000  -45.0000 9796.9033   18.1904
    0.0000  -30.0000  -45.0000 9998.8701   18.1902
    7.5000  -30.0000  -45.0000 9458.6592   18.2155
   -7.5000  -22.5000  -45.000010538.0850   18.1711
    0.0000  -22.5000  -45.000010754.0469   18.1793
    7.5000  -22.5000  -45.000010153.4229   18.2033
   -7.5000  -15.0000  -45.000011165.0430   18.1780
    0.0000  -15.0000  -45.000011421.2412   18.1978
    7.5000  -15.0000  -45.000010759.0195   18.2189
   -7.5000   -7.5000  -45.000011817.3213   18.2094
    0.0000   -7.5000  -45.000012083.8418   18.2323
    7.5000   -7.5000  -45.000011378.7930   18.2509
   -7.5000    0.0000  -45.000012414.1270   18.2373
    0.0000    0.0000  -45.000012679.0811   18.2536
    7.5000    0.0000  -45.000011947.3320   18.2729
   -7.5000    7.5000  -45.000012106.9102   18.2250
    0.0000    7.5000  -45.000012337.2881   18.2298
    7.5000    7.5000  -45.000011657.5801   18.2530
   -7.5000   15.0000  -45.000011711.2471   18.1904
    0.0000   15.0000  -45.000011897.6094   18.1902
    7.5000   15.0000  -45.000011233.7998   18.2155
   -7.5000   22.5000  -45.000011020.9062   18.1686
    0.0000   22.5000  -45.000011199.0049   18.1768
    7.5000   22.5000  -45.000010572.3389   18.2008
   -7.5000   30.0000  -45.000010077.8076   17.9357
    0.0000   30.0000  -45.000010231.6211   17.9552
    7.5000   30.0000  -45.0000 9659.2598   17.9761
   -7.5000   37.5000  -45.0000 9502.5869   17.9668
    0.0000   37.5000  -45.0000 9648.5400   17.9893
    7.5000   37.5000  -45.0000 9087.3652   18.0077
   -7.5000   45.0000  -45.0000 8649.1045   17.5373
    0.0000   45.0000  -45.0000 8754.5166   17.5530
    7.5000   45.0000  -45.0000 8254.3281   17.5716
   -7.5000  -45.0000  -37.5000 8927.7617   18.2445
    0.0000  -45.0000  -37.5000 9133.2432   18.2609
    7.5000  -45.0000  -37.5000 8625.4150   18.2739
   -7.5000  -37.5000  -37.5000 9546.9014   18.2324
    0.0000  -37.5000  -37.5000 9765.8682   18.2389
    7.5000  -37.5000  -37.5000 9197.2305   18.2529
   -7.5000  -30.0000  -37.500010449.1768   18.2000
    0.0000  -30.0000  -37.500010692.0059   18.2003
    7.5000  -30.0000  -37.500010061.5752   18.2133
   -7.5000  -22.5000  -37.500011230.4150   18.1819
    0.0000  -22.5000  -37.500011509.5605   18.1875
    7.5000  -22.5000  -37.500010798.9473   18.1993
   -7.5000  -15.0000  -37.500011913.8184   18.1876
    0.0000  -15.0000  -37.500012197.0342   18.2031
    7.5000  -15.0000  -37.500011448.9775   18.2149
   -7.5000   -7.5000  -37.500012547.7969   18.2177
    0.0000   -7.5000  -37.500012845.3311   18.2378
    7.5000   -7.5000  -37.500012059.1240   18.2499
   -7.5000    0.0000  -37.500013136.7637   18.2445
    0.0000    0.0000  -37.500013455.9395   18.2609
    7.5000    0.0000  -37.500012625.5928   18.2739
   -7.5000    7.5000  -37.500012813.9873   18.2324
    0.0000    7.5000  -37.500013095.8408   18.2389
    7.5000    7.5000  -37.500012306.6670   18.2529
   -7.5000   15.0000  -37.500012371.6250   18.2000
    0.0000   15.0000  -37.500012615.8936   18.2003
    7.5000   15.0000  -37.500011860.1699   18.2133
   -7.5000   22.5000  -37.500011657.9062   18.1794
    0.0000   22.5000  -37.500011879.8770   18.1850
    7.5000   22.5000  -37.500011181.1514   18.1968
   -7.5000   30.0000  -37.500010615.2656   17.9452
    0.0000   30.0000  -37.500010833.9756   17.9605
    7.5000   30.0000  -37.500010210.6367   17.9721
   -7.5000   37.5000  -37.5000 9970.9229   17.9750
    0.0000   37.5000  -37.500010158.9863   17.9947
    7.5000   37.5000  -37.5000 9603.6035   18.0067
   -7.5000   45.0000  -37.5000 9049.6445   17.5443
    0.0000   45.0000  -37.5000 9209.9307   17.5600
    7.5000   45.0000  -37.5000 8695.7441   17.5725
   -7.5000  -45.0000  -30.0000 9648.4639   18.9904
    0.0000  -45.0000  -30.0000 9890.5908   19.0064
    7.5000  -45.0000  -30.0000 9315.6982   19.0114
   -7.5000  -37.5000  -30.000010284.1406   18.9840
    0.0000  -37.5000  -30.000010551.5703   18.9920
    7.5000  -37.5000  -30.0000 9924.8467   18.9957
   -7.5000  -30.0000  -30.000011262.7900   18.9590
    0.0000  -30.0000  -30.000011556.7031   18.9577
    7.5000  -30.0000  -30.000010857.3447   18.9603
   -7.5000  -22.5000  -30.000012090.4814   18.9423
    0.0000  -22.5000  -30.000012426.4463   18.9410
    7.5000  -22.5000  -30.000011624.7861   18.9441
   -7.5000  -15.0000  -30.000012835.9990   18.9410
    0.0000  -15.0000  -30.000013158.7627   18.9477
    7.5000  -15.0000  -30.000012314.1680   18.9531
   -7.5000   -7.5000  -30.000013525.7852   18.9640
    0.0000   -7.5000  -30.000013847.1777   18.9788
    7.5000   -7.5000  -30.000012970.3555   18.9849
   -7.5000    0.0000  -30.000014141.6289   18.9904
    0.0000    0.0000  -30.000014480.4434   19.0064
    7.5000    0.0000  -30.000013545.2305   19.0114
   -7.5000    7.5000  -30.000013743.3662   18.9840
    0.0000    7.5000  -30.000014070.7695   18.9920
    7.5000    7.5000  -30.000013184.7637   18.9957
   -7.5000   15.0000  -30.000013215.5918   18.9590
    0.0000   15.0000  -30.000013544.6191   18.9577
    7.5000   15.0000  -30.000012708.8330   18.9603
   -7.5000   22.5000  -30.000012424.9092   18.9377
    0.0000   22.5000  -30.000012725.5762   18.9364
    7.5000   22.5000  -30.000011980.6484   18.9396
   -7.5000   30.0000  -30.000011322.9473   18.6904
    0.0000   30.0000  -30.000011587.2549   18.6970
    7.5000   30.0000  -30.000010936.0352   18.7023
   -7.5000   37.5000  -30.000010597.2090   18.7130
    0.0000   37.5000  -30.000010841.6914   18.7276
    7.5000   37.5000  -30.000010265.4502   18.7337
   -7.5000   45.0000  -30.0000 9615.4521   18.2749
    0.0000   45.0000  -30.0000 9808.2646   18.2903
    7.5000   45.0000  -30.0000 9262.1973   18.2952
   -7.5000  -45.0000  -22.500010323.3145   19.6030
    0.0000  -45.0000  -22.500010582.8135   19.6179
    7.5000  -45.0000  -22.5000 9981.3262   19.6209
   -7.5000  -37.5000  -22.500011013.2910   19.6030
    0.0000  -37.5000  -22.500011282.2002   19.6102
    7.5000  -37.5000  -22.500010630.1982   19.6138
   -7.5000  -30.0000  -22.500012056.0566   19.5852
    0.0000  -30.0000  -22.500012368.4746   19.5813
    7.5000  -30.0000  -22.500011600.9072   19.5874
   -7.5000  -22.5000  -22.500012969.2236   19.5703
    0.0000  -22.5000  -22.500013308.0342   19.5636
    7.5000  -22.5000  -22.500012428.5928   19.5716
   -7.5000  -15.0000  -22.500013756.8779   19.5627
    0.0000  -15.0000  -22.500014076.2949   19.5633
    7.5000  -15.0000  -22.500013128.1504   19.5719
   -7.5000   -7.5000  -22.500014536.7393   19.5776
    0.0000   -7.5000  -22.500014851.9707   19.5886
    7.5000   -7.5000  -22.500013838.1318   19.5946
   -7.5000    0.0000  -22.500015219.7139   19.6030
    0.0000    0.0000  -22.500015546.6729   19.6179
    7.5000    0.0000  -22.500014460.8496   19.6209
   -7.5000    7.5000  -22.500014734.2080   19.6030
    0.0000    7.5000  -22.500015086.2646   19.6102
    7.5000    7.5000  -22.500014060.4121   19.6138
   -7.5000   15.0000  -22.500014050.6797   19.5852
    0.0000   15.0000  -22.500014421.8975   19.5813
    7.5000   15.0000  -22.500013474.9863   19.5874
   -7.5000   22.5000  -22.500013181.2246   19.5642
    0.0000   22.5000  -22.500013537.7305   19.5575
    7.5000   22.5000  -22.500012698.7090   19.5656
   -7.5000   30.0000  -22.500012000.0625   19.3068
    0.0000   30.0000  -22.500012302.3828   19.3074
    7.5000   30.0000  -22.500011576.6348   19.3159
   -7.5000   37.5000  -22.500011245.6162   19.3215
    0.0000   37.5000  -22.500011496.9033   19.3324
    7.5000   37.5000  -22.500010847.7363   19.3383
   -7.5000   45.0000  -22.500010185.5811   18.8786
    0.0000   45.0000  -22.500010412.1143   18.8930
    7.5000   45.0000  -22.5000 9800.4395   18.8959
   -7.5000  -45.0000  -15.000010994.2422   20.0548
    0.0000  -45.0000  -15.000011251.4229   20.0712
    7.5000  -45.0000  -15.000010565.8662   20.0818
   -7.5000  -37.5000  -15.000011737.3047   20.0562
    0.0000  -37.5000  -15.000012001.7158   20.0626
    7.5000  -37.5000  -15.000011232.4697   20.0771
   -7.5000  -30.0000  -15.000012865.1553   20.0379
    0.0000  -30.0000  -15.000013162.6172   20.0336
    7.5000  -30.0000  -15.000012268.6602   20.0536
   -7.5000  -22.5000  -15.000013848.9561   20.0220
    0.0000  -22.5000  -15.000014182.6387   20.0179
    7.5000  -22.5000  -15.000013162.2412   20.0394
   -7.5000  -15.0000  -15.000014695.4229   20.0139
    0.0000  -15.0000  -15.000014997.7607   20.0194
    7.5000  -15.0000  -15.000013905.6064   20.0384
   -7.5000   -7.5000  -15.000015489.6426   20.0285
    0.0000   -7.5000  -15.000015821.3008   20.0436
    7.5000   -7.5000  -15.000014622.1328   20.0571
   -7.5000    0.0000  -15.000016222.1016   20.0548
    0.0000    0.0000  -15.000016575.1680   20.0712
    7.5000    0.0000  -15.000015310.3174   20.0818
   -7.5000    7.5000  -15.000015688.3281   20.0562
    0.0000    7.5000  -15.000016069.4893   20.0626
    7.5000    7.5000  -15.000014894.9473   20.0771
   -7.5000   15.0000  -15.000014853.9561   20.0379
    0.0000   15.0000  -15.000015260.8018   20.0336
    7.5000   15.0000  -15.000014202.7715   20.0536
   -7.5000   22.5000  -15.000013909.8789   20.0149
    0.0000   22.5000  -15.000014262.1289   20.0108
    7.5000   22.5000  -15.000013319.1748   20.0323
   -7.5000   30.0000  -15.000012720.9336   19.7549
    0.0000   30.0000  -15.000013015.8926   19.7603
    7.5000   30.0000  -15.000012192.8896   19.7790
   -7.5000   37.5000  -15.000011972.9277   19.7693
    0.0000   37.5000  -15.000012208.9629   19.7842
    7.5000   37.5000  -15.000011448.0449   19.7975
   -7.5000   45.0000  -15.000010801.3818   19.3254
    0.0000   45.0000  -15.000011011.0127   19.3413
    7.5000   45.0000  -15.000010306.4551   19.3514
   -7.5000  -45.0000   -7.500011650.4834   20.3164
    0.0000  -45.0000   -7.500011906.1494   20.3346
    7.5000  -45.0000   -7.500011161.2725   20.3545
   -7.5000  -37.5000   -7.500012416.0820   20.3113
    0.0000  -37.5000   -7.500012692.0840   20.3167
    7.5000  -37.5000   -7.500011846.0049   20.3418
   -7.5000  -30.0000   -7.500013641.9463   20.2820
    0.0000  -30.0000   -7.500013924.1104   20.2794
    7.5000  -30.0000   -7.500012960.4961   20.3096
   -7.5000  -22.5000   -7.500014744.3164   20.2616
    0.0000  -22.5000   -7.500015045.0078   20.2659
    7.5000  -22.5000   -7.500013905.8340   20.2961
   -7.5000  -15.0000   -7.500015746.3252   20.2608
    0.0000  -15.0000   -7.500016008.5059   20.2778
    7.5000  -15.0000   -7.500014709.6865   20.3041
   -7.5000   -7.5000   -7.500016555.5078   20.2862
    0.0000   -7.5000   -7.500016887.2988   20.3091
    7.5000   -7.5000   -7.500015470.2949   20.3303
   -7.5000    0.0000   -7.500017228.9414   20.3164
    0.0000    0.0000   -7.500017645.3926   20.3346
    7.5000    0.0000   -7.500016189.7285   20.3545
   -7.5000    7.5000   -7.500016632.4082   20.3113
    0.0000    7.5000   -7.500017043.8438   20.3167
    7.5000    7.5000   -7.500015724.5420   20.3418
   -7.5000   15.0000   -7.500015821.0146   20.2820
    0.0000   15.0000   -7.500016161.1543   20.2794
    7.5000   15.0000   -7.500014958.0186   20.3096
   -7.5000   22.5000   -7.500014772.1611   20.2523
    0.0000   22.5000   -7.500015046.6611   20.2565
    7.5000   22.5000   -7.500013973.8994   20.2867
   -7.5000   30.0000   -7.500013522.0918   19.9980
    0.0000   30.0000   -7.500013769.6299   20.0148
    7.5000   30.0000   -7.500012797.6367   20.0408
   -7.5000   37.5000   -7.500012731.7793   20.0232
    0.0000   37.5000   -7.500012953.8525   20.0457
    7.5000   37.5000   -7.500012032.6553   20.0667
   -7.5000   45.0000   -7.500011494.5127   19.5812
    0.0000   45.0000   -7.500011696.4238   19.5987
    7.5000   45.0000   -7.500010856.5039   19.6180
   -7.5000  -45.0000    0.000012182.0820   20.4004
    0.0000  -45.0000    0.000012481.8125   20.4187
    7.5000  -45.0000    0.000011666.5850   20.4402
   -7.5000  -37.5000    0.000012966.1631   20.3872
    0.0000  -37.5000    0.000013271.1885   20.3924
    7.5000  -37.5000    0.000012383.5820   20.4182
   -7.5000  -30.0000    0.000014204.1094   20.3485
    0.0000  -30.0000    0.000014534.8926   20.3481
    7.5000  -30.0000    0.000013508.8418   20.3761
   -7.5000  -22.5000    0.000015525.2686   20.3264
    0.0000  -22.5000    0.000015825.6582   20.3355
    7.5000  -22.5000    0.000014517.9326   20.3622
   -7.5000  -15.0000    0.000016868.8438   20.3336
    0.0000  -15.0000    0.000017077.2441   20.3559
    7.5000  -15.0000    0.000015422.7441   20.3794
   -7.5000   -7.5000    0.000017770.4609   20.3688
    0.0000   -7.5000    0.000018061.7051   20.3946
    7.5000   -7.5000    0.000016287.9590   20.4153
   -7.5000    0.0000    0.000018326.5117   20.4004
    0.0000    0.0000    0.000018676.3125   20.4187
    7.5000    0.0000    0.000017040.5371   20.4402
   -7.5000    7.5000    0.000017620.6562   20.3872
    0.0000    7.5000    0.000017930.5430   20.3924
    7.5000    7.5000    0.000016501.2051   20.4182
   -7.5000   15.0000    0.000016727.3301   20.3485
    0.0000   15.0000    0.000016978.1777   20.3481
    7.5000   15.0000    0.000015653.4951   20.3761
   -7.5000   22.5000    0.000015536.4629   20.3170
    0.0000   22.5000    0.000015768.4600   20.3262
    7.5000   22.5000    0.000014576.0156   20.3528
   -7.5000   30.0000    0.000014147.9316   20.0705
    0.0000   30.0000    0.000014369.1270   20.0924
    7.5000   30.0000    0.000013331.6035   20.1157
   -7.5000   37.5000    0.000013278.4238   20.1052
    0.0000   37.5000    0.000013494.5410   20.1306
    7.5000   37.5000    0.000012548.6895   20.1510
   -7.5000   45.0000    0.000012019.8047   19.6637
    0.0000   45.0000    0.000012214.9678   19.6813
    7.5000   45.0000    0.000011338.7617   19.7020
   -7.5000  -45.0000    7.500011757.7168   20.4161
    0.0000  -45.0000    7.500012090.1602   20.4344
    7.5000  -45.0000    7.500011270.1357   20.4490
   -7.5000  -37.5000    7.500012465.6416   20.4025
    0.0000  -37.5000    7.500012797.8213   20.4098
    7.5000  -37.5000    7.500011951.8564   20.4254
   -7.5000  -30.0000    7.500013643.7285   20.3663
    0.0000  -30.0000    7.500013988.1113   20.3666
    7.5000  -30.0000    7.500013043.5732   20.3812
   -7.5000  -22.5000    7.500015002.8691   20.3460
    0.0000  -22.5000    7.500015293.0127   20.3523
    7.5000  -22.5000    7.500014013.4512   20.3655
   -7.5000  -15.0000    7.500016322.1230   20.3524
    0.0000  -15.0000    7.500016490.6328   20.3698
    7.5000  -15.0000    7.500014939.4043   20.3829
   -7.5000   -7.5000    7.500017180.0527   20.3861
    0.0000   -7.5000    7.500017380.6855   20.4086
    7.5000   -7.5000    7.500015805.3174   20.4221
   -7.5000    0.0000    7.500017807.8984   20.4161
    0.0000    0.0000    7.500018004.5566   20.4344
    7.5000    0.0000    7.500016567.9414   20.4490
   -7.5000    7.5000    7.500017129.2578   20.4025
    0.0000    7.5000    7.500017327.4492   20.4098
    7.5000    7.5000    7.500016014.1348   20.4254
   -7.5000   15.0000    7.500016127.7734   20.3663
    0.0000   15.0000    7.500016372.9160   20.3666
    7.5000   15.0000    7.500015157.4766   20.3812
   -7.5000   22.5000    7.500014883.4297   20.3367
    0.0000   22.5000    7.500015181.4160   20.3429
    7.5000   22.5000    7.500014077.7656   20.3561
   -7.5000   30.0000    7.500013550.4834   20.0890
    0.0000   30.0000    7.500013822.4053   20.1062
    7.5000   30.0000    7.500012852.0732   20.1191
   -7.5000   37.5000    7.500012760.1084   20.1223
    0.0000   37.5000    7.500013012.8086   20.1444
    7.5000   37.5000    7.500012091.8281   20.1578
   -7.5000   45.0000    7.500011564.6387   19.6788
    0.0000   45.0000    7.500011779.0879   19.6964
    7.5000   45.0000    7.500010936.4863   19.7104
   -7.5000  -45.0000   15.000011174.2393   20.3926
    0.0000  -45.0000   15.000011485.3604   20.4097
    7.5000  -45.0000   15.000010725.7490   20.4152
   -7.5000  -37.5000   15.000011837.6309   20.3857
    0.0000  -37.5000   15.000012167.5234   20.3943
    7.5000  -37.5000   15.000011396.4951   20.3982
   -7.5000  -30.0000   15.000012939.7500   20.3588
    0.0000  -30.0000   15.000013287.8135   20.3575
    7.5000  -30.0000   15.000012462.4668   20.3602
   -7.5000  -22.5000   15.000014142.8662   20.3409
    0.0000  -22.5000   15.000014480.5078   20.3395
    7.5000  -22.5000   15.000013431.0039   20.3429
   -7.5000  -15.0000   15.000015142.8145   20.3396
    0.0000  -15.0000   15.000015455.0918   20.3467
    7.5000  -15.0000   15.000014250.2295   20.3525
   -7.5000   -7.5000   15.000015880.4365   20.3642
    0.0000   -7.5000   15.000016223.3057   20.3801
    7.5000   -7.5000   15.000015098.8604   20.3866
   -7.5000    0.0000   15.000016602.4180   20.3926
    0.0000    0.0000   15.000016944.8691   20.4097
    7.5000    0.0000   15.000015806.1328   20.4152
   -7.5000    7.5000   15.000016119.2949   20.3857
    0.0000    7.5000   15.000016466.8438   20.3943
    7.5000    7.5000   15.000015330.6396   20.3982
   -7.5000   15.0000   15.000015232.8438   20.3588
    0.0000   15.0000   15.000015598.3311   20.3575
    7.5000   15.0000   15.000014545.5117   20.3602
   -7.5000   22.5000   15.000014104.2803   20.3315
    0.0000   22.5000   15.000014472.5234   20.3301
    7.5000   22.5000   15.000013481.5439   20.3335
   -7.5000   30.0000   15.000012866.0273   20.0763
    0.0000   30.0000   15.000013182.5586   20.0834
    7.5000   30.0000   15.000012285.4521   20.0891
   -7.5000   37.5000   15.000012109.9531   20.1006
    0.0000   37.5000   15.000012363.5898   20.1163
    7.5000   37.5000   15.000011523.9570   20.1228
   -7.5000   45.0000   15.000010959.3477   19.6561
    0.0000   45.0000   15.000011180.6904   19.6726
    7.5000   45.0000   15.000010427.5254   19.6779
   -7.5000  -45.0000   22.500010475.4648   20.3604
    0.0000  -45.0000   22.500010783.7852   20.3760
    7.5000  -45.0000   22.500010088.8311   20.3791
   -7.5000  -37.5000   22.500011067.0791   20.3603
    0.0000  -37.5000   22.500011391.1660   20.3678
    7.5000  -37.5000   22.500010727.6846   20.3716
   -7.5000  -30.0000   22.500012072.8086   20.3420
    0.0000  -30.0000   22.500012435.3105   20.3378
    7.5000  -30.0000   22.500011722.0928   20.3441
   -7.5000  -22.5000   22.500013062.7783   20.3267
    0.0000  -22.5000   22.500013456.9385   20.3195
    7.5000  -22.5000   22.500012615.6289   20.3278
   -7.5000  -15.0000   22.500013899.5898   20.3189
    0.0000  -15.0000   22.500014273.8320   20.3194
    7.5000  -15.0000   22.500013379.9121   20.3282
   -7.5000   -7.5000   22.500014642.1201   20.3342
    0.0000   -7.5000   22.500015056.5684   20.3458
    7.5000   -7.5000   22.500014135.7520   20.3519
   -7.5000    0.0000   22.500015451.6738   20.3604
    0.0000    0.0000   22.500015838.4785   20.3760
    7.5000    0.0000   22.500014850.2842   20.3791
   -7.5000    7.5000   22.500015059.6240   20.3603
    0.0000    7.5000   22.500015411.7920   20.3678
    7.5000    7.5000   22.500014444.6758   20.3716
   -7.5000   15.0000   22.500014248.1211   20.3420
    0.0000   15.0000   22.500014606.4785   20.3378
    7.5000   15.0000   22.500013692.1494   20.3441
   -7.5000   22.5000   22.500013202.6162   20.3173
    0.0000   22.5000   22.500013524.3213   20.3102
    7.5000   22.5000   22.500012663.9316   20.3184
   -7.5000   30.0000   22.500012046.2021   20.0560
    0.0000   30.0000   22.500012337.0371   20.0565
    7.5000   30.0000   22.500011540.5615   20.0652
   -7.5000   37.5000   22.500011307.5283   20.0711
    0.0000   37.5000   22.500011567.4346   20.0825
    7.5000   37.5000   22.500010820.0342   20.0885
   -7.5000   45.0000   22.500010185.5791   19.6251
    0.0000   45.0000   22.500010416.2080   19.6401
    7.5000   45.0000   22.5000 9776.8535   19.6431
   -7.5000  -45.0000   30.0000 9717.5615   20.5505
    0.0000  -45.0000   30.000010013.6025   20.5678
    7.5000  -45.0000   30.0000 9422.2773   20.5788
   -7.5000  -37.5000   30.000010270.4648   20.5510
    0.0000  -37.5000   30.000010579.9893   20.5576
    7.5000  -37.5000   30.0000 9997.3730   20.5727
   -7.5000  -30.0000   30.000011178.9072   20.5314
    0.0000  -30.0000   30.000011550.2998   20.5269
    7.5000  -30.0000   30.000010912.7676   20.5475
   -7.5000  -22.5000   30.000012051.1260   20.5155
    0.0000  -22.5000   30.000012449.7881   20.5113
    7.5000  -22.5000   30.000011739.9033   20.5335
   -7.5000  -15.0000   30.000012786.0264   20.5081
    0.0000  -15.0000   30.000013170.6934   20.5140
    7.5000  -15.0000   30.000012440.1025   20.5335
   -7.5000   -7.5000   30.000013485.2705   20.5236
    0.0000   -7.5000   30.000013898.5625   20.5396
    7.5000   -7.5000   30.000013123.9033   20.5536
   -7.5000    0.0000   30.000014199.5166   20.5505
    0.0000    0.0000   30.000014620.5146   20.5678
    7.5000    0.0000   30.000013775.8916   20.5788
   -7.5000    7.5000   30.000013906.6689   20.5510
    0.0000    7.5000   30.000014269.6309   20.5576
    7.5000    7.5000   30.000013421.8174   20.5727
   -7.5000   15.0000   30.000013261.5244   20.5314
    0.0000   15.0000   30.000013588.7246   20.5269
    7.5000   15.0000   30.000012767.0430   20.5475
   -7.5000   22.5000   30.000012265.2354   20.5060
    0.0000   22.5000   30.000012584.4229   20.5018
    7.5000   22.5000   30.000011783.9688   20.5240
   -7.5000   30.0000   30.000011184.3291   20.2427
    0.0000   30.0000   30.000011463.3477   20.2485
    7.5000   30.0000   30.000010740.5820   20.2677
   -7.5000   37.5000   30.000010473.3232   20.2580
    0.0000   37.5000   30.000010726.9902   20.2738
    7.5000   37.5000   30.000010051.0674   20.2876
   -7.5000   45.0000   30.0000 9366.9863   19.8083
    0.0000   45.0000   30.0000 9602.5762   19.8250
    7.5000   45.0000   30.0000 9022.2734   19.8356
   -7.5000  -45.0000   37.5000 9309.5625   20.8646
    0.0000  -45.0000   37.5000 9596.4268   20.8822
    7.5000  -45.0000   37.5000 9085.2471   20.9016
   -7.5000  -37.5000   37.5000 9859.5771   20.8563
    0.0000  -37.5000   37.500010152.3643   20.8604
    7.5000  -37.5000   37.5000 9612.0850   20.8852
   -7.5000  -30.0000   37.500010728.3691   20.8243
    0.0000  -30.0000   37.500011069.8506   20.8202
    7.5000  -30.0000   37.500010474.2852   20.8501
   -7.5000  -22.5000   37.500011518.7969   20.8047
    0.0000  -22.5000   37.500011898.5449   20.8080
    7.5000  -22.5000   37.500011243.0166   20.8379
   -7.5000  -15.0000   37.500012200.8672   20.8064
    0.0000  -15.0000   37.500012594.7686   20.8232
    7.5000  -15.0000   37.500011937.3906   20.8491
   -7.5000   -7.5000   37.500012862.3965   20.8342
    0.0000   -7.5000   37.500013276.7207   20.8570
    7.5000   -7.5000   37.500012580.3203   20.8776
   -7.5000    0.0000   37.500013513.1680   20.8646
    0.0000    0.0000   37.500013934.4697   20.8822
    7.5000    0.0000   37.500013170.3750   20.9016
   -7.5000    7.5000   37.500013191.7451   20.8563
    0.0000    7.5000   37.500013577.0098   20.8604
    7.5000    7.5000   37.500012850.2793   20.8852
   -7.5000   15.0000   37.500012609.6445   20.8243
    0.0000   15.0000   37.500012965.8496   20.8202
    7.5000   15.0000   37.500012229.5576   20.8501
   -7.5000   22.5000   37.500011710.8760   20.7951
    0.0000   22.5000   37.500012020.2402   20.7984
    7.5000   22.5000   37.500011311.0908   20.8283
   -7.5000   30.0000   37.500010689.1553   20.5371
    0.0000   30.0000   37.500010960.2930   20.5537
    7.5000   30.0000   37.500010294.8535   20.5792
   -7.5000   37.5000   37.5000 9986.1201   20.5645
    0.0000   37.5000   37.500010237.3115   20.5871
    7.5000   37.5000   37.5000 9600.4785   20.6074
   -7.5000   45.0000   37.5000 8923.4180   20.1111
    0.0000   45.0000   37.5000 9126.3525   20.1280
    7.5000   45.0000   37.5000 8587.6562   20.1467
   -7.5000  -45.0000   45.0000 8562.8496   21.3290
    0.0000  -45.0000   45.0000 8821.6504   21.3478
    7.5000  -45.0000   45.0000 8356.0840   21.3671
   -7.5000  -37.5000   45.0000 9056.9062   21.3072
    0.0000  -37.5000   45.0000 9325.6748   21.3114
    7.5000  -37.5000   45.0000 8841.4434   21.3362
   -7.5000  -30.0000   45.0000 9838.5605   21.2645
    0.0000  -30.0000   45.000010131.9629   21.2621
    7.5000  -30.0000   45.0000 9630.3086   21.2892
   -7.5000  -22.5000   45.000010550.8652   21.2484
    0.0000  -22.5000   45.000010877.9990   21.2563
    7.5000  -22.5000   45.000010321.9697   21.2805
   -7.5000  -15.0000   45.000011169.2129   21.2635
    0.0000  -15.0000   45.000011516.1465   21.2861
    7.5000  -15.0000   45.000010945.8994   21.3060
   -7.5000   -7.5000   45.000011764.5439   21.3014
    0.0000   -7.5000   45.000012129.6064   21.3282
    7.5000   -7.5000   45.000011525.6836   21.3455
   -7.5000    0.0000   45.000012316.1729   21.3290
    0.0000    0.0000   45.000012688.6221   21.3478
    7.5000    0.0000   45.000012051.9248   21.3671
   -7.5000    7.5000   45.000012008.4580   21.3072
    0.0000    7.5000   45.000012350.0283   21.3114
    7.5000    7.5000   45.000011738.8809   21.3362
   -7.5000   15.0000   45.000011494.1191   21.2645
    0.0000   15.0000   45.000011806.8525   21.2621
    7.5000   15.0000   45.000011199.1973   21.2892
   -7.5000   22.5000   45.000010636.1035   21.2385
    0.0000   22.5000   45.000010932.9512   21.2464
    7.5000   22.5000   45.000010327.6562   21.2706
   -7.5000   30.0000   45.0000 9723.1797   20.9865
    0.0000   30.0000   45.0000 9969.1514   21.0088
    7.5000   30.0000   45.0000 9419.8779   21.0285
   -7.5000   37.5000   45.0000 9087.7383   21.0239
    0.0000   37.5000   45.0000 9303.1387   21.0504
    7.5000   37.5000   45.0000 8796.9883   21.0674
   -7.5000   45.0000   45.0000 8127.6270   20.5681
    0.0000   45.0000   45.0000 8312.8613   20.5861
    7.5000   45.0000   45.0000 7877.9253   20.6048

---------------------------------------------------------------------
imgreg_4dfp /opt/freesurfer/average/711-2C_as_mni_average_305 /opt/freesurfer/average/711-2B_as_mni_average_305_mask talsrcimg_g11 none talsrcimg_to_711-2C_as_mni_average_305_t4 4355
---------------------------------------------------------------------

freesurfer imgreg_4dfp.c
/opt/freesurfer/average/711-2C_as_mni_average_305.4dfp.img
       256       256       256         1
  1.000000  1.000000  1.000000
orientation T byte_order littleendian
Reading image: /opt/freesurfer/average/711-2C_as_mni_average_305.4dfp.img
dimensions:      256       256       256
mmppix:       1.0000   -1.0000   -1.0000
center:     128.0000 -129.0000 -129.0000
/opt/freesurfer/average/711-2B_as_mni_average_305_mask.4dfp.img
       256       256       256         1
  1.000000  1.000000  1.000000
orientation T byte_order littleendian
Reading mask: /opt/freesurfer/average/711-2B_as_mni_average_305_mask.4dfp.img (2306576 pixels)
talsrcimg_g11.4dfp.img
       256       256       256         1
  1.000000  1.000000  1.000000
orientation T byte_order littleendian
Reading image: talsrcimg_g11.4dfp.img
dimensions:      256       256       256
mmppix:       1.0000   -1.0000   -1.0000
center:     128.0000 -129.0000 -129.0000
rotation matrix determinant  1.000000
image alignment mode   4355 decimal     1103 hex
   -7.5000  -45.0000  -45.0000 2209.5923   21.0090
    0.0000  -45.0000  -45.0000 2195.9456   20.9179
    7.5000  -45.0000  -45.0000 2167.9316   21.2987
   -7.5000  -37.5000  -45.0000 2303.4500   19.3512
    0.0000  -37.5000  -45.0000 2288.6333   19.2996
    7.5000  -37.5000  -45.0000 2259.0559   19.6456
   -7.5000  -30.0000  -45.0000 2370.4363   17.9879
    0.0000  -30.0000  -45.0000 2352.2114   18.0301
    7.5000  -30.0000  -45.0000 2320.0940   18.3501
   -7.5000  -22.5000  -45.0000 2418.4695   17.0255
    0.0000  -22.5000  -45.0000 2397.1348   17.1006
    7.5000  -22.5000  -45.0000 2362.2085   17.4795
   -7.5000  -15.0000  -45.0000 2443.1025   16.4553
    0.0000  -15.0000  -45.0000 2426.5432   16.5776
    7.5000  -15.0000  -45.0000 2395.1870   16.9816
   -7.5000   -7.5000  -45.0000 2456.1226   16.3448
    0.0000   -7.5000  -45.0000 2443.0154   16.4260
    7.5000   -7.5000  -45.0000 2408.9517   16.8768
   -7.5000    0.0000  -45.0000 2442.7520   16.6114
    0.0000    0.0000  -45.0000 2431.1482   16.7150
    7.5000    0.0000  -45.0000 2396.3010   17.1931
   -7.5000    7.5000  -45.0000 2410.8008   17.1791
    0.0000    7.5000  -45.0000 2400.3557   17.2671
    7.5000    7.5000  -45.0000 2362.5071   17.7709
   -7.5000   15.0000  -45.0000 2367.8613   18.0075
    0.0000   15.0000  -45.0000 2350.2378   18.0752
    7.5000   15.0000  -45.0000 2312.3042   18.6366
   -7.5000   22.5000  -45.0000 2290.3049   19.2645
    0.0000   22.5000  -45.0000 2277.5796   19.3040
    7.5000   22.5000  -45.0000 2233.8596   19.8962
   -7.5000   30.0000  -45.0000 2181.8701   20.9128
    0.0000   30.0000  -45.0000 2171.5081   20.9836
    7.5000   30.0000  -45.0000 2132.1721   21.6220
   -7.5000   37.5000  -45.0000 2053.3813   23.1154
    0.0000   37.5000  -45.0000 2045.1224   23.2330
    7.5000   37.5000  -45.0000 2006.6356   23.9498
   -7.5000   45.0000  -45.0000 1926.8751   26.0661
    0.0000   45.0000  -45.0000 1918.5747   26.1496
    7.5000   45.0000  -45.0000 1884.0082   26.9434
   -7.5000  -45.0000  -37.5000 2299.7009   19.5845
    0.0000  -45.0000  -37.5000 2285.1550   19.5280
    7.5000  -45.0000  -37.5000 2250.6589   19.8413
   -7.5000  -37.5000  -37.5000 2394.1560   17.9693
    0.0000  -37.5000  -37.5000 2378.8633   17.9744
    7.5000  -37.5000  -37.5000 2342.4983   18.2445
   -7.5000  -30.0000  -37.5000 2460.5105   16.7680
    0.0000  -30.0000  -37.5000 2445.9358   16.7627
    7.5000  -30.0000  -37.5000 2407.5596   17.0229
   -7.5000  -22.5000  -37.5000 2511.8560   15.7801
    0.0000  -22.5000  -37.5000 2499.1248   15.8559
    7.5000  -22.5000  -37.5000 2461.5203   16.1548
   -7.5000  -15.0000  -37.5000 2548.6411   15.2247
    0.0000  -15.0000  -37.5000 2536.1797   15.3352
    7.5000  -15.0000  -37.5000 2501.1604   15.6651
   -7.5000   -7.5000  -37.5000 2558.2849   15.1216
    0.0000   -7.5000  -37.5000 2543.3308   15.2153
    7.5000   -7.5000  -37.5000 2510.8384   15.5859
   -7.5000    0.0000  -37.5000 2542.6016   15.3458
    0.0000    0.0000  -37.5000 2536.3186   15.4839
    7.5000    0.0000  -37.5000 2496.5024   15.8347
   -7.5000    7.5000  -37.5000 2516.4346   15.8445
    0.0000    7.5000  -37.5000 2505.1108   15.9473
    7.5000    7.5000  -37.5000 2465.1541   16.3898
   -7.5000   15.0000  -37.5000 2466.3740   16.6180
    0.0000   15.0000  -37.5000 2452.6421   16.7318
    7.5000   15.0000  -37.5000 2409.9089   17.2288
   -7.5000   22.5000  -37.5000 2388.0864   17.7558
    0.0000   22.5000  -37.5000 2373.0898   17.8477
    7.5000   22.5000  -37.5000 2332.0693   18.3636
   -7.5000   30.0000  -37.5000 2277.9131   19.2309
    0.0000   30.0000  -37.5000 2268.1704   19.3265
    7.5000   30.0000  -37.5000 2223.6345   19.9266
   -7.5000   37.5000  -37.5000 2142.1780   21.2765
    0.0000   37.5000  -37.5000 2130.9175   21.3876
    7.5000   37.5000  -37.5000 2094.1982   22.0425
   -7.5000   45.0000  -37.5000 2006.3198   23.9809
    0.0000   45.0000  -37.5000 1996.9014   24.0169
    7.5000   45.0000  -37.5000 1956.1880   24.8147
   -7.5000  -45.0000  -30.0000 2412.0891   18.8486
    0.0000  -45.0000  -30.0000 2405.0256   18.9177
    7.5000  -45.0000  -30.0000 2365.4829   19.1768
   -7.5000  -37.5000  -30.0000 2508.4463   17.2198
    0.0000  -37.5000  -30.0000 2500.2139   17.2905
    7.5000  -37.5000  -30.0000 2463.7961   17.5486
   -7.5000  -30.0000  -30.0000 2583.2788   16.0599
    0.0000  -30.0000  -30.0000 2578.5364   16.1236
    7.5000  -30.0000  -30.0000 2539.9185   16.3791
   -7.5000  -22.5000  -30.0000 2641.3103   15.1770
    0.0000  -22.5000  -30.0000 2632.3975   15.2452
    7.5000  -22.5000  -30.0000 2593.3726   15.5133
   -7.5000  -15.0000  -30.0000 2690.0217   14.6002
    0.0000  -15.0000  -30.0000 2680.2322   14.6736
    7.5000  -15.0000  -30.0000 2638.7334   14.9484
   -7.5000   -7.5000  -30.0000 2710.7329   14.4521
    0.0000   -7.5000  -30.0000 2698.7153   14.5612
    7.5000   -7.5000  -30.0000 2657.6763   14.8713
   -7.5000    0.0000  -30.0000 2697.9717   14.6696
    0.0000    0.0000  -30.0000 2689.3833   14.8009
    7.5000    0.0000  -30.0000 2643.7686   15.1281
   -7.5000    7.5000  -30.0000 2668.5227   15.1379
    0.0000    7.5000  -30.0000 2656.8362   15.2802
    7.5000    7.5000  -30.0000 2612.4980   15.6866
   -7.5000   15.0000  -30.0000 2613.0710   15.8958
    0.0000   15.0000  -30.0000 2602.4172   16.0278
    7.5000   15.0000  -30.0000 2556.4910   16.4895
   -7.5000   22.5000  -30.0000 2523.1360   16.9462
    0.0000   22.5000  -30.0000 2513.5725   17.0786
    7.5000   22.5000  -30.0000 2468.1772   17.5725
   -7.5000   30.0000  -30.0000 2405.7620   18.3757
    0.0000   30.0000  -30.0000 2397.0791   18.5137
    7.5000   30.0000  -30.0000 2354.4895   19.0914
   -7.5000   37.5000  -30.0000 2264.2676   20.2940
    0.0000   37.5000  -30.0000 2255.1853   20.4274
    7.5000   37.5000  -30.0000 2218.0120   21.0462
   -7.5000   45.0000  -30.0000 2117.7358   22.8462
    0.0000   45.0000  -30.0000 2107.9790   22.9147
    7.5000   45.0000  -30.0000 2069.7083   23.6752
   -7.5000  -45.0000  -22.5000 2485.9604   18.1162
    0.0000  -45.0000  -22.5000 2474.8611   18.1795
    7.5000  -45.0000  -22.5000 2441.0222   18.4485
   -7.5000  -37.5000  -22.5000 2587.9985   16.5260
    0.0000  -37.5000  -22.5000 2578.5427   16.5937
    7.5000  -37.5000  -22.5000 2544.8049   16.8690
   -7.5000  -30.0000  -22.5000 2672.1274   15.2872
    0.0000  -30.0000  -22.5000 2667.3340   15.3729
    7.5000  -30.0000  -22.5000 2624.7427   15.6336
   -7.5000  -22.5000  -22.5000 2740.2788   14.4551
    0.0000  -22.5000  -22.5000 2730.8450   14.5446
    7.5000  -22.5000  -22.5000 2685.4634   14.7944
   -7.5000  -15.0000  -22.5000 2802.9065   13.8608
    0.0000  -15.0000  -22.5000 2787.4836   13.9458
    7.5000  -15.0000  -22.5000 2733.5662   14.2365
   -7.5000   -7.5000  -22.5000 2833.7395   13.7119
    0.0000   -7.5000  -22.5000 2814.5547   13.8437
    7.5000   -7.5000  -22.5000 2761.1736   14.1533
   -7.5000    0.0000  -22.5000 2825.9109   13.9074
    0.0000    0.0000  -22.5000 2813.5640   14.0566
    7.5000    0.0000  -22.5000 2758.9417   14.4170
   -7.5000    7.5000  -22.5000 2793.0352   14.3618
    0.0000    7.5000  -22.5000 2783.1379   14.5211
    7.5000    7.5000  -22.5000 2730.9739   14.9489
   -7.5000   15.0000  -22.5000 2729.0007   15.0644
    0.0000   15.0000  -22.5000 2719.7773   15.2264
    7.5000   15.0000  -22.5000 2668.0256   15.6892
   -7.5000   22.5000  -22.5000 2632.5991   16.1068
    0.0000   22.5000  -22.5000 2625.5654   16.2689
    7.5000   22.5000  -22.5000 2574.1589   16.7755
   -7.5000   30.0000  -22.5000 2501.1631   17.5131
    0.0000   30.0000  -22.5000 2493.2937   17.6597
    7.5000   30.0000  -22.5000 2446.0691   18.2170
   -7.5000   37.5000  -22.5000 2353.8679   19.3611
    0.0000   37.5000  -22.5000 2342.9001   19.4901
    7.5000   37.5000  -22.5000 2301.4524   20.1326
   -7.5000   45.0000  -22.5000 2204.1758   21.7642
    0.0000   45.0000  -22.5000 2192.6790   21.8981
    7.5000   45.0000  -22.5000 2148.0586   22.6072
   -7.5000  -45.0000  -15.0000 2526.9590   17.4993
    0.0000  -45.0000  -15.0000 2513.4763   17.5576
    7.5000  -45.0000  -15.0000 2468.7524   17.8890
   -7.5000  -37.5000  -15.0000 2635.1162   15.9437
    0.0000  -37.5000  -15.0000 2622.0425   16.0108
    7.5000  -37.5000  -15.0000 2574.6936   16.3213
   -7.5000  -30.0000  -15.0000 2730.0334   14.7268
    0.0000  -30.0000  -15.0000 2718.0247   14.8040
    7.5000  -30.0000  -15.0000 2668.3391   15.0860
   -7.5000  -22.5000  -15.0000 2801.6340   13.8112
    0.0000  -22.5000  -15.0000 2792.9583   13.9322
    7.5000  -22.5000  -15.0000 2745.5540   14.1408
   -7.5000  -15.0000  -15.0000 2868.0110   13.2294
    0.0000  -15.0000  -15.0000 2851.8882   13.3342
    7.5000  -15.0000  -15.0000 2799.5605   13.6302
   -7.5000   -7.5000  -15.0000 2911.3738   12.9842
    0.0000   -7.5000  -15.0000 2892.2354   13.1593
    7.5000   -7.5000  -15.0000 2829.3101   13.5345
   -7.5000    0.0000  -15.0000 2910.0671   13.2130
    0.0000    0.0000  -15.0000 2896.9202   13.3942
    7.5000    0.0000  -15.0000 2833.6208   13.8106
   -7.5000    7.5000  -15.0000 2874.1956   13.6764
    0.0000    7.5000  -15.0000 2864.5452   13.8422
    7.5000    7.5000  -15.0000 2802.7622   14.3090
   -7.5000   15.0000  -15.0000 2802.0645   14.3529
    0.0000   15.0000  -15.0000 2796.8120   14.5382
    7.5000   15.0000  -15.0000 2736.7234   15.0454
   -7.5000   22.5000  -15.0000 2703.3945   15.3723
    0.0000   22.5000  -15.0000 2693.5686   15.5649
    7.5000   22.5000  -15.0000 2640.2283   16.0954
   -7.5000   30.0000  -15.0000 2571.1580   16.7848
    0.0000   30.0000  -15.0000 2557.0103   16.9743
    7.5000   30.0000  -15.0000 2511.1697   17.5392
   -7.5000   37.5000  -15.0000 2421.8164   18.6088
    0.0000   37.5000  -15.0000 2403.6531   18.7651
    7.5000   37.5000  -15.0000 2357.0381   19.4218
   -7.5000   45.0000  -15.0000 2256.6248   20.9089
    0.0000   45.0000  -15.0000 2242.2539   21.0527
    7.5000   45.0000  -15.0000 2196.5034   21.7610
   -7.5000  -45.0000   -7.5000 2537.7043   17.0584
    0.0000  -45.0000   -7.5000 2528.3335   17.1276
    7.5000  -45.0000   -7.5000 2480.7939   17.5150
   -7.5000  -37.5000   -7.5000 2646.5322   15.5030
    0.0000  -37.5000   -7.5000 2637.5610   15.5769
    7.5000  -37.5000   -7.5000 2590.1841   15.9648
   -7.5000  -30.0000   -7.5000 2749.9907   14.3098
    0.0000  -30.0000   -7.5000 2739.9978   14.3753
    7.5000  -30.0000   -7.5000 2692.6069   14.6824
   -7.5000  -22.5000   -7.5000 2837.7812   13.3738
    0.0000  -22.5000   -7.5000 2827.8135   13.4420
    7.5000  -22.5000   -7.5000 2780.4473   13.6998
   -7.5000  -15.0000   -7.5000 2909.4116   12.7759
    0.0000  -15.0000   -7.5000 2900.0579   12.8750
    7.5000  -15.0000   -7.5000 2846.0781   13.1426
   -7.5000   -7.5000   -7.5000 2964.2532   12.5154
    0.0000   -7.5000   -7.5000 2948.3904   12.6723
    7.5000   -7.5000   -7.5000 2880.1162   13.0390
   -7.5000    0.0000   -7.5000 2967.4324   12.6774
    0.0000    0.0000   -7.5000 2950.3528   12.8947
    7.5000    0.0000   -7.5000 2876.4443   13.2980
   -7.5000    7.5000   -7.5000 2923.9663   13.1244
    0.0000    7.5000   -7.5000 2914.3674   13.3268
    7.5000    7.5000   -7.5000 2848.1477   13.7865
   -7.5000   15.0000   -7.5000 2856.3638   13.7671
    0.0000   15.0000   -7.5000 2845.8262   13.9755
    7.5000   15.0000   -7.5000 2785.9060   14.4799
   -7.5000   22.5000   -7.5000 2752.4819   14.8116
    0.0000   22.5000   -7.5000 2741.7168   14.9983
    7.5000   22.5000   -7.5000 2686.9031   15.4966
   -7.5000   30.0000   -7.5000 2613.9475   16.2774
    0.0000   30.0000   -7.5000 2601.3738   16.4416
    7.5000   30.0000   -7.5000 2551.7576   16.9914
   -7.5000   37.5000   -7.5000 2458.5017   18.0938
    0.0000   37.5000   -7.5000 2446.8318   18.2419
    7.5000   37.5000   -7.5000 2392.2651   18.8456
   -7.5000   45.0000   -7.5000 2287.3516   20.3394
    0.0000   45.0000   -7.5000 2279.1453   20.4762
    7.5000   45.0000   -7.5000 2224.6765   21.1388
   -7.5000  -45.0000    0.0000 2531.7302   16.8284
    0.0000  -45.0000    0.0000 2522.3188   16.9326
    7.5000  -45.0000    0.0000 2480.8765   17.3859
   -7.5000  -37.5000    0.0000 2641.2346   15.2506
    0.0000  -37.5000    0.0000 2636.8428   15.3480
    7.5000  -37.5000    0.0000 2595.0366   15.7554
   -7.5000  -30.0000    0.0000 2749.8691   14.0127
    0.0000  -30.0000    0.0000 2745.5127   14.1274
    7.5000  -30.0000    0.0000 2703.5122   14.4789
   -7.5000  -22.5000    0.0000 2854.0339   13.1415
    0.0000  -22.5000    0.0000 2848.2903   13.2190
    7.5000  -22.5000    0.0000 2795.3784   13.5210
   -7.5000  -15.0000    0.0000 2948.5969   12.6025
    0.0000  -15.0000    0.0000 2935.0522   12.6886
    7.5000  -15.0000    0.0000 2873.3032   12.9378
   -7.5000   -7.5000    0.0000 3002.3040   12.4624
    0.0000   -7.5000    0.0000 2988.2463   12.5153
    7.5000   -7.5000    0.0000 2915.6587   12.7917
   -7.5000    0.0000    0.0000 3003.1514   12.4987
    0.0000    0.0000    0.0000 2981.5837   12.6474
    7.5000    0.0000    0.0000 2907.8406   13.0012
   -7.5000    7.5000    0.0000 2953.1848   12.7738
    0.0000    7.5000    0.0000 2934.1628   12.9698
    7.5000    7.5000    0.0000 2872.6924   13.4294
   -7.5000   15.0000    0.0000 2879.6111   13.4430
    0.0000   15.0000    0.0000 2866.6365   13.5851
    7.5000   15.0000    0.0000 2809.5579   14.1150
   -7.5000   22.5000    0.0000 2769.9526   14.5229
    0.0000   22.5000    0.0000 2762.8032   14.6633
    7.5000   22.5000    0.0000 2709.6941   15.1781
   -7.5000   30.0000    0.0000 2625.7585   16.0004
    0.0000   30.0000    0.0000 2621.6638   16.1318
    7.5000   30.0000    0.0000 2572.8728   16.6560
   -7.5000   37.5000    0.0000 2464.0825   17.8187
    0.0000   37.5000    0.0000 2457.0510   17.9476
    7.5000   37.5000    0.0000 2411.6035   18.5114
   -7.5000   45.0000    0.0000 2301.7478   20.0376
    0.0000   45.0000    0.0000 2292.9771   20.1608
    7.5000   45.0000    0.0000 2245.7156   20.7786
   -7.5000  -45.0000    7.5000 2512.8923   16.7631
    0.0000  -45.0000    7.5000 2508.9458   16.9056
    7.5000  -45.0000    7.5000 2470.9319   17.4318
   -7.5000  -37.5000    7.5000 2625.3926   15.1664
    0.0000  -37.5000    7.5000 2622.5503   15.3047
    7.5000  -37.5000    7.5000 2590.7471   15.7605
   -7.5000  -30.0000    7.5000 2735.0061   13.9317
    0.0000  -30.0000    7.5000 2733.5205   14.0543
    7.5000  -30.0000    7.5000 2698.4814   14.4763
   -7.5000  -22.5000    7.5000 2854.6533   13.0937
    0.0000  -22.5000    7.5000 2847.1064   13.1842
    7.5000  -22.5000    7.5000 2793.7339   13.5301
   -7.5000  -15.0000    7.5000 2971.2629   12.6572
    0.0000  -15.0000    7.5000 2950.5623   12.6701
    7.5000  -15.0000    7.5000 2874.5811   12.9077
   -7.5000   -7.5000    7.5000 3029.9048   12.3737
    0.0000   -7.5000    7.5000 3006.1289   12.4745
    7.5000   -7.5000    7.5000 2920.3391   12.7370
   -7.5000    0.0000    7.5000 3005.7700   12.4333
    0.0000    0.0000    7.5000 2982.5461   12.5523
    7.5000    0.0000    7.5000 2914.3062   12.9360
   -7.5000    7.5000    7.5000 2948.4866   12.7593
    0.0000    7.5000    7.5000 2931.5898   12.8534
    7.5000    7.5000    7.5000 2873.0774   13.3577
   -7.5000   15.0000    7.5000 2868.3870   13.4234
    0.0000   15.0000    7.5000 2856.0315   13.5213
    7.5000   15.0000    7.5000 2803.9641   13.9955
   -7.5000   22.5000    7.5000 2758.4998   14.4775
    0.0000   22.5000    7.5000 2753.0818   14.6082
    7.5000   22.5000    7.5000 2708.3213   15.0812
   -7.5000   30.0000    7.5000 2622.6455   15.9214
    0.0000   30.0000    7.5000 2616.1191   16.0357
    7.5000   30.0000    7.5000 2576.4180   16.5241
   -7.5000   37.5000    7.5000 2460.2949   17.7556
    0.0000   37.5000    7.5000 2454.6948   17.8777
    7.5000   37.5000    7.5000 2412.6733   18.4164
   -7.5000   45.0000    7.5000 2296.2744   20.0253
    0.0000   45.0000    7.5000 2287.0000   20.1426
    7.5000   45.0000    7.5000 2245.0569   20.7732
   -7.5000  -45.0000   15.0000 2483.3616   16.9666
    0.0000  -45.0000   15.0000 2480.8376   17.1546
    7.5000  -45.0000   15.0000 2451.9541   17.6752
   -7.5000  -37.5000   15.0000 2596.7209   15.3890
    0.0000  -37.5000   15.0000 2596.1482   15.5333
    7.5000  -37.5000   15.0000 2567.4316   16.0344
   -7.5000  -30.0000   15.0000 2710.4641   14.1617
    0.0000  -30.0000   15.0000 2708.5054   14.2847
    7.5000  -30.0000   15.0000 2674.2300   14.7564
   -7.5000  -22.5000   15.0000 2829.2263   13.2935
    0.0000  -22.5000   15.0000 2824.0559   13.4041
    7.5000  -22.5000   15.0000 2777.1538   13.7747
   -7.5000  -15.0000   15.0000 2942.6084   12.7368
    0.0000  -15.0000   15.0000 2926.0149   12.8184
    7.5000  -15.0000   15.0000 2859.0510   13.1052
   -7.5000   -7.5000   15.0000 2997.9951   12.3868
    0.0000   -7.5000   15.0000 2976.5420   12.5275
    7.5000   -7.5000   15.0000 2902.4548   12.9160
   -7.5000    0.0000   15.0000 2984.0015   12.4679
    0.0000    0.0000   15.0000 2963.6846   12.6210
    7.5000    0.0000   15.0000 2896.9363   13.0785
   -7.5000    7.5000   15.0000 2919.7241   13.0211
    0.0000    7.5000   15.0000 2906.3135   13.1413
    7.5000    7.5000   15.0000 2844.5649   13.5668
   -7.5000   15.0000   15.0000 2827.5967   13.8279
    0.0000   15.0000   15.0000 2820.5786   13.9540
    7.5000   15.0000   15.0000 2772.7878   14.3217
   -7.5000   22.5000   15.0000 2717.7122   14.8788
    0.0000   22.5000   15.0000 2713.6870   15.0202
    7.5000   22.5000   15.0000 2673.8364   15.4242
   -7.5000   30.0000   15.0000 2587.3108   16.2410
    0.0000   30.0000   15.0000 2581.0376   16.3832
    7.5000   30.0000   15.0000 2540.2698   16.8286
   -7.5000   37.5000   15.0000 2438.1746   17.9996
    0.0000   37.5000   15.0000 2427.7549   18.1269
    7.5000   37.5000   15.0000 2385.2844   18.6388
   -7.5000   45.0000   15.0000 2270.0938   20.2024
    0.0000   45.0000   15.0000 2263.9871   20.3004
    7.5000   45.0000   15.0000 2226.5632   20.9028
   -7.5000  -45.0000   22.5000 2464.5144   17.3498
    0.0000  -45.0000   22.5000 2458.4453   17.6003
    7.5000  -45.0000   22.5000 2427.2249   18.1442
   -7.5000  -37.5000   22.5000 2571.7056   15.7564
    0.0000  -37.5000   22.5000 2569.7805   15.9450
    7.5000  -37.5000   22.5000 2541.8323   16.4791
   -7.5000  -30.0000   22.5000 2681.2109   14.5181
    0.0000  -30.0000   22.5000 2680.3240   14.6877
    7.5000  -30.0000   22.5000 2645.6038   15.1771
   -7.5000  -22.5000   22.5000 2795.0042   13.6251
    0.0000  -22.5000   22.5000 2794.9600   13.7619
    7.5000  -22.5000   22.5000 2748.8120   14.1972
   -7.5000  -15.0000   22.5000 2887.3425   13.0121
    0.0000  -15.0000   22.5000 2881.6816   13.1375
    7.5000  -15.0000   22.5000 2822.2419   13.5536
   -7.5000   -7.5000   22.5000 2937.4670   12.7474
    0.0000   -7.5000   22.5000 2924.2146   12.9079
    7.5000   -7.5000   22.5000 2862.4243   13.3358
   -7.5000    0.0000   22.5000 2933.9905   12.9602
    0.0000    0.0000   22.5000 2915.2317   13.0950
    7.5000    0.0000   22.5000 2851.4573   13.5110
   -7.5000    7.5000   22.5000 2880.8406   13.4855
    0.0000    7.5000   22.5000 2866.4060   13.6233
    7.5000    7.5000   22.5000 2802.1841   14.0037
   -7.5000   15.0000   22.5000 2776.9878   14.3380
    0.0000   15.0000   22.5000 2775.8066   14.4635
    7.5000   15.0000   22.5000 2725.2903   14.8292
   -7.5000   22.5000   22.5000 2665.4248   15.4572
    0.0000   22.5000   22.5000 2662.7476   15.5831
    7.5000   22.5000   22.5000 2624.0251   15.9533
   -7.5000   30.0000   22.5000 2535.8247   16.8493
    0.0000   30.0000   22.5000 2532.1416   16.9458
    7.5000   30.0000   22.5000 2492.2458   17.3657
   -7.5000   37.5000   22.5000 2387.6289   18.5444
    0.0000   37.5000   22.5000 2383.9119   18.6502
    7.5000   37.5000   22.5000 2344.9509   19.1361
   -7.5000   45.0000   22.5000 2223.7112   20.6897
    0.0000   45.0000   22.5000 2221.1233   20.7924
    7.5000   45.0000   22.5000 2190.1851   21.3321
   -7.5000  -45.0000   30.0000 2435.4058   17.9386
    0.0000  -45.0000   30.0000 2425.9739   18.1346
    7.5000  -45.0000   30.0000 2392.4597   18.7718
   -7.5000  -37.5000   30.0000 2541.0247   16.3227
    0.0000  -37.5000   30.0000 2532.9248   16.5083
    7.5000  -37.5000   30.0000 2499.7244   17.1177
   -7.5000  -30.0000   30.0000 2647.1287   15.0777
    0.0000  -30.0000   30.0000 2643.8142   15.2557
    7.5000  -30.0000   30.0000 2604.6270   15.8110
   -7.5000  -22.5000   30.0000 2749.1731   14.1348
    0.0000  -22.5000   30.0000 2745.1826   14.2983
    7.5000  -22.5000   30.0000 2699.7869   14.8256
   -7.5000  -15.0000   30.0000 2822.6609   13.5172
    0.0000  -15.0000   30.0000 2819.2856   13.6619
    7.5000  -15.0000   30.0000 2765.9033   14.1570
   -7.5000   -7.5000   30.0000 2858.1096   13.3525
    0.0000   -7.5000   30.0000 2853.8662   13.4915
    7.5000   -7.5000   30.0000 2797.6707   13.9256
   -7.5000    0.0000   30.0000 2845.8374   13.5748
    0.0000    0.0000   30.0000 2839.0503   13.7121
    7.5000    0.0000   30.0000 2782.9248   14.1152
   -7.5000    7.5000   30.0000 2796.8147   14.1266
    0.0000    7.5000   30.0000 2785.7178   14.2369
    7.5000    7.5000   30.0000 2728.9919   14.6301
   -7.5000   15.0000   30.0000 2717.6882   14.9984
    0.0000   15.0000   30.0000 2712.8406   15.1031
    7.5000   15.0000   30.0000 2656.4404   15.4539
   -7.5000   22.5000   30.0000 2606.9121   16.1680
    0.0000   22.5000   30.0000 2606.5007   16.2855
    7.5000   22.5000   30.0000 2562.4468   16.6473
   -7.5000   30.0000   30.0000 2476.3921   17.6347
    0.0000   30.0000   30.0000 2476.4773   17.7257
    7.5000   30.0000   30.0000 2438.0989   18.0632
   -7.5000   37.5000   30.0000 2326.4690   19.3657
    0.0000   37.5000   30.0000 2327.1182   19.4245
    7.5000   37.5000   30.0000 2289.2480   19.8807
   -7.5000   45.0000   30.0000 2163.7163   21.4968
    0.0000   45.0000   30.0000 2163.7705   21.5866
    7.5000   45.0000   30.0000 2132.3174   22.1224
   -7.5000  -45.0000   37.5000 2394.4126   18.7325
    0.0000  -45.0000   37.5000 2384.4841   18.8502
    7.5000  -45.0000   37.5000 2348.2651   19.6333
   -7.5000  -37.5000   37.5000 2501.9851   17.1191
    0.0000  -37.5000   37.5000 2489.5413   17.2469
    7.5000  -37.5000   37.5000 2448.7168   17.9579
   -7.5000  -30.0000   37.5000 2599.6848   15.8798
    0.0000  -30.0000   37.5000 2591.0239   16.0307
    7.5000  -30.0000   37.5000 2547.2097   16.6361
   -7.5000  -22.5000   37.5000 2687.7549   14.9107
    0.0000  -22.5000   37.5000 2680.6826   15.0623
    7.5000  -22.5000   37.5000 2630.5623   15.6321
   -7.5000  -15.0000   37.5000 2749.6501   14.3290
    0.0000  -15.0000   37.5000 2743.9072   14.4622
    7.5000  -15.0000   37.5000 2692.7339   14.9761
   -7.5000   -7.5000   37.5000 2770.1279   14.1910
    0.0000   -7.5000   37.5000 2767.6287   14.3148
    7.5000   -7.5000   37.5000 2718.0208   14.7767
   -7.5000    0.0000   37.5000 2752.7610   14.4242
    0.0000    0.0000   37.5000 2751.5620   14.5273
    7.5000    0.0000   37.5000 2700.2905   14.9520
   -7.5000    7.5000   37.5000 2702.2590   14.9498
    0.0000    7.5000   37.5000 2696.9026   15.0296
    7.5000    7.5000   37.5000 2651.8796   15.4555
   -7.5000   15.0000   37.5000 2633.7419   15.7562
    0.0000   15.0000   37.5000 2627.5342   15.8574
    7.5000   15.0000   37.5000 2579.4814   16.2424
   -7.5000   22.5000   37.5000 2541.0232   16.9832
    0.0000   22.5000   37.5000 2538.6340   17.0700
    7.5000   22.5000   37.5000 2488.8181   17.4559
   -7.5000   30.0000   37.5000 2418.6501   18.4844
    0.0000   30.0000   37.5000 2416.6675   18.5746
    7.5000   30.0000   37.5000 2373.1948   18.9653
   -7.5000   37.5000   37.5000 2263.8276   20.3452
    0.0000   37.5000   37.5000 2263.0359   20.4025
    7.5000   37.5000   37.5000 2224.1497   20.8233
   -7.5000   45.0000   37.5000 2100.9233   22.6319
    0.0000   45.0000   37.5000 2096.4653   22.6634
    7.5000   45.0000   37.5000 2069.3862   23.1850
   -7.5000  -45.0000   45.0000 2339.1357   19.9081
    0.0000  -45.0000   45.0000 2329.7498   19.9412
    7.5000  -45.0000   45.0000 2285.1499   20.7849
   -7.5000  -37.5000   45.0000 2440.6877   18.2098
    0.0000  -37.5000   45.0000 2430.1248   18.3193
    7.5000  -37.5000   45.0000 2388.0769   19.0251
   -7.5000  -30.0000   45.0000 2525.4141   16.9513
    0.0000  -30.0000   45.0000 2516.7803   17.0692
    7.5000  -30.0000   45.0000 2476.9131   17.7114
   -7.5000  -22.5000   45.0000 2601.7834   15.9949
    0.0000  -22.5000   45.0000 2593.2852   16.0891
    7.5000  -22.5000   45.0000 2547.6758   16.7153
   -7.5000  -15.0000   45.0000 2653.0127   15.4354
    0.0000  -15.0000   45.0000 2646.0498   15.5330
    7.5000  -15.0000   45.0000 2601.0198   16.0671
   -7.5000   -7.5000   45.0000 2668.6294   15.3121
    0.0000   -7.5000   45.0000 2666.8242   15.3978
    7.5000   -7.5000   45.0000 2620.8672   15.8492
   -7.5000    0.0000   45.0000 2648.4089   15.4982
    0.0000    0.0000   45.0000 2647.3330   15.5696
    7.5000    0.0000   45.0000 2606.2478   16.0033
   -7.5000    7.5000   45.0000 2602.2546   15.9788
    0.0000    7.5000   45.0000 2598.2683   16.0259
    7.5000    7.5000   45.0000 2562.4988   16.4746
   -7.5000   15.0000   45.0000 2542.1262   16.7537
    0.0000   15.0000   45.0000 2539.7590   16.7948
    7.5000   15.0000   45.0000 2496.7151   17.2278
   -7.5000   22.5000   45.0000 2454.6235   17.9537
    0.0000   22.5000   45.0000 2454.1392   17.9545
    7.5000   22.5000   45.0000 2409.3777   18.3865
   -7.5000   30.0000   45.0000 2337.1011   19.5426
    0.0000   30.0000   45.0000 2334.3657   19.5296
    7.5000   30.0000   45.0000 2299.1465   19.9462
   -7.5000   37.5000   45.0000 2188.5808   21.5599
    0.0000   37.5000   45.0000 2188.3936   21.5464
    7.5000   37.5000   45.0000 2159.7622   21.9716
   -7.5000   45.0000   45.0000 2035.7141   23.9571
    0.0000   45.0000   45.0000 2032.4130   23.9162
    7.5000   45.0000   45.0000 2012.3527   24.4058

---------------------------------------------------------------------
imgreg_4dfp /opt/freesurfer/average/711-2C_as_mni_average_305 /opt/freesurfer/average/711-2B_as_mni_average_305_mask talsrcimg_g11 none talsrcimg_to_711-2C_as_mni_average_305_t4 1283
---------------------------------------------------------------------

freesurfer imgreg_4dfp.c
/opt/freesurfer/average/711-2C_as_mni_average_305.4dfp.img
       256       256       256         1
  1.000000  1.000000  1.000000
orientation T byte_order littleendian
Reading image: /opt/freesurfer/average/711-2C_as_mni_average_305.4dfp.img
dimensions:      256       256       256
mmppix:       1.0000   -1.0000   -1.0000
center:     128.0000 -129.0000 -129.0000
/opt/freesurfer/average/711-2B_as_mni_average_305_mask.4dfp.img
       256       256       256         1
  1.000000  1.000000  1.000000
orientation T byte_order littleendian
Reading mask: /opt/freesurfer/average/711-2B_as_mni_average_305_mask.4dfp.img (2306576 pixels)
talsrcimg_g11.4dfp.img
       256       256       256         1
  1.000000  1.000000  1.000000
orientation T byte_order littleendian
Reading image: talsrcimg_g11.4dfp.img
dimensions:      256       256       256
mmppix:       1.0000   -1.0000   -1.0000
center:     128.0000 -129.0000 -129.0000
rotation matrix determinant  1.000000
fimgreg.f
image alignment mode   1283 decimal      503 hex
parameters
   -7.5000   -7.5000    7.5000    0.0000    0.0000    0.0000
eta,q 0.95064 12.40446
niter,ni,del,rscale     5    3   12.0000    1.2000
parameters
   -5.6886   -6.5168    6.2489   -1.5733    0.3233   -1.1004
eta,q 0.95514 12.31093
  0.0669  0.0603  0.0508  0.0471  0.0514  0.0492
  0.0586  0.0528  0.0471  0.0466  0.0481  0.0463
  0.0519  0.0476  0.0450  0.0452  0.0461  0.0450
  0.0475  0.0461  0.0463  0.0451  0.0450  0.0451
  0.0461  0.0469  0.0494  0.0466  0.0456  0.0468
  0.0483  0.0490  0.0515  0.0490  0.0473  0.0498
  0.0527  0.0526  0.0542  0.0527  0.0502  0.0530
niter,ni,del,rscale     4    3   12.0000    1.2000
parameters
   -5.9061   -5.7495    6.2034   -2.8529    0.2654   -0.8477
eta,q 0.95432 12.29390
  0.0565  0.0574  0.0519  0.0466  0.0510  0.0528
  0.0497  0.0501  0.0486  0.0462  0.0479  0.0493
  0.0457  0.0458  0.0460  0.0459  0.0462  0.0465
  0.0449  0.0448  0.0452  0.0452  0.0456  0.0456
  0.0469  0.0462  0.0465  0.0454  0.0467  0.0465
  0.0513  0.0482  0.0488  0.0473  0.0483  0.0486
  0.0579  0.0512  0.0519  0.0504  0.0509  0.0515
niter,ni,del,rscale     3    3   12.0000    1.2000
parameters
   -5.6961   -4.9330    5.3299   -4.2476   -0.9144   -0.9023
eta,q 0.95462 12.29070
  0.0594  0.0554  0.0488  0.0463  0.0483  0.0514
  0.0525  0.0496  0.0462  0.0452  0.0463  0.0481
  0.0476  0.0460  0.0457  0.0454  0.0454  0.0457
  0.0457  0.0457  0.0461  0.0458  0.0457  0.0454
  0.0475  0.0464  0.0467  0.0454  0.0469  0.0464
  0.0512  0.0472  0.0477  0.0461  0.0484  0.0485
  0.0575  0.0506  0.0512  0.0485  0.0514  0.0512
niter,ni,del,rscale     2    3   12.0000    1.2000
parameters
   -5.0090   -3.8504    3.8555   -6.1136   -0.9368   -0.9512
eta,q 0.95674 12.32970
  0.0611  0.0542  0.0479  0.0446  0.0473  0.0489
  0.0535  0.0493  0.0438  0.0436  0.0454  0.0459
  0.0477  0.0466  0.0434  0.0433  0.0441  0.0436
  0.0454  0.0453  0.0447  0.0436  0.0433  0.0433
  0.0458  0.0444  0.0469  0.0445  0.0437  0.0444
  0.0489  0.0456  0.0483  0.0458  0.0450  0.0464
  0.0556  0.0496  0.0510  0.0482  0.0478  0.0486
niter,ni,del,rscale     1    3   12.0000    1.2000
parameters
   -5.0281   -2.4988    3.9773   -7.0339   -1.2880   -0.3638
eta,q 0.95734 12.35114
  0.0563  0.0550  0.0523  0.0452  0.0469  0.0481
  0.0496  0.0499  0.0452  0.0430  0.0444  0.0453
  0.0452  0.0456  0.0424  0.0425  0.0430  0.0432
  0.0433  0.0433  0.0427  0.0428  0.0427  0.0427
  0.0441  0.0426  0.0444  0.0431  0.0433  0.0429
  0.0497  0.0441  0.0469  0.0447  0.0449  0.0441
  0.0568  0.0482  0.0495  0.0476  0.0482  0.0462
registration optimization eta report
parameter search radius
    6.0000    6.0000    6.0000    6.0000    6.0000    6.0000
100000*second partial in parameter space
       37.       23.       23.       11.       14.       13.
  0.0563  0.0550  0.0523  0.0452  0.0469  0.0481
  0.0496  0.0499  0.0452  0.0430  0.0444  0.0453
  0.0452  0.0456  0.0424  0.0425  0.0430  0.0432
  0.0433  0.0433  0.0427  0.0428  0.0427  0.0427
  0.0441  0.0426  0.0444  0.0431  0.0433  0.0429
  0.0497  0.0441  0.0469  0.0447  0.0449  0.0441
  0.0568  0.0482  0.0495  0.0476  0.0482  0.0462
   -5.0281   -2.4988    3.9773   -7.0339   -1.2880   -0.3638
eta,q 0.95734 12.35114

---------------------------------------------------------------------
imgreg_4dfp /opt/freesurfer/average/711-2C_as_mni_average_305 /opt/freesurfer/average/711-2B_as_mni_average_305_mask talsrcimg_g11 none talsrcimg_to_711-2C_as_mni_average_305_t4 3335
---------------------------------------------------------------------

freesurfer imgreg_4dfp.c
/opt/freesurfer/average/711-2C_as_mni_average_305.4dfp.img
       256       256       256         1
  1.000000  1.000000  1.000000
orientation T byte_order littleendian
Reading image: /opt/freesurfer/average/711-2C_as_mni_average_305.4dfp.img
dimensions:      256       256       256
mmppix:       1.0000   -1.0000   -1.0000
center:     128.0000 -129.0000 -129.0000
/opt/freesurfer/average/711-2B_as_mni_average_305_mask.4dfp.img
       256       256       256         1
  1.000000  1.000000  1.000000
orientation T byte_order littleendian
Reading mask: /opt/freesurfer/average/711-2B_as_mni_average_305_mask.4dfp.img (2306576 pixels)
talsrcimg_g11.4dfp.img
       256       256       256         1
  1.000000  1.000000  1.000000
orientation T byte_order littleendian
Reading image: talsrcimg_g11.4dfp.img
dimensions:      256       256       256
mmppix:       1.0000   -1.0000   -1.0000
center:     128.0000 -129.0000 -129.0000
fimgreg.f
image alignment mode   3335 decimal      D07 hex
parameters
   -5.0281   -2.4988    3.9773   -0.0273   -0.7529   -0.7777
    0.3549    2.3086   -0.6348   12.2312   -2.2478  -12.2426
eta,q 0.95738 12.57177
niter,ni,del,rscale     5    3    5.0000    1.2000
parameter  4  1.080094 ->  0.500000 qaram    1.1500
parameter  5  2.881147 ->  0.500000 qaram    1.1500
parameter  6  1.228674 ->  0.500000 qaram    1.1500
parameters
   -4.8637   -2.0905    4.1338   -4.1673   -4.8929   -4.9177
    1.6791    2.1807   -0.2424   12.6759   -1.4808  -15.2616
eta,q 0.96739 12.15325
  0.0458  0.0444  0.0441  0.0394  0.0329  0.0316  0.0355  0.0363  0.0347  0.0351  0.0342  0.0330
  0.0442  0.0435  0.0432  0.0396  0.0349  0.0327  0.0343  0.0343  0.0338  0.0342  0.0335  0.0327
  0.0431  0.0429  0.0427  0.0406  0.0373  0.0337  0.0334  0.0332  0.0332  0.0333  0.0331  0.0326
  0.0426  0.0426  0.0425  0.0425  0.0398  0.0355  0.0330  0.0329  0.0329  0.0329  0.0329  0.0328
  0.0428  0.0426  0.0426  0.0455  0.0425  0.0378  0.0330  0.0333  0.0330  0.0329  0.0329  0.0332
  0.0437  0.0428  0.0430  0.0489  0.0458  0.0410  0.0333  0.0345  0.0335  0.0335  0.0332  0.0338
  0.0450  0.0435  0.0437  0.0520  0.0494  0.0446  0.0341  0.0365  0.0344  0.0348  0.0337  0.0345
niter,ni,del,rscale     7    3    5.0000    1.2000
parameter  5  1.366419 ->  0.500000 qaram    1.3225
parameter  6  0.539423 ->  0.500000 qaram    1.3225
parameters
   -4.8884   -2.2218    4.7555   -7.7035   -9.6539   -9.6787
    1.2013    1.9143   -1.1674   12.5953   -1.2913  -13.8920
eta,q 0.97281 11.62049
  0.0356  0.0344  0.0348  0.0330  0.0277  0.0282  0.0300  0.0311  0.0289  0.0304  0.0285  0.0297
  0.0339  0.0334  0.0338  0.0324  0.0282  0.0274  0.0285  0.0290  0.0279  0.0287  0.0278  0.0286
  0.0329  0.0327  0.0330  0.0320  0.0297  0.0275  0.0275  0.0277  0.0274  0.0276  0.0274  0.0277
  0.0326  0.0326  0.0326  0.0325  0.0320  0.0285  0.0273  0.0273  0.0273  0.0273  0.0273  0.0273
  0.0330  0.0329  0.0325  0.0341  0.0350  0.0298  0.0279  0.0279  0.0278  0.0276  0.0274  0.0272
  0.0340  0.0337  0.0328  0.0368  0.0382  0.0316  0.0291  0.0295  0.0287  0.0288  0.0278  0.0277
  0.0357  0.0348  0.0333  0.0404  0.0418  0.0344  0.0307  0.0317  0.0299  0.0305  0.0284  0.0284
niter,ni,del,rscale     7    3    5.0000    1.2000
parameters
   -4.8441   -1.8153    4.6142   -6.7001  -13.1121   -9.8250
    1.5800    1.8358   -1.2271   13.3248   -1.1327  -14.1890
eta,q 0.97379 11.50935
  0.0305  0.0305  0.0286  0.0308  0.0286  0.0298  0.0295  0.0303  0.0281  0.0300  0.0275  0.0277
  0.0288  0.0289  0.0277  0.0293  0.0270  0.0283  0.0278  0.0281  0.0271  0.0281  0.0268  0.0268
  0.0276  0.0277  0.0272  0.0281  0.0262  0.0271  0.0267  0.0267  0.0265  0.0268  0.0264  0.0263
  0.0272  0.0272  0.0271  0.0271  0.0269  0.0262  0.0262  0.0262  0.0262  0.0262  0.0262  0.0262
  0.0275  0.0272  0.0274  0.0269  0.0292  0.0267  0.0265  0.0268  0.0265  0.0264  0.0263  0.0265
  0.0286  0.0278  0.0281  0.0277  0.0325  0.0281  0.0274  0.0283  0.0272  0.0273  0.0267  0.0271
  0.0303  0.0288  0.0290  0.0298  0.0363  0.0304  0.0289  0.0305  0.0282  0.0287  0.0273  0.0278
niter,ni,del,rscale     6    3    5.0000    1.2000
parameters
   -4.8432   -1.1511    4.1591   -5.7578  -14.1969  -10.6108
    1.6703    1.8424   -1.3307   14.6463   -0.9542  -14.2070
eta,q 0.97422 11.48753
  0.0294  0.0297  0.0270  0.0298  0.0298  0.0290  0.0288  0.0300  0.0277  0.0300  0.0270  0.0273
  0.0277  0.0281  0.0263  0.0283  0.0279  0.0275  0.0273  0.0278  0.0267  0.0281  0.0263  0.0264
  0.0266  0.0269  0.0260  0.0270  0.0263  0.0265  0.0262  0.0264  0.0261  0.0267  0.0259  0.0259
  0.0262  0.0262  0.0261  0.0260  0.0258  0.0258  0.0259  0.0259  0.0259  0.0259  0.0258  0.0258
  0.0266  0.0261  0.0265  0.0258  0.0268  0.0265  0.0262  0.0264  0.0261  0.0259  0.0259  0.0260
  0.0277  0.0264  0.0272  0.0266  0.0293  0.0281  0.0272  0.0278  0.0267  0.0265  0.0263  0.0265
  0.0294  0.0272  0.0281  0.0289  0.0324  0.0305  0.0287  0.0300  0.0278  0.0278  0.0268  0.0272
niter,ni,del,rscale     5    3    5.0000    1.2000
parameters
   -4.8576   -0.6028    3.5552   -5.3811  -14.8841  -11.4469
    1.7158    1.8303   -1.5217   15.6205   -0.7098  -14.2945
eta,q 0.97452 11.44413
  0.0290  0.0288  0.0264  0.0291  0.0299  0.0285  0.0284  0.0295  0.0274  0.0294  0.0267  0.0270
  0.0272  0.0274  0.0258  0.0277  0.0279  0.0270  0.0269  0.0274  0.0264  0.0276  0.0260  0.0261
  0.0261  0.0263  0.0256  0.0265  0.0262  0.0260  0.0259  0.0260  0.0257  0.0262  0.0256  0.0256
  0.0258  0.0258  0.0257  0.0256  0.0255  0.0255  0.0255  0.0255  0.0255  0.0255  0.0255  0.0255
  0.0262  0.0257  0.0261  0.0255  0.0264  0.0262  0.0259  0.0260  0.0258  0.0256  0.0256  0.0257
  0.0273  0.0261  0.0268  0.0266  0.0287  0.0277  0.0269  0.0274  0.0265  0.0264  0.0260  0.0262
  0.0290  0.0269  0.0278  0.0292  0.0317  0.0300  0.0283  0.0295  0.0276  0.0278  0.0265  0.0270
niter,ni,del,rscale     4    3    5.0000    1.2000
parameters
   -4.8615   -0.2399    3.1328   -5.1431  -15.2431  -11.9730
    1.7689    1.8224   -1.6347   16.2014   -0.7407  -14.5298
eta,q 0.97465 11.41705
  0.0286  0.0283  0.0264  0.0288  0.0301  0.0285  0.0282  0.0292  0.0274  0.0290  0.0265  0.0268
  0.0269  0.0270  0.0257  0.0274  0.0281  0.0269  0.0267  0.0272  0.0263  0.0272  0.0259  0.0259
  0.0258  0.0260  0.0254  0.0263  0.0262  0.0258  0.0257  0.0258  0.0256  0.0259  0.0255  0.0255
  0.0255  0.0255  0.0254  0.0254  0.0253  0.0253  0.0254  0.0254  0.0254  0.0254  0.0254  0.0254
  0.0259  0.0255  0.0258  0.0253  0.0261  0.0259  0.0257  0.0259  0.0257  0.0256  0.0255  0.0256
  0.0269  0.0260  0.0264  0.0265  0.0282  0.0274  0.0267  0.0272  0.0264  0.0265  0.0259  0.0262
  0.0286  0.0270  0.0273  0.0291  0.0313  0.0294  0.0281  0.0292  0.0275  0.0280  0.0265  0.0269
niter,ni,del,rscale     3    3    5.0000    1.2000
parameters
   -4.8684   -0.0573    2.9051   -5.0418  -15.4094  -12.2114
    1.7905    1.8246   -1.6413   16.5202   -0.8389  -14.7194
eta,q 0.97468 11.40469
  0.0284  0.0280  0.0265  0.0286  0.0302  0.0286  0.0281  0.0291  0.0274  0.0287  0.0265  0.0269
  0.0267  0.0266  0.0258  0.0273  0.0282  0.0270  0.0267  0.0271  0.0263  0.0270  0.0258  0.0259
  0.0257  0.0257  0.0254  0.0262  0.0263  0.0258  0.0257  0.0258  0.0255  0.0258  0.0254  0.0254
  0.0253  0.0254  0.0253  0.0253  0.0253  0.0253  0.0253  0.0253  0.0253  0.0253  0.0253  0.0253
  0.0257  0.0255  0.0256  0.0253  0.0259  0.0258  0.0257  0.0258  0.0256  0.0257  0.0255  0.0256
  0.0268  0.0262  0.0262  0.0265  0.0280  0.0272  0.0266  0.0271  0.0263  0.0266  0.0259  0.0262
  0.0284  0.0273  0.0270  0.0292  0.0311  0.0291  0.0281  0.0291  0.0274  0.0281  0.0265  0.0269
niter,ni,del,rscale     2    3    5.0000    1.2000
parameters
   -4.8741    0.0398    2.7960   -5.0083  -15.5012  -12.3261
    1.7813    1.8376   -1.6225   16.7003   -0.8968  -14.8104
eta,q 0.97468 11.39802
  0.0283  0.0278  0.0267  0.0286  0.0303  0.0287  0.0281  0.0291  0.0274  0.0286  0.0265  0.0269
  0.0267  0.0265  0.0259  0.0273  0.0283  0.0270  0.0266  0.0271  0.0263  0.0268  0.0258  0.0260
  0.0256  0.0256  0.0254  0.0262  0.0264  0.0259  0.0256  0.0258  0.0256  0.0257  0.0254  0.0254
  0.0253  0.0253  0.0253  0.0253  0.0253  0.0253  0.0253  0.0253  0.0253  0.0253  0.0253  0.0253
  0.0257  0.0255  0.0256  0.0253  0.0259  0.0257  0.0257  0.0258  0.0256  0.0257  0.0255  0.0256
  0.0267  0.0263  0.0261  0.0265  0.0280  0.0271  0.0266  0.0271  0.0263  0.0267  0.0259  0.0261
  0.0283  0.0274  0.0269  0.0293  0.0310  0.0289  0.0281  0.0290  0.0274  0.0282  0.0265  0.0269
niter,ni,del,rscale     1    3    5.0000    1.2000
parameters
   -4.8751    0.0930    2.7407   -4.9921  -15.5526  -12.3812
    1.7613    1.8425   -1.6021   16.7942   -0.9363  -14.8672
eta,q 0.97467 11.39446
  0.0283  0.0277  0.0267  0.0286  0.0303  0.0287  0.0281  0.0290  0.0275  0.0285  0.0265  0.0270
  0.0267  0.0264  0.0259  0.0273  0.0283  0.0271  0.0266  0.0271  0.0263  0.0268  0.0258  0.0260
  0.0256  0.0256  0.0254  0.0262  0.0264  0.0259  0.0256  0.0258  0.0256  0.0257  0.0254  0.0254
  0.0253  0.0253  0.0253  0.0253  0.0253  0.0253  0.0253  0.0253  0.0253  0.0253  0.0253  0.0253
  0.0257  0.0256  0.0255  0.0253  0.0259  0.0257  0.0257  0.0258  0.0256  0.0257  0.0255  0.0256
  0.0267  0.0263  0.0260  0.0266  0.0279  0.0271  0.0266  0.0271  0.0263  0.0267  0.0259  0.0261
  0.0283  0.0275  0.0268  0.0293  0.0309  0.0289  0.0281  0.0290  0.0274  0.0283  0.0265  0.0269
registration optimization eta report
parameter search radius
    2.4000    2.4000    2.4000    8.2800    9.5220    9.5220
    7.2000    7.2000    7.2000    7.2000    7.2000    7.2000
100000*second partial in parameter space
       51.       39.       25.        5.        6.        4.
        5.        7.        4.        6.        2.        3.
  0.0283  0.0277  0.0267  0.0286  0.0303  0.0287  0.0281  0.0290  0.0275  0.0285  0.0265  0.0270
  0.0267  0.0264  0.0259  0.0273  0.0283  0.0271  0.0266  0.0271  0.0263  0.0268  0.0258  0.0260
  0.0256  0.0256  0.0254  0.0262  0.0264  0.0259  0.0256  0.0258  0.0256  0.0257  0.0254  0.0254
  0.0253  0.0253  0.0253  0.0253  0.0253  0.0253  0.0253  0.0253  0.0253  0.0253  0.0253  0.0253
  0.0257  0.0256  0.0255  0.0253  0.0259  0.0257  0.0257  0.0258  0.0256  0.0257  0.0255  0.0256
  0.0267  0.0263  0.0260  0.0266  0.0279  0.0271  0.0266  0.0271  0.0263  0.0267  0.0259  0.0261
  0.0283  0.0275  0.0268  0.0293  0.0309  0.0289  0.0281  0.0290  0.0274  0.0283  0.0265  0.0269
   -4.8751    0.0930    2.7407   -4.9921  -15.5526  -12.3812
    1.7613    1.8425   -1.6021   16.7942   -0.9363  -14.8672
eta,q 0.97467 11.39446

---------------------------------------------------------------------
imgreg_4dfp /opt/freesurfer/average/711-2C_as_mni_average_305 /opt/freesurfer/average/711-2B_as_mni_average_305_mask talsrcimg_g11 none talsrcimg_to_711-2C_as_mni_average_305_t4 2311
---------------------------------------------------------------------

freesurfer imgreg_4dfp.c
/opt/freesurfer/average/711-2C_as_mni_average_305.4dfp.img
       256       256       256         1
  1.000000  1.000000  1.000000
orientation T byte_order littleendian
Reading image: /opt/freesurfer/average/711-2C_as_mni_average_305.4dfp.img
dimensions:      256       256       256
mmppix:       1.0000   -1.0000   -1.0000
center:     128.0000 -129.0000 -129.0000
/opt/freesurfer/average/711-2B_as_mni_average_305_mask.4dfp.img
       256       256       256         1
  1.000000  1.000000  1.000000
orientation T byte_order littleendian
Reading mask: /opt/freesurfer/average/711-2B_as_mni_average_305_mask.4dfp.img (2306576 pixels)
talsrcimg_g11.4dfp.img
       256       256       256         1
  1.000000  1.000000  1.000000
orientation T byte_order littleendian
Reading image: talsrcimg_g11.4dfp.img
dimensions:      256       256       256
mmppix:       1.0000   -1.0000   -1.0000
center:     128.0000 -129.0000 -129.0000
fimgreg.f
image alignment mode   2311 decimal      907 hex
parameters
   -4.8751    0.0930    2.7407   -4.9921  -15.5526  -12.3812
    1.7613    1.8425   -1.6021   16.7942   -0.9363  -14.8672
eta,q 0.97467 11.39446
niter,ni,del,rscale     5    3    5.0000    0.8000
parameters
   -4.8931    0.1069    2.6773   -3.9109  -15.2498  -12.4665
    1.7193    1.8296   -1.6820   16.8015   -1.0181  -14.9419
eta,q 0.97480 11.44334
  0.0267  0.0264  0.0259  0.0270  0.0272  0.0262  0.0266  0.0270  0.0262  0.0267  0.0258  0.0260
  0.0259  0.0258  0.0256  0.0263  0.0262  0.0257  0.0258  0.0260  0.0256  0.0259  0.0254  0.0255
  0.0255  0.0254  0.0254  0.0257  0.0255  0.0254  0.0253  0.0254  0.0253  0.0254  0.0253  0.0253
  0.0253  0.0253  0.0253  0.0253  0.0252  0.0252  0.0252  0.0252  0.0252  0.0252  0.0252  0.0252
  0.0255  0.0254  0.0254  0.0252  0.0253  0.0253  0.0254  0.0254  0.0254  0.0254  0.0253  0.0253
  0.0260  0.0258  0.0257  0.0254  0.0259  0.0257  0.0259  0.0260  0.0257  0.0259  0.0255  0.0256
  0.0267  0.0263  0.0260  0.0261  0.0268  0.0264  0.0266  0.0270  0.0263  0.0267  0.0258  0.0260
niter,ni,del,rscale     4    3    5.0000    0.7000
parameters
   -4.9339    0.0232    2.6342   -3.9249  -15.1460  -12.4637
    1.7538    1.8088   -1.6928   16.6907   -0.9799  -14.9824
eta,q 0.97481 11.44642
  0.0262  0.0259  0.0257  0.0263  0.0266  0.0260  0.0263  0.0266  0.0260  0.0263  0.0257  0.0258
  0.0256  0.0255  0.0254  0.0257  0.0259  0.0256  0.0257  0.0258  0.0255  0.0257  0.0254  0.0254
  0.0253  0.0253  0.0252  0.0254  0.0254  0.0253  0.0253  0.0253  0.0253  0.0253  0.0252  0.0252
  0.0252  0.0252  0.0252  0.0252  0.0252  0.0252  0.0252  0.0252  0.0252  0.0252  0.0252  0.0252
  0.0253  0.0253  0.0253  0.0253  0.0253  0.0252  0.0253  0.0254  0.0253  0.0254  0.0252  0.0253
  0.0257  0.0256  0.0255  0.0256  0.0258  0.0256  0.0257  0.0258  0.0256  0.0258  0.0254  0.0255
  0.0263  0.0261  0.0257  0.0264  0.0265  0.0261  0.0262  0.0266  0.0260  0.0264  0.0256  0.0258
niter,ni,del,rscale     3    3    5.0000    0.6000
parameters
   -4.9430   -0.0091    2.6298   -3.8588  -15.1072  -12.3905
    1.7513    1.7959   -1.7215   16.6319   -0.9668  -15.0140
eta,q 0.97482 11.45226
  0.0260  0.0258  0.0256  0.0260  0.0263  0.0258  0.0260  0.0262  0.0258  0.0260  0.0255  0.0256
  0.0255  0.0254  0.0254  0.0256  0.0257  0.0255  0.0255  0.0256  0.0254  0.0255  0.0253  0.0254
  0.0253  0.0252  0.0252  0.0253  0.0253  0.0253  0.0253  0.0253  0.0252  0.0253  0.0252  0.0252
  0.0252  0.0252  0.0252  0.0252  0.0252  0.0252  0.0252  0.0252  0.0252  0.0252  0.0252  0.0252
  0.0253  0.0253  0.0252  0.0252  0.0253  0.0252  0.0253  0.0253  0.0253  0.0253  0.0252  0.0252
  0.0256  0.0255  0.0254  0.0255  0.0257  0.0254  0.0255  0.0256  0.0255  0.0256  0.0253  0.0254
  0.0260  0.0258  0.0256  0.0260  0.0262  0.0259  0.0260  0.0262  0.0258  0.0261  0.0255  0.0256
niter,ni,del,rscale     2    3    5.0000    0.5000
parameters
   -4.9523   -0.0295    2.6465   -3.8115  -15.0908  -12.2898
    1.7536    1.7800   -1.7413   16.5860   -0.9497  -15.0404
eta,q 0.97483 11.45774
  0.0257  0.0256  0.0255  0.0258  0.0259  0.0257  0.0257  0.0259  0.0256  0.0258  0.0254  0.0255
  0.0254  0.0254  0.0253  0.0255  0.0255  0.0254  0.0254  0.0255  0.0254  0.0254  0.0253  0.0253
  0.0252  0.0252  0.0252  0.0253  0.0253  0.0253  0.0252  0.0253  0.0252  0.0252  0.0252  0.0252
  0.0252  0.0252  0.0252  0.0252  0.0252  0.0252  0.0252  0.0252  0.0252  0.0252  0.0252  0.0252
  0.0252  0.0252  0.0252  0.0252  0.0253  0.0252  0.0252  0.0253  0.0252  0.0253  0.0252  0.0252
  0.0254  0.0254  0.0253  0.0254  0.0255  0.0254  0.0254  0.0255  0.0254  0.0255  0.0253  0.0253
  0.0257  0.0256  0.0254  0.0258  0.0259  0.0256  0.0257  0.0259  0.0256  0.0258  0.0254  0.0255
niter,ni,del,rscale     1    3    5.0000    0.4000
parameters
   -4.9594   -0.0458    2.6784   -3.7799  -15.1010  -12.1489
    1.7493    1.7749   -1.7800   16.5445   -0.9640  -15.0681
eta,q 0.97483 11.46323
  0.0255  0.0254  0.0254  0.0255  0.0257  0.0255  0.0255  0.0256  0.0254  0.0256  0.0253  0.0254
  0.0253  0.0253  0.0253  0.0253  0.0254  0.0254  0.0253  0.0254  0.0253  0.0253  0.0252  0.0253
  0.0252  0.0252  0.0252  0.0252  0.0252  0.0252  0.0252  0.0252  0.0252  0.0252  0.0252  0.0252
  0.0252  0.0252  0.0252  0.0252  0.0252  0.0252  0.0252  0.0252  0.0252  0.0252  0.0252  0.0252
  0.0252  0.0252  0.0252  0.0252  0.0252  0.0252  0.0252  0.0252  0.0252  0.0252  0.0252  0.0252
  0.0253  0.0253  0.0252  0.0253  0.0254  0.0253  0.0253  0.0254  0.0253  0.0254  0.0252  0.0253
  0.0255  0.0255  0.0253  0.0255  0.0257  0.0255  0.0255  0.0256  0.0254  0.0256  0.0253  0.0254
registration optimization eta report
parameter search radius
    0.8000    0.8000    0.8000    2.4000    2.4000    2.4000
    2.4000    2.4000    2.4000    2.4000    2.4000    2.4000
100000*second partial in parameter space
       55.       43.       28.        6.        9.        5.
        6.        8.        5.        7.        3.        4.
  0.0255  0.0254  0.0254  0.0255  0.0257  0.0255  0.0255  0.0256  0.0254  0.0256  0.0253  0.0254
  0.0253  0.0253  0.0253  0.0253  0.0254  0.0254  0.0253  0.0254  0.0253  0.0253  0.0252  0.0253
  0.0252  0.0252  0.0252  0.0252  0.0252  0.0252  0.0252  0.0252  0.0252  0.0252  0.0252  0.0252
  0.0252  0.0252  0.0252  0.0252  0.0252  0.0252  0.0252  0.0252  0.0252  0.0252  0.0252  0.0252
  0.0252  0.0252  0.0252  0.0252  0.0252  0.0252  0.0252  0.0252  0.0252  0.0252  0.0252  0.0252
  0.0253  0.0253  0.0252  0.0253  0.0254  0.0253  0.0253  0.0254  0.0253  0.0254  0.0252  0.0253
  0.0255  0.0255  0.0253  0.0255  0.0257  0.0255  0.0255  0.0256  0.0254  0.0256  0.0253  0.0254
   -4.9594   -0.0458    2.6784   -3.7799  -15.1010  -12.1489
    1.7493    1.7749   -1.7800   16.5445   -0.9640  -15.0681
eta,q 0.97483 11.46323

---------------------------------------------------------------------
imgreg_4dfp /opt/freesurfer/average/711-2C_as_mni_average_305 /opt/freesurfer/average/711-2B_as_mni_average_305_mask talsrcimg_g11 none talsrcimg_to_711-2C_as_mni_average_305_t4 2311
---------------------------------------------------------------------

freesurfer imgreg_4dfp.c
/opt/freesurfer/average/711-2C_as_mni_average_305.4dfp.img
       256       256       256         1
  1.000000  1.000000  1.000000
orientation T byte_order littleendian
Reading image: /opt/freesurfer/average/711-2C_as_mni_average_305.4dfp.img
dimensions:      256       256       256
mmppix:       1.0000   -1.0000   -1.0000
center:     128.0000 -129.0000 -129.0000
/opt/freesurfer/average/711-2B_as_mni_average_305_mask.4dfp.img
       256       256       256         1
  1.000000  1.000000  1.000000
orientation T byte_order littleendian
Reading mask: /opt/freesurfer/average/711-2B_as_mni_average_305_mask.4dfp.img (2306576 pixels)
talsrcimg_g11.4dfp.img
       256       256       256         1
  1.000000  1.000000  1.000000
orientation T byte_order littleendian
Reading image: talsrcimg_g11.4dfp.img
dimensions:      256       256       256
mmppix:       1.0000   -1.0000   -1.0000
center:     128.0000 -129.0000 -129.0000
fimgreg.f
image alignment mode   2311 decimal      907 hex
parameters
   -4.9594   -0.0458    2.6784   -3.7799  -15.1010  -12.1489
    1.7493    1.7749   -1.7800   16.5445   -0.9640  -15.0681
eta,q 0.97483 11.46323
niter,ni,del,rscale     5    3    5.0000    0.8000
parameters
   -4.9394   -0.0466    2.7401   -4.1039  -15.1102  -12.3142
    1.8111    1.8095   -1.6996   16.6425   -0.9202  -14.9306
eta,q 0.97481 11.44974
  0.0266  0.0263  0.0259  0.0264  0.0269  0.0262  0.0266  0.0270  0.0263  0.0268  0.0258  0.0260
  0.0258  0.0257  0.0255  0.0258  0.0261  0.0257  0.0258  0.0260  0.0257  0.0259  0.0255  0.0255
  0.0253  0.0253  0.0253  0.0253  0.0254  0.0254  0.0254  0.0254  0.0253  0.0254  0.0252  0.0253
  0.0252  0.0252  0.0252  0.0252  0.0252  0.0252  0.0252  0.0252  0.0252  0.0252  0.0252  0.0252
  0.0253  0.0253  0.0252  0.0253  0.0254  0.0253  0.0254  0.0254  0.0253  0.0254  0.0253  0.0253
  0.0258  0.0257  0.0255  0.0259  0.0260  0.0257  0.0258  0.0260  0.0256  0.0259  0.0255  0.0255
  0.0265  0.0263  0.0258  0.0270  0.0270  0.0265  0.0265  0.0270  0.0262  0.0266  0.0257  0.0259
niter,ni,del,rscale     4    3    5.0000    0.7000
parameters
   -4.9380   -0.0155    2.6983   -3.9734  -15.1117  -12.3644
    1.7763    1.7953   -1.7156   16.6377   -0.9429  -14.9534
eta,q 0.97481 11.45066
  0.0263  0.0261  0.0257  0.0263  0.0266  0.0260  0.0262  0.0266  0.0260  0.0264  0.0256  0.0258
  0.0257  0.0256  0.0254  0.0258  0.0259  0.0256  0.0257  0.0258  0.0255  0.0257  0.0254  0.0254
  0.0253  0.0253  0.0252  0.0254  0.0254  0.0253  0.0253  0.0253  0.0253  0.0253  0.0252  0.0252
  0.0252  0.0252  0.0252  0.0252  0.0252  0.0252  0.0252  0.0252  0.0252  0.0252  0.0252  0.0252
  0.0253  0.0253  0.0253  0.0253  0.0253  0.0252  0.0253  0.0254  0.0253  0.0253  0.0252  0.0253
  0.0257  0.0255  0.0255  0.0256  0.0258  0.0256  0.0257  0.0258  0.0256  0.0257  0.0254  0.0255
  0.0263  0.0260  0.0257  0.0263  0.0266  0.0261  0.0263  0.0266  0.0260  0.0263  0.0256  0.0258
niter,ni,del,rscale     3    3    5.0000    0.6000
parameters
   -4.9445   -0.0202    2.6700   -3.8707  -15.0990  -12.3445
    1.7663    1.7921   -1.7354   16.6145   -0.9602  -14.9955
eta,q 0.97482 11.45437
  0.0260  0.0258  0.0256  0.0260  0.0262  0.0258  0.0260  0.0262  0.0258  0.0261  0.0255  0.0256
  0.0255  0.0255  0.0253  0.0256  0.0257  0.0255  0.0255  0.0256  0.0254  0.0256  0.0253  0.0254
  0.0253  0.0253  0.0252  0.0253  0.0253  0.0253  0.0253  0.0253  0.0252  0.0253  0.0252  0.0252
  0.0252  0.0252  0.0252  0.0252  0.0252  0.0252  0.0252  0.0252  0.0252  0.0252  0.0252  0.0252
  0.0253  0.0253  0.0252  0.0252  0.0253  0.0252  0.0253  0.0253  0.0253  0.0253  0.0252  0.0252
  0.0255  0.0255  0.0254  0.0255  0.0257  0.0255  0.0255  0.0256  0.0255  0.0256  0.0253  0.0254
  0.0260  0.0258  0.0256  0.0260  0.0262  0.0259  0.0260  0.0262  0.0258  0.0261  0.0255  0.0256
niter,ni,del,rscale     2    3    5.0000    0.5000
parameters
   -4.9497   -0.0362    2.6660   -3.8162  -15.0956  -12.2670
    1.7609    1.7820   -1.7487   16.5770   -0.9448  -15.0310
eta,q 0.97483 11.45841
  0.0257  0.0256  0.0255  0.0258  0.0259  0.0257  0.0257  0.0259  0.0256  0.0258  0.0254  0.0255
  0.0254  0.0254  0.0253  0.0255  0.0255  0.0254  0.0254  0.0255  0.0254  0.0254  0.0253  0.0253
  0.0252  0.0252  0.0252  0.0253  0.0253  0.0253  0.0252  0.0253  0.0252  0.0252  0.0252  0.0252
  0.0252  0.0252  0.0252  0.0252  0.0252  0.0252  0.0252  0.0252  0.0252  0.0252  0.0252  0.0252
  0.0252  0.0252  0.0252  0.0252  0.0253  0.0252  0.0252  0.0253  0.0252  0.0253  0.0252  0.0252
  0.0254  0.0254  0.0253  0.0254  0.0255  0.0254  0.0254  0.0255  0.0254  0.0255  0.0253  0.0253
  0.0257  0.0256  0.0255  0.0257  0.0259  0.0257  0.0257  0.0259  0.0256  0.0258  0.0254  0.0255
niter,ni,del,rscale     1    3    5.0000    0.4000
parameters
   -4.9528   -0.0481    2.6815   -3.7866  -15.0921  -12.1465
    1.7459    1.7746   -1.7881   16.5342   -0.9519  -15.0486
eta,q 0.97483 11.46332
  0.0255  0.0254  0.0254  0.0255  0.0257  0.0255  0.0255  0.0256  0.0254  0.0256  0.0253  0.0254
  0.0253  0.0253  0.0253  0.0254  0.0254  0.0253  0.0253  0.0254  0.0253  0.0253  0.0252  0.0253
  0.0252  0.0252  0.0252  0.0252  0.0252  0.0252  0.0252  0.0252  0.0252  0.0252  0.0252  0.0252
  0.0252  0.0252  0.0252  0.0252  0.0252  0.0252  0.0252  0.0252  0.0252  0.0252  0.0252  0.0252
  0.0252  0.0252  0.0252  0.0252  0.0252  0.0252  0.0252  0.0252  0.0252  0.0252  0.0252  0.0252
  0.0253  0.0253  0.0253  0.0253  0.0254  0.0253  0.0253  0.0254  0.0253  0.0254  0.0252  0.0253
  0.0255  0.0255  0.0253  0.0255  0.0257  0.0255  0.0255  0.0256  0.0254  0.0256  0.0253  0.0254
registration optimization eta report
parameter search radius
    0.8000    0.8000    0.8000    2.4000    2.4000    2.4000
    2.4000    2.4000    2.4000    2.4000    2.4000    2.4000
100000*second partial in parameter space
       56.       43.       28.        6.        9.        6.
        6.        8.        5.        7.        3.        4.
  0.0255  0.0254  0.0254  0.0255  0.0257  0.0255  0.0255  0.0256  0.0254  0.0256  0.0253  0.0254
  0.0253  0.0253  0.0253  0.0254  0.0254  0.0253  0.0253  0.0254  0.0253  0.0253  0.0252  0.0253
  0.0252  0.0252  0.0252  0.0252  0.0252  0.0252  0.0252  0.0252  0.0252  0.0252  0.0252  0.0252
  0.0252  0.0252  0.0252  0.0252  0.0252  0.0252  0.0252  0.0252  0.0252  0.0252  0.0252  0.0252
  0.0252  0.0252  0.0252  0.0252  0.0252  0.0252  0.0252  0.0252  0.0252  0.0252  0.0252  0.0252
  0.0253  0.0253  0.0253  0.0253  0.0254  0.0253  0.0253  0.0254  0.0253  0.0254  0.0252  0.0253
  0.0255  0.0255  0.0253  0.0255  0.0257  0.0255  0.0255  0.0256  0.0254  0.0256  0.0253  0.0254
   -4.9528   -0.0481    2.6815   -3.7866  -15.0921  -12.1465
    1.7459    1.7746   -1.7881   16.5342   -0.9519  -15.0486
eta,q 0.97483 11.46332

---------------------------------------------------------------------
compute_vox2vox talsrcimg talsrcimg_to_711-2C_as_mni_average_305_t4 /opt/freesurfer/average/711-2C_as_mni_average_305
---------------------------------------------------------------------

freesurfer compute_vox2vox.c
Reading: talsrcimg.4dfp.ifh
Reading: talsrcimg_to_711-2C_as_mni_average_305_t4
Reading: /opt/freesurfer/average/711-2C_as_mni_average_305.4dfp.ifh
Writing: talsrcimg_to_711-2C_as_mni_average_305_t4_vox2vox.txt

start time Mon Mar 9 08:39:46 CET 2026
end		time Mon Mar 9 08:41:11 CET 2026

mpr2mni305 success

avi2talxfm orig_nu.mgz /opt/freesurfer/average/mni305.cor.mgz talsrcimg_to_711-2C_as_mni_average_305_t4_vox2vox.txt transforms/talairach.auto.xfm
avi2talxfm done
mv -f /out/sourcedata/freesurfer/sub-v1s20x0050335_ses-1/mri/talsrcimg_to_711-2C_as_mni_average_305_t4_vox2vox.txt /out/sourcedata/freesurfer/sub-v1s20x0050335_ses-1/mri/transforms/talsrcimg_to_711-2C_as_mni_average_305_t4_vox2vox.txt
lta_convert --src orig_nu.mgz --trg /opt/freesurfer/average/mni305.cor.mgz --inxfm transforms/talairach.auto.xfm --outlta transforms/talairach.auto.xfm.lta --subject fsaverage
7.3.2

--src: orig_nu.mgz src image (geometry).
--trg: /opt/freesurfer/average/mni305.cor.mgz trg image (geometry).
--inmni: transforms/talairach.auto.xfm input MNI/XFM transform.
--outlta: transforms/talairach.auto.xfm.lta output LTA.
--s: fsaverage subject name
 LTA read, type : 1
 1.03874  -0.01641  -0.02427   4.66896;
 0.01452   1.10129   0.19489  -3.47353;
 0.01905  -0.21480   1.13928  -0.18778;
 0.00000   0.00000   0.00000   1.00000;
setting subject to fsaverage
Writing  LTA to file transforms/talairach.auto.xfm.lta...
lta_convert successful.
 
 
Started at Mon Mar 9 08:39:46 CET 2026
Ended   at Mon Mar  9 08:41:12 CET 2026
talairach_avi done
