status file for recon-all
Thu Mar 12 20:50:21 CET 2026
#@# Tessellate rh Thu Mar 12 20:50:21 CET 2026
#@# Smooth1 rh Thu Mar 12 20:50:23 CET 2026
#@# Inflation1 rh Thu Mar 12 20:50:26 CET 2026
#@# QSphere rh Thu Mar 12 20:50:34 CET 2026
#@# Fix Topology rh Thu Mar 12 20:51:16 CET 2026
#@# Smooth2 rh Thu Mar 12 20:58:10 CET 2026
#@# Inflation2 rh Thu Mar 12 20:58:12 CET 2026
#@# Curv .H and .K rh Thu Mar 12 20:58:21 CET 2026
#@# Sphere rh Thu Mar 12 20:59:01 CET 2026
#@# Surf Reg rh Thu Mar 12 21:01:30 CET 2026
#@# Jacobian white rh Thu Mar 12 21:04:20 CET 2026
#@# AvgCurv rh Thu Mar 12 21:04:21 CET 2026
#@# Cortical Parc rh Thu Mar 12 21:04:22 CET 2026
#@# white curv rh Thu Mar 12 21:10:30 CET 2026
#@# white area rh Thu Mar 12 21:10:31 CET 2026
#@# pial curv rh Thu Mar 12 21:10:32 CET 2026
#@# pial area rh Thu Mar 12 21:10:33 CET 2026
#@# thickness rh Thu Mar 12 21:10:34 CET 2026
#@# area and vertex vol rh Thu Mar 12 21:10:55 CET 2026
#@# Curvature Stats rh Thu Mar 12 21:10:56 CET 2026
#@# Cortical Parc 2 rh Thu Mar 12 21:10:58 CET 2026
#@# Cortical Parc 3 rh Thu Mar 12 21:11:08 CET 2026
#@# WM/GM Contrast rh Thu Mar 12 21:11:15 CET 2026
recon-all -s sub-v1s20x0050371_ses-1 finished without error at Thu Mar 12 21:11:17 CET 2026



#New# invocation of recon-all 



status file for recon-all
Thu Mar 12 21:19:14 CET 2026
#@# white curv rh Thu Mar 12 21:19:14 CET 2026
#@# white area rh Thu Mar 12 21:19:14 CET 2026
#@# pial curv rh Thu Mar 12 21:19:14 CET 2026
#@# pial area rh Thu Mar 12 21:19:14 CET 2026
#@# thickness rh Thu Mar 12 21:19:14 CET 2026
#@# area and vertex vol rh Thu Mar 12 21:19:14 CET 2026
#@# Parcellation Stats rh Thu Mar 12 21:19:14 CET 2026
#@# Parcellation Stats 2 rh Thu Mar 12 21:19:31 CET 2026
#@# Parcellation Stats 3 rh Thu Mar 12 21:19:39 CET 2026
#@# BA_exvivo Labels rh Thu Mar 12 21:19:48 CET 2026
recon-all -s sub-v1s20x0050371_ses-1 finished without error at Thu Mar 12 21:21:42 CET 2026
