status file for recon-all
Thu Mar 12 20:29:00 CET 2026
#@# Tessellate lh Thu Mar 12 20:29:00 CET 2026
#@# Smooth1 lh Thu Mar 12 20:29:02 CET 2026
#@# Inflation1 lh Thu Mar 12 20:29:04 CET 2026
#@# QSphere lh Thu Mar 12 20:29:12 CET 2026
#@# Fix Topology lh Thu Mar 12 20:29:49 CET 2026
#@# Smooth2 lh Thu Mar 12 20:37:51 CET 2026
#@# Inflation2 lh Thu Mar 12 20:37:53 CET 2026
#@# Curv .H and .K lh Thu Mar 12 20:38:01 CET 2026
#@# Sphere lh Thu Mar 12 20:38:39 CET 2026
#@# Surf Reg lh Thu Mar 12 20:40:47 CET 2026
#@# Jacobian white lh Thu Mar 12 20:43:19 CET 2026
#@# AvgCurv lh Thu Mar 12 20:43:19 CET 2026
#@# Cortical Parc lh Thu Mar 12 20:43:20 CET 2026
#@# white curv lh Thu Mar 12 20:49:32 CET 2026
#@# white area lh Thu Mar 12 20:49:33 CET 2026
#@# pial curv lh Thu Mar 12 20:49:34 CET 2026
#@# pial area lh Thu Mar 12 20:49:35 CET 2026
#@# thickness lh Thu Mar 12 20:49:36 CET 2026
#@# area and vertex vol lh Thu Mar 12 20:49:56 CET 2026
#@# Curvature Stats lh Thu Mar 12 20:49:57 CET 2026
#@# Cortical Parc 2 lh Thu Mar 12 20:49:59 CET 2026
#@# Cortical Parc 3 lh Thu Mar 12 20:50:09 CET 2026
#@# WM/GM Contrast lh Thu Mar 12 20:50:16 CET 2026
recon-all -s sub-v1s20x0050371_ses-1 finished without error at Thu Mar 12 20:50:18 CET 2026



#New# invocation of recon-all 



status file for recon-all
Thu Mar 12 21:16:50 CET 2026
#@# white curv lh Thu Mar 12 21:16:50 CET 2026
#@# white area lh Thu Mar 12 21:16:50 CET 2026
#@# pial curv lh Thu Mar 12 21:16:50 CET 2026
#@# pial area lh Thu Mar 12 21:16:50 CET 2026
#@# thickness lh Thu Mar 12 21:16:50 CET 2026
#@# area and vertex vol lh Thu Mar 12 21:16:50 CET 2026
#@# Parcellation Stats lh Thu Mar 12 21:16:50 CET 2026
#@# Parcellation Stats 2 lh Thu Mar 12 21:17:05 CET 2026
#@# Parcellation Stats 3 lh Thu Mar 12 21:17:13 CET 2026
#@# BA_exvivo Labels lh Thu Mar 12 21:17:20 CET 2026
recon-all -s sub-v1s20x0050371_ses-1 finished without error at Thu Mar 12 21:19:12 CET 2026
