status file for recon-all
Thu Mar 12 19:09:15 CET 2026
#@# MotionCor Thu Mar 12 19:09:17 CET 2026
#@# Talairach Thu Mar 12 19:09:26 CET 2026
#@# Talairach Failure Detection Thu Mar 12 19:13:50 CET 2026
#@# Nu Intensity Correction Thu Mar 12 19:13:50 CET 2026
#@# Intensity Normalization Thu Mar 12 19:17:05 CET 2026
recon-all -s sub-v1s20x0050368_ses-1 finished without error at Thu Mar 12 19:18:27 CET 2026



#New# invocation of recon-all 



status file for recon-all
Thu Mar 12 19:25:19 CET 2026
#@# EM Registration Thu Mar 12 19:25:19 CET 2026
recon-all -s sub-v1s20x0050368_ses-1 finished without error at Thu Mar 12 19:26:56 CET 2026



#New# invocation of recon-all 



status file for recon-all
Thu Mar 12 19:26:59 CET 2026
#@# CA Normalize Thu Mar 12 19:26:59 CET 2026
#@# CA Reg Thu Mar 12 19:28:19 CET 2026
#@# SubCort Seg Thu Mar 12 20:15:16 CET 2026
#@# CC Seg Thu Mar 12 20:47:19 CET 2026
#@# Merge ASeg Thu Mar 12 20:47:54 CET 2026
#@# Intensity Normalization2 Thu Mar 12 20:47:54 CET 2026
#@# Mask BFS Thu Mar 12 20:50:05 CET 2026
#@# WM Segmentation Thu Mar 12 20:50:06 CET 2026
#@# Fill Thu Mar 12 20:52:16 CET 2026
recon-all -s sub-v1s20x0050368_ses-1 finished without error at Thu Mar 12 20:53:18 CET 2026



#New# invocation of recon-all 



status file for recon-all
Thu Mar 12 21:51:40 CET 2026
#@# white curv lh Thu Mar 12 21:51:40 CET 2026
#@# white area lh Thu Mar 12 21:51:40 CET 2026
#@# pial curv lh Thu Mar 12 21:51:40 CET 2026
#@# pial area lh Thu Mar 12 21:51:40 CET 2026
#@# thickness lh Thu Mar 12 21:51:40 CET 2026
#@# area and vertex vol lh Thu Mar 12 21:51:40 CET 2026
#@# white curv rh Thu Mar 12 21:51:40 CET 2026
#@# white area rh Thu Mar 12 21:51:40 CET 2026
#@# pial curv rh Thu Mar 12 21:51:40 CET 2026
#@# pial area rh Thu Mar 12 21:51:40 CET 2026
#@# thickness rh Thu Mar 12 21:51:40 CET 2026
#@# area and vertex vol rh Thu Mar 12 21:51:40 CET 2026
#@# Cortical ribbon mask Thu Mar 12 21:51:40 CET 2026
recon-all -s sub-v1s20x0050368_ses-1 finished without error at Thu Mar 12 21:57:11 CET 2026



#New# invocation of recon-all 



status file for recon-all
Thu Mar 12 22:04:38 CET 2026
#@# white curv lh Thu Mar 12 22:04:38 CET 2026
#@# white area lh Thu Mar 12 22:04:38 CET 2026
#@# pial curv lh Thu Mar 12 22:04:38 CET 2026
#@# pial area lh Thu Mar 12 22:04:38 CET 2026
#@# thickness lh Thu Mar 12 22:04:38 CET 2026
#@# area and vertex vol lh Thu Mar 12 22:04:38 CET 2026
#@# white curv rh Thu Mar 12 22:04:38 CET 2026
#@# white area rh Thu Mar 12 22:04:38 CET 2026
#@# pial curv rh Thu Mar 12 22:04:38 CET 2026
#@# pial area rh Thu Mar 12 22:04:38 CET 2026
#@# thickness rh Thu Mar 12 22:04:38 CET 2026
#@# area and vertex vol rh Thu Mar 12 22:04:38 CET 2026
#@# Curvature Stats lh Thu Mar 12 22:04:39 CET 2026
#@# Curvature Stats rh Thu Mar 12 22:04:41 CET 2026
#@# Relabel Hypointensities Thu Mar 12 22:04:44 CET 2026
#@# APas-to-ASeg Thu Mar 12 22:05:00 CET 2026
#@# AParc-to-ASeg aparc Thu Mar 12 22:05:09 CET 2026
#@# AParc-to-ASeg aparc.a2009s Thu Mar 12 22:05:51 CET 2026
#@# AParc-to-ASeg aparc.DKTatlas Thu Mar 12 22:06:33 CET 2026
#@# WMParc Thu Mar 12 22:07:12 CET 2026
#@# ASeg Stats Thu Mar 12 22:10:44 CET 2026
recon-all -s sub-v1s20x0050368_ses-1 finished without error at Thu Mar 12 22:11:23 CET 2026
