status file for recon-all
Thu Mar 12 21:20:06 CET 2026
#@# Tessellate rh Thu Mar 12 21:20:06 CET 2026
#@# Smooth1 rh Thu Mar 12 21:20:09 CET 2026
#@# Inflation1 rh Thu Mar 12 21:20:12 CET 2026
#@# QSphere rh Thu Mar 12 21:20:26 CET 2026
#@# Fix Topology rh Thu Mar 12 21:21:33 CET 2026
#@# Smooth2 rh Thu Mar 12 21:33:48 CET 2026
#@# Inflation2 rh Thu Mar 12 21:33:51 CET 2026
#@# Curv .H and .K rh Thu Mar 12 21:34:05 CET 2026
#@# Sphere rh Thu Mar 12 21:34:58 CET 2026
#@# Surf Reg rh Thu Mar 12 21:38:38 CET 2026
#@# Jacobian white rh Thu Mar 12 21:43:14 CET 2026
#@# AvgCurv rh Thu Mar 12 21:43:15 CET 2026
#@# Cortical Parc rh Thu Mar 12 21:43:16 CET 2026
#@# white curv rh Thu Mar 12 21:50:19 CET 2026
#@# white area rh Thu Mar 12 21:50:21 CET 2026
#@# pial curv rh Thu Mar 12 21:50:22 CET 2026
#@# pial area rh Thu Mar 12 21:50:24 CET 2026
#@# thickness rh Thu Mar 12 21:50:25 CET 2026
#@# area and vertex vol rh Thu Mar 12 21:50:59 CET 2026
#@# Curvature Stats rh Thu Mar 12 21:51:01 CET 2026
#@# Cortical Parc 2 rh Thu Mar 12 21:51:04 CET 2026
#@# Cortical Parc 3 rh Thu Mar 12 21:51:18 CET 2026
#@# WM/GM Contrast rh Thu Mar 12 21:51:29 CET 2026
recon-all -s sub-v1s20x0050368_ses-1 finished without error at Thu Mar 12 21:51:34 CET 2026



#New# invocation of recon-all 



status file for recon-all
Thu Mar 12 22:01:00 CET 2026
#@# white curv rh Thu Mar 12 22:01:00 CET 2026
#@# white area rh Thu Mar 12 22:01:00 CET 2026
#@# pial curv rh Thu Mar 12 22:01:00 CET 2026
#@# pial area rh Thu Mar 12 22:01:00 CET 2026
#@# thickness rh Thu Mar 12 22:01:00 CET 2026
#@# area and vertex vol rh Thu Mar 12 22:01:00 CET 2026
#@# Parcellation Stats rh Thu Mar 12 22:01:00 CET 2026
#@# Parcellation Stats 2 rh Thu Mar 12 22:01:23 CET 2026
#@# Parcellation Stats 3 rh Thu Mar 12 22:01:35 CET 2026
#@# BA_exvivo Labels rh Thu Mar 12 22:01:46 CET 2026
recon-all -s sub-v1s20x0050368_ses-1 finished without error at Thu Mar 12 22:04:35 CET 2026
