/out/sourcedata/freesurfer/sub-v1s20x0050374_ses-1/mri
/opt/freesurfer/bin/talairach_avi
--i orig_nu.mgz --xfm transforms/talairach.auto.xfm
talairach_avi 7.3.2
Linux dna003 5.14.0-427.37.1.el9_4.x86_64 #1 SMP PREEMPT_DYNAMIC Fri Sep 13 12:41:50 EDT 2024 x86_64 x86_64 x86_64 GNU/Linux
Thu Mar 12 19:15:15 CET 2026
mri_convert orig_nu.mgz talsrcimg.img 
reading from orig_nu.mgz...
TR=0.00, TE=0.00, TI=0.00, flip angle=0.00
i_ras = (-1, 0, 0)
j_ras = (0, 0, -1)
k_ras = (0, 1, 0)
writing to talsrcimg.img...
Analyze Output Matrix
-1.00000   0.00000   0.00000   129.50781;
 0.00000   0.00000   1.00000  -128.49219;
 0.00000  -1.00000   0.00000   129.60004;
 0.00000   0.00000   0.00000   1.00000;
--------------------
INFO: set hdr.hist.orient to -1
mpr2mni305 talsrcimg
Thu Mar 12 19:15:16 CET 2026
/opt/freesurfer/bin/mpr2mni305 talsrcimg
mpr2mni305 7.3.2
target=711-2C_as_mni_average_305

---------------------------------------------------------------------
analyzeto4dfp talsrcimg -O0 -y
---------------------------------------------------------------------

freesurfer ifh2hdr.c
Thu Mar 12 19:15:16 2026
Writing: talsrcimg.4dfp.hdr
freesurfer analyzeto4dfp.c
Reading: talsrcimg.hdr
header size 348 bytes
hdr.dime.datatype	offset=70	value=2
hdr.dime.bitpix		offset=72	value=8
hdr.hist.orient		offset=252	value=-1
dimensionality     4
dimensions       256       256       256         1
Reading: talsrcimg.img
Writing: talsrcimg.4dfp.img
Writing: talsrcimg.4dfp.ifh
ifh2hdr talsrcimg -r0to250
ori=2

---------------------------------------------------------------------
gauss_4dfp talsrcimg 1.1
---------------------------------------------------------------------

freesurfer gauss_4dfp.c
Reading: talsrcimg.4dfp.img
Writing: talsrcimg_g11.4dfp.img
image dimensions 256 256 256 padded to 288 288 288
processing volume 1freesurfer ifh2hdr.c
Thu Mar 12 19:15:18 2026
Writing: talsrcimg_g11.4dfp.hdr

Writing: talsrcimg_g11.4dfp.ifh
including: talsrcimg.4dfp.img.rec in talsrcimg_g11.4dfp.img.rec

---------------------------------------------------------------------
imgreg_4dfp /opt/freesurfer/average/711-2C_as_mni_average_305 none talsrcimg_g11 none talsrcimg_to_711-2C_as_mni_average_305_t4 4355
---------------------------------------------------------------------

freesurfer imgreg_4dfp.c
/opt/freesurfer/average/711-2C_as_mni_average_305.4dfp.img
       256       256       256         1
  1.000000  1.000000  1.000000
orientation T byte_order littleendian
Reading image: /opt/freesurfer/average/711-2C_as_mni_average_305.4dfp.img
dimensions:      256       256       256
mmppix:       1.0000   -1.0000   -1.0000
center:     128.0000 -129.0000 -129.0000
talsrcimg_g11.4dfp.img
       256       256       256         1
  1.000000  1.000000  1.000000
orientation T byte_order littleendian
Reading image: talsrcimg_g11.4dfp.img
dimensions:      256       256       256
mmppix:       1.0000   -1.0000   -1.0000
center:     128.0000 -129.0000 -129.0000
t4_read: open error in t4_sub.f l:  41 t4_file(1:l)talsrcimg_to_711-2C_as_mni_average_305_t4 
t4_read: transform initialized to I4
rotation matrix determinant  1.000000
image alignment mode   4355 decimal     1103 hex
   -7.5000  -45.0000  -45.0000 7988.3364   25.1534
    0.0000  -45.0000  -45.0000 8255.2822   25.1212
    7.5000  -45.0000  -45.0000 7855.9712   25.1189
   -7.5000  -37.5000  -45.0000 8537.6914   25.1414
    0.0000  -37.5000  -45.0000 8840.5967   25.1127
    7.5000  -37.5000  -45.0000 8410.4092   25.1081
   -7.5000  -30.0000  -45.0000 9388.6797   25.1151
    0.0000  -30.0000  -45.0000 9726.2803   25.0898
    7.5000  -30.0000  -45.0000 9258.4307   25.0740
   -7.5000  -22.5000  -45.000010137.8740   25.1021
    0.0000  -22.5000  -45.000010512.4873   25.0757
    7.5000  -22.5000  -45.0000 9987.3389   25.0531
   -7.5000  -15.0000  -45.000010776.0625   25.1128
    0.0000  -15.0000  -45.000011195.9922   25.0823
    7.5000  -15.0000  -45.000010625.8779   25.0627
   -7.5000   -7.5000  -45.000011347.3887   25.1380
    0.0000   -7.5000  -45.000011796.4746   25.1049
    7.5000   -7.5000  -45.000011200.9014   25.0945
   -7.5000    0.0000  -45.000011853.5820   25.1534
    0.0000    0.0000  -45.000012329.9531   25.1212
    7.5000    0.0000  -45.000011727.4453   25.1189
   -7.5000    7.5000  -45.000011482.3857   25.1414
    0.0000    7.5000  -45.000011958.1797   25.1127
    7.5000    7.5000  -45.000011376.6865   25.1081
   -7.5000   15.0000  -45.000011079.8838   25.1151
    0.0000   15.0000  -45.000011535.5088   25.0898
    7.5000   15.0000  -45.000010971.7910   25.0740
   -7.5000   22.5000  -45.000010562.7373   25.0986
    0.0000   22.5000  -45.000010984.3389   25.0723
    7.5000   22.5000  -45.000010419.1836   25.0497
   -7.5000   30.0000  -45.0000 9757.9092   24.7781
    0.0000   30.0000  -45.000010108.8760   24.7481
    7.5000   30.0000  -45.0000 9600.9434   24.7287
   -7.5000   37.5000  -45.0000 9294.2256   24.8030
    0.0000   37.5000  -45.0000 9613.7539   24.7703
    7.5000   37.5000  -45.0000 9132.2314   24.7601
   -7.5000   45.0000  -45.0000 8454.0117   24.1880
    0.0000   45.0000  -45.0000 8758.2305   24.1570
    7.5000   45.0000  -45.0000 8306.2412   24.1548
   -7.5000  -45.0000  -37.5000 8521.5215   25.1762
    0.0000  -45.0000  -37.5000 8812.5264   25.1510
    7.5000  -45.0000  -37.5000 8385.9102   25.1432
   -7.5000  -37.5000  -37.5000 9106.6348   25.1633
    0.0000  -37.5000  -37.5000 9434.8604   25.1396
    7.5000  -37.5000  -37.5000 8957.7412   25.1313
   -7.5000  -30.0000  -37.5000 9993.1445   25.1485
    0.0000  -30.0000  -37.500010354.5840   25.1233
    7.5000  -30.0000  -37.5000 9825.2354   25.1104
   -7.5000  -22.5000  -37.500010779.4688   25.1499
    0.0000  -22.5000  -37.500011191.1689   25.1206
    7.5000  -22.5000  -37.500010616.8838   25.1057
   -7.5000  -15.0000  -37.500011436.9697   25.1644
    0.0000  -15.0000  -37.500011910.3906   25.1328
    7.5000  -15.0000  -37.500011266.5039   25.1206
   -7.5000   -7.5000  -37.500012031.2959   25.1760
    0.0000   -7.5000  -37.500012526.9180   25.1470
    7.5000   -7.5000  -37.500011841.6904   25.1372
   -7.5000    0.0000  -37.500012515.3320   25.1762
    0.0000    0.0000  -37.500013025.4219   25.1510
    7.5000    0.0000  -37.500012349.7490   25.1432
   -7.5000    7.5000  -37.500012123.8457   25.1633
    0.0000    7.5000  -37.500012618.1602   25.1396
    7.5000    7.5000  -37.500011966.2061   25.1313
   -7.5000   15.0000  -37.500011669.9473   25.1485
    0.0000   15.0000  -37.500012139.3252   25.1233
    7.5000   15.0000  -37.500011512.1113   25.1104
   -7.5000   22.5000  -37.500011091.3008   25.1464
    0.0000   22.5000  -37.500011526.4229   25.1172
    7.5000   22.5000  -37.500010910.7598   25.1023
   -7.5000   30.0000  -37.500010233.6494   24.8291
    0.0000   30.0000  -37.500010608.7061   24.7979
    7.5000   30.0000  -37.500010048.0938   24.7858
   -7.5000   37.5000  -37.5000 9688.5801   24.8405
    0.0000   37.5000  -37.500010040.9404   24.8119
    7.5000   37.5000  -37.5000 9532.8477   24.8022
   -7.5000   45.0000  -37.5000 8810.0000   24.2100
    0.0000   45.0000  -37.5000 9156.1973   24.1857
    7.5000   45.0000  -37.5000 8664.9424   24.1782
   -7.5000  -45.0000  -30.0000 9175.5840   26.2619
    0.0000  -45.0000  -30.0000 9507.1357   26.2455
    7.5000  -45.0000  -30.0000 8998.7803   26.2340
   -7.5000  -37.5000  -30.0000 9797.3633   26.2468
    0.0000  -37.5000  -30.000010162.1084   26.2343
    7.5000  -37.5000  -30.0000 9623.5352   26.2272
   -7.5000  -30.0000  -30.000010712.5654   26.2324
    0.0000  -30.0000  -30.000011123.6943   26.2150
    7.5000  -30.0000  -30.000010533.0332   26.2093
   -7.5000  -22.5000  -30.000011532.3281   26.2377
    0.0000  -22.5000  -30.000011993.5625   26.2102
    7.5000  -22.5000  -30.000011340.7471   26.2030
   -7.5000  -15.0000  -30.000012228.4648   26.2564
    0.0000  -15.0000  -30.000012729.3193   26.2240
    7.5000  -15.0000  -30.000011993.5596   26.2148
   -7.5000   -7.5000  -30.000012854.5820   26.2661
    0.0000   -7.5000  -30.000013395.9414   26.2400
    7.5000   -7.5000  -30.000012621.6348   26.2281
   -7.5000    0.0000  -30.000013384.4150   26.2619
    0.0000    0.0000  -30.000013950.4658   26.2455
    7.5000    0.0000  -30.000013150.7773   26.2340
   -7.5000    7.5000  -30.000012936.1738   26.2468
    0.0000    7.5000  -30.000013478.0303   26.2343
    7.5000    7.5000  -30.000012722.9316   26.2272
   -7.5000   15.0000  -30.000012411.6768   26.2324
    0.0000   15.0000  -30.000012900.9756   26.2150
    7.5000   15.0000  -30.000012203.8711   26.2093
   -7.5000   22.5000  -30.000011725.8477   26.2314
    0.0000   22.5000  -30.000012208.3555   26.2039
    7.5000   22.5000  -30.000011536.1973   26.1967
   -7.5000   30.0000  -30.000010830.0449   25.9089
    0.0000   30.0000  -30.000011267.5967   25.8770
    7.5000   30.0000  -30.000010643.8994   25.8679
   -7.5000   37.5000  -30.000010245.0830   25.9185
    0.0000   37.5000  -30.000010654.3037   25.8928
    7.5000   37.5000  -30.000010073.6045   25.8810
   -7.5000   45.0000  -30.0000 9306.6396   25.2725
    0.0000   45.0000  -30.0000 9696.4912   25.2567
    7.5000   45.0000  -30.0000 9164.0859   25.2457
   -7.5000  -45.0000  -22.5000 9825.6309   27.1628
    0.0000  -45.0000  -22.500010202.4512   27.1477
    7.5000  -45.0000  -22.5000 9639.9805   27.1419
   -7.5000  -37.5000  -22.500010466.7402   27.1493
    0.0000  -37.5000  -22.500010884.0713   27.1425
    7.5000  -37.5000  -22.500010308.7861   27.1447
   -7.5000  -30.0000  -22.500011399.4053   27.1245
    0.0000  -30.0000  -22.500011878.1064   27.1137
    7.5000  -30.0000  -22.500011225.8359   27.1161
   -7.5000  -22.5000  -22.500012214.9316   27.1174
    0.0000  -22.5000  -22.500012746.8496   27.0930
    7.5000  -22.5000  -22.500012030.8857   27.0875
   -7.5000  -15.0000  -22.500012876.6592   27.1336
    0.0000  -15.0000  -22.500013477.8369   27.0999
    7.5000  -15.0000  -22.500012705.3193   27.0871
   -7.5000   -7.5000  -22.500013538.0557   27.1544
    0.0000   -7.5000  -22.500014178.3018   27.1260
    7.5000   -7.5000  -22.500013353.7637   27.1131
   -7.5000    0.0000  -22.500014158.3262   27.1628
    0.0000    0.0000  -22.500014795.7188   27.1477
    7.5000    0.0000  -22.500013911.7598   27.1419
   -7.5000    7.5000  -22.500013706.3145   27.1493
    0.0000    7.5000  -22.500014291.3389   27.1425
    7.5000    7.5000  -22.500013439.7246   27.1447
   -7.5000   15.0000  -22.500013099.3145   27.1245
    0.0000   15.0000  -22.500013635.4990   27.1137
    7.5000   15.0000  -22.500012839.1104   27.1161
   -7.5000   22.5000  -22.500012334.0684   27.1090
    0.0000   22.5000  -22.500012842.3652   27.0847
    7.5000   22.5000  -22.500012110.6084   27.0792
   -7.5000   30.0000  -22.500011416.5205   26.7787
    0.0000   30.0000  -22.500011886.2021   26.7454
    7.5000   30.0000  -22.500011182.4346   26.7328
   -7.5000   37.5000  -22.500010777.9297   26.7992
    0.0000   37.5000  -22.500011250.4922   26.7711
    7.5000   37.5000  -22.500010577.9639   26.7585
   -7.5000   45.0000  -22.5000 9755.1348   26.1591
    0.0000   45.0000  -22.500010184.4131   26.1446
    7.5000   45.0000  -22.5000 9599.9990   26.1390
   -7.5000  -45.0000  -15.000010444.4854   27.7854
    0.0000  -45.0000  -15.000010877.6426   27.7634
    7.5000  -45.0000  -15.000010305.9658   27.7678
   -7.5000  -37.5000  -15.000011124.9834   27.7723
    0.0000  -37.5000  -15.000011598.0381   27.7604
    7.5000  -37.5000  -15.000011005.5684   27.7714
   -7.5000  -30.0000  -15.000012087.7041   27.7342
    0.0000  -30.0000  -15.000012589.6836   27.7221
    7.5000  -30.0000  -15.000011949.8643   27.7252
   -7.5000  -22.5000  -15.000012885.7920   27.7116
    0.0000  -22.5000  -15.000013451.6074   27.6880
    7.5000  -22.5000  -15.000012763.7197   27.6760
   -7.5000  -15.0000  -15.000013511.3057   27.7250
    0.0000  -15.0000  -15.000014130.7598   27.6900
    7.5000  -15.0000  -15.000013438.3193   27.6705
   -7.5000   -7.5000  -15.000014202.3291   27.7608
    0.0000   -7.5000  -15.000014850.3926   27.7270
    7.5000   -7.5000  -15.000014117.1699   27.7162
   -7.5000    0.0000  -15.000014823.1777   27.7854
    0.0000    0.0000  -15.000015517.0391   27.7634
    7.5000    0.0000  -15.000014684.3340   27.7678
   -7.5000    7.5000  -15.000014372.9736   27.7723
    0.0000    7.5000  -15.000015020.2344   27.7604
    7.5000    7.5000  -15.000014204.3623   27.7714
   -7.5000   15.0000  -15.000013732.0273   27.7342
    0.0000   15.0000  -15.000014313.4609   27.7221
    7.5000   15.0000  -15.000013532.8662   27.7252
   -7.5000   22.5000  -15.000012884.9297   27.7018
    0.0000   22.5000  -15.000013380.9883   27.6782
    7.5000   22.5000  -15.000012647.7422   27.6662
   -7.5000   30.0000  -15.000011926.2822   27.3662
    0.0000   30.0000  -15.000012386.9434   27.3316
    7.5000   30.0000  -15.000011663.8213   27.3124
   -7.5000   37.5000  -15.000011254.4531   27.4015
    0.0000   37.5000  -15.000011737.1982   27.3681
    7.5000   37.5000  -15.000011053.9482   27.3575
   -7.5000   45.0000  -15.000010174.6152   26.7749
    0.0000   45.0000  -15.000010627.2549   26.7537
    7.5000   45.0000  -15.0000 9993.4463   26.7579
   -7.5000  -45.0000   -7.500011038.5254   28.0883
    0.0000  -45.0000   -7.500011522.4004   28.0560
    7.5000  -45.0000   -7.500010951.0781   28.0606
   -7.5000  -37.5000   -7.500011726.5273   28.0740
    0.0000  -37.5000   -7.500012232.2588   28.0499
    7.5000  -37.5000   -7.500011678.8262   28.0553
   -7.5000  -30.0000   -7.500012754.3936   28.0329
    0.0000  -30.0000   -7.500013287.0703   28.0127
    7.5000  -30.0000   -7.500012703.7363   28.0041
   -7.5000  -22.5000   -7.500013622.4785   28.0068
    0.0000  -22.5000   -7.500014255.5127   27.9820
    7.5000  -22.5000   -7.500013578.6123   27.9591
   -7.5000  -15.0000   -7.500014261.5029   28.0192
    0.0000  -15.0000   -7.500014891.8535   27.9854
    7.5000  -15.0000   -7.500014288.6250   27.9608
   -7.5000   -7.5000   -7.500014909.5879   28.0596
    0.0000   -7.5000   -7.500015521.7666   28.0223
    7.5000   -7.5000   -7.500014973.6436   28.0111
   -7.5000    0.0000   -7.500015559.9961   28.0883
    0.0000    0.0000   -7.500016163.1025   28.0560
    7.5000    0.0000   -7.500015544.9775   28.0606
   -7.5000    7.5000   -7.500015081.4893   28.0740
    0.0000    7.5000   -7.500015689.3438   28.0499
    7.5000    7.5000   -7.500015032.1270   28.0553
   -7.5000   15.0000   -7.500014377.9658   28.0329
    0.0000   15.0000   -7.500014956.7021   28.0127
    7.5000   15.0000   -7.500014297.1670   28.0041
   -7.5000   22.5000   -7.500013487.8232   27.9939
    0.0000   22.5000   -7.500013975.4971   27.9691
    7.5000   22.5000   -7.500013310.3906   27.9462
   -7.5000   30.0000   -7.500012450.3818   27.6559
    0.0000   30.0000   -7.500012901.8086   27.6224
    7.5000   30.0000   -7.500012228.5430   27.5982
   -7.5000   37.5000   -7.500011754.6357   27.6957
    0.0000   37.5000   -7.500012227.3711   27.6589
    7.5000   37.5000   -7.500011566.1572   27.6479
   -7.5000   45.0000   -7.500010590.4902   27.0719
    0.0000   45.0000   -7.500011045.8379   27.0407
    7.5000   45.0000   -7.500010420.1787   27.0451
   -7.5000  -45.0000    0.000011523.6182   28.1473
    0.0000  -45.0000    0.000011998.7158   28.1112
    7.5000  -45.0000    0.000011469.8779   28.1087
   -7.5000  -37.5000    0.000012214.4736   28.1339
    0.0000  -37.5000    0.000012707.2285   28.1018
    7.5000  -37.5000    0.000012213.1553   28.0966
   -7.5000  -30.0000    0.000013349.5869   28.1045
    0.0000  -30.0000    0.000013931.6475   28.0761
    7.5000  -30.0000    0.000013305.5176   28.0585
   -7.5000  -22.5000    0.000014306.6973   28.0899
    0.0000  -22.5000    0.000014936.3896   28.0604
    7.5000  -22.5000    0.000014241.6377   28.0351
   -7.5000  -15.0000    0.000014812.5537   28.1019
    0.0000  -15.0000    0.000015284.4385   28.0678
    7.5000  -15.0000    0.000014886.1250   28.0458
   -7.5000   -7.5000    0.000015450.2021   28.1301
    0.0000   -7.5000    0.000015882.8945   28.0930
    7.5000   -7.5000    0.000015545.1504   28.0814
   -7.5000    0.0000    0.000016103.6758   28.1473
    0.0000    0.0000    0.000016578.8457   28.1112
    7.5000    0.0000    0.000016169.2422   28.1087
   -7.5000    7.5000    0.000015573.6035   28.1339
    0.0000    7.5000    0.000016125.3457   28.1018
    7.5000    7.5000    0.000015632.0107   28.0966
   -7.5000   15.0000    0.000014829.4756   28.1045
    0.0000   15.0000    0.000015385.3799   28.0761
    7.5000   15.0000    0.000014885.7637   28.0585
   -7.5000   22.5000    0.000013883.6484   28.0769
    0.0000   22.5000    0.000014365.3691   28.0475
    7.5000   22.5000    0.000013833.4512   28.0222
   -7.5000   30.0000    0.000012830.0732   27.7382
    0.0000   30.0000    0.000013254.7432   27.7045
    7.5000   30.0000    0.000012698.3340   27.6829
   -7.5000   37.5000    0.000012137.4082   27.7661
    0.0000   37.5000    0.000012567.7969   27.7294
    7.5000   37.5000    0.000012032.0537   27.7180
   -7.5000   45.0000    0.000010954.2861   27.1308
    0.0000   45.0000    0.000011374.6309   27.0960
    7.5000   45.0000    0.000010808.7158   27.0936
   -7.5000  -45.0000    7.500011115.5117   28.1729
    0.0000  -45.0000    7.500011557.7363   28.1447
    7.5000  -45.0000    7.500011061.4385   28.1359
   -7.5000  -37.5000    7.500011761.1768   28.1584
    0.0000  -37.5000    7.500012238.1377   28.1319
    7.5000  -37.5000    7.500011763.5742   28.1226
   -7.5000  -30.0000    7.500012863.9980   28.1418
    0.0000  -30.0000    7.500013459.2373   28.1137
    7.5000  -30.0000    7.500012827.1211   28.0992
   -7.5000  -22.5000    7.500013829.9463   28.1434
    0.0000  -22.5000    7.500014347.1455   28.1106
    7.5000  -22.5000    7.500013685.9805   28.0940
   -7.5000  -15.0000    7.500014355.2607   28.1597
    0.0000  -15.0000    7.500014780.2090   28.1243
    7.5000  -15.0000    7.500014356.5928   28.1106
   -7.5000   -7.5000    7.500014906.1592   28.1726
    0.0000   -7.5000    7.500015383.8760   28.1402
    7.5000   -7.5000    7.500015041.2715   28.1292
   -7.5000    0.0000    7.500015546.4756   28.1729
    0.0000    0.0000    7.500016103.4004   28.1447
    7.5000    0.0000    7.500015654.6328   28.1359
   -7.5000    7.5000    7.500015064.6025   28.1584
    0.0000    7.5000    7.500015630.7842   28.1319
    7.5000    7.5000    7.500015151.4834   28.1226
   -7.5000   15.0000    7.500014366.5410   28.1418
    0.0000   15.0000    7.500014847.7314   28.1137
    7.5000   15.0000    7.500014385.4307   28.0992
   -7.5000   22.5000    7.500013402.2549   28.1304
    0.0000   22.5000    7.500013795.2715   28.0977
    7.5000   22.5000    7.500013328.5635   28.0810
   -7.5000   30.0000    7.500012398.6924   27.7952
    0.0000   30.0000    7.500012723.4033   27.7603
    7.5000   30.0000    7.500012211.6318   27.7468
   -7.5000   37.5000    7.500011696.9209   27.8080
    0.0000   37.5000    7.500012024.6025   27.7760
    7.5000   37.5000    7.500011534.5195   27.7651
   -7.5000   45.0000    7.500010509.2441   27.1554
    0.0000   45.0000    7.500010819.7129   27.1282
    7.5000   45.0000    7.500010318.1074   27.1198
   -7.5000  -45.0000   15.000010586.8164   28.2009
    0.0000  -45.0000   15.000011017.1973   28.1833
    7.5000  -45.0000   15.000010504.6826   28.1711
   -7.5000  -37.5000   15.000011214.0332   28.1847
    0.0000  -37.5000   15.000011702.2939   28.1713
    7.5000  -37.5000   15.000011180.2432   28.1637
   -7.5000  -30.0000   15.000012186.6504   28.1693
    0.0000  -30.0000   15.000012778.2080   28.1506
    7.5000  -30.0000   15.000012164.3916   28.1445
   -7.5000  -22.5000   15.000013084.9619   28.1750
    0.0000  -22.5000   15.000013604.4941   28.1454
    7.5000  -22.5000   15.000012999.1348   28.1377
   -7.5000  -15.0000   15.000013768.7744   28.1950
    0.0000  -15.0000   15.000014252.6816   28.1603
    7.5000  -15.0000   15.000013673.6592   28.1504
   -7.5000   -7.5000   15.000014440.5146   28.2054
    0.0000   -7.5000   15.000014970.9834   28.1774
    7.5000   -7.5000   15.000014361.5635   28.1646
   -7.5000    0.0000   15.000015075.5840   28.2009
    0.0000    0.0000   15.000015602.7148   28.1833
    7.5000    0.0000   15.000014933.9395   28.1711
   -7.5000    7.5000   15.000014615.0244   28.1847
    0.0000    7.5000   15.000015083.6572   28.1713
    7.5000    7.5000   15.000014451.2969   28.1637
   -7.5000   15.0000   15.000013907.7637   28.1693
    0.0000   15.0000   15.000014303.1396   28.1506
    7.5000   15.0000   15.000013738.7197   28.1445
   -7.5000   22.5000   15.000012890.8271   28.1620
    0.0000   22.5000   15.000013239.1426   28.1324
    7.5000   22.5000   15.000012683.1611   28.1248
   -7.5000   30.0000   15.000011840.3574   27.8301
    0.0000   30.0000   15.000012167.9746   27.7958
    7.5000   30.0000   15.000011624.2979   27.7861
   -7.5000   37.5000   15.000011137.9062   27.8404
    0.0000   37.5000   15.000011437.4961   27.8128
    7.5000   37.5000   15.000010940.0654   27.8001
   -7.5000   45.0000   15.0000 9988.8926   27.1824
    0.0000   45.0000   15.000010277.3799   27.1655
    7.5000   45.0000   15.0000 9769.6826   27.1536
   -7.5000  -45.0000   22.5000 9968.4570   28.1971
    0.0000  -45.0000   22.500010396.7891   28.1815
    7.5000  -45.0000   22.5000 9881.9854   28.1755
   -7.5000  -37.5000   22.500010558.1367   28.1831
    0.0000  -37.5000   22.500011047.6543   28.1761
    7.5000  -37.5000   22.500010497.4883   28.1783
   -7.5000  -30.0000   22.500011518.3359   28.1574
    0.0000  -30.0000   22.500012032.4844   28.1462
    7.5000  -30.0000   22.500011422.6982   28.1487
   -7.5000  -22.5000   22.500012375.3701   28.1500
    0.0000  -22.5000   22.500012828.1416   28.1247
    7.5000  -22.5000   22.500012217.1865   28.1190
   -7.5000  -15.0000   22.500013090.9033   28.1669
    0.0000  -15.0000   22.500013545.4678   28.1318
    7.5000  -15.0000   22.500012912.0859   28.1186
   -7.5000   -7.5000   22.500013769.2832   28.1884
    0.0000   -7.5000   22.500014256.0088   28.1589
    7.5000   -7.5000   22.500013575.2861   28.1456
   -7.5000    0.0000   22.500014342.5947   28.1971
    0.0000    0.0000   22.500014840.5020   28.1815
    7.5000    0.0000   22.500014122.6191   28.1755
   -7.5000    7.5000   22.500013884.8340   28.1831
    0.0000    7.5000   22.500014336.2676   28.1761
    7.5000    7.5000   22.500013644.3340   28.1783
   -7.5000   15.0000   22.500013227.5645   28.1574
    0.0000   15.0000   22.500013658.1055   28.1462
    7.5000   15.0000   22.500012985.5518   28.1487
   -7.5000   22.5000   22.500012247.3594   28.1370
    0.0000   22.5000   22.500012633.1777   28.1118
    7.5000   22.5000   22.500012016.7100   28.1061
   -7.5000   30.0000   22.500011226.3857   27.8024
    0.0000   30.0000   22.500011579.2705   27.7678
    7.5000   30.0000   22.500011002.1006   27.7547
   -7.5000   37.5000   22.500010526.8633   27.8236
    0.0000   37.5000   22.500010853.5889   27.7945
    7.5000   37.5000   22.500010325.7686   27.7814
   -7.5000   45.0000   22.5000 9401.2178   27.1788
    0.0000   45.0000   22.5000 9715.1406   27.1637
    7.5000   45.0000   22.5000 9213.2100   27.1579
   -7.5000  -45.0000   30.0000 9232.2725   28.1710
    0.0000  -45.0000   30.0000 9638.2217   28.1487
    7.5000  -45.0000   30.0000 9132.4014   28.1531
   -7.5000  -37.5000   30.0000 9813.7432   28.1576
    0.0000  -37.5000   30.000010263.6592   28.1456
    7.5000  -37.5000   30.0000 9705.5264   28.1567
   -7.5000  -30.0000   30.000010683.2510   28.1188
    0.0000  -30.0000   30.000011166.2012   28.1065
    7.5000  -30.0000   30.000010544.4082   28.1096
   -7.5000  -22.5000   30.000011444.2480   28.0957
    0.0000  -22.5000   30.000011917.7500   28.0717
    7.5000  -22.5000   30.000011286.2520   28.0595
   -7.5000  -15.0000   30.000012092.6875   28.1093
    0.0000  -15.0000   30.000012584.9785   28.0738
    7.5000  -15.0000   30.000011960.6475   28.0540
   -7.5000   -7.5000   30.000012717.7900   28.1459
    0.0000   -7.5000   30.000013232.6768   28.1116
    7.5000   -7.5000   30.000012587.4463   28.1007
   -7.5000    0.0000   30.000013230.8848   28.1710
    0.0000    0.0000   30.000013769.9951   28.1487
    7.5000    0.0000   30.000013112.6426   28.1531
   -7.5000    7.5000   30.000012817.0830   28.1576
    0.0000    7.5000   30.000013311.1494   28.1456
    7.5000    7.5000   30.000012684.3623   28.1567
   -7.5000   15.0000   30.000012249.2383   28.1188
    0.0000   15.0000   30.000012725.0439   28.1065
    7.5000   15.0000   30.000012088.0654   28.1096
   -7.5000   22.5000   30.000011386.3418   28.0827
    0.0000   22.5000   30.000011812.3701   28.0588
    7.5000   22.5000   30.000011202.4814   28.0466
   -7.5000   30.0000   30.000010431.6680   27.7455
    0.0000   30.0000   30.000010817.0723   27.7104
    7.5000   30.0000   30.000010243.6914   27.6910
   -7.5000   37.5000   30.0000 9789.2734   27.7816
    0.0000   37.5000   30.000010145.8018   27.7477
    7.5000   37.5000   30.0000 9609.8926   27.7370
   -7.5000   45.0000   30.0000 8759.6914   27.1536
    0.0000   45.0000   30.0000 9058.5303   27.1321
    7.5000   45.0000   30.0000 8592.5439   27.1364
   -7.5000  -45.0000   37.5000 8804.1113   28.3634
    0.0000  -45.0000   37.5000 9181.8975   28.3310
    7.5000  -45.0000   37.5000 8694.4189   28.3353
   -7.5000  -37.5000   37.5000 9354.8613   28.3484
    0.0000  -37.5000   37.5000 9778.9678   28.3242
    7.5000  -37.5000   37.5000 9248.0439   28.3295
   -7.5000  -30.0000   37.500010153.5674   28.3059
    0.0000  -30.0000   37.500010592.9951   28.2857
    7.5000  -30.0000   37.500010023.0430   28.2768
   -7.5000  -22.5000   37.500010887.5430   28.2791
    0.0000  -22.5000   37.500011338.0225   28.2542
    7.5000  -22.5000   37.500010752.6826   28.2309
   -7.5000  -15.0000   37.500011518.9600   28.2920
    0.0000  -15.0000   37.500012003.7158   28.2580
    7.5000  -15.0000   37.500011426.8311   28.2329
   -7.5000   -7.5000   37.500012101.6641   28.3337
    0.0000   -7.5000   37.500012614.7129   28.2963
    7.5000   -7.5000   37.500012017.9775   28.2847
   -7.5000    0.0000   37.500012612.2334   28.3634
    0.0000    0.0000   37.500013118.0723   28.3310
    7.5000    0.0000   37.500012537.4463   28.3353
   -7.5000    7.5000   37.500012222.5410   28.3484
    0.0000    7.5000   37.500012707.2588   28.3242
    7.5000    7.5000   37.500012149.7070   28.3295
   -7.5000   15.0000   37.500011695.0430   28.3059
    0.0000   15.0000   37.500012162.8232   28.2857
    7.5000   15.0000   37.500011597.9580   28.2768
   -7.5000   22.5000   37.500010876.5615   28.2661
    0.0000   22.5000   37.500011277.7920   28.2412
    7.5000   22.5000   37.500010744.7314   28.2179
   -7.5000   30.0000   37.5000 9967.4971   27.9258
    0.0000   30.0000   37.500010341.5684   27.8923
    7.5000   30.0000   37.5000 9848.9219   27.8675
   -7.5000   37.5000   37.5000 9389.9668   27.9670
    0.0000   37.5000   37.5000 9752.0293   27.9301
    7.5000   37.5000   37.5000 9282.5264   27.9187
   -7.5000   45.0000   37.5000 8395.6621   27.3390
    0.0000   45.0000   37.5000 8692.8428   27.3078
    7.5000   45.0000   37.5000 8282.1240   27.3120
   -7.5000  -45.0000   45.0000 7993.1655   28.6569
    0.0000  -45.0000   45.0000 8332.4775   28.6192
    7.5000  -45.0000   45.0000 7917.3452   28.6164
   -7.5000  -37.5000   45.0000 8475.7949   28.6413
    0.0000  -37.5000   45.0000 8848.5898   28.6080
    7.5000  -37.5000   45.0000 8406.5391   28.6040
   -7.5000  -30.0000   45.0000 9213.6201   28.6080
    0.0000  -30.0000   45.0000 9593.8721   28.5790
    7.5000  -30.0000   45.0000 9124.4971   28.5627
   -7.5000  -22.5000   45.0000 9876.2480   28.5916
    0.0000  -22.5000   45.000010277.6855   28.5613
    7.5000  -22.5000   45.0000 9784.6631   28.5362
   -7.5000  -15.0000   45.000010456.0273   28.6053
    0.0000  -15.0000   45.000010876.6777   28.5699
    7.5000  -15.0000   45.000010376.1904   28.5467
   -7.5000   -7.5000   45.000010975.2793   28.6374
    0.0000   -7.5000   45.000011407.6758   28.5986
    7.5000   -7.5000   45.000010906.6709   28.5857
   -7.5000    0.0000   45.000011447.9736   28.6569
    0.0000    0.0000   45.000011877.0186   28.6192
    7.5000    0.0000   45.000011376.7148   28.6164
   -7.5000    7.5000   45.000011115.2480   28.6413
    0.0000    7.5000   45.000011542.5156   28.6080
    7.5000    7.5000   45.000011043.5967   28.6040
   -7.5000   15.0000   45.000010682.4189   28.6080
    0.0000   15.0000   45.000011091.9209   28.5790
    7.5000   15.0000   45.000010597.1787   28.5627
   -7.5000   22.5000   45.0000 9892.1406   28.5783
    0.0000   22.5000   45.000010272.9395   28.5481
    7.5000   22.5000   45.0000 9791.0166   28.5229
   -7.5000   30.0000   45.0000 9083.9844   28.2326
    0.0000   30.0000   45.0000 9438.9609   28.1977
    7.5000   30.0000   45.0000 9002.3721   28.1748
   -7.5000   37.5000   45.0000 8604.8740   28.2644
    0.0000   37.5000   45.0000 8913.4717   28.2261
    7.5000   37.5000   45.0000 8504.8418   28.2133
   -7.5000   45.0000   45.0000 7705.6152   27.6344
    0.0000   45.0000   45.0000 7961.7822   27.5981
    7.5000   45.0000   45.0000 7606.8403   27.5954

---------------------------------------------------------------------
imgreg_4dfp /opt/freesurfer/average/711-2C_as_mni_average_305 /opt/freesurfer/average/711-2B_as_mni_average_305_mask talsrcimg_g11 none talsrcimg_to_711-2C_as_mni_average_305_t4 4355
---------------------------------------------------------------------

freesurfer imgreg_4dfp.c
/opt/freesurfer/average/711-2C_as_mni_average_305.4dfp.img
       256       256       256         1
  1.000000  1.000000  1.000000
orientation T byte_order littleendian
Reading image: /opt/freesurfer/average/711-2C_as_mni_average_305.4dfp.img
dimensions:      256       256       256
mmppix:       1.0000   -1.0000   -1.0000
center:     128.0000 -129.0000 -129.0000
/opt/freesurfer/average/711-2B_as_mni_average_305_mask.4dfp.img
       256       256       256         1
  1.000000  1.000000  1.000000
orientation T byte_order littleendian
Reading mask: /opt/freesurfer/average/711-2B_as_mni_average_305_mask.4dfp.img (2306576 pixels)
talsrcimg_g11.4dfp.img
       256       256       256         1
  1.000000  1.000000  1.000000
orientation T byte_order littleendian
Reading image: talsrcimg_g11.4dfp.img
dimensions:      256       256       256
mmppix:       1.0000   -1.0000   -1.0000
center:     128.0000 -129.0000 -129.0000
rotation matrix determinant  1.000000
image alignment mode   4355 decimal     1103 hex
   -7.5000  -45.0000  -45.0000 2052.9678   26.2112
    0.0000  -45.0000  -45.0000 2049.1838   26.1462
    7.5000  -45.0000  -45.0000 2021.2598   26.5156
   -7.5000  -37.5000  -45.0000 2148.6445   23.8815
    0.0000  -37.5000  -45.0000 2146.3479   23.8735
    7.5000  -37.5000  -45.0000 2117.6519   24.1041
   -7.5000  -30.0000  -45.0000 2223.2954   22.1992
    0.0000  -30.0000  -45.0000 2222.7314   22.1972
    7.5000  -30.0000  -45.0000 2197.7229   22.4244
   -7.5000  -22.5000  -45.0000 2268.7732   21.0109
    0.0000  -22.5000  -45.0000 2270.4590   21.0416
    7.5000  -22.5000  -45.0000 2249.1111   21.2423
   -7.5000  -15.0000  -45.0000 2291.0881   20.2835
    0.0000  -15.0000  -45.0000 2298.6567   20.3022
    7.5000  -15.0000  -45.0000 2275.8035   20.5619
   -7.5000   -7.5000  -45.0000 2299.1660   19.9394
    0.0000   -7.5000  -45.0000 2305.2412   20.0295
    7.5000   -7.5000  -45.0000 2280.9546   20.2987
   -7.5000    0.0000  -45.0000 2285.1211   20.1962
    0.0000    0.0000  -45.0000 2291.3352   20.2373
    7.5000    0.0000  -45.0000 2268.7241   20.5784
   -7.5000    7.5000  -45.0000 2251.7710   20.8417
    0.0000    7.5000  -45.0000 2256.1697   20.8532
    7.5000    7.5000  -45.0000 2232.6792   21.2939
   -7.5000   15.0000  -45.0000 2197.1575   21.9592
    0.0000   15.0000  -45.0000 2200.2925   21.9387
    7.5000   15.0000  -45.0000 2178.5615   22.3558
   -7.5000   22.5000  -45.0000 2119.8296   23.5403
    0.0000   22.5000  -45.0000 2125.8125   23.5191
    7.5000   22.5000  -45.0000 2099.7996   23.9876
   -7.5000   30.0000  -45.0000 2022.0415   25.7562
    0.0000   30.0000  -45.0000 2026.0677   25.7415
    7.5000   30.0000  -45.0000 1999.3831   26.2154
   -7.5000   37.5000  -45.0000 1905.9332   28.8109
    0.0000   37.5000  -45.0000 1910.7952   28.6946
    7.5000   37.5000  -45.0000 1884.8737   29.2695
   -7.5000   45.0000  -45.0000 1775.9224   32.9160
    0.0000   45.0000  -45.0000 1778.1373   32.7706
    7.5000   45.0000  -45.0000 1750.5714   33.5030
   -7.5000  -45.0000  -37.5000 2136.2246   24.3355
    0.0000  -45.0000  -37.5000 2133.1250   24.2650
    7.5000  -45.0000  -37.5000 2103.8467   24.6084
   -7.5000  -37.5000  -37.5000 2236.8821   22.0982
    0.0000  -37.5000  -37.5000 2235.5015   22.0760
    7.5000  -37.5000  -37.5000 2204.8594   22.3159
   -7.5000  -30.0000  -37.5000 2317.5896   20.4896
    0.0000  -30.0000  -37.5000 2317.4714   20.5049
    7.5000  -30.0000  -37.5000 2287.8154   20.6876
   -7.5000  -22.5000  -37.5000 2371.1643   19.3611
    0.0000  -22.5000  -37.5000 2373.3496   19.3941
    7.5000  -22.5000  -37.5000 2347.0159   19.5433
   -7.5000  -15.0000  -37.5000 2398.3184   18.6879
    0.0000  -15.0000  -37.5000 2410.1907   18.7082
    7.5000  -15.0000  -37.5000 2381.1841   18.8947
   -7.5000   -7.5000  -37.5000 2410.8450   18.4481
    0.0000   -7.5000  -37.5000 2420.7834   18.4780
    7.5000   -7.5000  -37.5000 2388.6436   18.7143
   -7.5000    0.0000  -37.5000 2393.7915   18.6655
    0.0000    0.0000  -37.5000 2398.3962   18.6907
    7.5000    0.0000  -37.5000 2373.6001   18.9440
   -7.5000    7.5000  -37.5000 2360.8257   19.2368
    0.0000    7.5000  -37.5000 2366.4724   19.2406
    7.5000    7.5000  -37.5000 2339.0107   19.5829
   -7.5000   15.0000  -37.5000 2298.3081   20.2584
    0.0000   15.0000  -37.5000 2305.3459   20.2299
    7.5000   15.0000  -37.5000 2279.9260   20.6163
   -7.5000   22.5000  -37.5000 2214.5142   21.7588
    0.0000   22.5000  -37.5000 2219.4221   21.7481
    7.5000   22.5000  -37.5000 2191.8650   22.1228
   -7.5000   30.0000  -37.5000 2107.1594   23.8406
    0.0000   30.0000  -37.5000 2110.1631   23.7822
    7.5000   30.0000  -37.5000 2081.9448   24.2164
   -7.5000   37.5000  -37.5000 1977.7529   26.6424
    0.0000   37.5000  -37.5000 1985.0083   26.5630
    7.5000   37.5000  -37.5000 1960.0446   26.9949
   -7.5000   45.0000  -37.5000 1841.5562   30.3397
    0.0000   45.0000  -37.5000 1850.2284   30.2237
    7.5000   45.0000  -37.5000 1820.9460   30.7388
   -7.5000  -45.0000  -30.0000 2246.7231   23.5148
    0.0000  -45.0000  -30.0000 2246.6094   23.4481
    7.5000  -45.0000  -30.0000 2209.7964   23.7234
   -7.5000  -37.5000  -30.0000 2357.2634   21.2777
    0.0000  -37.5000  -30.0000 2357.3560   21.2228
    7.5000  -37.5000  -30.0000 2322.1194   21.4668
   -7.5000  -30.0000  -30.0000 2447.0071   19.5961
    0.0000  -30.0000  -30.0000 2447.5107   19.5898
    7.5000  -30.0000  -30.0000 2417.1418   19.7798
   -7.5000  -22.5000  -30.0000 2507.3303   18.4735
    0.0000  -22.5000  -30.0000 2513.1741   18.5075
    7.5000  -22.5000  -30.0000 2480.9768   18.6759
   -7.5000  -15.0000  -30.0000 2549.5869   17.7894
    0.0000  -15.0000  -30.0000 2557.2334   17.8578
    7.5000  -15.0000  -30.0000 2521.0039   18.0403
   -7.5000   -7.5000  -30.0000 2571.4575   17.6482
    0.0000   -7.5000  -30.0000 2578.4812   17.6949
    7.5000   -7.5000  -30.0000 2539.3811   17.8835
   -7.5000    0.0000  -30.0000 2554.9666   17.8837
    0.0000    0.0000  -30.0000 2559.5251   17.8983
    7.5000    0.0000  -30.0000 2526.9966   18.1498
   -7.5000    7.5000  -30.0000 2515.5425   18.4995
    0.0000    7.5000  -30.0000 2521.0332   18.4616
    7.5000    7.5000  -30.0000 2487.0969   18.7484
   -7.5000   15.0000  -30.0000 2448.0095   19.4595
    0.0000   15.0000  -30.0000 2455.8027   19.4130
    7.5000   15.0000  -30.0000 2417.9888   19.7444
   -7.5000   22.5000  -30.0000 2353.8445   20.9177
    0.0000   22.5000  -30.0000 2359.6934   20.8875
    7.5000   22.5000  -30.0000 2327.2812   21.1984
   -7.5000   30.0000  -30.0000 2229.8098   22.9337
    0.0000   30.0000  -30.0000 2238.6614   22.8901
    7.5000   30.0000  -30.0000 2206.1917   23.2368
   -7.5000   37.5000  -30.0000 2086.8328   25.6115
    0.0000   37.5000  -30.0000 2094.1384   25.5730
    7.5000   37.5000  -30.0000 2066.2539   25.9481
   -7.5000   45.0000  -30.0000 1942.0127   29.1506
    0.0000   45.0000  -30.0000 1950.1295   29.0571
    7.5000   45.0000  -30.0000 1921.7562   29.4811
   -7.5000  -45.0000  -22.5000 2331.8171   22.4803
    0.0000  -45.0000  -22.5000 2330.0430   22.5150
    7.5000  -45.0000  -22.5000 2291.4939   22.8384
   -7.5000  -37.5000  -22.5000 2448.0090   20.3414
    0.0000  -37.5000  -22.5000 2446.7869   20.3378
    7.5000  -37.5000  -22.5000 2415.0857   20.6515
   -7.5000  -30.0000  -22.5000 2545.0378   18.6850
    0.0000  -30.0000  -22.5000 2546.5549   18.6715
    7.5000  -30.0000  -22.5000 2514.6174   18.9095
   -7.5000  -22.5000  -22.5000 2614.5564   17.5348
    0.0000  -22.5000  -22.5000 2623.7034   17.5357
    7.5000  -22.5000  -22.5000 2588.8135   17.7679
   -7.5000  -15.0000  -22.5000 2667.3171   16.8465
    0.0000  -15.0000  -22.5000 2675.2366   16.9120
    7.5000  -15.0000  -22.5000 2636.8616   17.1228
   -7.5000   -7.5000  -22.5000 2696.5247   16.6817
    0.0000   -7.5000  -22.5000 2706.4165   16.7583
    7.5000   -7.5000  -22.5000 2662.6826   16.9796
   -7.5000    0.0000  -22.5000 2687.5630   17.0042
    0.0000    0.0000  -22.5000 2696.3137   17.0403
    7.5000    0.0000  -22.5000 2652.2363   17.2453
   -7.5000    7.5000  -22.5000 2646.2432   17.6189
    0.0000    7.5000  -22.5000 2652.4089   17.6024
    7.5000    7.5000  -22.5000 2614.4409   17.8544
   -7.5000   15.0000  -22.5000 2566.8833   18.5760
    0.0000   15.0000  -22.5000 2575.3923   18.5162
    7.5000   15.0000  -22.5000 2537.5125   18.8174
   -7.5000   22.5000  -22.5000 2464.3694   19.9559
    0.0000   22.5000  -22.5000 2472.3157   19.8911
    7.5000   22.5000  -22.5000 2436.9861   20.2098
   -7.5000   30.0000  -22.5000 2332.1277   21.8938
    0.0000   30.0000  -22.5000 2342.7146   21.8476
    7.5000   30.0000  -22.5000 2307.6387   22.2009
   -7.5000   37.5000  -22.5000 2173.6099   24.4485
    0.0000   37.5000  -22.5000 2184.9341   24.4361
    7.5000   37.5000  -22.5000 2153.2549   24.8045
   -7.5000   45.0000  -22.5000 2016.1029   27.7739
    0.0000   45.0000  -22.5000 2023.7512   27.7726
    7.5000   45.0000  -22.5000 1997.2988   28.1383
   -7.5000  -45.0000  -15.0000 2378.1660   21.6170
    0.0000  -45.0000  -15.0000 2377.6223   21.6182
    7.5000  -45.0000  -15.0000 2345.9272   22.0685
   -7.5000  -37.5000  -15.0000 2502.8391   19.5037
    0.0000  -37.5000  -15.0000 2506.7126   19.5068
    7.5000  -37.5000  -15.0000 2472.4268   19.8738
   -7.5000  -30.0000  -15.0000 2611.5840   17.8686
    0.0000  -30.0000  -15.0000 2616.0923   17.8660
    7.5000  -30.0000  -15.0000 2583.0984   18.1790
   -7.5000  -22.5000  -15.0000 2695.3125   16.7070
    0.0000  -22.5000  -15.0000 2707.2080   16.6675
    7.5000  -22.5000  -15.0000 2673.4990   16.9965
   -7.5000  -15.0000  -15.0000 2759.2451   15.9921
    0.0000  -15.0000  -15.0000 2771.5322   16.0244
    7.5000  -15.0000  -15.0000 2733.8127   16.3214
   -7.5000   -7.5000  -15.0000 2795.3662   15.8608
    0.0000   -7.5000  -15.0000 2810.5862   15.8832
    7.5000   -7.5000  -15.0000 2763.0391   16.1868
   -7.5000    0.0000  -15.0000 2786.7488   16.1684
    0.0000    0.0000  -15.0000 2800.5220   16.1727
    7.5000    0.0000  -15.0000 2754.8054   16.4348
   -7.5000    7.5000  -15.0000 2738.9302   16.7999
    0.0000    7.5000  -15.0000 2750.1868   16.7821
    7.5000    7.5000  -15.0000 2713.2898   17.0380
   -7.5000   15.0000  -15.0000 2655.3140   17.7535
    0.0000   15.0000  -15.0000 2665.3696   17.6662
    7.5000   15.0000  -15.0000 2633.3564   17.9776
   -7.5000   22.5000  -15.0000 2541.0085   19.0545
    0.0000   22.5000  -15.0000 2550.0701   18.9638
    7.5000   22.5000  -15.0000 2516.2500   19.3396
   -7.5000   30.0000  -15.0000 2401.4224   20.9312
    0.0000   30.0000  -15.0000 2412.2312   20.8599
    7.5000   30.0000  -15.0000 2374.6365   21.2476
   -7.5000   37.5000  -15.0000 2236.5540   23.3943
    0.0000   37.5000  -15.0000 2248.3257   23.3185
    7.5000   37.5000  -15.0000 2218.8513   23.7251
   -7.5000   45.0000  -15.0000 2065.2073   26.5662
    0.0000   45.0000  -15.0000 2073.1694   26.5148
    7.5000   45.0000  -15.0000 2051.0688   26.9044
   -7.5000  -45.0000   -7.5000 2399.7603   20.8863
    0.0000  -45.0000   -7.5000 2405.8281   20.8478
    7.5000  -45.0000   -7.5000 2371.9253   21.3496
   -7.5000  -37.5000   -7.5000 2531.0505   18.8032
    0.0000  -37.5000   -7.5000 2538.4705   18.7385
    7.5000  -37.5000   -7.5000 2507.3630   19.2146
   -7.5000  -30.0000   -7.5000 2649.2549   17.1999
    0.0000  -30.0000   -7.5000 2658.6748   17.1275
    7.5000  -30.0000   -7.5000 2631.6694   17.5901
   -7.5000  -22.5000   -7.5000 2757.9502   16.0797
    0.0000  -22.5000   -7.5000 2772.3193   15.9714
    7.5000  -22.5000   -7.5000 2733.9688   16.4106
   -7.5000  -15.0000   -7.5000 2840.9863   15.2732
    0.0000  -15.0000   -7.5000 2860.0049   15.2325
    7.5000  -15.0000   -7.5000 2806.1677   15.6810
   -7.5000   -7.5000   -7.5000 2879.4988   15.1421
    0.0000   -7.5000   -7.5000 2905.6079   15.0933
    7.5000   -7.5000   -7.5000 2849.7583   15.5270
   -7.5000    0.0000   -7.5000 2867.9329   15.4497
    0.0000    0.0000   -7.5000 2888.3655   15.3844
    7.5000    0.0000   -7.5000 2836.2046   15.7821
   -7.5000    7.5000   -7.5000 2809.3811   16.1024
    0.0000    7.5000   -7.5000 2828.2109   15.9976
    7.5000    7.5000   -7.5000 2789.3655   16.3784
   -7.5000   15.0000   -7.5000 2711.7087   17.0296
    0.0000   15.0000   -7.5000 2726.9087   16.9224
    7.5000   15.0000   -7.5000 2691.6353   17.2764
   -7.5000   22.5000   -7.5000 2589.5730   18.3521
    0.0000   22.5000   -7.5000 2601.0532   18.2570
    7.5000   22.5000   -7.5000 2566.0134   18.6414
   -7.5000   30.0000   -7.5000 2441.9360   20.1227
    0.0000   30.0000   -7.5000 2452.0649   20.0643
    7.5000   30.0000   -7.5000 2417.3738   20.4698
   -7.5000   37.5000   -7.5000 2272.1509   22.4940
    0.0000   37.5000   -7.5000 2285.0854   22.4451
    7.5000   37.5000   -7.5000 2251.8247   22.8480
   -7.5000   45.0000   -7.5000 2091.6421   25.5570
    0.0000   45.0000   -7.5000 2106.4097   25.4933
    7.5000   45.0000   -7.5000 2078.4031   25.9380
   -7.5000  -45.0000    0.0000 2408.2822   20.5157
    0.0000  -45.0000    0.0000 2413.1143   20.3912
    7.5000  -45.0000    0.0000 2384.7705   21.0141
   -7.5000  -37.5000    0.0000 2538.5872   18.4472
    0.0000  -37.5000    0.0000 2546.1433   18.2844
    7.5000  -37.5000    0.0000 2518.4473   18.8950
   -7.5000  -30.0000    0.0000 2666.4233   16.8833
    0.0000  -30.0000    0.0000 2677.9675   16.7265
    7.5000  -30.0000    0.0000 2648.9849   17.2961
   -7.5000  -22.5000    0.0000 2789.4402   15.8072
    0.0000  -22.5000    0.0000 2806.1172   15.6388
    7.5000  -22.5000    0.0000 2762.7783   16.1457
   -7.5000  -15.0000    0.0000 2888.0659   14.8861
    0.0000  -15.0000    0.0000 2910.2429   14.7671
    7.5000  -15.0000    0.0000 2844.3457   15.3424
   -7.5000   -7.5000    0.0000 2940.4626   14.6130
    0.0000   -7.5000    0.0000 2959.8438   14.4329
    7.5000   -7.5000    0.0000 2890.1206   15.0922
   -7.5000    0.0000    0.0000 2919.1597   14.9414
    0.0000    0.0000    0.0000 2941.2505   14.7321
    7.5000    0.0000    0.0000 2882.4985   15.3170
   -7.5000    7.5000    0.0000 2841.1792   15.6184
    0.0000    7.5000    0.0000 2869.1521   15.5068
    7.5000    7.5000    0.0000 2823.0188   15.9631
   -7.5000   15.0000    0.0000 2738.4678   16.5711
    0.0000   15.0000    0.0000 2759.0688   16.5074
    7.5000   15.0000    0.0000 2722.4421   16.9082
   -7.5000   22.5000    0.0000 2608.1289   17.8857
    0.0000   22.5000    0.0000 2622.2175   17.8390
    7.5000   22.5000    0.0000 2587.1162   18.2346
   -7.5000   30.0000    0.0000 2455.9900   19.6540
    0.0000   30.0000    0.0000 2471.0974   19.6125
    7.5000   30.0000    0.0000 2437.5520   20.0537
   -7.5000   37.5000    0.0000 2283.4946   21.9927
    0.0000   37.5000    0.0000 2297.9216   21.9322
    7.5000   37.5000    0.0000 2272.1467   22.3914
   -7.5000   45.0000    0.0000 2104.7510   24.9087
    0.0000   45.0000    0.0000 2116.1401   24.9093
    7.5000   45.0000    0.0000 2089.5588   25.4192
   -7.5000  -45.0000    7.5000 2407.3259   20.5067
    0.0000  -45.0000    7.5000 2412.2065   20.3910
    7.5000  -45.0000    7.5000 2383.3884   21.0646
   -7.5000  -37.5000    7.5000 2536.1484   18.4670
    0.0000  -37.5000    7.5000 2544.9182   18.2970
    7.5000  -37.5000    7.5000 2514.0088   18.9445
   -7.5000  -30.0000    7.5000 2664.2324   16.9262
    0.0000  -30.0000    7.5000 2678.0532   16.7328
    7.5000  -30.0000    7.5000 2644.3940   17.3514
   -7.5000  -22.5000    7.5000 2790.3794   15.8216
    0.0000  -22.5000    7.5000 2809.1108   15.6618
    7.5000  -22.5000    7.5000 2765.3354   16.1636
   -7.5000  -15.0000    7.5000 2892.1855   14.9949
    0.0000  -15.0000    7.5000 2909.6057   14.7379
    7.5000  -15.0000    7.5000 2848.5920   15.3723
   -7.5000   -7.5000    7.5000 2943.3777   14.6028
    0.0000   -7.5000    7.5000 2958.0906   14.4290
    7.5000   -7.5000    7.5000 2895.9324   15.1187
   -7.5000    0.0000    7.5000 2932.1687   14.8311
    0.0000    0.0000    7.5000 2952.4673   14.7329
    7.5000    0.0000    7.5000 2886.8015   15.2877
   -7.5000    7.5000    7.5000 2852.2607   15.5209
    0.0000    7.5000    7.5000 2877.5686   15.4343
    7.5000    7.5000    7.5000 2827.5625   15.8733
   -7.5000   15.0000    7.5000 2739.0762   16.4816
    0.0000   15.0000    7.5000 2754.8298   16.4012
    7.5000   15.0000    7.5000 2720.0322   16.8106
   -7.5000   22.5000    7.5000 2602.9038   17.8242
    0.0000   22.5000    7.5000 2615.8328   17.7279
    7.5000   22.5000    7.5000 2588.1865   18.1446
   -7.5000   30.0000    7.5000 2455.5110   19.5449
    0.0000   30.0000    7.5000 2467.4758   19.4764
    7.5000   30.0000    7.5000 2434.2253   19.9076
   -7.5000   37.5000    7.5000 2281.9409   21.7876
    0.0000   37.5000    7.5000 2294.4641   21.7197
    7.5000   37.5000    7.5000 2271.4897   22.1349
   -7.5000   45.0000    7.5000 2098.7532   24.6462
    0.0000   45.0000    7.5000 2111.1846   24.5919
    7.5000   45.0000    7.5000 2083.7480   25.0366
   -7.5000  -45.0000   15.0000 2393.9331   20.8500
    0.0000  -45.0000   15.0000 2397.9543   20.7535
    7.5000  -45.0000   15.0000 2364.4937   21.3836
   -7.5000  -37.5000   15.0000 2519.1765   18.7989
    0.0000  -37.5000   15.0000 2530.5688   18.6909
    7.5000  -37.5000   15.0000 2495.5366   19.2738
   -7.5000  -30.0000   15.0000 2637.0520   17.2373
    0.0000  -30.0000   15.0000 2657.7209   17.1456
    7.5000  -30.0000   15.0000 2622.8499   17.6929
   -7.5000  -22.5000   15.0000 2750.8630   16.1188
    0.0000  -22.5000   15.0000 2777.9517   15.9996
    7.5000  -22.5000   15.0000 2737.4080   16.5064
   -7.5000  -15.0000   15.0000 2840.4922   15.4047
    0.0000  -15.0000   15.0000 2859.3047   15.1383
    7.5000  -15.0000   15.0000 2816.6699   15.7445
   -7.5000   -7.5000   15.0000 2881.6914   15.1521
    0.0000   -7.5000   15.0000 2901.8237   14.9869
    7.5000   -7.5000   15.0000 2858.1135   15.4728
   -7.5000    0.0000   15.0000 2875.5396   15.2860
    0.0000    0.0000   15.0000 2894.7256   15.1303
    7.5000    0.0000   15.0000 2843.4065   15.5942
   -7.5000    7.5000   15.0000 2814.5916   15.8279
    0.0000    7.5000   15.0000 2836.0308   15.6791
    7.5000    7.5000   15.0000 2791.0012   16.1094
   -7.5000   15.0000   15.0000 2705.3130   16.7127
    0.0000   15.0000   15.0000 2721.1958   16.6044
    7.5000   15.0000   15.0000 2687.9419   17.0168
   -7.5000   22.5000   15.0000 2571.9282   17.9982
    0.0000   22.5000   15.0000 2588.0767   17.8938
    7.5000   22.5000   15.0000 2559.2712   18.2933
   -7.5000   30.0000   15.0000 2425.5852   19.7311
    0.0000   30.0000   15.0000 2442.7358   19.6490
    7.5000   30.0000   15.0000 2413.5725   20.0307
   -7.5000   37.5000   15.0000 2257.5674   21.9412
    0.0000   37.5000   15.0000 2268.9055   21.8678
    7.5000   37.5000   15.0000 2247.6675   22.2709
   -7.5000   45.0000   15.0000 2077.5369   24.8146
    0.0000   45.0000   15.0000 2091.8462   24.7476
    7.5000   45.0000   15.0000 2066.0710   25.0938
   -7.5000  -45.0000   22.5000 2365.1294   21.5360
    0.0000  -45.0000   22.5000 2375.9543   21.4702
    7.5000  -45.0000   22.5000 2338.8247   22.0199
   -7.5000  -37.5000   22.5000 2481.9946   19.5108
    0.0000  -37.5000   22.5000 2503.3135   19.4354
    7.5000  -37.5000   22.5000 2465.8259   19.9282
   -7.5000  -30.0000   22.5000 2597.1863   17.9930
    0.0000  -30.0000   22.5000 2620.7991   17.9092
    7.5000  -30.0000   22.5000 2588.8706   18.3049
   -7.5000  -22.5000   22.5000 2698.3545   16.9037
    0.0000  -22.5000   22.5000 2722.0146   16.6628
    7.5000  -22.5000   22.5000 2690.0293   17.1557
   -7.5000  -15.0000   22.5000 2768.6116   16.1557
    0.0000  -15.0000   22.5000 2786.6858   15.9795
    7.5000  -15.0000   22.5000 2759.8401   16.4343
   -7.5000   -7.5000   22.5000 2802.6316   15.9205
    0.0000   -7.5000   22.5000 2822.5593   15.7682
    7.5000   -7.5000   22.5000 2794.2261   16.1583
   -7.5000    0.0000   22.5000 2783.7261   16.0431
    0.0000    0.0000   22.5000 2806.9373   15.8819
    7.5000    0.0000   22.5000 2775.9641   16.2504
   -7.5000    7.5000   22.5000 2728.7498   16.5449
    0.0000    7.5000   22.5000 2749.5120   16.3623
    7.5000    7.5000   22.5000 2713.8135   16.7249
   -7.5000   15.0000   22.5000 2634.8213   17.3629
    0.0000   15.0000   22.5000 2656.4565   17.2524
    7.5000   15.0000   22.5000 2620.1060   17.5829
   -7.5000   22.5000   22.5000 2514.4897   18.5638
    0.0000   22.5000   22.5000 2534.2385   18.4798
    7.5000   22.5000   22.5000 2509.9810   18.8168
   -7.5000   30.0000   22.5000 2374.5388   20.2234
    0.0000   30.0000   22.5000 2392.4036   20.1153
    7.5000   30.0000   22.5000 2371.4712   20.4403
   -7.5000   37.5000   22.5000 2212.2285   22.4051
    0.0000   37.5000   22.5000 2225.8262   22.3423
    7.5000   37.5000   22.5000 2207.0693   22.6563
   -7.5000   45.0000   22.5000 2045.8342   25.2651
    0.0000   45.0000   22.5000 2060.3105   25.1968
    7.5000   45.0000   22.5000 2037.3494   25.5784
   -7.5000  -45.0000   30.0000 2312.5317   22.6519
    0.0000  -45.0000   30.0000 2330.7788   22.5741
    7.5000  -45.0000   30.0000 2294.4670   22.9623
   -7.5000  -37.5000   30.0000 2432.0571   20.5672
    0.0000  -37.5000   30.0000 2454.7061   20.5308
    7.5000  -37.5000   30.0000 2416.2283   20.8425
   -7.5000  -30.0000   30.0000 2535.6152   19.0553
    0.0000  -30.0000   30.0000 2564.4314   18.9605
    7.5000  -30.0000   30.0000 2528.5901   19.2639
   -7.5000  -22.5000   30.0000 2624.9756   17.8766
    0.0000  -22.5000   30.0000 2653.5159   17.7273
    7.5000  -22.5000   30.0000 2616.3435   18.1015
   -7.5000  -15.0000   30.0000 2683.8267   17.1439
    0.0000  -15.0000   30.0000 2704.9526   17.0636
    7.5000  -15.0000   30.0000 2678.1006   17.3855
   -7.5000   -7.5000   30.0000 2703.5015   16.9232
    0.0000   -7.5000   30.0000 2726.9224   16.7899
    7.5000   -7.5000   30.0000 2700.1821   17.1116
   -7.5000    0.0000   30.0000 2680.1155   17.0232
    0.0000    0.0000   30.0000 2702.3403   16.9049
    7.5000    0.0000   30.0000 2679.6858   17.2093
   -7.5000    7.5000   30.0000 2625.9897   17.4417
    0.0000    7.5000   30.0000 2643.6504   17.3349
    7.5000    7.5000   30.0000 2620.6326   17.6645
   -7.5000   15.0000   30.0000 2542.0325   18.2586
    0.0000   15.0000   30.0000 2562.6685   18.1654
    7.5000   15.0000   30.0000 2531.4312   18.4772
   -7.5000   22.5000   30.0000 2440.3950   19.4531
    0.0000   22.5000   30.0000 2461.4338   19.3593
    7.5000   22.5000   30.0000 2431.2544   19.6439
   -7.5000   30.0000   30.0000 2307.8794   21.0604
    0.0000   30.0000   30.0000 2326.5342   20.9904
    7.5000   30.0000   30.0000 2302.4985   21.2616
   -7.5000   37.5000   30.0000 2153.7830   23.2761
    0.0000   37.5000   30.0000 2168.4810   23.2304
    7.5000   37.5000   30.0000 2148.1699   23.5140
   -7.5000   45.0000   30.0000 2000.9553   26.2346
    0.0000   45.0000   30.0000 2008.6097   26.1149
    7.5000   45.0000   30.0000 1996.6757   26.4802
   -7.5000  -45.0000   37.5000 2251.2961   24.1293
    0.0000  -45.0000   37.5000 2271.1304   24.0329
    7.5000  -45.0000   37.5000 2234.0195   24.3255
   -7.5000  -37.5000   37.5000 2365.4822   21.9580
    0.0000  -37.5000   37.5000 2390.4375   21.8742
    7.5000  -37.5000   37.5000 2351.0771   22.1499
   -7.5000  -30.0000   37.5000 2460.2720   20.3217
    0.0000  -30.0000   37.5000 2488.3142   20.2107
    7.5000  -30.0000   37.5000 2450.3601   20.5212
   -7.5000  -22.5000   37.5000 2541.1677   19.1355
    0.0000  -22.5000   37.5000 2567.7483   19.0565
    7.5000  -22.5000   37.5000 2531.2239   19.3509
   -7.5000  -15.0000   37.5000 2590.5347   18.4469
    0.0000  -15.0000   37.5000 2611.9836   18.3741
    7.5000  -15.0000   37.5000 2591.1482   18.6385
   -7.5000   -7.5000   37.5000 2602.7974   18.1988
    0.0000   -7.5000   37.5000 2629.0420   18.0829
    7.5000   -7.5000   37.5000 2606.4856   18.3579
   -7.5000    0.0000   37.5000 2579.3071   18.2678
    0.0000    0.0000   37.5000 2599.3892   18.1545
    7.5000    0.0000   37.5000 2582.7422   18.4215
   -7.5000    7.5000   37.5000 2522.7827   18.6636
    0.0000    7.5000   37.5000 2543.4502   18.5817
    7.5000    7.5000   37.5000 2527.1653   18.8789
   -7.5000   15.0000   37.5000 2444.9561   19.4088
    0.0000   15.0000   37.5000 2468.2170   19.3379
    7.5000   15.0000   37.5000 2448.8081   19.5992
   -7.5000   22.5000   37.5000 2356.7588   20.5930
    0.0000   22.5000   37.5000 2370.0845   20.4895
    7.5000   22.5000   37.5000 2351.7102   20.7532
   -7.5000   30.0000   37.5000 2231.1575   22.2252
    0.0000   30.0000   37.5000 2244.8450   22.1707
    7.5000   30.0000   37.5000 2225.7727   22.4227
   -7.5000   37.5000   37.5000 2092.4617   24.5021
    0.0000   37.5000   37.5000 2109.6838   24.4728
    7.5000   37.5000   37.5000 2092.6809   24.7637
   -7.5000   45.0000   37.5000 1944.2308   27.5108
    0.0000   45.0000   37.5000 1951.9066   27.4368
    7.5000   45.0000   37.5000 1940.0981   27.8216
   -7.5000  -45.0000   45.0000 2176.7927   26.0233
    0.0000  -45.0000   45.0000 2197.1648   25.8671
    7.5000  -45.0000   45.0000 2166.8096   26.1127
   -7.5000  -37.5000   45.0000 2280.2107   23.6961
    0.0000  -37.5000   45.0000 2309.0586   23.5693
    7.5000  -37.5000   45.0000 2279.6912   23.7823
   -7.5000  -30.0000   45.0000 2371.9880   21.9956
    0.0000  -30.0000   45.0000 2401.6006   21.8454
    7.5000  -30.0000   45.0000 2374.4697   22.1108
   -7.5000  -22.5000   45.0000 2443.8035   20.7693
    0.0000  -22.5000   45.0000 2468.2007   20.6916
    7.5000  -22.5000   45.0000 2446.9485   20.9185
   -7.5000  -15.0000   45.0000 2483.8345   20.0710
    0.0000  -15.0000   45.0000 2505.4287   19.9654
    7.5000  -15.0000   45.0000 2487.9016   20.2233
   -7.5000   -7.5000   45.0000 2490.4648   19.7680
    0.0000   -7.5000   45.0000 2510.1794   19.6303
    7.5000   -7.5000   45.0000 2494.7986   19.8775
   -7.5000    0.0000   45.0000 2467.8604   19.8050
    0.0000    0.0000   45.0000 2481.5161   19.6935
    7.5000    0.0000   45.0000 2470.6995   19.9165
   -7.5000    7.5000   45.0000 2420.2227   20.1948
    0.0000    7.5000   45.0000 2436.8428   20.1092
    7.5000    7.5000   45.0000 2423.0591   20.3783
   -7.5000   15.0000   45.0000 2351.6843   20.9166
    0.0000   15.0000   45.0000 2373.1267   20.8769
    7.5000   15.0000   45.0000 2357.8140   21.1238
   -7.5000   22.5000   45.0000 2258.5337   22.0709
    0.0000   22.5000   45.0000 2274.2805   21.9897
    7.5000   22.5000   45.0000 2258.3105   22.2380
   -7.5000   30.0000   45.0000 2141.6926   23.7240
    0.0000   30.0000   45.0000 2157.2039   23.6641
    7.5000   30.0000   45.0000 2141.2161   23.8822
   -7.5000   37.5000   45.0000 2022.4780   26.0643
    0.0000   37.5000   45.0000 2034.4764   25.9532
    7.5000   37.5000   45.0000 2015.6033   26.2779
   -7.5000   45.0000   45.0000 1876.6835   29.1320
    0.0000   45.0000   45.0000 1886.4213   29.0432
    7.5000   45.0000   45.0000 1872.3394   29.4499

---------------------------------------------------------------------
imgreg_4dfp /opt/freesurfer/average/711-2C_as_mni_average_305 /opt/freesurfer/average/711-2B_as_mni_average_305_mask talsrcimg_g11 none talsrcimg_to_711-2C_as_mni_average_305_t4 1283
---------------------------------------------------------------------

freesurfer imgreg_4dfp.c
/opt/freesurfer/average/711-2C_as_mni_average_305.4dfp.img
       256       256       256         1
  1.000000  1.000000  1.000000
orientation T byte_order littleendian
Reading image: /opt/freesurfer/average/711-2C_as_mni_average_305.4dfp.img
dimensions:      256       256       256
mmppix:       1.0000   -1.0000   -1.0000
center:     128.0000 -129.0000 -129.0000
/opt/freesurfer/average/711-2B_as_mni_average_305_mask.4dfp.img
       256       256       256         1
  1.000000  1.000000  1.000000
orientation T byte_order littleendian
Reading mask: /opt/freesurfer/average/711-2B_as_mni_average_305_mask.4dfp.img (2306576 pixels)
talsrcimg_g11.4dfp.img
       256       256       256         1
  1.000000  1.000000  1.000000
orientation T byte_order littleendian
Reading image: talsrcimg_g11.4dfp.img
dimensions:      256       256       256
mmppix:       1.0000   -1.0000   -1.0000
center:     128.0000 -129.0000 -129.0000
rotation matrix determinant  1.000000
fimgreg.f
image alignment mode   1283 decimal      503 hex
parameters
    0.0000   -7.5000    0.0000    0.0000    0.0000    0.0000
eta,q 0.92918 14.39922
niter,ni,del,rscale     5    3   12.0000    1.2000
parameter  6  0.690493 ->  0.500000 qaram    1.1500
parameters
   -1.5409   -6.0747    1.8759   -1.0625   -0.2478   -3.4500
eta,q 0.93602 13.98142
  0.0737  0.0778  0.0822  0.0667  0.0700  0.0649
  0.0712  0.0744  0.0753  0.0665  0.0681  0.0641
  0.0671  0.0695  0.0688  0.0661  0.0661  0.0642
  0.0671  0.0661  0.0651  0.0653  0.0656  0.0656
  0.0720  0.0645  0.0656  0.0651  0.0670  0.0689
  0.0792  0.0656  0.0678  0.0670  0.0688  0.0721
  0.0861  0.0721  0.0690  0.0703  0.0704  0.0747
niter,ni,del,rscale     5    3   12.0000    1.2000
parameters
   -2.8110   -5.6995    2.4500   -1.9272    0.4231   -5.9458
eta,q 0.93575 14.05003
  0.0691  0.0724  0.0743  0.0663  0.0696  0.0658
  0.0672  0.0689  0.0683  0.0659  0.0675  0.0648
  0.0654  0.0665  0.0646  0.0654  0.0658  0.0643
  0.0640  0.0648  0.0645  0.0648  0.0651  0.0650
  0.0656  0.0640  0.0658  0.0646  0.0653  0.0662
  0.0718  0.0661  0.0672  0.0661  0.0664  0.0676
  0.0783  0.0721  0.0701  0.0691  0.0680  0.0701
niter,ni,del,rscale     4    3   12.0000    1.2000
parameters
   -3.4470   -4.7883    2.4340   -2.4518    0.7847   -6.4517
eta,q 0.93673 14.10322
  0.0710  0.0703  0.0725  0.0660  0.0678  0.0668
  0.0677  0.0682  0.0669  0.0653  0.0659  0.0646
  0.0649  0.0660  0.0636  0.0641  0.0645  0.0637
  0.0643  0.0641  0.0633  0.0633  0.0635  0.0633
  0.0667  0.0629  0.0652  0.0634  0.0633  0.0644
  0.0691  0.0641  0.0676  0.0652  0.0646  0.0661
  0.0749  0.0687  0.0716  0.0684  0.0675  0.0671
niter,ni,del,rscale     3    3   12.0000    1.2000
parameters
   -3.5615   -4.6037    2.3296   -2.7574    0.9035   -6.6270
eta,q 0.93698 14.11166
  0.0725  0.0691  0.0723  0.0658  0.0676  0.0674
  0.0677  0.0670  0.0665  0.0652  0.0659  0.0646
  0.0647  0.0649  0.0632  0.0639  0.0644  0.0635
  0.0633  0.0632  0.0631  0.0631  0.0631  0.0630
  0.0657  0.0627  0.0653  0.0632  0.0630  0.0640
  0.0688  0.0647  0.0678  0.0646  0.0649  0.0659
  0.0725  0.0701  0.0717  0.0675  0.0682  0.0670
niter,ni,del,rscale     2    3   12.0000    1.2000
parameters
   -3.5477   -4.4801    2.2624   -2.9212    0.9273   -6.7240
eta,q 0.93707 14.11471
  0.0732  0.0689  0.0725  0.0658  0.0675  0.0676
  0.0679  0.0667  0.0666  0.0651  0.0658  0.0646
  0.0646  0.0648  0.0631  0.0638  0.0643  0.0634
  0.0630  0.0630  0.0629  0.0629  0.0629  0.0629
  0.0654  0.0626  0.0653  0.0631  0.0629  0.0638
  0.0688  0.0646  0.0678  0.0644  0.0649  0.0658
  0.0722  0.0702  0.0716  0.0671  0.0684  0.0670
niter,ni,del,rscale     1    3   12.0000    1.2000
parameters
   -3.5247   -4.4305    2.2273   -2.9886    0.9293   -6.7658
eta,q 0.93711 14.11581
  0.0733  0.0688  0.0727  0.0658  0.0674  0.0677
  0.0678  0.0666  0.0667  0.0650  0.0657  0.0646
  0.0645  0.0647  0.0631  0.0638  0.0642  0.0634
  0.0629  0.0629  0.0629  0.0629  0.0629  0.0629
  0.0654  0.0625  0.0653  0.0631  0.0629  0.0638
  0.0688  0.0647  0.0678  0.0642  0.0649  0.0657
  0.0722  0.0704  0.0715  0.0668  0.0684  0.0670
registration optimization eta report
parameter search radius
    6.0000    6.0000    6.0000    6.0000    6.0000    6.9000
100000*second partial in parameter space
       26.       19.       25.        9.       14.        9.
  0.0733  0.0688  0.0727  0.0658  0.0674  0.0677
  0.0678  0.0666  0.0667  0.0650  0.0657  0.0646
  0.0645  0.0647  0.0631  0.0638  0.0642  0.0634
  0.0629  0.0629  0.0629  0.0629  0.0629  0.0629
  0.0654  0.0625  0.0653  0.0631  0.0629  0.0638
  0.0688  0.0647  0.0678  0.0642  0.0649  0.0657
  0.0722  0.0704  0.0715  0.0668  0.0684  0.0670
   -3.5247   -4.4305    2.2273   -2.9886    0.9293   -6.7658
eta,q 0.93711 14.11581

---------------------------------------------------------------------
imgreg_4dfp /opt/freesurfer/average/711-2C_as_mni_average_305 /opt/freesurfer/average/711-2B_as_mni_average_305_mask talsrcimg_g11 none talsrcimg_to_711-2C_as_mni_average_305_t4 3335
---------------------------------------------------------------------

freesurfer imgreg_4dfp.c
/opt/freesurfer/average/711-2C_as_mni_average_305.4dfp.img
       256       256       256         1
  1.000000  1.000000  1.000000
orientation T byte_order littleendian
Reading image: /opt/freesurfer/average/711-2C_as_mni_average_305.4dfp.img
dimensions:      256       256       256
mmppix:       1.0000   -1.0000   -1.0000
center:     128.0000 -129.0000 -129.0000
/opt/freesurfer/average/711-2B_as_mni_average_305_mask.4dfp.img
       256       256       256         1
  1.000000  1.000000  1.000000
orientation T byte_order littleendian
Reading mask: /opt/freesurfer/average/711-2B_as_mni_average_305_mask.4dfp.img (2306576 pixels)
talsrcimg_g11.4dfp.img
       256       256       256         1
  1.000000  1.000000  1.000000
orientation T byte_order littleendian
Reading image: talsrcimg_g11.4dfp.img
dimensions:      256       256       256
mmppix:       1.0000   -1.0000   -1.0000
center:     128.0000 -129.0000 -129.0000
fimgreg.f
image alignment mode   3335 decimal      D07 hex
parameters
   -3.5247   -4.4305    2.2273   -0.7095   -0.8414   -0.1491
   11.8491   -0.9941  -11.7796    5.3683    1.6219   -5.2131
eta,q 0.93554 14.31831
niter,ni,del,rscale     5    3    5.0000    1.2000
parameter  3 -0.502411 -> -0.500000 qaram    1.1500
parameter  4  2.995714 ->  0.500000 qaram    1.1500
parameter  5  3.238703 ->  0.500000 qaram    1.1500
parameter  6  2.713426 ->  0.500000 qaram    1.1500
parameter  7  1.038607 ->  0.500000 qaram    1.1500
parameter  9 -0.855228 -> -0.500000 qaram    1.1500
parameter 12  1.895187 ->  0.500000 qaram    1.1500
parameters
   -3.2737   -3.9170    3.6073   -4.8495   -4.9814   -4.2891
    7.7091    1.8615   -7.6396    2.5348    1.2692   -9.3531
eta,q 0.95689 13.22146
  0.0659  0.0659  0.0666  0.0561  0.0500  0.0429  0.0458  0.0514  0.0490  0.0450  0.0452  0.0427
  0.0650  0.0653  0.0657  0.0581  0.0526  0.0459  0.0458  0.0487  0.0476  0.0446  0.0447  0.0430
  0.0646  0.0648  0.0650  0.0607  0.0557  0.0495  0.0462  0.0469  0.0464  0.0445  0.0445  0.0436
  0.0645  0.0645  0.0644  0.0640  0.0588  0.0534  0.0469  0.0459  0.0456  0.0448  0.0445  0.0445
  0.0646  0.0643  0.0640  0.0672  0.0623  0.0581  0.0479  0.0456  0.0450  0.0453  0.0445  0.0455
  0.0648  0.0646  0.0640  0.0705  0.0664  0.0631  0.0491  0.0458  0.0447  0.0462  0.0448  0.0466
  0.0653  0.0652  0.0644  0.0748  0.0707  0.0688  0.0503  0.0464  0.0446  0.0476  0.0453  0.0476
niter,ni,del,rscale     7    3    5.0000    1.2000
parameter  1 -0.671524 -> -0.500000 qaram    1.1500
parameter  3  0.586759 ->  0.500000 qaram    1.3225
parameter  4  0.909522 ->  0.500000 qaram    1.3225
parameter  5  2.382400 ->  0.500000 qaram    1.3225
parameter  6  0.811240 ->  0.500000 qaram    1.3225
parameters
   -1.8937   -4.9903    2.0203   -9.6105   -9.7424   -9.0501
    7.5493    4.7296   -6.4294    5.5323   -0.4407  -11.2277
eta,q 0.97257 12.84726
  0.0479  0.0423  0.0415  0.0381  0.0302  0.0291  0.0321  0.0356  0.0318  0.0328  0.0287  0.0288
  0.0460  0.0419  0.0411  0.0381  0.0323  0.0291  0.0307  0.0333  0.0302  0.0310  0.0279  0.0279
  0.0443  0.0419  0.0412  0.0390  0.0349  0.0301  0.0297  0.0310  0.0290  0.0295  0.0276  0.0275
  0.0431  0.0422  0.0419  0.0411  0.0382  0.0330  0.0293  0.0293  0.0284  0.0283  0.0277  0.0275
  0.0424  0.0427  0.0430  0.0442  0.0420  0.0373  0.0296  0.0284  0.0284  0.0277  0.0282  0.0282
  0.0422  0.0435  0.0446  0.0485  0.0459  0.0428  0.0307  0.0288  0.0291  0.0278  0.0291  0.0293
  0.0425  0.0445  0.0465  0.0522  0.0505  0.0495  0.0325  0.0303  0.0304  0.0289  0.0304  0.0309
niter,ni,del,rscale     7    3    5.0000    1.2000
parameter  5  0.771651 ->  0.500000 qaram    1.5209
parameters
   -1.5747   -4.3342    2.2976  -11.5053  -15.2175  -10.9104
    6.6354    5.7732   -6.9024    6.8068   -1.5101  -12.6960
eta,q 0.97594 12.56184
  0.0327  0.0310  0.0315  0.0302  0.0252  0.0279  0.0270  0.0289  0.0265  0.0286  0.0250  0.0256
  0.0301  0.0292  0.0294  0.0290  0.0241  0.0264  0.0255  0.0268  0.0252  0.0266  0.0245  0.0246
  0.0283  0.0280  0.0280  0.0278  0.0249  0.0251  0.0247  0.0253  0.0245  0.0251  0.0242  0.0241
  0.0274  0.0274  0.0272  0.0271  0.0274  0.0241  0.0245  0.0245  0.0243  0.0243  0.0242  0.0242
  0.0276  0.0272  0.0273  0.0282  0.0306  0.0252  0.0251  0.0244  0.0248  0.0243  0.0244  0.0248
  0.0287  0.0276  0.0284  0.0311  0.0346  0.0292  0.0264  0.0253  0.0257  0.0250  0.0249  0.0257
  0.0308  0.0284  0.0304  0.0356  0.0389  0.0345  0.0283  0.0271  0.0269  0.0264  0.0257  0.0268
niter,ni,del,rscale     7    3    5.0000    1.2000
parameters
   -1.1798   -3.7939    2.1408   -9.9516  -16.8258  -11.0887
    6.6531    6.0582   -6.9659    7.4203   -1.8440  -13.2007
eta,q 0.97662 12.54719
  0.0287  0.0280  0.0263  0.0277  0.0285  0.0283  0.0267  0.0277  0.0256  0.0272  0.0245  0.0252
  0.0264  0.0261  0.0249  0.0264  0.0262  0.0265  0.0249  0.0256  0.0244  0.0252  0.0239  0.0241
  0.0248  0.0247  0.0241  0.0251  0.0241  0.0249  0.0238  0.0242  0.0237  0.0239  0.0235  0.0235
  0.0241  0.0240  0.0239  0.0238  0.0233  0.0234  0.0234  0.0234  0.0234  0.0234  0.0234  0.0234
  0.0241  0.0239  0.0243  0.0230  0.0253  0.0231  0.0238  0.0237  0.0237  0.0236  0.0236  0.0238
  0.0250  0.0244  0.0253  0.0239  0.0287  0.0256  0.0249  0.0250  0.0245  0.0245  0.0241  0.0246
  0.0266  0.0255  0.0267  0.0266  0.0330  0.0302  0.0267  0.0273  0.0256  0.0260  0.0248  0.0256
niter,ni,del,rscale     6    3    5.0000    1.2000
parameters
   -1.1209   -3.4584    2.0271   -9.6998  -17.1967  -11.1744
    6.5931    6.1637   -6.8521    7.7983   -1.9633  -13.4742
eta,q 0.97666 12.53916
  0.0274  0.0265  0.0258  0.0272  0.0294  0.0283  0.0266  0.0275  0.0255  0.0268  0.0245  0.0253
  0.0252  0.0249  0.0244  0.0259  0.0271  0.0265  0.0248  0.0255  0.0243  0.0250  0.0239  0.0241
  0.0239  0.0239  0.0236  0.0246  0.0248  0.0249  0.0237  0.0240  0.0236  0.0238  0.0235  0.0235
  0.0234  0.0234  0.0233  0.0233  0.0232  0.0233  0.0234  0.0234  0.0233  0.0233  0.0234  0.0234
  0.0237  0.0234  0.0237  0.0230  0.0241  0.0230  0.0237  0.0237  0.0236  0.0237  0.0235  0.0237
  0.0250  0.0240  0.0247  0.0245  0.0272  0.0254  0.0249  0.0252  0.0243  0.0246  0.0239  0.0244
  0.0271  0.0251  0.0261  0.0279  0.0310  0.0300  0.0267  0.0274  0.0254  0.0261  0.0246  0.0254
niter,ni,del,rscale     5    3    5.0000    1.2000
parameters
   -1.0958   -3.3421    1.9706   -9.5672  -17.3063  -11.2180
    6.5340    6.2142   -6.7561    7.9683   -2.0384  -13.5700
eta,q 0.97667 12.53884
  0.0273  0.0259  0.0258  0.0272  0.0296  0.0283  0.0266  0.0275  0.0254  0.0266  0.0245  0.0253
  0.0252  0.0245  0.0244  0.0259  0.0273  0.0265  0.0249  0.0255  0.0243  0.0248  0.0239  0.0242
  0.0238  0.0237  0.0236  0.0246  0.0250  0.0249  0.0237  0.0240  0.0236  0.0237  0.0235  0.0235
  0.0233  0.0233  0.0233  0.0233  0.0233  0.0233  0.0233  0.0233  0.0233  0.0233  0.0233  0.0233
  0.0237  0.0235  0.0237  0.0231  0.0239  0.0229  0.0237  0.0237  0.0236  0.0237  0.0235  0.0237
  0.0251  0.0242  0.0246  0.0247  0.0269  0.0253  0.0249  0.0252  0.0242  0.0247  0.0239  0.0243
  0.0272  0.0254  0.0260  0.0282  0.0306  0.0299  0.0267  0.0275  0.0253  0.0262  0.0246  0.0253
niter,ni,del,rscale     4    3    5.0000    1.2000
parameters
   -1.0855   -3.2945    1.9436   -9.5211  -17.3438  -11.2416
    6.4935    6.2424   -6.6958    8.0365   -2.0869  -13.6106
eta,q 0.97666 12.53839
  0.0273  0.0257  0.0259  0.0272  0.0297  0.0283  0.0266  0.0275  0.0254  0.0265  0.0245  0.0253
  0.0252  0.0244  0.0245  0.0260  0.0273  0.0265  0.0249  0.0255  0.0242  0.0247  0.0239  0.0242
  0.0238  0.0236  0.0236  0.0246  0.0250  0.0249  0.0237  0.0240  0.0236  0.0236  0.0235  0.0235
  0.0233  0.0233  0.0233  0.0233  0.0233  0.0233  0.0233  0.0233  0.0233  0.0233  0.0233  0.0233
  0.0238  0.0236  0.0237  0.0232  0.0239  0.0229  0.0237  0.0237  0.0236  0.0237  0.0235  0.0236
  0.0251  0.0243  0.0246  0.0248  0.0269  0.0253  0.0249  0.0253  0.0242  0.0247  0.0239  0.0243
  0.0273  0.0255  0.0259  0.0283  0.0305  0.0299  0.0267  0.0276  0.0253  0.0263  0.0246  0.0253
niter,ni,del,rscale     3    3    5.0000    1.2000
parameters
   -1.0790   -3.2734    1.9332   -9.5021  -17.3593  -11.2523
    6.4703    6.2585   -6.6634    8.0636   -2.1117  -13.6300
eta,q 0.97666 12.53809
  0.0273  0.0256  0.0259  0.0272  0.0297  0.0283  0.0266  0.0275  0.0254  0.0265  0.0245  0.0253
  0.0252  0.0244  0.0245  0.0260  0.0273  0.0265  0.0249  0.0254  0.0242  0.0247  0.0239  0.0242
  0.0238  0.0236  0.0236  0.0246  0.0251  0.0249  0.0237  0.0240  0.0236  0.0236  0.0235  0.0235
  0.0233  0.0233  0.0233  0.0233  0.0233  0.0233  0.0233  0.0233  0.0233  0.0233  0.0233  0.0233
  0.0238  0.0236  0.0237  0.0232  0.0239  0.0229  0.0237  0.0238  0.0236  0.0237  0.0235  0.0236
  0.0251  0.0243  0.0245  0.0249  0.0269  0.0253  0.0249  0.0253  0.0242  0.0248  0.0239  0.0243
  0.0273  0.0255  0.0259  0.0284  0.0305  0.0299  0.0267  0.0276  0.0253  0.0263  0.0246  0.0253
registration optimization eta report
parameter search radius
    2.7600    2.4000    3.1740    9.5220   10.9503    9.5220
    8.2800    7.2000    8.2800    7.2000    7.2000    8.2800
100000*second partial in parameter space
       52.       39.       25.        5.        5.        6.
        5.        8.        3.        6.        2.        3.
  0.0273  0.0256  0.0259  0.0272  0.0297  0.0283  0.0266  0.0275  0.0254  0.0265  0.0245  0.0253
  0.0252  0.0244  0.0245  0.0260  0.0273  0.0265  0.0249  0.0254  0.0242  0.0247  0.0239  0.0242
  0.0238  0.0236  0.0236  0.0246  0.0251  0.0249  0.0237  0.0240  0.0236  0.0236  0.0235  0.0235
  0.0233  0.0233  0.0233  0.0233  0.0233  0.0233  0.0233  0.0233  0.0233  0.0233  0.0233  0.0233
  0.0238  0.0236  0.0237  0.0232  0.0239  0.0229  0.0237  0.0238  0.0236  0.0237  0.0235  0.0236
  0.0251  0.0243  0.0245  0.0249  0.0269  0.0253  0.0249  0.0253  0.0242  0.0248  0.0239  0.0243
  0.0273  0.0255  0.0259  0.0284  0.0305  0.0299  0.0267  0.0276  0.0253  0.0263  0.0246  0.0253
   -1.0790   -3.2734    1.9332   -9.5021  -17.3593  -11.2523
    6.4703    6.2585   -6.6634    8.0636   -2.1117  -13.6300
eta,q 0.97666 12.53809

---------------------------------------------------------------------
imgreg_4dfp /opt/freesurfer/average/711-2C_as_mni_average_305 /opt/freesurfer/average/711-2B_as_mni_average_305_mask talsrcimg_g11 none talsrcimg_to_711-2C_as_mni_average_305_t4 2311
---------------------------------------------------------------------

freesurfer imgreg_4dfp.c
/opt/freesurfer/average/711-2C_as_mni_average_305.4dfp.img
       256       256       256         1
  1.000000  1.000000  1.000000
orientation T byte_order littleendian
Reading image: /opt/freesurfer/average/711-2C_as_mni_average_305.4dfp.img
dimensions:      256       256       256
mmppix:       1.0000   -1.0000   -1.0000
center:     128.0000 -129.0000 -129.0000
/opt/freesurfer/average/711-2B_as_mni_average_305_mask.4dfp.img
       256       256       256         1
  1.000000  1.000000  1.000000
orientation T byte_order littleendian
Reading mask: /opt/freesurfer/average/711-2B_as_mni_average_305_mask.4dfp.img (2306576 pixels)
talsrcimg_g11.4dfp.img
       256       256       256         1
  1.000000  1.000000  1.000000
orientation T byte_order littleendian
Reading image: talsrcimg_g11.4dfp.img
dimensions:      256       256       256
mmppix:       1.0000   -1.0000   -1.0000
center:     128.0000 -129.0000 -129.0000
fimgreg.f
image alignment mode   2311 decimal      907 hex
parameters
   -1.0790   -3.2734    1.9332   -9.5021  -17.3593  -11.2523
    6.4703    6.2585   -6.6634    8.0636   -2.1117  -13.6300
eta,q 0.97666 12.53808
niter,ni,del,rscale     5    3    5.0000    0.8000
parameters
   -1.0572   -3.2702    1.8892   -7.8593  -16.7126  -10.0658
    6.3000    6.3940   -6.6077    8.2678   -1.9837  -13.4066
eta,q 0.97735 12.65556
  0.0248  0.0244  0.0240  0.0253  0.0254  0.0252  0.0240  0.0252  0.0236  0.0245  0.0235  0.0236
  0.0240  0.0238  0.0236  0.0246  0.0245  0.0244  0.0232  0.0240  0.0231  0.0235  0.0230  0.0231
  0.0235  0.0235  0.0234  0.0240  0.0236  0.0236  0.0228  0.0231  0.0228  0.0229  0.0228  0.0228
  0.0233  0.0233  0.0233  0.0233  0.0230  0.0229  0.0227  0.0227  0.0227  0.0227  0.0227  0.0227
  0.0235  0.0235  0.0234  0.0230  0.0230  0.0226  0.0229  0.0228  0.0228  0.0228  0.0227  0.0227
  0.0239  0.0238  0.0237  0.0233  0.0235  0.0229  0.0234  0.0237  0.0230  0.0233  0.0230  0.0230
  0.0247  0.0243  0.0241  0.0239  0.0246  0.0240  0.0242  0.0250  0.0235  0.0242  0.0234  0.0235
niter,ni,del,rscale     4    3    5.0000    0.7000
parameters
   -1.1186   -3.3024    2.2584   -8.3663  -16.6104   -9.6174
    6.4114    6.3534   -6.6663    8.1690   -1.9491  -13.3168
eta,q 0.97748 12.66299
  0.0238  0.0235  0.0237  0.0237  0.0244  0.0246  0.0236  0.0244  0.0232  0.0238  0.0231  0.0233
  0.0231  0.0230  0.0232  0.0232  0.0236  0.0238  0.0230  0.0235  0.0228  0.0231  0.0228  0.0229
  0.0228  0.0227  0.0229  0.0227  0.0229  0.0231  0.0227  0.0228  0.0226  0.0227  0.0226  0.0226
  0.0227  0.0227  0.0226  0.0226  0.0226  0.0226  0.0225  0.0225  0.0225  0.0225  0.0225  0.0225
  0.0228  0.0228  0.0226  0.0229  0.0227  0.0225  0.0226  0.0227  0.0226  0.0227  0.0226  0.0226
  0.0233  0.0231  0.0227  0.0235  0.0233  0.0230  0.0230  0.0234  0.0228  0.0232  0.0228  0.0228
  0.0240  0.0236  0.0230  0.0245  0.0244  0.0241  0.0235  0.0246  0.0232  0.0240  0.0231  0.0232
niter,ni,del,rscale     3    3    5.0000    0.6000
parameters
   -1.1214   -3.3586    2.3731   -8.5123  -16.5432   -9.3887
    6.4461    6.3749   -6.6980    8.1028   -1.9364  -13.3143
eta,q 0.97751 12.66856
  0.0234  0.0231  0.0231  0.0235  0.0239  0.0241  0.0233  0.0240  0.0230  0.0235  0.0230  0.0230
  0.0229  0.0228  0.0228  0.0230  0.0233  0.0234  0.0229  0.0232  0.0227  0.0229  0.0227  0.0227
  0.0226  0.0226  0.0226  0.0227  0.0228  0.0228  0.0226  0.0227  0.0225  0.0226  0.0225  0.0225
  0.0225  0.0225  0.0225  0.0225  0.0225  0.0225  0.0225  0.0225  0.0225  0.0225  0.0225  0.0225
  0.0226  0.0226  0.0225  0.0227  0.0226  0.0225  0.0226  0.0226  0.0225  0.0226  0.0225  0.0226
  0.0229  0.0229  0.0227  0.0231  0.0231  0.0230  0.0228  0.0231  0.0227  0.0230  0.0227  0.0227
  0.0235  0.0233  0.0229  0.0238  0.0239  0.0239  0.0233  0.0240  0.0230  0.0236  0.0230  0.0230
niter,ni,del,rscale     2    3    5.0000    0.5000
parameters
   -1.1174   -3.3876    2.4298   -8.5573  -16.4872   -9.2541
    6.4536    6.4064   -6.7182    8.0889   -1.9347  -13.3281
eta,q 0.97753 12.67387
  0.0231  0.0229  0.0229  0.0233  0.0235  0.0236  0.0230  0.0235  0.0228  0.0232  0.0228  0.0228
  0.0228  0.0227  0.0227  0.0229  0.0230  0.0231  0.0227  0.0230  0.0226  0.0228  0.0226  0.0226
  0.0226  0.0225  0.0225  0.0226  0.0227  0.0227  0.0225  0.0226  0.0225  0.0226  0.0225  0.0225
  0.0225  0.0225  0.0225  0.0225  0.0225  0.0225  0.0225  0.0225  0.0225  0.0225  0.0225  0.0225
  0.0226  0.0225  0.0225  0.0226  0.0226  0.0225  0.0225  0.0226  0.0225  0.0226  0.0225  0.0225
  0.0228  0.0227  0.0226  0.0229  0.0229  0.0229  0.0227  0.0229  0.0226  0.0228  0.0226  0.0226
  0.0231  0.0230  0.0228  0.0234  0.0235  0.0235  0.0230  0.0235  0.0228  0.0232  0.0228  0.0228
niter,ni,del,rscale     1    3    5.0000    0.4000
parameters
   -1.1098   -3.4036    2.4609   -8.5590  -16.4446   -9.1692
    6.4684    6.4419   -6.7141    8.0857   -1.9623  -13.3448
eta,q 0.97753 12.67805
  0.0229  0.0228  0.0227  0.0230  0.0231  0.0232  0.0228  0.0232  0.0227  0.0229  0.0227  0.0227
  0.0227  0.0226  0.0226  0.0227  0.0228  0.0229  0.0226  0.0228  0.0226  0.0227  0.0226  0.0226
  0.0225  0.0225  0.0225  0.0226  0.0226  0.0226  0.0225  0.0226  0.0225  0.0225  0.0225  0.0225
  0.0225  0.0225  0.0225  0.0225  0.0225  0.0225  0.0225  0.0225  0.0225  0.0225  0.0225  0.0225
  0.0225  0.0225  0.0225  0.0225  0.0225  0.0225  0.0225  0.0225  0.0225  0.0225  0.0225  0.0225
  0.0227  0.0226  0.0226  0.0227  0.0227  0.0227  0.0226  0.0228  0.0226  0.0227  0.0226  0.0226
  0.0229  0.0228  0.0227  0.0230  0.0231  0.0232  0.0228  0.0232  0.0227  0.0229  0.0227  0.0227
registration optimization eta report
parameter search radius
    0.8000    0.8000    0.8000    2.4000    2.4000    2.4000
    2.4000    2.4000    2.4000    2.4000    2.4000    2.4000
100000*second partial in parameter space
       66.       50.       38.       10.       12.       13.
        6.       12.        4.        8.        4.        4.
  0.0229  0.0228  0.0227  0.0230  0.0231  0.0232  0.0228  0.0232  0.0227  0.0229  0.0227  0.0227
  0.0227  0.0226  0.0226  0.0227  0.0228  0.0229  0.0226  0.0228  0.0226  0.0227  0.0226  0.0226
  0.0225  0.0225  0.0225  0.0226  0.0226  0.0226  0.0225  0.0226  0.0225  0.0225  0.0225  0.0225
  0.0225  0.0225  0.0225  0.0225  0.0225  0.0225  0.0225  0.0225  0.0225  0.0225  0.0225  0.0225
  0.0225  0.0225  0.0225  0.0225  0.0225  0.0225  0.0225  0.0225  0.0225  0.0225  0.0225  0.0225
  0.0227  0.0226  0.0226  0.0227  0.0227  0.0227  0.0226  0.0228  0.0226  0.0227  0.0226  0.0226
  0.0229  0.0228  0.0227  0.0230  0.0231  0.0232  0.0228  0.0232  0.0227  0.0229  0.0227  0.0227
   -1.1098   -3.4036    2.4609   -8.5590  -16.4446   -9.1692
    6.4684    6.4419   -6.7141    8.0857   -1.9623  -13.3448
eta,q 0.97753 12.67805

---------------------------------------------------------------------
imgreg_4dfp /opt/freesurfer/average/711-2C_as_mni_average_305 /opt/freesurfer/average/711-2B_as_mni_average_305_mask talsrcimg_g11 none talsrcimg_to_711-2C_as_mni_average_305_t4 2311
---------------------------------------------------------------------

freesurfer imgreg_4dfp.c
/opt/freesurfer/average/711-2C_as_mni_average_305.4dfp.img
       256       256       256         1
  1.000000  1.000000  1.000000
orientation T byte_order littleendian
Reading image: /opt/freesurfer/average/711-2C_as_mni_average_305.4dfp.img
dimensions:      256       256       256
mmppix:       1.0000   -1.0000   -1.0000
center:     128.0000 -129.0000 -129.0000
/opt/freesurfer/average/711-2B_as_mni_average_305_mask.4dfp.img
       256       256       256         1
  1.000000  1.000000  1.000000
orientation T byte_order littleendian
Reading mask: /opt/freesurfer/average/711-2B_as_mni_average_305_mask.4dfp.img (2306576 pixels)
talsrcimg_g11.4dfp.img
       256       256       256         1
  1.000000  1.000000  1.000000
orientation T byte_order littleendian
Reading image: talsrcimg_g11.4dfp.img
dimensions:      256       256       256
mmppix:       1.0000   -1.0000   -1.0000
center:     128.0000 -129.0000 -129.0000
fimgreg.f
image alignment mode   2311 decimal      907 hex
parameters
   -1.1098   -3.4036    2.4609   -8.5590  -16.4446   -9.1692
    6.4684    6.4419   -6.7141    8.0857   -1.9623  -13.3448
eta,q 0.97753 12.67805
niter,ni,del,rscale     5    3    5.0000    0.8000
parameters
   -1.1197   -3.4182    2.4652   -8.9397  -16.6725   -9.4529
    6.5101    6.3308   -6.7286    8.0131   -1.9481  -13.3051
eta,q 0.97746 12.64997
  0.0241  0.0237  0.0234  0.0239  0.0245  0.0247  0.0239  0.0248  0.0234  0.0242  0.0233  0.0234
  0.0232  0.0230  0.0229  0.0233  0.0236  0.0238  0.0232  0.0237  0.0229  0.0233  0.0229  0.0229
  0.0227  0.0226  0.0226  0.0227  0.0228  0.0229  0.0227  0.0229  0.0226  0.0227  0.0226  0.0226
  0.0225  0.0225  0.0225  0.0225  0.0225  0.0225  0.0225  0.0225  0.0225  0.0225  0.0225  0.0225
  0.0227  0.0226  0.0226  0.0227  0.0228  0.0227  0.0227  0.0228  0.0226  0.0228  0.0226  0.0226
  0.0232  0.0230  0.0229  0.0235  0.0237  0.0238  0.0231  0.0237  0.0229  0.0234  0.0229  0.0229
  0.0241  0.0238  0.0234  0.0247  0.0251  0.0257  0.0239  0.0252  0.0234  0.0243  0.0233  0.0234
niter,ni,del,rscale     4    3    5.0000    0.7000
parameters
   -1.1170   -3.3925    2.4071   -8.6930  -16.6195   -9.4461
    6.4825    6.3457   -6.7272    8.0444   -1.9320  -13.2980
eta,q 0.97749 12.65890
  0.0238  0.0235  0.0232  0.0240  0.0243  0.0244  0.0235  0.0244  0.0232  0.0239  0.0231  0.0232
  0.0231  0.0230  0.0228  0.0234  0.0235  0.0236  0.0230  0.0235  0.0228  0.0231  0.0228  0.0228
  0.0227  0.0226  0.0226  0.0229  0.0228  0.0229  0.0226  0.0228  0.0226  0.0227  0.0226  0.0226
  0.0225  0.0225  0.0225  0.0225  0.0225  0.0225  0.0225  0.0225  0.0225  0.0225  0.0225  0.0225
  0.0227  0.0226  0.0226  0.0226  0.0226  0.0226  0.0226  0.0227  0.0226  0.0227  0.0226  0.0226
  0.0231  0.0229  0.0229  0.0230  0.0233  0.0233  0.0230  0.0234  0.0228  0.0231  0.0228  0.0228
  0.0238  0.0234  0.0233  0.0238  0.0243  0.0246  0.0236  0.0245  0.0232  0.0239  0.0231  0.0232
niter,ni,del,rscale     3    3    5.0000    0.6000
parameters
   -1.1182   -3.3883    2.4135   -8.6084  -16.5486   -9.3430
    6.4747    6.3749   -6.7207    8.0640   -1.9388  -13.3130
eta,q 0.97752 12.66709
  0.0234  0.0232  0.0230  0.0236  0.0239  0.0240  0.0233  0.0240  0.0230  0.0235  0.0229  0.0230
  0.0229  0.0228  0.0228  0.0231  0.0232  0.0234  0.0228  0.0232  0.0227  0.0230  0.0227  0.0227
  0.0226  0.0226  0.0226  0.0227  0.0227  0.0228  0.0226  0.0227  0.0225  0.0226  0.0225  0.0225
  0.0225  0.0225  0.0225  0.0225  0.0225  0.0225  0.0225  0.0225  0.0225  0.0225  0.0225  0.0225
  0.0226  0.0226  0.0226  0.0226  0.0226  0.0226  0.0226  0.0226  0.0225  0.0226  0.0225  0.0225
  0.0229  0.0228  0.0227  0.0230  0.0231  0.0231  0.0228  0.0231  0.0227  0.0229  0.0227  0.0227
  0.0234  0.0232  0.0230  0.0236  0.0239  0.0240  0.0233  0.0240  0.0230  0.0235  0.0230  0.0230
niter,ni,del,rscale     2    3    5.0000    0.5000
parameters
   -1.1148   -3.3973    2.4368   -8.5831  -16.4913   -9.2428
    6.4644    6.4109   -6.7172    8.0730   -1.9431  -13.3281
eta,q 0.97753 12.67316
  0.0231  0.0230  0.0229  0.0233  0.0235  0.0236  0.0230  0.0235  0.0228  0.0232  0.0228  0.0228
  0.0228  0.0227  0.0227  0.0229  0.0230  0.0231  0.0227  0.0230  0.0226  0.0228  0.0226  0.0226
  0.0226  0.0225  0.0225  0.0226  0.0227  0.0227  0.0225  0.0226  0.0225  0.0226  0.0225  0.0225
  0.0225  0.0225  0.0225  0.0225  0.0225  0.0225  0.0225  0.0225  0.0225  0.0225  0.0225  0.0225
  0.0226  0.0225  0.0225  0.0226  0.0226  0.0225  0.0225  0.0226  0.0225  0.0226  0.0225  0.0225
  0.0228  0.0227  0.0226  0.0228  0.0229  0.0229  0.0227  0.0229  0.0226  0.0228  0.0226  0.0226
  0.0231  0.0230  0.0228  0.0233  0.0235  0.0236  0.0230  0.0235  0.0228  0.0232  0.0228  0.0228
niter,ni,del,rscale     1    3    5.0000    0.4000
parameters
   -1.1120   -3.4053    2.4608   -8.5699  -16.4451   -9.1667
    6.4560    6.4420   -6.7161    8.0798   -1.9532  -13.3458
eta,q 0.97754 12.67770
  0.0229  0.0228  0.0227  0.0230  0.0231  0.0232  0.0228  0.0232  0.0227  0.0229  0.0227  0.0227
  0.0227  0.0226  0.0226  0.0228  0.0228  0.0229  0.0226  0.0228  0.0226  0.0227  0.0226  0.0226
  0.0225  0.0225  0.0225  0.0226  0.0226  0.0226  0.0225  0.0226  0.0225  0.0225  0.0225  0.0225
  0.0225  0.0225  0.0225  0.0225  0.0225  0.0225  0.0225  0.0225  0.0225  0.0225  0.0225  0.0225
  0.0225  0.0225  0.0225  0.0225  0.0225  0.0225  0.0225  0.0225  0.0225  0.0225  0.0225  0.0225
  0.0227  0.0226  0.0226  0.0227  0.0227  0.0227  0.0226  0.0228  0.0226  0.0227  0.0226  0.0226
  0.0229  0.0228  0.0227  0.0230  0.0231  0.0232  0.0228  0.0232  0.0227  0.0229  0.0227  0.0227
registration optimization eta report
parameter search radius
    0.8000    0.8000    0.8000    2.4000    2.4000    2.4000
    2.4000    2.4000    2.4000    2.4000    2.4000    2.4000
100000*second partial in parameter space
       66.       50.       39.       10.       12.       13.
        6.       12.        4.        8.        4.        4.
  0.0229  0.0228  0.0227  0.0230  0.0231  0.0232  0.0228  0.0232  0.0227  0.0229  0.0227  0.0227
  0.0227  0.0226  0.0226  0.0228  0.0228  0.0229  0.0226  0.0228  0.0226  0.0227  0.0226  0.0226
  0.0225  0.0225  0.0225  0.0226  0.0226  0.0226  0.0225  0.0226  0.0225  0.0225  0.0225  0.0225
  0.0225  0.0225  0.0225  0.0225  0.0225  0.0225  0.0225  0.0225  0.0225  0.0225  0.0225  0.0225
  0.0225  0.0225  0.0225  0.0225  0.0225  0.0225  0.0225  0.0225  0.0225  0.0225  0.0225  0.0225
  0.0227  0.0226  0.0226  0.0227  0.0227  0.0227  0.0226  0.0228  0.0226  0.0227  0.0226  0.0226
  0.0229  0.0228  0.0227  0.0230  0.0231  0.0232  0.0228  0.0232  0.0227  0.0229  0.0227  0.0227
   -1.1120   -3.4053    2.4608   -8.5699  -16.4451   -9.1667
    6.4560    6.4420   -6.7161    8.0798   -1.9532  -13.3458
eta,q 0.97754 12.67770

---------------------------------------------------------------------
compute_vox2vox talsrcimg talsrcimg_to_711-2C_as_mni_average_305_t4 /opt/freesurfer/average/711-2C_as_mni_average_305
---------------------------------------------------------------------

freesurfer compute_vox2vox.c
Reading: talsrcimg.4dfp.ifh
Reading: talsrcimg_to_711-2C_as_mni_average_305_t4
Reading: /opt/freesurfer/average/711-2C_as_mni_average_305.4dfp.ifh
Writing: talsrcimg_to_711-2C_as_mni_average_305_t4_vox2vox.txt

start time Thu Mar 12 19:15:16 CET 2026
end		time Thu Mar 12 19:16:43 CET 2026

mpr2mni305 success

avi2talxfm orig_nu.mgz /opt/freesurfer/average/mni305.cor.mgz talsrcimg_to_711-2C_as_mni_average_305_t4_vox2vox.txt transforms/talairach.auto.xfm
avi2talxfm done
mv -f /out/sourcedata/freesurfer/sub-v1s20x0050374_ses-1/mri/talsrcimg_to_711-2C_as_mni_average_305_t4_vox2vox.txt /out/sourcedata/freesurfer/sub-v1s20x0050374_ses-1/mri/transforms/talsrcimg_to_711-2C_as_mni_average_305_t4_vox2vox.txt
lta_convert --src orig_nu.mgz --trg /opt/freesurfer/average/mni305.cor.mgz --inxfm transforms/talairach.auto.xfm --outlta transforms/talairach.auto.xfm.lta --subject fsaverage
7.3.2

--src: orig_nu.mgz src image (geometry).
--trg: /opt/freesurfer/average/mni305.cor.mgz trg image (geometry).
--inmni: transforms/talairach.auto.xfm input MNI/XFM transform.
--outlta: transforms/talairach.auto.xfm.lta output LTA.
--s: fsaverage subject name
 LTA read, type : 1
 1.08530  -0.06854  -0.09481   0.52466;
 0.03565   1.08324   0.17027  -2.63330;
 0.08379  -0.11026   1.17273   3.55750;
 0.00000   0.00000   0.00000   1.00000;
setting subject to fsaverage
Writing  LTA to file transforms/talairach.auto.xfm.lta...
lta_convert successful.
 
 
Started at Thu Mar 12 19:15:15 CET 2026
Ended   at Thu Mar 12 19:16:44 CET 2026
talairach_avi done
