status file for recon-all
Mon Mar  9 09:27:30 CET 2026
#@# Tessellate lh Mon Mar  9 09:27:30 CET 2026
#@# Smooth1 lh Mon Mar  9 09:27:33 CET 2026
#@# Inflation1 lh Mon Mar  9 09:27:36 CET 2026
#@# QSphere lh Mon Mar  9 09:27:45 CET 2026
#@# Fix Topology lh Mon Mar  9 09:28:43 CET 2026
#@# Smooth2 lh Mon Mar  9 09:34:13 CET 2026
#@# Inflation2 lh Mon Mar  9 09:34:16 CET 2026
#@# Curv .H and .K lh Mon Mar  9 09:34:26 CET 2026
#@# Sphere lh Mon Mar  9 09:35:09 CET 2026
#@# Surf Reg lh Mon Mar  9 09:37:40 CET 2026
#@# Jacobian white lh Mon Mar  9 09:40:52 CET 2026
#@# AvgCurv lh Mon Mar  9 09:40:52 CET 2026
#@# Cortical Parc lh Mon Mar  9 09:40:53 CET 2026
#@# white curv lh Mon Mar  9 09:46:15 CET 2026
#@# white area lh Mon Mar  9 09:46:17 CET 2026
#@# pial curv lh Mon Mar  9 09:46:17 CET 2026
#@# pial area lh Mon Mar  9 09:46:19 CET 2026
#@# thickness lh Mon Mar  9 09:46:19 CET 2026
#@# area and vertex vol lh Mon Mar  9 09:46:46 CET 2026
#@# Curvature Stats lh Mon Mar  9 09:46:48 CET 2026
#@# Cortical Parc 2 lh Mon Mar  9 09:46:50 CET 2026
#@# Cortical Parc 3 lh Mon Mar  9 09:47:02 CET 2026
#@# WM/GM Contrast lh Mon Mar  9 09:47:11 CET 2026
recon-all -s sub-v1s20x0050319_ses-1 finished without error at Mon Mar  9 09:47:14 CET 2026



#New# invocation of recon-all 



status file for recon-all
Mon Mar  9 10:10:35 CET 2026
#@# white curv lh Mon Mar  9 10:10:35 CET 2026
#@# white area lh Mon Mar  9 10:10:35 CET 2026
#@# pial curv lh Mon Mar  9 10:10:35 CET 2026
#@# pial area lh Mon Mar  9 10:10:35 CET 2026
#@# thickness lh Mon Mar  9 10:10:35 CET 2026
#@# area and vertex vol lh Mon Mar  9 10:10:35 CET 2026
#@# Parcellation Stats lh Mon Mar  9 10:10:35 CET 2026
#@# Parcellation Stats 2 lh Mon Mar  9 10:10:51 CET 2026
#@# Parcellation Stats 3 lh Mon Mar  9 10:10:59 CET 2026
#@# BA_exvivo Labels lh Mon Mar  9 10:11:07 CET 2026
recon-all -s sub-v1s20x0050319_ses-1 finished without error at Mon Mar  9 10:13:22 CET 2026
