status file for recon-all
Thu Mar 12 20:50:47 CET 2026
#@# Tessellate lh Thu Mar 12 20:50:47 CET 2026
#@# Smooth1 lh Thu Mar 12 20:50:51 CET 2026
#@# Inflation1 lh Thu Mar 12 20:50:53 CET 2026
#@# QSphere lh Thu Mar 12 20:51:06 CET 2026
#@# Fix Topology lh Thu Mar 12 20:52:23 CET 2026
#@# Smooth2 lh Thu Mar 12 21:00:13 CET 2026
#@# Inflation2 lh Thu Mar 12 21:00:15 CET 2026
#@# Curv .H and .K lh Thu Mar 12 21:00:28 CET 2026
#@# Sphere lh Thu Mar 12 21:01:05 CET 2026
#@# Surf Reg lh Thu Mar 12 21:08:52 CET 2026
#@# Jacobian white lh Thu Mar 12 21:24:08 CET 2026
#@# AvgCurv lh Thu Mar 12 21:24:09 CET 2026
#@# Cortical Parc lh Thu Mar 12 21:24:09 CET 2026
#@# white curv lh Thu Mar 12 21:29:42 CET 2026
#@# white area lh Thu Mar 12 21:29:43 CET 2026
#@# pial curv lh Thu Mar 12 21:29:44 CET 2026
#@# pial area lh Thu Mar 12 21:29:45 CET 2026
#@# thickness lh Thu Mar 12 21:29:46 CET 2026
#@# area and vertex vol lh Thu Mar 12 21:30:04 CET 2026
#@# Curvature Stats lh Thu Mar 12 21:30:05 CET 2026
#@# Cortical Parc 2 lh Thu Mar 12 21:30:07 CET 2026
#@# Cortical Parc 3 lh Thu Mar 12 21:30:17 CET 2026
#@# WM/GM Contrast lh Thu Mar 12 21:30:25 CET 2026
recon-all -s sub-v1s20x0050367_ses-1 finished without error at Thu Mar 12 21:30:27 CET 2026



#New# invocation of recon-all 



status file for recon-all
Thu Mar 12 22:18:01 CET 2026
#@# white curv lh Thu Mar 12 22:18:01 CET 2026
#@# white area lh Thu Mar 12 22:18:01 CET 2026
#@# pial curv lh Thu Mar 12 22:18:01 CET 2026
#@# pial area lh Thu Mar 12 22:18:01 CET 2026
#@# thickness lh Thu Mar 12 22:18:01 CET 2026
#@# area and vertex vol lh Thu Mar 12 22:18:01 CET 2026
#@# Parcellation Stats lh Thu Mar 12 22:18:01 CET 2026
#@# Parcellation Stats 2 lh Thu Mar 12 22:18:16 CET 2026
#@# Parcellation Stats 3 lh Thu Mar 12 22:18:23 CET 2026
#@# BA_exvivo Labels lh Thu Mar 12 22:18:31 CET 2026
recon-all -s sub-v1s20x0050367_ses-1 finished without error at Thu Mar 12 22:20:35 CET 2026
