/out/sourcedata/freesurfer/sub-v1s20x0050351_ses-1/mri
/opt/freesurfer/bin/talairach_avi
--i orig_nu.mgz --xfm transforms/talairach.auto.xfm
talairach_avi 7.3.2
Linux dna042 5.14.0-427.37.1.el9_4.x86_64 #1 SMP PREEMPT_DYNAMIC Fri Sep 13 12:41:50 EDT 2024 x86_64 x86_64 x86_64 GNU/Linux
Thu Mar 12 18:16:46 CET 2026
mri_convert orig_nu.mgz talsrcimg.img 
reading from orig_nu.mgz...
TR=0.00, TE=0.00, TI=0.00, flip angle=0.00
i_ras = (-1, 0, 0)
j_ras = (0, 0, -1)
k_ras = (0, 1, 0)
writing to talsrcimg.img...
Analyze Output Matrix
-1.00000   0.00000   0.00000   129.50000;
 0.00000   0.00000   1.00000  -128.50000;
 0.00000  -1.00000   0.00000   129.70001;
 0.00000   0.00000   0.00000   1.00000;
--------------------
INFO: set hdr.hist.orient to -1
mpr2mni305 talsrcimg
Thu Mar 12 18:16:47 CET 2026
/opt/freesurfer/bin/mpr2mni305 talsrcimg
mpr2mni305 7.3.2
target=711-2C_as_mni_average_305

---------------------------------------------------------------------
analyzeto4dfp talsrcimg -O0 -y
---------------------------------------------------------------------

freesurfer ifh2hdr.c
Thu Mar 12 18:16:47 2026
Writing: talsrcimg.4dfp.hdr
freesurfer analyzeto4dfp.c
Reading: talsrcimg.hdr
header size 348 bytes
hdr.dime.datatype	offset=70	value=2
hdr.dime.bitpix		offset=72	value=8
hdr.hist.orient		offset=252	value=-1
dimensionality     4
dimensions       256       256       256         1
Reading: talsrcimg.img
Writing: talsrcimg.4dfp.img
Writing: talsrcimg.4dfp.ifh
ifh2hdr talsrcimg -r0to247
ori=2

---------------------------------------------------------------------
gauss_4dfp talsrcimg 1.1
---------------------------------------------------------------------

freesurfer gauss_4dfp.c
Reading: talsrcimg.4dfp.img
Writing: talsrcimg_g11.4dfp.img
image dimensions 256 256 256 padded to 288 288 288
processing volume 1freesurfer ifh2hdr.c
Thu Mar 12 18:16:49 2026
Writing: talsrcimg_g11.4dfp.hdr

Writing: talsrcimg_g11.4dfp.ifh
including: talsrcimg.4dfp.img.rec in talsrcimg_g11.4dfp.img.rec

---------------------------------------------------------------------
imgreg_4dfp /opt/freesurfer/average/711-2C_as_mni_average_305 none talsrcimg_g11 none talsrcimg_to_711-2C_as_mni_average_305_t4 4355
---------------------------------------------------------------------

freesurfer imgreg_4dfp.c
/opt/freesurfer/average/711-2C_as_mni_average_305.4dfp.img
       256       256       256         1
  1.000000  1.000000  1.000000
orientation T byte_order littleendian
Reading image: /opt/freesurfer/average/711-2C_as_mni_average_305.4dfp.img
dimensions:      256       256       256
mmppix:       1.0000   -1.0000   -1.0000
center:     128.0000 -129.0000 -129.0000
talsrcimg_g11.4dfp.img
       256       256       256         1
  1.000000  1.000000  1.000000
orientation T byte_order littleendian
Reading image: talsrcimg_g11.4dfp.img
dimensions:      256       256       256
mmppix:       1.0000   -1.0000   -1.0000
center:     128.0000 -129.0000 -129.0000
t4_read: open error in t4_sub.f l:  41 t4_file(1:l)talsrcimg_to_711-2C_as_mni_average_305_t4 
t4_read: transform initialized to I4
rotation matrix determinant  1.000000
image alignment mode   4355 decimal     1103 hex
   -7.5000  -45.0000  -45.0000 7768.2510   17.3877
    0.0000  -45.0000  -45.0000 8159.9346   17.3782
    7.5000  -45.0000  -45.0000 7884.3018   17.4054
   -7.5000  -37.5000  -45.0000 8232.8711   17.4207
    0.0000  -37.5000  -45.0000 8661.0664   17.4171
    7.5000  -37.5000  -45.0000 8367.9893   17.4468
   -7.5000  -30.0000  -45.0000 8948.0039   17.4302
    0.0000  -30.0000  -45.0000 9437.6201   17.4253
    7.5000  -30.0000  -45.0000 9111.9863   17.4534
   -7.5000  -22.5000  -45.0000 9595.3789   17.4057
    0.0000  -22.5000  -45.000010124.0166   17.3940
    7.5000  -22.5000  -45.0000 9770.0713   17.4182
   -7.5000  -15.0000  -45.000010164.9346   17.3741
    0.0000  -15.0000  -45.000010716.4141   17.3553
    7.5000  -15.0000  -45.000010338.4375   17.3751
   -7.5000   -7.5000  -45.000010686.0879   17.3655
    0.0000   -7.5000  -45.000011262.6006   17.3477
    7.5000   -7.5000  -45.000010859.7031   17.3688
   -7.5000    0.0000  -45.000011186.3857   17.3877
    0.0000    0.0000  -45.000011769.5889   17.3782
    7.5000    0.0000  -45.000011331.4912   17.4054
   -7.5000    7.5000  -45.000010876.3242   17.4207
    0.0000    7.5000  -45.000011452.4385   17.4171
    7.5000    7.5000  -45.000011022.5098   17.4468
   -7.5000   15.0000  -45.000010487.2148   17.4302
    0.0000   15.0000  -45.000011034.7979   17.4253
    7.5000   15.0000  -45.000010624.8096   17.4534
   -7.5000   22.5000  -45.0000 9872.1162   17.4033
    0.0000   22.5000  -45.000010355.0156   17.3917
    7.5000   22.5000  -45.0000 9962.1768   17.4158
   -7.5000   30.0000  -45.0000 9046.7920   17.1425
    0.0000   30.0000  -45.0000 9480.5078   17.1240
    7.5000   30.0000  -45.0000 9126.7432   17.1435
   -7.5000   37.5000  -45.0000 8541.1104   17.1341
    0.0000   37.5000  -45.0000 8954.8848   17.1165
    7.5000   37.5000  -45.0000 8608.0576   17.1373
   -7.5000   45.0000  -45.0000 7733.1450   16.7203
    0.0000   45.0000  -45.0000 8089.8857   16.7112
    7.5000   45.0000  -45.0000 7767.3560   16.7373
   -7.5000  -45.0000  -37.5000 8353.1367   17.2940
    0.0000  -45.0000  -37.5000 8788.0049   17.2764
    7.5000  -45.0000  -37.5000 8488.9160   17.2858
   -7.5000  -37.5000  -37.5000 8838.5801   17.3226
    0.0000  -37.5000  -37.5000 9309.6191   17.3128
    7.5000  -37.5000  -37.5000 8988.7734   17.3272
   -7.5000  -30.0000  -37.5000 9594.5498   17.3471
    0.0000  -30.0000  -37.500010122.3115   17.3356
    7.5000  -30.0000  -37.5000 9765.4629   17.3503
   -7.5000  -22.5000  -37.500010271.6357   17.3432
    0.0000  -22.5000  -37.500010845.4717   17.3222
    7.5000  -22.5000  -37.500010452.3838   17.3323
   -7.5000  -15.0000  -37.500010858.5127   17.3177
    0.0000  -15.0000  -37.500011471.6768   17.2872
    7.5000  -15.0000  -37.500011040.4697   17.2907
   -7.5000   -7.5000  -37.500011373.2744   17.2929
    0.0000   -7.5000  -37.500012024.0039   17.2644
    7.5000   -7.5000  -37.500011570.9404   17.2671
   -7.5000    0.0000  -37.500011883.4541   17.2940
    0.0000    0.0000  -37.500012559.1494   17.2764
    7.5000    0.0000  -37.500012062.9746   17.2858
   -7.5000    7.5000  -37.500011563.1533   17.3226
    0.0000    7.5000  -37.500012218.6621   17.3128
    7.5000    7.5000  -37.500011739.8867   17.3272
   -7.5000   15.0000  -37.500011120.1172   17.3471
    0.0000   15.0000  -37.500011731.7695   17.3356
    7.5000   15.0000  -37.500011287.2158   17.3503
   -7.5000   22.5000  -37.500010430.4121   17.3408
    0.0000   22.5000  -37.500010953.1768   17.3198
    7.5000   22.5000  -37.500010539.1836   17.3299
   -7.5000   30.0000  -37.5000 9526.7695   17.0869
    0.0000   30.0000  -37.5000 9984.7900   17.0569
    7.5000   30.0000  -37.5000 9602.7695   17.0603
   -7.5000   37.5000  -37.5000 8984.1006   17.0625
    0.0000   37.5000  -37.5000 9420.7871   17.0343
    7.5000   37.5000  -37.5000 9050.2686   17.0370
   -7.5000   45.0000  -37.5000 8100.2402   16.6302
    0.0000   45.0000  -37.5000 8482.2734   16.6134
    7.5000   45.0000  -37.5000 8134.8604   16.6223
   -7.5000  -45.0000  -30.0000 9110.7432   17.9882
    0.0000  -45.0000  -30.0000 9577.6641   17.9770
    7.5000  -45.0000  -30.0000 9245.4961   17.9788
   -7.5000  -37.5000  -30.0000 9625.2568   18.0190
    0.0000  -37.5000  -30.000010130.6895   18.0133
    7.5000  -37.5000  -30.0000 9774.8506   18.0197
   -7.5000  -30.0000  -30.000010444.5146   18.0569
    0.0000  -30.0000  -30.000010983.5176   18.0475
    7.5000  -30.0000  -30.000010595.2979   18.0548
   -7.5000  -22.5000  -30.000011160.8789   18.0648
    0.0000  -22.5000  -30.000011767.8936   18.0457
    7.5000  -22.5000  -30.000011345.3447   18.0497
   -7.5000  -15.0000  -30.000011770.2793   18.0384
    0.0000  -15.0000  -30.000012430.1836   18.0110
    7.5000  -15.0000  -30.000011953.9951   18.0091
   -7.5000   -7.5000  -30.000012322.0791   17.9997
    0.0000   -7.5000  -30.000013004.7236   17.9765
    7.5000   -7.5000  -30.000012505.9717   17.9732
   -7.5000    0.0000  -30.000012833.8389   17.9882
    0.0000    0.0000  -30.000013564.1143   17.9770
    7.5000    0.0000  -30.000013028.1309   17.9788
   -7.5000    7.5000  -30.000012491.5693   18.0190
    0.0000    7.5000  -30.000013187.4795   18.0133
    7.5000    7.5000  -30.000012673.0439   18.0197
   -7.5000   15.0000  -30.000012000.0332   18.0569
    0.0000   15.0000  -30.000012635.6592   18.0475
    7.5000   15.0000  -30.000012150.4473   18.0548
   -7.5000   22.5000  -30.000011214.9980   18.0604
    0.0000   22.5000  -30.000011752.8887   18.0414
    7.5000   22.5000  -30.000011310.5234   18.0454
   -7.5000   30.0000  -30.000010210.8340   17.7997
    0.0000   30.0000  -30.000010692.1660   17.7726
    7.5000   30.0000  -30.000010299.0049   17.7708
   -7.5000   37.5000  -30.0000 9599.8428   17.7615
    0.0000   37.5000  -30.000010084.5732   17.7386
    7.5000   37.5000  -30.0000 9687.1494   17.7353
   -7.5000   45.0000  -30.0000 8604.8359   17.3105
    0.0000   45.0000  -30.0000 9023.7598   17.2998
    7.5000   45.0000  -30.0000 8658.8750   17.3015
   -7.5000  -45.0000  -22.5000 9873.3662   18.6068
    0.0000  -45.0000  -22.500010395.9102   18.6142
    7.5000  -45.0000  -22.500010031.1172   18.6300
   -7.5000  -37.5000  -22.500010428.5820   18.6438
    0.0000  -37.5000  -22.500010998.4512   18.6510
    7.5000  -37.5000  -22.500010595.4170   18.6679
   -7.5000  -30.0000  -22.500011291.8408   18.6773
    0.0000  -30.0000  -22.500011893.9316   18.6785
    7.5000  -30.0000  -22.500011459.5586   18.6944
   -7.5000  -22.5000  -22.500012063.4648   18.6737
    0.0000  -22.5000  -22.500012727.0176   18.6692
    7.5000  -22.5000  -22.500012253.0566   18.6835
   -7.5000  -15.0000  -22.500012726.2793   18.6401
    0.0000  -15.0000  -22.500013450.2080   18.6329
    7.5000  -15.0000  -22.500012920.9580   18.6447
   -7.5000   -7.5000  -22.500013326.8564   18.6066
    0.0000   -7.5000  -22.500014079.4141   18.6055
    7.5000   -7.5000  -22.500013526.5459   18.6178
   -7.5000    0.0000  -22.500013841.3135   18.6068
    0.0000    0.0000  -22.500014634.5518   18.6142
    7.5000    0.0000  -22.500014073.4629   18.6300
   -7.5000    7.5000  -22.500013415.5947   18.6438
    0.0000    7.5000  -22.500014177.3242   18.6510
    7.5000    7.5000  -22.500013636.9316   18.6679
   -7.5000   15.0000  -22.500012863.4697   18.6773
    0.0000   15.0000  -22.500013551.7979   18.6785
    7.5000   15.0000  -22.500013040.1006   18.6944
   -7.5000   22.5000  -22.500011994.2402   18.6679
    0.0000   22.5000  -22.500012586.6191   18.6635
    7.5000   22.5000  -22.500012126.5723   18.6778
   -7.5000   30.0000  -22.500010907.5117   18.3962
    0.0000   30.0000  -22.500011410.6436   18.3892
    7.5000   30.0000  -22.500011012.0332   18.4008
   -7.5000   37.5000  -22.500010209.4277   18.3632
    0.0000   37.5000  -22.500010723.5830   18.3621
    7.5000   37.5000  -22.500010325.1709   18.3743
   -7.5000   45.0000  -22.5000 9146.2734   17.9192
    0.0000   45.0000  -22.5000 9599.6504   17.9264
    7.5000   45.0000  -22.5000 9225.0381   17.9416
   -7.5000  -45.0000  -15.000010647.0264   19.0446
    0.0000  -45.0000  -15.000011272.0820   19.0643
    7.5000  -45.0000  -15.000010834.8145   19.1012
   -7.5000  -37.5000  -15.000011256.7754   19.0871
    0.0000  -37.5000  -15.000011921.4336   19.1035
    7.5000  -37.5000  -15.000011449.2227   19.1384
   -7.5000  -30.0000  -15.000012148.1641   19.1068
    0.0000  -30.0000  -15.000012852.1816   19.1175
    7.5000  -30.0000  -15.000012354.7168   19.1487
   -7.5000  -22.5000  -15.000012945.8662   19.0828
    0.0000  -22.5000  -15.000013727.8799   19.0914
    7.5000  -22.5000  -15.000013175.9492   19.1212
   -7.5000  -15.0000  -15.000013669.1094   19.0419
    0.0000  -15.0000  -15.000014492.8486   19.0510
    7.5000  -15.0000  -15.000013880.6680   19.0815
   -7.5000   -7.5000  -15.000014342.2061   19.0235
    0.0000   -7.5000  -15.000015208.5430   19.0378
    7.5000   -7.5000  -15.000014562.1768   19.0718
   -7.5000    0.0000  -15.000014889.4619   19.0446
    0.0000    0.0000  -15.000015786.4795   19.0643
    7.5000    0.0000  -15.000015139.8994   19.1012
   -7.5000    7.5000  -15.000014378.9297   19.0871
    0.0000    7.5000  -15.000015215.1270   19.1035
    7.5000    7.5000  -15.000014613.3125   19.1384
   -7.5000   15.0000  -15.000013768.6406   19.1068
    0.0000   15.0000  -15.000014503.4414   19.1175
    7.5000   15.0000  -15.000013951.2607   19.1487
   -7.5000   22.5000  -15.000012782.0957   19.0760
    0.0000   22.5000  -15.000013453.7471   19.0847
    7.5000   22.5000  -15.000012971.8193   19.1145
   -7.5000   30.0000  -15.000011645.9199   18.7955
    0.0000   30.0000  -15.000012217.9600   18.8045
    7.5000   30.0000  -15.000011778.5127   18.8346
   -7.5000   37.5000  -15.000010882.5254   18.7773
    0.0000   37.5000  -15.000011412.1514   18.7914
    7.5000   37.5000  -15.000010990.7305   18.8250
   -7.5000   45.0000  -15.0000 9713.2910   18.3520
    0.0000   45.0000  -15.000010170.4541   18.3709
    7.5000   45.0000  -15.0000 9796.0342   18.4065
   -7.5000  -45.0000   -7.500011437.0498   19.2596
    0.0000  -45.0000   -7.500012151.8164   19.2703
    7.5000  -45.0000   -7.500011675.9873   19.3140
   -7.5000  -37.5000   -7.500012083.6807   19.3012
    0.0000  -37.5000   -7.500012872.5176   19.3126
    7.5000  -37.5000   -7.500012365.0654   19.3555
   -7.5000  -30.0000   -7.500013026.3281   19.3106
    0.0000  -30.0000   -7.500013891.0479   19.3184
    7.5000  -30.0000   -7.500013337.7412   19.3572
   -7.5000  -22.5000   -7.500013860.2656   19.2766
    0.0000  -22.5000   -7.500014755.8945   19.2807
    7.5000  -22.5000   -7.500014139.2617   19.3169
   -7.5000  -15.0000   -7.500014626.7588   19.2357
    0.0000  -15.0000   -7.500015582.9619   19.2373
    7.5000  -15.0000   -7.500014887.2510   19.2726
   -7.5000   -7.5000   -7.500015321.0889   19.2282
    0.0000   -7.5000   -7.500016321.9326   19.2326
    7.5000   -7.5000   -7.500015609.7676   19.2715
   -7.5000    0.0000   -7.500015904.1025   19.2596
    0.0000    0.0000   -7.500016905.4180   19.2703
    7.5000    0.0000   -7.500016209.8643   19.3140
   -7.5000    7.5000   -7.500015383.3955   19.3012
    0.0000    7.5000   -7.500016280.8193   19.3126
    7.5000    7.5000   -7.500015635.9150   19.3555
   -7.5000   15.0000   -7.500014723.0332   19.3106
    0.0000   15.0000   -7.500015544.2676   19.3184
    7.5000   15.0000   -7.500014951.6562   19.3572
   -7.5000   22.5000   -7.500013665.7559   19.2677
    0.0000   22.5000   -7.500014407.2490   19.2718
    7.5000   22.5000   -7.500013889.1709   19.3079
   -7.5000   30.0000   -7.500012425.5488   18.9862
    0.0000   30.0000   -7.500013065.1816   18.9878
    7.5000   30.0000   -7.500012596.7021   19.0226
   -7.5000   37.5000   -7.500011603.9863   18.9788
    0.0000   37.5000   -7.500012186.6768   18.9831
    7.5000   37.5000   -7.500011729.7949   19.0216
   -7.5000   45.0000   -7.500010308.8438   18.5627
    0.0000   45.0000   -7.500010815.3564   18.5729
    7.5000   45.0000   -7.500010413.9756   18.6151
   -7.5000  -45.0000    0.000012108.3193   19.3037
    0.0000  -45.0000    0.000012947.1201   19.2946
    7.5000  -45.0000    0.000012403.0957   19.3256
   -7.5000  -37.5000    0.000012807.5215   19.3397
    0.0000  -37.5000    0.000013753.7715   19.3369
    7.5000  -37.5000    0.000013178.8643   19.3710
   -7.5000  -30.0000    0.000013831.9395   19.3507
    0.0000  -30.0000    0.000014910.1611   19.3462
    7.5000  -30.0000    0.000014278.0781   19.3784
   -7.5000  -22.5000    0.000014723.8770   19.3247
    0.0000  -22.5000    0.000015793.9893   19.3127
    7.5000  -22.5000    0.000015100.3848   19.3401
   -7.5000  -15.0000    0.000015500.7529   19.2903
    0.0000  -15.0000    0.000016559.2812   19.2705
    7.5000  -15.0000    0.000015800.1855   19.2928
   -7.5000   -7.5000    0.000016202.6436   19.2802
    0.0000   -7.5000    0.000017292.6738   19.2618
    7.5000   -7.5000    0.000016522.6953   19.2857
   -7.5000    0.0000    0.000016811.1992   19.3037
    0.0000    0.0000    0.000017921.5000   19.2946
    7.5000    0.0000    0.000017146.3535   19.3256
   -7.5000    7.5000    0.000016284.8574   19.3397
    0.0000    7.5000    0.000017300.3262   19.3369
    7.5000    7.5000    0.000016574.5684   19.3710
   -7.5000   15.0000    0.000015550.1377   19.3507
    0.0000   15.0000    0.000016492.3379   19.3462
    7.5000   15.0000    0.000015797.7783   19.3784
   -7.5000   22.5000    0.000014459.7119   19.3158
    0.0000   22.5000    0.000015340.4668   19.3038
    7.5000   22.5000    0.000014705.4365   19.3312
   -7.5000   30.0000    0.000013122.3994   19.0406
    0.0000   30.0000    0.000013875.3311   19.0211
    7.5000   30.0000    0.000013347.5312   19.0432
   -7.5000   37.5000    0.000012260.9756   19.0307
    0.0000   37.5000    0.000012927.8828   19.0125
    7.5000   37.5000    0.000012445.1133   19.0361
   -7.5000   45.0000    0.000010882.8154   18.6065
    0.0000   45.0000    0.000011459.4688   18.5977
    7.5000   45.0000    0.000011020.3379   18.6277
   -7.5000  -45.0000    7.500011811.5107   19.3123
    0.0000  -45.0000    7.500012690.5127   19.2925
    7.5000  -45.0000    7.500012111.1152   19.3027
   -7.5000  -37.5000    7.500012478.1055   19.3442
    0.0000  -37.5000    7.500013478.8906   19.3332
    7.5000  -37.5000    7.500012864.3633   19.3489
   -7.5000  -30.0000    7.500013559.4941   19.3718
    0.0000  -30.0000    7.500014758.5068   19.3590
    7.5000  -30.0000    7.500014075.1807   19.3751
   -7.5000  -22.5000    7.500014565.5742   19.3678
    0.0000  -22.5000    7.500015809.3096   19.3443
    7.5000  -22.5000    7.500015053.0703   19.3554
   -7.5000  -15.0000    7.500015348.1641   19.3393
    0.0000  -15.0000    7.500016431.8516   19.3053
    7.5000  -15.0000    7.500015656.5098   19.3089
   -7.5000   -7.5000    7.500016010.2246   19.3114
    0.0000   -7.5000    7.500017118.6562   19.2794
    7.5000   -7.5000    7.500016282.1973   19.2823
   -7.5000    0.0000    7.500016590.4863   19.3123
    0.0000    0.0000    7.500017762.7695   19.2925
    7.5000    0.0000    7.500016869.1875   19.3027
   -7.5000    7.5000    7.500016023.2539   19.3442
    0.0000    7.5000    7.500017113.0879   19.3332
    7.5000    7.5000    7.500016282.5205   19.3489
   -7.5000   15.0000    7.500015218.9512   19.3718
    0.0000   15.0000    7.500016244.1641   19.3590
    7.5000   15.0000    7.500015476.0742   19.3751
   -7.5000   22.5000    7.500014094.8555   19.3589
    0.0000   22.5000    7.500015041.5449   19.3354
    7.5000   22.5000    7.500014318.1709   19.3465
   -7.5000   30.0000    7.500012766.9697   19.0890
    0.0000   30.0000    7.500013585.2109   19.0554
    7.5000   30.0000    7.500012992.2129   19.0591
   -7.5000   37.5000    7.500011919.8877   19.0615
    0.0000   37.5000    7.500012627.5010   19.0299
    7.5000   37.5000    7.500012119.4189   19.0327
   -7.5000   45.0000    7.500010583.7529   18.6148
    0.0000   45.0000    7.500011190.8965   18.5958
    7.5000   45.0000    7.500010723.9004   18.6056
   -7.5000  -45.0000   15.000011401.0703   19.3164
    0.0000  -45.0000   15.000012195.6064   19.3043
    7.5000  -45.0000   15.000011671.8740   19.3062
   -7.5000  -37.5000   15.000012038.1416   19.3494
    0.0000  -37.5000   15.000012951.5029   19.3433
    7.5000  -37.5000   15.000012381.8047   19.3502
   -7.5000  -30.0000   15.000013093.4531   19.3901
    0.0000  -30.0000   15.000014289.3447   19.3800
    7.5000  -30.0000   15.000013602.2520   19.3879
   -7.5000  -22.5000   15.000014113.3750   19.3986
    0.0000  -22.5000   15.000015382.3564   19.3781
    7.5000  -22.5000   15.000014659.8916   19.3824
   -7.5000  -15.0000   15.000014866.3125   19.3702
    0.0000  -15.0000   15.000016035.6318   19.3408
    7.5000  -15.0000   15.000015272.6025   19.3388
   -7.5000   -7.5000   15.000015525.5000   19.3287
    0.0000   -7.5000   15.000016774.0801   19.3038
    7.5000   -7.5000   15.000015868.7715   19.3002
   -7.5000    0.0000   15.000016063.9873   19.3164
    0.0000    0.0000   15.000017335.6699   19.3043
    7.5000    0.0000   15.000016362.3447   19.3062
   -7.5000    7.5000   15.000015474.6875   19.3494
    0.0000    7.5000   15.000016587.3066   19.3433
    7.5000    7.5000   15.000015731.6074   19.3502
   -7.5000   15.0000   15.000014664.6016   19.3901
    0.0000   15.0000   15.000015655.9785   19.3800
    7.5000   15.0000   15.000014882.0264   19.3879
   -7.5000   22.5000   15.000013536.9668   19.3896
    0.0000   22.5000   15.000014421.1807   19.3692
    7.5000   22.5000   15.000013716.7705   19.3735
   -7.5000   30.0000   15.000012297.0176   19.1195
    0.0000   30.0000   15.000013087.5049   19.0905
    7.5000   30.0000   15.000012487.5098   19.0885
   -7.5000   37.5000   15.000011489.2129   19.0785
    0.0000   37.5000   15.000012185.9033   19.0540
    7.5000   37.5000   15.000011653.8994   19.0504
   -7.5000   45.0000   15.000010204.0801   18.6188
    0.0000   45.0000   15.000010789.3145   18.6072
    7.5000   45.0000   15.000010299.3008   18.6090
   -7.5000  -45.0000   22.500010880.3730   19.3156
    0.0000  -45.0000   22.500011569.4111   19.3234
    7.5000  -45.0000   22.500011100.0293   19.3397
   -7.5000  -37.5000   22.500011494.7217   19.3541
    0.0000  -37.5000   22.500012303.0371   19.3615
    7.5000  -37.5000   22.500011755.2920   19.3791
   -7.5000  -30.0000   22.500012494.0918   19.3889
    0.0000  -30.0000   22.500013490.4258   19.3901
    7.5000  -30.0000   22.500012878.2725   19.4067
   -7.5000  -22.5000   22.500013437.7754   19.3851
    0.0000  -22.5000   22.500014365.4004   19.3805
    7.5000  -22.5000   22.500013754.4873   19.3953
   -7.5000  -15.0000   22.500014094.7158   19.3502
    0.0000  -15.0000   22.500015010.6396   19.3428
    7.5000  -15.0000   22.500014362.8389   19.3549
   -7.5000   -7.5000   22.500014719.0312   19.3155
    0.0000   -7.5000   22.500015789.0547   19.3143
    7.5000   -7.5000   22.500015046.3115   19.3271
   -7.5000    0.0000   22.500015321.8926   19.3156
    0.0000    0.0000   22.500016413.1895   19.3234
    7.5000    0.0000   22.500015612.5645   19.3397
   -7.5000    7.5000   22.500014764.6299   19.3541
    0.0000    7.5000   22.500015745.7959   19.3615
    7.5000    7.5000   22.500015002.0186   19.3791
   -7.5000   15.0000   22.500013994.0283   19.3889
    0.0000   15.0000   22.500014883.0586   19.3901
    7.5000   15.0000   22.500014175.2383   19.4067
   -7.5000   22.5000   22.500012885.3574   19.3762
    0.0000   22.5000   22.500013702.8125   19.3716
    7.5000   22.5000   22.500013062.9688   19.3864
   -7.5000   30.0000   22.500011680.8115   19.0998
    0.0000   30.0000   22.500012430.9990   19.0924
    7.5000   30.0000   22.500011887.6533   19.1044
   -7.5000   37.5000   22.500010908.9844   19.0655
    0.0000   37.5000   22.500011549.9434   19.0643
    7.5000   37.5000   22.500011068.2334   19.0769
   -7.5000   45.0000   22.5000 9671.5869   18.6180
    0.0000   45.0000   22.500010204.2812   18.6255
    7.5000   45.0000   22.5000 9760.8848   18.6413
   -7.5000  -45.0000   30.000010196.3545   19.3210
    0.0000  -45.0000   30.000010771.2148   19.3410
    7.5000  -45.0000   30.000010357.6621   19.3785
   -7.5000  -37.5000   30.000010794.8945   19.3642
    0.0000  -37.5000   30.000011445.4746   19.3809
    7.5000  -37.5000   30.000010992.6689   19.4164
   -7.5000  -30.0000   30.000011732.3584   19.3841
    0.0000  -30.0000   30.000012446.0234   19.3951
    7.5000  -30.0000   30.000011961.6328   19.4267
   -7.5000  -22.5000   30.000012538.7393   19.3595
    0.0000  -22.5000   30.000013191.0146   19.3684
    7.5000  -22.5000   30.000012695.3359   19.3987
   -7.5000  -15.0000   30.000013166.4121   19.3179
    0.0000  -15.0000   30.000013855.7793   19.3272
    7.5000  -15.0000   30.000013323.2539   19.3582
   -7.5000   -7.5000   30.000013758.5391   19.2993
    0.0000   -7.5000   30.000014576.4062   19.3139
    7.5000   -7.5000   30.000013975.4023   19.3485
   -7.5000    0.0000   30.000014355.4971   19.3210
    0.0000    0.0000   30.000015219.0811   19.3410
    7.5000    0.0000   30.000014586.9385   19.3785
   -7.5000    7.5000   30.000013844.9502   19.3642
    0.0000    7.5000   30.000014677.1553   19.3809
    7.5000    7.5000   30.000014062.7480   19.4164
   -7.5000   15.0000   30.000013103.8232   19.3841
    0.0000   15.0000   30.000013894.8730   19.3951
    7.5000   15.0000   30.000013287.4980   19.4267
   -7.5000   22.5000   30.000012078.2080   19.3506
    0.0000   22.5000   30.000012801.5293   19.3595
    7.5000   22.5000   30.000012240.1279   19.3897
   -7.5000   30.0000   30.000010927.6211   19.0679
    0.0000   30.0000   30.000011580.0850   19.0771
    7.5000   30.0000   30.000011095.8525   19.1077
   -7.5000   37.5000   30.000010168.2119   19.0495
    0.0000   37.5000   30.000010712.6729   19.0640
    7.5000   37.5000   30.000010277.8203   19.0981
   -7.5000   45.0000   30.0000 8994.4072   18.6232
    0.0000   45.0000   30.0000 9436.6631   18.6425
    7.5000   45.0000   30.0000 9053.8682   18.6786
   -7.5000  -45.0000   37.5000 9857.2061   19.4697
    0.0000  -45.0000   37.500010347.1982   19.4804
    7.5000  -45.0000   37.5000 9993.5107   19.5244
   -7.5000  -37.5000   37.500010423.3232   19.5126
    0.0000  -37.5000   37.500010978.8379   19.5241
    7.5000  -37.5000   37.500010595.4658   19.5674
   -7.5000  -30.0000   37.500011316.4150   19.5229
    0.0000  -30.0000   37.500011900.6279   19.5309
    7.5000  -30.0000   37.500011471.5312   19.5704
   -7.5000  -22.5000   37.500012032.0371   19.4882
    0.0000  -22.5000   37.500012611.5010   19.4927
    7.5000  -22.5000   37.500012151.2100   19.5295
   -7.5000  -15.0000   37.500012634.6846   19.4460
    0.0000  -15.0000   37.500013282.4277   19.4479
    7.5000  -15.0000   37.500012775.6318   19.4836
   -7.5000   -7.5000   37.500013245.7490   19.4378
    0.0000   -7.5000   37.500013962.2773   19.4423
    7.5000   -7.5000   37.500013401.6230   19.4815
   -7.5000    0.0000   37.500013817.0850   19.4697
    0.0000    0.0000   37.500014561.4111   19.4804
    7.5000    0.0000   37.500013988.5195   19.5244
   -7.5000    7.5000   37.500013354.4941   19.5126
    0.0000    7.5000   37.500014074.8340   19.5241
    7.5000    7.5000   37.500013528.3809   19.5674
   -7.5000   15.0000   37.500012653.2988   19.5229
    0.0000   15.0000   37.500013332.0791   19.5309
    7.5000   15.0000   37.500012803.8076   19.5704
   -7.5000   22.5000   37.500011670.7734   19.4792
    0.0000   22.5000   37.500012307.0693   19.4837
    7.5000   22.5000   37.500011793.2061   19.5205
   -7.5000   30.0000   37.500010536.2148   19.1944
    0.0000   30.0000   37.500011110.1582   19.1962
    7.5000   30.0000   37.500010658.5137   19.2314
   -7.5000   37.5000   37.5000 9782.5020   19.1863
    0.0000   37.5000   37.500010265.7295   19.1907
    7.5000   37.5000   37.5000 9867.8516   19.2294
   -7.5000   45.0000   37.5000 8632.1055   18.7665
    0.0000   45.0000   37.5000 9020.3271   18.7768
    7.5000   45.0000   37.5000 8680.6084   18.8192
   -7.5000  -45.0000   45.0000 9071.6670   19.6665
    0.0000  -45.0000   45.0000 9518.0420   19.6580
    7.5000  -45.0000   45.0000 9184.6016   19.6914
   -7.5000  -37.5000   45.0000 9591.3506   19.7060
    0.0000  -37.5000   45.000010077.5059   19.7038
    7.5000  -37.5000   45.0000 9724.8613   19.7402
   -7.5000  -30.0000   45.000010398.8418   19.7194
    0.0000  -30.0000   45.000010897.6729   19.7155
    7.5000  -30.0000   45.000010501.2910   19.7499
   -7.5000  -22.5000   45.000011046.8359   19.6917
    0.0000  -22.5000   45.000011559.6523   19.6802
    7.5000  -22.5000   45.000011133.0869   19.7099
   -7.5000  -15.0000   45.000011595.9033   19.6536
    0.0000  -15.0000   45.000012166.9922   19.6344
    7.5000  -15.0000   45.000011712.5762   19.6591
   -7.5000   -7.5000   45.000012136.6348   19.6417
    0.0000   -7.5000   45.000012766.8613   19.6239
    7.5000   -7.5000   45.000012264.5010   19.6502
   -7.5000    0.0000   45.000012658.2256   19.6665
    0.0000    0.0000   45.000013324.7354   19.6580
    7.5000    0.0000   45.000012784.2891   19.6914
   -7.5000    7.5000   45.000012272.2734   19.7060
    0.0000    7.5000   45.000012909.8350   19.7038
    7.5000    7.5000   45.000012393.8076   19.7402
   -7.5000   15.0000   45.000011622.5322   19.7194
    0.0000   15.0000   45.000012222.7812   19.7155
    7.5000   15.0000   45.000011730.1406   19.7499
   -7.5000   22.5000   45.000010715.4473   19.6825
    0.0000   22.5000   45.000011267.0283   19.6711
    7.5000   22.5000   45.000010820.6709   19.7008
   -7.5000   30.0000   45.0000 9701.4492   19.3975
    0.0000   30.0000   45.000010197.2568   19.3786
    7.5000   30.0000   45.0000 9778.1152   19.4030
   -7.5000   37.5000   45.0000 8992.1182   19.3859
    0.0000   37.5000   45.0000 9437.0127   19.3683
    7.5000   37.5000   45.0000 9064.3662   19.3942
   -7.5000   45.0000   45.0000 7946.6553   18.9648
    0.0000   45.0000   45.0000 8303.5029   18.9566
    7.5000   45.0000   45.0000 7997.6909   18.9889

---------------------------------------------------------------------
imgreg_4dfp /opt/freesurfer/average/711-2C_as_mni_average_305 /opt/freesurfer/average/711-2B_as_mni_average_305_mask talsrcimg_g11 none talsrcimg_to_711-2C_as_mni_average_305_t4 4355
---------------------------------------------------------------------

freesurfer imgreg_4dfp.c
/opt/freesurfer/average/711-2C_as_mni_average_305.4dfp.img
       256       256       256         1
  1.000000  1.000000  1.000000
orientation T byte_order littleendian
Reading image: /opt/freesurfer/average/711-2C_as_mni_average_305.4dfp.img
dimensions:      256       256       256
mmppix:       1.0000   -1.0000   -1.0000
center:     128.0000 -129.0000 -129.0000
/opt/freesurfer/average/711-2B_as_mni_average_305_mask.4dfp.img
       256       256       256         1
  1.000000  1.000000  1.000000
orientation T byte_order littleendian
Reading mask: /opt/freesurfer/average/711-2B_as_mni_average_305_mask.4dfp.img (2306576 pixels)
talsrcimg_g11.4dfp.img
       256       256       256         1
  1.000000  1.000000  1.000000
orientation T byte_order littleendian
Reading image: talsrcimg_g11.4dfp.img
dimensions:      256       256       256
mmppix:       1.0000   -1.0000   -1.0000
center:     128.0000 -129.0000 -129.0000
rotation matrix determinant  1.000000
image alignment mode   4355 decimal     1103 hex
   -7.5000  -45.0000  -45.0000 2105.2793   20.0384
    0.0000  -45.0000  -45.0000 2120.4534   19.8938
    7.5000  -45.0000  -45.0000 2120.2166   19.9786
   -7.5000  -37.5000  -45.0000 2186.0352   18.5757
    0.0000  -37.5000  -45.0000 2204.0427   18.4230
    7.5000  -37.5000  -45.0000 2205.4343   18.5305
   -7.5000  -30.0000  -45.0000 2241.5647   17.5704
    0.0000  -30.0000  -45.0000 2263.2190   17.3933
    7.5000  -30.0000  -45.0000 2266.3354   17.4122
   -7.5000  -22.5000  -45.0000 2280.5110   16.8698
    0.0000  -22.5000  -45.0000 2301.4900   16.6426
    7.5000  -22.5000  -45.0000 2300.4419   16.6662
   -7.5000  -15.0000  -45.0000 2286.7388   16.5295
    0.0000  -15.0000  -45.0000 2310.7595   16.2795
    7.5000  -15.0000  -45.0000 2310.8667   16.2963
   -7.5000   -7.5000  -45.0000 2279.6450   16.5695
    0.0000   -7.5000  -45.0000 2307.2356   16.2907
    7.5000   -7.5000  -45.0000 2305.4170   16.3189
   -7.5000    0.0000  -45.0000 2251.2070   17.0866
    0.0000    0.0000  -45.0000 2275.7300   16.7955
    7.5000    0.0000  -45.0000 2271.7664   16.8445
   -7.5000    7.5000  -45.0000 2201.4829   17.9606
    0.0000    7.5000  -45.0000 2223.5281   17.7000
    7.5000    7.5000  -45.0000 2221.5911   17.7222
   -7.5000   15.0000  -45.0000 2131.2720   19.1859
    0.0000   15.0000  -45.0000 2153.3506   18.8701
    7.5000   15.0000  -45.0000 2152.5198   18.8946
   -7.5000   22.5000  -45.0000 2042.5692   20.7833
    0.0000   22.5000  -45.0000 2064.9346   20.3571
    7.5000   22.5000  -45.0000 2063.1455   20.4142
   -7.5000   30.0000  -45.0000 1934.6918   22.9674
    0.0000   30.0000  -45.0000 1955.5258   22.4611
    7.5000   30.0000  -45.0000 1950.7279   22.5358
   -7.5000   37.5000  -45.0000 1819.5626   25.9212
    0.0000   37.5000  -45.0000 1841.0858   25.3992
    7.5000   37.5000  -45.0000 1834.4891   25.4729
   -7.5000   45.0000  -45.0000 1688.5032   29.9791
    0.0000   45.0000  -45.0000 1705.2705   29.4136
    7.5000   45.0000  -45.0000 1700.6779   29.4908
   -7.5000  -45.0000  -37.5000 2200.4146   18.5475
    0.0000  -45.0000  -37.5000 2217.0645   18.3649
    7.5000  -45.0000  -37.5000 2219.2703   18.4579
   -7.5000  -37.5000  -37.5000 2285.5078   17.1837
    0.0000  -37.5000  -37.5000 2306.9539   17.0166
    7.5000  -37.5000  -37.5000 2305.8967   17.1046
   -7.5000  -30.0000  -37.5000 2339.0134   16.2207
    0.0000  -30.0000  -37.5000 2368.1389   16.0360
    7.5000  -30.0000  -37.5000 2365.8730   16.0842
   -7.5000  -22.5000  -37.5000 2374.1736   15.5959
    0.0000  -22.5000  -37.5000 2402.0415   15.4000
    7.5000  -22.5000  -37.5000 2399.2747   15.4407
   -7.5000  -15.0000  -37.5000 2386.8420   15.2915
    0.0000  -15.0000  -37.5000 2412.7942   15.0712
    7.5000  -15.0000  -37.5000 2412.4917   15.0837
   -7.5000   -7.5000  -37.5000 2377.5613   15.2735
    0.0000   -7.5000  -37.5000 2405.8044   15.0231
    7.5000   -7.5000  -37.5000 2406.5715   15.0652
   -7.5000    0.0000  -37.5000 2353.0557   15.6784
    0.0000    0.0000  -37.5000 2380.6970   15.4264
    7.5000    0.0000  -37.5000 2377.2441   15.4415
   -7.5000    7.5000  -37.5000 2304.1504   16.4554
    0.0000    7.5000  -37.5000 2330.9519   16.2186
    7.5000    7.5000  -37.5000 2328.9089   16.2438
   -7.5000   15.0000  -37.5000 2228.8391   17.6248
    0.0000   15.0000  -37.5000 2255.1150   17.3327
    7.5000   15.0000  -37.5000 2251.3484   17.3528
   -7.5000   22.5000  -37.5000 2136.8645   19.1002
    0.0000   22.5000  -37.5000 2163.9155   18.7594
    7.5000   22.5000  -37.5000 2156.4324   18.8228
   -7.5000   30.0000  -37.5000 2020.7350   21.0491
    0.0000   30.0000  -37.5000 2047.3030   20.6879
    7.5000   30.0000  -37.5000 2037.8870   20.7258
   -7.5000   37.5000  -37.5000 1896.7650   23.6595
    0.0000   37.5000  -37.5000 1921.4556   23.2454
    7.5000   37.5000  -37.5000 1914.5824   23.2535
   -7.5000   45.0000  -37.5000 1759.2344   27.2763
    0.0000   45.0000  -37.5000 1778.2333   26.7497
    7.5000   45.0000  -37.5000 1769.3785   26.7786
   -7.5000  -45.0000  -30.0000 2324.3918   17.7819
    0.0000  -45.0000  -30.0000 2347.3677   17.6247
    7.5000  -45.0000  -30.0000 2344.5710   17.6875
   -7.5000  -37.5000  -30.0000 2416.9563   16.4473
    0.0000  -37.5000  -30.0000 2440.2629   16.2729
    7.5000  -37.5000  -30.0000 2435.5664   16.3433
   -7.5000  -30.0000  -30.0000 2480.8464   15.5139
    0.0000  -30.0000  -30.0000 2506.1392   15.3152
    7.5000  -30.0000  -30.0000 2502.3015   15.3898
   -7.5000  -22.5000  -30.0000 2524.8423   14.9015
    0.0000  -22.5000  -30.0000 2548.5964   14.7211
    7.5000  -22.5000  -30.0000 2544.1382   14.7774
   -7.5000  -15.0000  -30.0000 2539.5210   14.5947
    0.0000  -15.0000  -30.0000 2566.5081   14.4080
    7.5000  -15.0000  -30.0000 2560.3538   14.4701
   -7.5000   -7.5000  -30.0000 2528.6079   14.5832
    0.0000   -7.5000  -30.0000 2561.4380   14.3625
    7.5000   -7.5000  -30.0000 2558.8867   14.4225
   -7.5000    0.0000  -30.0000 2500.3096   14.9193
    0.0000    0.0000  -30.0000 2535.5806   14.7084
    7.5000    0.0000  -30.0000 2532.8391   14.7434
   -7.5000    7.5000  -30.0000 2450.5120   15.6459
    0.0000    7.5000  -30.0000 2481.5315   15.4419
    7.5000    7.5000  -30.0000 2478.0449   15.4592
   -7.5000   15.0000  -30.0000 2373.4937   16.7459
    0.0000   15.0000  -30.0000 2401.1685   16.5165
    7.5000   15.0000  -30.0000 2394.7407   16.5601
   -7.5000   22.5000  -30.0000 2272.6870   18.1813
    0.0000   22.5000  -30.0000 2297.7913   17.8649
    7.5000   22.5000  -30.0000 2290.1833   17.9639
   -7.5000   30.0000  -30.0000 2145.9783   20.0531
    0.0000   30.0000  -30.0000 2172.0986   19.7038
    7.5000   30.0000  -30.0000 2166.5974   19.7486
   -7.5000   37.5000  -30.0000 2012.1362   22.5091
    0.0000   37.5000  -30.0000 2039.9562   22.1085
    7.5000   37.5000  -30.0000 2037.6677   22.1663
   -7.5000   45.0000  -30.0000 1860.9265   25.8559
    0.0000   45.0000  -30.0000 1883.4702   25.3670
    7.5000   45.0000  -30.0000 1875.1415   25.4805
   -7.5000  -45.0000  -22.5000 2419.2112   16.9048
    0.0000  -45.0000  -22.5000 2438.0159   16.7974
    7.5000  -45.0000  -22.5000 2435.8794   16.8582
   -7.5000  -37.5000  -22.5000 2516.0271   15.6070
    0.0000  -37.5000  -22.5000 2538.3735   15.4648
    7.5000  -37.5000  -22.5000 2533.1211   15.5112
   -7.5000  -30.0000  -22.5000 2587.8354   14.6577
    0.0000  -30.0000  -22.5000 2607.7971   14.5119
    7.5000  -30.0000  -22.5000 2602.9204   14.5873
   -7.5000  -22.5000  -22.5000 2642.7463   14.0402
    0.0000  -22.5000  -22.5000 2665.8818   13.9041
    7.5000  -22.5000  -22.5000 2656.5872   13.9732
   -7.5000  -15.0000  -22.5000 2669.5488   13.7616
    0.0000  -15.0000  -22.5000 2695.2190   13.5899
    7.5000  -15.0000  -22.5000 2687.6694   13.6779
   -7.5000   -7.5000  -22.5000 2665.5342   13.7499
    0.0000   -7.5000  -22.5000 2697.2896   13.5767
    7.5000   -7.5000  -22.5000 2691.0366   13.6563
   -7.5000    0.0000  -22.5000 2632.7390   14.0974
    0.0000    0.0000  -22.5000 2672.0288   13.9164
    7.5000    0.0000  -22.5000 2664.8674   13.9732
   -7.5000    7.5000  -22.5000 2574.1597   14.7723
    0.0000    7.5000  -22.5000 2608.7449   14.5871
    7.5000    7.5000  -22.5000 2601.8086   14.6281
   -7.5000   15.0000  -22.5000 2488.3047   15.7911
    0.0000   15.0000  -22.5000 2520.9438   15.5832
    7.5000   15.0000  -22.5000 2516.0063   15.6401
   -7.5000   22.5000  -22.5000 2381.1301   17.1538
    0.0000   22.5000  -22.5000 2409.2974   16.9089
    7.5000   22.5000  -22.5000 2404.8804   16.9713
   -7.5000   30.0000  -22.5000 2249.6350   18.9491
    0.0000   30.0000  -22.5000 2272.4148   18.6674
    7.5000   30.0000  -22.5000 2270.4248   18.7024
   -7.5000   37.5000  -22.5000 2101.6685   21.2901
    0.0000   37.5000  -22.5000 2129.3159   20.9639
    7.5000   37.5000  -22.5000 2124.4180   21.0322
   -7.5000   45.0000  -22.5000 1946.5530   24.4334
    0.0000   45.0000  -22.5000 1968.0581   24.0620
    7.5000   45.0000  -22.5000 1960.2821   24.1633
   -7.5000  -45.0000  -15.0000 2473.2881   16.0781
    0.0000  -45.0000  -15.0000 2497.6987   15.9685
    7.5000  -45.0000  -15.0000 2494.3115   16.0077
   -7.5000  -37.5000  -15.0000 2575.8425   14.8029
    0.0000  -37.5000  -15.0000 2605.1804   14.6962
    7.5000  -37.5000  -15.0000 2598.5237   14.7307
   -7.5000  -30.0000  -15.0000 2659.0596   13.8762
    0.0000  -30.0000  -15.0000 2682.8818   13.7030
    7.5000  -30.0000  -15.0000 2676.7217   13.7573
   -7.5000  -22.5000  -15.0000 2723.7827   13.1974
    0.0000  -22.5000  -15.0000 2752.2783   13.0242
    7.5000  -22.5000  -15.0000 2742.5342   13.0964
   -7.5000  -15.0000  -15.0000 2762.5137   12.9026
    0.0000  -15.0000  -15.0000 2796.5037   12.7356
    7.5000  -15.0000  -15.0000 2781.0789   12.8008
   -7.5000   -7.5000  -15.0000 2769.6111   12.9510
    0.0000   -7.5000  -15.0000 2806.2717   12.7689
    7.5000   -7.5000  -15.0000 2795.2573   12.8449
   -7.5000    0.0000  -15.0000 2737.6091   13.3037
    0.0000    0.0000  -15.0000 2780.4146   13.0958
    7.5000    0.0000  -15.0000 2771.6606   13.1586
   -7.5000    7.5000  -15.0000 2670.8342   13.9337
    0.0000    7.5000  -15.0000 2711.1580   13.7292
    7.5000    7.5000  -15.0000 2702.0029   13.7909
   -7.5000   15.0000  -15.0000 2576.6018   14.9254
    0.0000   15.0000  -15.0000 2613.1855   14.6987
    7.5000   15.0000  -15.0000 2607.1636   14.7722
   -7.5000   22.5000  -15.0000 2460.0347   16.2022
    0.0000   22.5000  -15.0000 2496.9927   15.9983
    7.5000   22.5000  -15.0000 2492.4695   16.0427
   -7.5000   30.0000  -15.0000 2322.0293   17.9465
    0.0000   30.0000  -15.0000 2351.1382   17.6724
    7.5000   30.0000  -15.0000 2346.4543   17.7297
   -7.5000   37.5000  -15.0000 2166.8745   20.1998
    0.0000   37.5000  -15.0000 2193.6553   19.8723
    7.5000   37.5000  -15.0000 2185.5811   19.9668
   -7.5000   45.0000  -15.0000 1999.4178   23.1850
    0.0000   45.0000  -15.0000 2019.3148   22.8234
    7.5000   45.0000  -15.0000 2016.7356   22.8825
   -7.5000  -45.0000   -7.5000 2501.0430   15.3445
    0.0000  -45.0000   -7.5000 2530.2256   15.2337
    7.5000  -45.0000   -7.5000 2532.4236   15.2745
   -7.5000  -37.5000   -7.5000 2614.9131   14.0874
    0.0000  -37.5000   -7.5000 2646.4634   13.9514
    7.5000  -37.5000   -7.5000 2648.3149   14.0126
   -7.5000  -30.0000   -7.5000 2714.2283   13.1378
    0.0000  -30.0000   -7.5000 2745.8977   12.9766
    7.5000  -30.0000   -7.5000 2740.8315   13.0336
   -7.5000  -22.5000   -7.5000 2789.5376   12.4622
    0.0000  -22.5000   -7.5000 2823.0046   12.2548
    7.5000  -22.5000   -7.5000 2810.3979   12.3330
   -7.5000  -15.0000   -7.5000 2836.7703   12.1492
    0.0000  -15.0000   -7.5000 2878.8062   11.9057
    7.5000  -15.0000   -7.5000 2859.9800   11.9856
   -7.5000   -7.5000   -7.5000 2849.0986   12.2142
    0.0000   -7.5000   -7.5000 2892.8896   11.9639
    7.5000   -7.5000   -7.5000 2882.9446   12.0372
   -7.5000    0.0000   -7.5000 2815.8311   12.5342
    0.0000    0.0000   -7.5000 2861.3315   12.2992
    7.5000    0.0000   -7.5000 2853.2249   12.3649
   -7.5000    7.5000   -7.5000 2744.9395   13.1841
    0.0000    7.5000   -7.5000 2784.4827   12.9510
    7.5000    7.5000   -7.5000 2777.7312   13.0314
   -7.5000   15.0000   -7.5000 2645.7144   14.1962
    0.0000   15.0000   -7.5000 2682.9653   13.9442
    7.5000   15.0000   -7.5000 2678.6575   14.0107
   -7.5000   22.5000   -7.5000 2521.7759   15.4656
    0.0000   22.5000   -7.5000 2557.9207   15.1805
    7.5000   22.5000   -7.5000 2555.6638   15.2484
   -7.5000   30.0000   -7.5000 2375.8035   17.0977
    0.0000   30.0000   -7.5000 2409.1895   16.7668
    7.5000   30.0000   -7.5000 2403.7292   16.8557
   -7.5000   37.5000   -7.5000 2211.9978   19.2507
    0.0000   37.5000   -7.5000 2238.1743   18.9150
    7.5000   37.5000   -7.5000 2232.3728   18.9922
   -7.5000   45.0000   -7.5000 2040.8773   22.1113
    0.0000   45.0000   -7.5000 2063.4890   21.7228
    7.5000   45.0000   -7.5000 2060.9927   21.8007
   -7.5000  -45.0000    0.0000 2516.4277   14.9160
    0.0000  -45.0000    0.0000 2551.8025   14.7379
    7.5000  -45.0000    0.0000 2546.9863   14.7541
   -7.5000  -37.5000    0.0000 2640.1982   13.6440
    0.0000  -37.5000    0.0000 2675.7078   13.4847
    7.5000  -37.5000    0.0000 2673.2637   13.5037
   -7.5000  -30.0000    0.0000 2749.9521   12.6767
    0.0000  -30.0000    0.0000 2789.2971   12.5391
    7.5000  -30.0000    0.0000 2788.5967   12.5581
   -7.5000  -22.5000    0.0000 2835.3945   11.9980
    0.0000  -22.5000    0.0000 2881.2292   11.7841
    7.5000  -22.5000    0.0000 2874.0513   11.8239
   -7.5000  -15.0000    0.0000 2892.0771   11.6504
    0.0000  -15.0000    0.0000 2948.9368   11.3373
    7.5000  -15.0000    0.0000 2928.9446   11.4248
   -7.5000   -7.5000    0.0000 2908.6331   11.6843
    0.0000   -7.5000    0.0000 2961.3357   11.3680
    7.5000   -7.5000    0.0000 2949.2712   11.4352
   -7.5000    0.0000    0.0000 2869.7930   12.0143
    0.0000    0.0000    0.0000 2918.3328   11.7000
    7.5000    0.0000    0.0000 2910.4211   11.7720
   -7.5000    7.5000    0.0000 2800.4944   12.6977
    0.0000    7.5000    0.0000 2842.9658   12.3937
    7.5000    7.5000    0.0000 2834.5498   12.4804
   -7.5000   15.0000    0.0000 2697.7073   13.7004
    0.0000   15.0000    0.0000 2734.0710   13.4009
    7.5000   15.0000    0.0000 2726.5283   13.4640
   -7.5000   22.5000    0.0000 2566.8105   14.9703
    0.0000   22.5000    0.0000 2604.8010   14.6523
    7.5000   22.5000    0.0000 2596.8408   14.7235
   -7.5000   30.0000    0.0000 2412.9976   16.5564
    0.0000   30.0000    0.0000 2447.7202   16.2131
    7.5000   30.0000    0.0000 2441.2832   16.2873
   -7.5000   37.5000    0.0000 2245.8765   18.6416
    0.0000   37.5000    0.0000 2271.3010   18.2747
    7.5000   37.5000    0.0000 2269.6394   18.3505
   -7.5000   45.0000    0.0000 2066.9314   21.4119
    0.0000   45.0000    0.0000 2091.9956   20.9931
    7.5000   45.0000    0.0000 2090.4739   21.0881
   -7.5000  -45.0000    7.5000 2526.8059   14.6744
    0.0000  -45.0000    7.5000 2563.1030   14.5053
    7.5000  -45.0000    7.5000 2550.7092   14.4831
   -7.5000  -37.5000    7.5000 2651.6985   13.3716
    0.0000  -37.5000    7.5000 2687.6641   13.2373
    7.5000  -37.5000    7.5000 2681.8894   13.2286
   -7.5000  -30.0000    7.5000 2769.4958   12.4375
    0.0000  -30.0000    7.5000 2809.4131   12.3355
    7.5000  -30.0000    7.5000 2810.5273   12.3019
   -7.5000  -22.5000    7.5000 2870.0295   11.8317
    0.0000  -22.5000    7.5000 2924.8274   11.6467
    7.5000  -22.5000    7.5000 2919.8093   11.6416
   -7.5000  -15.0000    7.5000 2932.0322   11.4707
    0.0000  -15.0000    7.5000 2991.0261   11.1450
    7.5000  -15.0000    7.5000 2972.3037   11.2198
   -7.5000   -7.5000    7.5000 2952.6880   11.4263
    0.0000   -7.5000    7.5000 3004.5981   11.0910
    7.5000   -7.5000    7.5000 2986.6211   11.1659
   -7.5000    0.0000    7.5000 2909.5818   11.7559
    0.0000    0.0000    7.5000 2956.3174   11.4192
    7.5000    0.0000    7.5000 2943.5271   11.4905
   -7.5000    7.5000    7.5000 2835.9377   12.4076
    0.0000    7.5000    7.5000 2877.0183   12.0986
    7.5000    7.5000    7.5000 2866.5259   12.1550
   -7.5000   15.0000    7.5000 2725.7395   13.3957
    0.0000   15.0000    7.5000 2764.7905   13.1215
    7.5000   15.0000    7.5000 2754.7136   13.1666
   -7.5000   22.5000    7.5000 2586.8682   14.6852
    0.0000   22.5000    7.5000 2627.6357   14.4056
    7.5000   22.5000    7.5000 2617.5620   14.4482
   -7.5000   30.0000    7.5000 2429.7034   16.2726
    0.0000   30.0000    7.5000 2464.5825   15.9847
    7.5000   30.0000    7.5000 2458.5349   16.0320
   -7.5000   37.5000    7.5000 2263.1003   18.3150
    0.0000   37.5000    7.5000 2290.3860   17.9653
    7.5000   37.5000    7.5000 2287.9988   18.0289
   -7.5000   45.0000    7.5000 2082.0803   20.9673
    0.0000   45.0000    7.5000 2109.0020   20.5900
    7.5000   45.0000    7.5000 2104.7080   20.6480
   -7.5000  -45.0000   15.0000 2521.5381   14.6648
    0.0000  -45.0000   15.0000 2551.1455   14.4429
    7.5000  -45.0000   15.0000 2539.1892   14.4512
   -7.5000  -37.5000   15.0000 2649.6929   13.3720
    0.0000  -37.5000   15.0000 2679.5598   13.1945
    7.5000  -37.5000   15.0000 2669.9658   13.2236
   -7.5000  -30.0000   15.0000 2768.0210   12.4545
    0.0000  -30.0000   15.0000 2807.3904   12.3161
    7.5000  -30.0000   15.0000 2798.7043   12.3184
   -7.5000  -22.5000   15.0000 2875.1125   11.8189
    0.0000  -22.5000   15.0000 2936.7585   11.6882
    7.5000  -22.5000   15.0000 2919.6936   11.7073
   -7.5000  -15.0000   15.0000 2937.3838   11.4522
    0.0000  -15.0000   15.0000 3011.5415   11.2259
    7.5000  -15.0000   15.0000 2982.9304   11.3160
   -7.5000   -7.5000   15.0000 2953.4795   11.4044
    0.0000   -7.5000   15.0000 3022.4248   11.1088
    7.5000   -7.5000   15.0000 2991.3594   11.2015
   -7.5000    0.0000   15.0000 2910.7131   11.7264
    0.0000    0.0000   15.0000 2959.0671   11.4513
    7.5000    0.0000   15.0000 2944.3201   11.4986
   -7.5000    7.5000   15.0000 2831.0195   12.3529
    0.0000    7.5000   15.0000 2870.9019   12.0617
    7.5000    7.5000   15.0000 2864.0803   12.1123
   -7.5000   15.0000   15.0000 2721.7754   13.3269
    0.0000   15.0000   15.0000 2758.6963   13.0418
    7.5000   15.0000   15.0000 2751.7607   13.0855
   -7.5000   22.5000   15.0000 2587.8601   14.5976
    0.0000   22.5000   15.0000 2624.3125   14.3178
    7.5000   22.5000   15.0000 2615.2991   14.3751
   -7.5000   30.0000   15.0000 2428.4395   16.2062
    0.0000   30.0000   15.0000 2463.4424   15.8984
    7.5000   30.0000   15.0000 2458.2585   15.9675
   -7.5000   37.5000   15.0000 2259.7161   18.2394
    0.0000   37.5000   15.0000 2289.3857   17.9303
    7.5000   37.5000   15.0000 2287.1912   17.9702
   -7.5000   45.0000   15.0000 2076.6855   20.7935
    0.0000   45.0000   15.0000 2104.3442   20.5019
    7.5000   45.0000   15.0000 2099.8521   20.5539
   -7.5000  -45.0000   22.5000 2508.6169   14.9282
    0.0000  -45.0000   22.5000 2531.9700   14.6410
    7.5000  -45.0000   22.5000 2522.3115   14.7303
   -7.5000  -37.5000   22.5000 2637.7097   13.6644
    0.0000  -37.5000   22.5000 2667.7812   13.4044
    7.5000  -37.5000   22.5000 2651.3804   13.4909
   -7.5000  -30.0000   22.5000 2753.5244   12.7217
    0.0000  -30.0000   22.5000 2794.5488   12.5407
    7.5000  -30.0000   22.5000 2777.2869   12.5779
   -7.5000  -22.5000   22.5000 2859.9961   12.0318
    0.0000  -22.5000   22.5000 2913.5308   11.8427
    7.5000  -22.5000   22.5000 2892.6660   11.9313
   -7.5000  -15.0000   22.5000 2911.6023   11.6349
    0.0000  -15.0000   22.5000 2967.6646   11.3359
    7.5000  -15.0000   22.5000 2947.2275   11.4779
   -7.5000   -7.5000   22.5000 2921.6924   11.5563
    0.0000   -7.5000   22.5000 2982.0227   11.3396
    7.5000   -7.5000   22.5000 2964.8306   11.4110
   -7.5000    0.0000   22.5000 2885.9336   11.9254
    0.0000    0.0000   22.5000 2931.8611   11.7611
    7.5000    0.0000   22.5000 2918.6121   11.7798
   -7.5000    7.5000   22.5000 2801.0449   12.6099
    0.0000    7.5000   22.5000 2837.0713   12.3788
    7.5000    7.5000   22.5000 2833.0127   12.3981
   -7.5000   15.0000   22.5000 2694.9512   13.5639
    0.0000   15.0000   22.5000 2729.3889   13.2969
    7.5000   15.0000   22.5000 2720.9988   13.3105
   -7.5000   22.5000   22.5000 2564.4705   14.7970
    0.0000   22.5000   22.5000 2600.1333   14.5070
    7.5000   22.5000   22.5000 2592.2583   14.5503
   -7.5000   30.0000   22.5000 2411.8594   16.3181
    0.0000   30.0000   22.5000 2445.6990   16.0466
    7.5000   30.0000   22.5000 2440.8225   16.0855
   -7.5000   37.5000   22.5000 2244.7683   18.3373
    0.0000   37.5000   22.5000 2272.9050   18.0490
    7.5000   37.5000   22.5000 2269.3057   18.0762
   -7.5000   45.0000   22.5000 2059.9062   20.9257
    0.0000   45.0000   22.5000 2084.9207   20.5822
    7.5000   45.0000   22.5000 2081.4285   20.6587
   -7.5000  -45.0000   30.0000 2486.1401   15.4001
    0.0000  -45.0000   30.0000 2505.7322   15.0150
    7.5000  -45.0000   30.0000 2495.6467   15.1959
   -7.5000  -37.5000   30.0000 2613.8633   14.1529
    0.0000  -37.5000   30.0000 2637.5020   13.8090
    7.5000  -37.5000   30.0000 2625.9761   13.9343
   -7.5000  -30.0000   30.0000 2723.8914   13.2276
    0.0000  -30.0000   30.0000 2760.9338   12.9385
    7.5000  -30.0000   30.0000 2746.6602   13.0268
   -7.5000  -22.5000   30.0000 2817.1702   12.5128
    0.0000  -22.5000   30.0000 2863.6538   12.1739
    7.5000  -22.5000   30.0000 2844.4885   12.3123
   -7.5000  -15.0000   30.0000 2860.8022   12.0664
    0.0000  -15.0000   30.0000 2905.3752   11.7416
    7.5000  -15.0000   30.0000 2887.3562   11.8506
   -7.5000   -7.5000   30.0000 2858.0979   12.0018
    0.0000   -7.5000   30.0000 2911.2002   11.8016
    7.5000   -7.5000   30.0000 2895.0479   11.8684
   -7.5000    0.0000   30.0000 2828.4060   12.3663
    0.0000    0.0000   30.0000 2877.5137   12.1939
    7.5000    0.0000   30.0000 2865.9651   12.2377
   -7.5000    7.5000   30.0000 2748.3479   13.0557
    0.0000    7.5000   30.0000 2785.8154   12.8508
    7.5000    7.5000   30.0000 2780.4971   12.8828
   -7.5000   15.0000   30.0000 2642.4778   13.9803
    0.0000   15.0000   30.0000 2678.6831   13.7604
    7.5000   15.0000   30.0000 2671.2749   13.7810
   -7.5000   22.5000   30.0000 2518.6099   15.1792
    0.0000   22.5000   30.0000 2554.5496   14.9205
    7.5000   22.5000   30.0000 2547.7595   14.9576
   -7.5000   30.0000   30.0000 2375.8157   16.6743
    0.0000   30.0000   30.0000 2406.3972   16.4048
    7.5000   30.0000   30.0000 2404.3538   16.4398
   -7.5000   37.5000   30.0000 2210.0884   18.6820
    0.0000   37.5000   30.0000 2234.7058   18.3762
    7.5000   37.5000   30.0000 2233.6685   18.4419
   -7.5000   45.0000   30.0000 2030.7002   21.3121
    0.0000   45.0000   30.0000 2053.0496   20.9281
    7.5000   45.0000   30.0000 2053.1589   21.0160
   -7.5000  -45.0000   37.5000 2452.2761   16.0721
    0.0000  -45.0000   37.5000 2470.4736   15.5839
    7.5000  -45.0000   37.5000 2466.6462   15.7920
   -7.5000  -37.5000   37.5000 2575.3481   14.8053
    0.0000  -37.5000   37.5000 2597.1565   14.3612
    7.5000  -37.5000   37.5000 2593.6528   14.5244
   -7.5000  -30.0000   37.5000 2677.4934   13.8588
    0.0000  -30.0000   37.5000 2714.0095   13.4500
    7.5000  -30.0000   37.5000 2703.4617   13.5824
   -7.5000  -22.5000   37.5000 2753.5315   13.1090
    0.0000  -22.5000   37.5000 2795.5596   12.7127
    7.5000  -22.5000   37.5000 2778.8618   12.8687
   -7.5000  -15.0000   37.5000 2792.9788   12.6485
    0.0000  -15.0000   37.5000 2833.7776   12.3565
    7.5000  -15.0000   37.5000 2819.3096   12.4626
   -7.5000   -7.5000   37.5000 2790.3230   12.6301
    0.0000   -7.5000   37.5000 2832.3738   12.4105
    7.5000   -7.5000   37.5000 2819.2480   12.4732
   -7.5000    0.0000   37.5000 2750.2063   12.9615
    0.0000    0.0000   37.5000 2792.7605   12.7440
    7.5000    0.0000   37.5000 2782.9106   12.8020
   -7.5000    7.5000   37.5000 2677.2087   13.6635
    0.0000    7.5000   37.5000 2713.8469   13.4149
    7.5000    7.5000   37.5000 2709.3027   13.4667
   -7.5000   15.0000   37.5000 2580.2256   14.5885
    0.0000   15.0000   37.5000 2613.2551   14.3721
    7.5000   15.0000   37.5000 2610.2905   14.3981
   -7.5000   22.5000   37.5000 2463.3975   15.7548
    0.0000   22.5000   37.5000 2495.5486   15.5034
    7.5000   22.5000   37.5000 2492.2676   15.5541
   -7.5000   30.0000   37.5000 2319.3909   17.2068
    0.0000   30.0000   37.5000 2350.4956   16.9416
    7.5000   30.0000   37.5000 2351.3325   16.9983
   -7.5000   37.5000   37.5000 2159.9067   19.1711
    0.0000   37.5000   37.5000 2186.2957   18.9024
    7.5000   37.5000   37.5000 2185.4797   18.9637
   -7.5000   45.0000   37.5000 1993.4438   21.8502
    0.0000   45.0000   37.5000 2013.3029   21.4869
    7.5000   45.0000   37.5000 2013.9164   21.6033
   -7.5000  -45.0000   45.0000 2406.6589   16.9193
    0.0000  -45.0000   45.0000 2425.6704   16.3643
    7.5000  -45.0000   45.0000 2419.2073   16.5717
   -7.5000  -37.5000   45.0000 2519.6025   15.6163
    0.0000  -37.5000   45.0000 2542.0342   15.1284
    7.5000  -37.5000   45.0000 2536.2646   15.2859
   -7.5000  -30.0000   45.0000 2612.0046   14.6339
    0.0000  -30.0000   45.0000 2644.8997   14.1779
    7.5000  -30.0000   45.0000 2634.7393   14.3263
   -7.5000  -22.5000   45.0000 2676.3618   13.8755
    0.0000  -22.5000   45.0000 2711.6562   13.4955
    7.5000  -22.5000   45.0000 2699.9985   13.6330
   -7.5000  -15.0000   45.0000 2705.8093   13.4577
    0.0000  -15.0000   45.0000 2740.1099   13.1731
    7.5000  -15.0000   45.0000 2732.1179   13.2681
   -7.5000   -7.5000   45.0000 2697.2297   13.4363
    0.0000   -7.5000   45.0000 2741.1611   13.1769
    7.5000   -7.5000   45.0000 2728.7505   13.2466
   -7.5000    0.0000   45.0000 2660.6406   13.7196
    0.0000    0.0000   45.0000 2703.8560   13.4658
    7.5000    0.0000   45.0000 2688.9619   13.5353
   -7.5000    7.5000   45.0000 2597.4451   14.3822
    0.0000    7.5000   45.0000 2631.4038   14.1165
    7.5000    7.5000   45.0000 2621.4939   14.1653
   -7.5000   15.0000   45.0000 2505.2495   15.2747
    0.0000   15.0000   45.0000 2535.5996   15.0430
    7.5000   15.0000   45.0000 2528.8433   15.0898
   -7.5000   22.5000   45.0000 2395.3840   16.4396
    0.0000   22.5000   45.0000 2424.1843   16.2291
    7.5000   22.5000   45.0000 2421.8552   16.2747
   -7.5000   30.0000   45.0000 2257.6106   17.9977
    0.0000   30.0000   45.0000 2286.6868   17.7445
    7.5000   30.0000   45.0000 2280.6577   17.7974
   -7.5000   37.5000   45.0000 2101.2375   19.9571
    0.0000   37.5000   45.0000 2126.6973   19.6774
    7.5000   37.5000   45.0000 2122.5776   19.7361
   -7.5000   45.0000   45.0000 1950.1415   22.6568
    0.0000   45.0000   45.0000 1965.7992   22.2568
    7.5000   45.0000   45.0000 1970.0856   22.3588

---------------------------------------------------------------------
imgreg_4dfp /opt/freesurfer/average/711-2C_as_mni_average_305 /opt/freesurfer/average/711-2B_as_mni_average_305_mask talsrcimg_g11 none talsrcimg_to_711-2C_as_mni_average_305_t4 1283
---------------------------------------------------------------------

freesurfer imgreg_4dfp.c
/opt/freesurfer/average/711-2C_as_mni_average_305.4dfp.img
       256       256       256         1
  1.000000  1.000000  1.000000
orientation T byte_order littleendian
Reading image: /opt/freesurfer/average/711-2C_as_mni_average_305.4dfp.img
dimensions:      256       256       256
mmppix:       1.0000   -1.0000   -1.0000
center:     128.0000 -129.0000 -129.0000
/opt/freesurfer/average/711-2B_as_mni_average_305_mask.4dfp.img
       256       256       256         1
  1.000000  1.000000  1.000000
orientation T byte_order littleendian
Reading mask: /opt/freesurfer/average/711-2B_as_mni_average_305_mask.4dfp.img (2306576 pixels)
talsrcimg_g11.4dfp.img
       256       256       256         1
  1.000000  1.000000  1.000000
orientation T byte_order littleendian
Reading image: talsrcimg_g11.4dfp.img
dimensions:      256       256       256
mmppix:       1.0000   -1.0000   -1.0000
center:     128.0000 -129.0000 -129.0000
rotation matrix determinant  1.000000
fimgreg.f
image alignment mode   1283 decimal      503 hex
parameters
    0.0000   -7.5000   15.0000    0.0000    0.0000    0.0000
eta,q 0.94948 11.13038
niter,ni,del,rscale     5    3   12.0000    1.2000
parameter  4  0.984951 ->  0.500000 qaram    1.1500
parameter  5 -0.527395 -> -0.500000 qaram    1.1500
parameters
    1.9579  -10.1198   13.9400   -3.4500    3.4500   -1.2237
eta,q 0.95538 11.01318
  0.0700  0.0514  0.0546  0.0472  0.0576  0.0486
  0.0618  0.0500  0.0519  0.0467  0.0530  0.0461
  0.0557  0.0495  0.0496  0.0476  0.0492  0.0447
  0.0521  0.0505  0.0497  0.0493  0.0469  0.0449
  0.0506  0.0536  0.0515  0.0514  0.0453  0.0466
  0.0522  0.0586  0.0552  0.0538  0.0450  0.0495
  0.0559  0.0655  0.0605  0.0563  0.0466  0.0532
niter,ni,del,rscale     6    3   12.0000    1.2000
parameters
    1.6623   -9.8136   12.9850   -4.2015    2.6200   -0.9424
eta,q 0.95626 10.98307
  0.0574  0.0552  0.0504  0.0506  0.0512  0.0504
  0.0497  0.0494  0.0472  0.0459  0.0467  0.0474
  0.0457  0.0460  0.0446  0.0437  0.0445  0.0450
  0.0446  0.0446  0.0445  0.0442  0.0438  0.0438
  0.0468  0.0452  0.0467  0.0463  0.0453  0.0441
  0.0523  0.0483  0.0503  0.0493  0.0496  0.0463
  0.0596  0.0531  0.0563  0.0526  0.0566  0.0496
niter,ni,del,rscale     5    3   12.0000    1.2000
parameters
    1.7376   -9.8211   12.8326   -4.4093    2.5880   -0.9210
eta,q 0.95633 10.98277
  0.0582  0.0533  0.0522  0.0518  0.0532  0.0499
  0.0497  0.0479  0.0485  0.0468  0.0480  0.0470
  0.0450  0.0451  0.0450  0.0439  0.0450  0.0447
  0.0437  0.0437  0.0438  0.0437  0.0437  0.0437
  0.0453  0.0446  0.0454  0.0456  0.0445  0.0443
  0.0499  0.0481  0.0487  0.0483  0.0477  0.0467
  0.0569  0.0533  0.0534  0.0517  0.0539  0.0501
niter,ni,del,rscale     4    3   12.0000    1.2000
parameters
    1.7551   -9.8097   12.7976   -4.4448    2.5807   -0.9174
eta,q 0.95635 10.98201
  0.0579  0.0533  0.0525  0.0522  0.0532  0.0499
  0.0495  0.0479  0.0487  0.0472  0.0480  0.0470
  0.0448  0.0450  0.0451  0.0440  0.0450  0.0447
  0.0437  0.0437  0.0437  0.0437  0.0436  0.0437
  0.0453  0.0445  0.0452  0.0454  0.0445  0.0443
  0.0500  0.0481  0.0485  0.0480  0.0476  0.0467
  0.0571  0.0532  0.0530  0.0514  0.0538  0.0501
registration optimization eta report
parameter search radius
    6.0000    6.0000    6.0000    6.9000    6.9000    6.0000
100000*second partial in parameter space
       39.       27.       24.       17.       21.       17.
  0.0579  0.0533  0.0525  0.0522  0.0532  0.0499
  0.0495  0.0479  0.0487  0.0472  0.0480  0.0470
  0.0448  0.0450  0.0451  0.0440  0.0450  0.0447
  0.0437  0.0437  0.0437  0.0437  0.0436  0.0437
  0.0453  0.0445  0.0452  0.0454  0.0445  0.0443
  0.0500  0.0481  0.0485  0.0480  0.0476  0.0467
  0.0571  0.0532  0.0530  0.0514  0.0538  0.0501
    1.7551   -9.8097   12.7976   -4.4448    2.5807   -0.9174
eta,q 0.95635 10.98201

---------------------------------------------------------------------
imgreg_4dfp /opt/freesurfer/average/711-2C_as_mni_average_305 /opt/freesurfer/average/711-2B_as_mni_average_305_mask talsrcimg_g11 none talsrcimg_to_711-2C_as_mni_average_305_t4 3335
---------------------------------------------------------------------

freesurfer imgreg_4dfp.c
/opt/freesurfer/average/711-2C_as_mni_average_305.4dfp.img
       256       256       256         1
  1.000000  1.000000  1.000000
orientation T byte_order littleendian
Reading image: /opt/freesurfer/average/711-2C_as_mni_average_305.4dfp.img
dimensions:      256       256       256
mmppix:       1.0000   -1.0000   -1.0000
center:     128.0000 -129.0000 -129.0000
/opt/freesurfer/average/711-2B_as_mni_average_305_mask.4dfp.img
       256       256       256         1
  1.000000  1.000000  1.000000
orientation T byte_order littleendian
Reading mask: /opt/freesurfer/average/711-2B_as_mni_average_305_mask.4dfp.img (2306576 pixels)
talsrcimg_g11.4dfp.img
       256       256       256         1
  1.000000  1.000000  1.000000
orientation T byte_order littleendian
Reading image: talsrcimg_g11.4dfp.img
dimensions:      256       256       256
mmppix:       1.0000   -1.0000   -1.0000
center:     128.0000 -129.0000 -129.0000
fimgreg.f
image alignment mode   3335 decimal      D07 hex
parameters
    1.7551   -9.8097   12.7976   -0.1142   -0.3191   -0.4019
    1.9452   -4.3644   -1.5995    7.8207    4.5026   -7.7419
eta,q 0.95667 11.14287
niter,ni,del,rscale     5    3    5.0000    1.2000
parameter  4  1.044342 ->  0.500000 qaram    1.1500
parameter  5  5.744418 ->  0.500000 qaram    1.1500
parameter  6  0.511988 ->  0.500000 qaram    1.1500
parameters
    1.6567   -9.5625   13.1023   -4.2542   -4.4591   -4.5419
    1.2750   -3.5981   -0.8723    5.3388    4.9684  -10.8935
eta,q 0.96655 10.74335
  0.0458  0.0452  0.0453  0.0401  0.0310  0.0346  0.0358  0.0390  0.0368  0.0350  0.0348  0.0338
  0.0444  0.0442  0.0444  0.0401  0.0337  0.0341  0.0348  0.0364  0.0354  0.0340  0.0342  0.0335
  0.0436  0.0436  0.0437  0.0412  0.0368  0.0340  0.0342  0.0347  0.0345  0.0337  0.0338  0.0335
  0.0433  0.0433  0.0433  0.0433  0.0403  0.0345  0.0341  0.0340  0.0340  0.0340  0.0337  0.0337
  0.0437  0.0434  0.0433  0.0461  0.0440  0.0368  0.0344  0.0342  0.0341  0.0351  0.0337  0.0341
  0.0446  0.0438  0.0437  0.0493  0.0476  0.0402  0.0353  0.0353  0.0348  0.0370  0.0340  0.0348
  0.0462  0.0445  0.0446  0.0527  0.0514  0.0440  0.0366  0.0372  0.0359  0.0394  0.0345  0.0356
niter,ni,del,rscale     7    3    5.0000    1.2000
parameter  5  1.657968 ->  0.500000 qaram    1.3225
parameters
    1.6246   -9.8298   12.4871   -5.5872   -9.2201   -5.0187
    0.9405   -3.9861   -1.0669    6.3389    5.1039  -11.4600
eta,q 0.97076 10.56160
  0.0363  0.0351  0.0340  0.0361  0.0275  0.0312  0.0313  0.0324  0.0314  0.0329  0.0301  0.0303
  0.0347  0.0341  0.0336  0.0348  0.0288  0.0302  0.0302  0.0305  0.0302  0.0312  0.0296  0.0296
  0.0338  0.0335  0.0334  0.0337  0.0309  0.0295  0.0296  0.0295  0.0296  0.0300  0.0293  0.0293
  0.0335  0.0335  0.0334  0.0334  0.0334  0.0293  0.0294  0.0294  0.0293  0.0294  0.0293  0.0293
  0.0338  0.0339  0.0337  0.0342  0.0365  0.0292  0.0296  0.0298  0.0296  0.0293  0.0294  0.0295
  0.0348  0.0347  0.0344  0.0363  0.0405  0.0300  0.0304  0.0311  0.0304  0.0301  0.0296  0.0300
  0.0365  0.0360  0.0353  0.0392  0.0446  0.0324  0.0317  0.0330  0.0316  0.0314  0.0301  0.0305
niter,ni,del,rscale     7    3    5.0000    1.2000
parameter  5  0.780049 ->  0.500000 qaram    1.5209
parameters
    1.6211  -10.1329   12.6970   -4.8700  -14.6952   -2.6748
    0.8977   -4.2133   -1.2118    7.5589    5.4056  -11.5074
eta,q 0.97391 10.49624
  0.0320  0.0309  0.0305  0.0331  0.0268  0.0294  0.0285  0.0298  0.0282  0.0299  0.0273  0.0271
  0.0305  0.0298  0.0298  0.0315  0.0266  0.0283  0.0272  0.0277  0.0271  0.0279  0.0267  0.0265
  0.0295  0.0292  0.0294  0.0302  0.0273  0.0274  0.0264  0.0265  0.0264  0.0267  0.0263  0.0261
  0.0292  0.0292  0.0292  0.0292  0.0290  0.0267  0.0262  0.0262  0.0262  0.0262  0.0261  0.0261
  0.0295  0.0297  0.0292  0.0290  0.0318  0.0261  0.0264  0.0267  0.0265  0.0262  0.0262  0.0263
  0.0305  0.0307  0.0295  0.0302  0.0351  0.0260  0.0273  0.0281  0.0272  0.0268  0.0265  0.0266
  0.0320  0.0319  0.0301  0.0324  0.0395  0.0278  0.0285  0.0301  0.0283  0.0279  0.0271  0.0270
niter,ni,del,rscale     7    3    5.0000    1.2000
parameters
    1.5534  -10.3683   12.6010   -4.0791  -17.4263   -3.1745
    1.0990   -4.3333   -1.3302    7.7333    5.6578  -11.0731
eta,q 0.97410 10.38591
  0.0290  0.0279  0.0273  0.0307  0.0284  0.0282  0.0284  0.0295  0.0278  0.0283  0.0270  0.0268
  0.0274  0.0267  0.0265  0.0289  0.0269  0.0273  0.0271  0.0275  0.0268  0.0269  0.0264  0.0263
  0.0264  0.0261  0.0261  0.0273  0.0258  0.0265  0.0262  0.0263  0.0261  0.0262  0.0261  0.0260
  0.0261  0.0261  0.0260  0.0260  0.0259  0.0258  0.0259  0.0259  0.0259  0.0259  0.0259  0.0259
  0.0265  0.0266  0.0262  0.0260  0.0272  0.0255  0.0261  0.0264  0.0262  0.0261  0.0260  0.0260
  0.0276  0.0274  0.0267  0.0274  0.0301  0.0270  0.0269  0.0277  0.0269  0.0268  0.0263  0.0262
  0.0293  0.0286  0.0274  0.0297  0.0342  0.0300  0.0282  0.0297  0.0279  0.0281  0.0269  0.0265
niter,ni,del,rscale     6    3    5.0000    1.2000
parameters
    1.5175  -10.3659   12.5459   -3.7634  -17.9023   -3.2699
    1.2004   -4.3782   -1.3861    7.7822    5.8228  -10.9549
eta,q 0.97408 10.36877
  0.0289  0.0280  0.0270  0.0302  0.0297  0.0284  0.0284  0.0296  0.0279  0.0282  0.0270  0.0267
  0.0273  0.0267  0.0263  0.0285  0.0280  0.0274  0.0271  0.0276  0.0268  0.0269  0.0264  0.0262
  0.0262  0.0261  0.0260  0.0269  0.0266  0.0267  0.0262  0.0263  0.0261  0.0262  0.0261  0.0260
  0.0259  0.0259  0.0259  0.0259  0.0259  0.0259  0.0259  0.0259  0.0259  0.0259  0.0259  0.0259
  0.0263  0.0262  0.0260  0.0262  0.0262  0.0254  0.0262  0.0264  0.0262  0.0262  0.0260  0.0260
  0.0274  0.0269  0.0264  0.0277  0.0279  0.0267  0.0270  0.0277  0.0269  0.0269  0.0264  0.0263
  0.0291  0.0278  0.0270  0.0300  0.0312  0.0295  0.0282  0.0297  0.0279  0.0281  0.0269  0.0266
niter,ni,del,rscale     5    3    5.0000    1.2000
parameters
    1.5061  -10.3679   12.5173   -3.6834  -17.9631   -3.3070
    1.2326   -4.3969   -1.4195    7.7974    5.8700  -10.9416
eta,q 0.97408 10.36675
  0.0290  0.0280  0.0270  0.0301  0.0299  0.0284  0.0283  0.0297  0.0279  0.0281  0.0270  0.0267
  0.0273  0.0267  0.0264  0.0284  0.0282  0.0274  0.0271  0.0276  0.0268  0.0269  0.0264  0.0262
  0.0263  0.0261  0.0260  0.0268  0.0268  0.0267  0.0262  0.0263  0.0261  0.0262  0.0261  0.0260
  0.0259  0.0259  0.0259  0.0259  0.0259  0.0259  0.0259  0.0259  0.0259  0.0259  0.0259  0.0259
  0.0263  0.0262  0.0261  0.0264  0.0262  0.0254  0.0262  0.0264  0.0262  0.0262  0.0260  0.0260
  0.0274  0.0269  0.0264  0.0280  0.0277  0.0267  0.0270  0.0277  0.0269  0.0269  0.0264  0.0263
  0.0291  0.0278  0.0270  0.0302  0.0307  0.0294  0.0283  0.0296  0.0279  0.0281  0.0270  0.0266
niter,ni,del,rscale     4    3    5.0000    1.2000
parameters
    1.5042  -10.3688   12.5094   -3.6695  -17.9793   -3.3127
    1.2415   -4.4005   -1.4331    7.8083    5.8876  -10.9395
eta,q 0.97407 10.36639
  0.0291  0.0280  0.0270  0.0300  0.0300  0.0284  0.0283  0.0297  0.0279  0.0281  0.0270  0.0267
  0.0274  0.0267  0.0264  0.0283  0.0283  0.0275  0.0271  0.0276  0.0268  0.0269  0.0264  0.0262
  0.0263  0.0261  0.0260  0.0268  0.0268  0.0267  0.0262  0.0263  0.0261  0.0262  0.0261  0.0260
  0.0259  0.0259  0.0259  0.0259  0.0259  0.0259  0.0259  0.0259  0.0259  0.0259  0.0259  0.0259
  0.0263  0.0262  0.0261  0.0264  0.0262  0.0254  0.0262  0.0264  0.0262  0.0262  0.0260  0.0260
  0.0274  0.0269  0.0264  0.0280  0.0277  0.0266  0.0270  0.0277  0.0269  0.0269  0.0264  0.0263
  0.0291  0.0278  0.0270  0.0303  0.0306  0.0294  0.0283  0.0296  0.0279  0.0281  0.0270  0.0266
registration optimization eta report
parameter search radius
    2.4000    2.4000    2.4000    8.2800   10.9503    8.2800
    7.2000    7.2000    7.2000    7.2000    7.2000    7.2000
100000*second partial in parameter space
       54.       34.       19.        6.        4.        5.
        5.        7.        4.        4.        2.        1.
  0.0291  0.0280  0.0270  0.0300  0.0300  0.0284  0.0283  0.0297  0.0279  0.0281  0.0270  0.0267
  0.0274  0.0267  0.0264  0.0283  0.0283  0.0275  0.0271  0.0276  0.0268  0.0269  0.0264  0.0262
  0.0263  0.0261  0.0260  0.0268  0.0268  0.0267  0.0262  0.0263  0.0261  0.0262  0.0261  0.0260
  0.0259  0.0259  0.0259  0.0259  0.0259  0.0259  0.0259  0.0259  0.0259  0.0259  0.0259  0.0259
  0.0263  0.0262  0.0261  0.0264  0.0262  0.0254  0.0262  0.0264  0.0262  0.0262  0.0260  0.0260
  0.0274  0.0269  0.0264  0.0280  0.0277  0.0266  0.0270  0.0277  0.0269  0.0269  0.0264  0.0263
  0.0291  0.0278  0.0270  0.0303  0.0306  0.0294  0.0283  0.0296  0.0279  0.0281  0.0270  0.0266
    1.5042  -10.3688   12.5094   -3.6695  -17.9793   -3.3127
    1.2415   -4.4005   -1.4331    7.8083    5.8876  -10.9395
eta,q 0.97407 10.36639

---------------------------------------------------------------------
imgreg_4dfp /opt/freesurfer/average/711-2C_as_mni_average_305 /opt/freesurfer/average/711-2B_as_mni_average_305_mask talsrcimg_g11 none talsrcimg_to_711-2C_as_mni_average_305_t4 2311
---------------------------------------------------------------------

freesurfer imgreg_4dfp.c
/opt/freesurfer/average/711-2C_as_mni_average_305.4dfp.img
       256       256       256         1
  1.000000  1.000000  1.000000
orientation T byte_order littleendian
Reading image: /opt/freesurfer/average/711-2C_as_mni_average_305.4dfp.img
dimensions:      256       256       256
mmppix:       1.0000   -1.0000   -1.0000
center:     128.0000 -129.0000 -129.0000
/opt/freesurfer/average/711-2B_as_mni_average_305_mask.4dfp.img
       256       256       256         1
  1.000000  1.000000  1.000000
orientation T byte_order littleendian
Reading mask: /opt/freesurfer/average/711-2B_as_mni_average_305_mask.4dfp.img (2306576 pixels)
talsrcimg_g11.4dfp.img
       256       256       256         1
  1.000000  1.000000  1.000000
orientation T byte_order littleendian
Reading image: talsrcimg_g11.4dfp.img
dimensions:      256       256       256
mmppix:       1.0000   -1.0000   -1.0000
center:     128.0000 -129.0000 -129.0000
fimgreg.f
image alignment mode   2311 decimal      907 hex
parameters
    1.5042  -10.3688   12.5094   -3.6695  -17.9793   -3.3127
    1.2415   -4.4005   -1.4331    7.8083    5.8876  -10.9395
eta,q 0.97407 10.36639
niter,ni,del,rscale     5    3    5.0000    0.8000
parameters
    1.5035  -10.4553   12.4879   -3.3072  -16.9868   -1.5225
    1.2671   -4.3451   -1.3196    7.8280    5.8984  -11.1727
eta,q 0.97461 10.47393
  0.0274  0.0267  0.0264  0.0279  0.0272  0.0272  0.0265  0.0277  0.0264  0.0267  0.0261  0.0258
  0.0266  0.0262  0.0261  0.0271  0.0266  0.0268  0.0259  0.0265  0.0259  0.0260  0.0257  0.0255
  0.0261  0.0260  0.0260  0.0263  0.0262  0.0264  0.0255  0.0257  0.0255  0.0256  0.0255  0.0254
  0.0259  0.0259  0.0259  0.0259  0.0259  0.0259  0.0254  0.0254  0.0254  0.0254  0.0254  0.0254
  0.0261  0.0261  0.0260  0.0260  0.0259  0.0254  0.0255  0.0256  0.0255  0.0255  0.0255  0.0255
  0.0266  0.0264  0.0261  0.0266  0.0260  0.0255  0.0259  0.0264  0.0258  0.0260  0.0257  0.0256
  0.0274  0.0269  0.0264  0.0275  0.0265  0.0263  0.0265  0.0276  0.0263  0.0267  0.0261  0.0258
niter,ni,del,rscale     4    3    5.0000    0.7000
parameters
    1.5002  -10.6261   12.7684   -3.5030  -16.9928   -1.5230
    1.2325   -4.3819   -1.3557    7.7524    5.7920  -11.1080
eta,q 0.97465 10.47627
  0.0266  0.0260  0.0262  0.0268  0.0261  0.0266  0.0262  0.0270  0.0261  0.0263  0.0258  0.0257
  0.0259  0.0256  0.0258  0.0260  0.0257  0.0262  0.0257  0.0261  0.0257  0.0258  0.0256  0.0255
  0.0255  0.0254  0.0255  0.0255  0.0254  0.0257  0.0254  0.0255  0.0254  0.0255  0.0254  0.0254
  0.0254  0.0254  0.0254  0.0253  0.0253  0.0253  0.0253  0.0253  0.0253  0.0253  0.0253  0.0253
  0.0255  0.0256  0.0254  0.0256  0.0254  0.0254  0.0255  0.0256  0.0255  0.0255  0.0254  0.0254
  0.0259  0.0259  0.0255  0.0262  0.0257  0.0259  0.0257  0.0262  0.0257  0.0258  0.0256  0.0255
  0.0266  0.0263  0.0257  0.0271  0.0262  0.0269  0.0262  0.0271  0.0261  0.0264  0.0259  0.0256
niter,ni,del,rscale     3    3    5.0000    0.6000
parameters
    1.5075  -10.6578   12.7845   -3.4795  -16.9618   -1.3325
    1.2284   -4.3430   -1.3576    7.7196    5.7601  -11.1479
eta,q 0.97468 10.48344
  0.0262  0.0259  0.0258  0.0266  0.0259  0.0264  0.0260  0.0266  0.0259  0.0261  0.0257  0.0256
  0.0257  0.0256  0.0255  0.0259  0.0256  0.0261  0.0256  0.0259  0.0256  0.0257  0.0255  0.0254
  0.0255  0.0254  0.0254  0.0255  0.0254  0.0257  0.0254  0.0255  0.0254  0.0254  0.0254  0.0253
  0.0253  0.0253  0.0253  0.0253  0.0253  0.0253  0.0253  0.0253  0.0253  0.0253  0.0253  0.0253
  0.0254  0.0254  0.0254  0.0255  0.0254  0.0253  0.0254  0.0255  0.0254  0.0254  0.0254  0.0253
  0.0257  0.0256  0.0255  0.0259  0.0256  0.0257  0.0256  0.0259  0.0256  0.0257  0.0255  0.0254
  0.0262  0.0259  0.0258  0.0266  0.0259  0.0264  0.0260  0.0266  0.0259  0.0261  0.0257  0.0255
niter,ni,del,rscale     2    3    5.0000    0.5000
parameters
    1.5105  -10.6763   12.8267   -3.4992  -16.9504   -1.1354
    1.2413   -4.3257   -1.3707    7.7116    5.7358  -11.2079
eta,q 0.97471 10.48945
  0.0259  0.0257  0.0257  0.0262  0.0257  0.0262  0.0258  0.0262  0.0257  0.0258  0.0256  0.0255
  0.0256  0.0255  0.0255  0.0257  0.0255  0.0259  0.0255  0.0257  0.0255  0.0255  0.0254  0.0254
  0.0254  0.0254  0.0254  0.0254  0.0254  0.0255  0.0253  0.0254  0.0253  0.0254  0.0253  0.0253
  0.0253  0.0253  0.0253  0.0253  0.0253  0.0253  0.0253  0.0253  0.0253  0.0253  0.0253  0.0253
  0.0254  0.0254  0.0253  0.0254  0.0254  0.0253  0.0253  0.0254  0.0253  0.0253  0.0253  0.0253
  0.0256  0.0255  0.0254  0.0257  0.0255  0.0256  0.0255  0.0257  0.0255  0.0255  0.0254  0.0254
  0.0259  0.0257  0.0256  0.0262  0.0257  0.0261  0.0257  0.0262  0.0257  0.0259  0.0256  0.0255
niter,ni,del,rscale     1    3    5.0000    0.4000
parameters
    1.5092  -10.6955   12.8697   -3.5227  -16.9300   -0.9784
    1.2450   -4.3208   -1.3841    7.6994    5.7232  -11.2291
eta,q 0.97473 10.49467
  0.0257  0.0255  0.0255  0.0259  0.0256  0.0259  0.0256  0.0259  0.0256  0.0256  0.0255  0.0254
  0.0255  0.0254  0.0254  0.0256  0.0254  0.0257  0.0254  0.0256  0.0254  0.0254  0.0254  0.0253
  0.0253  0.0253  0.0253  0.0254  0.0253  0.0254  0.0253  0.0253  0.0253  0.0253  0.0253  0.0253
  0.0253  0.0253  0.0253  0.0253  0.0253  0.0253  0.0253  0.0253  0.0253  0.0253  0.0253  0.0253
  0.0253  0.0253  0.0253  0.0254  0.0253  0.0253  0.0253  0.0253  0.0253  0.0253  0.0253  0.0253
  0.0255  0.0254  0.0254  0.0256  0.0254  0.0255  0.0254  0.0255  0.0254  0.0254  0.0254  0.0253
  0.0257  0.0256  0.0255  0.0259  0.0256  0.0259  0.0256  0.0259  0.0256  0.0257  0.0255  0.0254
registration optimization eta report
parameter search radius
    0.8000    0.8000    0.8000    2.4000    2.4000    2.4000
    2.4000    2.4000    2.4000    2.4000    2.4000    2.4000
100000*second partial in parameter space
       62.       42.       33.       10.        5.       11.
        5.       11.        5.        6.        3.        2.
  0.0257  0.0255  0.0255  0.0259  0.0256  0.0259  0.0256  0.0259  0.0256  0.0256  0.0255  0.0254
  0.0255  0.0254  0.0254  0.0256  0.0254  0.0257  0.0254  0.0256  0.0254  0.0254  0.0254  0.0253
  0.0253  0.0253  0.0253  0.0254  0.0253  0.0254  0.0253  0.0253  0.0253  0.0253  0.0253  0.0253
  0.0253  0.0253  0.0253  0.0253  0.0253  0.0253  0.0253  0.0253  0.0253  0.0253  0.0253  0.0253
  0.0253  0.0253  0.0253  0.0254  0.0253  0.0253  0.0253  0.0253  0.0253  0.0253  0.0253  0.0253
  0.0255  0.0254  0.0254  0.0256  0.0254  0.0255  0.0254  0.0255  0.0254  0.0254  0.0254  0.0253
  0.0257  0.0256  0.0255  0.0259  0.0256  0.0259  0.0256  0.0259  0.0256  0.0257  0.0255  0.0254
    1.5092  -10.6955   12.8697   -3.5227  -16.9300   -0.9784
    1.2450   -4.3208   -1.3841    7.6994    5.7232  -11.2291
eta,q 0.97473 10.49467

---------------------------------------------------------------------
imgreg_4dfp /opt/freesurfer/average/711-2C_as_mni_average_305 /opt/freesurfer/average/711-2B_as_mni_average_305_mask talsrcimg_g11 none talsrcimg_to_711-2C_as_mni_average_305_t4 2311
---------------------------------------------------------------------

freesurfer imgreg_4dfp.c
/opt/freesurfer/average/711-2C_as_mni_average_305.4dfp.img
       256       256       256         1
  1.000000  1.000000  1.000000
orientation T byte_order littleendian
Reading image: /opt/freesurfer/average/711-2C_as_mni_average_305.4dfp.img
dimensions:      256       256       256
mmppix:       1.0000   -1.0000   -1.0000
center:     128.0000 -129.0000 -129.0000
/opt/freesurfer/average/711-2B_as_mni_average_305_mask.4dfp.img
       256       256       256         1
  1.000000  1.000000  1.000000
orientation T byte_order littleendian
Reading mask: /opt/freesurfer/average/711-2B_as_mni_average_305_mask.4dfp.img (2306576 pixels)
talsrcimg_g11.4dfp.img
       256       256       256         1
  1.000000  1.000000  1.000000
orientation T byte_order littleendian
Reading image: talsrcimg_g11.4dfp.img
dimensions:      256       256       256
mmppix:       1.0000   -1.0000   -1.0000
center:     128.0000 -129.0000 -129.0000
fimgreg.f
image alignment mode   2311 decimal      907 hex
parameters
    1.5092  -10.6955   12.8697   -3.5227  -16.9300   -0.9784
    1.2450   -4.3208   -1.3841    7.6994    5.7232  -11.2291
eta,q 0.97473 10.49467
niter,ni,del,rscale     5    3    5.0000    0.8000
parameters
    1.5056  -10.6567   12.9010   -3.6489  -17.0649   -1.5427
    1.2134   -4.3627   -1.3334    7.6731    5.6684  -10.9806
eta,q 0.97464 10.46980
  0.0269  0.0264  0.0261  0.0272  0.0263  0.0266  0.0265  0.0275  0.0264  0.0266  0.0260  0.0258
  0.0260  0.0258  0.0257  0.0262  0.0257  0.0262  0.0259  0.0263  0.0258  0.0260  0.0257  0.0256
  0.0255  0.0254  0.0254  0.0255  0.0254  0.0256  0.0255  0.0256  0.0255  0.0255  0.0254  0.0254
  0.0253  0.0253  0.0253  0.0253  0.0253  0.0253  0.0254  0.0254  0.0254  0.0254  0.0254  0.0254
  0.0255  0.0254  0.0254  0.0256  0.0254  0.0255  0.0255  0.0256  0.0255  0.0255  0.0254  0.0254
  0.0260  0.0257  0.0256  0.0263  0.0258  0.0265  0.0259  0.0264  0.0258  0.0259  0.0257  0.0255
  0.0269  0.0263  0.0261  0.0274  0.0264  0.0279  0.0265  0.0275  0.0264  0.0267  0.0261  0.0257
niter,ni,del,rscale     4    3    5.0000    0.7000
parameters
    1.5100  -10.6471   12.7923   -3.5068  -16.9943   -1.5179
    1.1867   -4.3324   -1.3317    7.6818    5.7531  -11.0712
eta,q 0.97466 10.47527
  0.0266  0.0262  0.0259  0.0270  0.0262  0.0266  0.0262  0.0271  0.0262  0.0263  0.0259  0.0257
  0.0259  0.0257  0.0256  0.0262  0.0257  0.0262  0.0257  0.0262  0.0257  0.0258  0.0256  0.0255
  0.0255  0.0254  0.0254  0.0256  0.0255  0.0257  0.0254  0.0256  0.0254  0.0255  0.0254  0.0254
  0.0254  0.0254  0.0254  0.0254  0.0254  0.0254  0.0253  0.0253  0.0253  0.0253  0.0253  0.0253
  0.0255  0.0255  0.0255  0.0255  0.0254  0.0254  0.0255  0.0255  0.0255  0.0254  0.0254  0.0254
  0.0259  0.0257  0.0257  0.0260  0.0257  0.0259  0.0258  0.0261  0.0257  0.0258  0.0256  0.0255
  0.0266  0.0261  0.0260  0.0269  0.0261  0.0269  0.0262  0.0270  0.0261  0.0264  0.0259  0.0257
niter,ni,del,rscale     3    3    5.0000    0.6000
parameters
    1.5160  -10.6651   12.7905   -3.4769  -16.9443   -1.3317
    1.2147   -4.3284   -1.3598    7.7011    5.7659  -11.1587
eta,q 0.97468 10.48412
  0.0262  0.0259  0.0258  0.0266  0.0259  0.0264  0.0260  0.0266  0.0259  0.0261  0.0257  0.0255
  0.0257  0.0256  0.0255  0.0259  0.0256  0.0261  0.0256  0.0259  0.0256  0.0257  0.0255  0.0254
  0.0254  0.0254  0.0254  0.0255  0.0254  0.0257  0.0254  0.0255  0.0254  0.0254  0.0254  0.0253
  0.0253  0.0253  0.0253  0.0253  0.0253  0.0253  0.0253  0.0253  0.0253  0.0253  0.0253  0.0253
  0.0254  0.0254  0.0254  0.0255  0.0254  0.0253  0.0254  0.0255  0.0254  0.0254  0.0254  0.0254
  0.0257  0.0256  0.0255  0.0259  0.0256  0.0257  0.0256  0.0259  0.0256  0.0257  0.0255  0.0254
  0.0262  0.0259  0.0258  0.0266  0.0259  0.0264  0.0260  0.0266  0.0259  0.0261  0.0257  0.0256
niter,ni,del,rscale     2    3    5.0000    0.5000
parameters
    1.5136  -10.6823   12.8241   -3.4971  -16.9503   -1.1416
    1.2335   -4.3288   -1.3740    7.7122    5.7475  -11.2118
eta,q 0.97471 10.48957
  0.0259  0.0257  0.0257  0.0262  0.0257  0.0262  0.0258  0.0262  0.0257  0.0258  0.0256  0.0255
  0.0256  0.0255  0.0255  0.0257  0.0255  0.0259  0.0255  0.0257  0.0255  0.0256  0.0254  0.0254
  0.0254  0.0254  0.0254  0.0254  0.0254  0.0255  0.0253  0.0254  0.0253  0.0254  0.0253  0.0253
  0.0253  0.0253  0.0253  0.0253  0.0253  0.0253  0.0253  0.0253  0.0253  0.0253  0.0253  0.0253
  0.0254  0.0254  0.0253  0.0254  0.0254  0.0253  0.0253  0.0254  0.0253  0.0253  0.0253  0.0253
  0.0256  0.0255  0.0254  0.0257  0.0255  0.0256  0.0255  0.0257  0.0255  0.0255  0.0254  0.0254
  0.0259  0.0257  0.0256  0.0262  0.0257  0.0261  0.0257  0.0262  0.0257  0.0259  0.0256  0.0255
niter,ni,del,rscale     1    3    5.0000    0.4000
parameters
    1.5073  -10.6971   12.8655   -3.5215  -16.9341   -0.9805
    1.2550   -4.3216   -1.3842    7.7070    5.7185  -11.2592
eta,q 0.97472 10.49468
  0.0257  0.0255  0.0255  0.0259  0.0256  0.0259  0.0256  0.0259  0.0256  0.0256  0.0255  0.0254
  0.0255  0.0254  0.0254  0.0255  0.0254  0.0257  0.0254  0.0256  0.0254  0.0254  0.0254  0.0253
  0.0253  0.0253  0.0253  0.0254  0.0253  0.0254  0.0253  0.0253  0.0253  0.0253  0.0253  0.0253
  0.0253  0.0253  0.0253  0.0253  0.0253  0.0253  0.0253  0.0253  0.0253  0.0253  0.0253  0.0253
  0.0253  0.0253  0.0253  0.0254  0.0253  0.0253  0.0253  0.0253  0.0253  0.0253  0.0253  0.0253
  0.0255  0.0254  0.0254  0.0256  0.0254  0.0255  0.0254  0.0255  0.0254  0.0254  0.0254  0.0253
  0.0257  0.0256  0.0255  0.0259  0.0256  0.0259  0.0256  0.0259  0.0256  0.0257  0.0255  0.0254
registration optimization eta report
parameter search radius
    0.8000    0.8000    0.8000    2.4000    2.4000    2.4000
    2.4000    2.4000    2.4000    2.4000    2.4000    2.4000
100000*second partial in parameter space
       62.       42.       33.       10.        5.       11.
        5.       11.        5.        6.        3.        2.
  0.0257  0.0255  0.0255  0.0259  0.0256  0.0259  0.0256  0.0259  0.0256  0.0256  0.0255  0.0254
  0.0255  0.0254  0.0254  0.0255  0.0254  0.0257  0.0254  0.0256  0.0254  0.0254  0.0254  0.0253
  0.0253  0.0253  0.0253  0.0254  0.0253  0.0254  0.0253  0.0253  0.0253  0.0253  0.0253  0.0253
  0.0253  0.0253  0.0253  0.0253  0.0253  0.0253  0.0253  0.0253  0.0253  0.0253  0.0253  0.0253
  0.0253  0.0253  0.0253  0.0254  0.0253  0.0253  0.0253  0.0253  0.0253  0.0253  0.0253  0.0253
  0.0255  0.0254  0.0254  0.0256  0.0254  0.0255  0.0254  0.0255  0.0254  0.0254  0.0254  0.0253
  0.0257  0.0256  0.0255  0.0259  0.0256  0.0259  0.0256  0.0259  0.0256  0.0257  0.0255  0.0254
    1.5073  -10.6971   12.8655   -3.5215  -16.9341   -0.9805
    1.2550   -4.3216   -1.3842    7.7070    5.7185  -11.2592
eta,q 0.97472 10.49468

---------------------------------------------------------------------
compute_vox2vox talsrcimg talsrcimg_to_711-2C_as_mni_average_305_t4 /opt/freesurfer/average/711-2C_as_mni_average_305
---------------------------------------------------------------------

freesurfer compute_vox2vox.c
Reading: talsrcimg.4dfp.ifh
Reading: talsrcimg_to_711-2C_as_mni_average_305_t4
Reading: /opt/freesurfer/average/711-2C_as_mni_average_305.4dfp.ifh
Writing: talsrcimg_to_711-2C_as_mni_average_305_t4_vox2vox.txt

start time Thu Mar 12 18:16:47 CET 2026
end		time Thu Mar 12 18:18:12 CET 2026

mpr2mni305 success

avi2talxfm orig_nu.mgz /opt/freesurfer/average/mni305.cor.mgz talsrcimg_to_711-2C_as_mni_average_305_t4_vox2vox.txt transforms/talairach.auto.xfm
avi2talxfm done
mv -f /out/sourcedata/freesurfer/sub-v1s20x0050351_ses-1/mri/talsrcimg_to_711-2C_as_mni_average_305_t4_vox2vox.txt /out/sourcedata/freesurfer/sub-v1s20x0050351_ses-1/mri/transforms/talsrcimg_to_711-2C_as_mni_average_305_t4_vox2vox.txt
lta_convert --src orig_nu.mgz --trg /opt/freesurfer/average/mni305.cor.mgz --inxfm transforms/talairach.auto.xfm --outlta transforms/talairach.auto.xfm.lta --subject fsaverage
7.3.2

--src: orig_nu.mgz src image (geometry).
--trg: /opt/freesurfer/average/mni305.cor.mgz trg image (geometry).
--inmni: transforms/talairach.auto.xfm input MNI/XFM transform.
--outlta: transforms/talairach.auto.xfm.lta output LTA.
--s: fsaverage subject name
 LTA read, type : 1
 1.03365   0.04584  -0.00940  -2.73574;
-0.05713   0.99682   0.13598  -11.85213;
 0.02253  -0.09172   1.19109   12.99638;
 0.00000   0.00000   0.00000   1.00000;
setting subject to fsaverage
Writing  LTA to file transforms/talairach.auto.xfm.lta...
lta_convert successful.
 
 
Started at Thu Mar 12 18:16:46 CET 2026
Ended   at Thu Mar 12 18:18:12 CET 2026
talairach_avi done
