status file for recon-all
Thu Mar 12 17:21:03 CET 2026
#@# Tessellate lh Thu Mar 12 17:21:04 CET 2026
#@# Smooth1 lh Thu Mar 12 17:21:06 CET 2026
#@# Inflation1 lh Thu Mar 12 17:21:09 CET 2026
#@# QSphere lh Thu Mar 12 17:21:18 CET 2026
#@# Fix Topology lh Thu Mar 12 17:22:14 CET 2026
#@# Smooth2 lh Thu Mar 12 17:27:00 CET 2026
#@# Inflation2 lh Thu Mar 12 17:27:02 CET 2026
#@# Curv .H and .K lh Thu Mar 12 17:27:12 CET 2026
#@# Sphere lh Thu Mar 12 17:27:49 CET 2026
#@# Surf Reg lh Thu Mar 12 17:30:52 CET 2026
#@# Jacobian white lh Thu Mar 12 17:33:43 CET 2026
#@# AvgCurv lh Thu Mar 12 17:33:43 CET 2026
#@# Cortical Parc lh Thu Mar 12 17:33:44 CET 2026
#@# white curv lh Thu Mar 12 17:39:08 CET 2026
#@# white area lh Thu Mar 12 17:39:10 CET 2026
#@# pial curv lh Thu Mar 12 17:39:10 CET 2026
#@# pial area lh Thu Mar 12 17:39:11 CET 2026
#@# thickness lh Thu Mar 12 17:39:12 CET 2026
#@# area and vertex vol lh Thu Mar 12 17:39:35 CET 2026
#@# Curvature Stats lh Thu Mar 12 17:39:36 CET 2026
#@# Cortical Parc 2 lh Thu Mar 12 17:39:37 CET 2026
#@# Cortical Parc 3 lh Thu Mar 12 17:39:48 CET 2026
#@# WM/GM Contrast lh Thu Mar 12 17:39:56 CET 2026
recon-all -s sub-v1s20x0050300_ses-1 finished without error at Thu Mar 12 17:39:59 CET 2026



#New# invocation of recon-all 



status file for recon-all
Thu Mar 12 18:01:46 CET 2026
#@# white curv lh Thu Mar 12 18:01:46 CET 2026
#@# white area lh Thu Mar 12 18:01:46 CET 2026
#@# pial curv lh Thu Mar 12 18:01:46 CET 2026
#@# pial area lh Thu Mar 12 18:01:47 CET 2026
#@# thickness lh Thu Mar 12 18:01:47 CET 2026
#@# area and vertex vol lh Thu Mar 12 18:01:47 CET 2026
#@# Parcellation Stats lh Thu Mar 12 18:01:47 CET 2026
#@# Parcellation Stats 2 lh Thu Mar 12 18:01:59 CET 2026
#@# Parcellation Stats 3 lh Thu Mar 12 18:02:05 CET 2026
#@# BA_exvivo Labels lh Thu Mar 12 18:02:11 CET 2026
recon-all -s sub-v1s20x0050300_ses-1 finished without error at Thu Mar 12 18:04:15 CET 2026
