status file for recon-all
Thu Mar 12 18:44:38 CET 2026
#@# MotionCor Thu Mar 12 18:44:39 CET 2026
#@# Talairach Thu Mar 12 18:44:44 CET 2026
#@# Talairach Failure Detection Thu Mar 12 18:47:34 CET 2026
#@# Nu Intensity Correction Thu Mar 12 18:47:34 CET 2026
#@# Intensity Normalization Thu Mar 12 18:50:19 CET 2026
recon-all -s sub-v1s20x0050362_ses-1 finished without error at Thu Mar 12 18:51:19 CET 2026



#New# invocation of recon-all 



status file for recon-all
Thu Mar 12 18:57:01 CET 2026
#@# EM Registration Thu Mar 12 18:57:01 CET 2026
recon-all -s sub-v1s20x0050362_ses-1 finished without error at Thu Mar 12 18:59:07 CET 2026



#New# invocation of recon-all 



status file for recon-all
Thu Mar 12 18:59:10 CET 2026
#@# CA Normalize Thu Mar 12 18:59:10 CET 2026
#@# CA Reg Thu Mar 12 19:00:02 CET 2026
#@# SubCort Seg Thu Mar 12 19:46:19 CET 2026
#@# CC Seg Thu Mar 12 20:05:04 CET 2026
#@# Merge ASeg Thu Mar 12 20:05:35 CET 2026
#@# Intensity Normalization2 Thu Mar 12 20:05:35 CET 2026
#@# Mask BFS Thu Mar 12 20:07:00 CET 2026
#@# WM Segmentation Thu Mar 12 20:07:01 CET 2026
#@# Fill Thu Mar 12 20:08:37 CET 2026
recon-all -s sub-v1s20x0050362_ses-1 finished without error at Thu Mar 12 20:09:17 CET 2026



#New# invocation of recon-all 



status file for recon-all
Thu Mar 12 20:53:30 CET 2026
#@# white curv lh Thu Mar 12 20:53:30 CET 2026
#@# white area lh Thu Mar 12 20:53:30 CET 2026
#@# pial curv lh Thu Mar 12 20:53:30 CET 2026
#@# pial area lh Thu Mar 12 20:53:30 CET 2026
#@# thickness lh Thu Mar 12 20:53:30 CET 2026
#@# area and vertex vol lh Thu Mar 12 20:53:30 CET 2026
#@# white curv rh Thu Mar 12 20:53:30 CET 2026
#@# white area rh Thu Mar 12 20:53:30 CET 2026
#@# pial curv rh Thu Mar 12 20:53:30 CET 2026
#@# pial area rh Thu Mar 12 20:53:30 CET 2026
#@# thickness rh Thu Mar 12 20:53:30 CET 2026
#@# area and vertex vol rh Thu Mar 12 20:53:30 CET 2026
#@# Cortical ribbon mask Thu Mar 12 20:53:30 CET 2026
recon-all -s sub-v1s20x0050362_ses-1 finished without error at Thu Mar 12 20:56:34 CET 2026



#New# invocation of recon-all 



status file for recon-all
Thu Mar 12 21:01:44 CET 2026
#@# white curv lh Thu Mar 12 21:01:44 CET 2026
#@# white area lh Thu Mar 12 21:01:44 CET 2026
#@# pial curv lh Thu Mar 12 21:01:44 CET 2026
#@# pial area lh Thu Mar 12 21:01:44 CET 2026
#@# thickness lh Thu Mar 12 21:01:44 CET 2026
#@# area and vertex vol lh Thu Mar 12 21:01:44 CET 2026
#@# white curv rh Thu Mar 12 21:01:44 CET 2026
#@# white area rh Thu Mar 12 21:01:44 CET 2026
#@# pial curv rh Thu Mar 12 21:01:44 CET 2026
#@# pial area rh Thu Mar 12 21:01:45 CET 2026
#@# thickness rh Thu Mar 12 21:01:45 CET 2026
#@# area and vertex vol rh Thu Mar 12 21:01:45 CET 2026
#@# Curvature Stats lh Thu Mar 12 21:01:45 CET 2026
#@# Curvature Stats rh Thu Mar 12 21:01:47 CET 2026
#@# Relabel Hypointensities Thu Mar 12 21:01:49 CET 2026
#@# APas-to-ASeg Thu Mar 12 21:01:59 CET 2026
#@# AParc-to-ASeg aparc Thu Mar 12 21:02:06 CET 2026
#@# AParc-to-ASeg aparc.a2009s Thu Mar 12 21:02:29 CET 2026
#@# AParc-to-ASeg aparc.DKTatlas Thu Mar 12 21:02:54 CET 2026
#@# WMParc Thu Mar 12 21:03:20 CET 2026
#@# ASeg Stats Thu Mar 12 21:05:20 CET 2026
recon-all -s sub-v1s20x0050362_ses-1 finished without error at Thu Mar 12 21:05:43 CET 2026
