status file for recon-all
Thu Mar 12 20:09:21 CET 2026
#@# Tessellate lh Thu Mar 12 20:09:21 CET 2026
#@# Smooth1 lh Thu Mar 12 20:09:24 CET 2026
#@# Inflation1 lh Thu Mar 12 20:09:25 CET 2026
#@# QSphere lh Thu Mar 12 20:09:37 CET 2026
#@# Fix Topology lh Thu Mar 12 20:10:26 CET 2026
#@# Smooth2 lh Thu Mar 12 20:15:00 CET 2026
#@# Inflation2 lh Thu Mar 12 20:15:03 CET 2026
#@# Curv .H and .K lh Thu Mar 12 20:15:14 CET 2026
#@# Sphere lh Thu Mar 12 20:15:50 CET 2026
#@# Surf Reg lh Thu Mar 12 20:18:18 CET 2026
#@# Jacobian white lh Thu Mar 12 20:21:17 CET 2026
#@# AvgCurv lh Thu Mar 12 20:21:17 CET 2026
#@# Cortical Parc lh Thu Mar 12 20:21:18 CET 2026
#@# white curv lh Thu Mar 12 20:26:14 CET 2026
#@# white area lh Thu Mar 12 20:26:15 CET 2026
#@# pial curv lh Thu Mar 12 20:26:16 CET 2026
#@# pial area lh Thu Mar 12 20:26:17 CET 2026
#@# thickness lh Thu Mar 12 20:26:17 CET 2026
#@# area and vertex vol lh Thu Mar 12 20:26:38 CET 2026
#@# Curvature Stats lh Thu Mar 12 20:26:39 CET 2026
#@# Cortical Parc 2 lh Thu Mar 12 20:26:41 CET 2026
#@# Cortical Parc 3 lh Thu Mar 12 20:26:51 CET 2026
#@# WM/GM Contrast lh Thu Mar 12 20:26:58 CET 2026
recon-all -s sub-v1s20x0050362_ses-1 finished without error at Thu Mar 12 20:27:00 CET 2026



#New# invocation of recon-all 



status file for recon-all
Thu Mar 12 20:56:38 CET 2026
#@# white curv lh Thu Mar 12 20:56:38 CET 2026
#@# white area lh Thu Mar 12 20:56:39 CET 2026
#@# pial curv lh Thu Mar 12 20:56:39 CET 2026
#@# pial area lh Thu Mar 12 20:56:39 CET 2026
#@# thickness lh Thu Mar 12 20:56:39 CET 2026
#@# area and vertex vol lh Thu Mar 12 20:56:39 CET 2026
#@# Parcellation Stats lh Thu Mar 12 20:56:39 CET 2026
#@# Parcellation Stats 2 lh Thu Mar 12 20:56:52 CET 2026
#@# Parcellation Stats 3 lh Thu Mar 12 20:56:59 CET 2026
#@# BA_exvivo Labels lh Thu Mar 12 20:57:06 CET 2026
recon-all -s sub-v1s20x0050362_ses-1 finished without error at Thu Mar 12 20:59:07 CET 2026
