status file for recon-all
Thu Mar 12 20:27:02 CET 2026
#@# Tessellate rh Thu Mar 12 20:27:02 CET 2026
#@# Smooth1 rh Thu Mar 12 20:27:05 CET 2026
#@# Inflation1 rh Thu Mar 12 20:27:07 CET 2026
#@# QSphere rh Thu Mar 12 20:27:18 CET 2026
#@# Fix Topology rh Thu Mar 12 20:28:08 CET 2026
#@# Smooth2 rh Thu Mar 12 20:33:16 CET 2026
#@# Inflation2 rh Thu Mar 12 20:33:18 CET 2026
#@# Curv .H and .K rh Thu Mar 12 20:33:31 CET 2026
#@# Sphere rh Thu Mar 12 20:34:06 CET 2026
#@# Surf Reg rh Thu Mar 12 20:39:40 CET 2026
#@# Jacobian white rh Thu Mar 12 20:45:54 CET 2026
#@# AvgCurv rh Thu Mar 12 20:45:55 CET 2026
#@# Cortical Parc rh Thu Mar 12 20:45:56 CET 2026
#@# white curv rh Thu Mar 12 20:52:42 CET 2026
#@# white area rh Thu Mar 12 20:52:43 CET 2026
#@# pial curv rh Thu Mar 12 20:52:44 CET 2026
#@# pial area rh Thu Mar 12 20:52:45 CET 2026
#@# thickness rh Thu Mar 12 20:52:46 CET 2026
#@# area and vertex vol rh Thu Mar 12 20:53:04 CET 2026
#@# Curvature Stats rh Thu Mar 12 20:53:05 CET 2026
#@# Cortical Parc 2 rh Thu Mar 12 20:53:07 CET 2026
#@# Cortical Parc 3 rh Thu Mar 12 20:53:16 CET 2026
#@# WM/GM Contrast rh Thu Mar 12 20:53:24 CET 2026
recon-all -s sub-v1s20x0050362_ses-1 finished without error at Thu Mar 12 20:53:26 CET 2026



#New# invocation of recon-all 



status file for recon-all
Thu Mar 12 20:59:08 CET 2026
#@# white curv rh Thu Mar 12 20:59:08 CET 2026
#@# white area rh Thu Mar 12 20:59:08 CET 2026
#@# pial curv rh Thu Mar 12 20:59:08 CET 2026
#@# pial area rh Thu Mar 12 20:59:08 CET 2026
#@# thickness rh Thu Mar 12 20:59:08 CET 2026
#@# area and vertex vol rh Thu Mar 12 20:59:08 CET 2026
#@# Parcellation Stats rh Thu Mar 12 20:59:08 CET 2026
#@# Parcellation Stats 2 rh Thu Mar 12 20:59:24 CET 2026
#@# Parcellation Stats 3 rh Thu Mar 12 20:59:31 CET 2026
#@# BA_exvivo Labels rh Thu Mar 12 20:59:39 CET 2026
recon-all -s sub-v1s20x0050362_ses-1 finished without error at Thu Mar 12 21:01:40 CET 2026
