status file for recon-all
Mon Mar  9 10:12:48 CET 2026
#@# Tessellate lh Mon Mar  9 10:12:48 CET 2026
#@# Smooth1 lh Mon Mar  9 10:12:52 CET 2026
#@# Inflation1 lh Mon Mar  9 10:12:54 CET 2026
#@# QSphere lh Mon Mar  9 10:13:03 CET 2026
#@# Fix Topology lh Mon Mar  9 10:13:58 CET 2026
#@# Smooth2 lh Mon Mar  9 10:18:59 CET 2026
#@# Inflation2 lh Mon Mar  9 10:19:02 CET 2026
#@# Curv .H and .K lh Mon Mar  9 10:19:12 CET 2026
#@# Sphere lh Mon Mar  9 10:19:59 CET 2026
#@# Surf Reg lh Mon Mar  9 10:23:15 CET 2026
#@# Jacobian white lh Mon Mar  9 10:26:27 CET 2026
#@# AvgCurv lh Mon Mar  9 10:26:27 CET 2026
#@# Cortical Parc lh Mon Mar  9 10:26:28 CET 2026
#@# white curv lh Mon Mar  9 10:32:28 CET 2026
#@# white area lh Mon Mar  9 10:32:29 CET 2026
#@# pial curv lh Mon Mar  9 10:32:30 CET 2026
#@# pial area lh Mon Mar  9 10:32:31 CET 2026
#@# thickness lh Mon Mar  9 10:32:32 CET 2026
#@# area and vertex vol lh Mon Mar  9 10:33:01 CET 2026
#@# Curvature Stats lh Mon Mar  9 10:33:02 CET 2026
#@# Cortical Parc 2 lh Mon Mar  9 10:33:05 CET 2026
#@# Cortical Parc 3 lh Mon Mar  9 10:33:17 CET 2026
#@# WM/GM Contrast lh Mon Mar  9 10:33:27 CET 2026
recon-all -s sub-v1s20x0050335_ses-1 finished without error at Mon Mar  9 10:33:30 CET 2026



#New# invocation of recon-all 



status file for recon-all
Mon Mar  9 11:02:56 CET 2026
#@# white curv lh Mon Mar  9 11:02:56 CET 2026
#@# white area lh Mon Mar  9 11:02:56 CET 2026
#@# pial curv lh Mon Mar  9 11:02:56 CET 2026
#@# pial area lh Mon Mar  9 11:02:56 CET 2026
#@# thickness lh Mon Mar  9 11:02:56 CET 2026
#@# area and vertex vol lh Mon Mar  9 11:02:56 CET 2026
#@# Parcellation Stats lh Mon Mar  9 11:02:56 CET 2026
#@# Parcellation Stats 2 lh Mon Mar  9 11:03:15 CET 2026
#@# Parcellation Stats 3 lh Mon Mar  9 11:03:24 CET 2026
#@# BA_exvivo Labels lh Mon Mar  9 11:03:33 CET 2026
recon-all -s sub-v1s20x0050335_ses-1 finished without error at Mon Mar  9 11:05:53 CET 2026
