status file for recon-all
Mon Mar  9 08:36:42 CET 2026
#@# MotionCor Mon Mar  9 08:36:43 CET 2026
#@# Talairach Mon Mar  9 08:36:51 CET 2026
#@# Talairach Failure Detection Mon Mar  9 08:41:14 CET 2026
#@# Nu Intensity Correction Mon Mar  9 08:41:14 CET 2026
#@# Intensity Normalization Mon Mar  9 08:44:29 CET 2026
recon-all -s sub-v1s20x0050335_ses-1 finished without error at Mon Mar  9 08:45:53 CET 2026



#New# invocation of recon-all 



status file for recon-all
Mon Mar  9 08:52:23 CET 2026
#@# EM Registration Mon Mar  9 08:52:23 CET 2026
recon-all -s sub-v1s20x0050335_ses-1 finished without error at Mon Mar  9 08:54:28 CET 2026



#New# invocation of recon-all 



status file for recon-all
Mon Mar  9 08:54:31 CET 2026
#@# CA Normalize Mon Mar  9 08:54:31 CET 2026
#@# CA Reg Mon Mar  9 08:55:52 CET 2026
#@# SubCort Seg Mon Mar  9 09:37:02 CET 2026
#@# CC Seg Mon Mar  9 10:06:56 CET 2026
#@# Merge ASeg Mon Mar  9 10:07:27 CET 2026
#@# Intensity Normalization2 Mon Mar  9 10:07:27 CET 2026
#@# Mask BFS Mon Mar  9 10:09:36 CET 2026
#@# WM Segmentation Mon Mar  9 10:09:36 CET 2026
#@# Fill Mon Mar  9 10:11:44 CET 2026
recon-all -s sub-v1s20x0050335_ses-1 finished without error at Mon Mar  9 10:12:44 CET 2026



#New# invocation of recon-all 



status file for recon-all
Mon Mar  9 10:56:42 CET 2026
#@# white curv lh Mon Mar  9 10:56:42 CET 2026
#@# white area lh Mon Mar  9 10:56:42 CET 2026
#@# pial curv lh Mon Mar  9 10:56:42 CET 2026
#@# pial area lh Mon Mar  9 10:56:42 CET 2026
#@# thickness lh Mon Mar  9 10:56:42 CET 2026
#@# area and vertex vol lh Mon Mar  9 10:56:42 CET 2026
#@# white curv rh Mon Mar  9 10:56:42 CET 2026
#@# white area rh Mon Mar  9 10:56:42 CET 2026
#@# pial curv rh Mon Mar  9 10:56:42 CET 2026
#@# pial area rh Mon Mar  9 10:56:42 CET 2026
#@# thickness rh Mon Mar  9 10:56:42 CET 2026
#@# area and vertex vol rh Mon Mar  9 10:56:42 CET 2026
#@# Cortical ribbon mask Mon Mar  9 10:56:42 CET 2026
recon-all -s sub-v1s20x0050335_ses-1 finished without error at Mon Mar  9 11:02:53 CET 2026



#New# invocation of recon-all 



status file for recon-all
Mon Mar  9 11:08:50 CET 2026
#@# white curv lh Mon Mar  9 11:08:50 CET 2026
#@# white area lh Mon Mar  9 11:08:50 CET 2026
#@# pial curv lh Mon Mar  9 11:08:50 CET 2026
#@# pial area lh Mon Mar  9 11:08:50 CET 2026
#@# thickness lh Mon Mar  9 11:08:50 CET 2026
#@# area and vertex vol lh Mon Mar  9 11:08:50 CET 2026
#@# white curv rh Mon Mar  9 11:08:50 CET 2026
#@# white area rh Mon Mar  9 11:08:50 CET 2026
#@# pial curv rh Mon Mar  9 11:08:50 CET 2026
#@# pial area rh Mon Mar  9 11:08:50 CET 2026
#@# thickness rh Mon Mar  9 11:08:50 CET 2026
#@# area and vertex vol rh Mon Mar  9 11:08:50 CET 2026
#@# Curvature Stats lh Mon Mar  9 11:08:50 CET 2026
#@# Curvature Stats rh Mon Mar  9 11:08:53 CET 2026
#@# Relabel Hypointensities Mon Mar  9 11:08:55 CET 2026
#@# APas-to-ASeg Mon Mar  9 11:09:10 CET 2026
#@# AParc-to-ASeg aparc Mon Mar  9 11:09:17 CET 2026
#@# AParc-to-ASeg aparc.a2009s Mon Mar  9 11:09:50 CET 2026
#@# AParc-to-ASeg aparc.DKTatlas Mon Mar  9 11:10:23 CET 2026
#@# WMParc Mon Mar  9 11:10:56 CET 2026
#@# ASeg Stats Mon Mar  9 11:14:30 CET 2026
recon-all -s sub-v1s20x0050335_ses-1 finished without error at Mon Mar  9 11:15:00 CET 2026
