/out/sourcedata/freesurfer/sub-v1s20x0050281_ses-1/mri
/opt/freesurfer/bin/talairach_avi
--i orig_nu.mgz --xfm transforms/talairach.auto.xfm
talairach_avi 7.3.2
Linux dna038 5.14.0-427.37.1.el9_4.x86_64 #1 SMP PREEMPT_DYNAMIC Fri Sep 13 12:41:50 EDT 2024 x86_64 x86_64 x86_64 GNU/Linux
Thu Mar 12 14:52:40 CET 2026
mri_convert orig_nu.mgz talsrcimg.img 
reading from orig_nu.mgz...
TR=0.00, TE=0.00, TI=0.00, flip angle=0.00
i_ras = (-1, 0, 0)
j_ras = (0, 0, -1)
k_ras = (0, 1, 0)
writing to talsrcimg.img...
Analyze Output Matrix
-1.00000   0.00000   0.00000   129.50000;
 0.00000   0.00000   1.00000  -128.50000;
 0.00000  -1.00000   0.00000   129.70001;
 0.00000   0.00000   0.00000   1.00000;
--------------------
INFO: set hdr.hist.orient to -1
mpr2mni305 talsrcimg
Thu Mar 12 14:52:41 CET 2026
/opt/freesurfer/bin/mpr2mni305 talsrcimg
mpr2mni305 7.3.2
target=711-2C_as_mni_average_305

---------------------------------------------------------------------
analyzeto4dfp talsrcimg -O0 -y
---------------------------------------------------------------------

freesurfer ifh2hdr.c
Thu Mar 12 14:52:41 2026
Writing: talsrcimg.4dfp.hdr
freesurfer analyzeto4dfp.c
Reading: talsrcimg.hdr
header size 348 bytes
hdr.dime.datatype	offset=70	value=2
hdr.dime.bitpix		offset=72	value=8
hdr.hist.orient		offset=252	value=-1
dimensionality     4
dimensions       256       256       256         1
Reading: talsrcimg.img
Writing: talsrcimg.4dfp.img
Writing: talsrcimg.4dfp.ifh
ifh2hdr talsrcimg -r0to236
ori=2

---------------------------------------------------------------------
gauss_4dfp talsrcimg 1.1
---------------------------------------------------------------------

freesurfer gauss_4dfp.c
Reading: talsrcimg.4dfp.img
Writing: talsrcimg_g11.4dfp.img
image dimensions 256 256 256 padded to 288 288 288
processing volume 1freesurfer ifh2hdr.c
Thu Mar 12 14:52:42 2026
Writing: talsrcimg_g11.4dfp.hdr

Writing: talsrcimg_g11.4dfp.ifh
including: talsrcimg.4dfp.img.rec in talsrcimg_g11.4dfp.img.rec

---------------------------------------------------------------------
imgreg_4dfp /opt/freesurfer/average/711-2C_as_mni_average_305 none talsrcimg_g11 none talsrcimg_to_711-2C_as_mni_average_305_t4 4355
---------------------------------------------------------------------

freesurfer imgreg_4dfp.c
/opt/freesurfer/average/711-2C_as_mni_average_305.4dfp.img
       256       256       256         1
  1.000000  1.000000  1.000000
orientation T byte_order littleendian
Reading image: /opt/freesurfer/average/711-2C_as_mni_average_305.4dfp.img
dimensions:      256       256       256
mmppix:       1.0000   -1.0000   -1.0000
center:     128.0000 -129.0000 -129.0000
talsrcimg_g11.4dfp.img
       256       256       256         1
  1.000000  1.000000  1.000000
orientation T byte_order littleendian
Reading image: talsrcimg_g11.4dfp.img
dimensions:      256       256       256
mmppix:       1.0000   -1.0000   -1.0000
center:     128.0000 -129.0000 -129.0000
t4_read: open error in t4_sub.f l:  41 t4_file(1:l)talsrcimg_to_711-2C_as_mni_average_305_t4 
t4_read: transform initialized to I4
rotation matrix determinant  1.000000
image alignment mode   4355 decimal     1103 hex
   -7.5000  -45.0000  -45.0000 7610.6084   19.9586
    0.0000  -45.0000  -45.0000 7933.3120   19.9705
    7.5000  -45.0000  -45.0000 7568.1660   20.0219
   -7.5000  -37.5000  -45.0000 8154.6597   19.8703
    0.0000  -37.5000  -45.0000 8485.6553   19.8867
    7.5000  -37.5000  -45.0000 8090.3369   19.9455
   -7.5000  -30.0000  -45.0000 8922.1992   19.8257
    0.0000  -30.0000  -45.0000 9271.2734   19.8468
    7.5000  -30.0000  -45.0000 8844.9570   19.9027
   -7.5000  -22.5000  -45.0000 9603.5957   19.8839
    0.0000  -22.5000  -45.0000 9978.3848   19.9060
    7.5000  -22.5000  -45.0000 9523.3975   19.9518
   -7.5000  -15.0000  -45.000010183.6602   19.9661
    0.0000  -15.0000  -45.000010592.7363   19.9840
    7.5000  -15.0000  -45.000010086.6104   20.0210
   -7.5000   -7.5000  -45.000010786.7246   19.9959
    0.0000   -7.5000  -45.000011203.1113   20.0082
    7.5000   -7.5000  -45.000010667.9590   20.0480
   -7.5000    0.0000  -45.000011392.7041   19.9586
    0.0000    0.0000  -45.000011830.6416   19.9705
    7.5000    0.0000  -45.000011229.8662   20.0219
   -7.5000    7.5000  -45.000011184.4736   19.8703
    0.0000    7.5000  -45.000011641.7617   19.8867
    7.5000    7.5000  -45.000011010.9170   19.9455
   -7.5000   15.0000  -45.000010814.7744   19.8257
    0.0000   15.0000  -45.000011257.5830   19.8468
    7.5000   15.0000  -45.000010649.4854   19.9027
   -7.5000   22.5000  -45.000010148.3926   19.8811
    0.0000   22.5000  -45.000010577.8486   19.9033
    7.5000   22.5000  -45.0000 9995.1025   19.9490
   -7.5000   30.0000  -45.0000 9294.2070   19.7001
    0.0000   30.0000  -45.0000 9720.6748   19.7177
    7.5000   30.0000  -45.0000 9176.1680   19.7542
   -7.5000   37.5000  -45.0000 8814.0713   19.7295
    0.0000   37.5000  -45.0000 9226.9541   19.7416
    7.5000   37.5000  -45.0000 8723.0889   19.7809
   -7.5000   45.0000  -45.0000 8007.6948   19.1926
    0.0000   45.0000  -45.0000 8359.4443   19.2040
    7.5000   45.0000  -45.0000 7906.6816   19.2534
   -7.5000  -45.0000  -37.5000 8162.7324   19.9788
    0.0000  -45.0000  -37.5000 8510.1279   19.9689
    7.5000  -45.0000  -37.5000 8116.8921   19.9995
   -7.5000  -37.5000  -37.5000 8743.5518   19.8995
    0.0000  -37.5000  -37.5000 9108.8584   19.8955
    7.5000  -37.5000  -37.5000 8688.8809   19.9304
   -7.5000  -30.0000  -37.5000 9539.6768   19.8524
    0.0000  -30.0000  -37.5000 9920.9795   19.8544
    7.5000  -30.0000  -37.5000 9481.0889   19.8903
   -7.5000  -22.5000  -37.500010277.5674   19.8969
    0.0000  -22.5000  -37.500010675.8711   19.8994
    7.5000  -22.5000  -37.500010202.0381   19.9333
   -7.5000  -15.0000  -37.500010903.8428   19.9691
    0.0000  -15.0000  -37.500011355.8496   19.9659
    7.5000  -15.0000  -37.500010796.8232   19.9947
   -7.5000   -7.5000  -37.500011565.4365   20.0036
    0.0000   -7.5000  -37.500012035.5117   19.9940
    7.5000   -7.5000  -37.500011407.1592   20.0205
   -7.5000    0.0000  -37.500012150.5371   19.9788
    0.0000    0.0000  -37.500012637.9307   19.9689
    7.5000    0.0000  -37.500011969.1504   19.9995
   -7.5000    7.5000  -37.500011895.1152   19.8995
    0.0000    7.5000  -37.500012383.8555   19.8955
    7.5000    7.5000  -37.500011714.8545   19.9304
   -7.5000   15.0000  -37.500011443.0752   19.8524
    0.0000   15.0000  -37.500011930.6846   19.8544
    7.5000   15.0000  -37.500011267.2139   19.8903
   -7.5000   22.5000  -37.500010736.6621   19.8942
    0.0000   22.5000  -37.500011191.1289   19.8966
    7.5000   22.5000  -37.500010587.2822   19.9305
   -7.5000   30.0000  -37.5000 9839.6836   19.7030
    0.0000   30.0000  -37.500010280.4570   19.6998
    7.5000   30.0000  -37.5000 9727.9502   19.7282
   -7.5000   37.5000  -37.5000 9262.2822   19.7370
    0.0000   37.5000  -37.5000 9699.9336   19.7276
    7.5000   37.5000  -37.5000 9163.7529   19.7537
   -7.5000   45.0000  -37.5000 8391.2773   19.2120
    0.0000   45.0000  -37.5000 8784.9795   19.2025
    7.5000   45.0000  -37.5000 8277.7236   19.2319
   -7.5000  -45.0000  -30.0000 8893.5547   20.8382
    0.0000  -45.0000  -30.0000 9260.7979   20.8112
    7.5000  -45.0000  -30.0000 8799.6709   20.8218
   -7.5000  -37.5000  -30.0000 9505.7373   20.7680
    0.0000  -37.5000  -30.0000 9893.5801   20.7480
    7.5000  -37.5000  -30.0000 9426.7227   20.7612
   -7.5000  -30.0000  -30.000010348.1904   20.7234
    0.0000  -30.0000  -30.000010778.3145   20.7073
    7.5000  -30.0000  -30.000010267.0273   20.7238
   -7.5000  -22.5000  -30.000011148.6699   20.7617
    0.0000  -22.5000  -30.000011575.3936   20.7423
    7.5000  -22.5000  -30.000011029.1055   20.7606
   -7.5000  -15.0000  -30.000011878.7051   20.8250
    0.0000  -15.0000  -30.000012349.2217   20.7986
    7.5000  -15.0000  -30.000011673.2373   20.8138
   -7.5000   -7.5000  -30.000012588.0186   20.8566
    0.0000   -7.5000  -30.000013084.6865   20.8268
    7.5000   -7.5000  -30.000012318.9453   20.8374
   -7.5000    0.0000  -30.000013128.5674   20.8382
    0.0000    0.0000  -30.000013657.9961   20.8112
    7.5000    0.0000  -30.000012903.3662   20.8218
   -7.5000    7.5000  -30.000012784.7490   20.7680
    0.0000    7.5000  -30.000013323.2607   20.7480
    7.5000    7.5000  -30.000012584.6494   20.7612
   -7.5000   15.0000  -30.000012302.7783   20.7234
    0.0000   15.0000  -30.000012804.4570   20.7073
    7.5000   15.0000  -30.000012117.8496   20.7238
   -7.5000   22.5000  -30.000011570.0361   20.7567
    0.0000   22.5000  -30.000012056.3311   20.7373
    7.5000   22.5000  -30.000011402.9141   20.7556
   -7.5000   30.0000  -30.000010596.6914   20.5495
    0.0000   30.0000  -30.000011063.8115   20.5234
    7.5000   30.0000  -30.000010449.6309   20.5384
   -7.5000   37.5000  -30.0000 9921.6260   20.5807
    0.0000   37.5000  -30.000010366.0332   20.5512
    7.5000   37.5000  -30.0000 9775.0586   20.5617
   -7.5000   45.0000  -30.0000 8933.4072   20.0531
    0.0000   45.0000  -30.0000 9360.7939   20.0272
    7.5000   45.0000  -30.0000 8806.1260   20.0373
   -7.5000  -45.0000  -22.5000 9612.8467   21.5605
    0.0000  -45.0000  -22.500010012.1504   21.5394
    7.5000  -45.0000  -22.5000 9482.6270   21.5513
   -7.5000  -37.5000  -22.500010274.6113   21.4904
    0.0000  -37.5000  -22.500010701.6729   21.4766
    7.5000  -37.5000  -22.500010139.1328   21.4929
   -7.5000  -30.0000  -22.500011199.9932   21.4507
    0.0000  -30.0000  -22.500011647.2871   21.4383
    7.5000  -30.0000  -22.500011046.3467   21.4558
   -7.5000  -22.5000  -22.500012069.3750   21.4963
    0.0000  -22.5000  -22.500012524.7930   21.4771
    7.5000  -22.5000  -22.500011837.3984   21.4913
   -7.5000  -15.0000  -22.500012891.4375   21.5606
    0.0000  -15.0000  -22.500013396.3682   21.5339
    7.5000  -15.0000  -22.500012510.9932   21.5428
   -7.5000   -7.5000  -22.500013575.8887   21.5848
    0.0000   -7.5000  -22.500014115.5605   21.5576
    7.5000   -7.5000  -22.500013214.3066   21.5654
   -7.5000    0.0000  -22.500014151.2578   21.5605
    0.0000    0.0000  -22.500014729.4727   21.5394
    7.5000    0.0000  -22.500013843.4785   21.5513
   -7.5000    7.5000  -22.500013762.1064   21.4904
    0.0000    7.5000  -22.500014336.4102   21.4766
    7.5000    7.5000  -22.500013487.8184   21.4929
   -7.5000   15.0000  -22.500013226.5322   21.4507
    0.0000   15.0000  -22.500013761.6787   21.4383
    7.5000   15.0000  -22.500012965.7715   21.4558
   -7.5000   22.5000  -22.500012442.3828   21.4897
    0.0000   22.5000  -22.500012939.5439   21.4705
    7.5000   22.5000  -22.500012175.5605   21.4847
   -7.5000   30.0000  -22.500011402.4424   21.2785
    0.0000   30.0000  -22.500011894.3633   21.2522
    7.5000   30.0000  -22.500011184.5381   21.2610
   -7.5000   37.5000  -22.500010625.6699   21.3024
    0.0000   37.5000  -22.500011111.2939   21.2756
    7.5000   37.5000  -22.500010432.0762   21.2833
   -7.5000   45.0000  -22.5000 9481.0508   20.7638
    0.0000   45.0000  -22.5000 9949.2100   20.7435
    7.5000   45.0000  -22.5000 9336.7148   20.7549
   -7.5000  -45.0000  -15.000010279.8047   22.0652
    0.0000  -45.0000  -15.000010691.4600   22.0659
    7.5000  -45.0000  -15.000010114.9082   22.0999
   -7.5000  -37.5000  -15.000011015.5430   21.9840
    0.0000  -37.5000  -15.000011492.0254   21.9919
    7.5000  -37.5000  -15.000010856.7178   22.0333
   -7.5000  -30.0000  -15.000012045.1074   21.9479
    0.0000  -30.0000  -15.000012525.7930   21.9565
    7.5000  -30.0000  -15.000011825.6885   21.9945
   -7.5000  -22.5000  -15.000013030.2256   22.0111
    0.0000  -22.5000  -15.000013526.2725   22.0126
    7.5000  -22.5000  -15.000012663.4736   22.0381
   -7.5000  -15.0000  -15.000013867.2471   22.0876
    0.0000  -15.0000  -15.000014429.7383   22.0820
    7.5000  -15.0000  -15.000013348.6621   22.0981
   -7.5000   -7.5000  -15.000014529.2393   22.1053
    0.0000   -7.5000  -15.000015108.7998   22.0996
    7.5000   -7.5000  -15.000014103.2012   22.1207
   -7.5000    0.0000  -15.000015091.6631   22.0652
    0.0000    0.0000  -15.000015761.1699   22.0659
    7.5000    0.0000  -15.000014765.5078   22.0999
   -7.5000    7.5000  -15.000014718.2705   21.9840
    0.0000    7.5000  -15.000015325.3633   21.9919
    7.5000    7.5000  -15.000014388.2051   22.0333
   -7.5000   15.0000  -15.000014132.1865   21.9479
    0.0000   15.0000  -15.000014678.6621   21.9565
    7.5000   15.0000  -15.000013779.1924   21.9945
   -7.5000   22.5000  -15.000013247.0000   22.0033
    0.0000   22.5000  -15.000013763.7793   22.0049
    7.5000   22.5000  -15.000012888.5596   22.0303
   -7.5000   30.0000  -15.000012178.9219   21.8018
    0.0000   30.0000  -15.000012693.7920   21.7962
    7.5000   30.0000  -15.000011875.1338   21.8121
   -7.5000   37.5000  -15.000011339.0137   21.8192
    0.0000   37.5000  -15.000011869.9736   21.8136
    7.5000   37.5000  -15.000011092.4258   21.8345
   -7.5000   45.0000  -15.000010066.7969   21.2627
    0.0000   45.0000  -15.000010545.3672   21.2634
    7.5000   45.0000  -15.0000 9898.7412   21.2961
   -7.5000  -45.0000   -7.500010865.5117   22.2955
    0.0000  -45.0000   -7.500011326.3486   22.3136
    7.5000  -45.0000   -7.500010708.7344   22.3701
   -7.5000  -37.5000   -7.500011676.4297   22.2006
    0.0000  -37.5000   -7.500012175.8057   22.2243
    7.5000  -37.5000   -7.500011499.4033   22.2901
   -7.5000  -30.0000   -7.500012961.4668   22.1601
    0.0000  -30.0000   -7.500013453.1260   22.1859
    7.5000  -30.0000   -7.500012665.6621   22.2462
   -7.5000  -22.5000   -7.500014176.0127   22.2332
    0.0000  -22.5000   -7.500014796.8799   22.2558
    7.5000  -22.5000   -7.500013596.5176   22.2998
   -7.5000  -15.0000   -7.500014903.2783   22.3232
    0.0000  -15.0000   -7.500015617.1309   22.3403
    7.5000  -15.0000   -7.500014302.9834   22.3729
   -7.5000   -7.5000   -7.500015415.8643   22.3447
    0.0000   -7.5000   -7.500016136.0967   22.3595
    7.5000   -7.5000   -7.500015008.2900   22.3991
   -7.5000    0.0000   -7.500016031.4961   22.2955
    0.0000    0.0000   -7.500016751.8633   22.3136
    7.5000    0.0000   -7.500015677.8389   22.3701
   -7.5000    7.5000   -7.500015641.0664   22.2006
    0.0000    7.5000   -7.500016302.4482   22.2243
    7.5000    7.5000   -7.500015257.7637   22.2901
   -7.5000   15.0000   -7.500015010.6807   22.1601
    0.0000   15.0000   -7.500015634.4844   22.1859
    7.5000   15.0000   -7.500014602.1982   22.2462
   -7.5000   22.5000   -7.500014070.8164   22.2229
    0.0000   22.5000   -7.500014649.9023   22.2455
    7.5000   22.5000   -7.500013656.8760   22.2895
   -7.5000   30.0000   -7.500012976.4844   22.0337
    0.0000   30.0000   -7.500013512.0039   22.0506
    7.5000   30.0000   -7.500012609.5928   22.0828
   -7.5000   37.5000   -7.500012120.5742   22.0549
    0.0000   37.5000   -7.500012653.0391   22.0695
    7.5000   37.5000   -7.500011813.9395   22.1086
   -7.5000   45.0000   -7.500010697.9629   21.4887
    0.0000   45.0000   -7.500011194.5449   21.5061
    7.5000   45.0000   -7.500010470.5410   21.5606
   -7.5000  -45.0000    0.000011384.2373   22.3341
    0.0000  -45.0000    0.000011861.1855   22.3475
    7.5000  -45.0000    0.000011184.3535   22.4050
   -7.5000  -37.5000    0.000012278.8457   22.2354
    0.0000  -37.5000    0.000012781.9658   22.2537
    7.5000  -37.5000    0.000012032.6875   22.3195
   -7.5000  -30.0000    0.000013889.3965   22.1855
    0.0000  -30.0000    0.000014530.1992   22.2090
    7.5000  -30.0000    0.000013337.5439   22.2717
   -7.5000  -22.5000    0.000015389.3887   22.2505
    0.0000  -22.5000    0.000016271.0869   22.2754
    7.5000  -22.5000    0.000014453.5518   22.3265
   -7.5000  -15.0000    0.000015927.2324   22.3426
    0.0000  -15.0000    0.000016739.7090   22.3626
    7.5000  -15.0000    0.000015163.8252   22.4040
   -7.5000   -7.5000    0.000016390.6758   22.3760
    0.0000   -7.5000    0.000017090.2207   22.3897
    7.5000   -7.5000    0.000015869.1621   22.4343
   -7.5000    0.0000    0.000017036.2129   22.3341
    0.0000    0.0000    0.000017720.5684   22.3475
    7.5000    0.0000    0.000016541.5586   22.4050
   -7.5000    7.5000    0.000016609.9863   22.2354
    0.0000    7.5000    0.000017298.3457   22.2537
    7.5000    7.5000    0.000016090.0332   22.3195
   -7.5000   15.0000    0.000015919.6650   22.1855
    0.0000   15.0000    0.000016573.5020   22.2090
    7.5000   15.0000    0.000015369.8594   22.2717
   -7.5000   22.5000    0.000014874.9482   22.2403
    0.0000   22.5000    0.000015489.9766   22.2651
    7.5000   22.5000    0.000014347.5596   22.3162
   -7.5000   30.0000    0.000013698.5947   22.0535
    0.0000   30.0000    0.000014253.6514   22.0732
    7.5000   30.0000    0.000013182.4258   22.1141
   -7.5000   37.5000    0.000012800.4375   22.0864
    0.0000   37.5000    0.000013333.6582   22.1000
    7.5000   37.5000    0.000012339.6055   22.1439
   -7.5000   45.0000    0.000011289.6826   21.5275
    0.0000   45.0000    0.000011767.5703   21.5404
    7.5000   45.0000    0.000010936.1992   21.5958
   -7.5000  -45.0000    7.500011027.6914   22.3568
    0.0000  -45.0000    7.500011492.8760   22.3458
    7.5000  -45.0000    7.500010838.8857   22.3800
   -7.5000  -37.5000    7.500011878.7715   22.2681
    0.0000  -37.5000    7.500012404.1455   22.2636
    7.5000  -37.5000    7.500011660.6523   22.3027
   -7.5000  -30.0000    7.500013291.4814   22.2154
    0.0000  -30.0000    7.500014021.6309   22.2176
    7.5000  -30.0000    7.500012836.0908   22.2578
   -7.5000  -22.5000    7.500014663.8154   22.2652
    0.0000  -22.5000    7.500015514.6738   22.2679
    7.5000  -22.5000    7.500013827.0361   22.3059
   -7.5000  -15.0000    7.500015416.6240   22.3459
    0.0000  -15.0000    7.500016136.1172   22.3424
    7.5000  -15.0000    7.500014634.9307   22.3746
   -7.5000   -7.5000    7.500016081.1152   22.3845
    0.0000   -7.5000    7.500016717.3848   22.3738
    7.5000   -7.5000    7.500015378.5801   22.4035
   -7.5000    0.0000    7.500016766.9180   22.3568
    0.0000    0.0000    7.500017431.2129   22.3458
    7.5000    0.0000    7.500016044.2402   22.3800
   -7.5000    7.5000    7.500016270.6094   22.2681
    0.0000    7.5000    7.500016937.0898   22.2636
    7.5000    7.5000    7.500015606.8164   22.3027
   -7.5000   15.0000    7.500015476.9785   22.2154
    0.0000   15.0000    7.500016082.9775   22.2176
    7.5000   15.0000    7.500014863.8350   22.2578
   -7.5000   22.5000    7.500014425.9756   22.2549
    0.0000   22.5000    7.500015003.4287   22.2577
    7.5000   22.5000    7.500013852.8545   22.2956
   -7.5000   30.0000    7.500013299.3418   22.0567
    0.0000   30.0000    7.500013805.5312   22.0532
    7.5000   30.0000    7.500012731.3447   22.0850
   -7.5000   37.5000    7.500012411.0957   22.0948
    0.0000   37.5000    7.500012890.1504   22.0843
    7.5000   37.5000    7.500011914.0176   22.1135
   -7.5000   45.0000    7.500010947.2412   21.5494
    0.0000   45.0000    7.500011385.5322   21.5387
    7.5000   45.0000    7.500010513.6611   21.5717
   -7.5000  -45.0000   15.000010499.5586   22.3768
    0.0000  -45.0000   15.000010943.1162   22.3479
    7.5000  -45.0000   15.000010276.0869   22.3592
   -7.5000  -37.5000   15.000011283.9766   22.3014
    0.0000  -37.5000   15.000011811.0615   22.2799
    7.5000  -37.5000   15.000011054.2646   22.2941
   -7.5000  -30.0000   15.000012492.0869   22.2535
    0.0000  -30.0000   15.000013181.3193   22.2363
    7.5000  -30.0000   15.000012126.0811   22.2540
   -7.5000  -22.5000   15.000013604.9707   22.2947
    0.0000  -22.5000   15.000014313.0293   22.2738
    7.5000  -22.5000   15.000013067.9268   22.2934
   -7.5000  -15.0000   15.000014462.8701   22.3627
    0.0000  -15.0000   15.000015107.0078   22.3343
    7.5000  -15.0000   15.000013857.5303   22.3506
   -7.5000   -7.5000   15.000015285.6357   22.3966
    0.0000   -7.5000   15.000015968.4639   22.3646
    7.5000   -7.5000   15.000014638.3828   22.3759
   -7.5000    0.0000   15.000015937.6504   22.3768
    0.0000    0.0000   15.000016653.6934   22.3479
    7.5000    0.0000   15.000015281.7617   22.3592
   -7.5000    7.5000   15.000015444.7686   22.3014
    0.0000    7.5000   15.000016113.9668   22.2799
    7.5000    7.5000   15.000014862.4727   22.2941
   -7.5000   15.0000   15.000014681.4580   22.2535
    0.0000   15.0000   15.000015270.1328   22.2363
    7.5000   15.0000   15.000014148.9717   22.2540
   -7.5000   22.5000   15.000013669.1904   22.2844
    0.0000   22.5000   15.000014211.7031   22.2635
    7.5000   22.5000   15.000013141.1875   22.2831
   -7.5000   30.0000   15.000012580.1787   22.0732
    0.0000   30.0000   15.000013055.0596   22.0453
    7.5000   30.0000   15.000012074.0225   22.0613
   -7.5000   37.5000   15.000011738.8545   22.1068
    0.0000   37.5000   15.000012162.7471   22.0751
    7.5000   37.5000   15.000011280.3447   22.0863
   -7.5000   45.0000   15.000010400.6680   21.5686
    0.0000   45.0000   15.000010799.2256   21.5408
    7.5000   45.0000   15.0000 9961.4570   21.5517
   -7.5000  -45.0000   22.5000 9860.3945   22.3852
    0.0000  -45.0000   22.500010192.8125   22.3634
    7.5000  -45.0000   22.5000 9670.4473   22.3758
   -7.5000  -37.5000   22.500010545.4141   22.3125
    0.0000  -37.5000   22.500010966.6465   22.2983
    7.5000  -37.5000   22.500010360.1816   22.3152
   -7.5000  -30.0000   22.500011592.0957   22.2713
    0.0000  -30.0000   22.500012061.0938   22.2584
    7.5000  -30.0000   22.500011323.0498   22.2767
   -7.5000  -22.5000   22.500012471.0488   22.3186
    0.0000  -22.5000   22.500012900.8525   22.2987
    7.5000  -22.5000   22.500012168.4463   22.3135
   -7.5000  -15.0000   22.500013230.1738   22.3854
    0.0000  -15.0000   22.500013708.2129   22.3577
    7.5000  -15.0000   22.500012911.9473   22.3670
   -7.5000   -7.5000   22.500014023.4746   22.4105
    0.0000   -7.5000   22.500014565.5381   22.3823
    7.5000   -7.5000   22.500013662.3945   22.3905
   -7.5000    0.0000   22.500014713.6084   22.3852
    0.0000    0.0000   22.500015315.0020   22.3634
    7.5000    0.0000   22.500014348.8838   22.3758
   -7.5000    7.5000   22.500014343.1064   22.3125
    0.0000    7.5000   22.500014904.9023   22.2983
    7.5000    7.5000   22.500013972.1328   22.3152
   -7.5000   15.0000   22.500013680.5068   22.2713
    0.0000   15.0000   22.500014185.3164   22.2584
    7.5000   15.0000   22.500013262.7920   22.2767
   -7.5000   22.5000   22.500012738.6650   22.3083
    0.0000   22.5000   22.500013198.4551   22.2884
    7.5000   22.5000   22.500012283.0430   22.3032
   -7.5000   30.0000   22.500011668.3887   22.0957
    0.0000   30.0000   22.500012090.5166   22.0684
    7.5000   30.0000   22.500011253.0918   22.0776
   -7.5000   37.5000   22.500010868.6680   22.1205
    0.0000   37.5000   22.500011271.5654   22.0927
    7.5000   37.5000   22.500010528.4346   22.1007
   -7.5000   45.0000   22.5000 9665.2109   21.5768
    0.0000   45.0000   22.500010023.0186   21.5558
    7.5000   45.0000   22.5000 9354.8799   21.5677
   -7.5000  -45.0000   30.0000 9060.0381   22.5284
    0.0000  -45.0000   30.0000 9378.8047   22.5300
    7.5000  -45.0000   30.0000 8993.1221   22.5651
   -7.5000  -37.5000   30.0000 9666.7822   22.4449
    0.0000  -37.5000   30.000010035.8477   22.4539
    7.5000  -37.5000   30.0000 9600.6875   22.4966
   -7.5000  -30.0000   30.000010581.2617   22.4078
    0.0000  -30.0000   30.000010943.4014   22.4174
    7.5000  -30.0000   30.000010436.3594   22.4566
   -7.5000  -22.5000   30.000011326.5078   22.4728
    0.0000  -22.5000   30.000011694.5889   22.4751
    7.5000  -22.5000   30.000011189.8174   22.5014
   -7.5000  -15.0000   30.000012002.8369   22.5515
    0.0000  -15.0000   30.000012420.6465   22.5463
    7.5000  -15.0000   30.000011867.4287   22.5631
   -7.5000   -7.5000   30.000012741.1250   22.5697
    0.0000   -7.5000   30.000013222.0850   22.5645
    7.5000   -7.5000   30.000012565.1396   22.5865
   -7.5000    0.0000   30.000013388.8770   22.5284
    0.0000    0.0000   30.000013918.8643   22.5300
    7.5000    0.0000   30.000013216.8867   22.5651
   -7.5000    7.5000   30.000013115.5371   22.4449
    0.0000    7.5000   30.000013596.1094   22.4539
    7.5000    7.5000   30.000012918.4580   22.4966
   -7.5000   15.0000   30.000012537.0645   22.4078
    0.0000   15.0000   30.000012992.0498   22.4174
    7.5000   15.0000   30.000012286.9951   22.4566
   -7.5000   22.5000   30.000011670.7090   22.4624
    0.0000   22.5000   30.000012085.6416   22.4647
    7.5000   22.5000   30.000011395.2363   22.4910
   -7.5000   30.0000   30.000010688.8906   22.2597
    0.0000   30.0000   30.000011044.7363   22.2545
    7.5000   30.0000   30.000010420.7422   22.2711
   -7.5000   37.5000   30.0000 9923.5654   22.2776
    0.0000   37.5000   30.000010286.4873   22.2725
    7.5000   37.5000   30.0000 9716.8818   22.2942
   -7.5000   45.0000   30.0000 8838.2900   21.7148
    0.0000   45.0000   30.0000 9161.6289   21.7163
    7.5000   45.0000   30.0000 8656.7881   21.7502
   -7.5000  -45.0000   37.5000 8704.8115   22.9269
    0.0000  -45.0000   37.5000 9026.0518   22.9457
    7.5000  -45.0000   37.5000 8669.8164   23.0057
   -7.5000  -37.5000   37.5000 9282.2178   22.8294
    0.0000  -37.5000   37.5000 9619.6680   22.8542
    7.5000  -37.5000   37.5000 9229.2217   22.9236
   -7.5000  -30.0000   37.500010093.3027   22.7879
    0.0000  -30.0000   37.500010424.8125   22.8151
    7.5000  -30.0000   37.5000 9999.3486   22.8784
   -7.5000  -22.5000   37.500010800.9609   22.8634
    0.0000  -22.5000   37.500011131.7676   22.8873
    7.5000  -22.5000   37.500010719.8564   22.9334
   -7.5000  -15.0000   37.500011417.0000   22.9559
    0.0000  -15.0000   37.500011813.0928   22.9738
    7.5000  -15.0000   37.500011360.0508   23.0082
   -7.5000   -7.5000   37.500012091.9922   22.9776
    0.0000   -7.5000   37.500012543.1221   22.9928
    7.5000   -7.5000   37.500012006.3105   23.0350
   -7.5000    0.0000   37.500012728.5820   22.9269
    0.0000    0.0000   37.500013208.2559   22.9457
    7.5000    0.0000   37.500012642.1396   23.0057
   -7.5000    7.5000   37.500012462.3984   22.8294
    0.0000    7.5000   37.500012927.7295   22.8542
    7.5000    7.5000   37.500012335.5674   22.9236
   -7.5000   15.0000   37.500011915.5928   22.7879
    0.0000   15.0000   37.500012380.9971   22.8151
    7.5000   15.0000   37.500011714.5752   22.8784
   -7.5000   22.5000   37.500011083.2822   22.8529
    0.0000   22.5000   37.500011504.7207   22.8768
    7.5000   22.5000   37.500010866.2197   22.9228
   -7.5000   30.0000   37.500010145.4990   22.6588
    0.0000   30.0000   37.500010520.1299   22.6765
    7.5000   30.0000   37.5000 9926.4258   22.7105
   -7.5000   37.5000   37.5000 9466.2588   22.6802
    0.0000   37.5000   37.5000 9828.7109   22.6953
    7.5000   37.5000   37.5000 9283.4004   22.7369
   -7.5000   45.0000   37.5000 8395.2744   22.0989
    0.0000   45.0000   37.5000 8707.2373   22.1170
    7.5000   45.0000   37.5000 8245.7334   22.1748
   -7.5000  -45.0000   45.0000 8031.9204   23.4689
    0.0000  -45.0000   45.0000 8356.8389   23.4788
    7.5000  -45.0000   45.0000 7986.7290   23.5417
   -7.5000  -37.5000   45.0000 8544.3848   23.3608
    0.0000  -37.5000   45.0000 8882.5205   23.3763
    7.5000  -37.5000   45.0000 8495.7598   23.4475
   -7.5000  -30.0000   45.0000 9248.8252   23.3043
    0.0000  -30.0000   45.0000 9596.2236   23.3265
    7.5000  -30.0000   45.0000 9195.4619   23.3943
   -7.5000  -22.5000   45.0000 9893.7314   23.3730
    0.0000  -22.5000   45.000010240.9668   23.3977
    7.5000  -22.5000   45.0000 9830.0010   23.4539
   -7.5000  -15.0000   45.000010439.0625   23.4733
    0.0000  -15.0000   45.000010818.7500   23.4928
    7.5000  -15.0000   45.000010373.8164   23.5390
   -7.5000   -7.5000   45.000011010.5156   23.5124
    0.0000   -7.5000   45.000011438.1787   23.5238
    7.5000   -7.5000   45.000010959.1289   23.5731
   -7.5000    0.0000   45.000011581.3877   23.4689
    0.0000    0.0000   45.000012029.7617   23.4788
    7.5000    0.0000   45.000011524.8154   23.5417
   -7.5000    7.5000   45.000011333.0059   23.3608
    0.0000    7.5000   45.000011781.0752   23.3763
    7.5000    7.5000   45.000011241.9746   23.4475
   -7.5000   15.0000   45.000010838.4160   23.3043
    0.0000   15.0000   45.000011269.9092   23.3265
    7.5000   15.0000   45.000010724.7344   23.3943
   -7.5000   22.5000   45.000010055.9375   23.3622
    0.0000   22.5000   45.000010455.7764   23.3868
    7.5000   22.5000   45.0000 9931.5732   23.4430
   -7.5000   30.0000   45.0000 9190.3232   23.1675
    0.0000   30.0000   45.0000 9556.5410   23.1868
    7.5000   30.0000   45.0000 9067.0342   23.2323
   -7.5000   37.5000   45.0000 8603.3584   23.2060
    0.0000   37.5000   45.0000 8943.7900   23.2174
    7.5000   37.5000   45.0000 8474.4248   23.2660
   -7.5000   45.0000   45.0000 7642.1196   22.6316
    0.0000   45.0000   45.0000 7938.4717   22.6411
    7.5000   45.0000   45.0000 7521.1045   22.7017

---------------------------------------------------------------------
imgreg_4dfp /opt/freesurfer/average/711-2C_as_mni_average_305 /opt/freesurfer/average/711-2B_as_mni_average_305_mask talsrcimg_g11 none talsrcimg_to_711-2C_as_mni_average_305_t4 4355
---------------------------------------------------------------------

freesurfer imgreg_4dfp.c
/opt/freesurfer/average/711-2C_as_mni_average_305.4dfp.img
       256       256       256         1
  1.000000  1.000000  1.000000
orientation T byte_order littleendian
Reading image: /opt/freesurfer/average/711-2C_as_mni_average_305.4dfp.img
dimensions:      256       256       256
mmppix:       1.0000   -1.0000   -1.0000
center:     128.0000 -129.0000 -129.0000
/opt/freesurfer/average/711-2B_as_mni_average_305_mask.4dfp.img
       256       256       256         1
  1.000000  1.000000  1.000000
orientation T byte_order littleendian
Reading mask: /opt/freesurfer/average/711-2B_as_mni_average_305_mask.4dfp.img (2306576 pixels)
talsrcimg_g11.4dfp.img
       256       256       256         1
  1.000000  1.000000  1.000000
orientation T byte_order littleendian
Reading image: talsrcimg_g11.4dfp.img
dimensions:      256       256       256
mmppix:       1.0000   -1.0000   -1.0000
center:     128.0000 -129.0000 -129.0000
rotation matrix determinant  1.000000
image alignment mode   4355 decimal     1103 hex
   -7.5000  -45.0000  -45.0000 2154.8481   24.0907
    0.0000  -45.0000  -45.0000 2164.3958   24.2231
    7.5000  -45.0000  -45.0000 2139.2463   24.4009
   -7.5000  -37.5000  -45.0000 2243.0242   22.1179
    0.0000  -37.5000  -45.0000 2251.1118   22.2189
    7.5000  -37.5000  -45.0000 2224.0767   22.3505
   -7.5000  -30.0000  -45.0000 2300.5869   20.6271
    0.0000  -30.0000  -45.0000 2306.4570   20.7051
    7.5000  -30.0000  -45.0000 2277.5410   20.8670
   -7.5000  -22.5000  -45.0000 2330.6917   19.6221
    0.0000  -22.5000  -45.0000 2336.9697   19.6848
    7.5000  -22.5000  -45.0000 2307.5137   19.8604
   -7.5000  -15.0000  -45.0000 2339.3079   19.0165
    0.0000  -15.0000  -45.0000 2346.4216   19.0651
    7.5000  -15.0000  -45.0000 2324.7683   19.2857
   -7.5000   -7.5000  -45.0000 2344.7241   18.7972
    0.0000   -7.5000  -45.0000 2351.4587   18.8562
    7.5000   -7.5000  -45.0000 2324.1484   18.9994
   -7.5000    0.0000  -45.0000 2337.0986   18.9662
    0.0000    0.0000  -45.0000 2342.0474   19.0479
    7.5000    0.0000  -45.0000 2315.5781   19.2082
   -7.5000    7.5000  -45.0000 2300.8545   19.5093
    0.0000    7.5000  -45.0000 2312.0959   19.5627
    7.5000    7.5000  -45.0000 2283.0129   19.7346
   -7.5000   15.0000  -45.0000 2237.7505   20.3421
    0.0000   15.0000  -45.0000 2246.9106   20.3928
    7.5000   15.0000  -45.0000 2222.2058   20.5657
   -7.5000   22.5000  -45.0000 2151.9895   21.7075
    0.0000   22.5000  -45.0000 2158.8850   21.7255
    7.5000   22.5000  -45.0000 2134.2495   22.0039
   -7.5000   30.0000  -45.0000 2043.0869   23.5917
    0.0000   30.0000  -45.0000 2043.7657   23.6133
    7.5000   30.0000  -45.0000 2022.8524   23.9362
   -7.5000   37.5000  -45.0000 1924.4084   26.1800
    0.0000   37.5000  -45.0000 1928.1179   26.1176
    7.5000   37.5000  -45.0000 1914.5695   26.5522
   -7.5000   45.0000  -45.0000 1805.8756   29.4350
    0.0000   45.0000  -45.0000 1809.9091   29.3777
    7.5000   45.0000  -45.0000 1795.9799   29.9913
   -7.5000  -45.0000  -37.5000 2236.2305   22.5058
    0.0000  -45.0000  -37.5000 2244.3599   22.4924
    7.5000  -45.0000  -37.5000 2214.8025   22.5458
   -7.5000  -37.5000  -37.5000 2329.7390   20.5375
    0.0000  -37.5000  -37.5000 2336.8906   20.5309
    7.5000  -37.5000  -37.5000 2306.4663   20.6221
   -7.5000  -30.0000  -37.5000 2389.9680   19.1572
    0.0000  -30.0000  -37.5000 2391.4224   19.1386
    7.5000  -30.0000  -37.5000 2367.2568   19.2668
   -7.5000  -22.5000  -37.5000 2424.1035   18.1576
    0.0000  -22.5000  -37.5000 2429.3945   18.1646
    7.5000  -22.5000  -37.5000 2398.3215   18.3292
   -7.5000  -15.0000  -37.5000 2441.9285   17.5527
    0.0000  -15.0000  -37.5000 2449.6533   17.5499
    7.5000  -15.0000  -37.5000 2418.8401   17.7295
   -7.5000   -7.5000  -37.5000 2457.1101   17.3782
    0.0000   -7.5000  -37.5000 2458.1448   17.3381
    7.5000   -7.5000  -37.5000 2430.1353   17.4853
   -7.5000    0.0000  -37.5000 2444.7637   17.5519
    0.0000    0.0000  -37.5000 2447.9958   17.5626
    7.5000    0.0000  -37.5000 2413.3213   17.6750
   -7.5000    7.5000  -37.5000 2407.7507   18.0312
    0.0000    7.5000  -37.5000 2419.6499   18.0317
    7.5000    7.5000  -37.5000 2379.2539   18.1535
   -7.5000   15.0000  -37.5000 2334.4072   18.7702
    0.0000   15.0000  -37.5000 2344.8911   18.8042
    7.5000   15.0000  -37.5000 2313.1636   18.9741
   -7.5000   22.5000  -37.5000 2249.6184   20.0184
    0.0000   22.5000  -37.5000 2259.8506   20.0955
    7.5000   22.5000  -37.5000 2225.0244   20.2577
   -7.5000   30.0000  -37.5000 2139.6458   21.8308
    0.0000   30.0000  -37.5000 2142.8828   21.8779
    7.5000   30.0000  -37.5000 2112.3596   22.0585
   -7.5000   37.5000  -37.5000 2002.2390   24.2266
    0.0000   37.5000  -37.5000 2011.1176   24.2230
    7.5000   37.5000  -37.5000 1987.9924   24.4658
   -7.5000   45.0000  -37.5000 1874.9165   27.1859
    0.0000   45.0000  -37.5000 1882.8107   27.2567
    7.5000   45.0000  -37.5000 1856.5820   27.6116
   -7.5000  -45.0000  -30.0000 2358.9490   21.8300
    0.0000  -45.0000  -30.0000 2359.3804   21.6878
    7.5000  -45.0000  -30.0000 2324.0027   21.6788
   -7.5000  -37.5000  -30.0000 2453.3574   19.8801
    0.0000  -37.5000  -30.0000 2450.5657   19.7204
    7.5000  -37.5000  -30.0000 2419.9570   19.7812
   -7.5000  -30.0000  -30.0000 2513.7805   18.3988
    0.0000  -30.0000  -30.0000 2512.8018   18.3216
    7.5000  -30.0000  -30.0000 2488.2612   18.4354
   -7.5000  -22.5000  -30.0000 2558.3027   17.4130
    0.0000  -22.5000  -30.0000 2558.1433   17.3532
    7.5000  -22.5000  -30.0000 2530.8721   17.4879
   -7.5000  -15.0000  -30.0000 2584.7903   16.7683
    0.0000  -15.0000  -30.0000 2585.4690   16.7128
    7.5000  -15.0000  -30.0000 2551.7849   16.8302
   -7.5000   -7.5000  -30.0000 2609.1511   16.5930
    0.0000   -7.5000  -30.0000 2601.7839   16.5285
    7.5000   -7.5000  -30.0000 2566.2373   16.6258
   -7.5000    0.0000  -30.0000 2587.5090   16.7897
    0.0000    0.0000  -30.0000 2594.6924   16.7465
    7.5000    0.0000  -30.0000 2553.4441   16.8318
   -7.5000    7.5000  -30.0000 2546.3899   17.1843
    0.0000    7.5000  -30.0000 2557.3396   17.1401
    7.5000    7.5000  -30.0000 2515.0212   17.2927
   -7.5000   15.0000  -30.0000 2472.8562   17.9817
    0.0000   15.0000  -30.0000 2483.9897   17.9423
    7.5000   15.0000  -30.0000 2448.6094   18.1290
   -7.5000   22.5000  -30.0000 2394.2996   19.2257
    0.0000   22.5000  -30.0000 2399.3279   19.2334
    7.5000   22.5000  -30.0000 2360.6335   19.3799
   -7.5000   30.0000  -30.0000 2270.4001   21.0372
    0.0000   30.0000  -30.0000 2276.7178   20.9982
    7.5000   30.0000  -30.0000 2237.5508   21.1839
   -7.5000   37.5000  -30.0000 2121.9272   23.3351
    0.0000   37.5000  -30.0000 2126.3616   23.3010
    7.5000   37.5000  -30.0000 2093.2385   23.5293
   -7.5000   45.0000  -30.0000 1977.9128   26.2556
    0.0000   45.0000  -30.0000 1981.7423   26.2235
    7.5000   45.0000  -30.0000 1953.4573   26.4939
   -7.5000  -45.0000  -22.5000 2438.7578   20.9611
    0.0000  -45.0000  -22.5000 2436.7600   20.8121
    7.5000  -45.0000  -22.5000 2403.4968   20.8985
   -7.5000  -37.5000  -22.5000 2543.5955   19.0388
    0.0000  -37.5000  -22.5000 2543.0759   18.8902
    7.5000  -37.5000  -22.5000 2506.7727   18.9923
   -7.5000  -30.0000  -22.5000 2616.2344   17.5766
    0.0000  -30.0000  -22.5000 2611.1326   17.4552
    7.5000  -30.0000  -22.5000 2579.5410   17.5400
   -7.5000  -22.5000  -22.5000 2663.6765   16.5630
    0.0000  -22.5000  -22.5000 2660.6260   16.4749
    7.5000  -22.5000  -22.5000 2628.6536   16.5891
   -7.5000  -15.0000  -22.5000 2698.5864   15.9058
    0.0000  -15.0000  -22.5000 2700.0200   15.8447
    7.5000  -15.0000  -22.5000 2656.7219   15.9467
   -7.5000   -7.5000  -22.5000 2721.1626   15.6810
    0.0000   -7.5000  -22.5000 2715.8193   15.6200
    7.5000   -7.5000  -22.5000 2680.4109   15.7379
   -7.5000    0.0000  -22.5000 2705.0020   15.8307
    0.0000    0.0000  -22.5000 2706.0154   15.7421
    7.5000    0.0000  -22.5000 2673.6155   15.9186
   -7.5000    7.5000  -22.5000 2665.8354   16.2877
    0.0000    7.5000  -22.5000 2668.0569   16.2004
    7.5000    7.5000  -22.5000 2633.8252   16.4185
   -7.5000   15.0000  -22.5000 2589.1836   17.1224
    0.0000   15.0000  -22.5000 2594.0183   17.0787
    7.5000   15.0000  -22.5000 2560.8765   17.2430
   -7.5000   22.5000  -22.5000 2498.9397   18.3968
    0.0000   22.5000  -22.5000 2499.7717   18.3330
    7.5000   22.5000  -22.5000 2461.7739   18.5022
   -7.5000   30.0000  -22.5000 2369.3699   20.1621
    0.0000   30.0000  -22.5000 2371.4536   20.0819
    7.5000   30.0000  -22.5000 2332.0093   20.2898
   -7.5000   37.5000  -22.5000 2207.4595   22.4291
    0.0000   37.5000  -22.5000 2213.4534   22.3718
    7.5000   37.5000  -22.5000 2170.8188   22.5511
   -7.5000   45.0000  -22.5000 2043.5593   25.1628
    0.0000   45.0000  -22.5000 2051.9998   25.1548
    7.5000   45.0000  -22.5000 2017.8733   25.3093
   -7.5000  -45.0000  -15.0000 2483.4783   20.2314
    0.0000  -45.0000  -15.0000 2484.1421   20.1235
    7.5000  -45.0000  -15.0000 2457.0571   20.2407
   -7.5000  -37.5000  -15.0000 2595.2297   18.3326
    0.0000  -37.5000  -15.0000 2600.4753   18.2318
    7.5000  -37.5000  -15.0000 2570.0718   18.3810
   -7.5000  -30.0000  -15.0000 2678.8965   16.8714
    0.0000  -30.0000  -15.0000 2681.7778   16.7846
    7.5000  -30.0000  -15.0000 2646.2087   16.9193
   -7.5000  -22.5000  -15.0000 2736.8489   15.8314
    0.0000  -22.5000  -15.0000 2735.8828   15.7087
    7.5000  -22.5000  -15.0000 2700.7019   15.8913
   -7.5000  -15.0000  -15.0000 2780.4636   15.1344
    0.0000  -15.0000  -15.0000 2781.0505   15.0618
    7.5000  -15.0000  -15.0000 2728.2317   15.2051
   -7.5000   -7.5000  -15.0000 2795.6204   14.8445
    0.0000   -7.5000  -15.0000 2792.0520   14.7755
    7.5000   -7.5000  -15.0000 2758.6018   14.9817
   -7.5000    0.0000  -15.0000 2782.2715   14.9107
    0.0000    0.0000  -15.0000 2781.5906   14.8369
    7.5000    0.0000  -15.0000 2761.4258   15.0891
   -7.5000    7.5000  -15.0000 2739.7314   15.4249
    0.0000    7.5000  -15.0000 2743.4995   15.3629
    7.5000    7.5000  -15.0000 2721.7847   15.6317
   -7.5000   15.0000  -15.0000 2664.0181   16.3475
    0.0000   15.0000  -15.0000 2662.1614   16.2556
    7.5000   15.0000  -15.0000 2643.6545   16.5190
   -7.5000   22.5000  -15.0000 2559.2141   17.6690
    0.0000   22.5000  -15.0000 2555.4800   17.5684
    7.5000   22.5000  -15.0000 2527.7605   17.8799
   -7.5000   30.0000  -15.0000 2426.0586   19.4564
    0.0000   30.0000  -15.0000 2426.6782   19.3519
    7.5000   30.0000  -15.0000 2388.0256   19.6564
   -7.5000   37.5000  -15.0000 2263.6558   21.6415
    0.0000   37.5000  -15.0000 2271.3149   21.5693
    7.5000   37.5000  -15.0000 2229.9509   21.8558
   -7.5000   45.0000  -15.0000 2088.9521   24.2930
    0.0000   45.0000  -15.0000 2093.4551   24.3092
    7.5000   45.0000  -15.0000 2069.5996   24.5351
   -7.5000  -45.0000   -7.5000 2505.3433   19.6531
    0.0000  -45.0000   -7.5000 2515.9890   19.5635
    7.5000  -45.0000   -7.5000 2484.9795   19.7152
   -7.5000  -37.5000   -7.5000 2622.0310   17.7905
    0.0000  -37.5000   -7.5000 2635.1050   17.7038
    7.5000  -37.5000   -7.5000 2603.1199   17.8733
   -7.5000  -30.0000   -7.5000 2721.5623   16.4495
    0.0000  -30.0000   -7.5000 2732.5049   16.3253
    7.5000  -30.0000   -7.5000 2694.2065   16.4722
   -7.5000  -22.5000   -7.5000 2799.5864   15.3975
    0.0000  -22.5000   -7.5000 2805.8904   15.2445
    7.5000  -22.5000   -7.5000 2753.9976   15.4034
   -7.5000  -15.0000   -7.5000 2834.2627   14.5488
    0.0000  -15.0000   -7.5000 2844.5627   14.4388
    7.5000  -15.0000   -7.5000 2782.4524   14.6508
   -7.5000   -7.5000   -7.5000 2840.1985   14.0914
    0.0000   -7.5000   -7.5000 2840.6641   14.0354
    7.5000   -7.5000   -7.5000 2816.0024   14.3927
   -7.5000    0.0000   -7.5000 2818.1443   14.1411
    0.0000    0.0000   -7.5000 2829.3420   14.1008
    7.5000    0.0000   -7.5000 2808.8245   14.4682
   -7.5000    7.5000   -7.5000 2786.1248   14.7153
    0.0000    7.5000   -7.5000 2788.7136   14.6102
    7.5000    7.5000   -7.5000 2774.8171   15.0392
   -7.5000   15.0000   -7.5000 2700.5830   15.6973
    0.0000   15.0000   -7.5000 2706.0847   15.6233
    7.5000   15.0000   -7.5000 2690.9978   16.0330
   -7.5000   22.5000   -7.5000 2592.9929   17.1154
    0.0000   22.5000   -7.5000 2597.0374   17.0242
    7.5000   22.5000   -7.5000 2574.8914   17.4537
   -7.5000   30.0000   -7.5000 2457.4417   18.8871
    0.0000   30.0000   -7.5000 2460.0237   18.8014
    7.5000   30.0000   -7.5000 2434.7354   19.2302
   -7.5000   37.5000   -7.5000 2297.1396   21.0103
    0.0000   37.5000   -7.5000 2307.1167   21.0088
    7.5000   37.5000   -7.5000 2274.8506   21.3900
   -7.5000   45.0000   -7.5000 2111.4507   23.6276
    0.0000   45.0000   -7.5000 2122.9043   23.6368
    7.5000   45.0000   -7.5000 2101.9570   23.9999
   -7.5000  -45.0000    0.0000 2515.5259   19.3972
    0.0000  -45.0000    0.0000 2517.8215   19.1804
    7.5000  -45.0000    0.0000 2488.4500   19.3940
   -7.5000  -37.5000    0.0000 2633.0979   17.5519
    0.0000  -37.5000    0.0000 2637.3945   17.3634
    7.5000  -37.5000    0.0000 2605.2483   17.5369
   -7.5000  -30.0000    0.0000 2736.9385   16.2307
    0.0000  -30.0000    0.0000 2740.9067   16.0364
    7.5000  -30.0000    0.0000 2704.8818   16.1513
   -7.5000  -22.5000    0.0000 2838.8506   15.3926
    0.0000  -22.5000    0.0000 2846.0247   15.1981
    7.5000  -22.5000    0.0000 2779.8938   15.1179
   -7.5000  -15.0000    0.0000 2870.2473   14.3166
    0.0000  -15.0000    0.0000 2887.7310   14.2295
    7.5000  -15.0000    0.0000 2806.4321   14.3394
   -7.5000   -7.5000    0.0000 2856.1882   13.6340
    0.0000   -7.5000    0.0000 2857.8457   13.5587
    7.5000   -7.5000    0.0000 2829.0105   14.0456
   -7.5000    0.0000    0.0000 2841.2249   13.8507
    0.0000    0.0000    0.0000 2834.1379   13.6682
    7.5000    0.0000    0.0000 2826.9414   14.2011
   -7.5000    7.5000    0.0000 2802.0178   14.4509
    0.0000    7.5000    0.0000 2803.6709   14.3265
    7.5000    7.5000    0.0000 2787.7773   14.7415
   -7.5000   15.0000    0.0000 2721.9802   15.4677
    0.0000   15.0000    0.0000 2726.3315   15.3397
    7.5000   15.0000    0.0000 2709.1140   15.7352
   -7.5000   22.5000    0.0000 2612.7224   16.8830
    0.0000   22.5000    0.0000 2609.4536   16.7586
    7.5000   22.5000    0.0000 2592.3411   17.1018
   -7.5000   30.0000    0.0000 2473.2327   18.6910
    0.0000   30.0000    0.0000 2468.5706   18.5621
    7.5000   30.0000    0.0000 2444.3684   18.8782
   -7.5000   37.5000    0.0000 2310.4072   20.8679
    0.0000   37.5000    0.0000 2312.6777   20.7160
    7.5000   37.5000    0.0000 2287.1938   21.0848
   -7.5000   45.0000    0.0000 2125.7654   23.4301
    0.0000   45.0000    0.0000 2130.0117   23.3532
    7.5000   45.0000    0.0000 2120.1360   23.7086
   -7.5000  -45.0000    7.5000 2506.9250   19.2915
    0.0000  -45.0000    7.5000 2510.6855   19.1459
    7.5000  -45.0000    7.5000 2485.5039   19.3790
   -7.5000  -37.5000    7.5000 2628.5627   17.4190
    0.0000  -37.5000    7.5000 2629.6763   17.2978
    7.5000  -37.5000    7.5000 2605.6221   17.5006
   -7.5000  -30.0000    7.5000 2732.6592   16.0679
    0.0000  -30.0000    7.5000 2732.9211   15.9718
    7.5000  -30.0000    7.5000 2706.8555   16.0849
   -7.5000  -22.5000    7.5000 2823.2961   15.1751
    0.0000  -22.5000    7.5000 2831.3274   15.1215
    7.5000  -22.5000    7.5000 2777.3782   14.9979
   -7.5000  -15.0000    7.5000 2858.3833   14.2766
    0.0000  -15.0000    7.5000 2876.8296   14.2215
    7.5000  -15.0000    7.5000 2800.8748   14.2991
   -7.5000   -7.5000    7.5000 2864.3218   13.8108
    0.0000   -7.5000    7.5000 2850.3083   13.6537
    7.5000   -7.5000    7.5000 2828.0610   14.0780
   -7.5000    0.0000    7.5000 2842.9141   13.9643
    0.0000    0.0000    7.5000 2838.9116   13.8371
    7.5000    0.0000    7.5000 2814.1934   14.2155
   -7.5000    7.5000    7.5000 2803.1685   14.5258
    0.0000    7.5000    7.5000 2801.8994   14.4106
    7.5000    7.5000    7.5000 2782.0940   14.7344
   -7.5000   15.0000    7.5000 2718.3621   15.5211
    0.0000   15.0000    7.5000 2713.6013   15.3741
    7.5000   15.0000    7.5000 2699.0046   15.6562
   -7.5000   22.5000    7.5000 2611.1897   16.8939
    0.0000   22.5000    7.5000 2606.5461   16.7209
    7.5000   22.5000    7.5000 2583.2585   17.0035
   -7.5000   30.0000    7.5000 2480.0852   18.6943
    0.0000   30.0000    7.5000 2474.6711   18.5380
    7.5000   30.0000    7.5000 2440.4639   18.7826
   -7.5000   37.5000    7.5000 2312.4351   20.8974
    0.0000   37.5000    7.5000 2312.7993   20.7953
    7.5000   37.5000    7.5000 2285.6213   21.0042
   -7.5000   45.0000    7.5000 2121.5764   23.4679
    0.0000   45.0000    7.5000 2132.0879   23.4489
    7.5000   45.0000    7.5000 2104.6226   23.6236
   -7.5000  -45.0000   15.0000 2493.0952   19.5640
    0.0000  -45.0000   15.0000 2495.1182   19.4207
    7.5000  -45.0000   15.0000 2472.8374   19.6692
   -7.5000  -37.5000   15.0000 2612.9387   17.7486
    0.0000  -37.5000   15.0000 2614.5042   17.6775
    7.5000  -37.5000   15.0000 2590.5134   17.8415
   -7.5000  -30.0000   15.0000 2715.9282   16.4003
    0.0000  -30.0000   15.0000 2718.6497   16.4196
    7.5000  -30.0000   15.0000 2688.9868   16.4560
   -7.5000  -22.5000   15.0000 2786.1130   15.3579
    0.0000  -22.5000   15.0000 2798.1147   15.4033
    7.5000  -22.5000   15.0000 2754.6414   15.3600
   -7.5000  -15.0000   15.0000 2834.6406   14.5794
    0.0000  -15.0000   15.0000 2821.2783   14.4560
    7.5000  -15.0000   15.0000 2784.3901   14.7032
   -7.5000   -7.5000   15.0000 2854.7039   14.3774
    0.0000   -7.5000   15.0000 2847.1506   14.2889
    7.5000   -7.5000   15.0000 2801.7158   14.4810
   -7.5000    0.0000   15.0000 2825.7480   14.5354
    0.0000    0.0000   15.0000 2830.4248   14.4641
    7.5000    0.0000   15.0000 2789.3992   14.6584
   -7.5000    7.5000   15.0000 2771.5344   15.0662
    0.0000    7.5000   15.0000 2781.0679   15.0068
    7.5000    7.5000   15.0000 2749.4290   15.1696
   -7.5000   15.0000   15.0000 2682.6650   15.9449
    0.0000   15.0000   15.0000 2680.9846   15.8630
    7.5000   15.0000   15.0000 2666.4644   16.0572
   -7.5000   22.5000   15.0000 2583.7112   17.1999
    0.0000   22.5000   15.0000 2577.8799   17.0658
    7.5000   22.5000   15.0000 2554.5771   17.2969
   -7.5000   30.0000   15.0000 2449.3711   18.8756
    0.0000   30.0000   15.0000 2445.8184   18.7287
    7.5000   30.0000   15.0000 2415.0532   18.9801
   -7.5000   37.5000   15.0000 2275.5247   21.0381
    0.0000   37.5000   15.0000 2275.8604   20.9526
    7.5000   37.5000   15.0000 2255.2900   21.1315
   -7.5000   45.0000   15.0000 2102.9106   23.7410
    0.0000   45.0000   15.0000 2113.3413   23.6655
    7.5000   45.0000   15.0000 2079.5779   23.8610
   -7.5000  -45.0000   22.5000 2481.8325   20.2540
    0.0000  -45.0000   22.5000 2474.0410   20.0407
    7.5000  -45.0000   22.5000 2455.9880   20.4530
   -7.5000  -37.5000   22.5000 2593.4473   18.4283
    0.0000  -37.5000   22.5000 2590.7144   18.2838
    7.5000  -37.5000   22.5000 2572.1506   18.5879
   -7.5000  -30.0000   22.5000 2687.6558   16.9832
    0.0000  -30.0000   22.5000 2687.2590   16.9155
    7.5000  -30.0000   22.5000 2662.2551   17.0829
   -7.5000  -22.5000   22.5000 2751.6750   15.8237
    0.0000  -22.5000   22.5000 2733.8445   15.6349
    7.5000  -22.5000   22.5000 2730.5598   16.0323
   -7.5000  -15.0000   22.5000 2792.5300   15.0982
    0.0000  -15.0000   22.5000 2783.4749   14.9824
    7.5000  -15.0000   22.5000 2756.6267   15.3222
   -7.5000   -7.5000   22.5000 2816.9299   14.9967
    0.0000   -7.5000   22.5000 2807.9099   14.9037
    7.5000   -7.5000   22.5000 2777.9636   15.1506
   -7.5000    0.0000   22.5000 2787.4795   15.2468
    0.0000    0.0000   22.5000 2790.8262   15.1298
    7.5000    0.0000   22.5000 2757.2285   15.3299
   -7.5000    7.5000   22.5000 2732.1306   15.7963
    0.0000    7.5000   22.5000 2734.0112   15.6899
    7.5000    7.5000   22.5000 2708.7744   15.8703
   -7.5000   15.0000   22.5000 2643.7478   16.6985
    0.0000   15.0000   22.5000 2643.6150   16.6178
    7.5000   15.0000   22.5000 2614.8706   16.7584
   -7.5000   22.5000   22.5000 2540.6106   17.9088
    0.0000   22.5000   22.5000 2534.7964   17.8038
    7.5000   22.5000   22.5000 2505.3325   17.9365
   -7.5000   30.0000   22.5000 2399.5447   19.4975
    0.0000   30.0000   22.5000 2399.1360   19.3628
    7.5000   30.0000   22.5000 2369.5662   19.5108
   -7.5000   37.5000   22.5000 2231.9946   21.6260
    0.0000   37.5000   22.5000 2234.5481   21.4755
    7.5000   37.5000   22.5000 2214.9768   21.6352
   -7.5000   45.0000   22.5000 2074.9187   24.1985
    0.0000   45.0000   22.5000 2085.5198   24.1707
    7.5000   45.0000   22.5000 2056.4377   24.3608
   -7.5000  -45.0000   30.0000 2444.2285   20.9522
    0.0000  -45.0000   30.0000 2433.1367   20.6066
    7.5000  -45.0000   30.0000 2425.1575   21.2115
   -7.5000  -37.5000   30.0000 2547.1399   19.0166
    0.0000  -37.5000   30.0000 2543.6912   18.7868
    7.5000  -37.5000   30.0000 2529.5823   19.2826
   -7.5000  -30.0000   30.0000 2640.5815   17.5476
    0.0000  -30.0000   30.0000 2624.6052   17.3282
    7.5000  -30.0000   30.0000 2616.7568   17.7902
   -7.5000  -22.5000   30.0000 2698.8730   16.4264
    0.0000  -22.5000   30.0000 2683.8691   16.1973
    7.5000  -22.5000   30.0000 2672.6743   16.7267
   -7.5000  -15.0000   30.0000 2736.2710   15.7429
    0.0000  -15.0000   30.0000 2726.6729   15.6612
    7.5000  -15.0000   30.0000 2707.2424   16.0769
   -7.5000   -7.5000   30.0000 2751.4795   15.7128
    0.0000   -7.5000   30.0000 2744.5896   15.5875
    7.5000   -7.5000   30.0000 2719.7290   15.9647
   -7.5000    0.0000   30.0000 2720.1921   16.0246
    0.0000    0.0000   30.0000 2721.7988   15.8813
    7.5000    0.0000   30.0000 2701.0183   16.1341
   -7.5000    7.5000   30.0000 2667.5930   16.6035
    0.0000    7.5000   30.0000 2661.8569   16.4637
    7.5000    7.5000   30.0000 2651.0813   16.6890
   -7.5000   15.0000   30.0000 2581.1445   17.4919
    0.0000   15.0000   30.0000 2579.0852   17.3639
    7.5000   15.0000   30.0000 2556.5830   17.5830
   -7.5000   22.5000   30.0000 2473.7114   18.7630
    0.0000   22.5000   30.0000 2473.3228   18.6571
    7.5000   22.5000   30.0000 2443.7017   18.8040
   -7.5000   30.0000   30.0000 2339.4419   20.4164
    0.0000   30.0000   30.0000 2336.9636   20.3032
    7.5000   30.0000   30.0000 2309.2217   20.4511
   -7.5000   37.5000   30.0000 2177.1387   22.4789
    0.0000   37.5000   30.0000 2183.7566   22.4333
    7.5000   37.5000   30.0000 2153.5457   22.6128
   -7.5000   45.0000   30.0000 2033.7418   25.0998
    0.0000   45.0000   30.0000 2044.0446   25.0980
    7.5000   45.0000   30.0000 2016.3376   25.2697
   -7.5000  -45.0000   37.5000 2391.3132   21.6630
    0.0000  -45.0000   37.5000 2387.6257   21.3063
    7.5000  -45.0000   37.5000 2381.3616   21.9994
   -7.5000  -37.5000   37.5000 2498.5754   19.7586
    0.0000  -37.5000   37.5000 2484.9392   19.4643
    7.5000  -37.5000   37.5000 2481.9709   20.0757
   -7.5000  -30.0000   37.5000 2576.0957   18.2870
    0.0000  -30.0000   37.5000 2560.4062   18.0092
    7.5000  -30.0000   37.5000 2555.8413   18.5992
   -7.5000  -22.5000   37.5000 2631.4661   17.2626
    0.0000  -22.5000   37.5000 2617.7380   17.0441
    7.5000  -22.5000   37.5000 2610.2407   17.6166
   -7.5000  -15.0000   37.5000 2661.4148   16.6152
    0.0000  -15.0000   37.5000 2652.8298   16.5352
    7.5000  -15.0000   37.5000 2646.5999   17.0234
   -7.5000   -7.5000   37.5000 2672.1577   16.5625
    0.0000   -7.5000   37.5000 2669.5371   16.4099
    7.5000   -7.5000   37.5000 2648.6882   16.8906
   -7.5000    0.0000   37.5000 2647.1672   16.8308
    0.0000    0.0000   37.5000 2640.4810   16.7197
    7.5000    0.0000   37.5000 2627.7085   17.0597
   -7.5000    7.5000   37.5000 2594.9585   17.4683
    0.0000    7.5000   37.5000 2588.8933   17.3662
    7.5000    7.5000   37.5000 2572.8076   17.6985
   -7.5000   15.0000   37.5000 2512.1206   18.3977
    0.0000   15.0000   37.5000 2513.8201   18.2817
    7.5000   15.0000   37.5000 2482.5908   18.5888
   -7.5000   22.5000   37.5000 2403.3286   19.7959
    0.0000   22.5000   37.5000 2405.6301   19.6627
    7.5000   22.5000   37.5000 2374.2766   19.8655
   -7.5000   30.0000   37.5000 2265.1570   21.5358
    0.0000   30.0000   37.5000 2266.5547   21.3771
    7.5000   30.0000   37.5000 2234.9758   21.5650
   -7.5000   37.5000   37.5000 2121.1179   23.7274
    0.0000   37.5000   37.5000 2128.8096   23.6457
    7.5000   37.5000   37.5000 2101.3191   23.7838
   -7.5000   45.0000   37.5000 1975.6361   26.3427
    0.0000   45.0000   37.5000 1980.9880   26.4023
    7.5000   45.0000   37.5000 1961.7610   26.5201
   -7.5000  -45.0000   45.0000 2326.0530   22.7077
    0.0000  -45.0000   45.0000 2332.0110   22.3981
    7.5000  -45.0000   45.0000 2316.9795   23.0441
   -7.5000  -37.5000   45.0000 2426.6008   20.7767
    0.0000  -37.5000   45.0000 2424.7666   20.5091
    7.5000  -37.5000   45.0000 2416.7151   21.0950
   -7.5000  -30.0000   45.0000 2495.4089   19.3662
    0.0000  -30.0000   45.0000 2493.7615   19.0673
    7.5000  -30.0000   45.0000 2488.1267   19.6920
   -7.5000  -22.5000   45.0000 2542.4285   18.3438
    0.0000  -22.5000   45.0000 2541.9565   18.2093
    7.5000  -22.5000   45.0000 2533.0283   18.7055
   -7.5000  -15.0000   45.0000 2564.8174   17.7625
    0.0000  -15.0000   45.0000 2559.5271   17.6692
    7.5000  -15.0000   45.0000 2553.8088   18.1428
   -7.5000   -7.5000   45.0000 2570.3381   17.6678
    0.0000   -7.5000   45.0000 2574.1990   17.5039
    7.5000   -7.5000   45.0000 2560.0759   17.9420
   -7.5000    0.0000   45.0000 2556.3760   17.9255
    0.0000    0.0000   45.0000 2554.1709   17.7666
    7.5000    0.0000   45.0000 2538.3901   18.1683
   -7.5000    7.5000   45.0000 2503.8054   18.5522
    0.0000    7.5000   45.0000 2505.5393   18.4275
    7.5000    7.5000   45.0000 2480.5815   18.8238
   -7.5000   15.0000   45.0000 2423.8362   19.5415
    0.0000   15.0000   45.0000 2428.0300   19.4796
    7.5000   15.0000   45.0000 2402.8306   19.8039
   -7.5000   22.5000   45.0000 2312.3315   20.9949
    0.0000   22.5000   45.0000 2317.4417   20.8961
    7.5000   22.5000   45.0000 2293.5090   21.1542
   -7.5000   30.0000   45.0000 2177.9392   22.8556
    0.0000   30.0000   45.0000 2186.4514   22.7933
    7.5000   30.0000   45.0000 2161.7600   22.9481
   -7.5000   37.5000   45.0000 2051.8687   25.1562
    0.0000   37.5000   45.0000 2058.7532   25.0834
    7.5000   37.5000   45.0000 2032.1385   25.2157
   -7.5000   45.0000   45.0000 1915.0765   27.8314
    0.0000   45.0000   45.0000 1921.7655   27.7608
    7.5000   45.0000   45.0000 1901.6022   27.9616

---------------------------------------------------------------------
imgreg_4dfp /opt/freesurfer/average/711-2C_as_mni_average_305 /opt/freesurfer/average/711-2B_as_mni_average_305_mask talsrcimg_g11 none talsrcimg_to_711-2C_as_mni_average_305_t4 1283
---------------------------------------------------------------------

freesurfer imgreg_4dfp.c
/opt/freesurfer/average/711-2C_as_mni_average_305.4dfp.img
       256       256       256         1
  1.000000  1.000000  1.000000
orientation T byte_order littleendian
Reading image: /opt/freesurfer/average/711-2C_as_mni_average_305.4dfp.img
dimensions:      256       256       256
mmppix:       1.0000   -1.0000   -1.0000
center:     128.0000 -129.0000 -129.0000
/opt/freesurfer/average/711-2B_as_mni_average_305_mask.4dfp.img
       256       256       256         1
  1.000000  1.000000  1.000000
orientation T byte_order littleendian
Reading mask: /opt/freesurfer/average/711-2B_as_mni_average_305_mask.4dfp.img (2306576 pixels)
talsrcimg_g11.4dfp.img
       256       256       256         1
  1.000000  1.000000  1.000000
orientation T byte_order littleendian
Reading image: talsrcimg_g11.4dfp.img
dimensions:      256       256       256
mmppix:       1.0000   -1.0000   -1.0000
center:     128.0000 -129.0000 -129.0000
rotation matrix determinant  1.000000
fimgreg.f
image alignment mode   1283 decimal      503 hex
parameters
    0.0000  -15.0000    0.0000    0.0000    0.0000    0.0000
eta,q 0.90946 14.30608
niter,ni,del,rscale     5    3   12.0000    1.2000
parameter  1  0.577220 ->  0.500000 qaram    1.1500
parameters
   -3.4500  -15.8100    2.5322    2.1735   -0.3217   -1.6213
eta,q 0.91806 14.26102
  0.0916  0.0971  0.1007  0.0902  0.0856  0.0840
  0.0866  0.0900  0.0931  0.0871  0.0825  0.0827
  0.0865  0.0851  0.0870  0.0853  0.0814  0.0820
  0.0927  0.0853  0.0843  0.0835  0.0823  0.0823
  0.0988  0.0897  0.0841  0.0824  0.0837  0.0836
  0.1042  0.0970  0.0841  0.0827  0.0836  0.0852
  0.1130  0.1032  0.0853  0.0849  0.0851  0.0869
niter,ni,del,rscale     5    3   12.0000    1.2000
parameters
   -3.1342  -16.1690    2.9138    2.6976   -1.2303   -1.6947
eta,q 0.91889 14.29942
  0.1064  0.0990  0.0922  0.0876  0.0847  0.0845
  0.0949  0.0904  0.0860  0.0855  0.0816  0.0828
  0.0850  0.0842  0.0832  0.0836  0.0805  0.0817
  0.0819  0.0822  0.0821  0.0821  0.0819  0.0811
  0.0859  0.0869  0.0828  0.0822  0.0834  0.0815
  0.0927  0.0942  0.0854  0.0840  0.0840  0.0830
  0.1015  0.1021  0.0893  0.0865  0.0853  0.0847
niter,ni,del,rscale     4    3   12.0000    1.2000
parameters
   -3.1452  -16.3549    2.9786    3.0781   -1.0219   -1.5348
eta,q 0.91889 14.30348
  0.1048  0.0994  0.0920  0.0871  0.0863  0.0846
  0.0942  0.0906  0.0860  0.0847  0.0829  0.0828
  0.0838  0.0835  0.0828  0.0824  0.0806  0.0818
  0.0811  0.0811  0.0810  0.0810  0.0809  0.0811
  0.0869  0.0856  0.0824  0.0818  0.0827  0.0812
  0.0946  0.0928  0.0864  0.0835  0.0836  0.0826
  0.1037  0.1008  0.0912  0.0860  0.0842  0.0844
niter,ni,del,rscale     3    3   12.0000    1.2000
parameters
   -3.1497  -16.4697    3.0646    3.3850   -0.8302   -1.3338
eta,q 0.91882 14.30183
  0.1047  0.0995  0.0918  0.0869  0.0859  0.0846
  0.0937  0.0909  0.0860  0.0844  0.0827  0.0829
  0.0834  0.0838  0.0830  0.0823  0.0805  0.0819
  0.0811  0.0811  0.0811  0.0811  0.0811  0.0812
  0.0868  0.0853  0.0824  0.0819  0.0827  0.0813
  0.0943  0.0923  0.0864  0.0836  0.0833  0.0825
  0.1033  0.1002  0.0908  0.0860  0.0840  0.0843
niter,ni,del,rscale     2    3   12.0000    1.2000
parameters
   -3.1434  -16.5656    3.1175    3.6131   -0.6195   -1.1477
eta,q 0.91872 14.30266
  0.1047  0.0993  0.0914  0.0867  0.0856  0.0845
  0.0934  0.0910  0.0858  0.0842  0.0826  0.0829
  0.0833  0.0839  0.0830  0.0822  0.0806  0.0820
  0.0812  0.0812  0.0812  0.0811  0.0812  0.0813
  0.0866  0.0853  0.0825  0.0821  0.0826  0.0813
  0.0942  0.0921  0.0863  0.0837  0.0831  0.0825
  0.1029  0.0999  0.0907  0.0860  0.0837  0.0844
niter,ni,del,rscale     1    3   12.0000    1.2000
parameters
   -3.1318  -16.6427    3.1608    3.7912   -0.4719   -0.9718
eta,q 0.91872 14.30486
  0.1047  0.0991  0.0911  0.0865  0.0852  0.0845
  0.0932  0.0911  0.0856  0.0841  0.0824  0.0829
  0.0831  0.0841  0.0830  0.0823  0.0805  0.0820
  0.0813  0.0813  0.0813  0.0812  0.0812  0.0813
  0.0866  0.0853  0.0825  0.0822  0.0826  0.0813
  0.0941  0.0918  0.0861  0.0837  0.0829  0.0825
  0.1026  0.0996  0.0905  0.0860  0.0836  0.0844
registration optimization eta report
parameter search radius
    6.9000    6.0000    6.0000    6.0000    6.0000    6.0000
100000*second partial in parameter space
       46.       48.       26.       13.        9.        9.
  0.1047  0.0991  0.0911  0.0865  0.0852  0.0845
  0.0932  0.0911  0.0856  0.0841  0.0824  0.0829
  0.0831  0.0841  0.0830  0.0823  0.0805  0.0820
  0.0813  0.0813  0.0813  0.0812  0.0812  0.0813
  0.0866  0.0853  0.0825  0.0822  0.0826  0.0813
  0.0941  0.0918  0.0861  0.0837  0.0829  0.0825
  0.1026  0.0996  0.0905  0.0860  0.0836  0.0844
   -3.1318  -16.6427    3.1608    3.7912   -0.4719   -0.9718
eta,q 0.91872 14.30486

---------------------------------------------------------------------
imgreg_4dfp /opt/freesurfer/average/711-2C_as_mni_average_305 /opt/freesurfer/average/711-2B_as_mni_average_305_mask talsrcimg_g11 none talsrcimg_to_711-2C_as_mni_average_305_t4 3335
---------------------------------------------------------------------

freesurfer imgreg_4dfp.c
/opt/freesurfer/average/711-2C_as_mni_average_305.4dfp.img
       256       256       256         1
  1.000000  1.000000  1.000000
orientation T byte_order littleendian
Reading image: /opt/freesurfer/average/711-2C_as_mni_average_305.4dfp.img
dimensions:      256       256       256
mmppix:       1.0000   -1.0000   -1.0000
center:     128.0000 -129.0000 -129.0000
/opt/freesurfer/average/711-2B_as_mni_average_305_mask.4dfp.img
       256       256       256         1
  1.000000  1.000000  1.000000
orientation T byte_order littleendian
Reading mask: /opt/freesurfer/average/711-2B_as_mni_average_305_mask.4dfp.img (2306576 pixels)
talsrcimg_g11.4dfp.img
       256       256       256         1
  1.000000  1.000000  1.000000
orientation T byte_order littleendian
Reading image: talsrcimg_g11.4dfp.img
dimensions:      256       256       256
mmppix:       1.0000   -1.0000   -1.0000
center:     128.0000 -129.0000 -129.0000
fimgreg.f
image alignment mode   3335 decimal      D07 hex
parameters
   -3.1318  -16.6427    3.1608   -0.0178   -0.2341   -0.2222
    1.7468    0.7096   -1.6960   -6.6251   -0.8237    6.6119
eta,q 0.92059 14.40561
niter,ni,del,rscale     5    3    5.0000    1.2000
parameter  4  1.975596 ->  0.500000 qaram    1.1500
parameter  5  1.103505 ->  0.500000 qaram    1.1500
parameter  6  1.346431 ->  0.500000 qaram    1.1500
parameter 10  1.477181 ->  0.500000 qaram    1.1500
parameters
   -3.4997  -17.3810    4.3230   -4.1578   -4.3741   -4.3622
    1.7132    0.2825    0.1129  -10.7651   -0.7672    6.3561
eta,q 0.95394 14.80052
  0.0822  0.0808  0.0837  0.0609  0.0549  0.0483  0.0543  0.0589  0.0526  0.0453  0.0507  0.0491
  0.0801  0.0793  0.0817  0.0636  0.0567  0.0493  0.0517  0.0531  0.0510  0.0457  0.0479  0.0472
  0.0792  0.0787  0.0799  0.0690  0.0594  0.0522  0.0503  0.0500  0.0501  0.0474  0.0464  0.0463
  0.0794  0.0792  0.0787  0.0780  0.0647  0.0573  0.0499  0.0499  0.0497  0.0496  0.0461  0.0461
  0.0804  0.0805  0.0781  0.0890  0.0738  0.0640  0.0504  0.0521  0.0496  0.0522  0.0467  0.0465
  0.0820  0.0825  0.0781  0.0995  0.0843  0.0706  0.0518  0.0558  0.0499  0.0552  0.0482  0.0476
  0.0841  0.0848  0.0789  0.1081  0.0936  0.0779  0.0543  0.0599  0.0506  0.0584  0.0502  0.0495
niter,ni,del,rscale     7    3    5.0000    1.2000
parameter  2 -1.869867 -> -0.500000 qaram    1.1500
parameter  5  0.698079 ->  0.500000 qaram    1.3225
parameter 12 -0.807023 -> -0.500000 qaram    1.1500
parameters
   -3.3536  -16.0010    5.1050   -7.8046   -9.1351   -6.2120
    0.7627   -0.1522    2.7867  -12.9071    0.7268   10.4961
eta,q 0.96351 14.40631
  0.0524  0.0583  0.0473  0.0416  0.0355  0.0412  0.0390  0.0410  0.0393  0.0392  0.0383  0.0396
  0.0492  0.0540  0.0442  0.0405  0.0365  0.0398  0.0382  0.0386  0.0386  0.0376  0.0376  0.0385
  0.0471  0.0498  0.0421  0.0398  0.0376  0.0382  0.0378  0.0379  0.0380  0.0372  0.0373  0.0377
  0.0461  0.0460  0.0409  0.0405  0.0400  0.0368  0.0377  0.0377  0.0377  0.0375  0.0372  0.0371
  0.0463  0.0427  0.0405  0.0459  0.0460  0.0377  0.0380  0.0379  0.0375  0.0385  0.0371  0.0367
  0.0480  0.0403  0.0410  0.0578  0.0561  0.0438  0.0387  0.0392  0.0376  0.0400  0.0372  0.0365
  0.0513  0.0390  0.0421  0.0724  0.0669  0.0530  0.0401  0.0421  0.0379  0.0424  0.0376  0.0365
niter,ni,del,rscale     7    3    5.0000    1.2000
parameter  2 -2.150011 -> -0.500000 qaram    1.3225
parameters
   -3.2247  -14.4140    4.4341   -8.5330  -13.1027   -7.4767
    0.0040   -0.4106    2.0964  -11.7742    1.9286    7.7012
eta,q 0.96839 14.01169
  0.0390  0.0482  0.0319  0.0357  0.0325  0.0345  0.0333  0.0347  0.0330  0.0353  0.0324  0.0320
  0.0376  0.0441  0.0313  0.0340  0.0317  0.0335  0.0325  0.0328  0.0324  0.0335  0.0322  0.0317
  0.0368  0.0402  0.0311  0.0325  0.0311  0.0325  0.0320  0.0321  0.0320  0.0324  0.0319  0.0316
  0.0365  0.0365  0.0312  0.0311  0.0314  0.0312  0.0318  0.0319  0.0319  0.0319  0.0318  0.0317
  0.0367  0.0332  0.0317  0.0304  0.0350  0.0304  0.0321  0.0320  0.0321  0.0318  0.0317  0.0320
  0.0373  0.0306  0.0325  0.0328  0.0434  0.0338  0.0328  0.0330  0.0327  0.0324  0.0318  0.0325
  0.0385  0.0292  0.0336  0.0414  0.0549  0.0421  0.0343  0.0354  0.0337  0.0339  0.0322  0.0332
niter,ni,del,rscale     7    3    5.0000    1.2000
parameter  2 -1.381503 -> -0.500000 qaram    1.5209
parameters
   -3.0695  -12.5889    5.0157   -7.1845  -14.8265   -6.9606
   -0.1898   -0.4974    1.8200  -10.5095    1.3500    5.2902
eta,q 0.97292 13.93650
  0.0339  0.0432  0.0290  0.0323  0.0316  0.0314  0.0293  0.0315  0.0287  0.0320  0.0278  0.0277
  0.0327  0.0388  0.0283  0.0306  0.0298  0.0300  0.0283  0.0287  0.0280  0.0291  0.0275  0.0272
  0.0319  0.0349  0.0279  0.0290  0.0280  0.0287  0.0275  0.0276  0.0274  0.0277  0.0273  0.0271
  0.0316  0.0316  0.0276  0.0276  0.0269  0.0274  0.0272  0.0272  0.0272  0.0272  0.0272  0.0272
  0.0317  0.0290  0.0276  0.0263  0.0273  0.0261  0.0274  0.0274  0.0273  0.0273  0.0272  0.0276
  0.0324  0.0272  0.0277  0.0265  0.0317  0.0267  0.0282  0.0288  0.0280  0.0281  0.0275  0.0282
  0.0334  0.0263  0.0281  0.0314  0.0419  0.0326  0.0298  0.0318  0.0292  0.0294  0.0282  0.0289
niter,ni,del,rscale     7    3    5.0000    1.2000
parameter  2 -0.523286 -> -0.500000 qaram    1.7490
parameters
   -3.0318  -10.4901    4.5545   -8.0110  -15.5801   -7.6747
   -0.2954   -0.2146    0.7728   -8.7345    3.4815    4.2600
eta,q 0.97310 13.80022
  0.0297  0.0368  0.0264  0.0302  0.0328  0.0304  0.0293  0.0312  0.0279  0.0331  0.0279  0.0279
  0.0283  0.0327  0.0259  0.0286  0.0308  0.0290  0.0282  0.0284  0.0273  0.0290  0.0275  0.0273
  0.0274  0.0294  0.0257  0.0271  0.0285  0.0278  0.0274  0.0273  0.0270  0.0274  0.0273  0.0269
  0.0271  0.0271  0.0257  0.0257  0.0261  0.0266  0.0270  0.0270  0.0270  0.0270  0.0270  0.0269
  0.0273  0.0259  0.0260  0.0250  0.0252  0.0255  0.0271  0.0271  0.0271  0.0272  0.0269  0.0272
  0.0281  0.0259  0.0264  0.0278  0.0294  0.0278  0.0280  0.0281  0.0277  0.0278  0.0270  0.0277
  0.0296  0.0270  0.0272  0.0363  0.0399  0.0356  0.0298  0.0305  0.0288  0.0287  0.0273  0.0285
niter,ni,del,rscale     7    3    5.0000    1.2000
parameters
   -3.1013  -10.1323    4.0757   -7.6023  -15.4023   -8.0942
    0.4208   -0.9950   -0.8302   -7.5922    4.2294    4.1802
eta,q 0.97326 13.81310
  0.0292  0.0327  0.0275  0.0314  0.0329  0.0304  0.0296  0.0298  0.0274  0.0316  0.0276  0.0280
  0.0279  0.0295  0.0271  0.0298  0.0310  0.0290  0.0281  0.0278  0.0269  0.0281  0.0272  0.0273
  0.0271  0.0275  0.0269  0.0283  0.0289  0.0278  0.0272  0.0270  0.0267  0.0268  0.0270  0.0268
  0.0269  0.0269  0.0269  0.0269  0.0267  0.0265  0.0267  0.0267  0.0267  0.0267  0.0268  0.0267
  0.0272  0.0273  0.0271  0.0257  0.0250  0.0256  0.0267  0.0270  0.0270  0.0270  0.0267  0.0269
  0.0281  0.0284  0.0276  0.0266  0.0269  0.0273  0.0273  0.0287  0.0276  0.0277  0.0269  0.0273
  0.0294  0.0309  0.0282  0.0327  0.0360  0.0341  0.0288  0.0321  0.0287  0.0287  0.0274  0.0280
niter,ni,del,rscale     6    3    5.0000    1.2000
parameters
   -3.2106   -9.8117    3.6710   -7.6500  -15.5253   -8.3474
    1.0002   -1.4936   -1.6457   -6.8617    4.8710    4.0449
eta,q 0.97303 13.79018
  0.0289  0.0324  0.0273  0.0311  0.0326  0.0304  0.0295  0.0301  0.0278  0.0308  0.0278  0.0282
  0.0276  0.0293  0.0269  0.0296  0.0308  0.0290  0.0281  0.0281  0.0272  0.0279  0.0274  0.0274
  0.0269  0.0274  0.0267  0.0281  0.0288  0.0279  0.0273  0.0273  0.0270  0.0269  0.0271  0.0270
  0.0267  0.0267  0.0267  0.0267  0.0267  0.0268  0.0269  0.0269  0.0269  0.0269  0.0270  0.0270
  0.0271  0.0270  0.0269  0.0256  0.0252  0.0258  0.0270  0.0270  0.0271  0.0273  0.0270  0.0271
  0.0280  0.0282  0.0273  0.0271  0.0274  0.0272  0.0275  0.0285  0.0276  0.0280  0.0271  0.0275
  0.0293  0.0309  0.0279  0.0339  0.0367  0.0334  0.0288  0.0317  0.0284  0.0289  0.0276  0.0282
niter,ni,del,rscale     5    3    5.0000    1.2000
parameters
   -3.3178   -9.5265    3.4090   -7.6574  -15.7167   -8.5662
    1.3674   -1.8899   -2.1081   -6.3060    5.1122    3.9001
eta,q 0.97281 13.76648
  0.0291  0.0323  0.0276  0.0313  0.0326  0.0306  0.0295  0.0303  0.0282  0.0306  0.0279  0.0283
  0.0278  0.0293  0.0271  0.0298  0.0309  0.0292  0.0282  0.0284  0.0275  0.0279  0.0276  0.0276
  0.0271  0.0276  0.0269  0.0283  0.0289  0.0280  0.0274  0.0275  0.0272  0.0272  0.0273  0.0273
  0.0270  0.0270  0.0269  0.0269  0.0269  0.0270  0.0271  0.0271  0.0272  0.0271  0.0272  0.0272
  0.0273  0.0272  0.0271  0.0258  0.0255  0.0261  0.0272  0.0272  0.0273  0.0275  0.0272  0.0273
  0.0281  0.0284  0.0274  0.0272  0.0277  0.0274  0.0278  0.0286  0.0277  0.0282  0.0274  0.0277
  0.0295  0.0311  0.0280  0.0339  0.0369  0.0333  0.0291  0.0317  0.0284  0.0291  0.0279  0.0284
niter,ni,del,rscale     4    3    5.0000    1.2000
parameters
   -3.4229   -9.2990    3.1908   -7.6420  -15.8746   -8.7327
    1.6505   -2.1531   -2.2338   -5.8275    5.0754    3.7177
eta,q 0.97264 13.74831
  0.0292  0.0321  0.0279  0.0315  0.0327  0.0307  0.0295  0.0306  0.0284  0.0304  0.0280  0.0284
  0.0280  0.0294  0.0274  0.0299  0.0310  0.0293  0.0283  0.0286  0.0277  0.0280  0.0277  0.0277
  0.0273  0.0278  0.0272  0.0286  0.0291  0.0282  0.0276  0.0277  0.0274  0.0273  0.0275  0.0274
  0.0272  0.0272  0.0272  0.0271  0.0271  0.0272  0.0273  0.0273  0.0273  0.0273  0.0274  0.0274
  0.0275  0.0274  0.0273  0.0260  0.0257  0.0263  0.0274  0.0274  0.0274  0.0277  0.0274  0.0275
  0.0283  0.0286  0.0276  0.0274  0.0278  0.0274  0.0280  0.0286  0.0278  0.0283  0.0276  0.0279
  0.0296  0.0312  0.0281  0.0339  0.0368  0.0332  0.0293  0.0316  0.0285  0.0292  0.0281  0.0285
niter,ni,del,rscale     3    3    5.0000    1.2000
parameters
   -3.5185   -9.1033    2.9940   -7.6496  -15.9933   -8.8850
    1.8476   -2.3097   -2.1580   -5.3926    4.9109    3.5168
eta,q 0.97250 13.73165
  0.0294  0.0320  0.0280  0.0316  0.0327  0.0308  0.0296  0.0309  0.0286  0.0304  0.0282  0.0285
  0.0282  0.0294  0.0276  0.0301  0.0311  0.0294  0.0284  0.0288  0.0279  0.0281  0.0278  0.0279
  0.0275  0.0279  0.0274  0.0287  0.0293  0.0283  0.0277  0.0279  0.0276  0.0275  0.0276  0.0276
  0.0274  0.0274  0.0273  0.0273  0.0273  0.0274  0.0275  0.0274  0.0275  0.0275  0.0275  0.0275
  0.0277  0.0276  0.0275  0.0262  0.0259  0.0265  0.0276  0.0275  0.0276  0.0278  0.0275  0.0276
  0.0284  0.0287  0.0278  0.0276  0.0278  0.0275  0.0281  0.0287  0.0279  0.0284  0.0277  0.0280
  0.0297  0.0313  0.0283  0.0341  0.0366  0.0332  0.0294  0.0316  0.0285  0.0293  0.0283  0.0286
niter,ni,del,rscale     2    3    5.0000    1.2000
parameters
   -3.5931   -8.9275    2.8362   -7.6598  -16.0992   -9.0000
    1.9781   -2.3940   -1.9910   -4.9869    4.6802    3.3457
eta,q 0.97238 13.71769
  0.0295  0.0319  0.0282  0.0317  0.0327  0.0309  0.0296  0.0311  0.0287  0.0303  0.0283  0.0286
  0.0283  0.0294  0.0277  0.0302  0.0311  0.0295  0.0285  0.0289  0.0280  0.0282  0.0279  0.0280
  0.0277  0.0280  0.0275  0.0288  0.0294  0.0284  0.0278  0.0280  0.0277  0.0276  0.0277  0.0277
  0.0275  0.0275  0.0275  0.0275  0.0275  0.0276  0.0276  0.0276  0.0276  0.0276  0.0276  0.0276
  0.0278  0.0278  0.0276  0.0264  0.0261  0.0266  0.0277  0.0277  0.0277  0.0279  0.0277  0.0278
  0.0285  0.0288  0.0279  0.0277  0.0279  0.0276  0.0283  0.0288  0.0280  0.0285  0.0279  0.0281
  0.0298  0.0313  0.0284  0.0342  0.0365  0.0332  0.0296  0.0316  0.0286  0.0293  0.0284  0.0287
niter,ni,del,rscale     1    3    5.0000    1.2000
parameters
   -3.6537   -8.7745    2.7088   -7.6684  -16.1999   -9.0961
    2.0716   -2.4339   -1.7754   -4.6295    4.4478    3.2397
eta,q 0.97227 13.70511
  0.0296  0.0318  0.0283  0.0317  0.0327  0.0310  0.0296  0.0313  0.0288  0.0303  0.0284  0.0287
  0.0285  0.0295  0.0279  0.0303  0.0312  0.0296  0.0286  0.0290  0.0281  0.0283  0.0280  0.0281
  0.0278  0.0281  0.0276  0.0290  0.0295  0.0285  0.0280  0.0281  0.0278  0.0277  0.0278  0.0278
  0.0276  0.0276  0.0276  0.0276  0.0276  0.0277  0.0277  0.0277  0.0277  0.0277  0.0277  0.0277
  0.0279  0.0279  0.0278  0.0265  0.0262  0.0268  0.0278  0.0278  0.0278  0.0280  0.0278  0.0279
  0.0286  0.0289  0.0280  0.0278  0.0279  0.0277  0.0284  0.0289  0.0280  0.0286  0.0280  0.0282
  0.0298  0.0314  0.0285  0.0342  0.0365  0.0332  0.0297  0.0316  0.0287  0.0294  0.0285  0.0287
registration optimization eta report
parameter search radius
    2.4000    4.1976    2.4000    8.2800    9.5220    8.2800
    7.2000    7.2000    7.2000    8.2800    7.2000    8.2800
100000*second partial in parameter space
       37.       23.       14.        8.        8.        7.
        4.        7.        2.        3.        1.        1.
  0.0296  0.0318  0.0283  0.0317  0.0327  0.0310  0.0296  0.0313  0.0288  0.0303  0.0284  0.0287
  0.0285  0.0295  0.0279  0.0303  0.0312  0.0296  0.0286  0.0290  0.0281  0.0283  0.0280  0.0281
  0.0278  0.0281  0.0276  0.0290  0.0295  0.0285  0.0280  0.0281  0.0278  0.0277  0.0278  0.0278
  0.0276  0.0276  0.0276  0.0276  0.0276  0.0277  0.0277  0.0277  0.0277  0.0277  0.0277  0.0277
  0.0279  0.0279  0.0278  0.0265  0.0262  0.0268  0.0278  0.0278  0.0278  0.0280  0.0278  0.0279
  0.0286  0.0289  0.0280  0.0278  0.0279  0.0277  0.0284  0.0289  0.0280  0.0286  0.0280  0.0282
  0.0298  0.0314  0.0285  0.0342  0.0365  0.0332  0.0297  0.0316  0.0287  0.0294  0.0285  0.0287
   -3.6537   -8.7745    2.7088   -7.6684  -16.1999   -9.0961
    2.0716   -2.4339   -1.7754   -4.6295    4.4478    3.2397
eta,q 0.97227 13.70511

---------------------------------------------------------------------
imgreg_4dfp /opt/freesurfer/average/711-2C_as_mni_average_305 /opt/freesurfer/average/711-2B_as_mni_average_305_mask talsrcimg_g11 none talsrcimg_to_711-2C_as_mni_average_305_t4 2311
---------------------------------------------------------------------

freesurfer imgreg_4dfp.c
/opt/freesurfer/average/711-2C_as_mni_average_305.4dfp.img
       256       256       256         1
  1.000000  1.000000  1.000000
orientation T byte_order littleendian
Reading image: /opt/freesurfer/average/711-2C_as_mni_average_305.4dfp.img
dimensions:      256       256       256
mmppix:       1.0000   -1.0000   -1.0000
center:     128.0000 -129.0000 -129.0000
/opt/freesurfer/average/711-2B_as_mni_average_305_mask.4dfp.img
       256       256       256         1
  1.000000  1.000000  1.000000
orientation T byte_order littleendian
Reading mask: /opt/freesurfer/average/711-2B_as_mni_average_305_mask.4dfp.img (2306576 pixels)
talsrcimg_g11.4dfp.img
       256       256       256         1
  1.000000  1.000000  1.000000
orientation T byte_order littleendian
Reading image: talsrcimg_g11.4dfp.img
dimensions:      256       256       256
mmppix:       1.0000   -1.0000   -1.0000
center:     128.0000 -129.0000 -129.0000
fimgreg.f
image alignment mode   2311 decimal      907 hex
parameters
   -3.6537   -8.7745    2.7088   -7.6684  -16.1999   -9.0961
    2.0716   -2.4339   -1.7754   -4.6295    4.4478    3.2397
eta,q 0.97227 13.70512
niter,ni,del,rscale     5    3    5.0000    0.8000
parameter  4 -0.864123 -> -0.500000 qaram    1.1500
parameter  5 -0.626651 -> -0.500000 qaram    1.1500
parameters
   -3.6914   -8.5594    2.4875   -4.9084  -13.4399   -8.5441
    1.6005   -2.4352   -1.8185   -3.4532    3.2925    1.9439
eta,q 0.97465 13.98220
  0.0286  0.0283  0.0280  0.0300  0.0294  0.0273  0.0278  0.0294  0.0274  0.0281  0.0260  0.0257
  0.0281  0.0280  0.0278  0.0293  0.0285  0.0267  0.0264  0.0271  0.0263  0.0265  0.0256  0.0254
  0.0278  0.0278  0.0277  0.0285  0.0275  0.0261  0.0256  0.0258  0.0256  0.0257  0.0254  0.0254
  0.0277  0.0277  0.0277  0.0277  0.0266  0.0256  0.0255  0.0254  0.0254  0.0254  0.0254  0.0254
  0.0278  0.0277  0.0278  0.0270  0.0259  0.0253  0.0260  0.0259  0.0257  0.0255  0.0257  0.0256
  0.0281  0.0279  0.0279  0.0266  0.0256  0.0255  0.0271  0.0272  0.0264  0.0257  0.0262  0.0259
  0.0287  0.0280  0.0281  0.0272  0.0265  0.0272  0.0288  0.0294  0.0274  0.0261  0.0269  0.0265
niter,ni,del,rscale     6    3    5.0000    0.9000
parameters
   -3.7418   -9.0508    2.6682   -6.3648  -13.9489   -7.0845
    1.7471   -2.2631   -1.2771   -4.1518    3.2199    2.6884
eta,q 0.97479 13.98643
  0.0279  0.0260  0.0263  0.0281  0.0291  0.0281  0.0274  0.0298  0.0268  0.0267  0.0263  0.0264
  0.0265  0.0255  0.0257  0.0271  0.0279  0.0273  0.0262  0.0271  0.0260  0.0255  0.0257  0.0257
  0.0256  0.0253  0.0254  0.0260  0.0267  0.0266  0.0256  0.0257  0.0256  0.0252  0.0253  0.0253
  0.0254  0.0254  0.0253  0.0253  0.0257  0.0260  0.0253  0.0253  0.0253  0.0253  0.0252  0.0252
  0.0257  0.0258  0.0254  0.0261  0.0255  0.0252  0.0255  0.0257  0.0254  0.0257  0.0253  0.0252
  0.0266  0.0266  0.0256  0.0299  0.0273  0.0251  0.0260  0.0269  0.0257  0.0264  0.0257  0.0254
  0.0283  0.0280  0.0259  0.0368  0.0325  0.0271  0.0272  0.0291  0.0263  0.0273  0.0264  0.0258
niter,ni,del,rscale     5    3    5.0000    0.8000
parameters
   -3.5935   -9.0493    2.9992   -6.5475  -13.7991   -7.0262
    1.3165   -1.9650   -1.1791   -4.8959    3.2061    2.6923
eta,q 0.97491 13.98430
  0.0271  0.0261  0.0262  0.0281  0.0285  0.0271  0.0265  0.0284  0.0262  0.0261  0.0258  0.0258
  0.0261  0.0256  0.0256  0.0271  0.0274  0.0265  0.0257  0.0265  0.0256  0.0253  0.0254  0.0253
  0.0255  0.0253  0.0253  0.0261  0.0263  0.0259  0.0253  0.0255  0.0253  0.0251  0.0252  0.0251
  0.0252  0.0252  0.0252  0.0252  0.0253  0.0252  0.0252  0.0252  0.0252  0.0252  0.0251  0.0251
  0.0253  0.0253  0.0252  0.0248  0.0248  0.0247  0.0254  0.0253  0.0252  0.0255  0.0252  0.0252
  0.0257  0.0256  0.0253  0.0261  0.0258  0.0254  0.0260  0.0261  0.0256  0.0259  0.0254  0.0254
  0.0265  0.0262  0.0256  0.0300  0.0293  0.0280  0.0272  0.0276  0.0262  0.0266  0.0259  0.0257
niter,ni,del,rscale     4    3    5.0000    0.7000
parameters
   -3.4635   -9.2575    3.1380   -6.1230  -13.3982   -6.6992
    1.0179   -1.7785   -1.1419   -5.0420    2.9594    2.8412
eta,q 0.97543 14.03822
  0.0264  0.0256  0.0256  0.0277  0.0278  0.0264  0.0259  0.0275  0.0256  0.0258  0.0252  0.0252
  0.0257  0.0253  0.0253  0.0268  0.0268  0.0259  0.0251  0.0258  0.0250  0.0249  0.0248  0.0248
  0.0253  0.0251  0.0251  0.0259  0.0258  0.0254  0.0247  0.0249  0.0247  0.0246  0.0246  0.0246
  0.0251  0.0251  0.0251  0.0251  0.0249  0.0247  0.0246  0.0246  0.0246  0.0246  0.0246  0.0246
  0.0251  0.0252  0.0251  0.0246  0.0245  0.0243  0.0248  0.0248  0.0247  0.0248  0.0247  0.0246
  0.0254  0.0256  0.0252  0.0252  0.0252  0.0247  0.0254  0.0256  0.0250  0.0252  0.0249  0.0248
  0.0260  0.0261  0.0254  0.0277  0.0278  0.0267  0.0264  0.0270  0.0256  0.0258  0.0254  0.0251
niter,ni,del,rscale     3    3    5.0000    0.6000
parameters
   -3.3734   -9.4709    3.3088   -5.8587  -12.9963   -6.2289
    0.8387   -1.6373   -1.0202   -5.3044    2.7440    3.0276
eta,q 0.97592 14.08524
  0.0257  0.0250  0.0251  0.0268  0.0269  0.0259  0.0253  0.0266  0.0250  0.0251  0.0247  0.0247
  0.0251  0.0247  0.0248  0.0260  0.0260  0.0254  0.0246  0.0252  0.0245  0.0244  0.0243  0.0244
  0.0247  0.0246  0.0246  0.0252  0.0251  0.0249  0.0242  0.0244  0.0242  0.0241  0.0241  0.0242
  0.0246  0.0246  0.0245  0.0245  0.0244  0.0243  0.0241  0.0241  0.0241  0.0241  0.0241  0.0241
  0.0246  0.0247  0.0246  0.0243  0.0242  0.0239  0.0243  0.0243  0.0242  0.0243  0.0242  0.0241
  0.0249  0.0250  0.0247  0.0249  0.0247  0.0243  0.0248  0.0250  0.0244  0.0247  0.0244  0.0243
  0.0254  0.0255  0.0248  0.0269  0.0266  0.0257  0.0255  0.0262  0.0249  0.0253  0.0248  0.0246
niter,ni,del,rscale     2    3    5.0000    0.5000
parameters
   -3.3165   -9.7178    3.5315   -5.6545  -12.6774   -5.7887
    0.6641   -1.5277   -0.8493   -5.7234    2.5126    3.2619
eta,q 0.97629 14.12268
  0.0250  0.0243  0.0246  0.0258  0.0259  0.0254  0.0246  0.0257  0.0244  0.0244  0.0242  0.0243
  0.0245  0.0242  0.0243  0.0252  0.0251  0.0249  0.0241  0.0246  0.0241  0.0239  0.0239  0.0240
  0.0242  0.0241  0.0242  0.0246  0.0245  0.0244  0.0238  0.0240  0.0238  0.0237  0.0238  0.0238
  0.0241  0.0241  0.0241  0.0241  0.0240  0.0239  0.0238  0.0238  0.0238  0.0238  0.0237  0.0237
  0.0241  0.0242  0.0241  0.0239  0.0239  0.0237  0.0239  0.0239  0.0238  0.0240  0.0238  0.0237
  0.0244  0.0245  0.0241  0.0244  0.0243  0.0240  0.0243  0.0245  0.0240  0.0243  0.0240  0.0239
  0.0248  0.0249  0.0243  0.0259  0.0256  0.0251  0.0248  0.0254  0.0243  0.0248  0.0243  0.0241
niter,ni,del,rscale     1    3    5.0000    0.4000
parameters
   -3.2858   -9.9850    3.7432   -5.4830  -12.4096   -5.4248
    0.4872   -1.4336   -0.6465   -6.1804    2.2804    3.4976
eta,q 0.97657 14.15172
  0.0243  0.0238  0.0241  0.0250  0.0250  0.0248  0.0240  0.0249  0.0240  0.0239  0.0238  0.0238
  0.0240  0.0237  0.0239  0.0245  0.0244  0.0243  0.0237  0.0241  0.0237  0.0236  0.0236  0.0236
  0.0238  0.0237  0.0238  0.0240  0.0239  0.0239  0.0235  0.0236  0.0235  0.0234  0.0235  0.0235
  0.0237  0.0237  0.0237  0.0237  0.0236  0.0236  0.0235  0.0235  0.0235  0.0235  0.0234  0.0234
  0.0238  0.0238  0.0237  0.0236  0.0236  0.0234  0.0236  0.0236  0.0235  0.0236  0.0235  0.0235
  0.0239  0.0240  0.0237  0.0240  0.0239  0.0237  0.0238  0.0240  0.0236  0.0239  0.0237  0.0235
  0.0242  0.0243  0.0238  0.0249  0.0247  0.0244  0.0242  0.0246  0.0238  0.0243  0.0239  0.0237
registration optimization eta report
parameter search radius
    0.8000    0.8000    0.8000    2.7600    2.7600    2.4000
    2.4000    2.4000    2.4000    2.4000    2.4000    2.4000
100000*second partial in parameter space
       87.       59.       43.       17.       16.       18.
       12.       22.        7.       10.        7.        6.
  0.0243  0.0238  0.0241  0.0250  0.0250  0.0248  0.0240  0.0249  0.0240  0.0239  0.0238  0.0238
  0.0240  0.0237  0.0239  0.0245  0.0244  0.0243  0.0237  0.0241  0.0237  0.0236  0.0236  0.0236
  0.0238  0.0237  0.0238  0.0240  0.0239  0.0239  0.0235  0.0236  0.0235  0.0234  0.0235  0.0235
  0.0237  0.0237  0.0237  0.0237  0.0236  0.0236  0.0235  0.0235  0.0235  0.0235  0.0234  0.0234
  0.0238  0.0238  0.0237  0.0236  0.0236  0.0234  0.0236  0.0236  0.0235  0.0236  0.0235  0.0235
  0.0239  0.0240  0.0237  0.0240  0.0239  0.0237  0.0238  0.0240  0.0236  0.0239  0.0237  0.0235
  0.0242  0.0243  0.0238  0.0249  0.0247  0.0244  0.0242  0.0246  0.0238  0.0243  0.0239  0.0237
   -3.2858   -9.9850    3.7432   -5.4830  -12.4096   -5.4248
    0.4872   -1.4336   -0.6465   -6.1804    2.2804    3.4976
eta,q 0.97657 14.15172

---------------------------------------------------------------------
imgreg_4dfp /opt/freesurfer/average/711-2C_as_mni_average_305 /opt/freesurfer/average/711-2B_as_mni_average_305_mask talsrcimg_g11 none talsrcimg_to_711-2C_as_mni_average_305_t4 2311
---------------------------------------------------------------------

freesurfer imgreg_4dfp.c
/opt/freesurfer/average/711-2C_as_mni_average_305.4dfp.img
       256       256       256         1
  1.000000  1.000000  1.000000
orientation T byte_order littleendian
Reading image: /opt/freesurfer/average/711-2C_as_mni_average_305.4dfp.img
dimensions:      256       256       256
mmppix:       1.0000   -1.0000   -1.0000
center:     128.0000 -129.0000 -129.0000
/opt/freesurfer/average/711-2B_as_mni_average_305_mask.4dfp.img
       256       256       256         1
  1.000000  1.000000  1.000000
orientation T byte_order littleendian
Reading mask: /opt/freesurfer/average/711-2B_as_mni_average_305_mask.4dfp.img (2306576 pixels)
talsrcimg_g11.4dfp.img
       256       256       256         1
  1.000000  1.000000  1.000000
orientation T byte_order littleendian
Reading image: talsrcimg_g11.4dfp.img
dimensions:      256       256       256
mmppix:       1.0000   -1.0000   -1.0000
center:     128.0000 -129.0000 -129.0000
fimgreg.f
image alignment mode   2311 decimal      907 hex
parameters
   -3.2858   -9.9850    3.7432   -5.4830  -12.4096   -5.4248
    0.4872   -1.4336   -0.6465   -6.1804    2.2804    3.4976
eta,q 0.97657 14.15172
niter,ni,del,rscale     5    3    5.0000    0.8000
parameters
   -3.3030  -10.3094    3.9862   -6.2885  -12.8108   -5.9623
    0.5258   -1.1313   -0.1676   -7.1958    2.2459    3.7336
eta,q 0.97620 14.10295
  0.0258  0.0244  0.0251  0.0258  0.0263  0.0262  0.0259  0.0278  0.0254  0.0250  0.0247  0.0248
  0.0245  0.0238  0.0242  0.0249  0.0253  0.0255  0.0248  0.0256  0.0246  0.0240  0.0242  0.0242
  0.0237  0.0234  0.0236  0.0240  0.0243  0.0246  0.0242  0.0244  0.0242  0.0238  0.0239  0.0239
  0.0234  0.0234  0.0234  0.0234  0.0236  0.0237  0.0240  0.0240  0.0240  0.0240  0.0238  0.0238
  0.0237  0.0238  0.0234  0.0237  0.0237  0.0237  0.0242  0.0242  0.0240  0.0245  0.0239  0.0239
  0.0245  0.0246  0.0237  0.0258  0.0251  0.0255  0.0248  0.0251  0.0243  0.0252  0.0242  0.0242
  0.0260  0.0259  0.0243  0.0302  0.0287  0.0293  0.0258  0.0268  0.0249  0.0262  0.0248  0.0246
niter,ni,del,rscale     4    3    5.0000    0.7000
parameters
   -3.2222  -10.2973    3.9316   -6.0228  -12.7835   -6.0043
    0.1844   -0.9774   -0.0931   -7.1641    2.0466    3.7176
eta,q 0.97630 14.11023
  0.0253  0.0248  0.0244  0.0261  0.0262  0.0257  0.0251  0.0268  0.0248  0.0254  0.0244  0.0244
  0.0245  0.0243  0.0240  0.0253  0.0252  0.0251  0.0243  0.0250  0.0242  0.0242  0.0240  0.0240
  0.0240  0.0239  0.0238  0.0245  0.0243  0.0244  0.0238  0.0240  0.0238  0.0237  0.0238  0.0238
  0.0238  0.0238  0.0238  0.0238  0.0237  0.0237  0.0237  0.0237  0.0237  0.0237  0.0237  0.0237
  0.0239  0.0239  0.0239  0.0235  0.0236  0.0234  0.0240  0.0239  0.0238  0.0240  0.0238  0.0238
  0.0243  0.0242  0.0241  0.0241  0.0245  0.0243  0.0246  0.0248  0.0241  0.0244  0.0241  0.0240
  0.0250  0.0248  0.0245  0.0262  0.0268  0.0268  0.0257  0.0264  0.0248  0.0251  0.0246  0.0244
niter,ni,del,rscale     3    3    5.0000    0.6000
parameters
   -3.1738  -10.3044    3.9362   -5.7273  -12.5743   -5.7703
    0.0816   -0.9051   -0.0853   -7.0414    1.8472    3.7576
eta,q 0.97654 14.13663
  0.0248  0.0244  0.0242  0.0256  0.0257  0.0254  0.0247  0.0260  0.0244  0.0249  0.0241  0.0241
  0.0242  0.0241  0.0239  0.0249  0.0248  0.0248  0.0240  0.0245  0.0239  0.0240  0.0237  0.0237
  0.0239  0.0238  0.0237  0.0242  0.0241  0.0242  0.0236  0.0237  0.0236  0.0235  0.0235  0.0235
  0.0237  0.0237  0.0237  0.0237  0.0236  0.0236  0.0235  0.0235  0.0235  0.0235  0.0235  0.0235
  0.0238  0.0238  0.0238  0.0235  0.0235  0.0232  0.0236  0.0237  0.0235  0.0236  0.0236  0.0235
  0.0241  0.0240  0.0239  0.0240  0.0241  0.0238  0.0241  0.0245  0.0238  0.0240  0.0238  0.0237
  0.0247  0.0245  0.0242  0.0255  0.0256  0.0255  0.0249  0.0258  0.0244  0.0246  0.0242  0.0240
niter,ni,del,rscale     2    3    5.0000    0.5000
parameters
   -3.1636  -10.3728    3.9892   -5.5525  -12.3577   -5.4597
    0.0471   -0.8894   -0.0673   -7.0422    1.6716    3.8252
eta,q 0.97673 14.16018
  0.0243  0.0240  0.0239  0.0249  0.0250  0.0249  0.0243  0.0252  0.0240  0.0243  0.0238  0.0238
  0.0238  0.0237  0.0237  0.0244  0.0243  0.0244  0.0237  0.0241  0.0236  0.0236  0.0235  0.0235
  0.0236  0.0235  0.0235  0.0238  0.0238  0.0239  0.0234  0.0234  0.0233  0.0233  0.0233  0.0233
  0.0235  0.0235  0.0235  0.0235  0.0234  0.0234  0.0233  0.0233  0.0233  0.0233  0.0233  0.0233
  0.0235  0.0235  0.0235  0.0234  0.0234  0.0232  0.0234  0.0235  0.0233  0.0234  0.0234  0.0233
  0.0238  0.0238  0.0236  0.0238  0.0238  0.0235  0.0237  0.0241  0.0236  0.0237  0.0236  0.0235
  0.0243  0.0241  0.0238  0.0249  0.0248  0.0248  0.0243  0.0251  0.0239  0.0242  0.0239  0.0237
niter,ni,del,rscale     1    3    5.0000    0.4000
parameters
   -3.1686  -10.4778    4.0776   -5.4402  -12.1884   -5.1672
    0.0026   -0.8912   -0.0034   -7.1479    1.5366    3.8785
eta,q 0.97686 14.17742
  0.0238  0.0236  0.0236  0.0243  0.0243  0.0245  0.0238  0.0245  0.0236  0.0238  0.0235  0.0235
  0.0235  0.0234  0.0234  0.0239  0.0238  0.0240  0.0234  0.0237  0.0234  0.0234  0.0233  0.0233
  0.0233  0.0233  0.0233  0.0235  0.0235  0.0236  0.0232  0.0233  0.0232  0.0232  0.0232  0.0232
  0.0233  0.0233  0.0233  0.0233  0.0232  0.0232  0.0231  0.0231  0.0231  0.0231  0.0231  0.0231
  0.0233  0.0233  0.0233  0.0232  0.0232  0.0231  0.0232  0.0233  0.0232  0.0233  0.0232  0.0232
  0.0235  0.0235  0.0234  0.0235  0.0235  0.0234  0.0235  0.0237  0.0233  0.0235  0.0233  0.0233
  0.0238  0.0238  0.0235  0.0243  0.0242  0.0242  0.0238  0.0244  0.0236  0.0239  0.0236  0.0235
registration optimization eta report
parameter search radius
    0.8000    0.8000    0.8000    2.4000    2.4000    2.4000
    2.4000    2.4000    2.4000    2.4000    2.4000    2.4000
100000*second partial in parameter space
       89.       65.       46.       18.       17.       19.
       12.       23.        8.       12.        7.        6.
  0.0238  0.0236  0.0236  0.0243  0.0243  0.0245  0.0238  0.0245  0.0236  0.0238  0.0235  0.0235
  0.0235  0.0234  0.0234  0.0239  0.0238  0.0240  0.0234  0.0237  0.0234  0.0234  0.0233  0.0233
  0.0233  0.0233  0.0233  0.0235  0.0235  0.0236  0.0232  0.0233  0.0232  0.0232  0.0232  0.0232
  0.0233  0.0233  0.0233  0.0233  0.0232  0.0232  0.0231  0.0231  0.0231  0.0231  0.0231  0.0231
  0.0233  0.0233  0.0233  0.0232  0.0232  0.0231  0.0232  0.0233  0.0232  0.0233  0.0232  0.0232
  0.0235  0.0235  0.0234  0.0235  0.0235  0.0234  0.0235  0.0237  0.0233  0.0235  0.0233  0.0233
  0.0238  0.0238  0.0235  0.0243  0.0242  0.0242  0.0238  0.0244  0.0236  0.0239  0.0236  0.0235
   -3.1686  -10.4778    4.0776   -5.4402  -12.1884   -5.1672
    0.0026   -0.8912   -0.0034   -7.1479    1.5366    3.8785
eta,q 0.97686 14.17742

---------------------------------------------------------------------
compute_vox2vox talsrcimg talsrcimg_to_711-2C_as_mni_average_305_t4 /opt/freesurfer/average/711-2C_as_mni_average_305
---------------------------------------------------------------------

freesurfer compute_vox2vox.c
Reading: talsrcimg.4dfp.ifh
Reading: talsrcimg_to_711-2C_as_mni_average_305_t4
Reading: /opt/freesurfer/average/711-2C_as_mni_average_305.4dfp.ifh
Writing: talsrcimg_to_711-2C_as_mni_average_305_t4_vox2vox.txt

start time Thu Mar 12 14:52:41 CET 2026
end		time Thu Mar 12 14:54:07 CET 2026

mpr2mni305 success

avi2talxfm orig_nu.mgz /opt/freesurfer/average/mni305.cor.mgz talsrcimg_to_711-2C_as_mni_average_305_t4_vox2vox.txt transforms/talairach.auto.xfm
avi2talxfm done
mv -f /out/sourcedata/freesurfer/sub-v1s20x0050281_ses-1/mri/talsrcimg_to_711-2C_as_mni_average_305_t4_vox2vox.txt /out/sourcedata/freesurfer/sub-v1s20x0050281_ses-1/mri/transforms/talsrcimg_to_711-2C_as_mni_average_305_t4_vox2vox.txt
lta_convert --src orig_nu.mgz --trg /opt/freesurfer/average/mni305.cor.mgz --inxfm transforms/talairach.auto.xfm --outlta transforms/talairach.auto.xfm.lta --subject fsaverage
7.3.2

--src: orig_nu.mgz src image (geometry).
--trg: /opt/freesurfer/average/mni305.cor.mgz trg image (geometry).
--inmni: transforms/talairach.auto.xfm input MNI/XFM transform.
--outlta: transforms/talairach.auto.xfm.lta output LTA.
--s: fsaverage subject name
 LTA read, type : 1
 1.05737   0.00990  -0.00047   2.78169;
-0.01708   1.05083  -0.04641  -5.25886;
-0.00135   0.08554   1.13502   10.78841;
 0.00000   0.00000   0.00000   1.00000;
setting subject to fsaverage
Writing  LTA to file transforms/talairach.auto.xfm.lta...
lta_convert successful.
 
 
Started at Thu Mar 12 14:52:40 CET 2026
Ended   at Thu Mar 12 14:54:07 CET 2026
talairach_avi done
