status file for recon-all
Mon Mar  9 08:01:30 CET 2026
#@# MotionCor Mon Mar  9 08:01:31 CET 2026
#@# Talairach Mon Mar  9 08:01:39 CET 2026
#@# Talairach Failure Detection Mon Mar  9 08:06:03 CET 2026
#@# Nu Intensity Correction Mon Mar  9 08:06:03 CET 2026
#@# Intensity Normalization Mon Mar  9 08:09:16 CET 2026
recon-all -s sub-v1s20x0050325_ses-1 finished without error at Mon Mar  9 08:10:41 CET 2026



#New# invocation of recon-all 



status file for recon-all
Mon Mar  9 08:17:15 CET 2026
#@# EM Registration Mon Mar  9 08:17:15 CET 2026
recon-all -s sub-v1s20x0050325_ses-1 finished without error at Mon Mar  9 08:19:06 CET 2026



#New# invocation of recon-all 



status file for recon-all
Mon Mar  9 08:19:09 CET 2026
#@# CA Normalize Mon Mar  9 08:19:09 CET 2026
#@# CA Reg Mon Mar  9 08:20:29 CET 2026
#@# SubCort Seg Mon Mar  9 09:01:44 CET 2026
#@# CC Seg Mon Mar  9 09:31:21 CET 2026
#@# Merge ASeg Mon Mar  9 09:32:16 CET 2026
#@# Intensity Normalization2 Mon Mar  9 09:32:16 CET 2026
#@# Mask BFS Mon Mar  9 09:34:21 CET 2026
#@# WM Segmentation Mon Mar  9 09:34:22 CET 2026
#@# Fill Mon Mar  9 09:36:25 CET 2026
recon-all -s sub-v1s20x0050325_ses-1 finished without error at Mon Mar  9 09:37:27 CET 2026



#New# invocation of recon-all 



status file for recon-all
Mon Mar  9 10:17:15 CET 2026
#@# white curv lh Mon Mar  9 10:17:15 CET 2026
#@# white area lh Mon Mar  9 10:17:15 CET 2026
#@# pial curv lh Mon Mar  9 10:17:15 CET 2026
#@# pial area lh Mon Mar  9 10:17:15 CET 2026
#@# thickness lh Mon Mar  9 10:17:15 CET 2026
#@# area and vertex vol lh Mon Mar  9 10:17:15 CET 2026
#@# white curv rh Mon Mar  9 10:17:15 CET 2026
#@# white area rh Mon Mar  9 10:17:15 CET 2026
#@# pial curv rh Mon Mar  9 10:17:15 CET 2026
#@# pial area rh Mon Mar  9 10:17:15 CET 2026
#@# thickness rh Mon Mar  9 10:17:16 CET 2026
#@# area and vertex vol rh Mon Mar  9 10:17:16 CET 2026
#@# Cortical ribbon mask Mon Mar  9 10:17:16 CET 2026
recon-all -s sub-v1s20x0050325_ses-1 finished without error at Mon Mar  9 10:21:56 CET 2026



#New# invocation of recon-all 



status file for recon-all
Mon Mar  9 10:27:36 CET 2026
#@# white curv lh Mon Mar  9 10:27:36 CET 2026
#@# white area lh Mon Mar  9 10:27:36 CET 2026
#@# pial curv lh Mon Mar  9 10:27:36 CET 2026
#@# pial area lh Mon Mar  9 10:27:36 CET 2026
#@# thickness lh Mon Mar  9 10:27:36 CET 2026
#@# area and vertex vol lh Mon Mar  9 10:27:36 CET 2026
#@# white curv rh Mon Mar  9 10:27:36 CET 2026
#@# white area rh Mon Mar  9 10:27:36 CET 2026
#@# pial curv rh Mon Mar  9 10:27:36 CET 2026
#@# pial area rh Mon Mar  9 10:27:36 CET 2026
#@# thickness rh Mon Mar  9 10:27:36 CET 2026
#@# area and vertex vol rh Mon Mar  9 10:27:36 CET 2026
#@# Curvature Stats lh Mon Mar  9 10:27:36 CET 2026
#@# Curvature Stats rh Mon Mar  9 10:27:38 CET 2026
#@# Relabel Hypointensities Mon Mar  9 10:27:40 CET 2026
#@# APas-to-ASeg Mon Mar  9 10:27:54 CET 2026
#@# AParc-to-ASeg aparc Mon Mar  9 10:28:01 CET 2026
#@# AParc-to-ASeg aparc.a2009s Mon Mar  9 10:28:27 CET 2026
#@# AParc-to-ASeg aparc.DKTatlas Mon Mar  9 10:28:53 CET 2026
#@# WMParc Mon Mar  9 10:29:18 CET 2026
#@# ASeg Stats Mon Mar  9 10:32:43 CET 2026
recon-all -s sub-v1s20x0050325_ses-1 finished without error at Mon Mar  9 10:33:13 CET 2026
