status file for recon-all
Mon Mar  9 09:37:33 CET 2026
#@# Tessellate lh Mon Mar  9 09:37:33 CET 2026
#@# Smooth1 lh Mon Mar  9 09:37:36 CET 2026
#@# Inflation1 lh Mon Mar  9 09:37:39 CET 2026
#@# QSphere lh Mon Mar  9 09:37:48 CET 2026
#@# Fix Topology lh Mon Mar  9 09:38:47 CET 2026
#@# Smooth2 lh Mon Mar  9 09:44:22 CET 2026
#@# Inflation2 lh Mon Mar  9 09:44:25 CET 2026
#@# Curv .H and .K lh Mon Mar  9 09:44:35 CET 2026
#@# Sphere lh Mon Mar  9 09:45:19 CET 2026
#@# Surf Reg lh Mon Mar  9 09:47:53 CET 2026
#@# Jacobian white lh Mon Mar  9 09:51:13 CET 2026
#@# AvgCurv lh Mon Mar  9 09:51:14 CET 2026
#@# Cortical Parc lh Mon Mar  9 09:51:15 CET 2026
#@# white curv lh Mon Mar  9 09:56:42 CET 2026
#@# white area lh Mon Mar  9 09:56:43 CET 2026
#@# pial curv lh Mon Mar  9 09:56:44 CET 2026
#@# pial area lh Mon Mar  9 09:56:45 CET 2026
#@# thickness lh Mon Mar  9 09:56:46 CET 2026
#@# area and vertex vol lh Mon Mar  9 09:57:13 CET 2026
#@# Curvature Stats lh Mon Mar  9 09:57:14 CET 2026
#@# Cortical Parc 2 lh Mon Mar  9 09:57:16 CET 2026
#@# Cortical Parc 3 lh Mon Mar  9 09:57:28 CET 2026
#@# WM/GM Contrast lh Mon Mar  9 09:57:38 CET 2026
recon-all -s sub-v1s20x0050325_ses-1 finished without error at Mon Mar  9 09:57:41 CET 2026



#New# invocation of recon-all 



status file for recon-all
Mon Mar  9 10:22:00 CET 2026
#@# white curv lh Mon Mar  9 10:22:00 CET 2026
#@# white area lh Mon Mar  9 10:22:00 CET 2026
#@# pial curv lh Mon Mar  9 10:22:00 CET 2026
#@# pial area lh Mon Mar  9 10:22:00 CET 2026
#@# thickness lh Mon Mar  9 10:22:00 CET 2026
#@# area and vertex vol lh Mon Mar  9 10:22:00 CET 2026
#@# Parcellation Stats lh Mon Mar  9 10:22:00 CET 2026
#@# Parcellation Stats 2 lh Mon Mar  9 10:22:16 CET 2026
#@# Parcellation Stats 3 lh Mon Mar  9 10:22:25 CET 2026
#@# BA_exvivo Labels lh Mon Mar  9 10:22:33 CET 2026
recon-all -s sub-v1s20x0050325_ses-1 finished without error at Mon Mar  9 10:24:45 CET 2026
