status file for recon-all
Mon Mar  9 09:57:45 CET 2026
#@# Tessellate rh Mon Mar  9 09:57:45 CET 2026
#@# Smooth1 rh Mon Mar  9 09:57:49 CET 2026
#@# Inflation1 rh Mon Mar  9 09:57:51 CET 2026
#@# QSphere rh Mon Mar  9 09:58:00 CET 2026
#@# Fix Topology rh Mon Mar  9 09:58:48 CET 2026
#@# Smooth2 rh Mon Mar  9 10:04:14 CET 2026
#@# Inflation2 rh Mon Mar  9 10:04:17 CET 2026
#@# Curv .H and .K rh Mon Mar  9 10:04:27 CET 2026
#@# Sphere rh Mon Mar  9 10:05:10 CET 2026
#@# Surf Reg rh Mon Mar  9 10:07:41 CET 2026
#@# Jacobian white rh Mon Mar  9 10:10:55 CET 2026
#@# AvgCurv rh Mon Mar  9 10:10:55 CET 2026
#@# Cortical Parc rh Mon Mar  9 10:10:56 CET 2026
#@# white curv rh Mon Mar  9 10:16:11 CET 2026
#@# white area rh Mon Mar  9 10:16:12 CET 2026
#@# pial curv rh Mon Mar  9 10:16:13 CET 2026
#@# pial area rh Mon Mar  9 10:16:14 CET 2026
#@# thickness rh Mon Mar  9 10:16:15 CET 2026
#@# area and vertex vol rh Mon Mar  9 10:16:42 CET 2026
#@# Curvature Stats rh Mon Mar  9 10:16:43 CET 2026
#@# Cortical Parc 2 rh Mon Mar  9 10:16:45 CET 2026
#@# Cortical Parc 3 rh Mon Mar  9 10:16:57 CET 2026
#@# WM/GM Contrast rh Mon Mar  9 10:17:06 CET 2026
recon-all -s sub-v1s20x0050325_ses-1 finished without error at Mon Mar  9 10:17:09 CET 2026



#New# invocation of recon-all 



status file for recon-all
Mon Mar  9 10:24:48 CET 2026
#@# white curv rh Mon Mar  9 10:24:48 CET 2026
#@# white area rh Mon Mar  9 10:24:48 CET 2026
#@# pial curv rh Mon Mar  9 10:24:48 CET 2026
#@# pial area rh Mon Mar  9 10:24:48 CET 2026
#@# thickness rh Mon Mar  9 10:24:48 CET 2026
#@# area and vertex vol rh Mon Mar  9 10:24:48 CET 2026
#@# Parcellation Stats rh Mon Mar  9 10:24:48 CET 2026
#@# Parcellation Stats 2 rh Mon Mar  9 10:25:04 CET 2026
#@# Parcellation Stats 3 rh Mon Mar  9 10:25:12 CET 2026
#@# BA_exvivo Labels rh Mon Mar  9 10:25:20 CET 2026
recon-all -s sub-v1s20x0050325_ses-1 finished without error at Mon Mar  9 10:27:31 CET 2026
