status file for recon-all
Thu Mar 12 17:00:45 CET 2026
#@# Tessellate rh Thu Mar 12 17:00:45 CET 2026
#@# Smooth1 rh Thu Mar 12 17:00:48 CET 2026
#@# Inflation1 rh Thu Mar 12 17:00:50 CET 2026
#@# QSphere rh Thu Mar 12 17:01:02 CET 2026
#@# Fix Topology rh Thu Mar 12 17:01:55 CET 2026
#@# Smooth2 rh Thu Mar 12 17:10:52 CET 2026
#@# Inflation2 rh Thu Mar 12 17:10:55 CET 2026
#@# Curv .H and .K rh Thu Mar 12 17:11:07 CET 2026
#@# Sphere rh Thu Mar 12 17:11:51 CET 2026
#@# Surf Reg rh Thu Mar 12 17:15:19 CET 2026
#@# Jacobian white rh Thu Mar 12 17:18:45 CET 2026
#@# AvgCurv rh Thu Mar 12 17:18:46 CET 2026
#@# Cortical Parc rh Thu Mar 12 17:18:47 CET 2026
#@# white curv rh Thu Mar 12 17:25:24 CET 2026
#@# white area rh Thu Mar 12 17:25:25 CET 2026
#@# pial curv rh Thu Mar 12 17:25:26 CET 2026
#@# pial area rh Thu Mar 12 17:25:28 CET 2026
#@# thickness rh Thu Mar 12 17:25:28 CET 2026
#@# area and vertex vol rh Thu Mar 12 17:25:56 CET 2026
#@# Curvature Stats rh Thu Mar 12 17:25:57 CET 2026
#@# Cortical Parc 2 rh Thu Mar 12 17:25:59 CET 2026
#@# Cortical Parc 3 rh Thu Mar 12 17:26:11 CET 2026
#@# WM/GM Contrast rh Thu Mar 12 17:26:21 CET 2026
recon-all -s sub-v1s20x0050281_ses-1 finished without error at Thu Mar 12 17:26:24 CET 2026



#New# invocation of recon-all 



status file for recon-all
Thu Mar 12 17:36:29 CET 2026
#@# white curv rh Thu Mar 12 17:36:29 CET 2026
#@# white area rh Thu Mar 12 17:36:29 CET 2026
#@# pial curv rh Thu Mar 12 17:36:29 CET 2026
#@# pial area rh Thu Mar 12 17:36:29 CET 2026
#@# thickness rh Thu Mar 12 17:36:29 CET 2026
#@# area and vertex vol rh Thu Mar 12 17:36:29 CET 2026
#@# Parcellation Stats rh Thu Mar 12 17:36:29 CET 2026
#@# Parcellation Stats 2 rh Thu Mar 12 17:36:45 CET 2026
#@# Parcellation Stats 3 rh Thu Mar 12 17:36:53 CET 2026
#@# BA_exvivo Labels rh Thu Mar 12 17:37:01 CET 2026
recon-all -s sub-v1s20x0050281_ses-1 finished without error at Thu Mar 12 17:39:20 CET 2026
