status file for recon-all
Thu Mar 12 20:53:29 CET 2026
#@# Tessellate lh Thu Mar 12 20:53:29 CET 2026
#@# Smooth1 lh Thu Mar 12 20:53:32 CET 2026
#@# Inflation1 lh Thu Mar 12 20:53:35 CET 2026
#@# QSphere lh Thu Mar 12 20:53:47 CET 2026
#@# Fix Topology lh Thu Mar 12 20:55:01 CET 2026
#@# Smooth2 lh Thu Mar 12 21:01:19 CET 2026
#@# Inflation2 lh Thu Mar 12 21:01:22 CET 2026
#@# Curv .H and .K lh Thu Mar 12 21:01:35 CET 2026
#@# Sphere lh Thu Mar 12 21:02:17 CET 2026
#@# Surf Reg lh Thu Mar 12 21:05:20 CET 2026
#@# Jacobian white lh Thu Mar 12 21:08:50 CET 2026
#@# AvgCurv lh Thu Mar 12 21:08:51 CET 2026
#@# Cortical Parc lh Thu Mar 12 21:08:52 CET 2026
#@# white curv lh Thu Mar 12 21:14:52 CET 2026
#@# white area lh Thu Mar 12 21:14:53 CET 2026
#@# pial curv lh Thu Mar 12 21:14:54 CET 2026
#@# pial area lh Thu Mar 12 21:14:55 CET 2026
#@# thickness lh Thu Mar 12 21:14:56 CET 2026
#@# area and vertex vol lh Thu Mar 12 21:15:23 CET 2026
#@# Curvature Stats lh Thu Mar 12 21:15:24 CET 2026
#@# Cortical Parc 2 lh Thu Mar 12 21:15:26 CET 2026
#@# Cortical Parc 3 lh Thu Mar 12 21:15:38 CET 2026
#@# WM/GM Contrast lh Thu Mar 12 21:15:47 CET 2026
recon-all -s sub-v1s20x0050374_ses-1 finished without error at Thu Mar 12 21:15:51 CET 2026



#New# invocation of recon-all 



status file for recon-all
Thu Mar 12 21:41:51 CET 2026
#@# white curv lh Thu Mar 12 21:41:51 CET 2026
#@# white area lh Thu Mar 12 21:41:51 CET 2026
#@# pial curv lh Thu Mar 12 21:41:51 CET 2026
#@# pial area lh Thu Mar 12 21:41:51 CET 2026
#@# thickness lh Thu Mar 12 21:41:51 CET 2026
#@# area and vertex vol lh Thu Mar 12 21:41:51 CET 2026
#@# Parcellation Stats lh Thu Mar 12 21:41:51 CET 2026
#@# Parcellation Stats 2 lh Thu Mar 12 21:42:06 CET 2026
#@# Parcellation Stats 3 lh Thu Mar 12 21:42:15 CET 2026
#@# BA_exvivo Labels lh Thu Mar 12 21:42:23 CET 2026
recon-all -s sub-v1s20x0050374_ses-1 finished without error at Thu Mar 12 21:44:45 CET 2026
