status file for recon-all
Thu Mar 12 19:12:10 CET 2026
#@# MotionCor Thu Mar 12 19:12:12 CET 2026
#@# Talairach Thu Mar 12 19:12:21 CET 2026
#@# Talairach Failure Detection Thu Mar 12 19:16:46 CET 2026
#@# Nu Intensity Correction Thu Mar 12 19:16:46 CET 2026
#@# Intensity Normalization Thu Mar 12 19:20:01 CET 2026
recon-all -s sub-v1s20x0050374_ses-1 finished without error at Thu Mar 12 19:21:28 CET 2026



#New# invocation of recon-all 



status file for recon-all
Thu Mar 12 19:28:12 CET 2026
#@# EM Registration Thu Mar 12 19:28:12 CET 2026
recon-all -s sub-v1s20x0050374_ses-1 finished without error at Thu Mar 12 19:30:10 CET 2026



#New# invocation of recon-all 



status file for recon-all
Thu Mar 12 19:30:14 CET 2026
#@# CA Normalize Thu Mar 12 19:30:14 CET 2026
#@# CA Reg Thu Mar 12 19:31:34 CET 2026
#@# SubCort Seg Thu Mar 12 20:19:31 CET 2026
#@# CC Seg Thu Mar 12 20:47:33 CET 2026
#@# Merge ASeg Thu Mar 12 20:48:12 CET 2026
#@# Intensity Normalization2 Thu Mar 12 20:48:12 CET 2026
#@# Mask BFS Thu Mar 12 20:50:21 CET 2026
#@# WM Segmentation Thu Mar 12 20:50:22 CET 2026
#@# Fill Thu Mar 12 20:52:23 CET 2026
recon-all -s sub-v1s20x0050374_ses-1 finished without error at Thu Mar 12 20:53:24 CET 2026



#New# invocation of recon-all 



status file for recon-all
Thu Mar 12 21:37:57 CET 2026
#@# white curv lh Thu Mar 12 21:37:57 CET 2026
#@# white area lh Thu Mar 12 21:37:57 CET 2026
#@# pial curv lh Thu Mar 12 21:37:57 CET 2026
#@# pial area lh Thu Mar 12 21:37:57 CET 2026
#@# thickness lh Thu Mar 12 21:37:57 CET 2026
#@# area and vertex vol lh Thu Mar 12 21:37:57 CET 2026
#@# white curv rh Thu Mar 12 21:37:57 CET 2026
#@# white area rh Thu Mar 12 21:37:57 CET 2026
#@# pial curv rh Thu Mar 12 21:37:57 CET 2026
#@# pial area rh Thu Mar 12 21:37:57 CET 2026
#@# thickness rh Thu Mar 12 21:37:57 CET 2026
#@# area and vertex vol rh Thu Mar 12 21:37:57 CET 2026
#@# Cortical ribbon mask Thu Mar 12 21:37:57 CET 2026
recon-all -s sub-v1s20x0050374_ses-1 finished without error at Thu Mar 12 21:41:46 CET 2026



#New# invocation of recon-all 



status file for recon-all
Thu Mar 12 21:47:47 CET 2026
#@# white curv lh Thu Mar 12 21:47:47 CET 2026
#@# white area lh Thu Mar 12 21:47:47 CET 2026
#@# pial curv lh Thu Mar 12 21:47:47 CET 2026
#@# pial area lh Thu Mar 12 21:47:47 CET 2026
#@# thickness lh Thu Mar 12 21:47:47 CET 2026
#@# area and vertex vol lh Thu Mar 12 21:47:47 CET 2026
#@# white curv rh Thu Mar 12 21:47:47 CET 2026
#@# white area rh Thu Mar 12 21:47:47 CET 2026
#@# pial curv rh Thu Mar 12 21:47:47 CET 2026
#@# pial area rh Thu Mar 12 21:47:47 CET 2026
#@# thickness rh Thu Mar 12 21:47:47 CET 2026
#@# area and vertex vol rh Thu Mar 12 21:47:47 CET 2026
#@# Curvature Stats lh Thu Mar 12 21:47:47 CET 2026
#@# Curvature Stats rh Thu Mar 12 21:47:49 CET 2026
#@# Relabel Hypointensities Thu Mar 12 21:47:52 CET 2026
#@# APas-to-ASeg Thu Mar 12 21:48:05 CET 2026
#@# AParc-to-ASeg aparc Thu Mar 12 21:48:13 CET 2026
#@# AParc-to-ASeg aparc.a2009s Thu Mar 12 21:48:42 CET 2026
#@# AParc-to-ASeg aparc.DKTatlas Thu Mar 12 21:49:13 CET 2026
#@# WMParc Thu Mar 12 21:49:39 CET 2026
#@# ASeg Stats Thu Mar 12 21:53:44 CET 2026
recon-all -s sub-v1s20x0050374_ses-1 finished without error at Thu Mar 12 21:54:25 CET 2026
