status file for recon-all
Mon Mar  9 09:35:58 CET 2026
#@# Tessellate lh Mon Mar  9 09:35:58 CET 2026
#@# Smooth1 lh Mon Mar  9 09:36:03 CET 2026
#@# Inflation1 lh Mon Mar  9 09:36:05 CET 2026
#@# QSphere lh Mon Mar  9 09:36:22 CET 2026
#@# Fix Topology lh Mon Mar  9 09:37:28 CET 2026
#@# Smooth2 lh Mon Mar  9 09:46:47 CET 2026
#@# Inflation2 lh Mon Mar  9 09:46:50 CET 2026
#@# Curv .H and .K lh Mon Mar  9 09:47:09 CET 2026
#@# Sphere lh Mon Mar  9 09:47:54 CET 2026
#@# Surf Reg lh Mon Mar  9 09:51:40 CET 2026
#@# Jacobian white lh Mon Mar  9 09:56:33 CET 2026
#@# AvgCurv lh Mon Mar  9 09:56:34 CET 2026
#@# Cortical Parc lh Mon Mar  9 09:56:35 CET 2026
#@# white curv lh Mon Mar  9 10:02:59 CET 2026
#@# white area lh Mon Mar  9 10:03:01 CET 2026
#@# pial curv lh Mon Mar  9 10:03:02 CET 2026
#@# pial area lh Mon Mar  9 10:03:04 CET 2026
#@# thickness lh Mon Mar  9 10:03:04 CET 2026
#@# area and vertex vol lh Mon Mar  9 10:03:33 CET 2026
#@# Curvature Stats lh Mon Mar  9 10:03:34 CET 2026
#@# Cortical Parc 2 lh Mon Mar  9 10:03:37 CET 2026
#@# Cortical Parc 3 lh Mon Mar  9 10:03:49 CET 2026
#@# WM/GM Contrast lh Mon Mar  9 10:03:59 CET 2026
recon-all -s sub-v1s20x0050316_ses-1 finished without error at Mon Mar  9 10:04:03 CET 2026



#New# invocation of recon-all 



status file for recon-all
Mon Mar  9 10:42:45 CET 2026
#@# white curv lh Mon Mar  9 10:42:45 CET 2026
#@# white area lh Mon Mar  9 10:42:45 CET 2026
#@# pial curv lh Mon Mar  9 10:42:45 CET 2026
#@# pial area lh Mon Mar  9 10:42:45 CET 2026
#@# thickness lh Mon Mar  9 10:42:45 CET 2026
#@# area and vertex vol lh Mon Mar  9 10:42:45 CET 2026
#@# Parcellation Stats lh Mon Mar  9 10:42:45 CET 2026
#@# Parcellation Stats 2 lh Mon Mar  9 10:43:03 CET 2026
#@# Parcellation Stats 3 lh Mon Mar  9 10:43:12 CET 2026
#@# BA_exvivo Labels lh Mon Mar  9 10:43:21 CET 2026
recon-all -s sub-v1s20x0050316_ses-1 finished without error at Mon Mar  9 10:46:03 CET 2026
