status file for recon-all
Mon Mar  9 09:34:53 CET 2026
#@# Tessellate rh Mon Mar  9 09:34:53 CET 2026
#@# Smooth1 rh Mon Mar  9 09:34:57 CET 2026
#@# Inflation1 rh Mon Mar  9 09:35:00 CET 2026
#@# QSphere rh Mon Mar  9 09:35:09 CET 2026
#@# Fix Topology rh Mon Mar  9 09:36:03 CET 2026
#@# Smooth2 rh Mon Mar  9 09:42:10 CET 2026
#@# Inflation2 rh Mon Mar  9 09:42:12 CET 2026
#@# Curv .H and .K rh Mon Mar  9 09:42:22 CET 2026
#@# Sphere rh Mon Mar  9 09:43:08 CET 2026
#@# Surf Reg rh Mon Mar  9 09:46:00 CET 2026
#@# Jacobian white rh Mon Mar  9 09:49:18 CET 2026
#@# AvgCurv rh Mon Mar  9 09:49:18 CET 2026
#@# Cortical Parc rh Mon Mar  9 09:49:19 CET 2026
#@# white curv rh Mon Mar  9 09:55:00 CET 2026
#@# white area rh Mon Mar  9 09:55:02 CET 2026
#@# pial curv rh Mon Mar  9 09:55:02 CET 2026
#@# pial area rh Mon Mar  9 09:55:04 CET 2026
#@# thickness rh Mon Mar  9 09:55:04 CET 2026
#@# area and vertex vol rh Mon Mar  9 09:55:33 CET 2026
#@# Curvature Stats rh Mon Mar  9 09:55:34 CET 2026
#@# Cortical Parc 2 rh Mon Mar  9 09:55:36 CET 2026
#@# Cortical Parc 3 rh Mon Mar  9 09:55:49 CET 2026
#@# WM/GM Contrast rh Mon Mar  9 09:55:58 CET 2026
recon-all -s sub-v1s20x0050315_ses-1 finished without error at Mon Mar  9 09:56:01 CET 2026



#New# invocation of recon-all 



status file for recon-all
Mon Mar  9 10:03:28 CET 2026
#@# white curv rh Mon Mar  9 10:03:28 CET 2026
#@# white area rh Mon Mar  9 10:03:28 CET 2026
#@# pial curv rh Mon Mar  9 10:03:28 CET 2026
#@# pial area rh Mon Mar  9 10:03:28 CET 2026
#@# thickness rh Mon Mar  9 10:03:28 CET 2026
#@# area and vertex vol rh Mon Mar  9 10:03:28 CET 2026
#@# Parcellation Stats rh Mon Mar  9 10:03:28 CET 2026
#@# Parcellation Stats 2 rh Mon Mar  9 10:03:45 CET 2026
#@# Parcellation Stats 3 rh Mon Mar  9 10:03:54 CET 2026
#@# BA_exvivo Labels rh Mon Mar  9 10:04:03 CET 2026
recon-all -s sub-v1s20x0050315_ses-1 finished without error at Mon Mar  9 10:06:20 CET 2026
