status file for recon-all
Thu Mar 12 16:35:46 CET 2026
#@# Tessellate rh Thu Mar 12 16:35:46 CET 2026
#@# Smooth1 rh Thu Mar 12 16:35:49 CET 2026
#@# Inflation1 rh Thu Mar 12 16:35:51 CET 2026
#@# QSphere rh Thu Mar 12 16:36:06 CET 2026
#@# Fix Topology rh Thu Mar 12 16:36:58 CET 2026
#@# Smooth2 rh Thu Mar 12 16:45:10 CET 2026
#@# Inflation2 rh Thu Mar 12 16:45:13 CET 2026
#@# Curv .H and .K rh Thu Mar 12 16:45:29 CET 2026
#@# Sphere rh Thu Mar 12 16:46:10 CET 2026
#@# Surf Reg rh Thu Mar 12 16:49:41 CET 2026
#@# Jacobian white rh Thu Mar 12 16:54:19 CET 2026
#@# AvgCurv rh Thu Mar 12 16:54:20 CET 2026
#@# Cortical Parc rh Thu Mar 12 16:54:21 CET 2026
#@# white curv rh Thu Mar 12 17:01:13 CET 2026
#@# white area rh Thu Mar 12 17:01:15 CET 2026
#@# pial curv rh Thu Mar 12 17:01:15 CET 2026
#@# pial area rh Thu Mar 12 17:01:17 CET 2026
#@# thickness rh Thu Mar 12 17:01:17 CET 2026
#@# area and vertex vol rh Thu Mar 12 17:01:39 CET 2026
#@# Curvature Stats rh Thu Mar 12 17:01:41 CET 2026
#@# Cortical Parc 2 rh Thu Mar 12 17:01:42 CET 2026
#@# Cortical Parc 3 rh Thu Mar 12 17:01:53 CET 2026
#@# WM/GM Contrast rh Thu Mar 12 17:02:01 CET 2026
recon-all -s sub-v1s20x0050278_ses-1 finished without error at Thu Mar 12 17:02:03 CET 2026



#New# invocation of recon-all 



status file for recon-all
Thu Mar 12 17:10:48 CET 2026
#@# white curv rh Thu Mar 12 17:10:48 CET 2026
#@# white area rh Thu Mar 12 17:10:48 CET 2026
#@# pial curv rh Thu Mar 12 17:10:48 CET 2026
#@# pial area rh Thu Mar 12 17:10:48 CET 2026
#@# thickness rh Thu Mar 12 17:10:49 CET 2026
#@# area and vertex vol rh Thu Mar 12 17:10:49 CET 2026
#@# Parcellation Stats rh Thu Mar 12 17:10:49 CET 2026
#@# Parcellation Stats 2 rh Thu Mar 12 17:11:06 CET 2026
#@# Parcellation Stats 3 rh Thu Mar 12 17:11:15 CET 2026
#@# BA_exvivo Labels rh Thu Mar 12 17:11:24 CET 2026
recon-all -s sub-v1s20x0050278_ses-1 finished without error at Thu Mar 12 17:13:32 CET 2026
