/out/sourcedata/freesurfer/sub-v1s20x0050342_ses-1/mri
/opt/freesurfer/bin/talairach_avi
--i orig_nu.mgz --xfm transforms/talairach.auto.xfm
talairach_avi 7.3.2
Linux dna020 5.14.0-427.37.1.el9_4.x86_64 #1 SMP PREEMPT_DYNAMIC Fri Sep 13 12:41:50 EDT 2024 x86_64 x86_64 x86_64 GNU/Linux
Thu Mar 12 18:00:36 CET 2026
mri_convert orig_nu.mgz talsrcimg.img 
reading from orig_nu.mgz...
TR=0.00, TE=0.00, TI=0.00, flip angle=0.00
i_ras = (-1, 0, 0)
j_ras = (0, 0, -1)
k_ras = (0, 1, 0)
writing to talsrcimg.img...
Analyze Output Matrix
-1.00000   0.00000   0.00000   129.50778;
 0.00000   0.00000   1.00000  -128.49219;
 0.00000  -1.00000   0.00000   129.70001;
 0.00000   0.00000   0.00000   1.00000;
--------------------
INFO: set hdr.hist.orient to -1
mpr2mni305 talsrcimg
Thu Mar 12 18:00:37 CET 2026
/opt/freesurfer/bin/mpr2mni305 talsrcimg
mpr2mni305 7.3.2
target=711-2C_as_mni_average_305

---------------------------------------------------------------------
analyzeto4dfp talsrcimg -O0 -y
---------------------------------------------------------------------

freesurfer ifh2hdr.c
Thu Mar 12 18:00:37 2026
Writing: talsrcimg.4dfp.hdr
freesurfer analyzeto4dfp.c
Reading: talsrcimg.hdr
header size 348 bytes
hdr.dime.datatype	offset=70	value=2
hdr.dime.bitpix		offset=72	value=8
hdr.hist.orient		offset=252	value=-1
dimensionality     4
dimensions       256       256       256         1
Reading: talsrcimg.img
Writing: talsrcimg.4dfp.img
Writing: talsrcimg.4dfp.ifh
ifh2hdr talsrcimg -r0to233
ori=2

---------------------------------------------------------------------
gauss_4dfp talsrcimg 1.1
---------------------------------------------------------------------

freesurfer gauss_4dfp.c
Reading: talsrcimg.4dfp.img
Writing: talsrcimg_g11.4dfp.img
image dimensions 256 256 256 padded to 288 288 288
processing volume 1freesurfer ifh2hdr.c
Thu Mar 12 18:00:38 2026
Writing: talsrcimg_g11.4dfp.hdr

Writing: talsrcimg_g11.4dfp.ifh
including: talsrcimg.4dfp.img.rec in talsrcimg_g11.4dfp.img.rec

---------------------------------------------------------------------
imgreg_4dfp /opt/freesurfer/average/711-2C_as_mni_average_305 none talsrcimg_g11 none talsrcimg_to_711-2C_as_mni_average_305_t4 4355
---------------------------------------------------------------------

freesurfer imgreg_4dfp.c
/opt/freesurfer/average/711-2C_as_mni_average_305.4dfp.img
       256       256       256         1
  1.000000  1.000000  1.000000
orientation T byte_order littleendian
Reading image: /opt/freesurfer/average/711-2C_as_mni_average_305.4dfp.img
dimensions:      256       256       256
mmppix:       1.0000   -1.0000   -1.0000
center:     128.0000 -129.0000 -129.0000
talsrcimg_g11.4dfp.img
       256       256       256         1
  1.000000  1.000000  1.000000
orientation T byte_order littleendian
Reading image: talsrcimg_g11.4dfp.img
dimensions:      256       256       256
mmppix:       1.0000   -1.0000   -1.0000
center:     128.0000 -129.0000 -129.0000
t4_read: open error in t4_sub.f l:  41 t4_file(1:l)talsrcimg_to_711-2C_as_mni_average_305_t4 
t4_read: transform initialized to I4
rotation matrix determinant  1.000000
image alignment mode   4355 decimal     1103 hex
   -7.5000  -45.0000  -45.0000 8073.4141   21.7218
    0.0000  -45.0000  -45.0000 8479.2109   21.8071
    7.5000  -45.0000  -45.0000 8170.2969   21.8580
   -7.5000  -37.5000  -45.0000 8587.3330   21.7391
    0.0000  -37.5000  -45.0000 9018.2783   21.8274
    7.5000  -37.5000  -45.0000 8677.7080   21.8685
   -7.5000  -30.0000  -45.0000 9353.2627   21.7137
    0.0000  -30.0000  -45.0000 9819.9473   21.7970
    7.5000  -30.0000  -45.0000 9439.2383   21.8258
   -7.5000  -22.5000  -45.000010086.2402   21.6676
    0.0000  -22.5000  -45.000010560.7148   21.7420
    7.5000  -22.5000  -45.000010169.6348   21.7699
   -7.5000  -15.0000  -45.000010674.8037   21.6475
    0.0000  -15.0000  -45.000011198.5762   21.7189
    7.5000  -15.0000  -45.000010734.0215   21.7547
   -7.5000   -7.5000  -45.000011208.2832   21.6762
    0.0000   -7.5000  -45.000011787.4297   21.7536
    7.5000   -7.5000  -45.000011283.8545   21.8000
   -7.5000    0.0000  -45.000011717.1123   21.7218
    0.0000    0.0000  -45.000012324.8955   21.8071
    7.5000    0.0000  -45.000011823.9814   21.8580
   -7.5000    7.5000  -45.000011430.0820   21.7391
    0.0000    7.5000  -45.000012033.6309   21.8274
    7.5000    7.5000  -45.000011506.7803   21.8685
   -7.5000   15.0000  -45.000011017.0361   21.7137
    0.0000   15.0000  -45.000011558.8467   21.7970
    7.5000   15.0000  -45.000011050.6367   21.8258
   -7.5000   22.5000  -45.000010386.7344   21.6646
    0.0000   22.5000  -45.000010851.4824   21.7390
    7.5000   22.5000  -45.000010330.4512   21.7669
   -7.5000   30.0000  -45.0000 9522.5918   21.3590
    0.0000   30.0000  -45.0000 9937.3916   21.4295
    7.5000   30.0000  -45.0000 9454.8633   21.4648
   -7.5000   37.5000  -45.0000 8937.7725   21.3873
    0.0000   37.5000  -45.0000 9342.3086   21.4637
    7.5000   37.5000  -45.0000 8925.1357   21.5095
   -7.5000   45.0000  -45.0000 8063.9204   20.8881
    0.0000   45.0000  -45.0000 8438.7002   20.9701
    7.5000   45.0000  -45.0000 8054.9199   21.0191
   -7.5000  -45.0000  -37.5000 8614.0342   21.7612
    0.0000  -45.0000  -37.5000 9071.6426   21.8651
    7.5000  -45.0000  -37.5000 8706.8799   21.9178
   -7.5000  -37.5000  -37.5000 9133.0781   21.7707
    0.0000  -37.5000  -37.5000 9627.8828   21.8745
    7.5000  -37.5000  -37.5000 9238.3145   21.9204
   -7.5000  -30.0000  -37.5000 9917.5244   21.7190
    0.0000  -30.0000  -37.500010439.6025   21.8158
    7.5000  -30.0000  -37.500010020.5361   21.8557
   -7.5000  -22.5000  -37.500010712.9199   21.6534
    0.0000  -22.5000  -37.500011222.3564   21.7432
    7.5000  -22.5000  -37.500010779.0615   21.7856
   -7.5000  -15.0000  -37.500011320.9482   21.6376
    0.0000  -15.0000  -37.500011952.5898   21.7274
    7.5000  -15.0000  -37.500011419.9619   21.7754
   -7.5000   -7.5000  -37.500011872.3818   21.6937
    0.0000   -7.5000  -37.500012557.5967   21.7907
    7.5000   -7.5000  -37.500011982.6611   21.8430
   -7.5000    0.0000  -37.500012352.7793   21.7612
    0.0000    0.0000  -37.500013048.6055   21.8651
    7.5000    0.0000  -37.500012470.6748   21.9178
   -7.5000    7.5000  -37.500011984.5039   21.7707
    0.0000    7.5000  -37.500012673.3828   21.8745
    7.5000    7.5000  -37.500012094.6318   21.9204
   -7.5000   15.0000  -37.500011544.6816   21.7190
    0.0000   15.0000  -37.500012155.5840   21.8158
    7.5000   15.0000  -37.500011596.8389   21.8557
   -7.5000   22.5000  -37.500010868.8066   21.6504
    0.0000   22.5000  -37.500011429.5645   21.7402
    7.5000   22.5000  -37.500010869.4854   21.7826
   -7.5000   30.0000  -37.5000 9929.5996   21.3493
    0.0000   30.0000  -37.500010419.8027   21.4379
    7.5000   30.0000  -37.5000 9926.8555   21.4853
   -7.5000   37.5000  -37.5000 9322.5596   21.4046
    0.0000   37.5000  -37.5000 9767.0234   21.5003
    7.5000   37.5000  -37.5000 9333.4199   21.5519
   -7.5000   45.0000  -37.5000 8409.8398   20.9260
    0.0000   45.0000  -37.5000 8822.3916   21.0259
    7.5000   45.0000  -37.5000 8430.6641   21.0766
   -7.5000  -45.0000  -30.0000 9291.7070   22.7053
    0.0000  -45.0000  -30.0000 9795.6797   22.8336
    7.5000  -45.0000  -30.0000 9382.8721   22.8827
   -7.5000  -37.5000  -30.0000 9820.3994   22.7173
    0.0000  -37.5000  -30.000010369.2559   22.8461
    7.5000  -37.5000  -30.0000 9946.3105   22.8921
   -7.5000  -30.0000  -30.000010639.4111   22.6541
    0.0000  -30.0000  -30.000011223.3311   22.7776
    7.5000  -30.0000  -30.000010772.3203   22.8269
   -7.5000  -22.5000  -30.000011461.7041   22.5751
    0.0000  -22.5000  -30.000012079.8213   22.6927
    7.5000  -22.5000  -30.000011563.4873   22.7500
   -7.5000  -15.0000  -30.000012053.1807   22.5554
    0.0000  -15.0000  -30.000012872.0996   22.6718
    7.5000  -15.0000  -30.000012285.7197   22.7315
   -7.5000   -7.5000  -30.000012645.5957   22.6223
    0.0000   -7.5000  -30.000013492.8066   22.7441
    7.5000   -7.5000  -30.000012896.6338   22.7990
   -7.5000    0.0000  -30.000013159.7764   22.7053
    0.0000    0.0000  -30.000014015.7695   22.8336
    7.5000    0.0000  -30.000013385.5186   22.8827
   -7.5000    7.5000  -30.000012744.6504   22.7173
    0.0000    7.5000  -30.000013530.9014   22.8461
    7.5000    7.5000  -30.000012933.5791   22.8921
   -7.5000   15.0000  -30.000012230.7715   22.6541
    0.0000   15.0000  -30.000012943.5283   22.7776
    7.5000   15.0000  -30.000012379.9785   22.8269
   -7.5000   22.5000  -30.000011517.8096   22.5697
    0.0000   22.5000  -30.000012184.0205   22.6873
    7.5000   22.5000  -30.000011637.5518   22.7445
   -7.5000   30.0000  -30.000010530.1445   22.2569
    0.0000   30.0000  -30.000011119.0059   22.3718
    7.5000   30.0000  -30.000010616.8604   22.4307
   -7.5000   37.5000  -30.0000 9869.5166   22.3229
    0.0000   37.5000  -30.000010385.7549   22.4431
    7.5000   37.5000  -30.0000 9945.0146   22.4974
   -7.5000   45.0000  -30.0000 8841.5928   21.8499
    0.0000   45.0000  -30.0000 9302.7930   21.9734
    7.5000   45.0000  -30.0000 8921.5420   22.0206
   -7.5000  -45.0000  -22.5000 9968.7178   23.4712
    0.0000  -45.0000  -22.500010530.0303   23.6037
    7.5000  -45.0000  -22.500010079.9922   23.6465
   -7.5000  -37.5000  -22.500010540.8057   23.4967
    0.0000  -37.5000  -22.500011145.9092   23.6344
    7.5000  -37.5000  -22.500010705.2949   23.6734
   -7.5000  -30.0000  -22.500011397.5732   23.4533
    0.0000  -30.0000  -22.500012065.6982   23.5900
    7.5000  -30.0000  -22.500011586.7842   23.6349
   -7.5000  -22.5000  -22.500012195.3916   23.3823
    0.0000  -22.5000  -22.500012987.9277   23.5124
    7.5000  -22.5000  -22.500012408.9014   23.5680
   -7.5000  -15.0000  -22.500012801.4541   23.3513
    0.0000  -15.0000  -22.500013716.9775   23.4758
    7.5000  -15.0000  -22.500013151.6699   23.5336
   -7.5000   -7.5000  -22.500013450.3164   23.3967
    0.0000   -7.5000  -22.500014362.4082   23.5227
    7.5000   -7.5000  -22.500013802.3018   23.5736
   -7.5000    0.0000  -22.500013980.0918   23.4712
    0.0000    0.0000  -22.500014913.0518   23.6037
    7.5000    0.0000  -22.500014342.1357   23.6465
   -7.5000    7.5000  -22.500013547.5977   23.4967
    0.0000    7.5000  -22.500014415.7168   23.6344
    7.5000    7.5000  -22.500013870.0225   23.6734
   -7.5000   15.0000  -22.500012971.0938   23.4533
    0.0000   15.0000  -22.500013807.1084   23.5900
    7.5000   15.0000  -22.500013262.6689   23.6349
   -7.5000   22.5000  -22.500012197.0654   23.3751
    0.0000   22.5000  -22.500012970.4912   23.5052
    7.5000   22.5000  -22.500012440.0059   23.5607
   -7.5000   30.0000  -22.500011150.4971   23.0458
    0.0000   30.0000  -22.500011849.7275   23.1688
    7.5000   30.0000  -22.500011384.2744   23.2257
   -7.5000   37.5000  -22.500010425.6650   23.0906
    0.0000   37.5000  -22.500011043.2715   23.2150
    7.5000   37.5000  -22.500010605.3906   23.2652
   -7.5000   45.0000  -22.5000 9319.2031   22.6039
    0.0000   45.0000  -22.5000 9836.4814   22.7316
    7.5000   45.0000  -22.5000 9440.2178   22.7728
   -7.5000  -45.0000  -15.000010558.5312   23.9884
    0.0000  -45.0000  -15.000011210.2959   24.1047
    7.5000  -45.0000  -15.000010746.2695   24.1466
   -7.5000  -37.5000  -15.000011198.2842   24.0247
    0.0000  -37.5000  -15.000011895.0420   24.1502
    7.5000  -37.5000  -15.000011457.2744   24.1845
   -7.5000  -30.0000  -15.000012185.6777   24.0114
    0.0000  -30.0000  -15.000012963.4922   24.1386
    7.5000  -30.0000  -15.000012462.8145   24.1722
   -7.5000  -22.5000  -15.000012991.9668   23.9611
    0.0000  -22.5000  -15.000013985.7158   24.0795
    7.5000  -22.5000  -15.000013413.4639   24.1208
   -7.5000  -15.0000  -15.000013582.7539   23.9231
    0.0000  -15.0000  -15.000014518.2275   24.0323
    7.5000  -15.0000  -15.000014086.0869   24.0785
   -7.5000   -7.5000  -15.000014204.0254   23.9370
    0.0000   -7.5000  -15.000015066.5967   24.0459
    7.5000   -7.5000  -15.000014731.2705   24.0919
   -7.5000    0.0000  -15.000014784.3232   23.9884
    0.0000    0.0000  -15.000015723.2344   24.1047
    7.5000    0.0000  -15.000015294.5898   24.1466
   -7.5000    7.5000  -15.000014332.0898   24.0247
    0.0000    7.5000  -15.000015259.2383   24.1502
    7.5000    7.5000  -15.000014776.1826   24.1845
   -7.5000   15.0000  -15.000013704.5176   24.0114
    0.0000   15.0000  -15.000014585.9834   24.1386
    7.5000   15.0000  -15.000014091.2139   24.1722
   -7.5000   22.5000  -15.000012882.1973   23.9526
    0.0000   22.5000  -15.000013688.9727   24.0710
    7.5000   22.5000  -15.000013205.9180   24.1123
   -7.5000   30.0000  -15.000011772.2988   23.6135
    0.0000   30.0000  -15.000012542.3271   23.7212
    7.5000   30.0000  -15.000012090.4268   23.7669
   -7.5000   37.5000  -15.000010986.2852   23.6273
    0.0000   37.5000  -15.000011690.0371   23.7347
    7.5000   37.5000  -15.000011240.5498   23.7801
   -7.5000   45.0000  -15.0000 9795.9883   23.1159
    0.0000   45.0000  -15.000010368.6797   23.2281
    7.5000   45.0000  -15.0000 9955.7666   23.2684
   -7.5000  -45.0000   -7.500011117.0615   24.2414
    0.0000  -45.0000   -7.500011753.7383   24.3384
    7.5000  -45.0000   -7.500011345.3965   24.3871
   -7.5000  -37.5000   -7.500011822.7627   24.2732
    0.0000  -37.5000   -7.500012510.7480   24.3783
    7.5000  -37.5000   -7.500012072.4932   24.4165
   -7.5000  -30.0000   -7.500012992.4199   24.2663
    0.0000  -30.0000   -7.500013885.4678   24.3707
    7.5000  -30.0000   -7.500013351.0566   24.3985
   -7.5000  -22.5000   -7.500013879.2266   24.2262
    0.0000  -22.5000   -7.500015037.6865   24.3198
    7.5000  -22.5000   -7.500014541.9883   24.3493
   -7.5000  -15.0000   -7.500014449.9766   24.1937
    0.0000  -15.0000   -7.500015335.7949   24.2796
    7.5000  -15.0000   -7.500015128.5547   24.3167
   -7.5000   -7.5000   -7.500015025.3916   24.2021
    0.0000   -7.5000   -7.500015783.1895   24.2904
    7.5000   -7.5000   -7.500015640.7803   24.3365
   -7.5000    0.0000   -7.500015618.9521   24.2414
    0.0000    0.0000   -7.500016459.7578   24.3384
    7.5000    0.0000   -7.500016187.7432   24.3871
   -7.5000    7.5000   -7.500015175.8711   24.2732
    0.0000    7.5000   -7.500016052.2510   24.3783
    7.5000    7.5000   -7.500015658.0137   24.4165
   -7.5000   15.0000   -7.500014509.3887   24.2663
    0.0000   15.0000   -7.500015387.1973   24.3707
    7.5000   15.0000   -7.500014925.8037   24.3985
   -7.5000   22.5000   -7.500013592.5410   24.2150
    0.0000   22.5000   -7.500014423.5244   24.3086
    7.5000   22.5000   -7.500013914.2910   24.3381
   -7.5000   30.0000   -7.500012454.4287   23.8800
    0.0000   30.0000   -7.500013262.5186   23.9647
    7.5000   30.0000   -7.500012768.5107   24.0013
   -7.5000   37.5000   -7.500011665.3838   23.8883
    0.0000   37.5000   -7.500012371.0381   23.9754
    7.5000   37.5000   -7.500011896.0234   24.0209
   -7.5000   45.0000   -7.500010334.1318   23.3641
    0.0000   45.0000   -7.500010963.7861   23.4576
    7.5000   45.0000   -7.500010516.2783   23.5046
   -7.5000  -45.0000    0.000011570.3145   24.3073
    0.0000  -45.0000    0.000012188.9639   24.4027
    7.5000  -45.0000    0.000011834.0918   24.4597
   -7.5000  -37.5000    0.000012323.3896   24.3266
    0.0000  -37.5000    0.000012946.4541   24.4254
    7.5000  -37.5000    0.000012652.2920   24.4714
   -7.5000  -30.0000    0.000013517.8740   24.2981
    0.0000  -30.0000    0.000014600.0059   24.3914
    7.5000  -30.0000    0.000014161.6143   24.4236
   -7.5000  -22.5000    0.000014678.6963   24.2466
    0.0000  -22.5000    0.000015935.7109   24.3298
    7.5000  -22.5000    0.000015382.3809   24.3611
   -7.5000  -15.0000    0.000015388.7959   24.2241
    0.0000  -15.0000    0.000016256.6455   24.3041
    7.5000  -15.0000    0.000015911.0049   24.3441
   -7.5000   -7.5000    0.000016001.7246   24.2562
    0.0000   -7.5000    0.000016695.4453   24.3429
    7.5000   -7.5000    0.000016454.5195   24.3948
   -7.5000    0.0000    0.000016571.4609   24.3073
    0.0000    0.0000    0.000017404.9023   24.4027
    7.5000    0.0000    0.000017006.3867   24.4597
   -7.5000    7.5000    0.000016028.1719   24.3266
    0.0000    7.5000    0.000016973.8438   24.4254
    7.5000    7.5000    0.000016399.5664   24.4714
   -7.5000   15.0000    0.000015289.0996   24.2981
    0.0000   15.0000    0.000016232.0752   24.3914
    7.5000   15.0000    0.000015578.4521   24.4236
   -7.5000   22.5000    0.000014225.8340   24.2354
    0.0000   22.5000    0.000015125.7256   24.3186
    7.5000   22.5000    0.000014476.5938   24.3499
   -7.5000   30.0000    0.000012956.1377   23.9106
    0.0000   30.0000    0.000013852.3770   23.9895
    7.5000   30.0000    0.000013255.8213   24.0290
   -7.5000   37.5000    0.000012133.7734   23.9423
    0.0000   37.5000    0.000012921.9336   24.0278
    7.5000   37.5000    0.000012378.0039   24.0790
   -7.5000   45.0000    0.000010747.6035   23.4294
    0.0000   45.0000    0.000011451.0371   23.5214
    7.5000   45.0000    0.000010919.0801   23.5763
   -7.5000  -45.0000    7.500011156.4346   24.3514
    0.0000  -45.0000    7.500011692.7754   24.4677
    7.5000  -45.0000    7.500011382.7139   24.5266
   -7.5000  -37.5000    7.500011831.8457   24.3620
    0.0000  -37.5000    7.500012457.5674   24.4781
    7.5000  -37.5000    7.500012170.8506   24.5295
   -7.5000  -30.0000    7.500012937.3125   24.3041
    0.0000  -30.0000    7.500013845.8906   24.4125
    7.5000  -30.0000    7.500013324.4482   24.4572
   -7.5000  -22.5000    7.500014054.6797   24.2307
    0.0000  -22.5000    7.500015022.1943   24.3312
    7.5000  -22.5000    7.500014215.0664   24.3786
   -7.5000  -15.0000    7.500014915.1719   24.2131
    0.0000  -15.0000    7.500015760.3877   24.3136
    7.5000  -15.0000    7.500014906.9414   24.3673
   -7.5000   -7.5000    7.500015614.1895   24.2758
    0.0000   -7.5000    7.500016536.0449   24.3844
    7.5000   -7.5000    7.500015711.5195   24.4429
   -7.5000    0.0000    7.500016143.0107   24.3514
    0.0000    0.0000    7.500017172.3184   24.4677
    7.5000    0.0000    7.500016284.0557   24.5266
   -7.5000    7.5000    7.500015581.6094   24.3620
    0.0000    7.5000    7.500016558.6172   24.4781
    7.5000    7.5000    7.500015694.4512   24.5295
   -7.5000   15.0000    7.500014784.1895   24.3041
    0.0000   15.0000    7.500015693.4482   24.4125
    7.5000   15.0000    7.500014888.5938   24.4572
   -7.5000   22.5000    7.500013720.9756   24.2196
    0.0000   22.5000    7.500014574.0488   24.3200
    7.5000   22.5000    7.500013859.3193   24.3674
   -7.5000   30.0000    7.500012486.1211   23.8997
    0.0000   30.0000    7.500013333.5088   23.9989
    7.5000   30.0000    7.500012732.5527   24.0519
   -7.5000   37.5000    7.500011688.0947   23.9616
    0.0000   37.5000    7.500012415.9902   24.0688
    7.5000   37.5000    7.500011906.3936   24.1265
   -7.5000   45.0000    7.500010360.5000   23.4719
    0.0000   45.0000    7.500010999.5400   23.5840
    7.5000   45.0000    7.500010511.4873   23.6409
   -7.5000  -45.0000   15.000010554.5869   24.3818
    0.0000  -45.0000   15.000011161.6738   24.5196
    7.5000  -45.0000   15.000010773.9609   24.5723
   -7.5000  -37.5000   15.000011230.9570   24.3947
    0.0000  -37.5000   15.000011878.5771   24.5330
    7.5000  -37.5000   15.000011457.1631   24.5824
   -7.5000  -30.0000   15.000012263.1045   24.3268
    0.0000  -30.0000   15.000013003.0430   24.4594
    7.5000  -30.0000   15.000012385.3223   24.5124
   -7.5000  -22.5000   15.000013284.5811   24.2420
    0.0000  -22.5000   15.000013914.5371   24.3683
    7.5000  -22.5000   15.000013195.5273   24.4298
   -7.5000  -15.0000   15.000014087.8887   24.2208
    0.0000  -15.0000   15.000014734.1670   24.3458
    7.5000  -15.0000   15.000013991.3691   24.4099
   -7.5000   -7.5000   15.000014804.5625   24.2926
    0.0000   -7.5000   15.000015567.8350   24.4235
    7.5000   -7.5000   15.000014853.4697   24.4825
   -7.5000    0.0000   15.000015373.9502   24.3818
    0.0000    0.0000   15.000016253.8203   24.5196
    7.5000    0.0000   15.000015463.5322   24.5723
   -7.5000    7.5000   15.000014843.1787   24.3947
    0.0000    7.5000   15.000015704.3545   24.5330
    7.5000    7.5000   15.000014901.6104   24.5824
   -7.5000   15.0000   15.000014056.6094   24.3268
    0.0000   15.0000   15.000014880.7148   24.4594
    7.5000   15.0000   15.000014126.6143   24.5124
   -7.5000   22.5000   15.000012994.0850   24.2308
    0.0000   22.5000   15.000013795.4453   24.3570
    7.5000   22.5000   15.000013106.6240   24.4185
   -7.5000   30.0000   15.000011837.0078   23.9073
    0.0000   30.0000   15.000012577.2471   24.0307
    7.5000   30.0000   15.000011989.5049   24.0940
   -7.5000   37.5000   15.000011039.2656   23.9783
    0.0000   37.5000   15.000011688.6240   24.1074
    7.5000   37.5000   15.000011182.2246   24.1656
   -7.5000   45.0000   15.0000 9798.4209   23.5012
    0.0000   45.0000   15.000010373.3369   23.6341
    7.5000   45.0000   15.0000 9911.9268   23.6849
   -7.5000  -45.0000   22.5000 9861.8730   24.3863
    0.0000  -45.0000   22.500010431.3672   24.5240
    7.5000  -45.0000   22.500010083.4033   24.5686
   -7.5000  -37.5000   22.500010440.3994   24.4126
    0.0000  -37.5000   22.500011046.0508   24.5557
    7.5000  -37.5000   22.500010638.7100   24.5963
   -7.5000  -30.0000   22.500011366.5908   24.3675
    0.0000  -30.0000   22.500011980.8594   24.5096
    7.5000  -30.0000   22.500011437.4785   24.5562
   -7.5000  -22.5000   22.500012279.3447   24.2940
    0.0000  -22.5000   22.500012785.5225   24.4292
    7.5000  -22.5000   22.500012234.6777   24.4868
   -7.5000  -15.0000   22.500012989.8232   24.2619
    0.0000  -15.0000   22.500013555.5293   24.3913
    7.5000  -15.0000   22.500012982.4082   24.4513
   -7.5000   -7.5000   22.500013666.1846   24.3091
    0.0000   -7.5000   22.500014330.2363   24.4400
    7.5000   -7.5000   22.500013732.1914   24.4929
   -7.5000    0.0000   22.500014261.1982   24.3863
    0.0000    0.0000   22.500015007.2725   24.5240
    7.5000    0.0000   22.500014375.2920   24.5686
   -7.5000    7.5000   22.500013801.2930   24.4126
    0.0000    7.5000   22.500014534.2529   24.5557
    7.5000    7.5000   22.500013922.7314   24.5963
   -7.5000   15.0000   22.500013107.2646   24.3675
    0.0000   15.0000   22.500013824.2178   24.5096
    7.5000   15.0000   22.500013251.5049   24.5562
   -7.5000   22.5000   22.500012129.0908   24.2828
    0.0000   22.5000   22.500012812.5449   24.4180
    7.5000   22.5000   22.500012271.9072   24.4756
   -7.5000   30.0000   22.500011027.4619   23.9479
    0.0000   30.0000   22.500011604.3057   24.0757
    7.5000   30.0000   22.500011125.4150   24.1348
   -7.5000   37.5000   22.500010299.4707   23.9945
    0.0000   37.5000   22.500010780.7842   24.1237
    7.5000   37.5000   22.500010334.7129   24.1759
   -7.5000   45.0000   22.5000 9160.7217   23.5056
    0.0000   45.0000   22.5000 9580.3848   23.6383
    7.5000   45.0000   22.5000 9191.9092   23.6813
   -7.5000  -45.0000   30.0000 9073.8262   24.6236
    0.0000  -45.0000   30.0000 9584.2920   24.7445
    7.5000  -45.0000   30.0000 9258.2852   24.7882
   -7.5000  -37.5000   30.0000 9575.4902   24.6609
    0.0000  -37.5000   30.000010118.6250   24.7910
    7.5000  -37.5000   30.0000 9753.7695   24.8270
   -7.5000  -30.0000   30.000010408.6406   24.6476
    0.0000  -30.0000   30.000010942.6660   24.7794
    7.5000  -30.0000   30.000010505.5127   24.8145
   -7.5000  -22.5000   30.000011241.7119   24.5965
    0.0000  -22.5000   30.000011710.7959   24.7193
    7.5000  -22.5000   30.000011270.7217   24.7622
   -7.5000  -15.0000   30.000011912.9229   24.5576
    0.0000  -15.0000   30.000012404.4238   24.6710
    7.5000  -15.0000   30.000011925.2080   24.7189
   -7.5000   -7.5000   30.000012523.0273   24.5714
    0.0000   -7.5000   30.000013068.6797   24.6846
    7.5000   -7.5000   30.000012555.2461   24.7324
   -7.5000    0.0000   30.000013085.6230   24.6236
    0.0000    0.0000   30.000013658.4004   24.7445
    7.5000    0.0000   30.000013133.5771   24.7882
   -7.5000    7.5000   30.000012696.6787   24.6609
    0.0000    7.5000   30.000013310.3418   24.7910
    7.5000    7.5000   30.000012778.3516   24.8270
   -7.5000   15.0000   30.000012080.0625   24.6476
    0.0000   15.0000   30.000012663.7998   24.7794
    7.5000   15.0000   30.000012182.4131   24.8145
   -7.5000   22.5000   30.000011187.6064   24.5852
    0.0000   22.5000   30.000011722.6299   24.7079
    7.5000   22.5000   30.000011266.7754   24.7508
   -7.5000   30.0000   30.000010137.7021   24.2398
    0.0000   30.0000   30.000010611.1064   24.3517
    7.5000   30.0000   30.000010223.8037   24.3990
   -7.5000   37.5000   30.0000 9460.3721   24.2534
    0.0000   37.5000   30.0000 9851.7188   24.3651
    7.5000   37.5000   30.0000 9498.4893   24.4123
   -7.5000   45.0000   30.0000 8427.3643   23.7343
    0.0000   45.0000   30.0000 8735.5635   23.8508
    7.5000   45.0000   30.0000 8401.4092   23.8930
   -7.5000  -45.0000   37.5000 8680.9355   25.1067
    0.0000  -45.0000   37.5000 9144.3525   25.2130
    7.5000  -45.0000   37.5000 8851.5664   25.2641
   -7.5000  -37.5000   37.5000 9163.5000   25.1380
    0.0000  -37.5000   37.5000 9643.6484   25.2528
    7.5000  -37.5000   37.5000 9333.8213   25.2925
   -7.5000  -30.0000   37.5000 9944.0957   25.1297
    0.0000  -30.0000   37.500010414.5693   25.2440
    7.5000  -30.0000   37.500010058.2607   25.2729
   -7.5000  -22.5000   37.500010710.8525   25.0891
    0.0000  -22.5000   37.500011128.7617   25.1926
    7.5000  -22.5000   37.500010752.5576   25.2235
   -7.5000  -15.0000   37.500011340.2002   25.0570
    0.0000  -15.0000   37.500011774.5928   25.1525
    7.5000  -15.0000   37.500011348.3086   25.1915
   -7.5000   -7.5000   37.500011906.9570   25.0664
    0.0000   -7.5000   37.500012381.0801   25.1641
    7.5000   -7.5000   37.500011930.9551   25.2125
   -7.5000    0.0000   37.500012433.2168   25.1067
    0.0000    0.0000   37.500012924.5830   25.2130
    7.5000    0.0000   37.500012479.2842   25.2641
   -7.5000    7.5000   37.500012071.4980   25.1380
    0.0000    7.5000   37.500012596.9326   25.2528
    7.5000    7.5000   37.500012161.5156   25.2925
   -7.5000   15.0000   37.500011512.0791   25.1297
    0.0000   15.0000   37.500012032.9854   25.2440
    7.5000   15.0000   37.500011588.8525   25.2729
   -7.5000   22.5000   37.500010631.4941   25.0775
    0.0000   22.5000   37.500011100.8760   25.1810
    7.5000   22.5000   37.500010729.5156   25.2118
   -7.5000   30.0000   37.5000 9647.9883   24.7327
    0.0000   30.0000   37.500010060.3135   24.8270
    7.5000   30.0000   37.5000 9746.4873   24.8655
   -7.5000   37.5000   37.5000 9020.7812   24.7420
    0.0000   37.5000   37.5000 9390.3955   24.8385
    7.5000   37.5000   37.5000 9047.5215   24.8862
   -7.5000   45.0000   37.5000 8031.0610   24.2000
    0.0000   45.0000   37.5000 8325.7686   24.3025
    7.5000   45.0000   37.5000 7992.0239   24.3517
   -7.5000  -45.0000   45.0000 7965.9409   25.7527
    0.0000  -45.0000   45.0000 8405.0674   25.8740
    7.5000  -45.0000   45.0000 8173.3428   25.9424
   -7.5000  -37.5000   45.0000 8402.8555   25.7718
    0.0000  -37.5000   45.0000 8845.6924   25.8959
    7.5000  -37.5000   45.0000 8583.9854   25.9501
   -7.5000  -30.0000   45.0000 9101.3799   25.7340
    0.0000  -30.0000   45.0000 9522.9541   25.8516
    7.5000  -30.0000   45.0000 9221.9551   25.8899
   -7.5000  -22.5000   45.0000 9763.5928   25.6730
    0.0000  -22.5000   45.000010164.9043   25.7803
    7.5000  -22.5000   45.0000 9832.4326   25.8192
   -7.5000  -15.0000   45.000010320.4629   25.6496
    0.0000  -15.0000   45.000010728.3984   25.7542
    7.5000  -15.0000   45.000010376.7842   25.8047
   -7.5000   -7.5000   45.000010844.7881   25.6914
    0.0000   -7.5000   45.000011276.2832   25.8036
    7.5000   -7.5000   45.000010879.0938   25.8677
   -7.5000    0.0000   45.000011324.2559   25.7527
    0.0000    0.0000   45.000011770.5615   25.8740
    7.5000    0.0000   45.000011384.7256   25.9424
   -7.5000    7.5000   45.000011002.7354   25.7718
    0.0000    7.5000   45.000011461.9297   25.8959
    7.5000    7.5000   45.000011077.2285   25.9501
   -7.5000   15.0000   45.000010472.9053   25.7340
    0.0000   15.0000   45.000010914.5078   25.8516
    7.5000   15.0000   45.000010540.0986   25.8899
   -7.5000   22.5000   45.0000 9709.6875   25.6611
    0.0000   22.5000   45.000010090.5088   25.7683
    7.5000   22.5000   45.0000 9766.2744   25.8072
   -7.5000   30.0000   45.0000 8851.4463   25.3155
    0.0000   30.0000   45.0000 9201.2539   25.4187
    7.5000   30.0000   45.0000 8878.2197   25.4685
   -7.5000   37.5000   45.0000 8259.4160   25.3567
    0.0000   37.5000   45.0000 8561.6445   25.4674
    7.5000   37.5000   45.0000 8259.6572   25.5307
   -7.5000   45.0000   45.0000 7337.3970   24.8339
    0.0000   45.0000   45.0000 7614.0020   24.9508
    7.5000   45.0000   45.0000 7342.5391   25.0168

---------------------------------------------------------------------
imgreg_4dfp /opt/freesurfer/average/711-2C_as_mni_average_305 /opt/freesurfer/average/711-2B_as_mni_average_305_mask talsrcimg_g11 none talsrcimg_to_711-2C_as_mni_average_305_t4 4355
---------------------------------------------------------------------

freesurfer imgreg_4dfp.c
/opt/freesurfer/average/711-2C_as_mni_average_305.4dfp.img
       256       256       256         1
  1.000000  1.000000  1.000000
orientation T byte_order littleendian
Reading image: /opt/freesurfer/average/711-2C_as_mni_average_305.4dfp.img
dimensions:      256       256       256
mmppix:       1.0000   -1.0000   -1.0000
center:     128.0000 -129.0000 -129.0000
/opt/freesurfer/average/711-2B_as_mni_average_305_mask.4dfp.img
       256       256       256         1
  1.000000  1.000000  1.000000
orientation T byte_order littleendian
Reading mask: /opt/freesurfer/average/711-2B_as_mni_average_305_mask.4dfp.img (2306576 pixels)
talsrcimg_g11.4dfp.img
       256       256       256         1
  1.000000  1.000000  1.000000
orientation T byte_order littleendian
Reading image: talsrcimg_g11.4dfp.img
dimensions:      256       256       256
mmppix:       1.0000   -1.0000   -1.0000
center:     128.0000 -129.0000 -129.0000
rotation matrix determinant  1.000000
image alignment mode   4355 decimal     1103 hex
   -7.5000  -45.0000  -45.0000 2191.2698   23.5940
    0.0000  -45.0000  -45.0000 2205.7334   23.5481
    7.5000  -45.0000  -45.0000 2192.3564   23.4615
   -7.5000  -37.5000  -45.0000 2274.6777   21.6503
    0.0000  -37.5000  -45.0000 2289.2971   21.6274
    7.5000  -37.5000  -45.0000 2277.5967   21.6077
   -7.5000  -30.0000  -45.0000 2334.8457   20.2857
    0.0000  -30.0000  -45.0000 2355.8569   20.1776
    7.5000  -30.0000  -45.0000 2344.1821   20.1728
   -7.5000  -22.5000  -45.0000 2371.1445   19.2856
    0.0000  -22.5000  -45.0000 2399.1421   19.1928
    7.5000  -22.5000  -45.0000 2390.9309   19.1434
   -7.5000  -15.0000  -45.0000 2389.6074   18.7743
    0.0000  -15.0000  -45.0000 2416.9756   18.6319
    7.5000  -15.0000  -45.0000 2408.3892   18.6187
   -7.5000   -7.5000  -45.0000 2385.2341   18.6374
    0.0000   -7.5000  -45.0000 2415.0984   18.4898
    7.5000   -7.5000  -45.0000 2407.2810   18.5106
   -7.5000    0.0000  -45.0000 2366.5615   19.0356
    0.0000    0.0000  -45.0000 2392.7190   18.8435
    7.5000    0.0000  -45.0000 2391.0415   18.8510
   -7.5000    7.5000  -45.0000 2327.1577   19.6910
    0.0000    7.5000  -45.0000 2357.8054   19.5142
    7.5000    7.5000  -45.0000 2347.9998   19.5207
   -7.5000   15.0000  -45.0000 2261.3364   20.7556
    0.0000   15.0000  -45.0000 2287.6274   20.5620
    7.5000   15.0000  -45.0000 2283.9514   20.5398
   -7.5000   22.5000  -45.0000 2169.2556   22.3395
    0.0000   22.5000  -45.0000 2188.8025   22.1267
    7.5000   22.5000  -45.0000 2183.2534   22.1471
   -7.5000   30.0000  -45.0000 2062.3254   24.5320
    0.0000   30.0000  -45.0000 2077.3447   24.2312
    7.5000   30.0000  -45.0000 2072.1833   24.2824
   -7.5000   37.5000  -45.0000 1933.6824   27.4309
    0.0000   37.5000  -45.0000 1949.8136   27.0678
    7.5000   37.5000  -45.0000 1947.0188   27.1660
   -7.5000   45.0000  -45.0000 1792.1121   31.1154
    0.0000   45.0000  -45.0000 1809.4374   30.7378
    7.5000   45.0000  -45.0000 1803.7111   30.9225
   -7.5000  -45.0000  -37.5000 2267.4182   22.1183
    0.0000  -45.0000  -37.5000 2289.6912   22.0949
    7.5000  -45.0000  -37.5000 2271.9111   21.9413
   -7.5000  -37.5000  -37.5000 2348.7747   20.1854
    0.0000  -37.5000  -37.5000 2374.6125   20.2008
    7.5000  -37.5000  -37.5000 2358.7690   20.1329
   -7.5000  -30.0000  -37.5000 2413.3721   18.7762
    0.0000  -30.0000  -37.5000 2440.1262   18.7729
    7.5000  -30.0000  -37.5000 2431.0093   18.7599
   -7.5000  -22.5000  -37.5000 2464.0706   17.8784
    0.0000  -22.5000  -37.5000 2488.8113   17.8051
    7.5000  -22.5000  -37.5000 2481.4348   17.7984
   -7.5000  -15.0000  -37.5000 2493.3784   17.3469
    0.0000  -15.0000  -37.5000 2518.2854   17.2748
    7.5000  -15.0000  -37.5000 2511.4829   17.2697
   -7.5000   -7.5000  -37.5000 2493.8411   17.3180
    0.0000   -7.5000  -37.5000 2521.4722   17.2273
    7.5000   -7.5000  -37.5000 2515.9299   17.2111
   -7.5000    0.0000  -37.5000 2465.6316   17.6725
    0.0000    0.0000  -37.5000 2493.4529   17.5830
    7.5000    0.0000  -37.5000 2493.2688   17.5509
   -7.5000    7.5000  -37.5000 2419.3062   18.2711
    0.0000    7.5000  -37.5000 2453.9856   18.1416
    7.5000    7.5000  -37.5000 2447.3430   18.1366
   -7.5000   15.0000  -37.5000 2350.0986   19.3038
    0.0000   15.0000  -37.5000 2380.1348   19.1311
    7.5000   15.0000  -37.5000 2373.2017   19.1361
   -7.5000   22.5000  -37.5000 2259.1904   20.7924
    0.0000   22.5000  -37.5000 2285.4001   20.5916
    7.5000   22.5000  -37.5000 2274.3228   20.6372
   -7.5000   30.0000  -37.5000 2139.4380   22.8935
    0.0000   30.0000  -37.5000 2158.1580   22.6272
    7.5000   30.0000  -37.5000 2151.5874   22.6531
   -7.5000   37.5000  -37.5000 1997.8119   25.5973
    0.0000   37.5000  -37.5000 2014.7604   25.3080
    7.5000   37.5000  -37.5000 2014.4169   25.3648
   -7.5000   45.0000  -37.5000 1856.0321   29.0634
    0.0000   45.0000  -37.5000 1877.6075   28.8342
    7.5000   45.0000  -37.5000 1874.5557   28.9097
   -7.5000  -45.0000  -30.0000 2370.4941   21.4230
    0.0000  -45.0000  -30.0000 2396.9993   21.3553
    7.5000  -45.0000  -30.0000 2380.0808   21.2802
   -7.5000  -37.5000  -30.0000 2456.4260   19.5217
    0.0000  -37.5000  -30.0000 2489.6506   19.5445
    7.5000  -37.5000  -30.0000 2477.7434   19.5011
   -7.5000  -30.0000  -30.0000 2526.8940   18.0553
    0.0000  -30.0000  -30.0000 2557.4001   18.0870
    7.5000  -30.0000  -30.0000 2553.6482   18.1098
   -7.5000  -22.5000  -30.0000 2588.7256   17.1348
    0.0000  -22.5000  -30.0000 2618.8577   17.0965
    7.5000  -22.5000  -30.0000 2614.3169   17.1545
   -7.5000  -15.0000  -30.0000 2622.3142   16.5485
    0.0000  -15.0000  -30.0000 2654.8003   16.5495
    7.5000  -15.0000  -30.0000 2651.2031   16.5511
   -7.5000   -7.5000  -30.0000 2630.8940   16.5564
    0.0000   -7.5000  -30.0000 2667.9575   16.5312
    7.5000   -7.5000  -30.0000 2667.2954   16.5404
   -7.5000    0.0000  -30.0000 2605.8901   16.9230
    0.0000    0.0000  -30.0000 2643.9907   16.8512
    7.5000    0.0000  -30.0000 2638.5249   16.8690
   -7.5000    7.5000  -30.0000 2557.0916   17.6132
    0.0000    7.5000  -30.0000 2597.5754   17.4864
    7.5000    7.5000  -30.0000 2593.4612   17.4974
   -7.5000   15.0000  -30.0000 2477.6951   18.6269
    0.0000   15.0000  -30.0000 2511.3049   18.4463
    7.5000   15.0000  -30.0000 2505.3577   18.5099
   -7.5000   22.5000  -30.0000 2380.2327   20.1140
    0.0000   22.5000  -30.0000 2411.3760   19.9135
    7.5000   22.5000  -30.0000 2404.7056   19.9756
   -7.5000   30.0000  -30.0000 2253.1526   22.1074
    0.0000   30.0000  -30.0000 2278.4956   21.8752
    7.5000   30.0000  -30.0000 2271.6152   21.9511
   -7.5000   37.5000  -30.0000 2096.4324   24.7474
    0.0000   37.5000  -30.0000 2116.1914   24.5536
    7.5000   37.5000  -30.0000 2113.0874   24.5849
   -7.5000   45.0000  -30.0000 1942.5245   28.1141
    0.0000   45.0000  -30.0000 1963.3514   27.9968
    7.5000   45.0000  -30.0000 1959.9871   27.9284
   -7.5000  -45.0000  -22.5000 2439.3196   20.5744
    0.0000  -45.0000  -22.5000 2472.1978   20.5498
    7.5000  -45.0000  -22.5000 2458.5737   20.5865
   -7.5000  -37.5000  -22.5000 2539.0417   18.7443
    0.0000  -37.5000  -22.5000 2574.0818   18.7165
    7.5000  -37.5000  -22.5000 2565.1821   18.7887
   -7.5000  -30.0000  -22.5000 2613.5247   17.3338
    0.0000  -30.0000  -22.5000 2655.3372   17.3149
    7.5000  -30.0000  -22.5000 2651.7283   17.3863
   -7.5000  -22.5000  -22.5000 2682.6833   16.3532
    0.0000  -22.5000  -22.5000 2718.5339   16.2783
    7.5000  -22.5000  -22.5000 2719.6265   16.3746
   -7.5000  -15.0000  -22.5000 2715.8337   15.6968
    0.0000  -15.0000  -22.5000 2759.9614   15.7090
    7.5000  -15.0000  -22.5000 2762.3096   15.7760
   -7.5000   -7.5000  -22.5000 2739.5352   15.7088
    0.0000   -7.5000  -22.5000 2777.6016   15.6263
    7.5000   -7.5000  -22.5000 2780.2229   15.7216
   -7.5000    0.0000  -22.5000 2716.6487   16.1113
    0.0000    0.0000  -22.5000 2760.8225   15.9641
    7.5000    0.0000  -22.5000 2760.1572   16.0470
   -7.5000    7.5000  -22.5000 2668.0195   16.8635
    0.0000    7.5000  -22.5000 2706.7654   16.6727
    7.5000    7.5000  -22.5000 2711.0464   16.7642
   -7.5000   15.0000  -22.5000 2583.4099   17.9177
    0.0000   15.0000  -22.5000 2618.1040   17.6865
    7.5000   15.0000  -22.5000 2617.3828   17.7566
   -7.5000   22.5000  -22.5000 2470.8186   19.3433
    0.0000   22.5000  -22.5000 2500.4148   19.1142
    7.5000   22.5000  -22.5000 2499.2419   19.1831
   -7.5000   30.0000  -22.5000 2332.8384   21.2965
    0.0000   30.0000  -22.5000 2360.0491   21.0244
    7.5000   30.0000  -22.5000 2359.2275   21.1523
   -7.5000   37.5000  -22.5000 2170.5024   23.8650
    0.0000   37.5000  -22.5000 2190.0894   23.5845
    7.5000   37.5000  -22.5000 2190.3455   23.6993
   -7.5000   45.0000  -22.5000 2009.2122   27.1685
    0.0000   45.0000  -22.5000 2022.5538   26.8470
    7.5000   45.0000  -22.5000 2021.7524   26.8893
   -7.5000  -45.0000  -15.0000 2464.8440   19.9427
    0.0000  -45.0000  -15.0000 2507.4541   19.8550
    7.5000  -45.0000  -15.0000 2502.9512   19.9004
   -7.5000  -37.5000  -15.0000 2575.5232   18.1338
    0.0000  -37.5000  -15.0000 2621.5215   18.0581
    7.5000  -37.5000  -15.0000 2619.5303   18.1393
   -7.5000  -30.0000  -15.0000 2668.2532   16.7573
    0.0000  -30.0000  -15.0000 2715.7827   16.6574
    7.5000  -30.0000  -15.0000 2721.9343   16.7904
   -7.5000  -22.5000  -15.0000 2747.1150   15.6989
    0.0000  -22.5000  -15.0000 2797.9927   15.6088
    7.5000  -22.5000  -15.0000 2804.7131   15.7417
   -7.5000  -15.0000  -15.0000 2783.3584   15.0162
    0.0000  -15.0000  -15.0000 2844.0408   14.8962
    7.5000  -15.0000  -15.0000 2847.0608   15.1072
   -7.5000   -7.5000  -15.0000 2808.5950   14.9488
    0.0000   -7.5000  -15.0000 2842.9983   14.7176
    7.5000   -7.5000  -15.0000 2857.6921   14.9767
   -7.5000    0.0000  -15.0000 2789.5806   15.3779
    0.0000    0.0000  -15.0000 2825.3335   15.0971
    7.5000    0.0000  -15.0000 2838.7522   15.2939
   -7.5000    7.5000  -15.0000 2734.1145   16.1650
    0.0000    7.5000  -15.0000 2770.5203   15.8596
    7.5000    7.5000  -15.0000 2778.3613   15.9874
   -7.5000   15.0000  -15.0000 2639.4153   17.2772
    0.0000   15.0000  -15.0000 2673.3137   16.9700
    7.5000   15.0000  -15.0000 2678.3101   17.0854
   -7.5000   22.5000  -15.0000 2529.3093   18.7423
    0.0000   22.5000  -15.0000 2551.9670   18.4049
    7.5000   22.5000  -15.0000 2557.6233   18.5966
   -7.5000   30.0000  -15.0000 2375.7378   20.6943
    0.0000   30.0000  -15.0000 2406.9114   20.3088
    7.5000   30.0000  -15.0000 2406.1226   20.4856
   -7.5000   37.5000  -15.0000 2207.1719   23.1592
    0.0000   37.5000  -15.0000 2238.2087   22.7671
    7.5000   37.5000  -15.0000 2233.0471   22.9314
   -7.5000   45.0000  -15.0000 2034.5150   26.2437
    0.0000   45.0000  -15.0000 2056.6599   25.9291
    7.5000   45.0000  -15.0000 2056.4731   25.9901
   -7.5000  -45.0000   -7.5000 2488.3845   19.5529
    0.0000  -45.0000   -7.5000 2519.4976   19.2690
    7.5000  -45.0000   -7.5000 2526.0652   19.3627
   -7.5000  -37.5000   -7.5000 2595.7170   17.7876
    0.0000  -37.5000   -7.5000 2630.4670   17.5107
    7.5000  -37.5000   -7.5000 2643.7207   17.6244
   -7.5000  -30.0000   -7.5000 2699.2786   16.4320
    0.0000  -30.0000   -7.5000 2743.4863   16.1819
    7.5000  -30.0000   -7.5000 2756.6096   16.2969
   -7.5000  -22.5000   -7.5000 2795.6636   15.3614
    0.0000  -22.5000   -7.5000 2852.3684   15.1952
    7.5000  -22.5000   -7.5000 2864.7964   15.3064
   -7.5000  -15.0000   -7.5000 2840.5989   14.5473
    0.0000  -15.0000   -7.5000 2890.7715   14.2417
    7.5000  -15.0000   -7.5000 2906.2292   14.6330
   -7.5000   -7.5000   -7.5000 2855.4446   14.4243
    0.0000   -7.5000   -7.5000 2877.7839   13.9809
    7.5000   -7.5000   -7.5000 2910.8652   14.4383
   -7.5000    0.0000   -7.5000 2826.4692   14.8836
    0.0000    0.0000   -7.5000 2852.0178   14.4089
    7.5000    0.0000   -7.5000 2878.2727   14.6949
   -7.5000    7.5000   -7.5000 2775.0637   15.7363
    0.0000    7.5000   -7.5000 2802.7019   15.2656
    7.5000    7.5000   -7.5000 2820.8154   15.4717
   -7.5000   15.0000   -7.5000 2677.7368   16.8719
    0.0000   15.0000   -7.5000 2702.3547   16.4304
    7.5000   15.0000   -7.5000 2713.7295   16.6267
   -7.5000   22.5000   -7.5000 2558.1907   18.4101
    0.0000   22.5000   -7.5000 2575.3035   17.9352
    7.5000   22.5000   -7.5000 2578.9531   18.1317
   -7.5000   30.0000   -7.5000 2402.5281   20.3805
    0.0000   30.0000   -7.5000 2425.9639   19.8540
    7.5000   30.0000   -7.5000 2424.4480   20.0029
   -7.5000   37.5000   -7.5000 2234.4255   22.7355
    0.0000   37.5000   -7.5000 2251.3423   22.2904
    7.5000   37.5000   -7.5000 2257.3772   22.3925
   -7.5000   45.0000   -7.5000 2044.5062   25.7370
    0.0000   45.0000   -7.5000 2070.1165   25.2995
    7.5000   45.0000   -7.5000 2072.9978   25.3916
   -7.5000  -45.0000    0.0000 2493.2871   19.4270
    0.0000  -45.0000    0.0000 2519.3047   18.9306
    7.5000  -45.0000    0.0000 2525.2756   19.0712
   -7.5000  -37.5000    0.0000 2602.0588   17.6673
    0.0000  -37.5000    0.0000 2631.7368   17.2040
    7.5000  -37.5000    0.0000 2645.2163   17.3382
   -7.5000  -30.0000    0.0000 2707.6699   16.3222
    0.0000  -30.0000    0.0000 2747.3867   15.9134
    7.5000  -30.0000    0.0000 2764.1685   16.0396
   -7.5000  -22.5000    0.0000 2810.1653   15.2789
    0.0000  -22.5000    0.0000 2867.5232   15.1100
    7.5000  -22.5000    0.0000 2887.0815   15.1849
   -7.5000  -15.0000    0.0000 2862.2666   14.5245
    0.0000  -15.0000    0.0000 2908.4329   14.0855
    7.5000  -15.0000    0.0000 2931.5083   14.3982
   -7.5000   -7.5000    0.0000 2871.3013   14.3730
    0.0000   -7.5000    0.0000 2890.2219   13.8102
    7.5000   -7.5000    0.0000 2921.7085   14.1483
   -7.5000    0.0000    0.0000 2833.3804   14.7560
    0.0000    0.0000    0.0000 2862.4185   14.3093
    7.5000    0.0000    0.0000 2886.9812   14.5184
   -7.5000    7.5000    0.0000 2776.4163   15.5501
    0.0000    7.5000    0.0000 2811.6914   15.1336
    7.5000    7.5000    0.0000 2825.2446   15.2350
   -7.5000   15.0000    0.0000 2683.0303   16.6415
    0.0000   15.0000    0.0000 2707.2012   16.2474
    7.5000   15.0000    0.0000 2716.8154   16.3226
   -7.5000   22.5000    0.0000 2556.6396   18.1729
    0.0000   22.5000    0.0000 2574.6990   17.7769
    7.5000   22.5000    0.0000 2578.6360   17.8288
   -7.5000   30.0000    0.0000 2397.7490   20.1059
    0.0000   30.0000    0.0000 2427.0530   19.7460
    7.5000   30.0000    0.0000 2421.9756   19.7537
   -7.5000   37.5000    0.0000 2231.1199   22.5567
    0.0000   37.5000    0.0000 2251.8689   22.1952
    7.5000   37.5000    0.0000 2254.3733   22.1511
   -7.5000   45.0000    0.0000 2041.2223   25.5355
    0.0000   45.0000    0.0000 2070.7048   25.2810
    7.5000   45.0000    0.0000 2068.7769   25.2150
   -7.5000  -45.0000    7.5000 2479.6118   19.5469
    0.0000  -45.0000    7.5000 2500.4934   18.8753
    7.5000  -45.0000    7.5000 2513.5610   19.0196
   -7.5000  -37.5000    7.5000 2592.6333   17.8033
    0.0000  -37.5000    7.5000 2617.0327   17.2385
    7.5000  -37.5000    7.5000 2634.5425   17.2961
   -7.5000  -30.0000    7.5000 2699.3171   16.4437
    0.0000  -30.0000    7.5000 2730.8047   16.0284
    7.5000  -30.0000    7.5000 2747.0371   16.0295
   -7.5000  -22.5000    7.5000 2786.7661   15.4034
    0.0000  -22.5000    7.5000 2833.7104   15.1043
    7.5000  -22.5000    7.5000 2838.5308   14.9856
   -7.5000  -15.0000    7.5000 2841.6833   14.7629
    0.0000  -15.0000    7.5000 2892.0200   14.3639
    7.5000  -15.0000    7.5000 2876.0671   14.2287
   -7.5000   -7.5000    7.5000 2853.8997   14.6279
    0.0000   -7.5000    7.5000 2900.3357   14.2686
    7.5000   -7.5000    7.5000 2903.7324   14.2381
   -7.5000    0.0000    7.5000 2814.9897   14.9258
    0.0000    0.0000    7.5000 2868.5906   14.7204
    7.5000    0.0000    7.5000 2867.5811   14.6706
   -7.5000    7.5000    7.5000 2758.6968   15.6154
    0.0000    7.5000    7.5000 2800.0874   15.4024
    7.5000    7.5000    7.5000 2798.7607   15.3510
   -7.5000   15.0000    7.5000 2661.2917   16.6619
    0.0000   15.0000    7.5000 2688.5496   16.3971
    7.5000   15.0000    7.5000 2691.2800   16.3643
   -7.5000   22.5000    7.5000 2534.8694   18.1795
    0.0000   22.5000    7.5000 2563.3511   17.8453
    7.5000   22.5000    7.5000 2562.7639   17.8205
   -7.5000   30.0000    7.5000 2379.9912   20.1738
    0.0000   30.0000    7.5000 2418.5613   19.7520
    7.5000   30.0000    7.5000 2418.1323   19.7871
   -7.5000   37.5000    7.5000 2217.4155   22.6708
    0.0000   37.5000    7.5000 2237.6528   22.2600
    7.5000   37.5000    7.5000 2245.4729   22.3336
   -7.5000   45.0000    7.5000 2031.2939   25.8130
    0.0000   45.0000    7.5000 2059.6980   25.4289
    7.5000   45.0000    7.5000 2052.7429   25.3523
   -7.5000  -45.0000   15.0000 2452.7703   20.0040
    0.0000  -45.0000   15.0000 2481.9802   19.3855
    7.5000  -45.0000   15.0000 2491.5547   19.3620
   -7.5000  -37.5000   15.0000 2567.9077   18.2656
    0.0000  -37.5000   15.0000 2598.0898   17.7683
    7.5000  -37.5000   15.0000 2614.1294   17.7244
   -7.5000  -30.0000   15.0000 2670.2578   16.9091
    0.0000  -30.0000   15.0000 2705.8010   16.5350
    7.5000  -30.0000   15.0000 2714.8855   16.4190
   -7.5000  -22.5000   15.0000 2750.4521   15.9431
    0.0000  -22.5000   15.0000 2787.8977   15.4313
    7.5000  -22.5000   15.0000 2778.4751   15.2400
   -7.5000  -15.0000   15.0000 2804.1763   15.2787
    0.0000  -15.0000   15.0000 2836.7654   14.7762
    7.5000  -15.0000   15.0000 2836.7124   14.7019
   -7.5000   -7.5000   15.0000 2820.7466   15.1439
    0.0000   -7.5000   15.0000 2863.2026   14.7789
    7.5000   -7.5000   15.0000 2875.1350   14.7507
   -7.5000    0.0000   15.0000 2779.9128   15.4940
    0.0000    0.0000   15.0000 2829.9456   15.2285
    7.5000    0.0000   15.0000 2831.7141   15.1885
   -7.5000    7.5000   15.0000 2713.1733   16.1944
    0.0000    7.5000   15.0000 2757.8315   15.9713
    7.5000    7.5000   15.0000 2755.7878   15.9183
   -7.5000   15.0000   15.0000 2608.9365   17.1969
    0.0000   15.0000   15.0000 2644.3582   16.9113
    7.5000   15.0000   15.0000 2645.0310   16.8923
   -7.5000   22.5000   15.0000 2483.1782   18.5716
    0.0000   22.5000   15.0000 2524.1482   18.2190
    7.5000   22.5000   15.0000 2526.4722   18.2127
   -7.5000   30.0000   15.0000 2341.2520   20.4866
    0.0000   30.0000   15.0000 2377.1699   20.0968
    7.5000   30.0000   15.0000 2382.1653   20.0733
   -7.5000   37.5000   15.0000 2177.8784   23.0469
    0.0000   37.5000   15.0000 2199.7988   22.6332
    7.5000   37.5000   15.0000 2206.1450   22.5624
   -7.5000   45.0000   15.0000 2015.2610   26.2742
    0.0000   45.0000   15.0000 2041.3937   25.8310
    7.5000   45.0000   15.0000 2035.9822   25.7508
   -7.5000  -45.0000   22.5000 2421.1768   20.7803
    0.0000  -45.0000   22.5000 2461.3252   20.1349
    7.5000  -45.0000   22.5000 2474.0728   20.0633
   -7.5000  -37.5000   22.5000 2527.4797   19.0656
    0.0000  -37.5000   22.5000 2568.6326   18.4736
    7.5000  -37.5000   22.5000 2582.5891   18.4232
   -7.5000  -30.0000   22.5000 2620.1318   17.7187
    0.0000  -30.0000   22.5000 2666.7375   17.1351
    7.5000  -30.0000   22.5000 2665.4871   16.9080
   -7.5000  -22.5000   22.5000 2698.4731   16.7333
    0.0000  -22.5000   22.5000 2741.8333   16.0071
    7.5000  -22.5000   22.5000 2746.8684   15.9356
   -7.5000  -15.0000   22.5000 2743.6978   16.0407
    0.0000  -15.0000   22.5000 2789.9438   15.5100
    7.5000  -15.0000   22.5000 2794.3206   15.4429
   -7.5000   -7.5000   22.5000 2751.9087   15.9235
    0.0000   -7.5000   22.5000 2800.8303   15.5358
    7.5000   -7.5000   22.5000 2806.9844   15.4604
   -7.5000    0.0000   22.5000 2715.5532   16.2349
    0.0000    0.0000   22.5000 2767.3098   15.9268
    7.5000    0.0000   22.5000 2770.5198   15.8715
   -7.5000    7.5000   22.5000 2646.5132   16.9685
    0.0000    7.5000   22.5000 2692.1226   16.6609
    7.5000    7.5000   22.5000 2697.9287   16.6368
   -7.5000   15.0000   22.5000 2544.6682   18.0183
    0.0000   15.0000   22.5000 2590.6936   17.7478
    7.5000   15.0000   22.5000 2599.9058   17.7100
   -7.5000   22.5000   22.5000 2429.2971   19.4020
    0.0000   22.5000   22.5000 2474.7063   19.1205
    7.5000   22.5000   22.5000 2482.6702   19.0764
   -7.5000   30.0000   22.5000 2292.3865   21.2325
    0.0000   30.0000   22.5000 2320.3704   20.8707
    7.5000   30.0000   22.5000 2328.4517   20.8265
   -7.5000   37.5000   22.5000 2141.8987   23.7128
    0.0000   37.5000   22.5000 2157.8633   23.2923
    7.5000   37.5000   22.5000 2162.5442   23.2401
   -7.5000   45.0000   22.5000 1986.4502   26.8637
    0.0000   45.0000   22.5000 2004.1958   26.4109
    7.5000   45.0000   22.5000 2008.3887   26.2980
   -7.5000  -45.0000   30.0000 2379.6980   21.7965
    0.0000  -45.0000   30.0000 2422.4546   21.0579
    7.5000  -45.0000   30.0000 2430.1938   20.9542
   -7.5000  -37.5000   30.0000 2472.6206   20.0274
    0.0000  -37.5000   30.0000 2518.5618   19.2722
    7.5000  -37.5000   30.0000 2526.0325   19.1036
   -7.5000  -30.0000   30.0000 2558.0747   18.7087
    0.0000  -30.0000   30.0000 2602.4873   17.8586
    7.5000  -30.0000   30.0000 2617.0088   17.7114
   -7.5000  -22.5000   30.0000 2631.8826   17.6575
    0.0000  -22.5000   30.0000 2677.0854   16.8754
    7.5000  -22.5000   30.0000 2690.0183   16.8450
   -7.5000  -15.0000   30.0000 2676.2061   16.9703
    0.0000  -15.0000   30.0000 2716.6306   16.4136
    7.5000  -15.0000   30.0000 2727.8662   16.3442
   -7.5000   -7.5000   30.0000 2666.1938   16.8741
    0.0000   -7.5000   30.0000 2715.1758   16.4270
    7.5000   -7.5000   30.0000 2719.1716   16.3185
   -7.5000    0.0000   30.0000 2627.4922   17.1405
    0.0000    0.0000   30.0000 2669.5103   16.7968
    7.5000    0.0000   30.0000 2679.7439   16.7292
   -7.5000    7.5000   30.0000 2561.0935   17.8750
    0.0000    7.5000   30.0000 2604.0898   17.5401
    7.5000    7.5000   30.0000 2613.9734   17.4654
   -7.5000   15.0000   30.0000 2466.4165   18.9200
    0.0000   15.0000   30.0000 2510.5132   18.6124
    7.5000   15.0000   30.0000 2523.9058   18.5802
   -7.5000   22.5000   30.0000 2360.0007   20.3664
    0.0000   22.5000   30.0000 2397.6150   20.0765
    7.5000   22.5000   30.0000 2404.7520   20.0357
   -7.5000   30.0000   30.0000 2220.7620   22.2954
    0.0000   30.0000   30.0000 2249.7283   21.8972
    7.5000   30.0000   30.0000 2261.6199   21.8361
   -7.5000   37.5000   30.0000 2084.2759   24.6794
    0.0000   37.5000   30.0000 2101.3074   24.2186
    7.5000   37.5000   30.0000 2117.8167   24.1949
   -7.5000   45.0000   30.0000 1942.5135   27.7684
    0.0000   45.0000   30.0000 1952.9786   27.3718
    7.5000   45.0000   30.0000 1954.4763   27.2734
   -7.5000  -45.0000   37.5000 2332.5283   22.9005
    0.0000  -45.0000   37.5000 2367.7397   22.0480
    7.5000  -45.0000   37.5000 2373.6135   21.8379
   -7.5000  -37.5000   37.5000 2419.7681   21.1454
    0.0000  -37.5000   37.5000 2454.0295   20.2406
    7.5000  -37.5000   37.5000 2475.6851   20.1000
   -7.5000  -30.0000   37.5000 2490.6565   19.8021
    0.0000  -30.0000   37.5000 2533.0576   18.9134
    7.5000  -30.0000   37.5000 2557.8975   18.8234
   -7.5000  -22.5000   37.5000 2558.4958   18.7799
    0.0000  -22.5000   37.5000 2591.6479   18.0030
    7.5000  -22.5000   37.5000 2608.6060   17.9742
   -7.5000  -15.0000   37.5000 2593.1406   18.1142
    0.0000  -15.0000   37.5000 2619.9761   17.5037
    7.5000  -15.0000   37.5000 2633.8584   17.4538
   -7.5000   -7.5000   37.5000 2577.7576   18.0046
    0.0000   -7.5000   37.5000 2618.1189   17.4740
    7.5000   -7.5000   37.5000 2632.0859   17.3552
   -7.5000    0.0000   37.5000 2537.8057   18.3068
    0.0000    0.0000   37.5000 2573.6104   17.8499
    7.5000    0.0000   37.5000 2595.0486   17.7469
   -7.5000    7.5000   37.5000 2475.2957   19.0016
    0.0000    7.5000   37.5000 2516.7737   18.5865
    7.5000    7.5000   37.5000 2536.8909   18.4704
   -7.5000   15.0000   37.5000 2391.5264   20.0302
    0.0000   15.0000   37.5000 2430.9766   19.6589
    7.5000   15.0000   37.5000 2440.1633   19.5326
   -7.5000   22.5000   37.5000 2281.0239   21.5034
    0.0000   22.5000   37.5000 2313.0137   21.1346
    7.5000   22.5000   37.5000 2325.9507   21.0360
   -7.5000   30.0000   37.5000 2146.8877   23.4350
    0.0000   30.0000   37.5000 2174.8862   23.0715
    7.5000   30.0000   37.5000 2187.1133   22.9542
   -7.5000   37.5000   37.5000 2025.6147   26.0130
    0.0000   37.5000   37.5000 2045.6162   25.6041
    7.5000   37.5000   37.5000 2046.2131   25.4952
   -7.5000   45.0000   37.5000 1881.5994   29.1775
    0.0000   45.0000   37.5000 1893.0402   28.7476
    7.5000   45.0000   37.5000 1895.9819   28.6733
   -7.5000  -45.0000   45.0000 2258.5669   24.2913
    0.0000  -45.0000   45.0000 2292.0012   23.3326
    7.5000  -45.0000   45.0000 2316.5051   23.1684
   -7.5000  -37.5000   45.0000 2344.5891   22.4927
    0.0000  -37.5000   45.0000 2384.2566   21.6034
    7.5000  -37.5000   45.0000 2409.7302   21.3810
   -7.5000  -30.0000   45.0000 2415.8638   21.1027
    0.0000  -30.0000   45.0000 2451.6184   20.2865
    7.5000  -30.0000   45.0000 2477.4036   20.1630
   -7.5000  -22.5000   45.0000 2468.7959   20.0451
    0.0000  -22.5000   45.0000 2495.2881   19.3601
    7.5000  -22.5000   45.0000 2514.2263   19.2778
   -7.5000  -15.0000   45.0000 2486.4534   19.4897
    0.0000  -15.0000   45.0000 2509.2266   18.8779
    7.5000  -15.0000   45.0000 2528.6826   18.7817
   -7.5000   -7.5000   45.0000 2476.7720   19.3208
    0.0000   -7.5000   45.0000 2505.7236   18.8107
    7.5000   -7.5000   45.0000 2522.2163   18.6676
   -7.5000    0.0000   45.0000 2443.6846   19.6185
    0.0000    0.0000   45.0000 2472.7266   19.1376
    7.5000    0.0000   45.0000 2498.3040   19.0095
   -7.5000    7.5000   45.0000 2387.9072   20.3521
    0.0000    7.5000   45.0000 2418.9956   19.8722
    7.5000    7.5000   45.0000 2438.9531   19.7134
   -7.5000   15.0000   45.0000 2300.0715   21.4060
    0.0000   15.0000   45.0000 2327.9241   20.9225
    7.5000   15.0000   45.0000 2344.5854   20.7689
   -7.5000   22.5000   45.0000 2196.4966   22.9457
    0.0000   22.5000   45.0000 2216.4241   22.4324
    7.5000   22.5000   45.0000 2233.1287   22.3019
   -7.5000   30.0000   45.0000 2075.4685   24.9829
    0.0000   30.0000   45.0000 2095.9678   24.5320
    7.5000   30.0000   45.0000 2098.8638   24.4238
   -7.5000   37.5000   45.0000 1947.0317   27.6777
    0.0000   37.5000   45.0000 1965.3942   27.1928
    7.5000   37.5000   45.0000 1968.6064   27.1046
   -7.5000   45.0000   45.0000 1802.8427   31.2087
    0.0000   45.0000   45.0000 1829.4399   30.6540
    7.5000   45.0000   45.0000 1837.5455   30.5259

---------------------------------------------------------------------
imgreg_4dfp /opt/freesurfer/average/711-2C_as_mni_average_305 /opt/freesurfer/average/711-2B_as_mni_average_305_mask talsrcimg_g11 none talsrcimg_to_711-2C_as_mni_average_305_t4 1283
---------------------------------------------------------------------

freesurfer imgreg_4dfp.c
/opt/freesurfer/average/711-2C_as_mni_average_305.4dfp.img
       256       256       256         1
  1.000000  1.000000  1.000000
orientation T byte_order littleendian
Reading image: /opt/freesurfer/average/711-2C_as_mni_average_305.4dfp.img
dimensions:      256       256       256
mmppix:       1.0000   -1.0000   -1.0000
center:     128.0000 -129.0000 -129.0000
/opt/freesurfer/average/711-2B_as_mni_average_305_mask.4dfp.img
       256       256       256         1
  1.000000  1.000000  1.000000
orientation T byte_order littleendian
Reading mask: /opt/freesurfer/average/711-2B_as_mni_average_305_mask.4dfp.img (2306576 pixels)
talsrcimg_g11.4dfp.img
       256       256       256         1
  1.000000  1.000000  1.000000
orientation T byte_order littleendian
Reading image: talsrcimg_g11.4dfp.img
dimensions:      256       256       256
mmppix:       1.0000   -1.0000   -1.0000
center:     128.0000 -129.0000 -129.0000
rotation matrix determinant  1.000000
fimgreg.f
image alignment mode   1283 decimal      503 hex
parameters
    7.5000  -15.0000    0.0000    0.0000    0.0000    0.0000
eta,q 0.92038 14.44084
niter,ni,del,rscale     5    3   12.0000    1.2000
parameter  6  0.750005 ->  0.500000 qaram    1.1500
parameters
    5.7820  -14.7658   -1.7193    2.9348   -1.4355   -3.4500
eta,q 0.92302 14.28742
  0.0843  0.0879  0.0840  0.0808  0.0798  0.0767
  0.0829  0.0814  0.0801  0.0800  0.0790  0.0768
  0.0794  0.0799  0.0787  0.0794  0.0781  0.0774
  0.0803  0.0795  0.0789  0.0783  0.0779  0.0778
  0.0840  0.0791  0.0821  0.0777  0.0790  0.0792
  0.0891  0.0831  0.0895  0.0781  0.0811  0.0818
  0.0944  0.0852  0.0974  0.0785  0.0836  0.0841
niter,ni,del,rscale     5    3   12.0000    1.2000
parameter  4  1.138556 ->  0.500000 qaram    1.1500
parameters
    5.4042  -15.8639   -1.1597   -0.5152   -4.3220   -5.4043
eta,q 0.92684 14.32557
  0.0828  0.0819  0.0852  0.0761  0.0754  0.0772
  0.0827  0.0773  0.0820  0.0755  0.0735  0.0745
  0.0812  0.0772  0.0784  0.0758  0.0743  0.0732
  0.0770  0.0776  0.0773  0.0773  0.0755  0.0737
  0.0774  0.0800  0.0776  0.0792  0.0767  0.0766
  0.0818  0.0822  0.0792  0.0802  0.0789  0.0801
  0.0875  0.0829  0.0833  0.0813  0.0832  0.0831
niter,ni,del,rscale     5    3   12.0000    1.2000
parameters
    4.6240  -15.3684   -1.8080   -1.2521   -4.3000   -6.1252
eta,q 0.92688 14.26202
  0.0806  0.0914  0.0825  0.0794  0.0783  0.0783
  0.0774  0.0815  0.0780  0.0759  0.0757  0.0760
  0.0747  0.0750  0.0750  0.0732  0.0733  0.0737
  0.0732  0.0733  0.0732  0.0735  0.0732  0.0732
  0.0747  0.0734  0.0748  0.0752  0.0749  0.0747
  0.0802  0.0790  0.0810  0.0783  0.0761  0.0778
  0.0872  0.0855  0.0889  0.0818  0.0774  0.0808
niter,ni,del,rscale     4    3   12.0000    1.2000
parameters
    4.7356  -15.1786   -1.9462   -1.5947   -4.5949   -6.2152
eta,q 0.92721 14.26270
  0.0830  0.0893  0.0832  0.0801  0.0777  0.0792
  0.0784  0.0804  0.0790  0.0764  0.0750  0.0766
  0.0756  0.0743  0.0752  0.0735  0.0729  0.0740
  0.0731  0.0730  0.0731  0.0731  0.0730  0.0728
  0.0732  0.0739  0.0735  0.0749  0.0747  0.0739
  0.0771  0.0798  0.0783  0.0777  0.0762  0.0766
  0.0835  0.0868  0.0859  0.0809  0.0776  0.0799
niter,ni,del,rscale     3    3   12.0000    1.2000
parameters
    4.8423  -15.0876   -2.0167   -1.7586   -4.7125   -6.1981
eta,q 0.92739 14.26703
  0.0830  0.0887  0.0830  0.0804  0.0780  0.0795
  0.0785  0.0800  0.0789  0.0766  0.0751  0.0767
  0.0756  0.0739  0.0749  0.0735  0.0728  0.0740
  0.0728  0.0727  0.0727  0.0727  0.0727  0.0726
  0.0728  0.0738  0.0730  0.0746  0.0744  0.0736
  0.0771  0.0801  0.0776  0.0773  0.0759  0.0764
  0.0837  0.0872  0.0853  0.0806  0.0775  0.0797
niter,ni,del,rscale     2    3   12.0000    1.2000
parameters
    4.8914  -15.0430   -2.0535   -1.8243   -4.7583   -6.1839
eta,q 0.92747 14.26790
  0.0829  0.0885  0.0828  0.0805  0.0781  0.0795
  0.0784  0.0798  0.0788  0.0767  0.0751  0.0767
  0.0755  0.0738  0.0749  0.0735  0.0728  0.0740
  0.0726  0.0726  0.0726  0.0726  0.0725  0.0725
  0.0726  0.0738  0.0728  0.0744  0.0743  0.0735
  0.0773  0.0803  0.0773  0.0772  0.0758  0.0764
  0.0841  0.0875  0.0849  0.0804  0.0774  0.0797
registration optimization eta report
parameter search radius
    6.0000    6.0000    6.0000    6.9000    6.0000    6.9000
100000*second partial in parameter space
       30.       44.       31.       16.       14.       14.
  0.0829  0.0885  0.0828  0.0805  0.0781  0.0795
  0.0784  0.0798  0.0788  0.0767  0.0751  0.0767
  0.0755  0.0738  0.0749  0.0735  0.0728  0.0740
  0.0726  0.0726  0.0726  0.0726  0.0725  0.0725
  0.0726  0.0738  0.0728  0.0744  0.0743  0.0735
  0.0773  0.0803  0.0773  0.0772  0.0758  0.0764
  0.0841  0.0875  0.0849  0.0804  0.0774  0.0797
    4.8914  -15.0430   -2.0535   -1.8243   -4.7583   -6.1839
eta,q 0.92747 14.26790

---------------------------------------------------------------------
imgreg_4dfp /opt/freesurfer/average/711-2C_as_mni_average_305 /opt/freesurfer/average/711-2B_as_mni_average_305_mask talsrcimg_g11 none talsrcimg_to_711-2C_as_mni_average_305_t4 3335
---------------------------------------------------------------------

freesurfer imgreg_4dfp.c
/opt/freesurfer/average/711-2C_as_mni_average_305.4dfp.img
       256       256       256         1
  1.000000  1.000000  1.000000
orientation T byte_order littleendian
Reading image: /opt/freesurfer/average/711-2C_as_mni_average_305.4dfp.img
dimensions:      256       256       256
mmppix:       1.0000   -1.0000   -1.0000
center:     128.0000 -129.0000 -129.0000
/opt/freesurfer/average/711-2B_as_mni_average_305_mask.4dfp.img
       256       256       256         1
  1.000000  1.000000  1.000000
orientation T byte_order littleendian
Reading mask: /opt/freesurfer/average/711-2B_as_mni_average_305_mask.4dfp.img (2306576 pixels)
talsrcimg_g11.4dfp.img
       256       256       256         1
  1.000000  1.000000  1.000000
orientation T byte_order littleendian
Reading image: talsrcimg_g11.4dfp.img
dimensions:      256       256       256
mmppix:       1.0000   -1.0000   -1.0000
center:     128.0000 -129.0000 -129.0000
fimgreg.f
image alignment mode   3335 decimal      D07 hex
parameters
    4.8914  -15.0430   -2.0535   -0.9245   -0.6038   -0.3952
   10.5039    8.5856  -10.7348    2.2719   -8.2952   -3.1725
eta,q 0.92675 14.34009
niter,ni,del,rscale     5    3    5.0000    1.2000
parameter  4  6.117726 ->  0.500000 qaram    1.1500
parameter  5  3.265610 ->  0.500000 qaram    1.1500
parameter  6  1.506403 ->  0.500000 qaram    1.1500
parameter  7  0.827170 ->  0.500000 qaram    1.1500
parameter 10  1.006802 ->  0.500000 qaram    1.1500
parameters
    4.7918  -15.2330   -1.3423   -5.0645   -4.7438   -4.5352
    6.3639    8.9528   -9.8334   -1.8681   -4.7690   -5.0546
eta,q 0.95768 14.24330
  0.0754  0.0750  0.0760  0.0590  0.0506  0.0467  0.0468  0.0523  0.0497  0.0432  0.0473  0.0441
  0.0740  0.0738  0.0746  0.0627  0.0528  0.0483  0.0464  0.0497  0.0481  0.0430  0.0457  0.0429
  0.0733  0.0733  0.0737  0.0674  0.0572  0.0509  0.0471  0.0476  0.0470  0.0442  0.0442  0.0423
  0.0733  0.0732  0.0732  0.0731  0.0639  0.0537  0.0489  0.0465  0.0464  0.0464  0.0432  0.0426
  0.0737  0.0736  0.0731  0.0789  0.0711  0.0562  0.0516  0.0469  0.0465  0.0493  0.0426  0.0436
  0.0744  0.0744  0.0733  0.0845  0.0773  0.0606  0.0548  0.0487  0.0472  0.0527  0.0427  0.0451
  0.0756  0.0755  0.0738  0.0898  0.0824  0.0665  0.0583  0.0515  0.0484  0.0564  0.0433  0.0469
niter,ni,del,rscale     7    3    5.0000    1.2000
parameter  2 -0.874416 -> -0.500000 qaram    1.1500
parameter  3 -0.947669 -> -0.500000 qaram    1.1500
parameter  4  0.673706 ->  0.500000 qaram    1.3225
parameter  5  0.828948 ->  0.500000 qaram    1.3225
parameters
    4.7212  -13.8530    0.0377   -9.8255   -9.5048   -5.6954
    7.4353    9.2810   -9.0008   -3.8260   -5.5520   -6.2365
eta,q 0.97100 13.84293
  0.0473  0.0525  0.0483  0.0343  0.0291  0.0333  0.0336  0.0354  0.0323  0.0326  0.0300  0.0303
  0.0446  0.0484  0.0449  0.0335  0.0293  0.0317  0.0319  0.0324  0.0310  0.0300  0.0294  0.0293
  0.0429  0.0450  0.0420  0.0341  0.0301  0.0306  0.0306  0.0305  0.0301  0.0291  0.0292  0.0290
  0.0423  0.0423  0.0397  0.0374  0.0335  0.0294  0.0299  0.0297  0.0296  0.0296  0.0291  0.0291
  0.0430  0.0405  0.0381  0.0444  0.0405  0.0295  0.0296  0.0298  0.0297  0.0311  0.0293  0.0296
  0.0450  0.0395  0.0372  0.0540  0.0484  0.0331  0.0303  0.0314  0.0303  0.0337  0.0297  0.0302
  0.0480  0.0396  0.0371  0.0632  0.0553  0.0384  0.0324  0.0348  0.0314  0.0373  0.0304  0.0310
niter,ni,del,rscale     7    3    5.0000    1.2000
parameter  2 -0.765539 -> -0.500000 qaram    1.3225
parameter  3 -0.512113 -> -0.500000 qaram    1.3225
parameters
    5.1619  -12.2660    1.6247  -12.0950  -13.4421   -3.5279
    7.2524   10.0539   -9.8772   -3.0325   -7.4855   -9.2528
eta,q 0.97541 13.56336
  0.0337  0.0394  0.0312  0.0294  0.0282  0.0302  0.0277  0.0300  0.0265  0.0316  0.0254  0.0253
  0.0316  0.0353  0.0290  0.0278  0.0267  0.0284  0.0263  0.0273  0.0256  0.0277  0.0251  0.0247
  0.0300  0.0317  0.0272  0.0266  0.0259  0.0269  0.0254  0.0258  0.0251  0.0256  0.0250  0.0246
  0.0290  0.0288  0.0262  0.0257  0.0263  0.0260  0.0251  0.0251  0.0251  0.0250  0.0251  0.0250
  0.0288  0.0269  0.0258  0.0269  0.0303  0.0249  0.0253  0.0252  0.0255  0.0256  0.0253  0.0256
  0.0296  0.0261  0.0257  0.0316  0.0381  0.0249  0.0263  0.0261  0.0263  0.0269  0.0257  0.0264
  0.0314  0.0267  0.0261  0.0404  0.0463  0.0278  0.0281  0.0283  0.0274  0.0289  0.0263  0.0273
niter,ni,del,rscale     7    3    5.0000    1.2000
parameters
    5.6023  -11.4320    2.0006  -12.2841  -15.0887   -3.9097
    7.5111   10.3982   -9.6269   -2.2450   -7.9704   -9.9058
eta,q 0.97529 13.45588
  0.0290  0.0327  0.0281  0.0291  0.0291  0.0287  0.0277  0.0295  0.0264  0.0307  0.0256  0.0261
  0.0270  0.0288  0.0260  0.0270  0.0269  0.0270  0.0262  0.0267  0.0254  0.0271  0.0250  0.0251
  0.0254  0.0260  0.0246  0.0254  0.0251  0.0257  0.0251  0.0251  0.0249  0.0252  0.0248  0.0247
  0.0246  0.0244  0.0241  0.0241  0.0241  0.0245  0.0247  0.0247  0.0247  0.0247  0.0248  0.0248
  0.0245  0.0241  0.0243  0.0234  0.0249  0.0242  0.0249  0.0252  0.0249  0.0252  0.0250  0.0251
  0.0252  0.0250  0.0251  0.0258  0.0295  0.0267  0.0258  0.0265  0.0253  0.0265  0.0253  0.0257
  0.0267  0.0270  0.0265  0.0313  0.0373  0.0309  0.0275  0.0284  0.0261  0.0283  0.0258  0.0264
niter,ni,del,rscale     6    3    5.0000    1.2000
parameters
    5.6285  -11.1872    1.7345  -11.9958  -15.3541   -4.0835
    7.5071   10.5612   -9.3186   -1.7050   -8.0437  -10.3805
eta,q 0.97523 13.45072
  0.0279  0.0299  0.0269  0.0296  0.0304  0.0289  0.0276  0.0294  0.0263  0.0302  0.0258  0.0262
  0.0262  0.0270  0.0255  0.0276  0.0281  0.0271  0.0261  0.0265  0.0254  0.0267  0.0251  0.0252
  0.0251  0.0253  0.0248  0.0260  0.0261  0.0258  0.0251  0.0250  0.0249  0.0251  0.0248  0.0248
  0.0247  0.0247  0.0247  0.0247  0.0246  0.0247  0.0247  0.0247  0.0248  0.0248  0.0248  0.0248
  0.0250  0.0251  0.0252  0.0238  0.0242  0.0242  0.0250  0.0254  0.0249  0.0253  0.0250  0.0252
  0.0261  0.0263  0.0262  0.0257  0.0267  0.0263  0.0259  0.0266  0.0253  0.0266  0.0253  0.0257
  0.0279  0.0283  0.0278  0.0306  0.0332  0.0307  0.0278  0.0286  0.0260  0.0283  0.0257  0.0264
niter,ni,del,rscale     5    3    5.0000    1.2000
parameters
    5.6007  -11.0917    1.5755  -11.9222  -15.3680   -4.1527
    7.4583   10.6200   -9.2062   -1.3685   -8.0212  -10.6030
eta,q 0.97520 13.45387
  0.0278  0.0293  0.0272  0.0296  0.0306  0.0290  0.0276  0.0293  0.0262  0.0298  0.0259  0.0264
  0.0262  0.0267  0.0257  0.0277  0.0283  0.0272  0.0261  0.0265  0.0254  0.0266  0.0252  0.0253
  0.0252  0.0252  0.0249  0.0261  0.0263  0.0259  0.0252  0.0250  0.0249  0.0250  0.0249  0.0248
  0.0248  0.0248  0.0248  0.0248  0.0247  0.0247  0.0248  0.0248  0.0248  0.0248  0.0248  0.0248
  0.0251  0.0253  0.0252  0.0240  0.0242  0.0242  0.0250  0.0255  0.0249  0.0254  0.0250  0.0251
  0.0262  0.0266  0.0261  0.0260  0.0264  0.0261  0.0260  0.0267  0.0253  0.0267  0.0253  0.0257
  0.0281  0.0285  0.0276  0.0312  0.0326  0.0305  0.0279  0.0287  0.0261  0.0285  0.0257  0.0264
niter,ni,del,rscale     4    3    5.0000    1.2000
parameters
    5.5856  -11.0303    1.4916  -11.8724  -15.3768   -4.1815
    7.4527   10.6390   -9.1485   -1.1716   -7.9814  -10.7194
eta,q 0.97519 13.45692
  0.0279  0.0292  0.0273  0.0297  0.0306  0.0290  0.0276  0.0292  0.0261  0.0296  0.0259  0.0265
  0.0263  0.0266  0.0258  0.0277  0.0283  0.0272  0.0262  0.0264  0.0254  0.0265  0.0252  0.0254
  0.0252  0.0252  0.0250  0.0261  0.0263  0.0259  0.0252  0.0250  0.0249  0.0250  0.0249  0.0249
  0.0248  0.0248  0.0248  0.0248  0.0248  0.0248  0.0248  0.0248  0.0248  0.0248  0.0248  0.0248
  0.0251  0.0254  0.0252  0.0240  0.0242  0.0243  0.0250  0.0255  0.0249  0.0255  0.0250  0.0251
  0.0262  0.0266  0.0261  0.0261  0.0264  0.0261  0.0260  0.0267  0.0253  0.0268  0.0253  0.0257
  0.0281  0.0286  0.0274  0.0313  0.0326  0.0305  0.0278  0.0288  0.0261  0.0286  0.0257  0.0264
niter,ni,del,rscale     3    3    5.0000    1.2000
parameters
    5.5757  -10.9932    1.4409  -11.8487  -15.3869   -4.2009
    7.4431   10.6424   -9.1262   -1.0615   -7.9697  -10.7850
eta,q 0.97517 13.45792
  0.0279  0.0291  0.0274  0.0297  0.0306  0.0290  0.0276  0.0292  0.0261  0.0295  0.0259  0.0266
  0.0263  0.0266  0.0258  0.0277  0.0283  0.0273  0.0262  0.0264  0.0254  0.0264  0.0252  0.0254
  0.0252  0.0251  0.0250  0.0262  0.0263  0.0259  0.0252  0.0250  0.0250  0.0250  0.0249  0.0249
  0.0248  0.0248  0.0248  0.0248  0.0248  0.0248  0.0248  0.0248  0.0248  0.0248  0.0248  0.0248
  0.0251  0.0254  0.0252  0.0240  0.0243  0.0243  0.0250  0.0255  0.0250  0.0255  0.0250  0.0251
  0.0262  0.0267  0.0260  0.0261  0.0265  0.0261  0.0260  0.0267  0.0254  0.0269  0.0253  0.0257
  0.0280  0.0286  0.0274  0.0314  0.0326  0.0304  0.0279  0.0288  0.0261  0.0286  0.0257  0.0264
niter,ni,del,rscale     2    3    5.0000    1.2000
parameters
    5.5698  -10.9710    1.4108  -11.8364  -15.3939   -4.2155
    7.4364   10.6485   -9.1093   -0.9972   -7.9537  -10.8200
eta,q 0.97516 13.45815
  0.0279  0.0290  0.0274  0.0297  0.0306  0.0291  0.0276  0.0292  0.0261  0.0294  0.0259  0.0266
  0.0263  0.0265  0.0259  0.0277  0.0284  0.0273  0.0262  0.0264  0.0254  0.0264  0.0252  0.0254
  0.0252  0.0251  0.0250  0.0262  0.0264  0.0259  0.0252  0.0250  0.0250  0.0250  0.0249  0.0249
  0.0248  0.0248  0.0248  0.0248  0.0248  0.0248  0.0248  0.0248  0.0248  0.0248  0.0248  0.0248
  0.0251  0.0254  0.0252  0.0240  0.0243  0.0243  0.0250  0.0255  0.0250  0.0256  0.0250  0.0252
  0.0262  0.0267  0.0260  0.0261  0.0265  0.0261  0.0260  0.0267  0.0254  0.0269  0.0253  0.0257
  0.0280  0.0286  0.0274  0.0314  0.0326  0.0304  0.0279  0.0288  0.0261  0.0287  0.0257  0.0264
registration optimization eta report
parameter search radius
    2.4000    3.1740    3.1740    9.5220    9.5220    8.2800
    8.2800    7.2000    7.2000    8.2800    7.2000    7.2000
100000*second partial in parameter space
       54.       40.       25.        7.        8.        7.
        4.        8.        2.        6.        2.        3.
  0.0279  0.0290  0.0274  0.0297  0.0306  0.0291  0.0276  0.0292  0.0261  0.0294  0.0259  0.0266
  0.0263  0.0265  0.0259  0.0277  0.0284  0.0273  0.0262  0.0264  0.0254  0.0264  0.0252  0.0254
  0.0252  0.0251  0.0250  0.0262  0.0264  0.0259  0.0252  0.0250  0.0250  0.0250  0.0249  0.0249
  0.0248  0.0248  0.0248  0.0248  0.0248  0.0248  0.0248  0.0248  0.0248  0.0248  0.0248  0.0248
  0.0251  0.0254  0.0252  0.0240  0.0243  0.0243  0.0250  0.0255  0.0250  0.0256  0.0250  0.0252
  0.0262  0.0267  0.0260  0.0261  0.0265  0.0261  0.0260  0.0267  0.0254  0.0269  0.0253  0.0257
  0.0280  0.0286  0.0274  0.0314  0.0326  0.0304  0.0279  0.0288  0.0261  0.0287  0.0257  0.0264
    5.5698  -10.9710    1.4108  -11.8364  -15.3939   -4.2155
    7.4364   10.6485   -9.1093   -0.9972   -7.9537  -10.8200
eta,q 0.97516 13.45815

---------------------------------------------------------------------
imgreg_4dfp /opt/freesurfer/average/711-2C_as_mni_average_305 /opt/freesurfer/average/711-2B_as_mni_average_305_mask talsrcimg_g11 none talsrcimg_to_711-2C_as_mni_average_305_t4 2311
---------------------------------------------------------------------

freesurfer imgreg_4dfp.c
/opt/freesurfer/average/711-2C_as_mni_average_305.4dfp.img
       256       256       256         1
  1.000000  1.000000  1.000000
orientation T byte_order littleendian
Reading image: /opt/freesurfer/average/711-2C_as_mni_average_305.4dfp.img
dimensions:      256       256       256
mmppix:       1.0000   -1.0000   -1.0000
center:     128.0000 -129.0000 -129.0000
/opt/freesurfer/average/711-2B_as_mni_average_305_mask.4dfp.img
       256       256       256         1
  1.000000  1.000000  1.000000
orientation T byte_order littleendian
Reading mask: /opt/freesurfer/average/711-2B_as_mni_average_305_mask.4dfp.img (2306576 pixels)
talsrcimg_g11.4dfp.img
       256       256       256         1
  1.000000  1.000000  1.000000
orientation T byte_order littleendian
Reading image: talsrcimg_g11.4dfp.img
dimensions:      256       256       256
mmppix:       1.0000   -1.0000   -1.0000
center:     128.0000 -129.0000 -129.0000
fimgreg.f
image alignment mode   2311 decimal      907 hex
parameters
    5.5698  -10.9710    1.4108  -11.8364  -15.3939   -4.2155
    7.4364   10.6485   -9.1093   -0.9972   -7.9537  -10.8200
eta,q 0.97516 13.45815
niter,ni,del,rscale     5    3    5.0000    0.8000
parameter  4 -0.589951 -> -0.500000 qaram    1.1500
parameters
    5.6184  -11.0960    1.2826   -9.0764  -13.4129   -3.9866
    6.9986   11.1796   -8.8232   -0.7753   -6.8481  -10.1281
eta,q 0.97648 13.72168
  0.0263  0.0257  0.0254  0.0269  0.0267  0.0255  0.0248  0.0270  0.0247  0.0258  0.0248  0.0250
  0.0255  0.0252  0.0250  0.0262  0.0256  0.0247  0.0241  0.0251  0.0241  0.0244  0.0241  0.0242
  0.0250  0.0249  0.0248  0.0255  0.0248  0.0241  0.0237  0.0239  0.0237  0.0237  0.0237  0.0237
  0.0248  0.0248  0.0248  0.0248  0.0240  0.0236  0.0235  0.0235  0.0235  0.0235  0.0235  0.0235
  0.0249  0.0250  0.0250  0.0242  0.0236  0.0234  0.0237  0.0237  0.0236  0.0238  0.0235  0.0236
  0.0254  0.0254  0.0252  0.0241  0.0236  0.0239  0.0244  0.0243  0.0239  0.0244  0.0237  0.0238
  0.0262  0.0260  0.0256  0.0248  0.0245  0.0256  0.0256  0.0256  0.0245  0.0252  0.0239  0.0242
niter,ni,del,rscale     5    3    5.0000    0.8000
parameters
    5.3171  -11.0125    1.1983   -9.7736  -13.5198   -3.0828
    7.7357   10.7004   -9.3007   -0.4785   -6.3713   -9.8780
eta,q 0.97664 13.74008
  0.0247  0.0249  0.0242  0.0257  0.0256  0.0258  0.0250  0.0255  0.0241  0.0256  0.0242  0.0245
  0.0240  0.0241  0.0238  0.0249  0.0248  0.0250  0.0243  0.0241  0.0237  0.0243  0.0237  0.0238
  0.0235  0.0237  0.0235  0.0241  0.0241  0.0244  0.0238  0.0234  0.0234  0.0235  0.0234  0.0234
  0.0235  0.0235  0.0235  0.0235  0.0237  0.0237  0.0234  0.0234  0.0233  0.0233  0.0233  0.0233
  0.0239  0.0236  0.0236  0.0236  0.0236  0.0234  0.0234  0.0238  0.0235  0.0236  0.0234  0.0235
  0.0249  0.0240  0.0239  0.0252  0.0244  0.0236  0.0236  0.0248  0.0239  0.0241  0.0236  0.0238
  0.0263  0.0246  0.0244  0.0284  0.0263  0.0250  0.0244  0.0267  0.0245  0.0249  0.0239  0.0242
niter,ni,del,rscale     4    3    5.0000    0.7000
parameters
    5.3648  -11.0727    1.5307   -9.7897  -13.3839   -2.5588
    7.8647   10.6041   -9.3442   -0.6566   -6.3962   -9.5124
eta,q 0.97685 13.76975
  0.0248  0.0243  0.0243  0.0254  0.0249  0.0252  0.0243  0.0252  0.0239  0.0245  0.0238  0.0241
  0.0241  0.0237  0.0238  0.0247  0.0242  0.0246  0.0237  0.0240  0.0235  0.0236  0.0234  0.0235
  0.0236  0.0234  0.0235  0.0240  0.0237  0.0239  0.0234  0.0233  0.0232  0.0232  0.0232  0.0232
  0.0234  0.0234  0.0234  0.0233  0.0233  0.0233  0.0232  0.0232  0.0232  0.0232  0.0231  0.0231
  0.0234  0.0235  0.0233  0.0232  0.0232  0.0231  0.0232  0.0234  0.0232  0.0234  0.0232  0.0232
  0.0239  0.0239  0.0234  0.0241  0.0237  0.0234  0.0235  0.0241  0.0235  0.0239  0.0234  0.0234
  0.0247  0.0244  0.0237  0.0262  0.0251  0.0249  0.0242  0.0254  0.0239  0.0247  0.0237  0.0238
niter,ni,del,rscale     3    3    5.0000    0.6000
parameters
    5.3970  -11.1447    1.7555   -9.7060  -13.2522   -2.2157
    7.8887   10.6418   -9.3428   -0.8907   -6.4276   -9.1963
eta,q 0.97700 13.79106
  0.0243  0.0238  0.0238  0.0249  0.0243  0.0247  0.0238  0.0247  0.0236  0.0240  0.0235  0.0237
  0.0237  0.0234  0.0235  0.0243  0.0238  0.0242  0.0234  0.0237  0.0233  0.0233  0.0232  0.0233
  0.0233  0.0232  0.0233  0.0236  0.0234  0.0235  0.0232  0.0232  0.0231  0.0230  0.0230  0.0231
  0.0231  0.0231  0.0231  0.0231  0.0231  0.0231  0.0230  0.0230  0.0230  0.0230  0.0230  0.0230
  0.0232  0.0233  0.0231  0.0230  0.0230  0.0229  0.0230  0.0232  0.0231  0.0232  0.0231  0.0230
  0.0236  0.0235  0.0232  0.0237  0.0234  0.0233  0.0233  0.0237  0.0233  0.0236  0.0232  0.0232
  0.0242  0.0240  0.0235  0.0253  0.0244  0.0246  0.0239  0.0246  0.0236  0.0242  0.0235  0.0235
niter,ni,del,rscale     2    3    5.0000    0.5000
parameters
    5.4148  -11.2062    1.8740   -9.5673  -13.1322   -1.9831
    7.9125   10.6898   -9.3624   -1.0499   -6.4164   -8.9597
eta,q 0.97710 13.80930
  0.0238  0.0235  0.0235  0.0244  0.0238  0.0243  0.0235  0.0242  0.0233  0.0236  0.0233  0.0234
  0.0234  0.0232  0.0232  0.0239  0.0234  0.0237  0.0232  0.0234  0.0231  0.0232  0.0231  0.0231
  0.0231  0.0230  0.0231  0.0234  0.0231  0.0232  0.0230  0.0230  0.0230  0.0229  0.0229  0.0230
  0.0230  0.0230  0.0230  0.0230  0.0229  0.0229  0.0229  0.0229  0.0229  0.0229  0.0229  0.0229
  0.0231  0.0231  0.0230  0.0229  0.0229  0.0229  0.0229  0.0230  0.0229  0.0230  0.0229  0.0229
  0.0233  0.0233  0.0231  0.0234  0.0232  0.0232  0.0231  0.0234  0.0231  0.0233  0.0231  0.0231
  0.0238  0.0236  0.0233  0.0245  0.0238  0.0241  0.0235  0.0241  0.0234  0.0237  0.0233  0.0232
niter,ni,del,rscale     1    3    5.0000    0.4000
parameters
    5.4070  -11.2501    1.9280   -9.3983  -13.0219   -1.8233
    7.9408   10.7312   -9.4065   -1.1374   -6.3890   -8.8133
eta,q 0.97716 13.82590
  0.0234  0.0232  0.0232  0.0240  0.0235  0.0238  0.0233  0.0237  0.0231  0.0233  0.0231  0.0232
  0.0231  0.0230  0.0230  0.0235  0.0232  0.0234  0.0230  0.0232  0.0230  0.0230  0.0230  0.0230
  0.0230  0.0229  0.0229  0.0232  0.0230  0.0230  0.0229  0.0229  0.0229  0.0229  0.0229  0.0229
  0.0229  0.0229  0.0229  0.0229  0.0229  0.0229  0.0228  0.0228  0.0228  0.0228  0.0228  0.0228
  0.0230  0.0230  0.0229  0.0229  0.0229  0.0228  0.0229  0.0229  0.0229  0.0229  0.0229  0.0229
  0.0231  0.0231  0.0230  0.0232  0.0230  0.0231  0.0230  0.0232  0.0230  0.0231  0.0229  0.0229
  0.0235  0.0233  0.0231  0.0239  0.0234  0.0237  0.0233  0.0236  0.0232  0.0234  0.0231  0.0231
registration optimization eta report
parameter search radius
    0.8000    0.8000    0.8000    2.7600    2.4000    2.4000
    2.4000    2.4000    2.4000    2.4000    2.4000    2.4000
100000*second partial in parameter space
       86.       56.       40.       14.       10.       16.
        7.       14.        5.        9.        4.        5.
  0.0234  0.0232  0.0232  0.0240  0.0235  0.0238  0.0233  0.0237  0.0231  0.0233  0.0231  0.0232
  0.0231  0.0230  0.0230  0.0235  0.0232  0.0234  0.0230  0.0232  0.0230  0.0230  0.0230  0.0230
  0.0230  0.0229  0.0229  0.0232  0.0230  0.0230  0.0229  0.0229  0.0229  0.0229  0.0229  0.0229
  0.0229  0.0229  0.0229  0.0229  0.0229  0.0229  0.0228  0.0228  0.0228  0.0228  0.0228  0.0228
  0.0230  0.0230  0.0229  0.0229  0.0229  0.0228  0.0229  0.0229  0.0229  0.0229  0.0229  0.0229
  0.0231  0.0231  0.0230  0.0232  0.0230  0.0231  0.0230  0.0232  0.0230  0.0231  0.0229  0.0229
  0.0235  0.0233  0.0231  0.0239  0.0234  0.0237  0.0233  0.0236  0.0232  0.0234  0.0231  0.0231
    5.4070  -11.2501    1.9280   -9.3983  -13.0219   -1.8233
    7.9408   10.7312   -9.4065   -1.1374   -6.3890   -8.8133
eta,q 0.97716 13.82590

---------------------------------------------------------------------
imgreg_4dfp /opt/freesurfer/average/711-2C_as_mni_average_305 /opt/freesurfer/average/711-2B_as_mni_average_305_mask talsrcimg_g11 none talsrcimg_to_711-2C_as_mni_average_305_t4 2311
---------------------------------------------------------------------

freesurfer imgreg_4dfp.c
/opt/freesurfer/average/711-2C_as_mni_average_305.4dfp.img
       256       256       256         1
  1.000000  1.000000  1.000000
orientation T byte_order littleendian
Reading image: /opt/freesurfer/average/711-2C_as_mni_average_305.4dfp.img
dimensions:      256       256       256
mmppix:       1.0000   -1.0000   -1.0000
center:     128.0000 -129.0000 -129.0000
/opt/freesurfer/average/711-2B_as_mni_average_305_mask.4dfp.img
       256       256       256         1
  1.000000  1.000000  1.000000
orientation T byte_order littleendian
Reading mask: /opt/freesurfer/average/711-2B_as_mni_average_305_mask.4dfp.img (2306576 pixels)
talsrcimg_g11.4dfp.img
       256       256       256         1
  1.000000  1.000000  1.000000
orientation T byte_order littleendian
Reading image: talsrcimg_g11.4dfp.img
dimensions:      256       256       256
mmppix:       1.0000   -1.0000   -1.0000
center:     128.0000 -129.0000 -129.0000
fimgreg.f
image alignment mode   2311 decimal      907 hex
parameters
    5.4070  -11.2501    1.9280   -9.3983  -13.0219   -1.8233
    7.9408   10.7312   -9.4065   -1.1374   -6.3890   -8.8133
eta,q 0.97716 13.82589
niter,ni,del,rscale     5    3    5.0000    0.8000
parameters
    5.3095  -11.2821    1.8865  -10.0468  -13.6648   -2.4352
    8.0050   10.4575   -9.4648   -1.5112   -6.4295   -9.0419
eta,q 0.97685 13.73441
  0.0248  0.0243  0.0239  0.0248  0.0247  0.0252  0.0244  0.0256  0.0241  0.0247  0.0239  0.0240
  0.0237  0.0235  0.0233  0.0241  0.0239  0.0245  0.0238  0.0241  0.0236  0.0237  0.0234  0.0234
  0.0231  0.0230  0.0230  0.0234  0.0233  0.0236  0.0234  0.0234  0.0233  0.0232  0.0232  0.0232
  0.0228  0.0228  0.0228  0.0228  0.0230  0.0231  0.0232  0.0232  0.0232  0.0232  0.0232  0.0232
  0.0231  0.0230  0.0230  0.0231  0.0232  0.0232  0.0233  0.0235  0.0233  0.0236  0.0233  0.0233
  0.0240  0.0235  0.0234  0.0246  0.0243  0.0248  0.0236  0.0245  0.0236  0.0242  0.0235  0.0237
  0.0255  0.0244  0.0241  0.0274  0.0267  0.0278  0.0245  0.0262  0.0241  0.0251  0.0239  0.0241
niter,ni,del,rscale     4    3    5.0000    0.7000
parameters
    5.4598  -11.2649    1.9124   -9.8898  -13.5295   -2.4902
    7.8798   10.5687   -9.4377   -1.4925   -6.6032   -9.1141
eta,q 0.97693 13.74389
  0.0248  0.0242  0.0239  0.0249  0.0247  0.0249  0.0240  0.0253  0.0238  0.0246  0.0236  0.0238
  0.0240  0.0236  0.0235  0.0243  0.0240  0.0243  0.0236  0.0240  0.0234  0.0236  0.0233  0.0233
  0.0235  0.0232  0.0232  0.0237  0.0234  0.0236  0.0232  0.0233  0.0232  0.0232  0.0231  0.0231
  0.0232  0.0231  0.0231  0.0231  0.0231  0.0231  0.0231  0.0231  0.0231  0.0231  0.0231  0.0231
  0.0232  0.0232  0.0232  0.0230  0.0230  0.0230  0.0231  0.0233  0.0231  0.0233  0.0232  0.0232
  0.0235  0.0236  0.0234  0.0236  0.0235  0.0237  0.0235  0.0239  0.0234  0.0238  0.0234  0.0234
  0.0243  0.0241  0.0238  0.0251  0.0248  0.0257  0.0243  0.0250  0.0238  0.0244  0.0237  0.0238
niter,ni,del,rscale     3    3    5.0000    0.6000
parameters
    5.4637  -11.2564    1.9054   -9.6519  -13.3480   -2.3043
    7.8680   10.6832   -9.3910   -1.3490   -6.5231   -9.0520
eta,q 0.97703 13.77422
  0.0242  0.0238  0.0236  0.0245  0.0243  0.0246  0.0238  0.0247  0.0236  0.0242  0.0235  0.0236
  0.0236  0.0234  0.0233  0.0240  0.0237  0.0240  0.0234  0.0237  0.0232  0.0235  0.0232  0.0232
  0.0232  0.0232  0.0231  0.0235  0.0233  0.0234  0.0231  0.0231  0.0230  0.0231  0.0230  0.0230
  0.0231  0.0231  0.0231  0.0231  0.0230  0.0230  0.0230  0.0230  0.0230  0.0230  0.0230  0.0230
  0.0232  0.0232  0.0231  0.0230  0.0230  0.0229  0.0230  0.0231  0.0230  0.0231  0.0230  0.0230
  0.0235  0.0234  0.0233  0.0234  0.0233  0.0234  0.0233  0.0236  0.0232  0.0234  0.0232  0.0232
  0.0242  0.0238  0.0236  0.0245  0.0243  0.0247  0.0239  0.0245  0.0236  0.0239  0.0234  0.0235
niter,ni,del,rscale     2    3    5.0000    0.5000
parameters
    5.4319  -11.2567    1.9172   -9.4210  -13.1890   -2.0645
    7.8966   10.7335   -9.4065   -1.2447   -6.4241   -8.9314
eta,q 0.97713 13.80369
  0.0237  0.0235  0.0234  0.0242  0.0238  0.0242  0.0235  0.0241  0.0233  0.0238  0.0233  0.0233
  0.0233  0.0232  0.0232  0.0237  0.0234  0.0237  0.0232  0.0234  0.0231  0.0232  0.0231  0.0231
  0.0231  0.0230  0.0230  0.0233  0.0231  0.0232  0.0230  0.0230  0.0229  0.0230  0.0229  0.0229
  0.0230  0.0230  0.0230  0.0230  0.0229  0.0229  0.0229  0.0229  0.0229  0.0229  0.0229  0.0229
  0.0231  0.0230  0.0230  0.0229  0.0229  0.0229  0.0229  0.0230  0.0229  0.0230  0.0229  0.0229
  0.0233  0.0232  0.0231  0.0232  0.0231  0.0232  0.0231  0.0234  0.0231  0.0232  0.0230  0.0231
  0.0239  0.0235  0.0234  0.0240  0.0238  0.0241  0.0235  0.0240  0.0233  0.0236  0.0232  0.0232
niter,ni,del,rscale     1    3    5.0000    0.4000
parameters
    5.3909  -11.2629    1.9338   -9.2535  -13.0578   -1.8731
    7.9369   10.7578   -9.4367   -1.1980   -6.3423   -8.8214
eta,q 0.97717 13.82550
  0.0234  0.0232  0.0231  0.0237  0.0234  0.0238  0.0232  0.0237  0.0231  0.0234  0.0231  0.0231
  0.0231  0.0230  0.0230  0.0234  0.0232  0.0234  0.0230  0.0232  0.0230  0.0231  0.0229  0.0230
  0.0229  0.0229  0.0229  0.0231  0.0230  0.0230  0.0229  0.0229  0.0229  0.0229  0.0229  0.0229
  0.0229  0.0229  0.0229  0.0229  0.0229  0.0228  0.0228  0.0228  0.0228  0.0228  0.0228  0.0228
  0.0229  0.0229  0.0229  0.0229  0.0228  0.0228  0.0229  0.0229  0.0229  0.0229  0.0229  0.0229
  0.0231  0.0230  0.0230  0.0231  0.0230  0.0231  0.0230  0.0232  0.0230  0.0231  0.0229  0.0229
  0.0235  0.0232  0.0231  0.0237  0.0234  0.0236  0.0232  0.0236  0.0231  0.0233  0.0231  0.0231
registration optimization eta report
parameter search radius
    0.8000    0.8000    0.8000    2.4000    2.4000    2.4000
    2.4000    2.4000    2.4000    2.4000    2.4000    2.4000
100000*second partial in parameter space
       87.       56.       41.       14.       10.       15.
        7.       15.        5.        9.        5.        5.
  0.0234  0.0232  0.0231  0.0237  0.0234  0.0238  0.0232  0.0237  0.0231  0.0234  0.0231  0.0231
  0.0231  0.0230  0.0230  0.0234  0.0232  0.0234  0.0230  0.0232  0.0230  0.0231  0.0229  0.0230
  0.0229  0.0229  0.0229  0.0231  0.0230  0.0230  0.0229  0.0229  0.0229  0.0229  0.0229  0.0229
  0.0229  0.0229  0.0229  0.0229  0.0229  0.0228  0.0228  0.0228  0.0228  0.0228  0.0228  0.0228
  0.0229  0.0229  0.0229  0.0229  0.0228  0.0228  0.0229  0.0229  0.0229  0.0229  0.0229  0.0229
  0.0231  0.0230  0.0230  0.0231  0.0230  0.0231  0.0230  0.0232  0.0230  0.0231  0.0229  0.0229
  0.0235  0.0232  0.0231  0.0237  0.0234  0.0236  0.0232  0.0236  0.0231  0.0233  0.0231  0.0231
    5.3909  -11.2629    1.9338   -9.2535  -13.0578   -1.8731
    7.9369   10.7578   -9.4367   -1.1980   -6.3423   -8.8214
eta,q 0.97717 13.82550

---------------------------------------------------------------------
compute_vox2vox talsrcimg talsrcimg_to_711-2C_as_mni_average_305_t4 /opt/freesurfer/average/711-2C_as_mni_average_305
---------------------------------------------------------------------

freesurfer compute_vox2vox.c
Reading: talsrcimg.4dfp.ifh
Reading: talsrcimg_to_711-2C_as_mni_average_305_t4
Reading: /opt/freesurfer/average/711-2C_as_mni_average_305.4dfp.ifh
Writing: talsrcimg_to_711-2C_as_mni_average_305_t4_vox2vox.txt

start time Thu Mar 12 18:00:37 CET 2026
end		time Thu Mar 12 18:02:05 CET 2026

mpr2mni305 success

avi2talxfm orig_nu.mgz /opt/freesurfer/average/mni305.cor.mgz talsrcimg_to_711-2C_as_mni_average_305_t4_vox2vox.txt transforms/talairach.auto.xfm
avi2talxfm done
mv -f /out/sourcedata/freesurfer/sub-v1s20x0050342_ses-1/mri/talsrcimg_to_711-2C_as_mni_average_305_t4_vox2vox.txt /out/sourcedata/freesurfer/sub-v1s20x0050342_ses-1/mri/transforms/talsrcimg_to_711-2C_as_mni_average_305_t4_vox2vox.txt
lta_convert --src orig_nu.mgz --trg /opt/freesurfer/average/mni305.cor.mgz --inxfm transforms/talairach.auto.xfm --outlta transforms/talairach.auto.xfm.lta --subject fsaverage
7.3.2

--src: orig_nu.mgz src image (geometry).
--trg: /opt/freesurfer/average/mni305.cor.mgz trg image (geometry).
--inmni: transforms/talairach.auto.xfm input MNI/XFM transform.
--outlta: transforms/talairach.auto.xfm.lta output LTA.
--s: fsaverage subject name
 LTA read, type : 1
 1.08205  -0.11998  -0.11095  -7.38161;
 0.08060   1.01142   0.09526  -1.92719;
 0.11856   0.00091   1.13946   11.33534;
 0.00000   0.00000   0.00000   1.00000;
setting subject to fsaverage
Writing  LTA to file transforms/talairach.auto.xfm.lta...
lta_convert successful.
 
 
Started at Thu Mar 12 18:00:36 CET 2026
Ended   at Thu Mar 12 18:02:05 CET 2026
talairach_avi done
