status file for recon-all
Mon Mar  9 09:55:34 CET 2026
#@# Tessellate rh Mon Mar  9 09:55:34 CET 2026
#@# Smooth1 rh Mon Mar  9 09:55:38 CET 2026
#@# Inflation1 rh Mon Mar  9 09:55:40 CET 2026
#@# QSphere rh Mon Mar  9 09:55:52 CET 2026
#@# Fix Topology rh Mon Mar  9 09:56:58 CET 2026
#@# Smooth2 rh Mon Mar  9 10:16:07 CET 2026
#@# Inflation2 rh Mon Mar  9 10:16:10 CET 2026
#@# Curv .H and .K rh Mon Mar  9 10:16:22 CET 2026
#@# Sphere rh Mon Mar  9 10:16:57 CET 2026
#@# Surf Reg rh Mon Mar  9 10:25:20 CET 2026
#@# Jacobian white rh Mon Mar  9 10:30:53 CET 2026
#@# AvgCurv rh Mon Mar  9 10:30:54 CET 2026
#@# Cortical Parc rh Mon Mar  9 10:30:55 CET 2026
#@# white curv rh Mon Mar  9 10:37:46 CET 2026
#@# white area rh Mon Mar  9 10:37:47 CET 2026
#@# pial curv rh Mon Mar  9 10:37:48 CET 2026
#@# pial area rh Mon Mar  9 10:37:50 CET 2026
#@# thickness rh Mon Mar  9 10:37:50 CET 2026
#@# area and vertex vol rh Mon Mar  9 10:38:13 CET 2026
#@# Curvature Stats rh Mon Mar  9 10:38:14 CET 2026
#@# Cortical Parc 2 rh Mon Mar  9 10:38:16 CET 2026
#@# Cortical Parc 3 rh Mon Mar  9 10:38:27 CET 2026
#@# WM/GM Contrast rh Mon Mar  9 10:38:36 CET 2026
recon-all -s sub-v1s20x0050313_ses-1 finished without error at Mon Mar  9 10:38:40 CET 2026



#New# invocation of recon-all 



status file for recon-all
Mon Mar  9 10:44:41 CET 2026
#@# white curv rh Mon Mar  9 10:44:41 CET 2026
#@# white area rh Mon Mar  9 10:44:41 CET 2026
#@# pial curv rh Mon Mar  9 10:44:41 CET 2026
#@# pial area rh Mon Mar  9 10:44:41 CET 2026
#@# thickness rh Mon Mar  9 10:44:41 CET 2026
#@# area and vertex vol rh Mon Mar  9 10:44:41 CET 2026
#@# Parcellation Stats rh Mon Mar  9 10:44:41 CET 2026
#@# Parcellation Stats 2 rh Mon Mar  9 10:44:53 CET 2026
#@# Parcellation Stats 3 rh Mon Mar  9 10:44:59 CET 2026
#@# BA_exvivo Labels rh Mon Mar  9 10:45:06 CET 2026
recon-all -s sub-v1s20x0050313_ses-1 finished without error at Mon Mar  9 10:47:20 CET 2026
