status file for recon-all
Thu Mar 12 17:15:54 CET 2026
#@# Tessellate lh Thu Mar 12 17:15:54 CET 2026
#@# Smooth1 lh Thu Mar 12 17:15:57 CET 2026
#@# Inflation1 lh Thu Mar 12 17:16:01 CET 2026
#@# QSphere lh Thu Mar 12 17:16:16 CET 2026
#@# Fix Topology lh Thu Mar 12 17:17:36 CET 2026
#@# Smooth2 lh Thu Mar 12 17:27:36 CET 2026
#@# Inflation2 lh Thu Mar 12 17:27:39 CET 2026
#@# Curv .H and .K lh Thu Mar 12 17:27:56 CET 2026
#@# Sphere lh Thu Mar 12 17:28:49 CET 2026
#@# Surf Reg lh Thu Mar 12 17:33:20 CET 2026
#@# Jacobian white lh Thu Mar 12 17:38:23 CET 2026
#@# AvgCurv lh Thu Mar 12 17:38:24 CET 2026
#@# Cortical Parc lh Thu Mar 12 17:38:25 CET 2026
#@# white curv lh Thu Mar 12 17:49:31 CET 2026
#@# white area lh Thu Mar 12 17:49:34 CET 2026
#@# pial curv lh Thu Mar 12 17:49:34 CET 2026
#@# pial area lh Thu Mar 12 17:49:37 CET 2026
#@# thickness lh Thu Mar 12 17:49:38 CET 2026
#@# area and vertex vol lh Thu Mar 12 17:50:13 CET 2026
#@# Curvature Stats lh Thu Mar 12 17:50:15 CET 2026
#@# Cortical Parc 2 lh Thu Mar 12 17:50:18 CET 2026
#@# Cortical Parc 3 lh Thu Mar 12 17:50:34 CET 2026
#@# WM/GM Contrast lh Thu Mar 12 17:50:45 CET 2026
recon-all -s sub-v1s20x0050293_ses-1 finished without error at Thu Mar 12 17:50:50 CET 2026



#New# invocation of recon-all 



status file for recon-all
Thu Mar 12 18:24:40 CET 2026
#@# white curv lh Thu Mar 12 18:24:40 CET 2026
#@# white area lh Thu Mar 12 18:24:40 CET 2026
#@# pial curv lh Thu Mar 12 18:24:40 CET 2026
#@# pial area lh Thu Mar 12 18:24:40 CET 2026
#@# thickness lh Thu Mar 12 18:24:40 CET 2026
#@# area and vertex vol lh Thu Mar 12 18:24:40 CET 2026
#@# Parcellation Stats lh Thu Mar 12 18:24:40 CET 2026
#@# Parcellation Stats 2 lh Thu Mar 12 18:25:03 CET 2026
#@# Parcellation Stats 3 lh Thu Mar 12 18:25:14 CET 2026
#@# BA_exvivo Labels lh Thu Mar 12 18:25:25 CET 2026
recon-all -s sub-v1s20x0050293_ses-1 finished without error at Thu Mar 12 18:28:28 CET 2026
