status file for recon-all
Thu Mar 12 15:19:48 CET 2026
#@# MotionCor Thu Mar 12 15:19:49 CET 2026
#@# Talairach Thu Mar 12 15:19:57 CET 2026
#@# Talairach Failure Detection Thu Mar 12 15:24:26 CET 2026
#@# Nu Intensity Correction Thu Mar 12 15:24:26 CET 2026
#@# Intensity Normalization Thu Mar 12 15:27:42 CET 2026
recon-all -s sub-v1s20x0050293_ses-1 finished without error at Thu Mar 12 15:29:08 CET 2026



#New# invocation of recon-all 



status file for recon-all
Thu Mar 12 15:36:00 CET 2026
#@# EM Registration Thu Mar 12 15:36:00 CET 2026
recon-all -s sub-v1s20x0050293_ses-1 finished without error at Thu Mar 12 15:38:00 CET 2026



#New# invocation of recon-all 



status file for recon-all
Thu Mar 12 15:38:03 CET 2026
#@# CA Normalize Thu Mar 12 15:38:03 CET 2026
#@# CA Reg Thu Mar 12 15:39:22 CET 2026
#@# SubCort Seg Thu Mar 12 16:33:55 CET 2026
#@# CC Seg Thu Mar 12 17:09:27 CET 2026
#@# Merge ASeg Thu Mar 12 17:10:25 CET 2026
#@# Intensity Normalization2 Thu Mar 12 17:10:25 CET 2026
#@# Mask BFS Thu Mar 12 17:12:37 CET 2026
#@# WM Segmentation Thu Mar 12 17:12:38 CET 2026
#@# Fill Thu Mar 12 17:14:45 CET 2026
recon-all -s sub-v1s20x0050293_ses-1 finished without error at Thu Mar 12 17:15:49 CET 2026



#New# invocation of recon-all 



status file for recon-all
Thu Mar 12 18:19:00 CET 2026
#@# white curv lh Thu Mar 12 18:19:00 CET 2026
#@# white area lh Thu Mar 12 18:19:00 CET 2026
#@# pial curv lh Thu Mar 12 18:19:00 CET 2026
#@# pial area lh Thu Mar 12 18:19:00 CET 2026
#@# thickness lh Thu Mar 12 18:19:00 CET 2026
#@# area and vertex vol lh Thu Mar 12 18:19:00 CET 2026
#@# white curv rh Thu Mar 12 18:19:00 CET 2026
#@# white area rh Thu Mar 12 18:19:00 CET 2026
#@# pial curv rh Thu Mar 12 18:19:00 CET 2026
#@# pial area rh Thu Mar 12 18:19:00 CET 2026
#@# thickness rh Thu Mar 12 18:19:00 CET 2026
#@# area and vertex vol rh Thu Mar 12 18:19:00 CET 2026
#@# Cortical ribbon mask Thu Mar 12 18:19:00 CET 2026
recon-all -s sub-v1s20x0050293_ses-1 finished without error at Thu Mar 12 18:24:37 CET 2026



#New# invocation of recon-all 



status file for recon-all
Thu Mar 12 18:32:24 CET 2026
#@# white curv lh Thu Mar 12 18:32:24 CET 2026
#@# white area lh Thu Mar 12 18:32:24 CET 2026
#@# pial curv lh Thu Mar 12 18:32:24 CET 2026
#@# pial area lh Thu Mar 12 18:32:24 CET 2026
#@# thickness lh Thu Mar 12 18:32:24 CET 2026
#@# area and vertex vol lh Thu Mar 12 18:32:24 CET 2026
#@# white curv rh Thu Mar 12 18:32:24 CET 2026
#@# white area rh Thu Mar 12 18:32:24 CET 2026
#@# pial curv rh Thu Mar 12 18:32:24 CET 2026
#@# pial area rh Thu Mar 12 18:32:24 CET 2026
#@# thickness rh Thu Mar 12 18:32:24 CET 2026
#@# area and vertex vol rh Thu Mar 12 18:32:24 CET 2026
#@# Curvature Stats lh Thu Mar 12 18:32:24 CET 2026
#@# Curvature Stats rh Thu Mar 12 18:32:27 CET 2026
#@# Relabel Hypointensities Thu Mar 12 18:32:31 CET 2026
#@# APas-to-ASeg Thu Mar 12 18:32:48 CET 2026
#@# AParc-to-ASeg aparc Thu Mar 12 18:32:57 CET 2026
#@# AParc-to-ASeg aparc.a2009s Thu Mar 12 18:33:43 CET 2026
#@# AParc-to-ASeg aparc.DKTatlas Thu Mar 12 18:34:28 CET 2026
#@# WMParc Thu Mar 12 18:35:18 CET 2026
#@# ASeg Stats Thu Mar 12 18:39:25 CET 2026
recon-all -s sub-v1s20x0050293_ses-1 finished without error at Thu Mar 12 18:40:06 CET 2026
