status file for recon-all
Thu Mar 12 17:50:52 CET 2026
#@# Tessellate rh Thu Mar 12 17:50:52 CET 2026
#@# Smooth1 rh Thu Mar 12 17:50:56 CET 2026
#@# Inflation1 rh Thu Mar 12 17:50:59 CET 2026
#@# QSphere rh Thu Mar 12 17:51:15 CET 2026
#@# Fix Topology rh Thu Mar 12 17:52:45 CET 2026
#@# Smooth2 rh Thu Mar 12 18:00:07 CET 2026
#@# Inflation2 rh Thu Mar 12 18:00:11 CET 2026
#@# Curv .H and .K rh Thu Mar 12 18:00:28 CET 2026
#@# Sphere rh Thu Mar 12 18:01:21 CET 2026
#@# Surf Reg rh Thu Mar 12 18:05:27 CET 2026
#@# Jacobian white rh Thu Mar 12 18:10:32 CET 2026
#@# AvgCurv rh Thu Mar 12 18:10:33 CET 2026
#@# Cortical Parc rh Thu Mar 12 18:10:35 CET 2026
#@# white curv rh Thu Mar 12 18:17:37 CET 2026
#@# white area rh Thu Mar 12 18:17:39 CET 2026
#@# pial curv rh Thu Mar 12 18:17:40 CET 2026
#@# pial area rh Thu Mar 12 18:17:42 CET 2026
#@# thickness rh Thu Mar 12 18:17:43 CET 2026
#@# area and vertex vol rh Thu Mar 12 18:18:19 CET 2026
#@# Curvature Stats rh Thu Mar 12 18:18:21 CET 2026
#@# Cortical Parc 2 rh Thu Mar 12 18:18:25 CET 2026
#@# Cortical Parc 3 rh Thu Mar 12 18:18:40 CET 2026
#@# WM/GM Contrast rh Thu Mar 12 18:18:51 CET 2026
recon-all -s sub-v1s20x0050293_ses-1 finished without error at Thu Mar 12 18:18:56 CET 2026



#New# invocation of recon-all 



status file for recon-all
Thu Mar 12 18:28:30 CET 2026
#@# white curv rh Thu Mar 12 18:28:30 CET 2026
#@# white area rh Thu Mar 12 18:28:30 CET 2026
#@# pial curv rh Thu Mar 12 18:28:30 CET 2026
#@# pial area rh Thu Mar 12 18:28:30 CET 2026
#@# thickness rh Thu Mar 12 18:28:30 CET 2026
#@# area and vertex vol rh Thu Mar 12 18:28:30 CET 2026
#@# Parcellation Stats rh Thu Mar 12 18:28:30 CET 2026
#@# Parcellation Stats 2 rh Thu Mar 12 18:28:53 CET 2026
#@# Parcellation Stats 3 rh Thu Mar 12 18:29:04 CET 2026
#@# BA_exvivo Labels rh Thu Mar 12 18:29:15 CET 2026
recon-all -s sub-v1s20x0050293_ses-1 finished without error at Thu Mar 12 18:32:21 CET 2026
