status file for recon-all
Mon Mar  9 10:11:16 CET 2026
#@# Tessellate rh Mon Mar  9 10:11:16 CET 2026
#@# Smooth1 rh Mon Mar  9 10:11:19 CET 2026
#@# Inflation1 rh Mon Mar  9 10:11:21 CET 2026
#@# QSphere rh Mon Mar  9 10:11:29 CET 2026
#@# Fix Topology rh Mon Mar  9 10:12:08 CET 2026
#@# Smooth2 rh Mon Mar  9 10:18:09 CET 2026
#@# Inflation2 rh Mon Mar  9 10:18:11 CET 2026
#@# Curv .H and .K rh Mon Mar  9 10:18:19 CET 2026
#@# Sphere rh Mon Mar  9 10:18:58 CET 2026
#@# Surf Reg rh Mon Mar  9 10:21:12 CET 2026
#@# Jacobian white rh Mon Mar  9 10:23:50 CET 2026
#@# AvgCurv rh Mon Mar  9 10:23:50 CET 2026
#@# Cortical Parc rh Mon Mar  9 10:23:51 CET 2026
#@# white curv rh Mon Mar  9 10:29:09 CET 2026
#@# white area rh Mon Mar  9 10:29:10 CET 2026
#@# pial curv rh Mon Mar  9 10:29:10 CET 2026
#@# pial area rh Mon Mar  9 10:29:12 CET 2026
#@# thickness rh Mon Mar  9 10:29:12 CET 2026
#@# area and vertex vol rh Mon Mar  9 10:29:33 CET 2026
#@# Curvature Stats rh Mon Mar  9 10:29:34 CET 2026
#@# Cortical Parc 2 rh Mon Mar  9 10:29:35 CET 2026
#@# Cortical Parc 3 rh Mon Mar  9 10:29:46 CET 2026
#@# WM/GM Contrast rh Mon Mar  9 10:29:53 CET 2026
recon-all -s sub-v1s20x0050337_ses-1 finished without error at Mon Mar  9 10:29:55 CET 2026



#New# invocation of recon-all 



status file for recon-all
Mon Mar  9 10:37:21 CET 2026
#@# white curv rh Mon Mar  9 10:37:21 CET 2026
#@# white area rh Mon Mar  9 10:37:21 CET 2026
#@# pial curv rh Mon Mar  9 10:37:21 CET 2026
#@# pial area rh Mon Mar  9 10:37:21 CET 2026
#@# thickness rh Mon Mar  9 10:37:21 CET 2026
#@# area and vertex vol rh Mon Mar  9 10:37:21 CET 2026
#@# Parcellation Stats rh Mon Mar  9 10:37:21 CET 2026
#@# Parcellation Stats 2 rh Mon Mar  9 10:37:37 CET 2026
#@# Parcellation Stats 3 rh Mon Mar  9 10:37:45 CET 2026
#@# BA_exvivo Labels rh Mon Mar  9 10:37:52 CET 2026
recon-all -s sub-v1s20x0050337_ses-1 finished without error at Mon Mar  9 10:39:47 CET 2026
