status file for recon-all
Mon Mar  9 09:53:17 CET 2026
#@# Tessellate lh Mon Mar  9 09:53:17 CET 2026
#@# Smooth1 lh Mon Mar  9 09:53:19 CET 2026
#@# Inflation1 lh Mon Mar  9 09:53:22 CET 2026
#@# QSphere lh Mon Mar  9 09:53:30 CET 2026
#@# Fix Topology lh Mon Mar  9 09:54:06 CET 2026
#@# Smooth2 lh Mon Mar  9 09:59:27 CET 2026
#@# Inflation2 lh Mon Mar  9 09:59:30 CET 2026
#@# Curv .H and .K lh Mon Mar  9 09:59:38 CET 2026
#@# Sphere lh Mon Mar  9 10:00:18 CET 2026
#@# Surf Reg lh Mon Mar  9 10:02:24 CET 2026
#@# Jacobian white lh Mon Mar  9 10:05:06 CET 2026
#@# AvgCurv lh Mon Mar  9 10:05:07 CET 2026
#@# Cortical Parc lh Mon Mar  9 10:05:07 CET 2026
#@# white curv lh Mon Mar  9 10:10:21 CET 2026
#@# white area lh Mon Mar  9 10:10:23 CET 2026
#@# pial curv lh Mon Mar  9 10:10:23 CET 2026
#@# pial area lh Mon Mar  9 10:10:24 CET 2026
#@# thickness lh Mon Mar  9 10:10:25 CET 2026
#@# area and vertex vol lh Mon Mar  9 10:10:48 CET 2026
#@# Curvature Stats lh Mon Mar  9 10:10:49 CET 2026
#@# Cortical Parc 2 lh Mon Mar  9 10:10:51 CET 2026
#@# Cortical Parc 3 lh Mon Mar  9 10:11:02 CET 2026
#@# WM/GM Contrast lh Mon Mar  9 10:11:10 CET 2026
recon-all -s sub-v1s20x0050337_ses-1 finished without error at Mon Mar  9 10:11:12 CET 2026



#New# invocation of recon-all 



status file for recon-all
Mon Mar  9 10:34:51 CET 2026
#@# white curv lh Mon Mar  9 10:34:51 CET 2026
#@# white area lh Mon Mar  9 10:34:51 CET 2026
#@# pial curv lh Mon Mar  9 10:34:51 CET 2026
#@# pial area lh Mon Mar  9 10:34:51 CET 2026
#@# thickness lh Mon Mar  9 10:34:51 CET 2026
#@# area and vertex vol lh Mon Mar  9 10:34:51 CET 2026
#@# Parcellation Stats lh Mon Mar  9 10:34:51 CET 2026
#@# Parcellation Stats 2 lh Mon Mar  9 10:35:07 CET 2026
#@# Parcellation Stats 3 lh Mon Mar  9 10:35:15 CET 2026
#@# BA_exvivo Labels lh Mon Mar  9 10:35:23 CET 2026
recon-all -s sub-v1s20x0050337_ses-1 finished without error at Mon Mar  9 10:37:20 CET 2026
