/out/sourcedata/freesurfer/sub-v1s20x0050334_ses-1/mri
/opt/freesurfer/bin/talairach_avi
--i orig_nu.mgz --xfm transforms/talairach.auto.xfm
talairach_avi 7.3.2
Linux dna006 5.14.0-427.37.1.el9_4.x86_64 #1 SMP PREEMPT_DYNAMIC Fri Sep 13 12:41:50 EDT 2024 x86_64 x86_64 x86_64 GNU/Linux
Mon Mar  9 08:29:38 CET 2026
mri_convert orig_nu.mgz talsrcimg.img 
reading from orig_nu.mgz...
TR=0.00, TE=0.00, TI=0.00, flip angle=0.00
i_ras = (-1, 0, 0)
j_ras = (0, 0, -1)
k_ras = (0, 1, 0)
writing to talsrcimg.img...
Analyze Output Matrix
-1.00000   0.00000   0.00000   129.50778;
 0.00000   0.00000   1.00000  -128.49219;
 0.00000  -1.00000   0.00000   129.70001;
 0.00000   0.00000   0.00000   1.00000;
--------------------
INFO: set hdr.hist.orient to -1
mpr2mni305 talsrcimg
Mon Mar  9 08:29:39 CET 2026
/opt/freesurfer/bin/mpr2mni305 talsrcimg
mpr2mni305 7.3.2
target=711-2C_as_mni_average_305

---------------------------------------------------------------------
analyzeto4dfp talsrcimg -O0 -y
---------------------------------------------------------------------

freesurfer ifh2hdr.c
Mon Mar  9 08:29:39 2026
Writing: talsrcimg.4dfp.hdr
freesurfer analyzeto4dfp.c
Reading: talsrcimg.hdr
header size 348 bytes
hdr.dime.datatype	offset=70	value=2
hdr.dime.bitpix		offset=72	value=8
hdr.hist.orient		offset=252	value=-1
dimensionality     4
dimensions       256       256       256         1
Reading: talsrcimg.img
Writing: talsrcimg.4dfp.img
Writing: talsrcimg.4dfp.ifh
ifh2hdr talsrcimg -r0to249
ori=2

---------------------------------------------------------------------
gauss_4dfp talsrcimg 1.1
---------------------------------------------------------------------

freesurfer gauss_4dfp.c
Reading: talsrcimg.4dfp.img
Writing: talsrcimg_g11.4dfp.img
image dimensions 256 256 256 padded to 288 288 288
processing volume 1freesurfer ifh2hdr.c
Mon Mar  9 08:29:41 2026
Writing: talsrcimg_g11.4dfp.hdr

Writing: talsrcimg_g11.4dfp.ifh
including: talsrcimg.4dfp.img.rec in talsrcimg_g11.4dfp.img.rec

---------------------------------------------------------------------
imgreg_4dfp /opt/freesurfer/average/711-2C_as_mni_average_305 none talsrcimg_g11 none talsrcimg_to_711-2C_as_mni_average_305_t4 4355
---------------------------------------------------------------------

freesurfer imgreg_4dfp.c
/opt/freesurfer/average/711-2C_as_mni_average_305.4dfp.img
       256       256       256         1
  1.000000  1.000000  1.000000
orientation T byte_order littleendian
Reading image: /opt/freesurfer/average/711-2C_as_mni_average_305.4dfp.img
dimensions:      256       256       256
mmppix:       1.0000   -1.0000   -1.0000
center:     128.0000 -129.0000 -129.0000
talsrcimg_g11.4dfp.img
       256       256       256         1
  1.000000  1.000000  1.000000
orientation T byte_order littleendian
Reading image: talsrcimg_g11.4dfp.img
dimensions:      256       256       256
mmppix:       1.0000   -1.0000   -1.0000
center:     128.0000 -129.0000 -129.0000
t4_read: open error in t4_sub.f l:  41 t4_file(1:l)talsrcimg_to_711-2C_as_mni_average_305_t4 
t4_read: transform initialized to I4
rotation matrix determinant  1.000000
image alignment mode   4355 decimal     1103 hex
   -7.5000  -45.0000  -45.0000 7496.3418   23.7616
    0.0000  -45.0000  -45.0000 7735.5068   23.7602
    7.5000  -45.0000  -45.0000 7298.4849   23.7326
   -7.5000  -37.5000  -45.0000 8046.7109   23.7302
    0.0000  -37.5000  -45.0000 8306.8926   23.7389
    7.5000  -37.5000  -45.0000 7840.8691   23.7077
   -7.5000  -30.0000  -45.0000 8814.3291   23.6718
    0.0000  -30.0000  -45.0000 9089.3027   23.6768
    7.5000  -30.0000  -45.0000 8559.9355   23.6520
   -7.5000  -22.5000  -45.0000 9483.2344   23.6427
    0.0000  -22.5000  -45.0000 9737.3096   23.6339
    7.5000  -22.5000  -45.0000 9181.7578   23.6195
   -7.5000  -15.0000  -45.000010030.4756   23.6700
    0.0000  -15.0000  -45.000010305.2412   23.6525
    7.5000  -15.0000  -45.0000 9702.2275   23.6424
   -7.5000   -7.5000  -45.000010531.4961   23.7304
    0.0000   -7.5000  -45.000010837.1875   23.7167
    7.5000   -7.5000  -45.000010196.5957   23.6999
   -7.5000    0.0000  -45.000011018.8779   23.7616
    0.0000    0.0000  -45.000011360.6953   23.7602
    7.5000    0.0000  -45.000010712.7715   23.7326
   -7.5000    7.5000  -45.000010754.7666   23.7302
    0.0000    7.5000  -45.000011094.8447   23.7389
    7.5000    7.5000  -45.000010479.9473   23.7077
   -7.5000   15.0000  -45.000010437.1924   23.6718
    0.0000   15.0000  -45.000010716.4141   23.6768
    7.5000   15.0000  -45.000010109.0791   23.6520
   -7.5000   22.5000  -45.0000 9862.3477   23.6395
    0.0000   22.5000  -45.000010087.9043   23.6306
    7.5000   22.5000  -45.0000 9533.3076   23.6163
   -7.5000   30.0000  -45.0000 9101.8721   23.3545
    0.0000   30.0000  -45.0000 9306.9316   23.3373
    7.5000   30.0000  -45.0000 8759.8350   23.3274
   -7.5000   37.5000  -45.0000 8592.0215   23.4142
    0.0000   37.5000  -45.0000 8816.6904   23.4007
    7.5000   37.5000  -45.0000 8276.7715   23.3841
   -7.5000   45.0000  -45.0000 7768.7627   22.8496
    0.0000   45.0000  -45.0000 7967.2100   22.8483
    7.5000   45.0000  -45.0000 7477.9780   22.8217
   -7.5000  -45.0000  -37.5000 8072.8394   23.5030
    0.0000  -45.0000  -37.5000 8322.5664   23.4985
    7.5000  -45.0000  -37.5000 7835.6831   23.4750
   -7.5000  -37.5000  -37.5000 8643.7080   23.4759
    0.0000  -37.5000  -37.5000 8888.9258   23.4804
    7.5000  -37.5000  -37.5000 8400.3320   23.4582
   -7.5000  -30.0000  -37.5000 9448.4248   23.4208
    0.0000  -30.0000  -37.5000 9697.2861   23.4187
    7.5000  -30.0000  -37.5000 9161.4102   23.3981
   -7.5000  -22.5000  -37.500010161.0381   23.3906
    0.0000  -22.5000  -37.500010391.2510   23.3726
    7.5000  -22.5000  -37.5000 9807.1094   23.3513
   -7.5000  -15.0000  -37.500010694.3955   23.4128
    0.0000  -15.0000  -37.500010987.5059   23.3867
    7.5000  -15.0000  -37.500010324.2168   23.3633
   -7.5000   -7.5000  -37.500011198.0469   23.4702
    0.0000   -7.5000  -37.500011512.3779   23.4509
    7.5000   -7.5000  -37.500010843.7041   23.4270
   -7.5000    0.0000  -37.500011702.1367   23.5030
    0.0000    0.0000  -37.500012042.0322   23.4985
    7.5000    0.0000  -37.500011343.9238   23.4750
   -7.5000    7.5000  -37.500011424.8994   23.4759
    0.0000    7.5000  -37.500011732.5547   23.4804
    7.5000    7.5000  -37.500011075.4199   23.4582
   -7.5000   15.0000  -37.500011033.3574   23.4208
    0.0000   15.0000  -37.500011286.1719   23.4187
    7.5000   15.0000  -37.500010667.2148   23.3981
   -7.5000   22.5000  -37.500010415.4990   23.3873
    0.0000   22.5000  -37.500010607.7471   23.3694
    7.5000   22.5000  -37.500010018.9834   23.3481
   -7.5000   30.0000  -37.5000 9590.9150   23.1008
    0.0000   30.0000  -37.5000 9757.0703   23.0750
    7.5000   30.0000  -37.5000 9199.1113   23.0520
   -7.5000   37.5000  -37.5000 9011.3936   23.1574
    0.0000   37.5000  -37.5000 9214.4395   23.1384
    7.5000   37.5000  -37.5000 8653.1152   23.1148
   -7.5000   45.0000  -37.5000 8127.5684   22.6009
    0.0000   45.0000  -37.5000 8324.0166   22.5966
    7.5000   45.0000  -37.5000 7785.6943   22.5740
   -7.5000  -45.0000  -30.0000 8837.7236   24.4755
    0.0000  -45.0000  -30.0000 9083.9072   24.4864
    7.5000  -45.0000  -30.0000 8559.1279   24.4619
   -7.5000  -37.5000  -30.0000 9446.6221   24.4521
    0.0000  -37.5000  -30.0000 9699.3750   24.4750
    7.5000  -37.5000  -30.0000 9155.8594   24.4539
   -7.5000  -30.0000  -30.000010273.6494   24.4056
    0.0000  -30.0000  -30.000010549.8691   24.4278
    7.5000  -30.0000  -30.0000 9962.8154   24.4083
   -7.5000  -22.5000  -30.000011046.9160   24.3805
    0.0000  -22.5000  -30.000011312.4023   24.3900
    7.5000  -22.5000  -30.000010678.2705   24.3677
   -7.5000  -15.0000  -30.000011659.6846   24.3993
    0.0000  -15.0000  -30.000011952.6123   24.3984
    7.5000  -15.0000  -30.000011220.1963   24.3721
   -7.5000   -7.5000  -30.000012184.5752   24.4478
    0.0000   -7.5000  -30.000012470.6729   24.4476
    7.5000   -7.5000  -30.000011759.3721   24.4206
   -7.5000    0.0000  -30.000012660.5615   24.4755
    0.0000    0.0000  -30.000012962.2129   24.4864
    7.5000    0.0000  -30.000012242.6143   24.4619
   -7.5000    7.5000  -30.000012352.8652   24.4521
    0.0000    7.5000  -30.000012624.3828   24.4750
    7.5000    7.5000  -30.000011923.2412   24.4539
   -7.5000   15.0000  -30.000011915.7061   24.4056
    0.0000   15.0000  -30.000012150.2764   24.4278
    7.5000   15.0000  -30.000011479.4580   24.4083
   -7.5000   22.5000  -30.000011188.1279   24.3747
    0.0000   22.5000  -30.000011374.7686   24.3842
    7.5000   22.5000  -30.000010762.5811   24.3619
   -7.5000   30.0000  -30.000010269.0957   24.0764
    0.0000   30.0000  -30.000010443.6416   24.0756
    7.5000   30.0000  -30.0000 9878.2393   24.0496
   -7.5000   37.5000  -30.0000 9619.7734   24.1243
    0.0000   37.5000  -30.0000 9807.6523   24.1241
    7.5000   37.5000  -30.0000 9262.8975   24.0975
   -7.5000   45.0000  -30.0000 8658.0146   23.5535
    0.0000   45.0000  -30.0000 8846.8271   23.5639
    7.5000   45.0000  -30.0000 8315.8906   23.5403
   -7.5000  -45.0000  -22.5000 9628.9912   25.3493
    0.0000  -45.0000  -22.5000 9888.8838   25.3844
    7.5000  -45.0000  -22.5000 9287.7422   25.3524
   -7.5000  -37.5000  -22.500010260.5127   25.3239
    0.0000  -37.5000  -22.500010543.8086   25.3749
    7.5000  -37.5000  -22.5000 9922.4219   25.3449
   -7.5000  -30.0000  -22.500011114.2666   25.2795
    0.0000  -30.0000  -22.500011438.3223   25.3411
    7.5000  -30.0000  -22.500010789.9316   25.3200
   -7.5000  -22.5000  -22.500011942.5137   25.2595
    0.0000  -22.5000  -22.500012275.6318   25.3163
    7.5000  -22.5000  -22.500011549.0156   25.3025
   -7.5000  -15.0000  -22.500012610.4766   25.2815
    0.0000  -15.0000  -22.500012934.6865   25.3255
    7.5000  -15.0000  -22.500012132.0303   25.3110
   -7.5000   -7.5000  -22.500013197.2451   25.3271
    0.0000   -7.5000  -22.500013505.7363   25.3598
    7.5000   -7.5000  -22.500012707.9805   25.3361
   -7.5000    0.0000  -22.500013732.9248   25.3493
    0.0000    0.0000  -22.500014045.7412   25.3844
    7.5000    0.0000  -22.500013195.7246   25.3524
   -7.5000    7.5000  -22.500013318.5254   25.3239
    0.0000    7.5000  -22.500013638.5498   25.3749
    7.5000    7.5000  -22.500012815.7695   25.3449
   -7.5000   15.0000  -22.500012796.7305   25.2795
    0.0000   15.0000  -22.500013086.2793   25.3411
    7.5000   15.0000  -22.500012334.1094   25.3200
   -7.5000   22.5000  -22.500012002.0195   25.2517
    0.0000   22.5000  -22.500012225.7373   25.3084
    7.5000   22.5000  -22.500011569.7412   25.2947
   -7.5000   30.0000  -22.500010995.4961   24.9508
    0.0000   30.0000  -22.500011195.3008   24.9942
    7.5000   30.0000  -22.500010588.8965   24.9800
   -7.5000   37.5000  -22.500010230.3857   24.9958
    0.0000   37.5000  -22.500010438.9082   25.0281
    7.5000   37.5000  -22.5000 9881.0322   25.0047
   -7.5000   45.0000  -22.5000 9200.1797   24.4126
    0.0000   45.0000  -22.5000 9388.5947   24.4464
    7.5000   45.0000  -22.5000 8847.4336   24.4156
   -7.5000  -45.0000  -15.000010392.2051   26.0030
    0.0000  -45.0000  -15.000010692.9932   26.0465
    7.5000  -45.0000  -15.000010033.0986   26.0067
   -7.5000  -37.5000  -15.000011056.0547   25.9713
    0.0000  -37.5000  -15.000011410.4482   26.0330
    7.5000  -37.5000  -15.000010707.4004   25.9910
   -7.5000  -30.0000  -15.000011961.8564   25.9200
    0.0000  -30.0000  -15.000012354.2100   25.9978
    7.5000  -30.0000  -15.000011617.7158   25.9713
   -7.5000  -22.5000  -15.000012817.3252   25.8991
    0.0000  -22.5000  -15.000013234.1123   25.9766
    7.5000  -22.5000  -15.000012404.5400   25.9695
   -7.5000  -15.0000  -15.000013459.9863   25.9283
    0.0000  -15.0000  -15.000013884.7080   25.9919
    7.5000  -15.0000  -15.000013019.5898   25.9897
   -7.5000   -7.5000  -15.000014104.9736   25.9807
    0.0000   -7.5000  -15.000014514.5791   26.0266
    7.5000   -7.5000  -15.000013609.8818   26.0074
   -7.5000    0.0000  -15.000014698.6797   26.0030
    0.0000    0.0000  -15.000015145.1670   26.0465
    7.5000    0.0000  -15.000014146.7891   26.0067
   -7.5000    7.5000  -15.000014256.9307   25.9713
    0.0000    7.5000  -15.000014649.7295   26.0330
    7.5000    7.5000  -15.000013748.6465   25.9910
   -7.5000   15.0000  -15.000013674.9980   25.9200
    0.0000   15.0000  -15.000013996.6299   25.9978
    7.5000   15.0000  -15.000013176.6182   25.9713
   -7.5000   22.5000  -15.000012791.4150   25.8900
    0.0000   22.5000  -15.000013069.0947   25.9674
    7.5000   22.5000  -15.000012316.9941   25.9603
   -7.5000   30.0000  -15.000011709.4023   25.5927
    0.0000   30.0000  -15.000011941.5137   25.6555
    7.5000   30.0000  -15.000011278.3545   25.6534
   -7.5000   37.5000  -15.000010866.2373   25.6445
    0.0000   37.5000  -15.000011117.7285   25.6898
    7.5000   37.5000  -15.000010508.5303   25.6708
   -7.5000   45.0000  -15.0000 9724.2354   25.0573
    0.0000   45.0000  -15.0000 9939.4580   25.0992
    7.5000   45.0000  -15.0000 9359.3525   25.0609
   -7.5000  -45.0000   -7.500011142.8008   26.3079
    0.0000  -45.0000   -7.500011508.3223   26.3327
    7.5000  -45.0000   -7.500010780.6221   26.2956
   -7.5000  -37.5000   -7.500011850.9619   26.2721
    0.0000  -37.5000   -7.500012296.8076   26.3126
    7.5000  -37.5000   -7.500011490.3691   26.2694
   -7.5000  -30.0000   -7.500012864.8193   26.2097
    0.0000  -30.0000   -7.500013316.2344   26.2585
    7.5000  -30.0000   -7.500012486.8174   26.2288
   -7.5000  -22.5000   -7.500013717.6055   26.1815
    0.0000  -22.5000   -7.500014208.3721   26.2240
    7.5000  -22.5000   -7.500013292.5537   26.2154
   -7.5000  -15.0000   -7.500014280.9863   26.2139
    0.0000  -15.0000   -7.500014807.1855   26.2441
    7.5000  -15.0000   -7.500013914.7246   26.2440
   -7.5000   -7.5000   -7.500014930.9756   26.2779
    0.0000   -7.5000   -7.500015500.1797   26.2989
    7.5000   -7.5000   -7.500014528.8760   26.2837
   -7.5000    0.0000   -7.500015616.9717   26.3079
    0.0000    0.0000   -7.500016162.4336   26.3327
    7.5000    0.0000   -7.500015126.2051   26.2956
   -7.5000    7.5000   -7.500015117.9307   26.2721
    0.0000    7.5000   -7.500015617.7041   26.3126
    7.5000    7.5000   -7.500014672.7266   26.2694
   -7.5000   15.0000   -7.500014453.4102   26.2097
    0.0000   15.0000   -7.500014875.8076   26.2585
    7.5000   15.0000   -7.500013980.5771   26.2288
   -7.5000   22.5000   -7.500013549.1836   26.1694
    0.0000   22.5000   -7.500013907.1338   26.2119
    7.5000   22.5000   -7.500013054.2266   26.2033
   -7.5000   30.0000   -7.500012416.2490   25.8739
    0.0000   30.0000   -7.500012712.5400   25.9038
    7.5000   30.0000   -7.500011945.1826   25.9037
   -7.5000   37.5000   -7.500011544.3975   25.9372
    0.0000   37.5000   -7.500011830.3672   25.9578
    7.5000   37.5000   -7.500011156.6895   25.9429
   -7.5000   45.0000   -7.500010265.4502   25.3559
    0.0000   45.0000   -7.500010520.7207   25.3798
    7.5000   45.0000   -7.5000 9893.1182   25.3440
   -7.5000  -45.0000    0.000011806.2930   26.3331
    0.0000  -45.0000    0.000012202.7295   26.3336
    7.5000  -45.0000    0.000011450.5654   26.3035
   -7.5000  -37.5000    0.000012532.7158   26.2976
    0.0000  -37.5000    0.000012990.2773   26.3093
    7.5000  -37.5000    0.000012183.9277   26.2752
   -7.5000  -30.0000    0.000013718.7539   26.2295
    0.0000  -30.0000    0.000014164.3291   26.2373
    7.5000  -30.0000    0.000013268.7354   26.2104
   -7.5000  -22.5000    0.000014556.9561   26.1947
    0.0000  -22.5000    0.000015156.1348   26.1873
    7.5000  -22.5000    0.000014110.1973   26.1719
   -7.5000  -15.0000    0.000015025.2891   26.2252
    0.0000  -15.0000    0.000015721.8623   26.2084
    7.5000  -15.0000    0.000014786.9814   26.1977
   -7.5000   -7.5000    0.000015661.0537   26.2956
    0.0000   -7.5000    0.000016337.5107   26.2827
    7.5000   -7.5000    0.000015406.5283   26.2647
   -7.5000    0.0000    0.000016321.7695   26.3331
    0.0000    0.0000    0.000016995.5664   26.3336
    7.5000    0.0000    0.000015989.9854   26.3035
   -7.5000    7.5000    0.000015812.6074   26.2976
    0.0000    7.5000    0.000016442.6191   26.3093
    7.5000    7.5000    0.000015469.1895   26.2752
   -7.5000   15.0000    0.000015111.7783   26.2295
    0.0000   15.0000    0.000015645.3750   26.2373
    7.5000   15.0000    0.000014702.3877   26.2104
   -7.5000   22.5000    0.000014149.6992   26.1826
    0.0000   22.5000    0.000014588.4209   26.1753
    7.5000   22.5000    0.000013694.2383   26.1598
   -7.5000   30.0000    0.000013004.8193   25.8858
    0.0000   30.0000    0.000013348.8584   25.8692
    7.5000   30.0000    0.000012546.3672   25.8587
   -7.5000   37.5000    0.000012158.7441   25.9553
    0.0000   37.5000    0.000012461.1289   25.9426
    7.5000   37.5000    0.000011735.8174   25.9248
   -7.5000   45.0000    0.000010763.4980   25.3821
    0.0000   45.0000    0.000011029.2842   25.3826
    7.5000   45.0000    0.000010368.4873   25.3536
   -7.5000  -45.0000    7.500011496.5596   26.2999
    0.0000  -45.0000    7.500011927.2344   26.2949
    7.5000  -45.0000    7.500011241.6172   26.2686
   -7.5000  -37.5000    7.500012285.0986   26.2696
    0.0000  -37.5000    7.500012716.9775   26.2746
    7.5000  -37.5000    7.500011945.8135   26.2498
   -7.5000  -30.0000    7.500013579.6768   26.2079
    0.0000  -30.0000    7.500014124.7197   26.2055
    7.5000  -30.0000    7.500013014.6172   26.1826
   -7.5000  -22.5000    7.500014363.1348   26.1740
    0.0000  -22.5000    7.500015112.2168   26.1539
    7.5000  -22.5000    7.500013951.1006   26.1302
   -7.5000  -15.0000    7.500014706.0781   26.1989
    0.0000  -15.0000    7.500015515.0439   26.1697
    7.5000  -15.0000    7.500014625.8281   26.1436
   -7.5000   -7.5000    7.500015267.1074   26.2632
    0.0000   -7.5000    7.500016057.6406   26.2416
    7.5000   -7.5000    7.500015189.9775   26.2148
   -7.5000    0.0000    7.500015884.0088   26.2999
    0.0000    0.0000    7.500016650.8008   26.2949
    7.5000    0.0000    7.500015728.0156   26.2686
   -7.5000    7.5000    7.500015448.0391   26.2696
    0.0000    7.5000    7.500016090.8379   26.2746
    7.5000    7.5000    7.500015196.9590   26.2498
   -7.5000   15.0000    7.500014785.9268   26.2079
    0.0000   15.0000    7.500015326.2705   26.2055
    7.5000   15.0000    7.500014442.5361   26.1826
   -7.5000   22.5000    7.500013835.3555   26.1620
    0.0000   22.5000    7.500014260.4863   26.1419
    7.5000   22.5000    7.500013414.6768   26.1181
   -7.5000   30.0000    7.500012720.3535   25.8599
    0.0000   30.0000    7.500013059.0264   25.8310
    7.5000   30.0000    7.500012220.6289   25.8053
   -7.5000   37.5000    7.500011851.4521   25.9233
    0.0000   37.5000    7.500012164.9229   25.9020
    7.5000   37.5000    7.500011436.7832   25.8756
   -7.5000   45.0000    7.500010521.9922   25.3500
    0.0000   45.0000    7.500010745.4785   25.3452
    7.5000   45.0000    7.500010083.1670   25.3199
   -7.5000  -45.0000   15.000011097.1152   26.2827
    0.0000  -45.0000   15.000011442.3682   26.2944
    7.5000  -45.0000   15.000010830.8750   26.2681
   -7.5000  -37.5000   15.000011863.8975   26.2575
    0.0000  -37.5000   15.000012306.6094   26.2821
    7.5000  -37.5000   15.000011554.8184   26.2595
   -7.5000  -30.0000   15.000013064.4248   26.2076
    0.0000  -30.0000   15.000013458.9805   26.2315
    7.5000  -30.0000   15.000012542.1250   26.2105
   -7.5000  -22.5000   15.000013776.4365   26.1807
    0.0000  -22.5000   15.000014283.6377   26.1909
    7.5000  -22.5000   15.000013382.5576   26.1669
   -7.5000  -15.0000   15.000014186.8857   26.2008
    0.0000  -15.0000   15.000014809.8936   26.1999
    7.5000  -15.0000   15.000014063.3994   26.1716
   -7.5000   -7.5000   15.000014789.4785   26.2529
    0.0000   -7.5000   15.000015422.9736   26.2527
    7.5000   -7.5000   15.000014661.2197   26.2238
   -7.5000    0.0000   15.000015389.2891   26.2827
    0.0000    0.0000   15.000015993.4922   26.2944
    7.5000    0.0000   15.000015176.2002   26.2681
   -7.5000    7.5000   15.000014960.2402   26.2575
    0.0000    7.5000   15.000015465.2705   26.2821
    7.5000    7.5000   15.000014655.6338   26.2595
   -7.5000   15.0000   15.000014273.1270   26.2076
    0.0000   15.0000   15.000014713.6426   26.2315
    7.5000   15.0000   15.000013933.8496   26.2105
   -7.5000   22.5000   15.000013354.1709   26.1686
    0.0000   22.5000   15.000013690.0781   26.1788
    7.5000   22.5000   15.000012927.1221   26.1549
   -7.5000   30.0000   15.000012290.4658   25.8617
    0.0000   30.0000   15.000012541.8320   25.8608
    7.5000   30.0000   15.000011786.8398   25.8329
   -7.5000   37.5000   15.000011418.2803   25.9131
    0.0000   37.5000   15.000011651.5615   25.9130
    7.5000   37.5000   15.000010981.7812   25.8844
   -7.5000   45.0000   15.000010094.5693   25.3335
    0.0000   45.0000   15.000010260.5537   25.3447
    7.5000   45.0000   15.0000 9647.7764   25.3194
   -7.5000  -45.0000   22.500010619.4102   26.3146
    0.0000  -45.0000   22.500010951.5557   26.3510
    7.5000  -45.0000   22.500010301.9697   26.3178
   -7.5000  -37.5000   22.500011345.0342   26.2882
    0.0000  -37.5000   22.500011694.7266   26.3412
    7.5000  -37.5000   22.500010966.5264   26.3100
   -7.5000  -30.0000   22.500012326.4277   26.2422
    0.0000  -30.0000   22.500012588.7227   26.3061
    7.5000  -30.0000   22.500011838.7168   26.2842
   -7.5000  -22.5000   22.500013146.5605   26.2214
    0.0000  -22.5000   22.500013353.7227   26.2803
    7.5000  -22.5000   22.500012649.8232   26.2660
   -7.5000  -15.0000   22.500013832.3623   26.2442
    0.0000  -15.0000   22.500014064.7188   26.2899
    7.5000  -15.0000   22.500013361.7920   26.2749
   -7.5000   -7.5000   22.500014441.3125   26.2915
    0.0000   -7.5000   22.500014709.6709   26.3255
    7.5000   -7.5000   22.500013984.9424   26.3009
   -7.5000    0.0000   22.500014916.4795   26.3146
    0.0000    0.0000   22.500015257.9873   26.3510
    7.5000    0.0000   22.500014453.1768   26.3178
   -7.5000    7.5000   22.500014383.4072   26.2882
    0.0000    7.5000   22.500014742.0615   26.3412
    7.5000    7.5000   22.500013963.5068   26.3100
   -7.5000   15.0000   22.500013633.4482   26.2422
    0.0000   15.0000   22.500014003.7734   26.3061
    7.5000   15.0000   22.500013270.5615   26.2842
   -7.5000   22.5000   22.500012692.1807   26.2093
    0.0000   22.5000   22.500013011.3379   26.2682
    7.5000   22.5000   22.500012319.7178   26.2539
   -7.5000   30.0000   22.500011645.4199   25.9046
    0.0000   30.0000   22.500011895.2832   25.9496
    7.5000   30.0000   22.500011228.9053   25.9348
   -7.5000   37.5000   22.500010848.4561   25.9513
    0.0000   37.5000   22.500011076.6650   25.9848
    7.5000   37.5000   22.500010460.0078   25.9605
   -7.5000   45.0000   22.5000 9607.9961   25.3642
    0.0000   45.0000   22.5000 9764.6650   25.3993
    7.5000   45.0000   22.5000 9216.0352   25.3673
   -7.5000  -45.0000   30.000010013.9307   26.3599
    0.0000  -45.0000   30.000010282.0615   26.4039
    7.5000  -45.0000   30.0000 9658.9453   26.3637
   -7.5000  -37.5000   30.000010626.4268   26.3278
    0.0000  -37.5000   30.000010906.1895   26.3903
    7.5000  -37.5000   30.000010249.0205   26.3477
   -7.5000  -30.0000   30.000011479.7227   26.2757
    0.0000  -30.0000   30.000011688.0850   26.3546
    7.5000  -30.0000   30.000011070.5371   26.3278
   -7.5000  -22.5000   30.000012224.2461   26.2546
    0.0000  -22.5000   30.000012471.8496   26.3331
    7.5000  -22.5000   30.000011854.3408   26.3259
   -7.5000  -15.0000   30.000012914.4102   26.2841
    0.0000  -15.0000   30.000013177.9111   26.3487
    7.5000  -15.0000   30.000012519.0215   26.3464
   -7.5000   -7.5000   30.000013494.1162   26.3373
    0.0000   -7.5000   30.000013786.9102   26.3838
    7.5000   -7.5000   30.000013097.1689   26.3644
   -7.5000    0.0000   30.000014025.6279   26.3599
    0.0000    0.0000   30.000014337.6865   26.4039
    7.5000    0.0000   30.000013600.2861   26.3637
   -7.5000    7.5000   30.000013539.8564   26.3278
    0.0000    7.5000   30.000013863.4551   26.3903
    7.5000    7.5000   30.000013152.9346   26.3477
   -7.5000   15.0000   30.000012831.5391   26.2757
    0.0000   15.0000   30.000013150.3125   26.3546
    7.5000   15.0000   30.000012464.6387   26.3278
   -7.5000   22.5000   30.000011913.9775   26.2425
    0.0000   22.5000   30.000012198.1211   26.3209
    7.5000   22.5000   30.000011561.1318   26.3138
   -7.5000   30.0000   30.000010871.6816   25.9440
    0.0000   30.0000   30.000011097.4326   26.0077
    7.5000   30.0000   30.000010508.4678   26.0055
   -7.5000   37.5000   30.000010138.8271   25.9965
    0.0000   37.5000   30.000010335.1816   26.0424
    7.5000   37.5000   30.0000 9800.2510   26.0232
   -7.5000   45.0000   30.0000 8979.5068   25.4079
    0.0000   45.0000   30.0000 9153.4639   25.4504
    7.5000   45.0000   30.0000 8664.2295   25.4115
   -7.5000  -45.0000   37.5000 9574.5127   26.4150
    0.0000  -45.0000   37.5000 9889.4365   26.4400
    7.5000  -45.0000   37.5000 9319.8379   26.4026
   -7.5000  -37.5000   37.500010138.6709   26.3791
    0.0000  -37.5000   37.500010465.7598   26.4199
    7.5000  -37.5000   37.5000 9836.2588   26.3764
   -7.5000  -30.0000   37.500010918.3535   26.3160
    0.0000  -30.0000   37.500011226.6152   26.3651
    7.5000  -30.0000   37.500010635.5889   26.3352
   -7.5000  -22.5000   37.500011630.6982   26.2872
    0.0000  -22.5000   37.500011990.1162   26.3299
    7.5000  -22.5000   37.500011401.2842   26.3213
   -7.5000  -15.0000   37.500012272.8428   26.3196
    0.0000  -15.0000   37.500012655.9443   26.3500
    7.5000  -15.0000   37.500012023.7207   26.3500
   -7.5000   -7.5000   37.500012874.3818   26.3844
    0.0000   -7.5000   37.500013239.2266   26.4055
    7.5000   -7.5000   37.500012582.6709   26.3903
   -7.5000    0.0000   37.500013404.0156   26.4150
    0.0000    0.0000   37.500013784.6367   26.4400
    7.5000    0.0000   37.500013076.7266   26.4026
   -7.5000    7.5000   37.500013013.6543   26.3791
    0.0000    7.5000   37.500013400.3320   26.4199
    7.5000    7.5000   37.500012675.3867   26.3764
   -7.5000   15.0000   37.500012376.5791   26.3160
    0.0000   15.0000   37.500012733.7988   26.3651
    7.5000   15.0000   37.500012057.3721   26.3352
   -7.5000   22.5000   37.500011478.8320   26.2751
    0.0000   22.5000   37.500011781.1826   26.3178
    7.5000   22.5000   37.500011174.8447   26.3092
   -7.5000   30.0000   37.500010430.9355   25.9790
    0.0000   30.0000   37.500010714.1484   26.0090
    7.5000   30.0000   37.500010147.8818   26.0090
   -7.5000   37.5000   37.5000 9728.4492   26.0429
    0.0000   37.5000   37.5000 9986.5459   26.0637
    7.5000   37.5000   37.5000 9447.7861   26.0487
   -7.5000   45.0000   37.5000 8639.7441   25.4610
    0.0000   45.0000   37.5000 8845.6748   25.4851
    7.5000   45.0000   37.5000 8379.7402   25.4491
   -7.5000  -45.0000   45.0000 8719.8008   26.5339
    0.0000  -45.0000   45.0000 9024.8691   26.5372
    7.5000  -45.0000   45.0000 8529.5078   26.5065
   -7.5000  -37.5000   45.0000 9223.6191   26.5007
    0.0000  -37.5000   45.0000 9539.0518   26.5156
    7.5000  -37.5000   45.0000 9011.6533   26.4807
   -7.5000  -30.0000   45.0000 9941.3066   26.4360
    0.0000  -30.0000   45.000010250.5449   26.4469
    7.5000  -30.0000   45.0000 9734.4531   26.4189
   -7.5000  -22.5000   45.000010587.6875   26.4025
    0.0000  -22.5000   45.000010927.6191   26.3977
    7.5000  -22.5000   45.000010416.7119   26.3810
   -7.5000  -15.0000   45.000011152.1777   26.4314
    0.0000  -15.0000   45.000011535.9111   26.4166
    7.5000  -15.0000   45.000010986.6885   26.4049
   -7.5000   -7.5000   45.000011698.5508   26.4981
    0.0000   -7.5000   45.000012087.3135   26.4874
    7.5000   -7.5000   45.000011520.2441   26.4687
   -7.5000    0.0000   45.000012192.8740   26.5339
    0.0000    0.0000   45.000012590.7588   26.5372
    7.5000    0.0000   45.000011986.7256   26.5065
   -7.5000    7.5000   45.000011885.3662   26.5007
    0.0000    7.5000   45.000012253.9727   26.5156
    7.5000    7.5000   45.000011632.3516   26.4807
   -7.5000   15.0000   45.000011299.9883   26.4360
    0.0000   15.0000   45.000011638.4414   26.4469
    7.5000   15.0000   45.000011046.4443   26.4189
   -7.5000   22.5000   45.000010489.1299   26.3903
    0.0000   22.5000   45.000010816.1230   26.3855
    7.5000   22.5000   45.000010244.5322   26.3688
   -7.5000   30.0000   45.0000 9547.2373   26.0871
    0.0000   30.0000   45.0000 9828.7383   26.0725
    7.5000   30.0000   45.0000 9321.4287   26.0609
   -7.5000   37.5000   45.0000 8923.6826   26.1529
    0.0000   37.5000   45.0000 9161.9707   26.1424
    7.5000   37.5000   45.0000 8680.6406   26.1238
   -7.5000   45.0000   45.0000 7902.9990   25.5872
    0.0000   45.0000   45.0000 8111.9512   25.5904
    7.5000   45.0000   45.0000 7679.5269   25.5608

---------------------------------------------------------------------
imgreg_4dfp /opt/freesurfer/average/711-2C_as_mni_average_305 /opt/freesurfer/average/711-2B_as_mni_average_305_mask talsrcimg_g11 none talsrcimg_to_711-2C_as_mni_average_305_t4 4355
---------------------------------------------------------------------

freesurfer imgreg_4dfp.c
/opt/freesurfer/average/711-2C_as_mni_average_305.4dfp.img
       256       256       256         1
  1.000000  1.000000  1.000000
orientation T byte_order littleendian
Reading image: /opt/freesurfer/average/711-2C_as_mni_average_305.4dfp.img
dimensions:      256       256       256
mmppix:       1.0000   -1.0000   -1.0000
center:     128.0000 -129.0000 -129.0000
/opt/freesurfer/average/711-2B_as_mni_average_305_mask.4dfp.img
       256       256       256         1
  1.000000  1.000000  1.000000
orientation T byte_order littleendian
Reading mask: /opt/freesurfer/average/711-2B_as_mni_average_305_mask.4dfp.img (2306576 pixels)
talsrcimg_g11.4dfp.img
       256       256       256         1
  1.000000  1.000000  1.000000
orientation T byte_order littleendian
Reading image: talsrcimg_g11.4dfp.img
dimensions:      256       256       256
mmppix:       1.0000   -1.0000   -1.0000
center:     128.0000 -129.0000 -129.0000
rotation matrix determinant  1.000000
image alignment mode   4355 decimal     1103 hex
   -7.5000  -45.0000  -45.0000 2034.4202   27.4650
    0.0000  -45.0000  -45.0000 2022.1921   27.6174
    7.5000  -45.0000  -45.0000 1986.4486   28.1562
   -7.5000  -37.5000  -45.0000 2123.9163   25.1650
    0.0000  -37.5000  -45.0000 2110.9441   25.2570
    7.5000  -37.5000  -45.0000 2076.5996   25.7499
   -7.5000  -30.0000  -45.0000 2184.1938   23.4443
    0.0000  -30.0000  -45.0000 2172.3850   23.4873
    7.5000  -30.0000  -45.0000 2129.5737   24.0125
   -7.5000  -22.5000  -45.0000 2209.2371   22.2172
    0.0000  -22.5000  -45.0000 2199.9929   22.3213
    7.5000  -22.5000  -45.0000 2161.8577   22.8866
   -7.5000  -15.0000  -45.0000 2220.4680   21.5704
    0.0000  -15.0000  -45.0000 2209.7407   21.6658
    7.5000  -15.0000  -45.0000 2177.5332   22.2395
   -7.5000   -7.5000  -45.0000 2214.0742   21.2906
    0.0000   -7.5000  -45.0000 2207.3069   21.4491
    7.5000   -7.5000  -45.0000 2171.5740   22.0866
   -7.5000    0.0000  -45.0000 2202.7744   21.7267
    0.0000    0.0000  -45.0000 2188.0083   21.8001
    7.5000    0.0000  -45.0000 2156.1907   22.5153
   -7.5000    7.5000  -45.0000 2166.0874   22.5310
    0.0000    7.5000  -45.0000 2159.8662   22.6688
    7.5000    7.5000  -45.0000 2122.9031   23.2502
   -7.5000   15.0000  -45.0000 2112.4153   23.7790
    0.0000   15.0000  -45.0000 2100.4226   23.9382
    7.5000   15.0000  -45.0000 2064.2839   24.6034
   -7.5000   22.5000  -45.0000 2026.1965   25.5056
    0.0000   22.5000  -45.0000 2018.8047   25.7805
    7.5000   22.5000  -45.0000 1985.2472   26.4392
   -7.5000   30.0000  -45.0000 1924.0619   28.0079
    0.0000   30.0000  -45.0000 1913.8579   28.2804
    7.5000   30.0000  -45.0000 1881.2264   29.0654
   -7.5000   37.5000  -45.0000 1811.1697   31.5606
    0.0000   37.5000  -45.0000 1804.0575   31.8884
    7.5000   37.5000  -45.0000 1769.8235   32.6695
   -7.5000   45.0000  -45.0000 1675.3379   36.4306
    0.0000   45.0000  -45.0000 1660.9631   36.7913
    7.5000   45.0000  -45.0000 1634.6084   37.7006
   -7.5000  -45.0000  -37.5000 2128.4543   25.2009
    0.0000  -45.0000  -37.5000 2119.9355   25.3053
    7.5000  -45.0000  -37.5000 2077.0337   25.8351
   -7.5000  -37.5000  -37.5000 2221.7573   23.0968
    0.0000  -37.5000  -37.5000 2205.8545   23.1476
    7.5000  -37.5000  -37.5000 2167.7681   23.6003
   -7.5000  -30.0000  -37.5000 2287.1799   21.4804
    0.0000  -30.0000  -37.5000 2269.5815   21.4968
    7.5000  -30.0000  -37.5000 2233.3408   21.9734
   -7.5000  -22.5000  -37.5000 2323.5688   20.3646
    0.0000  -22.5000  -37.5000 2306.9614   20.3877
    7.5000  -22.5000  -37.5000 2266.1411   20.9187
   -7.5000  -15.0000  -37.5000 2328.3538   19.7235
    0.0000  -15.0000  -37.5000 2317.0635   19.7770
    7.5000  -15.0000  -37.5000 2281.0637   20.3426
   -7.5000   -7.5000  -37.5000 2322.2170   19.5687
    0.0000   -7.5000  -37.5000 2314.3196   19.6286
    7.5000   -7.5000  -37.5000 2278.6599   20.1622
   -7.5000    0.0000  -37.5000 2313.2625   19.9195
    0.0000    0.0000  -37.5000 2298.9001   19.9333
    7.5000    0.0000  -37.5000 2265.6953   20.6256
   -7.5000    7.5000  -37.5000 2276.4563   20.6300
    0.0000    7.5000  -37.5000 2266.3174   20.6949
    7.5000    7.5000  -37.5000 2229.3447   21.3278
   -7.5000   15.0000  -37.5000 2212.5266   21.8361
    0.0000   15.0000  -37.5000 2201.1909   21.8820
    7.5000   15.0000  -37.5000 2168.0193   22.5766
   -7.5000   22.5000  -37.5000 2128.7993   23.4883
    0.0000   22.5000  -37.5000 2115.0796   23.5991
    7.5000   22.5000  -37.5000 2076.5698   24.2495
   -7.5000   30.0000  -37.5000 2013.3435   25.8589
    0.0000   30.0000  -37.5000 1999.8969   25.9376
    7.5000   30.0000  -37.5000 1962.1683   26.6518
   -7.5000   37.5000  -37.5000 1883.4995   29.0681
    0.0000   37.5000  -37.5000 1876.6901   29.2357
    7.5000   37.5000  -37.5000 1840.5243   29.9807
   -7.5000   45.0000  -37.5000 1741.5601   33.4263
    0.0000   45.0000  -37.5000 1734.6743   33.7184
    7.5000   45.0000  -37.5000 1703.3436   34.5259
   -7.5000  -45.0000  -30.0000 2257.1382   23.9547
    0.0000  -45.0000  -30.0000 2243.9148   23.9620
    7.5000  -45.0000  -30.0000 2198.6462   24.5025
   -7.5000  -37.5000  -30.0000 2352.1738   21.9283
    0.0000  -37.5000  -30.0000 2339.0920   21.9718
    7.5000  -37.5000  -30.0000 2299.2417   22.4422
   -7.5000  -30.0000  -30.0000 2421.1826   20.4091
    0.0000  -30.0000  -30.0000 2404.1121   20.4596
    7.5000  -30.0000  -30.0000 2366.1792   20.9417
   -7.5000  -22.5000  -30.0000 2466.4478   19.3066
    0.0000  -22.5000  -30.0000 2446.8406   19.3181
    7.5000  -22.5000  -30.0000 2409.9414   19.8599
   -7.5000  -15.0000  -30.0000 2484.9377   18.6316
    0.0000  -15.0000  -30.0000 2470.6526   18.7368
    7.5000  -15.0000  -30.0000 2430.2522   19.2475
   -7.5000   -7.5000  -30.0000 2488.6038   18.5389
    0.0000   -7.5000  -30.0000 2470.9727   18.5915
    7.5000   -7.5000  -30.0000 2430.7258   19.1486
   -7.5000    0.0000  -30.0000 2475.0798   18.9818
    0.0000    0.0000  -30.0000 2453.1880   18.9224
    7.5000    0.0000  -30.0000 2414.0361   19.5237
   -7.5000    7.5000  -30.0000 2435.3574   19.7264
    0.0000    7.5000  -30.0000 2415.7432   19.6664
    7.5000    7.5000  -30.0000 2373.2122   20.3048
   -7.5000   15.0000  -30.0000 2358.2971   20.8867
    0.0000   15.0000  -30.0000 2343.7656   20.8808
    7.5000   15.0000  -30.0000 2305.1079   21.4977
   -7.5000   22.5000  -30.0000 2262.2268   22.4937
    0.0000   22.5000  -30.0000 2247.7178   22.5270
    7.5000   22.5000  -30.0000 2211.7273   23.1977
   -7.5000   30.0000  -30.0000 2137.2500   24.7713
    0.0000   30.0000  -30.0000 2126.0972   24.7869
    7.5000   30.0000  -30.0000 2085.4380   25.4911
   -7.5000   37.5000  -30.0000 1994.4825   27.7746
    0.0000   37.5000  -30.0000 1985.4321   27.8412
    7.5000   37.5000  -30.0000 1946.3556   28.5763
   -7.5000   45.0000  -30.0000 1837.5603   31.8475
    0.0000   45.0000  -30.0000 1832.1337   32.0234
    7.5000   45.0000  -30.0000 1799.2910   32.8189
   -7.5000  -45.0000  -22.5000 2362.3701   22.6786
    0.0000  -45.0000  -22.5000 2344.2075   22.7377
    7.5000  -45.0000  -22.5000 2295.6101   23.2323
   -7.5000  -37.5000  -22.5000 2458.5540   20.6760
    0.0000  -37.5000  -22.5000 2442.1538   20.7009
    7.5000  -37.5000  -22.5000 2400.1531   21.2034
   -7.5000  -30.0000  -22.5000 2526.3228   19.2005
    0.0000  -30.0000  -22.5000 2514.3113   19.2849
    7.5000  -30.0000  -22.5000 2472.6389   19.7998
   -7.5000  -22.5000  -22.5000 2585.0122   18.1858
    0.0000  -22.5000  -22.5000 2566.6228   18.2680
    7.5000  -22.5000  -22.5000 2526.8149   18.7846
   -7.5000  -15.0000  -22.5000 2614.2776   17.5543
    0.0000  -15.0000  -22.5000 2598.6414   17.6462
    7.5000  -15.0000  -22.5000 2554.8464   18.1465
   -7.5000   -7.5000  -22.5000 2631.5261   17.4806
    0.0000   -7.5000  -22.5000 2609.3301   17.5284
    7.5000   -7.5000  -22.5000 2565.8533   18.0473
   -7.5000    0.0000  -22.5000 2613.3772   17.9314
    0.0000    0.0000  -22.5000 2592.3997   17.9180
    7.5000    0.0000  -22.5000 2545.6631   18.4406
   -7.5000    7.5000  -22.5000 2568.9966   18.7448
    0.0000    7.5000  -22.5000 2548.6313   18.6879
    7.5000    7.5000  -22.5000 2498.6292   19.2288
   -7.5000   15.0000  -22.5000 2482.5403   19.8563
    0.0000   15.0000  -22.5000 2465.9395   19.8615
    7.5000   15.0000  -22.5000 2420.9417   20.4045
   -7.5000   22.5000  -22.5000 2374.7307   21.4506
    0.0000   22.5000  -22.5000 2359.4661   21.4436
    7.5000   22.5000  -22.5000 2320.0132   22.0580
   -7.5000   30.0000  -22.5000 2238.0693   23.6326
    0.0000   30.0000  -22.5000 2227.6780   23.6155
    7.5000   30.0000  -22.5000 2188.7805   24.3065
   -7.5000   37.5000  -22.5000 2077.4338   26.5043
    0.0000   37.5000  -22.5000 2066.8081   26.5459
    7.5000   37.5000  -22.5000 2031.4094   27.2741
   -7.5000   45.0000  -22.5000 1916.0016   30.2378
    0.0000   45.0000  -22.5000 1910.8430   30.4101
    7.5000   45.0000  -22.5000 1875.3491   31.0964
   -7.5000  -45.0000  -15.0000 2429.7842   21.4318
    0.0000  -45.0000  -15.0000 2412.4556   21.5747
    7.5000  -45.0000  -15.0000 2364.3821   22.1595
   -7.5000  -37.5000  -15.0000 2537.1248   19.5572
    0.0000  -37.5000  -15.0000 2521.8999   19.6147
    7.5000  -37.5000  -15.0000 2477.3298   20.1710
   -7.5000  -30.0000  -15.0000 2609.0481   18.0931
    0.0000  -30.0000  -15.0000 2596.9229   18.1852
    7.5000  -30.0000  -15.0000 2555.3176   18.7509
   -7.5000  -22.5000  -15.0000 2673.2090   17.1145
    0.0000  -22.5000  -15.0000 2659.0667   17.2475
    7.5000  -22.5000  -15.0000 2611.2815   17.7504
   -7.5000  -15.0000  -15.0000 2712.4817   16.5362
    0.0000  -15.0000  -15.0000 2700.8540   16.6473
    7.5000  -15.0000  -15.0000 2653.8914   17.1564
   -7.5000   -7.5000  -15.0000 2735.4197   16.4637
    0.0000   -7.5000  -15.0000 2720.9968   16.5329
    7.5000   -7.5000  -15.0000 2672.2397   17.0192
   -7.5000    0.0000  -15.0000 2722.8372   16.9145
    0.0000    0.0000  -15.0000 2707.8201   16.9617
    7.5000    0.0000  -15.0000 2647.2043   17.4173
   -7.5000    7.5000  -15.0000 2667.4519   17.7228
    0.0000    7.5000  -15.0000 2651.1653   17.7531
    7.5000    7.5000  -15.0000 2598.2598   18.2495
   -7.5000   15.0000  -15.0000 2573.6843   18.8545
    0.0000   15.0000  -15.0000 2556.0989   18.8788
    7.5000   15.0000  -15.0000 2513.7605   19.4135
   -7.5000   22.5000  -15.0000 2451.4263   20.4333
    0.0000   22.5000  -15.0000 2440.5593   20.4294
    7.5000   22.5000  -15.0000 2397.8918   21.0289
   -7.5000   30.0000  -15.0000 2309.1331   22.5550
    0.0000   30.0000  -15.0000 2296.9001   22.5522
    7.5000   30.0000  -15.0000 2255.6514   23.2378
   -7.5000   37.5000  -15.0000 2137.1360   25.3960
    0.0000   37.5000  -15.0000 2130.1140   25.3563
    7.5000   37.5000  -15.0000 2096.3899   26.0890
   -7.5000   45.0000  -15.0000 1970.2615   28.9373
    0.0000   45.0000  -15.0000 1961.6599   28.9754
    7.5000   45.0000  -15.0000 1926.9144   29.7058
   -7.5000  -45.0000   -7.5000 2474.4114   20.4404
    0.0000  -45.0000   -7.5000 2465.0598   20.5897
    7.5000  -45.0000   -7.5000 2410.9165   21.2408
   -7.5000  -37.5000   -7.5000 2591.9309   18.5278
    0.0000  -37.5000   -7.5000 2583.2126   18.6785
    7.5000  -37.5000   -7.5000 2528.7764   19.2704
   -7.5000  -30.0000   -7.5000 2688.7695   17.1294
    0.0000  -30.0000   -7.5000 2675.5649   17.2585
    7.5000  -30.0000   -7.5000 2620.8044   17.8478
   -7.5000  -22.5000   -7.5000 2753.5352   16.1354
    0.0000  -22.5000   -7.5000 2739.9707   16.2971
    7.5000  -22.5000   -7.5000 2685.1309   16.8488
   -7.5000  -15.0000   -7.5000 2798.8357   15.5266
    0.0000  -15.0000   -7.5000 2786.0215   15.6916
    7.5000  -15.0000   -7.5000 2730.5886   16.2873
   -7.5000   -7.5000   -7.5000 2818.0537   15.5167
    0.0000   -7.5000   -7.5000 2811.0750   15.6188
    7.5000   -7.5000   -7.5000 2754.1245   16.1657
   -7.5000    0.0000   -7.5000 2805.5154   15.9523
    0.0000    0.0000   -7.5000 2798.8472   16.0250
    7.5000    0.0000   -7.5000 2731.5862   16.5190
   -7.5000    7.5000   -7.5000 2741.9712   16.7466
    0.0000    7.5000   -7.5000 2732.4844   16.8066
    7.5000    7.5000   -7.5000 2683.3489   17.3279
   -7.5000   15.0000   -7.5000 2638.6848   17.8981
    0.0000   15.0000   -7.5000 2630.0515   17.9307
    7.5000   15.0000   -7.5000 2585.0225   18.4961
   -7.5000   22.5000   -7.5000 2508.8582   19.4766
    0.0000   22.5000   -7.5000 2500.3738   19.5023
    7.5000   22.5000   -7.5000 2452.8669   20.1541
   -7.5000   30.0000   -7.5000 2358.2852   21.5626
    0.0000   30.0000   -7.5000 2346.7019   21.5641
    7.5000   30.0000   -7.5000 2300.2170   22.2724
   -7.5000   37.5000   -7.5000 2183.3357   24.2217
    0.0000   37.5000   -7.5000 2171.8464   24.2325
    7.5000   37.5000   -7.5000 2138.2620   24.9442
   -7.5000   45.0000   -7.5000 2006.5085   27.6492
    0.0000   45.0000   -7.5000 2001.0510   27.6569
    7.5000   45.0000   -7.5000 1964.4927   28.4559
   -7.5000  -45.0000    0.0000 2501.6807   19.6657
    0.0000  -45.0000    0.0000 2494.8557   19.8473
    7.5000  -45.0000    0.0000 2440.6824   20.6249
   -7.5000  -37.5000    0.0000 2628.0425   17.7873
    0.0000  -37.5000    0.0000 2621.7275   17.9697
    7.5000  -37.5000    0.0000 2564.5586   18.6774
   -7.5000  -30.0000    0.0000 2741.0962   16.3875
    0.0000  -30.0000    0.0000 2731.8630   16.5844
    7.5000  -30.0000    0.0000 2666.3032   17.2348
   -7.5000  -22.5000    0.0000 2835.9424   15.4250
    0.0000  -22.5000    0.0000 2823.7354   15.6181
    7.5000  -22.5000    0.0000 2743.4150   16.2320
   -7.5000  -15.0000    0.0000 2876.2158   14.6916
    0.0000  -15.0000    0.0000 2864.5239   14.9696
    7.5000  -15.0000    0.0000 2794.6882   15.6599
   -7.5000   -7.5000    0.0000 2886.4524   14.7377
    0.0000   -7.5000    0.0000 2883.8279   14.9185
    7.5000   -7.5000    0.0000 2816.5898   15.5783
   -7.5000    0.0000    0.0000 2862.5776   15.1508
    0.0000    0.0000    0.0000 2859.0740   15.2834
    7.5000    0.0000    0.0000 2791.4341   15.8997
   -7.5000    7.5000    0.0000 2791.9944   16.0206
    0.0000    7.5000    0.0000 2791.7920   16.1133
    7.5000    7.5000    0.0000 2734.4182   16.6761
   -7.5000   15.0000    0.0000 2680.5557   17.1975
    0.0000   15.0000    0.0000 2677.1221   17.3068
    7.5000   15.0000    0.0000 2626.8923   17.9035
   -7.5000   22.5000    0.0000 2544.2393   18.7624
    0.0000   22.5000    0.0000 2536.2400   18.8507
    7.5000   22.5000    0.0000 2491.0845   19.4907
   -7.5000   30.0000    0.0000 2389.7107   20.7853
    0.0000   30.0000    0.0000 2375.5720   20.8336
    7.5000   30.0000    0.0000 2333.8997   21.5224
   -7.5000   37.5000    0.0000 2214.8384   23.3540
    0.0000   37.5000    0.0000 2203.1321   23.4050
    7.5000   37.5000    0.0000 2171.6946   24.2042
   -7.5000   45.0000    0.0000 2034.1512   26.6981
    0.0000   45.0000    0.0000 2025.8793   26.7603
    7.5000   45.0000    0.0000 1988.1637   27.5866
   -7.5000  -45.0000    7.5000 2513.5134   19.1663
    0.0000  -45.0000    7.5000 2509.8225   19.3993
    7.5000  -45.0000    7.5000 2459.0435   20.2391
   -7.5000  -37.5000    7.5000 2645.9729   17.3285
    0.0000  -37.5000    7.5000 2638.1558   17.5543
    7.5000  -37.5000    7.5000 2585.2971   18.2868
   -7.5000  -30.0000    7.5000 2772.8723   15.9753
    0.0000  -30.0000    7.5000 2762.4207   16.1876
    7.5000  -30.0000    7.5000 2703.2156   16.8624
   -7.5000  -22.5000    7.5000 2892.0662   15.0841
    0.0000  -22.5000    7.5000 2883.2817   15.3238
    7.5000  -22.5000    7.5000 2786.5889   15.8877
   -7.5000  -15.0000    7.5000 2933.7151   14.1185
    0.0000  -15.0000    7.5000 2929.6680   14.6127
    7.5000  -15.0000    7.5000 2836.2485   15.2820
   -7.5000   -7.5000    7.5000 2937.4062   14.1640
    0.0000   -7.5000    7.5000 2934.6033   14.4453
    7.5000   -7.5000    7.5000 2854.6282   15.1863
   -7.5000    0.0000    7.5000 2892.4792   14.7152
    0.0000    0.0000    7.5000 2895.7214   14.9143
    7.5000    0.0000    7.5000 2825.1030   15.5470
   -7.5000    7.5000    7.5000 2820.6221   15.5726
    0.0000    7.5000    7.5000 2821.4656   15.7431
    7.5000    7.5000    7.5000 2761.5742   16.3296
   -7.5000   15.0000    7.5000 2700.6252   16.7634
    0.0000   15.0000    7.5000 2701.0891   16.9115
    7.5000   15.0000    7.5000 2652.2407   17.4924
   -7.5000   22.5000    7.5000 2558.5408   18.3056
    0.0000   22.5000    7.5000 2552.3320   18.4368
    7.5000   22.5000    7.5000 2515.1660   19.0362
   -7.5000   30.0000    7.5000 2406.3264   20.2891
    0.0000   30.0000    7.5000 2397.8477   20.3824
    7.5000   30.0000    7.5000 2350.9917   21.0446
   -7.5000   37.5000    7.5000 2227.6492   22.8283
    0.0000   37.5000    7.5000 2223.6221   22.9140
    7.5000   37.5000    7.5000 2189.6228   23.6980
   -7.5000   45.0000    7.5000 2046.7837   26.0728
    0.0000   45.0000    7.5000 2036.7639   26.2331
    7.5000   45.0000    7.5000 1999.4050   27.0625
   -7.5000  -45.0000   15.0000 2516.6362   19.1353
    0.0000  -45.0000   15.0000 2509.9663   19.2687
    7.5000  -45.0000   15.0000 2463.4568   20.1729
   -7.5000  -37.5000   15.0000 2653.9434   17.3085
    0.0000  -37.5000   15.0000 2649.5227   17.4397
    7.5000  -37.5000   15.0000 2598.5977   18.2819
   -7.5000  -30.0000   15.0000 2775.0864   15.9560
    0.0000  -30.0000   15.0000 2771.4749   16.1305
    7.5000  -30.0000   15.0000 2718.6172   16.8442
   -7.5000  -22.5000   15.0000 2882.7627   14.9585
    0.0000  -22.5000   15.0000 2884.6013   15.1496
    7.5000  -22.5000   15.0000 2801.9795   15.8020
   -7.5000  -15.0000   15.0000 2935.9031   14.2315
    0.0000  -15.0000   15.0000 2926.0901   14.4767
    7.5000  -15.0000   15.0000 2845.4756   15.2373
   -7.5000   -7.5000   15.0000 2937.0708   14.1631
    0.0000   -7.5000   15.0000 2930.9333   14.4190
    7.5000   -7.5000   15.0000 2858.8472   15.1517
   -7.5000    0.0000   15.0000 2890.5852   14.7073
    0.0000    0.0000   15.0000 2889.4573   14.8618
    7.5000    0.0000   15.0000 2826.5071   15.4844
   -7.5000    7.5000   15.0000 2808.8271   15.5513
    0.0000    7.5000   15.0000 2812.3545   15.6667
    7.5000    7.5000   15.0000 2755.0591   16.2479
   -7.5000   15.0000   15.0000 2689.4294   16.6967
    0.0000   15.0000   15.0000 2695.4087   16.7951
    7.5000   15.0000   15.0000 2648.6826   17.3767
   -7.5000   22.5000   15.0000 2558.4875   18.1972
    0.0000   22.5000   15.0000 2556.4670   18.2913
    7.5000   22.5000   15.0000 2511.3867   18.8873
   -7.5000   30.0000   15.0000 2410.8374   20.2162
    0.0000   30.0000   15.0000 2401.0452   20.2551
    7.5000   30.0000   15.0000 2351.3628   20.9068
   -7.5000   37.5000   15.0000 2226.7698   22.7671
    0.0000   37.5000   15.0000 2222.3066   22.7464
    7.5000   37.5000   15.0000 2187.0371   23.4948
   -7.5000   45.0000   15.0000 2040.6638   25.9031
    0.0000   45.0000   15.0000 2030.5870   25.8867
    7.5000   45.0000   15.0000 1992.0787   26.7741
   -7.5000  -45.0000   22.5000 2511.4585   19.4856
    0.0000  -45.0000   22.5000 2513.3298   19.6135
    7.5000  -45.0000   22.5000 2467.9863   20.4287
   -7.5000  -37.5000   22.5000 2647.3311   17.7278
    0.0000  -37.5000   22.5000 2651.0176   17.8132
    7.5000  -37.5000   22.5000 2601.4624   18.5572
   -7.5000  -30.0000   22.5000 2759.7791   16.4138
    0.0000  -30.0000   22.5000 2761.6052   16.4820
    7.5000  -30.0000   22.5000 2708.9841   17.1252
   -7.5000  -22.5000   22.5000 2854.4326   15.3799
    0.0000  -22.5000   22.5000 2841.1929   15.3666
    7.5000  -22.5000   22.5000 2788.8157   16.1475
   -7.5000  -15.0000   22.5000 2899.7883   14.8564
    0.0000  -15.0000   22.5000 2888.4087   14.9140
    7.5000  -15.0000   22.5000 2832.3701   15.5974
   -7.5000   -7.5000   22.5000 2903.6777   14.8534
    0.0000   -7.5000   22.5000 2892.3469   14.8975
    7.5000   -7.5000   22.5000 2836.5769   15.5116
   -7.5000    0.0000   22.5000 2853.9675   15.2434
    0.0000    0.0000   22.5000 2851.7112   15.2791
    7.5000    0.0000   22.5000 2795.5063   15.7801
   -7.5000    7.5000   22.5000 2770.1172   15.9656
    0.0000    7.5000   22.5000 2773.7007   16.0356
    7.5000    7.5000   22.5000 2723.6042   16.5145
   -7.5000   15.0000   22.5000 2658.1423   16.9931
    0.0000   15.0000   22.5000 2664.7568   17.0660
    7.5000   15.0000   22.5000 2624.6160   17.6081
   -7.5000   22.5000   22.5000 2535.5967   18.3870
    0.0000   22.5000   22.5000 2537.8442   18.4882
    7.5000   22.5000   22.5000 2498.2725   19.0610
   -7.5000   30.0000   22.5000 2383.7217   20.3149
    0.0000   30.0000   22.5000 2383.9307   20.3538
    7.5000   30.0000   22.5000 2340.3052   21.0069
   -7.5000   37.5000   22.5000 2207.7737   22.8613
    0.0000   37.5000   22.5000 2202.1045   22.8421
    7.5000   37.5000   22.5000 2171.3755   23.5762
   -7.5000   45.0000   22.5000 2029.8391   26.1062
    0.0000   45.0000   22.5000 2017.8848   26.0539
    7.5000   45.0000   22.5000 1990.5244   26.8393
   -7.5000  -45.0000   30.0000 2494.8674   20.2528
    0.0000  -45.0000   30.0000 2498.4641   20.2427
    7.5000  -45.0000   30.0000 2450.4211   20.9951
   -7.5000  -37.5000   30.0000 2618.6338   18.4711
    0.0000  -37.5000   30.0000 2625.0735   18.5037
    7.5000  -37.5000   30.0000 2578.1306   19.1381
   -7.5000  -30.0000   30.0000 2725.4741   17.0651
    0.0000  -30.0000   30.0000 2718.6003   17.0301
    7.5000  -30.0000   30.0000 2679.7422   17.7487
   -7.5000  -22.5000   30.0000 2808.4070   16.0298
    0.0000  -22.5000   30.0000 2800.5730   16.0739
    7.5000  -22.5000   30.0000 2753.7939   16.7960
   -7.5000  -15.0000   30.0000 2846.3770   15.5664
    0.0000  -15.0000   30.0000 2840.1951   15.6471
    7.5000  -15.0000   30.0000 2791.8108   16.2695
   -7.5000   -7.5000   30.0000 2838.3540   15.6041
    0.0000   -7.5000   30.0000 2830.7175   15.5856
    7.5000   -7.5000   30.0000 2786.5144   16.1631
   -7.5000    0.0000   30.0000 2788.4419   15.9514
    0.0000    0.0000   30.0000 2784.4929   15.9386
    7.5000    0.0000   30.0000 2739.6301   16.4210
   -7.5000    7.5000   30.0000 2709.2205   16.6750
    0.0000    7.5000   30.0000 2712.8901   16.6661
    7.5000    7.5000   30.0000 2670.3748   17.1582
   -7.5000   15.0000   30.0000 2599.4321   17.6958
    0.0000   15.0000   30.0000 2608.5938   17.6757
    7.5000   15.0000   30.0000 2570.4197   18.2207
   -7.5000   22.5000   30.0000 2479.5171   18.9981
    0.0000   22.5000   30.0000 2486.0405   18.9794
    7.5000   22.5000   30.0000 2454.0510   19.5680
   -7.5000   30.0000   30.0000 2330.7983   20.8674
    0.0000   30.0000   30.0000 2331.3018   20.8117
    7.5000   30.0000   30.0000 2304.0508   21.4585
   -7.5000   37.5000   30.0000 2169.6963   23.3662
    0.0000   37.5000   30.0000 2162.8242   23.3141
    7.5000   37.5000   30.0000 2137.4670   23.9556
   -7.5000   45.0000   30.0000 2000.4558   26.5545
    0.0000   45.0000   30.0000 1998.1846   26.4955
    7.5000   45.0000   30.0000 1966.8973   27.2387
   -7.5000  -45.0000   37.5000 2454.4116   21.2095
    0.0000  -45.0000   37.5000 2463.4785   21.1732
    7.5000  -45.0000   37.5000 2414.6729   21.8288
   -7.5000  -37.5000   37.5000 2576.1313   19.3185
    0.0000  -37.5000   37.5000 2582.2898   19.2985
    7.5000  -37.5000   37.5000 2535.6477   19.9319
   -7.5000  -30.0000   37.5000 2673.5491   17.8395
    0.0000  -30.0000   37.5000 2677.1704   17.8635
    7.5000  -30.0000   37.5000 2627.5823   18.5450
   -7.5000  -22.5000   37.5000 2743.9624   16.9061
    0.0000  -22.5000   37.5000 2747.0823   17.0248
    7.5000  -22.5000   37.5000 2703.5107   17.6604
   -7.5000  -15.0000   37.5000 2773.0688   16.4713
    0.0000  -15.0000   37.5000 2777.0110   16.5607
    7.5000  -15.0000   37.5000 2730.0334   17.1658
   -7.5000   -7.5000   37.5000 2759.8809   16.4881
    0.0000   -7.5000   37.5000 2759.4592   16.4910
    7.5000   -7.5000   37.5000 2715.9465   17.0433
   -7.5000    0.0000   37.5000 2710.2168   16.8436
    0.0000    0.0000   37.5000 2712.9883   16.8051
    7.5000    0.0000   37.5000 2674.5430   17.2646
   -7.5000    7.5000   37.5000 2638.6143   17.5295
    0.0000    7.5000   37.5000 2646.9888   17.5373
    7.5000    7.5000   37.5000 2604.7224   17.9416
   -7.5000   15.0000   37.5000 2537.6445   18.5898
    0.0000   15.0000   37.5000 2545.3669   18.5845
    7.5000   15.0000   37.5000 2508.1069   19.0320
   -7.5000   22.5000   37.5000 2410.0869   19.9082
    0.0000   22.5000   37.5000 2412.0254   19.8679
    7.5000   22.5000   37.5000 2386.2864   20.3750
   -7.5000   30.0000   37.5000 2260.2969   21.6733
    0.0000   30.0000   37.5000 2264.3523   21.6677
    7.5000   30.0000   37.5000 2238.7178   22.2830
   -7.5000   37.5000   37.5000 2117.8184   24.2003
    0.0000   37.5000   37.5000 2118.3770   24.1152
    7.5000   37.5000   37.5000 2087.8979   24.8241
   -7.5000   45.0000   37.5000 1962.6432   27.4516
    0.0000   45.0000   37.5000 1961.2408   27.3729
    7.5000   45.0000   37.5000 1938.4144   28.1200
   -7.5000  -45.0000   45.0000 2397.9309   22.3014
    0.0000  -45.0000   45.0000 2407.3013   22.1841
    7.5000  -45.0000   45.0000 2358.4976   22.8307
   -7.5000  -37.5000   45.0000 2511.0151   20.3649
    0.0000  -37.5000   45.0000 2523.6414   20.3140
    7.5000  -37.5000   45.0000 2472.7898   20.9091
   -7.5000  -30.0000   45.0000 2598.1489   18.9591
    0.0000  -30.0000   45.0000 2605.6641   18.9507
    7.5000  -30.0000   45.0000 2556.0569   19.6079
   -7.5000  -22.5000   45.0000 2654.7881   18.0741
    0.0000  -22.5000   45.0000 2659.2964   18.1621
    7.5000  -22.5000   45.0000 2622.5732   18.7577
   -7.5000  -15.0000   45.0000 2675.5713   17.6556
    0.0000  -15.0000   45.0000 2683.5972   17.7080
    7.5000  -15.0000   45.0000 2645.7717   18.2602
   -7.5000   -7.5000   45.0000 2666.6611   17.5872
    0.0000   -7.5000   45.0000 2671.5447   17.5919
    7.5000   -7.5000   45.0000 2633.0178   18.1170
   -7.5000    0.0000   45.0000 2622.2290   17.8540
    0.0000    0.0000   45.0000 2627.0686   17.8463
    7.5000    0.0000   45.0000 2591.4846   18.3607
   -7.5000    7.5000   45.0000 2556.8167   18.5831
    0.0000    7.5000   45.0000 2565.0994   18.5625
    7.5000    7.5000   45.0000 2522.1990   19.0488
   -7.5000   15.0000   45.0000 2455.1658   19.6326
    0.0000   15.0000   45.0000 2458.3906   19.5950
    7.5000   15.0000   45.0000 2424.8843   20.0686
   -7.5000   22.5000   45.0000 2334.4102   20.9893
    0.0000   22.5000   45.0000 2342.9907   20.9545
    7.5000   22.5000   45.0000 2304.9541   21.4669
   -7.5000   30.0000   45.0000 2188.5867   22.8280
    0.0000   30.0000   45.0000 2191.5996   22.7942
    7.5000   30.0000   45.0000 2167.7222   23.3478
   -7.5000   37.5000   45.0000 2055.2466   25.4251
    0.0000   37.5000   45.0000 2046.7559   25.3744
    7.5000   37.5000   45.0000 2028.4397   25.9520
   -7.5000   45.0000   45.0000 1906.4391   28.6933
    0.0000   45.0000   45.0000 1903.5542   28.6751
    7.5000   45.0000   45.0000 1881.6593   29.3940

---------------------------------------------------------------------
imgreg_4dfp /opt/freesurfer/average/711-2C_as_mni_average_305 /opt/freesurfer/average/711-2B_as_mni_average_305_mask talsrcimg_g11 none talsrcimg_to_711-2C_as_mni_average_305_t4 1283
---------------------------------------------------------------------

freesurfer imgreg_4dfp.c
/opt/freesurfer/average/711-2C_as_mni_average_305.4dfp.img
       256       256       256         1
  1.000000  1.000000  1.000000
orientation T byte_order littleendian
Reading image: /opt/freesurfer/average/711-2C_as_mni_average_305.4dfp.img
dimensions:      256       256       256
mmppix:       1.0000   -1.0000   -1.0000
center:     128.0000 -129.0000 -129.0000
/opt/freesurfer/average/711-2B_as_mni_average_305_mask.4dfp.img
       256       256       256         1
  1.000000  1.000000  1.000000
orientation T byte_order littleendian
Reading mask: /opt/freesurfer/average/711-2B_as_mni_average_305_mask.4dfp.img (2306576 pixels)
talsrcimg_g11.4dfp.img
       256       256       256         1
  1.000000  1.000000  1.000000
orientation T byte_order littleendian
Reading image: talsrcimg_g11.4dfp.img
dimensions:      256       256       256
mmppix:       1.0000   -1.0000   -1.0000
center:     128.0000 -129.0000 -129.0000
rotation matrix determinant  1.000000
fimgreg.f
image alignment mode   1283 decimal      503 hex
parameters
   -7.5000   -7.5000    7.5000    0.0000    0.0000    0.0000
eta,q 0.92465 14.09690
niter,ni,del,rscale     5    3   12.0000    1.2000
parameter  1 -0.507142 -> -0.500000 qaram    1.1500
parameter  4 -1.235483 -> -0.500000 qaram    1.1500
parameters
   -4.0500   -9.1550    9.6726    3.4500    0.7828    0.7430
eta,q 0.92768 13.87430
  0.0919  0.0758  0.0852  0.0791  0.0760  0.0741
  0.0850  0.0758  0.0804  0.0756  0.0752  0.0739
  0.0783  0.0746  0.0773  0.0741  0.0744  0.0737
  0.0754  0.0746  0.0749  0.0741  0.0734  0.0727
  0.0744  0.0753  0.0740  0.0742  0.0725  0.0720
  0.0740  0.0772  0.0745  0.0730  0.0733  0.0726
  0.0751  0.0843  0.0767  0.0714  0.0758  0.0744
niter,ni,del,rscale     6    3   12.0000    1.2000
parameter  2  0.930494 ->  0.500000 qaram    1.1500
parameter  3 -1.165114 -> -0.500000 qaram    1.1500
parameter  4 -0.508946 -> -0.500000 qaram    1.3225
parameters
   -3.9613  -12.6050   13.1226    7.4175    1.5942   -1.3357
eta,q 0.93163 13.86400
  0.0841  0.0688  0.0752  0.0763  0.0758  0.0701
  0.0778  0.0717  0.0737  0.0720  0.0740  0.0691
  0.0768  0.0740  0.0749  0.0708  0.0714  0.0684
  0.0723  0.0722  0.0726  0.0702  0.0690  0.0684
  0.0734  0.0720  0.0702  0.0698  0.0682  0.0704
  0.0780  0.0739  0.0706  0.0689  0.0702  0.0733
  0.0842  0.0805  0.0717  0.0696  0.0743  0.0760
niter,ni,del,rscale     7    3   12.0000    1.2000
parameters
   -3.6690  -13.3434   12.4734    5.4900    1.1974   -1.3978
eta,q 0.93198 13.90251
  0.0849  0.0756  0.0735  0.0714  0.0740  0.0726
  0.0765  0.0706  0.0720  0.0688  0.0713  0.0702
  0.0721  0.0682  0.0699  0.0676  0.0691  0.0687
  0.0684  0.0681  0.0682  0.0684  0.0678  0.0680
  0.0705  0.0697  0.0697  0.0700  0.0688  0.0683
  0.0768  0.0748  0.0730  0.0726  0.0723  0.0702
  0.0816  0.0782  0.0765  0.0773  0.0765  0.0730
niter,ni,del,rscale     6    3   12.0000    1.2000
parameters
   -3.5329  -13.2561   12.3084    5.4668    1.1620   -1.3839
eta,q 0.93199 13.91284
  0.0829  0.0770  0.0732  0.0741  0.0750  0.0726
  0.0750  0.0710  0.0729  0.0706  0.0722  0.0702
  0.0721  0.0664  0.0699  0.0682  0.0696  0.0687
  0.0680  0.0679  0.0680  0.0680  0.0680  0.0680
  0.0699  0.0689  0.0692  0.0688  0.0683  0.0682
  0.0764  0.0726  0.0713  0.0706  0.0717  0.0700
  0.0811  0.0745  0.0753  0.0740  0.0760  0.0728
niter,ni,del,rscale     5    3   12.0000    1.2000
parameters
   -3.4950  -13.2092   12.2454    5.4322    1.1731   -1.3744
eta,q 0.93200 13.91546
  0.0823  0.0769  0.0732  0.0739  0.0752  0.0725
  0.0749  0.0706  0.0729  0.0707  0.0724  0.0702
  0.0723  0.0662  0.0702  0.0683  0.0697  0.0687
  0.0680  0.0680  0.0680  0.0680  0.0680  0.0680
  0.0701  0.0691  0.0691  0.0688  0.0683  0.0682
  0.0766  0.0727  0.0710  0.0706  0.0717  0.0700
  0.0815  0.0743  0.0750  0.0740  0.0760  0.0728
registration optimization eta report
parameter search radius
    6.9000    6.9000    6.9000    7.9350    6.0000    6.0000
100000*second partial in parameter space
       27.       18.       11.       10.       21.       13.
  0.0823  0.0769  0.0732  0.0739  0.0752  0.0725
  0.0749  0.0706  0.0729  0.0707  0.0724  0.0702
  0.0723  0.0662  0.0702  0.0683  0.0697  0.0687
  0.0680  0.0680  0.0680  0.0680  0.0680  0.0680
  0.0701  0.0691  0.0691  0.0688  0.0683  0.0682
  0.0766  0.0727  0.0710  0.0706  0.0717  0.0700
  0.0815  0.0743  0.0750  0.0740  0.0760  0.0728
   -3.4950  -13.2092   12.2454    5.4322    1.1731   -1.3744
eta,q 0.93200 13.91546

---------------------------------------------------------------------
imgreg_4dfp /opt/freesurfer/average/711-2C_as_mni_average_305 /opt/freesurfer/average/711-2B_as_mni_average_305_mask talsrcimg_g11 none talsrcimg_to_711-2C_as_mni_average_305_t4 3335
---------------------------------------------------------------------

freesurfer imgreg_4dfp.c
/opt/freesurfer/average/711-2C_as_mni_average_305.4dfp.img
       256       256       256         1
  1.000000  1.000000  1.000000
orientation T byte_order littleendian
Reading image: /opt/freesurfer/average/711-2C_as_mni_average_305.4dfp.img
dimensions:      256       256       256
mmppix:       1.0000   -1.0000   -1.0000
center:     128.0000 -129.0000 -129.0000
/opt/freesurfer/average/711-2B_as_mni_average_305_mask.4dfp.img
       256       256       256         1
  1.000000  1.000000  1.000000
orientation T byte_order littleendian
Reading mask: /opt/freesurfer/average/711-2B_as_mni_average_305_mask.4dfp.img (2306576 pixels)
talsrcimg_g11.4dfp.img
       256       256       256         1
  1.000000  1.000000  1.000000
orientation T byte_order littleendian
Reading image: talsrcimg_g11.4dfp.img
dimensions:      256       256       256
mmppix:       1.0000   -1.0000   -1.0000
center:     128.0000 -129.0000 -129.0000
fimgreg.f
image alignment mode   3335 decimal      D07 hex
parameters
   -3.4950  -13.2092   12.2454   -0.0497   -0.4731   -0.4700
    2.1940   -2.2646   -2.3980   -9.4151    2.0473    9.4648
eta,q 0.93372 14.04324
niter,ni,del,rscale     5    3    5.0000    1.2000
parameter  4  1.625797 ->  0.500000 qaram    1.1500
parameter  5 -8.122334 ->  0.500000 qaram    1.1500
parameter  6  0.998087 ->  0.500000 qaram    1.1500
parameter  8 -1.330738 -> -0.500000 qaram    1.1500
parameters
   -3.2033  -14.0014   11.9744   -4.1897   -4.6131   -4.6100
    1.1068    1.8754   -1.8406   -8.8611    3.4681    6.1127
eta,q 0.95702 13.67326
  0.0687  0.0667  0.0672  0.0582  0.0451  0.0467  0.0490  0.0576  0.0469  0.0499  0.0464  0.0439
  0.0674  0.0662  0.0665  0.0596  0.0501  0.0473  0.0480  0.0539  0.0453  0.0470  0.0452  0.0431
  0.0666  0.0661  0.0661  0.0622  0.0553  0.0487  0.0475  0.0505  0.0442  0.0447  0.0443  0.0430
  0.0663  0.0662  0.0661  0.0660  0.0601  0.0516  0.0476  0.0475  0.0437  0.0437  0.0437  0.0436
  0.0663  0.0667  0.0664  0.0703  0.0650  0.0559  0.0481  0.0450  0.0440  0.0442  0.0436  0.0449
  0.0667  0.0673  0.0669  0.0756  0.0696  0.0611  0.0489  0.0433  0.0448  0.0458  0.0440  0.0467
  0.0677  0.0681  0.0678  0.0808  0.0736  0.0668  0.0500  0.0430  0.0460  0.0483  0.0450  0.0489
niter,ni,del,rscale     7    3    5.0000    1.2000
parameter  1  0.617280 ->  0.500000 qaram    1.1500
parameter  4  0.650607 ->  0.500000 qaram    1.3225
parameter  5  1.439762 ->  0.500000 qaram    1.3225
parameters
   -4.5833  -15.0839   12.4424   -8.9507   -9.3741   -5.7040
    1.7039    3.3365   -1.2585  -10.7956    3.2306    4.3590
eta,q 0.97001 13.56636
  0.0422  0.0419  0.0447  0.0390  0.0292  0.0343  0.0350  0.0396  0.0339  0.0326  0.0315  0.0312
  0.0415  0.0410  0.0428  0.0379  0.0299  0.0329  0.0330  0.0357  0.0322  0.0306  0.0307  0.0303
  0.0418  0.0409  0.0415  0.0381  0.0328  0.0319  0.0317  0.0326  0.0311  0.0301  0.0303  0.0300
  0.0430  0.0415  0.0409  0.0407  0.0378  0.0304  0.0310  0.0310  0.0306  0.0306  0.0301  0.0301
  0.0449  0.0428  0.0408  0.0455  0.0439  0.0306  0.0311  0.0306  0.0309  0.0319  0.0303  0.0307
  0.0475  0.0444  0.0414  0.0521  0.0501  0.0342  0.0321  0.0319  0.0316  0.0338  0.0308  0.0317
  0.0509  0.0464  0.0426  0.0581  0.0563  0.0390  0.0340  0.0355  0.0330  0.0364  0.0317  0.0331
niter,ni,del,rscale     7    3    5.0000    1.2000
parameters
   -4.3246  -14.4077   11.4925  -10.2431  -13.7380   -6.3461
    2.0479    3.6870   -1.4899  -10.8268    3.1125    3.5956
eta,q 0.97119 13.17882
  0.0356  0.0359  0.0301  0.0341  0.0310  0.0323  0.0315  0.0349  0.0305  0.0320  0.0299  0.0301
  0.0327  0.0332  0.0293  0.0322  0.0295  0.0307  0.0302  0.0318  0.0295  0.0297  0.0293  0.0293
  0.0308  0.0311  0.0292  0.0305  0.0284  0.0297  0.0293  0.0296  0.0290  0.0288  0.0290  0.0289
  0.0300  0.0299  0.0296  0.0292  0.0296  0.0287  0.0289  0.0289  0.0288  0.0288  0.0288  0.0288
  0.0302  0.0296  0.0304  0.0298  0.0345  0.0288  0.0290  0.0291  0.0291  0.0294  0.0290  0.0292
  0.0314  0.0302  0.0314  0.0337  0.0417  0.0311  0.0297  0.0308  0.0297  0.0303  0.0294  0.0298
  0.0339  0.0317  0.0326  0.0400  0.0487  0.0346  0.0312  0.0342  0.0307  0.0315  0.0300  0.0306
niter,ni,del,rscale     6    3    5.0000    1.2000
parameters
   -4.0906  -13.5946   11.6313   -8.9567  -15.2289   -6.5821
    2.1528    3.9496   -0.9939   -9.6775    3.3634    3.0944
eta,q 0.97127 13.12449
  0.0331  0.0329  0.0304  0.0338  0.0328  0.0324  0.0312  0.0348  0.0301  0.0321  0.0300  0.0299
  0.0309  0.0309  0.0293  0.0319  0.0312  0.0308  0.0298  0.0318  0.0293  0.0299  0.0293  0.0291
  0.0294  0.0296  0.0287  0.0302  0.0295  0.0297  0.0290  0.0295  0.0288  0.0288  0.0289  0.0288
  0.0288  0.0288  0.0285  0.0286  0.0279  0.0286  0.0287  0.0287  0.0287  0.0287  0.0287  0.0287
  0.0290  0.0285  0.0288  0.0274  0.0284  0.0285  0.0289  0.0291  0.0287  0.0289  0.0288  0.0290
  0.0300  0.0288  0.0292  0.0288  0.0331  0.0306  0.0296  0.0310  0.0290  0.0293  0.0292  0.0295
  0.0319  0.0295  0.0298  0.0327  0.0401  0.0337  0.0311  0.0343  0.0297  0.0300  0.0298  0.0302
niter,ni,del,rscale     5    3    5.0000    1.2000
parameters
   -4.0877  -13.2120   11.4649   -8.8875  -15.6833   -6.6583
    2.0838    3.9829   -0.5604   -8.6299    3.1784    2.5069
eta,q 0.97108 13.09064
  0.0324  0.0308  0.0300  0.0335  0.0331  0.0327  0.0311  0.0345  0.0299  0.0315  0.0300  0.0300
  0.0304  0.0296  0.0291  0.0318  0.0318  0.0311  0.0299  0.0317  0.0294  0.0297  0.0294  0.0293
  0.0292  0.0290  0.0287  0.0303  0.0303  0.0299  0.0292  0.0296  0.0291  0.0290  0.0290  0.0290
  0.0287  0.0287  0.0287  0.0287  0.0287  0.0289  0.0289  0.0289  0.0289  0.0289  0.0289  0.0289
  0.0290  0.0288  0.0291  0.0282  0.0279  0.0286  0.0291  0.0293  0.0289  0.0291  0.0291  0.0292
  0.0303  0.0291  0.0295  0.0302  0.0305  0.0306  0.0298  0.0313  0.0291  0.0294  0.0295  0.0297
  0.0326  0.0297  0.0301  0.0351  0.0366  0.0337  0.0313  0.0347  0.0298  0.0300  0.0301  0.0303
niter,ni,del,rscale     4    3    5.0000    1.2000
parameters
   -4.0797  -12.7884   11.2468   -8.9028  -16.0194   -6.8424
    1.8757    4.0738   -0.0603   -7.4832    2.7827    1.9251
eta,q 0.97094 13.05511
  0.0325  0.0306  0.0301  0.0335  0.0329  0.0327  0.0310  0.0346  0.0300  0.0314  0.0300  0.0301
  0.0306  0.0296  0.0292  0.0319  0.0317  0.0312  0.0300  0.0318  0.0295  0.0299  0.0295  0.0294
  0.0294  0.0291  0.0289  0.0304  0.0303  0.0300  0.0293  0.0298  0.0292  0.0292  0.0291  0.0291
  0.0289  0.0289  0.0289  0.0289  0.0289  0.0290  0.0291  0.0291  0.0291  0.0291  0.0291  0.0291
  0.0292  0.0289  0.0292  0.0284  0.0280  0.0288  0.0293  0.0295  0.0290  0.0291  0.0292  0.0293
  0.0304  0.0292  0.0297  0.0304  0.0301  0.0309  0.0300  0.0313  0.0292  0.0294  0.0296  0.0297
  0.0326  0.0296  0.0303  0.0352  0.0359  0.0339  0.0314  0.0346  0.0299  0.0300  0.0303  0.0304
niter,ni,del,rscale     3    3    5.0000    1.2000
parameters
   -4.0609  -12.2624   10.9701   -8.9643  -16.4915   -7.1152
    1.5991    4.2413    0.2859   -6.1095    2.3868    1.3588
eta,q 0.97082 13.00606
  0.0325  0.0306  0.0300  0.0333  0.0327  0.0327  0.0310  0.0345  0.0301  0.0315  0.0301  0.0301
  0.0307  0.0298  0.0293  0.0318  0.0315  0.0312  0.0300  0.0318  0.0297  0.0301  0.0295  0.0295
  0.0295  0.0293  0.0289  0.0304  0.0302  0.0301  0.0295  0.0299  0.0294  0.0295  0.0292  0.0292
  0.0291  0.0291  0.0290  0.0289  0.0290  0.0291  0.0292  0.0292  0.0292  0.0292  0.0292  0.0292
  0.0293  0.0290  0.0293  0.0285  0.0283  0.0290  0.0294  0.0296  0.0292  0.0292  0.0293  0.0294
  0.0304  0.0292  0.0298  0.0304  0.0302  0.0311  0.0301  0.0313  0.0295  0.0295  0.0297  0.0298
  0.0326  0.0296  0.0304  0.0351  0.0358  0.0340  0.0315  0.0344  0.0301  0.0301  0.0303  0.0304
niter,ni,del,rscale     2    3    5.0000    1.2000
parameters
   -4.0070  -11.6577   10.6133   -9.0275  -17.0702   -7.4807
    1.2925    4.4626    0.0662   -4.5117    2.3464    0.9484
eta,q 0.97072 12.95105
  0.0325  0.0307  0.0300  0.0332  0.0324  0.0327  0.0310  0.0345  0.0302  0.0317  0.0302  0.0301
  0.0307  0.0299  0.0293  0.0317  0.0313  0.0312  0.0301  0.0318  0.0298  0.0304  0.0296  0.0296
  0.0296  0.0294  0.0290  0.0304  0.0302  0.0301  0.0296  0.0300  0.0295  0.0297  0.0293  0.0294
  0.0292  0.0292  0.0291  0.0290  0.0290  0.0292  0.0294  0.0294  0.0293  0.0293  0.0293  0.0293
  0.0294  0.0291  0.0294  0.0286  0.0285  0.0291  0.0295  0.0297  0.0294  0.0293  0.0294  0.0294
  0.0304  0.0292  0.0299  0.0304  0.0303  0.0312  0.0302  0.0312  0.0298  0.0296  0.0297  0.0298
  0.0324  0.0297  0.0305  0.0349  0.0356  0.0341  0.0314  0.0342  0.0304  0.0302  0.0302  0.0303
niter,ni,del,rscale     1    3    5.0000    1.2000
parameters
   -3.9051  -11.0070   10.1643   -9.0996  -17.6945   -7.9791
    1.0286    4.6593   -0.5513   -2.7691    2.6176    0.7987
eta,q 0.97065 12.89262
  0.0324  0.0308  0.0299  0.0330  0.0323  0.0325  0.0309  0.0343  0.0303  0.0318  0.0303  0.0301
  0.0308  0.0301  0.0293  0.0316  0.0312  0.0311  0.0301  0.0318  0.0298  0.0306  0.0297  0.0297
  0.0297  0.0296  0.0291  0.0304  0.0301  0.0301  0.0296  0.0300  0.0295  0.0298  0.0294  0.0295
  0.0293  0.0293  0.0292  0.0291  0.0291  0.0293  0.0294  0.0294  0.0294  0.0294  0.0294  0.0294
  0.0294  0.0292  0.0295  0.0287  0.0287  0.0292  0.0296  0.0297  0.0296  0.0294  0.0294  0.0294
  0.0303  0.0293  0.0299  0.0304  0.0304  0.0312  0.0302  0.0312  0.0300  0.0296  0.0297  0.0298
  0.0321  0.0297  0.0305  0.0347  0.0352  0.0342  0.0312  0.0341  0.0307  0.0302  0.0301  0.0302
registration optimization eta report
parameter search radius
    2.7600    2.4000    2.4000    9.5220    9.5220    8.2800
    7.2000    8.2800    7.2000    7.2000    7.2000    7.2000
100000*second partial in parameter space
       40.       17.       18.        5.        5.        6.
        3.        7.        2.        3.        2.        2.
  0.0324  0.0308  0.0299  0.0330  0.0323  0.0325  0.0309  0.0343  0.0303  0.0318  0.0303  0.0301
  0.0308  0.0301  0.0293  0.0316  0.0312  0.0311  0.0301  0.0318  0.0298  0.0306  0.0297  0.0297
  0.0297  0.0296  0.0291  0.0304  0.0301  0.0301  0.0296  0.0300  0.0295  0.0298  0.0294  0.0295
  0.0293  0.0293  0.0292  0.0291  0.0291  0.0293  0.0294  0.0294  0.0294  0.0294  0.0294  0.0294
  0.0294  0.0292  0.0295  0.0287  0.0287  0.0292  0.0296  0.0297  0.0296  0.0294  0.0294  0.0294
  0.0303  0.0293  0.0299  0.0304  0.0304  0.0312  0.0302  0.0312  0.0300  0.0296  0.0297  0.0298
  0.0321  0.0297  0.0305  0.0347  0.0352  0.0342  0.0312  0.0341  0.0307  0.0302  0.0301  0.0302
   -3.9051  -11.0070   10.1643   -9.0996  -17.6945   -7.9791
    1.0286    4.6593   -0.5513   -2.7691    2.6176    0.7987
eta,q 0.97065 12.89262

---------------------------------------------------------------------
imgreg_4dfp /opt/freesurfer/average/711-2C_as_mni_average_305 /opt/freesurfer/average/711-2B_as_mni_average_305_mask talsrcimg_g11 none talsrcimg_to_711-2C_as_mni_average_305_t4 2311
---------------------------------------------------------------------

freesurfer imgreg_4dfp.c
/opt/freesurfer/average/711-2C_as_mni_average_305.4dfp.img
       256       256       256         1
  1.000000  1.000000  1.000000
orientation T byte_order littleendian
Reading image: /opt/freesurfer/average/711-2C_as_mni_average_305.4dfp.img
dimensions:      256       256       256
mmppix:       1.0000   -1.0000   -1.0000
center:     128.0000 -129.0000 -129.0000
/opt/freesurfer/average/711-2B_as_mni_average_305_mask.4dfp.img
       256       256       256         1
  1.000000  1.000000  1.000000
orientation T byte_order littleendian
Reading mask: /opt/freesurfer/average/711-2B_as_mni_average_305_mask.4dfp.img (2306576 pixels)
talsrcimg_g11.4dfp.img
       256       256       256         1
  1.000000  1.000000  1.000000
orientation T byte_order littleendian
Reading image: talsrcimg_g11.4dfp.img
dimensions:      256       256       256
mmppix:       1.0000   -1.0000   -1.0000
center:     128.0000 -129.0000 -129.0000
fimgreg.f
image alignment mode   2311 decimal      907 hex
parameters
   -3.9051  -11.0070   10.1643   -9.0996  -17.6945   -7.9791
    1.0286    4.6593   -0.5513   -2.7691    2.6176    0.7987
eta,q 0.97065 12.89262
niter,ni,del,rscale     5    3    5.0000    0.8000
parameters
   -3.6758  -10.3362    9.4405   -7.2866  -16.1978   -8.4832
    0.1931    5.2927   -0.8650   -1.9840    2.6537    0.2041
eta,q 0.97160 13.01001
  0.0305  0.0301  0.0293  0.0310  0.0301  0.0297  0.0292  0.0314  0.0291  0.0296  0.0291  0.0288
  0.0299  0.0298  0.0291  0.0304  0.0296  0.0292  0.0287  0.0301  0.0287  0.0289  0.0287  0.0285
  0.0295  0.0295  0.0291  0.0298  0.0291  0.0288  0.0285  0.0291  0.0285  0.0286  0.0285  0.0284
  0.0294  0.0293  0.0292  0.0291  0.0287  0.0284  0.0285  0.0285  0.0284  0.0284  0.0284  0.0284
  0.0293  0.0292  0.0294  0.0287  0.0284  0.0285  0.0288  0.0285  0.0285  0.0284  0.0285  0.0285
  0.0295  0.0293  0.0297  0.0289  0.0285  0.0293  0.0292  0.0291  0.0288  0.0286  0.0287  0.0287
  0.0300  0.0294  0.0300  0.0296  0.0292  0.0310  0.0299  0.0303  0.0293  0.0290  0.0291  0.0291
niter,ni,del,rscale     4    3    5.0000    0.7000
parameters
   -3.7311  -10.2005    9.4992   -7.2751  -16.3454   -8.0989
    0.5605    5.2742   -0.9524   -1.6483    2.7751    0.0862
eta,q 0.97167 13.01990
  0.0294  0.0290  0.0289  0.0299  0.0294  0.0296  0.0293  0.0303  0.0289  0.0291  0.0289  0.0287
  0.0288  0.0287  0.0286  0.0293  0.0290  0.0291  0.0288  0.0293  0.0286  0.0286  0.0286  0.0285
  0.0285  0.0285  0.0284  0.0288  0.0286  0.0287  0.0284  0.0286  0.0284  0.0284  0.0284  0.0284
  0.0284  0.0284  0.0284  0.0284  0.0284  0.0284  0.0283  0.0283  0.0283  0.0283  0.0283  0.0283
  0.0285  0.0284  0.0284  0.0285  0.0284  0.0283  0.0284  0.0285  0.0284  0.0284  0.0284  0.0284
  0.0289  0.0285  0.0286  0.0291  0.0288  0.0286  0.0286  0.0292  0.0286  0.0285  0.0286  0.0285
  0.0296  0.0288  0.0288  0.0301  0.0299  0.0295  0.0290  0.0304  0.0289  0.0289  0.0289  0.0288
niter,ni,del,rscale     3    3    5.0000    0.6000
parameters
   -3.7490  -10.1761    9.5661   -7.2317  -16.2282   -7.7659
    0.5789    5.2466   -0.9930   -1.6159    2.8065   -0.0246
eta,q 0.97174 13.04073
  0.0291  0.0287  0.0288  0.0296  0.0291  0.0293  0.0289  0.0298  0.0287  0.0288  0.0287  0.0285
  0.0287  0.0285  0.0285  0.0291  0.0288  0.0289  0.0285  0.0290  0.0284  0.0285  0.0285  0.0284
  0.0284  0.0284  0.0284  0.0286  0.0285  0.0286  0.0283  0.0285  0.0283  0.0283  0.0283  0.0283
  0.0283  0.0283  0.0283  0.0283  0.0283  0.0283  0.0283  0.0283  0.0283  0.0283  0.0283  0.0283
  0.0284  0.0284  0.0284  0.0284  0.0283  0.0282  0.0283  0.0284  0.0283  0.0283  0.0283  0.0283
  0.0287  0.0285  0.0285  0.0289  0.0286  0.0285  0.0285  0.0290  0.0285  0.0285  0.0284  0.0284
  0.0292  0.0287  0.0286  0.0297  0.0292  0.0292  0.0289  0.0299  0.0287  0.0287  0.0287  0.0286
niter,ni,del,rscale     2    3    5.0000    0.5000
parameters
   -3.7481  -10.2251    9.6841   -7.1865  -16.0061   -7.3906
    0.5685    5.2448   -1.0112   -1.7459    2.7727   -0.1047
eta,q 0.97181 13.06843
  0.0289  0.0285  0.0286  0.0293  0.0289  0.0290  0.0286  0.0294  0.0285  0.0285  0.0285  0.0284
  0.0285  0.0284  0.0284  0.0288  0.0286  0.0287  0.0284  0.0288  0.0283  0.0283  0.0283  0.0283
  0.0283  0.0283  0.0283  0.0285  0.0284  0.0284  0.0282  0.0284  0.0282  0.0282  0.0282  0.0282
  0.0283  0.0283  0.0283  0.0283  0.0283  0.0282  0.0282  0.0282  0.0282  0.0282  0.0282  0.0282
  0.0283  0.0283  0.0283  0.0283  0.0282  0.0282  0.0282  0.0283  0.0282  0.0282  0.0282  0.0282
  0.0285  0.0284  0.0283  0.0287  0.0284  0.0283  0.0284  0.0287  0.0283  0.0284  0.0283  0.0283
  0.0289  0.0286  0.0285  0.0293  0.0288  0.0288  0.0286  0.0294  0.0285  0.0286  0.0285  0.0284
niter,ni,del,rscale     1    3    5.0000    0.4000
parameters
   -3.7464  -10.3578    9.8817   -7.1303  -15.6710   -6.9561
    0.5488    5.2487   -0.9792   -2.0657    2.6490   -0.1687
eta,q 0.97189 13.10497
  0.0286  0.0283  0.0285  0.0289  0.0286  0.0288  0.0284  0.0289  0.0283  0.0283  0.0283  0.0282
  0.0284  0.0282  0.0283  0.0286  0.0285  0.0285  0.0282  0.0285  0.0282  0.0282  0.0282  0.0282
  0.0282  0.0282  0.0282  0.0283  0.0283  0.0283  0.0281  0.0282  0.0281  0.0281  0.0281  0.0281
  0.0282  0.0282  0.0282  0.0282  0.0282  0.0282  0.0281  0.0281  0.0281  0.0281  0.0281  0.0281
  0.0282  0.0282  0.0282  0.0282  0.0282  0.0281  0.0282  0.0282  0.0281  0.0282  0.0281  0.0281
  0.0284  0.0283  0.0282  0.0285  0.0282  0.0282  0.0283  0.0285  0.0282  0.0283  0.0282  0.0282
  0.0286  0.0284  0.0283  0.0289  0.0285  0.0285  0.0284  0.0289  0.0283  0.0284  0.0284  0.0283
registration optimization eta report
parameter search radius
    0.8000    0.8000    0.8000    2.4000    2.4000    2.4000
    2.4000    2.4000    2.4000    2.4000    2.4000    2.4000
100000*second partial in parameter space
       63.       26.       28.       12.        7.        8.
        5.       14.        4.        4.        4.        3.
  0.0286  0.0283  0.0285  0.0289  0.0286  0.0288  0.0284  0.0289  0.0283  0.0283  0.0283  0.0282
  0.0284  0.0282  0.0283  0.0286  0.0285  0.0285  0.0282  0.0285  0.0282  0.0282  0.0282  0.0282
  0.0282  0.0282  0.0282  0.0283  0.0283  0.0283  0.0281  0.0282  0.0281  0.0281  0.0281  0.0281
  0.0282  0.0282  0.0282  0.0282  0.0282  0.0282  0.0281  0.0281  0.0281  0.0281  0.0281  0.0281
  0.0282  0.0282  0.0282  0.0282  0.0282  0.0281  0.0282  0.0282  0.0281  0.0282  0.0281  0.0281
  0.0284  0.0283  0.0282  0.0285  0.0282  0.0282  0.0283  0.0285  0.0282  0.0283  0.0282  0.0282
  0.0286  0.0284  0.0283  0.0289  0.0285  0.0285  0.0284  0.0289  0.0283  0.0284  0.0284  0.0283
   -3.7464  -10.3578    9.8817   -7.1303  -15.6710   -6.9561
    0.5488    5.2487   -0.9792   -2.0657    2.6490   -0.1687
eta,q 0.97189 13.10497

---------------------------------------------------------------------
imgreg_4dfp /opt/freesurfer/average/711-2C_as_mni_average_305 /opt/freesurfer/average/711-2B_as_mni_average_305_mask talsrcimg_g11 none talsrcimg_to_711-2C_as_mni_average_305_t4 2311
---------------------------------------------------------------------

freesurfer imgreg_4dfp.c
/opt/freesurfer/average/711-2C_as_mni_average_305.4dfp.img
       256       256       256         1
  1.000000  1.000000  1.000000
orientation T byte_order littleendian
Reading image: /opt/freesurfer/average/711-2C_as_mni_average_305.4dfp.img
dimensions:      256       256       256
mmppix:       1.0000   -1.0000   -1.0000
center:     128.0000 -129.0000 -129.0000
/opt/freesurfer/average/711-2B_as_mni_average_305_mask.4dfp.img
       256       256       256         1
  1.000000  1.000000  1.000000
orientation T byte_order littleendian
Reading mask: /opt/freesurfer/average/711-2B_as_mni_average_305_mask.4dfp.img (2306576 pixels)
talsrcimg_g11.4dfp.img
       256       256       256         1
  1.000000  1.000000  1.000000
orientation T byte_order littleendian
Reading image: talsrcimg_g11.4dfp.img
dimensions:      256       256       256
mmppix:       1.0000   -1.0000   -1.0000
center:     128.0000 -129.0000 -129.0000
fimgreg.f
image alignment mode   2311 decimal      907 hex
parameters
   -3.7464  -10.3578    9.8817   -7.1303  -15.6710   -6.9561
    0.5488    5.2487   -0.9792   -2.0657    2.6490   -0.1687
eta,q 0.97189 13.10498
niter,ni,del,rscale     5    3    5.0000    0.8000
parameters
   -3.7689  -10.6772   10.2583   -7.5222  -16.1367   -7.0719
    0.8618    5.1473   -0.8711   -2.5393    2.8343    0.1683
eta,q 0.97181 13.07960
  0.0297  0.0285  0.0292  0.0299  0.0292  0.0297  0.0294  0.0306  0.0289  0.0289  0.0290  0.0288
  0.0288  0.0283  0.0286  0.0292  0.0288  0.0291  0.0287  0.0294  0.0285  0.0284  0.0286  0.0284
  0.0283  0.0281  0.0283  0.0285  0.0284  0.0286  0.0283  0.0286  0.0283  0.0282  0.0283  0.0283
  0.0281  0.0281  0.0281  0.0281  0.0281  0.0282  0.0282  0.0282  0.0282  0.0282  0.0282  0.0282
  0.0283  0.0283  0.0281  0.0284  0.0281  0.0281  0.0283  0.0285  0.0283  0.0284  0.0282  0.0282
  0.0289  0.0286  0.0282  0.0294  0.0288  0.0288  0.0286  0.0294  0.0285  0.0287  0.0285  0.0283
  0.0298  0.0292  0.0285  0.0309  0.0303  0.0304  0.0291  0.0309  0.0289  0.0292  0.0289  0.0286
niter,ni,del,rscale     4    3    5.0000    0.7000
parameters
   -3.7678  -10.7027   10.1659   -7.4011  -15.8632   -7.1041
    0.7826    5.1270   -0.9224   -2.6965    2.8189    0.0752
eta,q 0.97187 13.09086
  0.0293  0.0286  0.0286  0.0298  0.0292  0.0294  0.0289  0.0302  0.0287  0.0288  0.0287  0.0285
  0.0287  0.0284  0.0283  0.0292  0.0288  0.0289  0.0285  0.0291  0.0284  0.0284  0.0284  0.0283
  0.0283  0.0282  0.0282  0.0286  0.0284  0.0285  0.0282  0.0284  0.0282  0.0282  0.0282  0.0282
  0.0282  0.0282  0.0282  0.0282  0.0282  0.0281  0.0281  0.0281  0.0281  0.0281  0.0281  0.0281
  0.0283  0.0282  0.0283  0.0282  0.0281  0.0281  0.0282  0.0283  0.0282  0.0282  0.0282  0.0282
  0.0287  0.0284  0.0285  0.0289  0.0283  0.0286  0.0285  0.0291  0.0284  0.0285  0.0284  0.0283
  0.0293  0.0287  0.0287  0.0299  0.0292  0.0298  0.0290  0.0303  0.0287  0.0288  0.0287  0.0286
niter,ni,del,rscale     3    3    5.0000    0.6000
parameters
   -3.7802  -10.7610   10.1706   -7.2712  -15.5172   -6.9735
    0.7580    5.1293   -0.8905   -2.8368    2.7353   -0.0624
eta,q 0.97195 13.11586
  0.0290  0.0284  0.0285  0.0295  0.0290  0.0291  0.0287  0.0297  0.0285  0.0286  0.0285  0.0283
  0.0285  0.0283  0.0283  0.0290  0.0286  0.0287  0.0283  0.0289  0.0282  0.0282  0.0282  0.0282
  0.0282  0.0282  0.0282  0.0285  0.0283  0.0284  0.0281  0.0283  0.0281  0.0281  0.0281  0.0281
  0.0281  0.0281  0.0281  0.0281  0.0281  0.0281  0.0281  0.0281  0.0281  0.0280  0.0280  0.0280
  0.0282  0.0282  0.0282  0.0282  0.0280  0.0280  0.0281  0.0282  0.0281  0.0281  0.0281  0.0281
  0.0285  0.0283  0.0283  0.0287  0.0282  0.0284  0.0284  0.0288  0.0283  0.0283  0.0283  0.0282
  0.0290  0.0285  0.0285  0.0295  0.0289  0.0292  0.0287  0.0297  0.0285  0.0286  0.0285  0.0284
niter,ni,del,rscale     2    3    5.0000    0.5000
parameters
   -3.8050  -10.8883   10.2581   -7.1723  -15.1267   -6.6971
    0.7405    5.1282   -0.7962   -3.0278    2.6050   -0.1271
eta,q 0.97205 13.15156
  0.0286  0.0282  0.0284  0.0291  0.0287  0.0289  0.0285  0.0292  0.0283  0.0283  0.0283  0.0282
  0.0283  0.0281  0.0282  0.0287  0.0284  0.0285  0.0282  0.0285  0.0281  0.0281  0.0281  0.0280
  0.0281  0.0281  0.0281  0.0283  0.0282  0.0282  0.0280  0.0281  0.0280  0.0280  0.0280  0.0280
  0.0280  0.0280  0.0280  0.0280  0.0280  0.0280  0.0280  0.0280  0.0280  0.0280  0.0280  0.0279
  0.0281  0.0281  0.0281  0.0281  0.0280  0.0279  0.0280  0.0281  0.0280  0.0280  0.0280  0.0280
  0.0283  0.0282  0.0281  0.0285  0.0281  0.0282  0.0282  0.0285  0.0281  0.0282  0.0281  0.0281
  0.0287  0.0284  0.0283  0.0291  0.0285  0.0287  0.0285  0.0292  0.0283  0.0284  0.0283  0.0282
niter,ni,del,rscale     1    3    5.0000    0.4000
parameters
   -3.8373  -11.0863   10.4218   -7.0953  -14.7063   -6.3353
    0.7261    5.1215   -0.6597   -3.3260    2.4685   -0.0996
eta,q 0.97216 13.19435
  0.0283  0.0280  0.0282  0.0287  0.0284  0.0286  0.0282  0.0287  0.0281  0.0281  0.0281  0.0280
  0.0281  0.0280  0.0281  0.0284  0.0282  0.0283  0.0280  0.0282  0.0280  0.0279  0.0279  0.0279
  0.0280  0.0279  0.0280  0.0281  0.0280  0.0281  0.0279  0.0280  0.0279  0.0278  0.0279  0.0279
  0.0279  0.0279  0.0279  0.0279  0.0279  0.0279  0.0278  0.0278  0.0278  0.0278  0.0278  0.0278
  0.0280  0.0280  0.0279  0.0280  0.0279  0.0278  0.0279  0.0279  0.0279  0.0279  0.0279  0.0279
  0.0282  0.0281  0.0280  0.0282  0.0280  0.0280  0.0280  0.0282  0.0279  0.0280  0.0280  0.0279
  0.0284  0.0282  0.0280  0.0287  0.0282  0.0283  0.0282  0.0287  0.0281  0.0282  0.0281  0.0280
registration optimization eta report
parameter search radius
    0.8000    0.8000    0.8000    2.4000    2.4000    2.4000
    2.4000    2.4000    2.4000    2.4000    2.4000    2.4000
100000*second partial in parameter space
       66.       29.       30.       13.        7.       10.
        6.       15.        4.        5.        4.        3.
  0.0283  0.0280  0.0282  0.0287  0.0284  0.0286  0.0282  0.0287  0.0281  0.0281  0.0281  0.0280
  0.0281  0.0280  0.0281  0.0284  0.0282  0.0283  0.0280  0.0282  0.0280  0.0279  0.0279  0.0279
  0.0280  0.0279  0.0280  0.0281  0.0280  0.0281  0.0279  0.0280  0.0279  0.0278  0.0279  0.0279
  0.0279  0.0279  0.0279  0.0279  0.0279  0.0279  0.0278  0.0278  0.0278  0.0278  0.0278  0.0278
  0.0280  0.0280  0.0279  0.0280  0.0279  0.0278  0.0279  0.0279  0.0279  0.0279  0.0279  0.0279
  0.0282  0.0281  0.0280  0.0282  0.0280  0.0280  0.0280  0.0282  0.0279  0.0280  0.0280  0.0279
  0.0284  0.0282  0.0280  0.0287  0.0282  0.0283  0.0282  0.0287  0.0281  0.0282  0.0281  0.0280
   -3.8373  -11.0863   10.4218   -7.0953  -14.7063   -6.3353
    0.7261    5.1215   -0.6597   -3.3260    2.4685   -0.0996
eta,q 0.97216 13.19435

---------------------------------------------------------------------
compute_vox2vox talsrcimg talsrcimg_to_711-2C_as_mni_average_305_t4 /opt/freesurfer/average/711-2C_as_mni_average_305
---------------------------------------------------------------------

freesurfer compute_vox2vox.c
Reading: talsrcimg.4dfp.ifh
Reading: talsrcimg_to_711-2C_as_mni_average_305_t4
Reading: /opt/freesurfer/average/711-2C_as_mni_average_305.4dfp.ifh
Writing: talsrcimg_to_711-2C_as_mni_average_305_t4_vox2vox.txt

start time Mon Mar 9 08:29:39 CET 2026
end		time Mon Mar 9 08:31:15 CET 2026

mpr2mni305 success

avi2talxfm orig_nu.mgz /opt/freesurfer/average/mni305.cor.mgz talsrcimg_to_711-2C_as_mni_average_305_t4_vox2vox.txt transforms/talairach.auto.xfm
avi2talxfm done
mv -f /out/sourcedata/freesurfer/sub-v1s20x0050334_ses-1/mri/talsrcimg_to_711-2C_as_mni_average_305_t4_vox2vox.txt /out/sourcedata/freesurfer/sub-v1s20x0050334_ses-1/mri/transforms/talsrcimg_to_711-2C_as_mni_average_305_t4_vox2vox.txt
lta_convert --src orig_nu.mgz --trg /opt/freesurfer/average/mni305.cor.mgz --inxfm transforms/talairach.auto.xfm --outlta transforms/talairach.auto.xfm.lta --subject fsaverage
7.3.2

--src: orig_nu.mgz src image (geometry).
--trg: /opt/freesurfer/average/mni305.cor.mgz trg image (geometry).
--inmni: transforms/talairach.auto.xfm input MNI/XFM transform.
--outlta: transforms/talairach.auto.xfm.lta output LTA.
--s: fsaverage subject name
 LTA read, type : 1
 1.07788  -0.05927  -0.00924   4.08133;
-0.02840   1.06924   0.00149  -11.69621;
 0.00723   0.04124   1.17241   11.79161;
 0.00000   0.00000   0.00000   1.00000;
setting subject to fsaverage
Writing  LTA to file transforms/talairach.auto.xfm.lta...
lta_convert successful.
 
 
Started at Mon Mar 9 08:29:38 CET 2026
Ended   at Mon Mar  9 08:31:16 CET 2026
talairach_avi done
