status file for recon-all
Thu Mar 12 16:35:57 CET 2026
#@# Tessellate lh Thu Mar 12 16:35:57 CET 2026
#@# Smooth1 lh Thu Mar 12 16:36:00 CET 2026
#@# Inflation1 lh Thu Mar 12 16:36:01 CET 2026
#@# QSphere lh Thu Mar 12 16:36:13 CET 2026
#@# Fix Topology lh Thu Mar 12 16:37:01 CET 2026
#@# Smooth2 lh Thu Mar 12 16:41:45 CET 2026
#@# Inflation2 lh Thu Mar 12 16:41:48 CET 2026
#@# Curv .H and .K lh Thu Mar 12 16:42:00 CET 2026
#@# Sphere lh Thu Mar 12 16:42:37 CET 2026
#@# Surf Reg lh Thu Mar 12 16:45:41 CET 2026
#@# Jacobian white lh Thu Mar 12 16:49:33 CET 2026
#@# AvgCurv lh Thu Mar 12 16:49:33 CET 2026
#@# Cortical Parc lh Thu Mar 12 16:49:34 CET 2026
#@# white curv lh Thu Mar 12 16:54:51 CET 2026
#@# white area lh Thu Mar 12 16:54:52 CET 2026
#@# pial curv lh Thu Mar 12 16:54:53 CET 2026
#@# pial area lh Thu Mar 12 16:54:54 CET 2026
#@# thickness lh Thu Mar 12 16:54:55 CET 2026
#@# area and vertex vol lh Thu Mar 12 16:55:13 CET 2026
#@# Curvature Stats lh Thu Mar 12 16:55:14 CET 2026
#@# Cortical Parc 2 lh Thu Mar 12 16:55:16 CET 2026
#@# Cortical Parc 3 lh Thu Mar 12 16:55:26 CET 2026
#@# WM/GM Contrast lh Thu Mar 12 16:55:33 CET 2026
recon-all -s sub-v1s20x0050294_ses-1 finished without error at Thu Mar 12 16:55:35 CET 2026



#New# invocation of recon-all 



status file for recon-all
Thu Mar 12 17:23:24 CET 2026
#@# white curv lh Thu Mar 12 17:23:24 CET 2026
#@# white area lh Thu Mar 12 17:23:24 CET 2026
#@# pial curv lh Thu Mar 12 17:23:24 CET 2026
#@# pial area lh Thu Mar 12 17:23:24 CET 2026
#@# thickness lh Thu Mar 12 17:23:24 CET 2026
#@# area and vertex vol lh Thu Mar 12 17:23:24 CET 2026
#@# Parcellation Stats lh Thu Mar 12 17:23:24 CET 2026
#@# Parcellation Stats 2 lh Thu Mar 12 17:23:39 CET 2026
#@# Parcellation Stats 3 lh Thu Mar 12 17:23:48 CET 2026
#@# BA_exvivo Labels lh Thu Mar 12 17:23:56 CET 2026
recon-all -s sub-v1s20x0050294_ses-1 finished without error at Thu Mar 12 17:26:00 CET 2026
