status file for recon-all
Thu Mar 12 15:19:39 CET 2026
#@# MotionCor Thu Mar 12 15:19:40 CET 2026
#@# Talairach Thu Mar 12 15:19:45 CET 2026
#@# Talairach Failure Detection Thu Mar 12 15:22:34 CET 2026
#@# Nu Intensity Correction Thu Mar 12 15:22:34 CET 2026
#@# Intensity Normalization Thu Mar 12 15:25:18 CET 2026
recon-all -s sub-v1s20x0050294_ses-1 finished without error at Thu Mar 12 15:26:13 CET 2026



#New# invocation of recon-all 



status file for recon-all
Thu Mar 12 15:31:37 CET 2026
#@# EM Registration Thu Mar 12 15:31:37 CET 2026
recon-all -s sub-v1s20x0050294_ses-1 finished without error at Thu Mar 12 15:32:51 CET 2026



#New# invocation of recon-all 



status file for recon-all
Thu Mar 12 15:32:53 CET 2026
#@# CA Normalize Thu Mar 12 15:32:53 CET 2026
#@# CA Reg Thu Mar 12 15:33:46 CET 2026
#@# SubCort Seg Thu Mar 12 16:11:17 CET 2026
#@# CC Seg Thu Mar 12 16:31:53 CET 2026
#@# Merge ASeg Thu Mar 12 16:32:11 CET 2026
#@# Intensity Normalization2 Thu Mar 12 16:32:11 CET 2026
#@# Mask BFS Thu Mar 12 16:33:35 CET 2026
#@# WM Segmentation Thu Mar 12 16:33:36 CET 2026
#@# Fill Thu Mar 12 16:35:12 CET 2026
recon-all -s sub-v1s20x0050294_ses-1 finished without error at Thu Mar 12 16:35:51 CET 2026



#New# invocation of recon-all 



status file for recon-all
Thu Mar 12 17:20:36 CET 2026
#@# white curv lh Thu Mar 12 17:20:36 CET 2026
#@# white area lh Thu Mar 12 17:20:36 CET 2026
#@# pial curv lh Thu Mar 12 17:20:36 CET 2026
#@# pial area lh Thu Mar 12 17:20:36 CET 2026
#@# thickness lh Thu Mar 12 17:20:36 CET 2026
#@# area and vertex vol lh Thu Mar 12 17:20:36 CET 2026
#@# white curv rh Thu Mar 12 17:20:36 CET 2026
#@# white area rh Thu Mar 12 17:20:36 CET 2026
#@# pial curv rh Thu Mar 12 17:20:36 CET 2026
#@# pial area rh Thu Mar 12 17:20:36 CET 2026
#@# thickness rh Thu Mar 12 17:20:36 CET 2026
#@# area and vertex vol rh Thu Mar 12 17:20:36 CET 2026
#@# Cortical ribbon mask Thu Mar 12 17:20:36 CET 2026
recon-all -s sub-v1s20x0050294_ses-1 finished without error at Thu Mar 12 17:23:19 CET 2026



#New# invocation of recon-all 



status file for recon-all
Thu Mar 12 17:28:44 CET 2026
#@# white curv lh Thu Mar 12 17:28:44 CET 2026
#@# white area lh Thu Mar 12 17:28:44 CET 2026
#@# pial curv lh Thu Mar 12 17:28:44 CET 2026
#@# pial area lh Thu Mar 12 17:28:44 CET 2026
#@# thickness lh Thu Mar 12 17:28:44 CET 2026
#@# area and vertex vol lh Thu Mar 12 17:28:44 CET 2026
#@# white curv rh Thu Mar 12 17:28:44 CET 2026
#@# white area rh Thu Mar 12 17:28:44 CET 2026
#@# pial curv rh Thu Mar 12 17:28:44 CET 2026
#@# pial area rh Thu Mar 12 17:28:44 CET 2026
#@# thickness rh Thu Mar 12 17:28:44 CET 2026
#@# area and vertex vol rh Thu Mar 12 17:28:44 CET 2026
#@# Curvature Stats lh Thu Mar 12 17:28:44 CET 2026
#@# Curvature Stats rh Thu Mar 12 17:28:46 CET 2026
#@# Relabel Hypointensities Thu Mar 12 17:28:48 CET 2026
#@# APas-to-ASeg Thu Mar 12 17:28:58 CET 2026
#@# AParc-to-ASeg aparc Thu Mar 12 17:29:04 CET 2026
#@# AParc-to-ASeg aparc.a2009s Thu Mar 12 17:29:30 CET 2026
#@# AParc-to-ASeg aparc.DKTatlas Thu Mar 12 17:29:53 CET 2026
#@# WMParc Thu Mar 12 17:30:18 CET 2026
#@# ASeg Stats Thu Mar 12 17:32:12 CET 2026
recon-all -s sub-v1s20x0050294_ses-1 finished without error at Thu Mar 12 17:32:32 CET 2026
