status file for recon-all
Mon Mar  9 08:40:31 CET 2026
#@# Tessellate lh Mon Mar  9 08:40:31 CET 2026
#@# Smooth1 lh Mon Mar  9 08:40:34 CET 2026
#@# Inflation1 lh Mon Mar  9 08:40:35 CET 2026
#@# QSphere lh Mon Mar  9 08:40:42 CET 2026
#@# Fix Topology lh Mon Mar  9 08:41:15 CET 2026
#@# Smooth2 lh Mon Mar  9 08:46:00 CET 2026
#@# Inflation2 lh Mon Mar  9 08:46:01 CET 2026
#@# Curv .H and .K lh Mon Mar  9 08:46:08 CET 2026
#@# Sphere lh Mon Mar  9 08:46:41 CET 2026
#@# Surf Reg lh Mon Mar  9 08:48:39 CET 2026
#@# Jacobian white lh Mon Mar  9 08:50:55 CET 2026
#@# AvgCurv lh Mon Mar  9 08:50:56 CET 2026
#@# Cortical Parc lh Mon Mar  9 08:50:56 CET 2026
#@# white curv lh Mon Mar  9 08:55:55 CET 2026
#@# white area lh Mon Mar  9 08:55:56 CET 2026
#@# pial curv lh Mon Mar  9 08:55:57 CET 2026
#@# pial area lh Mon Mar  9 08:55:58 CET 2026
#@# thickness lh Mon Mar  9 08:55:58 CET 2026
#@# area and vertex vol lh Mon Mar  9 08:56:16 CET 2026
#@# Curvature Stats lh Mon Mar  9 08:56:17 CET 2026
#@# Cortical Parc 2 lh Mon Mar  9 08:56:19 CET 2026
#@# Cortical Parc 3 lh Mon Mar  9 08:56:28 CET 2026
#@# WM/GM Contrast lh Mon Mar  9 08:56:34 CET 2026
recon-all -s sub-v1s20x0050308_ses-1 finished without error at Mon Mar  9 08:56:36 CET 2026



#New# invocation of recon-all 



status file for recon-all
Mon Mar  9 09:16:08 CET 2026
#@# white curv lh Mon Mar  9 09:16:08 CET 2026
#@# white area lh Mon Mar  9 09:16:08 CET 2026
#@# pial curv lh Mon Mar  9 09:16:08 CET 2026
#@# pial area lh Mon Mar  9 09:16:08 CET 2026
#@# thickness lh Mon Mar  9 09:16:08 CET 2026
#@# area and vertex vol lh Mon Mar  9 09:16:08 CET 2026
#@# Parcellation Stats lh Mon Mar  9 09:16:08 CET 2026
#@# Parcellation Stats 2 lh Mon Mar  9 09:16:19 CET 2026
#@# Parcellation Stats 3 lh Mon Mar  9 09:16:26 CET 2026
#@# BA_exvivo Labels lh Mon Mar  9 09:16:32 CET 2026
recon-all -s sub-v1s20x0050308_ses-1 finished without error at Mon Mar  9 09:18:12 CET 2026
