status file for recon-all
Thu Mar 12 18:34:48 CET 2026
#@# MotionCor Thu Mar 12 18:34:49 CET 2026
#@# Talairach Thu Mar 12 18:34:54 CET 2026
#@# Talairach Failure Detection Thu Mar 12 18:37:44 CET 2026
#@# Nu Intensity Correction Thu Mar 12 18:37:44 CET 2026
#@# Intensity Normalization Thu Mar 12 18:40:30 CET 2026
recon-all -s sub-v1s20x0050359_ses-1 finished without error at Thu Mar 12 18:41:25 CET 2026



#New# invocation of recon-all 



status file for recon-all
Thu Mar 12 18:46:59 CET 2026
#@# EM Registration Thu Mar 12 18:46:59 CET 2026
recon-all -s sub-v1s20x0050359_ses-1 finished without error at Thu Mar 12 18:49:22 CET 2026



#New# invocation of recon-all 



status file for recon-all
Thu Mar 12 18:49:24 CET 2026
#@# CA Normalize Thu Mar 12 18:49:24 CET 2026
#@# CA Reg Thu Mar 12 18:50:16 CET 2026
#@# SubCort Seg Thu Mar 12 19:35:21 CET 2026
#@# CC Seg Thu Mar 12 19:54:02 CET 2026
#@# Merge ASeg Thu Mar 12 19:54:28 CET 2026
#@# Intensity Normalization2 Thu Mar 12 19:54:28 CET 2026
#@# Mask BFS Thu Mar 12 19:55:50 CET 2026
#@# WM Segmentation Thu Mar 12 19:55:51 CET 2026
#@# Fill Thu Mar 12 19:57:29 CET 2026
recon-all -s sub-v1s20x0050359_ses-1 finished without error at Thu Mar 12 19:58:06 CET 2026



#New# invocation of recon-all 



status file for recon-all
Thu Mar 12 20:33:32 CET 2026
#@# white curv lh Thu Mar 12 20:33:32 CET 2026
#@# white area lh Thu Mar 12 20:33:32 CET 2026
#@# pial curv lh Thu Mar 12 20:33:32 CET 2026
#@# pial area lh Thu Mar 12 20:33:32 CET 2026
#@# thickness lh Thu Mar 12 20:33:32 CET 2026
#@# area and vertex vol lh Thu Mar 12 20:33:32 CET 2026
#@# white curv rh Thu Mar 12 20:33:32 CET 2026
#@# white area rh Thu Mar 12 20:33:32 CET 2026
#@# pial curv rh Thu Mar 12 20:33:32 CET 2026
#@# pial area rh Thu Mar 12 20:33:32 CET 2026
#@# thickness rh Thu Mar 12 20:33:32 CET 2026
#@# area and vertex vol rh Thu Mar 12 20:33:32 CET 2026
#@# Cortical ribbon mask Thu Mar 12 20:33:32 CET 2026
recon-all -s sub-v1s20x0050359_ses-1 finished without error at Thu Mar 12 20:36:03 CET 2026



#New# invocation of recon-all 



status file for recon-all
Thu Mar 12 20:40:34 CET 2026
#@# white curv lh Thu Mar 12 20:40:34 CET 2026
#@# white area lh Thu Mar 12 20:40:34 CET 2026
#@# pial curv lh Thu Mar 12 20:40:34 CET 2026
#@# pial area lh Thu Mar 12 20:40:34 CET 2026
#@# thickness lh Thu Mar 12 20:40:34 CET 2026
#@# area and vertex vol lh Thu Mar 12 20:40:34 CET 2026
#@# white curv rh Thu Mar 12 20:40:34 CET 2026
#@# white area rh Thu Mar 12 20:40:34 CET 2026
#@# pial curv rh Thu Mar 12 20:40:34 CET 2026
#@# pial area rh Thu Mar 12 20:40:34 CET 2026
#@# thickness rh Thu Mar 12 20:40:34 CET 2026
#@# area and vertex vol rh Thu Mar 12 20:40:34 CET 2026
#@# Curvature Stats lh Thu Mar 12 20:40:34 CET 2026
#@# Curvature Stats rh Thu Mar 12 20:40:36 CET 2026
#@# Relabel Hypointensities Thu Mar 12 20:40:38 CET 2026
#@# APas-to-ASeg Thu Mar 12 20:40:48 CET 2026
#@# AParc-to-ASeg aparc Thu Mar 12 20:40:53 CET 2026
#@# AParc-to-ASeg aparc.a2009s Thu Mar 12 20:41:11 CET 2026
#@# AParc-to-ASeg aparc.DKTatlas Thu Mar 12 20:41:27 CET 2026
#@# WMParc Thu Mar 12 20:41:43 CET 2026
#@# ASeg Stats Thu Mar 12 20:43:27 CET 2026
recon-all -s sub-v1s20x0050359_ses-1 finished without error at Thu Mar 12 20:43:47 CET 2026
