status file for recon-all
Mon Mar  9 10:12:59 CET 2026
#@# Tessellate lh Mon Mar  9 10:12:59 CET 2026
#@# Smooth1 lh Mon Mar  9 10:13:03 CET 2026
#@# Inflation1 lh Mon Mar  9 10:13:06 CET 2026
#@# QSphere lh Mon Mar  9 10:13:22 CET 2026
#@# Fix Topology lh Mon Mar  9 10:14:33 CET 2026
#@# Smooth2 lh Mon Mar  9 10:20:50 CET 2026
#@# Inflation2 lh Mon Mar  9 10:20:53 CET 2026
#@# Curv .H and .K lh Mon Mar  9 10:21:07 CET 2026
#@# Sphere lh Mon Mar  9 10:21:53 CET 2026
#@# Surf Reg lh Mon Mar  9 10:26:51 CET 2026
#@# Jacobian white lh Mon Mar  9 10:32:04 CET 2026
#@# AvgCurv lh Mon Mar  9 10:32:05 CET 2026
#@# Cortical Parc lh Mon Mar  9 10:32:07 CET 2026
#@# white curv lh Mon Mar  9 10:38:28 CET 2026
#@# white area lh Mon Mar  9 10:38:29 CET 2026
#@# pial curv lh Mon Mar  9 10:38:30 CET 2026
#@# pial area lh Mon Mar  9 10:38:32 CET 2026
#@# thickness lh Mon Mar  9 10:38:33 CET 2026
#@# area and vertex vol lh Mon Mar  9 10:39:01 CET 2026
#@# Curvature Stats lh Mon Mar  9 10:39:03 CET 2026
#@# Cortical Parc 2 lh Mon Mar  9 10:39:05 CET 2026
#@# Cortical Parc 3 lh Mon Mar  9 10:39:18 CET 2026
#@# WM/GM Contrast lh Mon Mar  9 10:39:28 CET 2026
recon-all -s sub-v1s20x0050334_ses-1 finished without error at Mon Mar  9 10:39:32 CET 2026



#New# invocation of recon-all 



status file for recon-all
Mon Mar  9 11:08:59 CET 2026
#@# white curv lh Mon Mar  9 11:08:59 CET 2026
#@# white area lh Mon Mar  9 11:08:59 CET 2026
#@# pial curv lh Mon Mar  9 11:08:59 CET 2026
#@# pial area lh Mon Mar  9 11:08:59 CET 2026
#@# thickness lh Mon Mar  9 11:08:59 CET 2026
#@# area and vertex vol lh Mon Mar  9 11:08:59 CET 2026
#@# Parcellation Stats lh Mon Mar  9 11:08:59 CET 2026
#@# Parcellation Stats 2 lh Mon Mar  9 11:09:19 CET 2026
#@# Parcellation Stats 3 lh Mon Mar  9 11:09:28 CET 2026
#@# BA_exvivo Labels lh Mon Mar  9 11:09:37 CET 2026
recon-all -s sub-v1s20x0050334_ses-1 finished without error at Mon Mar  9 11:12:32 CET 2026
