status file for recon-all
Thu Mar 12 19:48:52 CET 2026
#@# Tessellate lh Thu Mar 12 19:48:52 CET 2026
#@# Smooth1 lh Thu Mar 12 19:48:56 CET 2026
#@# Inflation1 lh Thu Mar 12 19:48:58 CET 2026
#@# QSphere lh Thu Mar 12 19:49:12 CET 2026
#@# Fix Topology lh Thu Mar 12 19:50:12 CET 2026
#@# Smooth2 lh Thu Mar 12 19:59:29 CET 2026
#@# Inflation2 lh Thu Mar 12 19:59:32 CET 2026
#@# Curv .H and .K lh Thu Mar 12 19:59:46 CET 2026
#@# Sphere lh Thu Mar 12 20:00:35 CET 2026
#@# Surf Reg lh Thu Mar 12 20:03:55 CET 2026
#@# Jacobian white lh Thu Mar 12 20:07:53 CET 2026
#@# AvgCurv lh Thu Mar 12 20:07:54 CET 2026
#@# Cortical Parc lh Thu Mar 12 20:07:54 CET 2026
#@# white curv lh Thu Mar 12 20:14:54 CET 2026
#@# white area lh Thu Mar 12 20:14:55 CET 2026
#@# pial curv lh Thu Mar 12 20:14:56 CET 2026
#@# pial area lh Thu Mar 12 20:14:59 CET 2026
#@# thickness lh Thu Mar 12 20:14:59 CET 2026
#@# area and vertex vol lh Thu Mar 12 20:15:31 CET 2026
#@# Curvature Stats lh Thu Mar 12 20:15:33 CET 2026
#@# Cortical Parc 2 lh Thu Mar 12 20:15:36 CET 2026
#@# Cortical Parc 3 lh Thu Mar 12 20:15:50 CET 2026
#@# WM/GM Contrast lh Thu Mar 12 20:16:01 CET 2026
recon-all -s sub-v1s20x0050346_ses-1 finished without error at Thu Mar 12 20:16:05 CET 2026



#New# invocation of recon-all 



status file for recon-all
Thu Mar 12 20:48:48 CET 2026
#@# white curv lh Thu Mar 12 20:48:48 CET 2026
#@# white area lh Thu Mar 12 20:48:48 CET 2026
#@# pial curv lh Thu Mar 12 20:48:49 CET 2026
#@# pial area lh Thu Mar 12 20:48:49 CET 2026
#@# thickness lh Thu Mar 12 20:48:49 CET 2026
#@# area and vertex vol lh Thu Mar 12 20:48:49 CET 2026
#@# Parcellation Stats lh Thu Mar 12 20:48:49 CET 2026
#@# Parcellation Stats 2 lh Thu Mar 12 20:49:09 CET 2026
#@# Parcellation Stats 3 lh Thu Mar 12 20:49:20 CET 2026
#@# BA_exvivo Labels lh Thu Mar 12 20:49:29 CET 2026
recon-all -s sub-v1s20x0050346_ses-1 finished without error at Thu Mar 12 20:52:19 CET 2026
