status file for recon-all
Thu Mar 12 20:10:12 CET 2026
#@# Tessellate rh Thu Mar 12 20:10:12 CET 2026
#@# Smooth1 rh Thu Mar 12 20:10:15 CET 2026
#@# Inflation1 rh Thu Mar 12 20:10:17 CET 2026
#@# QSphere rh Thu Mar 12 20:10:31 CET 2026
#@# Fix Topology rh Thu Mar 12 20:11:36 CET 2026
#@# Smooth2 rh Thu Mar 12 20:19:06 CET 2026
#@# Inflation2 rh Thu Mar 12 20:19:08 CET 2026
#@# Curv .H and .K rh Thu Mar 12 20:19:24 CET 2026
#@# Sphere rh Thu Mar 12 20:20:05 CET 2026
#@# Surf Reg rh Thu Mar 12 20:26:37 CET 2026
#@# Jacobian white rh Thu Mar 12 20:33:51 CET 2026
#@# AvgCurv rh Thu Mar 12 20:33:52 CET 2026
#@# Cortical Parc rh Thu Mar 12 20:33:53 CET 2026
#@# white curv rh Thu Mar 12 20:40:20 CET 2026
#@# white area rh Thu Mar 12 20:40:22 CET 2026
#@# pial curv rh Thu Mar 12 20:40:23 CET 2026
#@# pial area rh Thu Mar 12 20:40:25 CET 2026
#@# thickness rh Thu Mar 12 20:40:25 CET 2026
#@# area and vertex vol rh Thu Mar 12 20:40:46 CET 2026
#@# Curvature Stats rh Thu Mar 12 20:40:48 CET 2026
#@# Cortical Parc 2 rh Thu Mar 12 20:40:50 CET 2026
#@# Cortical Parc 3 rh Thu Mar 12 20:41:02 CET 2026
#@# WM/GM Contrast rh Thu Mar 12 20:41:11 CET 2026
recon-all -s sub-v1s20x0050349_ses-1 finished without error at Thu Mar 12 20:41:14 CET 2026



#New# invocation of recon-all 



status file for recon-all
Thu Mar 12 20:48:44 CET 2026
#@# white curv rh Thu Mar 12 20:48:44 CET 2026
#@# white area rh Thu Mar 12 20:48:44 CET 2026
#@# pial curv rh Thu Mar 12 20:48:44 CET 2026
#@# pial area rh Thu Mar 12 20:48:44 CET 2026
#@# thickness rh Thu Mar 12 20:48:44 CET 2026
#@# area and vertex vol rh Thu Mar 12 20:48:44 CET 2026
#@# Parcellation Stats rh Thu Mar 12 20:48:44 CET 2026
#@# Parcellation Stats 2 rh Thu Mar 12 20:49:02 CET 2026
#@# Parcellation Stats 3 rh Thu Mar 12 20:49:11 CET 2026
#@# BA_exvivo Labels rh Thu Mar 12 20:49:20 CET 2026
recon-all -s sub-v1s20x0050349_ses-1 finished without error at Thu Mar 12 20:51:37 CET 2026
