status file for recon-all
Thu Mar 12 20:40:16 CET 2026
#@# Tessellate lh Thu Mar 12 20:40:16 CET 2026
#@# Smooth1 lh Thu Mar 12 20:40:21 CET 2026
#@# Inflation1 lh Thu Mar 12 20:40:24 CET 2026
#@# QSphere lh Thu Mar 12 20:40:39 CET 2026
#@# Fix Topology lh Thu Mar 12 20:42:02 CET 2026
#@# Smooth2 lh Thu Mar 12 20:49:53 CET 2026
#@# Inflation2 lh Thu Mar 12 20:49:57 CET 2026
#@# Curv .H and .K lh Thu Mar 12 20:50:15 CET 2026
#@# Sphere lh Thu Mar 12 20:51:08 CET 2026
#@# Surf Reg lh Thu Mar 12 20:55:40 CET 2026
#@# Jacobian white lh Thu Mar 12 21:00:35 CET 2026
#@# AvgCurv lh Thu Mar 12 21:00:36 CET 2026
#@# Cortical Parc lh Thu Mar 12 21:00:37 CET 2026
#@# white curv lh Thu Mar 12 21:08:13 CET 2026
#@# white area lh Thu Mar 12 21:08:15 CET 2026
#@# pial curv lh Thu Mar 12 21:08:15 CET 2026
#@# pial area lh Thu Mar 12 21:08:17 CET 2026
#@# thickness lh Thu Mar 12 21:08:18 CET 2026
#@# area and vertex vol lh Thu Mar 12 21:08:51 CET 2026
#@# Curvature Stats lh Thu Mar 12 21:08:52 CET 2026
#@# Cortical Parc 2 lh Thu Mar 12 21:08:55 CET 2026
#@# Cortical Parc 3 lh Thu Mar 12 21:09:09 CET 2026
#@# WM/GM Contrast lh Thu Mar 12 21:09:21 CET 2026
recon-all -s sub-v1s20x0050363_ses-1 finished without error at Thu Mar 12 21:09:25 CET 2026



#New# invocation of recon-all 



status file for recon-all
Thu Mar 12 21:42:13 CET 2026
#@# white curv lh Thu Mar 12 21:42:13 CET 2026
#@# white area lh Thu Mar 12 21:42:13 CET 2026
#@# pial curv lh Thu Mar 12 21:42:13 CET 2026
#@# pial area lh Thu Mar 12 21:42:13 CET 2026
#@# thickness lh Thu Mar 12 21:42:13 CET 2026
#@# area and vertex vol lh Thu Mar 12 21:42:13 CET 2026
#@# Parcellation Stats lh Thu Mar 12 21:42:13 CET 2026
#@# Parcellation Stats 2 lh Thu Mar 12 21:42:34 CET 2026
#@# Parcellation Stats 3 lh Thu Mar 12 21:42:46 CET 2026
#@# BA_exvivo Labels lh Thu Mar 12 21:42:57 CET 2026
recon-all -s sub-v1s20x0050363_ses-1 finished without error at Thu Mar 12 21:46:00 CET 2026
