status file for recon-all
Thu Mar 12 21:09:27 CET 2026
#@# Tessellate rh Thu Mar 12 21:09:27 CET 2026
#@# Smooth1 rh Thu Mar 12 21:09:30 CET 2026
#@# Inflation1 rh Thu Mar 12 21:09:33 CET 2026
#@# QSphere rh Thu Mar 12 21:09:47 CET 2026
#@# Fix Topology rh Thu Mar 12 21:11:05 CET 2026
#@# Smooth2 rh Thu Mar 12 21:19:19 CET 2026
#@# Inflation2 rh Thu Mar 12 21:19:22 CET 2026
#@# Curv .H and .K rh Thu Mar 12 21:19:38 CET 2026
#@# Sphere rh Thu Mar 12 21:20:27 CET 2026
#@# Surf Reg rh Thu Mar 12 21:22:47 CET 2026
#@# Jacobian white rh Thu Mar 12 21:27:10 CET 2026
#@# AvgCurv rh Thu Mar 12 21:27:11 CET 2026
#@# Cortical Parc rh Thu Mar 12 21:27:12 CET 2026
#@# white curv rh Thu Mar 12 21:34:18 CET 2026
#@# white area rh Thu Mar 12 21:34:20 CET 2026
#@# pial curv rh Thu Mar 12 21:34:20 CET 2026
#@# pial area rh Thu Mar 12 21:34:22 CET 2026
#@# thickness rh Thu Mar 12 21:34:23 CET 2026
#@# area and vertex vol rh Thu Mar 12 21:34:54 CET 2026
#@# Curvature Stats rh Thu Mar 12 21:34:55 CET 2026
#@# Cortical Parc 2 rh Thu Mar 12 21:34:58 CET 2026
#@# Cortical Parc 3 rh Thu Mar 12 21:35:12 CET 2026
#@# WM/GM Contrast rh Thu Mar 12 21:35:22 CET 2026
recon-all -s sub-v1s20x0050363_ses-1 finished without error at Thu Mar 12 21:35:26 CET 2026



#New# invocation of recon-all 



status file for recon-all
Thu Mar 12 21:46:02 CET 2026
#@# white curv rh Thu Mar 12 21:46:02 CET 2026
#@# white area rh Thu Mar 12 21:46:02 CET 2026
#@# pial curv rh Thu Mar 12 21:46:03 CET 2026
#@# pial area rh Thu Mar 12 21:46:03 CET 2026
#@# thickness rh Thu Mar 12 21:46:03 CET 2026
#@# area and vertex vol rh Thu Mar 12 21:46:03 CET 2026
#@# Parcellation Stats rh Thu Mar 12 21:46:03 CET 2026
#@# Parcellation Stats 2 rh Thu Mar 12 21:46:23 CET 2026
#@# Parcellation Stats 3 rh Thu Mar 12 21:46:34 CET 2026
#@# BA_exvivo Labels rh Thu Mar 12 21:46:45 CET 2026
recon-all -s sub-v1s20x0050363_ses-1 finished without error at Thu Mar 12 21:49:35 CET 2026
