/out/sourcedata/freesurfer/sub-v1s20x0050369_ses-1/mri
/opt/freesurfer/bin/talairach_avi
--i orig_nu.mgz --xfm transforms/talairach.auto.xfm
talairach_avi 7.3.2
Linux dna030 5.14.0-427.37.1.el9_4.x86_64 #1 SMP PREEMPT_DYNAMIC Fri Sep 13 12:41:50 EDT 2024 x86_64 x86_64 x86_64 GNU/Linux
Thu Mar 12 19:12:37 CET 2026
mri_convert orig_nu.mgz talsrcimg.img 
reading from orig_nu.mgz...
TR=0.00, TE=0.00, TI=0.00, flip angle=0.00
i_ras = (-1, 0, 0)
j_ras = (0, 0, -1)
k_ras = (0, 1, 0)
writing to talsrcimg.img...
Analyze Output Matrix
-1.00000   0.00000   0.00000   129.50781;
 0.00000   0.00000   1.00000  -128.49219;
 0.00000  -1.00000   0.00000   129.60004;
 0.00000   0.00000   0.00000   1.00000;
--------------------
INFO: set hdr.hist.orient to -1
mpr2mni305 talsrcimg
Thu Mar 12 19:12:37 CET 2026
/opt/freesurfer/bin/mpr2mni305 talsrcimg
mpr2mni305 7.3.2
target=711-2C_as_mni_average_305

---------------------------------------------------------------------
analyzeto4dfp talsrcimg -O0 -y
---------------------------------------------------------------------

freesurfer ifh2hdr.c
Thu Mar 12 19:12:37 2026
Writing: talsrcimg.4dfp.hdr
freesurfer analyzeto4dfp.c
Reading: talsrcimg.hdr
header size 348 bytes
hdr.dime.datatype	offset=70	value=2
hdr.dime.bitpix		offset=72	value=8
hdr.hist.orient		offset=252	value=-1
dimensionality     4
dimensions       256       256       256         1
Reading: talsrcimg.img
Writing: talsrcimg.4dfp.img
Writing: talsrcimg.4dfp.ifh
ifh2hdr talsrcimg -r0to254
ori=2

---------------------------------------------------------------------
gauss_4dfp talsrcimg 1.1
---------------------------------------------------------------------

freesurfer gauss_4dfp.c
Reading: talsrcimg.4dfp.img
Writing: talsrcimg_g11.4dfp.img
image dimensions 256 256 256 padded to 288 288 288
processing volume 1freesurfer ifh2hdr.c
Thu Mar 12 19:12:40 2026
Writing: talsrcimg_g11.4dfp.hdr

Writing: talsrcimg_g11.4dfp.ifh
including: talsrcimg.4dfp.img.rec in talsrcimg_g11.4dfp.img.rec

---------------------------------------------------------------------
imgreg_4dfp /opt/freesurfer/average/711-2C_as_mni_average_305 none talsrcimg_g11 none talsrcimg_to_711-2C_as_mni_average_305_t4 4355
---------------------------------------------------------------------

freesurfer imgreg_4dfp.c
/opt/freesurfer/average/711-2C_as_mni_average_305.4dfp.img
       256       256       256         1
  1.000000  1.000000  1.000000
orientation T byte_order littleendian
Reading image: /opt/freesurfer/average/711-2C_as_mni_average_305.4dfp.img
dimensions:      256       256       256
mmppix:       1.0000   -1.0000   -1.0000
center:     128.0000 -129.0000 -129.0000
talsrcimg_g11.4dfp.img
       256       256       256         1
  1.000000  1.000000  1.000000
orientation T byte_order littleendian
Reading image: talsrcimg_g11.4dfp.img
dimensions:      256       256       256
mmppix:       1.0000   -1.0000   -1.0000
center:     128.0000 -129.0000 -129.0000
t4_read: open error in t4_sub.f l:  41 t4_file(1:l)talsrcimg_to_711-2C_as_mni_average_305_t4 
t4_read: transform initialized to I4
rotation matrix determinant  1.000000
image alignment mode   4355 decimal     1103 hex
   -7.5000  -45.0000  -45.0000 7798.6562   19.1698
    0.0000  -45.0000  -45.0000 8013.0215   19.1504
    7.5000  -45.0000  -45.0000 7594.9214   19.1461
   -7.5000  -37.5000  -45.0000 8308.6982   19.2164
    0.0000  -37.5000  -45.0000 8552.6641   19.1930
    7.5000  -37.5000  -45.0000 8081.6074   19.1908
   -7.5000  -30.0000  -45.0000 9080.1396   19.2563
    0.0000  -30.0000  -45.0000 9341.3994   19.2346
    7.5000  -30.0000  -45.0000 8817.2666   19.2355
   -7.5000  -22.5000  -45.0000 9742.8154   19.2475
    0.0000  -22.5000  -45.000010015.0537   19.2304
    7.5000  -22.5000  -45.0000 9427.4697   19.2312
   -7.5000  -15.0000  -45.000010314.7227   19.2082
    0.0000  -15.0000  -45.000010610.4785   19.1952
    7.5000  -15.0000  -45.0000 9994.0889   19.1942
   -7.5000   -7.5000  -45.000010838.2725   19.1704
    0.0000   -7.5000  -45.000011151.0898   19.1568
    7.5000   -7.5000  -45.000010524.6201   19.1538
   -7.5000    0.0000  -45.000011329.7090   19.1698
    0.0000    0.0000  -45.000011639.2217   19.1504
    7.5000    0.0000  -45.000010972.0098   19.1461
   -7.5000    7.5000  -45.000010993.1084   19.2164
    0.0000    7.5000  -45.000011317.5127   19.1930
    7.5000    7.5000  -45.000010637.3496   19.1908
   -7.5000   15.0000  -45.000010564.0742   19.2563
    0.0000   15.0000  -45.000010921.1738   19.2346
    7.5000   15.0000  -45.000010243.2158   19.2355
   -7.5000   22.5000  -45.0000 9967.9365   19.2448
    0.0000   22.5000  -45.000010318.5781   19.2277
    7.5000   22.5000  -45.0000 9681.7725   19.2286
   -7.5000   30.0000  -45.0000 9142.8984   18.9522
    0.0000   30.0000  -45.0000 9427.0654   18.9394
    7.5000   30.0000  -45.0000 8841.9678   18.9384
   -7.5000   37.5000  -45.0000 8649.2402   18.9149
    0.0000   37.5000  -45.0000 8931.9639   18.9015
    7.5000   37.5000  -45.0000 8363.4805   18.8986
   -7.5000   45.0000  -45.0000 7820.1641   18.4341
    0.0000   45.0000  -45.0000 8077.1313   18.4154
    7.5000   45.0000  -45.0000 7572.5229   18.4113
   -7.5000  -45.0000  -37.5000 8393.5469   19.2048
    0.0000  -45.0000  -37.5000 8638.9385   19.1823
    7.5000  -45.0000  -37.5000 8157.9673   19.1787
   -7.5000  -37.5000  -37.5000 8938.0420   19.2457
    0.0000  -37.5000  -37.5000 9202.0479   19.2133
    7.5000  -37.5000  -37.5000 8666.8281   19.2087
   -7.5000  -30.0000  -37.5000 9740.8350   19.2772
    0.0000  -30.0000  -37.500010022.1582   19.2425
    7.5000  -30.0000  -37.5000 9426.8369   19.2382
   -7.5000  -22.5000  -37.500010474.5186   19.2663
    0.0000  -22.5000  -37.500010743.6875   19.2385
    7.5000  -22.5000  -37.500010096.0039   19.2343
   -7.5000  -15.0000  -37.500011086.5576   19.2332
    0.0000  -15.0000  -37.500011367.3018   19.2153
    7.5000  -15.0000  -37.500010665.9404   19.2115
   -7.5000   -7.5000  -37.500011626.5088   19.2031
    0.0000   -7.5000  -37.500011928.0371   19.1882
    7.5000   -7.5000  -37.500011200.8701   19.1854
   -7.5000    0.0000  -37.500012106.9922   19.2048
    0.0000    0.0000  -37.500012405.6006   19.1823
    7.5000    0.0000  -37.500011655.0645   19.1787
   -7.5000    7.5000  -37.500011724.7070   19.2457
    0.0000    7.5000  -37.500012054.0156   19.2133
    7.5000    7.5000  -37.500011295.8467   19.2087
   -7.5000   15.0000  -37.500011248.2607   19.2772
    0.0000   15.0000  -37.500011588.0684   19.2425
    7.5000   15.0000  -37.500010841.7217   19.2382
   -7.5000   22.5000  -37.500010604.5859   19.2636
    0.0000   22.5000  -37.500010913.6738   19.2359
    7.5000   22.5000  -37.500010211.8896   19.2316
   -7.5000   30.0000  -37.5000 9676.7900   18.9769
    0.0000   30.0000  -37.5000 9979.9219   18.9592
    7.5000   30.0000  -37.5000 9338.3418   18.9555
   -7.5000   37.5000  -37.5000 9112.7568   18.9472
    0.0000   37.5000  -37.5000 9426.2275   18.9325
    7.5000   37.5000  -37.5000 8805.1621   18.9297
   -7.5000   45.0000  -37.5000 8204.5156   18.4677
    0.0000   45.0000  -37.5000 8492.6172   18.4461
    7.5000   45.0000  -37.5000 7941.2256   18.4427
   -7.5000  -45.0000  -30.0000 9157.8037   20.0564
    0.0000  -45.0000  -30.0000 9432.9795   20.0189
    7.5000  -45.0000  -30.0000 8896.0635   20.0049
   -7.5000  -37.5000  -30.0000 9743.1641   20.0941
    0.0000  -37.5000  -30.000010021.6074   20.0509
    7.5000  -37.5000  -30.0000 9429.9629   20.0361
   -7.5000  -30.0000  -30.000010595.5781   20.1231
    0.0000  -30.0000  -30.000010891.3633   20.0808
    7.5000  -30.0000  -30.000010229.6436   20.0659
   -7.5000  -22.5000  -30.000011359.5430   20.1151
    0.0000  -22.5000  -30.000011646.1650   20.0789
    7.5000  -22.5000  -30.000010931.7617   20.0629
   -7.5000  -15.0000  -30.000012020.3408   20.0859
    0.0000  -15.0000  -30.000012298.1084   20.0553
    7.5000  -15.0000  -30.000011519.1445   20.0392
   -7.5000   -7.5000  -30.000012600.2803   20.0562
    0.0000   -7.5000  -30.000012903.4355   20.0252
    7.5000   -7.5000  -30.000012074.1475   20.0108
   -7.5000    0.0000  -30.000013104.2842   20.0564
    0.0000    0.0000  -30.000013411.4980   20.0189
    7.5000    0.0000  -30.000012554.5137   20.0049
   -7.5000    7.5000  -30.000012670.8623   20.0941
    0.0000    7.5000  -30.000012967.7373   20.0509
    7.5000    7.5000  -30.000012141.9492   20.0361
   -7.5000   15.0000  -30.000012126.0811   20.1231
    0.0000   15.0000  -30.000012435.2549   20.0808
    7.5000   15.0000  -30.000011636.2988   20.0659
   -7.5000   22.5000  -30.000011412.8428   20.1102
    0.0000   22.5000  -30.000011702.4473   20.0741
    7.5000   22.5000  -30.000010911.4414   20.0581
   -7.5000   30.0000  -30.000010405.5410   19.8202
    0.0000   30.0000  -30.000010680.4473   19.7899
    7.5000   30.0000  -30.0000 9979.4258   19.7741
   -7.5000   37.5000  -30.0000 9773.1396   19.7908
    0.0000   37.5000  -30.000010072.8379   19.7602
    7.5000   37.5000  -30.0000 9403.2881   19.7461
   -7.5000   45.0000  -30.0000 8763.1816   19.3008
    0.0000   45.0000  -30.0000 9053.5752   19.2648
    7.5000   45.0000  -30.0000 8453.4180   19.2513
   -7.5000  -45.0000  -22.5000 9952.5703   20.7486
    0.0000  -45.0000  -22.500010235.7217   20.6963
    7.5000  -45.0000  -22.5000 9598.7109   20.6691
   -7.5000  -37.5000  -22.500010560.8281   20.7874
    0.0000  -37.5000  -22.500010840.3555   20.7412
    7.5000  -37.5000  -22.500010163.0176   20.7186
   -7.5000  -30.0000  -22.500011418.9268   20.8224
    0.0000  -30.0000  -22.500011738.9912   20.7859
    7.5000  -30.0000  -22.500011008.4268   20.7659
   -7.5000  -22.5000  -22.500012212.6787   20.8207
    0.0000  -22.5000  -22.500012513.3496   20.7865
    7.5000  -22.5000  -22.500011742.6357   20.7633
   -7.5000  -15.0000  -22.500012916.0293   20.7902
    0.0000  -15.0000  -22.500013202.0352   20.7499
    7.5000  -15.0000  -22.500012353.9023   20.7221
   -7.5000   -7.5000  -22.500013581.1504   20.7531
    0.0000   -7.5000  -22.500013886.7383   20.7042
    7.5000   -7.5000  -22.500012957.3008   20.6751
   -7.5000    0.0000  -22.500014135.5469   20.7486
    0.0000    0.0000  -22.500014434.7578   20.6963
    7.5000    0.0000  -22.500013480.8623   20.6691
   -7.5000    7.5000  -22.500013595.3115   20.7874
    0.0000    7.5000  -22.500013887.9434   20.7412
    7.5000    7.5000  -22.500012983.7080   20.7186
   -7.5000   15.0000  -22.500012966.5430   20.8224
    0.0000   15.0000  -22.500013250.7227   20.7859
    7.5000   15.0000  -22.500012370.6221   20.7659
   -7.5000   22.5000  -22.500012194.1709   20.8142
    0.0000   22.5000  -22.500012465.4814   20.7801
    7.5000   22.5000  -22.500011619.5537   20.7569
   -7.5000   30.0000  -22.500011123.3008   20.5183
    0.0000   30.0000  -22.500011385.2266   20.4784
    7.5000   30.0000  -22.500010609.6104   20.4511
   -7.5000   37.5000  -22.500010417.0518   20.4816
    0.0000   37.5000  -22.500010694.9111   20.4333
    7.5000   37.5000  -22.5000 9992.7764   20.4046
   -7.5000   45.0000  -22.5000 9298.7627   19.9819
    0.0000   45.0000  -22.5000 9595.1533   19.9316
    7.5000   45.0000  -22.5000 8973.3184   19.9054
   -7.5000  -45.0000  -15.000010717.7373   21.2113
    0.0000  -45.0000  -15.000011015.2129   21.1578
    7.5000  -45.0000  -15.000010302.2656   21.1270
   -7.5000  -37.5000  -15.000011346.0869   21.2568
    0.0000  -37.5000  -15.000011642.4512   21.2162
    7.5000  -37.5000  -15.000010900.0742   21.1941
   -7.5000  -30.0000  -15.000012221.7705   21.3024
    0.0000  -30.0000  -15.000012542.7197   21.2765
    7.5000  -30.0000  -15.000011776.0947   21.2596
   -7.5000  -22.5000  -15.000013026.1621   21.3043
    0.0000  -22.5000  -15.000013323.9961   21.2785
    7.5000  -22.5000  -15.000012524.3125   21.2573
   -7.5000  -15.0000  -15.000013731.9795   21.2668
    0.0000  -15.0000  -15.000014031.6787   21.2282
    7.5000  -15.0000  -15.000013182.8604   21.1995
   -7.5000   -7.5000  -15.000014492.4697   21.2195
    0.0000   -7.5000  -15.000014792.2871   21.1677
    7.5000   -7.5000  -15.000013835.4316   21.1348
   -7.5000    0.0000  -15.000015057.3262   21.2113
    0.0000    0.0000  -15.000015370.0059   21.1578
    7.5000    0.0000  -15.000014365.3105   21.1270
   -7.5000    7.5000  -15.000014501.3447   21.2568
    0.0000    7.5000  -15.000014776.9883   21.2162
    7.5000    7.5000  -15.000013814.0010   21.1941
   -7.5000   15.0000  -15.000013814.5645   21.3024
    0.0000   15.0000  -15.000014061.7881   21.2765
    7.5000   15.0000  -15.000013113.4531   21.2596
   -7.5000   22.5000  -15.000012939.6426   21.2967
    0.0000   22.5000  -15.000013172.8447   21.2710
    7.5000   22.5000  -15.000012282.7197   21.2497
   -7.5000   30.0000  -15.000011832.4590   20.9915
    0.0000   30.0000  -15.000012075.4600   20.9535
    7.5000   30.0000  -15.000011252.8828   20.9251
   -7.5000   37.5000  -15.000011044.2783   20.9448
    0.0000   37.5000  -15.000011308.8672   20.8938
    7.5000   37.5000  -15.000010562.3281   20.8612
   -7.5000   45.0000  -15.0000 9827.0996   20.4399
    0.0000   45.0000  -15.000010097.8789   20.3883
    7.5000   45.0000  -15.0000 9462.6426   20.3586
   -7.5000  -45.0000   -7.500011463.8408   21.4164
    0.0000  -45.0000   -7.500011790.6338   21.3796
    7.5000  -45.0000   -7.500011011.4053   21.3608
   -7.5000  -37.5000   -7.500012104.5059   21.4687
    0.0000  -37.5000   -7.500012443.1348   21.4393
    7.5000  -37.5000   -7.500011629.1689   21.4272
   -7.5000  -30.0000   -7.500013050.2197   21.5191
    0.0000  -30.0000   -7.500013396.6289   21.5000
    7.5000  -30.0000   -7.500012558.8027   21.4935
   -7.5000  -22.5000   -7.500013875.5215   21.5165
    0.0000  -22.5000   -7.500014188.7412   21.4989
    7.5000  -22.5000   -7.500013361.4150   21.4900
   -7.5000  -15.0000   -7.500014551.9658   21.4719
    0.0000  -15.0000   -7.500014890.5127   21.4475
    7.5000  -15.0000   -7.500014049.8271   21.4330
   -7.5000   -7.5000   -7.500015326.5449   21.4222
    0.0000   -7.5000   -7.500015645.8066   21.3888
    7.5000   -7.5000   -7.500014701.8447   21.3699
   -7.5000    0.0000   -7.500015924.2412   21.4164
    0.0000    0.0000   -7.500016255.2139   21.3796
    7.5000    0.0000   -7.500015246.8574   21.3608
   -7.5000    7.5000   -7.500015366.4863   21.4687
    0.0000    7.5000   -7.500015653.4023   21.4393
    7.5000    7.5000   -7.500014681.0605   21.4272
   -7.5000   15.0000   -7.500014606.1113   21.5191
    0.0000   15.0000   -7.500014851.9277   21.5000
    7.5000   15.0000   -7.500013906.5166   21.4935
   -7.5000   22.5000   -7.500013639.4307   21.5065
    0.0000   22.5000   -7.500013865.2236   21.4889
    7.5000   22.5000   -7.500012954.6973   21.4801
   -7.5000   30.0000   -7.500012493.1406   21.1935
    0.0000   30.0000   -7.500012734.4492   21.1693
    7.5000   30.0000   -7.500011897.6436   21.1551
   -7.5000   37.5000   -7.500011658.0098   21.1444
    0.0000   37.5000   -7.500011927.5742   21.1114
    7.5000   37.5000   -7.500011179.3174   21.0928
   -7.5000   45.0000   -7.500010362.5000   20.6413
    0.0000   45.0000   -7.500010637.7109   20.6059
    7.5000   45.0000   -7.5000 9985.3779   20.5878
   -7.5000  -45.0000    0.000012091.6533   21.4493
    0.0000  -45.0000    0.000012451.4443   21.4275
    7.5000  -45.0000    0.000011643.1689   21.4227
   -7.5000  -37.5000    0.000012750.9756   21.5013
    0.0000  -37.5000    0.000013120.2451   21.4752
    7.5000  -37.5000    0.000012266.5332   21.4727
   -7.5000  -30.0000    0.000013876.3047   21.5459
    0.0000  -30.0000    0.000014174.3311   21.5217
    7.5000  -30.0000    0.000013255.3135   21.5227
   -7.5000  -22.5000    0.000014719.7002   21.5360
    0.0000  -22.5000    0.000015097.5742   21.5168
    7.5000  -22.5000    0.000014182.6133   21.5178
   -7.5000  -15.0000    0.000015273.0381   21.4920
    0.0000  -15.0000    0.000015742.4287   21.4775
    7.5000  -15.0000    0.000014898.7119   21.4764
   -7.5000   -7.5000    0.000016030.1328   21.4498
    0.0000   -7.5000    0.000016452.8613   21.4346
    7.5000   -7.5000    0.000015551.1611   21.4312
   -7.5000    0.0000    0.000016698.6641   21.4493
    0.0000    0.0000    0.000017071.0605   21.4275
    7.5000    0.0000    0.000016080.7256   21.4227
   -7.5000    7.5000    0.000016086.2236   21.5013
    0.0000    7.5000    0.000016432.9902   21.4752
    7.5000    7.5000    0.000015510.2354   21.4727
   -7.5000   15.0000    0.000015254.0781   21.5459
    0.0000   15.0000    0.000015566.5439   21.5217
    7.5000   15.0000    0.000014674.2900   21.5227
   -7.5000   22.5000    0.000014219.9990   21.5261
    0.0000   22.5000    0.000014516.9951   21.5069
    7.5000   22.5000    0.000013641.1943   21.5079
   -7.5000   30.0000    0.000013067.3311   21.2139
    0.0000   30.0000    0.000013346.2627   21.1995
    7.5000   30.0000    0.000012505.3975   21.1985
   -7.5000   37.5000    0.000012227.9629   21.1722
    0.0000   37.5000    0.000012499.9707   21.1572
    7.5000   37.5000    0.000011740.6387   21.1539
   -7.5000   45.0000    0.000010866.6113   20.6746
    0.0000   45.0000    0.000011154.2031   20.6536
    7.5000   45.0000    0.000010462.5654   20.6490
   -7.5000  -45.0000    7.500011683.0459   21.4907
    0.0000  -45.0000    7.500012059.0049   21.4655
    7.5000  -45.0000    7.500011345.1113   21.4615
   -7.5000  -37.5000    7.500012355.6279   21.5365
    0.0000  -37.5000    7.500012705.8857   21.5002
    7.5000  -37.5000    7.500011935.0039   21.4950
   -7.5000  -30.0000    7.500013453.0303   21.5717
    0.0000  -30.0000    7.500013811.4717   21.5329
    7.5000  -30.0000    7.500012862.4844   21.5281
   -7.5000  -22.5000    7.500014120.4834   21.5595
    0.0000  -22.5000    7.500014698.2617   21.5284
    7.5000  -22.5000    7.500013844.9551   21.5237
   -7.5000  -15.0000    7.500014592.6426   21.5225
    0.0000  -15.0000    7.500015240.8613   21.5024
    7.5000  -15.0000    7.500014619.4531   21.4982
   -7.5000   -7.5000    7.500015353.8203   21.4888
    0.0000   -7.5000    7.500015911.7031   21.4721
    7.5000   -7.5000    7.500015194.0654   21.4689
   -7.5000    0.0000    7.500016025.7881   21.4907
    0.0000    0.0000    7.500016522.2637   21.4655
    7.5000    0.0000    7.500015722.1973   21.4615
   -7.5000    7.5000    7.500015453.5293   21.5365
    0.0000    7.5000    7.500015947.2432   21.5002
    7.5000    7.5000    7.500015151.4639   21.4950
   -7.5000   15.0000    7.500014683.5811   21.5717
    0.0000   15.0000    7.500015101.5488   21.5329
    7.5000   15.0000    7.500014290.8584   21.5281
   -7.5000   22.5000    7.500013699.0850   21.5495
    0.0000   22.5000    7.500014021.8545   21.5185
    7.5000   22.5000    7.500013222.2070   21.5137
   -7.5000   30.0000    7.500012609.6504   21.2440
    0.0000   30.0000    7.500012923.3965   21.2242
    7.5000   30.0000    7.500012136.7402   21.2200
   -7.5000   37.5000    7.500011830.2031   21.2107
    0.0000   37.5000    7.500012103.0332   21.1942
    7.5000   37.5000    7.500011382.2461   21.1911
   -7.5000   45.0000    7.500010495.3516   20.7145
    0.0000   45.0000    7.500010756.8203   20.6903
    7.5000   45.0000    7.500010117.2119   20.6864
   -7.5000  -45.0000   15.000011219.7061   21.5373
    0.0000  -45.0000   15.000011550.6172   21.4971
    7.5000  -45.0000   15.000010913.0430   21.4820
   -7.5000  -37.5000   15.000011865.8965   21.5777
    0.0000  -37.5000   15.000012200.9619   21.5313
    7.5000  -37.5000   15.000011481.5547   21.5155
   -7.5000  -30.0000   15.000012783.9580   21.6089
    0.0000  -30.0000   15.000013204.5820   21.5635
    7.5000  -30.0000   15.000012381.1006   21.5474
   -7.5000  -22.5000   15.000013379.7881   21.6003
    0.0000  -22.5000   15.000013959.4111   21.5614
    7.5000  -22.5000   15.000013297.1279   21.5443
   -7.5000  -15.0000   15.000013983.6924   21.5690
    0.0000  -15.0000   15.000014621.3018   21.5360
    7.5000  -15.0000   15.000014036.0645   21.5188
   -7.5000   -7.5000   15.000014832.5283   21.5371
    0.0000   -7.5000   15.000015392.3564   21.5038
    7.5000   -7.5000   15.000014649.6328   21.4884
   -7.5000    0.0000   15.000015486.0869   21.5373
    0.0000    0.0000   15.000016059.7842   21.4971
    7.5000    0.0000   15.000015187.9229   21.4820
   -7.5000    7.5000   15.000014951.9580   21.5777
    0.0000    7.5000   15.000015482.8203   21.5313
    7.5000    7.5000   15.000014624.8643   21.5155
   -7.5000   15.0000   15.000014141.8564   21.6089
    0.0000   15.0000   15.000014587.2432   21.5635
    7.5000   15.0000   15.000013767.4932   21.5474
   -7.5000   22.5000   15.000013135.1533   21.5903
    0.0000   22.5000   15.000013475.0293   21.5515
    7.5000   22.5000   15.000012680.1719   21.5343
   -7.5000   30.0000   15.000012053.0273   21.2898
    0.0000   30.0000   15.000012351.5576   21.2573
    7.5000   30.0000   15.000011625.7070   21.2403
   -7.5000   37.5000   15.000011271.6416   21.2583
    0.0000   37.5000   15.000011542.5732   21.2255
    7.5000   37.5000   15.000010898.2783   21.2103
   -7.5000   45.0000   15.0000 9993.2451   20.7595
    0.0000   45.0000   15.000010242.6738   20.7207
    7.5000   45.0000   15.0000 9664.0771   20.7062
   -7.5000  -45.0000   22.500010642.3652   21.5387
    0.0000  -45.0000   22.500010942.6982   21.4844
    7.5000  -45.0000   22.500010313.0000   21.4562
   -7.5000  -37.5000   22.500011239.0645   21.5790
    0.0000  -37.5000   22.500011564.3750   21.5311
    7.5000  -37.5000   22.500010874.1572   21.5076
   -7.5000  -30.0000   22.500012057.8223   21.6153
    0.0000  -30.0000   22.500012464.0928   21.5774
    7.5000  -30.0000   22.500011747.3896   21.5567
   -7.5000  -22.5000   22.500012673.8428   21.6135
    0.0000  -22.5000   22.500013160.6768   21.5781
    7.5000  -22.5000   22.500012574.5127   21.5540
   -7.5000  -15.0000   22.500013361.2334   21.5819
    0.0000  -15.0000   22.500013852.7236   21.5400
    7.5000  -15.0000   22.500013265.9482   21.5112
   -7.5000   -7.5000   22.500014166.5283   21.5433
    0.0000   -7.5000   22.500014645.1846   21.4926
    7.5000   -7.5000   22.500013882.5107   21.4624
   -7.5000    0.0000   22.500014842.4707   21.5387
    0.0000    0.0000   22.500015312.7344   21.4844
    7.5000    0.0000   22.500014419.9307   21.4562
   -7.5000    7.5000   22.500014307.5459   21.5790
    0.0000    7.5000   22.500014754.5771   21.5311
    7.5000    7.5000   22.500013896.4033   21.5076
   -7.5000   15.0000   22.500013489.0957   21.6153
    0.0000   15.0000   22.500013868.4805   21.5774
    7.5000   15.0000   22.500013080.7012   21.5567
   -7.5000   22.5000   22.500012426.6172   21.6035
    0.0000   22.5000   22.500012759.9385   21.5681
    7.5000   22.5000   22.500012030.4453   21.5441
   -7.5000   30.0000   22.500011350.2891   21.3026
    0.0000   30.0000   22.500011661.2168   21.2612
    7.5000   30.0000   22.500011034.8838   21.2328
   -7.5000   37.5000   22.500010579.7568   21.2645
    0.0000   37.5000   22.500010855.8174   21.2144
    7.5000   37.5000   22.500010297.8662   21.1846
   -7.5000   45.0000   22.5000 9356.3916   20.7608
    0.0000   45.0000   22.5000 9619.1426   20.7085
    7.5000   45.0000   22.5000 9121.8467   20.6813
   -7.5000  -45.0000   30.0000 9985.2852   21.5037
    0.0000  -45.0000   30.000010226.5146   21.4494
    7.5000  -45.0000   30.0000 9618.2168   21.4183
   -7.5000  -37.5000   30.000010503.2236   21.5499
    0.0000  -37.5000   30.000010785.9805   21.5087
    7.5000  -37.5000   30.000010151.9854   21.4862
   -7.5000  -30.0000   30.000011253.3223   21.5961
    0.0000  -30.0000   30.000011607.4072   21.5698
    7.5000  -30.0000   30.000010960.0547   21.5527
   -7.5000  -22.5000   30.000011916.9619   21.5980
    0.0000  -22.5000   30.000012293.9424   21.5718
    7.5000  -22.5000   30.000011699.8193   21.5503
   -7.5000  -15.0000   30.000012566.6758   21.5600
    0.0000  -15.0000   30.000012955.0752   21.5209
    7.5000  -15.0000   30.000012342.6846   21.4918
   -7.5000   -7.5000   30.000013212.1533   21.5120
    0.0000   -7.5000   30.000013640.6211   21.4596
    7.5000   -7.5000   30.000012931.3789   21.4262
   -7.5000    0.0000   30.000013797.6904   21.5037
    0.0000    0.0000   30.000014234.8184   21.4494
    7.5000    0.0000   30.000013431.7373   21.4183
   -7.5000    7.5000   30.000013330.6582   21.5499
    0.0000    7.5000   30.000013746.8564   21.5087
    7.5000    7.5000   30.000012973.1582   21.4862
   -7.5000   15.0000   30.000012569.0020   21.5961
    0.0000   15.0000   30.000012967.7539   21.5698
    7.5000   15.0000   30.000012225.9814   21.5527
   -7.5000   22.5000   30.000011564.2744   21.5881
    0.0000   22.5000   30.000011909.3701   21.5619
    7.5000   22.5000   30.000011232.3936   21.5404
   -7.5000   30.0000   30.000010553.8721   21.2809
    0.0000   30.0000   30.000010827.8330   21.2424
    7.5000   30.0000   30.000010259.0332   21.2136
   -7.5000   37.5000   30.0000 9837.0459   21.2336
    0.0000   37.5000   30.000010062.2520   21.1818
    7.5000   37.5000   30.0000 9547.3164   21.1489
   -7.5000   45.0000   30.0000 8683.7920   20.7271
    0.0000   45.0000   30.0000 8913.0381   20.6748
    7.5000   45.0000   30.0000 8461.3994   20.6448
   -7.5000  -45.0000   37.5000 9614.7041   21.6043
    0.0000  -45.0000   37.5000 9876.3701   21.5666
    7.5000  -45.0000   37.5000 9291.5869   21.5470
   -7.5000  -37.5000   37.500010099.2881   21.6572
    0.0000  -37.5000   37.500010380.7422   21.6270
    7.5000  -37.5000   37.5000 9771.9287   21.6144
   -7.5000  -30.0000   37.500010837.9805   21.7084
    0.0000  -30.0000   37.500011167.5664   21.6887
    7.5000  -30.0000   37.500010538.0830   21.6816
   -7.5000  -22.5000   37.500011488.4609   21.7060
    0.0000  -22.5000   37.500011854.5342   21.6879
    7.5000  -22.5000   37.500011248.2207   21.6784
   -7.5000  -15.0000   37.500012086.1572   21.6611
    0.0000  -15.0000   37.500012478.2129   21.6359
    7.5000  -15.0000   37.500011870.1670   21.6207
   -7.5000   -7.5000   37.500012670.7285   21.6105
    0.0000   -7.5000   37.500013100.8086   21.5763
    7.5000   -7.5000   37.500012420.3770   21.5565
   -7.5000    0.0000   37.500013184.3545   21.6043
    0.0000    0.0000   37.500013622.8789   21.5666
    7.5000    0.0000   37.500012887.1904   21.5470
   -7.5000    7.5000   37.500012766.9561   21.6572
    0.0000    7.5000   37.500013171.5801   21.6270
    7.5000    7.5000   37.500012463.9971   21.6144
   -7.5000   15.0000   37.500012070.3691   21.7084
    0.0000   15.0000   37.500012460.2100   21.6887
    7.5000   15.0000   37.500011788.8477   21.6816
   -7.5000   22.5000   37.500011130.0010   21.6960
    0.0000   22.5000   37.500011451.8281   21.6779
    7.5000   22.5000   37.500010841.2295   21.6684
   -7.5000   30.0000   37.500010140.4082   21.3808
    0.0000   30.0000   37.500010403.0850   21.3559
    7.5000   30.0000   37.5000 9866.5615   21.3409
   -7.5000   37.5000   37.5000 9462.1367   21.3309
    0.0000   37.5000   37.5000 9692.4824   21.2971
    7.5000   37.5000   37.5000 9181.7949   21.2776
   -7.5000   45.0000   37.5000 8356.6689   20.8241
    0.0000   45.0000   37.5000 8564.1846   20.7877
    7.5000   45.0000   37.5000 8118.1670   20.7689
   -7.5000  -45.0000   45.0000 8832.1943   21.7665
    0.0000  -45.0000   45.0000 9087.1904   21.7415
    7.5000  -45.0000   45.0000 8536.6279   21.7347
   -7.5000  -37.5000   45.0000 9244.8252   21.8212
    0.0000  -37.5000   45.0000 9511.5166   21.7916
    7.5000  -37.5000   45.0000 8976.9248   21.7871
   -7.5000  -30.0000   45.0000 9921.6768   21.8685
    0.0000  -30.0000   45.000010211.8066   21.8409
    7.5000  -30.0000   45.0000 9668.3086   21.8400
   -7.5000  -22.5000   45.000010544.5645   21.8586
    0.0000  -22.5000   45.000010857.9775   21.8363
    7.5000  -22.5000   45.000010309.7520   21.8354
   -7.5000  -15.0000   45.000011089.9072   21.8124
    0.0000  -15.0000   45.000011424.1221   21.7948
    7.5000  -15.0000   45.000010870.0498   21.7919
   -7.5000   -7.5000   45.000011571.8027   21.7675
    0.0000   -7.5000   45.000011956.8906   21.7492
    7.5000   -7.5000   45.000011362.1416   21.7440
   -7.5000    0.0000   45.000012057.8594   21.7665
    0.0000    0.0000   45.000012452.5303   21.7415
    7.5000    0.0000   45.000011811.6084   21.7347
   -7.5000    7.5000   45.000011706.6494   21.8212
    0.0000    7.5000   45.000012067.2773   21.7916
    7.5000    7.5000   45.000011427.0312   21.7871
   -7.5000   15.0000   45.000011067.5918   21.8685
    0.0000   15.0000   45.000011423.2383   21.8409
    7.5000   15.0000   45.000010825.7861   21.8400
   -7.5000   22.5000   45.000010199.9990   21.8485
    0.0000   22.5000   45.000010504.9473   21.8262
    7.5000   22.5000   45.0000 9946.1270   21.8253
   -7.5000   30.0000   45.0000 9298.8467   21.5282
    0.0000   30.0000   45.0000 9580.7695   21.5109
    7.5000   30.0000   45.0000 9069.5928   21.5080
   -7.5000   37.5000   45.0000 8674.2236   21.4839
    0.0000   37.5000   45.0000 8923.1094   21.4659
    7.5000   37.5000   45.0000 8459.6641   21.4607
   -7.5000   45.0000   45.0000 7672.7305   20.9899
    0.0000   45.0000   45.0000 7888.0791   20.9658
    7.5000   45.0000   45.0000 7472.9326   20.9592

---------------------------------------------------------------------
imgreg_4dfp /opt/freesurfer/average/711-2C_as_mni_average_305 /opt/freesurfer/average/711-2B_as_mni_average_305_mask talsrcimg_g11 none talsrcimg_to_711-2C_as_mni_average_305_t4 4355
---------------------------------------------------------------------

freesurfer imgreg_4dfp.c
/opt/freesurfer/average/711-2C_as_mni_average_305.4dfp.img
       256       256       256         1
  1.000000  1.000000  1.000000
orientation T byte_order littleendian
Reading image: /opt/freesurfer/average/711-2C_as_mni_average_305.4dfp.img
dimensions:      256       256       256
mmppix:       1.0000   -1.0000   -1.0000
center:     128.0000 -129.0000 -129.0000
/opt/freesurfer/average/711-2B_as_mni_average_305_mask.4dfp.img
       256       256       256         1
  1.000000  1.000000  1.000000
orientation T byte_order littleendian
Reading mask: /opt/freesurfer/average/711-2B_as_mni_average_305_mask.4dfp.img (2306576 pixels)
talsrcimg_g11.4dfp.img
       256       256       256         1
  1.000000  1.000000  1.000000
orientation T byte_order littleendian
Reading image: talsrcimg_g11.4dfp.img
dimensions:      256       256       256
mmppix:       1.0000   -1.0000   -1.0000
center:     128.0000 -129.0000 -129.0000
rotation matrix determinant  1.000000
image alignment mode   4355 decimal     1103 hex
   -7.5000  -45.0000  -45.0000 2043.4941   20.8690
    0.0000  -45.0000  -45.0000 2031.3474   21.0167
    7.5000  -45.0000  -45.0000 2001.2493   21.4535
   -7.5000  -37.5000  -45.0000 2135.2898   19.3191
    0.0000  -37.5000  -45.0000 2122.9141   19.4593
    7.5000  -37.5000  -45.0000 2089.0901   19.8052
   -7.5000  -30.0000  -45.0000 2197.7788   18.1735
    0.0000  -30.0000  -45.0000 2188.2913   18.2951
    7.5000  -30.0000  -45.0000 2156.1807   18.6473
   -7.5000  -22.5000  -45.0000 2233.6504   17.3358
    0.0000  -22.5000  -45.0000 2226.4412   17.4946
    7.5000  -22.5000  -45.0000 2194.2300   17.8213
   -7.5000  -15.0000  -45.0000 2263.3318   16.8160
    0.0000  -15.0000  -45.0000 2252.0945   16.9647
    7.5000  -15.0000  -45.0000 2223.8826   17.3166
   -7.5000   -7.5000  -45.0000 2268.5081   16.6768
    0.0000   -7.5000  -45.0000 2256.8748   16.8598
    7.5000   -7.5000  -45.0000 2228.2827   17.2065
   -7.5000    0.0000  -45.0000 2255.3926   17.0232
    0.0000    0.0000  -45.0000 2239.5757   17.2279
    7.5000    0.0000  -45.0000 2201.5596   17.6217
   -7.5000    7.5000  -45.0000 2215.9072   17.6946
    0.0000    7.5000  -45.0000 2197.5247   17.9589
    7.5000    7.5000  -45.0000 2158.6536   18.3738
   -7.5000   15.0000  -45.0000 2153.6658   18.6235
    0.0000   15.0000  -45.0000 2140.2644   18.9726
    7.5000   15.0000  -45.0000 2097.8745   19.4941
   -7.5000   22.5000  -45.0000 2068.9314   20.0914
    0.0000   22.5000  -45.0000 2055.0339   20.4408
    7.5000   22.5000  -45.0000 2018.8994   21.0239
   -7.5000   30.0000  -45.0000 1971.5847   22.1104
    0.0000   30.0000  -45.0000 1951.3060   22.4470
    7.5000   30.0000  -45.0000 1913.3887   23.0920
   -7.5000   37.5000  -45.0000 1856.0905   24.8704
    0.0000   37.5000  -45.0000 1839.7764   25.1407
    7.5000   37.5000  -45.0000 1800.7609   25.8879
   -7.5000   45.0000  -45.0000 1722.9629   28.5940
    0.0000   45.0000  -45.0000 1707.6753   28.8295
    7.5000   45.0000  -45.0000 1674.5555   29.7966
   -7.5000  -45.0000  -37.5000 2140.1521   19.2180
    0.0000  -45.0000  -37.5000 2127.1282   19.3922
    7.5000  -45.0000  -37.5000 2091.7769   19.7643
   -7.5000  -37.5000  -37.5000 2236.2800   17.7051
    0.0000  -37.5000  -37.5000 2223.0261   17.8560
    7.5000  -37.5000  -37.5000 2181.2026   18.1907
   -7.5000  -30.0000  -37.5000 2301.8582   16.6905
    0.0000  -30.0000  -37.5000 2289.4031   16.7972
    7.5000  -30.0000  -37.5000 2251.3333   17.1225
   -7.5000  -22.5000  -37.5000 2347.1904   15.9243
    0.0000  -22.5000  -37.5000 2333.5361   16.0157
    7.5000  -22.5000  -37.5000 2296.8962   16.3520
   -7.5000  -15.0000  -37.5000 2375.9009   15.4629
    0.0000  -15.0000  -37.5000 2358.7759   15.5974
    7.5000  -15.0000  -37.5000 2325.9771   15.9099
   -7.5000   -7.5000  -37.5000 2375.9036   15.4436
    0.0000   -7.5000  -37.5000 2363.4814   15.5796
    7.5000   -7.5000  -37.5000 2329.1582   15.8815
   -7.5000    0.0000  -37.5000 2357.0815   15.7523
    0.0000    0.0000  -37.5000 2339.6819   15.8878
    7.5000    0.0000  -37.5000 2299.7283   16.2436
   -7.5000    7.5000  -37.5000 2316.9343   16.3064
    0.0000    7.5000  -37.5000 2298.1658   16.5275
    7.5000    7.5000  -37.5000 2254.7966   16.9211
   -7.5000   15.0000  -37.5000 2254.4639   17.1909
    0.0000   15.0000  -37.5000 2235.9780   17.4894
    7.5000   15.0000  -37.5000 2191.6887   17.9365
   -7.5000   22.5000  -37.5000 2164.1675   18.5501
    0.0000   22.5000  -37.5000 2146.2874   18.8810
    7.5000   22.5000  -37.5000 2104.5427   19.3653
   -7.5000   30.0000  -37.5000 2052.1448   20.4303
    0.0000   30.0000  -37.5000 2030.6617   20.7458
    7.5000   30.0000  -37.5000 1997.4216   21.2699
   -7.5000   37.5000  -37.5000 1928.0018   22.9528
    0.0000   37.5000  -37.5000 1909.5026   23.2634
    7.5000   37.5000  -37.5000 1871.7518   23.8874
   -7.5000   45.0000  -37.5000 1788.9841   26.3642
    0.0000   45.0000  -37.5000 1769.3439   26.6428
    7.5000   45.0000  -37.5000 1735.7745   27.4414
   -7.5000  -45.0000  -30.0000 2264.3762   18.4025
    0.0000  -45.0000  -30.0000 2252.1335   18.5499
    7.5000  -45.0000  -30.0000 2218.3474   18.8999
   -7.5000  -37.5000  -30.0000 2369.2852   16.8851
    0.0000  -37.5000  -30.0000 2355.2339   17.0069
    7.5000  -37.5000  -30.0000 2316.6243   17.3323
   -7.5000  -30.0000  -30.0000 2444.2405   15.8659
    0.0000  -30.0000  -30.0000 2426.8230   15.9527
    7.5000  -30.0000  -30.0000 2389.4106   16.2509
   -7.5000  -22.5000  -30.0000 2493.6421   15.1747
    0.0000  -22.5000  -30.0000 2477.1277   15.2261
    7.5000  -22.5000  -30.0000 2435.8953   15.5392
   -7.5000  -15.0000  -30.0000 2529.1724   14.7343
    0.0000  -15.0000  -30.0000 2507.9761   14.8312
    7.5000  -15.0000  -30.0000 2469.0718   15.1735
   -7.5000   -7.5000  -30.0000 2537.0879   14.7148
    0.0000   -7.5000  -30.0000 2516.4233   14.8240
    7.5000   -7.5000  -30.0000 2476.1821   15.1608
   -7.5000    0.0000  -30.0000 2511.1414   15.0531
    0.0000    0.0000  -30.0000 2490.2180   15.1574
    7.5000    0.0000  -30.0000 2443.1519   15.5224
   -7.5000    7.5000  -30.0000 2468.1145   15.6421
    0.0000    7.5000  -30.0000 2446.3806   15.8027
    7.5000    7.5000  -30.0000 2396.5735   16.1986
   -7.5000   15.0000  -30.0000 2396.2478   16.5530
    0.0000   15.0000  -30.0000 2374.3513   16.7761
    7.5000   15.0000  -30.0000 2327.3813   17.1900
   -7.5000   22.5000  -30.0000 2298.1377   17.8322
    0.0000   22.5000  -30.0000 2276.3369   18.0999
    7.5000   22.5000  -30.0000 2226.8555   18.5139
   -7.5000   30.0000  -30.0000 2172.3796   19.6252
    0.0000   30.0000  -30.0000 2151.5161   19.9026
    7.5000   30.0000  -30.0000 2106.6389   20.3429
   -7.5000   37.5000  -30.0000 2036.6707   21.9993
    0.0000   37.5000  -30.0000 2013.7319   22.3323
    7.5000   37.5000  -30.0000 1975.2987   22.8447
   -7.5000   45.0000  -30.0000 1887.5509   25.1674
    0.0000   45.0000  -30.0000 1863.6842   25.4632
    7.5000   45.0000  -30.0000 1829.8458   26.1484
   -7.5000  -45.0000  -22.5000 2356.9370   17.4465
    0.0000  -45.0000  -22.5000 2343.0237   17.5349
    7.5000  -45.0000  -22.5000 2303.3228   17.9144
   -7.5000  -37.5000  -22.5000 2470.6355   15.9734
    0.0000  -37.5000  -22.5000 2453.3435   16.0483
    7.5000  -37.5000  -22.5000 2413.3584   16.3899
   -7.5000  -30.0000  -22.5000 2552.0610   14.9347
    0.0000  -30.0000  -22.5000 2533.6643   15.0320
    7.5000  -30.0000  -22.5000 2494.6179   15.3441
   -7.5000  -22.5000  -22.5000 2607.9495   14.2686
    0.0000  -22.5000  -22.5000 2588.3203   14.3357
    7.5000  -22.5000  -22.5000 2549.2827   14.6697
   -7.5000  -15.0000  -22.5000 2655.8330   13.8734
    0.0000  -15.0000  -22.5000 2630.0439   13.9293
    7.5000  -15.0000  -22.5000 2586.6172   14.3178
   -7.5000   -7.5000  -22.5000 2673.7310   13.8758
    0.0000   -7.5000  -22.5000 2647.5938   13.9461
    7.5000   -7.5000  -22.5000 2599.2974   14.3164
   -7.5000    0.0000  -22.5000 2651.5940   14.2420
    0.0000    0.0000  -22.5000 2623.1702   14.3118
    7.5000    0.0000  -22.5000 2570.2651   14.6943
   -7.5000    7.5000  -22.5000 2598.5286   14.8639
    0.0000    7.5000  -22.5000 2572.6438   14.9611
    7.5000    7.5000  -22.5000 2515.6130   15.3581
   -7.5000   15.0000  -22.5000 2513.8186   15.7575
    0.0000   15.0000  -22.5000 2489.8142   15.9247
    7.5000   15.0000  -22.5000 2434.1638   16.3022
   -7.5000   22.5000  -22.5000 2405.8027   16.9945
    0.0000   22.5000  -22.5000 2383.0552   17.1957
    7.5000   22.5000  -22.5000 2328.6775   17.6318
   -7.5000   30.0000  -22.5000 2270.0354   18.6893
    0.0000   30.0000  -22.5000 2251.4355   18.9765
    7.5000   30.0000  -22.5000 2198.5642   19.3854
   -7.5000   37.5000  -22.5000 2116.3418   20.9252
    0.0000   37.5000  -22.5000 2101.1511   21.2742
    7.5000   37.5000  -22.5000 2057.5432   21.6913
   -7.5000   45.0000  -22.5000 1957.0067   23.9194
    0.0000   45.0000  -22.5000 1943.8367   24.2167
    7.5000   45.0000  -22.5000 1906.8153   24.7822
   -7.5000  -45.0000  -15.0000 2419.2158   16.5431
    0.0000  -45.0000  -15.0000 2403.9917   16.6090
    7.5000  -45.0000  -15.0000 2362.7993   17.0666
   -7.5000  -37.5000  -15.0000 2537.7947   15.1173
    0.0000  -37.5000  -15.0000 2522.0923   15.1624
    7.5000  -37.5000  -15.0000 2478.2832   15.5805
   -7.5000  -30.0000  -15.0000 2629.4607   14.0448
    0.0000  -30.0000  -15.0000 2614.0469   14.1318
    7.5000  -30.0000  -15.0000 2571.1494   14.5435
   -7.5000  -22.5000  -15.0000 2697.2986   13.3779
    0.0000  -22.5000  -15.0000 2672.4534   13.4534
    7.5000  -22.5000  -15.0000 2631.1353   13.8797
   -7.5000  -15.0000  -15.0000 2752.3098   13.0339
    0.0000  -15.0000  -15.0000 2724.7830   13.0965
    7.5000  -15.0000  -15.0000 2677.7947   13.5376
   -7.5000   -7.5000  -15.0000 2782.4578   13.0630
    0.0000   -7.5000  -15.0000 2755.4321   13.1087
    7.5000   -7.5000  -15.0000 2698.9680   13.5047
   -7.5000    0.0000  -15.0000 2760.3455   13.4482
    0.0000    0.0000  -15.0000 2730.0298   13.4953
    7.5000    0.0000  -15.0000 2671.8306   13.8790
   -7.5000    7.5000  -15.0000 2700.7935   14.1100
    0.0000    7.5000  -15.0000 2669.1716   14.1819
    7.5000    7.5000  -15.0000 2605.1514   14.5708
   -7.5000   15.0000  -15.0000 2608.7881   14.9996
    0.0000   15.0000  -15.0000 2579.7034   15.0976
    7.5000   15.0000  -15.0000 2519.1968   15.5078
   -7.5000   22.5000  -15.0000 2483.5015   16.1691
    0.0000   22.5000  -15.0000 2457.8337   16.3232
    7.5000   22.5000  -15.0000 2401.4719   16.7721
   -7.5000   30.0000  -15.0000 2338.2339   17.8310
    0.0000   30.0000  -15.0000 2317.7258   18.0259
    7.5000   30.0000  -15.0000 2266.0527   18.4699
   -7.5000   37.5000  -15.0000 2172.9053   20.0004
    0.0000   37.5000  -15.0000 2160.6228   20.2047
    7.5000   37.5000  -15.0000 2114.4976   20.6656
   -7.5000   45.0000  -15.0000 2009.3145   22.7467
    0.0000   45.0000  -15.0000 1993.9976   23.0487
    7.5000   45.0000  -15.0000 1956.5222   23.5299
   -7.5000  -45.0000   -7.5000 2460.0381   15.7471
    0.0000  -45.0000   -7.5000 2447.5315   15.8374
    7.5000  -45.0000   -7.5000 2404.1697   16.3471
   -7.5000  -37.5000   -7.5000 2583.7817   14.3383
    0.0000  -37.5000   -7.5000 2568.6436   14.4406
    7.5000  -37.5000   -7.5000 2523.1060   14.9310
   -7.5000  -30.0000   -7.5000 2693.5569   13.3093
    0.0000  -30.0000   -7.5000 2675.8425   13.3973
    7.5000  -30.0000   -7.5000 2623.8801   13.9003
   -7.5000  -22.5000   -7.5000 2783.4678   12.5976
    0.0000  -22.5000   -7.5000 2753.1660   12.6948
    7.5000  -22.5000   -7.5000 2696.1318   13.2358
   -7.5000  -15.0000   -7.5000 2842.7004   12.2532
    0.0000  -15.0000   -7.5000 2814.5500   12.3491
    7.5000  -15.0000   -7.5000 2752.0728   12.8789
   -7.5000   -7.5000   -7.5000 2875.3679   12.3302
    0.0000   -7.5000   -7.5000 2843.8169   12.3809
    7.5000   -7.5000   -7.5000 2774.3198   12.8138
   -7.5000    0.0000   -7.5000 2846.6980   12.7060
    0.0000    0.0000   -7.5000 2816.6064   12.7549
    7.5000    0.0000   -7.5000 2749.8159   13.1577
   -7.5000    7.5000   -7.5000 2778.8835   13.3495
    0.0000    7.5000   -7.5000 2747.3860   13.4125
    7.5000    7.5000   -7.5000 2684.2046   13.8457
   -7.5000   15.0000   -7.5000 2675.4607   14.2704
    0.0000   15.0000   -7.5000 2645.5154   14.3416
    7.5000   15.0000   -7.5000 2584.5742   14.7896
   -7.5000   22.5000   -7.5000 2539.6948   15.4719
    0.0000   22.5000   -7.5000 2511.6738   15.5637
    7.5000   22.5000   -7.5000 2456.7344   16.0414
   -7.5000   30.0000   -7.5000 2385.8442   17.0944
    0.0000   30.0000   -7.5000 2362.3604   17.2030
    7.5000   30.0000   -7.5000 2307.3379   17.7078
   -7.5000   37.5000   -7.5000 2216.9639   19.1672
    0.0000   37.5000   -7.5000 2197.1223   19.3460
    7.5000   37.5000   -7.5000 2152.2673   19.8221
   -7.5000   45.0000   -7.5000 2046.2251   21.7940
    0.0000   45.0000   -7.5000 2027.1643   22.0783
    7.5000   45.0000   -7.5000 1983.9709   22.5759
   -7.5000  -45.0000    0.0000 2490.2876   15.1927
    0.0000  -45.0000    0.0000 2478.5576   15.3608
    7.5000  -45.0000    0.0000 2434.1343   15.9527
   -7.5000  -37.5000    0.0000 2618.4841   13.8186
    0.0000  -37.5000    0.0000 2601.3330   13.9597
    7.5000  -37.5000    0.0000 2553.4680   14.5455
   -7.5000  -30.0000    0.0000 2737.2703   12.8167
    0.0000  -30.0000    0.0000 2716.1072   12.9357
    7.5000  -30.0000    0.0000 2657.8093   13.5125
   -7.5000  -22.5000    0.0000 2853.7795   12.1343
    0.0000  -22.5000    0.0000 2820.0732   12.2473
    7.5000  -22.5000    0.0000 2747.1689   12.8412
   -7.5000  -15.0000    0.0000 2927.4146   11.6793
    0.0000  -15.0000    0.0000 2890.1335   11.8271
    7.5000  -15.0000    0.0000 2806.4089   12.4248
   -7.5000   -7.5000    0.0000 2948.2764   11.7494
    0.0000   -7.5000    0.0000 2913.0938   11.8597
    7.5000   -7.5000    0.0000 2831.7029   12.4077
   -7.5000    0.0000    0.0000 2913.1165   12.1379
    0.0000    0.0000    0.0000 2875.6194   12.2186
    7.5000    0.0000    0.0000 2802.1814   12.7002
   -7.5000    7.5000    0.0000 2832.4934   12.7816
    0.0000    7.5000    0.0000 2801.2366   12.8374
    7.5000    7.5000    0.0000 2733.9690   13.3489
   -7.5000   15.0000    0.0000 2715.0032   13.7274
    0.0000   15.0000    0.0000 2686.9749   13.7789
    7.5000   15.0000    0.0000 2626.5874   14.2852
   -7.5000   22.5000    0.0000 2573.0781   14.9727
    0.0000   22.5000    0.0000 2546.5181   15.0432
    7.5000   22.5000    0.0000 2490.2378   15.5754
   -7.5000   30.0000    0.0000 2415.0095   16.5806
    0.0000   30.0000    0.0000 2387.5034   16.7292
    7.5000   30.0000    0.0000 2332.5369   17.2331
   -7.5000   37.5000    0.0000 2239.1423   18.5813
    0.0000   37.5000    0.0000 2217.6162   18.8093
    7.5000   37.5000    0.0000 2171.5479   19.3223
   -7.5000   45.0000    0.0000 2062.9119   21.1320
    0.0000   45.0000    0.0000 2043.9618   21.4473
    7.5000   45.0000    0.0000 1998.8721   22.0210
   -7.5000  -45.0000    7.5000 2504.0615   14.9212
    0.0000  -45.0000    7.5000 2493.6938   15.1029
    7.5000  -45.0000    7.5000 2454.8066   15.8025
   -7.5000  -37.5000    7.5000 2637.4380   13.5620
    0.0000  -37.5000    7.5000 2623.1746   13.7470
    7.5000  -37.5000    7.5000 2572.9695   14.4138
   -7.5000  -30.0000    7.5000 2762.5173   12.5753
    0.0000  -30.0000    7.5000 2741.3582   12.7441
    7.5000  -30.0000    7.5000 2675.1653   13.3872
   -7.5000  -22.5000    7.5000 2887.3872   11.8848
    0.0000  -22.5000    7.5000 2848.8376   12.0707
    7.5000  -22.5000    7.5000 2768.6904   12.6634
   -7.5000  -15.0000    7.5000 2960.5571   11.3242
    0.0000  -15.0000    7.5000 2926.9180   11.6071
    7.5000  -15.0000    7.5000 2835.2068   12.2846
   -7.5000   -7.5000    7.5000 2992.4419   11.3694
    0.0000   -7.5000    7.5000 2951.4993   11.5485
    7.5000   -7.5000    7.5000 2856.8633   12.2200
   -7.5000    0.0000    7.5000 2941.8057   11.8348
    0.0000    0.0000    7.5000 2912.0391   11.9150
    7.5000    0.0000    7.5000 2828.4861   12.4629
   -7.5000    7.5000    7.5000 2845.8525   12.4868
    0.0000    7.5000    7.5000 2822.4751   12.5690
    7.5000    7.5000    7.5000 2752.0667   13.0797
   -7.5000   15.0000    7.5000 2725.8445   13.4465
    0.0000   15.0000    7.5000 2700.0168   13.5180
    7.5000   15.0000    7.5000 2639.8079   14.0040
   -7.5000   22.5000    7.5000 2580.9099   14.7121
    0.0000   22.5000    7.5000 2552.0837   14.7953
    7.5000   22.5000    7.5000 2500.1904   15.2747
   -7.5000   30.0000    7.5000 2416.4141   16.3172
    0.0000   30.0000    7.5000 2395.9924   16.4550
    7.5000   30.0000    7.5000 2340.8782   16.9459
   -7.5000   37.5000    7.5000 2242.5540   18.3300
    0.0000   37.5000    7.5000 2226.2522   18.5497
    7.5000   37.5000    7.5000 2179.6833   19.0736
   -7.5000   45.0000    7.5000 2062.3308   20.8910
    0.0000   45.0000    7.5000 2045.2148   21.1956
    7.5000   45.0000    7.5000 2004.7252   21.7425
   -7.5000  -45.0000   15.0000 2514.3386   14.9668
    0.0000  -45.0000   15.0000 2503.7593   15.1468
    7.5000  -45.0000   15.0000 2459.2964   15.9179
   -7.5000  -37.5000   15.0000 2647.7124   13.6248
    0.0000  -37.5000   15.0000 2631.7258   13.8173
    7.5000  -37.5000   15.0000 2575.7546   14.5382
   -7.5000  -30.0000   15.0000 2764.2837   12.6628
    0.0000  -30.0000   15.0000 2745.3960   12.8208
    7.5000  -30.0000   15.0000 2675.4832   13.4916
   -7.5000  -22.5000   15.0000 2872.3679   11.8565
    0.0000  -22.5000   15.0000 2843.3145   12.1146
    7.5000  -22.5000   15.0000 2768.3894   12.7870
   -7.5000  -15.0000   15.0000 2928.6091   11.4055
    0.0000  -15.0000   15.0000 2909.2520   11.6490
    7.5000  -15.0000   15.0000 2830.3616   12.3716
   -7.5000   -7.5000   15.0000 2971.1250   11.5119
    0.0000   -7.5000   15.0000 2942.7585   11.6349
    7.5000   -7.5000   15.0000 2844.4736   12.2689
   -7.5000    0.0000   15.0000 2924.7886   11.9407
    0.0000    0.0000   15.0000 2901.0930   12.0351
    7.5000    0.0000   15.0000 2813.3745   12.5336
   -7.5000    7.5000   15.0000 2827.8167   12.6130
    0.0000    7.5000   15.0000 2808.3301   12.7030
    7.5000    7.5000   15.0000 2735.2781   13.1651
   -7.5000   15.0000   15.0000 2705.8149   13.5025
    0.0000   15.0000   15.0000 2681.8552   13.5790
    7.5000   15.0000   15.0000 2619.8362   14.0405
   -7.5000   22.5000   15.0000 2564.9990   14.7339
    0.0000   22.5000   15.0000 2539.4031   14.7958
    7.5000   22.5000   15.0000 2484.3323   15.2691
   -7.5000   30.0000   15.0000 2406.4810   16.3085
    0.0000   30.0000   15.0000 2381.9148   16.4133
    7.5000   30.0000   15.0000 2332.1614   16.9124
   -7.5000   37.5000   15.0000 2229.5586   18.3247
    0.0000   37.5000   15.0000 2210.4631   18.5190
    7.5000   37.5000   15.0000 2173.8611   19.0176
   -7.5000   45.0000   15.0000 2044.6655   20.9018
    0.0000   45.0000   15.0000 2032.6699   21.1851
    7.5000   45.0000   15.0000 1991.0103   21.7731
   -7.5000  -45.0000   22.5000 2508.1165   15.2571
    0.0000  -45.0000   22.5000 2499.8169   15.4028
    7.5000  -45.0000   22.5000 2446.6628   16.1850
   -7.5000  -37.5000   22.5000 2640.4629   13.9624
    0.0000  -37.5000   22.5000 2624.0879   14.1264
    7.5000  -37.5000   22.5000 2561.6155   14.8372
   -7.5000  -30.0000   22.5000 2747.3018   12.9782
    0.0000  -30.0000   22.5000 2728.9949   13.1573
    7.5000  -30.0000   22.5000 2658.6172   13.8469
   -7.5000  -22.5000   22.5000 2823.5742   12.1663
    0.0000  -22.5000   22.5000 2804.0879   12.4345
    7.5000  -22.5000   22.5000 2738.5444   13.1502
   -7.5000  -15.0000   22.5000 2875.3884   11.8744
    0.0000  -15.0000   22.5000 2856.5471   12.0275
    7.5000  -15.0000   22.5000 2791.0317   12.7072
   -7.5000   -7.5000   22.5000 2907.4053   11.9682
    0.0000   -7.5000   22.5000 2884.4653   12.0448
    7.5000   -7.5000   22.5000 2801.8113   12.5955
   -7.5000    0.0000   22.5000 2866.3418   12.3481
    0.0000    0.0000   22.5000 2842.8936   12.3983
    7.5000    0.0000   22.5000 2763.0623   12.8636
   -7.5000    7.5000   22.5000 2770.9670   13.0189
    0.0000    7.5000   22.5000 2750.3684   13.0503
    7.5000    7.5000   22.5000 2683.9756   13.5126
   -7.5000   15.0000   22.5000 2656.0081   13.8892
    0.0000   15.0000   22.5000 2631.0627   13.9614
    7.5000   15.0000   22.5000 2574.8240   14.4042
   -7.5000   22.5000   22.5000 2522.8000   15.0382
    0.0000   22.5000   22.5000 2498.8352   15.1508
    7.5000   22.5000   22.5000 2447.0947   15.6133
   -7.5000   30.0000   22.5000 2370.3450   16.5502
    0.0000   30.0000   22.5000 2348.8452   16.7095
    7.5000   30.0000   22.5000 2304.8796   17.1932
   -7.5000   37.5000   22.5000 2200.1543   18.5839
    0.0000   37.5000   22.5000 2184.7542   18.7539
    7.5000   37.5000   22.5000 2142.3665   19.2590
   -7.5000   45.0000   22.5000 2025.4205   21.1501
    0.0000   45.0000   22.5000 2012.4301   21.4481
    7.5000   45.0000   22.5000 1971.9174   21.9800
   -7.5000  -45.0000   30.0000 2489.8411   15.7828
    0.0000  -45.0000   30.0000 2474.1604   15.8691
    7.5000  -45.0000   30.0000 2417.5378   16.6727
   -7.5000  -37.5000   30.0000 2611.5869   14.5287
    0.0000  -37.5000   30.0000 2592.5281   14.6363
    7.5000  -37.5000   30.0000 2527.2876   15.3743
   -7.5000  -30.0000   30.0000 2704.8208   13.5059
    0.0000  -30.0000   30.0000 2687.0894   13.7015
    7.5000  -30.0000   30.0000 2615.7681   14.4180
   -7.5000  -22.5000   30.0000 2772.1509   12.8451
    0.0000  -22.5000   30.0000 2747.6467   13.0127
    7.5000  -22.5000   30.0000 2683.7371   13.7037
   -7.5000  -15.0000   30.0000 2809.9690   12.5243
    0.0000  -15.0000   30.0000 2787.9180   12.6580
    7.5000  -15.0000   30.0000 2729.0525   13.2325
   -7.5000   -7.5000   30.0000 2816.5620   12.5367
    0.0000   -7.5000   30.0000 2797.8521   12.6264
    7.5000   -7.5000   30.0000 2731.9592   13.1232
   -7.5000    0.0000   30.0000 2776.3645   12.8641
    0.0000    0.0000   30.0000 2756.8149   12.9353
    7.5000    0.0000   30.0000 2687.1436   13.3938
   -7.5000    7.5000   30.0000 2693.4924   13.5068
    0.0000    7.5000   30.0000 2671.6279   13.5521
    7.5000    7.5000   30.0000 2613.0769   14.0062
   -7.5000   15.0000   30.0000 2585.5779   14.4163
    0.0000   15.0000   30.0000 2567.7068   14.4697
    7.5000   15.0000   30.0000 2508.4443   14.9380
   -7.5000   22.5000   30.0000 2456.4968   15.5679
    0.0000   22.5000   30.0000 2442.9014   15.6653
    7.5000   22.5000   30.0000 2395.3904   16.1456
   -7.5000   30.0000   30.0000 2309.5305   17.0554
    0.0000   30.0000   30.0000 2292.5396   17.1831
    7.5000   30.0000   30.0000 2259.7915   17.7161
   -7.5000   37.5000   30.0000 2161.1692   19.0410
    0.0000   37.5000   30.0000 2134.6892   19.2332
    7.5000   37.5000   30.0000 2097.9409   19.7889
   -7.5000   45.0000   30.0000 1993.1523   21.6316
    0.0000   45.0000   30.0000 1977.3276   21.9515
    7.5000   45.0000   30.0000 1936.8167   22.5109
   -7.5000  -45.0000   37.5000 2448.6658   16.5481
    0.0000  -45.0000   37.5000 2429.3091   16.6065
    7.5000  -45.0000   37.5000 2378.6743   17.3659
   -7.5000  -37.5000   37.5000 2560.8081   15.2360
    0.0000  -37.5000   37.5000 2538.1865   15.3620
    7.5000  -37.5000   37.5000 2477.1621   16.0906
   -7.5000  -30.0000   37.5000 2647.0271   14.3005
    0.0000  -30.0000   37.5000 2621.8535   14.4579
    7.5000  -30.0000   37.5000 2558.4600   15.1411
   -7.5000  -22.5000   37.5000 2699.8984   13.6570
    0.0000  -22.5000   37.5000 2677.9180   13.7789
    7.5000  -22.5000   37.5000 2620.7817   14.4255
   -7.5000  -15.0000   37.5000 2728.5242   13.3001
    0.0000  -15.0000   37.5000 2706.8992   13.4120
    7.5000  -15.0000   37.5000 2657.2915   13.9646
   -7.5000   -7.5000   37.5000 2725.9165   13.2490
    0.0000   -7.5000   37.5000 2709.8000   13.3373
    7.5000   -7.5000   37.5000 2652.0415   13.8449
   -7.5000    0.0000   37.5000 2678.2371   13.5226
    0.0000    0.0000   37.5000 2660.2336   13.6179
    7.5000    0.0000   37.5000 2602.7122   14.1001
   -7.5000    7.5000   37.5000 2606.1951   14.1482
    0.0000    7.5000   37.5000 2581.2554   14.2274
    7.5000    7.5000   37.5000 2528.5454   14.6935
   -7.5000   15.0000   37.5000 2505.6519   15.0835
    0.0000   15.0000   37.5000 2484.0864   15.1537
    7.5000   15.0000   37.5000 2437.1538   15.6178
   -7.5000   22.5000   37.5000 2387.1567   16.2844
    0.0000   22.5000   37.5000 2369.8887   16.3511
    7.5000   22.5000   37.5000 2329.6558   16.8414
   -7.5000   30.0000   37.5000 2246.1787   17.8104
    0.0000   30.0000   37.5000 2226.3640   17.9065
    7.5000   30.0000   37.5000 2195.7280   18.4057
   -7.5000   37.5000   37.5000 2105.1201   19.7982
    0.0000   37.5000   37.5000 2083.8032   19.9864
    7.5000   37.5000   37.5000 2047.2943   20.5212
   -7.5000   45.0000   37.5000 1947.1431   22.4495
    0.0000   45.0000   37.5000 1930.3813   22.7242
    7.5000   45.0000   37.5000 1897.1726   23.3078
   -7.5000  -45.0000   45.0000 2390.8447   17.5423
    0.0000  -45.0000   45.0000 2371.8171   17.6131
    7.5000  -45.0000   45.0000 2320.0051   18.3184
   -7.5000  -37.5000   45.0000 2487.1226   16.2056
    0.0000  -37.5000   45.0000 2469.2715   16.2926
    7.5000  -37.5000   45.0000 2413.2295   17.0123
   -7.5000  -30.0000   45.0000 2567.3213   15.2849
    0.0000  -30.0000   45.0000 2541.9065   15.3763
    7.5000  -30.0000   45.0000 2487.0200   16.0534
   -7.5000  -22.5000   45.0000 2612.9858   14.6413
    0.0000  -22.5000   45.0000 2593.4617   14.7381
    7.5000  -22.5000   45.0000 2542.5068   15.3497
   -7.5000  -15.0000   45.0000 2631.0703   14.2674
    0.0000  -15.0000   45.0000 2608.6399   14.3671
    7.5000  -15.0000   45.0000 2566.7546   14.9234
   -7.5000   -7.5000   45.0000 2615.8743   14.1593
    0.0000   -7.5000   45.0000 2603.6155   14.2354
    7.5000   -7.5000   45.0000 2557.8833   14.7426
   -7.5000    0.0000   45.0000 2581.3064   14.4016
    0.0000    0.0000   45.0000 2565.9353   14.4730
    7.5000    0.0000   45.0000 2520.3904   14.9573
   -7.5000    7.5000   45.0000 2512.9360   15.0222
    0.0000    7.5000   45.0000 2494.2786   15.0898
    7.5000    7.5000   45.0000 2445.8257   15.5632
   -7.5000   15.0000   45.0000 2413.8589   15.9562
    0.0000   15.0000   45.0000 2398.6714   16.0198
    7.5000   15.0000   45.0000 2359.4319   16.5167
   -7.5000   22.5000   45.0000 2305.7783   17.1697
    0.0000   22.5000   45.0000 2287.2493   17.2791
    7.5000   22.5000   45.0000 2251.7976   17.7415
   -7.5000   30.0000   45.0000 2172.6379   18.7987
    0.0000   30.0000   45.0000 2155.0081   18.8869
    7.5000   30.0000   45.0000 2122.4490   19.3251
   -7.5000   37.5000   45.0000 2037.6226   20.8812
    0.0000   37.5000   45.0000 2019.0968   21.0478
    7.5000   37.5000   45.0000 1987.2839   21.5388
   -7.5000   45.0000   45.0000 1890.4524   23.5843
    0.0000   45.0000   45.0000 1873.6735   23.8316
    7.5000   45.0000   45.0000 1837.0637   24.4373

---------------------------------------------------------------------
imgreg_4dfp /opt/freesurfer/average/711-2C_as_mni_average_305 /opt/freesurfer/average/711-2B_as_mni_average_305_mask talsrcimg_g11 none talsrcimg_to_711-2C_as_mni_average_305_t4 1283
---------------------------------------------------------------------

freesurfer imgreg_4dfp.c
/opt/freesurfer/average/711-2C_as_mni_average_305.4dfp.img
       256       256       256         1
  1.000000  1.000000  1.000000
orientation T byte_order littleendian
Reading image: /opt/freesurfer/average/711-2C_as_mni_average_305.4dfp.img
dimensions:      256       256       256
mmppix:       1.0000   -1.0000   -1.0000
center:     128.0000 -129.0000 -129.0000
/opt/freesurfer/average/711-2B_as_mni_average_305_mask.4dfp.img
       256       256       256         1
  1.000000  1.000000  1.000000
orientation T byte_order littleendian
Reading mask: /opt/freesurfer/average/711-2B_as_mni_average_305_mask.4dfp.img (2306576 pixels)
talsrcimg_g11.4dfp.img
       256       256       256         1
  1.000000  1.000000  1.000000
orientation T byte_order littleendian
Reading image: talsrcimg_g11.4dfp.img
dimensions:      256       256       256
mmppix:       1.0000   -1.0000   -1.0000
center:     128.0000 -129.0000 -129.0000
rotation matrix determinant  1.000000
fimgreg.f
image alignment mode   1283 decimal      503 hex
parameters
   -7.5000   -7.5000    7.5000    0.0000    0.0000    0.0000
eta,q 0.94012 11.31221
niter,ni,del,rscale     5    3   12.0000    1.2000
parameters
   -6.7733   -9.0268    7.1947    1.0353    0.7415    1.3983
eta,q 0.93833 11.31567
  0.0747  0.0649  0.0679  0.0673  0.0673  0.0669
  0.0681  0.0632  0.0647  0.0637  0.0648  0.0651
  0.0637  0.0616  0.0629  0.0620  0.0630  0.0632
  0.0616  0.0612  0.0617  0.0619  0.0619  0.0618
  0.0610  0.0639  0.0633  0.0624  0.0619  0.0618
  0.0644  0.0675  0.0665  0.0631  0.0633  0.0627
  0.0699  0.0718  0.0684  0.0637  0.0653  0.0639
niter,ni,del,rscale     4    3   12.0000    1.2000
parameters
   -6.6464   -8.9791    7.3227    1.0786    0.7358    1.4636
eta,q 0.93845 11.31639
  0.0718  0.0673  0.0683  0.0646  0.0658  0.0655
  0.0664  0.0649  0.0648  0.0625  0.0639  0.0636
  0.0634  0.0630  0.0632  0.0616  0.0623  0.0619
  0.0617  0.0616  0.0616  0.0615  0.0615  0.0615
  0.0626  0.0607  0.0623  0.0620  0.0621  0.0624
  0.0665  0.0633  0.0652  0.0629  0.0637  0.0634
  0.0708  0.0688  0.0676  0.0641  0.0660  0.0652
niter,ni,del,rscale     3    3   12.0000    1.2000
parameters
   -6.6448   -8.9748    7.3321    1.0700    0.7324    1.4689
eta,q 0.93845 11.31654
  0.0714  0.0672  0.0680  0.0645  0.0658  0.0654
  0.0661  0.0648  0.0646  0.0624  0.0639  0.0635
  0.0632  0.0630  0.0631  0.0616  0.0623  0.0619
  0.0616  0.0616  0.0615  0.0615  0.0615  0.0615
  0.0627  0.0607  0.0625  0.0620  0.0621  0.0624
  0.0667  0.0634  0.0653  0.0629  0.0637  0.0634
  0.0711  0.0688  0.0677  0.0641  0.0660  0.0653
registration optimization eta report
parameter search radius
    6.0000    6.0000    6.0000    6.0000    6.0000    6.0000
100000*second partial in parameter space
       26.       19.       17.        8.       12.       10.
  0.0714  0.0672  0.0680  0.0645  0.0658  0.0654
  0.0661  0.0648  0.0646  0.0624  0.0639  0.0635
  0.0632  0.0630  0.0631  0.0616  0.0623  0.0619
  0.0616  0.0616  0.0615  0.0615  0.0615  0.0615
  0.0627  0.0607  0.0625  0.0620  0.0621  0.0624
  0.0667  0.0634  0.0653  0.0629  0.0637  0.0634
  0.0711  0.0688  0.0677  0.0641  0.0660  0.0653
   -6.6448   -8.9748    7.3321    1.0700    0.7324    1.4689
eta,q 0.93845 11.31654

---------------------------------------------------------------------
imgreg_4dfp /opt/freesurfer/average/711-2C_as_mni_average_305 /opt/freesurfer/average/711-2B_as_mni_average_305_mask talsrcimg_g11 none talsrcimg_to_711-2C_as_mni_average_305_t4 3335
---------------------------------------------------------------------

freesurfer imgreg_4dfp.c
/opt/freesurfer/average/711-2C_as_mni_average_305.4dfp.img
       256       256       256         1
  1.000000  1.000000  1.000000
orientation T byte_order littleendian
Reading image: /opt/freesurfer/average/711-2C_as_mni_average_305.4dfp.img
dimensions:      256       256       256
mmppix:       1.0000   -1.0000   -1.0000
center:     128.0000 -129.0000 -129.0000
/opt/freesurfer/average/711-2B_as_mni_average_305_mask.4dfp.img
       256       256       256         1
  1.000000  1.000000  1.000000
orientation T byte_order littleendian
Reading mask: /opt/freesurfer/average/711-2B_as_mni_average_305_mask.4dfp.img (2306576 pixels)
talsrcimg_g11.4dfp.img
       256       256       256         1
  1.000000  1.000000  1.000000
orientation T byte_order littleendian
Reading image: talsrcimg_g11.4dfp.img
dimensions:      256       256       256
mmppix:       1.0000   -1.0000   -1.0000
center:     128.0000 -129.0000 -129.0000
fimgreg.f
image alignment mode   3335 decimal      D07 hex
parameters
   -6.6448   -8.9748    7.3321   -0.0410   -0.0509   -0.0256
   -2.5868   -1.2297    2.5632   -1.8995    1.2783    1.8672
eta,q 0.94043 11.24572
niter,ni,del,rscale     5    3    5.0000    1.2000
parameter  4  4.114800 ->  0.500000 qaram    1.1500
parameter  5  2.749043 ->  0.500000 qaram    1.1500
parameter  6  1.740849 ->  0.500000 qaram    1.1500
parameter  7  0.555178 ->  0.500000 qaram    1.1500
parameter 10  0.707572 ->  0.500000 qaram    1.1500
parameter 11  0.532056 ->  0.500000 qaram    1.1500
parameter 12  3.723154 ->  0.500000 qaram    1.1500
parameters
   -6.6542   -8.6146    8.4602   -4.1810   -4.1909   -4.1656
   -6.7268   -1.3431    1.0108   -6.0395   -2.8617   -2.2728
eta,q 0.95888 10.47973
  0.0613  0.0614  0.0615  0.0504  0.0463  0.0429  0.0445  0.0470  0.0448  0.0433  0.0433  0.0401
  0.0603  0.0605  0.0606  0.0534  0.0488  0.0441  0.0443  0.0454  0.0444  0.0433  0.0431  0.0409
  0.0597  0.0598  0.0600  0.0563  0.0514  0.0463  0.0444  0.0445  0.0443  0.0435  0.0431  0.0419
  0.0596  0.0596  0.0595  0.0593  0.0542  0.0495  0.0446  0.0443  0.0443  0.0443  0.0433  0.0430
  0.0598  0.0596  0.0593  0.0628  0.0573  0.0531  0.0450  0.0446  0.0445  0.0455  0.0437  0.0443
  0.0604  0.0599  0.0594  0.0666  0.0611  0.0572  0.0456  0.0455  0.0450  0.0472  0.0444  0.0456
  0.0613  0.0605  0.0596  0.0708  0.0655  0.0615  0.0463  0.0471  0.0456  0.0496  0.0451  0.0469
niter,ni,del,rscale     7    3    5.0000    1.2000
parameter  4  1.853614 ->  0.500000 qaram    1.3225
parameter  5  2.655906 ->  0.500000 qaram    1.3225
parameter  6  0.523190 ->  0.500000 qaram    1.3225
parameter 12  0.781290 ->  0.500000 qaram    1.3225
parameters
   -5.7828   -9.3225    8.4348   -8.9420   -8.9519   -8.9266
   -4.2675    1.0474    3.7379   -6.1021   -0.6153   -7.0338
eta,q 0.97342 10.10381
  0.0442  0.0414  0.0424  0.0338  0.0268  0.0295  0.0338  0.0347  0.0314  0.0320  0.0305  0.0266
  0.0428  0.0408  0.0415  0.0349  0.0290  0.0292  0.0317  0.0323  0.0300  0.0299  0.0294  0.0265
  0.0418  0.0407  0.0409  0.0372  0.0320  0.0290  0.0301  0.0303  0.0289  0.0284  0.0284  0.0269
  0.0411  0.0408  0.0407  0.0407  0.0354  0.0298  0.0291  0.0288  0.0281  0.0278  0.0278  0.0277
  0.0408  0.0412  0.0409  0.0445  0.0393  0.0322  0.0288  0.0281  0.0278  0.0285  0.0277  0.0289
  0.0409  0.0420  0.0415  0.0485  0.0436  0.0359  0.0292  0.0286  0.0280  0.0299  0.0279  0.0305
  0.0417  0.0430  0.0425  0.0527  0.0481  0.0404  0.0304  0.0302  0.0286  0.0322  0.0287  0.0324
niter,ni,del,rscale     7    3    5.0000    1.2000
parameter  3 -0.524582 -> -0.500000 qaram    1.1500
parameter  5  0.640688 ->  0.500000 qaram    1.5209
parameters
   -6.3905   -9.0343    9.8148  -13.4714  -14.4271   -7.2508
   -3.8311    0.3165    4.6464   -4.5399   -0.1889   -6.9618
eta,q 0.97923  9.98603
  0.0284  0.0293  0.0294  0.0266  0.0234  0.0273  0.0259  0.0254  0.0241  0.0274  0.0231  0.0238
  0.0270  0.0278  0.0281  0.0252  0.0221  0.0254  0.0236  0.0230  0.0226  0.0248  0.0219  0.0222
  0.0264  0.0268  0.0270  0.0245  0.0224  0.0236  0.0219  0.0214  0.0216  0.0226  0.0211  0.0212
  0.0266  0.0263  0.0263  0.0259  0.0246  0.0220  0.0212  0.0212  0.0211  0.0211  0.0208  0.0208
  0.0276  0.0264  0.0259  0.0293  0.0281  0.0207  0.0215  0.0222  0.0212  0.0209  0.0209  0.0211
  0.0294  0.0270  0.0259  0.0335  0.0322  0.0220  0.0229  0.0245  0.0218  0.0220  0.0216  0.0221
  0.0318  0.0282  0.0263  0.0381  0.0371  0.0255  0.0251  0.0275  0.0229  0.0243  0.0227  0.0238
niter,ni,del,rscale     7    3    5.0000    1.2000
parameters
   -6.4373   -9.0841   10.0675  -13.0031  -15.6025   -7.1843
   -4.1743    0.1022    4.9045   -4.4510   -0.1912   -6.5409
eta,q 0.97938  9.97070
  0.0244  0.0237  0.0237  0.0269  0.0270  0.0263  0.0247  0.0258  0.0232  0.0256  0.0227  0.0237
  0.0224  0.0220  0.0222  0.0248  0.0242  0.0244  0.0225  0.0231  0.0219  0.0232  0.0216  0.0221
  0.0212  0.0210  0.0212  0.0226  0.0217  0.0225  0.0211  0.0213  0.0210  0.0214  0.0209  0.0211
  0.0208  0.0208  0.0208  0.0207  0.0206  0.0207  0.0206  0.0206  0.0206  0.0206  0.0206  0.0206
  0.0212  0.0212  0.0209  0.0206  0.0221  0.0205  0.0213  0.0214  0.0208  0.0212  0.0208  0.0209
  0.0226  0.0222  0.0216  0.0229  0.0261  0.0232  0.0230  0.0235  0.0216  0.0229  0.0216  0.0218
  0.0247  0.0238  0.0228  0.0270  0.0310  0.0274  0.0254  0.0265  0.0229  0.0256  0.0228  0.0232
niter,ni,del,rscale     6    3    5.0000    1.2000
parameters
   -6.4777   -9.1145   10.1776  -12.6454  -15.9355   -7.2174
   -4.3100    0.0530    4.9767   -4.4996   -0.1712   -6.2707
eta,q 0.97942  9.96969
  0.0243  0.0234  0.0233  0.0269  0.0276  0.0262  0.0249  0.0260  0.0230  0.0253  0.0227  0.0235
  0.0223  0.0218  0.0219  0.0247  0.0248  0.0243  0.0226  0.0233  0.0217  0.0230  0.0216  0.0220
  0.0210  0.0209  0.0210  0.0225  0.0221  0.0224  0.0211  0.0213  0.0209  0.0213  0.0209  0.0210
  0.0206  0.0206  0.0206  0.0206  0.0205  0.0206  0.0206  0.0206  0.0206  0.0206  0.0206  0.0206
  0.0211  0.0210  0.0208  0.0207  0.0212  0.0205  0.0212  0.0213  0.0208  0.0212  0.0208  0.0209
  0.0225  0.0220  0.0216  0.0231  0.0247  0.0233  0.0228  0.0233  0.0216  0.0229  0.0215  0.0217
  0.0246  0.0235  0.0229  0.0271  0.0295  0.0275  0.0251  0.0263  0.0230  0.0256  0.0227  0.0232
niter,ni,del,rscale     5    3    5.0000    1.2000
parameters
   -6.4948   -9.1494   10.2317  -12.5154  -16.0356   -7.2451
   -4.3530    0.0375    4.9903   -4.5561   -0.1540   -6.1219
eta,q 0.97942  9.96949
  0.0244  0.0233  0.0232  0.0267  0.0278  0.0261  0.0249  0.0261  0.0230  0.0253  0.0227  0.0234
  0.0223  0.0217  0.0218  0.0246  0.0250  0.0243  0.0227  0.0234  0.0217  0.0230  0.0216  0.0219
  0.0210  0.0208  0.0209  0.0224  0.0223  0.0223  0.0211  0.0214  0.0209  0.0213  0.0208  0.0209
  0.0206  0.0206  0.0206  0.0206  0.0205  0.0206  0.0206  0.0206  0.0206  0.0206  0.0206  0.0206
  0.0210  0.0210  0.0208  0.0208  0.0210  0.0205  0.0211  0.0212  0.0208  0.0212  0.0208  0.0209
  0.0224  0.0219  0.0216  0.0235  0.0244  0.0233  0.0227  0.0233  0.0217  0.0229  0.0215  0.0218
  0.0245  0.0234  0.0230  0.0274  0.0291  0.0275  0.0251  0.0263  0.0230  0.0256  0.0227  0.0233
niter,ni,del,rscale     4    3    5.0000    1.2000
parameters
   -6.5004   -9.1694   10.2587  -12.4678  -16.0712   -7.2578
   -4.3610    0.0325    4.9956   -4.5976   -0.1418   -6.0410
eta,q 0.97943  9.96926
  0.0245  0.0233  0.0231  0.0267  0.0279  0.0262  0.0250  0.0261  0.0230  0.0253  0.0227  0.0234
  0.0224  0.0218  0.0217  0.0245  0.0251  0.0243  0.0227  0.0234  0.0217  0.0230  0.0216  0.0219
  0.0210  0.0208  0.0209  0.0223  0.0223  0.0223  0.0211  0.0214  0.0209  0.0213  0.0208  0.0209
  0.0206  0.0206  0.0206  0.0206  0.0206  0.0206  0.0206  0.0206  0.0206  0.0206  0.0206  0.0206
  0.0210  0.0209  0.0208  0.0209  0.0210  0.0205  0.0211  0.0212  0.0208  0.0211  0.0208  0.0209
  0.0224  0.0219  0.0217  0.0236  0.0243  0.0233  0.0227  0.0233  0.0217  0.0229  0.0215  0.0218
  0.0245  0.0233  0.0230  0.0276  0.0290  0.0275  0.0250  0.0262  0.0230  0.0256  0.0227  0.0233
registration optimization eta report
parameter search radius
    2.4000    2.4000    2.7600    9.5220   10.9503    9.5220
    8.2800    7.2000    7.2000    8.2800    8.2800    9.5220
100000*second partial in parameter space
       68.       48.       33.        7.        6.        7.
        6.       11.        5.        7.        3.        3.
  0.0245  0.0233  0.0231  0.0267  0.0279  0.0262  0.0250  0.0261  0.0230  0.0253  0.0227  0.0234
  0.0224  0.0218  0.0217  0.0245  0.0251  0.0243  0.0227  0.0234  0.0217  0.0230  0.0216  0.0219
  0.0210  0.0208  0.0209  0.0223  0.0223  0.0223  0.0211  0.0214  0.0209  0.0213  0.0208  0.0209
  0.0206  0.0206  0.0206  0.0206  0.0206  0.0206  0.0206  0.0206  0.0206  0.0206  0.0206  0.0206
  0.0210  0.0209  0.0208  0.0209  0.0210  0.0205  0.0211  0.0212  0.0208  0.0211  0.0208  0.0209
  0.0224  0.0219  0.0217  0.0236  0.0243  0.0233  0.0227  0.0233  0.0217  0.0229  0.0215  0.0218
  0.0245  0.0233  0.0230  0.0276  0.0290  0.0275  0.0250  0.0262  0.0230  0.0256  0.0227  0.0233
   -6.5004   -9.1694   10.2587  -12.4678  -16.0712   -7.2578
   -4.3610    0.0325    4.9956   -4.5976   -0.1418   -6.0410
eta,q 0.97943  9.96926

---------------------------------------------------------------------
imgreg_4dfp /opt/freesurfer/average/711-2C_as_mni_average_305 /opt/freesurfer/average/711-2B_as_mni_average_305_mask talsrcimg_g11 none talsrcimg_to_711-2C_as_mni_average_305_t4 2311
---------------------------------------------------------------------

freesurfer imgreg_4dfp.c
/opt/freesurfer/average/711-2C_as_mni_average_305.4dfp.img
       256       256       256         1
  1.000000  1.000000  1.000000
orientation T byte_order littleendian
Reading image: /opt/freesurfer/average/711-2C_as_mni_average_305.4dfp.img
dimensions:      256       256       256
mmppix:       1.0000   -1.0000   -1.0000
center:     128.0000 -129.0000 -129.0000
/opt/freesurfer/average/711-2B_as_mni_average_305_mask.4dfp.img
       256       256       256         1
  1.000000  1.000000  1.000000
orientation T byte_order littleendian
Reading mask: /opt/freesurfer/average/711-2B_as_mni_average_305_mask.4dfp.img (2306576 pixels)
talsrcimg_g11.4dfp.img
       256       256       256         1
  1.000000  1.000000  1.000000
orientation T byte_order littleendian
Reading image: talsrcimg_g11.4dfp.img
dimensions:      256       256       256
mmppix:       1.0000   -1.0000   -1.0000
center:     128.0000 -129.0000 -129.0000
fimgreg.f
image alignment mode   2311 decimal      907 hex
parameters
   -6.5004   -9.1694   10.2587  -12.4678  -16.0712   -7.2578
   -4.3610    0.0325    4.9956   -4.5976   -0.1418   -6.0410
eta,q 0.97943  9.96925
niter,ni,del,rscale     5    3    5.0000    0.8000
parameters
   -6.4966   -9.2118   10.2733  -11.5226  -15.2830   -6.4588
   -4.3237    0.0852    4.8100   -4.5639   -0.1652   -6.3405
eta,q 0.97989 10.02241
  0.0224  0.0218  0.0214  0.0235  0.0229  0.0230  0.0219  0.0233  0.0213  0.0222  0.0210  0.0209
  0.0214  0.0211  0.0210  0.0223  0.0218  0.0220  0.0209  0.0217  0.0206  0.0211  0.0205  0.0204
  0.0208  0.0207  0.0207  0.0213  0.0209  0.0211  0.0203  0.0206  0.0202  0.0204  0.0202  0.0202
  0.0206  0.0206  0.0206  0.0206  0.0204  0.0203  0.0201  0.0201  0.0201  0.0201  0.0201  0.0201
  0.0208  0.0208  0.0207  0.0204  0.0204  0.0201  0.0203  0.0204  0.0203  0.0203  0.0202  0.0202
  0.0214  0.0212  0.0209  0.0209  0.0208  0.0206  0.0209  0.0215  0.0207  0.0210  0.0205  0.0206
  0.0224  0.0219  0.0214  0.0220  0.0218  0.0220  0.0218  0.0232  0.0215  0.0222  0.0211  0.0211
niter,ni,del,rscale     4    3    5.0000    0.7000
parameters
   -6.5365   -9.1798   10.2427  -11.8359  -15.2870   -6.2368
   -4.2416    0.0889    4.8112   -4.5204   -0.1865   -6.5052
eta,q 0.97995 10.02093
  0.0215  0.0212  0.0209  0.0218  0.0217  0.0222  0.0214  0.0225  0.0210  0.0217  0.0208  0.0207
  0.0207  0.0206  0.0204  0.0209  0.0209  0.0213  0.0207  0.0212  0.0205  0.0208  0.0204  0.0203
  0.0202  0.0202  0.0202  0.0203  0.0203  0.0206  0.0202  0.0204  0.0202  0.0203  0.0201  0.0201
  0.0201  0.0201  0.0201  0.0201  0.0201  0.0201  0.0201  0.0201  0.0201  0.0201  0.0201  0.0201
  0.0203  0.0202  0.0202  0.0204  0.0202  0.0201  0.0202  0.0203  0.0202  0.0202  0.0201  0.0201
  0.0208  0.0206  0.0205  0.0212  0.0208  0.0208  0.0206  0.0212  0.0205  0.0208  0.0204  0.0204
  0.0217  0.0211  0.0209  0.0225  0.0218  0.0221  0.0213  0.0226  0.0210  0.0217  0.0208  0.0208
niter,ni,del,rscale     3    3    5.0000    0.6000
parameters
   -6.5314   -9.1630   10.2098  -11.8688  -15.2606   -6.1107
   -4.2456    0.1061    4.8215   -4.4988   -0.2048   -6.6179
eta,q 0.97996 10.02232
  0.0212  0.0209  0.0206  0.0215  0.0213  0.0217  0.0210  0.0219  0.0208  0.0213  0.0206  0.0205
  0.0206  0.0204  0.0203  0.0208  0.0206  0.0210  0.0205  0.0209  0.0204  0.0206  0.0203  0.0202
  0.0202  0.0201  0.0201  0.0202  0.0202  0.0204  0.0201  0.0203  0.0201  0.0202  0.0201  0.0201
  0.0201  0.0201  0.0201  0.0201  0.0201  0.0201  0.0200  0.0200  0.0200  0.0200  0.0200  0.0200
  0.0202  0.0201  0.0201  0.0202  0.0202  0.0201  0.0201  0.0202  0.0201  0.0202  0.0201  0.0201
  0.0205  0.0204  0.0204  0.0207  0.0206  0.0207  0.0205  0.0209  0.0204  0.0206  0.0203  0.0203
  0.0212  0.0208  0.0207  0.0216  0.0213  0.0217  0.0210  0.0219  0.0207  0.0213  0.0206  0.0206
niter,ni,del,rscale     2    3    5.0000    0.5000
parameters
   -6.5310   -9.1568   10.1950  -11.8803  -15.2284   -6.0028
   -4.2422    0.1236    4.8146   -4.4931   -0.2211   -6.6900
eta,q 0.97998 10.02402
  0.0208  0.0206  0.0205  0.0211  0.0209  0.0213  0.0207  0.0214  0.0205  0.0209  0.0204  0.0204
  0.0204  0.0203  0.0202  0.0205  0.0204  0.0207  0.0203  0.0207  0.0202  0.0204  0.0202  0.0202
  0.0201  0.0201  0.0201  0.0202  0.0202  0.0203  0.0201  0.0202  0.0201  0.0201  0.0201  0.0201
  0.0200  0.0200  0.0200  0.0200  0.0200  0.0200  0.0200  0.0200  0.0200  0.0200  0.0200  0.0200
  0.0201  0.0201  0.0201  0.0202  0.0201  0.0201  0.0201  0.0202  0.0201  0.0201  0.0201  0.0201
  0.0204  0.0203  0.0202  0.0205  0.0204  0.0205  0.0203  0.0206  0.0202  0.0204  0.0202  0.0202
  0.0208  0.0206  0.0205  0.0211  0.0209  0.0212  0.0207  0.0214  0.0205  0.0209  0.0204  0.0204
niter,ni,del,rscale     1    3    5.0000    0.4000
parameters
   -6.5354   -9.1545   10.1850  -11.9026  -15.2052   -5.8977
   -4.2307    0.1321    4.8154   -4.4931   -0.2412   -6.7344
eta,q 0.97999 10.02543
  0.0205  0.0204  0.0203  0.0207  0.0206  0.0209  0.0205  0.0209  0.0203  0.0206  0.0203  0.0202
  0.0202  0.0202  0.0201  0.0203  0.0203  0.0205  0.0202  0.0204  0.0202  0.0203  0.0201  0.0201
  0.0201  0.0201  0.0200  0.0201  0.0201  0.0202  0.0201  0.0201  0.0200  0.0201  0.0200  0.0200
  0.0200  0.0200  0.0200  0.0200  0.0200  0.0200  0.0200  0.0200  0.0200  0.0200  0.0200  0.0200
  0.0201  0.0201  0.0201  0.0201  0.0201  0.0200  0.0201  0.0201  0.0200  0.0201  0.0200  0.0200
  0.0202  0.0202  0.0202  0.0203  0.0202  0.0203  0.0202  0.0204  0.0202  0.0203  0.0201  0.0201
  0.0205  0.0204  0.0203  0.0207  0.0206  0.0208  0.0204  0.0209  0.0203  0.0206  0.0203  0.0203
registration optimization eta report
parameter search radius
    0.8000    0.8000    0.8000    2.4000    2.4000    2.4000
    2.4000    2.4000    2.4000    2.4000    2.4000    2.4000
100000*second partial in parameter space
       78.       55.       44.       12.       10.       14.
        8.       15.        6.       10.        4.        4.
  0.0205  0.0204  0.0203  0.0207  0.0206  0.0209  0.0205  0.0209  0.0203  0.0206  0.0203  0.0202
  0.0202  0.0202  0.0201  0.0203  0.0203  0.0205  0.0202  0.0204  0.0202  0.0203  0.0201  0.0201
  0.0201  0.0201  0.0200  0.0201  0.0201  0.0202  0.0201  0.0201  0.0200  0.0201  0.0200  0.0200
  0.0200  0.0200  0.0200  0.0200  0.0200  0.0200  0.0200  0.0200  0.0200  0.0200  0.0200  0.0200
  0.0201  0.0201  0.0201  0.0201  0.0201  0.0200  0.0201  0.0201  0.0200  0.0201  0.0200  0.0200
  0.0202  0.0202  0.0202  0.0203  0.0202  0.0203  0.0202  0.0204  0.0202  0.0203  0.0201  0.0201
  0.0205  0.0204  0.0203  0.0207  0.0206  0.0208  0.0204  0.0209  0.0203  0.0206  0.0203  0.0203
   -6.5354   -9.1545   10.1850  -11.9026  -15.2052   -5.8977
   -4.2307    0.1321    4.8154   -4.4931   -0.2412   -6.7344
eta,q 0.97999 10.02543

---------------------------------------------------------------------
imgreg_4dfp /opt/freesurfer/average/711-2C_as_mni_average_305 /opt/freesurfer/average/711-2B_as_mni_average_305_mask talsrcimg_g11 none talsrcimg_to_711-2C_as_mni_average_305_t4 2311
---------------------------------------------------------------------

freesurfer imgreg_4dfp.c
/opt/freesurfer/average/711-2C_as_mni_average_305.4dfp.img
       256       256       256         1
  1.000000  1.000000  1.000000
orientation T byte_order littleendian
Reading image: /opt/freesurfer/average/711-2C_as_mni_average_305.4dfp.img
dimensions:      256       256       256
mmppix:       1.0000   -1.0000   -1.0000
center:     128.0000 -129.0000 -129.0000
/opt/freesurfer/average/711-2B_as_mni_average_305_mask.4dfp.img
       256       256       256         1
  1.000000  1.000000  1.000000
orientation T byte_order littleendian
Reading mask: /opt/freesurfer/average/711-2B_as_mni_average_305_mask.4dfp.img (2306576 pixels)
talsrcimg_g11.4dfp.img
       256       256       256         1
  1.000000  1.000000  1.000000
orientation T byte_order littleendian
Reading image: talsrcimg_g11.4dfp.img
dimensions:      256       256       256
mmppix:       1.0000   -1.0000   -1.0000
center:     128.0000 -129.0000 -129.0000
fimgreg.f
image alignment mode   2311 decimal      907 hex
parameters
   -6.5354   -9.1545   10.1850  -11.9026  -15.2052   -5.8977
   -4.2307    0.1321    4.8154   -4.4931   -0.2412   -6.7344
eta,q 0.97999 10.02543
niter,ni,del,rscale     5    3    5.0000    0.8000
parameters
   -6.5273   -9.1319   10.2076  -12.1177  -15.3902   -6.1585
   -4.2429    0.0928    4.8452   -4.4408   -0.2157   -6.6651
eta,q 0.97994 10.01468
  0.0220  0.0214  0.0212  0.0222  0.0219  0.0223  0.0218  0.0231  0.0213  0.0222  0.0210  0.0209
  0.0209  0.0206  0.0205  0.0212  0.0210  0.0213  0.0208  0.0215  0.0206  0.0211  0.0205  0.0205
  0.0202  0.0202  0.0201  0.0203  0.0203  0.0205  0.0203  0.0205  0.0202  0.0203  0.0202  0.0202
  0.0200  0.0200  0.0200  0.0200  0.0200  0.0200  0.0201  0.0201  0.0201  0.0201  0.0201  0.0201
  0.0202  0.0202  0.0201  0.0203  0.0202  0.0203  0.0203  0.0204  0.0202  0.0203  0.0202  0.0201
  0.0209  0.0206  0.0205  0.0213  0.0210  0.0215  0.0208  0.0216  0.0206  0.0210  0.0205  0.0204
  0.0219  0.0213  0.0211  0.0228  0.0224  0.0231  0.0218  0.0233  0.0213  0.0221  0.0210  0.0209
niter,ni,del,rscale     4    3    5.0000    0.7000
parameters
   -6.5228   -9.1365   10.1885  -11.9354  -15.3179   -6.1715
   -4.2554    0.1029    4.8321   -4.4404   -0.2127   -6.6707
eta,q 0.97996 10.01888
  0.0216  0.0211  0.0209  0.0221  0.0217  0.0221  0.0214  0.0225  0.0210  0.0217  0.0208  0.0207
  0.0207  0.0205  0.0204  0.0212  0.0209  0.0212  0.0206  0.0212  0.0205  0.0208  0.0204  0.0204
  0.0202  0.0202  0.0201  0.0204  0.0203  0.0205  0.0202  0.0204  0.0202  0.0202  0.0201  0.0201
  0.0201  0.0201  0.0201  0.0201  0.0200  0.0200  0.0200  0.0200  0.0200  0.0200  0.0200  0.0200
  0.0202  0.0202  0.0202  0.0202  0.0202  0.0202  0.0202  0.0203  0.0202  0.0202  0.0201  0.0201
  0.0207  0.0205  0.0205  0.0208  0.0207  0.0210  0.0206  0.0212  0.0205  0.0208  0.0204  0.0204
  0.0215  0.0211  0.0209  0.0219  0.0217  0.0223  0.0214  0.0225  0.0210  0.0217  0.0208  0.0207
niter,ni,del,rscale     3    3    5.0000    0.6000
parameters
   -6.5290   -9.1451   10.1916  -11.8873  -15.2643   -6.0968
   -4.2480    0.1119    4.8221   -4.4496   -0.2129   -6.6880
eta,q 0.97997 10.02209
  0.0211  0.0208  0.0207  0.0216  0.0213  0.0217  0.0210  0.0219  0.0207  0.0213  0.0206  0.0205
  0.0205  0.0204  0.0203  0.0208  0.0206  0.0210  0.0205  0.0209  0.0204  0.0206  0.0203  0.0203
  0.0202  0.0201  0.0201  0.0203  0.0202  0.0204  0.0201  0.0203  0.0201  0.0202  0.0201  0.0201
  0.0200  0.0200  0.0200  0.0200  0.0200  0.0200  0.0200  0.0200  0.0200  0.0200  0.0200  0.0200
  0.0202  0.0201  0.0201  0.0202  0.0201  0.0201  0.0201  0.0202  0.0201  0.0202  0.0201  0.0201
  0.0205  0.0204  0.0203  0.0207  0.0205  0.0207  0.0205  0.0209  0.0204  0.0206  0.0203  0.0203
  0.0212  0.0208  0.0207  0.0215  0.0213  0.0217  0.0210  0.0219  0.0208  0.0213  0.0206  0.0205
niter,ni,del,rscale     2    3    5.0000    0.5000
parameters
   -6.5332   -9.1477   10.1897  -11.8830  -15.2310   -5.9990
   -4.2377    0.1221    4.8161   -4.4684   -0.2303   -6.7152
eta,q 0.97998 10.02400
  0.0208  0.0206  0.0205  0.0211  0.0209  0.0213  0.0207  0.0214  0.0205  0.0209  0.0204  0.0204
  0.0204  0.0203  0.0202  0.0205  0.0204  0.0207  0.0203  0.0207  0.0202  0.0204  0.0202  0.0202
  0.0201  0.0201  0.0201  0.0202  0.0202  0.0203  0.0201  0.0202  0.0201  0.0201  0.0201  0.0201
  0.0200  0.0200  0.0200  0.0200  0.0200  0.0200  0.0200  0.0200  0.0200  0.0200  0.0200  0.0200
  0.0201  0.0201  0.0201  0.0201  0.0201  0.0201  0.0201  0.0202  0.0201  0.0201  0.0201  0.0201
  0.0204  0.0203  0.0202  0.0205  0.0204  0.0205  0.0203  0.0206  0.0202  0.0204  0.0202  0.0202
  0.0208  0.0206  0.0205  0.0211  0.0209  0.0212  0.0207  0.0214  0.0205  0.0209  0.0204  0.0204
niter,ni,del,rscale     1    3    5.0000    0.4000
parameters
   -6.5330   -9.1537   10.1860  -11.9009  -15.2059   -5.8995
   -4.2295    0.1379    4.8225   -4.4876   -0.2533   -6.7395
eta,q 0.97999 10.02547
  0.0205  0.0204  0.0203  0.0207  0.0206  0.0209  0.0205  0.0209  0.0203  0.0206  0.0203  0.0202
  0.0202  0.0202  0.0201  0.0203  0.0203  0.0205  0.0202  0.0204  0.0202  0.0203  0.0201  0.0201
  0.0201  0.0201  0.0200  0.0201  0.0201  0.0202  0.0201  0.0201  0.0200  0.0201  0.0200  0.0200
  0.0200  0.0200  0.0200  0.0200  0.0200  0.0200  0.0200  0.0200  0.0200  0.0200  0.0200  0.0200
  0.0201  0.0201  0.0201  0.0201  0.0201  0.0200  0.0201  0.0201  0.0200  0.0201  0.0200  0.0200
  0.0202  0.0202  0.0202  0.0203  0.0202  0.0203  0.0202  0.0204  0.0202  0.0203  0.0201  0.0201
  0.0205  0.0204  0.0203  0.0207  0.0206  0.0208  0.0204  0.0209  0.0203  0.0206  0.0203  0.0203
registration optimization eta report
parameter search radius
    0.8000    0.8000    0.8000    2.4000    2.4000    2.4000
    2.4000    2.4000    2.4000    2.4000    2.4000    2.4000
100000*second partial in parameter space
       78.       54.       44.       12.       10.       14.
        8.       15.        6.       10.        4.        4.
  0.0205  0.0204  0.0203  0.0207  0.0206  0.0209  0.0205  0.0209  0.0203  0.0206  0.0203  0.0202
  0.0202  0.0202  0.0201  0.0203  0.0203  0.0205  0.0202  0.0204  0.0202  0.0203  0.0201  0.0201
  0.0201  0.0201  0.0200  0.0201  0.0201  0.0202  0.0201  0.0201  0.0200  0.0201  0.0200  0.0200
  0.0200  0.0200  0.0200  0.0200  0.0200  0.0200  0.0200  0.0200  0.0200  0.0200  0.0200  0.0200
  0.0201  0.0201  0.0201  0.0201  0.0201  0.0200  0.0201  0.0201  0.0200  0.0201  0.0200  0.0200
  0.0202  0.0202  0.0202  0.0203  0.0202  0.0203  0.0202  0.0204  0.0202  0.0203  0.0201  0.0201
  0.0205  0.0204  0.0203  0.0207  0.0206  0.0208  0.0204  0.0209  0.0203  0.0206  0.0203  0.0203
   -6.5330   -9.1537   10.1860  -11.9009  -15.2059   -5.8995
   -4.2295    0.1379    4.8225   -4.4876   -0.2533   -6.7395
eta,q 0.97999 10.02547

---------------------------------------------------------------------
compute_vox2vox talsrcimg talsrcimg_to_711-2C_as_mni_average_305_t4 /opt/freesurfer/average/711-2C_as_mni_average_305
---------------------------------------------------------------------

freesurfer compute_vox2vox.c
Reading: talsrcimg.4dfp.ifh
Reading: talsrcimg_to_711-2C_as_mni_average_305_t4
Reading: /opt/freesurfer/average/711-2C_as_mni_average_305.4dfp.ifh
Writing: talsrcimg_to_711-2C_as_mni_average_305_t4_vox2vox.txt

start time Thu Mar 12 19:12:37 CET 2026
end		time Thu Mar 12 19:14:06 CET 2026

mpr2mni305 success

avi2talxfm orig_nu.mgz /opt/freesurfer/average/mni305.cor.mgz talsrcimg_to_711-2C_as_mni_average_305_t4_vox2vox.txt transforms/talairach.auto.xfm
avi2talxfm done
mv -f /out/sourcedata/freesurfer/sub-v1s20x0050369_ses-1/mri/talsrcimg_to_711-2C_as_mni_average_305_t4_vox2vox.txt /out/sourcedata/freesurfer/sub-v1s20x0050369_ses-1/mri/transforms/talsrcimg_to_711-2C_as_mni_average_305_t4_vox2vox.txt
lta_convert --src orig_nu.mgz --trg /opt/freesurfer/average/mni305.cor.mgz --inxfm transforms/talairach.auto.xfm --outlta transforms/talairach.auto.xfm.lta --subject fsaverage
7.3.2

--src: orig_nu.mgz src image (geometry).
--trg: /opt/freesurfer/average/mni305.cor.mgz trg image (geometry).
--inmni: transforms/talairach.auto.xfm input MNI/XFM transform.
--outlta: transforms/talairach.auto.xfm.lta output LTA.
--s: fsaverage subject name
 LTA read, type : 1
 1.13199   0.00104   0.05655   7.29402;
-0.00157   1.06674   0.08471  -10.62566;
-0.06446   0.05640   1.18060   9.16328;
 0.00000   0.00000   0.00000   1.00000;
setting subject to fsaverage
Writing  LTA to file transforms/talairach.auto.xfm.lta...
lta_convert successful.
 
 
Started at Thu Mar 12 19:12:37 CET 2026
Ended   at Thu Mar 12 19:14:07 CET 2026
talairach_avi done
