status file for recon-all
Thu Mar 12 15:21:21 CET 2026
#@# MotionCor Thu Mar 12 15:21:22 CET 2026
#@# Talairach Thu Mar 12 15:21:31 CET 2026
#@# Talairach Failure Detection Thu Mar 12 15:26:01 CET 2026
#@# Nu Intensity Correction Thu Mar 12 15:26:01 CET 2026
#@# Intensity Normalization Thu Mar 12 15:29:18 CET 2026
recon-all -s sub-v1s20x0050295_ses-1 finished without error at Thu Mar 12 15:30:48 CET 2026



#New# invocation of recon-all 



status file for recon-all
Thu Mar 12 15:37:30 CET 2026
#@# EM Registration Thu Mar 12 15:37:30 CET 2026
recon-all -s sub-v1s20x0050295_ses-1 finished without error at Thu Mar 12 15:39:46 CET 2026



#New# invocation of recon-all 



status file for recon-all
Thu Mar 12 15:39:48 CET 2026
#@# CA Normalize Thu Mar 12 15:39:48 CET 2026
#@# CA Reg Thu Mar 12 15:41:08 CET 2026
#@# SubCort Seg Thu Mar 12 16:31:30 CET 2026
#@# CC Seg Thu Mar 12 17:05:59 CET 2026
#@# Merge ASeg Thu Mar 12 17:06:44 CET 2026
#@# Intensity Normalization2 Thu Mar 12 17:06:44 CET 2026
#@# Mask BFS Thu Mar 12 17:09:01 CET 2026
#@# WM Segmentation Thu Mar 12 17:09:02 CET 2026
#@# Fill Thu Mar 12 17:11:15 CET 2026
recon-all -s sub-v1s20x0050295_ses-1 finished without error at Thu Mar 12 17:12:19 CET 2026



#New# invocation of recon-all 



status file for recon-all
Thu Mar 12 18:20:26 CET 2026
#@# white curv lh Thu Mar 12 18:20:26 CET 2026
#@# white area lh Thu Mar 12 18:20:26 CET 2026
#@# pial curv lh Thu Mar 12 18:20:26 CET 2026
#@# pial area lh Thu Mar 12 18:20:26 CET 2026
#@# thickness lh Thu Mar 12 18:20:26 CET 2026
#@# area and vertex vol lh Thu Mar 12 18:20:26 CET 2026
#@# white curv rh Thu Mar 12 18:20:26 CET 2026
#@# white area rh Thu Mar 12 18:20:26 CET 2026
#@# pial curv rh Thu Mar 12 18:20:26 CET 2026
#@# pial area rh Thu Mar 12 18:20:26 CET 2026
#@# thickness rh Thu Mar 12 18:20:26 CET 2026
#@# area and vertex vol rh Thu Mar 12 18:20:26 CET 2026
#@# Cortical ribbon mask Thu Mar 12 18:20:26 CET 2026
recon-all -s sub-v1s20x0050295_ses-1 finished without error at Thu Mar 12 18:25:53 CET 2026



#New# invocation of recon-all 



status file for recon-all
Thu Mar 12 18:33:41 CET 2026
#@# white curv lh Thu Mar 12 18:33:41 CET 2026
#@# white area lh Thu Mar 12 18:33:41 CET 2026
#@# pial curv lh Thu Mar 12 18:33:41 CET 2026
#@# pial area lh Thu Mar 12 18:33:41 CET 2026
#@# thickness lh Thu Mar 12 18:33:41 CET 2026
#@# area and vertex vol lh Thu Mar 12 18:33:41 CET 2026
#@# white curv rh Thu Mar 12 18:33:41 CET 2026
#@# white area rh Thu Mar 12 18:33:41 CET 2026
#@# pial curv rh Thu Mar 12 18:33:41 CET 2026
#@# pial area rh Thu Mar 12 18:33:41 CET 2026
#@# thickness rh Thu Mar 12 18:33:41 CET 2026
#@# area and vertex vol rh Thu Mar 12 18:33:41 CET 2026
#@# Curvature Stats lh Thu Mar 12 18:33:41 CET 2026
#@# Curvature Stats rh Thu Mar 12 18:33:44 CET 2026
#@# Relabel Hypointensities Thu Mar 12 18:33:47 CET 2026
#@# APas-to-ASeg Thu Mar 12 18:34:05 CET 2026
#@# AParc-to-ASeg aparc Thu Mar 12 18:34:15 CET 2026
#@# AParc-to-ASeg aparc.a2009s Thu Mar 12 18:35:12 CET 2026
#@# AParc-to-ASeg aparc.DKTatlas Thu Mar 12 18:36:09 CET 2026
#@# WMParc Thu Mar 12 18:37:10 CET 2026
#@# ASeg Stats Thu Mar 12 18:41:22 CET 2026
recon-all -s sub-v1s20x0050295_ses-1 finished without error at Thu Mar 12 18:42:03 CET 2026
