status file for recon-all
Thu Mar 12 17:51:34 CET 2026
#@# Tessellate rh Thu Mar 12 17:51:34 CET 2026
#@# Smooth1 rh Thu Mar 12 17:51:38 CET 2026
#@# Inflation1 rh Thu Mar 12 17:51:41 CET 2026
#@# QSphere rh Thu Mar 12 17:51:57 CET 2026
#@# Fix Topology rh Thu Mar 12 17:53:11 CET 2026
#@# Smooth2 rh Thu Mar 12 18:00:53 CET 2026
#@# Inflation2 rh Thu Mar 12 18:00:56 CET 2026
#@# Curv .H and .K rh Thu Mar 12 18:01:13 CET 2026
#@# Sphere rh Thu Mar 12 18:02:05 CET 2026
#@# Surf Reg rh Thu Mar 12 18:06:33 CET 2026
#@# Jacobian white rh Thu Mar 12 18:11:53 CET 2026
#@# AvgCurv rh Thu Mar 12 18:11:54 CET 2026
#@# Cortical Parc rh Thu Mar 12 18:11:55 CET 2026
#@# white curv rh Thu Mar 12 18:19:04 CET 2026
#@# white area rh Thu Mar 12 18:19:06 CET 2026
#@# pial curv rh Thu Mar 12 18:19:07 CET 2026
#@# pial area rh Thu Mar 12 18:19:09 CET 2026
#@# thickness rh Thu Mar 12 18:19:10 CET 2026
#@# area and vertex vol rh Thu Mar 12 18:19:45 CET 2026
#@# Curvature Stats rh Thu Mar 12 18:19:47 CET 2026
#@# Cortical Parc 2 rh Thu Mar 12 18:19:50 CET 2026
#@# Cortical Parc 3 rh Thu Mar 12 18:20:05 CET 2026
#@# WM/GM Contrast rh Thu Mar 12 18:20:16 CET 2026
recon-all -s sub-v1s20x0050295_ses-1 finished without error at Thu Mar 12 18:20:20 CET 2026



#New# invocation of recon-all 



status file for recon-all
Thu Mar 12 18:29:53 CET 2026
#@# white curv rh Thu Mar 12 18:29:53 CET 2026
#@# white area rh Thu Mar 12 18:29:53 CET 2026
#@# pial curv rh Thu Mar 12 18:29:53 CET 2026
#@# pial area rh Thu Mar 12 18:29:53 CET 2026
#@# thickness rh Thu Mar 12 18:29:53 CET 2026
#@# area and vertex vol rh Thu Mar 12 18:29:53 CET 2026
#@# Parcellation Stats rh Thu Mar 12 18:29:53 CET 2026
#@# Parcellation Stats 2 rh Thu Mar 12 18:30:14 CET 2026
#@# Parcellation Stats 3 rh Thu Mar 12 18:30:25 CET 2026
#@# BA_exvivo Labels rh Thu Mar 12 18:30:36 CET 2026
recon-all -s sub-v1s20x0050295_ses-1 finished without error at Thu Mar 12 18:33:37 CET 2026
