/out/sourcedata/freesurfer/sub-v1s20x0050377_ses-1/mri
/opt/freesurfer/bin/talairach_avi
--i orig_nu.mgz --xfm transforms/talairach.auto.xfm
talairach_avi 7.3.2
Linux dna086 5.14.0-427.37.1.el9_4.x86_64 #1 SMP PREEMPT_DYNAMIC Fri Sep 13 12:41:50 EDT 2024 x86_64 x86_64 x86_64 GNU/Linux
Thu Mar 12 19:17:06 CET 2026
mri_convert orig_nu.mgz talsrcimg.img 
reading from orig_nu.mgz...
TR=0.00, TE=0.00, TI=0.00, flip angle=0.00
i_ras = (-1, 0, 0)
j_ras = (0, 0, -1)
k_ras = (0, 1, 0)
writing to talsrcimg.img...
Analyze Output Matrix
-1.00000   0.00000   0.00000   129.50781;
 0.00000   0.00000   1.00000  -128.49219;
 0.00000  -1.00000   0.00000   129.60004;
 0.00000   0.00000   0.00000   1.00000;
--------------------
INFO: set hdr.hist.orient to -1
mpr2mni305 talsrcimg
Thu Mar 12 19:17:06 CET 2026
/opt/freesurfer/bin/mpr2mni305 talsrcimg
mpr2mni305 7.3.2
target=711-2C_as_mni_average_305

---------------------------------------------------------------------
analyzeto4dfp talsrcimg -O0 -y
---------------------------------------------------------------------

freesurfer ifh2hdr.c
Thu Mar 12 19:17:06 2026
Writing: talsrcimg.4dfp.hdr
freesurfer analyzeto4dfp.c
Reading: talsrcimg.hdr
header size 348 bytes
hdr.dime.datatype	offset=70	value=2
hdr.dime.bitpix		offset=72	value=8
hdr.hist.orient		offset=252	value=-1
dimensionality     4
dimensions       256       256       256         1
Reading: talsrcimg.img
Writing: talsrcimg.4dfp.img
Writing: talsrcimg.4dfp.ifh
ifh2hdr talsrcimg -r0to254
ori=2

---------------------------------------------------------------------
gauss_4dfp talsrcimg 1.1
---------------------------------------------------------------------

freesurfer gauss_4dfp.c
Reading: talsrcimg.4dfp.img
Writing: talsrcimg_g11.4dfp.img
image dimensions 256 256 256 padded to 288 288 288
processing volume 1freesurfer ifh2hdr.c
Thu Mar 12 19:17:08 2026
Writing: talsrcimg_g11.4dfp.hdr

Writing: talsrcimg_g11.4dfp.ifh
including: talsrcimg.4dfp.img.rec in talsrcimg_g11.4dfp.img.rec

---------------------------------------------------------------------
imgreg_4dfp /opt/freesurfer/average/711-2C_as_mni_average_305 none talsrcimg_g11 none talsrcimg_to_711-2C_as_mni_average_305_t4 4355
---------------------------------------------------------------------

freesurfer imgreg_4dfp.c
/opt/freesurfer/average/711-2C_as_mni_average_305.4dfp.img
       256       256       256         1
  1.000000  1.000000  1.000000
orientation T byte_order littleendian
Reading image: /opt/freesurfer/average/711-2C_as_mni_average_305.4dfp.img
dimensions:      256       256       256
mmppix:       1.0000   -1.0000   -1.0000
center:     128.0000 -129.0000 -129.0000
talsrcimg_g11.4dfp.img
       256       256       256         1
  1.000000  1.000000  1.000000
orientation T byte_order littleendian
Reading image: talsrcimg_g11.4dfp.img
dimensions:      256       256       256
mmppix:       1.0000   -1.0000   -1.0000
center:     128.0000 -129.0000 -129.0000
t4_read: open error in t4_sub.f l:  41 t4_file(1:l)talsrcimg_to_711-2C_as_mni_average_305_t4 
t4_read: transform initialized to I4
rotation matrix determinant  1.000000
image alignment mode   4355 decimal     1103 hex
   -7.5000  -45.0000  -45.0000 8061.4736   19.3463
    0.0000  -45.0000  -45.0000 8412.2275   19.4040
    7.5000  -45.0000  -45.0000 8049.4004   19.3969
   -7.5000  -37.5000  -45.0000 8603.9668   19.3384
    0.0000  -37.5000  -45.0000 8974.0527   19.3874
    7.5000  -37.5000  -45.0000 8579.9053   19.3852
   -7.5000  -30.0000  -45.0000 9394.6416   19.3190
    0.0000  -30.0000  -45.0000 9789.4365   19.3558
    7.5000  -30.0000  -45.0000 9346.1826   19.3537
   -7.5000  -22.5000  -45.000010085.9258   19.3054
    0.0000  -22.5000  -45.000010523.1689   19.3399
    7.5000  -22.5000  -45.000010051.6230   19.3336
   -7.5000  -15.0000  -45.000010709.0479   19.3097
    0.0000  -15.0000  -45.000011202.8242   19.3540
    7.5000  -15.0000  -45.000010695.6934   19.3440
   -7.5000   -7.5000  -45.000011308.1650   19.3312
    0.0000   -7.5000  -45.000011799.2773   19.3864
    7.5000   -7.5000  -45.000011285.6699   19.3760
   -7.5000    0.0000  -45.000011875.8945   19.3463
    0.0000    0.0000  -45.000012390.0674   19.4040
    7.5000    0.0000  -45.000011822.0459   19.3969
   -7.5000    7.5000  -45.000011561.6592   19.3384
    0.0000    7.5000  -45.000012076.2168   19.3874
    7.5000    7.5000  -45.000011501.6924   19.3852
   -7.5000   15.0000  -45.000011130.1318   19.3190
    0.0000   15.0000  -45.000011620.2969   19.3558
    7.5000   15.0000  -45.000011073.9336   19.3537
   -7.5000   22.5000  -45.000010482.3721   19.3028
    0.0000   22.5000  -45.000010945.4141   19.3372
    7.5000   22.5000  -45.000010425.4092   19.3310
   -7.5000   30.0000  -45.0000 9701.3711   19.0524
    0.0000   30.0000  -45.000010115.9951   19.0960
    7.5000   30.0000  -45.0000 9627.3574   19.0862
   -7.5000   37.5000  -45.0000 9239.5293   19.0736
    0.0000   37.5000  -45.0000 9631.8350   19.1281
    7.5000   37.5000  -45.0000 9158.8213   19.1178
   -7.5000   45.0000  -45.0000 8370.1387   18.6038
    0.0000   45.0000  -45.0000 8727.0791   18.6592
    7.5000   45.0000  -45.0000 8256.8730   18.6525
   -7.5000  -45.0000  -37.5000 8625.0039   19.2283
    0.0000  -45.0000  -37.5000 9003.6924   19.2753
    7.5000  -45.0000  -37.5000 8605.9141   19.2592
   -7.5000  -37.5000  -37.5000 9184.7422   19.2266
    0.0000  -37.5000  -37.5000 9583.8955   19.2643
    7.5000  -37.5000  -37.5000 9174.0664   19.2481
   -7.5000  -30.0000  -37.500010025.8994   19.2088
    0.0000  -30.0000  -37.500010446.2373   19.2393
    7.5000  -30.0000  -37.5000 9983.3096   19.2211
   -7.5000  -22.5000  -37.500010779.7334   19.1903
    0.0000  -22.5000  -37.500011198.9082   19.2238
    7.5000  -22.5000  -37.500010740.8164   19.2039
   -7.5000  -15.0000  -37.500011418.5039   19.1898
    0.0000  -15.0000  -37.500011887.5088   19.2341
    7.5000  -15.0000  -37.500011385.2998   19.2149
   -7.5000   -7.5000  -37.500012021.3174   19.2101
    0.0000   -7.5000  -37.500012509.7295   19.2607
    7.5000   -7.5000  -37.500011962.8809   19.2432
   -7.5000    0.0000  -37.500012581.9609   19.2283
    0.0000    0.0000  -37.500013098.0078   19.2753
    7.5000    0.0000  -37.500012514.6484   19.2592
   -7.5000    7.5000  -37.500012224.5293   19.2266
    0.0000    7.5000  -37.500012733.8379   19.2643
    7.5000    7.5000  -37.500012164.7764   19.2481
   -7.5000   15.0000  -37.500011730.6992   19.2088
    0.0000   15.0000  -37.500012203.9385   19.2393
    7.5000   15.0000  -37.500011657.8838   19.2211
   -7.5000   22.5000  -37.500011024.0547   19.1876
    0.0000   22.5000  -37.500011488.4512   19.2211
    7.5000   22.5000  -37.500010960.8770   19.2012
   -7.5000   30.0000  -37.500010178.1572   18.9341
    0.0000   30.0000  -37.500010598.9717   18.9778
    7.5000   30.0000  -37.500010099.7764   18.9589
   -7.5000   37.5000  -37.5000 9639.1045   18.9541
    0.0000   37.5000  -37.500010043.6348   19.0041
    7.5000   37.5000  -37.5000 9544.5117   18.9868
   -7.5000   45.0000  -37.5000 8719.0264   18.4903
    0.0000   45.0000  -37.5000 9079.2266   18.5356
    7.5000   45.0000  -37.5000 8605.0664   18.5201
   -7.5000  -45.0000  -30.0000 9371.5879   20.0518
    0.0000  -45.0000  -30.0000 9789.3291   20.0970
    7.5000  -45.0000  -30.0000 9333.8135   20.0700
   -7.5000  -37.5000  -30.0000 9967.2080   20.0445
    0.0000  -37.5000  -30.000010404.3086   20.0809
    7.5000  -37.5000  -30.0000 9923.3662   20.0547
   -7.5000  -30.0000  -30.000010868.8203   20.0325
    0.0000  -30.0000  -30.000011321.9111   20.0639
    7.5000  -30.0000  -30.000010797.7529   20.0346
   -7.5000  -22.5000  -30.000011694.4717   20.0264
    0.0000  -22.5000  -30.000012159.7646   20.0620
    7.5000  -22.5000  -30.000011614.0146   20.0292
   -7.5000  -15.0000  -30.000012387.7490   20.0334
    0.0000  -15.0000  -30.000012879.2715   20.0790
    7.5000  -15.0000  -30.000012272.7109   20.0455
   -7.5000   -7.5000  -30.000012990.2197   20.0468
    0.0000   -7.5000  -30.000013505.0059   20.0970
    7.5000   -7.5000  -30.000012855.0908   20.0662
   -7.5000    0.0000  -30.000013554.4189   20.0518
    0.0000    0.0000  -30.000014107.5469   20.0970
    7.5000    0.0000  -30.000013415.3555   20.0700
   -7.5000    7.5000  -30.000013168.5068   20.0445
    0.0000    7.5000  -30.000013687.5361   20.0809
    7.5000    7.5000  -30.000013045.1611   20.0547
   -7.5000   15.0000  -30.000012601.0312   20.0325
    0.0000   15.0000  -30.000013100.4395   20.0639
    7.5000   15.0000  -30.000012494.7881   20.0346
   -7.5000   22.5000  -30.000011816.7773   20.0216
    0.0000   22.5000  -30.000012286.5977   20.0572
    7.5000   22.5000  -30.000011719.2920   20.0243
   -7.5000   30.0000  -30.000010884.7031   19.7683
    0.0000   30.0000  -30.000011321.9268   19.8133
    7.5000   30.0000  -30.000010784.3086   19.7802
   -7.5000   37.5000  -30.000010269.0088   19.7816
    0.0000   37.5000  -30.000010677.7588   19.8311
    7.5000   37.5000  -30.000010134.6426   19.8007
   -7.5000   45.0000  -30.0000 9270.3945   19.2964
    0.0000   45.0000  -30.0000 9636.9766   19.3399
    7.5000   45.0000  -30.0000 9124.2148   19.3139
   -7.5000  -45.0000  -22.500010130.6025   20.7444
    0.0000  -45.0000  -22.500010547.3779   20.7986
    7.5000  -45.0000  -22.500010027.8291   20.7693
   -7.5000  -37.5000  -22.500010769.0557   20.7246
    0.0000  -37.5000  -22.500011209.3457   20.7731
    7.5000  -37.5000  -22.500010645.2539   20.7503
   -7.5000  -30.0000  -22.500011729.1074   20.7186
    0.0000  -30.0000  -22.500012197.2080   20.7592
    7.5000  -30.0000  -22.500011578.9092   20.7346
   -7.5000  -22.5000  -22.500012602.7109   20.7321
    0.0000  -22.5000  -22.500013124.8086   20.7705
    7.5000  -22.5000  -22.500012418.9580   20.7378
   -7.5000  -15.0000  -22.500013355.5400   20.7513
    0.0000  -15.0000  -22.500013868.8047   20.7963
    7.5000  -15.0000  -22.500013078.7998   20.7568
   -7.5000   -7.5000  -22.500013980.3447   20.7577
    0.0000   -7.5000  -22.500014515.1006   20.8103
    7.5000   -7.5000  -22.500013733.6709   20.7727
   -7.5000    0.0000  -22.500014587.3584   20.7444
    0.0000    0.0000  -22.500015142.8672   20.7986
    7.5000    0.0000  -22.500014339.0801   20.7693
   -7.5000    7.5000  -22.500014140.2344   20.7246
    0.0000    7.5000  -22.500014680.1006   20.7731
    7.5000    7.5000  -22.500013909.6133   20.7503
   -7.5000   15.0000  -22.500013509.0879   20.7186
    0.0000   15.0000  -22.500014027.7441   20.7592
    7.5000   15.0000  -22.500013323.8213   20.7346
   -7.5000   22.5000  -22.500012596.4834   20.7257
    0.0000   22.5000  -22.500013080.1846   20.7641
    7.5000   22.5000  -22.500012435.9570   20.7314
   -7.5000   30.0000  -22.500011582.8789   20.4799
    0.0000   30.0000  -22.500012019.7549   20.5243
    7.5000   30.0000  -22.500011435.5361   20.4853
   -7.5000   37.5000  -22.500010901.0449   20.4862
    0.0000   37.5000  -22.500011295.2764   20.5381
    7.5000   37.5000  -22.500010712.7236   20.5010
   -7.5000   45.0000  -22.5000 9812.0820   19.9779
    0.0000   45.0000  -22.500010186.8232   20.0301
    7.5000   45.0000  -22.5000 9646.9951   20.0019
   -7.5000  -45.0000  -15.000010879.9189   21.2389
    0.0000  -45.0000  -15.000011302.8086   21.3037
    7.5000  -45.0000  -15.000010709.7520   21.2807
   -7.5000  -37.5000  -15.000011606.2588   21.2078
    0.0000  -37.5000  -15.000012040.8906   21.2695
    7.5000  -37.5000  -15.000011371.1445   21.2593
   -7.5000  -30.0000  -15.000012626.7822   21.1996
    0.0000  -30.0000  -15.000013108.7188   21.2492
    7.5000  -30.0000  -15.000012389.7314   21.2397
   -7.5000  -22.5000  -15.000013534.8828   21.2229
    0.0000  -22.5000  -15.000014052.2803   21.2635
    7.5000  -22.5000  -15.000013205.8623   21.2418
   -7.5000  -15.0000  -15.000014266.8369   21.2518
    0.0000  -15.0000  -15.000014761.8174   21.2963
    7.5000  -15.0000  -15.000013862.8584   21.2620
   -7.5000   -7.5000  -15.000014938.6445   21.2596
    0.0000   -7.5000  -15.000015459.5986   21.3162
    7.5000   -7.5000  -15.000014553.1895   21.2815
   -7.5000    0.0000  -15.000015569.1836   21.2389
    0.0000    0.0000  -15.000016105.7227   21.3037
    7.5000    0.0000  -15.000015179.3281   21.2807
   -7.5000    7.5000  -15.000015056.7227   21.2078
    0.0000    7.5000  -15.000015577.8330   21.2695
    7.5000    7.5000  -15.000014722.5967   21.2593
   -7.5000   15.0000  -15.000014356.9492   21.1996
    0.0000   15.0000  -15.000014850.5830   21.2492
    7.5000   15.0000  -15.000014061.8506   21.2397
   -7.5000   22.5000  -15.000013379.1484   21.2154
    0.0000   22.5000  -15.000013850.5996   21.2560
    7.5000   22.5000  -15.000013124.2324   21.2343
   -7.5000   30.0000  -15.000012298.1416   20.9768
    0.0000   30.0000  -15.000012718.4072   21.0207
    7.5000   30.0000  -15.000012054.8301   20.9868
   -7.5000   37.5000  -15.000011542.8184   20.9845
    0.0000   37.5000  -15.000011930.8125   21.0403
    7.5000   37.5000  -15.000011289.2266   21.0061
   -7.5000   45.0000  -15.000010345.2617   20.4664
    0.0000   45.0000  -15.000010722.2256   20.5289
    7.5000   45.0000  -15.000010141.3232   20.5068
   -7.5000  -45.0000   -7.500011635.6006   21.4703
    0.0000  -45.0000   -7.500012046.2480   21.5387
    7.5000  -45.0000   -7.500011398.0332   21.5270
   -7.5000  -37.5000   -7.500012394.2031   21.4442
    0.0000  -37.5000   -7.500012843.1426   21.5070
    7.5000  -37.5000   -7.500012141.2891   21.5077
   -7.5000  -30.0000   -7.500013557.6914   21.4284
    0.0000  -30.0000   -7.500014047.5820   21.4761
    7.5000  -30.0000   -7.500013273.8623   21.4787
   -7.5000  -22.5000   -7.500014554.6602   21.4383
    0.0000  -22.5000   -7.500015064.5566   21.4774
    7.5000  -22.5000   -7.500014085.4863   21.4692
   -7.5000  -15.0000   -7.500015268.7285   21.4606
    0.0000  -15.0000   -7.500015667.8545   21.5066
    7.5000  -15.0000   -7.500014671.5693   21.4868
   -7.5000   -7.5000   -7.500015912.5615   21.4770
    0.0000   -7.5000   -7.500016301.2842   21.5370
    7.5000   -7.5000   -7.500015339.9561   21.5156
   -7.5000    0.0000   -7.500016539.5449   21.4703
    0.0000    0.0000   -7.500016970.3457   21.5387
    7.5000    0.0000   -7.500016002.0186   21.5270
   -7.5000    7.5000   -7.500015985.2168   21.4442
    0.0000    7.5000   -7.500016427.3438   21.5070
    7.5000    7.5000   -7.500015522.8486   21.5077
   -7.5000   15.0000   -7.500015218.1865   21.4284
    0.0000   15.0000   -7.500015662.7998   21.4761
    7.5000   15.0000   -7.500014798.0146   21.4787
   -7.5000   22.5000   -7.500014191.6797   21.4284
    0.0000   22.5000   -7.500014631.2070   21.4675
    7.5000   22.5000   -7.500013815.9707   21.4593
   -7.5000   30.0000   -7.500013044.3105   21.1823
    0.0000   30.0000   -7.500013455.7119   21.2277
    7.5000   30.0000   -7.500012714.2070   21.2081
   -7.5000   37.5000   -7.500012232.9141   21.1985
    0.0000   37.5000   -7.500012626.7803   21.2577
    7.5000   37.5000   -7.500011927.4824   21.2366
   -7.5000   45.0000   -7.500010919.2051   20.6933
    0.0000   45.0000   -7.500011290.1934   20.7592
    7.5000   45.0000   -7.500010657.6514   20.7480
   -7.5000  -45.0000    0.000012247.0127   21.5021
    0.0000  -45.0000    0.000012678.5527   21.5652
    7.5000  -45.0000    0.000011992.5576   21.5574
   -7.5000  -37.5000    0.000013015.9707   21.4929
    0.0000  -37.5000    0.000013497.3633   21.5466
    7.5000  -37.5000    0.000012798.8447   21.5443
   -7.5000  -30.0000    0.000014329.5723   21.4720
    0.0000  -30.0000    0.000014909.9492   21.5123
    7.5000  -30.0000    0.000014034.5400   21.5099
   -7.5000  -22.5000    0.000015587.6875   21.4581
    0.0000  -22.5000    0.000016122.8428   21.4956
    7.5000  -22.5000    0.000014911.1152   21.4882
   -7.5000  -15.0000    0.000016327.4404   21.4634
    0.0000  -15.0000    0.000016591.0430   21.5116
    7.5000  -15.0000    0.000015469.6611   21.5000
   -7.5000   -7.5000    0.000016864.2754   21.4865
    0.0000   -7.5000    0.000017066.5762   21.5469
    7.5000   -7.5000    0.000016082.7734   21.5349
   -7.5000    0.0000    0.000017423.3594   21.5021
    0.0000    0.0000    0.000017738.3555   21.5652
    7.5000    0.0000    0.000016759.7285   21.5574
   -7.5000    7.5000    0.000016843.8047   21.4929
    0.0000    7.5000    0.000017240.0293   21.5466
    7.5000    7.5000    0.000016280.7637   21.5443
   -7.5000   15.0000    0.000016030.0166   21.4720
    0.0000   15.0000    0.000016445.2090   21.5123
    7.5000   15.0000    0.000015523.7441   21.5099
   -7.5000   22.5000    0.000014920.6260   21.4482
    0.0000   22.5000    0.000015330.5283   21.4857
    7.5000   22.5000    0.000014473.7266   21.4783
   -7.5000   30.0000    0.000013681.8809   21.1856
    0.0000   30.0000    0.000014119.3330   21.2332
    7.5000   30.0000    0.000013316.8975   21.2217
   -7.5000   37.5000    0.000012835.1807   21.2085
    0.0000   37.5000    0.000013258.7432   21.2680
    7.5000   37.5000    0.000012510.3242   21.2562
   -7.5000   45.0000    0.000011440.4404   20.7255
    0.0000   45.0000    0.000011819.9268   20.7864
    7.5000   45.0000    0.000011135.2285   20.7789
   -7.5000  -45.0000    7.500011905.3457   21.5169
    0.0000  -45.0000    7.500012339.4102   21.5695
    7.5000  -45.0000    7.500011685.6885   21.5515
   -7.5000  -37.5000    7.500012678.5166   21.5150
    0.0000  -37.5000    7.500013154.3955   21.5572
    7.5000  -37.5000    7.500012474.9678   21.5391
   -7.5000  -30.0000    7.500014060.7988   21.4951
    0.0000  -30.0000    7.500014591.5176   21.5292
    7.5000  -30.0000    7.500013668.5527   21.5088
   -7.5000  -22.5000    7.500015267.3584   21.4743
    0.0000  -22.5000    7.500015846.7119   21.5118
    7.5000  -22.5000    7.500014625.6807   21.4895
   -7.5000  -15.0000    7.500015953.0713   21.4739
    0.0000  -15.0000    7.500016439.5469   21.5234
    7.5000  -15.0000    7.500015294.1631   21.5019
   -7.5000   -7.5000    7.500016426.9297   21.4965
    0.0000   -7.5000    7.500016873.1855   21.5532
    7.5000   -7.5000    7.500015873.5068   21.5336
   -7.5000    0.0000    7.500016946.9336   21.5169
    0.0000    0.0000    7.500017468.5430   21.5695
    7.5000    0.0000    7.500016451.8535   21.5515
   -7.5000    7.5000    7.500016374.6934   21.5150
    0.0000    7.5000    7.500016921.3652   21.5572
    7.5000    7.5000    7.500015947.9326   21.5391
   -7.5000   15.0000    7.500015574.1465   21.4951
    0.0000   15.0000    7.500016068.5391   21.5292
    7.5000   15.0000    7.500015170.6357   21.5088
   -7.5000   22.5000    7.500014491.2539   21.4644
    0.0000   22.5000    7.500014955.4922   21.5019
    7.5000   22.5000    7.500014126.8535   21.4796
   -7.5000   30.0000    7.500013333.9688   21.1959
    0.0000   30.0000    7.500013764.8418   21.2449
    7.5000   30.0000    7.500012977.3857   21.2237
   -7.5000   37.5000    7.500012486.4297   21.2183
    0.0000   37.5000    7.500012896.5996   21.2743
    7.5000   37.5000    7.500012174.1465   21.2549
   -7.5000   45.0000    7.500011108.8203   20.7398
    0.0000   45.0000    7.500011491.0869   20.7906
    7.5000   45.0000    7.500010849.3428   20.7732
   -7.5000  -45.0000   15.000011366.3096   21.5324
    0.0000  -45.0000   15.000011836.5547   21.5809
    7.5000  -45.0000   15.000011232.0996   21.5519
   -7.5000  -37.5000   15.000012167.5752   21.5245
    0.0000  -37.5000   15.000012638.7949   21.5636
    7.5000  -37.5000   15.000011989.2354   21.5355
   -7.5000  -30.0000   15.000013395.2119   21.5117
    0.0000  -30.0000   15.000013960.6006   21.5453
    7.5000  -30.0000   15.000013087.3799   21.5139
   -7.5000  -22.5000   15.000014281.5469   21.5051
    0.0000  -22.5000   15.000015040.5312   21.5433
    7.5000  -22.5000   15.000014004.3809   21.5080
   -7.5000  -15.0000   15.000014924.0361   21.5126
    0.0000  -15.0000   15.000015726.7471   21.5616
    7.5000  -15.0000   15.000014725.3965   21.5255
   -7.5000   -7.5000   15.000015555.1328   21.5270
    0.0000   -7.5000   15.000016339.8477   21.5809
    7.5000   -7.5000   15.000015355.6650   21.5478
   -7.5000    0.0000   15.000016130.7793   21.5324
    0.0000    0.0000   15.000016914.1211   21.5809
    7.5000    0.0000   15.000015941.8027   21.5519
   -7.5000    7.5000   15.000015619.1260   21.5245
    0.0000    7.5000   15.000016344.3125   21.5636
    7.5000    7.5000   15.000015418.0293   21.5355
   -7.5000   15.0000   15.000014858.4512   21.5117
    0.0000   15.0000   15.000015472.1104   21.5453
    7.5000   15.0000   15.000014606.9854   21.5139
   -7.5000   22.5000   15.000013829.1309   21.4952
    0.0000   22.5000   15.000014359.8203   21.5334
    7.5000   22.5000   15.000013560.1084   21.4981
   -7.5000   30.0000   15.000012760.6846   21.2341
    0.0000   30.0000   15.000013217.7207   21.2825
    7.5000   30.0000   15.000012450.9199   21.2469
   -7.5000   37.5000   15.000011909.8857   21.2484
    0.0000   37.5000   15.000012334.1533   21.3016
    7.5000   37.5000   15.000011675.1924   21.2690
   -7.5000   45.0000   15.000010596.6768   20.7547
    0.0000   45.0000   15.000010962.9092   20.8015
    7.5000   45.0000   15.000010374.9189   20.7736
   -7.5000  -45.0000   22.500010735.3057   21.5351
    0.0000  -45.0000   22.500011195.7207   21.5913
    7.5000  -45.0000   22.500010645.8037   21.5609
   -7.5000  -37.5000   22.500011479.3047   21.5145
    0.0000  -37.5000   22.500011971.3291   21.5649
    7.5000  -37.5000   22.500011351.7383   21.5412
   -7.5000  -30.0000   22.500012529.6641   21.5083
    0.0000  -30.0000   22.500013103.8115   21.5504
    7.5000  -30.0000   22.500012341.0391   21.5249
   -7.5000  -22.5000   22.500013290.2705   21.5223
    0.0000  -22.5000   22.500014009.9863   21.5622
    7.5000  -22.5000   22.500013178.7939   21.5282
   -7.5000  -15.0000   22.500013965.7891   21.5422
    0.0000  -15.0000   22.500014677.7422   21.5889
    7.5000  -15.0000   22.500013889.3652   21.5480
   -7.5000   -7.5000   22.500014669.0762   21.5489
    0.0000   -7.5000   22.500015354.5635   21.6035
    7.5000   -7.5000   22.500014533.3750   21.5645
   -7.5000    0.0000   22.500015293.1055   21.5351
    0.0000    0.0000   22.500015973.0713   21.5913
    7.5000    0.0000   22.500015118.7832   21.5609
   -7.5000    7.5000   22.500014813.5576   21.5145
    0.0000    7.5000   22.500015461.5117   21.5649
    7.5000    7.5000   22.500014643.8135   21.5412
   -7.5000   15.0000   22.500014065.0879   21.5083
    0.0000   15.0000   22.500014656.1689   21.5504
    7.5000   15.0000   22.500013864.4375   21.5249
   -7.5000   22.5000   22.500013054.3330   21.5123
    0.0000   22.5000   22.500013583.5859   21.5523
    7.5000   22.5000   22.500012842.9766   21.5183
   -7.5000   30.0000   22.500011983.4668   21.2634
    0.0000   30.0000   22.500012450.9307   21.3095
    7.5000   30.0000   22.500011766.4766   21.2691
   -7.5000   37.5000   22.500011201.1309   21.2700
    0.0000   37.5000   22.500011614.2422   21.3239
    7.5000   37.5000   22.500011020.0020   21.2854
   -7.5000   45.0000   22.5000 9982.7715   20.7573
    0.0000   45.0000   22.500010333.3662   20.8115
    7.5000   45.0000   22.5000 9816.9355   20.7822
   -7.5000  -45.0000   30.000010033.9854   21.6128
    0.0000  -45.0000   30.000010408.0029   21.6789
    7.5000  -45.0000   30.0000 9896.1875   21.6554
   -7.5000  -37.5000   30.000010678.5918   21.5808
    0.0000  -37.5000   30.000011085.7764   21.6437
    7.5000  -37.5000   30.000010536.7949   21.6332
   -7.5000  -30.0000   30.000011589.7207   21.5724
    0.0000  -30.0000   30.000012057.6973   21.6229
    7.5000  -30.0000   30.000011449.2568   21.6133
   -7.5000  -22.5000   30.000012324.5391   21.5963
    0.0000  -22.5000   30.000012860.7266   21.6378
    7.5000  -22.5000   30.000012267.7227   21.6157
   -7.5000  -15.0000   30.000013008.2314   21.6261
    0.0000  -15.0000   30.000013549.3271   21.6715
    7.5000  -15.0000   30.000012956.9932   21.6365
   -7.5000   -7.5000   30.000013661.1426   21.6342
    0.0000   -7.5000   30.000014210.2080   21.6919
    7.5000   -7.5000   30.000013561.3691   21.6564
   -7.5000    0.0000   30.000014236.3164   21.6128
    0.0000    0.0000   30.000014820.2334   21.6789
    7.5000    0.0000   30.000014108.4004   21.6554
   -7.5000    7.5000   30.000013810.2842   21.5808
    0.0000    7.5000   30.000014381.4238   21.6437
    7.5000    7.5000   30.000013679.6631   21.6332
   -7.5000   15.0000   30.000013131.5566   21.5724
    0.0000   15.0000   30.000013642.2061   21.6229
    7.5000   15.0000   30.000012955.8047   21.6133
   -7.5000   22.5000   30.000012182.8604   21.5864
    0.0000   22.5000   30.000012637.9912   21.6279
    7.5000   22.5000   30.000012017.2617   21.6057
   -7.5000   30.0000   30.000011104.4189   21.3462
    0.0000   30.0000   30.000011533.7930   21.3910
    7.5000   30.0000   30.000010980.3496   21.3565
   -7.5000   37.5000   30.000010366.2148   21.3542
    0.0000   37.5000   30.000010782.0742   21.4111
    7.5000   37.5000   30.000010263.2715   21.3761
   -7.5000   45.0000   30.0000 9262.9668   20.8322
    0.0000   45.0000   30.0000 9632.8867   20.8960
    7.5000   45.0000   30.0000 9156.6953   20.8733
   -7.5000  -45.0000   37.5000 9646.1260   21.8101
    0.0000  -45.0000   37.5000 9981.5176   21.8820
    7.5000  -45.0000   37.5000 9510.0410   21.8701
   -7.5000  -37.5000   37.500010218.2617   21.7835
    0.0000  -37.5000   37.500010607.5850   21.8499
    7.5000  -37.5000   37.500010110.7686   21.8507
   -7.5000  -30.0000   37.500011068.0254   21.7668
    0.0000  -30.0000   37.500011517.7139   21.8178
    7.5000  -30.0000   37.500010978.8320   21.8203
   -7.5000  -22.5000   37.500011795.9248   21.7763
    0.0000  -22.5000   37.500012294.0518   21.8181
    7.5000  -22.5000   37.500011773.5098   21.8096
   -7.5000  -15.0000   37.500012451.6035   21.7988
    0.0000  -15.0000   37.500012976.1260   21.8474
    7.5000  -15.0000   37.500012452.9736   21.8271
   -7.5000   -7.5000   37.500013098.6084   21.8161
    0.0000   -7.5000   37.500013601.5547   21.8791
    7.5000   -7.5000   37.500013023.0107   21.8573
   -7.5000    0.0000   37.500013641.8428   21.8101
    0.0000    0.0000   37.500014195.9824   21.8820
    7.5000    0.0000   37.500013562.2500   21.8701
   -7.5000    7.5000   37.500013230.7168   21.7835
    0.0000    7.5000   37.500013779.3877   21.8499
    7.5000    7.5000   37.500013147.9023   21.8507
   -7.5000   15.0000   37.500012567.7949   21.7668
    0.0000   15.0000   37.500013087.3066   21.8178
    7.5000   15.0000   37.500012465.9805   21.8203
   -7.5000   22.5000   37.500011687.6758   21.7663
    0.0000   22.5000   37.500012144.1055   21.8080
    7.5000   22.5000   37.500011561.4854   21.7995
   -7.5000   30.0000   37.500010646.2393   21.5167
    0.0000   30.0000   37.500011077.9150   21.5647
    7.5000   30.0000   37.500010558.1816   21.5446
   -7.5000   37.5000   37.5000 9947.0332   21.5337
    0.0000   37.5000   37.500010349.4717   21.5960
    7.5000   37.5000   37.5000 9881.7012   21.5745
   -7.5000   45.0000   37.5000 8880.3574   21.0224
    0.0000   45.0000   37.5000 9242.3057   21.0917
    7.5000   45.0000   37.5000 8829.4600   21.0803
   -7.5000  -45.0000   45.0000 8857.7266   22.0998
    0.0000  -45.0000   45.0000 9180.1035   22.1677
    7.5000  -45.0000   45.0000 8735.8662   22.1599
   -7.5000  -37.5000   45.0000 9381.3223   22.0891
    0.0000  -37.5000   45.0000 9732.4307   22.1474
    7.5000  -37.5000   45.0000 9268.1680   22.1458
   -7.5000  -30.0000   45.000010149.9834   22.0649
    0.0000  -30.0000   45.000010535.1367   22.1092
    7.5000  -30.0000   45.000010054.5654   22.1074
   -7.5000  -22.5000   45.000010799.5332   22.0490
    0.0000  -22.5000   45.000011228.5938   22.0902
    7.5000  -22.5000   45.000010771.8857   22.0821
   -7.5000  -15.0000   45.000011386.3291   22.0551
    0.0000  -15.0000   45.000011862.0977   22.1073
    7.5000  -15.0000   45.000011386.4531   22.0942
   -7.5000   -7.5000   45.000011977.4844   22.0817
    0.0000   -7.5000   45.000012441.9570   22.1466
    7.5000   -7.5000   45.000011937.5293   22.1336
   -7.5000    0.0000   45.000012498.9043   22.0998
    0.0000    0.0000   45.000012982.7822   22.1677
    7.5000    0.0000   45.000012424.5371   22.1599
   -7.5000    7.5000   45.000012114.4043   22.0891
    0.0000    7.5000   45.000012611.1504   22.1474
    7.5000    7.5000   45.000012051.6816   22.1458
   -7.5000   15.0000   45.000011510.8896   22.0649
    0.0000   15.0000   45.000011981.0869   22.1092
    7.5000   15.0000   45.000011450.4990   22.1074
   -7.5000   22.5000   45.000010710.2490   22.0388
    0.0000   22.5000   45.000011116.3301   22.0800
    7.5000   22.5000   45.000010606.2070   22.0719
   -7.5000   30.0000   45.0000 9765.7891   21.7677
    0.0000   30.0000   45.000010144.2559   21.8193
    7.5000   30.0000   45.0000 9685.3945   21.8063
   -7.5000   37.5000   45.0000 9140.3184   21.7941
    0.0000   37.5000   45.0000 9494.2617   21.8581
    7.5000   37.5000   45.0000 9058.5391   21.8453
   -7.5000   45.0000   45.0000 8160.7285   21.3113
    0.0000   45.0000   45.0000 8476.8389   21.3768
    7.5000   45.0000   45.0000 8096.7324   21.3692

---------------------------------------------------------------------
imgreg_4dfp /opt/freesurfer/average/711-2C_as_mni_average_305 /opt/freesurfer/average/711-2B_as_mni_average_305_mask talsrcimg_g11 none talsrcimg_to_711-2C_as_mni_average_305_t4 4355
---------------------------------------------------------------------

freesurfer imgreg_4dfp.c
/opt/freesurfer/average/711-2C_as_mni_average_305.4dfp.img
       256       256       256         1
  1.000000  1.000000  1.000000
orientation T byte_order littleendian
Reading image: /opt/freesurfer/average/711-2C_as_mni_average_305.4dfp.img
dimensions:      256       256       256
mmppix:       1.0000   -1.0000   -1.0000
center:     128.0000 -129.0000 -129.0000
/opt/freesurfer/average/711-2B_as_mni_average_305_mask.4dfp.img
       256       256       256         1
  1.000000  1.000000  1.000000
orientation T byte_order littleendian
Reading mask: /opt/freesurfer/average/711-2B_as_mni_average_305_mask.4dfp.img (2306576 pixels)
talsrcimg_g11.4dfp.img
       256       256       256         1
  1.000000  1.000000  1.000000
orientation T byte_order littleendian
Reading image: talsrcimg_g11.4dfp.img
dimensions:      256       256       256
mmppix:       1.0000   -1.0000   -1.0000
center:     128.0000 -129.0000 -129.0000
rotation matrix determinant  1.000000
image alignment mode   4355 decimal     1103 hex
   -7.5000  -45.0000  -45.0000 2129.4355   21.8994
    0.0000  -45.0000  -45.0000 2140.6096   21.8605
    7.5000  -45.0000  -45.0000 2130.8560   22.0206
   -7.5000  -37.5000  -45.0000 2223.6553   20.0743
    0.0000  -37.5000  -45.0000 2237.6523   20.0065
    7.5000  -37.5000  -45.0000 2222.3486   20.1896
   -7.5000  -30.0000  -45.0000 2283.1655   18.7335
    0.0000  -30.0000  -45.0000 2298.7957   18.6991
    7.5000  -30.0000  -45.0000 2280.7610   18.8818
   -7.5000  -22.5000  -45.0000 2315.6228   17.8490
    0.0000  -22.5000  -45.0000 2336.6538   17.8258
    7.5000  -22.5000  -45.0000 2325.2158   17.9520
   -7.5000  -15.0000  -45.0000 2336.0400   17.4115
    0.0000  -15.0000  -45.0000 2359.2812   17.3073
    7.5000  -15.0000  -45.0000 2348.6814   17.4469
   -7.5000   -7.5000  -45.0000 2342.9077   17.2463
    0.0000   -7.5000  -45.0000 2363.3511   17.1607
    7.5000   -7.5000  -45.0000 2352.3281   17.3272
   -7.5000    0.0000  -45.0000 2329.1331   17.5865
    0.0000    0.0000  -45.0000 2343.9419   17.4760
    7.5000    0.0000  -45.0000 2332.5085   17.6609
   -7.5000    7.5000  -45.0000 2285.3857   18.2601
    0.0000    7.5000  -45.0000 2302.4329   18.1459
    7.5000    7.5000  -45.0000 2287.8601   18.3088
   -7.5000   15.0000  -45.0000 2222.8755   19.2297
    0.0000   15.0000  -45.0000 2235.5466   19.1032
    7.5000   15.0000  -45.0000 2225.8755   19.2789
   -7.5000   22.5000  -45.0000 2138.4045   20.6233
    0.0000   22.5000  -45.0000 2151.2534   20.4555
    7.5000   22.5000  -45.0000 2140.4106   20.7005
   -7.5000   30.0000  -45.0000 2037.0986   22.5816
    0.0000   30.0000  -45.0000 2042.5182   22.4359
    7.5000   30.0000  -45.0000 2033.2955   22.6717
   -7.5000   37.5000  -45.0000 1927.9141   25.3629
    0.0000   37.5000  -45.0000 1935.7036   25.1505
    7.5000   37.5000  -45.0000 1925.1066   25.4405
   -7.5000   45.0000  -45.0000 1794.1202   29.0829
    0.0000   45.0000  -45.0000 1800.7233   28.8161
    7.5000   45.0000  -45.0000 1784.3264   29.1444
   -7.5000  -45.0000  -37.5000 2210.7905   20.3058
    0.0000  -45.0000  -37.5000 2225.2617   20.2483
    7.5000  -45.0000  -37.5000 2213.4690   20.4088
   -7.5000  -37.5000  -37.5000 2306.6663   18.5906
    0.0000  -37.5000  -37.5000 2324.1138   18.5200
    7.5000  -37.5000  -37.5000 2311.4575   18.6962
   -7.5000  -30.0000  -37.5000 2378.6621   17.3440
    0.0000  -30.0000  -37.5000 2395.0630   17.2859
    7.5000  -30.0000  -37.5000 2379.0979   17.4673
   -7.5000  -22.5000  -37.5000 2426.4470   16.4867
    0.0000  -22.5000  -37.5000 2437.9529   16.4284
    7.5000  -22.5000  -37.5000 2425.9529   16.5858
   -7.5000  -15.0000  -37.5000 2451.0291   16.0301
    0.0000  -15.0000  -37.5000 2463.7866   15.9325
    7.5000  -15.0000  -37.5000 2454.7673   16.0962
   -7.5000   -7.5000  -37.5000 2455.4285   15.9111
    0.0000   -7.5000  -37.5000 2471.6917   15.7700
    7.5000   -7.5000  -37.5000 2458.3467   15.9733
   -7.5000    0.0000  -37.5000 2438.5312   16.1876
    0.0000    0.0000  -37.5000 2452.1570   16.0571
    7.5000    0.0000  -37.5000 2440.4514   16.2208
   -7.5000    7.5000  -37.5000 2391.5740   16.7889
    0.0000    7.5000  -37.5000 2408.2273   16.6455
    7.5000    7.5000  -37.5000 2395.2278   16.8402
   -7.5000   15.0000  -37.5000 2323.5862   17.7071
    0.0000   15.0000  -37.5000 2338.3127   17.5626
    7.5000   15.0000  -37.5000 2327.8076   17.7873
   -7.5000   22.5000  -37.5000 2234.9192   19.0392
    0.0000   22.5000  -37.5000 2250.7539   18.8876
    7.5000   22.5000  -37.5000 2235.9451   19.0939
   -7.5000   30.0000  -37.5000 2125.9636   20.8817
    0.0000   30.0000  -37.5000 2135.3125   20.7248
    7.5000   30.0000  -37.5000 2122.8582   20.9368
   -7.5000   37.5000  -37.5000 2001.7277   23.3698
    0.0000   37.5000  -37.5000 2012.5786   23.1680
    7.5000   37.5000  -37.5000 1999.6931   23.4362
   -7.5000   45.0000  -37.5000 1864.3059   26.7320
    0.0000   45.0000  -37.5000 1872.3726   26.5225
    7.5000   45.0000  -37.5000 1857.1179   26.8488
   -7.5000  -45.0000  -30.0000 2326.6648   19.4776
    0.0000  -45.0000  -30.0000 2343.2903   19.3771
    7.5000  -45.0000  -30.0000 2332.4216   19.5175
   -7.5000  -37.5000  -30.0000 2426.7632   17.8324
    0.0000  -37.5000  -30.0000 2445.5281   17.7355
    7.5000  -37.5000  -30.0000 2434.3687   17.8726
   -7.5000  -30.0000  -30.0000 2509.8582   16.6311
    0.0000  -30.0000  -30.0000 2526.5662   16.4849
    7.5000  -30.0000  -30.0000 2516.2388   16.6440
   -7.5000  -22.5000  -30.0000 2571.0000   15.7776
    0.0000  -22.5000  -30.0000 2585.1248   15.6511
    7.5000  -22.5000  -30.0000 2572.9722   15.8211
   -7.5000  -15.0000  -30.0000 2606.1460   15.2689
    0.0000  -15.0000  -30.0000 2620.6511   15.1893
    7.5000  -15.0000  -30.0000 2609.2456   15.3476
   -7.5000   -7.5000  -30.0000 2616.5347   15.1509
    0.0000   -7.5000  -30.0000 2631.1921   15.0430
    7.5000   -7.5000  -30.0000 2615.2783   15.2426
   -7.5000    0.0000  -30.0000 2595.0583   15.3939
    0.0000    0.0000  -30.0000 2613.2595   15.2773
    7.5000    0.0000  -30.0000 2595.7368   15.4851
   -7.5000    7.5000  -30.0000 2546.6611   15.9857
    0.0000    7.5000  -30.0000 2563.2197   15.8280
    7.5000    7.5000  -30.0000 2546.7632   16.0587
   -7.5000   15.0000  -30.0000 2471.1626   16.9415
    0.0000   15.0000  -30.0000 2488.5515   16.7588
    7.5000   15.0000  -30.0000 2471.3196   16.9924
   -7.5000   22.5000  -30.0000 2376.0806   18.2633
    0.0000   22.5000  -30.0000 2392.1487   18.0976
    7.5000   22.5000  -30.0000 2377.5962   18.2705
   -7.5000   30.0000  -30.0000 2254.5544   20.0312
    0.0000   30.0000  -30.0000 2266.8394   19.8515
    7.5000   30.0000  -30.0000 2250.0120   20.0329
   -7.5000   37.5000  -30.0000 2115.8796   22.3640
    0.0000   37.5000  -30.0000 2126.2744   22.1955
    7.5000   37.5000  -30.0000 2107.0100   22.4190
   -7.5000   45.0000  -30.0000 1965.5055   25.5552
    0.0000   45.0000  -30.0000 1974.1791   25.4067
    7.5000   45.0000  -30.0000 1956.7158   25.6222
   -7.5000  -45.0000  -22.5000 2418.3608   18.6287
    0.0000  -45.0000  -22.5000 2432.0625   18.4341
    7.5000  -45.0000  -22.5000 2420.8916   18.5680
   -7.5000  -37.5000  -22.5000 2519.5186   16.9901
    0.0000  -37.5000  -22.5000 2539.1565   16.8472
    7.5000  -37.5000  -22.5000 2527.2991   16.9674
   -7.5000  -30.0000  -22.5000 2612.2483   15.7736
    0.0000  -30.0000  -22.5000 2631.4246   15.6304
    7.5000  -30.0000  -22.5000 2618.5093   15.7759
   -7.5000  -22.5000  -22.5000 2684.5098   14.9288
    0.0000  -22.5000  -22.5000 2704.8826   14.7894
    7.5000  -22.5000  -22.5000 2687.9260   14.9667
   -7.5000  -15.0000  -22.5000 2730.3279   14.4226
    0.0000  -15.0000  -22.5000 2747.1580   14.3111
    7.5000  -15.0000  -22.5000 2729.1228   14.5018
   -7.5000   -7.5000  -22.5000 2745.4482   14.2987
    0.0000   -7.5000  -22.5000 2763.8064   14.2168
    7.5000   -7.5000  -22.5000 2745.7161   14.3889
   -7.5000    0.0000  -22.5000 2731.1956   14.5516
    0.0000    0.0000  -22.5000 2750.8345   14.4383
    7.5000    0.0000  -22.5000 2729.6785   14.6794
   -7.5000    7.5000  -22.5000 2678.1418   15.1403
    0.0000    7.5000  -22.5000 2695.6726   14.9993
    7.5000    7.5000  -22.5000 2675.8167   15.2442
   -7.5000   15.0000  -22.5000 2591.0012   16.0785
    0.0000   15.0000  -22.5000 2610.3689   15.9074
    7.5000   15.0000  -22.5000 2592.0752   16.1452
   -7.5000   22.5000  -22.5000 2481.6604   17.3592
    0.0000   22.5000  -22.5000 2497.5222   17.1887
    7.5000   22.5000  -22.5000 2482.2632   17.3906
   -7.5000   30.0000  -22.5000 2350.3997   19.0688
    0.0000   30.0000  -22.5000 2364.5178   18.8695
    7.5000   30.0000  -22.5000 2345.9880   19.0939
   -7.5000   37.5000  -22.5000 2201.3489   21.3465
    0.0000   37.5000  -22.5000 2209.9116   21.1672
    7.5000   37.5000  -22.5000 2186.3533   21.3692
   -7.5000   45.0000  -22.5000 2040.8945   24.3159
    0.0000   45.0000  -22.5000 2048.2014   24.2038
    7.5000   45.0000  -22.5000 2028.6255   24.4256
   -7.5000  -45.0000  -15.0000 2473.1775   17.8765
    0.0000  -45.0000  -15.0000 2487.6238   17.6951
    7.5000  -45.0000  -15.0000 2472.3198   17.8175
   -7.5000  -37.5000  -15.0000 2589.7544   16.2715
    0.0000  -37.5000  -15.0000 2606.2891   16.0933
    7.5000  -37.5000  -15.0000 2591.5493   16.2095
   -7.5000  -30.0000  -15.0000 2684.1782   15.0428
    0.0000  -30.0000  -15.0000 2706.6829   14.8976
    7.5000  -30.0000  -15.0000 2692.9678   15.0301
   -7.5000  -22.5000  -15.0000 2770.7791   14.1505
    0.0000  -22.5000  -15.0000 2787.0447   14.0118
    7.5000  -22.5000  -15.0000 2772.4534   14.1702
   -7.5000  -15.0000  -15.0000 2822.5266   13.6167
    0.0000  -15.0000  -15.0000 2841.3406   13.4886
    7.5000  -15.0000  -15.0000 2818.4309   13.6622
   -7.5000   -7.5000  -15.0000 2846.1560   13.4948
    0.0000   -7.5000  -15.0000 2866.6499   13.3860
    7.5000   -7.5000  -15.0000 2842.9900   13.6087
   -7.5000    0.0000  -15.0000 2832.4978   13.7695
    0.0000    0.0000  -15.0000 2851.9058   13.6529
    7.5000    0.0000  -15.0000 2831.2241   13.9077
   -7.5000    7.5000  -15.0000 2771.4141   14.3685
    0.0000    7.5000  -15.0000 2785.8772   14.2253
    7.5000    7.5000  -15.0000 2767.5720   14.4966
   -7.5000   15.0000  -15.0000 2677.0293   15.2790
    0.0000   15.0000  -15.0000 2693.2168   15.1211
    7.5000   15.0000  -15.0000 2674.8887   15.3849
   -7.5000   22.5000  -15.0000 2555.5381   16.5678
    0.0000   22.5000  -15.0000 2571.6414   16.3695
    7.5000   22.5000  -15.0000 2549.9443   16.6408
   -7.5000   30.0000  -15.0000 2418.2395   18.2651
    0.0000   30.0000  -15.0000 2431.1807   18.0509
    7.5000   30.0000  -15.0000 2410.2009   18.3106
   -7.5000   37.5000  -15.0000 2256.9165   20.4538
    0.0000   37.5000  -15.0000 2265.5095   20.2782
    7.5000   37.5000  -15.0000 2240.7610   20.5204
   -7.5000   45.0000  -15.0000 2083.7024   23.3187
    0.0000   45.0000  -15.0000 2092.2354   23.1306
    7.5000   45.0000  -15.0000 2074.5481   23.4089
   -7.5000  -45.0000   -7.5000 2503.0952   17.2560
    0.0000  -45.0000   -7.5000 2515.6826   17.0796
    7.5000  -45.0000   -7.5000 2502.0430   17.2473
   -7.5000  -37.5000   -7.5000 2626.1721   15.6442
    0.0000  -37.5000   -7.5000 2645.3047   15.4831
    7.5000  -37.5000   -7.5000 2628.3560   15.6428
   -7.5000  -30.0000   -7.5000 2737.3005   14.4444
    0.0000  -30.0000   -7.5000 2761.1440   14.2815
    7.5000  -30.0000   -7.5000 2745.6128   14.4477
   -7.5000  -22.5000   -7.5000 2837.2317   13.5615
    0.0000  -22.5000   -7.5000 2855.3911   13.4163
    7.5000  -22.5000   -7.5000 2838.3064   13.5602
   -7.5000  -15.0000   -7.5000 2901.9207   12.9481
    0.0000  -15.0000   -7.5000 2918.7798   12.7992
    7.5000  -15.0000   -7.5000 2889.6936   13.0033
   -7.5000   -7.5000   -7.5000 2927.0969   12.8223
    0.0000   -7.5000   -7.5000 2943.6702   12.6599
    7.5000   -7.5000   -7.5000 2914.4216   12.9211
   -7.5000    0.0000   -7.5000 2906.7468   13.1061
    0.0000    0.0000   -7.5000 2924.0271   12.9437
    7.5000    0.0000   -7.5000 2898.9980   13.2221
   -7.5000    7.5000   -7.5000 2837.3743   13.7465
    0.0000    7.5000   -7.5000 2855.6052   13.5648
    7.5000    7.5000   -7.5000 2832.6746   13.8418
   -7.5000   15.0000   -7.5000 2736.2212   14.6999
    0.0000   15.0000   -7.5000 2754.0276   14.5022
    7.5000   15.0000   -7.5000 2730.2676   14.7825
   -7.5000   22.5000   -7.5000 2607.8208   15.9737
    0.0000   22.5000   -7.5000 2623.3445   15.7462
    7.5000   22.5000   -7.5000 2598.1038   16.0308
   -7.5000   30.0000   -7.5000 2460.0776   17.6112
    0.0000   30.0000   -7.5000 2473.7278   17.3739
    7.5000   30.0000   -7.5000 2448.1003   17.6652
   -7.5000   37.5000   -7.5000 2291.3921   19.7630
    0.0000   37.5000   -7.5000 2303.8474   19.5114
    7.5000   37.5000   -7.5000 2281.2827   19.8087
   -7.5000   45.0000   -7.5000 2110.2957   22.5026
    0.0000   45.0000   -7.5000 2120.9536   22.2504
    7.5000   45.0000   -7.5000 2104.4380   22.5413
   -7.5000  -45.0000    0.0000 2522.7439   16.8110
    0.0000  -45.0000    0.0000 2526.1462   16.6941
    7.5000  -45.0000    0.0000 2514.5989   16.8992
   -7.5000  -37.5000    0.0000 2652.2778   15.2218
    0.0000  -37.5000    0.0000 2663.1738   15.1047
    7.5000  -37.5000    0.0000 2647.6843   15.3047
   -7.5000  -30.0000    0.0000 2778.4685   14.0482
    0.0000  -30.0000    0.0000 2792.7561   13.9126
    7.5000  -30.0000    0.0000 2773.9912   14.1095
   -7.5000  -22.5000    0.0000 2895.7100   13.2212
    0.0000  -22.5000    0.0000 2909.0054   13.1179
    7.5000  -22.5000    0.0000 2878.7236   13.2231
   -7.5000  -15.0000    0.0000 2966.1013   12.5945
    0.0000  -15.0000    0.0000 2977.4346   12.4130
    7.5000  -15.0000    0.0000 2934.2415   12.6197
   -7.5000   -7.5000    0.0000 2982.0522   12.4117
    0.0000   -7.5000    0.0000 2995.5662   12.1747
    7.5000   -7.5000    0.0000 2956.7056   12.4967
   -7.5000    0.0000    0.0000 2949.1516   12.6656
    0.0000    0.0000    0.0000 2967.4810   12.4796
    7.5000    0.0000    0.0000 2933.4143   12.7860
   -7.5000    7.5000    0.0000 2877.1589   13.3268
    0.0000    7.5000    0.0000 2897.6045   13.1616
    7.5000    7.5000    0.0000 2865.8958   13.4371
   -7.5000   15.0000    0.0000 2767.9272   14.2984
    0.0000   15.0000    0.0000 2784.6125   14.1284
    7.5000   15.0000    0.0000 2759.8647   14.3941
   -7.5000   22.5000    0.0000 2637.7944   15.5786
    0.0000   22.5000    0.0000 2649.9685   15.3692
    7.5000   22.5000    0.0000 2623.8008   15.6550
   -7.5000   30.0000    0.0000 2480.9231   17.1742
    0.0000   30.0000    0.0000 2498.8557   16.9728
    7.5000   30.0000    0.0000 2468.3298   17.2665
   -7.5000   37.5000    0.0000 2311.3623   19.2976
    0.0000   37.5000    0.0000 2324.8647   19.0503
    7.5000   37.5000    0.0000 2299.5642   19.3445
   -7.5000   45.0000    0.0000 2128.7317   21.9292
    0.0000   45.0000    0.0000 2139.0410   21.7387
    7.5000   45.0000    0.0000 2116.7109   22.0178
   -7.5000  -45.0000    7.5000 2534.8594   16.6191
    0.0000  -45.0000    7.5000 2535.7119   16.5016
    7.5000  -45.0000    7.5000 2517.4692   16.8213
   -7.5000  -37.5000    7.5000 2669.0566   15.0421
    0.0000  -37.5000    7.5000 2676.7239   14.9387
    7.5000  -37.5000    7.5000 2654.9956   15.2288
   -7.5000  -30.0000    7.5000 2801.5090   13.8667
    0.0000  -30.0000    7.5000 2810.4675   13.7639
    7.5000  -30.0000    7.5000 2782.0288   14.0129
   -7.5000  -22.5000    7.5000 2930.0879   13.1050
    0.0000  -22.5000    7.5000 2938.6155   13.0073
    7.5000  -22.5000    7.5000 2889.7698   13.1263
   -7.5000  -15.0000    7.5000 3003.4463   12.4882
    0.0000  -15.0000    7.5000 3005.8379   12.3912
    7.5000  -15.0000    7.5000 2945.1633   12.5657
   -7.5000   -7.5000    7.5000 2996.5754   12.2934
    0.0000   -7.5000    7.5000 3006.2026   12.1617
    7.5000   -7.5000    7.5000 2961.7556   12.4598
   -7.5000    0.0000    7.5000 2965.1155   12.4900
    0.0000    0.0000    7.5000 2979.6733   12.3767
    7.5000    0.0000    7.5000 2934.3940   12.6990
   -7.5000    7.5000    7.5000 2890.9678   13.1412
    0.0000    7.5000    7.5000 2906.5632   13.0047
    7.5000    7.5000    7.5000 2870.6467   13.2582
   -7.5000   15.0000    7.5000 2779.7903   14.1119
    0.0000   15.0000    7.5000 2792.5173   13.9405
    7.5000   15.0000    7.5000 2765.2297   14.1850
   -7.5000   22.5000    7.5000 2645.4136   15.3594
    0.0000   22.5000    7.5000 2658.4553   15.1820
    7.5000   22.5000    7.5000 2630.2766   15.4385
   -7.5000   30.0000    7.5000 2489.9880   16.9875
    0.0000   30.0000    7.5000 2503.4470   16.8081
    7.5000   30.0000    7.5000 2470.4072   17.0736
   -7.5000   37.5000    7.5000 2321.1941   19.0680
    0.0000   37.5000    7.5000 2328.5610   18.8841
    7.5000   37.5000    7.5000 2303.6990   19.1827
   -7.5000   45.0000    7.5000 2132.1111   21.6827
    0.0000   45.0000    7.5000 2144.1841   21.5120
    7.5000   45.0000    7.5000 2119.3337   21.8579
   -7.5000  -45.0000   15.0000 2533.7124   16.6362
    0.0000  -45.0000   15.0000 2534.0520   16.6438
    7.5000  -45.0000   15.0000 2509.8455   17.0346
   -7.5000  -37.5000   15.0000 2672.2058   15.0880
    0.0000  -37.5000   15.0000 2672.0808   15.0803
    7.5000  -37.5000   15.0000 2645.2322   15.4326
   -7.5000  -30.0000   15.0000 2801.6506   13.9528
    0.0000  -30.0000   15.0000 2800.9087   13.9411
    7.5000  -30.0000   15.0000 2768.4880   14.2073
   -7.5000  -22.5000   15.0000 2918.6240   13.1268
    0.0000  -22.5000   15.0000 2917.5710   13.0991
    7.5000  -22.5000   15.0000 2866.0239   13.3056
   -7.5000  -15.0000   15.0000 2979.7549   12.4489
    0.0000  -15.0000   15.0000 2970.7705   12.5155
    7.5000  -15.0000   15.0000 2914.1414   12.7861
   -7.5000   -7.5000   15.0000 2983.4038   12.3743
    0.0000   -7.5000   15.0000 2980.2283   12.4174
    7.5000   -7.5000   15.0000 2932.0930   12.6786
   -7.5000    0.0000   15.0000 2944.3196   12.6438
    0.0000    0.0000   15.0000 2951.6333   12.6146
    7.5000    0.0000   15.0000 2903.2122   12.9016
   -7.5000    7.5000   15.0000 2869.5085   13.2661
    0.0000    7.5000   15.0000 2879.0420   13.1649
    7.5000    7.5000   15.0000 2839.1616   13.4494
   -7.5000   15.0000   15.0000 2762.6455   14.1752
    0.0000   15.0000   15.0000 2769.7317   14.0116
    7.5000   15.0000   15.0000 2738.6448   14.2653
   -7.5000   22.5000   15.0000 2631.4641   15.3823
    0.0000   22.5000   15.0000 2636.9060   15.2254
    7.5000   22.5000   15.0000 2608.1812   15.4618
   -7.5000   30.0000   15.0000 2480.7214   16.9895
    0.0000   30.0000   15.0000 2484.6904   16.8313
    7.5000   30.0000   15.0000 2450.4519   17.1064
   -7.5000   37.5000   15.0000 2303.7864   19.0689
    0.0000   37.5000   15.0000 2311.4927   18.8685
    7.5000   37.5000   15.0000 2290.7668   19.1940
   -7.5000   45.0000   15.0000 2122.0647   21.6755
    0.0000   45.0000   15.0000 2129.7339   21.4990
    7.5000   45.0000   15.0000 2107.8926   21.8507
   -7.5000  -45.0000   22.5000 2521.6604   16.9513
    0.0000  -45.0000   22.5000 2517.8362   17.0498
    7.5000  -45.0000   22.5000 2485.6929   17.5289
   -7.5000  -37.5000   22.5000 2663.0864   15.4180
    0.0000  -37.5000   22.5000 2654.7393   15.5029
    7.5000  -37.5000   22.5000 2619.3850   15.9232
   -7.5000  -30.0000   22.5000 2785.1172   14.3129
    0.0000  -30.0000   22.5000 2772.9568   14.3535
    7.5000  -30.0000   22.5000 2733.7412   14.6732
   -7.5000  -22.5000   22.5000 2872.4983   13.3984
    0.0000  -22.5000   22.5000 2868.3345   13.4350
    7.5000  -22.5000   22.5000 2820.6785   13.7712
   -7.5000  -15.0000   22.5000 2925.1741   12.8537
    0.0000  -15.0000   22.5000 2913.3159   12.9129
    7.5000  -15.0000   22.5000 2866.1843   13.2448
   -7.5000   -7.5000   22.5000 2941.6665   12.8301
    0.0000   -7.5000   22.5000 2930.3994   12.8265
    7.5000   -7.5000   22.5000 2880.9751   13.1214
   -7.5000    0.0000   22.5000 2898.8933   13.1162
    0.0000    0.0000   22.5000 2896.0710   13.0714
    7.5000    0.0000   22.5000 2851.4519   13.3405
   -7.5000    7.5000   22.5000 2823.1667   13.6790
    0.0000    7.5000   22.5000 2824.7627   13.5905
    7.5000    7.5000   22.5000 2789.0032   13.8656
   -7.5000   15.0000   22.5000 2720.2405   14.5227
    0.0000   15.0000   22.5000 2722.8250   14.4003
    7.5000   15.0000   22.5000 2689.2163   14.6858
   -7.5000   22.5000   22.5000 2595.0088   15.6694
    0.0000   22.5000   22.5000 2595.6484   15.5344
    7.5000   22.5000   22.5000 2561.9578   15.8303
   -7.5000   30.0000   22.5000 2445.2996   17.2479
    0.0000   30.0000   22.5000 2443.4980   17.0749
    7.5000   30.0000   22.5000 2412.8445   17.3948
   -7.5000   37.5000   22.5000 2272.0300   19.3071
    0.0000   37.5000   22.5000 2275.3792   19.1466
    7.5000   37.5000   22.5000 2257.6467   19.4612
   -7.5000   45.0000   22.5000 2093.9238   21.8948
    0.0000   45.0000   22.5000 2101.5564   21.7522
    7.5000   45.0000   22.5000 2081.9890   22.1001
   -7.5000  -45.0000   30.0000 2501.0012   17.5638
    0.0000  -45.0000   30.0000 2488.6907   17.6479
    7.5000  -45.0000   30.0000 2448.3557   18.2078
   -7.5000  -37.5000   30.0000 2637.6055   16.0379
    0.0000  -37.5000   30.0000 2621.3945   16.1051
    7.5000  -37.5000   30.0000 2579.2073   16.5736
   -7.5000  -30.0000   30.0000 2747.5615   14.8489
    0.0000  -30.0000   30.0000 2732.3096   14.9079
    7.5000  -30.0000   30.0000 2689.4661   15.3012
   -7.5000  -22.5000   30.0000 2826.4360   13.9411
    0.0000  -22.5000   30.0000 2813.2651   14.0131
    7.5000  -22.5000   30.0000 2763.0422   14.4515
   -7.5000  -15.0000   30.0000 2865.3569   13.5076
    0.0000  -15.0000   30.0000 2850.1997   13.5504
    7.5000  -15.0000   30.0000 2804.5627   13.9377
   -7.5000   -7.5000   30.0000 2869.2683   13.4869
    0.0000   -7.5000   30.0000 2856.0408   13.4600
    7.5000   -7.5000   30.0000 2814.0845   13.7670
   -7.5000    0.0000   30.0000 2827.6584   13.7314
    0.0000    0.0000   30.0000 2823.0190   13.6695
    7.5000    0.0000   30.0000 2781.3262   13.9293
   -7.5000    7.5000   30.0000 2756.5571   14.2927
    0.0000    7.5000   30.0000 2753.4968   14.1984
    7.5000    7.5000   30.0000 2718.8545   14.4645
   -7.5000   15.0000   30.0000 2659.3301   15.1393
    0.0000   15.0000   30.0000 2657.0911   15.0026
    7.5000   15.0000   30.0000 2621.4285   15.2852
   -7.5000   22.5000   30.0000 2536.7651   16.2818
    0.0000   22.5000   30.0000 2535.2141   16.1170
    7.5000   22.5000   30.0000 2504.3455   16.4220
   -7.5000   30.0000   30.0000 2385.0540   17.8279
    0.0000   30.0000   30.0000 2385.1931   17.6449
    7.5000   30.0000   30.0000 2359.7446   17.9713
   -7.5000   37.5000   30.0000 2224.9568   19.7951
    0.0000   37.5000   30.0000 2229.0820   19.6740
    7.5000   37.5000   30.0000 2202.9158   20.0256
   -7.5000   45.0000   30.0000 2058.7019   22.3504
    0.0000   45.0000   30.0000 2062.6541   22.2599
    7.5000   45.0000   30.0000 2042.1852   22.6364
   -7.5000  -45.0000   37.5000 2464.5122   18.3647
    0.0000  -45.0000   37.5000 2451.1069   18.4028
    7.5000  -45.0000   37.5000 2406.4045   19.0385
   -7.5000  -37.5000   37.5000 2592.0283   16.7568
    0.0000  -37.5000   37.5000 2574.9092   16.8211
    7.5000  -37.5000   37.5000 2529.1462   17.3806
   -7.5000  -30.0000   37.5000 2693.4724   15.5623
    0.0000  -30.0000   37.5000 2679.1299   15.6329
    7.5000  -30.0000   37.5000 2629.2856   16.1517
   -7.5000  -22.5000   37.5000 2765.4919   14.7331
    0.0000  -22.5000   37.5000 2750.6731   14.7954
    7.5000  -22.5000   37.5000 2697.5332   15.2881
   -7.5000  -15.0000   37.5000 2798.5378   14.3031
    0.0000  -15.0000   37.5000 2782.1565   14.3800
    7.5000  -15.0000   37.5000 2736.0410   14.7841
   -7.5000   -7.5000   37.5000 2794.3040   14.2522
    0.0000   -7.5000   37.5000 2774.5664   14.2633
    7.5000   -7.5000   37.5000 2733.0352   14.6304
   -7.5000    0.0000   37.5000 2747.9912   14.4809
    0.0000    0.0000   37.5000 2740.6514   14.4742
    7.5000    0.0000   37.5000 2702.3013   14.7677
   -7.5000    7.5000   37.5000 2678.0256   15.0000
    0.0000    7.5000   37.5000 2678.5198   14.9480
    7.5000    7.5000   37.5000 2638.7871   15.2451
   -7.5000   15.0000   37.5000 2583.6663   15.8498
    0.0000   15.0000   37.5000 2583.0798   15.7468
    7.5000   15.0000   37.5000 2544.6992   16.0392
   -7.5000   22.5000   37.5000 2468.5684   17.0298
    0.0000   22.5000   37.5000 2464.2600   16.9021
    7.5000   22.5000   37.5000 2429.9717   17.2007
   -7.5000   30.0000   37.5000 2318.7217   18.5585
    0.0000   30.0000   37.5000 2318.2666   18.4574
    7.5000   30.0000   37.5000 2291.6660   18.7786
   -7.5000   37.5000   37.5000 2171.4866   20.5564
    0.0000   37.5000   37.5000 2166.8130   20.5135
    7.5000   37.5000   37.5000 2140.0383   20.8813
   -7.5000   45.0000   37.5000 2015.0969   23.1118
    0.0000   45.0000   37.5000 2013.6477   23.0974
    7.5000   45.0000   37.5000 1991.5551   23.5151
   -7.5000  -45.0000   45.0000 2416.3682   19.3436
    0.0000  -45.0000   45.0000 2399.7029   19.4050
    7.5000  -45.0000   45.0000 2352.1230   20.0965
   -7.5000  -37.5000   45.0000 2531.1423   17.7148
    0.0000  -37.5000   45.0000 2513.1995   17.7878
    7.5000  -37.5000   45.0000 2468.4409   18.3996
   -7.5000  -30.0000   45.0000 2624.0752   16.5666
    0.0000  -30.0000   45.0000 2607.4814   16.6031
    7.5000  -30.0000   45.0000 2556.9543   17.1799
   -7.5000  -22.5000   45.0000 2680.8298   15.7530
    0.0000  -22.5000   45.0000 2665.9443   15.8029
    7.5000  -22.5000   45.0000 2617.4363   16.3109
   -7.5000  -15.0000   45.0000 2703.0056   15.3243
    0.0000  -15.0000   45.0000 2690.8152   15.3725
    7.5000  -15.0000   45.0000 2648.6272   15.7953
   -7.5000   -7.5000   45.0000 2704.8855   15.1919
    0.0000   -7.5000   45.0000 2686.8440   15.2264
    7.5000   -7.5000   45.0000 2645.1084   15.6366
   -7.5000    0.0000   45.0000 2665.7339   15.3738
    0.0000    0.0000   45.0000 2649.8535   15.4177
    7.5000    0.0000   45.0000 2611.0745   15.7799
   -7.5000    7.5000   45.0000 2594.3711   15.8935
    0.0000    7.5000   45.0000 2588.8850   15.9079
    7.5000    7.5000   45.0000 2547.0623   16.2369
   -7.5000   15.0000   45.0000 2499.7751   16.7511
    0.0000   15.0000   45.0000 2494.8447   16.7126
    7.5000   15.0000   45.0000 2461.7983   17.0282
   -7.5000   22.5000   45.0000 2391.2898   17.9676
    0.0000   22.5000   45.0000 2383.8132   17.8802
    7.5000   22.5000   45.0000 2347.9358   18.1931
   -7.5000   30.0000   45.0000 2248.0237   19.5133
    0.0000   30.0000   45.0000 2242.0044   19.4651
    7.5000   30.0000   45.0000 2214.8240   19.7869
   -7.5000   37.5000   45.0000 2105.7192   21.5828
    0.0000   37.5000   45.0000 2102.2595   21.5493
    7.5000   37.5000   45.0000 2076.5015   21.9428
   -7.5000   45.0000   45.0000 1956.4408   24.3486
    0.0000   45.0000   45.0000 1957.3206   24.3309
    7.5000   45.0000   45.0000 1934.9229   24.7973

---------------------------------------------------------------------
imgreg_4dfp /opt/freesurfer/average/711-2C_as_mni_average_305 /opt/freesurfer/average/711-2B_as_mni_average_305_mask talsrcimg_g11 none talsrcimg_to_711-2C_as_mni_average_305_t4 1283
---------------------------------------------------------------------

freesurfer imgreg_4dfp.c
/opt/freesurfer/average/711-2C_as_mni_average_305.4dfp.img
       256       256       256         1
  1.000000  1.000000  1.000000
orientation T byte_order littleendian
Reading image: /opt/freesurfer/average/711-2C_as_mni_average_305.4dfp.img
dimensions:      256       256       256
mmppix:       1.0000   -1.0000   -1.0000
center:     128.0000 -129.0000 -129.0000
/opt/freesurfer/average/711-2B_as_mni_average_305_mask.4dfp.img
       256       256       256         1
  1.000000  1.000000  1.000000
orientation T byte_order littleendian
Reading mask: /opt/freesurfer/average/711-2B_as_mni_average_305_mask.4dfp.img (2306576 pixels)
talsrcimg_g11.4dfp.img
       256       256       256         1
  1.000000  1.000000  1.000000
orientation T byte_order littleendian
Reading image: talsrcimg_g11.4dfp.img
dimensions:      256       256       256
mmppix:       1.0000   -1.0000   -1.0000
center:     128.0000 -129.0000 -129.0000
rotation matrix determinant  1.000000
fimgreg.f
image alignment mode   1283 decimal      503 hex
parameters
    0.0000   -7.5000    7.5000    0.0000    0.0000    0.0000
eta,q 0.94602 12.11035
niter,ni,del,rscale     5    3   12.0000    1.2000
parameter  2  3.148972 ->  0.500000 qaram    1.1500
parameter  4 -1.096536 -> -0.500000 qaram    1.1500
parameter  5 -0.858609 -> -0.500000 qaram    1.1500
parameters
   -2.1483  -10.9500    6.4387    3.4500    3.4500   -0.1071
eta,q 0.95097 11.97572
  0.0587  0.0504  0.0565  0.0537  0.0608  0.0516
  0.0558  0.0523  0.0537  0.0541  0.0571  0.0504
  0.0550  0.0534  0.0527  0.0540  0.0537  0.0496
  0.0566  0.0548  0.0530  0.0527  0.0512  0.0490
  0.0591  0.0559  0.0540  0.0512  0.0496  0.0490
  0.0625  0.0572  0.0567  0.0513  0.0489  0.0500
  0.0661  0.0605  0.0604  0.0526  0.0487  0.0524
niter,ni,del,rscale     7    3   12.0000    1.2000
parameters
   -3.6864  -13.1306    7.3163    1.3948    6.8392   -1.1731
eta,q 0.95563 12.13074
  0.0537  0.0523  0.0557  0.0489  0.0591  0.0475
  0.0510  0.0480  0.0516  0.0470  0.0539  0.0453
  0.0487  0.0469  0.0488  0.0470  0.0498  0.0444
  0.0490  0.0485  0.0469  0.0471  0.0470  0.0446
  0.0516  0.0526  0.0481  0.0483  0.0450  0.0458
  0.0576  0.0552  0.0495  0.0508  0.0450  0.0476
  0.0642  0.0579  0.0517  0.0531  0.0473  0.0502
niter,ni,del,rscale     6    3   12.0000    1.2000
parameters
   -4.7161  -12.2593    7.0703    0.7554    7.2928   -1.2272
eta,q 0.95650 12.07807
  0.0542  0.0597  0.0525  0.0483  0.0548  0.0489
  0.0477  0.0497  0.0483  0.0454  0.0501  0.0456
  0.0437  0.0442  0.0449  0.0440  0.0464  0.0438
  0.0444  0.0434  0.0439  0.0438  0.0437  0.0435
  0.0486  0.0448  0.0455  0.0451  0.0443  0.0446
  0.0549  0.0481  0.0497  0.0468  0.0480  0.0462
  0.0626  0.0510  0.0536  0.0500  0.0529  0.0485
niter,ni,del,rscale     5    3   12.0000    1.2000
parameters
   -4.7637  -11.9427    6.7911    0.5997    7.4498   -1.2601
eta,q 0.95628 12.05978
  0.0594  0.0559  0.0525  0.0490  0.0542  0.0490
  0.0516  0.0471  0.0485  0.0458  0.0496  0.0460
  0.0457  0.0432  0.0451  0.0444  0.0460  0.0441
  0.0435  0.0435  0.0437  0.0437  0.0437  0.0437
  0.0463  0.0455  0.0455  0.0446  0.0449  0.0448
  0.0522  0.0489  0.0501  0.0463  0.0489  0.0464
  0.0595  0.0511  0.0540  0.0493  0.0536  0.0486
niter,ni,del,rscale     4    3   12.0000    1.2000
parameters
   -4.7411  -11.8315    6.6623    0.5130    7.4907   -1.3030
eta,q 0.95618 12.05611
  0.0600  0.0546  0.0530  0.0491  0.0539  0.0490
  0.0522  0.0464  0.0490  0.0459  0.0494  0.0461
  0.0462  0.0431  0.0455  0.0445  0.0459  0.0443
  0.0437  0.0437  0.0438  0.0438  0.0438  0.0438
  0.0463  0.0457  0.0452  0.0446  0.0452  0.0449
  0.0522  0.0490  0.0497  0.0463  0.0493  0.0465
  0.0596  0.0511  0.0539  0.0492  0.0538  0.0487
niter,ni,del,rscale     3    3   12.0000    1.2000
parameters
   -4.7221  -11.7893    6.5978    0.4754    7.5037   -1.3336
eta,q 0.95613 12.05543
  0.0601  0.0542  0.0531  0.0492  0.0538  0.0490
  0.0524  0.0462  0.0492  0.0459  0.0493  0.0461
  0.0463  0.0431  0.0457  0.0446  0.0458  0.0443
  0.0438  0.0438  0.0439  0.0439  0.0439  0.0439
  0.0464  0.0458  0.0451  0.0445  0.0453  0.0449
  0.0524  0.0489  0.0495  0.0463  0.0494  0.0465
  0.0597  0.0511  0.0538  0.0491  0.0539  0.0488
niter,ni,del,rscale     2    3   12.0000    1.2000
parameters
   -4.7107  -11.7683    6.5663    0.4587    7.5093   -1.3496
eta,q 0.95611 12.05504
  0.0601  0.0540  0.0532  0.0492  0.0538  0.0491
  0.0524  0.0461  0.0493  0.0459  0.0493  0.0462
  0.0464  0.0431  0.0458  0.0446  0.0458  0.0444
  0.0439  0.0439  0.0439  0.0439  0.0439  0.0439
  0.0465  0.0458  0.0450  0.0445  0.0454  0.0449
  0.0525  0.0489  0.0494  0.0463  0.0494  0.0465
  0.0598  0.0511  0.0537  0.0491  0.0539  0.0488
registration optimization eta report
parameter search radius
    6.0000    6.9000    6.0000    6.9000    6.9000    6.0000
100000*second partial in parameter space
       43.       19.       26.       11.       20.       14.
  0.0601  0.0540  0.0532  0.0492  0.0538  0.0491
  0.0524  0.0461  0.0493  0.0459  0.0493  0.0462
  0.0464  0.0431  0.0458  0.0446  0.0458  0.0444
  0.0439  0.0439  0.0439  0.0439  0.0439  0.0439
  0.0465  0.0458  0.0450  0.0445  0.0454  0.0449
  0.0525  0.0489  0.0494  0.0463  0.0494  0.0465
  0.0598  0.0511  0.0537  0.0491  0.0539  0.0488
   -4.7107  -11.7683    6.5663    0.4587    7.5093   -1.3496
eta,q 0.95611 12.05504

---------------------------------------------------------------------
imgreg_4dfp /opt/freesurfer/average/711-2C_as_mni_average_305 /opt/freesurfer/average/711-2B_as_mni_average_305_mask talsrcimg_g11 none talsrcimg_to_711-2C_as_mni_average_305_t4 3335
---------------------------------------------------------------------

freesurfer imgreg_4dfp.c
/opt/freesurfer/average/711-2C_as_mni_average_305.4dfp.img
       256       256       256         1
  1.000000  1.000000  1.000000
orientation T byte_order littleendian
Reading image: /opt/freesurfer/average/711-2C_as_mni_average_305.4dfp.img
dimensions:      256       256       256
mmppix:       1.0000   -1.0000   -1.0000
center:     128.0000 -129.0000 -129.0000
/opt/freesurfer/average/711-2B_as_mni_average_305_mask.4dfp.img
       256       256       256         1
  1.000000  1.000000  1.000000
orientation T byte_order littleendian
Reading mask: /opt/freesurfer/average/711-2B_as_mni_average_305_mask.4dfp.img (2306576 pixels)
talsrcimg_g11.4dfp.img
       256       256       256         1
  1.000000  1.000000  1.000000
orientation T byte_order littleendian
Reading image: talsrcimg_g11.4dfp.img
dimensions:      256       256       256
mmppix:       1.0000   -1.0000   -1.0000
center:     128.0000 -129.0000 -129.0000
fimgreg.f
image alignment mode   3335 decimal      D07 hex
parameters
   -4.7107  -11.7683    6.5663   -0.8851   -0.0285   -0.8608
    2.2507  -13.0836   -2.3352   -0.4925   13.0688    0.7937
eta,q 0.95593 12.20844
niter,ni,del,rscale     5    3    5.0000    1.2000
parameter  4  0.517019 ->  0.500000 qaram    1.1500
parameter  5  4.771814 ->  0.500000 qaram    1.1500
parameter 10  0.567140 ->  0.500000 qaram    1.1500
parameter 12  0.531829 ->  0.500000 qaram    1.1500
parameters
   -4.6328  -12.6704    7.1547   -5.0251   -4.1685   -4.0992
    0.6219  -12.3534   -2.1118   -4.6325    9.7118   -3.3463
eta,q 0.96237 11.70390
  0.0467  0.0444  0.0457  0.0436  0.0364  0.0392  0.0398  0.0420  0.0404  0.0384  0.0381  0.0378
  0.0453  0.0440  0.0448  0.0433  0.0385  0.0388  0.0391  0.0405  0.0395  0.0381  0.0379  0.0376
  0.0444  0.0438  0.0442  0.0433  0.0410  0.0389  0.0387  0.0393  0.0389  0.0382  0.0379  0.0377
  0.0441  0.0441  0.0438  0.0438  0.0433  0.0391  0.0388  0.0387  0.0387  0.0387  0.0380  0.0378
  0.0443  0.0446  0.0438  0.0450  0.0459  0.0400  0.0393  0.0388  0.0389  0.0395  0.0385  0.0383
  0.0451  0.0453  0.0440  0.0469  0.0490  0.0418  0.0402  0.0396  0.0393  0.0408  0.0391  0.0389
  0.0463  0.0461  0.0445  0.0497  0.0519  0.0445  0.0414  0.0410  0.0401  0.0426  0.0399  0.0397
niter,ni,del,rscale     7    3    5.0000    1.2000
parameter  5  1.177577 ->  0.500000 qaram    1.3225
parameters
   -4.5243  -13.2801    6.5209   -3.7912   -8.9295   -2.8719
    1.1009  -12.2787   -0.4933   -3.4732    7.1771   -2.3731
eta,q 0.96604 11.66995
  0.0399  0.0384  0.0379  0.0400  0.0337  0.0361  0.0363  0.0372  0.0365  0.0375  0.0343  0.0351
  0.0387  0.0377  0.0375  0.0389  0.0340  0.0352  0.0352  0.0356  0.0354  0.0357  0.0341  0.0345
  0.0379  0.0374  0.0374  0.0380  0.0351  0.0345  0.0345  0.0345  0.0346  0.0345  0.0340  0.0342
  0.0376  0.0376  0.0374  0.0374  0.0372  0.0342  0.0342  0.0341  0.0341  0.0341  0.0341  0.0340
  0.0378  0.0381  0.0377  0.0372  0.0398  0.0342  0.0343  0.0345  0.0341  0.0342  0.0344  0.0340
  0.0385  0.0387  0.0382  0.0376  0.0426  0.0343  0.0349  0.0354  0.0344  0.0348  0.0348  0.0342
  0.0396  0.0395  0.0389  0.0391  0.0460  0.0352  0.0359  0.0371  0.0351  0.0358  0.0354  0.0347
niter,ni,del,rscale     7    3    5.0000    1.2000
parameters
   -4.5179  -13.0462    7.0851   -1.9014  -13.1734   -2.0405
    1.1472  -12.1981    0.8687   -3.3980    5.6800    1.1319
eta,q 0.96742 11.57582
  0.0361  0.0358  0.0351  0.0369  0.0342  0.0347  0.0345  0.0360  0.0344  0.0348  0.0332  0.0339
  0.0349  0.0348  0.0345  0.0357  0.0332  0.0339  0.0336  0.0343  0.0336  0.0335  0.0329  0.0334
  0.0342  0.0342  0.0342  0.0347  0.0329  0.0332  0.0331  0.0332  0.0331  0.0329  0.0328  0.0330
  0.0340  0.0340  0.0340  0.0339  0.0335  0.0329  0.0328  0.0328  0.0328  0.0328  0.0328  0.0327
  0.0342  0.0341  0.0339  0.0334  0.0354  0.0328  0.0330  0.0333  0.0328  0.0330  0.0330  0.0326
  0.0349  0.0345  0.0341  0.0338  0.0383  0.0331  0.0336  0.0342  0.0330  0.0336  0.0333  0.0326
  0.0361  0.0351  0.0344  0.0353  0.0412  0.0342  0.0345  0.0358  0.0336  0.0345  0.0338  0.0329
niter,ni,del,rscale     6    3    5.0000    1.2000
parameters
   -4.5533  -12.7432    7.9067   -1.2070  -14.6143   -1.8606
    0.5856  -11.9657    1.7493   -3.5634    4.9920    3.0322
eta,q 0.96765 11.53853
  0.0348  0.0342  0.0337  0.0354  0.0350  0.0341  0.0339  0.0358  0.0337  0.0340  0.0330  0.0334
  0.0336  0.0333  0.0332  0.0343  0.0338  0.0334  0.0331  0.0341  0.0331  0.0330  0.0327  0.0329
  0.0328  0.0328  0.0328  0.0334  0.0328  0.0328  0.0325  0.0328  0.0326  0.0325  0.0324  0.0326
  0.0326  0.0326  0.0326  0.0325  0.0323  0.0324  0.0324  0.0324  0.0324  0.0324  0.0324  0.0324
  0.0328  0.0327  0.0325  0.0323  0.0331  0.0324  0.0327  0.0328  0.0324  0.0327  0.0325  0.0324
  0.0336  0.0330  0.0326  0.0332  0.0350  0.0328  0.0334  0.0338  0.0327  0.0332  0.0328  0.0325
  0.0349  0.0335  0.0328  0.0351  0.0380  0.0344  0.0345  0.0353  0.0332  0.0340  0.0333  0.0328
niter,ni,del,rscale     5    3    5.0000    1.2000
parameters
   -4.6191  -12.7793    8.2882   -0.9359  -15.2864   -2.0005
    0.1898  -11.8466    2.3008   -3.8131    4.4288    4.3376
eta,q 0.96769 11.51718
  0.0345  0.0334  0.0331  0.0353  0.0353  0.0339  0.0340  0.0356  0.0335  0.0339  0.0329  0.0332
  0.0333  0.0328  0.0327  0.0342  0.0341  0.0332  0.0331  0.0340  0.0330  0.0329  0.0326  0.0328
  0.0326  0.0324  0.0325  0.0332  0.0329  0.0326  0.0325  0.0327  0.0325  0.0324  0.0324  0.0325
  0.0323  0.0323  0.0324  0.0323  0.0323  0.0323  0.0324  0.0324  0.0324  0.0323  0.0323  0.0323
  0.0326  0.0325  0.0323  0.0323  0.0326  0.0323  0.0326  0.0328  0.0324  0.0326  0.0324  0.0323
  0.0335  0.0329  0.0325  0.0334  0.0342  0.0328  0.0333  0.0338  0.0327  0.0331  0.0327  0.0325
  0.0348  0.0334  0.0328  0.0355  0.0370  0.0345  0.0344  0.0354  0.0332  0.0339  0.0332  0.0328
niter,ni,del,rscale     4    3    5.0000    1.2000
parameters
   -4.6582  -12.8195    8.3623   -0.7681  -15.6543   -2.2497
   -0.0522  -11.7342    2.7190   -3.9326    3.9447    5.0920
eta,q 0.96769 11.49843
  0.0345  0.0333  0.0329  0.0352  0.0354  0.0338  0.0340  0.0356  0.0335  0.0339  0.0329  0.0331
  0.0333  0.0327  0.0326  0.0341  0.0342  0.0332  0.0331  0.0340  0.0329  0.0329  0.0326  0.0327
  0.0326  0.0324  0.0324  0.0332  0.0330  0.0326  0.0325  0.0327  0.0325  0.0324  0.0324  0.0325
  0.0323  0.0323  0.0323  0.0323  0.0323  0.0323  0.0323  0.0323  0.0323  0.0323  0.0323  0.0323
  0.0326  0.0324  0.0323  0.0323  0.0325  0.0323  0.0326  0.0328  0.0324  0.0326  0.0324  0.0323
  0.0334  0.0328  0.0325  0.0334  0.0340  0.0328  0.0333  0.0338  0.0327  0.0331  0.0327  0.0325
  0.0347  0.0333  0.0329  0.0356  0.0367  0.0345  0.0343  0.0353  0.0333  0.0338  0.0331  0.0329
niter,ni,del,rscale     3    3    5.0000    1.2000
parameters
   -4.6607  -12.7788    8.2711   -0.6609  -15.9139   -2.5169
   -0.1839  -11.6488    3.1192   -3.8387    3.4523    5.5877
eta,q 0.96769 11.47790
  0.0346  0.0334  0.0329  0.0352  0.0355  0.0337  0.0341  0.0355  0.0334  0.0339  0.0329  0.0331
  0.0334  0.0327  0.0325  0.0341  0.0342  0.0331  0.0331  0.0339  0.0329  0.0329  0.0326  0.0327
  0.0326  0.0324  0.0324  0.0331  0.0330  0.0326  0.0325  0.0327  0.0325  0.0324  0.0324  0.0325
  0.0323  0.0323  0.0323  0.0323  0.0323  0.0323  0.0323  0.0323  0.0323  0.0323  0.0323  0.0323
  0.0325  0.0324  0.0324  0.0323  0.0324  0.0323  0.0325  0.0328  0.0324  0.0325  0.0324  0.0323
  0.0333  0.0327  0.0326  0.0335  0.0339  0.0328  0.0332  0.0338  0.0327  0.0330  0.0327  0.0325
  0.0347  0.0333  0.0330  0.0356  0.0365  0.0344  0.0342  0.0353  0.0333  0.0337  0.0331  0.0330
niter,ni,del,rscale     2    3    5.0000    1.2000
parameters
   -4.6580  -12.6640    8.0951   -0.5919  -16.1917   -2.8302
   -0.2569  -11.5860    3.5719   -3.5665    2.9165    5.9841
eta,q 0.96768 11.45065
  0.0346  0.0334  0.0328  0.0351  0.0354  0.0336  0.0341  0.0354  0.0334  0.0339  0.0329  0.0331
  0.0334  0.0328  0.0325  0.0341  0.0342  0.0331  0.0332  0.0339  0.0329  0.0329  0.0326  0.0328
  0.0326  0.0324  0.0323  0.0331  0.0330  0.0326  0.0326  0.0327  0.0325  0.0324  0.0324  0.0325
  0.0323  0.0323  0.0323  0.0323  0.0323  0.0323  0.0323  0.0323  0.0323  0.0323  0.0323  0.0323
  0.0326  0.0324  0.0324  0.0323  0.0324  0.0324  0.0325  0.0328  0.0324  0.0325  0.0324  0.0324
  0.0333  0.0327  0.0326  0.0335  0.0339  0.0328  0.0332  0.0338  0.0327  0.0329  0.0327  0.0326
  0.0346  0.0332  0.0330  0.0356  0.0365  0.0343  0.0342  0.0353  0.0332  0.0336  0.0332  0.0330
niter,ni,del,rscale     1    3    5.0000    1.2000
parameters
   -4.6607  -12.4862    7.8509   -0.5559  -16.5436   -3.1963
   -0.2672  -11.5522    4.1084   -3.1016    2.3547    6.2869
eta,q 0.96766 11.41506
  0.0346  0.0335  0.0328  0.0351  0.0353  0.0336  0.0341  0.0353  0.0335  0.0339  0.0329  0.0331
  0.0334  0.0328  0.0325  0.0340  0.0342  0.0331  0.0332  0.0339  0.0329  0.0329  0.0326  0.0328
  0.0326  0.0325  0.0323  0.0331  0.0330  0.0326  0.0326  0.0327  0.0325  0.0325  0.0324  0.0325
  0.0323  0.0323  0.0323  0.0323  0.0323  0.0323  0.0324  0.0324  0.0324  0.0323  0.0323  0.0323
  0.0326  0.0324  0.0325  0.0323  0.0325  0.0324  0.0325  0.0328  0.0324  0.0325  0.0325  0.0324
  0.0333  0.0327  0.0327  0.0335  0.0339  0.0329  0.0332  0.0338  0.0327  0.0328  0.0327  0.0326
  0.0346  0.0331  0.0331  0.0356  0.0365  0.0342  0.0342  0.0353  0.0332  0.0335  0.0332  0.0331
registration optimization eta report
parameter search radius
    2.4000    2.4000    2.4000    8.2800    9.5220    7.2000
    7.2000    7.2000    7.2000    8.2800    7.2000    8.2800
100000*second partial in parameter space
       40.       17.       11.        4.        4.        3.
        3.        6.        2.        2.        1.        1.
  0.0346  0.0335  0.0328  0.0351  0.0353  0.0336  0.0341  0.0353  0.0335  0.0339  0.0329  0.0331
  0.0334  0.0328  0.0325  0.0340  0.0342  0.0331  0.0332  0.0339  0.0329  0.0329  0.0326  0.0328
  0.0326  0.0325  0.0323  0.0331  0.0330  0.0326  0.0326  0.0327  0.0325  0.0325  0.0324  0.0325
  0.0323  0.0323  0.0323  0.0323  0.0323  0.0323  0.0324  0.0324  0.0324  0.0323  0.0323  0.0323
  0.0326  0.0324  0.0325  0.0323  0.0325  0.0324  0.0325  0.0328  0.0324  0.0325  0.0325  0.0324
  0.0333  0.0327  0.0327  0.0335  0.0339  0.0329  0.0332  0.0338  0.0327  0.0328  0.0327  0.0326
  0.0346  0.0331  0.0331  0.0356  0.0365  0.0342  0.0342  0.0353  0.0332  0.0335  0.0332  0.0331
   -4.6607  -12.4862    7.8509   -0.5559  -16.5436   -3.1963
   -0.2672  -11.5522    4.1084   -3.1016    2.3547    6.2869
eta,q 0.96766 11.41506

---------------------------------------------------------------------
imgreg_4dfp /opt/freesurfer/average/711-2C_as_mni_average_305 /opt/freesurfer/average/711-2B_as_mni_average_305_mask talsrcimg_g11 none talsrcimg_to_711-2C_as_mni_average_305_t4 2311
---------------------------------------------------------------------

freesurfer imgreg_4dfp.c
/opt/freesurfer/average/711-2C_as_mni_average_305.4dfp.img
       256       256       256         1
  1.000000  1.000000  1.000000
orientation T byte_order littleendian
Reading image: /opt/freesurfer/average/711-2C_as_mni_average_305.4dfp.img
dimensions:      256       256       256
mmppix:       1.0000   -1.0000   -1.0000
center:     128.0000 -129.0000 -129.0000
/opt/freesurfer/average/711-2B_as_mni_average_305_mask.4dfp.img
       256       256       256         1
  1.000000  1.000000  1.000000
orientation T byte_order littleendian
Reading mask: /opt/freesurfer/average/711-2B_as_mni_average_305_mask.4dfp.img (2306576 pixels)
talsrcimg_g11.4dfp.img
       256       256       256         1
  1.000000  1.000000  1.000000
orientation T byte_order littleendian
Reading image: talsrcimg_g11.4dfp.img
dimensions:      256       256       256
mmppix:       1.0000   -1.0000   -1.0000
center:     128.0000 -129.0000 -129.0000
fimgreg.f
image alignment mode   2311 decimal      907 hex
parameters
   -4.6607  -12.4862    7.8509   -0.5559  -16.5437   -3.1963
   -0.2672  -11.5522    4.1084   -3.1016    2.3547    6.2869
eta,q 0.96766 11.41506
niter,ni,del,rscale     5    3    5.0000    0.8000
parameters
   -4.6614  -12.2794    7.5598    0.3938  -15.9365   -3.3255
   -0.4109  -11.4758    4.2774   -3.8299    1.8199    6.0099
eta,q 0.96786 11.43885
  0.0333  0.0329  0.0325  0.0337  0.0334  0.0327  0.0330  0.0338  0.0327  0.0325  0.0324  0.0324
  0.0328  0.0326  0.0324  0.0332  0.0329  0.0324  0.0325  0.0329  0.0324  0.0322  0.0323  0.0323
  0.0325  0.0324  0.0323  0.0327  0.0324  0.0322  0.0323  0.0323  0.0322  0.0322  0.0322  0.0322
  0.0323  0.0323  0.0323  0.0323  0.0322  0.0322  0.0322  0.0322  0.0322  0.0322  0.0321  0.0321
  0.0324  0.0324  0.0324  0.0322  0.0322  0.0323  0.0323  0.0324  0.0322  0.0323  0.0322  0.0322
  0.0328  0.0325  0.0326  0.0325  0.0324  0.0324  0.0326  0.0329  0.0324  0.0324  0.0324  0.0323
  0.0334  0.0326  0.0328  0.0331  0.0330  0.0329  0.0331  0.0337  0.0326  0.0327  0.0326  0.0325
niter,ni,del,rscale     4    3    5.0000    0.7000
parameters
   -4.6732  -12.3747    7.6987    0.5910  -15.5904   -2.9305
   -0.4732  -11.3461    4.2128   -4.1874    1.5873    5.7400
eta,q 0.96789 11.47467
  0.0330  0.0324  0.0324  0.0332  0.0331  0.0327  0.0328  0.0335  0.0325  0.0324  0.0324  0.0323
  0.0325  0.0323  0.0323  0.0328  0.0326  0.0324  0.0324  0.0328  0.0323  0.0322  0.0322  0.0322
  0.0322  0.0322  0.0322  0.0324  0.0323  0.0322  0.0322  0.0323  0.0322  0.0321  0.0321  0.0321
  0.0321  0.0321  0.0321  0.0321  0.0321  0.0321  0.0321  0.0321  0.0321  0.0321  0.0321  0.0321
  0.0322  0.0322  0.0322  0.0322  0.0321  0.0322  0.0322  0.0323  0.0322  0.0322  0.0322  0.0321
  0.0325  0.0323  0.0322  0.0325  0.0324  0.0323  0.0324  0.0327  0.0323  0.0323  0.0323  0.0322
  0.0330  0.0325  0.0323  0.0332  0.0329  0.0325  0.0328  0.0333  0.0325  0.0325  0.0324  0.0324
niter,ni,del,rscale     3    3    5.0000    0.6000
parameters
   -4.6707  -12.5315    7.9358    0.7033  -15.3067   -2.5827
   -0.4966  -11.2662    4.0408   -4.5945    1.6153    5.5700
eta,q 0.96792 11.50773
  0.0327  0.0323  0.0324  0.0330  0.0328  0.0326  0.0326  0.0331  0.0324  0.0323  0.0323  0.0322
  0.0324  0.0322  0.0322  0.0326  0.0325  0.0323  0.0323  0.0326  0.0322  0.0322  0.0322  0.0321
  0.0322  0.0321  0.0322  0.0323  0.0322  0.0321  0.0321  0.0322  0.0321  0.0321  0.0321  0.0321
  0.0321  0.0321  0.0321  0.0321  0.0321  0.0321  0.0321  0.0321  0.0321  0.0321  0.0321  0.0321
  0.0322  0.0322  0.0321  0.0321  0.0321  0.0321  0.0321  0.0322  0.0321  0.0321  0.0321  0.0321
  0.0324  0.0323  0.0321  0.0324  0.0323  0.0322  0.0323  0.0325  0.0322  0.0323  0.0322  0.0322
  0.0327  0.0324  0.0322  0.0329  0.0327  0.0324  0.0326  0.0330  0.0324  0.0324  0.0323  0.0323
niter,ni,del,rscale     2    3    5.0000    0.5000
parameters
   -4.6683  -12.7094    8.2067    0.7736  -15.0285   -2.2338
   -0.5125  -11.2277    3.7437   -5.0218    1.8211    5.2520
eta,q 0.96795 11.54004
  0.0325  0.0322  0.0323  0.0327  0.0326  0.0324  0.0324  0.0328  0.0322  0.0322  0.0322  0.0321
  0.0323  0.0321  0.0322  0.0324  0.0323  0.0322  0.0322  0.0324  0.0321  0.0321  0.0321  0.0321
  0.0321  0.0321  0.0321  0.0322  0.0322  0.0321  0.0321  0.0321  0.0321  0.0321  0.0321  0.0321
  0.0321  0.0321  0.0321  0.0321  0.0321  0.0321  0.0321  0.0321  0.0321  0.0321  0.0321  0.0321
  0.0321  0.0321  0.0321  0.0321  0.0321  0.0321  0.0321  0.0322  0.0321  0.0321  0.0321  0.0321
  0.0323  0.0322  0.0321  0.0323  0.0322  0.0322  0.0322  0.0324  0.0322  0.0322  0.0321  0.0321
  0.0325  0.0323  0.0321  0.0327  0.0324  0.0323  0.0324  0.0328  0.0323  0.0323  0.0322  0.0322
niter,ni,del,rscale     1    3    5.0000    0.4000
parameters
   -4.6674  -12.9182    8.5235    0.8080  -14.6669   -1.7992
   -0.4905  -11.2622    3.3119   -5.4076    2.1903    4.5958
eta,q 0.96800 11.57896
  0.0324  0.0321  0.0322  0.0325  0.0324  0.0323  0.0323  0.0325  0.0321  0.0321  0.0322  0.0320
  0.0322  0.0321  0.0321  0.0323  0.0322  0.0322  0.0321  0.0322  0.0320  0.0320  0.0321  0.0320
  0.0321  0.0320  0.0321  0.0321  0.0321  0.0321  0.0320  0.0321  0.0320  0.0320  0.0320  0.0320
  0.0321  0.0321  0.0320  0.0320  0.0320  0.0320  0.0320  0.0320  0.0320  0.0320  0.0320  0.0320
  0.0321  0.0321  0.0320  0.0321  0.0320  0.0320  0.0320  0.0321  0.0321  0.0321  0.0320  0.0320
  0.0322  0.0322  0.0320  0.0322  0.0321  0.0321  0.0321  0.0323  0.0321  0.0321  0.0320  0.0321
  0.0323  0.0322  0.0321  0.0325  0.0322  0.0321  0.0323  0.0325  0.0322  0.0322  0.0321  0.0321
registration optimization eta report
parameter search radius
    0.8000    0.8000    0.8000    2.4000    2.4000    2.4000
    2.4000    2.4000    2.4000    2.4000    2.4000    2.4000
100000*second partial in parameter space
       47.       20.       12.        8.        5.        3.
        4.        9.        3.        3.        2.        1.
  0.0324  0.0321  0.0322  0.0325  0.0324  0.0323  0.0323  0.0325  0.0321  0.0321  0.0322  0.0320
  0.0322  0.0321  0.0321  0.0323  0.0322  0.0322  0.0321  0.0322  0.0320  0.0320  0.0321  0.0320
  0.0321  0.0320  0.0321  0.0321  0.0321  0.0321  0.0320  0.0321  0.0320  0.0320  0.0320  0.0320
  0.0321  0.0321  0.0320  0.0320  0.0320  0.0320  0.0320  0.0320  0.0320  0.0320  0.0320  0.0320
  0.0321  0.0321  0.0320  0.0321  0.0320  0.0320  0.0320  0.0321  0.0321  0.0321  0.0320  0.0320
  0.0322  0.0322  0.0320  0.0322  0.0321  0.0321  0.0321  0.0323  0.0321  0.0321  0.0320  0.0321
  0.0323  0.0322  0.0321  0.0325  0.0322  0.0321  0.0323  0.0325  0.0322  0.0322  0.0321  0.0321
   -4.6674  -12.9182    8.5235    0.8080  -14.6669   -1.7992
   -0.4905  -11.2622    3.3119   -5.4076    2.1903    4.5958
eta,q 0.96800 11.57896

---------------------------------------------------------------------
imgreg_4dfp /opt/freesurfer/average/711-2C_as_mni_average_305 /opt/freesurfer/average/711-2B_as_mni_average_305_mask talsrcimg_g11 none talsrcimg_to_711-2C_as_mni_average_305_t4 2311
---------------------------------------------------------------------

freesurfer imgreg_4dfp.c
/opt/freesurfer/average/711-2C_as_mni_average_305.4dfp.img
       256       256       256         1
  1.000000  1.000000  1.000000
orientation T byte_order littleendian
Reading image: /opt/freesurfer/average/711-2C_as_mni_average_305.4dfp.img
dimensions:      256       256       256
mmppix:       1.0000   -1.0000   -1.0000
center:     128.0000 -129.0000 -129.0000
/opt/freesurfer/average/711-2B_as_mni_average_305_mask.4dfp.img
       256       256       256         1
  1.000000  1.000000  1.000000
orientation T byte_order littleendian
Reading mask: /opt/freesurfer/average/711-2B_as_mni_average_305_mask.4dfp.img (2306576 pixels)
talsrcimg_g11.4dfp.img
       256       256       256         1
  1.000000  1.000000  1.000000
orientation T byte_order littleendian
Reading image: talsrcimg_g11.4dfp.img
dimensions:      256       256       256
mmppix:       1.0000   -1.0000   -1.0000
center:     128.0000 -129.0000 -129.0000
fimgreg.f
image alignment mode   2311 decimal      907 hex
parameters
   -4.6674  -12.9182    8.5235    0.8080  -14.6669   -1.7992
   -0.4905  -11.2622    3.3119   -5.4076    2.1903    4.5958
eta,q 0.96800 11.57896
niter,ni,del,rscale     5    3    5.0000    0.8000
parameters
   -4.6737  -13.0894    8.8116    0.3890  -14.5644   -1.1569
   -0.3867  -11.2972    2.9354   -5.3498    2.6263    4.1254
eta,q 0.96804 11.60827
  0.0332  0.0324  0.0324  0.0332  0.0332  0.0330  0.0329  0.0338  0.0325  0.0327  0.0325  0.0322
  0.0325  0.0322  0.0322  0.0327  0.0326  0.0325  0.0324  0.0328  0.0322  0.0323  0.0322  0.0321
  0.0321  0.0320  0.0321  0.0322  0.0322  0.0322  0.0321  0.0322  0.0320  0.0320  0.0321  0.0320
  0.0320  0.0320  0.0320  0.0320  0.0320  0.0320  0.0320  0.0320  0.0320  0.0320  0.0320  0.0320
  0.0321  0.0321  0.0320  0.0322  0.0320  0.0320  0.0321  0.0323  0.0321  0.0321  0.0320  0.0320
  0.0326  0.0323  0.0320  0.0329  0.0324  0.0321  0.0324  0.0329  0.0323  0.0323  0.0321  0.0321
  0.0332  0.0327  0.0322  0.0339  0.0332  0.0326  0.0329  0.0338  0.0327  0.0327  0.0323  0.0323
niter,ni,del,rscale     4    3    5.0000    0.7000
parameters
   -4.6762  -13.2455    9.1134    0.2599  -14.2995   -0.7032
   -0.2239  -11.4530    2.6108   -5.5509    2.9687    3.7278
eta,q 0.96811 11.63758
  0.0329  0.0323  0.0323  0.0331  0.0329  0.0328  0.0327  0.0333  0.0323  0.0325  0.0324  0.0321
  0.0324  0.0321  0.0321  0.0326  0.0325  0.0324  0.0323  0.0325  0.0321  0.0321  0.0321  0.0320
  0.0321  0.0320  0.0320  0.0321  0.0321  0.0321  0.0320  0.0320  0.0319  0.0319  0.0320  0.0319
  0.0320  0.0320  0.0320  0.0319  0.0319  0.0319  0.0319  0.0319  0.0319  0.0319  0.0319  0.0319
  0.0321  0.0320  0.0319  0.0321  0.0320  0.0319  0.0320  0.0322  0.0320  0.0320  0.0319  0.0319
  0.0324  0.0322  0.0320  0.0325  0.0322  0.0321  0.0322  0.0327  0.0322  0.0322  0.0320  0.0321
  0.0329  0.0325  0.0321  0.0333  0.0328  0.0325  0.0326  0.0335  0.0325  0.0325  0.0322  0.0322
niter,ni,del,rscale     3    3    5.0000    0.6000
parameters
   -4.7176  -13.3947    9.2752    0.1535  -14.0702   -0.3529
   -0.0424  -11.6112    2.3151   -5.6551    3.2014    3.5087
eta,q 0.96815 11.66197
  0.0325  0.0321  0.0321  0.0328  0.0326  0.0325  0.0324  0.0329  0.0322  0.0323  0.0322  0.0320
  0.0322  0.0320  0.0320  0.0323  0.0323  0.0322  0.0321  0.0323  0.0320  0.0320  0.0320  0.0319
  0.0319  0.0319  0.0319  0.0320  0.0320  0.0320  0.0319  0.0319  0.0319  0.0319  0.0319  0.0319
  0.0319  0.0319  0.0319  0.0319  0.0319  0.0319  0.0319  0.0319  0.0319  0.0319  0.0318  0.0318
  0.0320  0.0320  0.0319  0.0320  0.0319  0.0319  0.0319  0.0321  0.0319  0.0319  0.0319  0.0319
  0.0322  0.0321  0.0319  0.0323  0.0321  0.0320  0.0321  0.0325  0.0321  0.0321  0.0320  0.0320
  0.0326  0.0323  0.0320  0.0329  0.0325  0.0323  0.0323  0.0331  0.0323  0.0324  0.0321  0.0321
niter,ni,del,rscale     2    3    5.0000    0.5000
parameters
   -4.7510  -13.4846    9.3523    0.0739  -13.9335   -0.1357
    0.0979  -11.7400    2.1606   -5.6875    3.3466    3.3819
eta,q 0.96817 11.67643
  0.0323  0.0321  0.0320  0.0325  0.0324  0.0323  0.0322  0.0326  0.0321  0.0322  0.0321  0.0320
  0.0320  0.0319  0.0319  0.0322  0.0321  0.0321  0.0320  0.0322  0.0319  0.0320  0.0319  0.0319
  0.0319  0.0319  0.0319  0.0319  0.0319  0.0319  0.0319  0.0319  0.0319  0.0319  0.0319  0.0318
  0.0318  0.0319  0.0318  0.0318  0.0318  0.0318  0.0318  0.0318  0.0318  0.0318  0.0318  0.0318
  0.0319  0.0319  0.0318  0.0319  0.0319  0.0319  0.0319  0.0320  0.0319  0.0319  0.0318  0.0319
  0.0321  0.0320  0.0319  0.0322  0.0320  0.0320  0.0320  0.0323  0.0320  0.0320  0.0319  0.0319
  0.0324  0.0321  0.0320  0.0326  0.0323  0.0322  0.0322  0.0327  0.0321  0.0322  0.0320  0.0320
niter,ni,del,rscale     1    3    5.0000    0.4000
parameters
   -4.7765  -13.5266    9.3765    0.0444  -13.8426   -0.0334
    0.2028  -11.8271    2.0555   -5.6954    3.3997    3.2864
eta,q 0.96818 11.68435
  0.0321  0.0320  0.0319  0.0323  0.0322  0.0321  0.0321  0.0324  0.0320  0.0321  0.0320  0.0319
  0.0320  0.0319  0.0319  0.0321  0.0320  0.0319  0.0320  0.0320  0.0319  0.0319  0.0319  0.0319
  0.0319  0.0318  0.0318  0.0319  0.0319  0.0319  0.0319  0.0319  0.0318  0.0318  0.0318  0.0318
  0.0318  0.0318  0.0318  0.0318  0.0318  0.0318  0.0318  0.0318  0.0318  0.0318  0.0318  0.0318
  0.0319  0.0319  0.0318  0.0319  0.0318  0.0318  0.0318  0.0319  0.0318  0.0319  0.0318  0.0318
  0.0320  0.0319  0.0319  0.0320  0.0319  0.0319  0.0319  0.0321  0.0319  0.0319  0.0319  0.0319
  0.0322  0.0320  0.0319  0.0323  0.0321  0.0321  0.0320  0.0324  0.0320  0.0321  0.0320  0.0319
registration optimization eta report
parameter search radius
    0.8000    0.8000    0.8000    2.4000    2.4000    2.4000
    2.4000    2.4000    2.4000    2.4000    2.4000    2.4000
100000*second partial in parameter space
       51.       27.       17.        8.        6.        5.
        4.       10.        3.        4.        3.        2.
  0.0321  0.0320  0.0319  0.0323  0.0322  0.0321  0.0321  0.0324  0.0320  0.0321  0.0320  0.0319
  0.0320  0.0319  0.0319  0.0321  0.0320  0.0319  0.0320  0.0320  0.0319  0.0319  0.0319  0.0319
  0.0319  0.0318  0.0318  0.0319  0.0319  0.0319  0.0319  0.0319  0.0318  0.0318  0.0318  0.0318
  0.0318  0.0318  0.0318  0.0318  0.0318  0.0318  0.0318  0.0318  0.0318  0.0318  0.0318  0.0318
  0.0319  0.0319  0.0318  0.0319  0.0318  0.0318  0.0318  0.0319  0.0318  0.0319  0.0318  0.0318
  0.0320  0.0319  0.0319  0.0320  0.0319  0.0319  0.0319  0.0321  0.0319  0.0319  0.0319  0.0319
  0.0322  0.0320  0.0319  0.0323  0.0321  0.0321  0.0320  0.0324  0.0320  0.0321  0.0320  0.0319
   -4.7765  -13.5266    9.3765    0.0444  -13.8426   -0.0334
    0.2028  -11.8271    2.0555   -5.6954    3.3997    3.2864
eta,q 0.96818 11.68435

---------------------------------------------------------------------
compute_vox2vox talsrcimg talsrcimg_to_711-2C_as_mni_average_305_t4 /opt/freesurfer/average/711-2C_as_mni_average_305
---------------------------------------------------------------------

freesurfer compute_vox2vox.c
Reading: talsrcimg.4dfp.ifh
Reading: talsrcimg_to_711-2C_as_mni_average_305_t4
Reading: /opt/freesurfer/average/711-2C_as_mni_average_305.4dfp.ifh
Writing: talsrcimg_to_711-2C_as_mni_average_305_t4_vox2vox.txt

start time Thu Mar 12 19:17:06 CET 2026
end		time Thu Mar 12 19:17:20 CET 2026

mpr2mni305 success

avi2talxfm orig_nu.mgz /opt/freesurfer/average/mni305.cor.mgz talsrcimg_to_711-2C_as_mni_average_305_t4_vox2vox.txt transforms/talairach.auto.xfm
avi2talxfm done
mv -f /out/sourcedata/freesurfer/sub-v1s20x0050377_ses-1/mri/talsrcimg_to_711-2C_as_mni_average_305_t4_vox2vox.txt /out/sourcedata/freesurfer/sub-v1s20x0050377_ses-1/mri/transforms/talsrcimg_to_711-2C_as_mni_average_305_t4_vox2vox.txt
lta_convert --src orig_nu.mgz --trg /opt/freesurfer/average/mni305.cor.mgz --inxfm transforms/talairach.auto.xfm --outlta transforms/talairach.auto.xfm.lta --subject fsaverage
7.3.2

--src: orig_nu.mgz src image (geometry).
--trg: /opt/freesurfer/average/mni305.cor.mgz trg image (geometry).
--inmni: transforms/talairach.auto.xfm input MNI/XFM transform.
--outlta: transforms/talairach.auto.xfm.lta output LTA.
--s: fsaverage subject name
 LTA read, type : 1
 0.99571   0.11741  -0.00682   3.11907;
-0.03301   0.99427  -0.03785  -10.46356;
-0.02594   0.06293   1.15833   14.30344;
 0.00000   0.00000   0.00000   1.00000;
setting subject to fsaverage
Writing  LTA to file transforms/talairach.auto.xfm.lta...
lta_convert successful.
 
 
Started at Thu Mar 12 19:17:06 CET 2026
Ended   at Thu Mar 12 19:17:20 CET 2026
talairach_avi done
