/out/sourcedata/freesurfer/sub-v1s20x0050370_ses-1/mri
/opt/freesurfer/bin/talairach_avi
--i orig_nu.mgz --xfm transforms/talairach.auto.xfm
talairach_avi 7.3.2
Linux dna059 5.14.0-427.37.1.el9_4.x86_64 #1 SMP PREEMPT_DYNAMIC Fri Sep 13 12:41:50 EDT 2024 x86_64 x86_64 x86_64 GNU/Linux
Thu Mar 12 19:13:25 CET 2026
mri_convert orig_nu.mgz talsrcimg.img 
reading from orig_nu.mgz...
TR=0.00, TE=0.00, TI=0.00, flip angle=0.00
i_ras = (-1, 0, 0)
j_ras = (0, 0, -1)
k_ras = (0, 1, 0)
writing to talsrcimg.img...
Analyze Output Matrix
-1.00000   0.00000   0.00000   129.50781;
 0.00000   0.00000   1.00000  -128.49219;
 0.00000  -1.00000   0.00000   129.60004;
 0.00000   0.00000   0.00000   1.00000;
--------------------
INFO: set hdr.hist.orient to -1
mpr2mni305 talsrcimg
Thu Mar 12 19:13:25 CET 2026
/opt/freesurfer/bin/mpr2mni305 talsrcimg
mpr2mni305 7.3.2
target=711-2C_as_mni_average_305

---------------------------------------------------------------------
analyzeto4dfp talsrcimg -O0 -y
---------------------------------------------------------------------

freesurfer ifh2hdr.c
Thu Mar 12 19:13:26 2026
Writing: talsrcimg.4dfp.hdr
freesurfer analyzeto4dfp.c
Reading: talsrcimg.hdr
header size 348 bytes
hdr.dime.datatype	offset=70	value=2
hdr.dime.bitpix		offset=72	value=8
hdr.hist.orient		offset=252	value=-1
dimensionality     4
dimensions       256       256       256         1
Reading: talsrcimg.img
Writing: talsrcimg.4dfp.img
Writing: talsrcimg.4dfp.ifh
ifh2hdr talsrcimg -r0to255
ori=2

---------------------------------------------------------------------
gauss_4dfp talsrcimg 1.1
---------------------------------------------------------------------

freesurfer gauss_4dfp.c
Reading: talsrcimg.4dfp.img
Writing: talsrcimg_g11.4dfp.img
image dimensions 256 256 256 padded to 288 288 288
processing volume 1freesurfer ifh2hdr.c
Thu Mar 12 19:13:27 2026
Writing: talsrcimg_g11.4dfp.hdr

Writing: talsrcimg_g11.4dfp.ifh
including: talsrcimg.4dfp.img.rec in talsrcimg_g11.4dfp.img.rec

---------------------------------------------------------------------
imgreg_4dfp /opt/freesurfer/average/711-2C_as_mni_average_305 none talsrcimg_g11 none talsrcimg_to_711-2C_as_mni_average_305_t4 4355
---------------------------------------------------------------------

freesurfer imgreg_4dfp.c
/opt/freesurfer/average/711-2C_as_mni_average_305.4dfp.img
       256       256       256         1
  1.000000  1.000000  1.000000
orientation T byte_order littleendian
Reading image: /opt/freesurfer/average/711-2C_as_mni_average_305.4dfp.img
dimensions:      256       256       256
mmppix:       1.0000   -1.0000   -1.0000
center:     128.0000 -129.0000 -129.0000
talsrcimg_g11.4dfp.img
       256       256       256         1
  1.000000  1.000000  1.000000
orientation T byte_order littleendian
Reading image: talsrcimg_g11.4dfp.img
dimensions:      256       256       256
mmppix:       1.0000   -1.0000   -1.0000
center:     128.0000 -129.0000 -129.0000
t4_read: open error in t4_sub.f l:  41 t4_file(1:l)talsrcimg_to_711-2C_as_mni_average_305_t4 
t4_read: transform initialized to I4
rotation matrix determinant  1.000000
image alignment mode   4355 decimal     1103 hex
   -7.5000  -45.0000  -45.0000 7046.4927   18.8749
    0.0000  -45.0000  -45.0000 7362.4688   18.8975
    7.5000  -45.0000  -45.0000 7090.7793   18.9376
   -7.5000  -37.5000  -45.0000 7599.0757   18.8851
    0.0000  -37.5000  -45.0000 7928.4692   18.8950
    7.5000  -37.5000  -45.0000 7627.8198   18.9294
   -7.5000  -30.0000  -45.0000 8399.3584   18.9297
    0.0000  -30.0000  -45.0000 8751.3564   18.9256
    7.5000  -30.0000  -45.0000 8408.8418   18.9449
   -7.5000  -22.5000  -45.0000 9113.3457   18.9670
    0.0000  -22.5000  -45.0000 9483.8467   18.9641
    7.5000  -22.5000  -45.0000 9106.6768   18.9751
   -7.5000  -15.0000  -45.0000 9724.4111   18.9644
    0.0000  -15.0000  -45.000010138.5264   18.9739
    7.5000  -15.0000  -45.0000 9719.3398   18.9899
   -7.5000   -7.5000  -45.000010314.5410   18.9168
    0.0000   -7.5000  -45.000010777.5303   18.9379
    7.5000   -7.5000  -45.000010332.2559   18.9679
   -7.5000    0.0000  -45.000010859.6904   18.8749
    0.0000    0.0000  -45.000011338.6348   18.8975
    7.5000    0.0000  -45.000010858.2334   18.9376
   -7.5000    7.5000  -45.000010616.9863   18.8851
    0.0000    7.5000  -45.000011064.2861   18.8950
    7.5000    7.5000  -45.000010595.6670   18.9294
   -7.5000   15.0000  -45.000010298.5977   18.9297
    0.0000   15.0000  -45.000010719.5029   18.9256
    7.5000   15.0000  -45.000010257.4795   18.9449
   -7.5000   22.5000  -45.0000 9821.5615   18.9644
    0.0000   22.5000  -45.000010214.0957   18.9615
    7.5000   22.5000  -45.0000 9754.6396   18.9725
   -7.5000   30.0000  -45.0000 9105.7051   18.7116
    0.0000   30.0000  -45.0000 9463.1230   18.7210
    7.5000   30.0000  -45.0000 9017.0996   18.7368
   -7.5000   37.5000  -45.0000 8700.5400   18.6647
    0.0000   37.5000  -45.0000 9032.7822   18.6855
    7.5000   37.5000  -45.0000 8613.4678   18.7152
   -7.5000   45.0000  -45.0000 7994.7949   18.1504
    0.0000   45.0000  -45.0000 8292.0459   18.1722
    7.5000   45.0000  -45.0000 7916.6655   18.2108
   -7.5000  -45.0000  -37.5000 7615.8521   18.7319
    0.0000  -45.0000  -37.5000 7970.6426   18.7502
    7.5000  -45.0000  -37.5000 7660.8525   18.7957
   -7.5000  -37.5000  -37.5000 8215.1084   18.7448
    0.0000  -37.5000  -37.5000 8578.3525   18.7495
    7.5000  -37.5000  -37.5000 8234.3301   18.7868
   -7.5000  -30.0000  -37.5000 9059.3262   18.7889
    0.0000  -30.0000  -37.5000 9441.5908   18.7800
    7.5000  -30.0000  -37.5000 9050.3857   18.8017
   -7.5000  -22.5000  -37.5000 9805.5791   18.8240
    0.0000  -22.5000  -37.500010232.9541   18.8170
    7.5000  -22.5000  -37.5000 9791.9980   18.8323
   -7.5000  -15.0000  -37.500010451.3828   18.8185
    0.0000  -15.0000  -37.500010910.3691   18.8249
    7.5000  -15.0000  -37.500010432.3145   18.8476
   -7.5000   -7.5000  -37.500011049.8652   18.7705
    0.0000   -7.5000  -37.500011543.4014   18.7885
    7.5000   -7.5000  -37.500011034.9609   18.8259
   -7.5000    0.0000  -37.500011600.8232   18.7319
    0.0000    0.0000  -37.500012098.2471   18.7502
    7.5000    0.0000  -37.500011568.2861   18.7957
   -7.5000    7.5000  -37.500011313.3740   18.7448
    0.0000    7.5000  -37.500011784.9062   18.7495
    7.5000    7.5000  -37.500011274.1719   18.7868
   -7.5000   15.0000  -37.500010956.1973   18.7889
    0.0000   15.0000  -37.500011416.0996   18.7800
    7.5000   15.0000  -37.500010915.1494   18.8017
   -7.5000   22.5000  -37.500010431.5244   18.8214
    0.0000   22.5000  -37.500010861.7129   18.8144
    7.5000   22.5000  -37.500010344.0713   18.8297
   -7.5000   30.0000  -37.5000 9643.1689   18.5678
    0.0000   30.0000  -37.500010063.6035   18.5740
    7.5000   30.0000  -37.5000 9559.6055   18.5964
   -7.5000   37.5000  -37.5000 9160.5967   18.5203
    0.0000   37.5000  -37.5000 9554.8447   18.5381
    7.5000   37.5000  -37.5000 9100.0732   18.5750
   -7.5000   45.0000  -37.5000 8396.5293   18.0130
    0.0000   45.0000  -37.5000 8735.0732   18.0305
    7.5000   45.0000  -37.5000 8324.8701   18.0743
   -7.5000  -45.0000  -30.0000 8356.3672   19.5222
    0.0000  -45.0000  -30.0000 8752.8613   19.5432
    7.5000  -45.0000  -30.0000 8401.9297   19.6026
   -7.5000  -37.5000  -30.0000 8984.0840   19.5467
    0.0000  -37.5000  -30.0000 9409.4512   19.5533
    7.5000  -37.5000  -30.0000 9021.0039   19.5988
   -7.5000  -30.0000  -30.0000 9894.8262   19.5991
    0.0000  -30.0000  -30.000010348.4082   19.5936
    7.5000  -30.0000  -30.0000 9904.7471   19.6249
   -7.5000  -22.5000  -30.000010689.9160   19.6301
    0.0000  -22.5000  -30.000011194.2314   19.6287
    7.5000  -22.5000  -30.000010691.4199   19.6615
   -7.5000  -15.0000  -30.000011372.3975   19.6117
    0.0000  -15.0000  -30.000011922.7344   19.6256
    7.5000  -15.0000  -30.000011375.1484   19.6724
   -7.5000   -7.5000  -30.000012012.8291   19.5561
    0.0000   -7.5000  -30.000012610.3711   19.5804
    7.5000   -7.5000  -30.000011995.1426   19.6395
   -7.5000    0.0000  -30.000012557.8242   19.5222
    0.0000    0.0000  -30.000013158.0840   19.5432
    7.5000    0.0000  -30.000012530.0000   19.6026
   -7.5000    7.5000  -30.000012209.8838   19.5467
    0.0000    7.5000  -30.000012756.8477   19.5533
    7.5000    7.5000  -30.000012181.3789   19.5988
   -7.5000   15.0000  -30.000011835.8037   19.5991
    0.0000   15.0000  -30.000012351.5508   19.5936
    7.5000   15.0000  -30.000011779.7803   19.6249
   -7.5000   22.5000  -30.000011244.0801   19.6254
    0.0000   22.5000  -30.000011733.5078   19.6239
    7.5000   22.5000  -30.000011159.0635   19.6567
   -7.5000   30.0000  -30.000010372.4033   19.3522
    0.0000   30.0000  -30.000010857.3652   19.3659
    7.5000   30.0000  -30.000010303.6758   19.4121
   -7.5000   37.5000  -30.0000 9822.9971   19.2973
    0.0000   37.5000  -30.000010287.9004   19.3213
    7.5000   37.5000  -30.0000 9765.0840   19.3797
   -7.5000   45.0000  -30.0000 8957.4053   18.7867
    0.0000   45.0000  -30.0000 9345.8799   18.8069
    7.5000   45.0000  -30.0000 8887.9268   18.8641
   -7.5000  -45.0000  -22.5000 9108.2285   20.1676
    0.0000  -45.0000  -22.5000 9554.4395   20.1975
    7.5000  -45.0000  -22.5000 9128.0264   20.2668
   -7.5000  -37.5000  -22.5000 9776.4502   20.2013
    0.0000  -37.5000  -22.500010242.7930   20.2160
    7.5000  -37.5000  -22.5000 9779.9736   20.2676
   -7.5000  -30.0000  -22.500010757.8789   20.2648
    0.0000  -30.0000  -22.500011256.2148   20.2676
    7.5000  -30.0000  -22.500010734.9912   20.3066
   -7.5000  -22.5000  -22.500011597.7695   20.2961
    0.0000  -22.5000  -22.500012151.2607   20.3038
    7.5000  -22.5000  -22.500011558.5547   20.3507
   -7.5000  -15.0000  -22.500012306.4785   20.2675
    0.0000  -15.0000  -22.500012910.6602   20.2921
    7.5000  -15.0000  -22.500012284.7363   20.3576
   -7.5000   -7.5000  -22.500012993.0586   20.2023
    0.0000   -7.5000  -22.500013696.1660   20.2373
    7.5000   -7.5000  -22.500012944.8760   20.3126
   -7.5000    0.0000  -22.500013585.0557   20.1676
    0.0000    0.0000  -22.500014277.9385   20.1975
    7.5000    0.0000  -22.500013511.2334   20.2668
   -7.5000    7.5000  -22.500013160.5137   20.2013
    0.0000    7.5000  -22.500013819.2529   20.2160
    7.5000    7.5000  -22.500013117.9297   20.2676
   -7.5000   15.0000  -22.500012697.9502   20.2648
    0.0000   15.0000  -22.500013322.8828   20.2676
    7.5000   15.0000  -22.500012624.4482   20.3066
   -7.5000   22.5000  -22.500012017.2285   20.2899
    0.0000   22.5000  -22.500012617.4570   20.2975
    7.5000   22.5000  -22.500011943.9844   20.3444
   -7.5000   30.0000  -22.500011101.1289   20.0024
    0.0000   30.0000  -22.500011639.7383   20.0266
    7.5000   30.0000  -22.500010991.8496   20.0913
   -7.5000   37.5000  -22.500010473.9375   19.9381
    0.0000   37.5000  -22.500010997.1299   19.9726
    7.5000   37.5000  -22.500010395.8281   20.0469
   -7.5000   45.0000  -22.5000 9499.4912   19.4224
    0.0000   45.0000  -22.5000 9937.2754   19.4512
    7.5000   45.0000  -22.5000 9427.5908   19.5180
   -7.5000  -45.0000  -15.0000 9873.4814   20.6159
    0.0000  -45.0000  -15.000010362.1934   20.6534
    7.5000  -45.0000  -15.0000 9873.0527   20.7222
   -7.5000  -37.5000  -15.000010573.2744   20.6491
    0.0000  -37.5000  -15.000011091.5273   20.6712
    7.5000  -37.5000  -15.000010543.7480   20.7236
   -7.5000  -30.0000  -15.000011625.0303   20.7179
    0.0000  -30.0000  -15.000012199.9824   20.7271
    7.5000  -30.0000  -15.000011570.4551   20.7667
   -7.5000  -22.5000  -15.000012500.2090   20.7538
    0.0000  -22.5000  -15.000013124.6426   20.7674
    7.5000  -22.5000  -15.000012444.1455   20.8139
   -7.5000  -15.0000  -15.000013237.0977   20.7261
    0.0000  -15.0000  -15.000013935.6729   20.7563
    7.5000  -15.0000  -15.000013172.9932   20.8205
   -7.5000   -7.5000  -15.000013976.2061   20.6568
    0.0000   -7.5000  -15.000014730.3760   20.6981
    7.5000   -7.5000  -15.000013847.2109   20.7718
   -7.5000    0.0000  -15.000014625.9307   20.6159
    0.0000    0.0000  -15.000015366.5186   20.6534
    7.5000    0.0000  -15.000014484.2734   20.7222
   -7.5000    7.5000  -15.000014157.2324   20.6491
    0.0000    7.5000  -15.000014921.2979   20.6712
    7.5000    7.5000  -15.000014065.5254   20.7236
   -7.5000   15.0000  -15.000013608.1338   20.7179
    0.0000   15.0000  -15.000014311.1914   20.7271
    7.5000   15.0000  -15.000013493.0596   20.7667
   -7.5000   22.5000  -15.000012820.1221   20.7465
    0.0000   22.5000  -15.000013487.3789   20.7600
    7.5000   22.5000  -15.000012706.5674   20.8065
   -7.5000   30.0000  -15.000011804.0723   20.4578
    0.0000   30.0000  -15.000012432.5361   20.4877
    7.5000   30.0000  -15.000011691.1816   20.5510
   -7.5000   37.5000  -15.000011157.3027   20.3895
    0.0000   37.5000  -15.000011725.0527   20.4302
    7.5000   37.5000  -15.000011041.7451   20.5030
   -7.5000   45.0000  -15.000010074.2969   19.8662
    0.0000   45.0000  -15.000010567.1055   19.9022
    7.5000   45.0000  -15.0000 9971.3857   19.9686
   -7.5000  -45.0000   -7.500010682.6084   20.8544
    0.0000  -45.0000   -7.500011181.4609   20.8885
    7.5000  -45.0000   -7.500010659.6074   20.9438
   -7.5000  -37.5000   -7.500011445.6533   20.8762
    0.0000  -37.5000   -7.500011973.9795   20.8959
    7.5000  -37.5000   -7.500011397.0322   20.9409
   -7.5000  -30.0000   -7.500012548.2041   20.9369
    0.0000  -30.0000   -7.500013144.3418   20.9426
    7.5000  -30.0000   -7.500012475.5889   20.9730
   -7.5000  -22.5000   -7.500013473.0459   20.9770
    0.0000  -22.5000   -7.500014121.1982   20.9853
    7.5000  -22.5000   -7.500013399.0625   21.0140
   -7.5000  -15.0000   -7.500014248.0459   20.9620
    0.0000  -15.0000   -7.500014997.7100   20.9851
    7.5000  -15.0000   -7.500014108.6631   21.0245
   -7.5000   -7.5000   -7.500015013.9512   20.9001
    0.0000   -7.5000   -7.500015728.9004   20.9350
    7.5000   -7.5000   -7.500014783.7441   20.9864
   -7.5000    0.0000   -7.500015669.7334   20.8544
    0.0000    0.0000   -7.500016406.2988   20.8885
    7.5000    0.0000   -7.500015467.7041   20.9438
   -7.5000    7.5000   -7.500015146.0684   20.8762
    0.0000    7.5000   -7.500015921.9658   20.8959
    7.5000    7.5000   -7.500014994.7803   20.9409
   -7.5000   15.0000   -7.500014517.7852   20.9369
    0.0000   15.0000   -7.500015249.5459   20.9426
    7.5000   15.0000   -7.500014344.8672   20.9730
   -7.5000   22.5000   -7.500013649.5225   20.9673
    0.0000   22.5000   -7.500014368.6143   20.9756
    7.5000   22.5000   -7.500013468.5938   21.0043
   -7.5000   30.0000   -7.500012550.0303   20.6901
    0.0000   30.0000   -7.500013230.3213   20.7130
    7.5000   30.0000   -7.500012391.3760   20.7518
   -7.5000   37.5000   -7.500011842.6250   20.6291
    0.0000   37.5000   -7.500012458.4482   20.6635
    7.5000   37.5000   -7.500011709.0293   20.7143
   -7.5000   45.0000   -7.500010676.9131   20.0997
    0.0000   45.0000   -7.500011197.3262   20.1326
    7.5000   45.0000   -7.500010517.9062   20.1859
   -7.5000  -45.0000    0.000011432.8760   20.9296
    0.0000  -45.0000    0.000011927.4980   20.9548
    7.5000  -45.0000    0.000011399.5088   20.9995
   -7.5000  -37.5000    0.000012207.3467   20.9409
    0.0000  -37.5000    0.000012719.1377   20.9518
    7.5000  -37.5000    0.000012141.3652   20.9902
   -7.5000  -30.0000    0.000013364.1338   20.9910
    0.0000  -30.0000    0.000013925.9180   20.9861
    7.5000  -30.0000    0.000013293.8789   21.0077
   -7.5000  -22.5000    0.000014333.8467   21.0330
    0.0000  -22.5000    0.000015003.4111   21.0294
    7.5000  -22.5000    0.000014274.8379   21.0415
   -7.5000  -15.0000    0.000015150.8057   21.0303
    0.0000  -15.0000    0.000015896.4180   21.0405
    7.5000  -15.0000    0.000014986.7275   21.0582
   -7.5000   -7.5000    0.000015975.7461   20.9768
    0.0000   -7.5000    0.000016581.8594   21.0003
    7.5000   -7.5000    0.000015681.5850   21.0335
   -7.5000    0.0000    0.000016593.2852   20.9296
    0.0000    0.0000    0.000017250.4082   20.9548
    7.5000    0.0000    0.000016356.9580   20.9995
   -7.5000    7.5000    0.000016023.6582   20.9409
    0.0000    7.5000    0.000016725.1016   20.9518
    7.5000    7.5000    0.000015833.7969   20.9902
   -7.5000   15.0000    0.000015319.4854   20.9910
    0.0000   15.0000    0.000016003.3330   20.9861
    7.5000   15.0000    0.000015101.0693   21.0077
   -7.5000   22.5000    0.000014371.0557   21.0234
    0.0000   22.5000    0.000015041.4365   21.0197
    7.5000   22.5000    0.000014123.3711   21.0318
   -7.5000   30.0000    0.000013224.9512   20.7581
    0.0000   30.0000    0.000013854.4717   20.7682
    7.5000   30.0000    0.000012978.3594   20.7856
   -7.5000   37.5000    0.000012462.4316   20.7053
    0.0000   37.5000    0.000013072.2598   20.7285
    7.5000   37.5000    0.000012252.6943   20.7613
   -7.5000   45.0000    0.000011244.9355   20.1737
    0.0000   45.0000    0.000011748.9170   20.1980
    7.5000   45.0000    0.000011043.9258   20.2411
   -7.5000  -45.0000    7.500011288.1982   20.9600
    0.0000  -45.0000    7.500011751.1572   20.9804
    7.5000  -45.0000    7.500011260.7988   21.0314
   -7.5000  -37.5000    7.500012014.0264   20.9745
    0.0000  -37.5000    7.500012493.7773   20.9797
    7.5000  -37.5000    7.500011977.2637   21.0214
   -7.5000  -30.0000    7.500013123.0303   21.0237
    0.0000  -30.0000    7.500013645.3242   21.0138
    7.5000  -30.0000    7.500013094.6758   21.0381
   -7.5000  -22.5000    7.500014168.0654   21.0631
    0.0000  -22.5000    7.500014803.5244   21.0552
    7.5000  -22.5000    7.500014107.3740   21.0723
   -7.5000  -15.0000    7.500015015.5889   21.0570
    0.0000  -15.0000    7.500015577.1807   21.0640
    7.5000  -15.0000    7.500014819.1592   21.0894
   -7.5000   -7.5000    7.500015768.2393   21.0032
    0.0000   -7.5000    7.500016206.7812   21.0233
    7.5000   -7.5000    7.500015463.6299   21.0651
   -7.5000    0.0000    7.500016362.6338   20.9600
    0.0000    0.0000    7.500016823.4414   20.9804
    7.5000    0.0000    7.500016103.6895   21.0314
   -7.5000    7.5000    7.500015729.2852   20.9745
    0.0000    7.5000    7.500016259.6338   20.9797
    7.5000    7.5000    7.500015541.8975   21.0214
   -7.5000   15.0000    7.500014977.2930   21.0237
    0.0000   15.0000    7.500015522.2422   21.0138
    7.5000   15.0000    7.500014792.2266   21.0381
   -7.5000   22.5000    7.500014010.0400   21.0534
    0.0000   22.5000    7.500014552.5713   21.0455
    7.5000   22.5000    7.500013798.2119   21.0626
   -7.5000   30.0000    7.500012894.0967   20.7844
    0.0000   30.0000    7.500013422.9873   20.7914
    7.5000   30.0000    7.500012680.3555   20.8165
   -7.5000   37.5000    7.500012170.4375   20.7314
    0.0000   37.5000    7.500012691.1387   20.7512
    7.5000   37.5000    7.500011957.1924   20.7925
   -7.5000   45.0000    7.500011008.0244   20.2030
    0.0000   45.0000    7.500011442.5615   20.2227
    7.5000   45.0000    7.500010794.8213   20.2718
   -7.5000  -45.0000   15.000010927.8438   20.9636
    0.0000  -45.0000   15.000011396.1250   20.9862
    7.5000  -45.0000   15.000010912.2666   21.0500
   -7.5000  -37.5000   15.000011601.3438   20.9900
    0.0000  -37.5000   15.000012081.3545   20.9970
    7.5000  -37.5000   15.000011581.5166   21.0458
   -7.5000  -30.0000   15.000012689.4795   21.0462
    0.0000  -30.0000   15.000013153.3838   21.0403
    7.5000  -30.0000   15.000012638.3281   21.0739
   -7.5000  -22.5000   15.000013665.6855   21.0795
    0.0000  -22.5000   15.000014254.9277   21.0779
    7.5000  -22.5000   15.000013636.6035   21.1132
   -7.5000  -15.0000   15.000014420.8311   21.0597
    0.0000  -15.0000   15.000014961.2666   21.0747
    7.5000  -15.0000   15.000014416.3779   21.1249
   -7.5000   -7.5000   15.000015156.3506   21.0000
    0.0000   -7.5000   15.000015537.0596   21.0261
    7.5000   -7.5000   15.000015050.8525   21.0896
   -7.5000    0.0000   15.000015799.5508   20.9636
    0.0000    0.0000   15.000016153.1123   20.9862
    7.5000    0.0000   15.000015626.1299   21.0500
   -7.5000    7.5000   15.000015211.9717   20.9900
    0.0000    7.5000   15.000015599.8262   20.9970
    7.5000    7.5000   15.000015047.1162   21.0458
   -7.5000   15.0000   15.000014470.6475   21.0462
    0.0000   15.0000   15.000014889.3613   21.0403
    7.5000   15.0000   15.000014326.6729   21.0739
   -7.5000   22.5000   15.000013485.9639   21.0698
    0.0000   22.5000   15.000013928.8320   21.0682
    7.5000   22.5000   15.000013331.3838   21.1035
   -7.5000   30.0000   15.000012402.1123   20.7872
    0.0000   30.0000   15.000012857.0225   20.8019
    7.5000   30.0000   15.000012253.7842   20.8515
   -7.5000   37.5000   15.000011732.1914   20.7282
    0.0000   37.5000   15.000012201.8525   20.7540
    7.5000   37.5000   15.000011572.4033   20.8167
   -7.5000   45.0000   15.000010577.8750   20.2065
    0.0000   45.0000   15.000010992.2812   20.2282
    7.5000   45.0000   15.000010436.4219   20.2897
   -7.5000  -45.0000   22.500010459.8555   20.9356
    0.0000  -45.0000   22.500010961.7617   20.9666
    7.5000  -45.0000   22.500010455.4707   21.0386
   -7.5000  -37.5000   22.500011130.5791   20.9706
    0.0000  -37.5000   22.500011611.9170   20.9858
    7.5000  -37.5000   22.500011086.3818   21.0394
   -7.5000  -30.0000   22.500012145.8906   21.0365
    0.0000  -30.0000   22.500012622.5166   21.0394
    7.5000  -30.0000   22.500012088.5449   21.0798
   -7.5000  -22.5000   22.500012993.8330   21.0690
    0.0000  -22.5000   22.500013485.1387   21.0769
    7.5000  -22.5000   22.500013013.6523   21.1257
   -7.5000  -15.0000   22.500013715.2510   21.0393
    0.0000  -15.0000   22.500014165.0273   21.0648
    7.5000  -15.0000   22.500013827.2227   21.1328
   -7.5000   -7.5000   22.500014473.0264   20.9717
    0.0000   -7.5000   22.500014864.5459   21.0079
    7.5000   -7.5000   22.500014518.1514   21.0861
   -7.5000    0.0000   22.500015161.2412   20.9356
    0.0000    0.0000   22.500015562.4170   20.9666
    7.5000    0.0000   22.500015129.2266   21.0386
   -7.5000    7.5000   22.500014606.5400   20.9706
    0.0000    7.5000   22.500015071.4443   20.9858
    7.5000    7.5000   22.500014570.2305   21.0394
   -7.5000   15.0000   22.500013890.2832   21.0365
    0.0000   15.0000   22.500014357.8613   21.0394
    7.5000   15.0000   22.500013839.0410   21.0798
   -7.5000   22.5000   22.500012886.2891   21.0593
    0.0000   22.5000   22.500013358.8740   21.0672
    7.5000   22.5000   22.500012832.5127   21.1159
   -7.5000   30.0000   22.500011825.8525   20.7670
    0.0000   30.0000   22.500012282.3926   20.7922
    7.5000   30.0000   22.500011766.4697   20.8594
   -7.5000   37.5000   22.500011173.6787   20.7002
    0.0000   37.5000   22.500011611.1729   20.7360
    7.5000   37.5000   22.500011089.5859   20.8132
   -7.5000   45.0000   22.500010053.7617   20.1795
    0.0000   45.0000   22.500010482.2783   20.2094
    7.5000   45.0000   22.5000 9992.5254   20.2788
   -7.5000  -45.0000   30.0000 9899.4082   20.8989
    0.0000  -45.0000   30.000010365.4609   20.9368
    7.5000  -45.0000   30.0000 9898.4102   21.0066
   -7.5000  -37.5000   30.000010524.7588   20.9325
    0.0000  -37.5000   30.000011000.1572   20.9548
    7.5000  -37.5000   30.000010497.2266   21.0080
   -7.5000  -30.0000   30.000011452.5537   21.0022
    0.0000  -30.0000   30.000011936.4961   21.0115
    7.5000  -30.0000   30.000011435.6357   21.0517
   -7.5000  -22.5000   30.000012250.7695   21.0386
    0.0000  -22.5000   30.000012749.6650   21.0524
    7.5000  -22.5000   30.000012312.4414   21.0996
   -7.5000  -15.0000   30.000012974.2676   21.0105
    0.0000  -15.0000   30.000013469.0410   21.0412
    7.5000  -15.0000   30.000013079.0557   21.1062
   -7.5000   -7.5000   30.000013691.2139   20.9403
    0.0000   -7.5000   30.000014245.1484   20.9821
    7.5000   -7.5000   30.000013767.0293   21.0569
   -7.5000    0.0000   30.000014300.7881   20.8989
    0.0000    0.0000   30.000014903.7422   20.9368
    7.5000    0.0000   30.000014368.3555   21.0066
   -7.5000    7.5000   30.000013807.5391   20.9325
    0.0000    7.5000   30.000014421.6074   20.9548
    7.5000    7.5000   30.000013892.3223   21.0080
   -7.5000   15.0000   30.000013131.0283   21.0022
    0.0000   15.0000   30.000013706.6865   21.0115
    7.5000   15.0000   30.000013176.5742   21.0517
   -7.5000   22.5000   30.000012179.7090   21.0289
    0.0000   22.5000   30.000012715.7705   21.0427
    7.5000   22.5000   30.000012190.7109   21.0898
   -7.5000   30.0000   30.000011148.5234   20.7386
    0.0000   30.0000   30.000011633.1123   20.7689
    7.5000   30.0000   30.000011131.0029   20.8331
   -7.5000   37.5000   30.000010491.7236   20.6693
    0.0000   37.5000   30.000010943.3027   20.7106
    7.5000   37.5000   30.000010496.6572   20.7844
   -7.5000   45.0000   30.0000 9429.1045   20.1441
    0.0000   45.0000   30.0000 9859.0557   20.1807
    7.5000   45.0000   30.0000 9430.4941   20.2479
   -7.5000  -45.0000   37.5000 9609.1709   20.9002
    0.0000  -45.0000   37.500010098.8916   20.9346
    7.5000  -45.0000   37.5000 9611.0664   20.9900
   -7.5000  -37.5000   37.500010206.0234   20.9222
    0.0000  -37.5000   37.500010741.1602   20.9420
    7.5000  -37.5000   37.500010196.6934   20.9871
   -7.5000  -30.0000   37.500011100.2852   20.9831
    0.0000  -30.0000   37.500011665.7881   20.9889
    7.5000  -30.0000   37.500011123.1816   21.0193
   -7.5000  -22.5000   37.500011887.5234   21.0233
    0.0000  -22.5000   37.500012455.6641   21.0317
    7.5000  -22.5000   37.500011946.0273   21.0604
   -7.5000  -15.0000   37.500012578.7373   21.0082
    0.0000  -15.0000   37.500013174.9678   21.0315
    7.5000  -15.0000   37.500012672.8857   21.0710
   -7.5000   -7.5000   37.500013256.7412   20.9461
    0.0000   -7.5000   37.500013892.1289   20.9812
    7.5000   -7.5000   37.500013345.4814   21.0328
   -7.5000    0.0000   37.500013850.0371   20.9002
    0.0000    0.0000   37.500014493.3105   20.9346
    7.5000    0.0000   37.500013929.4551   20.9900
   -7.5000    7.5000   37.500013418.4365   20.9222
    0.0000    7.5000   37.500014022.7432   20.9420
    7.5000    7.5000   37.500013498.5742   20.9871
   -7.5000   15.0000   37.500012760.5225   20.9831
    0.0000   15.0000   37.500013333.4990   20.9889
    7.5000   15.0000   37.500012819.7891   21.0193
   -7.5000   22.5000   37.500011839.9932   21.0136
    0.0000   22.5000   37.500012384.1123   21.0220
    7.5000   22.5000   37.500011884.6934   21.0507
   -7.5000   30.0000   37.500010847.0146   20.7363
    0.0000   30.0000   37.500011344.1709   20.7593
    7.5000   30.0000   37.500010862.4336   20.7983
   -7.5000   37.5000   37.500010198.4717   20.6750
    0.0000   37.5000   37.500010671.9951   20.7097
    7.5000   37.5000   37.500010200.2432   20.7606
   -7.5000   45.0000   37.5000 9144.8643   20.1454
    0.0000   45.0000   37.5000 9573.2217   20.1785
    7.5000   45.0000   37.5000 9154.3594   20.2320
   -7.5000  -45.0000   45.0000 8854.2598   20.9101
    0.0000  -45.0000   45.0000 9316.2314   20.9348
    7.5000  -45.0000   45.0000 8861.1494   20.9793
   -7.5000  -37.5000   45.0000 9385.8213   20.9218
    0.0000  -37.5000   45.0000 9871.3984   20.9321
    7.5000  -37.5000   45.0000 9393.5576   20.9702
   -7.5000  -30.0000   45.000010223.1953   20.9719
    0.0000  -30.0000   45.000010726.4717   20.9663
    7.5000  -30.0000   45.000010218.9736   20.9875
   -7.5000  -22.5000   45.000010944.6143   21.0135
    0.0000  -22.5000   45.000011454.8809   21.0093
    7.5000  -22.5000   45.000010949.3154   21.0211
   -7.5000  -15.0000   45.000011576.2217   21.0103
    0.0000  -15.0000   45.000012088.1562   21.0202
    7.5000  -15.0000   45.000011623.4824   21.0375
   -7.5000   -7.5000   45.000012183.0625   20.9569
    0.0000   -7.5000   45.000012725.1484   20.9799
    7.5000   -7.5000   45.000012244.3887   21.0130
   -7.5000    0.0000   45.000012735.7334   20.9101
    0.0000    0.0000   45.000013283.3652   20.9348
    7.5000    0.0000   45.000012774.7676   20.9793
   -7.5000    7.5000   45.000012352.8564   20.9218
    0.0000    7.5000   45.000012888.4102   20.9321
    7.5000    7.5000   45.000012388.0293   20.9702
   -7.5000   15.0000   45.000011770.9141   20.9719
    0.0000   15.0000   45.000012301.1797   20.9663
    7.5000   15.0000   45.000011795.6641   20.9875
   -7.5000   22.5000   45.000010928.3018   21.0038
    0.0000   22.5000   45.000011418.7217   20.9996
    7.5000   22.5000   45.000010960.6113   21.0113
   -7.5000   30.0000   45.000010039.7744   20.7366
    0.0000   30.0000   45.000010483.1426   20.7463
    7.5000   30.0000   45.000010039.1582   20.7634
   -7.5000   37.5000   45.0000 9448.7148   20.6838
    0.0000   37.5000   45.0000 9858.1182   20.7066
    7.5000   37.5000   45.0000 9426.2344   20.7393
   -7.5000   45.0000   45.0000 8484.9863   20.1640
    0.0000   45.0000   45.0000 8843.4453   20.1879
    7.5000   45.0000   45.0000 8460.4414   20.2308

---------------------------------------------------------------------
imgreg_4dfp /opt/freesurfer/average/711-2C_as_mni_average_305 /opt/freesurfer/average/711-2B_as_mni_average_305_mask talsrcimg_g11 none talsrcimg_to_711-2C_as_mni_average_305_t4 4355
---------------------------------------------------------------------

freesurfer imgreg_4dfp.c
/opt/freesurfer/average/711-2C_as_mni_average_305.4dfp.img
       256       256       256         1
  1.000000  1.000000  1.000000
orientation T byte_order littleendian
Reading image: /opt/freesurfer/average/711-2C_as_mni_average_305.4dfp.img
dimensions:      256       256       256
mmppix:       1.0000   -1.0000   -1.0000
center:     128.0000 -129.0000 -129.0000
/opt/freesurfer/average/711-2B_as_mni_average_305_mask.4dfp.img
       256       256       256         1
  1.000000  1.000000  1.000000
orientation T byte_order littleendian
Reading mask: /opt/freesurfer/average/711-2B_as_mni_average_305_mask.4dfp.img (2306576 pixels)
talsrcimg_g11.4dfp.img
       256       256       256         1
  1.000000  1.000000  1.000000
orientation T byte_order littleendian
Reading image: talsrcimg_g11.4dfp.img
dimensions:      256       256       256
mmppix:       1.0000   -1.0000   -1.0000
center:     128.0000 -129.0000 -129.0000
rotation matrix determinant  1.000000
image alignment mode   4355 decimal     1103 hex
   -7.5000  -45.0000  -45.0000 1900.1102   23.8703
    0.0000  -45.0000  -45.0000 1916.8781   23.6098
    7.5000  -45.0000  -45.0000 1910.0105   23.6771
   -7.5000  -37.5000  -45.0000 1995.4294   21.8285
    0.0000  -37.5000  -45.0000 2009.4829   21.6642
    7.5000  -37.5000  -45.0000 2000.5297   21.6805
   -7.5000  -30.0000  -45.0000 2062.1748   20.3175
    0.0000  -30.0000  -45.0000 2078.5913   20.1404
    7.5000  -30.0000  -45.0000 2072.0435   20.1695
   -7.5000  -22.5000  -45.0000 2112.8137   19.1706
    0.0000  -22.5000  -45.0000 2128.1406   19.0076
    7.5000  -22.5000  -45.0000 2120.6536   19.0925
   -7.5000  -15.0000  -45.0000 2141.5562   18.4328
    0.0000  -15.0000  -45.0000 2159.7239   18.2136
    7.5000  -15.0000  -45.0000 2150.6619   18.3302
   -7.5000   -7.5000  -45.0000 2152.5554   18.1264
    0.0000   -7.5000  -45.0000 2175.0232   17.8987
    7.5000   -7.5000  -45.0000 2166.2173   17.9734
   -7.5000    0.0000  -45.0000 2149.1455   18.2061
    0.0000    0.0000  -45.0000 2168.7075   17.9768
    7.5000    0.0000  -45.0000 2157.1816   18.0816
   -7.5000    7.5000  -45.0000 2130.7317   18.7419
    0.0000    7.5000  -45.0000 2147.3059   18.4828
    7.5000    7.5000  -45.0000 2134.8105   18.6110
   -7.5000   15.0000  -45.0000 2091.2983   19.6308
    0.0000   15.0000  -45.0000 2107.6287   19.3758
    7.5000   15.0000  -45.0000 2096.1626   19.5040
   -7.5000   22.5000  -45.0000 2027.6597   20.9935
    0.0000   22.5000  -45.0000 2046.2090   20.6650
    7.5000   22.5000  -45.0000 2033.1697   20.8204
   -7.5000   30.0000  -45.0000 1945.0723   22.7596
    0.0000   30.0000  -45.0000 1963.3999   22.3958
    7.5000   30.0000  -45.0000 1946.8684   22.6695
   -7.5000   37.5000  -45.0000 1848.6570   25.0768
    0.0000   37.5000  -45.0000 1867.8687   24.6661
    7.5000   37.5000  -45.0000 1852.6841   24.9929
   -7.5000   45.0000  -45.0000 1742.3867   28.2335
    0.0000   45.0000  -45.0000 1759.4773   27.8002
    7.5000   45.0000  -45.0000 1750.2412   28.1564
   -7.5000  -45.0000  -37.5000 2002.2434   21.8008
    0.0000  -45.0000  -37.5000 2021.7715   21.5753
    7.5000  -45.0000  -37.5000 2014.4192   21.5971
   -7.5000  -37.5000  -37.5000 2102.8103   19.9326
    0.0000  -37.5000  -37.5000 2120.9211   19.7506
    7.5000  -37.5000  -37.5000 2111.5117   19.7795
   -7.5000  -30.0000  -37.5000 2170.8735   18.5599
    0.0000  -30.0000  -37.5000 2186.4561   18.4071
    7.5000  -30.0000  -37.5000 2179.2737   18.4296
   -7.5000  -22.5000  -37.5000 2219.9661   17.4928
    0.0000  -22.5000  -37.5000 2239.1489   17.3634
    7.5000  -22.5000  -37.5000 2231.5361   17.3980
   -7.5000  -15.0000  -37.5000 2254.3015   16.7773
    0.0000  -15.0000  -37.5000 2271.1123   16.6588
    7.5000  -15.0000  -37.5000 2261.5356   16.7501
   -7.5000   -7.5000  -37.5000 2261.3887   16.5426
    0.0000   -7.5000  -37.5000 2277.9822   16.3943
    7.5000   -7.5000  -37.5000 2271.6418   16.4879
   -7.5000    0.0000  -37.5000 2254.6389   16.6121
    0.0000    0.0000  -37.5000 2271.3123   16.4673
    7.5000    0.0000  -37.5000 2261.1931   16.5611
   -7.5000    7.5000  -37.5000 2234.4399   17.0686
    0.0000    7.5000  -37.5000 2251.2261   16.8975
    7.5000    7.5000  -37.5000 2239.8540   17.0153
   -7.5000   15.0000  -37.5000 2192.7427   17.8775
    0.0000   15.0000  -37.5000 2212.4441   17.6796
    7.5000   15.0000  -37.5000 2199.4636   17.8005
   -7.5000   22.5000  -37.5000 2127.0540   19.1452
    0.0000   22.5000  -37.5000 2144.3315   18.8891
    7.5000   22.5000  -37.5000 2130.5938   19.0599
   -7.5000   30.0000  -37.5000 2039.6073   20.7985
    0.0000   30.0000  -37.5000 2056.9534   20.5096
    7.5000   30.0000  -37.5000 2043.0602   20.7287
   -7.5000   37.5000  -37.5000 1932.2281   22.9664
    0.0000   37.5000  -37.5000 1949.8540   22.5830
    7.5000   37.5000  -37.5000 1936.7003   22.8729
   -7.5000   45.0000  -37.5000 1816.8428   25.7836
    0.0000   45.0000  -37.5000 1832.1259   25.3865
    7.5000   45.0000  -37.5000 1823.5085   25.7289
   -7.5000  -45.0000  -30.0000 2131.3064   20.5897
    0.0000  -45.0000  -30.0000 2149.5576   20.4445
    7.5000  -45.0000  -30.0000 2143.9841   20.5080
   -7.5000  -37.5000  -30.0000 2238.5898   18.8236
    0.0000  -37.5000  -30.0000 2257.1223   18.6550
    7.5000  -37.5000  -30.0000 2250.1714   18.7116
   -7.5000  -30.0000  -30.0000 2311.3579   17.5331
    0.0000  -30.0000  -30.0000 2329.4058   17.3768
    7.5000  -30.0000  -30.0000 2321.9644   17.4079
   -7.5000  -22.5000  -30.0000 2364.7949   16.5285
    0.0000  -22.5000  -30.0000 2384.4038   16.4274
    7.5000  -22.5000  -30.0000 2376.7307   16.4486
   -7.5000  -15.0000  -30.0000 2400.0955   15.8416
    0.0000  -15.0000  -30.0000 2425.5093   15.7403
    7.5000  -15.0000  -30.0000 2415.1309   15.8146
   -7.5000   -7.5000  -30.0000 2420.4426   15.5838
    0.0000   -7.5000  -30.0000 2438.0771   15.4906
    7.5000   -7.5000  -30.0000 2432.5078   15.5713
   -7.5000    0.0000  -30.0000 2409.5991   15.6932
    0.0000    0.0000  -30.0000 2428.8643   15.5976
    7.5000    0.0000  -30.0000 2420.4961   15.6883
   -7.5000    7.5000  -30.0000 2384.5706   16.1562
    0.0000    7.5000  -30.0000 2406.5200   16.0385
    7.5000    7.5000  -30.0000 2394.5068   16.1543
   -7.5000   15.0000  -30.0000 2341.4543   16.9540
    0.0000   15.0000  -30.0000 2359.5635   16.8112
    7.5000   15.0000  -30.0000 2347.8848   16.9045
   -7.5000   22.5000  -30.0000 2269.7024   18.1466
    0.0000   22.5000  -30.0000 2285.8362   17.9626
    7.5000   22.5000  -30.0000 2274.2903   18.0959
   -7.5000   30.0000  -30.0000 2173.8003   19.7357
    0.0000   30.0000  -30.0000 2189.1057   19.5281
    7.5000   30.0000  -30.0000 2176.0110   19.6870
   -7.5000   37.5000  -30.0000 2057.1633   21.8147
    0.0000   37.5000  -30.0000 2072.9749   21.5653
    7.5000   37.5000  -30.0000 2057.8735   21.7344
   -7.5000   45.0000  -30.0000 1923.9866   24.4920
    0.0000   45.0000  -30.0000 1941.2174   24.1829
    7.5000   45.0000  -30.0000 1928.9377   24.4277
   -7.5000  -45.0000  -22.5000 2227.4753   19.3515
    0.0000  -45.0000  -22.5000 2249.6621   19.2746
    7.5000  -45.0000  -22.5000 2240.9026   19.2717
   -7.5000  -37.5000  -22.5000 2341.5364   17.6396
    0.0000  -37.5000  -22.5000 2361.1782   17.5415
    7.5000  -37.5000  -22.5000 2352.3274   17.5547
   -7.5000  -30.0000  -22.5000 2424.5171   16.4040
    0.0000  -30.0000  -22.5000 2441.4983   16.2955
    7.5000  -30.0000  -22.5000 2434.8162   16.3081
   -7.5000  -22.5000  -22.5000 2484.4912   15.4560
    0.0000  -22.5000  -22.5000 2500.6978   15.3551
    7.5000  -22.5000  -22.5000 2492.5723   15.3939
   -7.5000  -15.0000  -22.5000 2530.0515   14.7986
    0.0000  -15.0000  -22.5000 2551.1196   14.7079
    7.5000  -15.0000  -22.5000 2539.3777   14.7783
   -7.5000   -7.5000  -22.5000 2560.9695   14.5477
    0.0000   -7.5000  -22.5000 2577.5488   14.4697
    7.5000   -7.5000  -22.5000 2567.2893   14.5619
   -7.5000    0.0000  -22.5000 2552.9207   14.6843
    0.0000    0.0000  -22.5000 2576.1809   14.6286
    7.5000    0.0000  -22.5000 2561.3049   14.7114
   -7.5000    7.5000  -22.5000 2525.9429   15.1659
    0.0000    7.5000  -22.5000 2550.3057   15.0741
    7.5000    7.5000  -22.5000 2533.2605   15.1581
   -7.5000   15.0000  -22.5000 2472.3813   15.9630
    0.0000   15.0000  -22.5000 2497.1011   15.8540
    7.5000   15.0000  -22.5000 2474.8518   15.9376
   -7.5000   22.5000  -22.5000 2388.4463   17.0760
    0.0000   22.5000  -22.5000 2409.4399   16.9718
    7.5000   22.5000  -22.5000 2392.4968   17.0729
   -7.5000   30.0000  -22.5000 2283.2300   18.5884
    0.0000   30.0000  -22.5000 2300.9377   18.4643
    7.5000   30.0000  -22.5000 2281.9102   18.6200
   -7.5000   37.5000  -22.5000 2156.0862   20.5487
    0.0000   37.5000  -22.5000 2174.7732   20.3777
    7.5000   37.5000  -22.5000 2155.3840   20.5323
   -7.5000   45.0000  -22.5000 2012.3364   23.0976
    0.0000   45.0000  -22.5000 2027.7351   22.8971
    7.5000   45.0000  -22.5000 2010.2772   23.0889
   -7.5000  -45.0000  -15.0000 2294.1230   18.2641
    0.0000  -45.0000  -15.0000 2321.0854   18.1392
    7.5000  -45.0000  -15.0000 2309.2908   18.1535
   -7.5000  -37.5000  -15.0000 2412.7615   16.5852
    0.0000  -37.5000  -15.0000 2435.2549   16.4940
    7.5000  -37.5000  -15.0000 2423.5403   16.5092
   -7.5000  -30.0000  -15.0000 2508.5208   15.3392
    0.0000  -30.0000  -15.0000 2531.3247   15.2851
    7.5000  -30.0000  -15.0000 2517.8855   15.2914
   -7.5000  -22.5000  -15.0000 2578.4863   14.4130
    0.0000  -22.5000  -15.0000 2596.2305   14.3426
    7.5000  -22.5000  -15.0000 2588.0427   14.3712
   -7.5000  -15.0000  -15.0000 2631.3464   13.8032
    0.0000  -15.0000  -15.0000 2654.7671   13.7135
    7.5000  -15.0000  -15.0000 2636.7371   13.7971
   -7.5000   -7.5000  -15.0000 2671.9229   13.5662
    0.0000   -7.5000  -15.0000 2696.6318   13.4982
    7.5000   -7.5000  -15.0000 2675.1672   13.5740
   -7.5000    0.0000  -15.0000 2674.3926   13.7164
    0.0000    0.0000  -15.0000 2698.4619   13.6462
    7.5000    0.0000  -15.0000 2679.3408   13.7479
   -7.5000    7.5000  -15.0000 2645.2878   14.1822
    0.0000    7.5000  -15.0000 2673.2681   14.1193
    7.5000    7.5000  -15.0000 2649.5605   14.2164
   -7.5000   15.0000  -15.0000 2582.9363   14.9776
    0.0000   15.0000  -15.0000 2608.8416   14.9054
    7.5000   15.0000  -15.0000 2581.3022   15.0140
   -7.5000   22.5000  -15.0000 2486.3315   16.0736
    0.0000   22.5000  -15.0000 2509.2834   15.9998
    7.5000   22.5000  -15.0000 2486.9958   16.1063
   -7.5000   30.0000  -15.0000 2365.8350   17.5268
    0.0000   30.0000  -15.0000 2388.5146   17.4435
    7.5000   30.0000  -15.0000 2366.7371   17.5852
   -7.5000   37.5000  -15.0000 2231.8054   19.3924
    0.0000   37.5000  -15.0000 2251.1157   19.2685
    7.5000   37.5000  -15.0000 2229.8955   19.4283
   -7.5000   45.0000  -15.0000 2076.4919   21.7971
    0.0000   45.0000  -15.0000 2096.3677   21.6527
    7.5000   45.0000  -15.0000 2076.5234   21.8146
   -7.5000  -45.0000   -7.5000 2348.6208   17.3127
    0.0000  -45.0000   -7.5000 2372.4866   17.1327
    7.5000  -45.0000   -7.5000 2359.4443   17.2103
   -7.5000  -37.5000   -7.5000 2472.0369   15.6618
    0.0000  -37.5000   -7.5000 2493.3335   15.5224
    7.5000  -37.5000   -7.5000 2482.7566   15.6149
   -7.5000  -30.0000   -7.5000 2575.5308   14.4137
    0.0000  -30.0000   -7.5000 2600.6489   14.3127
    7.5000  -30.0000   -7.5000 2587.0242   14.3847
   -7.5000  -22.5000   -7.5000 2660.7349   13.5135
    0.0000  -22.5000   -7.5000 2683.9214   13.4277
    7.5000  -22.5000   -7.5000 2669.8254   13.4799
   -7.5000  -15.0000   -7.5000 2729.9768   12.9471
    0.0000  -15.0000   -7.5000 2752.5789   12.8347
    7.5000  -15.0000   -7.5000 2731.4744   12.9085
   -7.5000   -7.5000   -7.5000 2775.2390   12.6909
    0.0000   -7.5000   -7.5000 2800.2651   12.6320
    7.5000   -7.5000   -7.5000 2771.8940   12.7160
   -7.5000    0.0000   -7.5000 2777.3955   12.8459
    0.0000    0.0000   -7.5000 2800.5847   12.7638
    7.5000    0.0000   -7.5000 2779.8494   12.8843
   -7.5000    7.5000   -7.5000 2742.9692   13.2782
    0.0000    7.5000   -7.5000 2770.7908   13.2091
    7.5000    7.5000   -7.5000 2742.4292   13.3499
   -7.5000   15.0000   -7.5000 2671.1458   14.0675
    0.0000   15.0000   -7.5000 2693.9531   13.9851
    7.5000   15.0000   -7.5000 2665.5793   14.1378
   -7.5000   22.5000   -7.5000 2564.1321   15.1621
    0.0000   22.5000   -7.5000 2590.4233   15.0866
    7.5000   22.5000   -7.5000 2562.4968   15.2200
   -7.5000   30.0000   -7.5000 2432.9158   16.5919
    0.0000   30.0000   -7.5000 2457.3728   16.5017
    7.5000   30.0000   -7.5000 2432.7349   16.6280
   -7.5000   37.5000   -7.5000 2286.9919   18.3751
    0.0000   37.5000   -7.5000 2308.5449   18.2766
    7.5000   37.5000   -7.5000 2288.7246   18.3721
   -7.5000   45.0000   -7.5000 2125.6514   20.6338
    0.0000   45.0000   -7.5000 2144.4478   20.4955
    7.5000   45.0000   -7.5000 2123.6636   20.6005
   -7.5000  -45.0000    0.0000 2388.2092   16.6003
    0.0000  -45.0000    0.0000 2407.7915   16.3335
    7.5000  -45.0000    0.0000 2399.5884   16.5647
   -7.5000  -37.5000    0.0000 2514.2065   14.9683
    0.0000  -37.5000    0.0000 2530.4360   14.7592
    7.5000  -37.5000    0.0000 2523.0479   14.9489
   -7.5000  -30.0000    0.0000 2626.4136   13.7387
    0.0000  -30.0000    0.0000 2648.9663   13.5858
    7.5000  -30.0000    0.0000 2635.7854   13.7339
   -7.5000  -22.5000    0.0000 2730.2410   12.8489
    0.0000  -22.5000    0.0000 2759.2722   12.7059
    7.5000  -22.5000    0.0000 2738.3699   12.8362
   -7.5000  -15.0000    0.0000 2812.3103   12.2819
    0.0000  -15.0000    0.0000 2847.1536   12.1699
    7.5000  -15.0000    0.0000 2815.7615   12.2588
   -7.5000   -7.5000    0.0000 2867.9680   12.0809
    0.0000   -7.5000    0.0000 2901.4995   11.9421
    7.5000   -7.5000    0.0000 2859.7166   12.0883
   -7.5000    0.0000    0.0000 2867.7561   12.2091
    0.0000    0.0000    0.0000 2895.8650   12.0716
    7.5000    0.0000    0.0000 2863.9685   12.2269
   -7.5000    7.5000    0.0000 2826.2231   12.6231
    0.0000    7.5000    0.0000 2851.8972   12.5036
    7.5000    7.5000    0.0000 2823.6819   12.6466
   -7.5000   15.0000    0.0000 2743.9163   13.3700
    0.0000   15.0000    0.0000 2768.2456   13.2677
    7.5000   15.0000    0.0000 2739.0774   13.4101
   -7.5000   22.5000    0.0000 2623.7708   14.4689
    0.0000   22.5000    0.0000 2648.2117   14.3721
    7.5000   22.5000    0.0000 2623.7078   14.5031
   -7.5000   30.0000    0.0000 2483.0217   15.9033
    0.0000   30.0000    0.0000 2504.3962   15.7846
    7.5000   30.0000    0.0000 2482.8992   15.8845
   -7.5000   37.5000    0.0000 2328.3267   17.6248
    0.0000   37.5000    0.0000 2350.8335   17.5056
    7.5000   37.5000    0.0000 2326.6843   17.6098
   -7.5000   45.0000    0.0000 2158.7393   19.7928
    0.0000   45.0000    0.0000 2178.1240   19.6725
    7.5000   45.0000    0.0000 2158.4270   19.7842
   -7.5000  -45.0000    7.5000 2419.8767   16.1439
    0.0000  -45.0000    7.5000 2435.0286   15.8085
    7.5000  -45.0000    7.5000 2427.9233   16.1669
   -7.5000  -37.5000    7.5000 2547.2092   14.5406
    0.0000  -37.5000    7.5000 2567.4521   14.2458
    7.5000  -37.5000    7.5000 2557.3191   14.5525
   -7.5000  -30.0000    7.5000 2664.8569   13.3354
    0.0000  -30.0000    7.5000 2690.6042   13.0681
    7.5000  -30.0000    7.5000 2675.0063   13.3384
   -7.5000  -22.5000    7.5000 2781.0205   12.4604
    0.0000  -22.5000    7.5000 2813.3977   12.2493
    7.5000  -22.5000    7.5000 2789.3384   12.4728
   -7.5000  -15.0000    7.5000 2879.8044   11.8955
    0.0000  -15.0000    7.5000 2919.7615   11.7214
    7.5000  -15.0000    7.5000 2882.3640   11.8863
   -7.5000   -7.5000    7.5000 2948.4563   11.6911
    0.0000   -7.5000    7.5000 2989.2800   11.4128
    7.5000   -7.5000    7.5000 2934.9172   11.6398
   -7.5000    0.0000    7.5000 2942.7366   11.7966
    0.0000    0.0000    7.5000 2972.1404   11.5725
    7.5000    0.0000    7.5000 2937.5540   11.7787
   -7.5000    7.5000    7.5000 2887.5256   12.1923
    0.0000    7.5000    7.5000 2910.4431   12.0303
    7.5000    7.5000    7.5000 2883.7480   12.1802
   -7.5000   15.0000    7.5000 2787.6121   12.9756
    0.0000   15.0000    7.5000 2812.4790   12.8112
    7.5000   15.0000    7.5000 2789.9280   12.9298
   -7.5000   22.5000    7.5000 2661.4202   14.0677
    0.0000   22.5000    7.5000 2684.0979   13.8844
    7.5000   22.5000    7.5000 2661.2278   14.0159
   -7.5000   30.0000    7.5000 2512.4270   15.4665
    0.0000   30.0000    7.5000 2535.1443   15.2723
    7.5000   30.0000    7.5000 2510.8760   15.4052
   -7.5000   37.5000    7.5000 2352.8037   17.1722
    0.0000   37.5000    7.5000 2375.7222   16.9862
    7.5000   37.5000    7.5000 2349.7488   17.1179
   -7.5000   45.0000    7.5000 2182.9014   19.3207
    0.0000   45.0000    7.5000 2197.1677   19.1125
    7.5000   45.0000    7.5000 2179.4780   19.2891
   -7.5000  -45.0000   15.0000 2437.3962   15.9049
    0.0000  -45.0000   15.0000 2456.4570   15.5589
    7.5000  -45.0000   15.0000 2443.5625   15.9245
   -7.5000  -37.5000   15.0000 2568.1436   14.3404
    0.0000  -37.5000   15.0000 2588.8269   14.0233
    7.5000  -37.5000   15.0000 2571.5779   14.3656
   -7.5000  -30.0000   15.0000 2690.5464   13.1460
    0.0000  -30.0000   15.0000 2707.1194   12.8525
    7.5000  -30.0000   15.0000 2691.9490   13.1839
   -7.5000  -22.5000   15.0000 2810.4021   12.2701
    0.0000  -22.5000   15.0000 2834.9841   12.0178
    7.5000  -22.5000   15.0000 2811.5791   12.3228
   -7.5000  -15.0000   15.0000 2912.5474   11.7222
    0.0000  -15.0000   15.0000 2952.1375   11.4933
    7.5000  -15.0000   15.0000 2904.4968   11.7209
   -7.5000   -7.5000   15.0000 2984.7170   11.4481
    0.0000   -7.5000   15.0000 3026.9983   11.1593
    7.5000   -7.5000   15.0000 2963.2578   11.4967
   -7.5000    0.0000   15.0000 2975.8748   11.5948
    0.0000    0.0000   15.0000 3012.4971   11.2934
    7.5000    0.0000   15.0000 2965.2778   11.5989
   -7.5000    7.5000   15.0000 2905.0178   12.0677
    0.0000    7.5000   15.0000 2935.0884   11.8104
    7.5000    7.5000   15.0000 2904.2847   12.0061
   -7.5000   15.0000   15.0000 2800.4675   12.8190
    0.0000   15.0000   15.0000 2826.0540   12.5809
    7.5000   15.0000   15.0000 2800.3105   12.7191
   -7.5000   22.5000   15.0000 2667.9338   13.8663
    0.0000   22.5000   15.0000 2688.9702   13.6481
    7.5000   22.5000   15.0000 2666.9458   13.7645
   -7.5000   30.0000   15.0000 2515.9353   15.2347
    0.0000   30.0000   15.0000 2536.5020   15.0259
    7.5000   30.0000   15.0000 2510.9983   15.1494
   -7.5000   37.5000   15.0000 2354.5459   16.9180
    0.0000   37.5000   15.0000 2377.3879   16.7435
    7.5000   37.5000   15.0000 2352.8833   16.8923
   -7.5000   45.0000   15.0000 2181.2517   19.0839
    0.0000   45.0000   15.0000 2197.8521   18.8868
    7.5000   45.0000   15.0000 2180.6792   19.0393
   -7.5000  -45.0000   22.5000 2445.8027   15.8991
    0.0000  -45.0000   22.5000 2466.4993   15.6334
    7.5000  -45.0000   22.5000 2446.9175   15.9564
   -7.5000  -37.5000   22.5000 2578.7529   14.3742
    0.0000  -37.5000   22.5000 2598.7083   14.0900
    7.5000  -37.5000   22.5000 2573.1987   14.4283
   -7.5000  -30.0000   22.5000 2701.0630   13.2275
    0.0000  -30.0000   22.5000 2718.9421   12.9078
    7.5000  -30.0000   22.5000 2691.2668   13.2779
   -7.5000  -22.5000   22.5000 2814.0898   12.3834
    0.0000  -22.5000   22.5000 2832.7090   12.0601
    7.5000  -22.5000   22.5000 2803.1143   12.3915
   -7.5000  -15.0000   22.5000 2899.4822   11.7916
    0.0000  -15.0000   22.5000 2925.4075   11.4718
    7.5000  -15.0000   22.5000 2894.7185   11.8592
   -7.5000   -7.5000   22.5000 2953.0808   11.5798
    0.0000   -7.5000   22.5000 2981.7485   11.2823
    7.5000   -7.5000   22.5000 2939.7742   11.6705
   -7.5000    0.0000   22.5000 2949.2463   11.7405
    0.0000    0.0000   22.5000 2977.8398   11.4764
    7.5000    0.0000   22.5000 2933.2395   11.7499
   -7.5000    7.5000   22.5000 2880.8320   12.1836
    0.0000    7.5000   22.5000 2912.1067   11.9404
    7.5000    7.5000   22.5000 2874.2534   12.1433
   -7.5000   15.0000   22.5000 2778.6060   12.9220
    0.0000   15.0000   22.5000 2802.3606   12.6801
    7.5000   15.0000   22.5000 2775.1316   12.8158
   -7.5000   22.5000   22.5000 2646.3210   13.9454
    0.0000   22.5000   22.5000 2665.9172   13.7176
    7.5000   22.5000   22.5000 2644.1113   13.8357
   -7.5000   30.0000   22.5000 2500.6917   15.2330
    0.0000   30.0000   22.5000 2516.9688   15.0210
    7.5000   30.0000   22.5000 2493.2314   15.1632
   -7.5000   37.5000   22.5000 2339.9998   16.8797
    0.0000   37.5000   22.5000 2358.3391   16.6921
    7.5000   37.5000   22.5000 2333.0571   16.8347
   -7.5000   45.0000   22.5000 2169.2141   19.0148
    0.0000   45.0000   22.5000 2185.9900   18.8394
    7.5000   45.0000   22.5000 2167.2742   18.9760
   -7.5000  -45.0000   30.0000 2437.4832   16.1530
    0.0000  -45.0000   30.0000 2456.3430   15.8841
    7.5000  -45.0000   30.0000 2432.5432   16.2341
   -7.5000  -37.5000   30.0000 2570.7310   14.6589
    0.0000  -37.5000   30.0000 2588.4126   14.3713
    7.5000  -37.5000   30.0000 2557.3337   14.6897
   -7.5000  -30.0000   30.0000 2689.3660   13.5441
    0.0000  -30.0000   30.0000 2702.3748   13.2427
    7.5000  -30.0000   30.0000 2669.8352   13.5562
   -7.5000  -22.5000   30.0000 2790.8677   12.7095
    0.0000  -22.5000   30.0000 2805.7322   12.4105
    7.5000  -22.5000   30.0000 2772.3223   12.7501
   -7.5000  -15.0000   30.0000 2863.2632   12.1588
    0.0000  -15.0000   30.0000 2881.2607   11.8543
    7.5000  -15.0000   30.0000 2846.7722   12.2607
   -7.5000   -7.5000   30.0000 2897.1619   11.9804
    0.0000   -7.5000   30.0000 2914.1255   11.7466
    7.5000   -7.5000   30.0000 2877.0930   12.0329
   -7.5000    0.0000   30.0000 2878.8662   12.0996
    0.0000    0.0000   30.0000 2898.5327   11.8852
    7.5000    0.0000   30.0000 2861.2000   12.1211
   -7.5000    7.5000   30.0000 2815.0278   12.5132
    0.0000    7.5000   30.0000 2833.5891   12.3172
    7.5000    7.5000   30.0000 2805.3438   12.4918
   -7.5000   15.0000   30.0000 2721.9165   13.2069
    0.0000   15.0000   30.0000 2735.0205   13.0401
    7.5000   15.0000   30.0000 2708.0432   13.1720
   -7.5000   22.5000   30.0000 2600.1697   14.1979
    0.0000   22.5000   30.0000 2614.4963   14.0253
    7.5000   22.5000   30.0000 2589.0979   14.1480
   -7.5000   30.0000   30.0000 2458.2712   15.4605
    0.0000   30.0000   30.0000 2475.0715   15.2944
    7.5000   30.0000   30.0000 2450.2371   15.4050
   -7.5000   37.5000   30.0000 2302.4597   17.0965
    0.0000   37.5000   30.0000 2317.2129   16.9697
    7.5000   37.5000   30.0000 2301.2800   17.0498
   -7.5000   45.0000   30.0000 2140.3101   19.1940
    0.0000   45.0000   30.0000 2155.8245   19.0698
    7.5000   45.0000   30.0000 2132.4597   19.1841
   -7.5000  -45.0000   37.5000 2407.8586   16.6847
    0.0000  -45.0000   37.5000 2425.3760   16.4940
    7.5000  -45.0000   37.5000 2396.3113   16.7588
   -7.5000  -37.5000   37.5000 2543.4148   15.1933
    0.0000  -37.5000   37.5000 2561.2903   15.0021
    7.5000  -37.5000   37.5000 2518.4727   15.2458
   -7.5000  -30.0000   37.5000 2653.8386   14.0724
    0.0000  -30.0000   37.5000 2668.1150   13.8914
    7.5000  -30.0000   37.5000 2626.5752   14.1589
   -7.5000  -22.5000   37.5000 2743.8740   13.2763
    0.0000  -22.5000   37.5000 2757.9451   13.0505
    7.5000  -22.5000   37.5000 2718.7495   13.3872
   -7.5000  -15.0000   37.5000 2800.8391   12.7639
    0.0000  -15.0000   37.5000 2819.6836   12.5463
    7.5000  -15.0000   37.5000 2782.5979   12.8440
   -7.5000   -7.5000   37.5000 2825.6816   12.5769
    0.0000   -7.5000   37.5000 2841.8892   12.3857
    7.5000   -7.5000   37.5000 2803.7349   12.6478
   -7.5000    0.0000   37.5000 2796.3154   12.6853
    0.0000    0.0000   37.5000 2814.0547   12.4882
    7.5000    0.0000   37.5000 2776.2651   12.7277
   -7.5000    7.5000   37.5000 2732.0251   13.0761
    0.0000    7.5000   37.5000 2745.9014   12.8837
    7.5000    7.5000   37.5000 2719.2073   13.0791
   -7.5000   15.0000   37.5000 2644.4880   13.7352
    0.0000   15.0000   37.5000 2654.3481   13.5606
    7.5000   15.0000   37.5000 2627.3271   13.7330
   -7.5000   22.5000   37.5000 2530.1077   14.6785
    0.0000   22.5000   37.5000 2544.4741   14.5490
    7.5000   22.5000   37.5000 2516.3958   14.6911
   -7.5000   30.0000   37.5000 2398.9944   15.9505
    0.0000   30.0000   37.5000 2413.2090   15.8357
    7.5000   30.0000   37.5000 2389.5120   15.9447
   -7.5000   37.5000   37.5000 2251.3469   17.5614
    0.0000   37.5000   37.5000 2268.2896   17.4535
    7.5000   37.5000   37.5000 2244.1255   17.5772
   -7.5000   45.0000   37.5000 2097.8735   19.6301
    0.0000   45.0000   37.5000 2109.5305   19.5789
    7.5000   45.0000   37.5000 2084.5161   19.7259
   -7.5000  -45.0000   45.0000 2364.3430   17.5211
    0.0000  -45.0000   45.0000 2378.6143   17.4103
    7.5000  -45.0000   45.0000 2346.4556   17.6175
   -7.5000  -37.5000   45.0000 2488.2639   16.0052
    0.0000  -37.5000   45.0000 2501.5098   15.8758
    7.5000  -37.5000   45.0000 2464.5269   16.0858
   -7.5000  -30.0000   45.0000 2592.9570   14.8904
    0.0000  -30.0000   45.0000 2607.4885   14.7302
    7.5000  -30.0000   45.0000 2566.4944   14.9814
   -7.5000  -22.5000   45.0000 2672.2913   14.1230
    0.0000  -22.5000   45.0000 2687.3496   13.9099
    7.5000  -22.5000   45.0000 2646.2656   14.1664
   -7.5000  -15.0000   45.0000 2715.5293   13.6123
    0.0000  -15.0000   45.0000 2726.1538   13.4286
    7.5000  -15.0000   45.0000 2696.9917   13.6623
   -7.5000   -7.5000   45.0000 2730.4343   13.4019
    0.0000   -7.5000   45.0000 2742.8818   13.2045
    7.5000   -7.5000   45.0000 2715.1592   13.4412
   -7.5000    0.0000   45.0000 2707.1406   13.4871
    0.0000    0.0000   45.0000 2717.6470   13.2826
    7.5000    0.0000   45.0000 2687.0977   13.5162
   -7.5000    7.5000   45.0000 2643.6682   13.8408
    0.0000    7.5000   45.0000 2652.3777   13.6772
    7.5000    7.5000   45.0000 2625.3179   13.8732
   -7.5000   15.0000   45.0000 2554.5457   14.5003
    0.0000   15.0000   45.0000 2566.1130   14.3601
    7.5000   15.0000   45.0000 2537.0967   14.5301
   -7.5000   22.5000   45.0000 2446.1711   15.4353
    0.0000   22.5000   45.0000 2455.1382   15.3077
    7.5000   22.5000   45.0000 2434.8193   15.4709
   -7.5000   30.0000   45.0000 2324.1982   16.7266
    0.0000   30.0000   45.0000 2333.1963   16.6504
    7.5000   30.0000   45.0000 2307.9868   16.7862
   -7.5000   37.5000   45.0000 2185.2551   18.3687
    0.0000   37.5000   45.0000 2196.7017   18.3034
    7.5000   37.5000   45.0000 2169.5005   18.4630
   -7.5000   45.0000   45.0000 2038.3788   20.4830
    0.0000   45.0000   45.0000 2048.6934   20.4261
    7.5000   45.0000   45.0000 2025.8613   20.6228

---------------------------------------------------------------------
imgreg_4dfp /opt/freesurfer/average/711-2C_as_mni_average_305 /opt/freesurfer/average/711-2B_as_mni_average_305_mask talsrcimg_g11 none talsrcimg_to_711-2C_as_mni_average_305_t4 1283
---------------------------------------------------------------------

freesurfer imgreg_4dfp.c
/opt/freesurfer/average/711-2C_as_mni_average_305.4dfp.img
       256       256       256         1
  1.000000  1.000000  1.000000
orientation T byte_order littleendian
Reading image: /opt/freesurfer/average/711-2C_as_mni_average_305.4dfp.img
dimensions:      256       256       256
mmppix:       1.0000   -1.0000   -1.0000
center:     128.0000 -129.0000 -129.0000
/opt/freesurfer/average/711-2B_as_mni_average_305_mask.4dfp.img
       256       256       256         1
  1.000000  1.000000  1.000000
orientation T byte_order littleendian
Reading mask: /opt/freesurfer/average/711-2B_as_mni_average_305_mask.4dfp.img (2306576 pixels)
talsrcimg_g11.4dfp.img
       256       256       256         1
  1.000000  1.000000  1.000000
orientation T byte_order littleendian
Reading image: talsrcimg_g11.4dfp.img
dimensions:      256       256       256
mmppix:       1.0000   -1.0000   -1.0000
center:     128.0000 -129.0000 -129.0000
rotation matrix determinant  1.000000
fimgreg.f
image alignment mode   1283 decimal      503 hex
parameters
    0.0000   -7.5000   15.0000    0.0000    0.0000    0.0000
eta,q 0.95033 11.12035
niter,ni,del,rscale     5    3   12.0000    1.2000
parameter  2 -0.513345 -> -0.500000 qaram    1.1500
parameter  4 -0.700563 -> -0.500000 qaram    1.1500
parameter  5 -1.045078 -> -0.500000 qaram    1.1500
parameters
   -1.2175   -4.0500   14.6972    3.4500    3.4500   -0.4334
eta,q 0.95411 10.97380
  0.0588  0.0675  0.0579  0.0594  0.0586  0.0509
  0.0547  0.0621  0.0544  0.0575  0.0549  0.0478
  0.0533  0.0569  0.0525  0.0546  0.0518  0.0459
  0.0536  0.0531  0.0517  0.0515  0.0492  0.0460
  0.0553  0.0513  0.0525  0.0495  0.0471  0.0476
  0.0598  0.0518  0.0558  0.0493  0.0458  0.0495
  0.0662  0.0533  0.0591  0.0510  0.0459  0.0515
niter,ni,del,rscale     7    3   12.0000    1.2000
parameters
   -1.5601   -5.3141   14.6998    3.0549    4.3555    0.0245
eta,q 0.95531 10.93392
  0.0560  0.0547  0.0529  0.0529  0.0549  0.0523
  0.0508  0.0492  0.0486  0.0496  0.0509  0.0491
  0.0470  0.0456  0.0464  0.0463  0.0474  0.0462
  0.0459  0.0458  0.0453  0.0453  0.0452  0.0448
  0.0482  0.0494  0.0454  0.0472  0.0449  0.0452
  0.0522  0.0563  0.0489  0.0507  0.0474  0.0475
  0.0585  0.0640  0.0530  0.0547  0.0515  0.0506
niter,ni,del,rscale     6    3   12.0000    1.2000
parameters
   -1.5548   -5.4299   14.6315    2.9409    4.4644    0.1506
eta,q 0.95535 10.93691
  0.0573  0.0580  0.0528  0.0533  0.0533  0.0518
  0.0516  0.0522  0.0483  0.0500  0.0493  0.0486
  0.0470  0.0467  0.0457  0.0465  0.0464  0.0459
  0.0447  0.0447  0.0447  0.0447  0.0447  0.0447
  0.0466  0.0469  0.0453  0.0465  0.0452  0.0454
  0.0516  0.0522  0.0488  0.0500  0.0489  0.0481
  0.0574  0.0594  0.0532  0.0541  0.0531  0.0514
niter,ni,del,rscale     5    3   12.0000    1.2000
parameters
   -1.5652   -5.4310   14.6169    2.8942    4.4783    0.1865
eta,q 0.95535 10.93859
  0.0574  0.0584  0.0530  0.0534  0.0531  0.0516
  0.0516  0.0526  0.0484  0.0501  0.0491  0.0484
  0.0469  0.0469  0.0458  0.0465  0.0463  0.0458
  0.0447  0.0447  0.0447  0.0447  0.0447  0.0447
  0.0467  0.0467  0.0452  0.0464  0.0453  0.0455
  0.0518  0.0519  0.0486  0.0499  0.0491  0.0482
  0.0575  0.0589  0.0532  0.0540  0.0533  0.0516
registration optimization eta report
parameter search radius
    6.0000    6.9000    6.0000    6.9000    6.9000    6.0000
100000*second partial in parameter space
       34.       29.       24.       18.       18.       19.
  0.0574  0.0584  0.0530  0.0534  0.0531  0.0516
  0.0516  0.0526  0.0484  0.0501  0.0491  0.0484
  0.0469  0.0469  0.0458  0.0465  0.0463  0.0458
  0.0447  0.0447  0.0447  0.0447  0.0447  0.0447
  0.0467  0.0467  0.0452  0.0464  0.0453  0.0455
  0.0518  0.0519  0.0486  0.0499  0.0491  0.0482
  0.0575  0.0589  0.0532  0.0540  0.0533  0.0516
   -1.5652   -5.4310   14.6169    2.8942    4.4783    0.1865
eta,q 0.95535 10.93859

---------------------------------------------------------------------
imgreg_4dfp /opt/freesurfer/average/711-2C_as_mni_average_305 /opt/freesurfer/average/711-2B_as_mni_average_305_mask talsrcimg_g11 none talsrcimg_to_711-2C_as_mni_average_305_t4 3335
---------------------------------------------------------------------

freesurfer imgreg_4dfp.c
/opt/freesurfer/average/711-2C_as_mni_average_305.4dfp.img
       256       256       256         1
  1.000000  1.000000  1.000000
orientation T byte_order littleendian
Reading image: /opt/freesurfer/average/711-2C_as_mni_average_305.4dfp.img
dimensions:      256       256       256
mmppix:       1.0000   -1.0000   -1.0000
center:     128.0000 -129.0000 -129.0000
/opt/freesurfer/average/711-2B_as_mni_average_305_mask.4dfp.img
       256       256       256         1
  1.000000  1.000000  1.000000
orientation T byte_order littleendian
Reading mask: /opt/freesurfer/average/711-2B_as_mni_average_305_mask.4dfp.img (2306576 pixels)
talsrcimg_g11.4dfp.img
       256       256       256         1
  1.000000  1.000000  1.000000
orientation T byte_order littleendian
Reading image: talsrcimg_g11.4dfp.img
dimensions:      256       256       256
mmppix:       1.0000   -1.0000   -1.0000
center:     128.0000 -129.0000 -129.0000
fimgreg.f
image alignment mode   3335 decimal      D07 hex
parameters
   -1.5652   -5.4310   14.6169   -0.3058   -0.1294   -0.4325
   -0.7193   -7.7818    0.3244   -5.0745    7.8082    5.0337
eta,q 0.95614 11.04901
niter,ni,del,rscale     5    3    5.0000    1.2000
parameter  4  1.830581 ->  0.500000 qaram    1.1500
parameter  5  3.293585 ->  0.500000 qaram    1.1500
parameter  6  1.049632 ->  0.500000 qaram    1.1500
parameter 11  0.887850 ->  0.500000 qaram    1.1500
parameter 12  1.004852 ->  0.500000 qaram    1.1500
parameters
   -1.6991   -5.6337   14.7926   -4.4458   -4.2694   -4.5725
   -3.0344   -8.1792    1.1101   -7.1502    3.6682    0.8937
eta,q 0.97382 10.46826
  0.0460  0.0452  0.0457  0.0370  0.0298  0.0281  0.0300  0.0325  0.0314  0.0303  0.0274  0.0260
  0.0449  0.0444  0.0447  0.0383  0.0322  0.0288  0.0292  0.0305  0.0301  0.0290  0.0274  0.0261
  0.0442  0.0440  0.0441  0.0407  0.0354  0.0304  0.0289  0.0292  0.0293  0.0284  0.0277  0.0265
  0.0439  0.0439  0.0439  0.0439  0.0389  0.0330  0.0291  0.0289  0.0288  0.0288  0.0284  0.0274
  0.0442  0.0441  0.0440  0.0476  0.0426  0.0368  0.0300  0.0295  0.0289  0.0299  0.0295  0.0286
  0.0451  0.0447  0.0445  0.0518  0.0468  0.0414  0.0313  0.0310  0.0295  0.0316  0.0308  0.0301
  0.0467  0.0457  0.0452  0.0561  0.0512  0.0470  0.0329  0.0334  0.0305  0.0339  0.0323  0.0317
niter,ni,del,rscale     7    3    5.0000    1.2000
parameter  5  0.881700 ->  0.500000 qaram    1.3225
parameters
   -1.7072   -5.4330   15.2006   -8.3247   -9.0304   -6.3633
   -2.1431   -6.8686    2.5509   -6.3094    3.6982   -0.5414
eta,q 0.97814 10.19102
  0.0297  0.0292  0.0287  0.0265  0.0220  0.0246  0.0258  0.0280  0.0251  0.0257  0.0241  0.0233
  0.0278  0.0277  0.0276  0.0254  0.0219  0.0235  0.0241  0.0256  0.0237  0.0238  0.0230  0.0224
  0.0266  0.0266  0.0267  0.0250  0.0228  0.0226  0.0230  0.0236  0.0226  0.0225  0.0223  0.0219
  0.0262  0.0262  0.0262  0.0261  0.0251  0.0220  0.0224  0.0223  0.0221  0.0220  0.0219  0.0219
  0.0266  0.0264  0.0261  0.0288  0.0286  0.0229  0.0224  0.0221  0.0220  0.0220  0.0221  0.0224
  0.0279  0.0271  0.0265  0.0328  0.0325  0.0257  0.0232  0.0232  0.0224  0.0228  0.0229  0.0234
  0.0298  0.0283  0.0275  0.0378  0.0370  0.0299  0.0245  0.0253  0.0234  0.0243  0.0242  0.0248
niter,ni,del,rscale     7    3    5.0000    1.2000
parameters
   -1.6005   -5.4956   15.1363   -7.7692  -11.1448   -6.5141
   -2.3329   -6.8884    2.8352   -6.1380    3.6845   -0.4799
eta,q 0.97848 10.12348
  0.0252  0.0242  0.0233  0.0264  0.0250  0.0249  0.0243  0.0260  0.0238  0.0245  0.0237  0.0236
  0.0235  0.0228  0.0225  0.0246  0.0230  0.0235  0.0228  0.0238  0.0226  0.0228  0.0226  0.0225
  0.0224  0.0221  0.0220  0.0231  0.0216  0.0223  0.0218  0.0222  0.0218  0.0218  0.0218  0.0218
  0.0219  0.0218  0.0218  0.0218  0.0217  0.0215  0.0215  0.0215  0.0215  0.0215  0.0215  0.0215
  0.0220  0.0222  0.0221  0.0215  0.0232  0.0213  0.0219  0.0221  0.0217  0.0219  0.0217  0.0217
  0.0230  0.0231  0.0226  0.0231  0.0264  0.0229  0.0230  0.0238  0.0224  0.0227  0.0225  0.0224
  0.0248  0.0244  0.0235  0.0261  0.0309  0.0261  0.0246  0.0262  0.0235  0.0241  0.0238  0.0235
niter,ni,del,rscale     6    3    5.0000    1.2000
parameters
   -1.6167   -5.5755   15.3862   -7.2705  -11.6121   -6.4178
   -2.4105   -6.9467    2.8585   -6.1841    3.5138   -0.0633
eta,q 0.97865 10.12792
  0.0246  0.0238  0.0234  0.0261  0.0262  0.0250  0.0242  0.0259  0.0235  0.0242  0.0235  0.0235
  0.0230  0.0225  0.0224  0.0243  0.0241  0.0236  0.0227  0.0237  0.0224  0.0225  0.0224  0.0224
  0.0219  0.0217  0.0218  0.0228  0.0222  0.0223  0.0217  0.0220  0.0216  0.0216  0.0216  0.0217
  0.0215  0.0215  0.0215  0.0215  0.0213  0.0214  0.0214  0.0214  0.0214  0.0214  0.0214  0.0214
  0.0218  0.0219  0.0216  0.0212  0.0220  0.0211  0.0217  0.0220  0.0216  0.0218  0.0216  0.0215
  0.0229  0.0228  0.0220  0.0229  0.0241  0.0227  0.0228  0.0237  0.0223  0.0227  0.0225  0.0221
  0.0248  0.0240  0.0227  0.0258  0.0280  0.0257  0.0244  0.0262  0.0235  0.0241  0.0237  0.0232
niter,ni,del,rscale     5    3    5.0000    1.2000
parameters
   -1.6636   -5.6246   15.5704   -7.1626  -11.7658   -6.3370
   -2.4562   -6.9584    2.8768   -6.2359    3.4243    0.2679
eta,q 0.97871 10.13164
  0.0245  0.0237  0.0232  0.0258  0.0264  0.0250  0.0242  0.0259  0.0234  0.0241  0.0235  0.0234
  0.0228  0.0224  0.0222  0.0241  0.0242  0.0236  0.0227  0.0237  0.0223  0.0225  0.0224  0.0223
  0.0217  0.0216  0.0216  0.0225  0.0223  0.0223  0.0217  0.0220  0.0216  0.0215  0.0216  0.0216
  0.0213  0.0214  0.0213  0.0213  0.0213  0.0213  0.0213  0.0213  0.0213  0.0213  0.0213  0.0213
  0.0217  0.0217  0.0214  0.0213  0.0218  0.0211  0.0217  0.0219  0.0215  0.0217  0.0215  0.0215
  0.0229  0.0226  0.0219  0.0233  0.0237  0.0227  0.0227  0.0237  0.0223  0.0226  0.0224  0.0221
  0.0249  0.0238  0.0227  0.0263  0.0275  0.0257  0.0243  0.0261  0.0234  0.0241  0.0237  0.0232
niter,ni,del,rscale     4    3    5.0000    1.2000
parameters
   -1.6857   -5.6592   15.6634   -7.1414  -11.8437   -6.3137
   -2.4856   -6.9555    2.8922   -6.2826    3.3908    0.4626
eta,q 0.97872 10.13205
  0.0246  0.0237  0.0230  0.0257  0.0264  0.0250  0.0242  0.0260  0.0234  0.0241  0.0235  0.0234
  0.0228  0.0223  0.0221  0.0240  0.0243  0.0235  0.0227  0.0237  0.0223  0.0225  0.0224  0.0223
  0.0217  0.0215  0.0215  0.0225  0.0223  0.0223  0.0216  0.0220  0.0216  0.0215  0.0216  0.0216
  0.0213  0.0213  0.0213  0.0213  0.0213  0.0213  0.0213  0.0213  0.0213  0.0213  0.0213  0.0213
  0.0216  0.0216  0.0214  0.0213  0.0217  0.0211  0.0216  0.0219  0.0215  0.0217  0.0215  0.0215
  0.0228  0.0225  0.0219  0.0234  0.0236  0.0227  0.0227  0.0236  0.0222  0.0226  0.0224  0.0221
  0.0248  0.0237  0.0228  0.0265  0.0273  0.0258  0.0243  0.0261  0.0234  0.0241  0.0236  0.0232
niter,ni,del,rscale     3    3    5.0000    1.2000
parameters
   -1.6953   -5.6805   15.7074   -7.1282  -11.8850   -6.3078
   -2.5054   -6.9524    2.8955   -6.3128    3.3818    0.5663
eta,q 0.97873 10.13208
  0.0246  0.0237  0.0229  0.0257  0.0264  0.0249  0.0242  0.0260  0.0234  0.0241  0.0235  0.0233
  0.0228  0.0223  0.0220  0.0240  0.0243  0.0235  0.0227  0.0237  0.0223  0.0225  0.0224  0.0222
  0.0217  0.0215  0.0215  0.0225  0.0223  0.0223  0.0216  0.0220  0.0216  0.0215  0.0216  0.0215
  0.0213  0.0213  0.0213  0.0213  0.0213  0.0213  0.0213  0.0213  0.0213  0.0213  0.0213  0.0213
  0.0216  0.0216  0.0214  0.0213  0.0217  0.0211  0.0216  0.0219  0.0215  0.0217  0.0215  0.0215
  0.0228  0.0225  0.0220  0.0234  0.0236  0.0227  0.0227  0.0236  0.0222  0.0226  0.0224  0.0222
  0.0247  0.0237  0.0228  0.0265  0.0272  0.0258  0.0243  0.0261  0.0235  0.0241  0.0236  0.0232
niter,ni,del,rscale     2    3    5.0000    1.2000
parameters
   -1.6981   -5.6920   15.7290   -7.1236  -11.9045   -6.3111
   -2.5128   -6.9506    2.8960   -6.3288    3.3798    0.6186
eta,q 0.97872 10.13182
  0.0246  0.0237  0.0229  0.0257  0.0264  0.0249  0.0242  0.0260  0.0234  0.0241  0.0235  0.0233
  0.0229  0.0223  0.0220  0.0240  0.0243  0.0235  0.0227  0.0237  0.0223  0.0225  0.0224  0.0222
  0.0217  0.0215  0.0215  0.0225  0.0224  0.0223  0.0217  0.0220  0.0216  0.0215  0.0216  0.0215
  0.0213  0.0213  0.0213  0.0213  0.0213  0.0213  0.0213  0.0213  0.0213  0.0213  0.0213  0.0213
  0.0216  0.0216  0.0214  0.0213  0.0217  0.0211  0.0216  0.0219  0.0215  0.0217  0.0215  0.0215
  0.0228  0.0224  0.0220  0.0234  0.0235  0.0227  0.0227  0.0236  0.0223  0.0226  0.0224  0.0222
  0.0247  0.0237  0.0229  0.0265  0.0272  0.0259  0.0243  0.0261  0.0235  0.0240  0.0236  0.0233
registration optimization eta report
parameter search radius
    2.4000    2.4000    2.4000    8.2800    9.5220    8.2800
    7.2000    7.2000    7.2000    7.2000    8.2800    8.2800
100000*second partial in parameter space
       59.       42.       28.        7.        6.        6.
        6.        9.        4.        5.        3.        3.
  0.0246  0.0237  0.0229  0.0257  0.0264  0.0249  0.0242  0.0260  0.0234  0.0241  0.0235  0.0233
  0.0229  0.0223  0.0220  0.0240  0.0243  0.0235  0.0227  0.0237  0.0223  0.0225  0.0224  0.0222
  0.0217  0.0215  0.0215  0.0225  0.0224  0.0223  0.0217  0.0220  0.0216  0.0215  0.0216  0.0215
  0.0213  0.0213  0.0213  0.0213  0.0213  0.0213  0.0213  0.0213  0.0213  0.0213  0.0213  0.0213
  0.0216  0.0216  0.0214  0.0213  0.0217  0.0211  0.0216  0.0219  0.0215  0.0217  0.0215  0.0215
  0.0228  0.0224  0.0220  0.0234  0.0235  0.0227  0.0227  0.0236  0.0223  0.0226  0.0224  0.0222
  0.0247  0.0237  0.0229  0.0265  0.0272  0.0259  0.0243  0.0261  0.0235  0.0240  0.0236  0.0233
   -1.6981   -5.6920   15.7290   -7.1236  -11.9045   -6.3111
   -2.5128   -6.9506    2.8960   -6.3288    3.3798    0.6186
eta,q 0.97872 10.13182

---------------------------------------------------------------------
imgreg_4dfp /opt/freesurfer/average/711-2C_as_mni_average_305 /opt/freesurfer/average/711-2B_as_mni_average_305_mask talsrcimg_g11 none talsrcimg_to_711-2C_as_mni_average_305_t4 2311
---------------------------------------------------------------------

freesurfer imgreg_4dfp.c
/opt/freesurfer/average/711-2C_as_mni_average_305.4dfp.img
       256       256       256         1
  1.000000  1.000000  1.000000
orientation T byte_order littleendian
Reading image: /opt/freesurfer/average/711-2C_as_mni_average_305.4dfp.img
dimensions:      256       256       256
mmppix:       1.0000   -1.0000   -1.0000
center:     128.0000 -129.0000 -129.0000
/opt/freesurfer/average/711-2B_as_mni_average_305_mask.4dfp.img
       256       256       256         1
  1.000000  1.000000  1.000000
orientation T byte_order littleendian
Reading mask: /opt/freesurfer/average/711-2B_as_mni_average_305_mask.4dfp.img (2306576 pixels)
talsrcimg_g11.4dfp.img
       256       256       256         1
  1.000000  1.000000  1.000000
orientation T byte_order littleendian
Reading image: talsrcimg_g11.4dfp.img
dimensions:      256       256       256
mmppix:       1.0000   -1.0000   -1.0000
center:     128.0000 -129.0000 -129.0000
fimgreg.f
image alignment mode   2311 decimal      907 hex
parameters
   -1.6981   -5.6920   15.7290   -7.1236  -11.9045   -6.3111
   -2.5128   -6.9506    2.8960   -6.3288    3.3798    0.6186
eta,q 0.97872 10.13182
niter,ni,del,rscale     5    3    5.0000    0.8000
parameters
   -1.6705   -5.7289   15.7387   -6.3433  -11.3747   -5.4850
   -2.5148   -6.9685    2.8225   -6.5754    3.1200    0.4443
eta,q 0.97910 10.18955
  0.0229  0.0224  0.0220  0.0236  0.0230  0.0229  0.0224  0.0235  0.0220  0.0221  0.0218  0.0216
  0.0220  0.0217  0.0216  0.0227  0.0221  0.0221  0.0216  0.0222  0.0214  0.0214  0.0213  0.0212
  0.0215  0.0214  0.0214  0.0219  0.0214  0.0215  0.0211  0.0212  0.0210  0.0210  0.0210  0.0210
  0.0213  0.0213  0.0213  0.0213  0.0211  0.0211  0.0209  0.0209  0.0209  0.0209  0.0209  0.0209
  0.0214  0.0214  0.0214  0.0211  0.0211  0.0208  0.0211  0.0212  0.0210  0.0211  0.0210  0.0210
  0.0219  0.0218  0.0216  0.0216  0.0216  0.0212  0.0216  0.0222  0.0214  0.0216  0.0214  0.0213
  0.0228  0.0224  0.0220  0.0227  0.0224  0.0222  0.0224  0.0236  0.0220  0.0224  0.0220  0.0217
niter,ni,del,rscale     4    3    5.0000    0.7000
parameters
   -1.7102   -5.6577   15.8329   -6.4816  -11.3544   -5.2481
   -2.4787   -6.9481    2.8553   -6.5352    3.0311    0.4715
eta,q 0.97914 10.19602
  0.0222  0.0219  0.0216  0.0225  0.0222  0.0223  0.0221  0.0230  0.0217  0.0219  0.0216  0.0214
  0.0215  0.0214  0.0213  0.0218  0.0215  0.0218  0.0214  0.0219  0.0213  0.0213  0.0212  0.0211
  0.0210  0.0210  0.0210  0.0212  0.0211  0.0213  0.0210  0.0211  0.0210  0.0210  0.0210  0.0209
  0.0209  0.0209  0.0209  0.0209  0.0209  0.0209  0.0209  0.0209  0.0209  0.0209  0.0209  0.0209
  0.0211  0.0210  0.0209  0.0210  0.0211  0.0209  0.0210  0.0211  0.0209  0.0210  0.0210  0.0209
  0.0216  0.0213  0.0211  0.0217  0.0215  0.0213  0.0214  0.0218  0.0212  0.0213  0.0212  0.0211
  0.0223  0.0217  0.0215  0.0229  0.0222  0.0223  0.0220  0.0229  0.0217  0.0219  0.0217  0.0214
niter,ni,del,rscale     3    3    5.0000    0.6000
parameters
   -1.7095   -5.6606   15.8678   -6.4470  -11.3697   -5.0975
   -2.4769   -6.9467    2.8761   -6.5622    2.9682    0.5061
eta,q 0.97916 10.20062
  0.0219  0.0215  0.0214  0.0222  0.0218  0.0220  0.0217  0.0224  0.0215  0.0216  0.0214  0.0213
  0.0213  0.0212  0.0211  0.0216  0.0213  0.0215  0.0212  0.0216  0.0211  0.0212  0.0211  0.0210
  0.0210  0.0209  0.0209  0.0211  0.0210  0.0211  0.0209  0.0210  0.0209  0.0209  0.0209  0.0209
  0.0209  0.0209  0.0209  0.0209  0.0209  0.0209  0.0208  0.0208  0.0208  0.0208  0.0208  0.0208
  0.0210  0.0209  0.0209  0.0209  0.0210  0.0209  0.0209  0.0210  0.0209  0.0209  0.0209  0.0209
  0.0213  0.0212  0.0211  0.0214  0.0213  0.0212  0.0212  0.0216  0.0211  0.0212  0.0211  0.0210
  0.0219  0.0215  0.0213  0.0223  0.0219  0.0220  0.0217  0.0224  0.0215  0.0216  0.0214  0.0213
niter,ni,del,rscale     2    3    5.0000    0.5000
parameters
   -1.7119   -5.6630   15.8958   -6.3733  -11.4018   -4.9701
   -2.4808   -6.9429    2.8829   -6.6039    2.8954    0.5211
eta,q 0.97917 10.20419
  0.0215  0.0213  0.0212  0.0218  0.0215  0.0217  0.0214  0.0220  0.0213  0.0214  0.0212  0.0211
  0.0212  0.0211  0.0210  0.0214  0.0212  0.0213  0.0211  0.0214  0.0210  0.0211  0.0210  0.0210
  0.0209  0.0209  0.0209  0.0210  0.0209  0.0210  0.0209  0.0210  0.0209  0.0209  0.0209  0.0209
  0.0208  0.0208  0.0208  0.0208  0.0208  0.0208  0.0208  0.0208  0.0208  0.0208  0.0208  0.0208
  0.0209  0.0209  0.0209  0.0209  0.0209  0.0208  0.0209  0.0210  0.0209  0.0209  0.0209  0.0209
  0.0212  0.0211  0.0210  0.0212  0.0212  0.0211  0.0211  0.0213  0.0210  0.0211  0.0210  0.0210
  0.0215  0.0213  0.0212  0.0218  0.0216  0.0217  0.0215  0.0220  0.0213  0.0214  0.0212  0.0211
niter,ni,del,rscale     1    3    5.0000    0.4000
parameters
   -1.7161   -5.6655   15.9173   -6.2900  -11.4272   -4.8572
   -2.4817   -6.9354    2.8699   -6.6284    2.8313    0.5526
eta,q 0.97919 10.20790
  0.0213  0.0211  0.0211  0.0215  0.0213  0.0214  0.0212  0.0216  0.0211  0.0212  0.0211  0.0210
  0.0210  0.0210  0.0209  0.0212  0.0210  0.0211  0.0210  0.0212  0.0209  0.0210  0.0209  0.0209
  0.0209  0.0209  0.0209  0.0209  0.0209  0.0209  0.0209  0.0209  0.0208  0.0209  0.0208  0.0208
  0.0208  0.0208  0.0208  0.0208  0.0208  0.0208  0.0208  0.0208  0.0208  0.0208  0.0208  0.0208
  0.0209  0.0209  0.0209  0.0209  0.0209  0.0208  0.0209  0.0209  0.0208  0.0209  0.0208  0.0208
  0.0210  0.0210  0.0209  0.0211  0.0210  0.0210  0.0210  0.0212  0.0209  0.0210  0.0209  0.0209
  0.0213  0.0211  0.0211  0.0215  0.0213  0.0214  0.0212  0.0216  0.0211  0.0212  0.0211  0.0210
registration optimization eta report
parameter search radius
    0.8000    0.8000    0.8000    2.4000    2.4000    2.4000
    2.4000    2.4000    2.4000    2.4000    2.4000    2.4000
100000*second partial in parameter space
       71.       48.       38.       11.        8.       10.
        7.       13.        5.        6.        4.        3.
  0.0213  0.0211  0.0211  0.0215  0.0213  0.0214  0.0212  0.0216  0.0211  0.0212  0.0211  0.0210
  0.0210  0.0210  0.0209  0.0212  0.0210  0.0211  0.0210  0.0212  0.0209  0.0210  0.0209  0.0209
  0.0209  0.0209  0.0209  0.0209  0.0209  0.0209  0.0209  0.0209  0.0208  0.0209  0.0208  0.0208
  0.0208  0.0208  0.0208  0.0208  0.0208  0.0208  0.0208  0.0208  0.0208  0.0208  0.0208  0.0208
  0.0209  0.0209  0.0209  0.0209  0.0209  0.0208  0.0209  0.0209  0.0208  0.0209  0.0208  0.0208
  0.0210  0.0210  0.0209  0.0211  0.0210  0.0210  0.0210  0.0212  0.0209  0.0210  0.0209  0.0209
  0.0213  0.0211  0.0211  0.0215  0.0213  0.0214  0.0212  0.0216  0.0211  0.0212  0.0211  0.0210
   -1.7161   -5.6655   15.9173   -6.2900  -11.4272   -4.8572
   -2.4817   -6.9354    2.8699   -6.6284    2.8313    0.5526
eta,q 0.97919 10.20790

---------------------------------------------------------------------
imgreg_4dfp /opt/freesurfer/average/711-2C_as_mni_average_305 /opt/freesurfer/average/711-2B_as_mni_average_305_mask talsrcimg_g11 none talsrcimg_to_711-2C_as_mni_average_305_t4 2311
---------------------------------------------------------------------

freesurfer imgreg_4dfp.c
/opt/freesurfer/average/711-2C_as_mni_average_305.4dfp.img
       256       256       256         1
  1.000000  1.000000  1.000000
orientation T byte_order littleendian
Reading image: /opt/freesurfer/average/711-2C_as_mni_average_305.4dfp.img
dimensions:      256       256       256
mmppix:       1.0000   -1.0000   -1.0000
center:     128.0000 -129.0000 -129.0000
/opt/freesurfer/average/711-2B_as_mni_average_305_mask.4dfp.img
       256       256       256         1
  1.000000  1.000000  1.000000
orientation T byte_order littleendian
Reading mask: /opt/freesurfer/average/711-2B_as_mni_average_305_mask.4dfp.img (2306576 pixels)
talsrcimg_g11.4dfp.img
       256       256       256         1
  1.000000  1.000000  1.000000
orientation T byte_order littleendian
Reading image: talsrcimg_g11.4dfp.img
dimensions:      256       256       256
mmppix:       1.0000   -1.0000   -1.0000
center:     128.0000 -129.0000 -129.0000
fimgreg.f
image alignment mode   2311 decimal      907 hex
parameters
   -1.7161   -5.6655   15.9173   -6.2900  -11.4272   -4.8572
   -2.4817   -6.9354    2.8699   -6.6284    2.8313    0.5526
eta,q 0.97918 10.20790
niter,ni,del,rscale     5    3    5.0000    0.8000
parameters
   -1.7304   -5.6536   15.9176   -6.7110  -11.4087   -5.2380
   -2.4745   -6.9006    2.9188   -6.4912    2.9871    0.5872
eta,q 0.97911 10.19203
  0.0225  0.0220  0.0218  0.0226  0.0225  0.0224  0.0224  0.0235  0.0220  0.0223  0.0219  0.0216
  0.0216  0.0214  0.0212  0.0218  0.0217  0.0218  0.0216  0.0222  0.0214  0.0215  0.0214  0.0212
  0.0210  0.0210  0.0209  0.0211  0.0211  0.0212  0.0211  0.0212  0.0210  0.0211  0.0210  0.0210
  0.0208  0.0208  0.0208  0.0208  0.0209  0.0209  0.0209  0.0209  0.0209  0.0209  0.0209  0.0209
  0.0210  0.0210  0.0209  0.0211  0.0210  0.0211  0.0211  0.0212  0.0210  0.0210  0.0210  0.0210
  0.0216  0.0213  0.0212  0.0221  0.0216  0.0219  0.0216  0.0221  0.0214  0.0215  0.0213  0.0212
  0.0226  0.0220  0.0218  0.0236  0.0226  0.0234  0.0224  0.0235  0.0220  0.0221  0.0218  0.0216
niter,ni,del,rscale     4    3    5.0000    0.7000
parameters
   -1.7046   -5.6733   15.8818   -6.5685  -11.3754   -5.2120
   -2.4908   -6.9219    2.9068   -6.5438    2.9910    0.5575
eta,q 0.97913 10.19564
  0.0222  0.0218  0.0215  0.0226  0.0222  0.0223  0.0220  0.0229  0.0217  0.0219  0.0216  0.0214
  0.0215  0.0213  0.0212  0.0219  0.0215  0.0217  0.0214  0.0218  0.0212  0.0213  0.0212  0.0211
  0.0211  0.0210  0.0210  0.0213  0.0211  0.0212  0.0210  0.0211  0.0210  0.0210  0.0210  0.0209
  0.0209  0.0209  0.0209  0.0209  0.0209  0.0209  0.0209  0.0209  0.0209  0.0209  0.0209  0.0209
  0.0210  0.0210  0.0210  0.0209  0.0210  0.0209  0.0210  0.0211  0.0210  0.0210  0.0210  0.0209
  0.0214  0.0213  0.0212  0.0215  0.0215  0.0214  0.0214  0.0219  0.0212  0.0214  0.0212  0.0211
  0.0222  0.0218  0.0216  0.0226  0.0222  0.0225  0.0221  0.0230  0.0217  0.0219  0.0216  0.0215
niter,ni,del,rscale     3    3    5.0000    0.6000
parameters
   -1.7067   -5.6709   15.8822   -6.4605  -11.3864   -5.0955
   -2.4898   -6.9365    2.8832   -6.5680    2.9531    0.5423
eta,q 0.97916 10.20017
  0.0218  0.0215  0.0214  0.0222  0.0218  0.0220  0.0217  0.0224  0.0215  0.0216  0.0214  0.0213
  0.0213  0.0212  0.0211  0.0216  0.0213  0.0215  0.0212  0.0216  0.0211  0.0212  0.0211  0.0210
  0.0210  0.0209  0.0209  0.0212  0.0210  0.0211  0.0209  0.0210  0.0209  0.0209  0.0209  0.0209
  0.0209  0.0209  0.0209  0.0209  0.0209  0.0209  0.0208  0.0208  0.0208  0.0208  0.0208  0.0208
  0.0210  0.0209  0.0209  0.0209  0.0210  0.0209  0.0209  0.0210  0.0209  0.0209  0.0209  0.0209
  0.0213  0.0212  0.0211  0.0214  0.0213  0.0212  0.0212  0.0216  0.0211  0.0212  0.0211  0.0210
  0.0219  0.0215  0.0214  0.0222  0.0219  0.0220  0.0217  0.0225  0.0215  0.0216  0.0214  0.0213
niter,ni,del,rscale     2    3    5.0000    0.5000
parameters
   -1.7107   -5.6645   15.9019   -6.3736  -11.4056   -4.9721
   -2.4870   -6.9396    2.8824   -6.6066    2.8864    0.5470
eta,q 0.97917 10.20415
  0.0215  0.0213  0.0212  0.0218  0.0215  0.0217  0.0215  0.0220  0.0213  0.0214  0.0212  0.0211
  0.0212  0.0211  0.0210  0.0214  0.0212  0.0213  0.0211  0.0214  0.0210  0.0211  0.0210  0.0210
  0.0209  0.0209  0.0209  0.0210  0.0209  0.0210  0.0209  0.0210  0.0209  0.0209  0.0209  0.0209
  0.0208  0.0208  0.0208  0.0208  0.0208  0.0208  0.0208  0.0208  0.0208  0.0208  0.0208  0.0208
  0.0209  0.0209  0.0209  0.0209  0.0209  0.0208  0.0209  0.0210  0.0209  0.0209  0.0209  0.0209
  0.0212  0.0211  0.0210  0.0212  0.0212  0.0211  0.0211  0.0213  0.0210  0.0211  0.0210  0.0210
  0.0215  0.0213  0.0212  0.0218  0.0216  0.0217  0.0215  0.0220  0.0213  0.0214  0.0212  0.0211
niter,ni,del,rscale     1    3    5.0000    0.4000
parameters
   -1.7159   -5.6665   15.9224   -6.2907  -11.4340   -4.8591
   -2.4806   -6.9334    2.8821   -6.6342    2.8205    0.5561
eta,q 0.97918 10.20755
  0.0213  0.0211  0.0211  0.0215  0.0213  0.0214  0.0212  0.0216  0.0211  0.0212  0.0210  0.0210
  0.0210  0.0210  0.0209  0.0212  0.0210  0.0211  0.0210  0.0212  0.0209  0.0210  0.0209  0.0209
  0.0209  0.0209  0.0209  0.0210  0.0209  0.0209  0.0209  0.0209  0.0208  0.0208  0.0208  0.0208
  0.0208  0.0208  0.0208  0.0208  0.0208  0.0208  0.0208  0.0208  0.0208  0.0208  0.0208  0.0208
  0.0209  0.0209  0.0208  0.0209  0.0209  0.0208  0.0209  0.0209  0.0208  0.0209  0.0208  0.0208
  0.0210  0.0210  0.0209  0.0211  0.0210  0.0210  0.0210  0.0212  0.0209  0.0210  0.0209  0.0209
  0.0213  0.0211  0.0211  0.0215  0.0213  0.0214  0.0212  0.0216  0.0211  0.0212  0.0211  0.0210
registration optimization eta report
parameter search radius
    0.8000    0.8000    0.8000    2.4000    2.4000    2.4000
    2.4000    2.4000    2.4000    2.4000    2.4000    2.4000
100000*second partial in parameter space
       71.       48.       37.       11.        8.       10.
        7.       13.        5.        6.        4.        3.
  0.0213  0.0211  0.0211  0.0215  0.0213  0.0214  0.0212  0.0216  0.0211  0.0212  0.0210  0.0210
  0.0210  0.0210  0.0209  0.0212  0.0210  0.0211  0.0210  0.0212  0.0209  0.0210  0.0209  0.0209
  0.0209  0.0209  0.0209  0.0210  0.0209  0.0209  0.0209  0.0209  0.0208  0.0208  0.0208  0.0208
  0.0208  0.0208  0.0208  0.0208  0.0208  0.0208  0.0208  0.0208  0.0208  0.0208  0.0208  0.0208
  0.0209  0.0209  0.0208  0.0209  0.0209  0.0208  0.0209  0.0209  0.0208  0.0209  0.0208  0.0208
  0.0210  0.0210  0.0209  0.0211  0.0210  0.0210  0.0210  0.0212  0.0209  0.0210  0.0209  0.0209
  0.0213  0.0211  0.0211  0.0215  0.0213  0.0214  0.0212  0.0216  0.0211  0.0212  0.0211  0.0210
   -1.7159   -5.6665   15.9224   -6.2907  -11.4340   -4.8591
   -2.4806   -6.9334    2.8821   -6.6342    2.8205    0.5561
eta,q 0.97918 10.20755

---------------------------------------------------------------------
compute_vox2vox talsrcimg talsrcimg_to_711-2C_as_mni_average_305_t4 /opt/freesurfer/average/711-2C_as_mni_average_305
---------------------------------------------------------------------

freesurfer compute_vox2vox.c
Reading: talsrcimg.4dfp.ifh
Reading: talsrcimg_to_711-2C_as_mni_average_305_t4
Reading: /opt/freesurfer/average/711-2C_as_mni_average_305.4dfp.ifh
Writing: talsrcimg_to_711-2C_as_mni_average_305_t4_vox2vox.txt

start time Thu Mar 12 19:13:25 CET 2026
end		time Thu Mar 12 19:14:52 CET 2026

mpr2mni305 success

avi2talxfm orig_nu.mgz /opt/freesurfer/average/mni305.cor.mgz talsrcimg_to_711-2C_as_mni_average_305_t4_vox2vox.txt transforms/talairach.auto.xfm
avi2talxfm done
mv -f /out/sourcedata/freesurfer/sub-v1s20x0050370_ses-1/mri/talsrcimg_to_711-2C_as_mni_average_305_t4_vox2vox.txt /out/sourcedata/freesurfer/sub-v1s20x0050370_ses-1/mri/transforms/talsrcimg_to_711-2C_as_mni_average_305_t4_vox2vox.txt
lta_convert --src orig_nu.mgz --trg /opt/freesurfer/average/mni305.cor.mgz --inxfm transforms/talairach.auto.xfm --outlta transforms/talairach.auto.xfm.lta --subject fsaverage
7.3.2

--src: orig_nu.mgz src image (geometry).
--trg: /opt/freesurfer/average/mni305.cor.mgz trg image (geometry).
--inmni: transforms/talairach.auto.xfm input MNI/XFM transform.
--outlta: transforms/talairach.auto.xfm.lta output LTA.
--s: fsaverage subject name
 LTA read, type : 1
 1.06383   0.07957   0.02930   0.20583;
-0.03132   1.04827  -0.00746  -17.25066;
-0.03697   0.07593   1.12759   4.49658;
 0.00000   0.00000   0.00000   1.00000;
setting subject to fsaverage
Writing  LTA to file transforms/talairach.auto.xfm.lta...
lta_convert successful.
 
 
Started at Thu Mar 12 19:13:25 CET 2026
Ended   at Thu Mar 12 19:14:52 CET 2026
talairach_avi done
