/out/sourcedata/freesurfer/sub-v1s20x0050354_ses-1/mri
/opt/freesurfer/bin/talairach_avi
--i orig_nu.mgz --xfm transforms/talairach.auto.xfm
talairach_avi 7.3.2
Linux dna061 5.14.0-427.37.1.el9_4.x86_64 #1 SMP PREEMPT_DYNAMIC Fri Sep 13 12:41:50 EDT 2024 x86_64 x86_64 x86_64 GNU/Linux
Thu Mar 12 18:24:56 CET 2026
mri_convert orig_nu.mgz talsrcimg.img 
reading from orig_nu.mgz...
TR=0.00, TE=0.00, TI=0.00, flip angle=0.00
i_ras = (-1, 0, 0)
j_ras = (0, 0, -1)
k_ras = (0, 1, 0)
writing to talsrcimg.img...
Analyze Output Matrix
-1.00000   0.00000   0.00000   129.50778;
 0.00000   0.00000   1.00000  -128.49219;
 0.00000  -1.00000   0.00000   129.70001;
 0.00000   0.00000   0.00000   1.00000;
--------------------
INFO: set hdr.hist.orient to -1
mpr2mni305 talsrcimg
Thu Mar 12 18:24:56 CET 2026
/opt/freesurfer/bin/mpr2mni305 talsrcimg
mpr2mni305 7.3.2
target=711-2C_as_mni_average_305

---------------------------------------------------------------------
analyzeto4dfp talsrcimg -O0 -y
---------------------------------------------------------------------

freesurfer ifh2hdr.c
Thu Mar 12 18:24:56 2026
Writing: talsrcimg.4dfp.hdr
freesurfer analyzeto4dfp.c
Reading: talsrcimg.hdr
header size 348 bytes
hdr.dime.datatype	offset=70	value=2
hdr.dime.bitpix		offset=72	value=8
hdr.hist.orient		offset=252	value=-1
dimensionality     4
dimensions       256       256       256         1
Reading: talsrcimg.img
Writing: talsrcimg.4dfp.img
Writing: talsrcimg.4dfp.ifh
ifh2hdr talsrcimg -r0to233
ori=2

---------------------------------------------------------------------
gauss_4dfp talsrcimg 1.1
---------------------------------------------------------------------

freesurfer gauss_4dfp.c
Reading: talsrcimg.4dfp.img
Writing: talsrcimg_g11.4dfp.img
image dimensions 256 256 256 padded to 288 288 288
processing volume 1freesurfer ifh2hdr.c
Thu Mar 12 18:24:58 2026
Writing: talsrcimg_g11.4dfp.hdr

Writing: talsrcimg_g11.4dfp.ifh
including: talsrcimg.4dfp.img.rec in talsrcimg_g11.4dfp.img.rec

---------------------------------------------------------------------
imgreg_4dfp /opt/freesurfer/average/711-2C_as_mni_average_305 none talsrcimg_g11 none talsrcimg_to_711-2C_as_mni_average_305_t4 4355
---------------------------------------------------------------------

freesurfer imgreg_4dfp.c
/opt/freesurfer/average/711-2C_as_mni_average_305.4dfp.img
       256       256       256         1
  1.000000  1.000000  1.000000
orientation T byte_order littleendian
Reading image: /opt/freesurfer/average/711-2C_as_mni_average_305.4dfp.img
dimensions:      256       256       256
mmppix:       1.0000   -1.0000   -1.0000
center:     128.0000 -129.0000 -129.0000
talsrcimg_g11.4dfp.img
       256       256       256         1
  1.000000  1.000000  1.000000
orientation T byte_order littleendian
Reading image: talsrcimg_g11.4dfp.img
dimensions:      256       256       256
mmppix:       1.0000   -1.0000   -1.0000
center:     128.0000 -129.0000 -129.0000
t4_read: open error in t4_sub.f l:  41 t4_file(1:l)talsrcimg_to_711-2C_as_mni_average_305_t4 
t4_read: transform initialized to I4
rotation matrix determinant  1.000000
image alignment mode   4355 decimal     1103 hex
   -7.5000  -45.0000  -45.0000 7635.6411   20.3437
    0.0000  -45.0000  -45.0000 8029.8105   20.4156
    7.5000  -45.0000  -45.0000 7779.3506   20.3793
   -7.5000  -37.5000  -45.0000 8133.3618   20.3217
    0.0000  -37.5000  -45.0000 8525.9473   20.3930
    7.5000  -37.5000  -45.0000 8252.8359   20.3474
   -7.5000  -30.0000  -45.0000 8846.3838   20.2982
    0.0000  -30.0000  -45.0000 9272.7793   20.3671
    7.5000  -30.0000  -45.0000 9005.3760   20.3169
   -7.5000  -22.5000  -45.0000 9491.2344   20.2970
    0.0000  -22.5000  -45.0000 9969.8555   20.3643
    7.5000  -22.5000  -45.0000 9681.5664   20.3188
   -7.5000  -15.0000  -45.000010055.0557   20.3174
    0.0000  -15.0000  -45.000010578.0342   20.3842
    7.5000  -15.0000  -45.000010262.2852   20.3479
   -7.5000   -7.5000  -45.000010665.8252   20.3406
    0.0000   -7.5000  -45.000011215.1445   20.4096
    7.5000   -7.5000  -45.000010876.5596   20.3778
   -7.5000    0.0000  -45.000011193.6221   20.3437
    0.0000    0.0000  -45.000011780.7070   20.4156
    7.5000    0.0000  -45.000011425.4580   20.3793
   -7.5000    7.5000  -45.000010904.8301   20.3217
    0.0000    7.5000  -45.000011440.0439   20.3930
    7.5000    7.5000  -45.000011094.5498   20.3474
   -7.5000   15.0000  -45.000010467.7705   20.2982
    0.0000   15.0000  -45.000010964.2510   20.3671
    7.5000   15.0000  -45.000010615.2549   20.3169
   -7.5000   22.5000  -45.0000 9739.2979   20.2942
    0.0000   22.5000  -45.000010209.0996   20.3615
    7.5000   22.5000  -45.0000 9860.4785   20.3160
   -7.5000   30.0000  -45.0000 8871.3457   20.0467
    0.0000   30.0000  -45.0000 9315.1309   20.1126
    7.5000   30.0000  -45.0000 8983.9531   20.0767
   -7.5000   37.5000  -45.0000 8399.5840   20.0695
    0.0000   37.5000  -45.0000 8798.9766   20.1376
    7.5000   37.5000  -45.0000 8496.5586   20.1063
   -7.5000   45.0000  -45.0000 7647.5122   19.5629
    0.0000   45.0000  -45.0000 7991.6416   19.6320
    7.5000   45.0000  -45.0000 7722.0986   19.5971
   -7.5000  -45.0000  -37.5000 8178.8911   20.2187
    0.0000  -45.0000  -37.5000 8589.7500   20.2884
    7.5000  -45.0000  -37.5000 8315.4082   20.2615
   -7.5000  -37.5000  -37.5000 8703.0732   20.1918
    0.0000  -37.5000  -37.5000 9128.1992   20.2579
    7.5000  -37.5000  -37.5000 8835.4893   20.2216
   -7.5000  -30.0000  -37.5000 9451.1768   20.1510
    0.0000  -30.0000  -37.5000 9920.2871   20.2152
    7.5000  -30.0000  -37.5000 9601.4414   20.1766
   -7.5000  -22.5000  -37.500010129.5684   20.1362
    0.0000  -22.5000  -37.500010651.1094   20.2023
    7.5000  -22.5000  -37.500010301.0430   20.1713
   -7.5000  -15.0000  -37.500010714.5986   20.1592
    0.0000  -15.0000  -37.500011287.9912   20.2278
    7.5000  -15.0000  -37.500010901.5898   20.2063
   -7.5000   -7.5000  -37.500011317.4941   20.2009
    0.0000   -7.5000  -37.500011939.6641   20.2713
    7.5000   -7.5000  -37.500011546.3955   20.2515
   -7.5000    0.0000  -37.500011849.5908   20.2187
    0.0000    0.0000  -37.500012509.3896   20.2884
    7.5000    0.0000  -37.500012108.1719   20.2615
   -7.5000    7.5000  -37.500011511.6055   20.1918
    0.0000    7.5000  -37.500012135.1846   20.2579
    7.5000    7.5000  -37.500011736.6143   20.2216
   -7.5000   15.0000  -37.500011006.2188   20.1510
    0.0000   15.0000  -37.500011603.1943   20.2152
    7.5000   15.0000  -37.500011192.6924   20.1766
   -7.5000   22.5000  -37.500010219.2305   20.1334
    0.0000   22.5000  -37.500010758.6455   20.1995
    7.5000   22.5000  -37.500010381.3574   20.1685
   -7.5000   30.0000  -37.5000 9298.3066   19.8905
    0.0000   30.0000  -37.5000 9766.9717   19.9582
    7.5000   30.0000  -37.5000 9432.1523   19.9370
   -7.5000   37.5000  -37.5000 8789.6611   19.9317
    0.0000   37.5000  -37.5000 9209.0264   20.0012
    7.5000   37.5000  -37.5000 8923.6846   19.9817
   -7.5000   45.0000  -37.5000 7985.0679   19.4427
    0.0000   45.0000  -37.5000 8354.0654   19.5097
    7.5000   45.0000  -37.5000 8099.9751   19.4839
   -7.5000  -45.0000  -30.0000 8878.8594   21.1214
    0.0000  -45.0000  -30.0000 9322.5176   21.1880
    7.5000  -45.0000  -30.0000 9007.4971   21.1656
   -7.5000  -37.5000  -30.0000 9432.8594   21.1009
    0.0000  -37.5000  -30.0000 9901.3906   21.1582
    7.5000  -37.5000  -30.0000 9567.0195   21.1285
   -7.5000  -30.0000  -30.000010239.6836   21.0562
    0.0000  -30.0000  -30.000010759.1943   21.1112
    7.5000  -30.0000  -30.000010401.5088   21.0835
   -7.5000  -22.5000  -30.000010978.8418   21.0294
    0.0000  -22.5000  -30.000011549.8867   21.0920
    7.5000  -22.5000  -30.000011170.1729   21.0746
   -7.5000  -15.0000  -30.000011598.0059   21.0447
    0.0000  -15.0000  -30.000012250.1709   21.1157
    7.5000  -15.0000  -30.000011841.8535   21.1062
   -7.5000   -7.5000  -30.000012230.8730   21.0919
    0.0000   -7.5000  -30.000012945.5068   21.1647
    7.5000   -7.5000  -30.000012508.1182   21.1523
   -7.5000    0.0000  -30.000012779.6367   21.1214
    0.0000    0.0000  -30.000013530.3096   21.1880
    7.5000    0.0000  -30.000013059.9443   21.1656
   -7.5000    7.5000  -30.000012345.0195   21.1009
    0.0000    7.5000  -30.000013060.0869   21.1582
    7.5000    7.5000  -30.000012580.5586   21.1285
   -7.5000   15.0000  -30.000011769.6367   21.0562
    0.0000   15.0000  -30.000012435.8525   21.1112
    7.5000   15.0000  -30.000012002.3457   21.0835
   -7.5000   22.5000  -30.000010961.6152   21.0244
    0.0000   22.5000  -30.000011547.8896   21.0870
    7.5000   22.5000  -30.000011165.9092   21.0695
   -7.5000   30.0000  -30.0000 9949.8936   20.7662
    0.0000   30.0000  -30.000010461.8613   20.8363
    7.5000   30.0000  -30.000010141.9824   20.8269
   -7.5000   37.5000  -30.0000 9378.5508   20.8129
    0.0000   37.5000  -30.0000 9819.9258   20.8846
    7.5000   37.5000  -30.0000 9550.5801   20.8724
   -7.5000   45.0000  -30.0000 8492.9102   20.3257
    0.0000   45.0000  -30.0000 8899.8086   20.3898
    7.5000   45.0000  -30.0000 8661.3682   20.3682
   -7.5000  -45.0000  -22.5000 9600.9678   21.9113
    0.0000  -45.0000  -22.500010101.1533   21.9743
    7.5000  -45.0000  -22.5000 9712.8213   21.9453
   -7.5000  -37.5000  -22.500010171.7832   21.9057
    0.0000  -37.5000  -22.500010688.8965   21.9564
    7.5000  -37.5000  -22.500010304.5703   21.9224
   -7.5000  -30.0000  -22.500011061.7812   21.8772
    0.0000  -30.0000  -22.500011648.2969   21.9242
    7.5000  -30.0000  -22.500011242.5156   21.8943
   -7.5000  -22.5000  -22.500011833.0156   21.8513
    0.0000  -22.5000  -22.500012484.7236   21.9082
    7.5000  -22.5000  -22.500012048.3047   21.8876
   -7.5000  -15.0000  -22.500012491.8037   21.8533
    0.0000  -15.0000  -22.500013248.6152   21.9216
    7.5000  -15.0000  -22.500012786.9102   21.9069
   -7.5000   -7.5000  -22.500013154.9590   21.8849
    0.0000   -7.5000  -22.500013978.1211   21.9555
    7.5000   -7.5000  -22.500013480.5918   21.9366
   -7.5000    0.0000  -22.500013701.7812   21.9113
    0.0000    0.0000  -22.500014568.7451   21.9743
    7.5000    0.0000  -22.500014053.2891   21.9453
   -7.5000    7.5000  -22.500013217.6836   21.9057
    0.0000    7.5000  -22.500014013.2041   21.9564
    7.5000    7.5000  -22.500013522.7285   21.9224
   -7.5000   15.0000  -22.500012561.8418   21.8772
    0.0000   15.0000  -22.500013299.4258   21.9242
    7.5000   15.0000  -22.500012856.5654   21.8943
   -7.5000   22.5000  -22.500011743.3994   21.8445
    0.0000   22.5000  -22.500012374.4824   21.9014
    7.5000   22.5000  -22.500011991.9150   21.8808
   -7.5000   30.0000  -22.500010648.0088   21.5675
    0.0000   30.0000  -22.500011228.9824   21.6348
    7.5000   30.0000  -22.500010894.9990   21.6203
   -7.5000   37.5000  -22.5000 9999.1963   21.5986
    0.0000   37.5000  -22.500010488.6660   21.6683
    7.5000   37.5000  -22.500010187.7783   21.6496
   -7.5000   45.0000  -22.5000 9041.0234   21.1016
    0.0000   45.0000  -22.5000 9483.6816   21.1623
    7.5000   45.0000  -22.5000 9220.4814   21.1344
   -7.5000  -45.0000  -15.000010286.2939   22.4494
    0.0000  -45.0000  -15.000010855.9355   22.5133
    7.5000  -45.0000  -15.000010448.8350   22.4730
   -7.5000  -37.5000  -15.000010868.8096   22.4488
    0.0000  -37.5000  -15.000011471.8457   22.5035
    7.5000  -37.5000  -15.000011065.6572   22.4586
   -7.5000  -30.0000  -15.000011805.7822   22.4368
    0.0000  -30.0000  -15.000012482.8076   22.4870
    7.5000  -30.0000  -15.000012071.8271   22.4441
   -7.5000  -22.5000  -15.000012605.5059   22.4235
    0.0000  -22.5000  -15.000013384.4590   22.4796
    7.5000  -22.5000  -15.000012925.4199   22.4427
   -7.5000  -15.0000  -15.000013287.2451   22.4228
    0.0000  -15.0000  -15.000014177.1328   22.4871
    7.5000  -15.0000  -15.000013691.1953   22.4552
   -7.5000   -7.5000  -15.000013998.8271   22.4367
    0.0000   -7.5000  -15.000014952.1182   22.5043
    7.5000   -7.5000  -15.000014461.4316   22.4709
   -7.5000    0.0000  -15.000014609.8965   22.4494
    0.0000    0.0000  -15.000015622.2578   22.5133
    7.5000    0.0000  -15.000015090.4629   22.4730
   -7.5000    7.5000  -15.000014095.7207   22.4488
    0.0000    7.5000  -15.000015022.9463   22.5035
    7.5000    7.5000  -15.000014525.1592   22.4586
   -7.5000   15.0000  -15.000013357.5957   22.4368
    0.0000   15.0000  -15.000014176.0371   22.4870
    7.5000   15.0000  -15.000013736.3018   22.4441
   -7.5000   22.5000  -15.000012453.9902   22.4156
    0.0000   22.5000  -15.000013166.3262   22.4717
    7.5000   22.5000  -15.000012790.4844   22.4348
   -7.5000   30.0000  -15.000011339.0098   22.1326
    0.0000   30.0000  -15.000011959.8057   22.1961
    7.5000   30.0000  -15.000011616.2393   22.1646
   -7.5000   37.5000  -15.000010648.3643   22.1464
    0.0000   37.5000  -15.000011193.4297   22.2130
    7.5000   37.5000  -15.000010882.9043   22.1801
   -7.5000   45.0000  -15.0000 9595.2754   21.6329
    0.0000   45.0000  -15.000010071.3799   21.6945
    7.5000   45.0000  -15.0000 9811.0400   21.6557
   -7.5000  -45.0000   -7.500010974.1309   22.6491
    0.0000  -45.0000   -7.500011598.7744   22.7220
    7.5000  -45.0000   -7.500011184.3965   22.6768
   -7.5000  -37.5000   -7.500011627.2969   22.6379
    0.0000  -37.5000   -7.500012303.7969   22.7075
    7.5000  -37.5000   -7.500011871.8213   22.6551
   -7.5000  -30.0000   -7.500012601.8320   22.6250
    0.0000  -30.0000   -7.500013405.6006   22.6905
    7.5000  -30.0000   -7.500012942.5615   22.6355
   -7.5000  -22.5000   -7.500013406.6357   22.6228
    0.0000  -22.5000   -7.500014352.9668   22.6881
    7.5000  -22.5000   -7.500013845.8457   22.6371
   -7.5000  -15.0000   -7.500014120.1104   22.6331
    0.0000  -15.0000   -7.500015126.6074   22.7008
    7.5000  -15.0000   -7.500014651.5029   22.6569
   -7.5000   -7.5000   -7.500014863.7178   22.6466
    0.0000   -7.5000   -7.500015938.0293   22.7177
    7.5000   -7.5000   -7.500015435.8857   22.6769
   -7.5000    0.0000   -7.500015572.5254   22.6491
    0.0000    0.0000   -7.500016661.3633   22.7220
    7.5000    0.0000   -7.500016162.2178   22.6768
   -7.5000    7.5000   -7.500015013.1045   22.6379
    0.0000    7.5000   -7.500016029.9443   22.7075
    7.5000    7.5000   -7.500015518.9473   22.6551
   -7.5000   15.0000   -7.500014194.2402   22.6250
    0.0000   15.0000   -7.500015099.5859   22.6905
    7.5000   15.0000   -7.500014659.8115   22.6355
   -7.5000   22.5000   -7.500013208.4258   22.6123
    0.0000   22.5000   -7.500014019.0205   22.6777
    7.5000   22.5000   -7.500013623.5879   22.6266
   -7.5000   30.0000   -7.500012012.5645   22.3396
    0.0000   30.0000   -7.500012755.2441   22.4064
    7.5000   30.0000   -7.500012419.0479   22.3630
   -7.5000   37.5000   -7.500011287.1191   22.3529
    0.0000   37.5000   -7.500011953.2686   22.4231
    7.5000   37.5000   -7.500011641.0537   22.3828
   -7.5000   45.0000   -7.500010180.4980   21.8295
    0.0000   45.0000   -7.500010749.6396   21.8997
    7.5000   45.0000   -7.500010463.1104   21.8562
   -7.5000  -45.0000    0.000011596.6406   22.6268
    0.0000  -45.0000    0.000012276.6396   22.7069
    7.5000  -45.0000    0.000011852.0342   22.6665
   -7.5000  -37.5000    0.000012283.8359   22.6023
    0.0000  -37.5000    0.000013026.5889   22.6816
    7.5000  -37.5000    0.000012580.2881   22.6306
   -7.5000  -30.0000    0.000013358.3408   22.5742
    0.0000  -30.0000    0.000014267.2754   22.6506
    7.5000  -30.0000    0.000013778.1172   22.5943
   -7.5000  -22.5000    0.000014194.3770   22.5707
    0.0000  -22.5000    0.000015322.7256   22.6452
    7.5000  -22.5000    0.000014856.5762   22.5941
   -7.5000  -15.0000    0.000014912.6260   22.5933
    0.0000  -15.0000    0.000016067.4316   22.6673
    7.5000  -15.0000    0.000015658.3789   22.6265
   -7.5000   -7.5000    0.000015724.0811   22.6213
    0.0000   -7.5000    0.000016850.6348   22.6981
    7.5000   -7.5000    0.000016405.3418   22.6625
   -7.5000    0.0000    0.000016465.1055   22.6268
    0.0000    0.0000    0.000017621.7148   22.7069
    7.5000    0.0000    0.000017134.5000   22.6665
   -7.5000    7.5000    0.000015886.5830   22.6023
    0.0000    7.5000    0.000016981.7402   22.6816
    7.5000    7.5000    0.000016514.7441   22.6306
   -7.5000   15.0000    0.000014988.1387   22.5742
    0.0000   15.0000    0.000016014.5674   22.6506
    7.5000   15.0000    0.000015591.2090   22.5943
   -7.5000   22.5000    0.000013950.6484   22.5603
    0.0000   22.5000    0.000014871.0410   22.6347
    7.5000   22.5000    0.000014423.2578   22.5837
   -7.5000   30.0000    0.000012702.7930   22.3009
    0.0000   30.0000    0.000013563.0645   22.3740
    7.5000   30.0000    0.000013152.9072   22.3337
   -7.5000   37.5000    0.000011918.7246   22.3286
    0.0000   37.5000    0.000012717.7002   22.4044
    7.5000   37.5000    0.000012317.9434   22.3692
   -7.5000   45.0000    0.000010722.8838   21.8096
    0.0000   45.0000    0.000011405.9814   21.8869
    7.5000   45.0000    0.000011052.3350   21.8479
   -7.5000  -45.0000    7.500011312.4688   22.6246
    0.0000  -45.0000    7.500011966.3633   22.7027
    7.5000  -45.0000    7.500011579.9990   22.6726
   -7.5000  -37.5000    7.500011970.1475   22.5945
    0.0000  -37.5000    7.500012701.0342   22.6685
    7.5000  -37.5000    7.500012283.7861   22.6279
   -7.5000  -30.0000    7.500013052.8770   22.5487
    0.0000  -30.0000    7.500014012.7949   22.6207
    7.5000  -30.0000    7.500013587.3164   22.5775
   -7.5000  -22.5000    7.500013959.9365   22.5322
    0.0000  -22.5000    7.500015293.9014   22.6062
    7.5000  -22.5000    7.500014950.9434   22.5715
   -7.5000  -15.0000    7.500014727.1807   22.5580
    0.0000  -15.0000    7.500015971.5059   22.6348
    7.5000  -15.0000    7.500015577.8994   22.6107
   -7.5000   -7.5000    7.500015527.5811   22.6047
    0.0000   -7.5000    7.500016539.5293   22.6835
    7.5000   -7.5000    7.500016105.6025   22.6614
   -7.5000    0.0000    7.500016257.5420   22.6246
    0.0000    0.0000    7.500017302.5449   22.7027
    7.5000    0.0000    7.500016800.6719   22.6726
   -7.5000    7.5000    7.500015671.8838   22.5945
    0.0000    7.5000    7.500016762.4824   22.6685
    7.5000    7.5000    7.500016257.0244   22.6279
   -7.5000   15.0000    7.500014762.5195   22.5487
    0.0000   15.0000    7.500015825.8496   22.6207
    7.5000   15.0000    7.500015280.4277   22.5775
   -7.5000   22.5000    7.500013694.4756   22.5218
    0.0000   22.5000    7.500014671.8838   22.5958
    7.5000   22.5000    7.500014100.2646   22.5611
   -7.5000   30.0000    7.500012438.5801   22.2660
    0.0000   30.0000    7.500013347.8154   22.3418
    7.5000   30.0000    7.500012828.8311   22.3180
   -7.5000   37.5000    7.500011640.1045   22.3121
    0.0000   37.5000    7.500012487.4746   22.3899
    7.5000   37.5000    7.500012030.8711   22.3681
   -7.5000   45.0000    7.500010455.6445   21.8076
    0.0000   45.0000    7.500011166.8350   21.8828
    7.5000   45.0000    7.500010775.6846   21.8538
   -7.5000  -45.0000   15.000010878.6875   22.6809
    0.0000  -45.0000   15.000011512.3213   22.7524
    7.5000  -45.0000   15.000011171.3027   22.7283
   -7.5000  -37.5000   15.000011548.9629   22.6589
    0.0000  -37.5000   15.000012171.7803   22.7204
    7.5000  -37.5000   15.000011830.7832   22.6885
   -7.5000  -30.0000   15.000012577.3174   22.6109
    0.0000  -30.0000   15.000013431.3633   22.6699
    7.5000  -30.0000   15.000013130.2549   22.6403
   -7.5000  -22.5000   15.000013544.2520   22.5821
    0.0000  -22.5000   15.000014822.4023   22.6494
    7.5000  -22.5000   15.000014416.3008   22.6306
   -7.5000  -15.0000   15.000014448.1738   22.5985
    0.0000  -15.0000   15.000015515.7383   22.6748
    7.5000  -15.0000   15.000014977.7559   22.6646
   -7.5000   -7.5000   15.000015223.1621   22.6493
    0.0000   -7.5000   15.000016193.5518   22.7274
    7.5000   -7.5000   15.000015521.4111   22.7141
   -7.5000    0.0000   15.000015857.2617   22.6809
    0.0000    0.0000   15.000016960.8438   22.7524
    7.5000    0.0000   15.000016169.1621   22.7283
   -7.5000    7.5000   15.000015230.0068   22.6589
    0.0000    7.5000   15.000016406.7793   22.7204
    7.5000    7.5000   15.000015628.6426   22.6885
   -7.5000   15.0000   15.000014287.3867   22.6109
    0.0000   15.0000   15.000015401.2227   22.6699
    7.5000   15.0000   15.000014657.6631   22.6403
   -7.5000   22.5000   15.000013203.6826   22.5717
    0.0000   22.5000   15.000014203.5049   22.6389
    7.5000   22.5000   15.000013540.3281   22.6202
   -7.5000   30.0000   15.000011977.0811   22.3060
    0.0000   30.0000   15.000012881.1934   22.3814
    7.5000   30.0000   15.000012306.5732   22.3713
   -7.5000   37.5000   15.000011232.4189   22.3562
    0.0000   37.5000   15.000012051.2100   22.4332
    7.5000   37.5000   15.000011531.4932   22.4202
   -7.5000   45.0000   15.000010054.3203   21.8618
    0.0000   45.0000   15.000010751.6523   21.9307
    7.5000   45.0000   15.000010321.4131   21.9075
   -7.5000  -45.0000   22.500010361.4541   22.7456
    0.0000  -45.0000   22.500010898.8623   22.8110
    7.5000  -45.0000   22.500010613.1143   22.7810
   -7.5000  -37.5000   22.500011010.1201   22.7398
    0.0000  -37.5000   22.500011556.8633   22.7925
    7.5000  -37.5000   22.500011219.7266   22.7572
   -7.5000  -30.0000   22.500012002.2266   22.7102
    0.0000  -30.0000   22.500012777.1738   22.7591
    7.5000  -30.0000   22.500012407.8945   22.7280
   -7.5000  -22.5000   22.500012963.1270   22.6834
    0.0000  -22.5000   22.500013981.4258   22.7425
    7.5000  -22.5000   22.500013412.9717   22.7210
   -7.5000  -15.0000   22.500013824.5146   22.6855
    0.0000  -15.0000   22.500014825.3975   22.7563
    7.5000  -15.0000   22.500014066.0156   22.7411
   -7.5000   -7.5000   22.500014564.7812   22.7183
    0.0000   -7.5000   22.500015690.1416   22.7915
    7.5000   -7.5000   22.500014823.0303   22.7719
   -7.5000    0.0000   22.500015186.7988   22.7456
    0.0000    0.0000   22.500016417.8477   22.8110
    7.5000    0.0000   22.500015527.4385   22.7810
   -7.5000    7.5000   22.500014565.1641   22.7398
    0.0000    7.5000   22.500015770.3652   22.7925
    7.5000    7.5000   22.500014957.1094   22.7572
   -7.5000   15.0000   22.500013614.9336   22.7102
    0.0000   15.0000   22.500014661.4219   22.7591
    7.5000   15.0000   22.500013951.3916   22.7280
   -7.5000   22.5000   22.500012537.4062   22.6729
    0.0000   22.5000   22.500013462.9297   22.7320
    7.5000   22.5000   22.500012869.3594   22.7106
   -7.5000   30.0000   22.500011408.9385   22.3919
    0.0000   30.0000   22.500012208.9912   22.4618
    7.5000   30.0000   22.500011706.4434   22.4468
   -7.5000   37.5000   22.500010724.3506   22.4242
    0.0000   37.5000   22.500011408.2285   22.4966
    7.5000   37.5000   22.500010965.0723   22.4772
   -7.5000   45.0000   22.5000 9627.2402   21.9242
    0.0000   45.0000   22.500010185.8350   21.9872
    7.5000   45.0000   22.5000 9813.3711   21.9582
   -7.5000  -45.0000   30.0000 9701.3818   22.7575
    0.0000  -45.0000   30.000010208.8672   22.8223
    7.5000  -45.0000   30.0000 9891.7324   22.7815
   -7.5000  -37.5000   30.000010316.1523   22.7569
    0.0000  -37.5000   30.000010832.5742   22.8124
    7.5000  -37.5000   30.000010508.0342   22.7669
   -7.5000  -30.0000   30.000011248.0088   22.7447
    0.0000  -30.0000   30.000011902.9658   22.7956
    7.5000  -30.0000   30.000011550.2061   22.7522
   -7.5000  -22.5000   30.000012140.3203   22.7313
    0.0000  -22.5000   30.000012855.6211   22.7882
    7.5000  -22.5000   30.000012369.2139   22.7508
   -7.5000  -15.0000   30.000012875.3613   22.7306
    0.0000  -15.0000   30.000013567.3242   22.7958
    7.5000  -15.0000   30.000013011.4395   22.7634
   -7.5000   -7.5000   30.000013552.4473   22.7447
    0.0000   -7.5000   30.000014323.8799   22.8132
    7.5000   -7.5000   30.000013761.7061   22.7794
   -7.5000    0.0000   30.000014198.8760   22.7575
    0.0000    0.0000   30.000015055.2178   22.8223
    7.5000    0.0000   30.000014451.1074   22.7815
   -7.5000    7.5000   30.000013675.5088   22.7569
    0.0000    7.5000   30.000014529.5742   22.8124
    7.5000    7.5000   30.000013969.5928   22.7669
   -7.5000   15.0000   30.000012837.5498   22.7447
    0.0000   15.0000   30.000013599.4453   22.7956
    7.5000   15.0000   30.000013091.4072   22.7522
   -7.5000   22.5000   30.000011814.6934   22.7208
    0.0000   22.5000   30.000012533.7812   22.7777
    7.5000   22.5000   30.000012068.3682   22.7403
   -7.5000   30.0000   30.000010733.3359   22.4364
    0.0000   30.0000   30.000011382.4072   22.5008
    7.5000   30.0000   30.000010986.3350   22.4688
   -7.5000   37.5000   30.000010079.5000   22.4503
    0.0000   37.5000   30.000010622.7881   22.5179
    7.5000   37.5000   30.000010236.8730   22.4845
   -7.5000   45.0000   30.0000 9004.8721   21.9356
    0.0000   45.0000   30.0000 9469.5811   21.9981
    7.5000   45.0000   30.0000 9143.1924   21.9587
   -7.5000  -45.0000   37.5000 9337.1504   22.7626
    0.0000  -45.0000   37.5000 9781.9141   22.8363
    7.5000  -45.0000   37.5000 9515.0234   22.7910
   -7.5000  -37.5000   37.5000 9874.0518   22.7513
    0.0000  -37.5000   37.500010366.9053   22.8216
    7.5000  -37.5000   37.500010083.5625   22.7690
   -7.5000  -30.0000   37.500010762.2412   22.7382
    0.0000  -30.0000   37.500011324.3271   22.8045
    7.5000  -30.0000   37.500011000.8340   22.7492
   -7.5000  -22.5000   37.500011601.2979   22.7358
    0.0000  -22.5000   37.500012161.3350   22.8021
    7.5000  -22.5000   37.500011732.7383   22.7509
   -7.5000  -15.0000   37.500012287.4648   22.7463
    0.0000  -15.0000   37.500012843.1025   22.8149
    7.5000  -15.0000   37.500012379.1826   22.7709
   -7.5000   -7.5000   37.500012921.6006   22.7599
    0.0000   -7.5000   37.500013544.0625   22.8319
    7.5000   -7.5000   37.500013076.7822   22.7911
   -7.5000    0.0000   37.500013543.7422   22.7626
    0.0000    0.0000   37.500014176.2734   22.8363
    7.5000    0.0000   37.500013681.3838   22.7910
   -7.5000    7.5000   37.500013136.3408   22.7513
    0.0000    7.5000   37.500013768.3447   22.8216
    7.5000    7.5000   37.500013278.6973   22.7690
   -7.5000   15.0000   37.500012368.3574   22.7382
    0.0000   15.0000   37.500012985.1592   22.8045
    7.5000   15.0000   37.500012514.5850   22.7492
   -7.5000   22.5000   37.500011397.3770   22.7253
    0.0000   22.5000   37.500011992.7637   22.7915
    7.5000   22.5000   37.500011549.1777   22.7404
   -7.5000   30.0000   37.500010398.9834   22.4519
    0.0000   30.0000   37.500010913.6182   22.5196
    7.5000   30.0000   37.500010503.7393   22.4762
   -7.5000   37.5000   37.5000 9731.5596   22.4653
    0.0000   37.5000   37.500010190.7412   22.5364
    7.5000   37.5000   37.5000 9827.7334   22.4962
   -7.5000   45.0000   37.5000 8672.7549   21.9405
    0.0000   45.0000   37.5000 9054.4727   22.0116
    7.5000   45.0000   37.5000 8766.4326   21.9679
   -7.5000  -45.0000   45.0000 8552.5166   22.9606
    0.0000  -45.0000   45.0000 8956.2793   23.0433
    7.5000  -45.0000   45.0000 8715.6240   23.0013
   -7.5000  -37.5000   45.0000 9050.7979   22.9350
    0.0000  -37.5000   45.0000 9464.0557   23.0167
    7.5000  -37.5000   45.0000 9224.0957   22.9638
   -7.5000  -30.0000   45.0000 9857.2490   22.9071
    0.0000  -30.0000   45.000010303.4961   22.9858
    7.5000  -30.0000   45.000010020.5156   22.9272
   -7.5000  -22.5000   45.000010606.0176   22.9050
    0.0000  -22.5000   45.000011072.7295   22.9817
    7.5000  -22.5000   45.000010732.9033   22.9286
   -7.5000  -15.0000   45.000011225.0293   22.9287
    0.0000  -15.0000   45.000011710.8877   23.0051
    7.5000  -15.0000   45.000011335.6240   22.9627
   -7.5000   -7.5000   45.000011793.2148   22.9564
    0.0000   -7.5000   45.000012326.8789   23.0357
    7.5000   -7.5000   45.000011935.6641   22.9988
   -7.5000    0.0000   45.000012350.5498   22.9606
    0.0000    0.0000   45.000012895.4043   23.0433
    7.5000    0.0000   45.000012481.2051   23.0013
   -7.5000    7.5000   45.000011994.0332   22.9350
    0.0000    7.5000   45.000012522.9189   23.0167
    7.5000    7.5000   45.000012120.7246   22.9638
   -7.5000   15.0000   45.000011321.3057   22.9071
    0.0000   15.0000   45.000011852.5039   22.9858
    7.5000   15.0000   45.000011472.4697   22.9272
   -7.5000   22.5000   45.000010444.9209   22.8944
    0.0000   22.5000   45.000010932.3262   22.9711
    7.5000   22.5000   45.000010560.5166   22.9179
   -7.5000   30.0000   45.0000 9523.8311   22.6300
    0.0000   30.0000   45.0000 9963.1348   22.7054
    7.5000   30.0000   45.0000 9638.2520   22.6635
   -7.5000   37.5000   45.0000 8901.2646   22.6574
    0.0000   37.5000   45.0000 9326.4355   22.7355
    7.5000   37.5000   45.0000 9024.8057   22.6991
   -7.5000   45.0000   45.0000 7945.8105   22.1414
    0.0000   45.0000   45.0000 8302.4131   22.2211
    7.5000   45.0000   45.0000 8046.3540   22.1806

---------------------------------------------------------------------
imgreg_4dfp /opt/freesurfer/average/711-2C_as_mni_average_305 /opt/freesurfer/average/711-2B_as_mni_average_305_mask talsrcimg_g11 none talsrcimg_to_711-2C_as_mni_average_305_t4 4355
---------------------------------------------------------------------

freesurfer imgreg_4dfp.c
/opt/freesurfer/average/711-2C_as_mni_average_305.4dfp.img
       256       256       256         1
  1.000000  1.000000  1.000000
orientation T byte_order littleendian
Reading image: /opt/freesurfer/average/711-2C_as_mni_average_305.4dfp.img
dimensions:      256       256       256
mmppix:       1.0000   -1.0000   -1.0000
center:     128.0000 -129.0000 -129.0000
/opt/freesurfer/average/711-2B_as_mni_average_305_mask.4dfp.img
       256       256       256         1
  1.000000  1.000000  1.000000
orientation T byte_order littleendian
Reading mask: /opt/freesurfer/average/711-2B_as_mni_average_305_mask.4dfp.img (2306576 pixels)
talsrcimg_g11.4dfp.img
       256       256       256         1
  1.000000  1.000000  1.000000
orientation T byte_order littleendian
Reading image: talsrcimg_g11.4dfp.img
dimensions:      256       256       256
mmppix:       1.0000   -1.0000   -1.0000
center:     128.0000 -129.0000 -129.0000
rotation matrix determinant  1.000000
image alignment mode   4355 decimal     1103 hex
   -7.5000  -45.0000  -45.0000 2099.6521   23.7917
    0.0000  -45.0000  -45.0000 2115.0352   23.5364
    7.5000  -45.0000  -45.0000 2109.0999   23.6562
   -7.5000  -37.5000  -45.0000 2177.5901   22.0675
    0.0000  -37.5000  -45.0000 2190.7607   21.8115
    7.5000  -37.5000  -45.0000 2184.4082   21.9045
   -7.5000  -30.0000  -45.0000 2222.0723   20.7822
    0.0000  -30.0000  -45.0000 2237.2112   20.6031
    7.5000  -30.0000  -45.0000 2241.5283   20.6573
   -7.5000  -22.5000  -45.0000 2250.9487   19.9840
    0.0000  -22.5000  -45.0000 2267.3259   19.7873
    7.5000  -22.5000  -45.0000 2271.7104   19.8621
   -7.5000  -15.0000  -45.0000 2258.6255   19.7175
    0.0000  -15.0000  -45.0000 2277.1584   19.4491
    7.5000  -15.0000  -45.0000 2279.6687   19.4873
   -7.5000   -7.5000  -45.0000 2257.3738   19.7605
    0.0000   -7.5000  -45.0000 2278.4343   19.5436
    7.5000   -7.5000  -45.0000 2277.8049   19.5959
   -7.5000    0.0000  -45.0000 2234.9995   20.3056
    0.0000    0.0000  -45.0000 2258.2402   20.0674
    7.5000    0.0000  -45.0000 2259.0967   20.1294
   -7.5000    7.5000  -45.0000 2193.8486   21.1501
    0.0000    7.5000  -45.0000 2214.7764   20.9133
    7.5000    7.5000  -45.0000 2217.7441   20.9440
   -7.5000   15.0000  -45.0000 2137.9297   22.4031
    0.0000   15.0000  -45.0000 2159.8594   22.1279
    7.5000   15.0000  -45.0000 2160.3606   22.1580
   -7.5000   22.5000  -45.0000 2059.1936   24.1682
    0.0000   22.5000  -45.0000 2083.0469   23.8481
    7.5000   22.5000  -45.0000 2082.6296   23.8360
   -7.5000   30.0000  -45.0000 1957.2513   26.5434
    0.0000   30.0000  -45.0000 1983.8322   26.1156
    7.5000   30.0000  -45.0000 1980.8573   26.2108
   -7.5000   37.5000  -45.0000 1855.1526   29.6532
    0.0000   37.5000  -45.0000 1876.7915   29.1939
    7.5000   37.5000  -45.0000 1875.8921   29.2099
   -7.5000   45.0000  -45.0000 1728.5873   33.7313
    0.0000   45.0000  -45.0000 1743.0594   33.1233
    7.5000   45.0000  -45.0000 1742.6802   33.1673
   -7.5000  -45.0000  -37.5000 2193.8689   22.0244
    0.0000  -45.0000  -37.5000 2207.0088   21.8212
    7.5000  -45.0000  -37.5000 2204.8125   21.9171
   -7.5000  -37.5000  -37.5000 2278.5166   20.4025
    0.0000  -37.5000  -37.5000 2293.3999   20.2151
    7.5000  -37.5000  -37.5000 2289.6050   20.2830
   -7.5000  -30.0000  -37.5000 2321.3376   19.2342
    0.0000  -30.0000  -37.5000 2344.1296   19.0378
    7.5000  -30.0000  -37.5000 2339.2263   19.1226
   -7.5000  -22.5000  -37.5000 2345.6909   18.4829
    0.0000  -22.5000  -37.5000 2373.3838   18.3126
    7.5000  -22.5000  -37.5000 2370.5940   18.3870
   -7.5000  -15.0000  -37.5000 2359.1814   18.1543
    0.0000  -15.0000  -37.5000 2385.4133   17.9649
    7.5000  -15.0000  -37.5000 2383.6816   17.9863
   -7.5000   -7.5000  -37.5000 2355.8875   18.1508
    0.0000   -7.5000  -37.5000 2388.1523   17.9649
    7.5000   -7.5000  -37.5000 2385.5996   18.0009
   -7.5000    0.0000  -37.5000 2336.0251   18.5497
    0.0000    0.0000  -37.5000 2364.5232   18.3611
    7.5000    0.0000  -37.5000 2368.3616   18.3839
   -7.5000    7.5000  -37.5000 2297.6313   19.3528
    0.0000    7.5000  -37.5000 2324.6672   19.0895
    7.5000    7.5000  -37.5000 2330.0125   19.1294
   -7.5000   15.0000  -37.5000 2234.6145   20.5168
    0.0000   15.0000  -37.5000 2261.5876   20.2919
    7.5000   15.0000  -37.5000 2263.0535   20.2951
   -7.5000   22.5000  -37.5000 2151.4568   22.1584
    0.0000   22.5000  -37.5000 2179.2793   21.8674
    7.5000   22.5000  -37.5000 2180.6892   21.8767
   -7.5000   30.0000  -37.5000 2045.3936   24.2510
    0.0000   30.0000  -37.5000 2074.8926   23.9681
    7.5000   30.0000  -37.5000 2070.6565   24.0445
   -7.5000   37.5000  -37.5000 1932.8523   27.0700
    0.0000   37.5000  -37.5000 1960.8448   26.7796
    7.5000   37.5000  -37.5000 1960.0780   26.8107
   -7.5000   45.0000  -37.5000 1800.3558   30.8165
    0.0000   45.0000  -37.5000 1828.2385   30.3991
    7.5000   45.0000  -37.5000 1828.0309   30.4065
   -7.5000  -45.0000  -30.0000 2320.8462   21.3012
    0.0000  -45.0000  -30.0000 2341.7197   21.1008
    7.5000  -45.0000  -30.0000 2337.7976   21.1351
   -7.5000  -37.5000  -30.0000 2408.3928   19.6351
    0.0000  -37.5000  -30.0000 2432.2483   19.4536
    7.5000  -37.5000  -30.0000 2427.6890   19.4987
   -7.5000  -30.0000  -30.0000 2458.3479   18.4783
    0.0000  -30.0000  -30.0000 2485.3914   18.3216
    7.5000  -30.0000  -30.0000 2481.1416   18.3860
   -7.5000  -22.5000  -30.0000 2491.5671   17.7038
    0.0000  -22.5000  -30.0000 2521.1987   17.5890
    7.5000  -22.5000  -30.0000 2518.1428   17.6671
   -7.5000  -15.0000  -30.0000 2509.4099   17.3342
    0.0000  -15.0000  -30.0000 2537.8735   17.2118
    7.5000  -15.0000  -30.0000 2536.8889   17.2684
   -7.5000   -7.5000  -30.0000 2505.3950   17.3422
    0.0000   -7.5000  -30.0000 2541.2803   17.1949
    7.5000   -7.5000  -30.0000 2541.6768   17.2751
   -7.5000    0.0000  -30.0000 2488.1072   17.7311
    0.0000    0.0000  -30.0000 2520.7610   17.5321
    7.5000    0.0000  -30.0000 2520.1697   17.5811
   -7.5000    7.5000  -30.0000 2447.1592   18.4638
    0.0000    7.5000  -30.0000 2479.5212   18.2398
    7.5000    7.5000  -30.0000 2477.8748   18.2694
   -7.5000   15.0000  -30.0000 2376.1768   19.5762
    0.0000   15.0000  -30.0000 2407.6226   19.3477
    7.5000   15.0000  -30.0000 2409.9932   19.3952
   -7.5000   22.5000  -30.0000 2283.9927   21.0834
    0.0000   22.5000  -30.0000 2316.3083   20.8095
    7.5000   22.5000  -30.0000 2321.9033   20.9231
   -7.5000   30.0000  -30.0000 2167.2212   23.0224
    0.0000   30.0000  -30.0000 2201.3948   22.7787
    7.5000   30.0000  -30.0000 2205.0015   22.8860
   -7.5000   37.5000  -30.0000 2044.4800   25.7723
    0.0000   37.5000  -30.0000 2070.9617   25.4276
    7.5000   37.5000  -30.0000 2076.2573   25.5382
   -7.5000   45.0000  -30.0000 1906.2941   29.3040
    0.0000   45.0000  -30.0000 1936.6376   28.8527
    7.5000   45.0000  -30.0000 1943.1368   29.0101
   -7.5000  -45.0000  -22.5000 2418.5107   20.4877
    0.0000  -45.0000  -22.5000 2445.1321   20.3379
    7.5000  -45.0000  -22.5000 2436.6360   20.3370
   -7.5000  -37.5000  -22.5000 2505.2344   18.7988
    0.0000  -37.5000  -22.5000 2532.3203   18.6487
    7.5000  -37.5000  -22.5000 2527.9480   18.6437
   -7.5000  -30.0000  -22.5000 2569.8210   17.6312
    0.0000  -30.0000  -22.5000 2596.7664   17.4462
    7.5000  -30.0000  -22.5000 2598.0212   17.4533
   -7.5000  -22.5000  -22.5000 2612.2295   16.8483
    0.0000  -22.5000  -22.5000 2638.7524   16.7167
    7.5000  -22.5000  -22.5000 2636.1614   16.7242
   -7.5000  -15.0000  -22.5000 2638.8250   16.3956
    0.0000  -15.0000  -22.5000 2669.5215   16.2992
    7.5000  -15.0000  -22.5000 2666.8777   16.3331
   -7.5000   -7.5000  -22.5000 2635.9016   16.4188
    0.0000   -7.5000  -22.5000 2673.7791   16.3045
    7.5000   -7.5000  -22.5000 2672.7539   16.3864
   -7.5000    0.0000  -22.5000 2613.9719   16.8059
    0.0000    0.0000  -22.5000 2650.8633   16.6244
    7.5000    0.0000  -22.5000 2649.4216   16.6991
   -7.5000    7.5000  -22.5000 2568.5916   17.4970
    0.0000    7.5000  -22.5000 2605.6262   17.2918
    7.5000    7.5000  -22.5000 2605.0540   17.3439
   -7.5000   15.0000  -22.5000 2497.5432   18.5638
    0.0000   15.0000  -22.5000 2532.0916   18.3159
    7.5000   15.0000  -22.5000 2534.7427   18.3616
   -7.5000   22.5000  -22.5000 2398.3203   19.9828
    0.0000   22.5000  -22.5000 2433.7085   19.6863
    7.5000   22.5000  -22.5000 2437.4712   19.7968
   -7.5000   30.0000  -22.5000 2272.3955   21.8663
    0.0000   30.0000  -22.5000 2310.7864   21.6022
    7.5000   30.0000  -22.5000 2316.0125   21.6707
   -7.5000   37.5000  -22.5000 2137.9658   24.3888
    0.0000   37.5000  -22.5000 2167.6106   24.0692
    7.5000   37.5000  -22.5000 2172.3521   24.1342
   -7.5000   45.0000  -22.5000 1991.3431   27.6293
    0.0000   45.0000  -22.5000 2026.7351   27.3098
    7.5000   45.0000  -22.5000 2029.6942   27.3509
   -7.5000  -45.0000  -15.0000 2470.9854   19.6592
    0.0000  -45.0000  -15.0000 2498.0173   19.5153
    7.5000  -45.0000  -15.0000 2493.8433   19.4805
   -7.5000  -37.5000  -15.0000 2557.9207   17.9634
    0.0000  -37.5000  -15.0000 2590.9109   17.8385
    7.5000  -37.5000  -15.0000 2591.2747   17.8270
   -7.5000  -30.0000  -15.0000 2634.3157   16.7222
    0.0000  -30.0000  -15.0000 2664.3293   16.5776
    7.5000  -30.0000  -15.0000 2671.4028   16.5835
   -7.5000  -22.5000  -15.0000 2689.6609   15.9179
    0.0000  -22.5000  -15.0000 2716.2622   15.7637
    7.5000  -22.5000  -15.0000 2721.5439   15.7874
   -7.5000  -15.0000  -15.0000 2720.3440   15.4169
    0.0000  -15.0000  -15.0000 2754.7126   15.3062
    7.5000  -15.0000  -15.0000 2757.6799   15.3706
   -7.5000   -7.5000  -15.0000 2729.7761   15.4676
    0.0000   -7.5000  -15.0000 2769.8284   15.3287
    7.5000   -7.5000  -15.0000 2773.7107   15.3967
   -7.5000    0.0000  -15.0000 2712.5251   15.8348
    0.0000    0.0000  -15.0000 2755.7554   15.6872
    7.5000    0.0000  -15.0000 2757.8967   15.7428
   -7.5000    7.5000  -15.0000 2664.0071   16.5467
    0.0000    7.5000  -15.0000 2703.7219   16.3056
    7.5000    7.5000  -15.0000 2706.6501   16.3714
   -7.5000   15.0000  -15.0000 2587.8906   17.6288
    0.0000   15.0000  -15.0000 2620.6458   17.2576
    7.5000   15.0000  -15.0000 2629.5344   17.3381
   -7.5000   22.5000  -15.0000 2483.6899   18.9634
    0.0000   22.5000  -15.0000 2516.2056   18.6292
    7.5000   22.5000  -15.0000 2523.9895   18.6779
   -7.5000   30.0000  -15.0000 2350.3372   20.8043
    0.0000   30.0000  -15.0000 2387.3718   20.4858
    7.5000   30.0000  -15.0000 2394.9329   20.4777
   -7.5000   37.5000  -15.0000 2208.1946   23.1647
    0.0000   37.5000  -15.0000 2238.0522   22.8471
    7.5000   37.5000  -15.0000 2246.2090   22.8521
   -7.5000   45.0000  -15.0000 2050.5220   26.2390
    0.0000   45.0000  -15.0000 2078.1421   25.8683
    7.5000   45.0000  -15.0000 2087.5798   25.8881
   -7.5000  -45.0000   -7.5000 2498.9045   18.8290
    0.0000  -45.0000   -7.5000 2524.2646   18.6670
    7.5000  -45.0000   -7.5000 2523.5361   18.6361
   -7.5000  -37.5000   -7.5000 2596.1909   17.1840
    0.0000  -37.5000   -7.5000 2624.3201   17.0435
    7.5000  -37.5000   -7.5000 2629.1807   17.0210
   -7.5000  -30.0000   -7.5000 2678.8657   15.9206
    0.0000  -30.0000   -7.5000 2713.7500   15.7937
    7.5000  -30.0000   -7.5000 2717.7354   15.7956
   -7.5000  -22.5000   -7.5000 2742.0056   15.0557
    0.0000  -22.5000   -7.5000 2781.0737   14.9360
    7.5000  -22.5000   -7.5000 2786.8945   14.9153
   -7.5000  -15.0000   -7.5000 2783.8452   14.5592
    0.0000  -15.0000   -7.5000 2829.7578   14.3810
    7.5000  -15.0000   -7.5000 2832.7644   14.4414
   -7.5000   -7.5000   -7.5000 2807.5349   14.5704
    0.0000   -7.5000   -7.5000 2851.1318   14.3600
    7.5000   -7.5000   -7.5000 2856.1082   14.4410
   -7.5000    0.0000   -7.5000 2787.6760   14.9564
    0.0000    0.0000   -7.5000 2833.3315   14.7511
    7.5000    0.0000   -7.5000 2840.9905   14.8009
   -7.5000    7.5000   -7.5000 2738.8357   15.6779
    0.0000    7.5000   -7.5000 2774.4438   15.3710
    7.5000    7.5000   -7.5000 2782.3577   15.4056
   -7.5000   15.0000   -7.5000 2656.1484   16.6809
    0.0000   15.0000   -7.5000 2688.0654   16.3100
    7.5000   15.0000   -7.5000 2695.6116   16.3268
   -7.5000   22.5000   -7.5000 2545.9329   18.0197
    0.0000   22.5000   -7.5000 2578.3125   17.6501
    7.5000   22.5000   -7.5000 2589.3733   17.6690
   -7.5000   30.0000   -7.5000 2410.6887   19.8054
    0.0000   30.0000   -7.5000 2446.8960   19.4351
    7.5000   30.0000   -7.5000 2458.1226   19.4635
   -7.5000   37.5000   -7.5000 2258.0801   22.1201
    0.0000   37.5000   -7.5000 2291.4824   21.7251
    7.5000   37.5000   -7.5000 2299.1682   21.7345
   -7.5000   45.0000   -7.5000 2093.6128   25.0245
    0.0000   45.0000   -7.5000 2121.7749   24.5599
    7.5000   45.0000   -7.5000 2125.8401   24.6051
   -7.5000  -45.0000    0.0000 2506.3379   18.3237
    0.0000  -45.0000    0.0000 2538.7283   18.0958
    7.5000  -45.0000    0.0000 2536.4919   18.0811
   -7.5000  -37.5000    0.0000 2610.0347   16.6766
    0.0000  -37.5000    0.0000 2644.9951   16.4909
    7.5000  -37.5000    0.0000 2648.8770   16.4596
   -7.5000  -30.0000    0.0000 2707.9468   15.4433
    0.0000  -30.0000    0.0000 2746.6357   15.2643
    7.5000  -30.0000    0.0000 2754.8320   15.2542
   -7.5000  -22.5000    0.0000 2781.2964   14.5072
    0.0000  -22.5000    0.0000 2828.5962   14.3652
    7.5000  -22.5000    0.0000 2841.8306   14.3781
   -7.5000  -15.0000    0.0000 2827.9265   13.9740
    0.0000  -15.0000    0.0000 2883.3760   13.7223
    7.5000  -15.0000    0.0000 2895.0667   13.8072
   -7.5000   -7.5000    0.0000 2855.6128   13.9225
    0.0000   -7.5000    0.0000 2905.6331   13.6227
    7.5000   -7.5000    0.0000 2914.6438   13.7428
   -7.5000    0.0000    0.0000 2835.6841   14.3423
    0.0000    0.0000    0.0000 2878.6416   14.0142
    7.5000    0.0000    0.0000 2894.4587   14.0742
   -7.5000    7.5000    0.0000 2788.2351   15.0548
    0.0000    7.5000    0.0000 2824.4834   14.6927
    7.5000    7.5000    0.0000 2838.2573   14.7191
   -7.5000   15.0000    0.0000 2704.7051   16.0466
    0.0000   15.0000    0.0000 2736.5093   15.6190
    7.5000   15.0000    0.0000 2753.7969   15.6664
   -7.5000   22.5000    0.0000 2591.3618   17.3560
    0.0000   22.5000    0.0000 2621.2546   16.9216
    7.5000   22.5000    0.0000 2629.2209   16.9802
   -7.5000   30.0000    0.0000 2451.0815   19.1360
    0.0000   30.0000    0.0000 2486.6074   18.6672
    7.5000   30.0000    0.0000 2486.6404   18.7517
   -7.5000   37.5000    0.0000 2290.4150   21.3631
    0.0000   37.5000    0.0000 2327.1392   20.8865
    7.5000   37.5000    0.0000 2326.3335   20.9662
   -7.5000   45.0000    0.0000 2118.5813   24.1657
    0.0000   45.0000    0.0000 2154.1680   23.6846
    7.5000   45.0000    0.0000 2157.8728   23.7262
   -7.5000  -45.0000    7.5000 2504.8821   18.2162
    0.0000  -45.0000    7.5000 2529.2397   17.8417
    7.5000  -45.0000    7.5000 2534.5117   17.8430
   -7.5000  -37.5000    7.5000 2611.4990   16.5146
    0.0000  -37.5000    7.5000 2642.1648   16.2277
    7.5000  -37.5000    7.5000 2653.8494   16.2243
   -7.5000  -30.0000    7.5000 2714.4272   15.2472
    0.0000  -30.0000    7.5000 2749.1536   14.9809
    7.5000  -30.0000    7.5000 2763.3660   14.9709
   -7.5000  -22.5000    7.5000 2801.1560   14.3085
    0.0000  -22.5000    7.5000 2852.1951   14.1531
    7.5000  -22.5000    7.5000 2868.0566   14.1491
   -7.5000  -15.0000    7.5000 2849.0073   13.7066
    0.0000  -15.0000    7.5000 2905.2368   13.4412
    7.5000  -15.0000    7.5000 2930.1155   13.5635
   -7.5000   -7.5000    7.5000 2885.1392   13.5966
    0.0000   -7.5000    7.5000 2926.1926   13.2132
    7.5000   -7.5000    7.5000 2950.6572   13.3644
   -7.5000    0.0000    7.5000 2858.8828   14.0699
    0.0000    0.0000    7.5000 2902.5095   13.6320
    7.5000    0.0000    7.5000 2920.6565   13.6761
   -7.5000    7.5000    7.5000 2808.9614   14.7647
    0.0000    7.5000    7.5000 2851.7087   14.3483
    7.5000    7.5000    7.5000 2868.1523   14.3487
   -7.5000   15.0000    7.5000 2727.4143   15.7213
    0.0000   15.0000    7.5000 2763.9624   15.3065
    7.5000   15.0000    7.5000 2772.8955   15.3106
   -7.5000   22.5000    7.5000 2612.7905   17.0203
    0.0000   22.5000    7.5000 2650.0771   16.6173
    7.5000   22.5000    7.5000 2653.5906   16.6237
   -7.5000   30.0000    7.5000 2467.5681   18.7364
    0.0000   30.0000    7.5000 2512.3862   18.3434
    7.5000   30.0000    7.5000 2516.0034   18.3663
   -7.5000   37.5000    7.5000 2307.2866   20.9363
    0.0000   37.5000    7.5000 2348.6970   20.5434
    7.5000   37.5000    7.5000 2355.9912   20.5714
   -7.5000   45.0000    7.5000 2133.6431   23.7755
    0.0000   45.0000    7.5000 2170.8606   23.3103
    7.5000   45.0000    7.5000 2181.2654   23.3741
   -7.5000  -45.0000   15.0000 2482.1245   18.4379
    0.0000  -45.0000   15.0000 2504.8386   17.9148
    7.5000  -45.0000   15.0000 2512.8882   17.9433
   -7.5000  -37.5000   15.0000 2592.4209   16.7192
    0.0000  -37.5000   15.0000 2617.9370   16.3015
    7.5000  -37.5000   15.0000 2633.7671   16.3252
   -7.5000  -30.0000   15.0000 2699.8396   15.4104
    0.0000  -30.0000   15.0000 2724.4958   15.0211
    7.5000  -30.0000   15.0000 2745.7881   15.0578
   -7.5000  -22.5000   15.0000 2796.1582   14.4903
    0.0000  -22.5000   15.0000 2829.9128   14.2293
    7.5000  -22.5000   15.0000 2858.3330   14.2381
   -7.5000  -15.0000   15.0000 2852.2356   13.9307
    0.0000  -15.0000   15.0000 2902.6675   13.6426
    7.5000  -15.0000   15.0000 2925.2693   13.5983
   -7.5000   -7.5000   15.0000 2886.4014   13.7464
    0.0000   -7.5000   15.0000 2934.6604   13.3055
    7.5000   -7.5000   15.0000 2934.0005   13.2196
   -7.5000    0.0000   15.0000 2854.5681   14.0350
    0.0000    0.0000   15.0000 2912.6311   13.6066
    7.5000    0.0000   15.0000 2908.0654   13.5356
   -7.5000    7.5000   15.0000 2801.2476   14.6760
    0.0000    7.5000   15.0000 2859.0098   14.3359
    7.5000    7.5000   15.0000 2860.7900   14.2508
   -7.5000   15.0000   15.0000 2721.6086   15.6688
    0.0000   15.0000   15.0000 2762.5176   15.3816
    7.5000   15.0000   15.0000 2761.2114   15.2955
   -7.5000   22.5000   15.0000 2608.0776   16.9831
    0.0000   22.5000   15.0000 2646.7969   16.7016
    7.5000   22.5000   15.0000 2650.9702   16.6372
   -7.5000   30.0000   15.0000 2460.5967   18.6968
    0.0000   30.0000   15.0000 2512.6836   18.3933
    7.5000   30.0000   15.0000 2518.9836   18.3890
   -7.5000   37.5000   15.0000 2308.8025   20.8871
    0.0000   37.5000   15.0000 2352.3030   20.5784
    7.5000   37.5000   15.0000 2357.5076   20.5945
   -7.5000   45.0000   15.0000 2132.0068   23.6086
    0.0000   45.0000   15.0000 2171.6951   23.2750
    7.5000   45.0000   15.0000 2177.3997   23.2924
   -7.5000  -45.0000   22.5000 2454.6877   18.9128
    0.0000  -45.0000   22.5000 2469.0112   18.2847
    7.5000  -45.0000   22.5000 2485.9734   18.3004
   -7.5000  -37.5000   22.5000 2564.0579   17.2286
    0.0000  -37.5000   22.5000 2579.2510   16.7293
    7.5000  -37.5000   22.5000 2602.2993   16.6927
   -7.5000  -30.0000   22.5000 2667.3850   15.9541
    0.0000  -30.0000   22.5000 2691.2336   15.5683
    7.5000  -30.0000   22.5000 2705.3743   15.4615
   -7.5000  -22.5000   22.5000 2764.4990   14.9993
    0.0000  -22.5000   22.5000 2806.7070   14.7732
    7.5000  -22.5000   22.5000 2815.1931   14.6295
   -7.5000  -15.0000   22.5000 2828.5935   14.4409
    0.0000  -15.0000   22.5000 2880.4722   14.0930
    7.5000  -15.0000   22.5000 2874.1082   13.8876
   -7.5000   -7.5000   22.5000 2861.9036   14.2151
    0.0000   -7.5000   22.5000 2918.5249   13.8954
    7.5000   -7.5000   22.5000 2909.0769   13.7205
   -7.5000    0.0000   22.5000 2834.3933   14.3869
    0.0000    0.0000   22.5000 2897.9780   14.1479
    7.5000    0.0000   22.5000 2896.2175   13.9909
   -7.5000    7.5000   22.5000 2775.4124   14.9647
    0.0000    7.5000   22.5000 2837.6287   14.7370
    7.5000    7.5000   22.5000 2839.6587   14.6214
   -7.5000   15.0000   22.5000 2689.5117   15.9403
    0.0000   15.0000   22.5000 2734.3203   15.7026
    7.5000   15.0000   22.5000 2728.5449   15.5896
   -7.5000   22.5000   22.5000 2574.1626   17.2484
    0.0000   22.5000   22.5000 2622.6355   16.9748
    7.5000   22.5000   22.5000 2625.6277   16.9092
   -7.5000   30.0000   22.5000 2436.9480   18.9156
    0.0000   30.0000   22.5000 2488.4111   18.6053
    7.5000   30.0000   22.5000 2500.1484   18.5992
   -7.5000   37.5000   22.5000 2294.0632   21.0799
    0.0000   37.5000   22.5000 2330.3955   20.7489
    7.5000   37.5000   22.5000 2340.8406   20.7686
   -7.5000   45.0000   22.5000 2121.4441   23.9158
    0.0000   45.0000   22.5000 2149.5825   23.4754
    7.5000   45.0000   22.5000 2158.8662   23.5088
   -7.5000  -45.0000   30.0000 2419.5742   19.6318
    0.0000  -45.0000   30.0000 2431.2998   19.0300
    7.5000  -45.0000   30.0000 2443.6145   18.9466
   -7.5000  -37.5000   30.0000 2523.9158   17.9590
    0.0000  -37.5000   30.0000 2541.5110   17.4398
    7.5000  -37.5000   30.0000 2555.0203   17.3319
   -7.5000  -30.0000   30.0000 2625.3867   16.6604
    0.0000  -30.0000   30.0000 2652.8210   16.2379
    7.5000  -30.0000   30.0000 2666.8054   16.1374
   -7.5000  -22.5000   30.0000 2713.6008   15.7051
    0.0000  -22.5000   30.0000 2755.8647   15.3010
    7.5000  -22.5000   30.0000 2766.6626   15.1415
   -7.5000  -15.0000   30.0000 2773.6006   15.0873
    0.0000  -15.0000   30.0000 2817.0042   14.5846
    7.5000  -15.0000   30.0000 2815.5845   14.4598
   -7.5000   -7.5000   30.0000 2800.9556   14.8723
    0.0000   -7.5000   30.0000 2850.3523   14.5001
    7.5000   -7.5000   30.0000 2852.6885   14.4108
   -7.5000    0.0000   30.0000 2779.2034   15.0624
    0.0000    0.0000   30.0000 2837.4260   14.7522
    7.5000    0.0000   30.0000 2836.1309   14.6522
   -7.5000    7.5000   30.0000 2719.7439   15.6465
    0.0000    7.5000   30.0000 2780.9121   15.3370
    7.5000    7.5000   30.0000 2783.4272   15.2364
   -7.5000   15.0000   30.0000 2633.0693   16.5703
    0.0000   15.0000   30.0000 2679.8259   16.3014
    7.5000   15.0000   30.0000 2688.1953   16.2284
   -7.5000   22.5000   30.0000 2525.9033   17.8712
    0.0000   22.5000   30.0000 2571.4636   17.5599
    7.5000   22.5000   30.0000 2580.8018   17.5210
   -7.5000   30.0000   30.0000 2393.5061   19.5269
    0.0000   30.0000   30.0000 2440.6360   19.2003
    7.5000   30.0000   30.0000 2454.3911   19.1554
   -7.5000   37.5000   30.0000 2254.9189   21.6105
    0.0000   37.5000   30.0000 2282.0498   21.2855
    7.5000   37.5000   30.0000 2288.9023   21.2454
   -7.5000   45.0000   30.0000 2085.0640   24.3543
    0.0000   45.0000   30.0000 2109.7983   23.9173
    7.5000   45.0000   30.0000 2120.9966   23.9168
   -7.5000  -45.0000   37.5000 2372.9468   20.6209
    0.0000  -45.0000   37.5000 2393.7317   19.8798
    7.5000  -45.0000   37.5000 2405.6250   19.8084
   -7.5000  -37.5000   37.5000 2474.6355   18.9132
    0.0000  -37.5000   37.5000 2503.4614   18.2192
    7.5000  -37.5000   37.5000 2519.2612   18.1751
   -7.5000  -30.0000   37.5000 2572.7036   17.5151
    0.0000  -30.0000   37.5000 2608.5320   16.9187
    7.5000  -30.0000   37.5000 2624.5784   16.8638
   -7.5000  -22.5000   37.5000 2658.5554   16.5579
    0.0000  -22.5000   37.5000 2692.3484   15.9387
    7.5000  -22.5000   37.5000 2706.2512   15.7589
   -7.5000  -15.0000   37.5000 2705.8562   15.8770
    0.0000  -15.0000   37.5000 2747.0830   15.2999
    7.5000  -15.0000   37.5000 2754.6560   15.2509
   -7.5000   -7.5000   37.5000 2722.2153   15.6889
    0.0000   -7.5000   37.5000 2766.3977   15.2746
    7.5000   -7.5000   37.5000 2778.2920   15.1988
   -7.5000    0.0000   37.5000 2702.0283   15.9249
    0.0000    0.0000   37.5000 2745.7505   15.5401
    7.5000    0.0000   37.5000 2752.6738   15.4129
   -7.5000    7.5000   37.5000 2650.5823   16.4934
    0.0000    7.5000   37.5000 2696.0020   16.1255
    7.5000    7.5000   37.5000 2705.7002   16.0185
   -7.5000   15.0000   37.5000 2561.6860   17.4352
    0.0000   15.0000   37.5000 2609.0242   17.0368
    7.5000   15.0000   37.5000 2624.9138   16.9495
   -7.5000   22.5000   37.5000 2460.4844   18.6722
    0.0000   22.5000   37.5000 2506.3547   18.3100
    7.5000   22.5000   37.5000 2518.0918   18.2733
   -7.5000   30.0000   37.5000 2341.7991   20.3311
    0.0000   30.0000   37.5000 2377.7563   19.9655
    7.5000   30.0000   37.5000 2387.7490   19.9441
   -7.5000   37.5000   37.5000 2197.3003   22.4526
    0.0000   37.5000   37.5000 2222.2954   22.0740
    7.5000   37.5000   37.5000 2233.7920   22.0698
   -7.5000   45.0000   37.5000 2039.1572   25.1640
    0.0000   45.0000   37.5000 2062.6226   24.7125
    7.5000   45.0000   37.5000 2077.8552   24.7165
   -7.5000  -45.0000   45.0000 2311.5193   21.7199
    0.0000  -45.0000   45.0000 2337.8726   20.8380
    7.5000  -45.0000   45.0000 2354.4426   20.8098
   -7.5000  -37.5000   45.0000 2409.7139   19.8959
    0.0000  -37.5000   45.0000 2444.5161   19.1337
    7.5000  -37.5000   45.0000 2465.3657   19.0880
   -7.5000  -30.0000   45.0000 2505.5090   18.5440
    0.0000  -30.0000   45.0000 2538.6531   17.7846
    7.5000  -30.0000   45.0000 2560.6343   17.6852
   -7.5000  -22.5000   45.0000 2578.9619   17.5095
    0.0000  -22.5000   45.0000 2615.8062   16.8232
    7.5000  -22.5000   45.0000 2635.0452   16.7275
   -7.5000  -15.0000   45.0000 2621.4512   16.8725
    0.0000  -15.0000   45.0000 2662.4165   16.2690
    7.5000  -15.0000   45.0000 2676.5127   16.2474
   -7.5000   -7.5000   45.0000 2624.1753   16.7328
    0.0000   -7.5000   45.0000 2668.3811   16.2547
    7.5000   -7.5000   45.0000 2687.4065   16.1952
   -7.5000    0.0000   45.0000 2604.1877   16.9725
    0.0000    0.0000   45.0000 2641.8337   16.5204
    7.5000    0.0000   45.0000 2658.3306   16.4342
   -7.5000    7.5000   45.0000 2559.9167   17.5069
    0.0000    7.5000   45.0000 2596.2439   17.0622
    7.5000    7.5000   45.0000 2616.4187   16.9550
   -7.5000   15.0000   45.0000 2478.9092   18.4220
    0.0000   15.0000   45.0000 2521.8447   17.9529
    7.5000   15.0000   45.0000 2544.4709   17.8663
   -7.5000   22.5000   45.0000 2389.7781   19.6344
    0.0000   22.5000   45.0000 2425.1729   19.2279
    7.5000   22.5000   45.0000 2436.2651   19.1804
   -7.5000   30.0000   45.0000 2267.1038   21.3038
    0.0000   30.0000   45.0000 2298.8953   20.9274
    7.5000   30.0000   45.0000 2313.4092   20.9316
   -7.5000   37.5000   45.0000 2126.4141   23.5552
    0.0000   37.5000   45.0000 2154.4272   23.1711
    7.5000   37.5000   45.0000 2164.3579   23.2403
   -7.5000   45.0000   45.0000 1985.2056   26.3329
    0.0000   45.0000   45.0000 2008.2883   25.9140
    7.5000   45.0000   45.0000 2013.3669   25.9710

---------------------------------------------------------------------
imgreg_4dfp /opt/freesurfer/average/711-2C_as_mni_average_305 /opt/freesurfer/average/711-2B_as_mni_average_305_mask talsrcimg_g11 none talsrcimg_to_711-2C_as_mni_average_305_t4 1283
---------------------------------------------------------------------

freesurfer imgreg_4dfp.c
/opt/freesurfer/average/711-2C_as_mni_average_305.4dfp.img
       256       256       256         1
  1.000000  1.000000  1.000000
orientation T byte_order littleendian
Reading image: /opt/freesurfer/average/711-2C_as_mni_average_305.4dfp.img
dimensions:      256       256       256
mmppix:       1.0000   -1.0000   -1.0000
center:     128.0000 -129.0000 -129.0000
/opt/freesurfer/average/711-2B_as_mni_average_305_mask.4dfp.img
       256       256       256         1
  1.000000  1.000000  1.000000
orientation T byte_order littleendian
Reading mask: /opt/freesurfer/average/711-2B_as_mni_average_305_mask.4dfp.img (2306576 pixels)
talsrcimg_g11.4dfp.img
       256       256       256         1
  1.000000  1.000000  1.000000
orientation T byte_order littleendian
Reading image: talsrcimg_g11.4dfp.img
dimensions:      256       256       256
mmppix:       1.0000   -1.0000   -1.0000
center:     128.0000 -129.0000 -129.0000
rotation matrix determinant  1.000000
fimgreg.f
image alignment mode   1283 decimal      503 hex
parameters
    7.5000   -7.5000    7.5000    0.0000    0.0000    0.0000
eta,q 0.92526 13.34877
niter,ni,del,rscale     5    3   12.0000    1.2000
parameter  3 -0.675632 -> -0.500000 qaram    1.1500
parameter  4  2.065804 ->  0.500000 qaram    1.1500
parameters
    6.7231  -10.1769   10.9500   -3.4500   -0.8041    0.3347
eta,q 0.92865 13.18458
  0.0806  0.0750  0.0810  0.0699  0.0729  0.0739
  0.0797  0.0760  0.0788  0.0708  0.0713  0.0723
  0.0771  0.0771  0.0779  0.0726  0.0709  0.0712
  0.0750  0.0757  0.0772  0.0751  0.0713  0.0712
  0.0761  0.0747  0.0759  0.0768  0.0722  0.0719
  0.0809  0.0777  0.0745  0.0797  0.0721  0.0724
  0.0868  0.0806  0.0766  0.0828  0.0734  0.0729
niter,ni,del,rscale     6    3   12.0000    1.2000
parameter  4  1.724014 ->  0.500000 qaram    1.3225
parameter  5 -1.021947 -> -0.500000 qaram    1.1500
parameters
    5.6668  -10.3804    9.6897   -7.4175    2.6459   -1.6597
eta,q 0.93128 13.35597
  0.0759  0.0780  0.0759  0.0679  0.0717  0.0705
  0.0741  0.0725  0.0752  0.0690  0.0716  0.0694
  0.0727  0.0707  0.0743  0.0708  0.0713  0.0687
  0.0714  0.0717  0.0716  0.0729  0.0695  0.0694
  0.0731  0.0725  0.0732  0.0752  0.0693  0.0706
  0.0768  0.0751  0.0773  0.0778  0.0693  0.0718
  0.0813  0.0770  0.0825  0.0817  0.0695  0.0728
niter,ni,del,rscale     7    3   12.0000    1.2000
parameter  4  0.537010 ->  0.500000 qaram    1.5209
parameters
    4.7875   -9.0691    8.7272  -11.9801   -0.1873   -3.6244
eta,q 0.93102 13.32253
  0.0773  0.0818  0.0745  0.0701  0.0705  0.0706
  0.0729  0.0748  0.0719  0.0700  0.0699  0.0691
  0.0689  0.0695  0.0711  0.0700  0.0695  0.0690
  0.0687  0.0683  0.0695  0.0703  0.0700  0.0696
  0.0715  0.0702  0.0698  0.0722  0.0714  0.0705
  0.0773  0.0716  0.0745  0.0750  0.0759  0.0717
  0.0845  0.0723  0.0798  0.0785  0.0812  0.0732
niter,ni,del,rscale     7    3   12.0000    1.2000
parameters
    5.0511   -7.6974    7.4427  -12.4926    0.2606   -3.7890
eta,q 0.92956 13.21577
  0.0831  0.0826  0.0732  0.0766  0.0746  0.0742
  0.0765  0.0750  0.0713  0.0722  0.0720  0.0719
  0.0709  0.0703  0.0712  0.0713  0.0716  0.0704
  0.0690  0.0689  0.0691  0.0708  0.0708  0.0705
  0.0691  0.0694  0.0682  0.0723  0.0698  0.0715
  0.0732  0.0708  0.0753  0.0745  0.0709  0.0725
  0.0820  0.0730  0.0809  0.0767  0.0743  0.0740
niter,ni,del,rscale     6    3   12.0000    1.2000
parameters
    5.0383   -6.9101    7.4814  -12.2949    0.7651   -3.6883
eta,q 0.92994 13.16630
  0.0819  0.0784  0.0756  0.0780  0.0745  0.0744
  0.0745  0.0734  0.0722  0.0733  0.0723  0.0721
  0.0705  0.0710  0.0706  0.0713  0.0718  0.0704
  0.0704  0.0704  0.0705  0.0705  0.0704  0.0701
  0.0709  0.0711  0.0676  0.0717  0.0696  0.0709
  0.0750  0.0731  0.0709  0.0743  0.0708  0.0722
  0.0816  0.0739  0.0772  0.0763  0.0744  0.0737
niter,ni,del,rscale     5    3   12.0000    1.2000
parameters
    5.0325   -6.5519    7.6729  -12.3121    0.8913   -3.4731
eta,q 0.93002 13.14393
  0.0809  0.0760  0.0754  0.0776  0.0741  0.0744
  0.0740  0.0720  0.0720  0.0731  0.0723  0.0721
  0.0706  0.0704  0.0705  0.0709  0.0718  0.0704
  0.0701  0.0701  0.0702  0.0700  0.0700  0.0699
  0.0706  0.0712  0.0676  0.0717  0.0696  0.0707
  0.0748  0.0733  0.0706  0.0745  0.0710  0.0720
  0.0804  0.0733  0.0761  0.0764  0.0752  0.0735
niter,ni,del,rscale     4    3   12.0000    1.2000
parameters
    5.0573   -6.4368    7.7737  -12.3444    0.9000   -3.3544
eta,q 0.93005 13.13738
  0.0805  0.0749  0.0750  0.0775  0.0740  0.0742
  0.0740  0.0713  0.0719  0.0729  0.0723  0.0719
  0.0707  0.0701  0.0705  0.0706  0.0717  0.0703
  0.0700  0.0700  0.0700  0.0699  0.0699  0.0699
  0.0706  0.0714  0.0674  0.0717  0.0696  0.0707
  0.0746  0.0732  0.0710  0.0745  0.0711  0.0719
  0.0798  0.0728  0.0761  0.0762  0.0755  0.0735
niter,ni,del,rscale     3    3   12.0000    1.2000
parameters
    5.0750   -6.4173    7.7959  -12.3527    0.8867   -3.3343
eta,q 0.93005 13.13716
  0.0803  0.0744  0.0749  0.0775  0.0740  0.0740
  0.0739  0.0711  0.0718  0.0729  0.0723  0.0718
  0.0706  0.0700  0.0705  0.0706  0.0717  0.0702
  0.0700  0.0700  0.0700  0.0699  0.0699  0.0699
  0.0707  0.0715  0.0674  0.0716  0.0697  0.0707
  0.0746  0.0731  0.0711  0.0745  0.0711  0.0720
  0.0797  0.0726  0.0762  0.0761  0.0755  0.0736
registration optimization eta report
parameter search radius
    6.0000    6.0000    6.9000    9.1253    6.9000    6.0000
100000*second partial in parameter space
       29.        9.       14.        8.       10.       11.
  0.0803  0.0744  0.0749  0.0775  0.0740  0.0740
  0.0739  0.0711  0.0718  0.0729  0.0723  0.0718
  0.0706  0.0700  0.0705  0.0706  0.0717  0.0702
  0.0700  0.0700  0.0700  0.0699  0.0699  0.0699
  0.0707  0.0715  0.0674  0.0716  0.0697  0.0707
  0.0746  0.0731  0.0711  0.0745  0.0711  0.0720
  0.0797  0.0726  0.0762  0.0761  0.0755  0.0736
    5.0750   -6.4173    7.7959  -12.3527    0.8867   -3.3343
eta,q 0.93005 13.13716

---------------------------------------------------------------------
imgreg_4dfp /opt/freesurfer/average/711-2C_as_mni_average_305 /opt/freesurfer/average/711-2B_as_mni_average_305_mask talsrcimg_g11 none talsrcimg_to_711-2C_as_mni_average_305_t4 3335
---------------------------------------------------------------------

freesurfer imgreg_4dfp.c
/opt/freesurfer/average/711-2C_as_mni_average_305.4dfp.img
       256       256       256         1
  1.000000  1.000000  1.000000
orientation T byte_order littleendian
Reading image: /opt/freesurfer/average/711-2C_as_mni_average_305.4dfp.img
dimensions:      256       256       256
mmppix:       1.0000   -1.0000   -1.0000
center:     128.0000 -129.0000 -129.0000
/opt/freesurfer/average/711-2B_as_mni_average_305_mask.4dfp.img
       256       256       256         1
  1.000000  1.000000  1.000000
orientation T byte_order littleendian
Reading mask: /opt/freesurfer/average/711-2B_as_mni_average_305_mask.4dfp.img (2306576 pixels)
talsrcimg_g11.4dfp.img
       256       256       256         1
  1.000000  1.000000  1.000000
orientation T byte_order littleendian
Reading image: talsrcimg_g11.4dfp.img
dimensions:      256       256       256
mmppix:       1.0000   -1.0000   -1.0000
center:     128.0000 -129.0000 -129.0000
fimgreg.f
image alignment mode   3335 decimal      D07 hex
parameters
    5.0750   -6.4173    7.7959   -0.1812   -2.4997   -2.3268
    6.0120   -0.2649   -5.8155   21.4446    1.5476  -21.3903
eta,q 0.93216 13.30466
niter,ni,del,rscale     5    3    5.0000    1.2000
parameter  2  0.737431 ->  0.500000 qaram    1.1500
parameter  4  3.018505 ->  0.500000 qaram    1.1500
parameter  5 24.900438 ->  0.500000 qaram    1.1500
parameter  6  1.734688 ->  0.500000 qaram    1.1500
parameter  7  0.663446 ->  0.500000 qaram    1.1500
parameter 10  0.763670 ->  0.500000 qaram    1.1500
parameters
    5.7325   -7.7973    7.9765   -4.3212   -6.6397   -6.4668
    1.8720    1.4076   -4.8026   17.3046    1.5874  -18.4837
eta,q 0.95778 13.33427
  0.0708  0.0676  0.0691  0.0568  0.0475  0.0436  0.0456  0.0515  0.0478  0.0425  0.0439  0.0448
  0.0694  0.0674  0.0682  0.0591  0.0505  0.0457  0.0450  0.0486  0.0462  0.0425  0.0432  0.0441
  0.0684  0.0675  0.0677  0.0626  0.0550  0.0486  0.0453  0.0464  0.0452  0.0432  0.0428  0.0434
  0.0678  0.0678  0.0674  0.0674  0.0599  0.0517  0.0465  0.0450  0.0446  0.0446  0.0426  0.0426
  0.0678  0.0680  0.0675  0.0725  0.0645  0.0560  0.0484  0.0446  0.0447  0.0469  0.0427  0.0422
  0.0680  0.0683  0.0679  0.0772  0.0685  0.0609  0.0509  0.0455  0.0453  0.0502  0.0432  0.0424
  0.0687  0.0687  0.0687  0.0823  0.0726  0.0667  0.0537  0.0476  0.0464  0.0544  0.0440  0.0431
niter,ni,del,rscale     7    3    5.0000    1.2000
parameter  2 -0.650498 -> -0.500000 qaram    1.3225
parameter  3 -1.807213 -> -0.500000 qaram    1.1500
parameter  4  0.653103 ->  0.500000 qaram    1.3225
parameter  5  1.041314 ->  0.500000 qaram    1.3225
parameters
    4.5995   -6.2103    9.3565   -9.0822  -11.4007  -10.1230
    4.2866    3.1612   -3.7900   14.8965   -0.1616  -21.7724
eta,q 0.97354 13.06861
  0.0425  0.0501  0.0469  0.0340  0.0286  0.0296  0.0332  0.0356  0.0305  0.0295  0.0274  0.0272
  0.0414  0.0465  0.0443  0.0334  0.0285  0.0287  0.0309  0.0317  0.0290  0.0278  0.0270  0.0265
  0.0414  0.0435  0.0419  0.0340  0.0298  0.0278  0.0291  0.0289  0.0279  0.0271  0.0269  0.0265
  0.0422  0.0413  0.0397  0.0367  0.0334  0.0287  0.0280  0.0276  0.0274  0.0273  0.0270  0.0270
  0.0438  0.0400  0.0378  0.0421  0.0387  0.0321  0.0276  0.0274  0.0274  0.0289  0.0272  0.0277
  0.0462  0.0397  0.0364  0.0502  0.0440  0.0366  0.0281  0.0282  0.0280  0.0318  0.0275  0.0285
  0.0490  0.0402  0.0356  0.0588  0.0488  0.0430  0.0295  0.0303  0.0292  0.0359  0.0280  0.0295
niter,ni,del,rscale     7    3    5.0000    1.2000
parameters
    4.7822   -5.1508    9.7957   -9.1989  -14.2476  -10.0525
    3.5672    3.2244   -4.0949   15.8015   -1.6553  -23.4931
eta,q 0.97481 12.94355
  0.0300  0.0355  0.0286  0.0312  0.0291  0.0293  0.0284  0.0299  0.0275  0.0309  0.0260  0.0265
  0.0282  0.0315  0.0270  0.0291  0.0273  0.0276  0.0268  0.0269  0.0264  0.0280  0.0255  0.0255
  0.0270  0.0284  0.0261  0.0272  0.0257  0.0264  0.0258  0.0257  0.0257  0.0262  0.0254  0.0252
  0.0265  0.0264  0.0257  0.0257  0.0258  0.0256  0.0256  0.0255  0.0256  0.0255  0.0255  0.0254
  0.0266  0.0257  0.0258  0.0251  0.0286  0.0249  0.0261  0.0261  0.0259  0.0258  0.0258  0.0261
  0.0275  0.0264  0.0263  0.0271  0.0333  0.0266  0.0275  0.0273  0.0266  0.0269  0.0261  0.0269
  0.0292  0.0284  0.0271  0.0337  0.0383  0.0303  0.0298  0.0293  0.0278  0.0288  0.0265  0.0278
niter,ni,del,rscale     6    3    5.0000    1.2000
parameters
    4.9055   -4.5884    9.7833   -8.6963  -15.2701  -10.3014
    3.3554    3.4757   -4.1424   16.3994   -1.6915  -24.2885
eta,q 0.97485 12.91693
  0.0287  0.0318  0.0272  0.0309  0.0302  0.0291  0.0286  0.0303  0.0270  0.0301  0.0264  0.0269
  0.0269  0.0287  0.0258  0.0287  0.0281  0.0273  0.0268  0.0270  0.0260  0.0273  0.0255  0.0257
  0.0257  0.0264  0.0251  0.0267  0.0261  0.0261  0.0256  0.0253  0.0254  0.0256  0.0252  0.0251
  0.0252  0.0252  0.0250  0.0250  0.0248  0.0251  0.0251  0.0252  0.0252  0.0252  0.0252  0.0252
  0.0254  0.0252  0.0254  0.0242  0.0257  0.0248  0.0255  0.0259  0.0254  0.0257  0.0255  0.0258
  0.0264  0.0263  0.0261  0.0259  0.0293  0.0269  0.0269  0.0272  0.0260  0.0267  0.0258  0.0266
  0.0281  0.0284  0.0270  0.0316  0.0343  0.0308  0.0291  0.0290  0.0271  0.0286  0.0262  0.0275
niter,ni,del,rscale     5    3    5.0000    1.2000
parameters
    4.9333   -4.3811    9.5478   -8.4935  -15.5999  -10.5442
    3.3585    3.5578   -4.0964   16.8061   -1.5409  -24.7055
eta,q 0.97478 12.90671
  0.0284  0.0303  0.0269  0.0309  0.0308  0.0292  0.0288  0.0301  0.0270  0.0299  0.0265  0.0273
  0.0267  0.0276  0.0257  0.0287  0.0286  0.0274  0.0269  0.0269  0.0260  0.0271  0.0256  0.0259
  0.0256  0.0258  0.0251  0.0267  0.0266  0.0261  0.0257  0.0253  0.0254  0.0255  0.0253  0.0252
  0.0251  0.0251  0.0251  0.0251  0.0250  0.0251  0.0252  0.0252  0.0252  0.0252  0.0253  0.0253
  0.0254  0.0255  0.0256  0.0244  0.0253  0.0249  0.0255  0.0260  0.0254  0.0257  0.0255  0.0258
  0.0265  0.0268  0.0264  0.0263  0.0282  0.0271  0.0268  0.0273  0.0260  0.0268  0.0258  0.0266
  0.0283  0.0290  0.0273  0.0324  0.0330  0.0308  0.0290  0.0292  0.0270  0.0287  0.0262  0.0274
niter,ni,del,rscale     4    3    5.0000    1.2000
parameters
    4.9231   -4.3164    9.3657   -8.3901  -15.7051  -10.7157
    3.3651    3.5751   -4.0582   17.0381   -1.3571  -24.9051
eta,q 0.97474 12.90338
  0.0283  0.0297  0.0271  0.0309  0.0310  0.0293  0.0288  0.0300  0.0269  0.0297  0.0265  0.0275
  0.0267  0.0272  0.0258  0.0288  0.0288  0.0275  0.0270  0.0268  0.0260  0.0270  0.0256  0.0260
  0.0256  0.0257  0.0252  0.0268  0.0268  0.0262  0.0257  0.0253  0.0254  0.0255  0.0253  0.0253
  0.0252  0.0252  0.0252  0.0252  0.0251  0.0252  0.0252  0.0252  0.0252  0.0252  0.0253  0.0253
  0.0255  0.0257  0.0257  0.0245  0.0252  0.0250  0.0256  0.0261  0.0254  0.0258  0.0255  0.0258
  0.0266  0.0271  0.0264  0.0264  0.0279  0.0271  0.0268  0.0273  0.0260  0.0270  0.0258  0.0265
  0.0285  0.0293  0.0273  0.0328  0.0326  0.0307  0.0290  0.0293  0.0269  0.0289  0.0262  0.0274
niter,ni,del,rscale     3    3    5.0000    1.2000
parameters
    4.9085   -4.2920    9.2466   -8.3298  -15.7414  -10.8253
    3.3805    3.5666   -4.0404   17.1734   -1.2371  -25.0010
eta,q 0.97473 12.90243
  0.0283  0.0296  0.0272  0.0309  0.0311  0.0294  0.0289  0.0299  0.0269  0.0295  0.0265  0.0276
  0.0267  0.0272  0.0259  0.0288  0.0289  0.0276  0.0270  0.0268  0.0260  0.0269  0.0256  0.0261
  0.0257  0.0257  0.0253  0.0268  0.0269  0.0262  0.0258  0.0253  0.0255  0.0255  0.0253  0.0253
  0.0253  0.0253  0.0253  0.0252  0.0252  0.0252  0.0253  0.0253  0.0253  0.0253  0.0253  0.0253
  0.0256  0.0258  0.0257  0.0245  0.0252  0.0250  0.0256  0.0261  0.0254  0.0258  0.0255  0.0258
  0.0266  0.0271  0.0264  0.0265  0.0279  0.0270  0.0268  0.0273  0.0260  0.0270  0.0258  0.0265
  0.0285  0.0294  0.0273  0.0329  0.0325  0.0306  0.0290  0.0294  0.0269  0.0289  0.0262  0.0274
niter,ni,del,rscale     2    3    5.0000    1.2000
parameters
    4.8980   -4.2776    9.1735   -8.2983  -15.7554  -10.8964
    3.3911    3.5543   -4.0256   17.2459   -1.1698  -25.0507
eta,q 0.97473 12.90139
  0.0283  0.0295  0.0273  0.0309  0.0311  0.0295  0.0289  0.0299  0.0269  0.0295  0.0265  0.0277
  0.0267  0.0271  0.0260  0.0288  0.0290  0.0276  0.0270  0.0268  0.0260  0.0268  0.0256  0.0262
  0.0257  0.0257  0.0253  0.0269  0.0270  0.0263  0.0258  0.0253  0.0255  0.0254  0.0253  0.0254
  0.0253  0.0253  0.0253  0.0252  0.0252  0.0252  0.0253  0.0253  0.0253  0.0253  0.0253  0.0253
  0.0256  0.0258  0.0257  0.0246  0.0252  0.0250  0.0256  0.0261  0.0254  0.0258  0.0255  0.0257
  0.0266  0.0272  0.0264  0.0265  0.0279  0.0270  0.0268  0.0273  0.0260  0.0270  0.0258  0.0265
  0.0285  0.0294  0.0273  0.0330  0.0325  0.0305  0.0290  0.0294  0.0269  0.0290  0.0262  0.0274
niter,ni,del,rscale     1    3    5.0000    1.2000
parameters
    4.8909   -4.2693    9.1329   -8.2811  -15.7609  -10.9383
    3.3961    3.5460   -4.0205   17.2878   -1.1299  -25.0799
eta,q 0.97472 12.90093
  0.0283  0.0295  0.0274  0.0309  0.0311  0.0295  0.0289  0.0299  0.0269  0.0294  0.0265  0.0277
  0.0267  0.0271  0.0260  0.0288  0.0290  0.0276  0.0270  0.0268  0.0260  0.0268  0.0256  0.0262
  0.0257  0.0257  0.0253  0.0269  0.0270  0.0263  0.0258  0.0253  0.0255  0.0254  0.0253  0.0254
  0.0253  0.0253  0.0253  0.0253  0.0253  0.0253  0.0253  0.0253  0.0253  0.0253  0.0253  0.0253
  0.0256  0.0258  0.0257  0.0246  0.0252  0.0250  0.0256  0.0261  0.0254  0.0258  0.0255  0.0258
  0.0266  0.0272  0.0263  0.0266  0.0279  0.0270  0.0268  0.0273  0.0260  0.0271  0.0258  0.0265
  0.0285  0.0294  0.0272  0.0331  0.0325  0.0305  0.0290  0.0294  0.0270  0.0290  0.0262  0.0274
registration optimization eta report
parameter search radius
    2.4000    3.1740    2.7600    9.5220    9.5220    8.2800
    8.2800    7.2000    7.2000    8.2800    7.2000    7.2000
100000*second partial in parameter space
       54.       41.       27.        8.        7.        7.
        5.        9.        3.        6.        2.        4.
  0.0283  0.0295  0.0274  0.0309  0.0311  0.0295  0.0289  0.0299  0.0269  0.0294  0.0265  0.0277
  0.0267  0.0271  0.0260  0.0288  0.0290  0.0276  0.0270  0.0268  0.0260  0.0268  0.0256  0.0262
  0.0257  0.0257  0.0253  0.0269  0.0270  0.0263  0.0258  0.0253  0.0255  0.0254  0.0253  0.0254
  0.0253  0.0253  0.0253  0.0253  0.0253  0.0253  0.0253  0.0253  0.0253  0.0253  0.0253  0.0253
  0.0256  0.0258  0.0257  0.0246  0.0252  0.0250  0.0256  0.0261  0.0254  0.0258  0.0255  0.0258
  0.0266  0.0272  0.0263  0.0266  0.0279  0.0270  0.0268  0.0273  0.0260  0.0271  0.0258  0.0265
  0.0285  0.0294  0.0272  0.0331  0.0325  0.0305  0.0290  0.0294  0.0270  0.0290  0.0262  0.0274
    4.8909   -4.2693    9.1329   -8.2811  -15.7609  -10.9383
    3.3961    3.5460   -4.0205   17.2878   -1.1299  -25.0799
eta,q 0.97472 12.90093

---------------------------------------------------------------------
imgreg_4dfp /opt/freesurfer/average/711-2C_as_mni_average_305 /opt/freesurfer/average/711-2B_as_mni_average_305_mask talsrcimg_g11 none talsrcimg_to_711-2C_as_mni_average_305_t4 2311
---------------------------------------------------------------------

freesurfer imgreg_4dfp.c
/opt/freesurfer/average/711-2C_as_mni_average_305.4dfp.img
       256       256       256         1
  1.000000  1.000000  1.000000
orientation T byte_order littleendian
Reading image: /opt/freesurfer/average/711-2C_as_mni_average_305.4dfp.img
dimensions:      256       256       256
mmppix:       1.0000   -1.0000   -1.0000
center:     128.0000 -129.0000 -129.0000
/opt/freesurfer/average/711-2B_as_mni_average_305_mask.4dfp.img
       256       256       256         1
  1.000000  1.000000  1.000000
orientation T byte_order littleendian
Reading mask: /opt/freesurfer/average/711-2B_as_mni_average_305_mask.4dfp.img (2306576 pixels)
talsrcimg_g11.4dfp.img
       256       256       256         1
  1.000000  1.000000  1.000000
orientation T byte_order littleendian
Reading image: talsrcimg_g11.4dfp.img
dimensions:      256       256       256
mmppix:       1.0000   -1.0000   -1.0000
center:     128.0000 -129.0000 -129.0000
fimgreg.f
image alignment mode   2311 decimal      907 hex
parameters
    4.8909   -4.2693    9.1329   -8.2811  -15.7609  -10.9383
    3.3961    3.5460   -4.0205   17.2878   -1.1299  -25.0799
eta,q 0.97472 12.90094
niter,ni,del,rscale     5    3    5.0000    0.8000
parameter  4 -0.594705 -> -0.500000 qaram    1.1500
parameters
    4.9406   -4.3177    8.8784   -5.5211  -14.9961  -11.1311
    3.3886    3.8557   -3.6402   17.7521   -0.1604  -24.4913
eta,q 0.97558 13.06370
  0.0267  0.0263  0.0258  0.0279  0.0273  0.0263  0.0261  0.0278  0.0257  0.0263  0.0257  0.0261
  0.0260  0.0257  0.0254  0.0269  0.0262  0.0255  0.0252  0.0259  0.0250  0.0253  0.0250  0.0252
  0.0255  0.0254  0.0252  0.0260  0.0252  0.0249  0.0246  0.0247  0.0246  0.0247  0.0246  0.0246
  0.0253  0.0253  0.0253  0.0252  0.0245  0.0244  0.0244  0.0244  0.0244  0.0244  0.0244  0.0244
  0.0254  0.0254  0.0255  0.0247  0.0244  0.0244  0.0246  0.0247  0.0245  0.0245  0.0244  0.0245
  0.0258  0.0258  0.0258  0.0246  0.0249  0.0254  0.0252  0.0255  0.0248  0.0249  0.0246  0.0248
  0.0266  0.0264  0.0261  0.0251  0.0262  0.0272  0.0262  0.0269  0.0253  0.0256  0.0249  0.0253
niter,ni,del,rscale     5    3    5.0000    0.8000
parameters
    4.7169   -4.4001    8.3393   -6.2679  -14.5660  -11.0526
    3.7465    3.5177   -3.7167   18.1109    0.5954  -24.1791
eta,q 0.97575 13.07109
  0.0257  0.0255  0.0247  0.0268  0.0271  0.0264  0.0262  0.0268  0.0253  0.0261  0.0253  0.0258
  0.0249  0.0249  0.0243  0.0257  0.0260  0.0257  0.0252  0.0251  0.0247  0.0251  0.0247  0.0249
  0.0245  0.0245  0.0242  0.0248  0.0251  0.0251  0.0246  0.0244  0.0244  0.0245  0.0244  0.0244
  0.0244  0.0244  0.0244  0.0242  0.0244  0.0243  0.0243  0.0243  0.0243  0.0243  0.0242  0.0242
  0.0248  0.0246  0.0247  0.0245  0.0244  0.0241  0.0244  0.0247  0.0244  0.0243  0.0243  0.0244
  0.0256  0.0251  0.0251  0.0263  0.0251  0.0251  0.0249  0.0257  0.0247  0.0248  0.0245  0.0248
  0.0268  0.0258  0.0256  0.0299  0.0266  0.0269  0.0258  0.0275  0.0254  0.0257  0.0248  0.0253
niter,ni,del,rscale     4    3    5.0000    0.7000
parameters
    4.6912   -4.4722    8.2908   -6.0970  -14.3067  -10.8304
    3.8812    3.3912   -3.7147   18.1656    0.9451  -23.9376
eta,q 0.97593 13.09847
  0.0255  0.0252  0.0249  0.0267  0.0264  0.0261  0.0255  0.0264  0.0249  0.0255  0.0249  0.0253
  0.0248  0.0246  0.0245  0.0258  0.0255  0.0255  0.0248  0.0250  0.0245  0.0247  0.0244  0.0246
  0.0244  0.0243  0.0243  0.0249  0.0247  0.0249  0.0243  0.0242  0.0242  0.0242  0.0242  0.0242
  0.0243  0.0242  0.0243  0.0242  0.0242  0.0242  0.0241  0.0241  0.0241  0.0241  0.0241  0.0241
  0.0244  0.0244  0.0244  0.0241  0.0242  0.0239  0.0242  0.0244  0.0242  0.0242  0.0241  0.0242
  0.0249  0.0248  0.0246  0.0249  0.0249  0.0247  0.0246  0.0252  0.0245  0.0246  0.0243  0.0245
  0.0257  0.0254  0.0250  0.0270  0.0262  0.0263  0.0254  0.0267  0.0249  0.0254  0.0246  0.0250
niter,ni,del,rscale     3    3    5.0000    0.6000
parameters
    4.6505   -4.5269    8.3281   -5.9227  -14.1693  -10.5460
    3.9305    3.3201   -3.7148   18.1355    1.1320  -23.7490
eta,q 0.97608 13.11952
  0.0251  0.0248  0.0247  0.0261  0.0257  0.0258  0.0250  0.0259  0.0246  0.0250  0.0246  0.0249
  0.0245  0.0244  0.0243  0.0253  0.0250  0.0252  0.0244  0.0247  0.0242  0.0244  0.0242  0.0243
  0.0242  0.0241  0.0241  0.0246  0.0244  0.0246  0.0241  0.0241  0.0240  0.0240  0.0240  0.0240
  0.0241  0.0241  0.0241  0.0241  0.0240  0.0240  0.0239  0.0239  0.0239  0.0239  0.0239  0.0239
  0.0242  0.0242  0.0241  0.0240  0.0241  0.0238  0.0240  0.0242  0.0240  0.0240  0.0240  0.0240
  0.0246  0.0245  0.0243  0.0246  0.0246  0.0245  0.0244  0.0248  0.0242  0.0244  0.0241  0.0243
  0.0252  0.0250  0.0246  0.0262  0.0257  0.0257  0.0250  0.0260  0.0246  0.0250  0.0244  0.0246
niter,ni,del,rscale     2    3    5.0000    0.5000
parameters
    4.6230   -4.5730    8.4335   -5.7783  -14.0762  -10.2161
    3.9435    3.2859   -3.7108   18.0700    1.2044  -23.5808
eta,q 0.97621 13.13794
  0.0247  0.0244  0.0245  0.0255  0.0251  0.0254  0.0246  0.0253  0.0243  0.0246  0.0243  0.0245
  0.0242  0.0241  0.0242  0.0248  0.0246  0.0249  0.0241  0.0244  0.0240  0.0241  0.0240  0.0241
  0.0240  0.0240  0.0240  0.0243  0.0241  0.0244  0.0239  0.0239  0.0238  0.0239  0.0238  0.0239
  0.0239  0.0239  0.0239  0.0239  0.0239  0.0239  0.0238  0.0238  0.0238  0.0238  0.0238  0.0238
  0.0240  0.0240  0.0239  0.0239  0.0239  0.0238  0.0239  0.0240  0.0238  0.0239  0.0238  0.0239
  0.0243  0.0242  0.0241  0.0244  0.0244  0.0242  0.0241  0.0245  0.0240  0.0242  0.0240  0.0240
  0.0248  0.0246  0.0243  0.0255  0.0251  0.0251  0.0246  0.0254  0.0243  0.0247  0.0242  0.0243
niter,ni,del,rscale     1    3    5.0000    0.4000
parameters
    4.6048   -4.6105    8.5959   -5.6646  -13.9913   -9.8608
    3.9410    3.2771   -3.6876   17.9848    1.2220  -23.4081
eta,q 0.97632 13.15571
  0.0243  0.0241  0.0242  0.0249  0.0246  0.0250  0.0242  0.0247  0.0240  0.0242  0.0240  0.0242
  0.0240  0.0239  0.0240  0.0244  0.0242  0.0246  0.0239  0.0241  0.0238  0.0239  0.0238  0.0239
  0.0238  0.0238  0.0239  0.0240  0.0239  0.0241  0.0237  0.0238  0.0237  0.0237  0.0237  0.0237
  0.0238  0.0238  0.0238  0.0238  0.0238  0.0238  0.0237  0.0237  0.0237  0.0237  0.0237  0.0237
  0.0239  0.0238  0.0238  0.0238  0.0238  0.0237  0.0237  0.0238  0.0237  0.0237  0.0237  0.0237
  0.0240  0.0240  0.0238  0.0241  0.0241  0.0240  0.0239  0.0242  0.0238  0.0240  0.0238  0.0238
  0.0244  0.0242  0.0240  0.0249  0.0246  0.0246  0.0242  0.0248  0.0240  0.0243  0.0240  0.0240
registration optimization eta report
parameter search radius
    0.8000    0.8000    0.8000    2.7600    2.4000    2.4000
    2.4000    2.4000    2.4000    2.4000    2.4000    2.4000
100000*second partial in parameter space
       84.       60.       48.       14.       14.       18.
        9.       19.        6.       10.        5.        7.
  0.0243  0.0241  0.0242  0.0249  0.0246  0.0250  0.0242  0.0247  0.0240  0.0242  0.0240  0.0242
  0.0240  0.0239  0.0240  0.0244  0.0242  0.0246  0.0239  0.0241  0.0238  0.0239  0.0238  0.0239
  0.0238  0.0238  0.0239  0.0240  0.0239  0.0241  0.0237  0.0238  0.0237  0.0237  0.0237  0.0237
  0.0238  0.0238  0.0238  0.0238  0.0238  0.0238  0.0237  0.0237  0.0237  0.0237  0.0237  0.0237
  0.0239  0.0238  0.0238  0.0238  0.0238  0.0237  0.0237  0.0238  0.0237  0.0237  0.0237  0.0237
  0.0240  0.0240  0.0238  0.0241  0.0241  0.0240  0.0239  0.0242  0.0238  0.0240  0.0238  0.0238
  0.0244  0.0242  0.0240  0.0249  0.0246  0.0246  0.0242  0.0248  0.0240  0.0243  0.0240  0.0240
    4.6048   -4.6105    8.5959   -5.6646  -13.9913   -9.8608
    3.9410    3.2771   -3.6876   17.9848    1.2220  -23.4081
eta,q 0.97632 13.15571

---------------------------------------------------------------------
imgreg_4dfp /opt/freesurfer/average/711-2C_as_mni_average_305 /opt/freesurfer/average/711-2B_as_mni_average_305_mask talsrcimg_g11 none talsrcimg_to_711-2C_as_mni_average_305_t4 2311
---------------------------------------------------------------------

freesurfer imgreg_4dfp.c
/opt/freesurfer/average/711-2C_as_mni_average_305.4dfp.img
       256       256       256         1
  1.000000  1.000000  1.000000
orientation T byte_order littleendian
Reading image: /opt/freesurfer/average/711-2C_as_mni_average_305.4dfp.img
dimensions:      256       256       256
mmppix:       1.0000   -1.0000   -1.0000
center:     128.0000 -129.0000 -129.0000
/opt/freesurfer/average/711-2B_as_mni_average_305_mask.4dfp.img
       256       256       256         1
  1.000000  1.000000  1.000000
orientation T byte_order littleendian
Reading mask: /opt/freesurfer/average/711-2B_as_mni_average_305_mask.4dfp.img (2306576 pixels)
talsrcimg_g11.4dfp.img
       256       256       256         1
  1.000000  1.000000  1.000000
orientation T byte_order littleendian
Reading image: talsrcimg_g11.4dfp.img
dimensions:      256       256       256
mmppix:       1.0000   -1.0000   -1.0000
center:     128.0000 -129.0000 -129.0000
fimgreg.f
image alignment mode   2311 decimal      907 hex
parameters
    4.6048   -4.6105    8.5959   -5.6646  -13.9913   -9.8608
    3.9410    3.2771   -3.6876   17.9848    1.2220  -23.4081
eta,q 0.97632 13.15571
niter,ni,del,rscale     5    3    5.0000    0.8000
parameters
    4.5763   -4.6405    8.8676   -6.3448  -14.1905   -9.9396
    3.9779    3.1526   -3.7517   17.6169    1.0483  -23.3432
eta,q 0.97616 13.12648
  0.0258  0.0252  0.0254  0.0258  0.0263  0.0262  0.0256  0.0270  0.0250  0.0255  0.0246  0.0253
  0.0246  0.0243  0.0245  0.0249  0.0252  0.0255  0.0247  0.0251  0.0243  0.0245  0.0241  0.0244
  0.0239  0.0238  0.0239  0.0241  0.0243  0.0247  0.0241  0.0241  0.0240  0.0240  0.0239  0.0239
  0.0237  0.0237  0.0237  0.0237  0.0238  0.0238  0.0239  0.0239  0.0239  0.0238  0.0238  0.0238
  0.0239  0.0239  0.0237  0.0240  0.0241  0.0238  0.0240  0.0243  0.0240  0.0242  0.0240  0.0241
  0.0247  0.0244  0.0240  0.0256  0.0252  0.0251  0.0246  0.0254  0.0244  0.0249  0.0243  0.0245
  0.0260  0.0253  0.0245  0.0286  0.0271  0.0271  0.0256  0.0274  0.0250  0.0261  0.0247  0.0251
niter,ni,del,rscale     4    3    5.0000    0.7000
parameters
    4.6381   -4.6315    8.8539   -6.1331  -14.1570   -9.9236
    3.9708    3.2492   -3.7541   17.6181    1.0051  -23.3560
eta,q 0.97623 13.13293
  0.0254  0.0250  0.0246  0.0259  0.0259  0.0258  0.0251  0.0266  0.0247  0.0253  0.0245  0.0249
  0.0246  0.0244  0.0242  0.0251  0.0250  0.0252  0.0244  0.0250  0.0242  0.0244  0.0240  0.0242
  0.0241  0.0240  0.0239  0.0244  0.0242  0.0245  0.0239  0.0240  0.0239  0.0239  0.0238  0.0238
  0.0238  0.0238  0.0238  0.0238  0.0238  0.0238  0.0238  0.0238  0.0238  0.0238  0.0238  0.0238
  0.0239  0.0240  0.0240  0.0237  0.0239  0.0238  0.0239  0.0240  0.0239  0.0239  0.0239  0.0239
  0.0244  0.0243  0.0242  0.0243  0.0247  0.0247  0.0244  0.0248  0.0242  0.0244  0.0241  0.0243
  0.0252  0.0249  0.0246  0.0260  0.0261  0.0263  0.0252  0.0263  0.0247  0.0253  0.0245  0.0248
niter,ni,del,rscale     3    3    5.0000    0.6000
parameters
    4.6378   -4.6478    8.8345   -5.9489  -14.0833   -9.8081
    3.9592    3.2946   -3.7250   17.6746    1.0478  -23.3221
eta,q 0.97630 13.14553
  0.0249  0.0246  0.0244  0.0254  0.0254  0.0255  0.0247  0.0258  0.0244  0.0249  0.0243  0.0246
  0.0243  0.0241  0.0240  0.0247  0.0247  0.0250  0.0242  0.0246  0.0240  0.0242  0.0239  0.0241
  0.0239  0.0239  0.0238  0.0242  0.0241  0.0243  0.0238  0.0239  0.0238  0.0238  0.0237  0.0238
  0.0238  0.0238  0.0238  0.0238  0.0237  0.0237  0.0237  0.0237  0.0237  0.0237  0.0237  0.0237
  0.0239  0.0239  0.0239  0.0237  0.0238  0.0237  0.0238  0.0239  0.0238  0.0238  0.0238  0.0238
  0.0243  0.0242  0.0241  0.0242  0.0244  0.0244  0.0242  0.0246  0.0240  0.0242  0.0239  0.0241
  0.0249  0.0246  0.0244  0.0254  0.0255  0.0257  0.0248  0.0257  0.0244  0.0248  0.0242  0.0245
niter,ni,del,rscale     2    3    5.0000    0.5000
parameters
    4.6265   -4.6626    8.8745   -5.8093  -14.0115   -9.5959
    3.9452    3.3114   -3.6888   17.7066    1.0844  -23.2317
eta,q 0.97638 13.15947
  0.0245  0.0243  0.0242  0.0249  0.0249  0.0252  0.0244  0.0252  0.0241  0.0245  0.0241  0.0243
  0.0240  0.0239  0.0239  0.0244  0.0243  0.0247  0.0240  0.0243  0.0238  0.0240  0.0238  0.0239
  0.0238  0.0237  0.0237  0.0240  0.0239  0.0241  0.0237  0.0238  0.0237  0.0237  0.0237  0.0237
  0.0237  0.0237  0.0237  0.0237  0.0237  0.0237  0.0236  0.0236  0.0236  0.0236  0.0236  0.0236
  0.0238  0.0238  0.0237  0.0237  0.0237  0.0236  0.0237  0.0238  0.0237  0.0237  0.0237  0.0237
  0.0241  0.0240  0.0239  0.0240  0.0241  0.0241  0.0239  0.0243  0.0238  0.0240  0.0238  0.0239
  0.0245  0.0243  0.0241  0.0249  0.0249  0.0251  0.0244  0.0252  0.0241  0.0244  0.0240  0.0242
niter,ni,del,rscale     1    3    5.0000    0.4000
parameters
    4.6141   -4.6712    8.9788   -5.7169  -13.9401   -9.3242
    3.9243    3.3214   -3.6594   17.6905    1.0937  -23.1071
eta,q 0.97646 13.17356
  0.0241  0.0240  0.0240  0.0245  0.0245  0.0249  0.0240  0.0246  0.0239  0.0241  0.0239  0.0240
  0.0238  0.0238  0.0238  0.0241  0.0240  0.0244  0.0238  0.0240  0.0237  0.0238  0.0237  0.0237
  0.0237  0.0236  0.0237  0.0238  0.0237  0.0239  0.0236  0.0237  0.0236  0.0236  0.0236  0.0236
  0.0236  0.0236  0.0236  0.0236  0.0236  0.0236  0.0235  0.0236  0.0235  0.0235  0.0235  0.0235
  0.0237  0.0237  0.0236  0.0236  0.0236  0.0236  0.0236  0.0237  0.0236  0.0236  0.0236  0.0236
  0.0239  0.0238  0.0237  0.0239  0.0239  0.0239  0.0238  0.0240  0.0237  0.0238  0.0237  0.0237
  0.0242  0.0240  0.0238  0.0244  0.0244  0.0245  0.0241  0.0246  0.0239  0.0241  0.0239  0.0239
registration optimization eta report
parameter search radius
    0.8000    0.8000    0.8000    2.4000    2.4000    2.4000
    2.4000    2.4000    2.4000    2.4000    2.4000    2.4000
100000*second partial in parameter space
       85.       62.       49.       14.       14.       19.
        9.       19.        6.       10.        5.        7.
  0.0241  0.0240  0.0240  0.0245  0.0245  0.0249  0.0240  0.0246  0.0239  0.0241  0.0239  0.0240
  0.0238  0.0238  0.0238  0.0241  0.0240  0.0244  0.0238  0.0240  0.0237  0.0238  0.0237  0.0237
  0.0237  0.0236  0.0237  0.0238  0.0237  0.0239  0.0236  0.0237  0.0236  0.0236  0.0236  0.0236
  0.0236  0.0236  0.0236  0.0236  0.0236  0.0236  0.0235  0.0236  0.0235  0.0235  0.0235  0.0235
  0.0237  0.0237  0.0236  0.0236  0.0236  0.0236  0.0236  0.0237  0.0236  0.0236  0.0236  0.0236
  0.0239  0.0238  0.0237  0.0239  0.0239  0.0239  0.0238  0.0240  0.0237  0.0238  0.0237  0.0237
  0.0242  0.0240  0.0238  0.0244  0.0244  0.0245  0.0241  0.0246  0.0239  0.0241  0.0239  0.0239
    4.6141   -4.6712    8.9788   -5.7169  -13.9401   -9.3242
    3.9243    3.3214   -3.6594   17.6905    1.0937  -23.1071
eta,q 0.97646 13.17356

---------------------------------------------------------------------
compute_vox2vox talsrcimg talsrcimg_to_711-2C_as_mni_average_305_t4 /opt/freesurfer/average/711-2C_as_mni_average_305
---------------------------------------------------------------------

freesurfer compute_vox2vox.c
Reading: talsrcimg.4dfp.ifh
Reading: talsrcimg_to_711-2C_as_mni_average_305_t4
Reading: /opt/freesurfer/average/711-2C_as_mni_average_305.4dfp.ifh
Writing: talsrcimg_to_711-2C_as_mni_average_305_t4_vox2vox.txt

start time Thu Mar 12 18:24:56 CET 2026
end		time Thu Mar 12 18:26:29 CET 2026

mpr2mni305 success

avi2talxfm orig_nu.mgz /opt/freesurfer/average/mni305.cor.mgz talsrcimg_to_711-2C_as_mni_average_305_t4_vox2vox.txt transforms/talairach.auto.xfm
avi2talxfm done
mv -f /out/sourcedata/freesurfer/sub-v1s20x0050354_ses-1/mri/talsrcimg_to_711-2C_as_mni_average_305_t4_vox2vox.txt /out/sourcedata/freesurfer/sub-v1s20x0050354_ses-1/mri/transforms/talsrcimg_to_711-2C_as_mni_average_305_t4_vox2vox.txt
lta_convert --src orig_nu.mgz --trg /opt/freesurfer/average/mni305.cor.mgz --inxfm transforms/talairach.auto.xfm --outlta transforms/talairach.auto.xfm.lta --subject fsaverage
7.3.2

--src: orig_nu.mgz src image (geometry).
--trg: /opt/freesurfer/average/mni305.cor.mgz trg image (geometry).
--inmni: transforms/talairach.auto.xfm input MNI/XFM transform.
--outlta: transforms/talairach.auto.xfm.lta output LTA.
--s: fsaverage subject name
 LTA read, type : 1
 1.05879  -0.02790  -0.05577  -5.40772;
-0.00123   1.04797   0.28144  -8.76976;
 0.04527  -0.21661   1.10176   5.98167;
 0.00000   0.00000   0.00000   1.00000;
setting subject to fsaverage
Writing  LTA to file transforms/talairach.auto.xfm.lta...
lta_convert successful.
 
 
Started at Thu Mar 12 18:24:56 CET 2026
Ended   at Thu Mar 12 18:26:30 CET 2026
talairach_avi done
