/out/sourcedata/freesurfer/sub-v1s20x0050320_ses-1/mri
/opt/freesurfer/bin/talairach_avi
--i orig_nu.mgz --xfm transforms/talairach.auto.xfm
talairach_avi 7.3.2
Linux dna073 5.14.0-427.37.1.el9_4.x86_64 #1 SMP PREEMPT_DYNAMIC Fri Sep 13 12:41:50 EDT 2024 x86_64 x86_64 x86_64 GNU/Linux
Mon Mar  9 07:50:38 CET 2026
mri_convert orig_nu.mgz talsrcimg.img 
reading from orig_nu.mgz...
TR=0.00, TE=0.00, TI=0.00, flip angle=0.00
i_ras = (-1, 0, 0)
j_ras = (0, 0, -1)
k_ras = (0, 1, 0)
writing to talsrcimg.img...
Analyze Output Matrix
-1.00000   0.00000   0.00000   129.50781;
 0.00000   0.00000   1.00000  -128.49219;
 0.00000  -1.00000   0.00000   129.60004;
 0.00000   0.00000   0.00000   1.00000;
--------------------
INFO: set hdr.hist.orient to -1
mpr2mni305 talsrcimg
Mon Mar  9 07:50:39 CET 2026
/opt/freesurfer/bin/mpr2mni305 talsrcimg
mpr2mni305 7.3.2
target=711-2C_as_mni_average_305

---------------------------------------------------------------------
analyzeto4dfp talsrcimg -O0 -y
---------------------------------------------------------------------

freesurfer ifh2hdr.c
Mon Mar  9 07:50:39 2026
Writing: talsrcimg.4dfp.hdr
freesurfer analyzeto4dfp.c
Reading: talsrcimg.hdr
header size 348 bytes
hdr.dime.datatype	offset=70	value=2
hdr.dime.bitpix		offset=72	value=8
hdr.hist.orient		offset=252	value=-1
dimensionality     4
dimensions       256       256       256         1
Reading: talsrcimg.img
Writing: talsrcimg.4dfp.img
Writing: talsrcimg.4dfp.ifh
ifh2hdr talsrcimg -r0to255
ori=2

---------------------------------------------------------------------
gauss_4dfp talsrcimg 1.1
---------------------------------------------------------------------

freesurfer gauss_4dfp.c
Reading: talsrcimg.4dfp.img
Writing: talsrcimg_g11.4dfp.img
image dimensions 256 256 256 padded to 288 288 288
processing volume 1freesurfer ifh2hdr.c
Mon Mar  9 07:50:40 2026
Writing: talsrcimg_g11.4dfp.hdr

Writing: talsrcimg_g11.4dfp.ifh
including: talsrcimg.4dfp.img.rec in talsrcimg_g11.4dfp.img.rec

---------------------------------------------------------------------
imgreg_4dfp /opt/freesurfer/average/711-2C_as_mni_average_305 none talsrcimg_g11 none talsrcimg_to_711-2C_as_mni_average_305_t4 4355
---------------------------------------------------------------------

freesurfer imgreg_4dfp.c
/opt/freesurfer/average/711-2C_as_mni_average_305.4dfp.img
       256       256       256         1
  1.000000  1.000000  1.000000
orientation T byte_order littleendian
Reading image: /opt/freesurfer/average/711-2C_as_mni_average_305.4dfp.img
dimensions:      256       256       256
mmppix:       1.0000   -1.0000   -1.0000
center:     128.0000 -129.0000 -129.0000
talsrcimg_g11.4dfp.img
       256       256       256         1
  1.000000  1.000000  1.000000
orientation T byte_order littleendian
Reading image: talsrcimg_g11.4dfp.img
dimensions:      256       256       256
mmppix:       1.0000   -1.0000   -1.0000
center:     128.0000 -129.0000 -129.0000
t4_read: open error in t4_sub.f l:  41 t4_file(1:l)talsrcimg_to_711-2C_as_mni_average_305_t4 
t4_read: transform initialized to I4
rotation matrix determinant  1.000000
image alignment mode   4355 decimal     1103 hex
   -7.5000  -45.0000  -45.0000 6898.5825   14.4588
    0.0000  -45.0000  -45.0000 7281.1011   14.4664
    7.5000  -45.0000  -45.0000 6990.5005   14.4772
   -7.5000  -37.5000  -45.0000 7379.8047   14.4227
    0.0000  -37.5000  -45.0000 7783.1787   14.4291
    7.5000  -37.5000  -45.0000 7476.5103   14.4404
   -7.5000  -30.0000  -45.0000 8115.7422   14.4002
    0.0000  -30.0000  -45.0000 8584.7744   14.4055
    7.5000  -30.0000  -45.0000 8245.1338   14.4185
   -7.5000  -22.5000  -45.0000 8777.1094   14.4179
    0.0000  -22.5000  -45.0000 9304.1621   14.4234
    7.5000  -22.5000  -45.0000 8945.1523   14.4377
   -7.5000  -15.0000  -45.0000 9354.4258   14.4570
    0.0000  -15.0000  -45.0000 9914.8428   14.4640
    7.5000  -15.0000  -45.0000 9521.8447   14.4777
   -7.5000   -7.5000  -45.0000 9944.9189   14.4753
    0.0000   -7.5000  -45.000010515.0889   14.4834
    7.5000   -7.5000  -45.000010087.3613   14.4953
   -7.5000    0.0000  -45.000010474.0869   14.4588
    0.0000    0.0000  -45.000011055.7617   14.4664
    7.5000    0.0000  -45.000010619.8564   14.4772
   -7.5000    7.5000  -45.000010227.5938   14.4227
    0.0000    7.5000  -45.000010795.4775   14.4291
    7.5000    7.5000  -45.000010377.3428   14.4404
   -7.5000   15.0000  -45.0000 9887.3857   14.4002
    0.0000   15.0000  -45.000010423.9082   14.4055
    7.5000   15.0000  -45.000010024.6338   14.4185
   -7.5000   22.5000  -45.0000 9294.5293   14.4159
    0.0000   22.5000  -45.0000 9816.6348   14.4214
    7.5000   22.5000  -45.0000 9434.6289   14.4357
   -7.5000   30.0000  -45.0000 8583.6748   14.2643
    0.0000   30.0000  -45.0000 9074.5547   14.2713
    7.5000   30.0000  -45.0000 8720.9688   14.2848
   -7.5000   37.5000  -45.0000 8211.5020   14.2824
    0.0000   37.5000  -45.0000 8698.1787   14.2904
    7.5000   37.5000  -45.0000 8367.9639   14.3022
   -7.5000   45.0000  -45.0000 7529.4814   13.9038
    0.0000   45.0000  -45.0000 7957.3462   13.9112
    7.5000   45.0000  -45.0000 7647.5312   13.9216
   -7.5000  -45.0000  -37.5000 7379.9717   14.2075
    0.0000  -45.0000  -37.5000 7801.0298   14.2039
    7.5000  -45.0000  -37.5000 7487.4009   14.2060
   -7.5000  -37.5000  -37.5000 7907.8574   14.1750
    0.0000  -37.5000  -37.5000 8340.8086   14.1700
    7.5000  -37.5000  -37.5000 8000.4033   14.1719
   -7.5000  -30.0000  -37.5000 8691.4170   14.1532
    0.0000  -30.0000  -37.5000 9174.4902   14.1461
    7.5000  -30.0000  -37.5000 8800.0986   14.1501
   -7.5000  -22.5000  -37.5000 9387.0547   14.1683
    0.0000  -22.5000  -37.5000 9930.0342   14.1604
    7.5000  -22.5000  -37.5000 9502.8369   14.1667
   -7.5000  -15.0000  -37.5000 9960.1309   14.2046
    0.0000  -15.0000  -37.500010540.7002   14.1981
    7.5000  -15.0000  -37.500010101.3662   14.2048
   -7.5000   -7.5000  -37.500010542.8291   14.2220
    0.0000   -7.5000  -37.500011170.5889   14.2177
    7.5000   -7.5000  -37.500010714.4463   14.2223
   -7.5000    0.0000  -37.500011083.6064   14.2075
    0.0000    0.0000  -37.500011744.5586   14.2039
    7.5000    0.0000  -37.500011264.9512   14.2060
   -7.5000    7.5000  -37.500010837.5342   14.1750
    0.0000    7.5000  -37.500011476.8164   14.1700
    7.5000    7.5000  -37.500011003.2246   14.1719
   -7.5000   15.0000  -37.500010469.8672   14.1532
    0.0000   15.0000  -37.500011071.6016   14.1461
    7.5000   15.0000  -37.500010604.4736   14.1501
   -7.5000   22.5000  -37.5000 9796.4971   14.1664
    0.0000   22.5000  -37.500010371.7422   14.1585
    7.5000   22.5000  -37.5000 9936.8027   14.1647
   -7.5000   30.0000  -37.5000 9016.2188   14.0153
    0.0000   30.0000  -37.5000 9569.2314   14.0089
    7.5000   30.0000  -37.5000 9177.9209   14.0155
   -7.5000   37.5000  -37.5000 8600.4551   14.0324
    0.0000   37.5000  -37.5000 9113.3145   14.0282
    7.5000   37.5000  -37.5000 8764.8193   14.0328
   -7.5000   45.0000  -37.5000 7854.0171   13.6622
    0.0000   45.0000  -37.5000 8296.9189   13.6587
    7.5000   45.0000  -37.5000 7979.1445   13.6608
   -7.5000  -45.0000  -30.0000 8038.4727   14.5952
    0.0000  -45.0000  -30.0000 8509.4346   14.5845
    7.5000  -45.0000  -30.0000 8180.5049   14.5788
   -7.5000  -37.5000  -30.0000 8605.0332   14.5682
    0.0000  -37.5000  -30.0000 9097.3184   14.5563
    7.5000  -37.5000  -30.0000 8734.9053   14.5494
   -7.5000  -30.0000  -30.0000 9453.8994   14.5514
    0.0000  -30.0000  -30.0000 9985.7246   14.5365
    7.5000  -30.0000  -30.0000 9565.1064   14.5314
   -7.5000  -22.5000  -30.000010203.1875   14.5662
    0.0000  -22.5000  -30.000010781.6064   14.5494
    7.5000  -22.5000  -30.000010300.9834   14.5472
   -7.5000  -15.0000  -30.000010793.6738   14.5973
    0.0000  -15.0000  -30.000011428.7061   14.5818
    7.5000  -15.0000  -30.000010936.9502   14.5809
   -7.5000   -7.5000  -30.000011413.5391   14.6096
    0.0000   -7.5000  -30.000012094.8965   14.5971
    7.5000   -7.5000  -30.000011570.7402   14.5945
   -7.5000    0.0000  -30.000011958.8975   14.5952
    0.0000    0.0000  -30.000012680.4756   14.5845
    7.5000    0.0000  -30.000012136.5293   14.5788
   -7.5000    7.5000  -30.000011701.0088   14.5682
    0.0000    7.5000  -30.000012393.4697   14.5563
    7.5000    7.5000  -30.000011851.0410   14.5494
   -7.5000   15.0000  -30.000011257.1318   14.5514
    0.0000   15.0000  -30.000011911.0713   14.5365
    7.5000   15.0000  -30.000011389.8740   14.5314
   -7.5000   22.5000  -30.000010514.0342   14.5627
    0.0000   22.5000  -30.000011121.1045   14.5459
    7.5000   22.5000  -30.000010639.1064   14.5437
   -7.5000   30.0000  -30.0000 9666.3125   14.4042
    0.0000   30.0000  -30.000010229.5029   14.3889
    7.5000   30.0000  -30.0000 9805.3906   14.3880
   -7.5000   37.5000  -30.0000 9177.4209   14.4163
    0.0000   37.5000  -30.0000 9703.4092   14.4039
    7.5000   37.5000  -30.0000 9340.0811   14.4013
   -7.5000   45.0000  -30.0000 8356.0303   14.0453
    0.0000   45.0000  -30.0000 8823.5459   14.0350
    7.5000   45.0000  -30.0000 8498.2090   14.0296
   -7.5000  -45.0000  -22.5000 8782.4541   14.9779
    0.0000  -45.0000  -22.5000 9281.1113   14.9742
    7.5000  -45.0000  -22.5000 8926.8389   14.9723
   -7.5000  -37.5000  -22.5000 9383.9219   14.9500
    0.0000  -37.5000  -22.5000 9902.6719   14.9452
    7.5000  -37.5000  -22.5000 9520.0391   14.9416
   -7.5000  -30.0000  -22.500010296.7988   14.9355
    0.0000  -30.0000  -22.500010848.6895   14.9268
    7.5000  -30.0000  -22.500010414.4941   14.9232
   -7.5000  -22.5000  -22.500011074.3027   14.9532
    0.0000  -22.5000  -22.500011687.5752   14.9421
    7.5000  -22.5000  -22.500011203.6182   14.9407
   -7.5000  -15.0000  -22.500011706.8447   14.9849
    0.0000  -15.0000  -22.500012385.6396   14.9746
    7.5000  -15.0000  -22.500011876.6025   14.9750
   -7.5000   -7.5000  -22.500012369.7539   14.9949
    0.0000   -7.5000  -22.500013089.1611   14.9883
    7.5000   -7.5000  -22.500012533.8066   14.9882
   -7.5000    0.0000  -22.500012933.2266   14.9779
    0.0000    0.0000  -22.500013665.0498   14.9742
    7.5000    0.0000  -22.500013097.0078   14.9723
   -7.5000    7.5000  -22.500012618.1035   14.9500
    0.0000    7.5000  -22.500013339.8184   14.9452
    7.5000    7.5000  -22.500012781.9785   14.9416
   -7.5000   15.0000  -22.500012086.3838   14.9355
    0.0000   15.0000  -22.500012774.1475   14.9268
    7.5000   15.0000  -22.500012252.4092   14.9232
   -7.5000   22.5000  -22.500011293.6162   14.9486
    0.0000   22.5000  -22.500011921.2275   14.9374
    7.5000   22.5000  -22.500011420.5947   14.9361
   -7.5000   30.0000  -22.500010375.4014   14.7889
    0.0000   30.0000  -22.500010957.1602   14.7787
    7.5000   30.0000  -22.500010515.2656   14.7791
   -7.5000   37.5000  -22.5000 9841.9326   14.7988
    0.0000   37.5000  -22.500010390.5488   14.7922
    7.5000   37.5000  -22.5000 9997.1299   14.7922
   -7.5000   45.0000  -22.5000 8910.1621   14.4244
    0.0000   45.0000  -22.5000 9426.3633   14.4209
    7.5000   45.0000  -22.5000 9081.1143   14.4191
   -7.5000  -45.0000  -15.0000 9577.0742   15.3359
    0.0000  -45.0000  -15.000010087.3672   15.3443
    7.5000  -45.0000  -15.0000 9728.8545   15.3515
   -7.5000  -37.5000  -15.000010229.3672   15.3034
    0.0000  -37.5000  -15.000010767.5986   15.3107
    7.5000  -37.5000  -15.000010377.1846   15.3165
   -7.5000  -30.0000  -15.000011189.5693   15.2867
    0.0000  -30.0000  -15.000011775.5146   15.2906
    7.5000  -30.0000  -15.000011340.1006   15.2955
   -7.5000  -22.5000  -15.000012033.0459   15.3068
    0.0000  -22.5000  -15.000012664.0967   15.3087
    7.5000  -22.5000  -15.000012157.5576   15.3146
   -7.5000  -15.0000  -15.000012726.9258   15.3423
    0.0000  -15.0000  -15.000013439.1758   15.3448
    7.5000  -15.0000  -15.000012882.2178   15.3522
   -7.5000   -7.5000  -15.000013392.2178   15.3546
    0.0000   -7.5000  -15.000014166.8457   15.3602
    7.5000   -7.5000  -15.000013567.9404   15.3680
   -7.5000    0.0000  -15.000013968.9600   15.3359
    0.0000    0.0000  -15.000014749.1553   15.3443
    7.5000    0.0000  -15.000014133.3193   15.3515
   -7.5000    7.5000  -15.000013589.0566   15.3034
    0.0000    7.5000  -15.000014369.4180   15.3107
    7.5000    7.5000  -15.000013777.2998   15.3165
   -7.5000   15.0000  -15.000012998.1387   15.2867
    0.0000   15.0000  -15.000013736.8223   15.2906
    7.5000   15.0000  -15.000013190.5400   15.2955
   -7.5000   22.5000  -15.000012128.1221   15.3013
    0.0000   22.5000  -15.000012804.9482   15.3032
    7.5000   22.5000  -15.000012314.9326   15.3092
   -7.5000   30.0000  -15.000011143.1406   15.1438
    0.0000   30.0000  -15.000011749.4922   15.1462
    7.5000   30.0000  -15.000011314.4980   15.1535
   -7.5000   37.5000  -15.000010563.9893   15.1559
    0.0000   37.5000  -15.000011124.1738   15.1614
    7.5000   37.5000  -15.000010711.9180   15.1691
   -7.5000   45.0000  -15.0000 9540.5684   14.7781
    0.0000   45.0000  -15.000010089.0684   14.7863
    7.5000   45.0000  -15.0000 9714.4863   14.7932
   -7.5000  -45.0000   -7.500010412.8203   15.5366
    0.0000  -45.0000   -7.500010972.7656   15.5504
    7.5000  -45.0000   -7.500010593.7666   15.5643
   -7.5000  -37.5000   -7.500011112.7998   15.4992
    0.0000  -37.5000   -7.500011730.5996   15.5115
    7.5000  -37.5000   -7.500011299.0869   15.5247
   -7.5000  -30.0000   -7.500012164.0957   15.4783
    0.0000  -30.0000   -7.500012825.5166   15.4884
    7.5000  -30.0000   -7.500012339.5791   15.5012
   -7.5000  -22.5000   -7.500013053.0674   15.4992
    0.0000  -22.5000   -7.500013767.5576   15.5088
    7.5000  -22.5000   -7.500013218.4551   15.5224
   -7.5000  -15.0000   -7.500013792.1123   15.5397
    0.0000  -15.0000   -7.500014602.0703   15.5503
    7.5000  -15.0000   -7.500013983.5762   15.5648
   -7.5000   -7.5000   -7.500014493.2754   15.5561
    0.0000   -7.5000   -7.500015326.4736   15.5688
    7.5000   -7.5000   -7.500014666.6963   15.5831
   -7.5000    0.0000   -7.500015119.5283   15.5366
    0.0000    0.0000   -7.500015973.2197   15.5504
    7.5000    0.0000   -7.500015288.6035   15.5643
   -7.5000    7.5000   -7.500014688.9219   15.4992
    0.0000    7.5000   -7.500015529.2891   15.5115
    7.5000    7.5000   -7.500014896.8184   15.5247
   -7.5000   15.0000   -7.500014038.5176   15.4783
    0.0000   15.0000   -7.500014821.1963   15.4884
    7.5000   15.0000   -7.500014222.5049   15.5012
   -7.5000   22.5000   -7.500013066.0186   15.4921
    0.0000   22.5000   -7.500013815.9385   15.5016
    7.5000   22.5000   -7.500013283.8584   15.5153
   -7.5000   30.0000   -7.500011989.7188   15.3382
    0.0000   30.0000   -7.500012668.0488   15.3486
    7.5000   30.0000   -7.500012212.5332   15.3630
   -7.5000   37.5000   -7.500011342.9678   15.3544
    0.0000   37.5000   -7.500011956.6123   15.3669
    7.5000   37.5000   -7.500011546.8340   15.3810
   -7.5000   45.0000   -7.500010230.9062   14.9743
    0.0000   45.0000   -7.500010781.8770   14.9877
    7.5000   45.0000   -7.500010405.4023   15.0011
   -7.5000  -45.0000    0.000011178.1436   15.5882
    0.0000  -45.0000    0.000011807.5889   15.5959
    7.5000  -45.0000    0.000011373.6387   15.6078
   -7.5000  -37.5000    0.000011944.0723   15.5498
    0.0000  -37.5000    0.000012661.0918   15.5556
    7.5000  -37.5000    0.000012173.6914   15.5673
   -7.5000  -30.0000    0.000013107.2490   15.5266
    0.0000  -30.0000    0.000013867.5361   15.5310
    7.5000  -30.0000    0.000013341.7490   15.5440
   -7.5000  -22.5000    0.000014097.7520   15.5465
    0.0000  -22.5000    0.000014915.0889   15.5512
    7.5000  -22.5000    0.000014328.0303   15.5659
   -7.5000  -15.0000    0.000014835.5020   15.5886
    0.0000  -15.0000    0.000015716.7188   15.5953
    7.5000  -15.0000    0.000015035.7227   15.6101
   -7.5000   -7.5000    0.000015543.3027   15.6072
    0.0000   -7.5000    0.000016390.7676   15.6152
    7.5000   -7.5000    0.000015707.4561   15.6286
   -7.5000    0.0000    0.000016194.5654   15.5882
    0.0000    0.0000    0.000017101.4121   15.5959
    7.5000    0.0000    0.000016437.9609   15.6078
   -7.5000    7.5000    0.000015795.8848   15.5498
    0.0000    7.5000    0.000016671.2832   15.5556
    7.5000    7.5000    0.000016030.8896   15.5673
   -7.5000   15.0000    0.000015089.1602   15.5266
    0.0000   15.0000    0.000015912.2998   15.5310
    7.5000   15.0000    0.000015292.3076   15.5440
   -7.5000   22.5000    0.000014040.4834   15.5393
    0.0000   22.5000    0.000014852.2998   15.5441
    7.5000   22.5000    0.000014277.2139   15.5587
   -7.5000   30.0000    0.000012883.5859   15.3869
    0.0000   30.0000    0.000013665.0977   15.3935
    7.5000   30.0000    0.000013169.2949   15.4080
   -7.5000   37.5000    0.000012142.7783   15.4052
    0.0000   37.5000    0.000012869.2344   15.4131
    7.5000   37.5000    0.000012412.0967   15.4263
   -7.5000   45.0000    0.000010910.1475   15.0252
    0.0000   45.0000    0.000011526.1982   15.0326
    7.5000   45.0000    0.000011112.9863   15.0441
   -7.5000  -45.0000    7.500011049.7598   15.5864
    0.0000  -45.0000    7.500011720.3701   15.5813
    7.5000  -45.0000    7.500011255.4717   15.5840
   -7.5000  -37.5000    7.500011804.0840   15.5523
    0.0000  -37.5000    7.500012563.6465   15.5455
    7.5000  -37.5000    7.500012090.7939   15.5476
   -7.5000  -30.0000    7.500013035.4307   15.5318
    0.0000  -30.0000    7.500013864.4707   15.5229
    7.5000  -30.0000    7.500013378.6543   15.5273
   -7.5000  -22.5000    7.500014110.5557   15.5503
    0.0000  -22.5000    7.500015060.9004   15.5412
    7.5000  -22.5000    7.500014472.7383   15.5482
   -7.5000  -15.0000    7.500014862.2227   15.5890
    0.0000  -15.0000    7.500015728.6729   15.5816
    7.5000  -15.0000    7.500015071.5674   15.5893
   -7.5000   -7.5000    7.500015505.8721   15.6045
    0.0000   -7.5000    7.500016298.2402   15.5993
    7.5000   -7.5000    7.500015665.6162   15.6048
   -7.5000    0.0000    7.500016150.1367   15.5864
    0.0000    0.0000    7.500017051.9082   15.5813
    7.5000    0.0000    7.500016399.5605   15.5840
   -7.5000    7.5000    7.500015789.8535   15.5523
    0.0000    7.5000    7.500016671.6660   15.5455
    7.5000    7.5000    7.500016021.7656   15.5476
   -7.5000   15.0000    7.500015057.3018   15.5318
    0.0000   15.0000    7.500015911.7773   15.5229
    7.5000   15.0000    7.500015255.8262   15.5273
   -7.5000   22.5000    7.500014015.8076   15.5432
    0.0000   22.5000    7.500014865.7451   15.5340
    7.5000   22.5000    7.500014248.9404   15.5410
   -7.5000   30.0000    7.500012876.3389   15.3872
    0.0000   30.0000    7.500013711.1338   15.3800
    7.5000   30.0000    7.500013156.2080   15.3876
   -7.5000   37.5000    7.500012132.7480   15.4025
    0.0000   37.5000    7.500012904.2383   15.3974
    7.5000   37.5000    7.500012370.7607   15.4029
   -7.5000   45.0000    7.500010848.9941   15.0235
    0.0000   45.0000    7.500011494.4160   15.0186
    7.5000   45.0000    7.500011041.7656   15.0212
   -7.5000  -45.0000   15.000010695.6152   15.5676
    0.0000  -45.0000   15.000011400.5664   15.5563
    7.5000  -45.0000   15.000010933.7432   15.5517
   -7.5000  -37.5000   15.000011451.8115   15.5385
    0.0000  -37.5000   15.000012193.9395   15.5257
    7.5000  -37.5000   15.000011743.9834   15.5196
   -7.5000  -30.0000   15.000012734.2598   15.5222
    0.0000  -30.0000   15.000013750.3662   15.5060
    7.5000  -30.0000   15.000013273.7354   15.5015
   -7.5000  -22.5000   15.000013983.1611   15.5399
    0.0000  -22.5000   15.000015324.2969   15.5219
    7.5000  -22.5000   15.000014704.4209   15.5204
   -7.5000  -15.0000   15.000014816.8154   15.5737
    0.0000  -15.0000   15.000015957.2041   15.5572
    7.5000  -15.0000   15.000015277.0869   15.5573
   -7.5000   -7.5000   15.000015463.4229   15.5851
    0.0000   -7.5000   15.000016397.0879   15.5719
    7.5000   -7.5000   15.000015709.2285   15.5704
   -7.5000    0.0000   15.000016062.5791   15.5676
    0.0000    0.0000   15.000017039.2773   15.5563
    7.5000    0.0000   15.000016317.4736   15.5517
   -7.5000    7.5000   15.000015592.7773   15.5385
    0.0000    7.5000   15.000016584.8418   15.5257
    7.5000    7.5000   15.000015852.3477   15.5196
   -7.5000   15.0000   15.000014807.0342   15.5222
    0.0000   15.0000   15.000015780.7920   15.5060
    7.5000   15.0000   15.000015057.2979   15.5015
   -7.5000   22.5000   15.000013759.4424   15.5327
    0.0000   22.5000   15.000014695.0732   15.5147
    7.5000   22.5000   15.000014027.9053   15.5133
   -7.5000   30.0000   15.000012628.9062   15.3721
    0.0000   30.0000   15.000013526.0947   15.3559
    7.5000   30.0000   15.000012918.7480   15.3560
   -7.5000   37.5000   15.000011885.1240   15.3834
    0.0000   37.5000   15.000012705.0293   15.3704
    7.5000   37.5000   15.000012153.9609   15.3689
   -7.5000   45.0000   15.000010601.1445   15.0054
    0.0000   45.0000   15.000011297.3857   14.9945
    7.5000   45.0000   15.000010843.8330   14.9900
   -7.5000  -45.0000   22.500010321.4238   15.5478
    0.0000  -45.0000   22.500011034.6279   15.5440
    7.5000  -45.0000   22.500010585.4678   15.5420
   -7.5000  -37.5000   22.500011043.9219   15.5188
    0.0000  -37.5000   22.500011845.8926   15.5139
    7.5000  -37.5000   22.500011407.6416   15.5101
   -7.5000  -30.0000   22.500012249.0498   15.5038
    0.0000  -30.0000   22.500013575.9385   15.4948
    7.5000  -30.0000   22.500013035.4209   15.4910
   -7.5000  -22.5000   22.500013456.8447   15.5222
    0.0000  -22.5000   22.500015202.0146   15.5106
    7.5000  -22.5000   22.500014487.0410   15.5092
   -7.5000  -15.0000   22.500014360.2451   15.5551
    0.0000  -15.0000   22.500015850.5098   15.5444
    7.5000  -15.0000   22.500015077.4189   15.5448
   -7.5000   -7.5000   22.500015091.3125   15.5655
    0.0000   -7.5000   22.500016369.7598   15.5586
    7.5000   -7.5000   22.500015524.3154   15.5585
   -7.5000    0.0000   22.500015647.3350   15.5478
    0.0000    0.0000   22.500016877.8555   15.5440
    7.5000    0.0000   22.500016008.3213   15.5420
   -7.5000    7.5000   22.500015098.3711   15.5188
    0.0000    7.5000   22.500016226.2842   15.5139
    7.5000    7.5000   22.500015400.9316   15.5101
   -7.5000   15.0000   22.500014253.5039   15.5038
    0.0000   15.0000   22.500015256.2568   15.4948
    7.5000   15.0000   22.500014518.6777   15.4910
   -7.5000   22.5000   22.500013229.4199   15.5151
    0.0000   22.5000   22.500014155.1387   15.5035
    7.5000   22.5000   22.500013518.4072   15.5020
   -7.5000   30.0000   22.500012187.8965   15.3538
    0.0000   30.0000   22.500013052.1943   15.3432
    7.5000   30.0000   22.500012477.0664   15.3436
   -7.5000   37.5000   22.500011506.1514   15.3640
    0.0000   37.5000   22.500012295.4736   15.3572
    7.5000   37.5000   22.500011782.3711   15.3571
   -7.5000   45.0000   22.500010256.8428   14.9863
    0.0000   45.0000   22.500010951.2236   14.9826
    7.5000   45.0000   22.500010511.7334   14.9807
   -7.5000  -45.0000   30.0000 9749.4121   15.5463
    0.0000  -45.0000   30.000010489.5869   15.5549
    7.5000  -45.0000   30.000010026.2686   15.5621
   -7.5000  -37.5000   30.000010430.0254   15.5134
    0.0000  -37.5000   30.000011291.3848   15.5209
    7.5000  -37.5000   30.000010833.1455   15.5267
   -7.5000  -30.0000   30.000011501.1318   15.4964
    0.0000  -30.0000   30.000012737.0332   15.5004
    7.5000  -30.0000   30.000012144.2930   15.5054
   -7.5000  -22.5000   30.000012517.8037   15.5168
    0.0000  -22.5000   30.000013831.1309   15.5187
    7.5000  -22.5000   30.000013152.7314   15.5248
   -7.5000  -15.0000   30.000013366.0439   15.5529
    0.0000  -15.0000   30.000014510.4277   15.5553
    7.5000  -15.0000   30.000013811.5889   15.5629
   -7.5000   -7.5000   30.000014167.7344   15.5653
    0.0000   -7.5000   30.000015318.0098   15.5710
    7.5000   -7.5000   30.000014590.0723   15.5789
   -7.5000    0.0000   30.000014779.6338   15.5463
    0.0000    0.0000   30.000015957.2754   15.5549
    7.5000    0.0000   30.000015195.0723   15.5621
   -7.5000    7.5000   30.000014298.6436   15.5134
    0.0000    7.5000   30.000015348.9473   15.5209
    7.5000    7.5000   30.000014634.8340   15.5267
   -7.5000   15.0000   30.000013477.4404   15.4964
    0.0000   15.0000   30.000014413.8750   15.5004
    7.5000   15.0000   30.000013771.1846   15.5054
   -7.5000   22.5000   30.000012502.8506   15.5097
    0.0000   22.5000   30.000013395.1172   15.5116
    7.5000   22.5000   30.000012831.2266   15.5177
   -7.5000   30.0000   30.000011543.5703   15.3516
    0.0000   30.0000   30.000012386.7686   15.3540
    7.5000   30.0000   30.000011873.0215   15.3615
   -7.5000   37.5000   30.000010897.4316   15.3639
    0.0000   37.5000   30.000011646.9639   15.3695
    7.5000   37.5000   30.000011196.4170   15.3773
   -7.5000   45.0000   30.0000 9718.7939   14.9849
    0.0000   45.0000   30.000010399.7148   14.9931
    7.5000   45.0000   30.0000 9978.2832   15.0001
   -7.5000  -45.0000   37.5000 9496.8164   15.5862
    0.0000  -45.0000   37.500010115.4365   15.6002
    7.5000  -45.0000   37.5000 9733.7324   15.6142
   -7.5000  -37.5000   37.500010152.2158   15.5486
    0.0000  -37.5000   37.500010858.4580   15.5611
    7.5000  -37.5000   37.500010478.2539   15.5743
   -7.5000  -30.0000   37.500011164.9492   15.5276
    0.0000  -30.0000   37.500012011.9229   15.5379
    7.5000  -30.0000   37.500011546.7471   15.5507
   -7.5000  -22.5000   37.500012063.1611   15.5485
    0.0000  -22.5000   37.500012840.7959   15.5583
    7.5000  -22.5000   37.500012334.0928   15.5719
   -7.5000  -15.0000   37.500012837.3135   15.5892
    0.0000  -15.0000   37.500013556.4248   15.5999
    7.5000  -15.0000   37.500013049.1602   15.6145
   -7.5000   -7.5000   37.500013622.9297   15.6058
    0.0000   -7.5000   37.500014462.7646   15.6186
    7.5000   -7.5000   37.500013939.5400   15.6330
   -7.5000    0.0000   37.500014304.4385   15.5862
    0.0000    0.0000   37.500015230.4131   15.6002
    7.5000    0.0000   37.500014666.8203   15.6142
   -7.5000    7.5000   37.500013906.2305   15.5486
    0.0000    7.5000   37.500014788.3496   15.5611
    7.5000    7.5000   37.500014202.3984   15.5743
   -7.5000   15.0000   37.500013129.6309   15.5276
    0.0000   15.0000   37.500013963.5752   15.5379
    7.5000   15.0000   37.500013402.9619   15.5507
   -7.5000   22.5000   37.500012169.2881   15.5414
    0.0000   22.5000   37.500012993.4678   15.5511
    7.5000   22.5000   37.500012474.6240   15.5647
   -7.5000   30.0000   37.500011227.2900   15.3875
    0.0000   30.0000   37.500012006.3145   15.3980
    7.5000   30.0000   37.500011524.7705   15.4124
   -7.5000   37.5000   37.500010595.7090   15.4038
    0.0000   37.5000   37.500011305.5977   15.4165
    7.5000   37.5000   37.500010871.7344   15.4306
   -7.5000   45.0000   37.5000 9472.2754   15.0233
    0.0000   45.0000   37.500010120.2373   15.0368
    7.5000   45.0000   37.5000 9739.0654   15.0503
   -7.5000  -45.0000   45.0000 8857.9727   15.6851
    0.0000  -45.0000   45.0000 9338.0967   15.6933
    7.5000  -45.0000   45.0000 9038.0762   15.7055
   -7.5000  -37.5000   45.0000 9436.3047   15.6465
    0.0000  -37.5000   45.000010000.0322   15.6528
    7.5000  -37.5000   45.0000 9685.7393   15.6647
   -7.5000  -30.0000   45.000010337.7627   15.6227
    0.0000  -30.0000   45.000010939.0596   15.6276
    7.5000  -30.0000   45.000010540.4258   15.6407
   -7.5000  -22.5000   45.000011155.0029   15.6422
    0.0000  -22.5000   45.000011681.6191   15.6475
    7.5000  -22.5000   45.000011263.7842   15.6624
   -7.5000  -15.0000   45.000011853.0586   15.6846
    0.0000  -15.0000   45.000012411.0303   15.6918
    7.5000  -15.0000   45.000011977.3701   15.7069
   -7.5000   -7.5000   45.000012575.0186   15.7036
    0.0000   -7.5000   45.000013215.1348   15.7122
    7.5000   -7.5000   45.000012745.2588   15.7260
   -7.5000    0.0000   45.000013213.2969   15.6851
    0.0000    0.0000   45.000013917.4668   15.6933
    7.5000    0.0000   45.000013413.8477   15.7055
   -7.5000    7.5000   45.000012887.0430   15.6465
    0.0000    7.5000   45.000013584.3867   15.6528
    7.5000    7.5000   45.000013082.7080   15.6647
   -7.5000   15.0000   45.000012193.0977   15.6227
    0.0000   15.0000   45.000012886.8076   15.6276
    7.5000   15.0000   45.000012385.7676   15.6407
   -7.5000   22.5000   45.000011310.3311   15.6350
    0.0000   22.5000   45.000012005.2969   15.6403
    7.5000   22.5000   45.000011532.7295   15.6551
   -7.5000   30.0000   45.000010393.8311   15.4802
    0.0000   30.0000   45.000011026.9863   15.4874
    7.5000   30.0000   45.000010607.2373   15.5023
   -7.5000   37.5000   45.0000 9804.9424   15.4990
    0.0000   37.5000   45.000010398.2412   15.5075
    7.5000   37.5000   45.0000 9997.2510   15.5211
   -7.5000   45.0000   45.0000 8802.8574   15.1255
    0.0000   45.0000   45.0000 9341.7891   15.1334
    7.5000   45.0000   45.0000 8989.6465   15.1452

---------------------------------------------------------------------
imgreg_4dfp /opt/freesurfer/average/711-2C_as_mni_average_305 /opt/freesurfer/average/711-2B_as_mni_average_305_mask talsrcimg_g11 none talsrcimg_to_711-2C_as_mni_average_305_t4 4355
---------------------------------------------------------------------

freesurfer imgreg_4dfp.c
/opt/freesurfer/average/711-2C_as_mni_average_305.4dfp.img
       256       256       256         1
  1.000000  1.000000  1.000000
orientation T byte_order littleendian
Reading image: /opt/freesurfer/average/711-2C_as_mni_average_305.4dfp.img
dimensions:      256       256       256
mmppix:       1.0000   -1.0000   -1.0000
center:     128.0000 -129.0000 -129.0000
/opt/freesurfer/average/711-2B_as_mni_average_305_mask.4dfp.img
       256       256       256         1
  1.000000  1.000000  1.000000
orientation T byte_order littleendian
Reading mask: /opt/freesurfer/average/711-2B_as_mni_average_305_mask.4dfp.img (2306576 pixels)
talsrcimg_g11.4dfp.img
       256       256       256         1
  1.000000  1.000000  1.000000
orientation T byte_order littleendian
Reading image: talsrcimg_g11.4dfp.img
dimensions:      256       256       256
mmppix:       1.0000   -1.0000   -1.0000
center:     128.0000 -129.0000 -129.0000
rotation matrix determinant  1.000000
image alignment mode   4355 decimal     1103 hex
   -7.5000  -45.0000  -45.0000 2016.2612   19.6294
    0.0000  -45.0000  -45.0000 2027.0698   19.5335
    7.5000  -45.0000  -45.0000 2017.3848   19.4526
   -7.5000  -37.5000  -45.0000 2092.8215   17.9935
    0.0000  -37.5000  -45.0000 2106.6467   17.8882
    7.5000  -37.5000  -45.0000 2098.6384   17.8552
   -7.5000  -30.0000  -45.0000 2146.0791   16.8326
    0.0000  -30.0000  -45.0000 2164.0757   16.6917
    7.5000  -30.0000  -45.0000 2156.5125   16.6734
   -7.5000  -22.5000  -45.0000 2177.2039   16.0881
    0.0000  -22.5000  -45.0000 2195.2488   15.9137
    7.5000  -22.5000  -45.0000 2193.4141   15.8892
   -7.5000  -15.0000  -45.0000 2185.9758   15.6097
    0.0000  -15.0000  -45.0000 2206.9072   15.4017
    7.5000  -15.0000  -45.0000 2205.6514   15.3904
   -7.5000   -7.5000  -45.0000 2184.0564   15.3914
    0.0000   -7.5000  -45.0000 2199.3164   15.2233
    7.5000   -7.5000  -45.0000 2193.9109   15.2326
   -7.5000    0.0000  -45.0000 2162.7446   15.6301
    0.0000    0.0000  -45.0000 2178.0640   15.4175
    7.5000    0.0000  -45.0000 2173.7744   15.3825
   -7.5000    7.5000  -45.0000 2116.6904   16.1521
    0.0000    7.5000  -45.0000 2135.8794   15.8865
    7.5000    7.5000  -45.0000 2134.9695   15.8236
   -7.5000   15.0000  -45.0000 2059.6633   16.9794
    0.0000   15.0000  -45.0000 2077.7690   16.6349
    7.5000   15.0000  -45.0000 2076.5928   16.6135
   -7.5000   22.5000  -45.0000 1987.9531   18.1903
    0.0000   22.5000  -45.0000 2005.3257   17.7990
    7.5000   22.5000  -45.0000 2006.5930   17.7670
   -7.5000   30.0000  -45.0000 1897.2487   19.7600
    0.0000   30.0000  -45.0000 1917.2015   19.3115
    7.5000   30.0000  -45.0000 1915.5743   19.3814
   -7.5000   37.5000  -45.0000 1803.1702   21.8116
    0.0000   37.5000  -45.0000 1827.6228   21.3365
    7.5000   37.5000  -45.0000 1830.3479   21.3424
   -7.5000   45.0000  -45.0000 1693.4266   24.4552
    0.0000   45.0000  -45.0000 1710.8538   23.9014
    7.5000   45.0000  -45.0000 1712.8480   23.8796
   -7.5000  -45.0000  -37.5000 2110.6882   18.1076
    0.0000  -45.0000  -37.5000 2129.1782   18.0134
    7.5000  -45.0000  -37.5000 2118.4924   17.9072
   -7.5000  -37.5000  -37.5000 2200.5168   16.6225
    0.0000  -37.5000  -37.5000 2212.7668   16.5124
    7.5000  -37.5000  -37.5000 2204.3867   16.4129
   -7.5000  -30.0000  -37.5000 2254.1602   15.5118
    0.0000  -30.0000  -37.5000 2270.8745   15.4004
    7.5000  -30.0000  -37.5000 2263.0474   15.3296
   -7.5000  -22.5000  -37.5000 2282.1458   14.7883
    0.0000  -22.5000  -37.5000 2300.1665   14.6215
    7.5000  -22.5000  -37.5000 2291.9312   14.5619
   -7.5000  -15.0000  -37.5000 2291.2415   14.3186
    0.0000  -15.0000  -37.5000 2307.9878   14.1443
    7.5000  -15.0000  -37.5000 2306.2830   14.0801
   -7.5000   -7.5000  -37.5000 2287.3047   14.1239
    0.0000   -7.5000  -37.5000 2310.6140   13.9565
    7.5000   -7.5000  -37.5000 2309.0808   13.9195
   -7.5000    0.0000  -37.5000 2268.5759   14.2880
    0.0000    0.0000  -37.5000 2294.0991   14.0778
    7.5000    0.0000  -37.5000 2291.9800   14.0369
   -7.5000    7.5000  -37.5000 2228.3569   14.7392
    0.0000    7.5000  -37.5000 2252.5308   14.5272
    7.5000    7.5000  -37.5000 2254.5696   14.4846
   -7.5000   15.0000  -37.5000 2170.7175   15.4922
    0.0000   15.0000  -37.5000 2191.2065   15.2452
    7.5000   15.0000  -37.5000 2192.9641   15.1837
   -7.5000   22.5000  -37.5000 2093.8616   16.6492
    0.0000   22.5000  -37.5000 2111.3577   16.2985
    7.5000   22.5000  -37.5000 2112.8838   16.2396
   -7.5000   30.0000  -37.5000 1997.1420   18.1103
    0.0000   30.0000  -37.5000 2019.4056   17.6814
    7.5000   30.0000  -37.5000 2017.8312   17.6772
   -7.5000   37.5000  -37.5000 1894.3409   19.9626
    0.0000   37.5000  -37.5000 1914.2314   19.5066
    7.5000   37.5000  -37.5000 1918.0879   19.4976
   -7.5000   45.0000  -37.5000 1766.9565   22.4181
    0.0000   45.0000  -37.5000 1784.7589   21.9246
    7.5000   45.0000  -37.5000 1785.4708   21.8866
   -7.5000  -45.0000  -30.0000 2245.9353   17.3084
    0.0000  -45.0000  -30.0000 2266.8357   17.1376
    7.5000  -45.0000  -30.0000 2258.8950   17.0012
   -7.5000  -37.5000  -30.0000 2338.0720   15.8582
    0.0000  -37.5000  -30.0000 2361.1367   15.7107
    7.5000  -37.5000  -30.0000 2354.9019   15.6069
   -7.5000  -30.0000  -30.0000 2397.9573   14.8015
    0.0000  -30.0000  -30.0000 2421.7825   14.6377
    7.5000  -30.0000  -30.0000 2412.1360   14.5511
   -7.5000  -22.5000  -30.0000 2428.1687   14.0575
    0.0000  -22.5000  -30.0000 2456.4519   13.9035
    7.5000  -22.5000  -30.0000 2443.8745   13.8385
   -7.5000  -15.0000  -30.0000 2435.2219   13.5976
    0.0000  -15.0000  -30.0000 2458.7981   13.4178
    7.5000  -15.0000  -30.0000 2455.8779   13.3592
   -7.5000   -7.5000  -30.0000 2441.1016   13.4315
    0.0000   -7.5000  -30.0000 2463.8242   13.2410
    7.5000   -7.5000  -30.0000 2466.4209   13.2112
   -7.5000    0.0000  -30.0000 2418.8398   13.5461
    0.0000    0.0000  -30.0000 2451.7307   13.3312
    7.5000    0.0000  -30.0000 2449.8337   13.3050
   -7.5000    7.5000  -30.0000 2381.4189   13.9555
    0.0000    7.5000  -30.0000 2411.1846   13.7661
    7.5000    7.5000  -30.0000 2411.4253   13.7112
   -7.5000   15.0000  -30.0000 2319.4573   14.6526
    0.0000   15.0000  -30.0000 2344.7366   14.4504
    7.5000   15.0000  -30.0000 2343.2893   14.3633
   -7.5000   22.5000  -30.0000 2237.2832   15.7260
    0.0000   22.5000  -30.0000 2258.8262   15.4484
    7.5000   22.5000  -30.0000 2256.4775   15.4187
   -7.5000   30.0000  -30.0000 2135.4028   17.1282
    0.0000   30.0000  -30.0000 2159.0977   16.8071
    7.5000   30.0000  -30.0000 2154.0576   16.7999
   -7.5000   37.5000  -30.0000 2016.8904   18.9501
    0.0000   37.5000  -30.0000 2037.3137   18.5745
    7.5000   37.5000  -30.0000 2038.7163   18.5253
   -7.5000   45.0000  -30.0000 1882.5504   21.2868
    0.0000   45.0000  -30.0000 1902.6738   20.8823
    7.5000   45.0000  -30.0000 1900.9319   20.8299
   -7.5000  -45.0000  -22.5000 2355.9050   16.3706
    0.0000  -45.0000  -22.5000 2380.8291   16.1722
    7.5000  -45.0000  -22.5000 2373.1292   16.0834
   -7.5000  -37.5000  -22.5000 2450.4124   14.9653
    0.0000  -37.5000  -22.5000 2473.5491   14.7745
    7.5000  -37.5000  -22.5000 2466.7256   14.7114
   -7.5000  -30.0000  -22.5000 2515.0742   13.9425
    0.0000  -30.0000  -22.5000 2538.6626   13.7507
    7.5000  -30.0000  -22.5000 2533.1155   13.7117
   -7.5000  -22.5000  -22.5000 2548.8508   13.2450
    0.0000  -22.5000  -22.5000 2576.5825   13.0527
    7.5000  -22.5000  -22.5000 2572.7319   13.0145
   -7.5000  -15.0000  -22.5000 2561.0308   12.7546
    0.0000  -15.0000  -22.5000 2587.3650   12.5760
    7.5000  -15.0000  -22.5000 2588.9812   12.5556
   -7.5000   -7.5000  -22.5000 2574.6470   12.6154
    0.0000   -7.5000  -22.5000 2596.9973   12.4231
    7.5000   -7.5000  -22.5000 2600.4070   12.4312
   -7.5000    0.0000  -22.5000 2553.8188   12.7199
    0.0000    0.0000  -22.5000 2582.3730   12.5276
    7.5000    0.0000  -22.5000 2586.3269   12.5094
   -7.5000    7.5000  -22.5000 2508.0437   13.0940
    0.0000    7.5000  -22.5000 2543.6182   12.9077
    7.5000    7.5000  -22.5000 2544.6702   12.8766
   -7.5000   15.0000  -22.5000 2439.7546   13.7379
    0.0000   15.0000  -22.5000 2470.4897   13.5583
    7.5000   15.0000  -22.5000 2474.4656   13.5150
   -7.5000   22.5000  -22.5000 2351.5308   14.7406
    0.0000   22.5000  -22.5000 2380.7295   14.5082
    7.5000   22.5000  -22.5000 2379.6636   14.5158
   -7.5000   30.0000  -22.5000 2246.1851   16.0844
    0.0000   30.0000  -22.5000 2274.3308   15.8151
    7.5000   30.0000  -22.5000 2270.2515   15.8266
   -7.5000   37.5000  -22.5000 2118.5574   17.8320
    0.0000   37.5000  -22.5000 2142.5540   17.4887
    7.5000   37.5000  -22.5000 2141.7092   17.4879
   -7.5000   45.0000  -22.5000 1971.8781   20.0089
    0.0000   45.0000  -22.5000 1997.0240   19.6346
    7.5000   45.0000  -22.5000 1995.7458   19.6535
   -7.5000  -45.0000  -15.0000 2433.9312   15.4919
    0.0000  -45.0000  -15.0000 2459.2048   15.3017
    7.5000  -45.0000  -15.0000 2451.2542   15.2737
   -7.5000  -37.5000  -15.0000 2529.8352   14.1303
    0.0000  -37.5000  -15.0000 2551.5513   13.9214
    7.5000  -37.5000  -15.0000 2545.6150   13.9070
   -7.5000  -30.0000  -15.0000 2596.5852   13.1232
    0.0000  -30.0000  -15.0000 2613.3491   12.9195
    7.5000  -30.0000  -15.0000 2616.0842   12.9198
   -7.5000  -22.5000  -15.0000 2638.3352   12.4159
    0.0000  -22.5000  -15.0000 2665.1453   12.2459
    7.5000  -22.5000  -15.0000 2664.0457   12.2499
   -7.5000  -15.0000  -15.0000 2662.2803   11.9464
    0.0000  -15.0000  -15.0000 2686.5796   11.7682
    7.5000  -15.0000  -15.0000 2686.2488   11.7647
   -7.5000   -7.5000  -15.0000 2671.4785   11.8109
    0.0000   -7.5000  -15.0000 2699.7373   11.6323
    7.5000   -7.5000  -15.0000 2705.6851   11.6406
   -7.5000    0.0000  -15.0000 2652.8662   11.9276
    0.0000    0.0000  -15.0000 2686.2307   11.7337
    7.5000    0.0000  -15.0000 2691.3081   11.7338
   -7.5000    7.5000  -15.0000 2605.9800   12.2796
    0.0000    7.5000  -15.0000 2644.6804   12.0927
    7.5000    7.5000  -15.0000 2647.5977   12.0871
   -7.5000   15.0000  -15.0000 2531.6370   12.9437
    0.0000   15.0000  -15.0000 2570.8867   12.7453
    7.5000   15.0000  -15.0000 2575.8247   12.7316
   -7.5000   22.5000  -15.0000 2440.9392   13.8862
    0.0000   22.5000  -15.0000 2476.4727   13.6816
    7.5000   22.5000  -15.0000 2479.3621   13.6779
   -7.5000   30.0000  -15.0000 2327.5681   15.1860
    0.0000   30.0000  -15.0000 2358.1191   14.9523
    7.5000   30.0000  -15.0000 2357.8965   14.9381
   -7.5000   37.5000  -15.0000 2195.9185   16.7691
    0.0000   37.5000  -15.0000 2217.6780   16.5250
    7.5000   37.5000  -15.0000 2212.6187   16.5287
   -7.5000   45.0000  -15.0000 2035.3530   18.8483
    0.0000   45.0000  -15.0000 2065.5576   18.5695
    7.5000   45.0000  -15.0000 2062.5828   18.5610
   -7.5000  -45.0000   -7.5000 2486.0813   14.7665
    0.0000  -45.0000   -7.5000 2511.3730   14.5444
    7.5000  -45.0000   -7.5000 2508.1855   14.5657
   -7.5000  -37.5000   -7.5000 2585.0737   13.4259
    0.0000  -37.5000   -7.5000 2611.4893   13.2444
    7.5000  -37.5000   -7.5000 2609.9321   13.2431
   -7.5000  -30.0000   -7.5000 2653.4934   12.4297
    0.0000  -30.0000   -7.5000 2677.2502   12.2379
    7.5000  -30.0000   -7.5000 2681.3955   12.2227
   -7.5000  -22.5000   -7.5000 2700.9746   11.7144
    0.0000  -22.5000   -7.5000 2730.2180   11.5341
    7.5000  -22.5000   -7.5000 2734.8931   11.5346
   -7.5000  -15.0000   -7.5000 2731.4592   11.2276
    0.0000  -15.0000   -7.5000 2758.9932   11.0344
    7.5000  -15.0000   -7.5000 2766.1260   11.0466
   -7.5000   -7.5000   -7.5000 2749.8188   11.0758
    0.0000   -7.5000   -7.5000 2781.2612   10.8803
    7.5000   -7.5000   -7.5000 2789.0854   10.9032
   -7.5000    0.0000   -7.5000 2734.8567   11.1805
    0.0000    0.0000   -7.5000 2772.4011   10.9785
    7.5000    0.0000   -7.5000 2779.0515   11.0013
   -7.5000    7.5000   -7.5000 2687.6667   11.5740
    0.0000    7.5000   -7.5000 2730.9238   11.3617
    7.5000    7.5000   -7.5000 2735.8594   11.3724
   -7.5000   15.0000   -7.5000 2609.9438   12.2313
    0.0000   15.0000   -7.5000 2647.4087   12.0169
    7.5000   15.0000   -7.5000 2653.2332   12.0338
   -7.5000   22.5000   -7.5000 2511.2205   13.1610
    0.0000   22.5000   -7.5000 2547.5054   12.9483
    7.5000   22.5000   -7.5000 2555.9519   12.9353
   -7.5000   30.0000   -7.5000 2389.6165   14.4140
    0.0000   30.0000   -7.5000 2423.9890   14.1849
    7.5000   30.0000   -7.5000 2430.0774   14.1725
   -7.5000   37.5000   -7.5000 2248.5210   15.9472
    0.0000   37.5000   -7.5000 2273.6089   15.7175
    7.5000   37.5000   -7.5000 2274.5093   15.7264
   -7.5000   45.0000   -7.5000 2084.6953   17.9113
    0.0000   45.0000   -7.5000 2104.9607   17.6412
    7.5000   45.0000   -7.5000 2107.2153   17.6318
   -7.5000  -45.0000    0.0000 2523.6448   14.2668
    0.0000  -45.0000    0.0000 2547.9124   14.0416
    7.5000  -45.0000    0.0000 2546.6196   14.0900
   -7.5000  -37.5000    0.0000 2624.4482   12.9316
    0.0000  -37.5000    0.0000 2654.4041   12.7541
    7.5000  -37.5000    0.0000 2654.0159   12.7698
   -7.5000  -30.0000    0.0000 2704.2458   11.9175
    0.0000  -30.0000    0.0000 2729.2764   11.7329
    7.5000  -30.0000    0.0000 2734.9473   11.7265
   -7.5000  -22.5000    0.0000 2756.9038   11.2050
    0.0000  -22.5000    0.0000 2783.3384   10.9837
    7.5000  -22.5000    0.0000 2793.5613   10.9838
   -7.5000  -15.0000    0.0000 2787.9006   10.6968
    0.0000  -15.0000    0.0000 2819.1335   10.4454
    7.5000  -15.0000    0.0000 2830.8936   10.4662
   -7.5000   -7.5000    0.0000 2810.2261   10.5134
    0.0000   -7.5000    0.0000 2841.1338   10.2475
    7.5000   -7.5000    0.0000 2854.4050   10.2855
   -7.5000    0.0000    0.0000 2795.8591   10.6103
    0.0000    0.0000    0.0000 2830.5002   10.3514
    7.5000    0.0000    0.0000 2849.2854   10.4026
   -7.5000    7.5000    0.0000 2752.1821   11.0516
    0.0000    7.5000    0.0000 2790.3157   10.7911
    7.5000    7.5000    0.0000 2803.9866   10.8247
   -7.5000   15.0000    0.0000 2675.7634   11.7098
    0.0000   15.0000    0.0000 2708.2156   11.4488
    7.5000   15.0000    0.0000 2717.5347   11.4726
   -7.5000   22.5000    0.0000 2570.0000   12.6288
    0.0000   22.5000    0.0000 2605.3508   12.3760
    7.5000   22.5000    0.0000 2611.9150   12.3830
   -7.5000   30.0000    0.0000 2441.0740   13.8767
    0.0000   30.0000    0.0000 2476.1987   13.5906
    7.5000   30.0000    0.0000 2482.7078   13.6116
   -7.5000   37.5000    0.0000 2289.5852   15.3925
    0.0000   37.5000    0.0000 2321.4358   15.0849
    7.5000   37.5000    0.0000 2326.2070   15.1007
   -7.5000   45.0000    0.0000 2122.8027   17.2591
    0.0000   45.0000    0.0000 2139.5747   16.9244
    7.5000   45.0000    0.0000 2142.7922   16.9294
   -7.5000  -45.0000    7.5000 2544.8853   13.9625
    0.0000  -45.0000    7.5000 2567.5176   13.7274
    7.5000  -45.0000    7.5000 2569.2344   13.7709
   -7.5000  -37.5000    7.5000 2654.5063   12.6377
    0.0000  -37.5000    7.5000 2680.6682   12.4332
    7.5000  -37.5000    7.5000 2685.1299   12.4794
   -7.5000  -30.0000    7.5000 2741.9736   11.6215
    0.0000  -30.0000    7.5000 2771.5171   11.4256
    7.5000  -30.0000    7.5000 2782.0867   11.4689
   -7.5000  -22.5000    7.5000 2805.7793   10.9064
    0.0000  -22.5000    7.5000 2834.7722   10.6720
    7.5000  -22.5000    7.5000 2846.3977   10.6855
   -7.5000  -15.0000    7.5000 2838.3396   10.3842
    0.0000  -15.0000    7.5000 2869.1230   10.0616
    7.5000  -15.0000    7.5000 2876.6624   10.1045
   -7.5000   -7.5000    7.5000 2857.5605   10.1435
    0.0000   -7.5000    7.5000 2879.9568    9.7920
    7.5000   -7.5000    7.5000 2893.9780    9.8617
   -7.5000    0.0000    7.5000 2846.1667   10.2543
    0.0000    0.0000    7.5000 2872.7009    9.9385
    7.5000    0.0000    7.5000 2893.0466    9.9934
   -7.5000    7.5000    7.5000 2804.1262   10.6925
    0.0000    7.5000    7.5000 2831.9155   10.3714
    7.5000    7.5000    7.5000 2852.5684   10.4104
   -7.5000   15.0000    7.5000 2724.2620   11.3767
    0.0000   15.0000    7.5000 2751.3174   11.0487
    7.5000   15.0000    7.5000 2763.2275   11.0702
   -7.5000   22.5000    7.5000 2614.3042   12.3171
    0.0000   22.5000    7.5000 2642.9797   11.9923
    7.5000   22.5000    7.5000 2649.3894   12.0042
   -7.5000   30.0000    7.5000 2478.0105   13.5411
    0.0000   30.0000    7.5000 2510.8916   13.1835
    7.5000   30.0000    7.5000 2512.8511   13.1906
   -7.5000   37.5000    7.5000 2326.3069   15.0017
    0.0000   37.5000    7.5000 2352.8364   14.6265
    7.5000   37.5000    7.5000 2352.2466   14.6124
   -7.5000   45.0000    7.5000 2147.3789   16.8081
    0.0000   45.0000    7.5000 2168.4048   16.4055
    7.5000   45.0000    7.5000 2172.3052   16.4200
   -7.5000  -45.0000   15.0000 2538.5723   13.7274
    0.0000  -45.0000   15.0000 2566.7917   13.5854
    7.5000  -45.0000   15.0000 2573.3149   13.6121
   -7.5000  -37.5000   15.0000 2655.0894   12.4349
    0.0000  -37.5000   15.0000 2685.1812   12.2995
    7.5000  -37.5000   15.0000 2694.0520   12.3145
   -7.5000  -30.0000   15.0000 2755.1355   11.4881
    0.0000  -30.0000   15.0000 2789.7607   11.3521
    7.5000  -30.0000   15.0000 2802.3193   11.3803
   -7.5000  -22.5000   15.0000 2843.6570   10.8213
    0.0000  -22.5000   15.0000 2882.3442   10.7158
    7.5000  -22.5000   15.0000 2897.0747   10.7208
   -7.5000  -15.0000   15.0000 2881.4714   10.2933
    0.0000  -15.0000   15.0000 2909.3630   10.0524
    7.5000  -15.0000   15.0000 2916.9946   10.0981
   -7.5000   -7.5000   15.0000 2888.8091    9.9853
    0.0000   -7.5000   15.0000 2903.4958    9.6739
    7.5000   -7.5000   15.0000 2911.4917    9.7337
   -7.5000    0.0000   15.0000 2871.0894   10.0635
    0.0000    0.0000   15.0000 2896.2441    9.7544
    7.5000    0.0000   15.0000 2909.3699    9.7729
   -7.5000    7.5000   15.0000 2821.6667   10.4697
    0.0000    7.5000   15.0000 2853.5032   10.1482
    7.5000    7.5000   15.0000 2866.0986   10.1441
   -7.5000   15.0000   15.0000 2734.4839   11.1283
    0.0000   15.0000   15.0000 2769.7864   10.8365
    7.5000   15.0000   15.0000 2777.5420   10.8291
   -7.5000   22.5000   15.0000 2625.0481   12.0785
    0.0000   22.5000   15.0000 2655.8152   11.7909
    7.5000   22.5000   15.0000 2659.6440   11.7756
   -7.5000   30.0000   15.0000 2489.3970   13.2786
    0.0000   30.0000   15.0000 2522.7019   12.9753
    7.5000   30.0000   15.0000 2520.0991   12.9442
   -7.5000   37.5000   15.0000 2337.9888   14.7515
    0.0000   37.5000   15.0000 2367.4207   14.4265
    7.5000   37.5000   15.0000 2366.0278   14.3808
   -7.5000   45.0000   15.0000 2158.4724   16.6003
    0.0000   45.0000   15.0000 2185.5842   16.2280
    7.5000   45.0000   15.0000 2191.6833   16.1884
   -7.5000  -45.0000   22.5000 2538.6616   13.7290
    0.0000  -45.0000   22.5000 2563.0325   13.6278
    7.5000  -45.0000   22.5000 2571.3267   13.6800
   -7.5000  -37.5000   22.5000 2648.9426   12.4327
    0.0000  -37.5000   22.5000 2677.6216   12.3458
    7.5000  -37.5000   22.5000 2691.4370   12.3854
   -7.5000  -30.0000   22.5000 2753.0674   11.4945
    0.0000  -30.0000   22.5000 2792.3857   11.4568
    7.5000  -30.0000   22.5000 2806.8079   11.4576
   -7.5000  -22.5000   22.5000 2849.5134   10.8249
    0.0000  -22.5000   22.5000 2912.0405   10.9752
    7.5000  -22.5000   22.5000 2912.0630   10.8771
   -7.5000  -15.0000   22.5000 2885.1045   10.3226
    0.0000  -15.0000   22.5000 2949.7827   10.3096
    7.5000  -15.0000   22.5000 2940.1299   10.2937
   -7.5000   -7.5000   22.5000 2894.8494   10.0755
    0.0000   -7.5000   22.5000 2928.0667    9.8318
    7.5000   -7.5000   22.5000 2918.2146    9.8328
   -7.5000    0.0000   22.5000 2867.5562   10.1083
    0.0000    0.0000   22.5000 2898.7583    9.8343
    7.5000    0.0000   22.5000 2896.1672    9.8021
   -7.5000    7.5000   22.5000 2814.8308   10.4301
    0.0000    7.5000   22.5000 2847.6460   10.1484
    7.5000    7.5000   22.5000 2852.7075   10.1239
   -7.5000   15.0000   22.5000 2731.5293   11.0549
    0.0000   15.0000   22.5000 2756.6382   10.7992
    7.5000   15.0000   22.5000 2766.4324   10.7666
   -7.5000   22.5000   22.5000 2616.2393   12.0072
    0.0000   22.5000   22.5000 2645.7732   11.7294
    7.5000   22.5000   22.5000 2654.1865   11.7118
   -7.5000   30.0000   22.5000 2481.6316   13.2280
    0.0000   30.0000   22.5000 2519.0249   12.9358
    7.5000   30.0000   22.5000 2518.8687   12.9106
   -7.5000   37.5000   22.5000 2338.2249   14.7390
    0.0000   37.5000   22.5000 2365.8081   14.4043
    7.5000   37.5000   22.5000 2370.6914   14.3938
   -7.5000   45.0000   22.5000 2154.0454   16.5340
    0.0000   45.0000   22.5000 2189.7314   16.2325
    7.5000   45.0000   22.5000 2193.8467   16.1982
   -7.5000  -45.0000   30.0000 2523.7295   13.9768
    0.0000  -45.0000   30.0000 2551.9651   13.9010
    7.5000  -45.0000   30.0000 2554.3513   13.9278
   -7.5000  -37.5000   30.0000 2635.6611   12.6804
    0.0000  -37.5000   30.0000 2672.3611   12.5984
    7.5000  -37.5000   30.0000 2681.1062   12.6415
   -7.5000  -30.0000   30.0000 2741.2766   11.6948
    0.0000  -30.0000   30.0000 2789.2063   11.6673
    7.5000  -30.0000   30.0000 2795.7151   11.6590
   -7.5000  -22.5000   30.0000 2823.1082   10.9486
    0.0000  -22.5000   30.0000 2882.9678   10.9733
    7.5000  -22.5000   30.0000 2883.5967   10.8939
   -7.5000  -15.0000   30.0000 2860.3071   10.4878
    0.0000  -15.0000   30.0000 2899.4089   10.2779
    7.5000  -15.0000   30.0000 2898.2021   10.3040
   -7.5000   -7.5000   30.0000 2880.3506   10.3624
    0.0000   -7.5000   30.0000 2920.4016   10.1159
    7.5000   -7.5000   30.0000 2922.1362   10.1225
   -7.5000    0.0000   30.0000 2854.0742   10.4095
    0.0000    0.0000   30.0000 2891.2664   10.2117
    7.5000    0.0000   30.0000 2892.9924   10.2070
   -7.5000    7.5000   30.0000 2789.7747   10.7168
    0.0000    7.5000   30.0000 2820.6721   10.5296
    7.5000    7.5000   30.0000 2826.0986   10.4963
   -7.5000   15.0000   30.0000 2699.5288   11.3287
    0.0000   15.0000   30.0000 2722.2800   11.1062
    7.5000   15.0000   30.0000 2729.6111   11.0783
   -7.5000   22.5000   30.0000 2586.6819   12.2223
    0.0000   22.5000   30.0000 2617.5017   11.9520
    7.5000   22.5000   30.0000 2621.9033   11.9345
   -7.5000   30.0000   30.0000 2456.1367   13.3856
    0.0000   30.0000   30.0000 2497.1487   13.0832
    7.5000   30.0000   30.0000 2497.8931   13.0717
   -7.5000   37.5000   30.0000 2312.7236   14.8342
    0.0000   37.5000   30.0000 2338.5603   14.5285
    7.5000   37.5000   30.0000 2345.8638   14.5165
   -7.5000   45.0000   30.0000 2133.7336   16.6881
    0.0000   45.0000   30.0000 2165.3572   16.3539
    7.5000   45.0000   30.0000 2166.7598   16.3192
   -7.5000  -45.0000   37.5000 2505.2136   14.3552
    0.0000  -45.0000   37.5000 2528.6199   14.1668
    7.5000  -45.0000   37.5000 2535.2380   14.2222
   -7.5000  -37.5000   37.5000 2621.5874   13.0487
    0.0000  -37.5000   37.5000 2649.6287   12.8453
    7.5000  -37.5000   37.5000 2660.4075   12.9295
   -7.5000  -30.0000   37.5000 2723.0168   12.0252
    0.0000  -30.0000   37.5000 2759.8633   11.8805
    7.5000  -30.0000   37.5000 2770.7266   11.9083
   -7.5000  -22.5000   37.5000 2796.7737   11.2777
    0.0000  -22.5000   37.5000 2827.3005   11.0200
    7.5000  -22.5000   37.5000 2831.0554   11.0088
   -7.5000  -15.0000   37.5000 2833.3806   10.8201
    0.0000  -15.0000   37.5000 2855.8923   10.4737
    7.5000  -15.0000   37.5000 2861.4385   10.5108
   -7.5000   -7.5000   37.5000 2852.1772   10.7328
    0.0000   -7.5000   37.5000 2887.9126   10.4597
    7.5000   -7.5000   37.5000 2899.0293   10.4809
   -7.5000    0.0000   37.5000 2820.6450   10.8817
    0.0000    0.0000   37.5000 2862.7588   10.6629
    7.5000    0.0000   37.5000 2869.9128   10.6674
   -7.5000    7.5000   37.5000 2751.9392   11.2462
    0.0000    7.5000   37.5000 2783.2192   11.0455
    7.5000    7.5000   37.5000 2791.6267   11.0344
   -7.5000   15.0000   37.5000 2649.9451   11.8157
    0.0000   15.0000   37.5000 2681.1128   11.6328
    7.5000   15.0000   37.5000 2690.4841   11.6223
   -7.5000   22.5000   37.5000 2538.7781   12.6422
    0.0000   22.5000   37.5000 2577.4170   12.4290
    7.5000   22.5000   37.5000 2580.2244   12.4174
   -7.5000   30.0000   37.5000 2416.1489   13.7736
    0.0000   30.0000   37.5000 2451.0164   13.5086
    7.5000   30.0000   37.5000 2453.7642   13.4903
   -7.5000   37.5000   37.5000 2274.1519   15.2549
    0.0000   37.5000   37.5000 2290.2073   14.9337
    7.5000   37.5000   37.5000 2298.9873   14.8982
   -7.5000   45.0000   37.5000 2108.8425   17.1269
    0.0000   45.0000   37.5000 2131.5325   16.7214
    7.5000   45.0000   37.5000 2133.5427   16.6888
   -7.5000  -45.0000   45.0000 2476.0120   14.8420
    0.0000  -45.0000   45.0000 2500.0908   14.5022
    7.5000  -45.0000   45.0000 2507.8228   14.6323
   -7.5000  -37.5000   45.0000 2591.9292   13.5232
    0.0000  -37.5000   45.0000 2622.0259   13.2335
    7.5000  -37.5000   45.0000 2629.5349   13.3370
   -7.5000  -30.0000   45.0000 2683.5464   12.4796
    0.0000  -30.0000   45.0000 2716.4751   12.1830
    7.5000  -30.0000   45.0000 2722.4646   12.2044
   -7.5000  -22.5000   45.0000 2751.5525   11.7448
    0.0000  -22.5000   45.0000 2775.8447   11.3130
    7.5000  -22.5000   45.0000 2782.8345   11.3316
   -7.5000  -15.0000   45.0000 2787.6091   11.2841
    0.0000  -15.0000   45.0000 2817.2195   10.9075
    7.5000  -15.0000   45.0000 2823.1694   10.9562
   -7.5000   -7.5000   45.0000 2798.2903   11.2371
    0.0000   -7.5000   45.0000 2835.6135   10.9178
    7.5000   -7.5000   45.0000 2841.9753   10.9445
   -7.5000    0.0000   45.0000 2762.4463   11.4019
    0.0000    0.0000   45.0000 2803.8567   11.1494
    7.5000    0.0000   45.0000 2809.7800   11.1570
   -7.5000    7.5000   45.0000 2699.1062   11.8290
    0.0000    7.5000   45.0000 2727.8872   11.6075
    7.5000    7.5000   45.0000 2735.6360   11.5835
   -7.5000   15.0000   45.0000 2599.3452   12.4464
    0.0000   15.0000   45.0000 2630.1995   12.2197
    7.5000   15.0000   45.0000 2639.0735   12.2137
   -7.5000   22.5000   45.0000 2488.6841   13.3071
    0.0000   22.5000   45.0000 2524.2393   13.0827
    7.5000   22.5000   45.0000 2527.6851   13.0674
   -7.5000   30.0000   45.0000 2359.8501   14.4149
    0.0000   30.0000   45.0000 2383.6687   14.1571
    7.5000   30.0000   45.0000 2389.7815   14.1461
   -7.5000   37.5000   45.0000 2216.0642   15.8190
    0.0000   37.5000   45.0000 2233.6074   15.5154
    7.5000   37.5000   45.0000 2238.4688   15.5118
   -7.5000   45.0000   45.0000 2065.6479   17.6510
    0.0000   45.0000   45.0000 2087.6987   17.2693
    7.5000   45.0000   45.0000 2092.5671   17.2649

---------------------------------------------------------------------
imgreg_4dfp /opt/freesurfer/average/711-2C_as_mni_average_305 /opt/freesurfer/average/711-2B_as_mni_average_305_mask talsrcimg_g11 none talsrcimg_to_711-2C_as_mni_average_305_t4 1283
---------------------------------------------------------------------

freesurfer imgreg_4dfp.c
/opt/freesurfer/average/711-2C_as_mni_average_305.4dfp.img
       256       256       256         1
  1.000000  1.000000  1.000000
orientation T byte_order littleendian
Reading image: /opt/freesurfer/average/711-2C_as_mni_average_305.4dfp.img
dimensions:      256       256       256
mmppix:       1.0000   -1.0000   -1.0000
center:     128.0000 -129.0000 -129.0000
/opt/freesurfer/average/711-2B_as_mni_average_305_mask.4dfp.img
       256       256       256         1
  1.000000  1.000000  1.000000
orientation T byte_order littleendian
Reading mask: /opt/freesurfer/average/711-2B_as_mni_average_305_mask.4dfp.img (2306576 pixels)
talsrcimg_g11.4dfp.img
       256       256       256         1
  1.000000  1.000000  1.000000
orientation T byte_order littleendian
Reading image: talsrcimg_g11.4dfp.img
dimensions:      256       256       256
mmppix:       1.0000   -1.0000   -1.0000
center:     128.0000 -129.0000 -129.0000
rotation matrix determinant  1.000000
fimgreg.f
image alignment mode   1283 decimal      503 hex
parameters
    0.0000  -15.0000   22.5000    0.0000    0.0000    0.0000
eta,q 0.92728 10.38953
niter,ni,del,rscale     5    3   12.0000    1.2000
parameter  1 -0.529890 -> -0.500000 qaram    1.1500
parameter  6 -2.672831 ->  0.500000 qaram    1.1500
parameters
    3.4500  -15.6589   21.8286    0.3313   -2.0613   -3.4500
eta,q 0.93222 10.33506
  0.0933  0.0779  0.0792  0.0732  0.0721  0.0663
  0.0878  0.0714  0.0760  0.0716  0.0713  0.0673
  0.0807  0.0702  0.0721  0.0704  0.0708  0.0691
  0.0745  0.0708  0.0702  0.0704  0.0706  0.0708
  0.0712  0.0720  0.0735  0.0718  0.0722  0.0721
  0.0719  0.0753  0.0785  0.0718  0.0758  0.0727
  0.0754  0.0810  0.0846  0.0719  0.0806  0.0737
niter,ni,del,rscale     6    3   12.0000    1.2000
parameter  6  0.867712 ->  0.500000 qaram    1.3225
parameters
    3.4210  -15.2123   21.8298    1.9507   -2.8348   -7.4175
eta,q 0.93353 10.22779
  0.0856  0.0803  0.0810  0.0715  0.0726  0.0678
  0.0764  0.0714  0.0756  0.0697  0.0697  0.0666
  0.0696  0.0676  0.0708  0.0683  0.0683  0.0666
  0.0678  0.0678  0.0680  0.0680  0.0681  0.0680
  0.0714  0.0688  0.0699  0.0681  0.0696  0.0703
  0.0769  0.0706  0.0750  0.0681  0.0719  0.0716
  0.0851  0.0756  0.0817  0.0689  0.0753  0.0716
niter,ni,del,rscale     6    3   12.0000    1.2000
parameters
    3.4492  -15.7934   22.1924    2.2672   -2.6089   -6.7755
eta,q 0.93405 10.28730
  0.0840  0.0761  0.0808  0.0706  0.0736  0.0740
  0.0752  0.0690  0.0752  0.0681  0.0704  0.0697
  0.0687  0.0658  0.0698  0.0665  0.0678  0.0669
  0.0665  0.0665  0.0661  0.0660  0.0660  0.0659
  0.0701  0.0683  0.0675  0.0665  0.0667  0.0668
  0.0756  0.0727  0.0721  0.0678  0.0694  0.0690
  0.0829  0.0801  0.0787  0.0695  0.0730  0.0712
niter,ni,del,rscale     5    3   12.0000    1.2000
parameters
    3.3765  -15.8482   22.2282    2.3929   -2.4922   -6.6511
eta,q 0.93412 10.29090
  0.0842  0.0776  0.0796  0.0702  0.0732  0.0728
  0.0748  0.0699  0.0740  0.0677  0.0701  0.0688
  0.0679  0.0659  0.0688  0.0661  0.0675  0.0663
  0.0660  0.0659  0.0659  0.0659  0.0659  0.0659
  0.0704  0.0674  0.0682  0.0665  0.0668  0.0672
  0.0763  0.0705  0.0732  0.0677  0.0695  0.0696
  0.0834  0.0774  0.0799  0.0696  0.0730  0.0713
niter,ni,del,rscale     4    3   12.0000    1.2000
parameters
    3.3303  -15.8902   22.2391    2.4706   -2.4452   -6.6299
eta,q 0.93416 10.29301
  0.0842  0.0775  0.0794  0.0701  0.0730  0.0725
  0.0748  0.0699  0.0739  0.0676  0.0700  0.0686
  0.0679  0.0658  0.0687  0.0661  0.0674  0.0661
  0.0659  0.0658  0.0658  0.0658  0.0658  0.0658
  0.0702  0.0674  0.0682  0.0665  0.0669  0.0672
  0.0762  0.0703  0.0733  0.0677  0.0696  0.0697
  0.0833  0.0772  0.0799  0.0696  0.0732  0.0713
niter,ni,del,rscale     3    3   12.0000    1.2000
parameters
    3.3047  -15.9176   22.2480    2.5141   -2.4194   -6.6269
eta,q 0.93418 10.29458
  0.0843  0.0776  0.0794  0.0701  0.0730  0.0725
  0.0749  0.0699  0.0739  0.0675  0.0700  0.0685
  0.0680  0.0658  0.0687  0.0660  0.0673  0.0661
  0.0658  0.0658  0.0658  0.0658  0.0658  0.0658
  0.0701  0.0674  0.0682  0.0665  0.0669  0.0672
  0.0761  0.0703  0.0733  0.0677  0.0696  0.0697
  0.0832  0.0772  0.0799  0.0696  0.0732  0.0713
registration optimization eta report
parameter search radius
    6.9000    6.0000    6.0000    6.0000    6.0000    7.9350
100000*second partial in parameter space
       36.       33.       36.       11.       19.       10.
  0.0843  0.0776  0.0794  0.0701  0.0730  0.0725
  0.0749  0.0699  0.0739  0.0675  0.0700  0.0685
  0.0680  0.0658  0.0687  0.0660  0.0673  0.0661
  0.0658  0.0658  0.0658  0.0658  0.0658  0.0658
  0.0701  0.0674  0.0682  0.0665  0.0669  0.0672
  0.0761  0.0703  0.0733  0.0677  0.0696  0.0697
  0.0832  0.0772  0.0799  0.0696  0.0732  0.0713
    3.3047  -15.9176   22.2480    2.5141   -2.4194   -6.6269
eta,q 0.93418 10.29458

---------------------------------------------------------------------
imgreg_4dfp /opt/freesurfer/average/711-2C_as_mni_average_305 /opt/freesurfer/average/711-2B_as_mni_average_305_mask talsrcimg_g11 none talsrcimg_to_711-2C_as_mni_average_305_t4 3335
---------------------------------------------------------------------

freesurfer imgreg_4dfp.c
/opt/freesurfer/average/711-2C_as_mni_average_305.4dfp.img
       256       256       256         1
  1.000000  1.000000  1.000000
orientation T byte_order littleendian
Reading image: /opt/freesurfer/average/711-2C_as_mni_average_305.4dfp.img
dimensions:      256       256       256
mmppix:       1.0000   -1.0000   -1.0000
center:     128.0000 -129.0000 -129.0000
/opt/freesurfer/average/711-2B_as_mni_average_305_mask.4dfp.img
       256       256       256         1
  1.000000  1.000000  1.000000
orientation T byte_order littleendian
Reading mask: /opt/freesurfer/average/711-2B_as_mni_average_305_mask.4dfp.img (2306576 pixels)
talsrcimg_g11.4dfp.img
       256       256       256         1
  1.000000  1.000000  1.000000
orientation T byte_order littleendian
Reading image: talsrcimg_g11.4dfp.img
dimensions:      256       256       256
mmppix:       1.0000   -1.0000   -1.0000
center:     128.0000 -129.0000 -129.0000
fimgreg.f
image alignment mode   3335 decimal      D07 hex
parameters
    3.3047  -15.9176   22.2480   -0.7567   -0.7851   -0.1853
   11.7132    3.6829  -11.5300   -4.8439   -4.2213    4.3826
eta,q 0.93382 10.39424
niter,ni,del,rscale     5    3    5.0000    1.2000
parameter  4  2.616124 ->  0.500000 qaram    1.1500
parameter  5  1.726604 ->  0.500000 qaram    1.1500
parameter 10  0.718948 ->  0.500000 qaram    1.1500
parameters
    3.2838  -16.7814   22.5424   -4.8967   -4.9251   -3.1231
    8.6811    3.9702   -7.9411   -8.9839   -5.8129    4.8052
eta,q 0.95687 10.51048
  0.0689  0.0668  0.0693  0.0536  0.0444  0.0484  0.0474  0.0523  0.0513  0.0438  0.0442  0.0456
  0.0674  0.0660  0.0676  0.0554  0.0462  0.0473  0.0460  0.0490  0.0489  0.0432  0.0435  0.0442
  0.0665  0.0658  0.0664  0.0597  0.0500  0.0464  0.0457  0.0468  0.0469  0.0437  0.0432  0.0434
  0.0662  0.0662  0.0658  0.0658  0.0564  0.0470  0.0465  0.0457  0.0456  0.0450  0.0432  0.0431
  0.0665  0.0669  0.0659  0.0726  0.0644  0.0500  0.0484  0.0459  0.0450  0.0468  0.0436  0.0433
  0.0675  0.0680  0.0666  0.0791  0.0724  0.0560  0.0511  0.0479  0.0451  0.0490  0.0445  0.0439
  0.0691  0.0692  0.0680  0.0842  0.0792  0.0628  0.0542  0.0517  0.0457  0.0518  0.0459  0.0450
niter,ni,del,rscale     7    3    5.0000    1.2000
parameter  2 -0.910313 -> -0.500000 qaram    1.1500
parameter  4  0.549988 ->  0.500000 qaram    1.3225
parameter  5  0.683612 ->  0.500000 qaram    1.3225
parameters
    2.9088  -15.4014   22.2111   -9.6577   -9.6861   -3.4971
    8.0938    4.4498   -4.4797  -10.4859   -8.4276    5.6273
eta,q 0.96448 10.14527
  0.0462  0.0517  0.0423  0.0400  0.0361  0.0388  0.0378  0.0393  0.0384  0.0382  0.0357  0.0367
  0.0442  0.0483  0.0411  0.0393  0.0360  0.0380  0.0368  0.0377  0.0373  0.0359  0.0355  0.0360
  0.0432  0.0454  0.0406  0.0390  0.0364  0.0372  0.0364  0.0368  0.0366  0.0354  0.0355  0.0356
  0.0431  0.0430  0.0407  0.0406  0.0391  0.0361  0.0362  0.0362  0.0362  0.0359  0.0356  0.0355
  0.0442  0.0414  0.0412  0.0454  0.0454  0.0358  0.0365  0.0361  0.0359  0.0368  0.0357  0.0356
  0.0462  0.0405  0.0421  0.0525  0.0542  0.0370  0.0372  0.0367  0.0359  0.0381  0.0359  0.0358
  0.0488  0.0406  0.0433  0.0600  0.0625  0.0412  0.0385  0.0389  0.0361  0.0400  0.0363  0.0362
niter,ni,del,rscale     7    3    5.0000    1.2000
parameter  2 -1.620137 -> -0.500000 qaram    1.3225
parameter 12  0.573949 ->  0.500000 qaram    1.1500
parameters
    3.3399  -13.8144   22.9072  -11.3354  -13.7893   -3.7113
    7.5603    5.3369   -3.6513   -8.6044  -10.4211    1.4873
eta,q 0.96886  9.84389
  0.0382  0.0455  0.0337  0.0345  0.0328  0.0337  0.0329  0.0343  0.0326  0.0356  0.0315  0.0313
  0.0369  0.0418  0.0327  0.0332  0.0319  0.0329  0.0322  0.0328  0.0321  0.0331  0.0314  0.0312
  0.0360  0.0384  0.0319  0.0322  0.0313  0.0322  0.0317  0.0319  0.0317  0.0319  0.0314  0.0312
  0.0355  0.0354  0.0315  0.0315  0.0318  0.0314  0.0315  0.0315  0.0315  0.0315  0.0314  0.0314
  0.0354  0.0329  0.0315  0.0316  0.0353  0.0311  0.0317  0.0316  0.0314  0.0314  0.0315  0.0317
  0.0359  0.0311  0.0317  0.0344  0.0431  0.0320  0.0324  0.0321  0.0317  0.0318  0.0316  0.0322
  0.0369  0.0302  0.0321  0.0408  0.0525  0.0353  0.0336  0.0332  0.0323  0.0327  0.0319  0.0326
niter,ni,del,rscale     7    3    5.0000    1.2000
parameter  2 -1.616638 -> -0.500000 qaram    1.5209
parameters
    3.9745  -11.9893   23.0426  -11.2374  -16.0040   -3.4515
    7.1509    6.0146   -3.6916   -5.6329   -9.0200   -0.2241
eta,q 0.97338  9.76144
  0.0341  0.0418  0.0281  0.0307  0.0302  0.0303  0.0290  0.0308  0.0285  0.0340  0.0274  0.0274
  0.0328  0.0379  0.0273  0.0291  0.0289  0.0293  0.0282  0.0288  0.0279  0.0305  0.0271  0.0268
  0.0318  0.0342  0.0269  0.0278  0.0276  0.0283  0.0275  0.0276  0.0274  0.0283  0.0268  0.0266
  0.0311  0.0309  0.0267  0.0267  0.0267  0.0273  0.0272  0.0272  0.0272  0.0272  0.0267  0.0267
  0.0309  0.0282  0.0269  0.0263  0.0275  0.0267  0.0274  0.0274  0.0273  0.0267  0.0267  0.0270
  0.0313  0.0263  0.0272  0.0275  0.0321  0.0277  0.0282  0.0282  0.0277  0.0270  0.0268  0.0276
  0.0321  0.0253  0.0278  0.0319  0.0410  0.0311  0.0298  0.0295  0.0287  0.0281  0.0270  0.0283
niter,ni,del,rscale     7    3    5.0000    1.2000
parameter  2 -0.782750 -> -0.500000 qaram    1.7490
parameters
    4.0189   -9.8905   22.5533  -11.1015  -17.2353   -3.6175
    6.8393    5.8703   -4.0663   -3.5073   -9.3533   -1.8658
eta,q 0.97563  9.71074
  0.0290  0.0371  0.0248  0.0278  0.0286  0.0277  0.0265  0.0276  0.0258  0.0312  0.0249  0.0252
  0.0278  0.0329  0.0242  0.0262  0.0271  0.0267  0.0256  0.0258  0.0252  0.0275  0.0246  0.0246
  0.0270  0.0294  0.0240  0.0249  0.0255  0.0256  0.0249  0.0248  0.0248  0.0254  0.0245  0.0244
  0.0266  0.0266  0.0241  0.0240  0.0239  0.0245  0.0246  0.0246  0.0246  0.0246  0.0244  0.0245
  0.0268  0.0248  0.0244  0.0234  0.0238  0.0241  0.0247  0.0250  0.0247  0.0245  0.0245  0.0248
  0.0276  0.0240  0.0249  0.0245  0.0273  0.0256  0.0256  0.0260  0.0253  0.0250  0.0247  0.0253
  0.0289  0.0244  0.0257  0.0290  0.0357  0.0296  0.0272  0.0278  0.0263  0.0264  0.0250  0.0261
niter,ni,del,rscale     7    3    5.0000    1.2000
parameters
    3.9985   -8.8483   22.0671  -11.0159  -17.8097   -3.9868
    6.6725    5.9602   -3.6552   -1.6808  -10.1539   -2.3629
eta,q 0.97562  9.68285
  0.0267  0.0324  0.0248  0.0277  0.0288  0.0274  0.0264  0.0277  0.0256  0.0302  0.0248  0.0255
  0.0255  0.0285  0.0242  0.0262  0.0272  0.0264  0.0255  0.0257  0.0251  0.0268  0.0245  0.0248
  0.0247  0.0258  0.0240  0.0250  0.0257  0.0254  0.0248  0.0248  0.0247  0.0251  0.0244  0.0244
  0.0244  0.0244  0.0241  0.0240  0.0240  0.0243  0.0245  0.0245  0.0245  0.0245  0.0244  0.0244
  0.0246  0.0241  0.0244  0.0234  0.0231  0.0239  0.0246  0.0248  0.0245  0.0245  0.0245  0.0246
  0.0254  0.0249  0.0249  0.0245  0.0256  0.0256  0.0254  0.0257  0.0248  0.0250  0.0247  0.0250
  0.0268  0.0271  0.0256  0.0291  0.0335  0.0298  0.0269  0.0274  0.0255  0.0263  0.0250  0.0258
niter,ni,del,rscale     6    3    5.0000    1.2000
parameters
    4.0004   -8.3928   21.5512  -10.9405  -18.1221   -4.3340
    6.5257    6.1505   -3.2055   -0.5449  -10.4483   -2.4753
eta,q 0.97544  9.66026
  0.0266  0.0302  0.0249  0.0280  0.0288  0.0273  0.0265  0.0278  0.0257  0.0290  0.0250  0.0257
  0.0255  0.0271  0.0245  0.0264  0.0272  0.0263  0.0256  0.0258  0.0252  0.0262  0.0247  0.0250
  0.0247  0.0252  0.0243  0.0252  0.0257  0.0255  0.0249  0.0248  0.0248  0.0250  0.0246  0.0246
  0.0244  0.0244  0.0243  0.0243  0.0243  0.0244  0.0246  0.0246  0.0246  0.0246  0.0246  0.0246
  0.0246  0.0245  0.0246  0.0238  0.0232  0.0239  0.0247  0.0249  0.0246  0.0247  0.0246  0.0247
  0.0254  0.0256  0.0251  0.0249  0.0251  0.0254  0.0254  0.0258  0.0249  0.0253  0.0248  0.0251
  0.0267  0.0282  0.0258  0.0292  0.0323  0.0297  0.0270  0.0273  0.0256  0.0268  0.0251  0.0258
niter,ni,del,rscale     5    3    5.0000    1.2000
parameters
    4.0107   -8.0390   21.1840  -10.9451  -18.4670   -4.6179
    6.3987    6.2168   -3.2639    0.2040  -10.0118   -2.4843
eta,q 0.97524  9.63395
  0.0268  0.0299  0.0251  0.0281  0.0288  0.0273  0.0266  0.0277  0.0258  0.0284  0.0253  0.0259
  0.0256  0.0270  0.0247  0.0266  0.0273  0.0264  0.0258  0.0258  0.0253  0.0261  0.0250  0.0252
  0.0249  0.0252  0.0245  0.0254  0.0258  0.0256  0.0251  0.0249  0.0250  0.0251  0.0248  0.0249
  0.0246  0.0246  0.0245  0.0245  0.0245  0.0246  0.0248  0.0248  0.0248  0.0248  0.0248  0.0248
  0.0248  0.0247  0.0247  0.0240  0.0236  0.0241  0.0249  0.0252  0.0248  0.0249  0.0248  0.0248
  0.0255  0.0258  0.0251  0.0252  0.0254  0.0253  0.0256  0.0260  0.0252  0.0256  0.0249  0.0252
  0.0269  0.0284  0.0257  0.0295  0.0323  0.0295  0.0271  0.0274  0.0260  0.0271  0.0252  0.0259
niter,ni,del,rscale     4    3    5.0000    1.2000
parameters
    4.0397   -7.7168   20.8971  -10.8537  -18.7883   -4.8597
    6.3441    6.1954   -3.7048    0.8722   -9.1744   -2.5414
eta,q 0.97512  9.61459
  0.0269  0.0297  0.0254  0.0283  0.0289  0.0273  0.0267  0.0276  0.0259  0.0281  0.0254  0.0259
  0.0258  0.0270  0.0249  0.0268  0.0274  0.0264  0.0259  0.0259  0.0254  0.0261  0.0251  0.0253
  0.0251  0.0254  0.0247  0.0256  0.0260  0.0257  0.0253  0.0250  0.0250  0.0253  0.0250  0.0250
  0.0248  0.0248  0.0247  0.0247  0.0247  0.0248  0.0249  0.0249  0.0249  0.0249  0.0249  0.0249
  0.0249  0.0249  0.0249  0.0242  0.0238  0.0242  0.0250  0.0253  0.0250  0.0250  0.0249  0.0249
  0.0257  0.0259  0.0252  0.0253  0.0255  0.0253  0.0257  0.0261  0.0255  0.0256  0.0250  0.0253
  0.0269  0.0285  0.0257  0.0295  0.0321  0.0293  0.0271  0.0275  0.0263  0.0272  0.0252  0.0260
niter,ni,del,rscale     3    3    5.0000    1.2000
parameters
    4.0507   -7.4176   20.6777  -10.7288  -19.0603   -5.0381
    6.3966    6.1030   -4.2335    1.4703   -8.4590   -2.6940
eta,q 0.97507  9.60211
  0.0269  0.0296  0.0255  0.0284  0.0289  0.0272  0.0267  0.0275  0.0260  0.0280  0.0255  0.0260
  0.0259  0.0271  0.0250  0.0269  0.0275  0.0264  0.0260  0.0258  0.0254  0.0262  0.0252  0.0254
  0.0252  0.0256  0.0248  0.0257  0.0260  0.0257  0.0253  0.0251  0.0251  0.0254  0.0250  0.0251
  0.0249  0.0249  0.0248  0.0248  0.0248  0.0249  0.0250  0.0250  0.0250  0.0250  0.0249  0.0249
  0.0251  0.0250  0.0250  0.0243  0.0240  0.0243  0.0250  0.0253  0.0251  0.0250  0.0249  0.0250
  0.0257  0.0261  0.0252  0.0253  0.0255  0.0252  0.0256  0.0260  0.0256  0.0256  0.0251  0.0253
  0.0270  0.0286  0.0258  0.0295  0.0320  0.0290  0.0270  0.0275  0.0265  0.0272  0.0253  0.0261
niter,ni,del,rscale     2    3    5.0000    1.2000
parameters
    4.0359   -7.1832   20.5336  -10.6517  -19.2667   -5.1594
    6.5021    6.0212   -4.5961    1.9303   -8.1027   -2.8703
eta,q 0.97504  9.59323
  0.0268  0.0295  0.0256  0.0284  0.0290  0.0272  0.0267  0.0274  0.0261  0.0278  0.0255  0.0260
  0.0258  0.0271  0.0251  0.0269  0.0275  0.0264  0.0259  0.0259  0.0255  0.0262  0.0252  0.0254
  0.0252  0.0256  0.0249  0.0257  0.0261  0.0257  0.0253  0.0252  0.0252  0.0254  0.0250  0.0251
  0.0249  0.0249  0.0249  0.0249  0.0249  0.0249  0.0250  0.0250  0.0250  0.0250  0.0250  0.0250
  0.0251  0.0251  0.0250  0.0243  0.0241  0.0243  0.0250  0.0252  0.0251  0.0250  0.0250  0.0250
  0.0258  0.0262  0.0253  0.0254  0.0255  0.0252  0.0256  0.0260  0.0256  0.0257  0.0251  0.0254
  0.0270  0.0287  0.0258  0.0296  0.0318  0.0289  0.0269  0.0275  0.0265  0.0273  0.0254  0.0262
niter,ni,del,rscale     1    3    5.0000    1.2000
parameters
    4.0180   -7.0247   20.4503  -10.6253  -19.4093   -5.2189
    6.5822    5.9843   -4.7296    2.2499   -7.9246   -3.0413
eta,q 0.97501  9.58679
  0.0268  0.0294  0.0257  0.0284  0.0290  0.0272  0.0267  0.0274  0.0262  0.0277  0.0255  0.0261
  0.0258  0.0270  0.0252  0.0269  0.0276  0.0265  0.0259  0.0259  0.0256  0.0262  0.0252  0.0254
  0.0252  0.0256  0.0250  0.0258  0.0262  0.0257  0.0253  0.0252  0.0252  0.0254  0.0251  0.0251
  0.0250  0.0250  0.0249  0.0249  0.0249  0.0250  0.0250  0.0250  0.0250  0.0250  0.0250  0.0250
  0.0251  0.0252  0.0250  0.0243  0.0241  0.0243  0.0251  0.0252  0.0251  0.0250  0.0250  0.0251
  0.0258  0.0264  0.0253  0.0254  0.0255  0.0252  0.0256  0.0259  0.0256  0.0258  0.0252  0.0254
  0.0269  0.0289  0.0258  0.0297  0.0317  0.0287  0.0268  0.0274  0.0264  0.0275  0.0255  0.0262
registration optimization eta report
parameter search radius
    2.4000    4.1976    2.4000    9.5220    9.5220    7.2000
    7.2000    7.2000    7.2000    8.2800    7.2000    8.2800
100000*second partial in parameter space
       33.       24.       14.        5.        6.        6.
        3.        5.        3.        4.        1.        2.
  0.0268  0.0294  0.0257  0.0284  0.0290  0.0272  0.0267  0.0274  0.0262  0.0277  0.0255  0.0261
  0.0258  0.0270  0.0252  0.0269  0.0276  0.0265  0.0259  0.0259  0.0256  0.0262  0.0252  0.0254
  0.0252  0.0256  0.0250  0.0258  0.0262  0.0257  0.0253  0.0252  0.0252  0.0254  0.0251  0.0251
  0.0250  0.0250  0.0249  0.0249  0.0249  0.0250  0.0250  0.0250  0.0250  0.0250  0.0250  0.0250
  0.0251  0.0252  0.0250  0.0243  0.0241  0.0243  0.0251  0.0252  0.0251  0.0250  0.0250  0.0251
  0.0258  0.0264  0.0253  0.0254  0.0255  0.0252  0.0256  0.0259  0.0256  0.0258  0.0252  0.0254
  0.0269  0.0289  0.0258  0.0297  0.0317  0.0287  0.0268  0.0274  0.0264  0.0275  0.0255  0.0262
    4.0180   -7.0247   20.4503  -10.6253  -19.4093   -5.2189
    6.5822    5.9843   -4.7296    2.2499   -7.9246   -3.0413
eta,q 0.97501  9.58679

---------------------------------------------------------------------
imgreg_4dfp /opt/freesurfer/average/711-2C_as_mni_average_305 /opt/freesurfer/average/711-2B_as_mni_average_305_mask talsrcimg_g11 none talsrcimg_to_711-2C_as_mni_average_305_t4 2311
---------------------------------------------------------------------

freesurfer imgreg_4dfp.c
/opt/freesurfer/average/711-2C_as_mni_average_305.4dfp.img
       256       256       256         1
  1.000000  1.000000  1.000000
orientation T byte_order littleendian
Reading image: /opt/freesurfer/average/711-2C_as_mni_average_305.4dfp.img
dimensions:      256       256       256
mmppix:       1.0000   -1.0000   -1.0000
center:     128.0000 -129.0000 -129.0000
/opt/freesurfer/average/711-2B_as_mni_average_305_mask.4dfp.img
       256       256       256         1
  1.000000  1.000000  1.000000
orientation T byte_order littleendian
Reading mask: /opt/freesurfer/average/711-2B_as_mni_average_305_mask.4dfp.img (2306576 pixels)
talsrcimg_g11.4dfp.img
       256       256       256         1
  1.000000  1.000000  1.000000
orientation T byte_order littleendian
Reading image: talsrcimg_g11.4dfp.img
dimensions:      256       256       256
mmppix:       1.0000   -1.0000   -1.0000
center:     128.0000 -129.0000 -129.0000
fimgreg.f
image alignment mode   2311 decimal      907 hex
parameters
    4.0180   -7.0247   20.4503  -10.6253  -19.4093   -5.2189
    6.5822    5.9843   -4.7296    2.2499   -7.9246   -3.0413
eta,q 0.97501  9.58679
niter,ni,del,rscale     5    3    5.0000    0.8000
parameter  4 -0.876518 -> -0.500000 qaram    1.1500
parameter  5 -0.512557 -> -0.500000 qaram    1.1500
parameters
    4.0637   -6.7978   20.3038   -7.8653  -16.6493   -4.7685
    4.7528    6.0490   -5.4627    2.2386   -7.4764   -4.1979
eta,q 0.97663  9.81698
  0.0259  0.0257  0.0252  0.0263  0.0264  0.0255  0.0241  0.0254  0.0243  0.0251  0.0239  0.0238
  0.0254  0.0253  0.0251  0.0258  0.0257  0.0250  0.0236  0.0243  0.0237  0.0241  0.0237  0.0235
  0.0251  0.0251  0.0250  0.0254  0.0250  0.0245  0.0235  0.0237  0.0235  0.0236  0.0235  0.0234
  0.0250  0.0250  0.0250  0.0250  0.0244  0.0239  0.0237  0.0235  0.0235  0.0234  0.0234  0.0234
  0.0250  0.0250  0.0250  0.0246  0.0240  0.0234  0.0244  0.0236  0.0237  0.0236  0.0234  0.0236
  0.0253  0.0251  0.0251  0.0244  0.0239  0.0239  0.0254  0.0242  0.0243  0.0242  0.0235  0.0240
  0.0258  0.0254  0.0253  0.0246  0.0245  0.0255  0.0268  0.0254  0.0251  0.0251  0.0238  0.0246
niter,ni,del,rscale     6    3    5.0000    0.9000
parameters
    3.9849   -7.1742   20.5410   -8.9653  -17.2822   -4.4009
    5.9085    5.9262   -5.8640    2.0353   -6.8530   -4.1078
eta,q 0.97651  9.77798
  0.0251  0.0241  0.0243  0.0252  0.0260  0.0258  0.0256  0.0253  0.0244  0.0252  0.0240  0.0243
  0.0241  0.0236  0.0238  0.0246  0.0252  0.0251  0.0247  0.0243  0.0239  0.0241  0.0237  0.0238
  0.0235  0.0234  0.0235  0.0239  0.0243  0.0245  0.0240  0.0238  0.0236  0.0236  0.0236  0.0236
  0.0234  0.0234  0.0233  0.0233  0.0236  0.0238  0.0236  0.0235  0.0235  0.0235  0.0235  0.0235
  0.0236  0.0237  0.0234  0.0236  0.0234  0.0233  0.0235  0.0236  0.0237  0.0238  0.0235  0.0236
  0.0243  0.0243  0.0236  0.0254  0.0249  0.0240  0.0238  0.0243  0.0241  0.0244  0.0236  0.0238
  0.0254  0.0254  0.0239  0.0288  0.0291  0.0260  0.0245  0.0257  0.0247  0.0254  0.0238  0.0242
niter,ni,del,rscale     5    3    5.0000    0.8000
parameters
    3.8904   -7.0433   20.5474   -8.8296  -17.2527   -4.2884
    6.1096    5.6827   -6.0813    2.1576   -6.7176   -4.2701
eta,q 0.97661  9.78570
  0.0245  0.0244  0.0241  0.0252  0.0257  0.0253  0.0248  0.0248  0.0242  0.0250  0.0237  0.0240
  0.0239  0.0239  0.0237  0.0246  0.0249  0.0247  0.0241  0.0240  0.0237  0.0240  0.0236  0.0236
  0.0236  0.0236  0.0235  0.0240  0.0241  0.0241  0.0236  0.0236  0.0234  0.0235  0.0234  0.0234
  0.0235  0.0235  0.0235  0.0235  0.0234  0.0234  0.0234  0.0234  0.0234  0.0234  0.0234  0.0234
  0.0237  0.0235  0.0235  0.0232  0.0231  0.0231  0.0235  0.0235  0.0235  0.0235  0.0234  0.0235
  0.0241  0.0237  0.0237  0.0238  0.0239  0.0239  0.0239  0.0241  0.0239  0.0240  0.0235  0.0237
  0.0248  0.0242  0.0240  0.0257  0.0266  0.0258  0.0246  0.0253  0.0244  0.0248  0.0237  0.0241
niter,ni,del,rscale     4    3    5.0000    0.7000
parameters
    3.8317   -7.0420   20.5488   -8.4795  -16.9771   -4.0648
    6.1077    5.5509   -6.1786    2.2657   -6.7781   -4.4392
eta,q 0.97685  9.81466
  0.0242  0.0240  0.0239  0.0249  0.0253  0.0249  0.0243  0.0245  0.0239  0.0246  0.0234  0.0237
  0.0237  0.0237  0.0236  0.0244  0.0246  0.0244  0.0237  0.0238  0.0235  0.0237  0.0233  0.0234
  0.0235  0.0235  0.0234  0.0239  0.0239  0.0239  0.0233  0.0233  0.0232  0.0233  0.0232  0.0232
  0.0234  0.0234  0.0234  0.0234  0.0233  0.0232  0.0231  0.0231  0.0232  0.0232  0.0232  0.0232
  0.0235  0.0234  0.0234  0.0232  0.0231  0.0230  0.0233  0.0233  0.0233  0.0233  0.0232  0.0232
  0.0238  0.0237  0.0236  0.0236  0.0236  0.0236  0.0236  0.0238  0.0235  0.0237  0.0233  0.0234
  0.0244  0.0240  0.0239  0.0250  0.0255  0.0251  0.0243  0.0248  0.0240  0.0244  0.0235  0.0238
niter,ni,del,rscale     3    3    5.0000    0.6000
parameters
    3.7969   -7.1278   20.6182   -8.2165  -16.6581   -3.7849
    6.0789    5.4913   -6.2278    2.2240   -6.8736   -4.5441
eta,q 0.97706  9.84343
  0.0238  0.0236  0.0236  0.0244  0.0247  0.0245  0.0238  0.0240  0.0236  0.0240  0.0232  0.0234
  0.0234  0.0233  0.0234  0.0240  0.0241  0.0241  0.0233  0.0235  0.0232  0.0234  0.0231  0.0231
  0.0232  0.0232  0.0232  0.0235  0.0236  0.0236  0.0230  0.0231  0.0230  0.0230  0.0230  0.0230
  0.0232  0.0231  0.0232  0.0232  0.0231  0.0230  0.0229  0.0229  0.0229  0.0229  0.0229  0.0229
  0.0232  0.0232  0.0232  0.0230  0.0229  0.0229  0.0230  0.0230  0.0230  0.0231  0.0230  0.0230
  0.0235  0.0234  0.0233  0.0234  0.0233  0.0234  0.0234  0.0234  0.0232  0.0234  0.0231  0.0232
  0.0239  0.0238  0.0235  0.0245  0.0247  0.0245  0.0239  0.0242  0.0236  0.0240  0.0232  0.0234
niter,ni,del,rscale     2    3    5.0000    0.5000
parameters
    3.7857   -7.2765   20.7418   -7.9852  -16.3210   -3.4990
    6.0404    5.4683   -6.2361    2.0573   -7.0203   -4.5719
eta,q 0.97725  9.87145
  0.0235  0.0232  0.0234  0.0240  0.0241  0.0241  0.0234  0.0236  0.0232  0.0235  0.0229  0.0231
  0.0232  0.0230  0.0231  0.0236  0.0237  0.0237  0.0231  0.0232  0.0230  0.0230  0.0228  0.0229
  0.0230  0.0230  0.0230  0.0232  0.0232  0.0232  0.0228  0.0229  0.0228  0.0228  0.0228  0.0228
  0.0229  0.0229  0.0229  0.0229  0.0229  0.0228  0.0228  0.0228  0.0228  0.0228  0.0228  0.0228
  0.0230  0.0230  0.0230  0.0229  0.0228  0.0227  0.0228  0.0228  0.0228  0.0229  0.0228  0.0228
  0.0232  0.0232  0.0230  0.0232  0.0231  0.0231  0.0231  0.0231  0.0230  0.0232  0.0229  0.0229
  0.0235  0.0235  0.0232  0.0239  0.0240  0.0240  0.0235  0.0237  0.0232  0.0237  0.0230  0.0231
niter,ni,del,rscale     1    3    5.0000    0.4000
parameters
    3.7807   -7.4716   20.8991   -7.7831  -15.9693   -3.2397
    5.9960    5.4640   -6.1943    1.7632   -7.2184   -4.5387
eta,q 0.97740  9.89788
  0.0231  0.0229  0.0231  0.0235  0.0236  0.0237  0.0231  0.0232  0.0229  0.0230  0.0227  0.0229
  0.0229  0.0228  0.0229  0.0232  0.0232  0.0233  0.0228  0.0229  0.0228  0.0228  0.0226  0.0227
  0.0228  0.0227  0.0228  0.0229  0.0229  0.0229  0.0227  0.0227  0.0226  0.0226  0.0226  0.0226
  0.0228  0.0228  0.0227  0.0227  0.0227  0.0227  0.0226  0.0226  0.0226  0.0226  0.0226  0.0226
  0.0228  0.0228  0.0227  0.0227  0.0226  0.0226  0.0227  0.0227  0.0226  0.0227  0.0226  0.0226
  0.0229  0.0230  0.0228  0.0229  0.0228  0.0229  0.0228  0.0229  0.0228  0.0230  0.0227  0.0227
  0.0232  0.0232  0.0229  0.0234  0.0234  0.0235  0.0231  0.0232  0.0229  0.0233  0.0228  0.0228
registration optimization eta report
parameter search radius
    0.8000    0.8000    0.8000    2.7600    2.7600    2.4000
    2.4000    2.4000    2.4000    2.4000    2.4000    2.4000
100000*second partial in parameter space
       61.       45.       37.        9.       10.       16.
        8.       11.        6.       10.        3.        4.
  0.0231  0.0229  0.0231  0.0235  0.0236  0.0237  0.0231  0.0232  0.0229  0.0230  0.0227  0.0229
  0.0229  0.0228  0.0229  0.0232  0.0232  0.0233  0.0228  0.0229  0.0228  0.0228  0.0226  0.0227
  0.0228  0.0227  0.0228  0.0229  0.0229  0.0229  0.0227  0.0227  0.0226  0.0226  0.0226  0.0226
  0.0228  0.0228  0.0227  0.0227  0.0227  0.0227  0.0226  0.0226  0.0226  0.0226  0.0226  0.0226
  0.0228  0.0228  0.0227  0.0227  0.0226  0.0226  0.0227  0.0227  0.0226  0.0227  0.0226  0.0226
  0.0229  0.0230  0.0228  0.0229  0.0228  0.0229  0.0228  0.0229  0.0228  0.0230  0.0227  0.0227
  0.0232  0.0232  0.0229  0.0234  0.0234  0.0235  0.0231  0.0232  0.0229  0.0233  0.0228  0.0228
    3.7807   -7.4716   20.8991   -7.7831  -15.9693   -3.2397
    5.9960    5.4640   -6.1943    1.7632   -7.2184   -4.5387
eta,q 0.97740  9.89788

---------------------------------------------------------------------
imgreg_4dfp /opt/freesurfer/average/711-2C_as_mni_average_305 /opt/freesurfer/average/711-2B_as_mni_average_305_mask talsrcimg_g11 none talsrcimg_to_711-2C_as_mni_average_305_t4 2311
---------------------------------------------------------------------

freesurfer imgreg_4dfp.c
/opt/freesurfer/average/711-2C_as_mni_average_305.4dfp.img
       256       256       256         1
  1.000000  1.000000  1.000000
orientation T byte_order littleendian
Reading image: /opt/freesurfer/average/711-2C_as_mni_average_305.4dfp.img
dimensions:      256       256       256
mmppix:       1.0000   -1.0000   -1.0000
center:     128.0000 -129.0000 -129.0000
/opt/freesurfer/average/711-2B_as_mni_average_305_mask.4dfp.img
       256       256       256         1
  1.000000  1.000000  1.000000
orientation T byte_order littleendian
Reading mask: /opt/freesurfer/average/711-2B_as_mni_average_305_mask.4dfp.img (2306576 pixels)
talsrcimg_g11.4dfp.img
       256       256       256         1
  1.000000  1.000000  1.000000
orientation T byte_order littleendian
Reading image: talsrcimg_g11.4dfp.img
dimensions:      256       256       256
mmppix:       1.0000   -1.0000   -1.0000
center:     128.0000 -129.0000 -129.0000
fimgreg.f
image alignment mode   2311 decimal      907 hex
parameters
    3.7807   -7.4716   20.8991   -7.7831  -15.9693   -3.2397
    5.9960    5.4640   -6.1943    1.7632   -7.2184   -4.5387
eta,q 0.97740  9.89788
niter,ni,del,rscale     5    3    5.0000    0.8000
parameters
    3.7692   -7.8036   21.1175   -8.4470  -16.2964   -3.6604
    6.1719    5.5839   -6.0411    1.0072   -7.1525   -4.0951
eta,q 0.97719  9.86449
  0.0242  0.0233  0.0238  0.0240  0.0245  0.0248  0.0244  0.0248  0.0239  0.0241  0.0232  0.0237
  0.0233  0.0228  0.0232  0.0234  0.0238  0.0242  0.0236  0.0238  0.0233  0.0232  0.0230  0.0232
  0.0228  0.0226  0.0228  0.0229  0.0232  0.0235  0.0231  0.0232  0.0230  0.0228  0.0229  0.0229
  0.0226  0.0226  0.0226  0.0226  0.0227  0.0227  0.0229  0.0229  0.0229  0.0229  0.0228  0.0228
  0.0228  0.0229  0.0226  0.0227  0.0226  0.0229  0.0230  0.0230  0.0230  0.0233  0.0228  0.0229
  0.0234  0.0235  0.0228  0.0238  0.0235  0.0241  0.0234  0.0235  0.0233  0.0240  0.0230  0.0231
  0.0243  0.0244  0.0233  0.0259  0.0260  0.0267  0.0242  0.0247  0.0237  0.0251  0.0232  0.0234
niter,ni,del,rscale     4    3    5.0000    0.7000
parameters
    3.7899   -7.7308   21.0813   -8.2699  -16.0740   -3.6664
    6.0933    5.5510   -6.0629    0.9742   -7.1602   -4.1117
eta,q 0.97729  9.87460
  0.0239  0.0236  0.0234  0.0241  0.0245  0.0245  0.0239  0.0242  0.0235  0.0242  0.0230  0.0233
  0.0233  0.0232  0.0230  0.0236  0.0238  0.0240  0.0233  0.0234  0.0231  0.0233  0.0229  0.0230
  0.0229  0.0229  0.0228  0.0232  0.0233  0.0234  0.0229  0.0229  0.0228  0.0228  0.0228  0.0228
  0.0228  0.0228  0.0228  0.0228  0.0228  0.0227  0.0227  0.0227  0.0227  0.0227  0.0227  0.0227
  0.0229  0.0228  0.0229  0.0227  0.0226  0.0226  0.0229  0.0228  0.0228  0.0229  0.0227  0.0228
  0.0233  0.0231  0.0231  0.0231  0.0231  0.0234  0.0233  0.0234  0.0231  0.0234  0.0229  0.0230
  0.0238  0.0235  0.0234  0.0243  0.0246  0.0252  0.0240  0.0244  0.0235  0.0241  0.0231  0.0233
niter,ni,del,rscale     3    3    5.0000    0.6000
parameters
    3.7799   -7.7911   21.1076   -8.0538  -15.7888   -3.4674
    6.0486    5.5156   -6.0475    0.9386   -7.2831   -4.1744
eta,q 0.97744  9.89614
  0.0235  0.0232  0.0232  0.0238  0.0241  0.0242  0.0236  0.0238  0.0232  0.0237  0.0228  0.0231
  0.0231  0.0230  0.0229  0.0234  0.0236  0.0237  0.0230  0.0231  0.0229  0.0230  0.0227  0.0228
  0.0228  0.0228  0.0228  0.0230  0.0231  0.0232  0.0227  0.0227  0.0226  0.0226  0.0226  0.0226
  0.0227  0.0227  0.0227  0.0227  0.0227  0.0226  0.0226  0.0226  0.0226  0.0226  0.0226  0.0226
  0.0228  0.0228  0.0228  0.0226  0.0226  0.0225  0.0227  0.0227  0.0226  0.0227  0.0226  0.0226
  0.0231  0.0230  0.0229  0.0230  0.0229  0.0231  0.0230  0.0231  0.0229  0.0231  0.0227  0.0228
  0.0236  0.0234  0.0231  0.0238  0.0240  0.0243  0.0236  0.0239  0.0232  0.0237  0.0229  0.0231
niter,ni,del,rscale     2    3    5.0000    0.5000
parameters
    3.7665   -7.9300   21.2005   -7.8745  -15.4858   -3.1982
    5.9954    5.5165   -5.9516    0.7784   -7.5031   -4.2141
eta,q 0.97760  9.91900
  0.0232  0.0229  0.0230  0.0234  0.0236  0.0238  0.0231  0.0233  0.0229  0.0232  0.0226  0.0228
  0.0228  0.0227  0.0228  0.0231  0.0232  0.0234  0.0227  0.0228  0.0226  0.0227  0.0225  0.0226
  0.0226  0.0226  0.0226  0.0228  0.0228  0.0229  0.0225  0.0225  0.0225  0.0225  0.0224  0.0224
  0.0226  0.0226  0.0226  0.0226  0.0225  0.0225  0.0224  0.0224  0.0224  0.0224  0.0224  0.0224
  0.0226  0.0226  0.0226  0.0225  0.0224  0.0224  0.0225  0.0225  0.0225  0.0226  0.0224  0.0225
  0.0228  0.0228  0.0227  0.0228  0.0227  0.0228  0.0228  0.0228  0.0226  0.0229  0.0225  0.0226
  0.0232  0.0231  0.0228  0.0234  0.0234  0.0237  0.0232  0.0234  0.0229  0.0234  0.0226  0.0228
niter,ni,del,rscale     1    3    5.0000    0.4000
parameters
    3.7576   -8.1215   21.3490   -7.7155  -15.1660   -2.9296
    5.9199    5.5523   -5.7582    0.4960   -7.7386   -4.1788
eta,q 0.97775  9.94124
  0.0228  0.0226  0.0227  0.0230  0.0231  0.0234  0.0228  0.0229  0.0227  0.0227  0.0224  0.0225
  0.0226  0.0224  0.0226  0.0227  0.0228  0.0230  0.0225  0.0226  0.0224  0.0224  0.0223  0.0224
  0.0224  0.0224  0.0224  0.0225  0.0226  0.0226  0.0223  0.0224  0.0223  0.0223  0.0223  0.0223
  0.0224  0.0224  0.0224  0.0224  0.0224  0.0223  0.0223  0.0223  0.0223  0.0223  0.0222  0.0222
  0.0225  0.0225  0.0224  0.0224  0.0223  0.0223  0.0223  0.0223  0.0223  0.0224  0.0223  0.0223
  0.0226  0.0226  0.0224  0.0225  0.0225  0.0225  0.0225  0.0225  0.0224  0.0226  0.0223  0.0224
  0.0228  0.0229  0.0225  0.0229  0.0229  0.0232  0.0228  0.0229  0.0225  0.0230  0.0224  0.0225
registration optimization eta report
parameter search radius
    0.8000    0.8000    0.8000    2.4000    2.4000    2.4000
    2.4000    2.4000    2.4000    2.4000    2.4000    2.4000
100000*second partial in parameter space
       66.       49.       40.       10.       12.       17.
        9.       11.        6.       11.        3.        5.
  0.0228  0.0226  0.0227  0.0230  0.0231  0.0234  0.0228  0.0229  0.0227  0.0227  0.0224  0.0225
  0.0226  0.0224  0.0226  0.0227  0.0228  0.0230  0.0225  0.0226  0.0224  0.0224  0.0223  0.0224
  0.0224  0.0224  0.0224  0.0225  0.0226  0.0226  0.0223  0.0224  0.0223  0.0223  0.0223  0.0223
  0.0224  0.0224  0.0224  0.0224  0.0224  0.0223  0.0223  0.0223  0.0223  0.0223  0.0222  0.0222
  0.0225  0.0225  0.0224  0.0224  0.0223  0.0223  0.0223  0.0223  0.0223  0.0224  0.0223  0.0223
  0.0226  0.0226  0.0224  0.0225  0.0225  0.0225  0.0225  0.0225  0.0224  0.0226  0.0223  0.0224
  0.0228  0.0229  0.0225  0.0229  0.0229  0.0232  0.0228  0.0229  0.0225  0.0230  0.0224  0.0225
    3.7576   -8.1215   21.3490   -7.7155  -15.1660   -2.9296
    5.9199    5.5523   -5.7582    0.4960   -7.7386   -4.1788
eta,q 0.97775  9.94124

---------------------------------------------------------------------
compute_vox2vox talsrcimg talsrcimg_to_711-2C_as_mni_average_305_t4 /opt/freesurfer/average/711-2C_as_mni_average_305
---------------------------------------------------------------------

freesurfer compute_vox2vox.c
Reading: talsrcimg.4dfp.ifh
Reading: talsrcimg_to_711-2C_as_mni_average_305_t4
Reading: /opt/freesurfer/average/711-2C_as_mni_average_305.4dfp.ifh
Writing: talsrcimg_to_711-2C_as_mni_average_305_t4_vox2vox.txt

start time Mon Mar 9 07:50:39 CET 2026
end		time Mon Mar 9 07:50:53 CET 2026

mpr2mni305 success

avi2talxfm orig_nu.mgz /opt/freesurfer/average/mni305.cor.mgz talsrcimg_to_711-2C_as_mni_average_305_t4_vox2vox.txt transforms/talairach.auto.xfm
avi2talxfm done
mv -f /out/sourcedata/freesurfer/sub-v1s20x0050320_ses-1/mri/talsrcimg_to_711-2C_as_mni_average_305_t4_vox2vox.txt /out/sourcedata/freesurfer/sub-v1s20x0050320_ses-1/mri/transforms/talsrcimg_to_711-2C_as_mni_average_305_t4_vox2vox.txt
lta_convert --src orig_nu.mgz --trg /opt/freesurfer/average/mni305.cor.mgz --inxfm transforms/talairach.auto.xfm --outlta transforms/talairach.auto.xfm.lta --subject fsaverage
7.3.2

--src: orig_nu.mgz src image (geometry).
--trg: /opt/freesurfer/average/mni305.cor.mgz trg image (geometry).
--inmni: transforms/talairach.auto.xfm input MNI/XFM transform.
--outlta: transforms/talairach.auto.xfm.lta output LTA.
--s: fsaverage subject name
 LTA read, type : 1
 1.07363  -0.06101  -0.07792  -3.89304;
 0.08871   1.02488   0.04429  -22.42093;
 0.07236  -0.01013   1.17322   8.72708;
 0.00000   0.00000   0.00000   1.00000;
setting subject to fsaverage
Writing  LTA to file transforms/talairach.auto.xfm.lta...
lta_convert successful.
 
 
Started at Mon Mar 9 07:50:38 CET 2026
Ended   at Mon Mar  9 07:50:54 CET 2026
talairach_avi done
