/out/sourcedata/freesurfer/sub-v1s20x0050330_ses-1/mri
/opt/freesurfer/bin/talairach_avi
--i orig_nu.mgz --xfm transforms/talairach.auto.xfm
talairach_avi 7.3.2
Linux dna079 5.14.0-427.37.1.el9_4.x86_64 #1 SMP PREEMPT_DYNAMIC Fri Sep 13 12:41:50 EDT 2024 x86_64 x86_64 x86_64 GNU/Linux
Mon Mar  9 08:12:36 CET 2026
mri_convert orig_nu.mgz talsrcimg.img 
reading from orig_nu.mgz...
TR=0.00, TE=0.00, TI=0.00, flip angle=0.00
i_ras = (-1, 0, 0)
j_ras = (0, 0, -1)
k_ras = (0, 1, 0)
writing to talsrcimg.img...
Analyze Output Matrix
-1.00000   0.00000   0.00000   129.50000;
 0.00000   0.00000   1.00000  -128.50000;
 0.00000  -1.00000   0.00000   129.70001;
 0.00000   0.00000   0.00000   1.00000;
--------------------
INFO: set hdr.hist.orient to -1
mpr2mni305 talsrcimg
Mon Mar  9 08:12:36 CET 2026
/opt/freesurfer/bin/mpr2mni305 talsrcimg
mpr2mni305 7.3.2
target=711-2C_as_mni_average_305

---------------------------------------------------------------------
analyzeto4dfp talsrcimg -O0 -y
---------------------------------------------------------------------

freesurfer ifh2hdr.c
Mon Mar  9 08:12:36 2026
Writing: talsrcimg.4dfp.hdr
freesurfer analyzeto4dfp.c
Reading: talsrcimg.hdr
header size 348 bytes
hdr.dime.datatype	offset=70	value=2
hdr.dime.bitpix		offset=72	value=8
hdr.hist.orient		offset=252	value=-1
dimensionality     4
dimensions       256       256       256         1
Reading: talsrcimg.img
Writing: talsrcimg.4dfp.img
Writing: talsrcimg.4dfp.ifh
ifh2hdr talsrcimg -r0to242
ori=2

---------------------------------------------------------------------
gauss_4dfp talsrcimg 1.1
---------------------------------------------------------------------

freesurfer gauss_4dfp.c
Reading: talsrcimg.4dfp.img
Writing: talsrcimg_g11.4dfp.img
image dimensions 256 256 256 padded to 288 288 288
processing volume 1freesurfer ifh2hdr.c
Mon Mar  9 08:12:37 2026
Writing: talsrcimg_g11.4dfp.hdr

Writing: talsrcimg_g11.4dfp.ifh
including: talsrcimg.4dfp.img.rec in talsrcimg_g11.4dfp.img.rec

---------------------------------------------------------------------
imgreg_4dfp /opt/freesurfer/average/711-2C_as_mni_average_305 none talsrcimg_g11 none talsrcimg_to_711-2C_as_mni_average_305_t4 4355
---------------------------------------------------------------------

freesurfer imgreg_4dfp.c
/opt/freesurfer/average/711-2C_as_mni_average_305.4dfp.img
       256       256       256         1
  1.000000  1.000000  1.000000
orientation T byte_order littleendian
Reading image: /opt/freesurfer/average/711-2C_as_mni_average_305.4dfp.img
dimensions:      256       256       256
mmppix:       1.0000   -1.0000   -1.0000
center:     128.0000 -129.0000 -129.0000
talsrcimg_g11.4dfp.img
       256       256       256         1
  1.000000  1.000000  1.000000
orientation T byte_order littleendian
Reading image: talsrcimg_g11.4dfp.img
dimensions:      256       256       256
mmppix:       1.0000   -1.0000   -1.0000
center:     128.0000 -129.0000 -129.0000
t4_read: open error in t4_sub.f l:  41 t4_file(1:l)talsrcimg_to_711-2C_as_mni_average_305_t4 
t4_read: transform initialized to I4
rotation matrix determinant  1.000000
image alignment mode   4355 decimal     1103 hex
   -7.5000  -45.0000  -45.0000 8577.7949   19.1945
    0.0000  -45.0000  -45.0000 8897.1016   19.1842
    7.5000  -45.0000  -45.0000 8429.2344   19.2058
   -7.5000  -37.5000  -45.0000 9177.4199   19.1714
    0.0000  -37.5000  -45.0000 9529.2393   19.1553
    7.5000  -37.5000  -45.0000 9009.5879   19.1759
   -7.5000  -30.0000  -45.000010039.4570   19.1464
    0.0000  -30.0000  -45.000010456.5000   19.1244
    7.5000  -30.0000  -45.0000 9851.1475   19.1405
   -7.5000  -22.5000  -45.000010791.4619   19.1494
    0.0000  -22.5000  -45.000011244.4160   19.1267
    7.5000  -22.5000  -45.000010590.4609   19.1385
   -7.5000  -15.0000  -45.000011444.2363   19.1694
    0.0000  -15.0000  -45.000011938.5293   19.1495
    7.5000  -15.0000  -45.000011224.8623   19.1594
   -7.5000   -7.5000  -45.000012104.8867   19.1894
    0.0000   -7.5000  -45.000012620.6875   19.1760
    7.5000   -7.5000  -45.000011833.5938   19.1912
   -7.5000    0.0000  -45.000012689.8232   19.1945
    0.0000    0.0000  -45.000013227.6748   19.1842
    7.5000    0.0000  -45.000012401.7754   19.2058
   -7.5000    7.5000  -45.000012372.7363   19.1714
    0.0000    7.5000  -45.000012895.4512   19.1553
    7.5000    7.5000  -45.000012084.7148   19.1759
   -7.5000   15.0000  -45.000011905.1973   19.1464
    0.0000   15.0000  -45.000012427.6709   19.1244
    7.5000   15.0000  -45.000011662.4082   19.1405
   -7.5000   22.5000  -45.000011164.8799   19.1468
    0.0000   22.5000  -45.000011682.2568   19.1241
    7.5000   22.5000  -45.000010962.0195   19.1358
   -7.5000   30.0000  -45.000010180.7393   18.9139
    0.0000   30.0000  -45.000010648.3955   18.8943
    7.5000   30.0000  -45.000010003.9404   18.9041
   -7.5000   37.5000  -45.0000 9562.2324   18.9336
    0.0000   37.5000  -45.0000 9995.2637   18.9204
    7.5000   37.5000  -45.0000 9410.3604   18.9355
   -7.5000   45.0000  -45.0000 8727.0156   18.4579
    0.0000   45.0000  -45.0000 9124.5137   18.4479
    7.5000   45.0000  -45.0000 8579.1660   18.4687
   -7.5000  -45.0000  -37.5000 9096.7852   19.2265
    0.0000  -45.0000  -37.5000 9449.8691   19.2130
    7.5000  -45.0000  -37.5000 8946.1240   19.2242
   -7.5000  -37.5000  -37.5000 9722.2139   19.2031
    0.0000  -37.5000  -37.500010105.7002   19.1870
    7.5000  -37.5000  -37.5000 9547.3018   19.2029
   -7.5000  -30.0000  -37.500010638.0957   19.1709
    0.0000  -30.0000  -37.500011053.9609   19.1506
    7.5000  -30.0000  -37.500010418.9844   19.1681
   -7.5000  -22.5000  -37.500011429.0498   19.1663
    0.0000  -22.5000  -37.500011886.7598   19.1447
    7.5000  -22.5000  -37.500011197.6572   19.1585
   -7.5000  -15.0000  -37.500012148.6172   19.1851
    0.0000  -15.0000  -37.500012638.2373   19.1638
    7.5000  -15.0000  -37.500011856.7812   19.1708
   -7.5000   -7.5000  -37.500012802.5625   19.2129
    0.0000   -7.5000  -37.500013350.5645   19.1955
    7.5000   -7.5000  -37.500012487.1338   19.2016
   -7.5000    0.0000  -37.500013403.2227   19.2265
    0.0000    0.0000  -37.500013984.3916   19.2130
    7.5000    0.0000  -37.500013073.3291   19.2242
   -7.5000    7.5000  -37.500013048.5986   19.2031
    0.0000    7.5000  -37.500013615.5059   19.1870
    7.5000    7.5000  -37.500012721.0957   19.2029
   -7.5000   15.0000  -37.500012514.8760   19.1709
    0.0000   15.0000  -37.500013086.3027   19.1506
    7.5000   15.0000  -37.500012256.7422   19.1681
   -7.5000   22.5000  -37.500011724.8184   19.1637
    0.0000   22.5000  -37.500012267.3916   19.1421
    7.5000   22.5000  -37.500011504.5596   19.1558
   -7.5000   30.0000  -37.500010692.9092   18.9294
    0.0000   30.0000  -37.500011193.1963   18.9084
    7.5000   30.0000  -37.500010505.5615   18.9153
   -7.5000   37.5000  -37.500010010.1816   18.9568
    0.0000   37.5000  -37.500010485.6045   18.9397
    7.5000   37.5000  -37.5000 9866.9443   18.9457
   -7.5000   45.0000  -37.5000 9101.7773   18.4886
    0.0000   45.0000  -37.5000 9540.7354   18.4756
    7.5000   45.0000  -37.5000 8959.1709   18.4863
   -7.5000  -45.0000  -30.0000 9780.8096   20.0567
    0.0000  -45.0000  -30.000010147.3027   20.0439
    7.5000  -45.0000  -30.0000 9557.7783   20.0426
   -7.5000  -37.5000  -30.000010424.0410   20.0392
    0.0000  -37.5000  -30.000010822.0869   20.0243
    7.5000  -37.5000  -30.000010184.4092   20.0290
   -7.5000  -30.0000  -30.000011403.3789   19.9997
    0.0000  -30.0000  -30.000011829.4375   19.9835
    7.5000  -30.0000  -30.000011120.0410   19.9924
   -7.5000  -22.5000  -30.000012206.8369   19.9801
    0.0000  -22.5000  -30.000012686.9814   19.9661
    7.5000  -22.5000  -30.000011927.6660   19.9737
   -7.5000  -15.0000  -30.000012953.3662   19.9895
    0.0000  -15.0000  -30.000013459.8398   19.9768
    7.5000  -15.0000  -30.000012601.1562   19.9777
   -7.5000   -7.5000  -30.000013680.9209   20.0265
    0.0000   -7.5000  -30.000014257.0391   20.0136
    7.5000   -7.5000  -30.000013287.0264   20.0099
   -7.5000    0.0000  -30.000014330.1045   20.0567
    0.0000    0.0000  -30.000014950.9102   20.0439
    7.5000    0.0000  -30.000013927.1729   20.0426
   -7.5000    7.5000  -30.000013936.4717   20.0392
    0.0000    7.5000  -30.000014533.4297   20.0243
    7.5000    7.5000  -30.000013559.1338   20.0290
   -7.5000   15.0000  -30.000013264.7656   19.9997
    0.0000   15.0000  -30.000013856.2275   19.9835
    7.5000   15.0000  -30.000012992.0830   19.9924
   -7.5000   22.5000  -30.000012393.0283   19.9753
    0.0000   22.5000  -30.000012961.1465   19.9613
    7.5000   22.5000  -30.000012158.8164   19.9689
   -7.5000   30.0000  -30.000011307.6641   19.7250
    0.0000   30.0000  -30.000011821.2480   19.7125
    7.5000   30.0000  -30.000011093.5107   19.7133
   -7.5000   37.5000  -30.000010593.0508   19.7615
    0.0000   37.5000  -30.000011118.0732   19.7488
    7.5000   37.5000  -30.000010422.9619   19.7452
   -7.5000   45.0000  -30.0000 9604.0107   19.3010
    0.0000   45.0000  -30.000010068.9268   19.2888
    7.5000   45.0000  -30.0000 9434.1846   19.2875
   -7.5000  -45.0000  -22.500010389.9795   20.7310
    0.0000  -45.0000  -22.500010787.3164   20.7250
    7.5000  -45.0000  -22.500010156.4990   20.7222
   -7.5000  -37.5000  -22.500011058.5811   20.7218
    0.0000  -37.5000  -22.500011488.6807   20.7098
    7.5000  -37.5000  -22.500010815.5703   20.7056
   -7.5000  -30.0000  -22.500012098.8193   20.6829
    0.0000  -30.0000  -22.500012552.7217   20.6706
    7.5000  -30.0000  -22.500011802.8281   20.6653
   -7.5000  -22.5000  -22.500012958.8975   20.6542
    0.0000  -22.5000  -22.500013438.2881   20.6496
    7.5000  -22.5000  -22.500012618.6816   20.6455
   -7.5000  -15.0000  -22.500013689.9414   20.6533
    0.0000  -15.0000  -22.500014215.7334   20.6546
    7.5000  -15.0000  -22.500013298.5400   20.6517
   -7.5000   -7.5000  -22.500014441.8320   20.6912
    0.0000   -7.5000  -22.500015038.5762   20.6907
    7.5000   -7.5000  -22.500014039.5957   20.6878
   -7.5000    0.0000  -22.500015160.3359   20.7310
    0.0000    0.0000  -22.500015790.6377   20.7250
    7.5000    0.0000  -22.500014745.8574   20.7222
   -7.5000    7.5000  -22.500014706.4131   20.7218
    0.0000    7.5000  -22.500015305.6279   20.7098
    7.5000    7.5000  -22.500014302.7393   20.7056
   -7.5000   15.0000  -22.500013981.9590   20.6829
    0.0000   15.0000  -22.500014544.2979   20.6706
    7.5000   15.0000  -22.500013628.7500   20.6653
   -7.5000   22.5000  -22.500013056.3408   20.6478
    0.0000   22.5000  -22.500013592.0332   20.6432
    7.5000   22.5000  -22.500012750.0400   20.6391
   -7.5000   30.0000  -22.500011887.8389   20.3831
    0.0000   30.0000  -22.500012439.0332   20.3845
    7.5000   30.0000  -22.500011638.5059   20.3815
   -7.5000   37.5000  -22.500011153.7734   20.4205
    0.0000   37.5000  -22.500011700.5527   20.4201
    7.5000   37.5000  -22.500010929.4053   20.4172
   -7.5000   45.0000  -22.500010101.0449   19.9650
    0.0000   45.0000  -22.500010582.0850   19.9592
    7.5000   45.0000  -22.5000 9879.5293   19.9565
   -7.5000  -45.0000  -15.000010963.7197   21.1942
    0.0000  -45.0000  -15.000011398.0664   21.1942
    7.5000  -45.0000  -15.000010740.3232   21.2031
   -7.5000  -37.5000  -15.000011672.4766   21.1863
    0.0000  -37.5000  -15.000012139.7139   21.1758
    7.5000  -37.5000  -15.000011436.8457   21.1752
   -7.5000  -30.0000  -15.000012760.3252   21.1540
    0.0000  -30.0000  -15.000013269.4121   21.1408
    7.5000  -30.0000  -15.000012490.8164   21.1310
   -7.5000  -22.5000  -15.000013725.6318   21.1315
    0.0000  -22.5000  -15.000014286.5068   21.1272
    7.5000  -22.5000  -15.000013366.6533   21.1187
   -7.5000  -15.0000  -15.000014502.3262   21.1309
    0.0000  -15.0000  -15.000015156.5225   21.1359
    7.5000  -15.0000  -15.000014129.9287   21.1356
   -7.5000   -7.5000  -15.000015265.1377   21.1613
    0.0000   -7.5000  -15.000015948.2197   21.1678
    7.5000   -7.5000  -15.000014892.3838   21.1755
   -7.5000    0.0000  -15.000015942.6631   21.1942
    0.0000    0.0000  -15.000016614.6348   21.1942
    7.5000    0.0000  -15.000015543.2373   21.2031
   -7.5000    7.5000  -15.000015419.8320   21.1863
    0.0000    7.5000  -15.000016049.3965   21.1758
    7.5000    7.5000  -15.000015035.6406   21.1752
   -7.5000   15.0000  -15.000014647.6826   21.1540
    0.0000   15.0000  -15.000015264.1699   21.1408
    7.5000   15.0000  -15.000014291.8867   21.1310
   -7.5000   22.5000  -15.000013666.5449   21.1240
    0.0000   22.5000  -15.000014240.7305   21.1197
    7.5000   22.5000  -15.000013309.8086   21.1112
   -7.5000   30.0000  -15.000012473.0801   20.8574
    0.0000   30.0000  -15.000013024.1299   20.8624
    7.5000   30.0000  -15.000012168.5830   20.8621
   -7.5000   37.5000  -15.000011710.8311   20.8874
    0.0000   37.5000  -15.000012263.3916   20.8938
    7.5000   37.5000  -15.000011457.0410   20.9015
   -7.5000   45.0000  -15.000010573.9834   20.4234
    0.0000   45.0000  -15.000011045.9893   20.4234
    7.5000   45.0000  -15.000010323.9014   20.4319
   -7.5000  -45.0000   -7.500011515.0459   21.4232
    0.0000  -45.0000   -7.500012009.0596   21.4192
    7.5000  -45.0000   -7.500011304.4414   21.4414
   -7.5000  -37.5000   -7.500012261.4453   21.4063
    0.0000  -37.5000   -7.500012794.4951   21.3923
    7.5000  -37.5000   -7.500012030.2061   21.4063
   -7.5000  -30.0000   -7.500013418.5830   21.3796
    0.0000  -30.0000   -7.500013992.2773   21.3596
    7.5000  -30.0000   -7.500013155.0371   21.3633
   -7.5000  -22.5000   -7.500014519.9658   21.3741
    0.0000  -22.5000   -7.500015242.4912   21.3583
    7.5000  -22.5000   -7.500014155.0049   21.3597
   -7.5000  -15.0000   -7.500015404.5186   21.3858
    0.0000  -15.0000   -7.500016174.2764   21.3775
    7.5000  -15.0000   -7.500015043.0400   21.3844
   -7.5000   -7.5000   -7.500016039.2412   21.4082
    0.0000   -7.5000   -7.500016692.5645   21.4057
    7.5000   -7.5000   -7.500015764.8242   21.4230
   -7.5000    0.0000   -7.500016670.4062   21.4232
    0.0000    0.0000   -7.500017288.3652   21.4192
    7.5000    0.0000   -7.500016366.6182   21.4414
   -7.5000    7.5000   -7.500016173.9395   21.4063
    0.0000    7.5000   -7.500016786.4043   21.3923
    7.5000    7.5000   -7.500015799.3887   21.4063
   -7.5000   15.0000   -7.500015409.8945   21.3796
    0.0000   15.0000   -7.500016012.3652   21.3596
    7.5000   15.0000   -7.500015012.0488   21.3633
   -7.5000   22.5000   -7.500014324.2607   21.3642
    0.0000   22.5000   -7.500014860.6055   21.3484
    7.5000   22.5000   -7.500013925.7012   21.3499
   -7.5000   30.0000   -7.500013043.6582   21.1085
    0.0000   30.0000   -7.500013583.2646   21.1003
    7.5000   30.0000   -7.500012716.7002   21.1071
   -7.5000   37.5000   -7.500012281.2646   21.1305
    0.0000   37.5000   -7.500012828.9326   21.1281
    7.5000   37.5000   -7.500012005.8145   21.1452
   -7.5000   45.0000   -7.500011084.8340   20.6480
    0.0000   45.0000   -7.500011536.2734   20.6441
    7.5000   45.0000   -7.500010792.2529   20.6655
   -7.5000  -45.0000    0.000011941.6914   21.4792
    0.0000  -45.0000    0.000012478.6143   21.4677
    7.5000  -45.0000    0.000011762.7188   21.4918
   -7.5000  -37.5000    0.000012682.2607   21.4533
    0.0000  -37.5000    0.000013248.5029   21.4353
    7.5000  -37.5000    0.000012492.3525   21.4584
   -7.5000  -30.0000    0.000013841.8740   21.4253
    0.0000  -30.0000    0.000014475.1143   21.4007
    7.5000  -30.0000    0.000013630.2275   21.4187
   -7.5000  -22.5000    0.000015022.6221   21.4287
    0.0000  -22.5000    0.000015804.3018   21.4033
    7.5000  -22.5000    0.000014681.8652   21.4165
   -7.5000  -15.0000    0.000016028.9326   21.4510
    0.0000  -15.0000    0.000016713.9629   21.4288
    7.5000  -15.0000    0.000015630.6436   21.4399
   -7.5000   -7.5000    0.000016826.3438   21.4734
    0.0000   -7.5000    0.000017343.9199   21.4584
    7.5000   -7.5000    0.000016439.9453   21.4755
   -7.5000    0.0000    0.000017493.7598   21.4792
    0.0000    0.0000    0.000017961.5547   21.4677
    7.5000    0.0000    0.000017054.4375   21.4918
   -7.5000    7.5000    0.000016957.4512   21.4533
    0.0000    7.5000    0.000017467.9004   21.4353
    7.5000    7.5000    0.000016455.0059   21.4584
   -7.5000   15.0000    0.000016079.8857   21.4253
    0.0000   15.0000    0.000016569.3535   21.4007
    7.5000   15.0000    0.000015579.0352   21.4187
   -7.5000   22.5000    0.000014869.2988   21.4188
    0.0000   22.5000    0.000015331.4619   21.3934
    7.5000   22.5000    0.000014434.5488   21.4066
   -7.5000   30.0000    0.000013543.3584   21.1734
    0.0000   30.0000    0.000014005.7627   21.1515
    7.5000   30.0000    0.000013174.5049   21.1624
   -7.5000   37.5000    0.000012741.2256   21.1955
    0.0000   37.5000    0.000013238.9287   21.1807
    7.5000   37.5000    0.000012405.7988   21.1976
   -7.5000   45.0000    0.000011466.2217   20.7035
    0.0000   45.0000    0.000011940.9893   20.6923
    7.5000   45.0000    0.000011179.7471   20.7156
   -7.5000  -45.0000    7.500011415.6738   21.5150
    0.0000  -45.0000    7.500011947.8154   21.4998
    7.5000  -45.0000    7.500011242.1982   21.5123
   -7.5000  -37.5000    7.500012107.6562   21.4888
    0.0000  -37.5000    7.500012672.7998   21.4707
    7.5000  -37.5000    7.500011920.4287   21.4885
   -7.5000  -30.0000    7.500013231.7285   21.4527
    0.0000  -30.0000    7.500013856.7119   21.4300
    7.5000  -30.0000    7.500013017.0000   21.4496
   -7.5000  -22.5000    7.500014357.4766   21.4476
    0.0000  -22.5000    7.500015054.0049   21.4235
    7.5000  -22.5000    7.500014015.3496   21.4388
   -7.5000  -15.0000    7.500015392.0508   21.4686
    0.0000  -15.0000    7.500015938.6602   21.4448
    7.5000  -15.0000    7.500014857.3926   21.4526
   -7.5000   -7.5000    7.500016283.5605   21.4997
    0.0000   -7.5000    7.500016737.0859   21.4803
    7.5000   -7.5000    7.500015674.6436   21.4871
   -7.5000    0.0000    7.500016999.8398   21.5150
    0.0000    0.0000    7.500017492.3926   21.4998
    7.5000    0.0000    7.500016388.2012   21.5123
   -7.5000    7.5000    7.500016424.2305   21.4888
    0.0000    7.5000    7.500016941.2051   21.4707
    7.5000    7.5000    7.500015848.1904   21.4885
   -7.5000   15.0000    7.500015471.5381   21.4527
    0.0000   15.0000    7.500015940.2607   21.4300
    7.5000   15.0000    7.500014998.3271   21.4496
   -7.5000   22.5000    7.500014235.9746   21.4377
    0.0000   22.5000    7.500014673.9619   21.4136
    7.5000   22.5000    7.500013853.7295   21.4290
   -7.5000   30.0000    7.500012938.7119   21.1908
    0.0000   30.0000    7.500013353.4980   21.1673
    7.5000   30.0000    7.500012624.6670   21.1750
   -7.5000   37.5000    7.500012147.3613   21.2215
    0.0000   37.5000    7.500012585.7734   21.2023
    7.5000   37.5000    7.500011869.2920   21.2091
   -7.5000   45.0000    7.500010922.5977   20.7379
    0.0000   45.0000    7.500011335.7324   20.7234
    7.5000   45.0000    7.500010703.0361   20.7354
   -7.5000  -45.0000   15.000010769.4658   21.5379
    0.0000  -45.0000   15.000011246.5654   21.5243
    7.5000  -45.0000   15.000010596.5029   21.5229
   -7.5000  -37.5000   15.000011427.2012   21.5192
    0.0000  -37.5000   15.000011936.9131   21.5032
    7.5000  -37.5000   15.000011255.5654   21.5083
   -7.5000  -30.0000   15.000012478.0518   21.4767
    0.0000  -30.0000   15.000013055.9941   21.4594
    7.5000  -30.0000   15.000012296.0137   21.4689
   -7.5000  -22.5000   15.000013484.6768   21.4558
    0.0000  -22.5000   15.000014056.7500   21.4407
    7.5000  -22.5000   15.000013240.4180   21.4488
   -7.5000  -15.0000   15.000014294.4346   21.4659
    0.0000  -15.0000   15.000014758.9639   21.4523
    7.5000  -15.0000   15.000013951.9619   21.4531
   -7.5000   -7.5000   15.000015086.4668   21.5056
    0.0000   -7.5000   15.000015580.0156   21.4918
    7.5000   -7.5000   15.000014712.9883   21.4878
   -7.5000    0.0000   15.000015862.8301   21.5379
    0.0000    0.0000   15.000016428.6406   21.5243
    7.5000    0.0000   15.000015442.8643   21.5229
   -7.5000    7.5000   15.000015448.1045   21.5192
    0.0000    7.5000   15.000015992.3584   21.5032
    7.5000    7.5000   15.000015009.5615   21.5083
   -7.5000   15.0000   15.000014631.8301   21.4767
    0.0000   15.0000   15.000015137.6445   21.4594
    7.5000   15.0000   15.000014251.2637   21.4689
   -7.5000   22.5000   15.000013450.4531   21.4459
    0.0000   22.5000   15.000013929.7637   21.4309
    7.5000   22.5000   15.000013128.0049   21.4389
   -7.5000   30.0000   15.000012218.9375   21.1881
    0.0000   30.0000   15.000012676.1250   21.1746
    7.5000   30.0000   15.000011936.7500   21.1755
   -7.5000   37.5000   15.000011436.6660   21.2272
    0.0000   37.5000   15.000011857.4561   21.2136
    7.5000   37.5000   15.000011187.5146   21.2097
   -7.5000   45.0000   15.000010250.4688   20.7601
    0.0000   45.0000   15.000010629.4209   20.7469
    7.5000   45.0000   15.000010075.2998   20.7456
   -7.5000  -45.0000   22.500010010.4707   21.5398
    0.0000  -45.0000   22.500010453.8359   21.5336
    7.5000  -45.0000   22.5000 9843.6299   21.5308
   -7.5000  -37.5000   22.500010613.0908   21.5305
    0.0000  -37.5000   22.500011097.0371   21.5179
    7.5000  -37.5000   22.500010460.8594   21.5137
   -7.5000  -30.0000   22.500011572.2344   21.4903
    0.0000  -30.0000   22.500012100.8691   21.4773
    7.5000  -30.0000   22.500011441.7295   21.4719
   -7.5000  -22.5000   22.500012452.1416   21.4604
    0.0000  -22.5000   22.500012966.5498   21.4555
    7.5000  -22.5000   22.500012300.9707   21.4514
   -7.5000  -15.0000   22.500013159.3682   21.4592
    0.0000  -15.0000   22.500013645.2539   21.4606
    7.5000  -15.0000   22.500012956.7588   21.4577
   -7.5000   -7.5000   22.500013838.7012   21.4984
    0.0000   -7.5000   22.500014374.3848   21.4980
    7.5000   -7.5000   22.500013646.6934   21.4952
   -7.5000    0.0000   22.500014539.1113   21.5398
    0.0000    0.0000   22.500015108.5273   21.5336
    7.5000    0.0000   22.500014306.3398   21.5308
   -7.5000    7.5000   22.500014188.3008   21.5305
    0.0000    7.5000   22.500014736.3789   21.5179
    7.5000    7.5000   22.500013935.7715   21.5137
   -7.5000   15.0000   22.500013525.6133   21.4903
    0.0000   15.0000   22.500014033.3408   21.4773
    7.5000   15.0000   22.500013253.8916   21.4719
   -7.5000   22.5000   22.500012486.7998   21.4505
    0.0000   22.5000   22.500012964.7119   21.4456
    7.5000   22.5000   22.500012234.8740   21.4415
   -7.5000   30.0000   22.500011387.9814   21.1814
    0.0000   30.0000   22.500011815.9297   21.1828
    7.5000   30.0000   22.500011143.5332   21.1800
   -7.5000   37.5000   22.500010645.7568   21.2201
    0.0000   37.5000   22.500011043.9297   21.2197
    7.5000   37.5000   22.500010423.4033   21.2170
   -7.5000   45.0000   22.5000 9489.8057   20.7619
    0.0000   45.0000   22.5000 9847.0713   20.7559
    7.5000   45.0000   22.5000 9311.0850   20.7532
   -7.5000  -45.0000   30.0000 9198.7588   21.7339
    0.0000  -45.0000   30.0000 9598.1846   21.7326
    7.5000  -45.0000   30.0000 9088.4092   21.7419
   -7.5000  -37.5000   30.0000 9747.1865   21.7257
    0.0000  -37.5000   30.000010191.4102   21.7137
    7.5000  -37.5000   30.0000 9646.1748   21.7131
   -7.5000  -30.0000   30.000010610.2461   21.6925
    0.0000  -30.0000   30.000011099.8398   21.6778
    7.5000  -30.0000   30.000010511.8564   21.6676
   -7.5000  -22.5000   30.000011395.5039   21.6694
    0.0000  -22.5000   30.000011876.5449   21.6639
    7.5000  -22.5000   30.000011276.3486   21.6550
   -7.5000  -15.0000   30.000012028.3633   21.6686
    0.0000  -15.0000   30.000012505.1582   21.6728
    7.5000  -15.0000   30.000011899.2676   21.6723
   -7.5000   -7.5000   30.000012626.1309   21.6999
    0.0000   -7.5000   30.000013150.7197   21.7055
    7.5000   -7.5000   30.000012513.6357   21.7135
   -7.5000    0.0000   30.000013263.7188   21.7339
    0.0000    0.0000   30.000013803.8008   21.7326
    7.5000    0.0000   30.000013102.4570   21.7419
   -7.5000    7.5000   30.000012966.9326   21.7257
    0.0000    7.5000   30.000013471.8623   21.7137
    7.5000    7.5000   30.000012779.0928   21.7131
   -7.5000   15.0000   30.000012338.3643   21.6925
    0.0000   15.0000   30.000012845.6914   21.6778
    7.5000   15.0000   30.000012149.4443   21.6676
   -7.5000   22.5000   30.000011400.7686   21.6594
    0.0000   22.5000   30.000011862.6455   21.6539
    7.5000   22.5000   30.000011220.2842   21.6450
   -7.5000   30.0000   30.000010421.5127   21.3881
    0.0000   30.0000   30.000010835.2910   21.3923
    7.5000   30.0000   30.000010231.7197   21.3918
   -7.5000   37.5000   30.0000 9759.3877   21.4191
    0.0000   37.5000   30.000010146.5225   21.4246
    7.5000   37.5000   30.0000 9594.6152   21.4325
   -7.5000   45.0000   30.0000 8707.6650   20.9489
    0.0000   45.0000   30.0000 9042.7256   20.9478
    7.5000   45.0000   30.0000 8578.3672   20.9567
   -7.5000  -45.0000   37.5000 8759.4658   22.1739
    0.0000  -45.0000   37.5000 9139.4033   22.1700
    7.5000  -45.0000   37.5000 8683.9619   22.1897
   -7.5000  -37.5000   37.5000 9276.5674   22.1543
    0.0000  -37.5000   37.5000 9692.5430   22.1394
    7.5000  -37.5000   37.5000 9215.6367   22.1508
   -7.5000  -30.0000   37.500010076.7412   22.1267
    0.0000  -30.0000   37.500010526.5303   22.1051
    7.5000  -30.0000   37.500010006.4932   22.1055
   -7.5000  -22.5000   37.500010799.2695   22.1233
    0.0000  -22.5000   37.500011245.6201   22.1060
    7.5000  -22.5000   37.500010703.7656   22.1036
   -7.5000  -15.0000   37.500011396.3271   22.1374
    0.0000  -15.0000   37.500011883.5000   22.1283
    7.5000  -15.0000   37.500011311.4756   22.1312
   -7.5000   -7.5000   37.500011985.5127   22.1603
    0.0000   -7.5000   37.500012488.6113   22.1579
    7.5000   -7.5000   37.500011889.3955   22.1719
   -7.5000    0.0000   37.500012544.4922   22.1739
    0.0000    0.0000   37.500013060.6504   22.1700
    7.5000    0.0000   37.500012442.5264   22.1897
   -7.5000    7.5000   37.500012228.0781   22.1543
    0.0000    7.5000   37.500012723.8848   22.1394
    7.5000    7.5000   37.500012110.8398   22.1508
   -7.5000   15.0000   37.500011678.3721   22.1267
    0.0000   15.0000   37.500012191.8213   22.1051
    7.5000   15.0000   37.500011531.7998   22.1055
   -7.5000   22.5000   37.500010806.5479   22.1131
    0.0000   22.5000   37.500011267.3340   22.0958
    7.5000   22.5000   37.500010655.7002   22.0934
   -7.5000   30.0000   37.5000 9867.5576   21.8509
    0.0000   30.0000   37.500010281.6709   21.8419
    7.5000   30.0000   37.5000 9729.0098   21.8447
   -7.5000   37.5000   37.5000 9273.9180   21.8735
    0.0000   37.5000   37.5000 9642.5693   21.8711
    7.5000   37.5000   37.5000 9150.4805   21.8849
   -7.5000   45.0000   37.5000 8319.9844   21.3731
    0.0000   45.0000   37.5000 8616.2090   21.3694
    7.5000   45.0000   37.5000 8192.9492   21.3883
   -7.5000  -45.0000   45.0000 7980.6021   22.7675
    0.0000  -45.0000   45.0000 8323.9600   22.7550
    7.5000  -45.0000   45.0000 7915.8545   22.7714
   -7.5000  -37.5000   45.0000 8464.1973   22.7352
    0.0000  -37.5000   45.0000 8833.8760   22.7146
    7.5000  -37.5000   45.0000 8401.0645   22.7306
   -7.5000  -30.0000   45.0000 9177.7090   22.7014
    0.0000  -30.0000   45.0000 9588.2881   22.6728
    7.5000  -30.0000   45.0000 9118.0508   22.6833
   -7.5000  -22.5000   45.0000 9829.8506   22.7058
    0.0000  -22.5000   45.000010232.9248   22.6767
    7.5000  -22.5000   45.0000 9745.6709   22.6810
   -7.5000  -15.0000   45.000010362.9707   22.7337
    0.0000  -15.0000   45.000010815.3936   22.7091
    7.5000  -15.0000   45.000010288.5459   22.7102
   -7.5000   -7.5000   45.000010898.2285   22.7616
    0.0000   -7.5000   45.000011365.5332   22.7455
    7.5000   -7.5000   45.000010813.1240   22.7532
   -7.5000    0.0000   45.000011396.4268   22.7675
    0.0000    0.0000   45.000011888.0977   22.7550
    7.5000    0.0000   45.000011321.9443   22.7714
   -7.5000    7.5000   45.000011100.6943   22.7352
    0.0000    7.5000   45.000011576.2715   22.7146
    7.5000    7.5000   45.000011024.5146   22.7306
   -7.5000   15.0000   45.000010603.5752   22.7014
    0.0000   15.0000   45.000011072.9365   22.6728
    7.5000   15.0000   45.000010524.9697   22.6833
   -7.5000   22.5000   45.0000 9829.6826   22.6952
    0.0000   22.5000   45.000010257.6250   22.6662
    7.5000   22.5000   45.0000 9721.2412   22.6705
   -7.5000   30.0000   45.0000 9015.6738   22.4375
    0.0000   30.0000   45.0000 9382.5049   22.4133
    7.5000   30.0000   45.0000 8897.7100   22.4144
   -7.5000   37.5000   45.0000 8496.7246   22.4650
    0.0000   37.5000   45.0000 8814.2422   22.4492
    7.5000   37.5000   45.0000 8377.4990   22.4568
   -7.5000   45.0000   45.0000 7623.0410   21.9552
    0.0000   45.0000   45.0000 7887.7842   21.9431
    7.5000   45.0000   45.0000 7511.0459   21.9590

---------------------------------------------------------------------
imgreg_4dfp /opt/freesurfer/average/711-2C_as_mni_average_305 /opt/freesurfer/average/711-2B_as_mni_average_305_mask talsrcimg_g11 none talsrcimg_to_711-2C_as_mni_average_305_t4 4355
---------------------------------------------------------------------

freesurfer imgreg_4dfp.c
/opt/freesurfer/average/711-2C_as_mni_average_305.4dfp.img
       256       256       256         1
  1.000000  1.000000  1.000000
orientation T byte_order littleendian
Reading image: /opt/freesurfer/average/711-2C_as_mni_average_305.4dfp.img
dimensions:      256       256       256
mmppix:       1.0000   -1.0000   -1.0000
center:     128.0000 -129.0000 -129.0000
/opt/freesurfer/average/711-2B_as_mni_average_305_mask.4dfp.img
       256       256       256         1
  1.000000  1.000000  1.000000
orientation T byte_order littleendian
Reading mask: /opt/freesurfer/average/711-2B_as_mni_average_305_mask.4dfp.img (2306576 pixels)
talsrcimg_g11.4dfp.img
       256       256       256         1
  1.000000  1.000000  1.000000
orientation T byte_order littleendian
Reading image: talsrcimg_g11.4dfp.img
dimensions:      256       256       256
mmppix:       1.0000   -1.0000   -1.0000
center:     128.0000 -129.0000 -129.0000
rotation matrix determinant  1.000000
image alignment mode   4355 decimal     1103 hex
   -7.5000  -45.0000  -45.0000 2231.9565   20.2473
    0.0000  -45.0000  -45.0000 2227.7839   20.3384
    7.5000  -45.0000  -45.0000 2200.5378   20.5230
   -7.5000  -37.5000  -45.0000 2316.4272   18.5488
    0.0000  -37.5000  -45.0000 2315.2490   18.6528
    7.5000  -37.5000  -45.0000 2289.3909   18.8343
   -7.5000  -30.0000  -45.0000 2379.2346   17.2845
    0.0000  -30.0000  -45.0000 2380.8354   17.3830
    7.5000  -30.0000  -45.0000 2349.8340   17.5636
   -7.5000  -22.5000  -45.0000 2421.6533   16.4025
    0.0000  -22.5000  -45.0000 2423.4719   16.4862
    7.5000  -22.5000  -45.0000 2392.1309   16.6626
   -7.5000  -15.0000  -45.0000 2442.4580   15.8807
    0.0000  -15.0000  -45.0000 2449.3076   15.9711
    7.5000  -15.0000  -45.0000 2420.9092   16.1434
   -7.5000   -7.5000  -45.0000 2449.7900   15.7820
    0.0000   -7.5000  -45.0000 2460.0798   15.8493
    7.5000   -7.5000  -45.0000 2432.2708   16.0353
   -7.5000    0.0000  -45.0000 2437.0706   15.9720
    0.0000    0.0000  -45.0000 2452.6438   16.0321
    7.5000    0.0000  -45.0000 2421.2827   16.2387
   -7.5000    7.5000  -45.0000 2408.0369   16.4901
    0.0000    7.5000  -45.0000 2421.4143   16.5100
    7.5000    7.5000  -45.0000 2392.3726   16.7365
   -7.5000   15.0000  -45.0000 2350.7205   17.3281
    0.0000   15.0000  -45.0000 2364.4395   17.3695
    7.5000   15.0000  -45.0000 2337.1528   17.5839
   -7.5000   22.5000  -45.0000 2269.0129   18.5947
    0.0000   22.5000  -45.0000 2282.0864   18.6171
    7.5000   22.5000  -45.0000 2255.3250   18.8660
   -7.5000   30.0000  -45.0000 2159.8682   20.2474
    0.0000   30.0000  -45.0000 2169.3376   20.2886
    7.5000   30.0000  -45.0000 2143.9011   20.5842
   -7.5000   37.5000  -45.0000 2030.5469   22.5020
    0.0000   37.5000  -45.0000 2038.7185   22.4629
    7.5000   37.5000  -45.0000 2019.1509   22.8258
   -7.5000   45.0000  -45.0000 1908.0878   25.3752
    0.0000   45.0000  -45.0000 1920.0828   25.3287
    7.5000   45.0000  -45.0000 1895.8921   25.7192
   -7.5000  -45.0000  -37.5000 2305.1353   19.0600
    0.0000  -45.0000  -37.5000 2303.1799   19.1033
    7.5000  -45.0000  -37.5000 2273.7571   19.2380
   -7.5000  -37.5000  -37.5000 2390.5557   17.4075
    0.0000  -37.5000  -37.5000 2391.5461   17.4578
    7.5000  -37.5000  -37.5000 2360.4651   17.5762
   -7.5000  -30.0000  -37.5000 2454.9529   16.1101
    0.0000  -30.0000  -37.5000 2455.6335   16.1555
    7.5000  -30.0000  -37.5000 2428.7388   16.3003
   -7.5000  -22.5000  -37.5000 2503.5828   15.2546
    0.0000  -22.5000  -37.5000 2505.2261   15.2713
    7.5000  -22.5000  -37.5000 2478.5232   15.4389
   -7.5000  -15.0000  -37.5000 2543.2942   14.7511
    0.0000  -15.0000  -37.5000 2547.1697   14.7947
    7.5000  -15.0000  -37.5000 2512.6628   14.9246
   -7.5000   -7.5000  -37.5000 2555.4614   14.6398
    0.0000   -7.5000  -37.5000 2564.2759   14.7136
    7.5000   -7.5000  -37.5000 2529.9426   14.8503
   -7.5000    0.0000  -37.5000 2540.5762   14.8274
    0.0000    0.0000  -37.5000 2556.2842   14.9046
    7.5000    0.0000  -37.5000 2519.2061   15.0609
   -7.5000    7.5000  -37.5000 2509.6692   15.2780
    0.0000    7.5000  -37.5000 2524.8169   15.3409
    7.5000    7.5000  -37.5000 2489.1150   15.5217
   -7.5000   15.0000  -37.5000 2452.3105   16.0535
    0.0000   15.0000  -37.5000 2470.4749   16.0950
    7.5000   15.0000  -37.5000 2435.5530   16.2728
   -7.5000   22.5000  -37.5000 2364.4460   17.1893
    0.0000   22.5000  -37.5000 2382.9866   17.2288
    7.5000   22.5000  -37.5000 2347.6016   17.4357
   -7.5000   30.0000  -37.5000 2247.5615   18.7590
    0.0000   30.0000  -37.5000 2257.9163   18.7838
    7.5000   30.0000  -37.5000 2227.5266   19.0246
   -7.5000   37.5000  -37.5000 2108.9014   20.8256
    0.0000   37.5000  -37.5000 2120.9739   20.8401
    7.5000   37.5000  -37.5000 2096.2239   21.0792
   -7.5000   45.0000  -37.5000 1974.3744   23.4322
    0.0000   45.0000  -37.5000 1988.4259   23.4553
    7.5000   45.0000  -37.5000 1960.7936   23.7617
   -7.5000  -45.0000  -30.0000 2405.7671   18.5362
    0.0000  -45.0000  -30.0000 2406.9678   18.5397
    7.5000  -45.0000  -30.0000 2373.5508   18.6849
   -7.5000  -37.5000  -30.0000 2497.9092   16.8731
    0.0000  -37.5000  -30.0000 2496.5745   16.8833
    7.5000  -37.5000  -30.0000 2468.0984   17.0346
   -7.5000  -30.0000  -30.0000 2571.3792   15.5898
    0.0000  -30.0000  -30.0000 2571.0081   15.6145
    7.5000  -30.0000  -30.0000 2543.7751   15.7421
   -7.5000  -22.5000  -30.0000 2621.5146   14.6474
    0.0000  -22.5000  -30.0000 2628.6887   14.6989
    7.5000  -22.5000  -30.0000 2605.0181   14.8445
   -7.5000  -15.0000  -30.0000 2670.2156   14.1200
    0.0000  -15.0000  -30.0000 2677.2229   14.1667
    7.5000  -15.0000  -30.0000 2645.9753   14.3021
   -7.5000   -7.5000  -30.0000 2695.6926   14.0227
    0.0000   -7.5000  -30.0000 2706.5017   14.0965
    7.5000   -7.5000  -30.0000 2667.2407   14.2010
   -7.5000    0.0000  -30.0000 2688.6487   14.2392
    0.0000    0.0000  -30.0000 2707.0745   14.3186
    7.5000    0.0000  -30.0000 2661.0955   14.4516
   -7.5000    7.5000  -30.0000 2659.2078   14.7223
    0.0000    7.5000  -30.0000 2678.7485   14.7675
    7.5000    7.5000  -30.0000 2636.4607   14.9269
   -7.5000   15.0000  -30.0000 2593.8289   15.4376
    0.0000   15.0000  -30.0000 2613.2390   15.4983
    7.5000   15.0000  -30.0000 2579.2905   15.6676
   -7.5000   22.5000  -30.0000 2498.5959   16.5589
    0.0000   22.5000  -30.0000 2514.0762   16.5837
    7.5000   22.5000  -30.0000 2481.1064   16.8079
   -7.5000   30.0000  -30.0000 2372.7751   18.1273
    0.0000   30.0000  -30.0000 2384.5386   18.0957
    7.5000   30.0000  -30.0000 2356.5298   18.3199
   -7.5000   37.5000  -30.0000 2223.2783   20.1574
    0.0000   37.5000  -30.0000 2240.6511   20.1178
    7.5000   37.5000  -30.0000 2212.0071   20.3535
   -7.5000   45.0000  -30.0000 2073.8894   22.6851
    0.0000   45.0000  -30.0000 2084.5371   22.6827
    7.5000   45.0000  -30.0000 2060.8840   22.8955
   -7.5000  -45.0000  -22.5000 2461.7642   17.8466
    0.0000  -45.0000  -22.5000 2469.1379   17.9082
    7.5000  -45.0000  -22.5000 2441.5176   18.1179
   -7.5000  -37.5000  -22.5000 2560.7856   16.2422
    0.0000  -37.5000  -22.5000 2566.5593   16.2400
    7.5000  -37.5000  -22.5000 2543.5049   16.4716
   -7.5000  -30.0000  -22.5000 2649.8896   14.9870
    0.0000  -30.0000  -22.5000 2652.8960   14.9980
    7.5000  -30.0000  -22.5000 2630.4238   15.1779
   -7.5000  -22.5000  -22.5000 2715.8506   14.0290
    0.0000  -22.5000  -22.5000 2722.1646   14.0615
    7.5000  -22.5000  -22.5000 2698.5864   14.2512
   -7.5000  -15.0000  -22.5000 2768.5828   13.4363
    0.0000  -15.0000  -22.5000 2779.2905   13.4707
    7.5000  -15.0000  -22.5000 2748.5857   13.6445
   -7.5000   -7.5000  -22.5000 2806.9736   13.3017
    0.0000   -7.5000  -22.5000 2819.9082   13.3506
    7.5000   -7.5000  -22.5000 2777.4653   13.5345
   -7.5000    0.0000  -22.5000 2811.3994   13.5812
    0.0000    0.0000  -22.5000 2827.4648   13.6111
    7.5000    0.0000  -22.5000 2784.1975   13.8288
   -7.5000    7.5000  -22.5000 2779.1575   14.0762
    0.0000    7.5000  -22.5000 2795.7205   14.0891
    7.5000    7.5000  -22.5000 2757.8079   14.2866
   -7.5000   15.0000  -22.5000 2702.5227   14.7840
    0.0000   15.0000  -22.5000 2715.9917   14.7907
    7.5000   15.0000  -22.5000 2688.7358   15.0202
   -7.5000   22.5000  -22.5000 2598.1262   15.8883
    0.0000   22.5000  -22.5000 2609.2654   15.8891
    7.5000   22.5000  -22.5000 2583.5671   16.1428
   -7.5000   30.0000  -22.5000 2462.8538   17.4388
    0.0000   30.0000  -22.5000 2478.0149   17.4284
    7.5000   30.0000  -22.5000 2445.1882   17.6935
   -7.5000   37.5000  -22.5000 2307.8062   19.4421
    0.0000   37.5000  -22.5000 2327.4238   19.4322
    7.5000   37.5000  -22.5000 2295.8955   19.6783
   -7.5000   45.0000  -22.5000 2148.6292   21.9055
    0.0000   45.0000  -22.5000 2163.2190   21.8977
    7.5000   45.0000  -22.5000 2135.0435   22.1360
   -7.5000  -45.0000  -15.0000 2494.0298   17.3028
    0.0000  -45.0000  -15.0000 2500.4495   17.3810
    7.5000  -45.0000  -15.0000 2468.1868   17.6958
   -7.5000  -37.5000  -15.0000 2599.0435   15.7049
    0.0000  -37.5000  -15.0000 2605.5303   15.7344
    7.5000  -37.5000  -15.0000 2577.8694   16.0712
   -7.5000  -30.0000  -15.0000 2698.1960   14.4388
    0.0000  -30.0000  -15.0000 2708.7649   14.4582
    7.5000  -30.0000  -15.0000 2681.3254   14.7461
   -7.5000  -22.5000  -15.0000 2781.3301   13.5170
    0.0000  -22.5000  -15.0000 2797.3865   13.5251
    7.5000  -22.5000  -15.0000 2764.2698   13.7843
   -7.5000  -15.0000  -15.0000 2849.8027   12.9199
    0.0000  -15.0000  -15.0000 2865.8921   12.9486
    7.5000  -15.0000  -15.0000 2830.1721   13.1851
   -7.5000   -7.5000  -15.0000 2895.8215   12.6929
    0.0000   -7.5000  -15.0000 2914.1531   12.7223
    7.5000   -7.5000  -15.0000 2865.7913   13.0521
   -7.5000    0.0000  -15.0000 2899.7839   12.9676
    0.0000    0.0000  -15.0000 2919.3574   12.9772
    7.5000    0.0000  -15.0000 2871.8074   13.3077
   -7.5000    7.5000  -15.0000 2856.0044   13.4659
    0.0000    7.5000  -15.0000 2876.9587   13.4434
    7.5000    7.5000  -15.0000 2836.6311   13.7528
   -7.5000   15.0000  -15.0000 2772.6257   14.2190
    0.0000   15.0000  -15.0000 2790.2278   14.1706
    7.5000   15.0000  -15.0000 2760.8936   14.4911
   -7.5000   22.5000  -15.0000 2659.7737   15.3201
    0.0000   22.5000  -15.0000 2675.8960   15.3177
    7.5000   22.5000  -15.0000 2644.4031   15.6224
   -7.5000   30.0000  -15.0000 2517.7427   16.8631
    0.0000   30.0000  -15.0000 2533.6384   16.8851
    7.5000   30.0000  -15.0000 2501.6702   17.1734
   -7.5000   37.5000  -15.0000 2359.8882   18.7874
    0.0000   37.5000  -15.0000 2380.9185   18.8614
    7.5000   37.5000  -15.0000 2348.5430   19.1477
   -7.5000   45.0000  -15.0000 2193.3284   21.2064
    0.0000   45.0000  -15.0000 2210.2546   21.2655
    7.5000   45.0000  -15.0000 2181.6699   21.5702
   -7.5000  -45.0000   -7.5000 2498.5632   16.9317
    0.0000  -45.0000   -7.5000 2509.0293   16.9519
    7.5000  -45.0000   -7.5000 2476.5659   17.4376
   -7.5000  -37.5000   -7.5000 2607.2468   15.3267
    0.0000  -37.5000   -7.5000 2624.3044   15.3197
    7.5000  -37.5000   -7.5000 2590.6272   15.7709
   -7.5000  -30.0000   -7.5000 2713.9155   14.0640
    0.0000  -30.0000   -7.5000 2734.4177   14.0452
    7.5000  -30.0000   -7.5000 2701.8088   14.4318
   -7.5000  -22.5000   -7.5000 2821.0989   13.1122
    0.0000  -22.5000   -7.5000 2845.1602   13.1000
    7.5000  -22.5000   -7.5000 2804.2417   13.4558
   -7.5000  -15.0000   -7.5000 2905.4502   12.5298
    0.0000  -15.0000   -7.5000 2933.6108   12.5247
    7.5000  -15.0000   -7.5000 2884.1179   12.8701
   -7.5000   -7.5000   -7.5000 2954.6487   12.2648
    0.0000   -7.5000   -7.5000 2986.0808   12.2699
    7.5000   -7.5000   -7.5000 2920.5439   12.7578
   -7.5000    0.0000   -7.5000 2950.2495   12.4563
    0.0000    0.0000   -7.5000 2974.8452   12.3718
    7.5000    0.0000   -7.5000 2918.8835   12.9304
   -7.5000    7.5000   -7.5000 2895.1262   13.0044
    0.0000    7.5000   -7.5000 2915.5916   12.8872
    7.5000    7.5000   -7.5000 2870.3306   13.3631
   -7.5000   15.0000   -7.5000 2811.5630   13.7767
    0.0000   15.0000   -7.5000 2829.8772   13.7357
    7.5000   15.0000   -7.5000 2795.5530   14.0902
   -7.5000   22.5000   -7.5000 2694.4258   14.9306
    0.0000   22.5000   -7.5000 2710.5295   14.9049
    7.5000   22.5000   -7.5000 2682.1279   15.2428
   -7.5000   30.0000   -7.5000 2545.8455   16.4552
    0.0000   30.0000   -7.5000 2562.8503   16.4681
    7.5000   30.0000   -7.5000 2534.9531   16.8159
   -7.5000   37.5000   -7.5000 2379.4248   18.3813
    0.0000   37.5000   -7.5000 2403.3025   18.4214
    7.5000   37.5000   -7.5000 2376.9160   18.7909
   -7.5000   45.0000   -7.5000 2213.7498   20.7477
    0.0000   45.0000   -7.5000 2231.5635   20.7866
    7.5000   45.0000   -7.5000 2205.8545   21.1888
   -7.5000  -45.0000    0.0000 2485.2190   16.8203
    0.0000  -45.0000    0.0000 2497.0073   16.8202
    7.5000  -45.0000    0.0000 2471.8315   17.3938
   -7.5000  -37.5000    0.0000 2598.6853   15.2199
    0.0000  -37.5000    0.0000 2615.1013   15.1972
    7.5000  -37.5000    0.0000 2588.9001   15.7110
   -7.5000  -30.0000    0.0000 2706.0044   13.9608
    0.0000  -30.0000    0.0000 2726.7378   13.8848
    7.5000  -30.0000    0.0000 2703.0757   14.3760
   -7.5000  -22.5000    0.0000 2821.1533   13.0158
    0.0000  -22.5000    0.0000 2842.2512   12.9478
    7.5000  -22.5000    0.0000 2810.4458   13.3708
   -7.5000  -15.0000    0.0000 2920.2024   12.4617
    0.0000  -15.0000    0.0000 2952.9736   12.4066
    7.5000  -15.0000    0.0000 2895.3750   12.7544
   -7.5000   -7.5000    0.0000 2983.4409   12.2098
    0.0000   -7.5000    0.0000 3005.7356   12.0966
    7.5000   -7.5000    0.0000 2940.1355   12.6193
   -7.5000    0.0000    0.0000 2965.2537   12.3255
    0.0000    0.0000    0.0000 2978.6904   12.1544
    7.5000    0.0000    0.0000 2933.4331   12.7309
   -7.5000    7.5000    0.0000 2906.1260   12.8242
    0.0000    7.5000    0.0000 2925.5696   12.6924
    7.5000    7.5000    0.0000 2881.2739   13.1776
   -7.5000   15.0000    0.0000 2812.6682   13.6800
    0.0000   15.0000    0.0000 2825.1594   13.5961
    7.5000   15.0000    0.0000 2794.6987   13.9834
   -7.5000   22.5000    0.0000 2692.2625   14.8815
    0.0000   22.5000    0.0000 2705.8708   14.8016
    7.5000   22.5000    0.0000 2680.2532   15.1424
   -7.5000   30.0000    0.0000 2543.9951   16.3772
    0.0000   30.0000    0.0000 2558.9949   16.3485
    7.5000   30.0000    0.0000 2533.8818   16.6564
   -7.5000   37.5000    0.0000 2380.2136   18.2180
    0.0000   37.5000    0.0000 2398.8306   18.2663
    7.5000   37.5000    0.0000 2372.7981   18.5775
   -7.5000   45.0000    0.0000 2211.2329   20.4706
    0.0000   45.0000    0.0000 2229.4292   20.5570
    7.5000   45.0000    0.0000 2206.4905   20.8518
   -7.5000  -45.0000    7.5000 2466.5020   17.0019
    0.0000  -45.0000    7.5000 2483.2412   17.0141
    7.5000  -45.0000    7.5000 2460.3857   17.5680
   -7.5000  -37.5000    7.5000 2574.0825   15.4298
    0.0000  -37.5000    7.5000 2597.4836   15.3874
    7.5000  -37.5000    7.5000 2573.1394   15.8829
   -7.5000  -30.0000    7.5000 2681.5229   14.2183
    0.0000  -30.0000    7.5000 2705.9622   14.1347
    7.5000  -30.0000    7.5000 2684.3127   14.5960
   -7.5000  -22.5000    7.5000 2795.9014   13.3104
    0.0000  -22.5000    7.5000 2817.3269   13.2423
    7.5000  -22.5000    7.5000 2793.0872   13.6082
   -7.5000  -15.0000    7.5000 2896.9700   12.7384
    0.0000  -15.0000    7.5000 2922.3196   12.6295
    7.5000  -15.0000    7.5000 2874.3210   12.9747
   -7.5000   -7.5000    7.5000 2960.0593   12.5066
    0.0000   -7.5000    7.5000 2969.2803   12.3274
    7.5000   -7.5000    7.5000 2921.1621   12.7503
   -7.5000    0.0000    7.5000 2939.8423   12.6631
    0.0000    0.0000    7.5000 2962.0745   12.5388
    7.5000    0.0000    7.5000 2912.6121   12.9085
   -7.5000    7.5000    7.5000 2880.0620   13.0777
    0.0000    7.5000    7.5000 2903.5598   12.9909
    7.5000    7.5000    7.5000 2857.6997   13.3517
   -7.5000   15.0000    7.5000 2782.1943   13.8673
    0.0000   15.0000    7.5000 2794.7009   13.7988
    7.5000   15.0000    7.5000 2769.7715   14.1532
   -7.5000   22.5000    7.5000 2664.6072   14.9905
    0.0000   22.5000    7.5000 2671.9290   14.9328
    7.5000   22.5000    7.5000 2655.3347   15.2534
   -7.5000   30.0000    7.5000 2518.9023   16.4586
    0.0000   30.0000    7.5000 2531.7747   16.4383
    7.5000   30.0000    7.5000 2510.3325   16.7345
   -7.5000   37.5000    7.5000 2358.0107   18.2820
    0.0000   37.5000    7.5000 2377.7578   18.3195
    7.5000   37.5000    7.5000 2350.2056   18.5926
   -7.5000   45.0000    7.5000 2189.1091   20.5390
    0.0000   45.0000    7.5000 2210.9878   20.6310
    7.5000   45.0000    7.5000 2186.5642   20.8742
   -7.5000  -45.0000   15.0000 2432.0835   17.5028
    0.0000  -45.0000   15.0000 2448.9253   17.5345
    7.5000  -45.0000   15.0000 2424.9131   18.0814
   -7.5000  -37.5000   15.0000 2538.3809   15.9363
    0.0000  -37.5000   15.0000 2560.6367   15.9092
    7.5000  -37.5000   15.0000 2537.5713   16.4126
   -7.5000  -30.0000   15.0000 2645.8606   14.7320
    0.0000  -30.0000   15.0000 2668.3269   14.6643
    7.5000  -30.0000   15.0000 2650.5312   15.0964
   -7.5000  -22.5000   15.0000 2754.3132   13.7859
    0.0000  -22.5000   15.0000 2775.8784   13.7183
    7.5000  -22.5000   15.0000 2754.8579   14.0685
   -7.5000  -15.0000   15.0000 2833.4255   13.1798
    0.0000  -15.0000   15.0000 2854.1062   12.9850
    7.5000  -15.0000   15.0000 2821.7336   13.4102
   -7.5000   -7.5000   15.0000 2880.1729   12.9490
    0.0000   -7.5000   15.0000 2894.1184   12.8245
    7.5000   -7.5000   15.0000 2863.7690   13.1752
   -7.5000    0.0000   15.0000 2868.3623   13.1544
    0.0000    0.0000   15.0000 2891.2170   13.0603
    7.5000    0.0000   15.0000 2848.7219   13.3652
   -7.5000    7.5000   15.0000 2814.5085   13.6436
    0.0000    7.5000   15.0000 2837.7664   13.5842
    7.5000    7.5000   15.0000 2798.3218   13.8616
   -7.5000   15.0000   15.0000 2722.8511   14.3881
    0.0000   15.0000   15.0000 2742.2649   14.3596
    7.5000   15.0000   15.0000 2712.3083   14.6303
   -7.5000   22.5000   15.0000 2605.0874   15.4649
    0.0000   22.5000   15.0000 2618.9302   15.4116
    7.5000   22.5000   15.0000 2597.1687   15.7182
   -7.5000   30.0000   15.0000 2466.5259   16.8833
    0.0000   30.0000   15.0000 2484.5115   16.8559
    7.5000   30.0000   15.0000 2463.1174   17.1283
   -7.5000   37.5000   15.0000 2312.9768   18.6641
    0.0000   37.5000   15.0000 2331.6799   18.6484
    7.5000   37.5000   15.0000 2308.0315   18.9191
   -7.5000   45.0000   15.0000 2146.4521   20.8760
    0.0000   45.0000   15.0000 2169.7388   20.9079
    7.5000   45.0000   15.0000 2148.7407   21.1520
   -7.5000  -45.0000   22.5000 2394.4236   18.2721
    0.0000  -45.0000   22.5000 2411.2104   18.2460
    7.5000  -45.0000   22.5000 2382.6196   18.8116
   -7.5000  -37.5000   22.5000 2500.8035   16.6569
    0.0000  -37.5000   22.5000 2523.2263   16.6115
    7.5000  -37.5000   22.5000 2496.2668   17.1029
   -7.5000  -30.0000   22.5000 2607.2065   15.3789
    0.0000  -30.0000   22.5000 2629.1130   15.3374
    7.5000  -30.0000   22.5000 2606.8948   15.7639
   -7.5000  -22.5000   22.5000 2700.2651   14.4575
    0.0000  -22.5000   22.5000 2718.4185   14.3440
    7.5000  -22.5000   22.5000 2699.9563   14.7764
   -7.5000  -15.0000   22.5000 2761.2043   13.8213
    0.0000  -15.0000   22.5000 2779.6548   13.6650
    7.5000  -15.0000   22.5000 2752.0847   14.0993
   -7.5000   -7.5000   22.5000 2786.9885   13.6195
    0.0000   -7.5000   22.5000 2803.8289   13.5196
    7.5000   -7.5000   22.5000 2784.4937   13.8951
   -7.5000    0.0000   22.5000 2771.7302   13.8210
    0.0000    0.0000   22.5000 2797.4727   13.7245
    7.5000    0.0000   22.5000 2767.2246   14.0666
   -7.5000    7.5000   22.5000 2723.7432   14.3227
    0.0000    7.5000   22.5000 2746.7869   14.2575
    7.5000    7.5000   22.5000 2717.2058   14.5423
   -7.5000   15.0000   22.5000 2645.6797   15.0571
    0.0000   15.0000   22.5000 2667.0518   15.0342
    7.5000   15.0000   22.5000 2636.4377   15.3210
   -7.5000   22.5000   22.5000 2537.1919   16.1386
    0.0000   22.5000   22.5000 2557.8613   16.1444
    7.5000   22.5000   22.5000 2531.3962   16.4019
   -7.5000   30.0000   22.5000 2404.3406   17.5520
    0.0000   30.0000   22.5000 2427.6399   17.5852
    7.5000   30.0000   22.5000 2403.7542   17.8209
   -7.5000   37.5000   22.5000 2253.5747   19.3711
    0.0000   37.5000   22.5000 2272.5432   19.4422
    7.5000   37.5000   22.5000 2247.5818   19.6588
   -7.5000   45.0000   22.5000 2092.6704   21.6405
    0.0000   45.0000   22.5000 2115.1970   21.6952
    7.5000   45.0000   22.5000 2089.6704   21.9374
   -7.5000  -45.0000   30.0000 2345.9927   19.2030
    0.0000  -45.0000   30.0000 2365.8647   19.1705
    7.5000  -45.0000   30.0000 2336.4170   19.7415
   -7.5000  -37.5000   30.0000 2448.0488   17.5571
    0.0000  -37.5000   30.0000 2470.6365   17.5109
    7.5000  -37.5000   30.0000 2444.6257   17.9935
   -7.5000  -30.0000   30.0000 2539.5544   16.3058
    0.0000  -30.0000   30.0000 2562.8835   16.2353
    7.5000  -30.0000   30.0000 2538.2651   16.6703
   -7.5000  -22.5000   30.0000 2622.3057   15.3349
    0.0000  -22.5000   30.0000 2643.6257   15.2361
    7.5000  -22.5000   30.0000 2618.8840   15.6608
   -7.5000  -15.0000   30.0000 2677.5105   14.7015
    0.0000  -15.0000   30.0000 2693.6545   14.6470
    7.5000  -15.0000   30.0000 2666.9495   15.0145
   -7.5000   -7.5000   30.0000 2686.5747   14.5321
    0.0000   -7.5000   30.0000 2706.1965   14.4565
    7.5000   -7.5000   30.0000 2685.9609   14.8213
   -7.5000    0.0000   30.0000 2670.2590   14.7154
    0.0000    0.0000   30.0000 2692.9343   14.6274
    7.5000    0.0000   30.0000 2667.2036   14.9721
   -7.5000    7.5000   30.0000 2628.4404   15.1902
    0.0000    7.5000   30.0000 2649.3684   15.0857
    7.5000    7.5000   30.0000 2626.2563   15.3875
   -7.5000   15.0000   30.0000 2554.1492   15.9028
    0.0000   15.0000   30.0000 2581.2437   15.8326
    7.5000   15.0000   30.0000 2550.8740   16.1388
   -7.5000   22.5000   30.0000 2460.7322   16.9842
    0.0000   22.5000   30.0000 2479.0835   16.9540
    7.5000   22.5000   30.0000 2452.9055   17.2215
   -7.5000   30.0000   30.0000 2335.8115   18.4534
    0.0000   30.0000   30.0000 2355.1860   18.4569
    7.5000   30.0000   30.0000 2330.1399   18.6723
   -7.5000   37.5000   30.0000 2183.2678   20.3609
    0.0000   37.5000   30.0000 2204.9856   20.4323
    7.5000   37.5000   30.0000 2184.3801   20.6385
   -7.5000   45.0000   30.0000 2034.8068   22.7228
    0.0000   45.0000   30.0000 2049.7874   22.7847
    7.5000   45.0000   30.0000 2035.0537   23.0458
   -7.5000  -45.0000   37.5000 2294.0444   20.4694
    0.0000  -45.0000   37.5000 2311.5139   20.4298
    7.5000  -45.0000   37.5000 2281.7073   20.9564
   -7.5000  -37.5000   37.5000 2389.1199   18.7341
    0.0000  -37.5000   37.5000 2409.3613   18.7110
    7.5000  -37.5000   37.5000 2380.7419   19.1612
   -7.5000  -30.0000   37.5000 2467.6265   17.4437
    0.0000  -30.0000   37.5000 2487.5239   17.3915
    7.5000  -30.0000   37.5000 2461.9878   17.7875
   -7.5000  -22.5000   37.5000 2535.0181   16.4747
    0.0000  -22.5000   37.5000 2553.6062   16.3954
    7.5000  -22.5000   37.5000 2528.3291   16.7680
   -7.5000  -15.0000   37.5000 2576.5444   15.8366
    0.0000  -15.0000   37.5000 2596.4653   15.8322
    7.5000  -15.0000   37.5000 2572.9783   16.1082
   -7.5000   -7.5000   37.5000 2588.5332   15.6622
    0.0000   -7.5000   37.5000 2606.5718   15.6136
    7.5000   -7.5000   37.5000 2586.1843   15.9322
   -7.5000    0.0000   37.5000 2565.9055   15.8092
    0.0000    0.0000   37.5000 2584.4272   15.7640
    7.5000    0.0000   37.5000 2567.6707   16.0478
   -7.5000    7.5000   37.5000 2521.7964   16.2324
    0.0000    7.5000   37.5000 2541.4907   16.1735
    7.5000    7.5000   37.5000 2523.0098   16.4516
   -7.5000   15.0000   37.5000 2462.8796   16.9301
    0.0000   15.0000   37.5000 2493.5625   16.8593
    7.5000   15.0000   37.5000 2460.3325   17.1507
   -7.5000   22.5000   37.5000 2379.0369   18.0332
    0.0000   22.5000   37.5000 2399.5569   17.9433
    7.5000   22.5000   37.5000 2372.0300   18.2002
   -7.5000   30.0000   37.5000 2253.9744   19.5529
    0.0000   30.0000   37.5000 2275.0107   19.5326
    7.5000   30.0000   37.5000 2251.2334   19.7185
   -7.5000   37.5000   37.5000 2115.0820   21.5721
    0.0000   37.5000   37.5000 2133.6858   21.5887
    7.5000   37.5000   37.5000 2116.9790   21.7814
   -7.5000   45.0000   37.5000 1976.8214   24.1241
    0.0000   45.0000   37.5000 1990.0262   24.1262
    7.5000   45.0000   37.5000 1976.7346   24.3531
   -7.5000  -45.0000   45.0000 2220.4810   22.0944
    0.0000  -45.0000   45.0000 2238.3816   22.0735
    7.5000  -45.0000   45.0000 2206.4290   22.5683
   -7.5000  -37.5000   45.0000 2314.3728   20.2966
    0.0000  -37.5000   45.0000 2334.4197   20.2220
    7.5000  -37.5000   45.0000 2304.1448   20.6538
   -7.5000  -30.0000   45.0000 2386.0168   18.8983
    0.0000  -30.0000   45.0000 2409.0349   18.8129
    7.5000  -30.0000   45.0000 2381.9287   19.2088
   -7.5000  -22.5000   45.0000 2443.2292   17.8801
    0.0000  -22.5000   45.0000 2463.9397   17.8327
    7.5000  -22.5000   45.0000 2437.0488   18.1452
   -7.5000  -15.0000   45.0000 2473.7078   17.2271
    0.0000  -15.0000   45.0000 2492.5867   17.2169
    7.5000  -15.0000   45.0000 2470.8274   17.4806
   -7.5000   -7.5000   45.0000 2481.8774   17.0389
    0.0000   -7.5000   45.0000 2500.6545   16.9926
    7.5000   -7.5000   45.0000 2475.3638   17.2612
   -7.5000    0.0000   45.0000 2462.6865   17.1359
    0.0000    0.0000   45.0000 2479.5981   17.1361
    7.5000    0.0000   45.0000 2463.7117   17.4024
   -7.5000    7.5000   45.0000 2418.3689   17.5905
    0.0000    7.5000   45.0000 2439.1201   17.5779
    7.5000    7.5000   45.0000 2420.6843   17.8197
   -7.5000   15.0000   45.0000 2358.5579   18.2920
    0.0000   15.0000   45.0000 2384.3330   18.2630
    7.5000   15.0000   45.0000 2363.2922   18.5186
   -7.5000   22.5000   45.0000 2280.6365   19.4046
    0.0000   22.5000   45.0000 2300.2537   19.3174
    7.5000   22.5000   45.0000 2278.8120   19.5567
   -7.5000   30.0000   45.0000 2170.7183   20.9365
    0.0000   30.0000   45.0000 2187.4421   20.8864
    7.5000   30.0000   45.0000 2166.9575   21.0721
   -7.5000   37.5000   45.0000 2042.5803   22.9824
    0.0000   37.5000   45.0000 2054.3442   22.9980
    7.5000   37.5000   45.0000 2041.7704   23.2143
   -7.5000   45.0000   45.0000 1905.7399   25.7971
    0.0000   45.0000   45.0000 1918.3796   25.7653
    7.5000   45.0000   45.0000 1905.7678   26.0582

---------------------------------------------------------------------
imgreg_4dfp /opt/freesurfer/average/711-2C_as_mni_average_305 /opt/freesurfer/average/711-2B_as_mni_average_305_mask talsrcimg_g11 none talsrcimg_to_711-2C_as_mni_average_305_t4 1283
---------------------------------------------------------------------

freesurfer imgreg_4dfp.c
/opt/freesurfer/average/711-2C_as_mni_average_305.4dfp.img
       256       256       256         1
  1.000000  1.000000  1.000000
orientation T byte_order littleendian
Reading image: /opt/freesurfer/average/711-2C_as_mni_average_305.4dfp.img
dimensions:      256       256       256
mmppix:       1.0000   -1.0000   -1.0000
center:     128.0000 -129.0000 -129.0000
/opt/freesurfer/average/711-2B_as_mni_average_305_mask.4dfp.img
       256       256       256         1
  1.000000  1.000000  1.000000
orientation T byte_order littleendian
Reading mask: /opt/freesurfer/average/711-2B_as_mni_average_305_mask.4dfp.img (2306576 pixels)
talsrcimg_g11.4dfp.img
       256       256       256         1
  1.000000  1.000000  1.000000
orientation T byte_order littleendian
Reading image: talsrcimg_g11.4dfp.img
dimensions:      256       256       256
mmppix:       1.0000   -1.0000   -1.0000
center:     128.0000 -129.0000 -129.0000
rotation matrix determinant  1.000000
fimgreg.f
image alignment mode   1283 decimal      503 hex
parameters
    0.0000   -7.5000    0.0000    0.0000    0.0000    0.0000
eta,q 0.94445 12.09534
niter,ni,del,rscale     5    3   12.0000    1.2000
parameter  4  1.665599 ->  0.500000 qaram    1.1500
parameters
   -0.7901   -7.1485   -1.2449   -3.4500   -0.5403   -2.4342
eta,q 0.94733 12.05423
  0.0661  0.0672  0.0607  0.0532  0.0578  0.0552
  0.0603  0.0607  0.0586  0.0533  0.0552  0.0533
  0.0577  0.0572  0.0568  0.0548  0.0538  0.0526
  0.0579  0.0572  0.0575  0.0566  0.0537  0.0536
  0.0602  0.0585  0.0593  0.0583  0.0551  0.0563
  0.0647  0.0603  0.0612  0.0605  0.0568  0.0599
  0.0711  0.0639  0.0655  0.0628  0.0588  0.0627
niter,ni,del,rscale     5    3   12.0000    1.2000
parameter  4  0.874849 ->  0.500000 qaram    1.3225
parameters
   -1.5650   -5.3414   -1.6150   -7.4175   -0.1882   -3.0995
eta,q 0.95056 12.02858
  0.0613  0.0692  0.0591  0.0504  0.0582  0.0542
  0.0559  0.0615  0.0550  0.0498  0.0550  0.0513
  0.0533  0.0557  0.0520  0.0499  0.0518  0.0497
  0.0527  0.0526  0.0523  0.0521  0.0497  0.0496
  0.0554  0.0524  0.0547  0.0553  0.0506  0.0510
  0.0604  0.0540  0.0569  0.0581  0.0536  0.0534
  0.0664  0.0565  0.0595  0.0604  0.0568  0.0562
niter,ni,del,rscale     5    3   12.0000    1.2000
parameters
   -1.7721   -3.8907   -2.6462   -8.8940    0.1010   -3.2513
eta,q 0.95207 11.99375
  0.0630  0.0667  0.0554  0.0545  0.0570  0.0539
  0.0564  0.0573  0.0519  0.0491  0.0536  0.0505
  0.0511  0.0512  0.0493  0.0477  0.0503  0.0484
  0.0494  0.0494  0.0495  0.0489  0.0481  0.0479
  0.0523  0.0496  0.0526  0.0512  0.0488  0.0491
  0.0577  0.0510  0.0560  0.0547  0.0521  0.0513
  0.0647  0.0545  0.0599  0.0590  0.0560  0.0540
niter,ni,del,rscale     4    3   12.0000    1.2000
parameters
   -1.7551   -3.4180   -3.0542   -9.1080    0.0208   -3.4127
eta,q 0.95217 11.98647
  0.0622  0.0609  0.0561  0.0580  0.0558  0.0538
  0.0551  0.0532  0.0525  0.0512  0.0526  0.0504
  0.0489  0.0492  0.0491  0.0478  0.0497  0.0483
  0.0479  0.0479  0.0480  0.0479  0.0478  0.0478
  0.0508  0.0491  0.0502  0.0504  0.0490  0.0491
  0.0546  0.0518  0.0541  0.0534  0.0526  0.0513
  0.0617  0.0565  0.0583  0.0572  0.0567  0.0540
niter,ni,del,rscale     3    3   12.0000    1.2000
parameters
   -1.6994   -3.3318   -3.1624   -9.2074   -0.0238   -3.4687
eta,q 0.95209 11.98985
  0.0621  0.0589  0.0567  0.0583  0.0557  0.0541
  0.0547  0.0521  0.0531  0.0516  0.0526  0.0507
  0.0485  0.0486  0.0495  0.0479  0.0498  0.0485
  0.0478  0.0479  0.0479  0.0479  0.0479  0.0479
  0.0508  0.0496  0.0496  0.0504  0.0489  0.0491
  0.0542  0.0526  0.0533  0.0533  0.0524  0.0512
  0.0609  0.0573  0.0575  0.0571  0.0566  0.0538
niter,ni,del,rscale     2    3   12.0000    1.2000
parameters
   -1.6730   -3.3138   -3.1985   -9.2362   -0.0402   -3.4873
eta,q 0.95206 11.99140
  0.0620  0.0587  0.0568  0.0585  0.0558  0.0542
  0.0546  0.0521  0.0532  0.0518  0.0526  0.0508
  0.0484  0.0486  0.0497  0.0480  0.0499  0.0485
  0.0479  0.0479  0.0479  0.0479  0.0479  0.0479
  0.0509  0.0498  0.0494  0.0503  0.0488  0.0491
  0.0542  0.0529  0.0531  0.0532  0.0523  0.0512
  0.0610  0.0575  0.0573  0.0570  0.0565  0.0538
registration optimization eta report
parameter search radius
    6.0000    6.0000    6.0000    7.9350    6.0000    6.0000
100000*second partial in parameter space
       37.       28.       24.       15.       22.       16.
  0.0620  0.0587  0.0568  0.0585  0.0558  0.0542
  0.0546  0.0521  0.0532  0.0518  0.0526  0.0508
  0.0484  0.0486  0.0497  0.0480  0.0499  0.0485
  0.0479  0.0479  0.0479  0.0479  0.0479  0.0479
  0.0509  0.0498  0.0494  0.0503  0.0488  0.0491
  0.0542  0.0529  0.0531  0.0532  0.0523  0.0512
  0.0610  0.0575  0.0573  0.0570  0.0565  0.0538
   -1.6730   -3.3138   -3.1985   -9.2362   -0.0402   -3.4873
eta,q 0.95206 11.99140

---------------------------------------------------------------------
imgreg_4dfp /opt/freesurfer/average/711-2C_as_mni_average_305 /opt/freesurfer/average/711-2B_as_mni_average_305_mask talsrcimg_g11 none talsrcimg_to_711-2C_as_mni_average_305_t4 3335
---------------------------------------------------------------------

freesurfer imgreg_4dfp.c
/opt/freesurfer/average/711-2C_as_mni_average_305.4dfp.img
       256       256       256         1
  1.000000  1.000000  1.000000
orientation T byte_order littleendian
Reading image: /opt/freesurfer/average/711-2C_as_mni_average_305.4dfp.img
dimensions:      256       256       256
mmppix:       1.0000   -1.0000   -1.0000
center:     128.0000 -129.0000 -129.0000
/opt/freesurfer/average/711-2B_as_mni_average_305_mask.4dfp.img
       256       256       256         1
  1.000000  1.000000  1.000000
orientation T byte_order littleendian
Reading mask: /opt/freesurfer/average/711-2B_as_mni_average_305_mask.4dfp.img (2306576 pixels)
talsrcimg_g11.4dfp.img
       256       256       256         1
  1.000000  1.000000  1.000000
orientation T byte_order littleendian
Reading image: talsrcimg_g11.4dfp.img
dimensions:      256       256       256
mmppix:       1.0000   -1.0000   -1.0000
center:     128.0000 -129.0000 -129.0000
fimgreg.f
image alignment mode   3335 decimal      D07 hex
parameters
   -1.6730   -3.3138   -3.1985   -0.1852   -1.4786   -1.2965
    5.9926    1.0454   -6.0826   16.0165   -0.0701  -16.0504
eta,q 0.95246 12.09723
niter,ni,del,rscale     5    3    5.0000    1.2000
parameter  4 23.723146 ->  0.500000 qaram    1.1500
parameter  5  2.708318 ->  0.500000 qaram    1.1500
parameter  6  1.612926 ->  0.500000 qaram    1.1500
parameters
   -1.2104   -2.6692   -3.4419   -4.3252   -5.6186   -5.4365
    5.3574    2.4785   -5.1440   12.4565    0.0458  -15.8120
eta,q 0.97367 11.79542
  0.0501  0.0497  0.0481  0.0365  0.0316  0.0259  0.0312  0.0359  0.0311  0.0274  0.0284  0.0285
  0.0489  0.0486  0.0476  0.0391  0.0334  0.0271  0.0291  0.0324  0.0293  0.0265  0.0273  0.0276
  0.0480  0.0479  0.0474  0.0429  0.0363  0.0299  0.0279  0.0294  0.0280  0.0264  0.0266  0.0267
  0.0475  0.0474  0.0473  0.0473  0.0400  0.0340  0.0277  0.0276  0.0273  0.0273  0.0263  0.0263
  0.0475  0.0473  0.0475  0.0516  0.0440  0.0388  0.0285  0.0275  0.0274  0.0294  0.0265  0.0265
  0.0478  0.0475  0.0479  0.0551  0.0481  0.0442  0.0302  0.0288  0.0282  0.0326  0.0272  0.0272
  0.0487  0.0481  0.0486  0.0584  0.0522  0.0497  0.0326  0.0315  0.0295  0.0364  0.0283  0.0284
niter,ni,del,rscale     7    3    5.0000    1.2000
parameter  4  0.643847 ->  0.500000 qaram    1.3225
parameters
   -1.5378   -2.5015   -3.1242   -9.0862   -9.1996   -8.2802
    5.5929    2.5972   -5.2773   11.7459    0.7451  -15.9776
eta,q 0.97801 11.55856
  0.0298  0.0298  0.0294  0.0252  0.0244  0.0248  0.0255  0.0277  0.0243  0.0251  0.0240  0.0238
  0.0276  0.0280  0.0279  0.0237  0.0230  0.0231  0.0237  0.0249  0.0230  0.0233  0.0231  0.0227
  0.0264  0.0267  0.0268  0.0237  0.0226  0.0221  0.0226  0.0229  0.0223  0.0222  0.0224  0.0221
  0.0263  0.0262  0.0262  0.0261  0.0235  0.0226  0.0221  0.0221  0.0221  0.0221  0.0220  0.0220
  0.0273  0.0264  0.0262  0.0307  0.0260  0.0250  0.0223  0.0226  0.0224  0.0228  0.0221  0.0223
  0.0294  0.0274  0.0269  0.0357  0.0299  0.0291  0.0234  0.0245  0.0232  0.0243  0.0226  0.0229
  0.0323  0.0290  0.0281  0.0401  0.0345  0.0340  0.0251  0.0276  0.0244  0.0265  0.0234  0.0239
niter,ni,del,rscale     7    3    5.0000    1.2000
parameter  2 -0.526482 -> -0.500000 qaram    1.1500
parameters
   -1.5174   -1.1215   -3.1112   -9.2261   -9.6596   -9.1130
    5.5845    2.4753   -5.6240   11.8837    0.6906  -16.7484
eta,q 0.97869 11.49303
  0.0263  0.0277  0.0233  0.0279  0.0263  0.0257  0.0248  0.0266  0.0236  0.0255  0.0228  0.0228
  0.0240  0.0253  0.0221  0.0254  0.0238  0.0237  0.0230  0.0239  0.0223  0.0233  0.0221  0.0219
  0.0225  0.0234  0.0214  0.0231  0.0220  0.0220  0.0218  0.0221  0.0215  0.0219  0.0216  0.0214
  0.0220  0.0220  0.0211  0.0212  0.0212  0.0212  0.0214  0.0214  0.0214  0.0214  0.0214  0.0214
  0.0225  0.0212  0.0214  0.0213  0.0219  0.0219  0.0218  0.0221  0.0218  0.0218  0.0216  0.0218
  0.0239  0.0212  0.0221  0.0246  0.0244  0.0246  0.0230  0.0240  0.0227  0.0232  0.0221  0.0225
  0.0261  0.0219  0.0233  0.0297  0.0280  0.0289  0.0249  0.0270  0.0240  0.0251  0.0229  0.0235
niter,ni,del,rscale     7    3    5.0000    1.2000
parameters
   -1.5054   -1.1225   -3.1185   -9.0060   -9.5696   -9.2962
    5.6233    2.4902   -5.6478   12.1027    0.6912  -16.8994
eta,q 0.97877 11.50391
  0.0255  0.0252  0.0233  0.0281  0.0269  0.0262  0.0249  0.0267  0.0238  0.0255  0.0228  0.0231
  0.0233  0.0231  0.0222  0.0257  0.0243  0.0241  0.0229  0.0239  0.0224  0.0233  0.0220  0.0220
  0.0218  0.0218  0.0215  0.0234  0.0223  0.0222  0.0217  0.0220  0.0215  0.0218  0.0215  0.0214
  0.0213  0.0213  0.0213  0.0213  0.0212  0.0212  0.0212  0.0212  0.0212  0.0212  0.0212  0.0212
  0.0218  0.0218  0.0215  0.0211  0.0216  0.0214  0.0217  0.0218  0.0216  0.0217  0.0214  0.0215
  0.0232  0.0231  0.0222  0.0241  0.0237  0.0236  0.0229  0.0238  0.0224  0.0230  0.0220  0.0222
  0.0255  0.0252  0.0233  0.0289  0.0271  0.0275  0.0248  0.0267  0.0238  0.0250  0.0228  0.0232
niter,ni,del,rscale     6    3    5.0000    1.2000
parameters
   -1.5166   -1.1164   -3.1443   -8.9715   -9.5227   -9.3266
    5.6376    2.4920   -5.6405   12.1749    0.6909  -16.9345
eta,q 0.97879 11.50763
  0.0255  0.0252  0.0232  0.0280  0.0268  0.0263  0.0248  0.0266  0.0238  0.0253  0.0228  0.0231
  0.0231  0.0231  0.0221  0.0255  0.0243  0.0242  0.0229  0.0239  0.0224  0.0231  0.0220  0.0221
  0.0217  0.0217  0.0214  0.0232  0.0223  0.0223  0.0217  0.0220  0.0215  0.0217  0.0214  0.0214
  0.0212  0.0212  0.0212  0.0212  0.0212  0.0212  0.0212  0.0212  0.0212  0.0212  0.0212  0.0212
  0.0218  0.0217  0.0215  0.0212  0.0216  0.0213  0.0216  0.0218  0.0215  0.0217  0.0214  0.0215
  0.0232  0.0230  0.0221  0.0244  0.0238  0.0235  0.0229  0.0238  0.0224  0.0231  0.0220  0.0221
  0.0255  0.0252  0.0233  0.0292  0.0272  0.0273  0.0248  0.0268  0.0237  0.0251  0.0228  0.0231
niter,ni,del,rscale     5    3    5.0000    1.2000
parameters
   -1.5210   -1.1159   -3.1529   -8.9706   -9.5074   -9.3325
    5.6376    2.4926   -5.6366   12.1944    0.6899  -16.9437
eta,q 0.97878 11.50867
  0.0255  0.0252  0.0232  0.0279  0.0268  0.0263  0.0248  0.0266  0.0238  0.0252  0.0228  0.0232
  0.0232  0.0230  0.0221  0.0255  0.0243  0.0242  0.0229  0.0239  0.0224  0.0231  0.0220  0.0221
  0.0217  0.0217  0.0214  0.0232  0.0222  0.0223  0.0217  0.0220  0.0215  0.0217  0.0214  0.0214
  0.0212  0.0212  0.0212  0.0212  0.0212  0.0212  0.0212  0.0212  0.0212  0.0212  0.0212  0.0212
  0.0217  0.0217  0.0214  0.0213  0.0217  0.0213  0.0216  0.0218  0.0215  0.0217  0.0214  0.0215
  0.0232  0.0230  0.0221  0.0244  0.0238  0.0234  0.0229  0.0238  0.0224  0.0231  0.0220  0.0221
  0.0255  0.0252  0.0232  0.0293  0.0272  0.0272  0.0248  0.0268  0.0237  0.0251  0.0228  0.0231
registration optimization eta report
parameter search radius
    2.4000    2.7600    2.4000    9.5220    8.2800    8.2800
    7.2000    7.2000    7.2000    7.2000    7.2000    7.2000
100000*second partial in parameter space
       74.       52.       34.        8.        8.        8.
        7.       10.        5.        8.        3.        4.
  0.0255  0.0252  0.0232  0.0279  0.0268  0.0263  0.0248  0.0266  0.0238  0.0252  0.0228  0.0232
  0.0232  0.0230  0.0221  0.0255  0.0243  0.0242  0.0229  0.0239  0.0224  0.0231  0.0220  0.0221
  0.0217  0.0217  0.0214  0.0232  0.0222  0.0223  0.0217  0.0220  0.0215  0.0217  0.0214  0.0214
  0.0212  0.0212  0.0212  0.0212  0.0212  0.0212  0.0212  0.0212  0.0212  0.0212  0.0212  0.0212
  0.0217  0.0217  0.0214  0.0213  0.0217  0.0213  0.0216  0.0218  0.0215  0.0217  0.0214  0.0215
  0.0232  0.0230  0.0221  0.0244  0.0238  0.0234  0.0229  0.0238  0.0224  0.0231  0.0220  0.0221
  0.0255  0.0252  0.0232  0.0293  0.0272  0.0272  0.0248  0.0268  0.0237  0.0251  0.0228  0.0231
   -1.5210   -1.1159   -3.1529   -8.9706   -9.5074   -9.3325
    5.6376    2.4926   -5.6366   12.1944    0.6899  -16.9437
eta,q 0.97878 11.50867

---------------------------------------------------------------------
imgreg_4dfp /opt/freesurfer/average/711-2C_as_mni_average_305 /opt/freesurfer/average/711-2B_as_mni_average_305_mask talsrcimg_g11 none talsrcimg_to_711-2C_as_mni_average_305_t4 2311
---------------------------------------------------------------------

freesurfer imgreg_4dfp.c
/opt/freesurfer/average/711-2C_as_mni_average_305.4dfp.img
       256       256       256         1
  1.000000  1.000000  1.000000
orientation T byte_order littleendian
Reading image: /opt/freesurfer/average/711-2C_as_mni_average_305.4dfp.img
dimensions:      256       256       256
mmppix:       1.0000   -1.0000   -1.0000
center:     128.0000 -129.0000 -129.0000
/opt/freesurfer/average/711-2B_as_mni_average_305_mask.4dfp.img
       256       256       256         1
  1.000000  1.000000  1.000000
orientation T byte_order littleendian
Reading mask: /opt/freesurfer/average/711-2B_as_mni_average_305_mask.4dfp.img (2306576 pixels)
talsrcimg_g11.4dfp.img
       256       256       256         1
  1.000000  1.000000  1.000000
orientation T byte_order littleendian
Reading image: talsrcimg_g11.4dfp.img
dimensions:      256       256       256
mmppix:       1.0000   -1.0000   -1.0000
center:     128.0000 -129.0000 -129.0000
fimgreg.f
image alignment mode   2311 decimal      907 hex
parameters
   -1.5210   -1.1159   -3.1529   -8.9706   -9.5074   -9.3325
    5.6376    2.4926   -5.6366   12.1944    0.6899  -16.9437
eta,q 0.97878 11.50867
niter,ni,del,rscale     5    3    5.0000    0.8000
parameters
   -1.5255   -1.1154   -3.1513   -7.7257   -9.4496   -8.8762
    5.5366    2.5742   -5.6136   12.3867    0.5323  -16.8379
eta,q 0.97916 11.55027
  0.0232  0.0226  0.0221  0.0244  0.0231  0.0233  0.0226  0.0238  0.0221  0.0229  0.0217  0.0218
  0.0221  0.0218  0.0216  0.0232  0.0220  0.0222  0.0216  0.0223  0.0214  0.0218  0.0212  0.0213
  0.0214  0.0214  0.0213  0.0221  0.0212  0.0213  0.0210  0.0213  0.0210  0.0211  0.0209  0.0209
  0.0212  0.0212  0.0212  0.0212  0.0209  0.0209  0.0208  0.0208  0.0208  0.0208  0.0208  0.0208
  0.0214  0.0214  0.0213  0.0209  0.0211  0.0209  0.0211  0.0211  0.0210  0.0210  0.0210  0.0209
  0.0221  0.0218  0.0216  0.0213  0.0218  0.0214  0.0217  0.0221  0.0214  0.0216  0.0213  0.0212
  0.0232  0.0226  0.0221  0.0225  0.0232  0.0227  0.0227  0.0237  0.0221  0.0226  0.0218  0.0217
niter,ni,del,rscale     4    3    5.0000    0.7000
parameters
   -1.5804   -1.2388   -3.1196   -7.7461   -9.3722   -8.7116
    5.5847    2.6218   -5.5820   12.3319    0.4909  -16.7670
eta,q 0.97919 11.55853
  0.0224  0.0217  0.0216  0.0230  0.0226  0.0226  0.0223  0.0232  0.0218  0.0223  0.0215  0.0215
  0.0215  0.0212  0.0212  0.0220  0.0217  0.0217  0.0215  0.0220  0.0213  0.0215  0.0211  0.0211
  0.0210  0.0209  0.0209  0.0212  0.0211  0.0211  0.0210  0.0211  0.0209  0.0210  0.0209  0.0209
  0.0208  0.0208  0.0208  0.0208  0.0208  0.0208  0.0208  0.0208  0.0208  0.0208  0.0208  0.0208
  0.0211  0.0210  0.0209  0.0210  0.0210  0.0209  0.0210  0.0211  0.0209  0.0210  0.0209  0.0209
  0.0217  0.0215  0.0211  0.0218  0.0215  0.0214  0.0214  0.0218  0.0213  0.0215  0.0212  0.0211
  0.0226  0.0221  0.0215  0.0232  0.0226  0.0225  0.0222  0.0231  0.0218  0.0224  0.0216  0.0215
niter,ni,del,rscale     3    3    5.0000    0.6000
parameters
   -1.5857   -1.2658   -3.1099   -7.7010   -9.3589   -8.6231
    5.5901    2.6505   -5.5883   12.3139    0.4583  -16.7298
eta,q 0.97920 11.56176
  0.0221  0.0216  0.0214  0.0225  0.0221  0.0221  0.0218  0.0226  0.0215  0.0219  0.0213  0.0213
  0.0214  0.0212  0.0211  0.0217  0.0214  0.0214  0.0213  0.0217  0.0211  0.0213  0.0211  0.0210
  0.0209  0.0209  0.0209  0.0211  0.0210  0.0210  0.0209  0.0210  0.0209  0.0209  0.0209  0.0209
  0.0208  0.0208  0.0208  0.0208  0.0208  0.0208  0.0208  0.0208  0.0208  0.0208  0.0208  0.0208
  0.0210  0.0209  0.0209  0.0209  0.0209  0.0209  0.0209  0.0210  0.0209  0.0209  0.0209  0.0209
  0.0214  0.0212  0.0211  0.0215  0.0214  0.0213  0.0213  0.0216  0.0211  0.0213  0.0211  0.0210
  0.0221  0.0217  0.0214  0.0226  0.0221  0.0221  0.0218  0.0225  0.0215  0.0220  0.0214  0.0213
niter,ni,del,rscale     2    3    5.0000    0.5000
parameters
   -1.5893   -1.2815   -3.1043   -7.6335   -9.3438   -8.5622
    5.6032    2.6730   -5.5968   12.3157    0.4439  -16.7084
eta,q 0.97920 11.56496
  0.0217  0.0214  0.0212  0.0221  0.0217  0.0217  0.0215  0.0221  0.0213  0.0216  0.0212  0.0212
  0.0212  0.0211  0.0210  0.0214  0.0212  0.0212  0.0211  0.0214  0.0210  0.0212  0.0210  0.0210
  0.0209  0.0209  0.0208  0.0210  0.0209  0.0209  0.0209  0.0210  0.0208  0.0209  0.0208  0.0208
  0.0208  0.0208  0.0208  0.0208  0.0208  0.0208  0.0208  0.0208  0.0208  0.0208  0.0208  0.0208
  0.0209  0.0209  0.0208  0.0209  0.0209  0.0208  0.0209  0.0209  0.0209  0.0209  0.0208  0.0208
  0.0212  0.0211  0.0210  0.0213  0.0212  0.0211  0.0211  0.0214  0.0210  0.0212  0.0210  0.0210
  0.0217  0.0214  0.0212  0.0220  0.0217  0.0217  0.0215  0.0220  0.0213  0.0216  0.0212  0.0211
niter,ni,del,rscale     1    3    5.0000    0.4000
parameters
   -1.5952   -1.2951   -3.1004   -7.5803   -9.3371   -8.4900
    5.6123    2.6802   -5.6062   12.3253    0.4393  -16.7000
eta,q 0.97921 11.56783
  0.0214  0.0212  0.0210  0.0216  0.0214  0.0214  0.0213  0.0216  0.0211  0.0213  0.0210  0.0210
  0.0210  0.0210  0.0209  0.0212  0.0211  0.0211  0.0210  0.0212  0.0209  0.0210  0.0209  0.0209
  0.0209  0.0208  0.0208  0.0209  0.0209  0.0209  0.0208  0.0209  0.0208  0.0209  0.0208  0.0208
  0.0208  0.0208  0.0208  0.0208  0.0208  0.0208  0.0208  0.0208  0.0208  0.0208  0.0208  0.0208
  0.0209  0.0208  0.0208  0.0208  0.0209  0.0208  0.0208  0.0209  0.0208  0.0209  0.0208  0.0208
  0.0211  0.0210  0.0209  0.0211  0.0210  0.0210  0.0210  0.0212  0.0209  0.0210  0.0209  0.0209
  0.0214  0.0212  0.0210  0.0216  0.0214  0.0213  0.0213  0.0216  0.0211  0.0213  0.0211  0.0210
registration optimization eta report
parameter search radius
    0.8000    0.8000    0.8000    2.4000    2.4000    2.4000
    2.4000    2.4000    2.4000    2.4000    2.4000    2.4000
100000*second partial in parameter space
       87.       58.       39.       14.       10.       10.
        8.       14.        6.        9.        4.        4.
  0.0214  0.0212  0.0210  0.0216  0.0214  0.0214  0.0213  0.0216  0.0211  0.0213  0.0210  0.0210
  0.0210  0.0210  0.0209  0.0212  0.0211  0.0211  0.0210  0.0212  0.0209  0.0210  0.0209  0.0209
  0.0209  0.0208  0.0208  0.0209  0.0209  0.0209  0.0208  0.0209  0.0208  0.0209  0.0208  0.0208
  0.0208  0.0208  0.0208  0.0208  0.0208  0.0208  0.0208  0.0208  0.0208  0.0208  0.0208  0.0208
  0.0209  0.0208  0.0208  0.0208  0.0209  0.0208  0.0208  0.0209  0.0208  0.0209  0.0208  0.0208
  0.0211  0.0210  0.0209  0.0211  0.0210  0.0210  0.0210  0.0212  0.0209  0.0210  0.0209  0.0209
  0.0214  0.0212  0.0210  0.0216  0.0214  0.0213  0.0213  0.0216  0.0211  0.0213  0.0211  0.0210
   -1.5952   -1.2951   -3.1004   -7.5803   -9.3371   -8.4900
    5.6123    2.6802   -5.6062   12.3253    0.4393  -16.7000
eta,q 0.97921 11.56783

---------------------------------------------------------------------
imgreg_4dfp /opt/freesurfer/average/711-2C_as_mni_average_305 /opt/freesurfer/average/711-2B_as_mni_average_305_mask talsrcimg_g11 none talsrcimg_to_711-2C_as_mni_average_305_t4 2311
---------------------------------------------------------------------

freesurfer imgreg_4dfp.c
/opt/freesurfer/average/711-2C_as_mni_average_305.4dfp.img
       256       256       256         1
  1.000000  1.000000  1.000000
orientation T byte_order littleendian
Reading image: /opt/freesurfer/average/711-2C_as_mni_average_305.4dfp.img
dimensions:      256       256       256
mmppix:       1.0000   -1.0000   -1.0000
center:     128.0000 -129.0000 -129.0000
/opt/freesurfer/average/711-2B_as_mni_average_305_mask.4dfp.img
       256       256       256         1
  1.000000  1.000000  1.000000
orientation T byte_order littleendian
Reading mask: /opt/freesurfer/average/711-2B_as_mni_average_305_mask.4dfp.img (2306576 pixels)
talsrcimg_g11.4dfp.img
       256       256       256         1
  1.000000  1.000000  1.000000
orientation T byte_order littleendian
Reading image: talsrcimg_g11.4dfp.img
dimensions:      256       256       256
mmppix:       1.0000   -1.0000   -1.0000
center:     128.0000 -129.0000 -129.0000
fimgreg.f
image alignment mode   2311 decimal      907 hex
parameters
   -1.5952   -1.2951   -3.1004   -7.5804   -9.3371   -8.4900
    5.6123    2.6802   -5.6062   12.3253    0.4393  -16.7000
eta,q 0.97921 11.56784
niter,ni,del,rscale     5    3    5.0000    0.8000
parameters
   -1.5785   -1.3111   -3.1005   -7.9141   -9.4189   -8.6917
    5.6487    2.6336   -5.5917   12.2418    0.4944  -16.7147
eta,q 0.97917 11.55405
  0.0231  0.0222  0.0218  0.0232  0.0229  0.0229  0.0227  0.0237  0.0221  0.0227  0.0218  0.0217
  0.0218  0.0214  0.0212  0.0221  0.0219  0.0218  0.0217  0.0222  0.0214  0.0217  0.0213  0.0212
  0.0210  0.0210  0.0209  0.0212  0.0211  0.0211  0.0211  0.0212  0.0210  0.0210  0.0210  0.0209
  0.0208  0.0208  0.0208  0.0208  0.0208  0.0208  0.0208  0.0208  0.0208  0.0208  0.0208  0.0208
  0.0210  0.0210  0.0209  0.0211  0.0210  0.0210  0.0210  0.0212  0.0210  0.0211  0.0209  0.0209
  0.0218  0.0215  0.0212  0.0224  0.0218  0.0219  0.0216  0.0222  0.0214  0.0218  0.0213  0.0213
  0.0229  0.0223  0.0218  0.0243  0.0232  0.0235  0.0226  0.0239  0.0221  0.0228  0.0218  0.0217
niter,ni,del,rscale     4    3    5.0000    0.7000
parameters
   -1.5785   -1.2574   -3.1051   -7.8012   -9.4010   -8.6797
    5.6099    2.6357   -5.5990   12.2724    0.4818  -16.7434
eta,q 0.97919 11.55611
  0.0225  0.0220  0.0216  0.0231  0.0225  0.0225  0.0222  0.0231  0.0218  0.0224  0.0215  0.0215
  0.0216  0.0214  0.0212  0.0221  0.0217  0.0217  0.0214  0.0219  0.0212  0.0215  0.0212  0.0211
  0.0210  0.0210  0.0209  0.0213  0.0211  0.0211  0.0210  0.0211  0.0209  0.0210  0.0209  0.0209
  0.0208  0.0208  0.0208  0.0208  0.0208  0.0208  0.0208  0.0208  0.0208  0.0208  0.0208  0.0208
  0.0210  0.0209  0.0209  0.0209  0.0210  0.0209  0.0210  0.0211  0.0209  0.0210  0.0209  0.0209
  0.0216  0.0213  0.0212  0.0217  0.0216  0.0215  0.0215  0.0219  0.0213  0.0215  0.0212  0.0211
  0.0225  0.0219  0.0216  0.0231  0.0226  0.0227  0.0222  0.0232  0.0218  0.0223  0.0216  0.0215
niter,ni,del,rscale     3    3    5.0000    0.6000
parameters
   -1.5836   -1.2665   -3.1029   -7.7069   -9.3678   -8.6216
    5.5995    2.6529   -5.5979   12.2995    0.4673  -16.7354
eta,q 0.97920 11.56100
  0.0221  0.0216  0.0214  0.0225  0.0221  0.0221  0.0218  0.0226  0.0215  0.0220  0.0214  0.0213
  0.0214  0.0212  0.0211  0.0217  0.0214  0.0214  0.0213  0.0216  0.0211  0.0213  0.0211  0.0210
  0.0209  0.0209  0.0209  0.0211  0.0210  0.0210  0.0209  0.0210  0.0209  0.0209  0.0209  0.0209
  0.0208  0.0208  0.0208  0.0208  0.0208  0.0208  0.0208  0.0208  0.0208  0.0208  0.0208  0.0208
  0.0210  0.0209  0.0209  0.0209  0.0209  0.0209  0.0209  0.0210  0.0209  0.0209  0.0209  0.0209
  0.0214  0.0212  0.0211  0.0215  0.0214  0.0213  0.0213  0.0216  0.0211  0.0213  0.0211  0.0210
  0.0221  0.0217  0.0214  0.0225  0.0221  0.0221  0.0219  0.0226  0.0215  0.0219  0.0214  0.0213
niter,ni,del,rscale     2    3    5.0000    0.5000
parameters
   -1.5887   -1.2805   -3.1024   -7.6326   -9.3513   -8.5620
    5.6071    2.6715   -5.6037   12.3173    0.4485  -16.7286
eta,q 0.97920 11.56459
  0.0217  0.0214  0.0212  0.0221  0.0217  0.0217  0.0215  0.0221  0.0213  0.0216  0.0212  0.0212
  0.0212  0.0211  0.0210  0.0215  0.0212  0.0212  0.0211  0.0214  0.0210  0.0212  0.0210  0.0210
  0.0209  0.0209  0.0208  0.0210  0.0209  0.0209  0.0209  0.0210  0.0209  0.0209  0.0208  0.0208
  0.0208  0.0208  0.0208  0.0208  0.0208  0.0208  0.0208  0.0208  0.0208  0.0208  0.0208  0.0208
  0.0209  0.0209  0.0208  0.0209  0.0209  0.0208  0.0209  0.0209  0.0209  0.0209  0.0208  0.0208
  0.0212  0.0211  0.0210  0.0213  0.0212  0.0211  0.0211  0.0214  0.0210  0.0212  0.0210  0.0210
  0.0217  0.0214  0.0212  0.0220  0.0217  0.0217  0.0215  0.0220  0.0213  0.0216  0.0212  0.0211
niter,ni,del,rscale     1    3    5.0000    0.4000
parameters
   -1.5944   -1.2911   -3.0965   -7.5808   -9.3421   -8.4894
    5.6074    2.6756   -5.6076   12.3285    0.4344  -16.7044
eta,q 0.97921 11.56772
  0.0213  0.0212  0.0210  0.0216  0.0214  0.0214  0.0213  0.0216  0.0211  0.0213  0.0210  0.0210
  0.0210  0.0210  0.0209  0.0212  0.0211  0.0211  0.0210  0.0212  0.0209  0.0210  0.0209  0.0209
  0.0209  0.0208  0.0208  0.0209  0.0209  0.0209  0.0208  0.0209  0.0208  0.0209  0.0208  0.0208
  0.0208  0.0208  0.0208  0.0208  0.0208  0.0208  0.0208  0.0208  0.0208  0.0208  0.0208  0.0208
  0.0209  0.0208  0.0208  0.0209  0.0209  0.0208  0.0208  0.0209  0.0208  0.0209  0.0208  0.0208
  0.0211  0.0210  0.0209  0.0211  0.0210  0.0210  0.0210  0.0212  0.0209  0.0210  0.0209  0.0209
  0.0214  0.0212  0.0210  0.0216  0.0214  0.0213  0.0213  0.0216  0.0211  0.0213  0.0211  0.0210
registration optimization eta report
parameter search radius
    0.8000    0.8000    0.8000    2.4000    2.4000    2.4000
    2.4000    2.4000    2.4000    2.4000    2.4000    2.4000
100000*second partial in parameter space
       88.       58.       39.       14.       10.       10.
        8.       14.        6.        9.        4.        4.
  0.0213  0.0212  0.0210  0.0216  0.0214  0.0214  0.0213  0.0216  0.0211  0.0213  0.0210  0.0210
  0.0210  0.0210  0.0209  0.0212  0.0211  0.0211  0.0210  0.0212  0.0209  0.0210  0.0209  0.0209
  0.0209  0.0208  0.0208  0.0209  0.0209  0.0209  0.0208  0.0209  0.0208  0.0209  0.0208  0.0208
  0.0208  0.0208  0.0208  0.0208  0.0208  0.0208  0.0208  0.0208  0.0208  0.0208  0.0208  0.0208
  0.0209  0.0208  0.0208  0.0209  0.0209  0.0208  0.0208  0.0209  0.0208  0.0209  0.0208  0.0208
  0.0211  0.0210  0.0209  0.0211  0.0210  0.0210  0.0210  0.0212  0.0209  0.0210  0.0209  0.0209
  0.0214  0.0212  0.0210  0.0216  0.0214  0.0213  0.0213  0.0216  0.0211  0.0213  0.0211  0.0210
   -1.5944   -1.2911   -3.0965   -7.5808   -9.3421   -8.4894
    5.6074    2.6756   -5.6076   12.3285    0.4344  -16.7044
eta,q 0.97921 11.56772

---------------------------------------------------------------------
compute_vox2vox talsrcimg talsrcimg_to_711-2C_as_mni_average_305_t4 /opt/freesurfer/average/711-2C_as_mni_average_305
---------------------------------------------------------------------

freesurfer compute_vox2vox.c
Reading: talsrcimg.4dfp.ifh
Reading: talsrcimg_to_711-2C_as_mni_average_305_t4
Reading: /opt/freesurfer/average/711-2C_as_mni_average_305.4dfp.ifh
Writing: talsrcimg_to_711-2C_as_mni_average_305_t4_vox2vox.txt

start time Mon Mar 9 08:12:36 CET 2026
end		time Mon Mar 9 08:12:49 CET 2026

mpr2mni305 success

avi2talxfm orig_nu.mgz /opt/freesurfer/average/mni305.cor.mgz talsrcimg_to_711-2C_as_mni_average_305_t4_vox2vox.txt transforms/talairach.auto.xfm
avi2talxfm done
mv -f /out/sourcedata/freesurfer/sub-v1s20x0050330_ses-1/mri/talsrcimg_to_711-2C_as_mni_average_305_t4_vox2vox.txt /out/sourcedata/freesurfer/sub-v1s20x0050330_ses-1/mri/transforms/talsrcimg_to_711-2C_as_mni_average_305_t4_vox2vox.txt
lta_convert --src orig_nu.mgz --trg /opt/freesurfer/average/mni305.cor.mgz --inxfm transforms/talairach.auto.xfm --outlta transforms/talairach.auto.xfm.lta --subject fsaverage
7.3.2

--src: orig_nu.mgz src image (geometry).
--trg: /opt/freesurfer/average/mni305.cor.mgz trg image (geometry).
--inmni: transforms/talairach.auto.xfm input MNI/XFM transform.
--outlta: transforms/talairach.auto.xfm.lta output LTA.
--s: fsaverage subject name
 LTA read, type : 1
 1.07784  -0.02199  -0.07072   1.05875;
 0.00688   1.06616   0.19602   2.95788;
 0.06573  -0.14635   1.07202   0.17924;
 0.00000   0.00000   0.00000   1.00000;
setting subject to fsaverage
Writing  LTA to file transforms/talairach.auto.xfm.lta...
lta_convert successful.
 
 
Started at Mon Mar 9 08:12:36 CET 2026
Ended   at Mon Mar  9 08:12:50 CET 2026
talairach_avi done
