/out/sourcedata/freesurfer/sub-v1s20x0050321_ses-1/mri
/opt/freesurfer/bin/talairach_avi
--i orig_nu.mgz --xfm transforms/talairach.auto.xfm
talairach_avi 7.3.2
Linux dna069 5.14.0-427.37.1.el9_4.x86_64 #1 SMP PREEMPT_DYNAMIC Fri Sep 13 12:41:50 EDT 2024 x86_64 x86_64 x86_64 GNU/Linux
Thu Mar 12 17:59:26 CET 2026
mri_convert orig_nu.mgz talsrcimg.img 
reading from orig_nu.mgz...
TR=0.00, TE=0.00, TI=0.00, flip angle=0.00
i_ras = (-1, 0, 0)
j_ras = (0, 0, -1)
k_ras = (0, 1, 0)
writing to talsrcimg.img...
Analyze Output Matrix
-1.00000   0.00000   0.00000   129.50781;
 0.00000   0.00000   1.00000  -128.49219;
 0.00000  -1.00000   0.00000   129.60004;
 0.00000   0.00000   0.00000   1.00000;
--------------------
INFO: set hdr.hist.orient to -1
mpr2mni305 talsrcimg
Thu Mar 12 17:59:27 CET 2026
/opt/freesurfer/bin/mpr2mni305 talsrcimg
mpr2mni305 7.3.2
target=711-2C_as_mni_average_305

---------------------------------------------------------------------
analyzeto4dfp talsrcimg -O0 -y
---------------------------------------------------------------------

freesurfer ifh2hdr.c
Thu Mar 12 17:59:27 2026
Writing: talsrcimg.4dfp.hdr
freesurfer analyzeto4dfp.c
Reading: talsrcimg.hdr
header size 348 bytes
hdr.dime.datatype	offset=70	value=2
hdr.dime.bitpix		offset=72	value=8
hdr.hist.orient		offset=252	value=-1
dimensionality     4
dimensions       256       256       256         1
Reading: talsrcimg.img
Writing: talsrcimg.4dfp.img
Writing: talsrcimg.4dfp.ifh
ifh2hdr talsrcimg -r0to236
ori=2

---------------------------------------------------------------------
gauss_4dfp talsrcimg 1.1
---------------------------------------------------------------------

freesurfer gauss_4dfp.c
Reading: talsrcimg.4dfp.img
Writing: talsrcimg_g11.4dfp.img
image dimensions 256 256 256 padded to 288 288 288
processing volume 1freesurfer ifh2hdr.c
Thu Mar 12 17:59:28 2026
Writing: talsrcimg_g11.4dfp.hdr

Writing: talsrcimg_g11.4dfp.ifh
including: talsrcimg.4dfp.img.rec in talsrcimg_g11.4dfp.img.rec

---------------------------------------------------------------------
imgreg_4dfp /opt/freesurfer/average/711-2C_as_mni_average_305 none talsrcimg_g11 none talsrcimg_to_711-2C_as_mni_average_305_t4 4355
---------------------------------------------------------------------

freesurfer imgreg_4dfp.c
/opt/freesurfer/average/711-2C_as_mni_average_305.4dfp.img
       256       256       256         1
  1.000000  1.000000  1.000000
orientation T byte_order littleendian
Reading image: /opt/freesurfer/average/711-2C_as_mni_average_305.4dfp.img
dimensions:      256       256       256
mmppix:       1.0000   -1.0000   -1.0000
center:     128.0000 -129.0000 -129.0000
talsrcimg_g11.4dfp.img
       256       256       256         1
  1.000000  1.000000  1.000000
orientation T byte_order littleendian
Reading image: talsrcimg_g11.4dfp.img
dimensions:      256       256       256
mmppix:       1.0000   -1.0000   -1.0000
center:     128.0000 -129.0000 -129.0000
t4_read: open error in t4_sub.f l:  41 t4_file(1:l)talsrcimg_to_711-2C_as_mni_average_305_t4 
t4_read: transform initialized to I4
rotation matrix determinant  1.000000
image alignment mode   4355 decimal     1103 hex
   -7.5000  -45.0000  -45.0000 7933.0298   19.9138
    0.0000  -45.0000  -45.0000 8337.8213   19.9044
    7.5000  -45.0000  -45.0000 7921.1885   19.8870
   -7.5000  -37.5000  -45.0000 8438.9277   19.9101
    0.0000  -37.5000  -45.0000 8860.9189   19.9018
    7.5000  -37.5000  -45.0000 8414.7139   19.8884
   -7.5000  -30.0000  -45.0000 9188.1240   19.9595
    0.0000  -30.0000  -45.0000 9666.3379   19.9536
    7.5000  -30.0000  -45.0000 9161.3359   19.9395
   -7.5000  -22.5000  -45.0000 9843.0781   20.0192
    0.0000  -22.5000  -45.000010363.4062   20.0159
    7.5000  -22.5000  -45.0000 9796.2539   19.9956
   -7.5000  -15.0000  -45.000010446.8848   20.0302
    0.0000  -15.0000  -45.000010999.1602   20.0276
    7.5000  -15.0000  -45.000010403.2529   20.0022
   -7.5000   -7.5000  -45.000011070.9502   19.9740
    0.0000   -7.5000  -45.000011652.9385   19.9676
    7.5000   -7.5000  -45.000011055.3604   19.9445
   -7.5000    0.0000  -45.000011607.9971   19.9138
    0.0000    0.0000  -45.000012203.4424   19.9044
    7.5000    0.0000  -45.000011579.9453   19.8870
   -7.5000    7.5000  -45.000011316.9922   19.9101
    0.0000    7.5000  -45.000011911.2168   19.9018
    7.5000    7.5000  -45.000011283.6650   19.8884
   -7.5000   15.0000  -45.000010878.5137   19.9595
    0.0000   15.0000  -45.000011462.7754   19.9536
    7.5000   15.0000  -45.000010824.8301   19.9395
   -7.5000   22.5000  -45.000010178.1201   20.0165
    0.0000   22.5000  -45.000010718.4678   20.0132
    7.5000   22.5000  -45.000010115.2910   19.9929
   -7.5000   30.0000  -45.0000 9327.9141   19.7633
    0.0000   30.0000  -45.0000 9820.9717   19.7607
    7.5000   30.0000  -45.0000 9270.1924   19.7356
   -7.5000   37.5000  -45.0000 8861.6621   19.7079
    0.0000   37.5000  -45.0000 9326.8174   19.7015
    7.5000   37.5000  -45.0000 8784.0703   19.6787
   -7.5000   45.0000  -45.0000 8083.9673   19.1495
    0.0000   45.0000  -45.0000 8511.1963   19.1404
    7.5000   45.0000  -45.0000 8006.9951   19.1237
   -7.5000  -45.0000  -37.5000 8468.2627   19.7804
    0.0000  -45.0000  -37.5000 8890.0469   19.7798
    7.5000  -45.0000  -37.5000 8457.7725   19.7534
   -7.5000  -37.5000  -37.5000 9015.7637   19.7731
    0.0000  -37.5000  -37.5000 9465.8652   19.7778
    7.5000  -37.5000  -37.5000 9004.3125   19.7598
   -7.5000  -30.0000  -37.5000 9812.0439   19.8149
    0.0000  -30.0000  -37.500010317.5000   19.8185
    7.5000  -30.0000  -37.5000 9794.4121   19.8017
   -7.5000  -22.5000  -37.500010501.3213   19.8708
    0.0000  -22.5000  -37.500011028.1436   19.8685
    7.5000  -22.5000  -37.500010456.4492   19.8426
   -7.5000  -15.0000  -37.500011132.1699   19.8841
    0.0000  -15.0000  -37.500011680.8936   19.8767
    7.5000  -15.0000  -37.500011094.0039   19.8416
   -7.5000   -7.5000  -37.500011777.0977   19.8354
    0.0000   -7.5000  -37.500012373.3252   19.8287
    7.5000   -7.5000  -37.500011734.9355   19.7941
   -7.5000    0.0000  -37.500012352.0713   19.7804
    0.0000    0.0000  -37.500012970.6895   19.7798
    7.5000    0.0000  -37.500012308.6611   19.7534
   -7.5000    7.5000  -37.500012043.8682   19.7731
    0.0000    7.5000  -37.500012668.1865   19.7778
    7.5000    7.5000  -37.500011996.0742   19.7598
   -7.5000   15.0000  -37.500011547.8154   19.8149
    0.0000   15.0000  -37.500012146.6025   19.8185
    7.5000   15.0000  -37.500011489.8721   19.8017
   -7.5000   22.5000  -37.500010751.4834   19.8681
    0.0000   22.5000  -37.500011294.9746   19.8657
    7.5000   22.5000  -37.500010683.2510   19.8399
   -7.5000   30.0000  -37.5000 9803.3838   19.6191
    0.0000   30.0000  -37.500010300.9414   19.6118
    7.5000   30.0000  -37.5000 9741.6777   19.5772
   -7.5000   37.5000  -37.5000 9298.5557   19.5711
    0.0000   37.5000  -37.5000 9773.3740   19.5644
    7.5000   37.5000  -37.5000 9241.5664   19.5304
   -7.5000   45.0000  -37.5000 8440.8008   19.0212
    0.0000   45.0000  -37.5000 8884.5820   19.0206
    7.5000   45.0000  -37.5000 8377.7354   18.9952
   -7.5000  -45.0000  -30.0000 9202.7266   20.6039
    0.0000  -45.0000  -30.0000 9649.7324   20.6113
    7.5000  -45.0000  -30.0000 9187.5078   20.5885
   -7.5000  -37.5000  -30.0000 9789.3047   20.5973
    0.0000  -37.5000  -30.000010262.2588   20.6120
    7.5000  -37.5000  -30.0000 9787.5088   20.5951
   -7.5000  -30.0000  -30.000010648.2607   20.6410
    0.0000  -30.0000  -30.000011145.8730   20.6515
    7.5000  -30.0000  -30.000010641.2637   20.6303
   -7.5000  -22.5000  -30.000011405.1025   20.6983
    0.0000  -22.5000  -30.000011921.2031   20.6969
    7.5000  -22.5000  -30.000011360.4238   20.6640
   -7.5000  -15.0000  -30.000012069.2861   20.7115
    0.0000  -15.0000  -30.000012609.2666   20.7020
    7.5000  -15.0000  -30.000012020.1611   20.6619
   -7.5000   -7.5000  -30.000012735.0576   20.6608
    0.0000   -7.5000  -30.000013350.8262   20.6559
    7.5000   -7.5000  -30.000012679.8076   20.6217
   -7.5000    0.0000  -30.000013341.0605   20.6039
    0.0000    0.0000  -30.000013998.9873   20.6113
    7.5000    0.0000  -30.000013300.8955   20.5885
   -7.5000    7.5000  -30.000012973.5107   20.5973
    0.0000    7.5000  -30.000013615.9121   20.6120
    7.5000    7.5000  -30.000012940.4932   20.5951
   -7.5000   15.0000  -30.000012408.4219   20.6410
    0.0000   15.0000  -30.000013027.1436   20.6515
    7.5000   15.0000  -30.000012371.8799   20.6303
   -7.5000   22.5000  -30.000011545.8564   20.6933
    0.0000   22.5000  -30.000012066.7686   20.6919
    7.5000   22.5000  -30.000011460.9209   20.6591
   -7.5000   30.0000  -30.000010484.9717   20.4375
    0.0000   30.0000  -30.000010973.4883   20.4281
    7.5000   30.0000  -30.000010435.1016   20.3885
   -7.5000   37.5000  -30.0000 9925.0371   20.3874
    0.0000   37.5000  -30.000010407.0498   20.3826
    7.5000   37.5000  -30.0000 9887.8506   20.3489
   -7.5000   45.0000  -30.0000 8983.2217   19.8277
    0.0000   45.0000  -30.0000 9426.3691   19.8348
    7.5000   45.0000  -30.0000 8931.1865   19.8129
   -7.5000  -45.0000  -22.5000 9948.3965   21.3254
    0.0000  -45.0000  -22.500010416.7354   21.3301
    7.5000  -45.0000  -22.5000 9936.5938   21.3229
   -7.5000  -37.5000  -22.500010581.6201   21.3218
    0.0000  -37.5000  -22.500011056.6865   21.3303
    7.5000  -37.5000  -22.500010568.4844   21.3214
   -7.5000  -30.0000  -22.500011531.5391   21.3736
    0.0000  -30.0000  -22.500012003.9902   21.3779
    7.5000  -30.0000  -22.500011479.5830   21.3565
   -7.5000  -22.5000  -22.500012328.5264   21.4357
    0.0000  -22.5000  -22.500012849.7021   21.4320
    7.5000  -22.5000  -22.500012261.0566   21.3991
   -7.5000  -15.0000  -22.500013023.2314   21.4478
    0.0000  -15.0000  -22.500013618.8779   21.4402
    7.5000  -15.0000  -22.500012958.9062   21.4068
   -7.5000   -7.5000  -22.500013698.3311   21.3893
    0.0000   -7.5000  -22.500014402.4492   21.3858
    7.5000   -7.5000  -22.500013658.9971   21.3658
   -7.5000    0.0000  -22.500014310.4639   21.3254
    0.0000    0.0000  -22.500015021.5918   21.3301
    7.5000    0.0000  -22.500014284.9326   21.3229
   -7.5000    7.5000  -22.500013860.7227   21.3218
    0.0000    7.5000  -22.500014526.0459   21.3303
    7.5000    7.5000  -22.500013831.4863   21.3214
   -7.5000   15.0000  -22.500013219.3623   21.3736
    0.0000   15.0000  -22.500013846.7588   21.3779
    7.5000   15.0000  -22.500013192.6895   21.3565
   -7.5000   22.5000  -22.500012284.8848   21.4291
    0.0000   22.5000  -22.500012815.9785   21.4254
    7.5000   22.5000  -22.500012240.5146   21.3925
   -7.5000   30.0000  -22.500011182.2070   21.1673
    0.0000   30.0000  -22.500011670.5244   21.1597
    7.5000   30.0000  -22.500011164.6318   21.1268
   -7.5000   37.5000  -22.500010555.3643   21.1095
    0.0000   37.5000  -22.500011042.0156   21.1061
    7.5000   37.5000  -22.500010537.9336   21.0863
   -7.5000   45.0000  -22.5000 9491.0498   20.5374
    0.0000   45.0000  -22.5000 9949.2881   20.5419
    7.5000   45.0000  -22.5000 9456.9551   20.5350
   -7.5000  -45.0000  -15.000010666.0635   21.8594
    0.0000  -45.0000  -15.000011185.7314   21.8555
    7.5000  -45.0000  -15.000010689.2393   21.8604
   -7.5000  -37.5000  -15.000011329.7871   21.8581
    0.0000  -37.5000  -15.000011876.4922   21.8527
    7.5000  -37.5000  -15.000011331.7705   21.8507
   -7.5000  -30.0000  -15.000012349.1045   21.9181
    0.0000  -30.0000  -15.000012896.9023   21.9109
    7.5000  -30.0000  -15.000012313.2168   21.8936
   -7.5000  -22.5000  -15.000013195.8018   21.9860
    0.0000  -22.5000  -15.000013803.1230   21.9796
    7.5000  -22.5000  -15.000013134.0957   21.9529
   -7.5000  -15.0000  -15.000013951.7988   21.9971
    0.0000  -15.0000  -15.000014687.5811   21.9937
    7.5000  -15.0000  -15.000013882.8975   21.9710
   -7.5000   -7.5000  -15.000014653.9082   21.9306
    0.0000   -7.5000  -15.000015458.0469   21.9277
    7.5000   -7.5000  -15.000014636.1250   21.9212
   -7.5000    0.0000  -15.000015254.3760   21.8594
    0.0000    0.0000  -15.000016046.1973   21.8555
    7.5000    0.0000  -15.000015261.5967   21.8604
   -7.5000    7.5000  -15.000014721.0469   21.8581
    0.0000    7.5000  -15.000015448.0010   21.8527
    7.5000    7.5000  -15.000014712.0879   21.8507
   -7.5000   15.0000  -15.000014029.5244   21.9181
    0.0000   15.0000  -15.000014665.5049   21.9109
    7.5000   15.0000  -15.000014009.9102   21.8936
   -7.5000   22.5000  -15.000013007.3506   21.9782
    0.0000   22.5000  -15.000013586.0527   21.9719
    7.5000   22.5000  -15.000013000.6318   21.9451
   -7.5000   30.0000  -15.000011861.1484   21.7125
    0.0000   30.0000  -15.000012388.3418   21.7091
    7.5000   30.0000  -15.000011862.9824   21.6867
   -7.5000   37.5000  -15.000011189.5977   21.6467
    0.0000   37.5000  -15.000011701.3623   21.6439
    7.5000   37.5000  -15.000011191.3896   21.6375
   -7.5000   45.0000  -15.000010037.8848   21.0644
    0.0000   45.0000  -15.000010515.5586   21.0606
    7.5000   45.0000  -15.000010004.3877   21.0654
   -7.5000  -45.0000   -7.500011422.4561   22.1239
    0.0000  -45.0000   -7.500011995.3877   22.1129
    7.5000  -45.0000   -7.500011421.4287   22.1111
   -7.5000  -37.5000   -7.500012092.6494   22.1224
    0.0000  -37.5000   -7.500012703.9736   22.1087
    7.5000  -37.5000   -7.500012088.2861   22.1031
   -7.5000  -30.0000   -7.500013163.4248   22.1821
    0.0000  -30.0000   -7.500013794.9463   22.1701
    7.5000  -30.0000   -7.500013142.6602   22.1551
   -7.5000  -22.5000   -7.500014092.3877   22.2500
    0.0000  -22.5000   -7.500014816.6455   22.2441
    7.5000  -22.5000   -7.500014042.8682   22.2223
   -7.5000  -15.0000   -7.500014866.8857   22.2610
    0.0000  -15.0000   -7.500015783.5244   22.2601
    7.5000  -15.0000   -7.500014842.7002   22.2399
   -7.5000   -7.5000   -7.500015594.8223   22.1945
    0.0000   -7.5000   -7.500016479.2285   22.1901
    7.5000   -7.5000   -7.500015597.0254   22.1805
   -7.5000    0.0000   -7.500016228.0469   22.1239
    0.0000    0.0000   -7.500017081.0312   22.1129
    7.5000    0.0000   -7.500016258.5596   22.1111
   -7.5000    7.5000   -7.500015690.8916   22.1224
    0.0000    7.5000   -7.500016474.6895   22.1087
    7.5000    7.5000   -7.500015668.1455   22.1031
   -7.5000   15.0000   -7.500014911.6064   22.1821
    0.0000   15.0000   -7.500015601.8643   22.1701
    7.5000   15.0000   -7.500014860.1299   22.1551
   -7.5000   22.5000   -7.500013824.6406   22.2397
    0.0000   22.5000   -7.500014473.6982   22.2338
    7.5000   22.5000   -7.500013806.6396   22.2120
   -7.5000   30.0000   -7.500012623.6357   21.9723
    0.0000   30.0000   -7.500013234.8799   21.9714
    7.5000   30.0000   -7.500012635.3906   21.9514
   -7.5000   37.5000   -7.500011886.9834   21.9067
    0.0000   37.5000   -7.500012486.3467   21.9024
    7.5000   37.5000   -7.500011891.7451   21.8928
   -7.5000   45.0000   -7.500010634.2852   21.3233
    0.0000   45.0000   -7.500011163.7881   21.3127
    7.5000   45.0000   -7.500010615.5752   21.3109
   -7.5000  -45.0000    0.000012071.5068   22.1562
    0.0000  -45.0000    0.000012703.0195   22.1452
    7.5000  -45.0000    0.000012058.4609   22.1260
   -7.5000  -37.5000    0.000012774.0234   22.1511
    0.0000  -37.5000    0.000013431.1143   22.1412
    7.5000  -37.5000    0.000012728.9707   22.1263
   -7.5000  -30.0000    0.000013916.5420   22.2036
    0.0000  -30.0000    0.000014616.6924   22.1962
    7.5000  -30.0000    0.000013847.0488   22.1805
   -7.5000  -22.5000    0.000014979.6768   22.2685
    0.0000  -22.5000    0.000015922.9727   22.2640
    7.5000  -22.5000    0.000014946.3281   22.2415
   -7.5000  -15.0000    0.000015882.2705   22.2814
    0.0000  -15.0000    0.000017016.7773   22.2779
    7.5000  -15.0000    0.000015898.2744   22.2498
   -7.5000   -7.5000    0.000016588.2012   22.2216
    0.0000   -7.5000    0.000017648.7754   22.2140
    7.5000   -7.5000    0.000016633.6543   22.1883
   -7.5000    0.0000    0.000017209.1328   22.1562
    0.0000    0.0000    0.000018184.0879   22.1452
    7.5000    0.0000    0.000017255.0977   22.1260
   -7.5000    7.5000    0.000016624.7461   22.1511
    0.0000    7.5000    0.000017527.6387   22.1412
    7.5000    7.5000    0.000016589.5293   22.1263
   -7.5000   15.0000    0.000015771.1816   22.2036
    0.0000   15.0000    0.000016609.3301   22.1962
    7.5000   15.0000    0.000015684.8711   22.1805
   -7.5000   22.5000    0.000014628.5107   22.2582
    0.0000   22.5000    0.000015387.0586   22.2538
    7.5000   22.5000    0.000014544.0625   22.2313
   -7.5000   30.0000    0.000013349.4717   21.9931
    0.0000   30.0000    0.000014072.4072   21.9896
    7.5000   30.0000    0.000013323.1953   21.9618
   -7.5000   37.5000    0.000012586.8789   21.9340
    0.0000   37.5000    0.000013255.4561   21.9265
    7.5000   37.5000    0.000012553.6846   21.9012
   -7.5000   45.0000    0.000011230.7881   21.3561
    0.0000   45.0000    0.000011782.9287   21.3454
    7.5000   45.0000    0.000011170.9121   21.3269
   -7.5000  -45.0000    7.500011780.2119   22.1347
    0.0000  -45.0000    7.500012473.3760   22.1340
    7.5000  -45.0000    7.500011798.2090   22.1045
   -7.5000  -37.5000    7.500012474.0811   22.1265
    0.0000  -37.5000    7.500013153.3818   22.1318
    7.5000  -37.5000    7.500012453.9326   22.1117
   -7.5000  -30.0000    7.500013620.9990   22.1733
    0.0000  -30.0000    7.500014420.4531   22.1773
    7.5000  -30.0000    7.500013584.4414   22.1585
   -7.5000  -22.5000    7.500014735.8887   22.2359
    0.0000  -22.5000    7.500016021.3301   22.2332
    7.5000  -22.5000    7.500014780.3027   22.2043
   -7.5000  -15.0000    7.500015727.8262   22.2507
    0.0000  -15.0000    7.500017121.7285   22.2425
    7.5000  -15.0000    7.500015789.5361   22.2032
   -7.5000   -7.5000    7.500016447.2812   22.1963
    0.0000   -7.5000    7.500017649.5742   22.1887
    7.5000   -7.5000    7.500016462.0488   22.1501
   -7.5000    0.0000    7.500017004.9785   22.1347
    0.0000    0.0000    7.500018111.5234   22.1340
    7.5000    0.0000    7.500016956.3965   22.1045
   -7.5000    7.5000    7.500016342.9092   22.1265
    0.0000    7.5000    7.500017355.0957   22.1318
    7.5000    7.5000    7.500016266.8105   22.1117
   -7.5000   15.0000    7.500015429.4492   22.1733
    0.0000   15.0000    7.500016326.3643   22.1773
    7.5000   15.0000    7.500015321.3945   22.1585
   -7.5000   22.5000    7.500014282.8594   22.2256
    0.0000   22.5000    7.500015067.5752   22.2230
    7.5000   22.5000    7.500014158.5859   22.1941
   -7.5000   30.0000    7.500013018.6807   21.9628
    0.0000   30.0000    7.500013757.4189   21.9546
    7.5000   30.0000    7.500012938.1299   21.9158
   -7.5000   37.5000    7.500012254.2803   21.9090
    0.0000   37.5000    7.500012947.1992   21.9015
    7.5000   37.5000    7.500012197.5000   21.8634
   -7.5000   45.0000    7.500010926.4219   21.3353
    0.0000   45.0000    7.500011531.5400   21.3346
    7.5000   45.0000    7.500010869.6738   21.3062
   -7.5000  -45.0000   15.000011341.2070   22.1252
    0.0000  -45.0000   15.000012015.0166   22.1331
    7.5000  -45.0000   15.000011349.9326   22.1087
   -7.5000  -37.5000   15.000011997.6709   22.1181
    0.0000  -37.5000   15.000012685.8877   22.1339
    7.5000  -37.5000   15.000011981.1240   22.1157
   -7.5000  -30.0000   15.000013067.3711   22.1651
    0.0000  -30.0000   15.000013938.8262   22.1763
    7.5000  -30.0000   15.000013067.6152   22.1536
   -7.5000  -22.5000   15.000014078.6865   22.2266
    0.0000  -22.5000   15.000015273.2988   22.2250
    7.5000  -22.5000   15.000014143.6191   22.1898
   -7.5000  -15.0000   15.000014945.3955   22.2408
    0.0000  -15.0000   15.000016146.9736   22.2306
    7.5000  -15.0000   15.000014944.4600   22.1875
   -7.5000   -7.5000   15.000015704.6221   22.1863
    0.0000   -7.5000   15.000016916.7324   22.1811
    7.5000   -7.5000   15.000015627.9385   22.1444
   -7.5000    0.0000   15.000016377.1338   22.1252
    0.0000    0.0000   15.000017642.8203   22.1331
    7.5000    0.0000   15.000016294.8379   22.1087
   -7.5000    7.5000   15.000015722.6328   22.1181
    0.0000    7.5000   15.000016861.5664   22.1339
    7.5000    7.5000   15.000015647.2275   22.1157
   -7.5000   15.0000   15.000014812.3340   22.1651
    0.0000   15.0000   15.000015783.7139   22.1763
    7.5000   15.0000   15.000014720.9648   22.1536
   -7.5000   22.5000   15.000013694.6514   22.2163
    0.0000   22.5000   15.000014514.0664   22.2148
    7.5000   22.5000   15.000013609.1592   22.1795
   -7.5000   30.0000   15.000012503.5986   21.9529
    0.0000   30.0000   15.000013245.4629   21.9429
    7.5000   30.0000   15.000012464.3496   21.9004
   -7.5000   37.5000   15.000011780.9033   21.8992
    0.0000   37.5000   15.000012445.6309   21.8940
    7.5000   37.5000   15.000011752.9971   21.8578
   -7.5000   45.0000   15.000010506.5713   21.3261
    0.0000   45.0000   15.000011052.5469   21.3338
    7.5000   45.0000   15.000010473.6846   21.3102
   -7.5000  -45.0000   22.500010756.1641   22.1376
    0.0000  -45.0000   22.500011352.3047   22.1424
    7.5000  -45.0000   22.500010777.7891   22.1350
   -7.5000  -37.5000   22.500011399.6514   22.1338
    0.0000  -37.5000   22.500012014.0693   22.1427
    7.5000  -37.5000   22.500011377.6543   22.1334
   -7.5000  -30.0000   22.500012426.3799   22.1876
    0.0000  -30.0000   22.500013190.8262   22.1921
    7.5000  -30.0000   22.500012441.5303   22.1699
   -7.5000  -22.5000   22.500013345.5371   22.2521
    0.0000  -22.5000   22.500014237.5742   22.2482
    7.5000  -22.5000   22.500013387.3105   22.2140
   -7.5000  -15.0000   22.500014157.7578   22.2646
    0.0000  -15.0000   22.500014974.5830   22.2567
    7.5000  -15.0000   22.500014121.8945   22.2220
   -7.5000   -7.5000   22.500014921.3428   22.2039
    0.0000   -7.5000   22.500015839.7939   22.2003
    7.5000   -7.5000   22.500014868.4912   22.1795
   -7.5000    0.0000   22.500015576.6650   22.1376
    0.0000    0.0000   22.500016654.6816   22.1424
    7.5000    0.0000   22.500015576.2500   22.1350
   -7.5000    7.5000   22.500014991.7637   22.1338
    0.0000    7.5000   22.500015989.1689   22.1427
    7.5000    7.5000   22.500014992.9092   22.1334
   -7.5000   15.0000   22.500014114.2139   22.1876
    0.0000   15.0000   22.500014959.7832   22.1921
    7.5000   15.0000   22.500014075.8584   22.1699
   -7.5000   22.5000   22.500012998.9961   22.2418
    0.0000   22.5000   22.500013757.1836   22.2380
    7.5000   22.5000   22.500012958.5000   22.2038
   -7.5000   30.0000   22.500011850.2119   21.9765
    0.0000   30.0000   22.500012554.3877   21.9686
    7.5000   30.0000   22.500011827.8984   21.9344
   -7.5000   37.5000   22.500011154.4404   21.9165
    0.0000   37.5000   22.500011793.7607   21.9130
    7.5000   37.5000   22.500011115.3838   21.8924
   -7.5000   45.0000   22.5000 9918.9570   21.3381
    0.0000   45.0000   22.500010453.9707   21.3427
    7.5000   45.0000   22.5000 9875.6855   21.3356
   -7.5000  -45.0000   30.000010082.5635   22.2202
    0.0000  -45.0000   30.000010565.5020   22.2163
    7.5000  -45.0000   30.000010087.0176   22.2212
   -7.5000  -37.5000   30.000010660.6367   22.2187
    0.0000  -37.5000   30.000011194.6934   22.2132
    7.5000  -37.5000   30.000010673.8936   22.2109
   -7.5000  -30.0000   30.000011595.8457   22.2799
    0.0000  -30.0000   30.000012237.9453   22.2724
    7.5000  -30.0000   30.000011643.1943   22.2544
   -7.5000  -22.5000   30.000012434.9824   22.3492
    0.0000  -22.5000   30.000013113.4453   22.3426
    7.5000  -22.5000   30.000012463.2939   22.3151
   -7.5000  -15.0000   30.000013158.3574   22.3608
    0.0000  -15.0000   30.000013805.3984   22.3572
    7.5000  -15.0000   30.000013152.7920   22.3339
   -7.5000   -7.5000   30.000013891.3584   22.2929
    0.0000   -7.5000   30.000014603.3584   22.2900
    7.5000   -7.5000   30.000013887.4395   22.2833
   -7.5000    0.0000   30.000014561.1279   22.2202
    0.0000    0.0000   30.000015382.8525   22.2163
    7.5000    0.0000   30.000014575.5859   22.2212
   -7.5000    7.5000   30.000014062.9990   22.2187
    0.0000    7.5000   30.000014820.6670   22.2132
    7.5000    7.5000   30.000014065.5283   22.2109
   -7.5000   15.0000   30.000013237.8262   22.2799
    0.0000   15.0000   30.000013923.5615   22.2724
    7.5000   15.0000   30.000013208.9092   22.2544
   -7.5000   22.5000   30.000012167.3848   22.3389
    0.0000   22.5000   30.000012803.5645   22.3323
    7.5000   22.5000   30.000012155.7910   22.3048
   -7.5000   30.0000   30.000011071.5674   22.0714
    0.0000   30.0000   30.000011682.6846   22.0679
    7.5000   30.0000   30.000011076.4004   22.0449
   -7.5000   37.5000   30.000010377.1221   22.0044
    0.0000   37.5000   30.000010923.5342   22.0016
    7.5000   37.5000   30.000010366.9668   21.9949
   -7.5000   45.0000   30.0000 9231.6230   21.4177
    0.0000   45.0000   30.0000 9701.2520   21.4140
    7.5000   45.0000   30.0000 9214.4482   21.4186
   -7.5000  -45.0000   37.5000 9701.8477   22.3936
    0.0000  -45.0000   37.500010152.9375   22.3824
    7.5000  -45.0000   37.5000 9721.0303   22.3812
   -7.5000  -37.5000   37.500010248.8037   22.3916
    0.0000  -37.5000   37.500010715.3213   22.3776
    7.5000  -37.5000   37.500010265.5830   22.3721
   -7.5000  -30.0000   37.500011137.1465   22.4513
    0.0000  -30.0000   37.500011665.6777   22.4388
    7.5000  -30.0000   37.500011152.9443   22.4235
   -7.5000  -22.5000   37.500011925.0693   22.5200
    0.0000  -22.5000   37.500012486.5215   22.5137
    7.5000  -22.5000   37.500011923.7510   22.4913
   -7.5000  -15.0000   37.500012597.5957   22.5317
    0.0000  -15.0000   37.500013173.9697   22.5307
    7.5000  -15.0000   37.500012591.8887   22.5100
   -7.5000   -7.5000   37.500013263.9004   22.4649
    0.0000   -7.5000   37.500013887.6738   22.4605
    7.5000   -7.5000   37.500013254.6729   22.4510
   -7.5000    0.0000   37.500013928.0635   22.3936
    0.0000    0.0000   37.500014587.2939   22.3824
    7.5000    0.0000   37.500013897.8848   22.3812
   -7.5000    7.5000   37.500013506.3877   22.3916
    0.0000    7.5000   37.500014150.4639   22.3776
    7.5000    7.5000   37.500013477.4326   22.3721
   -7.5000   15.0000   37.500012737.4951   22.4513
    0.0000   15.0000   37.500013346.8037   22.4388
    7.5000   15.0000   37.500012711.3652   22.4235
   -7.5000   22.5000   37.500011704.2871   22.5096
    0.0000   22.5000   37.500012293.5625   22.5033
    7.5000   22.5000   37.500011711.0078   22.4810
   -7.5000   30.0000   37.500010643.0068   22.2401
    0.0000   30.0000   37.500011190.1719   22.2391
    7.5000   30.0000   37.500010663.7256   22.2187
   -7.5000   37.5000   37.5000 9940.2471   22.1742
    0.0000   37.5000   37.500010448.8926   22.1698
    7.5000   37.5000   37.5000 9953.5469   22.1605
   -7.5000   45.0000   37.5000 8832.5693   21.5848
    0.0000   45.0000   37.5000 9275.8945   21.5741
    7.5000   45.0000   37.5000 8830.4258   21.5728
   -7.5000  -45.0000   45.0000 8917.1826   22.6325
    0.0000  -45.0000   45.0000 9283.3984   22.6224
    7.5000  -45.0000   45.0000 8925.1631   22.6006
   -7.5000  -37.5000   45.0000 9401.9043   22.6214
    0.0000  -37.5000   45.0000 9772.6631   22.6119
    7.5000  -37.5000   45.0000 9399.0596   22.5947
   -7.5000  -30.0000   45.000010221.3770   22.6707
    0.0000  -30.0000   45.000010640.4014   22.6626
    7.5000  -30.0000   45.000010215.3135   22.6447
   -7.5000  -22.5000   45.000010931.6982   22.7391
    0.0000  -22.5000   45.000011379.5928   22.7334
    7.5000  -22.5000   45.000010909.3857   22.7084
   -7.5000  -15.0000   45.000011528.0547   22.7582
    0.0000  -15.0000   45.000012012.5908   22.7539
    7.5000  -15.0000   45.000011502.2754   22.7229
   -7.5000   -7.5000   45.000012115.3691   22.7007
    0.0000   -7.5000   45.000012627.9414   22.6933
    7.5000   -7.5000   45.000012081.3730   22.6650
   -7.5000    0.0000   45.000012695.0342   22.6325
    0.0000    0.0000   45.000013264.1787   22.6224
    7.5000    0.0000   45.000012657.2734   22.6006
   -7.5000    7.5000   45.000012348.8535   22.6214
    0.0000    7.5000   45.000012897.1406   22.6119
    7.5000    7.5000   45.000012310.3193   22.5947
   -7.5000   15.0000   45.000011645.6963   22.6707
    0.0000   15.0000   45.000012192.0098   22.6626
    7.5000   15.0000   45.000011613.0273   22.6447
   -7.5000   22.5000   45.000010696.9268   22.7286
    0.0000   22.5000   45.000011242.9521   22.7228
    7.5000   22.5000   45.000010700.2715   22.6979
   -7.5000   30.0000   45.0000 9722.3779   22.4617
    0.0000   30.0000   45.000010246.1094   22.4574
    7.5000   30.0000   45.0000 9733.0303   22.4269
   -7.5000   37.5000   45.0000 9085.8018   22.4050
    0.0000   37.5000   45.0000 9568.7109   22.3977
    7.5000   37.5000   45.0000 9081.7041   22.3697
   -7.5000   45.0000   45.0000 8097.1880   21.8250
    0.0000   45.0000   45.0000 8488.4434   21.8152
    7.5000   45.0000   45.0000 8055.9214   21.7942

---------------------------------------------------------------------
imgreg_4dfp /opt/freesurfer/average/711-2C_as_mni_average_305 /opt/freesurfer/average/711-2B_as_mni_average_305_mask talsrcimg_g11 none talsrcimg_to_711-2C_as_mni_average_305_t4 4355
---------------------------------------------------------------------

freesurfer imgreg_4dfp.c
/opt/freesurfer/average/711-2C_as_mni_average_305.4dfp.img
       256       256       256         1
  1.000000  1.000000  1.000000
orientation T byte_order littleendian
Reading image: /opt/freesurfer/average/711-2C_as_mni_average_305.4dfp.img
dimensions:      256       256       256
mmppix:       1.0000   -1.0000   -1.0000
center:     128.0000 -129.0000 -129.0000
/opt/freesurfer/average/711-2B_as_mni_average_305_mask.4dfp.img
       256       256       256         1
  1.000000  1.000000  1.000000
orientation T byte_order littleendian
Reading mask: /opt/freesurfer/average/711-2B_as_mni_average_305_mask.4dfp.img (2306576 pixels)
talsrcimg_g11.4dfp.img
       256       256       256         1
  1.000000  1.000000  1.000000
orientation T byte_order littleendian
Reading image: talsrcimg_g11.4dfp.img
dimensions:      256       256       256
mmppix:       1.0000   -1.0000   -1.0000
center:     128.0000 -129.0000 -129.0000
rotation matrix determinant  1.000000
image alignment mode   4355 decimal     1103 hex
   -7.5000  -45.0000  -45.0000 2125.2012   23.1473
    0.0000  -45.0000  -45.0000 2136.7139   23.1908
    7.5000  -45.0000  -45.0000 2122.6104   23.2156
   -7.5000  -37.5000  -45.0000 2207.3645   21.3698
    0.0000  -37.5000  -45.0000 2217.1165   21.3736
    7.5000  -37.5000  -45.0000 2204.2805   21.4336
   -7.5000  -30.0000  -45.0000 2265.7097   20.0850
    0.0000  -30.0000  -45.0000 2277.6484   20.0806
    7.5000  -30.0000  -45.0000 2256.4275   20.1351
   -7.5000  -22.5000  -45.0000 2297.8115   19.2077
    0.0000  -22.5000  -45.0000 2315.6799   19.1712
    7.5000  -22.5000  -45.0000 2289.6125   19.2417
   -7.5000  -15.0000  -45.0000 2320.3774   18.7481
    0.0000  -15.0000  -45.0000 2338.3140   18.6975
    7.5000  -15.0000  -45.0000 2312.4268   18.7593
   -7.5000   -7.5000  -45.0000 2332.7949   18.7331
    0.0000   -7.5000  -45.0000 2350.0796   18.6584
    7.5000   -7.5000  -45.0000 2326.7441   18.7405
   -7.5000    0.0000  -45.0000 2310.8298   19.1315
    0.0000    0.0000  -45.0000 2328.5967   19.0913
    7.5000    0.0000  -45.0000 2308.1724   19.1788
   -7.5000    7.5000  -45.0000 2275.8333   19.9773
    0.0000    7.5000  -45.0000 2294.2131   19.8776
    7.5000    7.5000  -45.0000 2274.5828   19.9850
   -7.5000   15.0000  -45.0000 2213.9775   21.1829
    0.0000   15.0000  -45.0000 2231.3540   21.0927
    7.5000   15.0000  -45.0000 2211.4727   21.2270
   -7.5000   22.5000  -45.0000 2133.2051   22.8498
    0.0000   22.5000  -45.0000 2149.9121   22.7440
    7.5000   22.5000  -45.0000 2129.1116   22.8293
   -7.5000   30.0000  -45.0000 2038.7622   24.9764
    0.0000   30.0000  -45.0000 2053.3276   24.8750
    7.5000   30.0000  -45.0000 2033.0713   25.0620
   -7.5000   37.5000  -45.0000 1938.5237   27.8273
    0.0000   37.5000  -45.0000 1948.6813   27.6255
    7.5000   37.5000  -45.0000 1927.3560   27.8045
   -7.5000   45.0000  -45.0000 1818.5153   31.5211
    0.0000   45.0000  -45.0000 1833.6906   31.2513
    7.5000   45.0000  -45.0000 1814.9474   31.5088
   -7.5000  -45.0000  -37.5000 2216.2861   21.3882
    0.0000  -45.0000  -37.5000 2228.1250   21.3979
    7.5000  -45.0000  -37.5000 2214.9829   21.4308
   -7.5000  -37.5000  -37.5000 2307.0901   19.6980
    0.0000  -37.5000  -37.5000 2321.3289   19.7049
    7.5000  -37.5000  -37.5000 2303.6877   19.7484
   -7.5000  -30.0000  -37.5000 2363.4641   18.5420
    0.0000  -30.0000  -37.5000 2381.4150   18.4958
    7.5000  -30.0000  -37.5000 2357.0002   18.5772
   -7.5000  -22.5000  -37.5000 2400.7000   17.7479
    0.0000  -22.5000  -37.5000 2419.7107   17.6650
    7.5000  -22.5000  -37.5000 2392.3374   17.8055
   -7.5000  -15.0000  -37.5000 2422.5662   17.2980
    0.0000  -15.0000  -37.5000 2443.3306   17.2107
    7.5000  -15.0000  -37.5000 2419.7070   17.3495
   -7.5000   -7.5000  -37.5000 2438.1770   17.2582
    0.0000   -7.5000  -37.5000 2456.1182   17.1533
    7.5000   -7.5000  -37.5000 2434.0413   17.2815
   -7.5000    0.0000  -37.5000 2418.9067   17.5819
    0.0000    0.0000  -37.5000 2439.7747   17.4861
    7.5000    0.0000  -37.5000 2415.8376   17.6262
   -7.5000    7.5000  -37.5000 2381.6372   18.3353
    0.0000    7.5000  -37.5000 2402.5054   18.1907
    7.5000    7.5000  -37.5000 2379.8799   18.3719
   -7.5000   15.0000  -37.5000 2317.8748   19.4540
    0.0000   15.0000  -37.5000 2333.2908   19.3013
    7.5000   15.0000  -37.5000 2314.1458   19.4528
   -7.5000   22.5000  -37.5000 2231.4963   20.9330
    0.0000   22.5000  -37.5000 2247.0964   20.7977
    7.5000   22.5000  -37.5000 2228.2932   20.9553
   -7.5000   30.0000  -37.5000 2124.2402   22.9178
    0.0000   30.0000  -37.5000 2140.4250   22.7896
    7.5000   30.0000  -37.5000 2121.9575   22.9527
   -7.5000   37.5000  -37.5000 2016.5980   25.4848
    0.0000   37.5000  -37.5000 2030.7896   25.3316
    7.5000   37.5000  -37.5000 2010.6169   25.4976
   -7.5000   45.0000  -37.5000 1887.5354   28.8886
    0.0000   45.0000  -37.5000 1906.9167   28.6944
    7.5000   45.0000  -37.5000 1886.6320   28.8815
   -7.5000  -45.0000  -30.0000 2344.5637   20.5756
    0.0000  -45.0000  -30.0000 2358.1833   20.5081
    7.5000  -45.0000  -30.0000 2341.7012   20.5843
   -7.5000  -37.5000  -30.0000 2441.5044   18.9569
    0.0000  -37.5000  -30.0000 2456.3792   18.8662
    7.5000  -37.5000  -30.0000 2435.9197   18.9692
   -7.5000  -30.0000  -30.0000 2503.7212   17.7848
    0.0000  -30.0000  -30.0000 2521.3850   17.6679
    7.5000  -30.0000  -30.0000 2499.8679   17.8218
   -7.5000  -22.5000  -30.0000 2549.8547   17.0236
    0.0000  -22.5000  -30.0000 2569.4910   16.8565
    7.5000  -22.5000  -30.0000 2544.1233   17.0492
   -7.5000  -15.0000  -30.0000 2580.1343   16.6214
    0.0000  -15.0000  -30.0000 2595.9863   16.4524
    7.5000  -15.0000  -30.0000 2574.9419   16.6358
   -7.5000   -7.5000  -30.0000 2591.4309   16.5307
    0.0000   -7.5000  -30.0000 2607.9863   16.3792
    7.5000   -7.5000  -30.0000 2586.1655   16.5686
   -7.5000    0.0000  -30.0000 2574.5254   16.7997
    0.0000    0.0000  -30.0000 2594.1340   16.6648
    7.5000    0.0000  -30.0000 2571.9490   16.8326
   -7.5000    7.5000  -30.0000 2531.6768   17.4972
    0.0000    7.5000  -30.0000 2551.2559   17.3038
    7.5000    7.5000  -30.0000 2531.8555   17.5176
   -7.5000   15.0000  -30.0000 2463.2466   18.5396
    0.0000   15.0000  -30.0000 2476.9150   18.3877
    7.5000   15.0000  -30.0000 2460.6501   18.5600
   -7.5000   22.5000  -30.0000 2370.9963   20.0017
    0.0000   22.5000  -30.0000 2384.0178   19.8141
    7.5000   22.5000  -30.0000 2368.4280   20.0154
   -7.5000   30.0000  -30.0000 2252.0991   21.9209
    0.0000   30.0000  -30.0000 2271.8450   21.7104
    7.5000   30.0000  -30.0000 2254.6589   21.9191
   -7.5000   37.5000  -30.0000 2130.4758   24.3448
    0.0000   37.5000  -30.0000 2149.3574   24.1377
    7.5000   37.5000  -30.0000 2131.3164   24.3295
   -7.5000   45.0000  -30.0000 1995.3231   27.5633
    0.0000   45.0000  -30.0000 2014.0382   27.4060
    7.5000   45.0000  -30.0000 1991.7966   27.5736
   -7.5000  -45.0000  -22.5000 2436.0083   19.7254
    0.0000  -45.0000  -22.5000 2450.7905   19.5410
    7.5000  -45.0000  -22.5000 2434.8591   19.7101
   -7.5000  -37.5000  -22.5000 2538.0149   18.0997
    0.0000  -37.5000  -22.5000 2553.1169   17.9110
    7.5000  -37.5000  -22.5000 2537.6816   18.1011
   -7.5000  -30.0000  -22.5000 2610.9880   16.9725
    0.0000  -30.0000  -22.5000 2623.6587   16.7598
    7.5000  -30.0000  -22.5000 2609.0405   16.9649
   -7.5000  -22.5000  -22.5000 2665.8345   16.2323
    0.0000  -22.5000  -22.5000 2682.8525   15.9902
    7.5000  -22.5000  -22.5000 2663.9258   16.2058
   -7.5000  -15.0000  -22.5000 2703.8694   15.7946
    0.0000  -15.0000  -22.5000 2723.3462   15.5774
    7.5000  -15.0000  -22.5000 2701.9475   15.7633
   -7.5000   -7.5000  -22.5000 2719.7124   15.6570
    0.0000   -7.5000  -22.5000 2739.6360   15.5020
    7.5000   -7.5000  -22.5000 2719.6616   15.6786
   -7.5000    0.0000  -22.5000 2706.2397   15.9096
    0.0000    0.0000  -22.5000 2727.8188   15.7356
    7.5000    0.0000  -22.5000 2702.4502   15.9116
   -7.5000    7.5000  -22.5000 2658.6675   16.5628
    0.0000    7.5000  -22.5000 2679.0352   16.3483
    7.5000    7.5000  -22.5000 2655.1279   16.5754
   -7.5000   15.0000  -22.5000 2579.2627   17.6018
    0.0000   15.0000  -22.5000 2600.2109   17.4132
    7.5000   15.0000  -22.5000 2581.8982   17.6139
   -7.5000   22.5000  -22.5000 2476.0811   19.0390
    0.0000   22.5000  -22.5000 2491.9641   18.8130
    7.5000   22.5000  -22.5000 2478.1091   19.0296
   -7.5000   30.0000  -22.5000 2353.0088   20.8908
    0.0000   30.0000  -22.5000 2376.4958   20.6436
    7.5000   30.0000  -22.5000 2358.8501   20.8364
   -7.5000   37.5000  -22.5000 2224.1890   23.2152
    0.0000   37.5000  -22.5000 2245.8391   22.9832
    7.5000   37.5000  -22.5000 2225.6089   23.1490
   -7.5000   45.0000  -22.5000 2073.4827   26.2848
    0.0000   45.0000  -22.5000 2096.6416   26.0619
    7.5000   45.0000  -22.5000 2072.0845   26.2335
   -7.5000  -45.0000  -15.0000 2487.8049   18.8394
    0.0000  -45.0000  -15.0000 2507.0073   18.6846
    7.5000  -45.0000  -15.0000 2492.0298   18.8987
   -7.5000  -37.5000  -15.0000 2596.1123   17.2667
    0.0000  -37.5000  -15.0000 2614.8406   17.0910
    7.5000  -37.5000  -15.0000 2597.4814   17.2971
   -7.5000  -30.0000  -15.0000 2677.5039   16.1530
    0.0000  -30.0000  -15.0000 2696.0813   15.9455
    7.5000  -30.0000  -15.0000 2677.7532   16.1753
   -7.5000  -22.5000  -15.0000 2743.5564   15.3939
    0.0000  -22.5000  -15.0000 2762.8740   15.1550
    7.5000  -22.5000  -15.0000 2743.8752   15.3934
   -7.5000  -15.0000  -15.0000 2797.3696   14.9156
    0.0000  -15.0000  -15.0000 2822.1208   14.7343
    7.5000  -15.0000  -15.0000 2796.5049   14.8955
   -7.5000   -7.5000  -15.0000 2821.2439   14.8026
    0.0000   -7.5000  -15.0000 2851.1545   14.6395
    7.5000   -7.5000  -15.0000 2821.3447   14.7975
   -7.5000    0.0000  -15.0000 2804.1880   15.0584
    0.0000    0.0000  -15.0000 2834.6831   14.8311
    7.5000    0.0000  -15.0000 2808.1597   15.0504
   -7.5000    7.5000  -15.0000 2751.4944   15.7096
    0.0000    7.5000  -15.0000 2776.9185   15.4403
    7.5000    7.5000  -15.0000 2754.3367   15.6877
   -7.5000   15.0000  -15.0000 2663.4038   16.7412
    0.0000   15.0000  -15.0000 2686.2307   16.4910
    7.5000   15.0000  -15.0000 2667.6748   16.7259
   -7.5000   22.5000  -15.0000 2554.4763   18.1245
    0.0000   22.5000  -15.0000 2575.1926   17.8957
    7.5000   22.5000  -15.0000 2557.9016   18.0724
   -7.5000   30.0000  -15.0000 2427.3040   19.9617
    0.0000   30.0000  -15.0000 2449.7366   19.6670
    7.5000   30.0000  -15.0000 2430.3428   19.8603
   -7.5000   37.5000  -15.0000 2290.3066   22.2223
    0.0000   37.5000  -15.0000 2316.0623   21.9175
    7.5000   37.5000  -15.0000 2293.7559   22.1478
   -7.5000   45.0000  -15.0000 2132.5825   25.0932
    0.0000   45.0000  -15.0000 2156.8484   24.8215
    7.5000   45.0000  -15.0000 2132.8093   25.0627
   -7.5000  -45.0000   -7.5000 2520.7051   18.1088
    0.0000  -45.0000   -7.5000 2536.6782   17.9439
    7.5000  -45.0000   -7.5000 2518.6968   18.1474
   -7.5000  -37.5000   -7.5000 2633.4307   16.5255
    0.0000  -37.5000   -7.5000 2649.6692   16.3900
    7.5000  -37.5000   -7.5000 2629.6055   16.5839
   -7.5000  -30.0000   -7.5000 2726.7158   15.3969
    0.0000  -30.0000   -7.5000 2744.5029   15.2508
    7.5000  -30.0000   -7.5000 2730.0928   15.4377
   -7.5000  -22.5000   -7.5000 2800.3618   14.6419
    0.0000  -22.5000   -7.5000 2822.4470   14.4671
    7.5000  -22.5000   -7.5000 2802.9260   14.6564
   -7.5000  -15.0000   -7.5000 2861.8137   14.1503
    0.0000  -15.0000   -7.5000 2905.6555   14.0131
    7.5000  -15.0000   -7.5000 2865.7009   14.1599
   -7.5000   -7.5000   -7.5000 2893.6663   14.0249
    0.0000   -7.5000   -7.5000 2940.6846   13.8588
    7.5000   -7.5000   -7.5000 2900.2158   14.0682
   -7.5000    0.0000   -7.5000 2878.7986   14.2806
    0.0000    0.0000   -7.5000 2911.5491   14.0345
    7.5000    0.0000   -7.5000 2889.9028   14.3017
   -7.5000    7.5000   -7.5000 2823.4346   14.9504
    0.0000    7.5000   -7.5000 2851.3704   14.6904
    7.5000    7.5000   -7.5000 2830.0464   14.9341
   -7.5000   15.0000   -7.5000 2728.2485   15.9465
    0.0000   15.0000   -7.5000 2754.6426   15.6806
    7.5000   15.0000   -7.5000 2732.9045   15.8973
   -7.5000   22.5000   -7.5000 2608.3770   17.3406
    0.0000   22.5000   -7.5000 2635.5229   17.0764
    7.5000   22.5000   -7.5000 2612.7629   17.3074
   -7.5000   30.0000   -7.5000 2478.1677   19.1486
    0.0000   30.0000   -7.5000 2502.5974   18.8597
    7.5000   30.0000   -7.5000 2479.3672   19.1079
   -7.5000   37.5000   -7.5000 2330.0627   21.3381
    0.0000   37.5000   -7.5000 2360.9773   21.0454
    7.5000   37.5000   -7.5000 2334.4697   21.3203
   -7.5000   45.0000   -7.5000 2173.0588   24.0078
    0.0000   45.0000   -7.5000 2192.8557   23.8077
    7.5000   45.0000   -7.5000 2173.8877   23.9924
   -7.5000  -45.0000    0.0000 2535.9028   17.5991
    0.0000  -45.0000    0.0000 2554.4231   17.4508
    7.5000  -45.0000    0.0000 2537.2288   17.6313
   -7.5000  -37.5000    0.0000 2654.0803   16.0566
    0.0000  -37.5000    0.0000 2676.9915   15.9019
    7.5000  -37.5000    0.0000 2654.7810   16.0555
   -7.5000  -30.0000    0.0000 2761.1772   14.9232
    0.0000  -30.0000    0.0000 2781.1973   14.7656
    7.5000  -30.0000    0.0000 2762.7915   14.9262
   -7.5000  -22.5000    0.0000 2850.0481   14.1815
    0.0000  -22.5000    0.0000 2874.7517   14.0418
    7.5000  -22.5000    0.0000 2854.8240   14.1673
   -7.5000  -15.0000    0.0000 2918.0825   13.7355
    0.0000  -15.0000    0.0000 2969.4500   13.6207
    7.5000  -15.0000    0.0000 2925.6968   13.7395
   -7.5000   -7.5000    0.0000 2946.9851   13.5544
    0.0000   -7.5000    0.0000 3005.6211   13.3556
    7.5000   -7.5000    0.0000 2952.8604   13.6331
   -7.5000    0.0000    0.0000 2923.6396   13.7780
    0.0000    0.0000    0.0000 2959.1975   13.5308
    7.5000    0.0000    0.0000 2932.7649   13.8339
   -7.5000    7.5000    0.0000 2866.3599   14.4005
    0.0000    7.5000    0.0000 2895.6897   14.1243
    7.5000    7.5000    0.0000 2870.6604   14.3634
   -7.5000   15.0000    0.0000 2766.1172   15.4246
    0.0000   15.0000    0.0000 2796.7808   15.1199
    7.5000   15.0000    0.0000 2775.3853   15.3563
   -7.5000   22.5000    0.0000 2639.8196   16.8370
    0.0000   22.5000    0.0000 2666.4507   16.5383
    7.5000   22.5000    0.0000 2645.4082   16.7898
   -7.5000   30.0000    0.0000 2498.9253   18.5951
    0.0000   30.0000    0.0000 2524.5447   18.2923
    7.5000   30.0000    0.0000 2503.4668   18.5793
   -7.5000   37.5000    0.0000 2352.1821   20.7467
    0.0000   37.5000    0.0000 2377.1465   20.4468
    7.5000   37.5000    0.0000 2356.5129   20.6799
   -7.5000   45.0000    0.0000 2191.5398   23.4324
    0.0000   45.0000    0.0000 2208.1521   23.1602
    7.5000   45.0000    0.0000 2188.2471   23.3649
   -7.5000  -45.0000    7.5000 2535.2319   17.3514
    0.0000  -45.0000    7.5000 2562.6338   17.2564
    7.5000  -45.0000    7.5000 2540.9644   17.3642
   -7.5000  -37.5000    7.5000 2659.1418   15.7846
    0.0000  -37.5000    7.5000 2683.6050   15.6505
    7.5000  -37.5000    7.5000 2667.7188   15.7878
   -7.5000  -30.0000    7.5000 2771.4702   14.6545
    0.0000  -30.0000    7.5000 2799.0168   14.5135
    7.5000  -30.0000    7.5000 2778.7432   14.6365
   -7.5000  -22.5000    7.5000 2871.9414   13.9338
    0.0000  -22.5000    7.5000 2907.8940   13.8371
    7.5000  -22.5000    7.5000 2884.7188   13.8984
   -7.5000  -15.0000    7.5000 2942.1406   13.5354
    0.0000  -15.0000    7.5000 3001.2827   13.5469
    7.5000  -15.0000    7.5000 2959.3015   13.5078
   -7.5000   -7.5000    7.5000 2967.6602   13.3744
    0.0000   -7.5000    7.5000 3032.5129   13.2731
    7.5000   -7.5000    7.5000 2976.1682   13.3963
   -7.5000    0.0000    7.5000 2936.0806   13.5264
    0.0000    0.0000    7.5000 2985.2600   13.2983
    7.5000    0.0000    7.5000 2938.4504   13.5416
   -7.5000    7.5000    7.5000 2876.9929   14.0883
    0.0000    7.5000    7.5000 2912.0667   13.8435
    7.5000    7.5000    7.5000 2881.1277   14.0483
   -7.5000   15.0000    7.5000 2774.0537   15.1053
    0.0000   15.0000    7.5000 2802.3430   14.8554
    7.5000   15.0000    7.5000 2782.5916   15.0535
   -7.5000   22.5000    7.5000 2651.8057   16.5258
    0.0000   22.5000    7.5000 2673.3315   16.2652
    7.5000   22.5000    7.5000 2657.3279   16.4655
   -7.5000   30.0000    7.5000 2505.8118   18.2798
    0.0000   30.0000    7.5000 2525.5776   18.0408
    7.5000   30.0000    7.5000 2509.7764   18.2058
   -7.5000   37.5000    7.5000 2352.0029   20.4224
    0.0000   37.5000    7.5000 2379.7349   20.2282
    7.5000   37.5000    7.5000 2359.5010   20.3605
   -7.5000   45.0000    7.5000 2183.4343   23.1059
    0.0000   45.0000    7.5000 2205.7693   22.9048
    7.5000   45.0000    7.5000 2191.4307   23.0184
   -7.5000  -45.0000   15.0000 2520.9104   17.3921
    0.0000  -45.0000   15.0000 2546.1472   17.2454
    7.5000  -45.0000   15.0000 2526.4758   17.3975
   -7.5000  -37.5000   15.0000 2645.7764   15.8047
    0.0000  -37.5000   15.0000 2669.8235   15.6827
    7.5000  -37.5000   15.0000 2651.1335   15.7816
   -7.5000  -30.0000   15.0000 2756.1333   14.6530
    0.0000  -30.0000   15.0000 2781.0818   14.5580
    7.5000  -30.0000   15.0000 2761.3992   14.6432
   -7.5000  -22.5000   15.0000 2852.4187   13.9262
    0.0000  -22.5000   15.0000 2894.0857   13.8923
    7.5000  -22.5000   15.0000 2865.9587   13.8939
   -7.5000  -15.0000   15.0000 2918.4714   13.4453
    0.0000  -15.0000   15.0000 2980.1096   13.4108
    7.5000  -15.0000   15.0000 2931.2537   13.4287
   -7.5000   -7.5000   15.0000 2944.6228   13.2927
    0.0000   -7.5000   15.0000 3002.7297   13.1379
    7.5000   -7.5000   15.0000 2947.8066   13.2799
   -7.5000    0.0000   15.0000 2915.6812   13.5400
    0.0000    0.0000   15.0000 2963.0391   13.4240
    7.5000    0.0000   15.0000 2923.3381   13.4999
   -7.5000    7.5000   15.0000 2848.8884   14.1269
    0.0000    7.5000   15.0000 2879.9937   14.0290
    7.5000    7.5000   15.0000 2852.8987   14.1337
   -7.5000   15.0000   15.0000 2752.5764   15.1377
    0.0000   15.0000   15.0000 2772.6902   14.9595
    7.5000   15.0000   15.0000 2756.2500   15.1009
   -7.5000   22.5000   15.0000 2632.5317   16.5623
    0.0000   22.5000   15.0000 2651.6189   16.2918
    7.5000   22.5000   15.0000 2638.4565   16.4923
   -7.5000   30.0000   15.0000 2492.3047   18.2940
    0.0000   30.0000   15.0000 2514.3289   18.0272
    7.5000   30.0000   15.0000 2498.4631   18.2138
   -7.5000   37.5000   15.0000 2340.2227   20.4236
    0.0000   37.5000   15.0000 2368.4016   20.1652
    7.5000   37.5000   15.0000 2352.9185   20.3290
   -7.5000   45.0000   15.0000 2169.5784   23.0495
    0.0000   45.0000   15.0000 2190.4724   22.8294
    7.5000   45.0000   15.0000 2180.6179   23.0267
   -7.5000  -45.0000   22.5000 2499.8577   17.6807
    0.0000  -45.0000   22.5000 2520.0725   17.4378
    7.5000  -45.0000   22.5000 2504.1792   17.6374
   -7.5000  -37.5000   22.5000 2620.7063   16.1304
    0.0000  -37.5000   22.5000 2638.9238   15.8944
    7.5000  -37.5000   22.5000 2626.8662   16.0744
   -7.5000  -30.0000   22.5000 2729.5579   15.0470
    0.0000  -30.0000   22.5000 2753.3792   14.8675
    7.5000  -30.0000   22.5000 2736.5562   14.9963
   -7.5000  -22.5000   22.5000 2819.6501   14.2596
    0.0000  -22.5000   22.5000 2861.6560   14.1679
    7.5000  -22.5000   22.5000 2834.5791   14.2477
   -7.5000  -15.0000   22.5000 2879.7944   13.7608
    0.0000  -15.0000   22.5000 2927.9514   13.5339
    7.5000  -15.0000   22.5000 2889.3789   13.7241
   -7.5000   -7.5000   22.5000 2911.2209   13.6258
    0.0000   -7.5000   22.5000 2954.6533   13.4122
    7.5000   -7.5000   22.5000 2917.4158   13.6003
   -7.5000    0.0000   22.5000 2877.4016   13.8998
    0.0000    0.0000   22.5000 2929.6499   13.7046
    7.5000    0.0000   22.5000 2895.1890   13.8794
   -7.5000    7.5000   22.5000 2801.9124   14.5780
    0.0000    7.5000   22.5000 2834.7351   14.3945
    7.5000    7.5000   22.5000 2814.5715   14.5547
   -7.5000   15.0000   22.5000 2708.3838   15.5606
    0.0000   15.0000   22.5000 2724.5952   15.3535
    7.5000   15.0000   22.5000 2713.1533   15.5072
   -7.5000   22.5000   22.5000 2587.2378   16.8901
    0.0000   22.5000   22.5000 2604.6562   16.6646
    7.5000   22.5000   22.5000 2594.4741   16.8412
   -7.5000   30.0000   22.5000 2457.5295   18.5581
    0.0000   30.0000   22.5000 2480.6450   18.3246
    7.5000   30.0000   22.5000 2465.8413   18.4892
   -7.5000   37.5000   22.5000 2312.4958   20.6235
    0.0000   37.5000   22.5000 2333.9272   20.4048
    7.5000   37.5000   22.5000 2321.8838   20.5561
   -7.5000   45.0000   22.5000 2138.9819   23.2734
    0.0000   45.0000   22.5000 2156.5193   23.0903
    7.5000   45.0000   22.5000 2147.0408   23.2568
   -7.5000  -45.0000   30.0000 2468.6060   18.3210
    0.0000  -45.0000   30.0000 2479.9456   17.9101
    7.5000  -45.0000   30.0000 2470.4636   18.2545
   -7.5000  -37.5000   30.0000 2586.6729   16.7442
    0.0000  -37.5000   30.0000 2601.0012   16.4246
    7.5000  -37.5000   30.0000 2592.7842   16.7109
   -7.5000  -30.0000   30.0000 2692.2263   15.6309
    0.0000  -30.0000   30.0000 2714.8027   15.4040
    7.5000  -30.0000   30.0000 2700.4021   15.6335
   -7.5000  -22.5000   30.0000 2772.7871   14.8624
    0.0000  -22.5000   30.0000 2804.9028   14.6080
    7.5000  -22.5000   30.0000 2785.9753   14.7964
   -7.5000  -15.0000   30.0000 2819.5537   14.3986
    0.0000  -15.0000   30.0000 2855.3474   14.0689
    7.5000  -15.0000   30.0000 2830.2161   14.3116
   -7.5000   -7.5000   30.0000 2843.5781   14.2402
    0.0000   -7.5000   30.0000 2871.6689   14.0411
    7.5000   -7.5000   30.0000 2855.4312   14.2318
   -7.5000    0.0000   30.0000 2816.6660   14.5197
    0.0000    0.0000   30.0000 2856.0469   14.3259
    7.5000    0.0000   30.0000 2831.7859   14.4979
   -7.5000    7.5000   30.0000 2743.0461   15.2145
    0.0000    7.5000   30.0000 2768.1587   14.9807
    7.5000    7.5000   30.0000 2755.6255   15.1887
   -7.5000   15.0000   30.0000 2648.7991   16.2304
    0.0000   15.0000   30.0000 2662.1985   15.9544
    7.5000   15.0000   30.0000 2652.8701   16.1687
   -7.5000   22.5000   30.0000 2532.0625   17.5616
    0.0000   22.5000   30.0000 2550.6934   17.3088
    7.5000   22.5000   30.0000 2541.0393   17.4881
   -7.5000   30.0000   30.0000 2402.7354   19.1971
    0.0000   30.0000   30.0000 2427.5684   18.9657
    7.5000   30.0000   30.0000 2416.3494   19.0960
   -7.5000   37.5000   30.0000 2253.6917   21.2156
    0.0000   37.5000   30.0000 2276.1050   20.9798
    7.5000   37.5000   30.0000 2268.7705   21.1445
   -7.5000   45.0000   30.0000 2093.8057   23.8431
    0.0000   45.0000   30.0000 2111.4900   23.5855
    7.5000   45.0000   30.0000 2102.3169   23.7628
   -7.5000  -45.0000   37.5000 2431.1492   19.2417
    0.0000  -45.0000   37.5000 2441.2666   18.6720
    7.5000  -45.0000   37.5000 2438.6135   19.1140
   -7.5000  -37.5000   37.5000 2545.2666   17.6010
    0.0000  -37.5000   37.5000 2554.4294   17.1634
    7.5000  -37.5000   37.5000 2551.0725   17.5072
   -7.5000  -30.0000   37.5000 2642.8882   16.4169
    0.0000  -30.0000   37.5000 2659.1318   16.0387
    7.5000  -30.0000   37.5000 2647.1843   16.3545
   -7.5000  -22.5000   37.5000 2711.4734   15.6867
    0.0000  -22.5000   37.5000 2737.9639   15.2568
    7.5000  -22.5000   37.5000 2722.2483   15.5786
   -7.5000  -15.0000   37.5000 2748.5134   15.1863
    0.0000  -15.0000   37.5000 2777.2024   14.8560
    7.5000  -15.0000   37.5000 2759.8994   15.1348
   -7.5000   -7.5000   37.5000 2760.3933   15.0462
    0.0000   -7.5000   37.5000 2784.4204   14.7881
    7.5000   -7.5000   37.5000 2769.5908   15.0125
   -7.5000    0.0000   37.5000 2726.4309   15.3218
    0.0000    0.0000   37.5000 2755.2583   15.1207
    7.5000    0.0000   37.5000 2737.4697   15.2723
   -7.5000    7.5000   37.5000 2660.4604   16.0429
    0.0000    7.5000   37.5000 2686.2932   15.7846
    7.5000    7.5000   37.5000 2674.7607   15.9848
   -7.5000   15.0000   37.5000 2573.0593   17.0738
    0.0000   15.0000   37.5000 2589.7156   16.7714
    7.5000   15.0000   37.5000 2583.6882   17.0118
   -7.5000   22.5000   37.5000 2467.3816   18.3945
    0.0000   22.5000   37.5000 2486.5437   18.1192
    7.5000   22.5000   37.5000 2476.3977   18.3544
   -7.5000   30.0000   37.5000 2333.7031   20.0998
    0.0000   30.0000   37.5000 2355.4929   19.8741
    7.5000   30.0000   37.5000 2349.0520   20.0308
   -7.5000   37.5000   37.5000 2186.5415   22.1487
    0.0000   37.5000   37.5000 2211.1050   21.9473
    7.5000   37.5000   37.5000 2206.4897   22.0712
   -7.5000   45.0000   37.5000 2041.0706   24.7500
    0.0000   45.0000   37.5000 2068.4944   24.5651
    7.5000   45.0000   37.5000 2053.9204   24.7307
   -7.5000  -45.0000   45.0000 2377.3379   20.2869
    0.0000  -45.0000   45.0000 2387.2354   19.6520
    7.5000  -45.0000   45.0000 2385.6484   20.1383
   -7.5000  -37.5000   45.0000 2485.6377   18.6256
    0.0000  -37.5000   45.0000 2492.2690   18.0743
    7.5000  -37.5000   45.0000 2487.2454   18.4969
   -7.5000  -30.0000   45.0000 2574.7771   17.4709
    0.0000  -30.0000   45.0000 2589.6375   16.9560
    7.5000  -30.0000   45.0000 2578.6575   17.3317
   -7.5000  -22.5000   45.0000 2636.5479   16.6898
    0.0000  -22.5000   45.0000 2657.0686   16.2224
    7.5000  -22.5000   45.0000 2644.0940   16.5831
   -7.5000  -15.0000   45.0000 2664.0969   16.1968
    0.0000  -15.0000   45.0000 2682.0286   15.8422
    7.5000  -15.0000   45.0000 2669.0127   16.1331
   -7.5000   -7.5000   45.0000 2664.9812   16.0711
    0.0000   -7.5000   45.0000 2683.4824   15.7534
    7.5000   -7.5000   45.0000 2670.0103   16.0163
   -7.5000    0.0000   45.0000 2631.0251   16.3093
    0.0000    0.0000   45.0000 2658.4731   16.0355
    7.5000    0.0000   45.0000 2642.6929   16.2269
   -7.5000    7.5000   45.0000 2573.7495   16.9863
    0.0000    7.5000   45.0000 2596.5120   16.7090
    7.5000    7.5000   45.0000 2585.3955   16.9354
   -7.5000   15.0000   45.0000 2490.0247   18.0175
    0.0000   15.0000   45.0000 2508.1812   17.7310
    7.5000   15.0000   45.0000 2498.8264   17.9566
   -7.5000   22.5000   45.0000 2383.8655   19.4345
    0.0000   22.5000   45.0000 2406.3198   19.1742
    7.5000   22.5000   45.0000 2396.5806   19.3882
   -7.5000   30.0000   45.0000 2254.4822   21.2502
    0.0000   30.0000   45.0000 2280.8242   21.0396
    7.5000   30.0000   45.0000 2269.2070   21.1974
   -7.5000   37.5000   45.0000 2118.0078   23.3507
    0.0000   37.5000   45.0000 2143.5022   23.1973
    7.5000   37.5000   45.0000 2132.5889   23.3001
   -7.5000   45.0000   45.0000 1985.2762   26.1274
    0.0000   45.0000   45.0000 2002.2949   25.9497
    7.5000   45.0000   45.0000 1986.4810   26.0164

---------------------------------------------------------------------
imgreg_4dfp /opt/freesurfer/average/711-2C_as_mni_average_305 /opt/freesurfer/average/711-2B_as_mni_average_305_mask talsrcimg_g11 none talsrcimg_to_711-2C_as_mni_average_305_t4 1283
---------------------------------------------------------------------

freesurfer imgreg_4dfp.c
/opt/freesurfer/average/711-2C_as_mni_average_305.4dfp.img
       256       256       256         1
  1.000000  1.000000  1.000000
orientation T byte_order littleendian
Reading image: /opt/freesurfer/average/711-2C_as_mni_average_305.4dfp.img
dimensions:      256       256       256
mmppix:       1.0000   -1.0000   -1.0000
center:     128.0000 -129.0000 -129.0000
/opt/freesurfer/average/711-2B_as_mni_average_305_mask.4dfp.img
       256       256       256         1
  1.000000  1.000000  1.000000
orientation T byte_order littleendian
Reading mask: /opt/freesurfer/average/711-2B_as_mni_average_305_mask.4dfp.img (2306576 pixels)
talsrcimg_g11.4dfp.img
       256       256       256         1
  1.000000  1.000000  1.000000
orientation T byte_order littleendian
Reading image: talsrcimg_g11.4dfp.img
dimensions:      256       256       256
mmppix:       1.0000   -1.0000   -1.0000
center:     128.0000 -129.0000 -129.0000
rotation matrix determinant  1.000000
fimgreg.f
image alignment mode   1283 decimal      503 hex
parameters
    0.0000   -7.5000    7.5000    0.0000    0.0000    0.0000
eta,q 0.95004 13.27700
niter,ni,del,rscale     5    3   12.0000    1.2000
parameter  4  0.990105 ->  0.500000 qaram    1.1500
parameters
    0.4928  -10.2642    8.1424   -3.4500   -1.8044   -0.9506
eta,q 0.95386 13.30965
  0.0672  0.0535  0.0570  0.0471  0.0496  0.0502
  0.0605  0.0497  0.0535  0.0470  0.0472  0.0477
  0.0562  0.0497  0.0506  0.0482  0.0464  0.0462
  0.0527  0.0520  0.0494  0.0495  0.0472  0.0464
  0.0533  0.0554  0.0499  0.0508  0.0496  0.0476
  0.0579  0.0592  0.0517  0.0534  0.0514  0.0502
  0.0637  0.0625  0.0543  0.0562  0.0536  0.0536
niter,ni,del,rscale     5    3   12.0000    1.2000
parameters
    0.6356   -9.0400    8.3826   -5.6402   -1.8725   -1.0886
eta,q 0.95537 13.31634
  0.0644  0.0632  0.0547  0.0483  0.0508  0.0496
  0.0571  0.0558  0.0516  0.0457  0.0473  0.0467
  0.0503  0.0498  0.0476  0.0447  0.0452  0.0449
  0.0461  0.0461  0.0455  0.0455  0.0446  0.0447
  0.0485  0.0458  0.0466  0.0486  0.0455  0.0455
  0.0554  0.0486  0.0498  0.0509  0.0478  0.0472
  0.0636  0.0538  0.0541  0.0530  0.0508  0.0498
niter,ni,del,rscale     4    3   12.0000    1.2000
parameters
    0.6252   -8.6202    8.4264   -5.8593   -1.7636   -1.0399
eta,q 0.95555 13.30548
  0.0623  0.0607  0.0540  0.0511  0.0510  0.0495
  0.0538  0.0538  0.0496  0.0480  0.0475  0.0467
  0.0473  0.0475  0.0463  0.0453  0.0453  0.0449
  0.0446  0.0446  0.0445  0.0445  0.0445  0.0444
  0.0474  0.0453  0.0448  0.0457  0.0452  0.0451
  0.0541  0.0504  0.0489  0.0492  0.0473  0.0467
  0.0623  0.0574  0.0545  0.0515  0.0505  0.0492
niter,ni,del,rscale     3    3   12.0000    1.2000
parameters
    0.5784   -8.5071    8.4236   -5.9701   -1.6835   -1.0699
eta,q 0.95558 13.30411
  0.0622  0.0594  0.0539  0.0514  0.0509  0.0493
  0.0535  0.0525  0.0493  0.0482  0.0475  0.0465
  0.0470  0.0467  0.0462  0.0454  0.0453  0.0448
  0.0445  0.0445  0.0444  0.0444  0.0444  0.0444
  0.0475  0.0458  0.0447  0.0456  0.0451  0.0452
  0.0542  0.0519  0.0490  0.0489  0.0473  0.0468
  0.0624  0.0585  0.0547  0.0515  0.0505  0.0492
niter,ni,del,rscale     2    3   12.0000    1.2000
parameters
    0.5398   -8.4693    8.4170   -6.0183   -1.6282   -1.0985
eta,q 0.95558 13.30389
  0.0623  0.0592  0.0538  0.0515  0.0508  0.0493
  0.0535  0.0523  0.0493  0.0483  0.0475  0.0465
  0.0470  0.0465  0.0462  0.0454  0.0453  0.0448
  0.0444  0.0444  0.0444  0.0444  0.0444  0.0444
  0.0475  0.0460  0.0446  0.0455  0.0451  0.0452
  0.0542  0.0523  0.0489  0.0488  0.0473  0.0468
  0.0623  0.0588  0.0546  0.0515  0.0506  0.0492
registration optimization eta report
parameter search radius
    6.0000    6.0000    6.0000    6.9000    6.0000    6.0000
100000*second partial in parameter space
       48.       40.       27.       15.       17.       13.
  0.0623  0.0592  0.0538  0.0515  0.0508  0.0493
  0.0535  0.0523  0.0493  0.0483  0.0475  0.0465
  0.0470  0.0465  0.0462  0.0454  0.0453  0.0448
  0.0444  0.0444  0.0444  0.0444  0.0444  0.0444
  0.0475  0.0460  0.0446  0.0455  0.0451  0.0452
  0.0542  0.0523  0.0489  0.0488  0.0473  0.0468
  0.0623  0.0588  0.0546  0.0515  0.0506  0.0492
    0.5398   -8.4693    8.4170   -6.0183   -1.6282   -1.0985
eta,q 0.95558 13.30389

---------------------------------------------------------------------
imgreg_4dfp /opt/freesurfer/average/711-2C_as_mni_average_305 /opt/freesurfer/average/711-2B_as_mni_average_305_mask talsrcimg_g11 none talsrcimg_to_711-2C_as_mni_average_305_t4 3335
---------------------------------------------------------------------

freesurfer imgreg_4dfp.c
/opt/freesurfer/average/711-2C_as_mni_average_305.4dfp.img
       256       256       256         1
  1.000000  1.000000  1.000000
orientation T byte_order littleendian
Reading image: /opt/freesurfer/average/711-2C_as_mni_average_305.4dfp.img
dimensions:      256       256       256
mmppix:       1.0000   -1.0000   -1.0000
center:     128.0000 -129.0000 -129.0000
/opt/freesurfer/average/711-2B_as_mni_average_305_mask.4dfp.img
       256       256       256         1
  1.000000  1.000000  1.000000
orientation T byte_order littleendian
Reading mask: /opt/freesurfer/average/711-2B_as_mni_average_305_mask.4dfp.img (2306576 pixels)
talsrcimg_g11.4dfp.img
       256       256       256         1
  1.000000  1.000000  1.000000
orientation T byte_order littleendian
Reading image: talsrcimg_g11.4dfp.img
dimensions:      256       256       256
mmppix:       1.0000   -1.0000   -1.0000
center:     128.0000 -129.0000 -129.0000
fimgreg.f
image alignment mode   3335 decimal      D07 hex
parameters
    0.5398   -8.4693    8.4170   -0.0587   -0.5637   -0.5913
    1.6087    3.0262   -1.9163   10.4285   -2.8414  -10.4804
eta,q 0.95441 13.46976
niter,ni,del,rscale     5    3    5.0000    1.2000
parameter  4  0.655195 ->  0.500000 qaram    1.1500
parameter  5  1.275571 ->  0.500000 qaram    1.1500
parameter  6  0.685103 ->  0.500000 qaram    1.1500
parameter 10  1.076875 ->  0.500000 qaram    1.1500
parameter 12  4.652025 ->  0.500000 qaram    1.1500
parameters
    0.7215   -8.1123    7.8485   -4.1987   -4.7037   -4.7313
    1.6162    3.4436   -0.2851    6.2885   -3.8300  -14.6204
eta,q 0.96422 12.95703
  0.0492  0.0481  0.0464  0.0443  0.0400  0.0393  0.0422  0.0433  0.0423  0.0373  0.0379  0.0346
  0.0473  0.0468  0.0458  0.0439  0.0405  0.0398  0.0409  0.0416  0.0412  0.0376  0.0378  0.0355
  0.0461  0.0460  0.0455  0.0442  0.0417  0.0401  0.0402  0.0404  0.0403  0.0384  0.0377  0.0365
  0.0456  0.0456  0.0455  0.0455  0.0439  0.0407  0.0399  0.0399  0.0399  0.0398  0.0377  0.0377
  0.0458  0.0456  0.0460  0.0478  0.0466  0.0425  0.0402  0.0401  0.0398  0.0416  0.0378  0.0390
  0.0467  0.0461  0.0468  0.0512  0.0496  0.0457  0.0410  0.0410  0.0401  0.0439  0.0379  0.0403
  0.0482  0.0469  0.0479  0.0549  0.0530  0.0494  0.0421  0.0427  0.0408  0.0465  0.0381  0.0416
niter,ni,del,rscale     7    3    5.0000    1.2000
parameter  3 -0.589567 -> -0.500000 qaram    1.1500
parameter 12  1.632922 ->  0.500000 qaram    1.3225
parameters
    0.7648   -7.2539    9.2285   -4.4630   -8.1175   -6.4228
    1.2377    3.7438    0.8872    4.1198   -2.1364  -19.3814
eta,q 0.96637 12.57058
  0.0385  0.0398  0.0365  0.0382  0.0361  0.0356  0.0370  0.0379  0.0369  0.0362  0.0350  0.0332
  0.0371  0.0380  0.0361  0.0372  0.0353  0.0353  0.0360  0.0363  0.0360  0.0352  0.0349  0.0335
  0.0361  0.0366  0.0357  0.0364  0.0350  0.0351  0.0353  0.0354  0.0354  0.0348  0.0349  0.0341
  0.0358  0.0358  0.0355  0.0353  0.0354  0.0350  0.0351  0.0351  0.0351  0.0350  0.0348  0.0348
  0.0360  0.0355  0.0354  0.0350  0.0370  0.0349  0.0354  0.0352  0.0351  0.0357  0.0348  0.0357
  0.0369  0.0357  0.0353  0.0365  0.0398  0.0354  0.0362  0.0360  0.0354  0.0370  0.0348  0.0367
  0.0383  0.0365  0.0354  0.0399  0.0436  0.0379  0.0376  0.0375  0.0360  0.0388  0.0349  0.0378
niter,ni,del,rscale     7    3    5.0000    1.2000
parameter 12  0.677878 ->  0.500000 qaram    1.5209
parameters
    0.8731   -7.0003    8.2872   -3.0677   -8.2297   -5.4257
    0.5427    3.4606    0.7419    5.0974   -2.5856  -24.8566
eta,q 0.96800 12.67165
  0.0360  0.0360  0.0339  0.0364  0.0366  0.0346  0.0351  0.0360  0.0346  0.0367  0.0334  0.0325
  0.0347  0.0348  0.0336  0.0355  0.0349  0.0339  0.0338  0.0343  0.0336  0.0347  0.0331  0.0320
  0.0340  0.0340  0.0335  0.0347  0.0336  0.0333  0.0330  0.0333  0.0331  0.0334  0.0329  0.0322
  0.0336  0.0336  0.0336  0.0335  0.0329  0.0329  0.0328  0.0328  0.0329  0.0329  0.0329  0.0329
  0.0338  0.0337  0.0339  0.0326  0.0332  0.0328  0.0333  0.0332  0.0331  0.0331  0.0330  0.0339
  0.0344  0.0342  0.0344  0.0333  0.0346  0.0328  0.0345  0.0345  0.0337  0.0338  0.0332  0.0351
  0.0356  0.0352  0.0351  0.0358  0.0372  0.0343  0.0362  0.0367  0.0347  0.0351  0.0336  0.0363
niter,ni,del,rscale     7    3    5.0000    1.2000
parameters
    0.7325   -6.9779    7.7711   -3.5504   -8.3660   -5.9920
    0.3011    3.3737    0.6047    6.4304   -2.8983  -25.6013
eta,q 0.96797 12.65430
  0.0346  0.0343  0.0329  0.0351  0.0359  0.0341  0.0347  0.0355  0.0337  0.0365  0.0327  0.0347
  0.0331  0.0330  0.0322  0.0342  0.0341  0.0331  0.0333  0.0336  0.0328  0.0344  0.0323  0.0331
  0.0322  0.0322  0.0319  0.0331  0.0327  0.0324  0.0324  0.0325  0.0323  0.0328  0.0321  0.0322
  0.0320  0.0320  0.0320  0.0319  0.0321  0.0321  0.0321  0.0321  0.0321  0.0321  0.0321  0.0321
  0.0325  0.0322  0.0323  0.0319  0.0325  0.0322  0.0325  0.0324  0.0323  0.0322  0.0322  0.0327
  0.0336  0.0330  0.0330  0.0336  0.0340  0.0329  0.0335  0.0336  0.0329  0.0330  0.0324  0.0339
  0.0353  0.0342  0.0339  0.0373  0.0365  0.0355  0.0352  0.0358  0.0339  0.0344  0.0328  0.0352
niter,ni,del,rscale     6    3    5.0000    1.2000
parameters
    0.7544   -6.9007    7.3573   -3.5042   -8.2958   -6.2355
    0.2627    3.4061    0.6480    6.8740   -2.9178  -26.0862
eta,q 0.96805 12.65281
  0.0349  0.0343  0.0330  0.0351  0.0359  0.0341  0.0347  0.0355  0.0337  0.0357  0.0327  0.0348
  0.0333  0.0331  0.0323  0.0342  0.0340  0.0331  0.0333  0.0336  0.0327  0.0337  0.0323  0.0332
  0.0324  0.0323  0.0320  0.0332  0.0326  0.0323  0.0323  0.0324  0.0322  0.0324  0.0320  0.0322
  0.0320  0.0320  0.0320  0.0320  0.0320  0.0320  0.0320  0.0320  0.0320  0.0320  0.0320  0.0320
  0.0323  0.0322  0.0323  0.0317  0.0323  0.0320  0.0323  0.0322  0.0321  0.0323  0.0321  0.0326
  0.0333  0.0329  0.0329  0.0329  0.0336  0.0327  0.0332  0.0335  0.0327  0.0333  0.0323  0.0337
  0.0348  0.0340  0.0337  0.0363  0.0360  0.0349  0.0349  0.0356  0.0336  0.0349  0.0326  0.0350
niter,ni,del,rscale     5    3    5.0000    1.2000
parameters
    0.7243   -6.9022    7.1907   -3.5162   -8.2851   -6.3201
    0.2507    3.3742    0.6554    7.0870   -2.9201  -26.3109
eta,q 0.96805 12.65220
  0.0347  0.0341  0.0332  0.0350  0.0358  0.0342  0.0347  0.0355  0.0336  0.0354  0.0326  0.0349
  0.0332  0.0329  0.0324  0.0341  0.0339  0.0331  0.0333  0.0336  0.0327  0.0335  0.0322  0.0333
  0.0322  0.0322  0.0320  0.0332  0.0325  0.0323  0.0323  0.0324  0.0321  0.0323  0.0320  0.0322
  0.0320  0.0320  0.0320  0.0319  0.0319  0.0319  0.0319  0.0319  0.0319  0.0320  0.0320  0.0320
  0.0323  0.0322  0.0322  0.0317  0.0323  0.0320  0.0322  0.0322  0.0321  0.0323  0.0320  0.0325
  0.0333  0.0329  0.0327  0.0330  0.0336  0.0327  0.0332  0.0335  0.0327  0.0334  0.0323  0.0337
  0.0348  0.0341  0.0335  0.0363  0.0360  0.0347  0.0348  0.0357  0.0336  0.0350  0.0326  0.0349
niter,ni,del,rscale     4    3    5.0000    1.2000
parameters
    0.7100   -6.8972    7.1077   -3.5271   -8.2900   -6.3863
    0.2420    3.3495    0.6639    7.1901   -2.9334  -26.4202
eta,q 0.96805 12.64977
  0.0348  0.0341  0.0333  0.0350  0.0357  0.0342  0.0347  0.0355  0.0336  0.0353  0.0326  0.0350
  0.0332  0.0329  0.0325  0.0341  0.0339  0.0331  0.0333  0.0336  0.0327  0.0335  0.0323  0.0333
  0.0322  0.0322  0.0320  0.0331  0.0325  0.0323  0.0323  0.0324  0.0321  0.0323  0.0320  0.0323
  0.0319  0.0319  0.0319  0.0319  0.0319  0.0319  0.0319  0.0319  0.0320  0.0320  0.0320  0.0319
  0.0323  0.0322  0.0322  0.0317  0.0323  0.0320  0.0322  0.0323  0.0321  0.0324  0.0320  0.0325
  0.0333  0.0329  0.0327  0.0330  0.0336  0.0327  0.0332  0.0335  0.0327  0.0334  0.0323  0.0336
  0.0348  0.0341  0.0334  0.0363  0.0360  0.0347  0.0348  0.0357  0.0336  0.0351  0.0326  0.0349
niter,ni,del,rscale     3    3    5.0000    1.2000
parameters
    0.7019   -6.8919    7.0627   -3.5312   -8.2907   -6.4287
    0.2300    3.3394    0.6759    7.2455   -2.9574  -26.4747
eta,q 0.96805 12.64833
  0.0348  0.0341  0.0333  0.0350  0.0357  0.0342  0.0347  0.0355  0.0336  0.0353  0.0326  0.0350
  0.0332  0.0329  0.0325  0.0341  0.0339  0.0331  0.0333  0.0336  0.0327  0.0334  0.0322  0.0333
  0.0323  0.0322  0.0320  0.0332  0.0325  0.0323  0.0323  0.0324  0.0321  0.0323  0.0320  0.0323
  0.0319  0.0320  0.0319  0.0319  0.0319  0.0319  0.0320  0.0319  0.0320  0.0320  0.0319  0.0320
  0.0323  0.0322  0.0322  0.0317  0.0323  0.0320  0.0322  0.0322  0.0321  0.0324  0.0320  0.0325
  0.0333  0.0329  0.0326  0.0330  0.0336  0.0327  0.0332  0.0335  0.0327  0.0334  0.0323  0.0336
  0.0348  0.0340  0.0334  0.0363  0.0360  0.0347  0.0348  0.0357  0.0336  0.0351  0.0326  0.0349
niter,ni,del,rscale     2    3    5.0000    1.2000
parameters
    0.6977   -6.8887    7.0377   -3.5315   -8.2926   -6.4535
    0.2228    3.3333    0.6801    7.2739   -2.9792  -26.5045
eta,q 0.96805 12.64738
  0.0348  0.0341  0.0334  0.0350  0.0357  0.0342  0.0347  0.0355  0.0336  0.0353  0.0326  0.0350
  0.0332  0.0329  0.0325  0.0341  0.0339  0.0331  0.0333  0.0336  0.0327  0.0334  0.0322  0.0333
  0.0323  0.0322  0.0320  0.0332  0.0325  0.0323  0.0323  0.0324  0.0321  0.0323  0.0320  0.0323
  0.0319  0.0320  0.0320  0.0319  0.0319  0.0319  0.0320  0.0320  0.0320  0.0320  0.0320  0.0320
  0.0323  0.0322  0.0322  0.0317  0.0323  0.0321  0.0322  0.0322  0.0321  0.0324  0.0320  0.0325
  0.0333  0.0329  0.0326  0.0329  0.0336  0.0327  0.0332  0.0335  0.0327  0.0334  0.0323  0.0336
  0.0348  0.0340  0.0333  0.0363  0.0360  0.0347  0.0348  0.0357  0.0336  0.0352  0.0326  0.0348
registration optimization eta report
parameter search radius
    2.4000    2.4000    2.7600    8.2800    8.2800    8.2800
    7.2000    7.2000    7.2000    8.2800    7.2000   10.9503
100000*second partial in parameter space
       49.       37.       18.        5.        6.        4.
        5.        7.        3.        5.        1.        2.
  0.0348  0.0341  0.0334  0.0350  0.0357  0.0342  0.0347  0.0355  0.0336  0.0353  0.0326  0.0350
  0.0332  0.0329  0.0325  0.0341  0.0339  0.0331  0.0333  0.0336  0.0327  0.0334  0.0322  0.0333
  0.0323  0.0322  0.0320  0.0332  0.0325  0.0323  0.0323  0.0324  0.0321  0.0323  0.0320  0.0323
  0.0319  0.0320  0.0320  0.0319  0.0319  0.0319  0.0320  0.0320  0.0320  0.0320  0.0320  0.0320
  0.0323  0.0322  0.0322  0.0317  0.0323  0.0321  0.0322  0.0322  0.0321  0.0324  0.0320  0.0325
  0.0333  0.0329  0.0326  0.0329  0.0336  0.0327  0.0332  0.0335  0.0327  0.0334  0.0323  0.0336
  0.0348  0.0340  0.0333  0.0363  0.0360  0.0347  0.0348  0.0357  0.0336  0.0352  0.0326  0.0348
    0.6977   -6.8887    7.0377   -3.5315   -8.2926   -6.4535
    0.2228    3.3333    0.6801    7.2739   -2.9792  -26.5045
eta,q 0.96805 12.64738

---------------------------------------------------------------------
imgreg_4dfp /opt/freesurfer/average/711-2C_as_mni_average_305 /opt/freesurfer/average/711-2B_as_mni_average_305_mask talsrcimg_g11 none talsrcimg_to_711-2C_as_mni_average_305_t4 2311
---------------------------------------------------------------------

freesurfer imgreg_4dfp.c
/opt/freesurfer/average/711-2C_as_mni_average_305.4dfp.img
       256       256       256         1
  1.000000  1.000000  1.000000
orientation T byte_order littleendian
Reading image: /opt/freesurfer/average/711-2C_as_mni_average_305.4dfp.img
dimensions:      256       256       256
mmppix:       1.0000   -1.0000   -1.0000
center:     128.0000 -129.0000 -129.0000
/opt/freesurfer/average/711-2B_as_mni_average_305_mask.4dfp.img
       256       256       256         1
  1.000000  1.000000  1.000000
orientation T byte_order littleendian
Reading mask: /opt/freesurfer/average/711-2B_as_mni_average_305_mask.4dfp.img (2306576 pixels)
talsrcimg_g11.4dfp.img
       256       256       256         1
  1.000000  1.000000  1.000000
orientation T byte_order littleendian
Reading image: talsrcimg_g11.4dfp.img
dimensions:      256       256       256
mmppix:       1.0000   -1.0000   -1.0000
center:     128.0000 -129.0000 -129.0000
fimgreg.f
image alignment mode   2311 decimal      907 hex
parameters
    0.6977   -6.8887    7.0377   -3.5315   -8.2926   -6.4535
    0.2228    3.3333    0.6801    7.2739   -2.9792  -26.5045
eta,q 0.96805 12.64738
niter,ni,del,rscale     5    3    5.0000    0.8000
parameters
    0.6805   -6.9151    6.9145   -1.7226   -8.4026   -6.5602
    0.1132    3.7115    0.5789    7.3439   -2.9345  -26.5303
eta,q 0.96843 12.69878
  0.0332  0.0329  0.0324  0.0339  0.0330  0.0324  0.0330  0.0338  0.0324  0.0328  0.0320  0.0323
  0.0325  0.0323  0.0321  0.0333  0.0322  0.0320  0.0322  0.0327  0.0319  0.0321  0.0318  0.0319
  0.0321  0.0320  0.0320  0.0326  0.0318  0.0317  0.0318  0.0320  0.0317  0.0317  0.0316  0.0317
  0.0320  0.0320  0.0319  0.0319  0.0316  0.0316  0.0316  0.0316  0.0316  0.0316  0.0316  0.0316
  0.0321  0.0321  0.0320  0.0316  0.0318  0.0317  0.0318  0.0317  0.0317  0.0317  0.0316  0.0317
  0.0326  0.0324  0.0322  0.0318  0.0323  0.0320  0.0323  0.0322  0.0320  0.0321  0.0318  0.0319
  0.0333  0.0329  0.0325  0.0324  0.0332  0.0325  0.0331  0.0333  0.0325  0.0327  0.0320  0.0323
niter,ni,del,rscale     4    3    5.0000    0.7000
parameters
    0.5970   -6.9394    7.0029   -1.8213   -8.2617   -6.3081
    0.2363    3.7270    0.5287    7.3220   -2.8785  -26.4425
eta,q 0.96843 12.71755
  0.0326  0.0323  0.0320  0.0331  0.0327  0.0323  0.0328  0.0331  0.0322  0.0325  0.0319  0.0322
  0.0320  0.0319  0.0318  0.0324  0.0321  0.0319  0.0321  0.0323  0.0318  0.0320  0.0317  0.0319
  0.0316  0.0316  0.0316  0.0318  0.0317  0.0317  0.0317  0.0318  0.0316  0.0317  0.0316  0.0316
  0.0316  0.0316  0.0316  0.0316  0.0316  0.0316  0.0316  0.0316  0.0316  0.0316  0.0316  0.0316
  0.0318  0.0317  0.0316  0.0317  0.0317  0.0316  0.0317  0.0317  0.0316  0.0317  0.0316  0.0316
  0.0322  0.0319  0.0317  0.0323  0.0320  0.0318  0.0320  0.0322  0.0319  0.0320  0.0317  0.0318
  0.0329  0.0323  0.0319  0.0334  0.0326  0.0322  0.0327  0.0332  0.0322  0.0325  0.0319  0.0321
niter,ni,del,rscale     3    3    5.0000    0.6000
parameters
    0.5997   -6.9672    7.0782   -1.7717   -8.2749   -6.1671
    0.2715    3.7564    0.5057    7.2420   -2.8389  -26.3503
eta,q 0.96845 12.72414
  0.0325  0.0321  0.0319  0.0328  0.0324  0.0321  0.0324  0.0327  0.0320  0.0322  0.0318  0.0320
  0.0320  0.0318  0.0317  0.0322  0.0319  0.0318  0.0320  0.0321  0.0318  0.0318  0.0317  0.0318
  0.0317  0.0316  0.0316  0.0318  0.0317  0.0316  0.0317  0.0317  0.0316  0.0316  0.0316  0.0316
  0.0316  0.0316  0.0316  0.0316  0.0316  0.0316  0.0316  0.0316  0.0316  0.0316  0.0316  0.0316
  0.0317  0.0316  0.0316  0.0317  0.0316  0.0316  0.0316  0.0317  0.0316  0.0317  0.0316  0.0316
  0.0320  0.0318  0.0317  0.0321  0.0319  0.0317  0.0319  0.0321  0.0318  0.0319  0.0317  0.0317
  0.0324  0.0321  0.0318  0.0328  0.0324  0.0320  0.0324  0.0327  0.0320  0.0323  0.0318  0.0320
niter,ni,del,rscale     2    3    5.0000    0.5000
parameters
    0.5999   -6.9770    7.1353   -1.6973   -8.2997   -6.0979
    0.2999    3.7960    0.4804    7.1535   -2.8359  -26.2501
eta,q 0.96845 12.72655
  0.0322  0.0319  0.0318  0.0325  0.0321  0.0319  0.0322  0.0324  0.0319  0.0320  0.0317  0.0319
  0.0318  0.0317  0.0317  0.0320  0.0318  0.0317  0.0318  0.0319  0.0317  0.0317  0.0316  0.0317
  0.0316  0.0316  0.0316  0.0317  0.0316  0.0316  0.0316  0.0317  0.0316  0.0316  0.0316  0.0316
  0.0316  0.0316  0.0316  0.0316  0.0315  0.0315  0.0315  0.0316  0.0316  0.0316  0.0316  0.0315
  0.0316  0.0316  0.0316  0.0316  0.0316  0.0316  0.0316  0.0316  0.0316  0.0316  0.0316  0.0316
  0.0318  0.0317  0.0316  0.0319  0.0318  0.0317  0.0318  0.0319  0.0317  0.0318  0.0316  0.0317
  0.0322  0.0319  0.0317  0.0325  0.0322  0.0319  0.0321  0.0324  0.0319  0.0321  0.0317  0.0318
niter,ni,del,rscale     1    3    5.0000    0.4000
parameters
    0.5989   -6.9811    7.1779   -1.6527   -8.3034   -6.0492
    0.3146    3.8199    0.4692    7.0808   -2.8684  -26.1569
eta,q 0.96845 12.72861
  0.0320  0.0318  0.0317  0.0322  0.0319  0.0318  0.0319  0.0321  0.0318  0.0318  0.0317  0.0318
  0.0317  0.0317  0.0316  0.0319  0.0317  0.0317  0.0317  0.0318  0.0316  0.0317  0.0316  0.0316
  0.0316  0.0316  0.0316  0.0316  0.0316  0.0316  0.0316  0.0316  0.0316  0.0316  0.0316  0.0316
  0.0315  0.0315  0.0315  0.0315  0.0315  0.0315  0.0315  0.0315  0.0315  0.0315  0.0315  0.0315
  0.0316  0.0316  0.0316  0.0316  0.0316  0.0316  0.0316  0.0316  0.0316  0.0316  0.0316  0.0316
  0.0317  0.0317  0.0316  0.0318  0.0317  0.0316  0.0317  0.0318  0.0316  0.0317  0.0316  0.0316
  0.0320  0.0318  0.0317  0.0321  0.0319  0.0318  0.0319  0.0321  0.0318  0.0319  0.0317  0.0317
registration optimization eta report
parameter search radius
    0.8000    0.8000    0.8000    2.4000    2.4000    2.4000
    2.4000    2.4000    2.4000    2.4000    2.4000    2.4000
100000*second partial in parameter space
       63.       39.       21.       11.        7.        4.
        7.        9.        4.        5.        2.        4.
  0.0320  0.0318  0.0317  0.0322  0.0319  0.0318  0.0319  0.0321  0.0318  0.0318  0.0317  0.0318
  0.0317  0.0317  0.0316  0.0319  0.0317  0.0317  0.0317  0.0318  0.0316  0.0317  0.0316  0.0316
  0.0316  0.0316  0.0316  0.0316  0.0316  0.0316  0.0316  0.0316  0.0316  0.0316  0.0316  0.0316
  0.0315  0.0315  0.0315  0.0315  0.0315  0.0315  0.0315  0.0315  0.0315  0.0315  0.0315  0.0315
  0.0316  0.0316  0.0316  0.0316  0.0316  0.0316  0.0316  0.0316  0.0316  0.0316  0.0316  0.0316
  0.0317  0.0317  0.0316  0.0318  0.0317  0.0316  0.0317  0.0318  0.0316  0.0317  0.0316  0.0316
  0.0320  0.0318  0.0317  0.0321  0.0319  0.0318  0.0319  0.0321  0.0318  0.0319  0.0317  0.0317
    0.5989   -6.9811    7.1779   -1.6527   -8.3034   -6.0492
    0.3146    3.8199    0.4692    7.0808   -2.8684  -26.1569
eta,q 0.96845 12.72861

---------------------------------------------------------------------
imgreg_4dfp /opt/freesurfer/average/711-2C_as_mni_average_305 /opt/freesurfer/average/711-2B_as_mni_average_305_mask talsrcimg_g11 none talsrcimg_to_711-2C_as_mni_average_305_t4 2311
---------------------------------------------------------------------

freesurfer imgreg_4dfp.c
/opt/freesurfer/average/711-2C_as_mni_average_305.4dfp.img
       256       256       256         1
  1.000000  1.000000  1.000000
orientation T byte_order littleendian
Reading image: /opt/freesurfer/average/711-2C_as_mni_average_305.4dfp.img
dimensions:      256       256       256
mmppix:       1.0000   -1.0000   -1.0000
center:     128.0000 -129.0000 -129.0000
/opt/freesurfer/average/711-2B_as_mni_average_305_mask.4dfp.img
       256       256       256         1
  1.000000  1.000000  1.000000
orientation T byte_order littleendian
Reading mask: /opt/freesurfer/average/711-2B_as_mni_average_305_mask.4dfp.img (2306576 pixels)
talsrcimg_g11.4dfp.img
       256       256       256         1
  1.000000  1.000000  1.000000
orientation T byte_order littleendian
Reading image: talsrcimg_g11.4dfp.img
dimensions:      256       256       256
mmppix:       1.0000   -1.0000   -1.0000
center:     128.0000 -129.0000 -129.0000
fimgreg.f
image alignment mode   2311 decimal      907 hex
parameters
    0.5989   -6.9811    7.1779   -1.6527   -8.3034   -6.0492
    0.3146    3.8199    0.4692    7.0808   -2.8684  -26.1569
eta,q 0.96845 12.72861
niter,ni,del,rscale     5    3    5.0000    0.8000
parameters
    0.6349   -6.9771    7.2728   -1.9940   -8.2993   -5.7821
    0.3117    3.7508    0.5155    7.1252   -2.7234  -26.2245
eta,q 0.96843 12.73501
  0.0332  0.0326  0.0322  0.0333  0.0330  0.0325  0.0330  0.0335  0.0324  0.0328  0.0321  0.0323
  0.0323  0.0320  0.0318  0.0325  0.0323  0.0320  0.0323  0.0325  0.0320  0.0321  0.0318  0.0319
  0.0317  0.0317  0.0316  0.0318  0.0318  0.0317  0.0317  0.0318  0.0317  0.0317  0.0316  0.0316
  0.0315  0.0315  0.0315  0.0315  0.0316  0.0316  0.0316  0.0316  0.0316  0.0316  0.0316  0.0316
  0.0317  0.0317  0.0316  0.0318  0.0317  0.0316  0.0317  0.0318  0.0316  0.0317  0.0316  0.0317
  0.0322  0.0320  0.0318  0.0327  0.0322  0.0319  0.0322  0.0325  0.0319  0.0321  0.0318  0.0319
  0.0330  0.0325  0.0320  0.0342  0.0331  0.0323  0.0331  0.0337  0.0324  0.0328  0.0320  0.0323
niter,ni,del,rscale     4    3    5.0000    0.7000
parameters
    0.6378   -6.9880    7.3000   -1.9215   -8.3405   -5.7056
    0.3000    3.7683    0.4968    7.1134   -2.7069  -26.2002
eta,q 0.96844 12.73871
  0.0328  0.0323  0.0320  0.0332  0.0327  0.0322  0.0327  0.0331  0.0322  0.0325  0.0319  0.0321
  0.0321  0.0319  0.0317  0.0325  0.0321  0.0319  0.0321  0.0323  0.0318  0.0320  0.0317  0.0318
  0.0317  0.0316  0.0316  0.0319  0.0317  0.0316  0.0317  0.0318  0.0316  0.0317  0.0316  0.0316
  0.0316  0.0316  0.0316  0.0316  0.0316  0.0316  0.0316  0.0316  0.0316  0.0316  0.0316  0.0316
  0.0317  0.0317  0.0316  0.0317  0.0317  0.0316  0.0317  0.0317  0.0316  0.0317  0.0316  0.0316
  0.0321  0.0319  0.0317  0.0322  0.0321  0.0318  0.0321  0.0323  0.0319  0.0320  0.0317  0.0318
  0.0327  0.0323  0.0319  0.0332  0.0327  0.0322  0.0327  0.0332  0.0322  0.0325  0.0319  0.0321
niter,ni,del,rscale     3    3    5.0000    0.6000
parameters
    0.6330   -6.9908    7.3219   -1.8080   -8.3525   -5.6869
    0.3132    3.7993    0.4685    7.0852   -2.7397  -26.1495
eta,q 0.96845 12.74172
  0.0325  0.0321  0.0319  0.0329  0.0324  0.0320  0.0324  0.0328  0.0320  0.0323  0.0318  0.0320
  0.0319  0.0318  0.0317  0.0323  0.0319  0.0318  0.0320  0.0321  0.0318  0.0319  0.0317  0.0318
  0.0316  0.0316  0.0316  0.0318  0.0317  0.0316  0.0317  0.0317  0.0316  0.0316  0.0316  0.0316
  0.0316  0.0316  0.0316  0.0316  0.0316  0.0316  0.0316  0.0316  0.0316  0.0316  0.0316  0.0316
  0.0317  0.0316  0.0316  0.0317  0.0316  0.0316  0.0316  0.0317  0.0316  0.0316  0.0316  0.0316
  0.0320  0.0318  0.0317  0.0321  0.0319  0.0318  0.0319  0.0321  0.0318  0.0319  0.0317  0.0317
  0.0324  0.0321  0.0318  0.0328  0.0324  0.0320  0.0324  0.0328  0.0321  0.0323  0.0318  0.0320
niter,ni,del,rscale     2    3    5.0000    0.5000
parameters
    0.6247   -6.9905    7.3338   -1.7248   -8.3531   -5.7040
    0.3303    3.8381    0.4537    7.0318   -2.7858  -26.1011
eta,q 0.96845 12.74163
  0.0322  0.0319  0.0318  0.0325  0.0321  0.0319  0.0322  0.0324  0.0319  0.0320  0.0317  0.0319
  0.0318  0.0317  0.0316  0.0320  0.0318  0.0317  0.0318  0.0320  0.0317  0.0318  0.0316  0.0317
  0.0316  0.0316  0.0316  0.0317  0.0316  0.0316  0.0316  0.0317  0.0316  0.0316  0.0316  0.0316
  0.0316  0.0315  0.0316  0.0316  0.0315  0.0315  0.0316  0.0316  0.0315  0.0315  0.0315  0.0315
  0.0316  0.0316  0.0316  0.0316  0.0316  0.0316  0.0316  0.0316  0.0316  0.0316  0.0316  0.0316
  0.0319  0.0317  0.0316  0.0319  0.0318  0.0317  0.0318  0.0319  0.0317  0.0318  0.0316  0.0317
  0.0322  0.0319  0.0318  0.0325  0.0321  0.0319  0.0322  0.0324  0.0319  0.0321  0.0317  0.0318
niter,ni,del,rscale     1    3    5.0000    0.4000
parameters
    0.6212   -6.9988    7.3420   -1.6794   -8.3387   -5.6920
    0.3336    3.8615    0.4625    6.9981   -2.7745  -26.0322
eta,q 0.96845 12.74352
  0.0320  0.0318  0.0317  0.0322  0.0319  0.0318  0.0319  0.0321  0.0318  0.0319  0.0317  0.0318
  0.0317  0.0317  0.0316  0.0319  0.0317  0.0316  0.0317  0.0318  0.0316  0.0317  0.0316  0.0316
  0.0316  0.0316  0.0316  0.0316  0.0316  0.0316  0.0316  0.0316  0.0316  0.0316  0.0316  0.0316
  0.0316  0.0316  0.0316  0.0315  0.0316  0.0315  0.0315  0.0315  0.0315  0.0315  0.0315  0.0315
  0.0316  0.0316  0.0316  0.0316  0.0316  0.0316  0.0316  0.0316  0.0316  0.0316  0.0316  0.0316
  0.0317  0.0317  0.0316  0.0318  0.0317  0.0316  0.0317  0.0318  0.0316  0.0317  0.0316  0.0316
  0.0320  0.0318  0.0317  0.0322  0.0319  0.0318  0.0319  0.0321  0.0318  0.0319  0.0317  0.0317
registration optimization eta report
parameter search radius
    0.8000    0.8000    0.8000    2.4000    2.4000    2.4000
    2.4000    2.4000    2.4000    2.4000    2.4000    2.4000
100000*second partial in parameter space
       64.       39.       20.       11.        7.        4.
        7.       10.        4.        6.        2.        3.
  0.0320  0.0318  0.0317  0.0322  0.0319  0.0318  0.0319  0.0321  0.0318  0.0319  0.0317  0.0318
  0.0317  0.0317  0.0316  0.0319  0.0317  0.0316  0.0317  0.0318  0.0316  0.0317  0.0316  0.0316
  0.0316  0.0316  0.0316  0.0316  0.0316  0.0316  0.0316  0.0316  0.0316  0.0316  0.0316  0.0316
  0.0316  0.0316  0.0316  0.0315  0.0316  0.0315  0.0315  0.0315  0.0315  0.0315  0.0315  0.0315
  0.0316  0.0316  0.0316  0.0316  0.0316  0.0316  0.0316  0.0316  0.0316  0.0316  0.0316  0.0316
  0.0317  0.0317  0.0316  0.0318  0.0317  0.0316  0.0317  0.0318  0.0316  0.0317  0.0316  0.0316
  0.0320  0.0318  0.0317  0.0322  0.0319  0.0318  0.0319  0.0321  0.0318  0.0319  0.0317  0.0317
    0.6212   -6.9988    7.3420   -1.6794   -8.3387   -5.6920
    0.3336    3.8615    0.4625    6.9981   -2.7745  -26.0322
eta,q 0.96845 12.74352

---------------------------------------------------------------------
compute_vox2vox talsrcimg talsrcimg_to_711-2C_as_mni_average_305_t4 /opt/freesurfer/average/711-2C_as_mni_average_305
---------------------------------------------------------------------

freesurfer compute_vox2vox.c
Reading: talsrcimg.4dfp.ifh
Reading: talsrcimg_to_711-2C_as_mni_average_305_t4
Reading: /opt/freesurfer/average/711-2C_as_mni_average_305.4dfp.ifh
Writing: talsrcimg_to_711-2C_as_mni_average_305_t4_vox2vox.txt

start time Thu Mar 12 17:59:27 CET 2026
end		time Thu Mar 12 17:59:40 CET 2026

mpr2mni305 success

avi2talxfm orig_nu.mgz /opt/freesurfer/average/mni305.cor.mgz talsrcimg_to_711-2C_as_mni_average_305_t4_vox2vox.txt transforms/talairach.auto.xfm
avi2talxfm done
mv -f /out/sourcedata/freesurfer/sub-v1s20x0050321_ses-1/mri/talsrcimg_to_711-2C_as_mni_average_305_t4_vox2vox.txt /out/sourcedata/freesurfer/sub-v1s20x0050321_ses-1/mri/transforms/talsrcimg_to_711-2C_as_mni_average_305_t4_vox2vox.txt
lta_convert --src orig_nu.mgz --trg /opt/freesurfer/average/mni305.cor.mgz --inxfm transforms/talairach.auto.xfm --outlta transforms/talairach.auto.xfm.lta --subject fsaverage
7.3.2

--src: orig_nu.mgz src image (geometry).
--trg: /opt/freesurfer/average/mni305.cor.mgz trg image (geometry).
--inmni: transforms/talairach.auto.xfm input MNI/XFM transform.
--outlta: transforms/talairach.auto.xfm.lta output LTA.
--s: fsaverage subject name
 LTA read, type : 1
 1.01601  -0.04047  -0.01519  -0.96710;
 0.02789   1.03736   0.29451  -6.25272;
-0.00726  -0.07899   1.06856   7.38677;
 0.00000   0.00000   0.00000   1.00000;
setting subject to fsaverage
Writing  LTA to file transforms/talairach.auto.xfm.lta...
lta_convert successful.
 
 
Started at Thu Mar 12 17:59:26 CET 2026
Ended   at Thu Mar 12 17:59:41 CET 2026
talairach_avi done
