/out/sourcedata/freesurfer/sub-v1s20x0050282_ses-1/mri
/opt/freesurfer/bin/talairach_avi
--i orig_nu.mgz --xfm transforms/talairach.auto.xfm
talairach_avi 7.3.2
Linux dna013 5.14.0-427.37.1.el9_4.x86_64 #1 SMP PREEMPT_DYNAMIC Fri Sep 13 12:41:50 EDT 2024 x86_64 x86_64 x86_64 GNU/Linux
Thu Mar 12 14:57:19 CET 2026
mri_convert orig_nu.mgz talsrcimg.img 
reading from orig_nu.mgz...
TR=0.00, TE=0.00, TI=0.00, flip angle=0.00
i_ras = (-1, 0, 0)
j_ras = (0, 0, -1)
k_ras = (0, 1, 0)
writing to talsrcimg.img...
Analyze Output Matrix
-1.00000   0.00000   0.00000   129.50781;
 0.00000   0.00000   1.00000  -128.49219;
 0.00000  -1.00000   0.00000   129.60004;
 0.00000   0.00000   0.00000   1.00000;
--------------------
INFO: set hdr.hist.orient to -1
mpr2mni305 talsrcimg
Thu Mar 12 14:57:19 CET 2026
/opt/freesurfer/bin/mpr2mni305 talsrcimg
mpr2mni305 7.3.2
target=711-2C_as_mni_average_305

---------------------------------------------------------------------
analyzeto4dfp talsrcimg -O0 -y
---------------------------------------------------------------------

freesurfer ifh2hdr.c
Thu Mar 12 14:57:19 2026
Writing: talsrcimg.4dfp.hdr
freesurfer analyzeto4dfp.c
Reading: talsrcimg.hdr
header size 348 bytes
hdr.dime.datatype	offset=70	value=2
hdr.dime.bitpix		offset=72	value=8
hdr.hist.orient		offset=252	value=-1
dimensionality     4
dimensions       256       256       256         1
Reading: talsrcimg.img
Writing: talsrcimg.4dfp.img
Writing: talsrcimg.4dfp.ifh
ifh2hdr talsrcimg -r0to252
ori=2

---------------------------------------------------------------------
gauss_4dfp talsrcimg 1.1
---------------------------------------------------------------------

freesurfer gauss_4dfp.c
Reading: talsrcimg.4dfp.img
Writing: talsrcimg_g11.4dfp.img
image dimensions 256 256 256 padded to 288 288 288
processing volume 1freesurfer ifh2hdr.c
Thu Mar 12 14:57:21 2026
Writing: talsrcimg_g11.4dfp.hdr

Writing: talsrcimg_g11.4dfp.ifh
including: talsrcimg.4dfp.img.rec in talsrcimg_g11.4dfp.img.rec

---------------------------------------------------------------------
imgreg_4dfp /opt/freesurfer/average/711-2C_as_mni_average_305 none talsrcimg_g11 none talsrcimg_to_711-2C_as_mni_average_305_t4 4355
---------------------------------------------------------------------

freesurfer imgreg_4dfp.c
/opt/freesurfer/average/711-2C_as_mni_average_305.4dfp.img
       256       256       256         1
  1.000000  1.000000  1.000000
orientation T byte_order littleendian
Reading image: /opt/freesurfer/average/711-2C_as_mni_average_305.4dfp.img
dimensions:      256       256       256
mmppix:       1.0000   -1.0000   -1.0000
center:     128.0000 -129.0000 -129.0000
talsrcimg_g11.4dfp.img
       256       256       256         1
  1.000000  1.000000  1.000000
orientation T byte_order littleendian
Reading image: talsrcimg_g11.4dfp.img
dimensions:      256       256       256
mmppix:       1.0000   -1.0000   -1.0000
center:     128.0000 -129.0000 -129.0000
t4_read: open error in t4_sub.f l:  41 t4_file(1:l)talsrcimg_to_711-2C_as_mni_average_305_t4 
t4_read: transform initialized to I4
rotation matrix determinant  1.000000
image alignment mode   4355 decimal     1103 hex
   -7.5000  -45.0000  -45.0000 7566.3906   15.8615
    0.0000  -45.0000  -45.0000 7887.7373   15.8300
    7.5000  -45.0000  -45.0000 7505.7822   15.8084
   -7.5000  -37.5000  -45.0000 8174.1133   15.8629
    0.0000  -37.5000  -45.0000 8509.4346   15.8346
    7.5000  -37.5000  -45.0000 8097.7666   15.8142
   -7.5000  -30.0000  -45.0000 9030.2363   15.9090
    0.0000  -30.0000  -45.0000 9395.3232   15.8831
    7.5000  -30.0000  -45.0000 8949.8086   15.8597
   -7.5000  -22.5000  -45.0000 9757.6709   15.9595
    0.0000  -22.5000  -45.000010176.6777   15.9329
    7.5000  -22.5000  -45.0000 9691.5674   15.9060
   -7.5000  -15.0000  -45.000010391.8057   15.9677
    0.0000  -15.0000  -45.000010859.9277   15.9383
    7.5000  -15.0000  -45.000010331.3154   15.9102
   -7.5000   -7.5000  -45.000011058.6143   15.9156
    0.0000   -7.5000  -45.000011533.3984   15.8837
    7.5000   -7.5000  -45.000010989.2197   15.8578
   -7.5000    0.0000  -45.000011672.9639   15.8615
    0.0000    0.0000  -45.000012150.1611   15.8300
    7.5000    0.0000  -45.000011567.0596   15.8084
   -7.5000    7.5000  -45.000011468.7744   15.8629
    0.0000    7.5000  -45.000011929.7715   15.8346
    7.5000    7.5000  -45.000011359.2842   15.8142
   -7.5000   15.0000  -45.000011068.9922   15.9090
    0.0000   15.0000  -45.000011506.4932   15.8831
    7.5000   15.0000  -45.000010941.0117   15.8597
   -7.5000   22.5000  -45.000010513.3857   15.9574
    0.0000   22.5000  -45.000010925.8105   15.9307
    7.5000   22.5000  -45.000010394.5498   15.9039
   -7.5000   30.0000  -45.0000 9726.2949   15.7549
    0.0000   30.0000  -45.000010092.9434   15.7259
    7.5000   30.0000  -45.0000 9590.4785   15.6981
   -7.5000   37.5000  -45.0000 9307.7461   15.7035
    0.0000   37.5000  -45.0000 9660.9951   15.6720
    7.5000   37.5000  -45.0000 9164.3584   15.6465
   -7.5000   45.0000  -45.0000 8566.6172   15.2527
    0.0000   45.0000  -45.0000 8897.2041   15.2225
    7.5000   45.0000  -45.0000 8433.4590   15.2016
   -7.5000  -45.0000  -37.5000 8135.8247   15.8183
    0.0000  -45.0000  -37.5000 8461.4707   15.7892
    7.5000  -45.0000  -37.5000 8061.5742   15.7620
   -7.5000  -37.5000  -37.5000 8789.1377   15.8225
    0.0000  -37.5000  -37.5000 9127.8125   15.7977
    7.5000  -37.5000  -37.5000 8692.1484   15.7740
   -7.5000  -30.0000  -37.5000 9682.1045   15.8621
    0.0000  -30.0000  -37.500010061.5088   15.8424
    7.5000  -30.0000  -37.5000 9578.2617   15.8172
   -7.5000  -22.5000  -37.500010434.9512   15.9026
    0.0000  -22.5000  -37.500010866.2939   15.8839
    7.5000  -22.5000  -37.500010342.1807   15.8546
   -7.5000  -15.0000  -37.500011131.2510   15.9064
    0.0000  -15.0000  -37.500011574.4141   15.8839
    7.5000  -15.0000  -37.500011031.1172   15.8520
   -7.5000   -7.5000  -37.500011835.8438   15.8616
    0.0000   -7.5000  -37.500012274.4609   15.8338
    7.5000   -7.5000  -37.500011710.1406   15.8024
   -7.5000    0.0000  -37.500012448.6748   15.8183
    0.0000    0.0000  -37.500012903.6934   15.7892
    7.5000    0.0000  -37.500012317.7090   15.7620
   -7.5000    7.5000  -37.500012191.4785   15.8225
    0.0000    7.5000  -37.500012635.2979   15.7977
    7.5000    7.5000  -37.500012062.0176   15.7740
   -7.5000   15.0000  -37.500011763.2285   15.8621
    0.0000   15.0000  -37.500012171.5605   15.8424
    7.5000   15.0000  -37.500011607.6875   15.8172
   -7.5000   22.5000  -37.500011155.5859   15.9004
    0.0000   22.5000  -37.500011555.5068   15.8817
    7.5000   22.5000  -37.500011011.1211   15.8524
   -7.5000   30.0000  -37.500010279.1777   15.6944
    0.0000   30.0000  -37.500010640.9580   15.6722
    7.5000   30.0000  -37.500010142.3994   15.6407
   -7.5000   37.5000  -37.5000 9829.7471   15.6502
    0.0000   37.5000  -37.500010167.6875   15.6228
    7.5000   37.5000  -37.5000 9673.6611   15.5918
   -7.5000   45.0000  -37.5000 9041.8799   15.2112
    0.0000   45.0000  -37.5000 9373.5244   15.1832
    7.5000   45.0000  -37.5000 8894.9736   15.1571
   -7.5000  -45.0000  -30.0000 8838.1729   16.4577
    0.0000  -45.0000  -30.0000 9156.5254   16.4361
    7.5000  -45.0000  -30.0000 8728.4092   16.4137
   -7.5000  -37.5000  -30.0000 9550.3711   16.4590
    0.0000  -37.5000  -30.0000 9887.5869   16.4431
    7.5000  -37.5000  -30.0000 9429.2705   16.4257
   -7.5000  -30.0000  -30.000010507.8643   16.4973
    0.0000  -30.0000  -30.000010888.1348   16.4870
    7.5000  -30.0000  -30.000010393.4307   16.4695
   -7.5000  -22.5000  -30.000011280.3203   16.5399
    0.0000  -22.5000  -30.000011713.6279   16.5300
    7.5000  -22.5000  -30.000011193.0596   16.5086
   -7.5000  -15.0000  -30.000012044.4766   16.5473
    0.0000  -15.0000  -30.000012496.7295   16.5326
    7.5000  -15.0000  -30.000011937.1855   16.5073
   -7.5000   -7.5000  -30.000012797.2539   16.5033
    0.0000   -7.5000  -30.000013292.6963   16.4824
    7.5000   -7.5000  -30.000012655.4453   16.4560
   -7.5000    0.0000  -30.000013455.4521   16.4577
    0.0000    0.0000  -30.000013966.9102   16.4361
    7.5000    0.0000  -30.000013298.2354   16.4137
   -7.5000    7.5000  -30.000013147.1396   16.4590
    0.0000    7.5000  -30.000013632.5176   16.4431
    7.5000    7.5000  -30.000012994.3604   16.4257
   -7.5000   15.0000  -30.000012632.4795   16.4973
    0.0000   15.0000  -30.000013091.9131   16.4870
    7.5000   15.0000  -30.000012494.2891   16.4695
   -7.5000   22.5000  -30.000011952.1338   16.5359
    0.0000   22.5000  -30.000012357.4951   16.5261
    7.5000   22.5000  -30.000011800.1621   16.5046
   -7.5000   30.0000  -30.000011026.3574   16.3283
    0.0000   30.0000  -30.000011371.2803   16.3139
    7.5000   30.0000  -30.000010859.5459   16.2888
   -7.5000   37.5000  -30.000010527.1250   16.2849
    0.0000   37.5000  -30.000010862.2979   16.2643
    7.5000   37.5000  -30.000010381.2998   16.2383
   -7.5000   45.0000  -30.0000 9617.5459   15.8376
    0.0000   45.0000  -30.0000 9960.1162   15.8168
    7.5000   45.0000  -30.0000 9477.3408   15.7953
   -7.5000  -45.0000  -22.5000 9560.8164   17.0108
    0.0000  -45.0000  -22.5000 9902.1963   16.9968
    7.5000  -45.0000  -22.5000 9412.3154   16.9864
   -7.5000  -37.5000  -22.500010299.1885   17.0062
    0.0000  -37.5000  -22.500010678.5547   16.9974
    7.5000  -37.5000  -22.500010161.2578   16.9915
   -7.5000  -30.0000  -22.500011325.8887   17.0492
    0.0000  -30.0000  -22.500011764.7383   17.0427
    7.5000  -30.0000  -22.500011200.8584   17.0367
   -7.5000  -22.5000  -22.500012154.7402   17.1036
    0.0000  -22.5000  -22.500012637.9033   17.0947
    7.5000  -22.5000  -22.500012051.0781   17.0855
   -7.5000  -15.0000  -22.500012940.2900   17.1191
    0.0000  -15.0000  -22.500013468.3535   17.1057
    7.5000  -15.0000  -22.500012821.9404   17.0929
   -7.5000   -7.5000  -22.500013749.2529   17.0690
    0.0000   -7.5000  -22.500014331.0459   17.0529
    7.5000   -7.5000  -22.500013603.3096   17.0387
   -7.5000    0.0000  -22.500014468.6426   17.0108
    0.0000    0.0000  -22.500015070.5195   16.9968
    7.5000    0.0000  -22.500014308.0957   16.9864
   -7.5000    7.5000  -22.500014103.1543   17.0062
    0.0000    7.5000  -22.500014702.8447   16.9974
    7.5000    7.5000  -22.500013957.4814   16.9915
   -7.5000   15.0000  -22.500013485.1514   17.0492
    0.0000   15.0000  -22.500014035.1963   17.0427
    7.5000   15.0000  -22.500013372.9238   17.0367
   -7.5000   22.5000  -22.500012752.7666   17.0984
    0.0000   22.5000  -22.500013190.1914   17.0895
    7.5000   22.5000  -22.500012603.7734   17.0802
   -7.5000   30.0000  -22.500011721.3730   16.8952
    0.0000   30.0000  -22.500012117.2109   16.8820
    7.5000   30.0000  -22.500011609.8154   16.8693
   -7.5000   37.5000  -22.500011201.5596   16.8458
    0.0000   37.5000  -22.500011569.2480   16.8298
    7.5000   37.5000  -22.500011067.7070   16.8158
   -7.5000   45.0000  -22.500010195.0020   16.3822
    0.0000   45.0000  -22.500010550.6670   16.3687
    7.5000   45.0000  -22.500010063.7119   16.3587
   -7.5000  -45.0000  -15.000010223.0498   17.4302
    0.0000  -45.0000  -15.000010600.9541   17.4157
    7.5000  -45.0000  -15.000010093.6133   17.4128
   -7.5000  -37.5000  -15.000011024.2344   17.4218
    0.0000  -37.5000  -15.000011440.5127   17.4110
    7.5000  -37.5000  -15.000010875.0908   17.4105
   -7.5000  -30.0000  -15.000012158.0459   17.4719
    0.0000  -30.0000  -15.000012641.3750   17.4601
    7.5000  -30.0000  -15.000011983.4326   17.4576
   -7.5000  -22.5000  -15.000013086.8438   17.5385
    0.0000  -22.5000  -15.000013616.4795   17.5224
    7.5000  -22.5000  -15.000012906.5986   17.5168
   -7.5000  -15.0000  -15.000013862.2441   17.5596
    0.0000  -15.0000  -15.000014482.2500   17.5405
    7.5000  -15.0000  -15.000013710.0059   17.5326
   -7.5000   -7.5000  -15.000014647.9736   17.5014
    0.0000   -7.5000  -15.000015375.5059   17.4828
    7.5000   -7.5000  -15.000014563.4600   17.4756
   -7.5000    0.0000  -15.000015390.3594   17.4302
    0.0000    0.0000  -15.000016160.7539   17.4157
    7.5000    0.0000  -15.000015303.3027   17.4128
   -7.5000    7.5000  -15.000015010.3047   17.4218
    0.0000    7.5000  -15.000015731.8496   17.4110
    7.5000    7.5000  -15.000014920.6250   17.4105
   -7.5000   15.0000  -15.000014335.1904   17.4719
    0.0000   15.0000  -15.000014968.6357   17.4601
    7.5000   15.0000  -15.000014249.2334   17.4576
   -7.5000   22.5000  -15.000013526.9863   17.5323
    0.0000   22.5000  -15.000014048.6455   17.5162
    7.5000   22.5000  -15.000013431.4805   17.5106
   -7.5000   30.0000  -15.000012437.4375   17.3324
    0.0000   30.0000  -15.000012907.4697   17.3135
    7.5000   30.0000  -15.000012369.8105   17.3057
   -7.5000   37.5000  -15.000011878.5459   17.2749
    0.0000   37.5000  -15.000012316.3789   17.2566
    7.5000   37.5000  -15.000011793.1104   17.2494
   -7.5000   45.0000  -15.000010779.0322   16.7963
    0.0000   45.0000  -15.000011185.5840   16.7823
    7.5000   45.0000  -15.000010683.1514   16.7795
   -7.5000  -45.0000   -7.500010913.0371   17.6619
    0.0000  -45.0000   -7.500011366.0400   17.6369
    7.5000  -45.0000   -7.500010807.5078   17.6271
   -7.5000  -37.5000   -7.500011734.7920   17.6562
    0.0000  -37.5000   -7.500012230.5967   17.6344
    7.5000  -37.5000   -7.500011598.5469   17.6256
   -7.5000  -30.0000   -7.500012990.7510   17.7102
    0.0000  -30.0000   -7.500013528.9170   17.6880
    7.5000  -30.0000   -7.500012790.7539   17.6757
   -7.5000  -22.5000   -7.500014110.7227   17.7777
    0.0000  -22.5000   -7.500014711.7773   17.7521
    7.5000  -22.5000   -7.500013846.7412   17.7362
   -7.5000  -15.0000   -7.500014896.0986   17.7959
    0.0000  -15.0000   -7.500015706.3232   17.7677
    7.5000  -15.0000   -7.500014759.2549   17.7506
   -7.5000   -7.5000   -7.500015588.3896   17.7339
    0.0000   -7.5000   -7.500016563.1387   17.7059
    7.5000   -7.5000   -7.500015632.9736   17.6912
   -7.5000    0.0000   -7.500016321.0518   17.6619
    0.0000    0.0000   -7.500017296.1934   17.6369
    7.5000    0.0000   -7.500016363.2314   17.6271
   -7.5000    7.5000   -7.500015891.0742   17.6562
    0.0000    7.5000   -7.500016773.2969   17.6344
    7.5000    7.5000   -7.500015879.1426   17.6256
   -7.5000   15.0000   -7.500015171.4980   17.7102
    0.0000   15.0000   -7.500015932.9902   17.6880
    7.5000   15.0000   -7.500015135.7969   17.6757
   -7.5000   22.5000   -7.500014299.1133   17.7695
    0.0000   22.5000   -7.500014963.5654   17.7439
    7.5000   22.5000   -7.500014258.4971   17.7280
   -7.5000   30.0000   -7.500013193.2686   17.5651
    0.0000   30.0000   -7.500013802.9453   17.5373
    7.5000   30.0000   -7.500013181.3340   17.5204
   -7.5000   37.5000   -7.500012580.6455   17.5040
    0.0000   37.5000   -7.500013142.0107   17.4763
    7.5000   37.5000   -7.500012545.3721   17.4618
   -7.5000   45.0000   -7.500011426.5664   17.0228
    0.0000   45.0000   -7.500011916.5732   16.9986
    7.5000   45.0000   -7.500011371.1348   16.9892
   -7.5000  -45.0000    0.000011485.3154   17.7149
    0.0000  -45.0000    0.000012025.4473   17.6806
    7.5000  -45.0000    0.000011434.4502   17.6566
   -7.5000  -37.5000    0.000012332.3428   17.7164
    0.0000  -37.5000    0.000012905.6201   17.6856
    7.5000  -37.5000    0.000012221.4160   17.6633
   -7.5000  -30.0000    0.000013727.6826   17.7675
    0.0000  -30.0000    0.000014293.7881   17.7394
    7.5000  -30.0000    0.000013475.0186   17.7138
   -7.5000  -22.5000    0.000015058.0547   17.8237
    0.0000  -22.5000    0.000015871.5361   17.7947
    7.5000  -22.5000    0.000014739.6357   17.7652
   -7.5000  -15.0000    0.000015953.7109   17.8328
    0.0000  -15.0000    0.000017193.8984   17.8007
    7.5000  -15.0000    0.000015898.8145   17.7697
   -7.5000   -7.5000    0.000016553.7617   17.7750
    0.0000   -7.5000    0.000017897.6641   17.7401
    7.5000   -7.5000    0.000016737.2363   17.7114
   -7.5000    0.0000    0.000017183.8242   17.7149
    0.0000    0.0000    0.000018435.5098   17.6806
    7.5000    0.0000    0.000017352.7793   17.6566
   -7.5000    7.5000    0.000016712.3105   17.7164
    0.0000    7.5000    0.000017800.0059   17.6856
    7.5000    7.5000    0.000016784.2188   17.6633
   -7.5000   15.0000    0.000015971.9961   17.7675
    0.0000   15.0000    0.000016912.2812   17.7394
    7.5000   15.0000    0.000015966.0801   17.7138
   -7.5000   22.5000    0.000015038.2148   17.8154
    0.0000   22.5000    0.000015873.6973   17.7865
    7.5000   22.5000    0.000014998.6865   17.7570
   -7.5000   30.0000    0.000013904.0459   17.6020
    0.0000   30.0000    0.000014634.0361   17.5703
    7.5000   30.0000    0.000013837.8467   17.5397
   -7.5000   37.5000    0.000013246.1943   17.5449
    0.0000   37.5000    0.000013891.8838   17.5105
    7.5000   37.5000    0.000013157.8145   17.4822
   -7.5000   45.0000    0.000012032.5010   17.0751
    0.0000   45.0000    0.000012584.0957   17.0420
    7.5000   45.0000    0.000011945.0039   17.0190
   -7.5000  -45.0000    7.500011202.7588   17.7011
    0.0000  -45.0000    7.500011738.1416   17.6685
    7.5000  -45.0000    7.500011118.8076   17.6381
   -7.5000  -37.5000    7.500012020.6416   17.7058
    0.0000  -37.5000    7.500012572.2090   17.6780
    7.5000  -37.5000    7.500011895.9131   17.6515
   -7.5000  -30.0000    7.500013355.6025   17.7501
    0.0000  -30.0000    7.500014004.6660   17.7280
    7.5000  -30.0000    7.500013167.5059   17.6999
   -7.5000  -22.5000    7.500014669.8652   17.7954
    0.0000  -22.5000    7.500015720.6748   17.7745
    7.5000  -22.5000    7.500014467.3262   17.7418
   -7.5000  -15.0000    7.500015701.6084   17.7997
    0.0000  -15.0000    7.500016985.8359   17.7745
    7.5000  -15.0000    7.500015502.2070   17.7388
   -7.5000   -7.5000    7.500016320.9727   17.7495
    0.0000   -7.5000    7.500017595.9961   17.7184
    7.5000   -7.5000    7.500016228.0684   17.6833
   -7.5000    0.0000    7.500016961.8320   17.7011
    0.0000    0.0000    7.500018215.0410   17.6685
    7.5000    0.0000    7.500016885.3066   17.6381
   -7.5000    7.5000    7.500016438.5566   17.7058
    0.0000    7.5000    7.500017538.9492   17.6780
    7.5000    7.5000    7.500016356.8770   17.6515
   -7.5000   15.0000    7.500015647.4219   17.7501
    0.0000   15.0000    7.500016574.6680   17.7280
    7.5000   15.0000    7.500015516.8594   17.6999
   -7.5000   22.5000    7.500014670.7178   17.7872
    0.0000   22.5000    7.500015440.8428   17.7663
    7.5000   22.5000    7.500014510.1631   17.7336
   -7.5000   30.0000    7.500013545.2842   17.5693
    0.0000   30.0000    7.500014222.4854   17.5445
    7.5000   30.0000    7.500013387.6104   17.5092
   -7.5000   37.5000    7.500012909.8320   17.5198
    0.0000   37.5000    7.500013529.0361   17.4891
    7.5000   37.5000    7.500012741.4766   17.4545
   -7.5000   45.0000    7.500011717.5830   17.0618
    0.0000   45.0000    7.500012246.8789   17.0304
    7.5000   45.0000    7.500011560.5498   17.0011
   -7.5000  -45.0000   15.000010771.4258   17.6728
    0.0000  -45.0000   15.000011310.4932   17.6496
    7.5000  -45.0000   15.000010683.9561   17.6256
   -7.5000  -37.5000   15.000011550.0664   17.6743
    0.0000  -37.5000   15.000012099.5928   17.6571
    7.5000  -37.5000   15.000011429.9336   17.6385
   -7.5000  -30.0000   15.000012788.2949   17.7153
    0.0000  -30.0000   15.000013473.0693   17.7043
    7.5000  -30.0000   15.000012649.8418   17.6856
   -7.5000  -22.5000   15.000013973.4600   17.7611
    0.0000  -22.5000   15.000014944.2031   17.7505
    7.5000  -22.5000   15.000013761.6191   17.7275
   -7.5000  -15.0000   15.000015042.8643   17.7691
    0.0000  -15.0000   15.000015938.7676   17.7533
    7.5000  -15.0000   15.000014565.1475   17.7261
   -7.5000   -7.5000   15.000015977.3037   17.7218
    0.0000   -7.5000   15.000016766.9102   17.6994
    7.5000   -7.5000   15.000015307.7168   17.6711
   -7.5000    0.0000   15.000016728.4551   17.6728
    0.0000    0.0000   15.000017622.0371   17.6496
    7.5000    0.0000   15.000016114.2119   17.6256
   -7.5000    7.5000   15.000016115.1797   17.6743
    0.0000    7.5000   15.000016962.4180   17.6571
    7.5000    7.5000   15.000015645.1641   17.6385
   -7.5000   15.0000   15.000015173.2744   17.7153
    0.0000   15.0000   15.000015950.7109   17.7043
    7.5000   15.0000   15.000014847.1719   17.6856
   -7.5000   22.5000   15.000014096.0459   17.7529
    0.0000   22.5000   15.000014788.7041   17.7424
    7.5000   22.5000   15.000013856.3174   17.7194
   -7.5000   30.0000   15.000012986.5566   17.5391
    0.0000   30.0000   15.000013643.7695   17.5236
    7.5000   30.0000   15.000012817.7217   17.4967
   -7.5000   37.5000   15.000012389.0020   17.4925
    0.0000   37.5000   15.000013005.9473   17.4704
    7.5000   37.5000   15.000012247.2363   17.4424
   -7.5000   45.0000   15.000011264.7715   17.0346
    0.0000   45.0000   15.000011794.1006   17.0122
    7.5000   45.0000   15.000011125.6152   16.9890
   -7.5000  -45.0000   22.500010214.0049   17.6585
    0.0000  -45.0000   22.500010683.2344   17.6440
    7.5000  -45.0000   22.500010083.2285   17.6332
   -7.5000  -37.5000   22.500010986.3906   17.6538
    0.0000  -37.5000   22.500011462.6953   17.6447
    7.5000  -37.5000   22.500010806.2959   17.6386
   -7.5000  -30.0000   22.500012152.2773   17.6984
    0.0000  -30.0000   22.500012749.3613   17.6916
    7.5000  -30.0000   22.500011986.1104   17.6854
   -7.5000  -22.5000   22.500013178.1582   17.7550
    0.0000  -22.5000   22.500013947.8652   17.7457
    7.5000  -22.5000   22.500012973.3887   17.7361
   -7.5000  -15.0000   22.500014035.7803   17.7710
    0.0000  -15.0000   22.500014723.8213   17.7571
    7.5000  -15.0000   22.500013644.4883   17.7438
   -7.5000   -7.5000   22.500014873.2969   17.7190
    0.0000   -7.5000   22.500015561.4854   17.7023
    7.5000   -7.5000   22.500014424.7539   17.6875
   -7.5000    0.0000   22.500015652.0908   17.6585
    0.0000    0.0000   22.500016403.4883   17.6440
    7.5000    0.0000   22.500015221.7168   17.6332
   -7.5000    7.5000   22.500015220.7236   17.6538
    0.0000    7.5000   22.500015937.4443   17.6447
    7.5000    7.5000   22.500014809.0625   17.6386
   -7.5000   15.0000   22.500014419.8867   17.6984
    0.0000   15.0000   22.500015057.1494   17.6916
    7.5000   15.0000   22.500014068.6191   17.6854
   -7.5000   22.5000   22.500013396.4297   17.7468
    0.0000   22.5000   22.500013991.1758   17.7375
    7.5000   22.5000   22.500013116.1484   17.7279
   -7.5000   30.0000   22.500012328.4629   17.5410
    0.0000   30.0000   22.500012898.2061   17.5273
    7.5000   30.0000   22.500012115.1748   17.5141
   -7.5000   37.5000   22.500011757.7070   17.4897
    0.0000   37.5000   22.500012286.9170   17.4732
    7.5000   37.5000   22.500011551.8594   17.4586
   -7.5000   45.0000   22.500010663.1328   17.0208
    0.0000   45.0000   22.500011128.8828   17.0068
    7.5000   45.0000   22.500010492.4639   16.9964
   -7.5000  -45.0000   30.0000 9513.2998   17.6780
    0.0000  -45.0000   30.0000 9904.6279   17.6633
    7.5000  -45.0000   30.0000 9411.6611   17.6604
   -7.5000  -37.5000   30.000010211.5059   17.6694
    0.0000  -37.5000   30.000010629.3760   17.6585
    7.5000  -37.5000   30.000010115.9893   17.6581
   -7.5000  -30.0000   30.000011219.4502   17.7203
    0.0000  -30.0000   30.000011746.4072   17.7083
    7.5000  -30.0000   30.000011180.6982   17.7057
   -7.5000  -22.5000   30.000012117.4727   17.7878
    0.0000  -22.5000   30.000012709.2637   17.7714
    7.5000  -22.5000   30.000012027.8096   17.7657
   -7.5000  -15.0000   30.000012870.7012   17.8093
    0.0000  -15.0000   30.000013406.3184   17.7898
    7.5000  -15.0000   30.000012690.5303   17.7818
   -7.5000   -7.5000   30.000013606.1045   17.7502
    0.0000   -7.5000   30.000014203.3955   17.7314
    7.5000   -7.5000   30.000013422.0693   17.7240
   -7.5000    0.0000   30.000014336.4434   17.6780
    0.0000    0.0000   30.000014988.6768   17.6633
    7.5000    0.0000   30.000014155.6533   17.6604
   -7.5000    7.5000   30.000013997.6406   17.6694
    0.0000    7.5000   30.000014612.6650   17.6585
    7.5000    7.5000   30.000013796.8555   17.6581
   -7.5000   15.0000   30.000013330.0762   17.7203
    0.0000   15.0000   30.000013896.6035   17.7083
    7.5000   15.0000   30.000013103.7949   17.7057
   -7.5000   22.5000   30.000012429.6758   17.7796
    0.0000   22.5000   30.000012975.5088   17.7632
    7.5000   22.5000   30.000012230.0938   17.7575
   -7.5000   30.0000   30.000011478.9834   17.5788
    0.0000   30.0000   30.000011990.5322   17.5596
    7.5000   30.0000   30.000011306.0557   17.5516
   -7.5000   37.5000   30.000010898.7432   17.5205
    0.0000   37.5000   30.000011347.1152   17.5019
    7.5000   37.5000   30.000010699.9307   17.4947
   -7.5000   45.0000   30.0000 9868.1055   17.0396
    0.0000   45.0000   30.000010268.5654   17.0254
    7.5000   45.0000   30.0000 9693.9082   17.0226
   -7.5000  -45.0000   37.5000 9128.7275   17.8858
    0.0000  -45.0000   37.5000 9462.2842   17.8603
    7.5000  -45.0000   37.5000 9091.5566   17.8502
   -7.5000  -37.5000   37.5000 9782.1465   17.8799
    0.0000  -37.5000   37.500010134.7539   17.8576
    7.5000  -37.5000   37.5000 9754.3760   17.8485
   -7.5000  -30.0000   37.500010744.2100   17.9356
    0.0000  -30.0000   37.500011180.1484   17.9128
    7.5000  -30.0000   37.500010744.6104   17.9000
   -7.5000  -22.5000   37.500011590.2148   18.0052
    0.0000  -22.5000   37.500012059.9561   17.9788
    7.5000  -22.5000   37.500011532.7305   17.9624
   -7.5000  -15.0000   37.500012320.5068   18.0240
    0.0000  -15.0000   37.500012747.4658   17.9950
    7.5000  -15.0000   37.500012204.9629   17.9774
   -7.5000   -7.5000   37.500013014.4717   17.9601
    0.0000   -7.5000   37.500013505.1826   17.9315
    7.5000   -7.5000   37.500012895.1143   17.9163
   -7.5000    0.0000   37.500013688.4697   17.8858
    0.0000    0.0000   37.500014236.6006   17.8603
    7.5000    0.0000   37.500013572.1113   17.8502
   -7.5000    7.5000   37.500013361.0967   17.8799
    0.0000    7.5000   37.500013872.9287   17.8576
    7.5000    7.5000   37.500013221.9180   17.8485
   -7.5000   15.0000   37.500012757.8525   17.9356
    0.0000   15.0000   37.500013228.4912   17.9128
    7.5000   15.0000   37.500012591.7812   17.9000
   -7.5000   22.5000   37.500011889.9541   17.9969
    0.0000   22.5000   37.500012356.5645   17.9706
    7.5000   22.5000   37.500011760.6689   17.9542
   -7.5000   30.0000   37.500011001.9863   17.7907
    0.0000   30.0000   37.500011439.0938   17.7621
    7.5000   30.0000   37.500010860.1035   17.7447
   -7.5000   37.5000   37.500010401.5713   17.7277
    0.0000   37.5000   37.500010829.4248   17.6994
    7.5000   37.5000   37.500010267.1816   17.6844
   -7.5000   45.0000   37.5000 9401.7588   17.2399
    0.0000   45.0000   37.5000 9782.4678   17.2153
    7.5000   45.0000   37.5000 9283.0420   17.2055
   -7.5000  -45.0000   45.0000 8400.2021   18.1422
    0.0000  -45.0000   45.0000 8707.0850   18.1058
    7.5000  -45.0000   45.0000 8365.6875   18.0807
   -7.5000  -37.5000   45.0000 8983.1211   18.1446
    0.0000  -37.5000   45.0000 9307.8223   18.1121
    7.5000  -37.5000   45.0000 8957.1191   18.0888
   -7.5000  -30.0000   45.0000 9874.7354   18.1997
    0.0000  -30.0000   45.000010248.1855   18.1702
    7.5000  -30.0000   45.0000 9853.5566   18.1436
   -7.5000  -22.5000   45.000010635.4443   18.2596
    0.0000  -22.5000   45.000011024.4727   18.2291
    7.5000  -22.5000   45.000010568.1191   18.1984
   -7.5000  -15.0000   45.000011290.5557   18.2684
    0.0000  -15.0000   45.000011659.5244   18.2345
    7.5000  -15.0000   45.000011192.9814   18.2020
   -7.5000   -7.5000   45.000011898.2754   18.2061
    0.0000   -7.5000   45.000012322.2979   18.1691
    7.5000   -7.5000   45.000011806.7363   18.1390
   -7.5000    0.0000   45.000012484.1709   18.1422
    0.0000    0.0000   45.000012957.4600   18.1058
    7.5000    0.0000   45.000012388.7119   18.0807
   -7.5000    7.5000   45.000012222.0186   18.1446
    0.0000    7.5000   45.000012661.5264   18.1121
    7.5000    7.5000   45.000012093.7061   18.0888
   -7.5000   15.0000   45.000011668.2100   18.1997
    0.0000   15.0000   45.000012105.8076   18.1702
    7.5000   15.0000   45.000011543.1357   18.1436
   -7.5000   22.5000   45.000010883.1299   18.2511
    0.0000   22.5000   45.000011300.7578   18.2206
    7.5000   22.5000   45.000010763.7451   18.1899
   -7.5000   30.0000   45.000010053.7637   18.0304
    0.0000   30.0000   45.000010449.0781   17.9970
    7.5000   30.0000   45.0000 9942.6533   17.9649
   -7.5000   37.5000   45.0000 9504.6787   17.9689
    0.0000   37.5000   45.0000 9878.2188   17.9324
    7.5000   37.5000   45.0000 9397.5342   17.9027
   -7.5000   45.0000   45.0000 8613.8838   17.4949
    0.0000   45.0000   45.0000 8949.4961   17.4598
    7.5000   45.0000   45.0000 8502.5557   17.4356

---------------------------------------------------------------------
imgreg_4dfp /opt/freesurfer/average/711-2C_as_mni_average_305 /opt/freesurfer/average/711-2B_as_mni_average_305_mask talsrcimg_g11 none talsrcimg_to_711-2C_as_mni_average_305_t4 4355
---------------------------------------------------------------------

freesurfer imgreg_4dfp.c
/opt/freesurfer/average/711-2C_as_mni_average_305.4dfp.img
       256       256       256         1
  1.000000  1.000000  1.000000
orientation T byte_order littleendian
Reading image: /opt/freesurfer/average/711-2C_as_mni_average_305.4dfp.img
dimensions:      256       256       256
mmppix:       1.0000   -1.0000   -1.0000
center:     128.0000 -129.0000 -129.0000
/opt/freesurfer/average/711-2B_as_mni_average_305_mask.4dfp.img
       256       256       256         1
  1.000000  1.000000  1.000000
orientation T byte_order littleendian
Reading mask: /opt/freesurfer/average/711-2B_as_mni_average_305_mask.4dfp.img (2306576 pixels)
talsrcimg_g11.4dfp.img
       256       256       256         1
  1.000000  1.000000  1.000000
orientation T byte_order littleendian
Reading image: talsrcimg_g11.4dfp.img
dimensions:      256       256       256
mmppix:       1.0000   -1.0000   -1.0000
center:     128.0000 -129.0000 -129.0000
rotation matrix determinant  1.000000
image alignment mode   4355 decimal     1103 hex
   -7.5000  -45.0000  -45.0000 2080.4294   20.1734
    0.0000  -45.0000  -45.0000 2082.4473   20.3614
    7.5000  -45.0000  -45.0000 2065.6025   20.5070
   -7.5000  -37.5000  -45.0000 2175.6353   18.3137
    0.0000  -37.5000  -45.0000 2179.1296   18.4638
    7.5000  -37.5000  -45.0000 2161.4485   18.6411
   -7.5000  -30.0000  -45.0000 2245.5273   16.9496
    0.0000  -30.0000  -45.0000 2249.3684   17.0571
    7.5000  -30.0000  -45.0000 2228.1362   17.2230
   -7.5000  -22.5000  -45.0000 2288.2263   15.9414
    0.0000  -22.5000  -45.0000 2296.1213   16.0170
    7.5000  -22.5000  -45.0000 2272.0588   16.2014
   -7.5000  -15.0000  -45.0000 2312.1152   15.3070
    0.0000  -15.0000  -45.0000 2323.5186   15.3591
    7.5000  -15.0000  -45.0000 2296.9221   15.5658
   -7.5000   -7.5000  -45.0000 2331.2993   15.0308
    0.0000   -7.5000  -45.0000 2339.2388   15.0457
    7.5000   -7.5000  -45.0000 2318.0435   15.2455
   -7.5000    0.0000  -45.0000 2326.6533   15.0525
    0.0000    0.0000  -45.0000 2333.5090   15.0812
    7.5000    0.0000  -45.0000 2307.4712   15.2642
   -7.5000    7.5000  -45.0000 2306.3713   15.4648
    0.0000    7.5000  -45.0000 2310.7419   15.4539
    7.5000    7.5000  -45.0000 2285.6099   15.6374
   -7.5000   15.0000  -45.0000 2261.7654   16.1793
    0.0000   15.0000  -45.0000 2266.2507   16.1616
    7.5000   15.0000  -45.0000 2238.4194   16.3380
   -7.5000   22.5000  -45.0000 2186.4644   17.2484
    0.0000   22.5000  -45.0000 2195.6624   17.2352
    7.5000   22.5000  -45.0000 2172.4177   17.4061
   -7.5000   30.0000  -45.0000 2096.8867   18.6637
    0.0000   30.0000  -45.0000 2104.6934   18.6451
    7.5000   30.0000  -45.0000 2080.7512   18.8703
   -7.5000   37.5000  -45.0000 1991.0206   20.4794
    0.0000   37.5000  -45.0000 1997.9469   20.4366
    7.5000   37.5000  -45.0000 1974.1345   20.6980
   -7.5000   45.0000  -45.0000 1870.1860   22.8079
    0.0000   45.0000  -45.0000 1876.8870   22.7767
    7.5000   45.0000  -45.0000 1858.6641   23.0907
   -7.5000  -45.0000  -37.5000 2172.5923   18.7128
    0.0000  -45.0000  -37.5000 2174.5266   18.8328
    7.5000  -45.0000  -37.5000 2157.4121   18.9605
   -7.5000  -37.5000  -37.5000 2272.9719   16.9655
    0.0000  -37.5000  -37.5000 2274.3054   17.0707
    7.5000  -37.5000  -37.5000 2254.0122   17.2076
   -7.5000  -30.0000  -37.5000 2343.5581   15.6719
    0.0000  -30.0000  -37.5000 2342.1689   15.7449
    7.5000  -30.0000  -37.5000 2321.7878   15.9054
   -7.5000  -22.5000  -37.5000 2390.4116   14.7234
    0.0000  -22.5000  -37.5000 2394.1030   14.7863
    7.5000  -22.5000  -37.5000 2366.0916   14.9674
   -7.5000  -15.0000  -37.5000 2425.3770   14.1208
    0.0000  -15.0000  -37.5000 2429.5137   14.1419
    7.5000  -15.0000  -37.5000 2402.7578   14.3146
   -7.5000   -7.5000  -37.5000 2449.6736   13.8509
    0.0000   -7.5000  -37.5000 2447.9839   13.8259
    7.5000   -7.5000  -37.5000 2423.7009   14.0288
   -7.5000    0.0000  -37.5000 2439.2688   13.8668
    0.0000    0.0000  -37.5000 2440.8950   13.8552
    7.5000    0.0000  -37.5000 2418.8560   14.0558
   -7.5000    7.5000  -37.5000 2414.0281   14.2285
    0.0000    7.5000  -37.5000 2416.0176   14.1919
    7.5000    7.5000  -37.5000 2395.2734   14.3833
   -7.5000   15.0000  -37.5000 2364.1196   14.8986
    0.0000   15.0000  -37.5000 2367.0452   14.8511
    7.5000   15.0000  -37.5000 2342.1641   15.0312
   -7.5000   22.5000  -37.5000 2288.8503   15.8996
    0.0000   22.5000  -37.5000 2294.9919   15.8637
    7.5000   22.5000  -37.5000 2269.7556   16.0064
   -7.5000   30.0000  -37.5000 2192.6880   17.1943
    0.0000   30.0000  -37.5000 2196.9324   17.1795
    7.5000   30.0000  -37.5000 2171.1184   17.3363
   -7.5000   37.5000  -37.5000 2081.6238   18.8666
    0.0000   37.5000  -37.5000 2084.0986   18.8170
    7.5000   37.5000  -37.5000 2059.3848   18.9685
   -7.5000   45.0000  -37.5000 1955.9860   20.9889
    0.0000   45.0000  -37.5000 1961.5548   20.9241
    7.5000   45.0000  -37.5000 1939.4343   21.1389
   -7.5000  -45.0000  -30.0000 2292.1824   18.0446
    0.0000  -45.0000  -30.0000 2291.7820   18.0652
    7.5000  -45.0000  -30.0000 2269.5479   18.2682
   -7.5000  -37.5000  -30.0000 2400.8442   16.3245
    0.0000  -37.5000  -30.0000 2399.3584   16.3430
    7.5000  -37.5000  -30.0000 2375.8816   16.5204
   -7.5000  -30.0000  -30.0000 2473.3899   15.0284
    0.0000  -30.0000  -30.0000 2469.2905   15.0380
    7.5000  -30.0000  -30.0000 2451.9214   15.2430
   -7.5000  -22.5000  -30.0000 2522.8545   14.0956
    0.0000  -22.5000  -30.0000 2523.8896   14.1022
    7.5000  -22.5000  -30.0000 2503.4163   14.3174
   -7.5000  -15.0000  -30.0000 2574.9253   13.4634
    0.0000  -15.0000  -30.0000 2576.1606   13.4560
    7.5000  -15.0000  -30.0000 2551.4910   13.6777
   -7.5000   -7.5000  -30.0000 2605.7732   13.1862
    0.0000   -7.5000  -30.0000 2605.3972   13.1633
    7.5000   -7.5000  -30.0000 2579.0146   13.3828
   -7.5000    0.0000  -30.0000 2602.7480   13.2098
    0.0000    0.0000  -30.0000 2604.8948   13.1823
    7.5000    0.0000  -30.0000 2576.9812   13.3921
   -7.5000    7.5000  -30.0000 2572.1560   13.5877
    0.0000    7.5000  -30.0000 2576.2729   13.5386
    7.5000    7.5000  -30.0000 2546.5833   13.7279
   -7.5000   15.0000  -30.0000 2515.3130   14.2271
    0.0000   15.0000  -30.0000 2520.5093   14.1947
    7.5000   15.0000  -30.0000 2488.0312   14.3624
   -7.5000   22.5000  -30.0000 2432.6377   15.1476
    0.0000   22.5000  -30.0000 2437.5715   15.1183
    7.5000   22.5000  -30.0000 2406.5693   15.2862
   -7.5000   30.0000  -30.0000 2332.1770   16.3726
    0.0000   30.0000  -30.0000 2334.9668   16.3621
    7.5000   30.0000  -30.0000 2301.8491   16.5291
   -7.5000   37.5000  -30.0000 2209.1331   17.9571
    0.0000   37.5000  -30.0000 2215.3381   17.9165
    7.5000   37.5000  -30.0000 2186.4204   18.0425
   -7.5000   45.0000  -30.0000 2062.5183   20.0010
    0.0000   45.0000  -30.0000 2073.3096   19.9517
    7.5000   45.0000  -30.0000 2045.1431   20.0960
   -7.5000  -45.0000  -22.5000 2384.5398   17.2129
    0.0000  -45.0000  -22.5000 2381.3435   17.2410
    7.5000  -45.0000  -22.5000 2353.9800   17.4474
   -7.5000  -37.5000  -22.5000 2493.4424   15.5689
    0.0000  -37.5000  -22.5000 2494.5408   15.5792
    7.5000  -37.5000  -22.5000 2467.9939   15.7762
   -7.5000  -30.0000  -22.5000 2573.7866   14.3433
    0.0000  -30.0000  -22.5000 2574.9468   14.3411
    7.5000  -30.0000  -22.5000 2552.9312   14.5364
   -7.5000  -22.5000  -22.5000 2629.9045   13.3571
    0.0000  -22.5000  -22.5000 2629.3174   13.3911
    7.5000  -22.5000  -22.5000 2611.5708   13.5947
   -7.5000  -15.0000  -22.5000 2689.2214   12.7180
    0.0000  -15.0000  -22.5000 2691.6084   12.7371
    7.5000  -15.0000  -22.5000 2664.9424   12.9520
   -7.5000   -7.5000  -22.5000 2727.7549   12.4351
    0.0000   -7.5000  -22.5000 2731.8350   12.4456
    7.5000   -7.5000  -22.5000 2702.8694   12.6414
   -7.5000    0.0000  -22.5000 2732.5452   12.4741
    0.0000    0.0000  -22.5000 2736.5676   12.4664
    7.5000    0.0000  -22.5000 2706.6191   12.6426
   -7.5000    7.5000  -22.5000 2705.4983   12.8176
    0.0000    7.5000  -22.5000 2713.1008   12.7882
    7.5000    7.5000  -22.5000 2678.5178   12.9907
   -7.5000   15.0000  -22.5000 2640.6055   13.4476
    0.0000   15.0000  -22.5000 2649.2109   13.4072
    7.5000   15.0000  -22.5000 2614.4395   13.6104
   -7.5000   22.5000  -22.5000 2550.1797   14.3356
    0.0000   22.5000  -22.5000 2554.5457   14.2958
    7.5000   22.5000  -22.5000 2526.0581   14.4931
   -7.5000   30.0000  -22.5000 2439.6750   15.4920
    0.0000   30.0000  -22.5000 2444.1553   15.4526
    7.5000   30.0000  -22.5000 2415.6133   15.6514
   -7.5000   37.5000  -22.5000 2310.1782   17.0370
    0.0000   37.5000  -22.5000 2314.1284   16.9551
    7.5000   37.5000  -22.5000 2287.4016   17.1474
   -7.5000   45.0000  -22.5000 2154.3428   18.9884
    0.0000   45.0000  -22.5000 2158.9763   18.9022
    7.5000   45.0000  -22.5000 2133.8799   19.1253
   -7.5000  -45.0000  -15.0000 2430.3823   16.5068
    0.0000  -45.0000  -15.0000 2430.6184   16.5133
    7.5000  -45.0000  -15.0000 2407.8960   16.7515
   -7.5000  -37.5000  -15.0000 2550.0994   14.8916
    0.0000  -37.5000  -15.0000 2548.8494   14.9166
    7.5000  -37.5000  -15.0000 2527.8838   15.0974
   -7.5000  -30.0000  -15.0000 2642.2419   13.6582
    0.0000  -30.0000  -15.0000 2643.8984   13.6863
    7.5000  -30.0000  -15.0000 2618.5107   13.8334
   -7.5000  -22.5000  -15.0000 2711.6562   12.7312
    0.0000  -22.5000  -15.0000 2713.2048   12.7576
    7.5000  -22.5000  -15.0000 2688.3806   12.9395
   -7.5000  -15.0000  -15.0000 2770.0791   12.0262
    0.0000  -15.0000  -15.0000 2775.1973   12.0736
    7.5000  -15.0000  -15.0000 2743.9683   12.2863
   -7.5000   -7.5000  -15.0000 2812.9888   11.6997
    0.0000   -7.5000  -15.0000 2826.4045   11.7497
    7.5000   -7.5000  -15.0000 2792.5891   11.9646
   -7.5000    0.0000  -15.0000 2824.0774   11.7482
    0.0000    0.0000  -15.0000 2838.4080   11.7377
    7.5000    0.0000  -15.0000 2808.5090   11.9481
   -7.5000    7.5000  -15.0000 2797.0398   12.0834
    0.0000    7.5000  -15.0000 2808.6282   12.0531
    7.5000    7.5000  -15.0000 2779.8965   12.2597
   -7.5000   15.0000  -15.0000 2728.0454   12.6864
    0.0000   15.0000  -15.0000 2737.4832   12.6629
    7.5000   15.0000  -15.0000 2712.9678   12.8691
   -7.5000   22.5000  -15.0000 2631.8193   13.5527
    0.0000   22.5000  -15.0000 2639.5342   13.5142
    7.5000   22.5000  -15.0000 2617.4546   13.7263
   -7.5000   30.0000  -15.0000 2510.2002   14.7406
    0.0000   30.0000  -15.0000 2517.3474   14.6777
    7.5000   30.0000  -15.0000 2493.7368   14.8844
   -7.5000   37.5000  -15.0000 2377.3071   16.2345
    0.0000   37.5000  -15.0000 2382.4751   16.1392
    7.5000   37.5000  -15.0000 2357.9294   16.3670
   -7.5000   45.0000  -15.0000 2212.7644   18.1125
    0.0000   45.0000  -15.0000 2219.6729   18.0386
    7.5000   45.0000  -15.0000 2192.2297   18.2492
   -7.5000  -45.0000   -7.5000 2459.0188   15.9329
    0.0000  -45.0000   -7.5000 2464.1958   15.9436
    7.5000  -45.0000   -7.5000 2445.2336   16.1178
   -7.5000  -37.5000   -7.5000 2577.4370   14.3304
    0.0000  -37.5000   -7.5000 2582.4963   14.3523
    7.5000  -37.5000   -7.5000 2562.1104   14.5030
   -7.5000  -30.0000   -7.5000 2684.7632   13.1182
    0.0000  -30.0000   -7.5000 2692.6460   13.1530
    7.5000  -30.0000   -7.5000 2667.7991   13.2754
   -7.5000  -22.5000   -7.5000 2775.4893   12.2170
    0.0000  -22.5000   -7.5000 2785.0891   12.2418
    7.5000  -22.5000   -7.5000 2757.4363   12.3629
   -7.5000  -15.0000   -7.5000 2840.6104   11.4969
    0.0000  -15.0000   -7.5000 2852.3972   11.5496
    7.5000  -15.0000   -7.5000 2818.7251   11.7535
   -7.5000   -7.5000   -7.5000 2885.4551   11.0955
    0.0000   -7.5000   -7.5000 2907.5107   11.1595
    7.5000   -7.5000   -7.5000 2868.4248   11.4276
   -7.5000    0.0000   -7.5000 2897.1973   11.0967
    0.0000    0.0000   -7.5000 2916.9851   11.1119
    7.5000    0.0000   -7.5000 2884.2798   11.3755
   -7.5000    7.5000   -7.5000 2863.7463   11.4072
    0.0000    7.5000   -7.5000 2882.4170   11.3924
    7.5000    7.5000   -7.5000 2854.8787   11.6172
   -7.5000   15.0000   -7.5000 2790.4392   12.0252
    0.0000   15.0000   -7.5000 2802.0916   11.9705
    7.5000   15.0000   -7.5000 2781.1042   12.1956
   -7.5000   22.5000   -7.5000 2691.8425   12.9227
    0.0000   22.5000   -7.5000 2702.3501   12.8624
    7.5000   22.5000   -7.5000 2682.0403   13.1105
   -7.5000   30.0000   -7.5000 2565.7769   14.0949
    0.0000   30.0000   -7.5000 2577.5784   14.0469
    7.5000   30.0000   -7.5000 2551.3135   14.3139
   -7.5000   37.5000   -7.5000 2420.9883   15.5196
    0.0000   37.5000   -7.5000 2435.1204   15.4493
    7.5000   37.5000   -7.5000 2405.8679   15.7331
   -7.5000   45.0000   -7.5000 2250.9011   17.3247
    0.0000   45.0000   -7.5000 2261.0886   17.2799
    7.5000   45.0000   -7.5000 2238.4651   17.5263
   -7.5000  -45.0000    0.0000 2471.2769   15.5596
    0.0000  -45.0000    0.0000 2478.2546   15.5663
    7.5000  -45.0000    0.0000 2464.0852   15.7220
   -7.5000  -37.5000    0.0000 2590.2437   13.9801
    0.0000  -37.5000    0.0000 2600.8381   13.9884
    7.5000  -37.5000    0.0000 2584.6660   14.1089
   -7.5000  -30.0000    0.0000 2703.9709   12.7755
    0.0000  -30.0000    0.0000 2717.3811   12.8039
    7.5000  -30.0000    0.0000 2698.4363   12.8732
   -7.5000  -22.5000    0.0000 2813.7605   11.8952
    0.0000  -22.5000    0.0000 2828.4966   11.9253
    7.5000  -22.5000    0.0000 2804.5273   12.0025
   -7.5000  -15.0000    0.0000 2902.7002   11.2199
    0.0000  -15.0000    0.0000 2932.9377   11.3304
    7.5000  -15.0000    0.0000 2885.6465   11.4031
   -7.5000   -7.5000    0.0000 2939.8711   10.6828
    0.0000   -7.5000    0.0000 2976.0190   10.8555
    7.5000   -7.5000    0.0000 2927.7153   11.1073
   -7.5000    0.0000    0.0000 2939.2627   10.6050
    0.0000    0.0000    0.0000 2964.2312   10.7186
    7.5000    0.0000    0.0000 2925.5420   11.0089
   -7.5000    7.5000    0.0000 2903.2620   10.9625
    0.0000    7.5000    0.0000 2923.4211   10.9348
    7.5000    7.5000    0.0000 2890.6987   11.2019
   -7.5000   15.0000    0.0000 2830.8398   11.5955
    0.0000   15.0000    0.0000 2850.1917   11.5567
    7.5000   15.0000    0.0000 2820.2966   11.7949
   -7.5000   22.5000    0.0000 2727.1792   12.4928
    0.0000   22.5000    0.0000 2746.1357   12.4648
    7.5000   22.5000    0.0000 2717.1040   12.7034
   -7.5000   30.0000    0.0000 2599.1594   13.6517
    0.0000   30.0000    0.0000 2614.0537   13.6128
    7.5000   30.0000    0.0000 2586.7310   13.8477
   -7.5000   37.5000    0.0000 2449.1514   15.0363
    0.0000   37.5000    0.0000 2461.6797   15.0064
    7.5000   37.5000    0.0000 2435.0117   15.2783
   -7.5000   45.0000    0.0000 2275.0593   16.8072
    0.0000   45.0000    0.0000 2284.1912   16.7600
    7.5000   45.0000    0.0000 2264.9570   17.0486
   -7.5000  -45.0000    7.5000 2471.3645   15.3847
    0.0000  -45.0000    7.5000 2478.8643   15.3714
    7.5000  -45.0000    7.5000 2464.6401   15.5070
   -7.5000  -37.5000    7.5000 2598.8240   13.8115
    0.0000  -37.5000    7.5000 2608.1382   13.7981
    7.5000  -37.5000    7.5000 2591.4104   13.9185
   -7.5000  -30.0000    7.5000 2717.7483   12.6121
    0.0000  -30.0000    7.5000 2728.3088   12.6273
    7.5000  -30.0000    7.5000 2711.7920   12.7116
   -7.5000  -22.5000    7.5000 2829.9402   11.7511
    0.0000  -22.5000    7.5000 2848.8193   11.8125
    7.5000  -22.5000    7.5000 2827.1221   11.8357
   -7.5000  -15.0000    7.5000 2930.9871   11.1013
    0.0000  -15.0000    7.5000 2971.2041   11.2573
    7.5000  -15.0000    7.5000 2922.6655   11.2379
   -7.5000   -7.5000    7.5000 2972.6372   10.5810
    0.0000   -7.5000    7.5000 3024.1047   10.7277
    7.5000   -7.5000    7.5000 2964.5251   10.8847
   -7.5000    0.0000    7.5000 2962.6914   10.5268
    0.0000    0.0000    7.5000 2995.5977   10.5450
    7.5000    0.0000    7.5000 2950.0491   10.7987
   -7.5000    7.5000    7.5000 2917.1770   10.8432
    0.0000    7.5000    7.5000 2942.5676   10.8357
    7.5000    7.5000    7.5000 2909.6475   11.0428
   -7.5000   15.0000    7.5000 2845.4758   11.4202
    0.0000   15.0000    7.5000 2866.9126   11.3824
    7.5000   15.0000    7.5000 2837.6653   11.5957
   -7.5000   22.5000    7.5000 2740.2600   12.3214
    0.0000   22.5000    7.5000 2754.2603   12.2479
    7.5000   22.5000    7.5000 2731.0972   12.4549
   -7.5000   30.0000    7.5000 2607.1152   13.4732
    0.0000   30.0000    7.5000 2619.3997   13.3796
    7.5000   30.0000    7.5000 2596.4585   13.6052
   -7.5000   37.5000    7.5000 2457.6243   14.8838
    0.0000   37.5000    7.5000 2469.2898   14.7651
    7.5000   37.5000    7.5000 2444.2808   15.0264
   -7.5000   45.0000    7.5000 2285.7549   16.6398
    0.0000   45.0000    7.5000 2294.7961   16.5407
    7.5000   45.0000    7.5000 2275.8723   16.7998
   -7.5000  -45.0000   15.0000 2462.1831   15.3693
    0.0000  -45.0000   15.0000 2472.7458   15.3893
    7.5000  -45.0000   15.0000 2459.4492   15.4887
   -7.5000  -37.5000   15.0000 2589.1443   13.8201
    0.0000  -37.5000   15.0000 2600.1711   13.8553
    7.5000  -37.5000   15.0000 2591.3149   13.9214
   -7.5000  -30.0000   15.0000 2705.8647   12.6797
    0.0000  -30.0000   15.0000 2722.5637   12.7155
    7.5000  -30.0000   15.0000 2710.6648   12.7374
   -7.5000  -22.5000   15.0000 2821.4895   11.8146
    0.0000  -22.5000   15.0000 2842.9478   11.9243
    7.5000  -22.5000   15.0000 2822.9890   11.8745
   -7.5000  -15.0000   15.0000 2915.4902   11.1571
    0.0000  -15.0000   15.0000 2950.2979   11.2780
    7.5000  -15.0000   15.0000 2911.8142   11.2124
   -7.5000   -7.5000   15.0000 2973.2258   10.8380
    0.0000   -7.5000   15.0000 2993.5151   10.7774
    7.5000   -7.5000   15.0000 2945.3025   10.8306
   -7.5000    0.0000   15.0000 2972.1592   10.8304
    0.0000    0.0000   15.0000 2999.5659   10.7467
    7.5000    0.0000   15.0000 2949.5527   10.8427
   -7.5000    7.5000   15.0000 2914.0244   11.0595
    0.0000    7.5000   15.0000 2936.4424   11.0260
    7.5000    7.5000   15.0000 2904.3108   11.1711
   -7.5000   15.0000   15.0000 2824.0103   11.5831
    0.0000   15.0000   15.0000 2845.8013   11.5361
    7.5000   15.0000   15.0000 2823.2166   11.7146
   -7.5000   22.5000   15.0000 2715.9893   12.3857
    0.0000   22.5000   15.0000 2730.8403   12.3432
    7.5000   22.5000   15.0000 2714.1577   12.5188
   -7.5000   30.0000   15.0000 2590.0088   13.4788
    0.0000   30.0000   15.0000 2600.0430   13.4136
    7.5000   30.0000   15.0000 2583.9602   13.6130
   -7.5000   37.5000   15.0000 2442.9368   14.8547
    0.0000   37.5000   15.0000 2456.2883   14.7902
    7.5000   37.5000   15.0000 2438.2725   14.9989
   -7.5000   45.0000   15.0000 2274.8379   16.6336
    0.0000   45.0000   15.0000 2278.5337   16.5749
    7.5000   45.0000   15.0000 2266.5857   16.7817
   -7.5000  -45.0000   22.5000 2441.3835   15.7154
    0.0000  -45.0000   22.5000 2453.9021   15.6756
    7.5000  -45.0000   22.5000 2443.7590   15.7512
   -7.5000  -37.5000   22.5000 2567.7959   14.2255
    0.0000  -37.5000   22.5000 2582.9456   14.1691
    7.5000  -37.5000   22.5000 2572.4956   14.2081
   -7.5000  -30.0000   22.5000 2688.3730   13.1003
    0.0000  -30.0000   22.5000 2702.3745   13.1080
    7.5000  -30.0000   22.5000 2690.8198   13.0944
   -7.5000  -22.5000   22.5000 2795.0352   12.1916
    0.0000  -22.5000   22.5000 2815.8608   12.2855
    7.5000  -22.5000   22.5000 2798.8281   12.2254
   -7.5000  -15.0000   22.5000 2874.1526   11.4993
    0.0000  -15.0000   22.5000 2890.5247   11.4860
    7.5000  -15.0000   22.5000 2867.3030   11.4793
   -7.5000   -7.5000   22.5000 2926.7581   11.1433
    0.0000   -7.5000   22.5000 2943.9041   11.0999
    7.5000   -7.5000   22.5000 2911.8491   11.1233
   -7.5000    0.0000   22.5000 2930.4043   11.1494
    0.0000    0.0000   22.5000 2959.3613   11.1065
    7.5000    0.0000   22.5000 2923.6018   11.1675
   -7.5000    7.5000   22.5000 2876.3486   11.5002
    0.0000    7.5000   22.5000 2902.3420   11.4356
    7.5000    7.5000   22.5000 2870.6174   11.5392
   -7.5000   15.0000   22.5000 2785.0696   12.0682
    0.0000   15.0000   22.5000 2803.8296   11.9748
    7.5000   15.0000   22.5000 2783.3662   12.1137
   -7.5000   22.5000   22.5000 2669.4805   12.8160
    0.0000   22.5000   22.5000 2689.0154   12.7376
    7.5000   22.5000   22.5000 2672.6108   12.9140
   -7.5000   30.0000   22.5000 2540.1821   13.8415
    0.0000   30.0000   22.5000 2559.0286   13.7481
    7.5000   30.0000   22.5000 2545.4519   13.9344
   -7.5000   37.5000   22.5000 2404.5215   15.1719
    0.0000   37.5000   22.5000 2417.3911   15.0604
    7.5000   37.5000   22.5000 2404.2002   15.2679
   -7.5000   45.0000   22.5000 2240.5798   16.8973
    0.0000   45.0000   22.5000 2245.2524   16.8060
    7.5000   45.0000   22.5000 2236.6399   17.0232
   -7.5000  -45.0000   30.0000 2418.0640   16.3689
    0.0000  -45.0000   30.0000 2425.2334   16.1922
    7.5000  -45.0000   30.0000 2413.7046   16.3246
   -7.5000  -37.5000   30.0000 2544.6223   14.8311
    0.0000  -37.5000   30.0000 2557.6316   14.6809
    7.5000  -37.5000   30.0000 2544.5149   14.7870
   -7.5000  -30.0000   30.0000 2654.9185   13.6440
    0.0000  -30.0000   30.0000 2671.6746   13.5681
    7.5000  -30.0000   30.0000 2660.7168   13.6588
   -7.5000  -22.5000   30.0000 2747.7820   12.7074
    0.0000  -22.5000   30.0000 2767.1721   12.6274
    7.5000  -22.5000   30.0000 2754.5537   12.7063
   -7.5000  -15.0000   30.0000 2817.4744   12.0333
    0.0000  -15.0000   30.0000 2837.1445   11.8702
    7.5000  -15.0000   30.0000 2814.0249   11.9885
   -7.5000   -7.5000   30.0000 2861.2949   11.6535
    0.0000   -7.5000   30.0000 2881.9573   11.5648
    7.5000   -7.5000   30.0000 2857.5815   11.6746
   -7.5000    0.0000   30.0000 2856.5007   11.6624
    0.0000    0.0000   30.0000 2887.4141   11.5805
    7.5000    0.0000   30.0000 2858.5222   11.7093
   -7.5000    7.5000   30.0000 2805.9495   12.0030
    0.0000    7.5000   30.0000 2829.4980   11.9274
    7.5000    7.5000   30.0000 2806.9512   12.0408
   -7.5000   15.0000   30.0000 2721.7639   12.6051
    0.0000   15.0000   30.0000 2736.3250   12.4831
    7.5000   15.0000   30.0000 2720.4248   12.6336
   -7.5000   22.5000   30.0000 2615.1345   13.4312
    0.0000   22.5000   30.0000 2635.0999   13.3279
    7.5000   22.5000   30.0000 2619.6707   13.4577
   -7.5000   30.0000   30.0000 2485.2305   14.4835
    0.0000   30.0000   30.0000 2505.5322   14.3749
    7.5000   30.0000   30.0000 2497.8486   14.5004
   -7.5000   37.5000   30.0000 2344.0017   15.7670
    0.0000   37.5000   30.0000 2355.1975   15.6455
    7.5000   37.5000   30.0000 2348.7227   15.8058
   -7.5000   45.0000   30.0000 2182.1196   17.4977
    0.0000   45.0000   30.0000 2194.9419   17.3576
    7.5000   45.0000   30.0000 2183.4995   17.5416
   -7.5000  -45.0000   37.5000 2381.0210   17.1633
    0.0000  -45.0000   37.5000 2390.1394   16.8095
    7.5000  -45.0000   37.5000 2381.4167   17.0624
   -7.5000  -37.5000   37.5000 2501.4031   15.5295
    0.0000  -37.5000   37.5000 2513.2617   15.2850
    7.5000  -37.5000   37.5000 2505.5115   15.4907
   -7.5000  -30.0000   37.5000 2602.7979   14.3197
    0.0000  -30.0000   37.5000 2619.7214   14.1094
    7.5000  -30.0000   37.5000 2612.2646   14.2916
   -7.5000  -22.5000   37.5000 2685.0002   13.3951
    0.0000  -22.5000   37.5000 2708.9810   13.1595
    7.5000  -22.5000   37.5000 2694.8208   13.2993
   -7.5000  -15.0000   37.5000 2749.8599   12.7097
    0.0000  -15.0000   37.5000 2771.3044   12.4919
    7.5000  -15.0000   37.5000 2754.8438   12.6617
   -7.5000   -7.5000   37.5000 2785.0056   12.3496
    0.0000   -7.5000   37.5000 2806.3838   12.1954
    7.5000   -7.5000   37.5000 2786.7473   12.3477
   -7.5000    0.0000   37.5000 2767.2400   12.3594
    0.0000    0.0000   37.5000 2800.8164   12.2140
    7.5000    0.0000   37.5000 2775.0676   12.3562
   -7.5000    7.5000   37.5000 2718.1809   12.6787
    0.0000    7.5000   37.5000 2740.7209   12.5505
    7.5000    7.5000   37.5000 2724.5684   12.6825
   -7.5000   15.0000   37.5000 2643.2048   13.2798
    0.0000   15.0000   37.5000 2660.0286   13.1020
    7.5000   15.0000   37.5000 2643.1841   13.2685
   -7.5000   22.5000   37.5000 2544.3323   14.1007
    0.0000   22.5000   37.5000 2565.0103   13.9539
    7.5000   22.5000   37.5000 2554.5083   14.1122
   -7.5000   30.0000   37.5000 2422.8206   15.2175
    0.0000   30.0000   37.5000 2440.4714   15.0660
    7.5000   30.0000   37.5000 2430.5886   15.2074
   -7.5000   37.5000   37.5000 2277.8147   16.5673
    0.0000   37.5000   37.5000 2297.0251   16.4027
    7.5000   37.5000   37.5000 2285.9077   16.5488
   -7.5000   45.0000   37.5000 2123.5129   18.2704
    0.0000   45.0000   37.5000 2139.6626   18.1106
    7.5000   45.0000   37.5000 2129.6946   18.2645
   -7.5000  -45.0000   45.0000 2333.2197   18.0909
    0.0000  -45.0000   45.0000 2349.5842   17.6707
    7.5000  -45.0000   45.0000 2337.5664   17.9501
   -7.5000  -37.5000   45.0000 2447.2964   16.4378
    0.0000  -37.5000   45.0000 2460.5200   16.0947
    7.5000  -37.5000   45.0000 2450.6633   16.3342
   -7.5000  -30.0000   45.0000 2541.5884   15.1737
    0.0000  -30.0000   45.0000 2555.3064   14.8741
    7.5000  -30.0000   45.0000 2550.4927   15.0852
   -7.5000  -22.5000   45.0000 2614.6675   14.2522
    0.0000  -22.5000   45.0000 2634.9150   13.9449
    7.5000  -22.5000   45.0000 2625.2024   14.1069
   -7.5000  -15.0000   45.0000 2664.8364   13.5682
    0.0000  -15.0000   45.0000 2681.0159   13.3193
    7.5000  -15.0000   45.0000 2673.5662   13.4854
   -7.5000   -7.5000   45.0000 2685.7021   13.2302
    0.0000   -7.5000   45.0000 2706.7012   13.0161
    7.5000   -7.5000   45.0000 2698.5481   13.1685
   -7.5000    0.0000   45.0000 2671.6382   13.1890
    0.0000    0.0000   45.0000 2702.4011   13.0084
    7.5000    0.0000   45.0000 2686.4858   13.1215
   -7.5000    7.5000   45.0000 2633.1292   13.5204
    0.0000    7.5000   45.0000 2656.2249   13.3155
    7.5000    7.5000   45.0000 2641.5295   13.4663
   -7.5000   15.0000   45.0000 2557.9241   14.1123
    0.0000   15.0000   45.0000 2578.6760   13.8897
    7.5000   15.0000   45.0000 2566.4358   14.0531
   -7.5000   22.5000   45.0000 2466.0581   14.9407
    0.0000   22.5000   45.0000 2484.5669   14.7359
    7.5000   22.5000   45.0000 2472.0222   14.8891
   -7.5000   30.0000   45.0000 2341.6682   16.0675
    0.0000   30.0000   45.0000 2362.9292   15.8756
    7.5000   30.0000   45.0000 2353.0908   16.0199
   -7.5000   37.5000   45.0000 2202.2529   17.4413
    0.0000   37.5000   45.0000 2216.9663   17.2681
    7.5000   37.5000   45.0000 2208.5908   17.4022
   -7.5000   45.0000   45.0000 2063.2146   19.2560
    0.0000   45.0000   45.0000 2073.1812   19.0841
    7.5000   45.0000   45.0000 2065.2473   19.2214

---------------------------------------------------------------------
imgreg_4dfp /opt/freesurfer/average/711-2C_as_mni_average_305 /opt/freesurfer/average/711-2B_as_mni_average_305_mask talsrcimg_g11 none talsrcimg_to_711-2C_as_mni_average_305_t4 1283
---------------------------------------------------------------------

freesurfer imgreg_4dfp.c
/opt/freesurfer/average/711-2C_as_mni_average_305.4dfp.img
       256       256       256         1
  1.000000  1.000000  1.000000
orientation T byte_order littleendian
Reading image: /opt/freesurfer/average/711-2C_as_mni_average_305.4dfp.img
dimensions:      256       256       256
mmppix:       1.0000   -1.0000   -1.0000
center:     128.0000 -129.0000 -129.0000
/opt/freesurfer/average/711-2B_as_mni_average_305_mask.4dfp.img
       256       256       256         1
  1.000000  1.000000  1.000000
orientation T byte_order littleendian
Reading mask: /opt/freesurfer/average/711-2B_as_mni_average_305_mask.4dfp.img (2306576 pixels)
talsrcimg_g11.4dfp.img
       256       256       256         1
  1.000000  1.000000  1.000000
orientation T byte_order littleendian
Reading image: talsrcimg_g11.4dfp.img
dimensions:      256       256       256
mmppix:       1.0000   -1.0000   -1.0000
center:     128.0000 -129.0000 -129.0000
rotation matrix determinant  1.000000
fimgreg.f
image alignment mode   1283 decimal      503 hex
parameters
    0.0000   -7.5000    7.5000    0.0000    0.0000    0.0000
eta,q 0.94901 10.74362
niter,ni,del,rscale     5    3   12.0000    1.2000
parameters
   -0.5257   -6.3549    8.6454   -1.7003   -0.8469   -1.4086
eta,q 0.95038 10.68068
  0.0624  0.0624  0.0608  0.0524  0.0557  0.0532
  0.0564  0.0579  0.0580  0.0509  0.0525  0.0508
  0.0517  0.0531  0.0545  0.0502  0.0504  0.0497
  0.0512  0.0507  0.0510  0.0499  0.0501  0.0500
  0.0545  0.0517  0.0498  0.0518  0.0520  0.0518
  0.0600  0.0538  0.0524  0.0548  0.0555  0.0548
  0.0660  0.0561  0.0569  0.0579  0.0598  0.0577
niter,ni,del,rscale     4    3   12.0000    1.2000
parameters
   -0.6642   -5.6776    8.8297   -2.2549   -0.9944   -1.3659
eta,q 0.95074 10.64264
  0.0639  0.0599  0.0596  0.0540  0.0572  0.0557
  0.0568  0.0547  0.0560  0.0514  0.0537  0.0524
  0.0510  0.0511  0.0517  0.0499  0.0507  0.0502
  0.0496  0.0495  0.0493  0.0493  0.0493  0.0493
  0.0527  0.0496  0.0505  0.0507  0.0504  0.0498
  0.0583  0.0524  0.0545  0.0530  0.0539  0.0522
  0.0643  0.0560  0.0592  0.0558  0.0584  0.0557
niter,ni,del,rscale     3    3   12.0000    1.2000
parameters
   -0.6952   -5.4993    8.8422   -2.3754   -1.0085   -1.3339
eta,q 0.95083 10.63216
  0.0645  0.0586  0.0596  0.0549  0.0575  0.0557
  0.0571  0.0538  0.0557  0.0521  0.0539  0.0524
  0.0509  0.0508  0.0514  0.0502  0.0508  0.0502
  0.0493  0.0492  0.0491  0.0491  0.0492  0.0492
  0.0524  0.0499  0.0508  0.0502  0.0502  0.0497
  0.0580  0.0534  0.0551  0.0527  0.0536  0.0521
  0.0639  0.0576  0.0600  0.0552  0.0581  0.0558
niter,ni,del,rscale     2    3   12.0000    1.2000
parameters
   -0.7075   -5.4687    8.8349   -2.4050   -1.0045   -1.3248
eta,q 0.95085 10.63044
  0.0646  0.0582  0.0596  0.0551  0.0576  0.0556
  0.0572  0.0536  0.0557  0.0522  0.0540  0.0523
  0.0509  0.0507  0.0514  0.0503  0.0508  0.0501
  0.0492  0.0492  0.0491  0.0491  0.0492  0.0492
  0.0523  0.0500  0.0509  0.0501  0.0502  0.0497
  0.0580  0.0538  0.0552  0.0526  0.0536  0.0522
  0.0638  0.0581  0.0601  0.0551  0.0580  0.0558
registration optimization eta report
parameter search radius
    6.0000    6.0000    6.0000    6.0000    6.0000    6.0000
100000*second partial in parameter space
       41.       25.       28.       16.       23.       18.
  0.0646  0.0582  0.0596  0.0551  0.0576  0.0556
  0.0572  0.0536  0.0557  0.0522  0.0540  0.0523
  0.0509  0.0507  0.0514  0.0503  0.0508  0.0501
  0.0492  0.0492  0.0491  0.0491  0.0492  0.0492
  0.0523  0.0500  0.0509  0.0501  0.0502  0.0497
  0.0580  0.0538  0.0552  0.0526  0.0536  0.0522
  0.0638  0.0581  0.0601  0.0551  0.0580  0.0558
   -0.7075   -5.4687    8.8349   -2.4050   -1.0045   -1.3248
eta,q 0.95085 10.63044

---------------------------------------------------------------------
imgreg_4dfp /opt/freesurfer/average/711-2C_as_mni_average_305 /opt/freesurfer/average/711-2B_as_mni_average_305_mask talsrcimg_g11 none talsrcimg_to_711-2C_as_mni_average_305_t4 3335
---------------------------------------------------------------------

freesurfer imgreg_4dfp.c
/opt/freesurfer/average/711-2C_as_mni_average_305.4dfp.img
       256       256       256         1
  1.000000  1.000000  1.000000
orientation T byte_order littleendian
Reading image: /opt/freesurfer/average/711-2C_as_mni_average_305.4dfp.img
dimensions:      256       256       256
mmppix:       1.0000   -1.0000   -1.0000
center:     128.0000 -129.0000 -129.0000
/opt/freesurfer/average/711-2B_as_mni_average_305_mask.4dfp.img
       256       256       256         1
  1.000000  1.000000  1.000000
orientation T byte_order littleendian
Reading mask: /opt/freesurfer/average/711-2B_as_mni_average_305_mask.4dfp.img (2306576 pixels)
talsrcimg_g11.4dfp.img
       256       256       256         1
  1.000000  1.000000  1.000000
orientation T byte_order littleendian
Reading image: talsrcimg_g11.4dfp.img
dimensions:      256       256       256
mmppix:       1.0000   -1.0000   -1.0000
center:     128.0000 -129.0000 -129.0000
fimgreg.f
image alignment mode   3335 decimal      D07 hex
parameters
   -0.7075   -5.4687    8.8349   -0.0421   -0.1131   -0.1034
    2.2364    1.8482   -2.3117    4.1547   -1.7532   -4.1957
eta,q 0.94917 10.66935
niter,ni,del,rscale     5    3    5.0000    1.2000
parameter  3  0.612218 ->  0.500000 qaram    1.1500
parameter  4  1.122258 ->  0.500000 qaram    1.1500
parameter  5  5.510909 ->  0.500000 qaram    1.1500
parameter  6  1.145796 ->  0.500000 qaram    1.1500
parameter  8 -0.543020 -> -0.500000 qaram    1.1500
parameter 11 -0.536582 -> -0.500000 qaram    1.1500
parameters
   -0.1786   -6.1973    7.4549   -4.1821   -4.2531   -4.2434
    2.0851    5.9882   -1.3871    1.8424    2.3868   -5.6868
eta,q 0.96836 10.58423
  0.0542  0.0511  0.0504  0.0463  0.0346  0.0334  0.0370  0.0418  0.0359  0.0346  0.0363  0.0336
  0.0526  0.0508  0.0501  0.0469  0.0377  0.0340  0.0355  0.0389  0.0345  0.0330  0.0347  0.0323
  0.0515  0.0506  0.0502  0.0481  0.0421  0.0356  0.0346  0.0363  0.0335  0.0324  0.0334  0.0317
  0.0508  0.0507  0.0506  0.0501  0.0472  0.0388  0.0343  0.0343  0.0329  0.0329  0.0324  0.0318
  0.0507  0.0510  0.0513  0.0531  0.0526  0.0431  0.0347  0.0331  0.0330  0.0344  0.0319  0.0327
  0.0512  0.0517  0.0522  0.0568  0.0578  0.0481  0.0357  0.0330  0.0336  0.0370  0.0319  0.0340
  0.0522  0.0526  0.0533  0.0604  0.0624  0.0532  0.0372  0.0342  0.0348  0.0404  0.0324  0.0358
niter,ni,del,rscale     7    3    5.0000    1.2000
parameter  5  0.965446 ->  0.500000 qaram    1.3225
parameters
   -0.1519   -5.4013    8.4833   -6.6390   -9.0141   -5.9086
    2.3041    4.3313   -1.5618    1.7557    2.9197   -6.4640
eta,q 0.97341 10.34557
  0.0351  0.0363  0.0376  0.0327  0.0260  0.0305  0.0296  0.0300  0.0288  0.0299  0.0285  0.0278
  0.0333  0.0341  0.0350  0.0318  0.0263  0.0291  0.0281  0.0278  0.0276  0.0282  0.0275  0.0270
  0.0321  0.0325  0.0328  0.0311  0.0278  0.0274  0.0272  0.0267  0.0268  0.0271  0.0268  0.0266
  0.0316  0.0316  0.0314  0.0308  0.0310  0.0266  0.0268  0.0268  0.0266  0.0266  0.0266  0.0266
  0.0320  0.0314  0.0308  0.0321  0.0352  0.0281  0.0271  0.0282  0.0269  0.0269  0.0268  0.0269
  0.0331  0.0317  0.0312  0.0354  0.0408  0.0320  0.0279  0.0306  0.0277  0.0282  0.0272  0.0275
  0.0350  0.0325  0.0324  0.0399  0.0469  0.0368  0.0292  0.0340  0.0290  0.0303  0.0280  0.0284
niter,ni,del,rscale     7    3    5.0000    1.2000
parameters
   -0.3099   -4.6473    7.9756   -4.7699  -12.7203   -6.5245
    2.1984    4.0377   -1.3710    2.4768    3.7825   -7.0672
eta,q 0.97493 10.24155
  0.0288  0.0309  0.0279  0.0300  0.0271  0.0290  0.0276  0.0300  0.0271  0.0284  0.0271  0.0261
  0.0275  0.0289  0.0268  0.0285  0.0255  0.0278  0.0263  0.0276  0.0261  0.0267  0.0262  0.0255
  0.0268  0.0274  0.0263  0.0273  0.0249  0.0264  0.0254  0.0258  0.0254  0.0256  0.0254  0.0252
  0.0266  0.0266  0.0263  0.0262  0.0256  0.0249  0.0251  0.0251  0.0251  0.0251  0.0251  0.0251
  0.0269  0.0263  0.0270  0.0254  0.0281  0.0253  0.0254  0.0258  0.0253  0.0252  0.0252  0.0253
  0.0279  0.0267  0.0281  0.0258  0.0324  0.0279  0.0263  0.0278  0.0259  0.0259  0.0256  0.0258
  0.0295  0.0276  0.0296  0.0282  0.0382  0.0318  0.0278  0.0310  0.0270  0.0273  0.0265  0.0265
niter,ni,del,rscale     6    3    5.0000    1.2000
parameters
   -0.3584   -4.2605    7.9114   -3.9562  -13.5454   -6.7940
    2.0778    3.7484   -1.6281    2.7811    4.3357   -7.1643
eta,q 0.97508 10.22003
  0.0278  0.0281  0.0272  0.0288  0.0290  0.0290  0.0275  0.0299  0.0266  0.0277  0.0269  0.0260
  0.0263  0.0266  0.0260  0.0274  0.0271  0.0278  0.0261  0.0275  0.0257  0.0261  0.0259  0.0254
  0.0254  0.0255  0.0252  0.0262  0.0255  0.0264  0.0252  0.0257  0.0251  0.0252  0.0252  0.0251
  0.0251  0.0251  0.0250  0.0250  0.0247  0.0248  0.0249  0.0249  0.0249  0.0249  0.0249  0.0249
  0.0254  0.0251  0.0254  0.0244  0.0253  0.0249  0.0252  0.0256  0.0252  0.0252  0.0250  0.0251
  0.0264  0.0257  0.0262  0.0255  0.0276  0.0272  0.0262  0.0277  0.0258  0.0259  0.0255  0.0255
  0.0280  0.0266  0.0273  0.0285  0.0317  0.0309  0.0277  0.0310  0.0269  0.0272  0.0265  0.0261
niter,ni,del,rscale     5    3    5.0000    1.2000
parameters
   -0.3928   -4.1422    7.8492   -3.7591  -13.6990   -6.9394
    2.1366    3.5758   -1.8686    2.9028    4.6256   -7.1631
eta,q 0.97506 10.21389
  0.0278  0.0273  0.0270  0.0286  0.0294  0.0290  0.0276  0.0301  0.0266  0.0275  0.0268  0.0261
  0.0262  0.0260  0.0258  0.0273  0.0275  0.0278  0.0262  0.0277  0.0257  0.0260  0.0259  0.0255
  0.0252  0.0252  0.0251  0.0261  0.0258  0.0265  0.0253  0.0258  0.0251  0.0252  0.0252  0.0251
  0.0249  0.0249  0.0249  0.0249  0.0249  0.0249  0.0249  0.0249  0.0249  0.0249  0.0249  0.0249
  0.0253  0.0252  0.0253  0.0246  0.0251  0.0248  0.0252  0.0255  0.0252  0.0252  0.0251  0.0251
  0.0263  0.0258  0.0260  0.0260  0.0269  0.0270  0.0261  0.0277  0.0258  0.0260  0.0256  0.0255
  0.0279  0.0268  0.0271  0.0293  0.0306  0.0307  0.0276  0.0309  0.0268  0.0272  0.0267  0.0260
niter,ni,del,rscale     4    3    5.0000    1.2000
parameters
   -0.4069   -4.0943    7.7926   -3.6885  -13.7428   -7.0374
    2.2011    3.4866   -2.0173    2.9747    4.7873   -7.1507
eta,q 0.97503 10.21096
  0.0279  0.0271  0.0270  0.0286  0.0295  0.0290  0.0277  0.0302  0.0266  0.0274  0.0268  0.0261
  0.0262  0.0259  0.0258  0.0273  0.0276  0.0278  0.0262  0.0278  0.0257  0.0260  0.0259  0.0255
  0.0253  0.0251  0.0251  0.0261  0.0259  0.0266  0.0253  0.0258  0.0252  0.0252  0.0252  0.0251
  0.0249  0.0249  0.0249  0.0249  0.0249  0.0249  0.0250  0.0250  0.0250  0.0250  0.0250  0.0250
  0.0253  0.0252  0.0253  0.0247  0.0251  0.0248  0.0252  0.0255  0.0252  0.0253  0.0251  0.0251
  0.0263  0.0259  0.0260  0.0262  0.0268  0.0269  0.0261  0.0276  0.0258  0.0260  0.0257  0.0255
  0.0279  0.0269  0.0271  0.0296  0.0305  0.0306  0.0276  0.0308  0.0268  0.0272  0.0267  0.0261
niter,ni,del,rscale     3    3    5.0000    1.2000
parameters
   -0.4153   -4.0655    7.7507   -3.6555  -13.7653   -7.1001
    2.2514    3.4380   -2.1281    3.0264    4.8949   -7.1279
eta,q 0.97500 10.20915
  0.0279  0.0271  0.0270  0.0286  0.0296  0.0291  0.0277  0.0303  0.0267  0.0274  0.0268  0.0261
  0.0263  0.0259  0.0259  0.0273  0.0277  0.0278  0.0262  0.0278  0.0258  0.0260  0.0259  0.0255
  0.0253  0.0252  0.0252  0.0262  0.0259  0.0266  0.0253  0.0259  0.0252  0.0252  0.0253  0.0251
  0.0250  0.0250  0.0250  0.0250  0.0250  0.0250  0.0250  0.0250  0.0250  0.0250  0.0250  0.0250
  0.0253  0.0253  0.0253  0.0247  0.0251  0.0248  0.0253  0.0255  0.0252  0.0253  0.0252  0.0251
  0.0263  0.0259  0.0260  0.0263  0.0268  0.0269  0.0262  0.0276  0.0258  0.0260  0.0257  0.0255
  0.0279  0.0269  0.0271  0.0297  0.0305  0.0305  0.0276  0.0308  0.0268  0.0272  0.0268  0.0261
niter,ni,del,rscale     2    3    5.0000    1.2000
parameters
   -0.4190   -4.0429    7.7177   -3.6402  -13.7838   -7.1491
    2.2913    3.4062   -2.1984    3.0616    4.9683   -7.1123
eta,q 0.97498 10.20716
  0.0280  0.0271  0.0271  0.0286  0.0296  0.0290  0.0277  0.0303  0.0267  0.0274  0.0268  0.0261
  0.0263  0.0259  0.0259  0.0274  0.0277  0.0278  0.0263  0.0279  0.0258  0.0260  0.0259  0.0255
  0.0253  0.0252  0.0252  0.0262  0.0260  0.0266  0.0253  0.0259  0.0252  0.0252  0.0253  0.0252
  0.0250  0.0250  0.0250  0.0250  0.0250  0.0250  0.0250  0.0250  0.0250  0.0250  0.0250  0.0250
  0.0254  0.0253  0.0253  0.0247  0.0252  0.0248  0.0253  0.0255  0.0252  0.0253  0.0252  0.0252
  0.0264  0.0259  0.0261  0.0263  0.0269  0.0268  0.0262  0.0276  0.0258  0.0260  0.0258  0.0255
  0.0280  0.0269  0.0271  0.0297  0.0305  0.0305  0.0277  0.0308  0.0268  0.0272  0.0268  0.0261
niter,ni,del,rscale     1    3    5.0000    1.2000
parameters
   -0.4220   -4.0275    7.6941   -3.6289  -13.7983   -7.1862
    2.3121    3.3858   -2.2490    3.0898    5.0174   -7.1111
eta,q 0.97496 10.20575
  0.0280  0.0271  0.0271  0.0286  0.0296  0.0290  0.0277  0.0303  0.0267  0.0274  0.0268  0.0261
  0.0263  0.0259  0.0259  0.0274  0.0277  0.0278  0.0263  0.0279  0.0258  0.0260  0.0259  0.0255
  0.0253  0.0252  0.0252  0.0262  0.0260  0.0267  0.0254  0.0259  0.0252  0.0252  0.0253  0.0252
  0.0250  0.0250  0.0250  0.0250  0.0250  0.0250  0.0250  0.0250  0.0250  0.0250  0.0250  0.0250
  0.0254  0.0253  0.0253  0.0248  0.0252  0.0248  0.0253  0.0256  0.0252  0.0253  0.0252  0.0252
  0.0264  0.0260  0.0261  0.0263  0.0269  0.0268  0.0262  0.0276  0.0258  0.0260  0.0258  0.0256
  0.0280  0.0269  0.0271  0.0298  0.0305  0.0304  0.0277  0.0307  0.0268  0.0272  0.0268  0.0261
registration optimization eta report
parameter search radius
    2.4000    2.4000    2.7600    8.2800    9.5220    8.2800
    7.2000    8.2800    7.2000    7.2000    8.2800    7.2000
100000*second partial in parameter space
       51.       34.       27.        6.        6.        7.
        5.        8.        3.        4.        3.        2.
  0.0280  0.0271  0.0271  0.0286  0.0296  0.0290  0.0277  0.0303  0.0267  0.0274  0.0268  0.0261
  0.0263  0.0259  0.0259  0.0274  0.0277  0.0278  0.0263  0.0279  0.0258  0.0260  0.0259  0.0255
  0.0253  0.0252  0.0252  0.0262  0.0260  0.0267  0.0254  0.0259  0.0252  0.0252  0.0253  0.0252
  0.0250  0.0250  0.0250  0.0250  0.0250  0.0250  0.0250  0.0250  0.0250  0.0250  0.0250  0.0250
  0.0254  0.0253  0.0253  0.0248  0.0252  0.0248  0.0253  0.0256  0.0252  0.0253  0.0252  0.0252
  0.0264  0.0260  0.0261  0.0263  0.0269  0.0268  0.0262  0.0276  0.0258  0.0260  0.0258  0.0256
  0.0280  0.0269  0.0271  0.0298  0.0305  0.0304  0.0277  0.0307  0.0268  0.0272  0.0268  0.0261
   -0.4220   -4.0275    7.6941   -3.6289  -13.7983   -7.1862
    2.3121    3.3858   -2.2490    3.0898    5.0174   -7.1111
eta,q 0.97496 10.20575

---------------------------------------------------------------------
imgreg_4dfp /opt/freesurfer/average/711-2C_as_mni_average_305 /opt/freesurfer/average/711-2B_as_mni_average_305_mask talsrcimg_g11 none talsrcimg_to_711-2C_as_mni_average_305_t4 2311
---------------------------------------------------------------------

freesurfer imgreg_4dfp.c
/opt/freesurfer/average/711-2C_as_mni_average_305.4dfp.img
       256       256       256         1
  1.000000  1.000000  1.000000
orientation T byte_order littleendian
Reading image: /opt/freesurfer/average/711-2C_as_mni_average_305.4dfp.img
dimensions:      256       256       256
mmppix:       1.0000   -1.0000   -1.0000
center:     128.0000 -129.0000 -129.0000
/opt/freesurfer/average/711-2B_as_mni_average_305_mask.4dfp.img
       256       256       256         1
  1.000000  1.000000  1.000000
orientation T byte_order littleendian
Reading mask: /opt/freesurfer/average/711-2B_as_mni_average_305_mask.4dfp.img (2306576 pixels)
talsrcimg_g11.4dfp.img
       256       256       256         1
  1.000000  1.000000  1.000000
orientation T byte_order littleendian
Reading image: talsrcimg_g11.4dfp.img
dimensions:      256       256       256
mmppix:       1.0000   -1.0000   -1.0000
center:     128.0000 -129.0000 -129.0000
fimgreg.f
image alignment mode   2311 decimal      907 hex
parameters
   -0.4220   -4.0275    7.6941   -3.6289  -13.7983   -7.1862
    2.3121    3.3858   -2.2490    3.0898    5.0174   -7.1111
eta,q 0.97496 10.20575
niter,ni,del,rscale     5    3    5.0000    0.8000
parameters
   -0.4342   -4.0761    7.6156   -2.1222  -13.2139   -6.3519
    2.0918    3.5444   -2.3485    2.9902    4.8306   -7.5599
eta,q 0.97556 10.28420
  0.0264  0.0259  0.0257  0.0271  0.0264  0.0271  0.0257  0.0272  0.0254  0.0256  0.0253  0.0249
  0.0256  0.0254  0.0253  0.0264  0.0256  0.0264  0.0250  0.0259  0.0248  0.0249  0.0248  0.0246
  0.0252  0.0251  0.0251  0.0257  0.0250  0.0255  0.0246  0.0249  0.0245  0.0245  0.0245  0.0245
  0.0250  0.0250  0.0250  0.0250  0.0247  0.0247  0.0245  0.0245  0.0244  0.0244  0.0244  0.0244
  0.0252  0.0252  0.0252  0.0247  0.0247  0.0245  0.0247  0.0247  0.0246  0.0246  0.0246  0.0245
  0.0256  0.0255  0.0254  0.0249  0.0251  0.0250  0.0252  0.0256  0.0249  0.0250  0.0249  0.0248
  0.0264  0.0260  0.0258  0.0257  0.0258  0.0263  0.0260  0.0270  0.0254  0.0257  0.0255  0.0252
niter,ni,del,rscale     4    3    5.0000    0.7000
parameters
   -0.4690   -4.2864    7.9436   -2.4631  -12.9408   -5.8165
    2.0903    3.7077   -2.1202    2.7345    4.5536   -7.5767
eta,q 0.97572 10.30430
  0.0257  0.0250  0.0255  0.0258  0.0256  0.0267  0.0254  0.0266  0.0251  0.0252  0.0249  0.0247
  0.0249  0.0246  0.0250  0.0251  0.0250  0.0259  0.0248  0.0255  0.0247  0.0246  0.0246  0.0245
  0.0245  0.0244  0.0246  0.0246  0.0246  0.0250  0.0244  0.0247  0.0244  0.0243  0.0243  0.0243
  0.0244  0.0244  0.0244  0.0244  0.0244  0.0244  0.0243  0.0243  0.0243  0.0243  0.0243  0.0243
  0.0246  0.0246  0.0244  0.0246  0.0244  0.0244  0.0244  0.0244  0.0243  0.0245  0.0244  0.0243
  0.0251  0.0249  0.0245  0.0253  0.0248  0.0249  0.0248  0.0251  0.0246  0.0248  0.0247  0.0245
  0.0258  0.0254  0.0248  0.0265  0.0254  0.0261  0.0254  0.0263  0.0250  0.0254  0.0251  0.0248
niter,ni,del,rscale     3    3    5.0000    0.6000
parameters
   -0.4487   -4.3990    8.1213   -2.5581  -12.8518   -5.5382
    1.9879    3.8771   -1.9375    2.5798    4.3120   -7.5420
eta,q 0.97577 10.31334
  0.0252  0.0248  0.0250  0.0254  0.0251  0.0261  0.0250  0.0260  0.0249  0.0249  0.0247  0.0246
  0.0247  0.0245  0.0246  0.0249  0.0247  0.0254  0.0246  0.0251  0.0245  0.0245  0.0244  0.0244
  0.0244  0.0243  0.0244  0.0245  0.0244  0.0247  0.0243  0.0245  0.0243  0.0243  0.0243  0.0243
  0.0243  0.0243  0.0243  0.0243  0.0243  0.0243  0.0242  0.0242  0.0242  0.0242  0.0242  0.0242
  0.0244  0.0244  0.0243  0.0244  0.0243  0.0243  0.0243  0.0243  0.0243  0.0243  0.0243  0.0243
  0.0247  0.0246  0.0244  0.0248  0.0246  0.0248  0.0246  0.0248  0.0244  0.0246  0.0245  0.0244
  0.0252  0.0250  0.0247  0.0257  0.0251  0.0258  0.0251  0.0258  0.0247  0.0250  0.0249  0.0246
niter,ni,del,rscale     2    3    5.0000    0.5000
parameters
   -0.4283   -4.4598    8.2199   -2.5473  -12.8100   -5.3707
    1.9217    4.0147   -1.8353    2.4887    4.1380   -7.5045
eta,q 0.97579 10.31900
  0.0249  0.0246  0.0247  0.0251  0.0248  0.0256  0.0247  0.0255  0.0246  0.0247  0.0245  0.0245
  0.0245  0.0244  0.0244  0.0247  0.0245  0.0250  0.0244  0.0248  0.0244  0.0244  0.0244  0.0243
  0.0243  0.0243  0.0243  0.0244  0.0243  0.0245  0.0243  0.0244  0.0243  0.0242  0.0242  0.0242
  0.0242  0.0242  0.0242  0.0242  0.0242  0.0242  0.0242  0.0242  0.0242  0.0242  0.0242  0.0242
  0.0243  0.0243  0.0242  0.0243  0.0243  0.0243  0.0243  0.0243  0.0242  0.0243  0.0243  0.0242
  0.0245  0.0245  0.0243  0.0246  0.0245  0.0247  0.0245  0.0247  0.0244  0.0245  0.0244  0.0243
  0.0248  0.0247  0.0245  0.0252  0.0248  0.0254  0.0248  0.0253  0.0246  0.0248  0.0246  0.0245
niter,ni,del,rscale     1    3    5.0000    0.4000
parameters
   -0.4116   -4.5046    8.2860   -2.5225  -12.7774   -5.2806
    1.8883    4.1192   -1.7770    2.4274    4.0286   -7.4876
eta,q 0.97580 10.32285
  0.0247  0.0244  0.0245  0.0248  0.0246  0.0251  0.0246  0.0250  0.0245  0.0245  0.0244  0.0244
  0.0244  0.0243  0.0243  0.0245  0.0244  0.0247  0.0244  0.0246  0.0243  0.0243  0.0243  0.0243
  0.0243  0.0242  0.0242  0.0243  0.0243  0.0243  0.0242  0.0243  0.0242  0.0242  0.0242  0.0242
  0.0242  0.0242  0.0242  0.0242  0.0242  0.0242  0.0242  0.0242  0.0242  0.0242  0.0242  0.0242
  0.0243  0.0242  0.0242  0.0242  0.0242  0.0243  0.0243  0.0243  0.0242  0.0242  0.0242  0.0242
  0.0244  0.0243  0.0243  0.0245  0.0244  0.0246  0.0244  0.0245  0.0243  0.0244  0.0243  0.0243
  0.0246  0.0245  0.0244  0.0248  0.0246  0.0250  0.0246  0.0249  0.0244  0.0246  0.0245  0.0244
registration optimization eta report
parameter search radius
    0.8000    0.8000    0.8000    2.4000    2.4000    2.4000
    2.4000    2.4000    2.4000    2.4000    2.4000    2.4000
100000*second partial in parameter space
       66.       43.       38.       11.        6.       15.
        6.       13.        5.        6.        4.        3.
  0.0247  0.0244  0.0245  0.0248  0.0246  0.0251  0.0246  0.0250  0.0245  0.0245  0.0244  0.0244
  0.0244  0.0243  0.0243  0.0245  0.0244  0.0247  0.0244  0.0246  0.0243  0.0243  0.0243  0.0243
  0.0243  0.0242  0.0242  0.0243  0.0243  0.0243  0.0242  0.0243  0.0242  0.0242  0.0242  0.0242
  0.0242  0.0242  0.0242  0.0242  0.0242  0.0242  0.0242  0.0242  0.0242  0.0242  0.0242  0.0242
  0.0243  0.0242  0.0242  0.0242  0.0242  0.0243  0.0243  0.0243  0.0242  0.0242  0.0242  0.0242
  0.0244  0.0243  0.0243  0.0245  0.0244  0.0246  0.0244  0.0245  0.0243  0.0244  0.0243  0.0243
  0.0246  0.0245  0.0244  0.0248  0.0246  0.0250  0.0246  0.0249  0.0244  0.0246  0.0245  0.0244
   -0.4116   -4.5046    8.2860   -2.5225  -12.7774   -5.2806
    1.8883    4.1192   -1.7770    2.4274    4.0286   -7.4876
eta,q 0.97580 10.32285

---------------------------------------------------------------------
imgreg_4dfp /opt/freesurfer/average/711-2C_as_mni_average_305 /opt/freesurfer/average/711-2B_as_mni_average_305_mask talsrcimg_g11 none talsrcimg_to_711-2C_as_mni_average_305_t4 2311
---------------------------------------------------------------------

freesurfer imgreg_4dfp.c
/opt/freesurfer/average/711-2C_as_mni_average_305.4dfp.img
       256       256       256         1
  1.000000  1.000000  1.000000
orientation T byte_order littleendian
Reading image: /opt/freesurfer/average/711-2C_as_mni_average_305.4dfp.img
dimensions:      256       256       256
mmppix:       1.0000   -1.0000   -1.0000
center:     128.0000 -129.0000 -129.0000
/opt/freesurfer/average/711-2B_as_mni_average_305_mask.4dfp.img
       256       256       256         1
  1.000000  1.000000  1.000000
orientation T byte_order littleendian
Reading mask: /opt/freesurfer/average/711-2B_as_mni_average_305_mask.4dfp.img (2306576 pixels)
talsrcimg_g11.4dfp.img
       256       256       256         1
  1.000000  1.000000  1.000000
orientation T byte_order littleendian
Reading image: talsrcimg_g11.4dfp.img
dimensions:      256       256       256
mmppix:       1.0000   -1.0000   -1.0000
center:     128.0000 -129.0000 -129.0000
fimgreg.f
image alignment mode   2311 decimal      907 hex
parameters
   -0.4116   -4.5046    8.2860   -2.5225  -12.7774   -5.2806
    1.8883    4.1192   -1.7770    2.4274    4.0286   -7.4876
eta,q 0.97580 10.32285
niter,ni,del,rscale     5    3    5.0000    0.8000
parameters
   -0.3851   -4.4979    8.3165   -3.0117  -12.8913   -5.5035
    1.9689    4.0369   -1.7150    2.4702    4.0394   -7.4165
eta,q 0.97574 10.30568
  0.0259  0.0253  0.0252  0.0258  0.0256  0.0267  0.0257  0.0268  0.0253  0.0256  0.0251  0.0249
  0.0250  0.0247  0.0247  0.0251  0.0249  0.0257  0.0249  0.0255  0.0247  0.0249  0.0247  0.0245
  0.0244  0.0243  0.0243  0.0245  0.0244  0.0247  0.0244  0.0246  0.0244  0.0244  0.0244  0.0243
  0.0242  0.0242  0.0242  0.0242  0.0242  0.0242  0.0243  0.0243  0.0243  0.0243  0.0243  0.0243
  0.0244  0.0243  0.0243  0.0245  0.0244  0.0246  0.0244  0.0245  0.0244  0.0244  0.0243  0.0243
  0.0249  0.0247  0.0246  0.0254  0.0249  0.0257  0.0248  0.0255  0.0247  0.0248  0.0246  0.0245
  0.0258  0.0253  0.0251  0.0271  0.0259  0.0276  0.0256  0.0271  0.0252  0.0256  0.0252  0.0249
niter,ni,del,rscale     4    3    5.0000    0.7000
parameters
   -0.3986   -4.4547    8.2320   -2.8252  -12.8562   -5.4947
    1.9077    4.0474   -1.7322    2.5060    4.0613   -7.5050
eta,q 0.97577 10.30979
  0.0255  0.0251  0.0249  0.0258  0.0254  0.0264  0.0253  0.0263  0.0250  0.0253  0.0249  0.0247
  0.0248  0.0246  0.0245  0.0252  0.0248  0.0255  0.0247  0.0253  0.0246  0.0247  0.0246  0.0244
  0.0244  0.0244  0.0243  0.0246  0.0244  0.0247  0.0243  0.0245  0.0243  0.0243  0.0243  0.0243
  0.0243  0.0243  0.0243  0.0243  0.0242  0.0242  0.0242  0.0242  0.0242  0.0242  0.0242  0.0242
  0.0244  0.0243  0.0244  0.0243  0.0243  0.0244  0.0244  0.0244  0.0243  0.0244  0.0243  0.0243
  0.0248  0.0246  0.0246  0.0248  0.0247  0.0252  0.0247  0.0252  0.0246  0.0247  0.0245  0.0245
  0.0255  0.0250  0.0251  0.0258  0.0254  0.0266  0.0253  0.0264  0.0250  0.0252  0.0249  0.0247
niter,ni,del,rscale     3    3    5.0000    0.6000
parameters
   -0.4082   -4.4626    8.2365   -2.6893  -12.8193   -5.4034
    1.8864    4.0761   -1.7466    2.4979    4.0531   -7.5248
eta,q 0.97579 10.31564
  0.0251  0.0248  0.0248  0.0255  0.0251  0.0260  0.0250  0.0258  0.0248  0.0250  0.0247  0.0246
  0.0246  0.0245  0.0245  0.0250  0.0246  0.0252  0.0246  0.0250  0.0245  0.0245  0.0245  0.0244
  0.0243  0.0243  0.0243  0.0245  0.0243  0.0245  0.0243  0.0244  0.0243  0.0243  0.0243  0.0243
  0.0242  0.0242  0.0242  0.0242  0.0242  0.0242  0.0242  0.0242  0.0242  0.0242  0.0242  0.0242
  0.0243  0.0243  0.0243  0.0243  0.0243  0.0244  0.0243  0.0244  0.0243  0.0243  0.0243  0.0242
  0.0247  0.0245  0.0245  0.0247  0.0246  0.0249  0.0246  0.0249  0.0245  0.0246  0.0244  0.0244
  0.0252  0.0248  0.0248  0.0255  0.0251  0.0260  0.0250  0.0259  0.0248  0.0250  0.0248  0.0246
niter,ni,del,rscale     2    3    5.0000    0.5000
parameters
   -0.4069   -4.4884    8.2696   -2.6051  -12.7924   -5.3140
    1.8735    4.1184   -1.7448    2.4640    4.0049   -7.5009
eta,q 0.97580 10.32029
  0.0249  0.0246  0.0246  0.0251  0.0248  0.0256  0.0248  0.0254  0.0246  0.0247  0.0246  0.0245
  0.0245  0.0244  0.0244  0.0247  0.0245  0.0249  0.0244  0.0248  0.0244  0.0244  0.0244  0.0243
  0.0243  0.0243  0.0243  0.0244  0.0243  0.0244  0.0243  0.0244  0.0243  0.0243  0.0242  0.0242
  0.0242  0.0242  0.0242  0.0242  0.0242  0.0242  0.0242  0.0242  0.0242  0.0242  0.0242  0.0242
  0.0243  0.0243  0.0242  0.0243  0.0243  0.0243  0.0243  0.0243  0.0242  0.0243  0.0242  0.0242
  0.0245  0.0244  0.0244  0.0246  0.0244  0.0247  0.0245  0.0247  0.0244  0.0245  0.0244  0.0243
  0.0249  0.0247  0.0246  0.0251  0.0248  0.0255  0.0248  0.0254  0.0246  0.0247  0.0246  0.0245
niter,ni,del,rscale     1    3    5.0000    0.4000
parameters
   -0.4041   -4.5114    8.3036   -2.5455  -12.7676   -5.2557
    1.8620    4.1639   -1.7153    2.4234    3.9454   -7.4750
eta,q 0.97580 10.32340
  0.0246  0.0245  0.0245  0.0248  0.0246  0.0251  0.0246  0.0250  0.0245  0.0245  0.0244  0.0244
  0.0244  0.0243  0.0243  0.0245  0.0244  0.0246  0.0244  0.0246  0.0243  0.0243  0.0243  0.0243
  0.0243  0.0242  0.0242  0.0243  0.0243  0.0243  0.0242  0.0243  0.0242  0.0242  0.0242  0.0242
  0.0242  0.0242  0.0242  0.0242  0.0242  0.0242  0.0242  0.0242  0.0242  0.0242  0.0242  0.0242
  0.0243  0.0242  0.0242  0.0242  0.0242  0.0243  0.0242  0.0243  0.0242  0.0242  0.0242  0.0242
  0.0244  0.0243  0.0243  0.0244  0.0244  0.0246  0.0244  0.0245  0.0243  0.0244  0.0243  0.0243
  0.0246  0.0245  0.0244  0.0248  0.0246  0.0250  0.0246  0.0249  0.0245  0.0246  0.0245  0.0244
registration optimization eta report
parameter search radius
    0.8000    0.8000    0.8000    2.4000    2.4000    2.4000
    2.4000    2.4000    2.4000    2.4000    2.4000    2.4000
100000*second partial in parameter space
       66.       43.       38.       11.        6.       15.
        6.       13.        5.        6.        4.        3.
  0.0246  0.0245  0.0245  0.0248  0.0246  0.0251  0.0246  0.0250  0.0245  0.0245  0.0244  0.0244
  0.0244  0.0243  0.0243  0.0245  0.0244  0.0246  0.0244  0.0246  0.0243  0.0243  0.0243  0.0243
  0.0243  0.0242  0.0242  0.0243  0.0243  0.0243  0.0242  0.0243  0.0242  0.0242  0.0242  0.0242
  0.0242  0.0242  0.0242  0.0242  0.0242  0.0242  0.0242  0.0242  0.0242  0.0242  0.0242  0.0242
  0.0243  0.0242  0.0242  0.0242  0.0242  0.0243  0.0242  0.0243  0.0242  0.0242  0.0242  0.0242
  0.0244  0.0243  0.0243  0.0244  0.0244  0.0246  0.0244  0.0245  0.0243  0.0244  0.0243  0.0243
  0.0246  0.0245  0.0244  0.0248  0.0246  0.0250  0.0246  0.0249  0.0245  0.0246  0.0245  0.0244
   -0.4041   -4.5114    8.3036   -2.5455  -12.7676   -5.2557
    1.8620    4.1639   -1.7153    2.4234    3.9454   -7.4750
eta,q 0.97580 10.32340

---------------------------------------------------------------------
compute_vox2vox talsrcimg talsrcimg_to_711-2C_as_mni_average_305_t4 /opt/freesurfer/average/711-2C_as_mni_average_305
---------------------------------------------------------------------

freesurfer compute_vox2vox.c
Reading: talsrcimg.4dfp.ifh
Reading: talsrcimg_to_711-2C_as_mni_average_305_t4
Reading: /opt/freesurfer/average/711-2C_as_mni_average_305.4dfp.ifh
Writing: talsrcimg_to_711-2C_as_mni_average_305_t4_vox2vox.txt

start time Thu Mar 12 14:57:19 CET 2026
end		time Thu Mar 12 14:58:47 CET 2026

mpr2mni305 success

avi2talxfm orig_nu.mgz /opt/freesurfer/average/mni305.cor.mgz talsrcimg_to_711-2C_as_mni_average_305_t4_vox2vox.txt transforms/talairach.auto.xfm
avi2talxfm done
mv -f /out/sourcedata/freesurfer/sub-v1s20x0050282_ses-1/mri/talsrcimg_to_711-2C_as_mni_average_305_t4_vox2vox.txt /out/sourcedata/freesurfer/sub-v1s20x0050282_ses-1/mri/transforms/talsrcimg_to_711-2C_as_mni_average_305_t4_vox2vox.txt
lta_convert --src orig_nu.mgz --trg /opt/freesurfer/average/mni305.cor.mgz --inxfm transforms/talairach.auto.xfm --outlta transforms/talairach.auto.xfm.lta --subject fsaverage
7.3.2

--src: orig_nu.mgz src image (geometry).
--trg: /opt/freesurfer/average/mni305.cor.mgz trg image (geometry).
--inmni: transforms/talairach.auto.xfm input MNI/XFM transform.
--outlta: transforms/talairach.auto.xfm.lta output LTA.
--s: fsaverage subject name
 LTA read, type : 1
 1.02747  -0.04450  -0.02575   0.14030;
-0.04110   1.05494   0.09128  -8.87929;
 0.02135  -0.03018   1.14332   4.70547;
 0.00000   0.00000   0.00000   1.00000;
setting subject to fsaverage
Writing  LTA to file transforms/talairach.auto.xfm.lta...
lta_convert successful.
 
 
Started at Thu Mar 12 14:57:19 CET 2026
Ended   at Thu Mar 12 14:58:47 CET 2026
talairach_avi done
