status file for recon-all
Thu Mar 12 16:03:30 CET 2026
#@# Tessellate lh Thu Mar 12 16:03:30 CET 2026
#@# Smooth1 lh Thu Mar 12 16:03:32 CET 2026
#@# Inflation1 lh Thu Mar 12 16:03:34 CET 2026
#@# QSphere lh Thu Mar 12 16:03:44 CET 2026
#@# Fix Topology lh Thu Mar 12 16:04:24 CET 2026
#@# Smooth2 lh Thu Mar 12 16:09:07 CET 2026
#@# Inflation2 lh Thu Mar 12 16:09:09 CET 2026
#@# Curv .H and .K lh Thu Mar 12 16:09:20 CET 2026
#@# Sphere lh Thu Mar 12 16:09:52 CET 2026
#@# Surf Reg lh Thu Mar 12 16:12:31 CET 2026
#@# Jacobian white lh Thu Mar 12 16:15:12 CET 2026
#@# AvgCurv lh Thu Mar 12 16:15:12 CET 2026
#@# Cortical Parc lh Thu Mar 12 16:15:13 CET 2026
#@# white curv lh Thu Mar 12 16:19:49 CET 2026
#@# white area lh Thu Mar 12 16:19:50 CET 2026
#@# pial curv lh Thu Mar 12 16:19:51 CET 2026
#@# pial area lh Thu Mar 12 16:19:52 CET 2026
#@# thickness lh Thu Mar 12 16:19:52 CET 2026
#@# area and vertex vol lh Thu Mar 12 16:20:08 CET 2026
#@# Curvature Stats lh Thu Mar 12 16:20:09 CET 2026
#@# Cortical Parc 2 lh Thu Mar 12 16:20:11 CET 2026
#@# Cortical Parc 3 lh Thu Mar 12 16:20:19 CET 2026
#@# WM/GM Contrast lh Thu Mar 12 16:20:26 CET 2026
recon-all -s sub-v1s20x0050279_ses-1 finished without error at Thu Mar 12 16:20:28 CET 2026



#New# invocation of recon-all 



status file for recon-all
Thu Mar 12 16:41:26 CET 2026
#@# white curv lh Thu Mar 12 16:41:26 CET 2026
#@# white area lh Thu Mar 12 16:41:26 CET 2026
#@# pial curv lh Thu Mar 12 16:41:26 CET 2026
#@# pial area lh Thu Mar 12 16:41:26 CET 2026
#@# thickness lh Thu Mar 12 16:41:26 CET 2026
#@# area and vertex vol lh Thu Mar 12 16:41:26 CET 2026
#@# Parcellation Stats lh Thu Mar 12 16:41:26 CET 2026
#@# Parcellation Stats 2 lh Thu Mar 12 16:41:38 CET 2026
#@# Parcellation Stats 3 lh Thu Mar 12 16:41:44 CET 2026
#@# BA_exvivo Labels lh Thu Mar 12 16:41:49 CET 2026
recon-all -s sub-v1s20x0050279_ses-1 finished without error at Thu Mar 12 16:43:35 CET 2026
