status file for recon-all
Thu Mar 12 14:43:18 CET 2026
#@# MotionCor Thu Mar 12 14:43:19 CET 2026
#@# Talairach Thu Mar 12 14:43:24 CET 2026
#@# Talairach Failure Detection Thu Mar 12 14:46:13 CET 2026
#@# Nu Intensity Correction Thu Mar 12 14:46:13 CET 2026
#@# Intensity Normalization Thu Mar 12 14:48:56 CET 2026
recon-all -s sub-v1s20x0050279_ses-1 finished without error at Thu Mar 12 14:49:51 CET 2026



#New# invocation of recon-all 



status file for recon-all
Thu Mar 12 14:55:44 CET 2026
#@# EM Registration Thu Mar 12 14:55:44 CET 2026
recon-all -s sub-v1s20x0050279_ses-1 finished without error at Thu Mar 12 14:59:17 CET 2026



#New# invocation of recon-all 



status file for recon-all
Thu Mar 12 14:59:18 CET 2026
#@# CA Normalize Thu Mar 12 14:59:18 CET 2026
#@# CA Reg Thu Mar 12 15:00:10 CET 2026
#@# SubCort Seg Thu Mar 12 15:40:11 CET 2026
#@# CC Seg Thu Mar 12 15:59:21 CET 2026
#@# Merge ASeg Thu Mar 12 15:59:53 CET 2026
#@# Intensity Normalization2 Thu Mar 12 15:59:53 CET 2026
#@# Mask BFS Thu Mar 12 16:01:14 CET 2026
#@# WM Segmentation Thu Mar 12 16:01:15 CET 2026
#@# Fill Thu Mar 12 16:02:48 CET 2026
recon-all -s sub-v1s20x0050279_ses-1 finished without error at Thu Mar 12 16:03:25 CET 2026



#New# invocation of recon-all 



status file for recon-all
Thu Mar 12 16:38:28 CET 2026
#@# white curv lh Thu Mar 12 16:38:28 CET 2026
#@# white area lh Thu Mar 12 16:38:29 CET 2026
#@# pial curv lh Thu Mar 12 16:38:29 CET 2026
#@# pial area lh Thu Mar 12 16:38:29 CET 2026
#@# thickness lh Thu Mar 12 16:38:29 CET 2026
#@# area and vertex vol lh Thu Mar 12 16:38:29 CET 2026
#@# white curv rh Thu Mar 12 16:38:29 CET 2026
#@# white area rh Thu Mar 12 16:38:29 CET 2026
#@# pial curv rh Thu Mar 12 16:38:29 CET 2026
#@# pial area rh Thu Mar 12 16:38:29 CET 2026
#@# thickness rh Thu Mar 12 16:38:29 CET 2026
#@# area and vertex vol rh Thu Mar 12 16:38:29 CET 2026
#@# Cortical ribbon mask Thu Mar 12 16:38:29 CET 2026
recon-all -s sub-v1s20x0050279_ses-1 finished without error at Thu Mar 12 16:41:20 CET 2026



#New# invocation of recon-all 



status file for recon-all
Thu Mar 12 16:45:51 CET 2026
#@# white curv lh Thu Mar 12 16:45:51 CET 2026
#@# white area lh Thu Mar 12 16:45:51 CET 2026
#@# pial curv lh Thu Mar 12 16:45:51 CET 2026
#@# pial area lh Thu Mar 12 16:45:51 CET 2026
#@# thickness lh Thu Mar 12 16:45:51 CET 2026
#@# area and vertex vol lh Thu Mar 12 16:45:51 CET 2026
#@# white curv rh Thu Mar 12 16:45:51 CET 2026
#@# white area rh Thu Mar 12 16:45:51 CET 2026
#@# pial curv rh Thu Mar 12 16:45:51 CET 2026
#@# pial area rh Thu Mar 12 16:45:51 CET 2026
#@# thickness rh Thu Mar 12 16:45:51 CET 2026
#@# area and vertex vol rh Thu Mar 12 16:45:51 CET 2026
#@# Curvature Stats lh Thu Mar 12 16:45:51 CET 2026
#@# Curvature Stats rh Thu Mar 12 16:45:52 CET 2026
#@# Relabel Hypointensities Thu Mar 12 16:45:54 CET 2026
#@# APas-to-ASeg Thu Mar 12 16:46:03 CET 2026
#@# AParc-to-ASeg aparc Thu Mar 12 16:46:09 CET 2026
#@# AParc-to-ASeg aparc.a2009s Thu Mar 12 16:46:22 CET 2026
#@# AParc-to-ASeg aparc.DKTatlas Thu Mar 12 16:46:35 CET 2026
#@# WMParc Thu Mar 12 16:46:47 CET 2026
#@# ASeg Stats Thu Mar 12 16:48:25 CET 2026
recon-all -s sub-v1s20x0050279_ses-1 finished without error at Thu Mar 12 16:48:43 CET 2026
