status file for recon-all
Mon Mar  9 09:29:58 CET 2026
#@# Tessellate rh Mon Mar  9 09:29:58 CET 2026
#@# Smooth1 rh Mon Mar  9 09:30:01 CET 2026
#@# Inflation1 rh Mon Mar  9 09:30:04 CET 2026
#@# QSphere rh Mon Mar  9 09:30:14 CET 2026
#@# Fix Topology rh Mon Mar  9 09:31:08 CET 2026
#@# Smooth2 rh Mon Mar  9 09:43:20 CET 2026
#@# Inflation2 rh Mon Mar  9 09:43:23 CET 2026
#@# Curv .H and .K rh Mon Mar  9 09:43:33 CET 2026
#@# Sphere rh Mon Mar  9 09:44:19 CET 2026
#@# Surf Reg rh Mon Mar  9 09:49:34 CET 2026
#@# Jacobian white rh Mon Mar  9 09:54:51 CET 2026
#@# AvgCurv rh Mon Mar  9 09:54:52 CET 2026
#@# Cortical Parc rh Mon Mar  9 09:54:53 CET 2026
#@# white curv rh Mon Mar  9 10:00:44 CET 2026
#@# white area rh Mon Mar  9 10:00:46 CET 2026
#@# pial curv rh Mon Mar  9 10:00:46 CET 2026
#@# pial area rh Mon Mar  9 10:00:48 CET 2026
#@# thickness rh Mon Mar  9 10:00:48 CET 2026
#@# area and vertex vol rh Mon Mar  9 10:01:18 CET 2026
#@# Curvature Stats rh Mon Mar  9 10:01:20 CET 2026
#@# Cortical Parc 2 rh Mon Mar  9 10:01:22 CET 2026
#@# Cortical Parc 3 rh Mon Mar  9 10:01:34 CET 2026
#@# WM/GM Contrast rh Mon Mar  9 10:01:43 CET 2026
recon-all -s sub-v1s20x0050306_ses-1 finished without error at Mon Mar  9 10:01:47 CET 2026



#New# invocation of recon-all 



status file for recon-all
Mon Mar  9 10:09:40 CET 2026
#@# white curv rh Mon Mar  9 10:09:40 CET 2026
#@# white area rh Mon Mar  9 10:09:40 CET 2026
#@# pial curv rh Mon Mar  9 10:09:40 CET 2026
#@# pial area rh Mon Mar  9 10:09:40 CET 2026
#@# thickness rh Mon Mar  9 10:09:40 CET 2026
#@# area and vertex vol rh Mon Mar  9 10:09:40 CET 2026
#@# Parcellation Stats rh Mon Mar  9 10:09:40 CET 2026
#@# Parcellation Stats 2 rh Mon Mar  9 10:09:57 CET 2026
#@# Parcellation Stats 3 rh Mon Mar  9 10:10:07 CET 2026
#@# BA_exvivo Labels rh Mon Mar  9 10:10:15 CET 2026
recon-all -s sub-v1s20x0050306_ses-1 finished without error at Mon Mar  9 10:12:35 CET 2026
