status file for recon-all
Mon Mar  9 07:24:53 CET 2026
#@# MotionCor Mon Mar  9 07:24:54 CET 2026
#@# Talairach Mon Mar  9 07:25:02 CET 2026
#@# Talairach Failure Detection Mon Mar  9 07:29:28 CET 2026
#@# Nu Intensity Correction Mon Mar  9 07:29:28 CET 2026
#@# Intensity Normalization Mon Mar  9 07:32:41 CET 2026
recon-all -s sub-v1s20x0050306_ses-1 finished without error at Mon Mar  9 07:34:06 CET 2026



#New# invocation of recon-all 



status file for recon-all
Mon Mar  9 07:40:40 CET 2026
#@# EM Registration Mon Mar  9 07:40:40 CET 2026
recon-all -s sub-v1s20x0050306_ses-1 finished without error at Mon Mar  9 07:42:09 CET 2026



#New# invocation of recon-all 



status file for recon-all
Mon Mar  9 07:42:13 CET 2026
#@# CA Normalize Mon Mar  9 07:42:13 CET 2026
#@# CA Reg Mon Mar  9 07:43:32 CET 2026
#@# SubCort Seg Mon Mar  9 08:24:38 CET 2026
#@# CC Seg Mon Mar  9 08:57:01 CET 2026
#@# Merge ASeg Mon Mar  9 08:57:57 CET 2026
#@# Intensity Normalization2 Mon Mar  9 08:57:57 CET 2026
#@# Mask BFS Mon Mar  9 09:00:06 CET 2026
#@# WM Segmentation Mon Mar  9 09:00:06 CET 2026
#@# Fill Mon Mar  9 09:02:17 CET 2026
recon-all -s sub-v1s20x0050306_ses-1 finished without error at Mon Mar  9 09:03:18 CET 2026



#New# invocation of recon-all 



status file for recon-all
Mon Mar  9 10:01:53 CET 2026
#@# white curv lh Mon Mar  9 10:01:53 CET 2026
#@# white area lh Mon Mar  9 10:01:53 CET 2026
#@# pial curv lh Mon Mar  9 10:01:53 CET 2026
#@# pial area lh Mon Mar  9 10:01:53 CET 2026
#@# thickness lh Mon Mar  9 10:01:53 CET 2026
#@# area and vertex vol lh Mon Mar  9 10:01:53 CET 2026
#@# white curv rh Mon Mar  9 10:01:53 CET 2026
#@# white area rh Mon Mar  9 10:01:53 CET 2026
#@# pial curv rh Mon Mar  9 10:01:53 CET 2026
#@# pial area rh Mon Mar  9 10:01:53 CET 2026
#@# thickness rh Mon Mar  9 10:01:53 CET 2026
#@# area and vertex vol rh Mon Mar  9 10:01:53 CET 2026
#@# Cortical ribbon mask Mon Mar  9 10:01:53 CET 2026
recon-all -s sub-v1s20x0050306_ses-1 finished without error at Mon Mar  9 10:06:44 CET 2026



#New# invocation of recon-all 



status file for recon-all
Mon Mar  9 10:12:40 CET 2026
#@# white curv lh Mon Mar  9 10:12:40 CET 2026
#@# white area lh Mon Mar  9 10:12:40 CET 2026
#@# pial curv lh Mon Mar  9 10:12:40 CET 2026
#@# pial area lh Mon Mar  9 10:12:40 CET 2026
#@# thickness lh Mon Mar  9 10:12:40 CET 2026
#@# area and vertex vol lh Mon Mar  9 10:12:40 CET 2026
#@# white curv rh Mon Mar  9 10:12:40 CET 2026
#@# white area rh Mon Mar  9 10:12:40 CET 2026
#@# pial curv rh Mon Mar  9 10:12:40 CET 2026
#@# pial area rh Mon Mar  9 10:12:40 CET 2026
#@# thickness rh Mon Mar  9 10:12:40 CET 2026
#@# area and vertex vol rh Mon Mar  9 10:12:40 CET 2026
#@# Curvature Stats lh Mon Mar  9 10:12:40 CET 2026
#@# Curvature Stats rh Mon Mar  9 10:12:42 CET 2026
#@# Relabel Hypointensities Mon Mar  9 10:12:44 CET 2026
#@# APas-to-ASeg Mon Mar  9 10:12:59 CET 2026
#@# AParc-to-ASeg aparc Mon Mar  9 10:13:06 CET 2026
#@# AParc-to-ASeg aparc.a2009s Mon Mar  9 10:13:37 CET 2026
#@# AParc-to-ASeg aparc.DKTatlas Mon Mar  9 10:14:08 CET 2026
#@# WMParc Mon Mar  9 10:14:38 CET 2026
#@# ASeg Stats Mon Mar  9 10:18:12 CET 2026
recon-all -s sub-v1s20x0050306_ses-1 finished without error at Mon Mar  9 10:18:44 CET 2026
