status file for recon-all
Thu Mar 12 20:38:02 CET 2026
#@# Tessellate lh Thu Mar 12 20:38:02 CET 2026
#@# Smooth1 lh Thu Mar 12 20:38:05 CET 2026
#@# Inflation1 lh Thu Mar 12 20:38:07 CET 2026
#@# QSphere lh Thu Mar 12 20:38:17 CET 2026
#@# Fix Topology lh Thu Mar 12 20:39:10 CET 2026
#@# Smooth2 lh Thu Mar 12 20:45:22 CET 2026
#@# Inflation2 lh Thu Mar 12 20:45:25 CET 2026
#@# Curv .H and .K lh Thu Mar 12 20:45:35 CET 2026
#@# Sphere lh Thu Mar 12 20:46:20 CET 2026
#@# Surf Reg lh Thu Mar 12 20:49:28 CET 2026
#@# Jacobian white lh Thu Mar 12 20:52:36 CET 2026
#@# AvgCurv lh Thu Mar 12 20:52:37 CET 2026
#@# Cortical Parc lh Thu Mar 12 20:52:38 CET 2026
#@# white curv lh Thu Mar 12 20:57:52 CET 2026
#@# white area lh Thu Mar 12 20:57:54 CET 2026
#@# pial curv lh Thu Mar 12 20:57:54 CET 2026
#@# pial area lh Thu Mar 12 20:57:56 CET 2026
#@# thickness lh Thu Mar 12 20:57:56 CET 2026
#@# area and vertex vol lh Thu Mar 12 20:58:25 CET 2026
#@# Curvature Stats lh Thu Mar 12 20:58:26 CET 2026
#@# Cortical Parc 2 lh Thu Mar 12 20:58:28 CET 2026
#@# Cortical Parc 3 lh Thu Mar 12 20:58:41 CET 2026
#@# WM/GM Contrast lh Thu Mar 12 20:58:50 CET 2026
recon-all -s sub-v1s20x0050366_ses-1 finished without error at Thu Mar 12 20:58:54 CET 2026



#New# invocation of recon-all 



status file for recon-all
Thu Mar 12 21:25:22 CET 2026
#@# white curv lh Thu Mar 12 21:25:22 CET 2026
#@# white area lh Thu Mar 12 21:25:22 CET 2026
#@# pial curv lh Thu Mar 12 21:25:22 CET 2026
#@# pial area lh Thu Mar 12 21:25:22 CET 2026
#@# thickness lh Thu Mar 12 21:25:22 CET 2026
#@# area and vertex vol lh Thu Mar 12 21:25:22 CET 2026
#@# Parcellation Stats lh Thu Mar 12 21:25:22 CET 2026
#@# Parcellation Stats 2 lh Thu Mar 12 21:25:39 CET 2026
#@# Parcellation Stats 3 lh Thu Mar 12 21:25:48 CET 2026
#@# BA_exvivo Labels lh Thu Mar 12 21:25:56 CET 2026
recon-all -s sub-v1s20x0050366_ses-1 finished without error at Thu Mar 12 21:28:18 CET 2026
