/out/sourcedata/freesurfer/sub-v1s20x0050331_ses-1/mri
/opt/freesurfer/bin/talairach_avi
--i orig_nu.mgz --xfm transforms/talairach.auto.xfm
talairach_avi 7.3.2
Linux dna070 5.14.0-427.37.1.el9_4.x86_64 #1 SMP PREEMPT_DYNAMIC Fri Sep 13 12:41:50 EDT 2024 x86_64 x86_64 x86_64 GNU/Linux
Thu Mar 12 15:48:22 CET 2026
mri_convert orig_nu.mgz talsrcimg.img 
reading from orig_nu.mgz...
TR=0.00, TE=0.00, TI=0.00, flip angle=0.00
i_ras = (-1, 0, 0)
j_ras = (0, 0, -1)
k_ras = (0, 1, 0)
writing to talsrcimg.img...
Analyze Output Matrix
-1.00000   0.00000   0.00000   129.50778;
 0.00000   0.00000   1.00000  -128.49219;
 0.00000  -1.00000   0.00000   129.70001;
 0.00000   0.00000   0.00000   1.00000;
--------------------
INFO: set hdr.hist.orient to -1
mpr2mni305 talsrcimg
Thu Mar 12 15:48:23 CET 2026
/opt/freesurfer/bin/mpr2mni305 talsrcimg
mpr2mni305 7.3.2
target=711-2C_as_mni_average_305

---------------------------------------------------------------------
analyzeto4dfp talsrcimg -O0 -y
---------------------------------------------------------------------

freesurfer ifh2hdr.c
Thu Mar 12 15:48:23 2026
Writing: talsrcimg.4dfp.hdr
freesurfer analyzeto4dfp.c
Reading: talsrcimg.hdr
header size 348 bytes
hdr.dime.datatype	offset=70	value=2
hdr.dime.bitpix		offset=72	value=8
hdr.hist.orient		offset=252	value=-1
dimensionality     4
dimensions       256       256       256         1
Reading: talsrcimg.img
Writing: talsrcimg.4dfp.img
Writing: talsrcimg.4dfp.ifh
ifh2hdr talsrcimg -r0to244
ori=2

---------------------------------------------------------------------
gauss_4dfp talsrcimg 1.1
---------------------------------------------------------------------

freesurfer gauss_4dfp.c
Reading: talsrcimg.4dfp.img
Writing: talsrcimg_g11.4dfp.img
image dimensions 256 256 256 padded to 288 288 288
processing volume 1freesurfer ifh2hdr.c
Thu Mar 12 15:48:25 2026
Writing: talsrcimg_g11.4dfp.hdr

Writing: talsrcimg_g11.4dfp.ifh
including: talsrcimg.4dfp.img.rec in talsrcimg_g11.4dfp.img.rec

---------------------------------------------------------------------
imgreg_4dfp /opt/freesurfer/average/711-2C_as_mni_average_305 none talsrcimg_g11 none talsrcimg_to_711-2C_as_mni_average_305_t4 4355
---------------------------------------------------------------------

freesurfer imgreg_4dfp.c
/opt/freesurfer/average/711-2C_as_mni_average_305.4dfp.img
       256       256       256         1
  1.000000  1.000000  1.000000
orientation T byte_order littleendian
Reading image: /opt/freesurfer/average/711-2C_as_mni_average_305.4dfp.img
dimensions:      256       256       256
mmppix:       1.0000   -1.0000   -1.0000
center:     128.0000 -129.0000 -129.0000
talsrcimg_g11.4dfp.img
       256       256       256         1
  1.000000  1.000000  1.000000
orientation T byte_order littleendian
Reading image: talsrcimg_g11.4dfp.img
dimensions:      256       256       256
mmppix:       1.0000   -1.0000   -1.0000
center:     128.0000 -129.0000 -129.0000
t4_read: open error in t4_sub.f l:  41 t4_file(1:l)talsrcimg_to_711-2C_as_mni_average_305_t4 
t4_read: transform initialized to I4
rotation matrix determinant  1.000000
image alignment mode   4355 decimal     1103 hex
   -7.5000  -45.0000  -45.0000 7794.1089   19.4080
    0.0000  -45.0000  -45.0000 8076.3647   19.4432
    7.5000  -45.0000  -45.0000 7692.9590   19.4630
   -7.5000  -37.5000  -45.0000 8318.9414   19.3976
    0.0000  -37.5000  -45.0000 8613.6123   19.4339
    7.5000  -37.5000  -45.0000 8187.3267   19.4486
   -7.5000  -30.0000  -45.0000 9064.2295   19.3541
    0.0000  -30.0000  -45.0000 9390.3076   19.3862
    7.5000  -30.0000  -45.0000 8913.1787   19.4010
   -7.5000  -22.5000  -45.0000 9692.6963   19.3168
    0.0000  -22.5000  -45.000010042.5615   19.3423
    7.5000  -22.5000  -45.0000 9507.6406   19.3610
   -7.5000  -15.0000  -45.000010243.3066   19.3212
    0.0000  -15.0000  -45.000010613.2920   19.3420
    7.5000  -15.0000  -45.000010055.1553   19.3630
   -7.5000   -7.5000  -45.000010774.4805   19.3690
    0.0000   -7.5000  -45.000011162.8018   19.3954
    7.5000   -7.5000  -45.000010584.5381   19.4173
   -7.5000    0.0000  -45.000011276.9463   19.4080
    0.0000    0.0000  -45.000011674.2422   19.4432
    7.5000    0.0000  -45.000011085.7754   19.4630
   -7.5000    7.5000  -45.000010983.8506   19.3976
    0.0000    7.5000  -45.000011365.7783   19.4339
    7.5000    7.5000  -45.000010803.6660   19.4486
   -7.5000   15.0000  -45.000010586.3252   19.3541
    0.0000   15.0000  -45.000010949.4707   19.3862
    7.5000   15.0000  -45.000010417.4756   19.4010
   -7.5000   22.5000  -45.0000 9936.6611   19.3141
    0.0000   22.5000  -45.000010256.2852   19.3396
    7.5000   22.5000  -45.0000 9725.8662   19.3584
   -7.5000   30.0000  -45.0000 9122.5029   19.0637
    0.0000   30.0000  -45.0000 9394.6875   19.0843
    7.5000   30.0000  -45.0000 8918.4717   19.1049
   -7.5000   37.5000  -45.0000 8653.9580   19.1109
    0.0000   37.5000  -45.0000 8902.8379   19.1369
    7.5000   37.5000  -45.0000 8440.0928   19.1585
   -7.5000   45.0000  -45.0000 7857.4570   18.6631
    0.0000   45.0000  -45.0000 8062.6597   18.6970
    7.5000   45.0000  -45.0000 7656.5366   18.7160
   -7.5000  -45.0000  -37.5000 8389.1162   19.2949
    0.0000  -45.0000  -37.5000 8664.2549   19.3295
    7.5000  -45.0000  -37.5000 8231.1035   19.3483
   -7.5000  -37.5000  -37.5000 8927.0918   19.2755
    0.0000  -37.5000  -37.5000 9241.5820   19.3169
    7.5000  -37.5000  -37.5000 8752.2861   19.3350
   -7.5000  -30.0000  -37.5000 9695.5469   19.2182
    0.0000  -30.0000  -37.500010052.8027   19.2601
    7.5000  -30.0000  -37.5000 9495.7207   19.2795
   -7.5000  -22.5000  -37.500010344.7744   19.1753
    0.0000  -22.5000  -37.500010724.3809   19.2088
    7.5000  -22.5000  -37.500010126.5879   19.2296
   -7.5000  -15.0000  -37.500010916.8203   19.1864
    0.0000  -15.0000  -37.500011317.0352   19.2099
    7.5000  -15.0000  -37.500010682.2002   19.2294
   -7.5000   -7.5000  -37.500011473.9834   19.2488
    0.0000   -7.5000  -37.500011898.3945   19.2737
    7.5000   -7.5000  -37.500011241.7129   19.2925
   -7.5000    0.0000  -37.500011995.5576   19.2949
    0.0000    0.0000  -37.500012441.1748   19.3295
    7.5000    0.0000  -37.500011745.9043   19.3483
   -7.5000    7.5000  -37.500011696.0020   19.2755
    0.0000    7.5000  -37.500012134.1865   19.3169
    7.5000    7.5000  -37.500011440.1016   19.3350
   -7.5000   15.0000  -37.500011272.2471   19.2182
    0.0000   15.0000  -37.500011687.8848   19.2601
    7.5000   15.0000  -37.500011030.6270   19.2795
   -7.5000   22.5000  -37.500010509.9072   19.1726
    0.0000   22.5000  -37.500010890.5830   19.2062
    7.5000   22.5000  -37.500010282.3008   19.2269
   -7.5000   30.0000  -37.5000 9612.1055   18.9307
    0.0000   30.0000  -37.5000 9925.5996   18.9539
    7.5000   30.0000  -37.5000 9399.2471   18.9731
   -7.5000   37.5000  -37.5000 9088.4482   18.9922
    0.0000   37.5000  -37.5000 9390.1182   19.0169
    7.5000   37.5000  -37.5000 8880.1543   19.0354
   -7.5000   45.0000  -37.5000 8238.9072   18.5543
    0.0000   45.0000  -37.5000 8488.3711   18.5876
    7.5000   45.0000  -37.5000 8033.0498   18.6057
   -7.5000  -45.0000  -30.0000 9105.8584   20.0368
    0.0000  -45.0000  -30.0000 9433.6807   20.0620
    7.5000  -45.0000  -30.0000 8942.0518   20.0814
   -7.5000  -37.5000  -30.0000 9697.3770   20.0200
    0.0000  -37.5000  -30.000010056.6426   20.0578
    7.5000  -37.5000  -30.0000 9491.1104   20.0794
   -7.5000  -30.0000  -30.000010517.2451   19.9692
    0.0000  -30.0000  -30.000010928.8955   20.0126
    7.5000  -30.0000  -30.000010296.7139   20.0369
   -7.5000  -22.5000  -30.000011238.1504   19.9303
    0.0000  -22.5000  -30.000011648.5234   19.9640
    7.5000  -22.5000  -30.000010978.3242   19.9879
   -7.5000  -15.0000  -30.000011841.3672   19.9395
    0.0000  -15.0000  -30.000012276.1416   19.9574
    7.5000  -15.0000  -30.000011546.7246   19.9774
   -7.5000   -7.5000  -30.000012430.9150   19.9952
    0.0000   -7.5000  -30.000012882.1035   20.0103
    7.5000   -7.5000  -30.000012111.9736   20.0282
   -7.5000    0.0000  -30.000012962.0000   20.0368
    0.0000    0.0000  -30.000013432.5742   20.0620
    7.5000    0.0000  -30.000012619.2627   20.0814
   -7.5000    7.5000  -30.000012637.6670   20.0200
    0.0000    7.5000  -30.000013109.8184   20.0578
    7.5000    7.5000  -30.000012288.5244   20.0794
   -7.5000   15.0000  -30.000012154.6514   19.9692
    0.0000   15.0000  -30.000012601.4688   20.0126
    7.5000   15.0000  -30.000011817.6162   20.0369
   -7.5000   22.5000  -30.000011316.3066   19.9255
    0.0000   22.5000  -30.000011730.3613   19.9592
    7.5000   22.5000  -30.000010999.3447   19.9831
   -7.5000   30.0000  -30.000010306.7461   19.6756
    0.0000   30.0000  -30.000010672.0957   19.6933
    7.5000   30.0000  -30.000010055.4092   19.7130
   -7.5000   37.5000  -30.0000 9700.8867   19.7306
    0.0000   37.5000  -30.000010052.8428   19.7455
    7.5000   37.5000  -30.0000 9471.7090   19.7632
   -7.5000   45.0000  -30.0000 8786.8066   19.2819
    0.0000   45.0000  -30.0000 9068.3213   19.3062
    7.5000   45.0000  -30.0000 8541.1738   19.3248
   -7.5000  -45.0000  -22.5000 9894.3662   20.7078
    0.0000  -45.0000  -22.500010262.8086   20.7217
    7.5000  -45.0000  -22.5000 9695.6211   20.7426
   -7.5000  -37.5000  -22.500010512.4404   20.7031
    0.0000  -37.5000  -22.500010897.2051   20.7293
    7.5000  -37.5000  -22.500010273.4424   20.7506
   -7.5000  -30.0000  -22.500011387.5527   20.6736
    0.0000  -30.0000  -22.500011834.0166   20.7060
    7.5000  -30.0000  -22.500011145.7959   20.7288
   -7.5000  -22.5000  -22.500012164.2090   20.6457
    0.0000  -22.5000  -22.500012605.1875   20.6688
    7.5000  -22.5000  -22.500011866.2939   20.6916
   -7.5000  -15.0000  -22.500012827.8408   20.6464
    0.0000  -15.0000  -22.500013288.5625   20.6535
    7.5000  -15.0000  -22.500012466.5098   20.6737
   -7.5000   -7.5000  -22.500013456.4492   20.6792
    0.0000   -7.5000  -22.500013920.2959   20.6832
    7.5000   -7.5000  -22.500013056.3418   20.7029
   -7.5000    0.0000  -22.500014023.2754   20.7078
    0.0000    0.0000  -22.500014498.9473   20.7217
    7.5000    0.0000  -22.500013594.3760   20.7426
   -7.5000    7.5000  -22.500013606.6279   20.7031
    0.0000    7.5000  -22.500014087.1699   20.7293
    7.5000    7.5000  -22.500013203.5088   20.7506
   -7.5000   15.0000  -22.500013041.7783   20.6736
    0.0000   15.0000  -22.500013517.6787   20.7060
    7.5000   15.0000  -22.500012649.6533   20.7288
   -7.5000   22.5000  -22.500012131.6943   20.6393
    0.0000   22.5000  -22.500012572.7705   20.6624
    7.5000   22.5000  -22.500011778.9658   20.6852
   -7.5000   30.0000  -22.500011026.2529   20.3763
    0.0000   30.0000  -22.500011429.3525   20.3833
    7.5000   30.0000  -22.500010727.1250   20.4033
   -7.5000   37.5000  -22.500010349.3691   20.4087
    0.0000   37.5000  -22.500010716.2529   20.4126
    7.5000   37.5000  -22.500010088.3701   20.4321
   -7.5000   45.0000  -22.5000 9348.9111   19.9427
    0.0000   45.0000  -22.5000 9668.5947   19.9560
    7.5000   45.0000  -22.5000 9082.2939   19.9762
   -7.5000  -45.0000  -15.000010691.4951   21.1938
    0.0000  -45.0000  -15.000011070.3232   21.2068
    7.5000  -45.0000  -15.000010438.3545   21.2296
   -7.5000  -37.5000  -15.000011365.6816   21.1979
    0.0000  -37.5000  -15.000011759.7939   21.2180
    7.5000  -37.5000  -15.000011063.1504   21.2357
   -7.5000  -30.0000  -15.000012293.6895   21.1818
    0.0000  -30.0000  -15.000012731.7793   21.2043
    7.5000  -30.0000  -15.000011972.4062   21.2213
   -7.5000  -22.5000  -15.000013075.7939   21.1599
    0.0000  -22.5000  -15.000013533.1973   21.1746
    7.5000  -22.5000  -15.000012701.2988   21.1945
   -7.5000  -15.0000  -15.000013786.1602   21.1548
    0.0000  -15.0000  -15.000014278.3193   21.1578
    7.5000  -15.0000  -15.000013347.4756   21.1795
   -7.5000   -7.5000  -15.000014478.0996   21.1728
    0.0000   -7.5000  -15.000014973.8691   21.1764
    7.5000   -7.5000  -15.000013991.0254   21.2002
   -7.5000    0.0000  -15.000015106.5742   21.1938
    0.0000    0.0000  -15.000015602.8662   21.2068
    7.5000    0.0000  -15.000014575.9297   21.2296
   -7.5000    7.5000  -15.000014598.7539   21.1979
    0.0000    7.5000  -15.000015099.0566   21.2180
    7.5000    7.5000  -15.000014131.2275   21.2357
   -7.5000   15.0000  -15.000013915.3525   21.1818
    0.0000   15.0000  -15.000014390.0967   21.2043
    7.5000   15.0000  -15.000013497.1719   21.2213
   -7.5000   22.5000  -15.000012930.2305   21.1524
    0.0000   22.5000  -15.000013377.9492   21.1672
    7.5000   22.5000  -15.000012541.4316   21.1870
   -7.5000   30.0000  -15.000011728.0908   20.8810
    0.0000   30.0000  -15.000012159.5000   20.8840
    7.5000   30.0000  -15.000011428.6562   20.9054
   -7.5000   37.5000  -15.000011008.2861   20.8988
    0.0000   37.5000  -15.000011401.8965   20.9023
    7.5000   37.5000  -15.000010723.3379   20.9258
   -7.5000   45.0000  -15.0000 9918.0176   20.4230
    0.0000   45.0000  -15.000010253.0127   20.4355
    7.5000   45.0000  -15.0000 9625.8604   20.4575
   -7.5000  -45.0000   -7.500011520.7637   21.4522
    0.0000  -45.0000   -7.500011891.8604   21.4787
    7.5000  -45.0000   -7.500011196.1016   21.5005
   -7.5000  -37.5000   -7.500012244.7900   21.4517
    0.0000  -37.5000   -7.500012658.9580   21.4806
    7.5000  -37.5000   -7.500011899.0879   21.4948
   -7.5000  -30.0000   -7.500013244.2041   21.4263
    0.0000  -30.0000   -7.500013690.1533   21.4523
    7.5000  -30.0000   -7.500012856.7314   21.4656
   -7.5000  -22.5000   -7.500014038.7539   21.3986
    0.0000  -22.5000   -7.500014498.8398   21.4172
    7.5000  -22.5000   -7.500013594.7246   21.4357
   -7.5000  -15.0000   -7.500014755.5176   21.3964
    0.0000  -15.0000   -7.500015224.3936   21.4081
    7.5000  -15.0000   -7.500014259.0693   21.4306
   -7.5000   -7.5000   -7.500015492.8682   21.4247
    0.0000   -7.5000   -7.500015972.2920   21.4414
    7.5000   -7.5000   -7.500014943.5508   21.4662
   -7.5000    0.0000   -7.500016171.0869   21.4522
    0.0000    0.0000   -7.500016672.5078   21.4787
    7.5000    0.0000   -7.500015593.9658   21.5005
   -7.5000    7.5000   -7.500015598.3291   21.4517
    0.0000    7.5000   -7.500016121.7510   21.4806
    7.5000    7.5000   -7.500015120.9102   21.4948
   -7.5000   15.0000   -7.500014820.5820   21.4263
    0.0000   15.0000   -7.500015328.2061   21.4523
    7.5000   15.0000   -7.500014416.8008   21.4656
   -7.5000   22.5000   -7.500013754.8096   21.3887
    0.0000   22.5000   -7.500014257.5693   21.4073
    7.5000   22.5000   -7.500013389.4609   21.4258
   -7.5000   30.0000   -7.500012532.5811   21.1189
    0.0000   30.0000   -7.500012983.1826   21.1305
    7.5000   30.0000   -7.500012181.8037   21.1527
   -7.5000   37.5000   -7.500011774.4922   21.1468
    0.0000   37.5000   -7.500012189.8477   21.1633
    7.5000   37.5000   -7.500011420.8193   21.1879
   -7.5000   45.0000   -7.500010582.9375   20.6758
    0.0000   45.0000   -7.500010934.0986   20.7014
    7.5000   45.0000   -7.500010240.5576   20.7224
   -7.5000  -45.0000    0.000012178.4785   21.5148
    0.0000  -45.0000    0.000012588.8516   21.5538
    7.5000  -45.0000    0.000011858.2461   21.5745
   -7.5000  -37.5000    0.000012938.4971   21.5010
    0.0000  -37.5000    0.000013378.6592   21.5420
    7.5000  -37.5000    0.000012592.9043   21.5573
   -7.5000  -30.0000    0.000014068.3203   21.4537
    0.0000  -30.0000    0.000014567.7178   21.4905
    7.5000  -30.0000    0.000013668.5273   21.5057
   -7.5000  -22.5000    0.000014958.0713   21.4156
    0.0000  -22.5000    0.000015453.5342   21.4447
    7.5000  -22.5000    0.000014501.8242   21.4641
   -7.5000  -15.0000    0.000015655.3545   21.4229
    0.0000  -15.0000    0.000016119.9336   21.4462
    7.5000  -15.0000    0.000015185.5010   21.4679
   -7.5000   -7.5000    0.000016395.1113   21.4749
    0.0000   -7.5000    0.000016830.0684   21.5039
    7.5000   -7.5000    0.000015875.9727   21.5267
   -7.5000    0.0000    0.000017049.9941   21.5148
    0.0000    0.0000    0.000017541.7402   21.5538
    7.5000    0.0000    0.000016504.8184   21.5745
   -7.5000    7.5000    0.000016531.7637   21.5010
    0.0000    7.5000    0.000017031.5859   21.5420
    7.5000    7.5000    0.000016003.4746   21.5573
   -7.5000   15.0000    0.000015720.7041   21.4537
    0.0000   15.0000    0.000016202.6211   21.4905
    7.5000   15.0000    0.000015207.2178   21.5057
   -7.5000   22.5000    0.000014591.5137   21.4057
    0.0000   22.5000    0.000015069.0186   21.4348
    7.5000   22.5000    0.000014104.7695   21.4542
   -7.5000   30.0000    0.000013320.2988   21.1457
    0.0000   30.0000    0.000013787.3604   21.1686
    7.5000   30.0000    0.000012870.0283   21.1900
   -7.5000   37.5000    0.000012540.0049   21.1970
    0.0000   37.5000    0.000012947.1211   21.2256
    7.5000   37.5000    0.000012109.9150   21.2481
   -7.5000   45.0000    0.000011255.3594   20.7378
    0.0000   45.0000    0.000011596.7832   20.7754
    7.5000   45.0000    0.000010844.8506   20.7953
   -7.5000  -45.0000    7.500011872.1465   21.5235
    0.0000  -45.0000    7.500012274.2139   21.5619
    7.5000  -45.0000    7.500011569.7607   21.5827
   -7.5000  -37.5000    7.500012552.2070   21.5012
    0.0000  -37.5000    7.500012998.3057   21.5470
    7.5000  -37.5000    7.500012258.9297   21.5671
   -7.5000  -30.0000    7.500013722.0254   21.4391
    0.0000  -30.0000    7.500014249.9365   21.4857
    7.5000  -30.0000    7.500013335.7861   21.5072
   -7.5000  -22.5000    7.500014854.9834   21.3939
    0.0000  -22.5000    7.500015395.3193   21.4315
    7.5000  -22.5000    7.500014328.1250   21.4546
   -7.5000  -15.0000    7.500015598.1748   21.4073
    0.0000  -15.0000    7.500016040.1309   21.4339
    7.5000  -15.0000    7.500015058.9395   21.4556
   -7.5000   -7.5000    7.500016185.2012   21.4749
    0.0000   -7.5000    7.500016593.3672   21.5029
    7.5000   -7.5000    7.500015685.3730   21.5238
   -7.5000    0.0000    7.500016802.8223   21.5235
    0.0000    0.0000    7.500017224.3203   21.5619
    7.5000    0.0000    7.500016235.3477   21.5827
   -7.5000    7.5000    7.500016298.6553   21.5012
    0.0000    7.5000    7.500016722.0234   21.5470
    7.5000    7.5000    7.500015681.9590   21.5671
   -7.5000   15.0000    7.500015512.9229   21.4391
    0.0000   15.0000    7.500015935.4404   21.4857
    7.5000   15.0000    7.500014885.5303   21.5072
   -7.5000   22.5000    7.500014353.8457   21.3840
    0.0000   22.5000    7.500014740.9570   21.4216
    7.5000   22.5000    7.500013777.9531   21.4447
   -7.5000   30.0000    7.500013117.1152   21.1303
    0.0000   30.0000    7.500013516.6680   21.1565
    7.5000   30.0000    7.500012599.7891   21.1779
   -7.5000   37.5000    7.500012285.0029   21.1970
    0.0000   37.5000    7.500012655.2715   21.2246
    7.5000   37.5000    7.500011824.0547   21.2452
   -7.5000   45.0000    7.500010990.7227   20.7461
    0.0000   45.0000    7.500011310.3369   20.7831
    7.5000   45.0000    7.500010559.7705   20.8032
   -7.5000  -45.0000   15.000011418.1406   21.5158
    0.0000  -45.0000   15.000011828.2646   21.5430
    7.5000  -45.0000   15.000011142.6299   21.5637
   -7.5000  -37.5000   15.000012106.2471   21.4978
    0.0000  -37.5000   15.000012554.8740   21.5384
    7.5000  -37.5000   15.000011838.7305   21.5617
   -7.5000  -30.0000   15.000013274.4082   21.4434
    0.0000  -30.0000   15.000013803.0312   21.4900
    7.5000  -30.0000   15.000012847.5127   21.5160
   -7.5000  -22.5000   15.000014405.7354   21.4017
    0.0000  -22.5000   15.000014975.3242   21.4379
    7.5000  -22.5000   15.000013797.0020   21.4636
   -7.5000  -15.0000   15.000015128.7480   21.4115
    0.0000  -15.0000   15.000015687.5625   21.4308
    7.5000  -15.0000   15.000014575.4473   21.4523
   -7.5000   -7.5000   15.000015737.0186   21.4712
    0.0000   -7.5000   15.000016242.4971   21.4875
    7.5000   -7.5000   15.000015215.7402   21.5068
   -7.5000    0.0000   15.000016425.0820   21.5158
    0.0000    0.0000   15.000016864.6328   21.5430
    7.5000    0.0000   15.000015761.6934   21.5637
   -7.5000    7.5000   15.000015904.0322   21.4978
    0.0000    7.5000   15.000016301.8525   21.5384
    7.5000    7.5000   15.000015212.8613   21.5617
   -7.5000   15.0000   15.000015022.2305   21.4434
    0.0000   15.0000   15.000015411.7686   21.4900
    7.5000   15.0000   15.000014396.7275   21.5160
   -7.5000   22.5000   15.000013817.2129   21.3918
    0.0000   22.5000   15.000014192.7559   21.4280
    7.5000   22.5000   15.000013312.7246   21.4537
   -7.5000   30.0000   15.000012585.5459   21.1344
    0.0000   30.0000   15.000012939.2432   21.1535
    7.5000   30.0000   15.000012145.8730   21.1747
   -7.5000   37.5000   15.000011812.6611   21.1934
    0.0000   37.5000   15.000012142.4434   21.2094
    7.5000   37.5000   15.000011409.8301   21.2285
   -7.5000   45.0000   15.000010526.5928   20.7387
    0.0000   45.0000   15.000010853.7803   20.7649
    7.5000   45.0000   15.000010181.0908   20.7849
   -7.5000  -45.0000   22.500010896.1357   21.4972
    0.0000  -45.0000   22.500011307.7568   21.5116
    7.5000  -45.0000   22.500010632.0693   21.5333
   -7.5000  -37.5000   22.500011546.1367   21.4923
    0.0000  -37.5000   22.500011977.3945   21.5195
    7.5000  -37.5000   22.500011270.8232   21.5417
   -7.5000  -30.0000   22.500012630.5127   21.4616
    0.0000  -30.0000   22.500013144.0811   21.4952
    7.5000  -30.0000   22.500012252.4736   21.5189
   -7.5000  -22.5000   22.500013534.1973   21.4325
    0.0000  -22.5000   22.500014071.5596   21.4565
    7.5000  -22.5000   22.500013145.4297   21.4802
   -7.5000  -15.0000   22.500014173.1680   21.4332
    0.0000  -15.0000   22.500014703.6045   21.4406
    7.5000  -15.0000   22.500013862.5566   21.4616
   -7.5000   -7.5000   22.500014898.1182   21.4674
    0.0000   -7.5000   22.500015401.3320   21.4715
    7.5000   -7.5000   22.500014488.6533   21.4920
   -7.5000    0.0000   22.500015622.4219   21.4972
    0.0000    0.0000   22.500016075.4668   21.5116
    7.5000    0.0000   22.500015045.3662   21.5333
   -7.5000    7.5000   22.500015117.5117   21.4923
    0.0000    7.5000   22.500015525.9775   21.5195
    7.5000    7.5000   22.500014534.3877   21.5417
   -7.5000   15.0000   22.500014222.6240   21.4616
    0.0000   15.0000   22.500014657.3857   21.4952
    7.5000   15.0000   22.500013728.7852   21.5189
   -7.5000   22.5000   22.500013099.1533   21.4226
    0.0000   22.5000   22.500013523.0137   21.4466
    7.5000   22.5000   22.500012685.6973   21.4703
   -7.5000   30.0000   22.500011912.2832   21.1558
    0.0000   30.0000   22.500012325.2227   21.1631
    7.5000   30.0000   22.500011574.9941   21.1838
   -7.5000   37.5000   22.500011178.6953   21.1895
    0.0000   37.5000   22.500011532.9346   21.1936
    7.5000   37.5000   22.500010876.5127   21.2139
   -7.5000   45.0000   22.5000 9921.6357   20.7208
    0.0000   45.0000   22.500010239.1348   20.7347
    7.5000   45.0000   22.5000 9686.2559   20.7557
   -7.5000  -45.0000   30.000010220.0684   21.5361
    0.0000  -45.0000   30.000010584.7852   21.5490
    7.5000  -45.0000   30.0000 9967.4053   21.5718
   -7.5000  -37.5000   30.000010817.0547   21.5405
    0.0000  -37.5000   30.000011216.5889   21.5608
    7.5000  -37.5000   30.000010557.8701   21.5784
   -7.5000  -30.0000   30.000011784.0889   21.5240
    0.0000  -30.0000   30.000012262.1455   21.5467
    7.5000  -30.0000   30.000011484.8779   21.5636
   -7.5000  -22.5000   30.000012577.6729   21.5011
    0.0000  -22.5000   30.000013047.0342   21.5159
    7.5000  -22.5000   30.000012354.7686   21.5359
   -7.5000  -15.0000   30.000013198.1709   21.4957
    0.0000  -15.0000   30.000013673.7266   21.4985
    7.5000  -15.0000   30.000013014.7139   21.5202
   -7.5000   -7.5000   30.000013862.1768   21.5142
    0.0000   -7.5000   30.000014354.8857   21.5175
    7.5000   -7.5000   30.000013606.8301   21.5414
   -7.5000    0.0000   30.000014547.7197   21.5361
    0.0000    0.0000   30.000015042.8350   21.5490
    7.5000    0.0000   30.000014173.7100   21.5718
   -7.5000    7.5000   30.000014116.5303   21.5405
    0.0000    7.5000   30.000014574.7539   21.5608
    7.5000    7.5000   30.000013721.6777   21.5784
   -7.5000   15.0000   30.000013299.9180   21.5240
    0.0000   15.0000   30.000013746.3369   21.5467
    7.5000   15.0000   30.000012930.3291   21.5636
   -7.5000   22.5000   30.000012266.5801   21.4912
    0.0000   22.5000   30.000012691.1992   21.5060
    7.5000   22.5000   30.000011916.4531   21.5259
   -7.5000   30.0000   30.000011130.0615   21.2175
    0.0000   30.0000   30.000011542.2842   21.2203
    7.5000   30.0000   30.000010866.7451   21.2417
   -7.5000   37.5000   30.000010396.1221   21.2358
    0.0000   37.5000   30.000010780.5674   21.2390
    7.5000   37.5000   30.000010179.9902   21.2626
   -7.5000   45.0000   30.0000 9225.2568   20.7583
    0.0000   45.0000   30.0000 9572.6943   20.7707
    7.5000   45.0000   30.0000 9046.6709   20.7927
   -7.5000  -45.0000   37.5000 9862.4854   21.7143
    0.0000  -45.0000   37.500010215.5898   21.7415
    7.5000  -45.0000   37.5000 9651.5283   21.7632
   -7.5000  -37.5000   37.500010429.6689   21.7161
    0.0000  -37.5000   37.500010837.2324   21.7457
    7.5000  -37.5000   37.500010222.3877   21.7598
   -7.5000  -30.0000   37.500011324.1133   21.6900
    0.0000  -30.0000   37.500011791.6602   21.7166
    7.5000  -30.0000   37.500011117.1143   21.7299
   -7.5000  -22.5000   37.500012070.2285   21.6590
    0.0000  -22.5000   37.500012532.5273   21.6781
    7.5000  -22.5000   37.500011929.0283   21.6967
   -7.5000  -15.0000   37.500012685.3770   21.6546
    0.0000  -15.0000   37.500013166.9521   21.6667
    7.5000  -15.0000   37.500012560.1328   21.6892
   -7.5000   -7.5000   37.500013312.1143   21.6838
    0.0000   -7.5000   37.500013836.4141   21.7010
    7.5000   -7.5000   37.500013146.7471   21.7258
   -7.5000    0.0000   37.500013913.1230   21.7143
    0.0000    0.0000   37.500014437.7207   21.7415
    7.5000    0.0000   37.500013688.6426   21.7632
   -7.5000    7.5000   37.500013562.4727   21.7161
    0.0000    7.5000   37.500014057.9385   21.7457
    7.5000    7.5000   37.500013282.5508   21.7598
   -7.5000   15.0000   37.500012854.1797   21.6900
    0.0000   15.0000   37.500013304.1719   21.7166
    7.5000   15.0000   37.500012565.1758   21.7299
   -7.5000   22.5000   37.500011853.5820   21.6490
    0.0000   22.5000   37.500012259.2861   21.6681
    7.5000   22.5000   37.500011559.7070   21.6867
   -7.5000   30.0000   37.500010784.0068   21.3743
    0.0000   30.0000   37.500011167.8818   21.3863
    7.5000   30.0000   37.500010524.5410   21.4085
   -7.5000   37.5000   37.500010022.6934   21.4032
    0.0000   37.5000   37.500010384.0654   21.4202
    7.5000   37.5000   37.5000 9843.0410   21.4447
   -7.5000   45.0000   37.5000 8868.8477   20.9300
    0.0000   45.0000   37.5000 9183.5586   20.9563
    7.5000   45.0000   37.5000 8721.6777   20.9772
   -7.5000  -45.0000   45.0000 9099.3555   21.9537
    0.0000  -45.0000   45.0000 9429.2314   21.9943
    7.5000  -45.0000   45.0000 8922.7451   22.0164
   -7.5000  -37.5000   45.0000 9620.3828   21.9465
    0.0000  -37.5000   45.0000 9999.9795   21.9888
    7.5000  -37.5000   45.0000 9440.0127   22.0054
   -7.5000  -30.0000   45.000010435.9766   21.9005
    0.0000  -30.0000   45.000010855.0049   21.9394
    7.5000  -30.0000   45.000010263.9053   21.9563
   -7.5000  -22.5000   45.000011109.3760   21.8571
    0.0000  -22.5000   45.000011529.0078   21.8892
    7.5000  -22.5000   45.000010966.9590   21.9107
   -7.5000  -15.0000   45.000011665.4102   21.8586
    0.0000  -15.0000   45.000012123.3086   21.8848
    7.5000  -15.0000   45.000011542.7080   21.9084
   -7.5000   -7.5000   45.000012226.3252   21.9093
    0.0000   -7.5000   45.000012717.3428   21.9405
    7.5000   -7.5000   45.000012084.7412   21.9651
   -7.5000    0.0000   45.000012752.1592   21.9537
    0.0000    0.0000   45.000013250.5537   21.9943
    7.5000    0.0000   45.000012587.1572   22.0164
   -7.5000    7.5000   45.000012424.2305   21.9465
    0.0000    7.5000   45.000012894.2715   21.9888
    7.5000    7.5000   45.000012223.5918   22.0054
   -7.5000   15.0000   45.000011800.8096   21.9005
    0.0000   15.0000   45.000012238.9609   21.9394
    7.5000   15.0000   45.000011576.3877   21.9563
   -7.5000   22.5000   45.000010885.4102   21.8470
    0.0000   22.5000   45.000011304.8682   21.8791
    7.5000   22.5000   45.000010668.4629   21.9005
   -7.5000   30.0000   45.0000 9901.3594   21.5739
    0.0000   30.0000   45.000010280.4814   21.5997
    7.5000   30.0000   45.0000 9713.3652   21.6230
   -7.5000   37.5000   45.0000 9203.6377   21.6239
    0.0000   37.5000   45.0000 9534.6299   21.6547
    7.5000   37.5000   45.0000 9051.4023   21.6789
   -7.5000   45.0000   45.0000 8169.7983   21.1704
    0.0000   45.0000   45.0000 8441.0996   21.2096
    7.5000   45.0000   45.0000 8029.2168   21.2309

---------------------------------------------------------------------
imgreg_4dfp /opt/freesurfer/average/711-2C_as_mni_average_305 /opt/freesurfer/average/711-2B_as_mni_average_305_mask talsrcimg_g11 none talsrcimg_to_711-2C_as_mni_average_305_t4 4355
---------------------------------------------------------------------

freesurfer imgreg_4dfp.c
/opt/freesurfer/average/711-2C_as_mni_average_305.4dfp.img
       256       256       256         1
  1.000000  1.000000  1.000000
orientation T byte_order littleendian
Reading image: /opt/freesurfer/average/711-2C_as_mni_average_305.4dfp.img
dimensions:      256       256       256
mmppix:       1.0000   -1.0000   -1.0000
center:     128.0000 -129.0000 -129.0000
/opt/freesurfer/average/711-2B_as_mni_average_305_mask.4dfp.img
       256       256       256         1
  1.000000  1.000000  1.000000
orientation T byte_order littleendian
Reading mask: /opt/freesurfer/average/711-2B_as_mni_average_305_mask.4dfp.img (2306576 pixels)
talsrcimg_g11.4dfp.img
       256       256       256         1
  1.000000  1.000000  1.000000
orientation T byte_order littleendian
Reading image: talsrcimg_g11.4dfp.img
dimensions:      256       256       256
mmppix:       1.0000   -1.0000   -1.0000
center:     128.0000 -129.0000 -129.0000
rotation matrix determinant  1.000000
image alignment mode   4355 decimal     1103 hex
   -7.5000  -45.0000  -45.0000 2095.9424   22.0879
    0.0000  -45.0000  -45.0000 2097.4954   22.1318
    7.5000  -45.0000  -45.0000 2079.4675   22.4336
   -7.5000  -37.5000  -45.0000 2185.9766   20.3829
    0.0000  -37.5000  -45.0000 2190.6155   20.4213
    7.5000  -37.5000  -45.0000 2166.6765   20.7106
   -7.5000  -30.0000  -45.0000 2249.2502   19.1298
    0.0000  -30.0000  -45.0000 2256.1335   19.1527
    7.5000  -30.0000  -45.0000 2230.3081   19.4320
   -7.5000  -22.5000  -45.0000 2286.5217   18.2954
    0.0000  -22.5000  -45.0000 2291.9800   18.2799
    7.5000  -22.5000  -45.0000 2268.8047   18.6005
   -7.5000  -15.0000  -45.0000 2304.4934   17.8700
    0.0000  -15.0000  -45.0000 2312.4089   17.8780
    7.5000  -15.0000  -45.0000 2286.1096   18.2263
   -7.5000   -7.5000  -45.0000 2308.5076   17.8653
    0.0000   -7.5000  -45.0000 2313.8684   17.9257
    7.5000   -7.5000  -45.0000 2286.5972   18.2493
   -7.5000    0.0000  -45.0000 2283.5325   18.3792
    0.0000    0.0000  -45.0000 2285.5024   18.3890
    7.5000    0.0000  -45.0000 2260.0098   18.7345
   -7.5000    7.5000  -45.0000 2241.9722   19.1940
    0.0000    7.5000  -45.0000 2244.2378   19.2056
    7.5000    7.5000  -45.0000 2218.6301   19.5629
   -7.5000   15.0000  -45.0000 2173.2136   20.3430
    0.0000   15.0000  -45.0000 2179.9080   20.3518
    7.5000   15.0000  -45.0000 2154.7854   20.7558
   -7.5000   22.5000  -45.0000 2086.9539   21.9219
    0.0000   22.5000  -45.0000 2092.1724   21.9102
    7.5000   22.5000  -45.0000 2064.9958   22.4093
   -7.5000   30.0000  -45.0000 1978.6959   24.1182
    0.0000   30.0000  -45.0000 1981.7579   24.1019
    7.5000   30.0000  -45.0000 1960.2651   24.6683
   -7.5000   37.5000  -45.0000 1866.7338   27.2913
    0.0000   37.5000  -45.0000 1871.7799   27.1502
    7.5000   37.5000  -45.0000 1844.8074   27.7968
   -7.5000   45.0000  -45.0000 1732.4915   31.4051
    0.0000   45.0000  -45.0000 1733.5903   31.2983
    7.5000   45.0000  -45.0000 1713.3040   31.9096
   -7.5000  -45.0000  -37.5000 2193.1526   20.4794
    0.0000  -45.0000  -37.5000 2193.3521   20.5535
    7.5000  -45.0000  -37.5000 2174.6030   20.7570
   -7.5000  -37.5000  -37.5000 2291.0664   18.8392
    0.0000  -37.5000  -37.5000 2294.2156   18.9385
    7.5000  -37.5000  -37.5000 2267.8352   19.1407
   -7.5000  -30.0000  -37.5000 2354.1218   17.6424
    0.0000  -30.0000  -37.5000 2356.3396   17.7360
    7.5000  -30.0000  -37.5000 2323.5525   17.9564
   -7.5000  -22.5000  -37.5000 2386.7454   16.8547
    0.0000  -22.5000  -37.5000 2392.0032   16.9319
    7.5000  -22.5000  -37.5000 2362.8743   17.1490
   -7.5000  -15.0000  -37.5000 2410.0576   16.4610
    0.0000  -15.0000  -37.5000 2414.5034   16.4960
    7.5000  -15.0000  -37.5000 2386.5562   16.7681
   -7.5000   -7.5000  -37.5000 2414.8508   16.4437
    0.0000   -7.5000  -37.5000 2421.7073   16.5085
    7.5000   -7.5000  -37.5000 2391.3076   16.7664
   -7.5000    0.0000  -37.5000 2390.2095   16.8967
    0.0000    0.0000  -37.5000 2395.9678   16.9286
    7.5000    0.0000  -37.5000 2364.5696   17.2270
   -7.5000    7.5000  -37.5000 2344.3110   17.6257
    0.0000    7.5000  -37.5000 2352.6560   17.6694
    7.5000    7.5000  -37.5000 2319.5718   17.9939
   -7.5000   15.0000  -37.5000 2276.6624   18.6559
    0.0000   15.0000  -37.5000 2283.3069   18.7151
    7.5000   15.0000  -37.5000 2252.3462   19.0708
   -7.5000   22.5000  -37.5000 2184.4368   20.0662
    0.0000   22.5000  -37.5000 2191.6775   20.1233
    7.5000   22.5000  -37.5000 2159.2642   20.5317
   -7.5000   30.0000  -37.5000 2071.5696   22.0061
    0.0000   30.0000  -37.5000 2075.4006   22.0377
    7.5000   30.0000  -37.5000 2047.9196   22.5008
   -7.5000   37.5000  -37.5000 1951.6525   24.8509
    0.0000   37.5000  -37.5000 1958.1940   24.7762
    7.5000   37.5000  -37.5000 1926.1639   25.3110
   -7.5000   45.0000  -37.5000 1811.9567   28.6003
    0.0000   45.0000  -37.5000 1814.2059   28.5985
    7.5000   45.0000  -37.5000 1788.4418   29.1878
   -7.5000  -45.0000  -30.0000 2320.8059   19.6704
    0.0000  -45.0000  -30.0000 2326.4026   19.7760
    7.5000  -45.0000  -30.0000 2303.3743   19.9459
   -7.5000  -37.5000  -30.0000 2428.3657   18.0938
    0.0000  -37.5000  -30.0000 2435.6360   18.2043
    7.5000  -37.5000  -30.0000 2402.8174   18.3311
   -7.5000  -30.0000  -30.0000 2496.3862   16.9322
    0.0000  -30.0000  -30.0000 2501.9043   17.0526
    7.5000  -30.0000  -30.0000 2467.4438   17.2042
   -7.5000  -22.5000  -30.0000 2534.4800   16.1600
    0.0000  -22.5000  -30.0000 2537.8889   16.2704
    7.5000  -22.5000  -30.0000 2507.8762   16.4547
   -7.5000  -15.0000  -30.0000 2557.6777   15.7634
    0.0000  -15.0000  -30.0000 2563.0222   15.8467
    7.5000  -15.0000  -30.0000 2534.8975   16.0416
   -7.5000   -7.5000  -30.0000 2560.4824   15.7444
    0.0000   -7.5000  -30.0000 2570.9670   15.8149
    7.5000   -7.5000  -30.0000 2539.3071   16.0366
   -7.5000    0.0000  -30.0000 2538.8057   16.1247
    0.0000    0.0000  -30.0000 2547.4075   16.1930
    7.5000    0.0000  -30.0000 2514.5823   16.4503
   -7.5000    7.5000  -30.0000 2493.6936   16.8147
    0.0000    7.5000  -30.0000 2505.3506   16.8878
    7.5000    7.5000  -30.0000 2467.3708   17.1606
   -7.5000   15.0000  -30.0000 2420.8845   17.8044
    0.0000   15.0000  -30.0000 2431.5317   17.9133
    7.5000   15.0000  -30.0000 2393.4207   18.2274
   -7.5000   22.5000  -30.0000 2324.9763   19.0794
    0.0000   22.5000  -30.0000 2333.8606   19.2163
    7.5000   22.5000  -30.0000 2294.9856   19.5691
   -7.5000   30.0000  -30.0000 2202.2146   20.9046
    0.0000   30.0000  -30.0000 2206.8699   20.9579
    7.5000   30.0000  -30.0000 2175.2683   21.3539
   -7.5000   37.5000  -30.0000 2065.2170   23.5305
    0.0000   37.5000  -30.0000 2072.9888   23.5576
    7.5000   37.5000  -30.0000 2041.1523   23.9585
   -7.5000   45.0000  -30.0000 1923.6857   27.0757
    0.0000   45.0000  -30.0000 1925.5953   27.1163
    7.5000   45.0000  -30.0000 1896.5018   27.6235
   -7.5000  -45.0000  -22.5000 2423.3201   18.7256
    0.0000  -45.0000  -22.5000 2424.6294   18.8361
    7.5000  -45.0000  -22.5000 2390.3560   18.9819
   -7.5000  -37.5000  -22.5000 2528.6167   17.1971
    0.0000  -37.5000  -22.5000 2533.5205   17.2649
    7.5000  -37.5000  -22.5000 2496.9512   17.3931
   -7.5000  -30.0000  -22.5000 2602.5891   16.0760
    0.0000  -30.0000  -22.5000 2611.2205   16.1676
    7.5000  -30.0000  -22.5000 2578.4563   16.2962
   -7.5000  -22.5000  -22.5000 2654.3455   15.3499
    0.0000  -22.5000  -22.5000 2658.6799   15.4335
    7.5000  -22.5000  -22.5000 2626.7200   15.5889
   -7.5000  -15.0000  -22.5000 2683.9485   14.9474
    0.0000  -15.0000  -22.5000 2686.0737   15.0369
    7.5000  -15.0000  -22.5000 2654.5186   15.2035
   -7.5000   -7.5000  -22.5000 2688.6284   14.9268
    0.0000   -7.5000  -22.5000 2696.8599   15.0217
    7.5000   -7.5000  -22.5000 2660.8274   15.1929
   -7.5000    0.0000  -22.5000 2668.8347   15.2761
    0.0000    0.0000  -22.5000 2676.0803   15.3417
    7.5000    0.0000  -22.5000 2640.3525   15.5662
   -7.5000    7.5000  -22.5000 2619.9941   15.9283
    0.0000    7.5000  -22.5000 2627.2302   16.0036
    7.5000    7.5000  -22.5000 2590.3059   16.2586
   -7.5000   15.0000  -22.5000 2539.6958   16.8863
    0.0000   15.0000  -22.5000 2549.2317   16.9634
    7.5000   15.0000  -22.5000 2510.6567   17.2559
   -7.5000   22.5000  -22.5000 2435.8860   18.0900
    0.0000   22.5000  -22.5000 2443.6702   18.1958
    7.5000   22.5000  -22.5000 2407.8135   18.5381
   -7.5000   30.0000  -22.5000 2303.7068   19.8190
    0.0000   30.0000  -22.5000 2312.1028   19.8472
    7.5000   30.0000  -22.5000 2275.6123   20.2174
   -7.5000   37.5000  -22.5000 2158.1853   22.2644
    0.0000   37.5000  -22.5000 2162.3040   22.3263
    7.5000   37.5000  -22.5000 2132.0159   22.6670
   -7.5000   45.0000  -22.5000 2009.4081   25.5824
    0.0000   45.0000  -22.5000 2013.7383   25.6412
    7.5000   45.0000  -22.5000 1976.4189   26.0838
   -7.5000  -45.0000  -15.0000 2475.2473   17.8463
    0.0000  -45.0000  -15.0000 2476.9167   17.9005
    7.5000  -45.0000  -15.0000 2440.9363   18.1065
   -7.5000  -37.5000  -15.0000 2591.4890   16.3100
    0.0000  -37.5000  -15.0000 2593.8679   16.3626
    7.5000  -37.5000  -15.0000 2556.9963   16.5176
   -7.5000  -30.0000  -15.0000 2673.7566   15.1979
    0.0000  -30.0000  -15.0000 2679.5005   15.2458
    7.5000  -30.0000  -15.0000 2645.9233   15.4066
   -7.5000  -22.5000  -15.0000 2734.0388   14.4427
    0.0000  -22.5000  -15.0000 2737.9482   14.5095
    7.5000  -22.5000  -15.0000 2700.6201   14.6808
   -7.5000  -15.0000  -15.0000 2776.0205   14.0581
    0.0000  -15.0000  -15.0000 2777.2007   14.1419
    7.5000  -15.0000  -15.0000 2737.3076   14.2863
   -7.5000   -7.5000  -15.0000 2787.9875   14.0775
    0.0000   -7.5000  -15.0000 2797.1292   14.1528
    7.5000   -7.5000  -15.0000 2755.8438   14.3282
   -7.5000    0.0000  -15.0000 2772.6626   14.4059
    0.0000    0.0000  -15.0000 2779.1704   14.4689
    7.5000    0.0000  -15.0000 2740.9001   14.6920
   -7.5000    7.5000  -15.0000 2718.7849   15.0210
    0.0000    7.5000  -15.0000 2725.4084   15.0790
    7.5000    7.5000  -15.0000 2686.5325   15.3437
   -7.5000   15.0000  -15.0000 2630.6814   15.9449
    0.0000   15.0000  -15.0000 2639.7720   15.9936
    7.5000   15.0000  -15.0000 2601.1450   16.3070
   -7.5000   22.5000  -15.0000 2517.7332   17.1650
    0.0000   22.5000  -15.0000 2524.9185   17.1976
    7.5000   22.5000  -15.0000 2489.9045   17.5448
   -7.5000   30.0000  -15.0000 2373.8215   18.8348
    0.0000   30.0000  -15.0000 2387.5879   18.8555
    7.5000   30.0000  -15.0000 2354.6670   19.2423
   -7.5000   37.5000  -15.0000 2220.4180   21.1529
    0.0000   37.5000  -15.0000 2226.4844   21.2104
    7.5000   37.5000  -15.0000 2194.2014   21.5947
   -7.5000   45.0000  -15.0000 2062.2822   24.2877
    0.0000   45.0000  -15.0000 2062.9773   24.2894
    7.5000   45.0000  -15.0000 2028.5490   24.7541
   -7.5000  -45.0000   -7.5000 2510.3674   17.0654
    0.0000  -45.0000   -7.5000 2508.8225   17.0860
    7.5000  -45.0000   -7.5000 2473.4688   17.3592
   -7.5000  -37.5000   -7.5000 2631.1370   15.5906
    0.0000  -37.5000   -7.5000 2632.5967   15.5992
    7.5000  -37.5000   -7.5000 2597.5642   15.8458
   -7.5000  -30.0000   -7.5000 2722.5566   14.4471
    0.0000  -30.0000   -7.5000 2728.3386   14.4453
    7.5000  -30.0000   -7.5000 2692.9092   14.6975
   -7.5000  -22.5000   -7.5000 2792.9995   13.6502
    0.0000  -22.5000   -7.5000 2798.3953   13.6562
    7.5000  -22.5000   -7.5000 2754.0149   13.9173
   -7.5000  -15.0000   -7.5000 2848.1221   13.1779
    0.0000  -15.0000   -7.5000 2850.8967   13.2416
    7.5000  -15.0000   -7.5000 2799.5974   13.4868
   -7.5000   -7.5000   -7.5000 2871.2463   13.2097
    0.0000   -7.5000   -7.5000 2872.3240   13.2507
    7.5000   -7.5000   -7.5000 2824.6724   13.5257
   -7.5000    0.0000   -7.5000 2854.8037   13.5814
    0.0000    0.0000   -7.5000 2861.8665   13.6052
    7.5000    0.0000   -7.5000 2815.0532   13.8766
   -7.5000    7.5000   -7.5000 2792.3918   14.1891
    0.0000    7.5000   -7.5000 2802.9666   14.2156
    7.5000    7.5000   -7.5000 2759.0781   14.5306
   -7.5000   15.0000   -7.5000 2699.8110   15.0657
    0.0000   15.0000   -7.5000 2708.5156   15.1078
    7.5000   15.0000   -7.5000 2668.6113   15.4818
   -7.5000   22.5000   -7.5000 2581.8906   16.2982
    0.0000   22.5000   -7.5000 2589.7590   16.3265
    7.5000   22.5000   -7.5000 2546.6296   16.7052
   -7.5000   30.0000   -7.5000 2435.1377   17.9806
    0.0000   30.0000   -7.5000 2444.8369   18.0054
    7.5000   30.0000   -7.5000 2403.7659   18.3923
   -7.5000   37.5000   -7.5000 2270.2974   20.1781
    0.0000   37.5000   -7.5000 2275.1111   20.2555
    7.5000   37.5000   -7.5000 2242.2339   20.6489
   -7.5000   45.0000   -7.5000 2104.2712   23.1007
    0.0000   45.0000   -7.5000 2107.6917   23.1375
    7.5000   45.0000   -7.5000 2072.3757   23.6045
   -7.5000  -45.0000    0.0000 2520.1138   16.5141
    0.0000  -45.0000    0.0000 2522.4512   16.5456
    7.5000  -45.0000    0.0000 2490.0322   16.9001
   -7.5000  -37.5000    0.0000 2645.7085   15.0143
    0.0000  -37.5000    0.0000 2650.9072   15.0400
    7.5000  -37.5000    0.0000 2615.3164   15.4081
   -7.5000  -30.0000    0.0000 2753.0059   13.9049
    0.0000  -30.0000    0.0000 2763.2644   13.8963
    7.5000  -30.0000    0.0000 2722.9849   14.2671
   -7.5000  -22.5000    0.0000 2840.6152   13.1014
    0.0000  -22.5000    0.0000 2852.6174   13.1095
    7.5000  -22.5000    0.0000 2800.9006   13.4343
   -7.5000  -15.0000    0.0000 2907.9192   12.5901
    0.0000  -15.0000    0.0000 2914.4661   12.5939
    7.5000  -15.0000    0.0000 2853.4258   12.9941
   -7.5000   -7.5000    0.0000 2939.1187   12.5778
    0.0000   -7.5000    0.0000 2939.1003   12.5624
    7.5000   -7.5000    0.0000 2879.2041   12.9936
   -7.5000    0.0000    0.0000 2912.1165   12.9539
    0.0000    0.0000    0.0000 2918.3782   12.9395
    7.5000    0.0000    0.0000 2862.4167   13.3221
   -7.5000    7.5000    0.0000 2851.8367   13.5546
    0.0000    7.5000    0.0000 2859.8274   13.5624
    7.5000    7.5000    0.0000 2808.7944   13.9464
   -7.5000   15.0000    0.0000 2750.2283   14.4283
    0.0000   15.0000    0.0000 2759.1619   14.4471
    7.5000   15.0000    0.0000 2714.3472   14.8425
   -7.5000   22.5000    0.0000 2621.1470   15.6739
    0.0000   22.5000    0.0000 2630.0930   15.7085
    7.5000   22.5000    0.0000 2587.0945   16.1036
   -7.5000   30.0000    0.0000 2471.6094   17.3700
    0.0000   30.0000    0.0000 2482.9919   17.3910
    7.5000   30.0000    0.0000 2438.2627   17.8163
   -7.5000   37.5000    0.0000 2304.4688   19.5669
    0.0000   37.5000    0.0000 2313.0759   19.6066
    7.5000   37.5000    0.0000 2272.6677   20.0854
   -7.5000   45.0000    0.0000 2131.7849   22.3932
    0.0000   45.0000    0.0000 2136.0920   22.4450
    7.5000   45.0000    0.0000 2100.2546   22.9137
   -7.5000  -45.0000    7.5000 2518.4680   16.2219
    0.0000  -45.0000    7.5000 2524.8621   16.2118
    7.5000  -45.0000    7.5000 2489.6816   16.7090
   -7.5000  -37.5000    7.5000 2646.7190   14.7119
    0.0000  -37.5000    7.5000 2657.0132   14.7192
    7.5000  -37.5000    7.5000 2620.0476   15.1918
   -7.5000  -30.0000    7.5000 2771.2024   13.6090
    0.0000  -30.0000    7.5000 2781.9683   13.6031
    7.5000  -30.0000    7.5000 2737.2385   14.0372
   -7.5000  -22.5000    7.5000 2875.9827   12.8826
    0.0000  -22.5000    7.5000 2891.6589   12.8685
    7.5000  -22.5000    7.5000 2834.0618   13.2394
   -7.5000  -15.0000    7.5000 2955.3667   12.3751
    0.0000  -15.0000    7.5000 2964.9729   12.3502
    7.5000  -15.0000    7.5000 2892.5635   12.8031
   -7.5000   -7.5000    7.5000 2983.1157   12.3067
    0.0000   -7.5000    7.5000 2983.0376   12.2414
    7.5000   -7.5000    7.5000 2917.8743   12.7391
   -7.5000    0.0000    7.5000 2954.4619   12.6234
    0.0000    0.0000    7.5000 2954.5010   12.5727
    7.5000    0.0000    7.5000 2892.7041   13.0267
   -7.5000    7.5000    7.5000 2885.7803   13.1963
    0.0000    7.5000    7.5000 2886.3118   13.1772
    7.5000    7.5000    7.5000 2837.7480   13.6078
   -7.5000   15.0000    7.5000 2777.3154   14.1074
    0.0000   15.0000    7.5000 2784.0134   14.1064
    7.5000   15.0000    7.5000 2740.6326   14.4874
   -7.5000   22.5000    7.5000 2644.4954   15.3668
    0.0000   22.5000    7.5000 2648.1067   15.3845
    7.5000   22.5000    7.5000 2609.0488   15.7912
   -7.5000   30.0000    7.5000 2489.5222   17.0707
    0.0000   30.0000    7.5000 2496.0728   17.0839
    7.5000   30.0000    7.5000 2456.3726   17.4752
   -7.5000   37.5000    7.5000 2317.2388   19.2632
    0.0000   37.5000    7.5000 2325.9780   19.3060
    7.5000   37.5000    7.5000 2290.3428   19.7066
   -7.5000   45.0000    7.5000 2142.0305   22.0596
    0.0000   45.0000    7.5000 2149.8384   22.0995
    7.5000   45.0000    7.5000 2115.4539   22.5534
   -7.5000  -45.0000   15.0000 2503.6475   16.1565
    0.0000  -45.0000   15.0000 2510.6636   16.1917
    7.5000  -45.0000   15.0000 2476.9331   16.7621
   -7.5000  -37.5000   15.0000 2644.1802   14.6691
    0.0000  -37.5000   15.0000 2650.9690   14.6935
    7.5000  -37.5000   15.0000 2612.0835   15.1984
   -7.5000  -30.0000   15.0000 2766.9155   13.5664
    0.0000  -30.0000   15.0000 2775.1458   13.5995
    7.5000  -30.0000   15.0000 2731.9109   14.0660
   -7.5000  -22.5000   15.0000 2880.1851   12.8720
    0.0000  -22.5000   15.0000 2894.5210   12.8729
    7.5000  -22.5000   15.0000 2835.8752   13.2552
   -7.5000  -15.0000   15.0000 2970.3906   12.3847
    0.0000  -15.0000   15.0000 2978.3965   12.3989
    7.5000  -15.0000   15.0000 2898.0090   12.7635
   -7.5000   -7.5000   15.0000 2990.9348   12.2380
    0.0000   -7.5000   15.0000 2989.2424   12.2298
    7.5000   -7.5000   15.0000 2920.8625   12.6684
   -7.5000    0.0000   15.0000 2963.8931   12.5172
    0.0000    0.0000   15.0000 2955.1121   12.5252
    7.5000    0.0000   15.0000 2895.4607   12.9451
   -7.5000    7.5000   15.0000 2881.8291   13.1555
    0.0000    7.5000   15.0000 2880.0535   13.1421
    7.5000    7.5000   15.0000 2832.7749   13.5638
   -7.5000   15.0000   15.0000 2770.3030   14.0690
    0.0000   15.0000   15.0000 2774.0923   14.0423
    7.5000   15.0000   15.0000 2736.5005   14.4663
   -7.5000   22.5000   15.0000 2642.4065   15.3248
    0.0000   22.5000   15.0000 2645.7573   15.3076
    7.5000   22.5000   15.0000 2608.9805   15.6997
   -7.5000   30.0000   15.0000 2490.0720   16.9986
    0.0000   30.0000   15.0000 2492.8823   16.9995
    7.5000   30.0000   15.0000 2455.1863   17.3842
   -7.5000   37.5000   15.0000 2319.4116   19.2025
    0.0000   37.5000   15.0000 2323.0408   19.2382
    7.5000   37.5000   15.0000 2290.2393   19.6339
   -7.5000   45.0000   15.0000 2134.7190   21.9917
    0.0000   45.0000   15.0000 2146.8250   22.0275
    7.5000   45.0000   15.0000 2108.4666   22.4340
   -7.5000  -45.0000   22.5000 2493.4526   16.2966
    0.0000  -45.0000   22.5000 2495.9106   16.3834
    7.5000  -45.0000   22.5000 2458.3213   16.9987
   -7.5000  -37.5000   22.5000 2626.8965   14.8411
    0.0000  -37.5000   22.5000 2630.2979   14.8975
    7.5000  -37.5000   22.5000 2590.3000   15.4588
   -7.5000  -30.0000   22.5000 2750.9514   13.7613
    0.0000  -30.0000   22.5000 2754.8987   13.8139
    7.5000  -30.0000   22.5000 2713.2207   14.2836
   -7.5000  -22.5000   22.5000 2864.7139   13.0190
    0.0000  -22.5000   22.5000 2870.6016   13.0550
    7.5000  -22.5000   22.5000 2815.3130   13.4662
   -7.5000  -15.0000   22.5000 2947.4966   12.4097
    0.0000  -15.0000   22.5000 2948.7437   12.4682
    7.5000  -15.0000   22.5000 2878.4656   12.9506
   -7.5000   -7.5000   22.5000 2975.8689   12.3151
    0.0000   -7.5000   22.5000 2973.8831   12.3215
    7.5000   -7.5000   22.5000 2900.0200   12.8278
   -7.5000    0.0000   22.5000 2945.2202   12.6531
    0.0000    0.0000   22.5000 2938.5305   12.6475
    7.5000    0.0000   22.5000 2870.1213   13.0912
   -7.5000    7.5000   22.5000 2858.5266   13.3652
    0.0000    7.5000   22.5000 2853.0081   13.3610
    7.5000    7.5000   22.5000 2802.8564   13.7410
   -7.5000   15.0000   22.5000 2736.8962   14.3206
    0.0000   15.0000   22.5000 2738.3755   14.3333
    7.5000   15.0000   22.5000 2702.0337   14.6940
   -7.5000   22.5000   22.5000 2611.7319   15.5524
    0.0000   22.5000   22.5000 2614.9851   15.5757
    7.5000   22.5000   22.5000 2580.6001   15.9374
   -7.5000   30.0000   22.5000 2470.5391   17.1611
    0.0000   30.0000   22.5000 2472.6313   17.1933
    7.5000   30.0000   22.5000 2431.8267   17.5613
   -7.5000   37.5000   22.5000 2298.4758   19.3033
    0.0000   37.5000   22.5000 2301.2720   19.3267
    7.5000   37.5000   22.5000 2271.1189   19.7252
   -7.5000   45.0000   22.5000 2110.4060   22.0802
    0.0000   45.0000   22.5000 2121.8198   22.1037
    7.5000   45.0000   22.5000 2092.7107   22.5442
   -7.5000  -45.0000   30.0000 2469.6321   16.7026
    0.0000  -45.0000   30.0000 2468.2410   16.8063
    7.5000  -45.0000   30.0000 2428.2710   17.4543
   -7.5000  -37.5000   30.0000 2599.0256   15.2182
    0.0000  -37.5000   30.0000 2598.2463   15.3029
    7.5000  -37.5000   30.0000 2556.6038   15.9083
   -7.5000  -30.0000   30.0000 2719.1982   14.1686
    0.0000  -30.0000   30.0000 2720.2068   14.2418
    7.5000  -30.0000   30.0000 2673.4094   14.7391
   -7.5000  -22.5000   30.0000 2823.7864   13.3545
    0.0000  -22.5000   30.0000 2828.8574   13.4125
    7.5000  -22.5000   30.0000 2772.6074   13.8927
   -7.5000  -15.0000   30.0000 2897.2683   12.7737
    0.0000  -15.0000   30.0000 2898.3970   12.8208
    7.5000  -15.0000   30.0000 2837.2983   13.3872
   -7.5000   -7.5000   30.0000 2913.2476   12.7574
    0.0000   -7.5000   30.0000 2915.7603   12.7741
    7.5000   -7.5000   30.0000 2852.3274   13.2636
   -7.5000    0.0000   30.0000 2886.1707   13.0908
    0.0000    0.0000   30.0000 2884.3088   13.1056
    7.5000    0.0000   30.0000 2819.9138   13.5286
   -7.5000    7.5000   30.0000 2811.5354   13.7438
    0.0000    7.5000   30.0000 2807.3645   13.7572
    7.5000    7.5000   30.0000 2752.4021   14.1499
   -7.5000   15.0000   30.0000 2688.0330   14.7644
    0.0000   15.0000   30.0000 2693.3245   14.7691
    7.5000   15.0000   30.0000 2654.8545   15.1095
   -7.5000   22.5000   30.0000 2565.7798   15.9880
    0.0000   22.5000   30.0000 2570.9736   16.0142
    7.5000   22.5000   30.0000 2534.3591   16.3573
   -7.5000   30.0000   30.0000 2424.5837   17.5774
    0.0000   30.0000   30.0000 2432.1133   17.6151
    7.5000   30.0000   30.0000 2392.9397   17.9775
   -7.5000   37.5000   30.0000 2256.2285   19.6356
    0.0000   37.5000   30.0000 2263.6594   19.7223
    7.5000   37.5000   30.0000 2234.7896   20.0857
   -7.5000   45.0000   30.0000 2074.6892   22.4036
    0.0000   45.0000   30.0000 2086.8008   22.4323
    7.5000   45.0000   30.0000 2057.0898   22.8713
   -7.5000  -45.0000   37.5000 2437.5557   17.3178
    0.0000  -45.0000   37.5000 2431.7795   17.4629
    7.5000  -45.0000   37.5000 2393.0166   18.1313
   -7.5000  -37.5000   37.5000 2563.0520   15.8438
    0.0000  -37.5000   37.5000 2561.4570   15.9729
    7.5000  -37.5000   37.5000 2522.2217   16.5907
   -7.5000  -30.0000   37.5000 2676.5110   14.7607
    0.0000  -30.0000   37.5000 2676.9480   14.8363
    7.5000  -30.0000   37.5000 2633.0593   15.3793
   -7.5000  -22.5000   37.5000 2770.7126   13.9115
    0.0000  -22.5000   37.5000 2773.2004   13.9680
    7.5000  -22.5000   37.5000 2719.5635   14.5455
   -7.5000  -15.0000   37.5000 2825.1687   13.3894
    0.0000  -15.0000   37.5000 2822.1931   13.4521
    7.5000  -15.0000   37.5000 2772.2109   14.0139
   -7.5000   -7.5000   37.5000 2832.6196   13.3990
    0.0000   -7.5000   37.5000 2836.0996   13.4335
    7.5000   -7.5000   37.5000 2786.2993   13.9018
   -7.5000    0.0000   37.5000 2798.5085   13.7211
    0.0000    0.0000   37.5000 2799.9067   13.7791
    7.5000    0.0000   37.5000 2750.6233   14.1612
   -7.5000    7.5000   37.5000 2734.5251   14.4191
    0.0000    7.5000   37.5000 2734.4102   14.4560
    7.5000    7.5000   37.5000 2682.5903   14.8053
   -7.5000   15.0000   37.5000 2630.7205   15.3633
    0.0000   15.0000   37.5000 2634.4021   15.4093
    7.5000   15.0000   37.5000 2593.6245   15.7400
   -7.5000   22.5000   37.5000 2507.9329   16.5865
    0.0000   22.5000   37.5000 2515.3062   16.6394
    7.5000   22.5000   37.5000 2477.9758   16.9646
   -7.5000   30.0000   37.5000 2370.3042   18.1954
    0.0000   30.0000   37.5000 2380.6702   18.2382
    7.5000   30.0000   37.5000 2343.2917   18.5823
   -7.5000   37.5000   37.5000 2199.3491   20.2443
    0.0000   37.5000   37.5000 2212.8354   20.3123
    7.5000   37.5000   37.5000 2185.8684   20.6871
   -7.5000   45.0000   37.5000 2031.8544   22.9490
    0.0000   45.0000   37.5000 2038.1072   22.9769
    7.5000   45.0000   37.5000 2007.6356   23.4627
   -7.5000  -45.0000   45.0000 2396.3462   18.1626
    0.0000  -45.0000   45.0000 2392.4116   18.2770
    7.5000  -45.0000   45.0000 2351.1316   18.9776
   -7.5000  -37.5000   45.0000 2517.6526   16.6854
    0.0000  -37.5000   45.0000 2516.8198   16.7763
    7.5000  -37.5000   45.0000 2471.0820   17.4355
   -7.5000  -30.0000   45.0000 2621.0227   15.5768
    0.0000  -30.0000   45.0000 2623.2976   15.6437
    7.5000  -30.0000   45.0000 2575.5032   16.2406
   -7.5000  -22.5000   45.0000 2698.4341   14.7387
    0.0000  -22.5000   45.0000 2699.7241   14.7892
    7.5000  -22.5000   45.0000 2646.9314   15.3703
   -7.5000  -15.0000   45.0000 2737.8579   14.2520
    0.0000  -15.0000   45.0000 2736.3752   14.3098
    7.5000  -15.0000   45.0000 2688.1875   14.8313
   -7.5000   -7.5000   45.0000 2733.3516   14.2232
    0.0000   -7.5000   45.0000 2740.9351   14.2730
    7.5000   -7.5000   45.0000 2694.8223   14.7073
   -7.5000    0.0000   45.0000 2699.2637   14.5202
    0.0000    0.0000   45.0000 2700.7256   14.5804
    7.5000    0.0000   45.0000 2661.6570   14.9680
   -7.5000    7.5000   45.0000 2644.7849   15.1904
    0.0000    7.5000   45.0000 2644.5339   15.2464
    7.5000    7.5000   45.0000 2599.1179   15.6108
   -7.5000   15.0000   45.0000 2554.2930   16.1443
    0.0000   15.0000   45.0000 2556.7820   16.1973
    7.5000   15.0000   45.0000 2513.2258   16.5525
   -7.5000   22.5000   45.0000 2441.5310   17.3444
    0.0000   22.5000   45.0000 2447.7927   17.4070
    7.5000   22.5000   45.0000 2410.1521   17.7984
   -7.5000   30.0000   45.0000 2305.5952   18.9182
    0.0000   30.0000   45.0000 2315.4646   18.9766
    7.5000   30.0000   45.0000 2274.6555   19.3938
   -7.5000   37.5000   45.0000 2140.4521   21.0952
    0.0000   37.5000   45.0000 2148.9272   21.1362
    7.5000   37.5000   45.0000 2120.9182   21.5724
   -7.5000   45.0000   45.0000 1983.1412   23.8384
    0.0000   45.0000   45.0000 1987.8065   23.8640
    7.5000   45.0000   45.0000 1962.4948   24.4197

---------------------------------------------------------------------
imgreg_4dfp /opt/freesurfer/average/711-2C_as_mni_average_305 /opt/freesurfer/average/711-2B_as_mni_average_305_mask talsrcimg_g11 none talsrcimg_to_711-2C_as_mni_average_305_t4 1283
---------------------------------------------------------------------

freesurfer imgreg_4dfp.c
/opt/freesurfer/average/711-2C_as_mni_average_305.4dfp.img
       256       256       256         1
  1.000000  1.000000  1.000000
orientation T byte_order littleendian
Reading image: /opt/freesurfer/average/711-2C_as_mni_average_305.4dfp.img
dimensions:      256       256       256
mmppix:       1.0000   -1.0000   -1.0000
center:     128.0000 -129.0000 -129.0000
/opt/freesurfer/average/711-2B_as_mni_average_305_mask.4dfp.img
       256       256       256         1
  1.000000  1.000000  1.000000
orientation T byte_order littleendian
Reading mask: /opt/freesurfer/average/711-2B_as_mni_average_305_mask.4dfp.img (2306576 pixels)
talsrcimg_g11.4dfp.img
       256       256       256         1
  1.000000  1.000000  1.000000
orientation T byte_order littleendian
Reading image: talsrcimg_g11.4dfp.img
dimensions:      256       256       256
mmppix:       1.0000   -1.0000   -1.0000
center:     128.0000 -129.0000 -129.0000
rotation matrix determinant  1.000000
fimgreg.f
image alignment mode   1283 decimal      503 hex
parameters
   -7.5000   -7.5000   15.0000    0.0000    0.0000    0.0000
eta,q 0.94143 12.21451
niter,ni,del,rscale     5    3   12.0000    1.2000
parameter  1 -0.902484 -> -0.500000 qaram    1.1500
parameter  4  2.503536 ->  0.500000 qaram    1.1500
parameter  5 -0.596675 -> -0.500000 qaram    1.1500
parameters
   -4.0500   -9.9753   14.9358   -3.4500    3.4500   -0.8971
eta,q 0.94556 12.20931
  0.0765  0.0579  0.0593  0.0528  0.0594  0.0554
  0.0687  0.0561  0.0582  0.0548  0.0570  0.0551
  0.0646  0.0562  0.0574  0.0559  0.0559  0.0547
  0.0613  0.0568  0.0563  0.0563  0.0553  0.0541
  0.0577  0.0589  0.0551  0.0577  0.0540  0.0542
  0.0563  0.0634  0.0567  0.0604  0.0542  0.0554
  0.0562  0.0684  0.0614  0.0621  0.0545  0.0574
niter,ni,del,rscale     7    3   12.0000    1.2000
parameter  4 -7.215646 ->  0.500000 qaram    1.3225
parameters
   -4.5977   -7.0551   14.3613   -7.4175    2.8846   -3.0983
eta,q 0.95265 12.15868
  0.0649  0.0633  0.0581  0.0469  0.0557  0.0497
  0.0579  0.0577  0.0551  0.0480  0.0515  0.0480
  0.0554  0.0554  0.0539  0.0511  0.0488  0.0474
  0.0544  0.0547  0.0543  0.0542  0.0487  0.0485
  0.0555  0.0544  0.0550  0.0562  0.0503  0.0501
  0.0620  0.0539  0.0567  0.0577  0.0533  0.0514
  0.0682  0.0539  0.0594  0.0599  0.0583  0.0529
niter,ni,del,rscale     7    3   12.0000    1.2000
parameters
   -4.6341   -6.3464   14.2480   -9.4777    2.5854   -2.3797
eta,q 0.95390 12.15605
  0.0629  0.0595  0.0561  0.0523  0.0557  0.0528
  0.0575  0.0529  0.0524  0.0485  0.0511  0.0497
  0.0518  0.0483  0.0493  0.0463  0.0471  0.0475
  0.0473  0.0474  0.0476  0.0477  0.0464  0.0462
  0.0485  0.0486  0.0481  0.0513  0.0490  0.0466
  0.0555  0.0504  0.0519  0.0552  0.0524  0.0483
  0.0659  0.0541  0.0579  0.0581  0.0568  0.0502
niter,ni,del,rscale     6    3   12.0000    1.2000
parameters
   -4.4252   -6.2239   13.9614   -9.7822    2.5483   -2.2711
eta,q 0.95402 12.16576
  0.0650  0.0579  0.0548  0.0555  0.0559  0.0516
  0.0580  0.0498  0.0506  0.0508  0.0517  0.0488
  0.0511  0.0461  0.0473  0.0470  0.0476  0.0468
  0.0461  0.0460  0.0460  0.0461  0.0460  0.0460
  0.0482  0.0477  0.0472  0.0486  0.0484  0.0470
  0.0553  0.0507  0.0512  0.0523  0.0515  0.0489
  0.0645  0.0554  0.0574  0.0563  0.0561  0.0509
niter,ni,del,rscale     5    3   12.0000    1.2000
parameters
   -4.3860   -6.2836   13.8690   -9.8876    2.5346   -2.2635
eta,q 0.95409 12.16999
  0.0645  0.0569  0.0552  0.0559  0.0559  0.0514
  0.0573  0.0493  0.0509  0.0511  0.0517  0.0486
  0.0503  0.0459  0.0474  0.0472  0.0477  0.0467
  0.0460  0.0460  0.0459  0.0459  0.0459  0.0459
  0.0487  0.0478  0.0469  0.0482  0.0483  0.0470
  0.0561  0.0510  0.0505  0.0518  0.0514  0.0490
  0.0652  0.0558  0.0566  0.0559  0.0560  0.0511
niter,ni,del,rscale     4    3   12.0000    1.2000
parameters
   -4.3757   -6.2939   13.8420   -9.9168    2.5299   -2.2633
eta,q 0.95411 12.17117
  0.0644  0.0571  0.0554  0.0561  0.0559  0.0514
  0.0572  0.0494  0.0510  0.0512  0.0517  0.0486
  0.0501  0.0460  0.0474  0.0473  0.0477  0.0467
  0.0459  0.0459  0.0459  0.0459  0.0459  0.0459
  0.0488  0.0477  0.0468  0.0481  0.0483  0.0470
  0.0562  0.0509  0.0503  0.0517  0.0514  0.0490
  0.0653  0.0556  0.0563  0.0557  0.0559  0.0511
registration optimization eta report
parameter search radius
    6.9000    6.0000    6.0000    7.9350    6.9000    6.0000
100000*second partial in parameter space
       38.       29.       27.       15.       20.       14.
  0.0644  0.0571  0.0554  0.0561  0.0559  0.0514
  0.0572  0.0494  0.0510  0.0512  0.0517  0.0486
  0.0501  0.0460  0.0474  0.0473  0.0477  0.0467
  0.0459  0.0459  0.0459  0.0459  0.0459  0.0459
  0.0488  0.0477  0.0468  0.0481  0.0483  0.0470
  0.0562  0.0509  0.0503  0.0517  0.0514  0.0490
  0.0653  0.0556  0.0563  0.0557  0.0559  0.0511
   -4.3757   -6.2939   13.8420   -9.9168    2.5299   -2.2633
eta,q 0.95411 12.17117

---------------------------------------------------------------------
imgreg_4dfp /opt/freesurfer/average/711-2C_as_mni_average_305 /opt/freesurfer/average/711-2B_as_mni_average_305_mask talsrcimg_g11 none talsrcimg_to_711-2C_as_mni_average_305_t4 3335
---------------------------------------------------------------------

freesurfer imgreg_4dfp.c
/opt/freesurfer/average/711-2C_as_mni_average_305.4dfp.img
       256       256       256         1
  1.000000  1.000000  1.000000
orientation T byte_order littleendian
Reading image: /opt/freesurfer/average/711-2C_as_mni_average_305.4dfp.img
dimensions:      256       256       256
mmppix:       1.0000   -1.0000   -1.0000
center:     128.0000 -129.0000 -129.0000
/opt/freesurfer/average/711-2B_as_mni_average_305_mask.4dfp.img
       256       256       256         1
  1.000000  1.000000  1.000000
orientation T byte_order littleendian
Reading mask: /opt/freesurfer/average/711-2B_as_mni_average_305_mask.4dfp.img (2306576 pixels)
talsrcimg_g11.4dfp.img
       256       256       256         1
  1.000000  1.000000  1.000000
orientation T byte_order littleendian
Reading image: talsrcimg_g11.4dfp.img
dimensions:      256       256       256
mmppix:       1.0000   -1.0000   -1.0000
center:     128.0000 -129.0000 -129.0000
fimgreg.f
image alignment mode   3335 decimal      D07 hex
parameters
   -4.3757   -6.2939   13.8420   -0.1754   -1.6010   -1.5901
    4.6498   -3.6646   -3.9454   17.3801    4.4141  -17.2050
eta,q 0.95352 12.26229
niter,ni,del,rscale     5    3    5.0000    1.2000
parameter  4  2.591452 ->  0.500000 qaram    1.1500
parameter  5  5.085035 ->  0.500000 qaram    1.1500
parameter  6  0.543595 ->  0.500000 qaram    1.1500
parameter 10  0.818213 ->  0.500000 qaram    1.1500
parameter 12  1.105291 ->  0.500000 qaram    1.1500
parameters
   -4.1396   -6.1927   13.0998   -4.3154   -5.7410   -5.7301
    4.0802   -2.8763   -2.0197   13.2401    2.3480  -21.3450
eta,q 0.96937 11.78626
  0.0491  0.0481  0.0470  0.0388  0.0314  0.0346  0.0364  0.0392  0.0371  0.0318  0.0322  0.0305
  0.0477  0.0472  0.0466  0.0403  0.0341  0.0341  0.0350  0.0367  0.0357  0.0317  0.0319  0.0306
  0.0468  0.0467  0.0464  0.0431  0.0374  0.0342  0.0342  0.0349  0.0346  0.0324  0.0317  0.0310
  0.0465  0.0465  0.0465  0.0464  0.0409  0.0350  0.0341  0.0340  0.0339  0.0338  0.0318  0.0317
  0.0466  0.0466  0.0469  0.0498  0.0446  0.0366  0.0345  0.0341  0.0338  0.0360  0.0321  0.0328
  0.0472  0.0470  0.0478  0.0536  0.0485  0.0391  0.0356  0.0353  0.0341  0.0390  0.0326  0.0339
  0.0482  0.0478  0.0490  0.0575  0.0525  0.0424  0.0372  0.0374  0.0349  0.0425  0.0334  0.0352
niter,ni,del,rscale     7    3    5.0000    1.2000
parameter  4  0.550759 ->  0.500000 qaram    1.3225
parameter  5  1.168851 ->  0.500000 qaram    1.3225
parameters
   -4.0500   -6.3401   13.3002   -9.0764  -10.5020   -4.2020
    3.5896   -2.6646   -1.9263   12.3421    2.0937  -24.5947
eta,q 0.97510 11.51324
  0.0345  0.0327  0.0325  0.0304  0.0248  0.0287  0.0277  0.0293  0.0277  0.0290  0.0262  0.0258
  0.0326  0.0314  0.0316  0.0294  0.0253  0.0275  0.0263  0.0272  0.0264  0.0267  0.0257  0.0251
  0.0312  0.0307  0.0309  0.0292  0.0268  0.0265  0.0255  0.0258  0.0256  0.0255  0.0254  0.0249
  0.0306  0.0306  0.0306  0.0306  0.0293  0.0256  0.0254  0.0253  0.0253  0.0253  0.0253  0.0253
  0.0309  0.0310  0.0307  0.0334  0.0325  0.0254  0.0258  0.0257  0.0256  0.0262  0.0254  0.0261
  0.0321  0.0319  0.0311  0.0366  0.0362  0.0260  0.0269  0.0269  0.0263  0.0280  0.0258  0.0272
  0.0341  0.0332  0.0320  0.0405  0.0406  0.0273  0.0285  0.0289  0.0275  0.0309  0.0264  0.0285
niter,ni,del,rscale     7    3    5.0000    1.2000
parameters
   -4.0638   -6.0829   13.5796   -9.3121  -14.7742   -3.3483
    3.6678   -2.7346   -1.9245   13.0253    1.7726  -25.0537
eta,q 0.97617 11.35311
  0.0285  0.0283  0.0270  0.0294  0.0255  0.0274  0.0265  0.0278  0.0259  0.0295  0.0248  0.0255
  0.0265  0.0265  0.0259  0.0276  0.0244  0.0262  0.0251  0.0256  0.0248  0.0267  0.0243  0.0244
  0.0253  0.0254  0.0252  0.0261  0.0240  0.0250  0.0242  0.0243  0.0241  0.0248  0.0239  0.0239
  0.0249  0.0249  0.0249  0.0249  0.0249  0.0240  0.0239  0.0239  0.0239  0.0239  0.0239  0.0238
  0.0253  0.0251  0.0249  0.0249  0.0273  0.0239  0.0242  0.0244  0.0241  0.0242  0.0240  0.0242
  0.0266  0.0258  0.0254  0.0273  0.0307  0.0249  0.0250  0.0258  0.0248  0.0256  0.0244  0.0249
  0.0285  0.0270  0.0262  0.0308  0.0350  0.0267  0.0264  0.0279  0.0259  0.0280  0.0250  0.0258
niter,ni,del,rscale     6    3    5.0000    1.2000
parameters
   -4.0548   -5.8819   13.7320   -8.5632  -15.5094   -3.0299
    3.6581   -2.6795   -1.9801   13.2281    1.6820  -25.0685
eta,q 0.97641 11.35740
  0.0272  0.0267  0.0256  0.0286  0.0275  0.0271  0.0262  0.0277  0.0256  0.0287  0.0247  0.0255
  0.0254  0.0252  0.0246  0.0268  0.0256  0.0258  0.0248  0.0256  0.0245  0.0261  0.0241  0.0243
  0.0242  0.0242  0.0241  0.0252  0.0242  0.0245  0.0239  0.0241  0.0238  0.0243  0.0237  0.0237
  0.0238  0.0238  0.0238  0.0238  0.0236  0.0236  0.0236  0.0236  0.0236  0.0236  0.0236  0.0236
  0.0242  0.0240  0.0239  0.0234  0.0242  0.0238  0.0239  0.0241  0.0238  0.0241  0.0237  0.0239
  0.0253  0.0247  0.0244  0.0251  0.0262  0.0250  0.0248  0.0254  0.0245  0.0258  0.0241  0.0245
  0.0271  0.0258  0.0252  0.0281  0.0295  0.0270  0.0262  0.0276  0.0256  0.0283  0.0248  0.0253
niter,ni,del,rscale     5    3    5.0000    1.2000
parameters
   -4.0625   -5.8354   13.7618   -8.4566  -15.6544   -2.9537
    3.6801   -2.6658   -2.0139   13.2605    1.6709  -25.0649
eta,q 0.97642 11.35669
  0.0270  0.0261  0.0252  0.0282  0.0280  0.0270  0.0262  0.0277  0.0256  0.0285  0.0247  0.0255
  0.0251  0.0247  0.0243  0.0264  0.0259  0.0257  0.0248  0.0255  0.0244  0.0259  0.0241  0.0243
  0.0240  0.0239  0.0238  0.0249  0.0243  0.0244  0.0239  0.0241  0.0238  0.0242  0.0237  0.0237
  0.0236  0.0236  0.0236  0.0236  0.0236  0.0236  0.0236  0.0236  0.0236  0.0236  0.0236  0.0236
  0.0240  0.0238  0.0237  0.0236  0.0239  0.0238  0.0239  0.0241  0.0238  0.0242  0.0237  0.0239
  0.0252  0.0246  0.0243  0.0257  0.0256  0.0252  0.0247  0.0255  0.0245  0.0259  0.0241  0.0245
  0.0271  0.0259  0.0251  0.0287  0.0287  0.0273  0.0262  0.0277  0.0256  0.0284  0.0247  0.0253
niter,ni,del,rscale     4    3    5.0000    1.2000
parameters
   -4.0629   -5.8290   13.7689   -8.4356  -15.6852   -2.9354
    3.6948   -2.6600   -2.0178   13.2642    1.6707  -25.0636
eta,q 0.97643 11.35649
  0.0271  0.0260  0.0252  0.0281  0.0280  0.0270  0.0262  0.0277  0.0256  0.0285  0.0247  0.0255
  0.0251  0.0246  0.0243  0.0264  0.0259  0.0256  0.0248  0.0255  0.0244  0.0259  0.0241  0.0243
  0.0240  0.0238  0.0238  0.0248  0.0244  0.0243  0.0239  0.0241  0.0238  0.0242  0.0237  0.0237
  0.0236  0.0236  0.0236  0.0236  0.0236  0.0236  0.0236  0.0236  0.0236  0.0236  0.0236  0.0236
  0.0240  0.0239  0.0237  0.0237  0.0238  0.0238  0.0239  0.0241  0.0238  0.0242  0.0237  0.0239
  0.0252  0.0247  0.0243  0.0258  0.0255  0.0252  0.0247  0.0255  0.0245  0.0259  0.0241  0.0245
  0.0270  0.0259  0.0252  0.0288  0.0286  0.0273  0.0262  0.0277  0.0256  0.0284  0.0247  0.0253
registration optimization eta report
parameter search radius
    2.4000    2.4000    2.4000    9.5220    9.5220    8.2800
    7.2000    7.2000    7.2000    8.2800    7.2000    8.2800
100000*second partial in parameter space
       60.       41.       28.        5.        5.        5.
        5.        8.        4.        7.        2.        3.
  0.0271  0.0260  0.0252  0.0281  0.0280  0.0270  0.0262  0.0277  0.0256  0.0285  0.0247  0.0255
  0.0251  0.0246  0.0243  0.0264  0.0259  0.0256  0.0248  0.0255  0.0244  0.0259  0.0241  0.0243
  0.0240  0.0238  0.0238  0.0248  0.0244  0.0243  0.0239  0.0241  0.0238  0.0242  0.0237  0.0237
  0.0236  0.0236  0.0236  0.0236  0.0236  0.0236  0.0236  0.0236  0.0236  0.0236  0.0236  0.0236
  0.0240  0.0239  0.0237  0.0237  0.0238  0.0238  0.0239  0.0241  0.0238  0.0242  0.0237  0.0239
  0.0252  0.0247  0.0243  0.0258  0.0255  0.0252  0.0247  0.0255  0.0245  0.0259  0.0241  0.0245
  0.0270  0.0259  0.0252  0.0288  0.0286  0.0273  0.0262  0.0277  0.0256  0.0284  0.0247  0.0253
   -4.0629   -5.8290   13.7689   -8.4356  -15.6852   -2.9354
    3.6948   -2.6600   -2.0178   13.2642    1.6707  -25.0636
eta,q 0.97643 11.35649

---------------------------------------------------------------------
imgreg_4dfp /opt/freesurfer/average/711-2C_as_mni_average_305 /opt/freesurfer/average/711-2B_as_mni_average_305_mask talsrcimg_g11 none talsrcimg_to_711-2C_as_mni_average_305_t4 2311
---------------------------------------------------------------------

freesurfer imgreg_4dfp.c
/opt/freesurfer/average/711-2C_as_mni_average_305.4dfp.img
       256       256       256         1
  1.000000  1.000000  1.000000
orientation T byte_order littleendian
Reading image: /opt/freesurfer/average/711-2C_as_mni_average_305.4dfp.img
dimensions:      256       256       256
mmppix:       1.0000   -1.0000   -1.0000
center:     128.0000 -129.0000 -129.0000
/opt/freesurfer/average/711-2B_as_mni_average_305_mask.4dfp.img
       256       256       256         1
  1.000000  1.000000  1.000000
orientation T byte_order littleendian
Reading mask: /opt/freesurfer/average/711-2B_as_mni_average_305_mask.4dfp.img (2306576 pixels)
talsrcimg_g11.4dfp.img
       256       256       256         1
  1.000000  1.000000  1.000000
orientation T byte_order littleendian
Reading image: talsrcimg_g11.4dfp.img
dimensions:      256       256       256
mmppix:       1.0000   -1.0000   -1.0000
center:     128.0000 -129.0000 -129.0000
fimgreg.f
image alignment mode   2311 decimal      907 hex
parameters
   -4.0629   -5.8290   13.7689   -8.4356  -15.6852   -2.9354
    3.6948   -2.6600   -2.0178   13.2642    1.6707  -25.0636
eta,q 0.97643 11.35649
niter,ni,del,rscale     5    3    5.0000    0.8000
parameters
   -4.0759   -5.8482   13.7809   -7.3669  -15.1443   -2.7051
    3.7067   -2.5833   -2.0087   13.2485    1.6982  -25.3957
eta,q 0.97668 11.42313
  0.0251  0.0246  0.0243  0.0256  0.0249  0.0250  0.0247  0.0255  0.0243  0.0252  0.0240  0.0239
  0.0243  0.0240  0.0239  0.0248  0.0242  0.0242  0.0239  0.0244  0.0238  0.0242  0.0236  0.0235
  0.0237  0.0237  0.0237  0.0241  0.0237  0.0236  0.0235  0.0236  0.0234  0.0235  0.0234  0.0233
  0.0236  0.0236  0.0236  0.0236  0.0234  0.0233  0.0233  0.0233  0.0233  0.0233  0.0233  0.0233
  0.0238  0.0237  0.0236  0.0234  0.0234  0.0234  0.0235  0.0235  0.0234  0.0235  0.0234  0.0235
  0.0243  0.0241  0.0239  0.0237  0.0237  0.0239  0.0239  0.0242  0.0238  0.0242  0.0236  0.0237
  0.0252  0.0246  0.0243  0.0246  0.0244  0.0248  0.0247  0.0254  0.0243  0.0252  0.0239  0.0241
niter,ni,del,rscale     4    3    5.0000    0.7000
parameters
   -4.0716   -5.8383   13.7565   -7.3903  -15.1682   -2.6400
    3.7319   -2.5720   -2.0078   13.3342    1.6797  -25.5492
eta,q 0.97668 11.42621
  0.0247  0.0242  0.0239  0.0248  0.0243  0.0246  0.0244  0.0250  0.0241  0.0248  0.0238  0.0238
  0.0239  0.0237  0.0236  0.0241  0.0238  0.0240  0.0238  0.0241  0.0236  0.0240  0.0235  0.0235
  0.0235  0.0234  0.0234  0.0236  0.0235  0.0235  0.0234  0.0235  0.0234  0.0235  0.0234  0.0234
  0.0233  0.0233  0.0233  0.0233  0.0233  0.0233  0.0233  0.0233  0.0233  0.0233  0.0233  0.0233
  0.0235  0.0234  0.0234  0.0234  0.0234  0.0234  0.0234  0.0235  0.0234  0.0235  0.0234  0.0234
  0.0239  0.0237  0.0236  0.0240  0.0238  0.0239  0.0238  0.0241  0.0237  0.0239  0.0235  0.0236
  0.0246  0.0242  0.0239  0.0249  0.0244  0.0246  0.0244  0.0250  0.0241  0.0247  0.0238  0.0239
niter,ni,del,rscale     3    3    5.0000    0.6000
parameters
   -4.0743   -5.8346   13.7517   -7.3093  -15.1463   -2.6019
    3.7387   -2.5625   -2.0297   13.3888    1.6857  -25.6247
eta,q 0.97669 11.43249
  0.0243  0.0240  0.0238  0.0245  0.0241  0.0243  0.0241  0.0246  0.0239  0.0244  0.0237  0.0237
  0.0237  0.0236  0.0235  0.0239  0.0237  0.0238  0.0237  0.0239  0.0236  0.0238  0.0235  0.0235
  0.0234  0.0234  0.0234  0.0235  0.0234  0.0235  0.0234  0.0235  0.0234  0.0235  0.0234  0.0233
  0.0233  0.0233  0.0233  0.0233  0.0233  0.0233  0.0233  0.0233  0.0233  0.0233  0.0233  0.0233
  0.0234  0.0234  0.0234  0.0234  0.0234  0.0234  0.0234  0.0234  0.0234  0.0234  0.0234  0.0234
  0.0238  0.0236  0.0235  0.0238  0.0236  0.0237  0.0237  0.0239  0.0236  0.0238  0.0235  0.0235
  0.0243  0.0240  0.0238  0.0245  0.0241  0.0243  0.0241  0.0246  0.0239  0.0244  0.0237  0.0237
niter,ni,del,rscale     2    3    5.0000    0.5000
parameters
   -4.0752   -5.8313   13.7505   -7.2411  -15.1322   -2.5725
    3.7554   -2.5535   -2.0328   13.4166    1.6544  -25.6610
eta,q 0.97670 11.43664
  0.0240  0.0238  0.0236  0.0241  0.0239  0.0240  0.0239  0.0242  0.0237  0.0241  0.0236  0.0236
  0.0236  0.0235  0.0234  0.0237  0.0236  0.0236  0.0236  0.0237  0.0235  0.0237  0.0234  0.0234
  0.0234  0.0234  0.0233  0.0235  0.0234  0.0234  0.0234  0.0234  0.0233  0.0234  0.0233  0.0233
  0.0233  0.0233  0.0233  0.0233  0.0233  0.0233  0.0233  0.0233  0.0233  0.0233  0.0233  0.0233
  0.0234  0.0234  0.0233  0.0234  0.0234  0.0234  0.0234  0.0234  0.0233  0.0234  0.0233  0.0233
  0.0236  0.0235  0.0234  0.0236  0.0235  0.0236  0.0236  0.0237  0.0235  0.0236  0.0234  0.0234
  0.0240  0.0238  0.0236  0.0241  0.0239  0.0240  0.0239  0.0242  0.0237  0.0241  0.0236  0.0236
niter,ni,del,rscale     1    3    5.0000    0.4000
parameters
   -4.0775   -5.8316   13.7464   -7.1764  -15.0956   -2.5497
    3.7542   -2.5478   -2.0393   13.4327    1.6471  -25.7021
eta,q 0.97670 11.44127
  0.0237  0.0236  0.0235  0.0239  0.0237  0.0238  0.0237  0.0239  0.0235  0.0238  0.0235  0.0235
  0.0235  0.0234  0.0234  0.0236  0.0235  0.0235  0.0235  0.0236  0.0234  0.0235  0.0234  0.0234
  0.0234  0.0233  0.0233  0.0234  0.0234  0.0234  0.0233  0.0234  0.0233  0.0234  0.0233  0.0233
  0.0233  0.0233  0.0233  0.0233  0.0233  0.0233  0.0233  0.0233  0.0233  0.0233  0.0233  0.0233
  0.0234  0.0234  0.0233  0.0233  0.0233  0.0233  0.0233  0.0234  0.0233  0.0234  0.0233  0.0233
  0.0235  0.0234  0.0234  0.0235  0.0235  0.0235  0.0235  0.0236  0.0234  0.0235  0.0234  0.0234
  0.0237  0.0236  0.0235  0.0238  0.0237  0.0238  0.0237  0.0239  0.0236  0.0238  0.0235  0.0235
registration optimization eta report
parameter search radius
    0.8000    0.8000    0.8000    2.4000    2.4000    2.4000
    2.4000    2.4000    2.4000    2.4000    2.4000    2.4000
100000*second partial in parameter space
       69.       44.       31.       10.        6.        8.
        6.       10.        4.        9.        3.        3.
  0.0237  0.0236  0.0235  0.0239  0.0237  0.0238  0.0237  0.0239  0.0235  0.0238  0.0235  0.0235
  0.0235  0.0234  0.0234  0.0236  0.0235  0.0235  0.0235  0.0236  0.0234  0.0235  0.0234  0.0234
  0.0234  0.0233  0.0233  0.0234  0.0234  0.0234  0.0233  0.0234  0.0233  0.0234  0.0233  0.0233
  0.0233  0.0233  0.0233  0.0233  0.0233  0.0233  0.0233  0.0233  0.0233  0.0233  0.0233  0.0233
  0.0234  0.0234  0.0233  0.0233  0.0233  0.0233  0.0233  0.0234  0.0233  0.0234  0.0233  0.0233
  0.0235  0.0234  0.0234  0.0235  0.0235  0.0235  0.0235  0.0236  0.0234  0.0235  0.0234  0.0234
  0.0237  0.0236  0.0235  0.0238  0.0237  0.0238  0.0237  0.0239  0.0236  0.0238  0.0235  0.0235
   -4.0775   -5.8316   13.7464   -7.1764  -15.0956   -2.5497
    3.7542   -2.5478   -2.0393   13.4327    1.6471  -25.7021
eta,q 0.97670 11.44127

---------------------------------------------------------------------
imgreg_4dfp /opt/freesurfer/average/711-2C_as_mni_average_305 /opt/freesurfer/average/711-2B_as_mni_average_305_mask talsrcimg_g11 none talsrcimg_to_711-2C_as_mni_average_305_t4 2311
---------------------------------------------------------------------

freesurfer imgreg_4dfp.c
/opt/freesurfer/average/711-2C_as_mni_average_305.4dfp.img
       256       256       256         1
  1.000000  1.000000  1.000000
orientation T byte_order littleendian
Reading image: /opt/freesurfer/average/711-2C_as_mni_average_305.4dfp.img
dimensions:      256       256       256
mmppix:       1.0000   -1.0000   -1.0000
center:     128.0000 -129.0000 -129.0000
/opt/freesurfer/average/711-2B_as_mni_average_305_mask.4dfp.img
       256       256       256         1
  1.000000  1.000000  1.000000
orientation T byte_order littleendian
Reading mask: /opt/freesurfer/average/711-2B_as_mni_average_305_mask.4dfp.img (2306576 pixels)
talsrcimg_g11.4dfp.img
       256       256       256         1
  1.000000  1.000000  1.000000
orientation T byte_order littleendian
Reading image: talsrcimg_g11.4dfp.img
dimensions:      256       256       256
mmppix:       1.0000   -1.0000   -1.0000
center:     128.0000 -129.0000 -129.0000
fimgreg.f
image alignment mode   2311 decimal      907 hex
parameters
   -4.0775   -5.8316   13.7464   -7.1764  -15.0956   -2.5497
    3.7542   -2.5478   -2.0393   13.4327    1.6471  -25.7021
eta,q 0.97670 11.44127
niter,ni,del,rscale     5    3    5.0000    0.8000
parameters
   -4.0598   -5.8298   13.7397   -7.4961  -15.2881   -2.6302
    3.7614   -2.5752   -2.0282   13.4131    1.6752  -25.5801
eta,q 0.97666 11.42071
  0.0251  0.0245  0.0241  0.0249  0.0246  0.0249  0.0247  0.0254  0.0243  0.0252  0.0240  0.0241
  0.0241  0.0238  0.0237  0.0242  0.0239  0.0241  0.0239  0.0243  0.0238  0.0242  0.0236  0.0236
  0.0235  0.0234  0.0234  0.0236  0.0235  0.0236  0.0235  0.0236  0.0234  0.0236  0.0234  0.0234
  0.0233  0.0233  0.0233  0.0233  0.0233  0.0233  0.0233  0.0233  0.0233  0.0233  0.0233  0.0233
  0.0235  0.0234  0.0234  0.0235  0.0235  0.0235  0.0235  0.0236  0.0234  0.0236  0.0234  0.0234
  0.0241  0.0238  0.0237  0.0244  0.0240  0.0241  0.0239  0.0243  0.0238  0.0242  0.0236  0.0236
  0.0250  0.0244  0.0241  0.0256  0.0249  0.0251  0.0247  0.0255  0.0243  0.0253  0.0240  0.0240
niter,ni,del,rscale     4    3    5.0000    0.7000
parameters
   -4.0727   -5.8261   13.7469   -7.3935  -15.2128   -2.6205
    3.7517   -2.5679   -2.0364   13.3925    1.6689  -25.5997
eta,q 0.97668 11.42650
  0.0246  0.0242  0.0239  0.0248  0.0244  0.0246  0.0244  0.0250  0.0241  0.0248  0.0238  0.0239
  0.0239  0.0237  0.0236  0.0242  0.0239  0.0240  0.0238  0.0241  0.0236  0.0240  0.0235  0.0235
  0.0235  0.0234  0.0234  0.0236  0.0235  0.0235  0.0234  0.0235  0.0234  0.0235  0.0234  0.0234
  0.0233  0.0233  0.0233  0.0233  0.0233  0.0233  0.0233  0.0233  0.0233  0.0233  0.0233  0.0233
  0.0235  0.0234  0.0234  0.0234  0.0234  0.0234  0.0234  0.0235  0.0234  0.0235  0.0234  0.0234
  0.0240  0.0237  0.0236  0.0239  0.0237  0.0239  0.0238  0.0241  0.0237  0.0240  0.0235  0.0236
  0.0247  0.0242  0.0239  0.0248  0.0244  0.0246  0.0244  0.0250  0.0241  0.0248  0.0238  0.0239
niter,ni,del,rscale     3    3    5.0000    0.6000
parameters
   -4.0741   -5.8290   13.7475   -7.3076  -15.1612   -2.5939
    3.7520   -2.5606   -2.0383   13.4069    1.6611  -25.6351
eta,q 0.97669 11.43254
  0.0243  0.0240  0.0238  0.0245  0.0241  0.0243  0.0241  0.0246  0.0239  0.0244  0.0237  0.0237
  0.0238  0.0236  0.0235  0.0239  0.0237  0.0238  0.0237  0.0239  0.0236  0.0238  0.0235  0.0235
  0.0234  0.0234  0.0234  0.0235  0.0234  0.0235  0.0234  0.0235  0.0234  0.0234  0.0233  0.0233
  0.0233  0.0233  0.0233  0.0233  0.0233  0.0233  0.0233  0.0233  0.0233  0.0233  0.0233  0.0233
  0.0234  0.0234  0.0234  0.0234  0.0234  0.0234  0.0234  0.0234  0.0234  0.0234  0.0234  0.0234
  0.0238  0.0236  0.0235  0.0238  0.0236  0.0237  0.0237  0.0239  0.0236  0.0238  0.0235  0.0235
  0.0243  0.0240  0.0238  0.0245  0.0241  0.0243  0.0241  0.0246  0.0239  0.0244  0.0237  0.0237
niter,ni,del,rscale     2    3    5.0000    0.5000
parameters
   -4.0746   -5.8320   13.7480   -7.2361  -15.1284   -2.5767
    3.7628   -2.5479   -2.0339   13.4179    1.6720  -25.6617
eta,q 0.97669 11.43695
  0.0240  0.0238  0.0236  0.0241  0.0239  0.0240  0.0239  0.0242  0.0237  0.0241  0.0236  0.0236
  0.0236  0.0235  0.0234  0.0237  0.0236  0.0236  0.0236  0.0237  0.0235  0.0237  0.0234  0.0234
  0.0234  0.0234  0.0233  0.0235  0.0234  0.0234  0.0234  0.0234  0.0233  0.0234  0.0233  0.0233
  0.0233  0.0233  0.0233  0.0233  0.0233  0.0233  0.0233  0.0233  0.0233  0.0233  0.0233  0.0233
  0.0234  0.0234  0.0233  0.0234  0.0234  0.0234  0.0234  0.0234  0.0234  0.0234  0.0233  0.0233
  0.0236  0.0235  0.0234  0.0236  0.0235  0.0236  0.0236  0.0237  0.0235  0.0237  0.0234  0.0234
  0.0240  0.0238  0.0236  0.0241  0.0239  0.0240  0.0239  0.0242  0.0237  0.0241  0.0236  0.0236
niter,ni,del,rscale     1    3    5.0000    0.4000
parameters
   -4.0777   -5.8306   13.7455   -7.1725  -15.0920   -2.5516
    3.7578   -2.5448   -2.0374   13.4387    1.6519  -25.6838
eta,q 0.97670 11.44169
  0.0237  0.0236  0.0235  0.0239  0.0237  0.0238  0.0237  0.0239  0.0236  0.0238  0.0235  0.0235
  0.0235  0.0234  0.0234  0.0236  0.0235  0.0235  0.0235  0.0236  0.0234  0.0235  0.0234  0.0234
  0.0234  0.0233  0.0233  0.0234  0.0234  0.0234  0.0233  0.0234  0.0233  0.0234  0.0233  0.0233
  0.0233  0.0233  0.0233  0.0233  0.0233  0.0233  0.0233  0.0233  0.0233  0.0233  0.0233  0.0233
  0.0234  0.0233  0.0233  0.0233  0.0233  0.0233  0.0233  0.0234  0.0233  0.0234  0.0233  0.0233
  0.0235  0.0234  0.0234  0.0235  0.0235  0.0235  0.0235  0.0236  0.0234  0.0235  0.0234  0.0234
  0.0238  0.0236  0.0235  0.0238  0.0237  0.0238  0.0237  0.0239  0.0236  0.0238  0.0235  0.0235
registration optimization eta report
parameter search radius
    0.8000    0.8000    0.8000    2.4000    2.4000    2.4000
    2.4000    2.4000    2.4000    2.4000    2.4000    2.4000
100000*second partial in parameter space
       69.       44.       30.       10.        6.        8.
        6.       10.        4.        9.        3.        3.
  0.0237  0.0236  0.0235  0.0239  0.0237  0.0238  0.0237  0.0239  0.0236  0.0238  0.0235  0.0235
  0.0235  0.0234  0.0234  0.0236  0.0235  0.0235  0.0235  0.0236  0.0234  0.0235  0.0234  0.0234
  0.0234  0.0233  0.0233  0.0234  0.0234  0.0234  0.0233  0.0234  0.0233  0.0234  0.0233  0.0233
  0.0233  0.0233  0.0233  0.0233  0.0233  0.0233  0.0233  0.0233  0.0233  0.0233  0.0233  0.0233
  0.0234  0.0233  0.0233  0.0233  0.0233  0.0233  0.0233  0.0234  0.0233  0.0234  0.0233  0.0233
  0.0235  0.0234  0.0234  0.0235  0.0235  0.0235  0.0235  0.0236  0.0234  0.0235  0.0234  0.0234
  0.0238  0.0236  0.0235  0.0238  0.0237  0.0238  0.0237  0.0239  0.0236  0.0238  0.0235  0.0235
   -4.0777   -5.8306   13.7455   -7.1725  -15.0920   -2.5516
    3.7578   -2.5448   -2.0374   13.4387    1.6519  -25.6838
eta,q 0.97670 11.44169

---------------------------------------------------------------------
compute_vox2vox talsrcimg talsrcimg_to_711-2C_as_mni_average_305_t4 /opt/freesurfer/average/711-2C_as_mni_average_305
---------------------------------------------------------------------

freesurfer compute_vox2vox.c
Reading: talsrcimg.4dfp.ifh
Reading: talsrcimg_to_711-2C_as_mni_average_305_t4
Reading: /opt/freesurfer/average/711-2C_as_mni_average_305.4dfp.ifh
Writing: talsrcimg_to_711-2C_as_mni_average_305_t4_vox2vox.txt

start time Thu Mar 12 15:48:23 CET 2026
end		time Thu Mar 12 15:48:37 CET 2026

mpr2mni305 success

avi2talxfm orig_nu.mgz /opt/freesurfer/average/mni305.cor.mgz talsrcimg_to_711-2C_as_mni_average_305_t4_vox2vox.txt transforms/talairach.auto.xfm
avi2talxfm done
mv -f /out/sourcedata/freesurfer/sub-v1s20x0050331_ses-1/mri/talsrcimg_to_711-2C_as_mni_average_305_t4_vox2vox.txt /out/sourcedata/freesurfer/sub-v1s20x0050331_ses-1/mri/transforms/talsrcimg_to_711-2C_as_mni_average_305_t4_vox2vox.txt
lta_convert --src orig_nu.mgz --trg /opt/freesurfer/average/mni305.cor.mgz --inxfm transforms/talairach.auto.xfm --outlta transforms/talairach.auto.xfm.lta --subject fsaverage
7.3.2

--src: orig_nu.mgz src image (geometry).
--trg: /opt/freesurfer/average/mni305.cor.mgz trg image (geometry).
--inmni: transforms/talairach.auto.xfm input MNI/XFM transform.
--outlta: transforms/talairach.auto.xfm.lta output LTA.
--s: fsaverage subject name
 LTA read, type : 1
 1.07585   0.03327  -0.03755   3.20705;
-0.01098   0.98475   0.29836  -12.55960;
 0.02755  -0.15506   1.12962   7.94905;
 0.00000   0.00000   0.00000   1.00000;
setting subject to fsaverage
Writing  LTA to file transforms/talairach.auto.xfm.lta...
lta_convert successful.
 
 
Started at Thu Mar 12 15:48:22 CET 2026
Ended   at Thu Mar 12 15:48:37 CET 2026
talairach_avi done
