status file for recon-all
Thu Mar 12 20:37:57 CET 2026
#@# Tessellate rh Thu Mar 12 20:37:57 CET 2026
#@# Smooth1 rh Thu Mar 12 20:38:01 CET 2026
#@# Inflation1 rh Thu Mar 12 20:38:05 CET 2026
#@# QSphere rh Thu Mar 12 20:38:19 CET 2026
#@# Fix Topology rh Thu Mar 12 20:39:28 CET 2026
#@# Smooth2 rh Thu Mar 12 20:47:51 CET 2026
#@# Inflation2 rh Thu Mar 12 20:47:54 CET 2026
#@# Curv .H and .K rh Thu Mar 12 20:48:10 CET 2026
#@# Sphere rh Thu Mar 12 20:49:02 CET 2026
#@# Surf Reg rh Thu Mar 12 20:53:25 CET 2026
#@# Jacobian white rh Thu Mar 12 20:58:05 CET 2026
#@# AvgCurv rh Thu Mar 12 20:58:06 CET 2026
#@# Cortical Parc rh Thu Mar 12 20:58:07 CET 2026
#@# white curv rh Thu Mar 12 21:04:49 CET 2026
#@# white area rh Thu Mar 12 21:04:51 CET 2026
#@# pial curv rh Thu Mar 12 21:04:51 CET 2026
#@# pial area rh Thu Mar 12 21:04:53 CET 2026
#@# thickness rh Thu Mar 12 21:04:54 CET 2026
#@# area and vertex vol rh Thu Mar 12 21:05:27 CET 2026
#@# Curvature Stats rh Thu Mar 12 21:05:29 CET 2026
#@# Cortical Parc 2 rh Thu Mar 12 21:05:32 CET 2026
#@# Cortical Parc 3 rh Thu Mar 12 21:05:46 CET 2026
#@# WM/GM Contrast rh Thu Mar 12 21:05:56 CET 2026
recon-all -s sub-v1s20x0050352_ses-1 finished without error at Thu Mar 12 21:06:00 CET 2026



#New# invocation of recon-all 



status file for recon-all
Thu Mar 12 21:13:47 CET 2026
#@# white curv rh Thu Mar 12 21:13:47 CET 2026
#@# white area rh Thu Mar 12 21:13:47 CET 2026
#@# pial curv rh Thu Mar 12 21:13:47 CET 2026
#@# pial area rh Thu Mar 12 21:13:47 CET 2026
#@# thickness rh Thu Mar 12 21:13:47 CET 2026
#@# area and vertex vol rh Thu Mar 12 21:13:47 CET 2026
#@# Parcellation Stats rh Thu Mar 12 21:13:47 CET 2026
#@# Parcellation Stats 2 rh Thu Mar 12 21:14:09 CET 2026
#@# Parcellation Stats 3 rh Thu Mar 12 21:14:20 CET 2026
#@# BA_exvivo Labels rh Thu Mar 12 21:14:31 CET 2026
recon-all -s sub-v1s20x0050352_ses-1 finished without error at Thu Mar 12 21:17:17 CET 2026
