status file for recon-all
Thu Mar 12 16:20:23 CET 2026
#@# Tessellate lh Thu Mar 12 16:20:23 CET 2026
#@# Smooth1 lh Thu Mar 12 16:20:25 CET 2026
#@# Inflation1 lh Thu Mar 12 16:20:28 CET 2026
#@# QSphere lh Thu Mar 12 16:20:42 CET 2026
#@# Fix Topology lh Thu Mar 12 16:21:40 CET 2026
#@# Smooth2 lh Thu Mar 12 16:28:43 CET 2026
#@# Inflation2 lh Thu Mar 12 16:28:45 CET 2026
#@# Curv .H and .K lh Thu Mar 12 16:28:58 CET 2026
#@# Sphere lh Thu Mar 12 16:29:34 CET 2026
#@# Surf Reg lh Thu Mar 12 16:35:40 CET 2026
#@# Jacobian white lh Thu Mar 12 16:41:55 CET 2026
#@# AvgCurv lh Thu Mar 12 16:41:56 CET 2026
#@# Cortical Parc lh Thu Mar 12 16:41:56 CET 2026
#@# white curv lh Thu Mar 12 16:49:01 CET 2026
#@# white area lh Thu Mar 12 16:49:02 CET 2026
#@# pial curv lh Thu Mar 12 16:49:03 CET 2026
#@# pial area lh Thu Mar 12 16:49:04 CET 2026
#@# thickness lh Thu Mar 12 16:49:05 CET 2026
#@# area and vertex vol lh Thu Mar 12 16:49:24 CET 2026
#@# Curvature Stats lh Thu Mar 12 16:49:25 CET 2026
#@# Cortical Parc 2 lh Thu Mar 12 16:49:27 CET 2026
#@# Cortical Parc 3 lh Thu Mar 12 16:49:36 CET 2026
#@# WM/GM Contrast lh Thu Mar 12 16:49:44 CET 2026
recon-all -s sub-v1s20x0050285_ses-1 finished without error at Thu Mar 12 16:49:46 CET 2026



#New# invocation of recon-all 



status file for recon-all
Thu Mar 12 17:12:59 CET 2026
#@# white curv lh Thu Mar 12 17:12:59 CET 2026
#@# white area lh Thu Mar 12 17:12:59 CET 2026
#@# pial curv lh Thu Mar 12 17:12:59 CET 2026
#@# pial area lh Thu Mar 12 17:12:59 CET 2026
#@# thickness lh Thu Mar 12 17:12:59 CET 2026
#@# area and vertex vol lh Thu Mar 12 17:12:59 CET 2026
#@# Parcellation Stats lh Thu Mar 12 17:12:59 CET 2026
#@# Parcellation Stats 2 lh Thu Mar 12 17:13:13 CET 2026
#@# Parcellation Stats 3 lh Thu Mar 12 17:13:20 CET 2026
#@# BA_exvivo Labels lh Thu Mar 12 17:13:27 CET 2026
recon-all -s sub-v1s20x0050285_ses-1 finished without error at Thu Mar 12 17:15:29 CET 2026
