status file for recon-all
Thu Mar 12 16:49:49 CET 2026
#@# Tessellate rh Thu Mar 12 16:49:49 CET 2026
#@# Smooth1 rh Thu Mar 12 16:49:52 CET 2026
#@# Inflation1 rh Thu Mar 12 16:49:54 CET 2026
#@# QSphere rh Thu Mar 12 16:50:06 CET 2026
#@# Fix Topology rh Thu Mar 12 16:51:02 CET 2026
#@# Smooth2 rh Thu Mar 12 16:56:03 CET 2026
#@# Inflation2 rh Thu Mar 12 16:56:05 CET 2026
#@# Curv .H and .K rh Thu Mar 12 16:56:18 CET 2026
#@# Sphere rh Thu Mar 12 16:56:55 CET 2026
#@# Surf Reg rh Thu Mar 12 17:00:05 CET 2026
#@# Jacobian white rh Thu Mar 12 17:03:25 CET 2026
#@# AvgCurv rh Thu Mar 12 17:03:25 CET 2026
#@# Cortical Parc rh Thu Mar 12 17:03:26 CET 2026
#@# white curv rh Thu Mar 12 17:08:48 CET 2026
#@# white area rh Thu Mar 12 17:08:49 CET 2026
#@# pial curv rh Thu Mar 12 17:08:50 CET 2026
#@# pial area rh Thu Mar 12 17:08:51 CET 2026
#@# thickness rh Thu Mar 12 17:08:52 CET 2026
#@# area and vertex vol rh Thu Mar 12 17:09:10 CET 2026
#@# Curvature Stats rh Thu Mar 12 17:09:11 CET 2026
#@# Cortical Parc 2 rh Thu Mar 12 17:09:13 CET 2026
#@# Cortical Parc 3 rh Thu Mar 12 17:09:22 CET 2026
#@# WM/GM Contrast rh Thu Mar 12 17:09:29 CET 2026
recon-all -s sub-v1s20x0050285_ses-1 finished without error at Thu Mar 12 17:09:31 CET 2026



#New# invocation of recon-all 



status file for recon-all
Thu Mar 12 17:15:31 CET 2026
#@# white curv rh Thu Mar 12 17:15:31 CET 2026
#@# white area rh Thu Mar 12 17:15:31 CET 2026
#@# pial curv rh Thu Mar 12 17:15:31 CET 2026
#@# pial area rh Thu Mar 12 17:15:31 CET 2026
#@# thickness rh Thu Mar 12 17:15:31 CET 2026
#@# area and vertex vol rh Thu Mar 12 17:15:31 CET 2026
#@# Parcellation Stats rh Thu Mar 12 17:15:31 CET 2026
#@# Parcellation Stats 2 rh Thu Mar 12 17:15:46 CET 2026
#@# Parcellation Stats 3 rh Thu Mar 12 17:15:54 CET 2026
#@# BA_exvivo Labels rh Thu Mar 12 17:16:01 CET 2026
recon-all -s sub-v1s20x0050285_ses-1 finished without error at Thu Mar 12 17:18:11 CET 2026
