status file for recon-all
Thu Mar 12 20:51:47 CET 2026
#@# Tessellate rh Thu Mar 12 20:51:47 CET 2026
#@# Smooth1 rh Thu Mar 12 20:51:51 CET 2026
#@# Inflation1 rh Thu Mar 12 20:51:54 CET 2026
#@# QSphere rh Thu Mar 12 20:52:07 CET 2026
#@# Fix Topology rh Thu Mar 12 20:53:23 CET 2026
#@# Smooth2 rh Thu Mar 12 20:59:51 CET 2026
#@# Inflation2 rh Thu Mar 12 20:59:54 CET 2026
#@# Curv .H and .K rh Thu Mar 12 21:00:08 CET 2026
#@# Sphere rh Thu Mar 12 21:00:52 CET 2026
#@# Surf Reg rh Thu Mar 12 21:07:16 CET 2026
#@# Jacobian white rh Thu Mar 12 21:13:59 CET 2026
#@# AvgCurv rh Thu Mar 12 21:14:00 CET 2026
#@# Cortical Parc rh Thu Mar 12 21:14:01 CET 2026
#@# white curv rh Thu Mar 12 21:20:30 CET 2026
#@# white area rh Thu Mar 12 21:20:31 CET 2026
#@# pial curv rh Thu Mar 12 21:20:32 CET 2026
#@# pial area rh Thu Mar 12 21:20:34 CET 2026
#@# thickness rh Thu Mar 12 21:20:34 CET 2026
#@# area and vertex vol rh Thu Mar 12 21:21:02 CET 2026
#@# Curvature Stats rh Thu Mar 12 21:21:03 CET 2026
#@# Cortical Parc 2 rh Thu Mar 12 21:21:05 CET 2026
#@# Cortical Parc 3 rh Thu Mar 12 21:21:19 CET 2026
#@# WM/GM Contrast rh Thu Mar 12 21:21:30 CET 2026
recon-all -s sub-v1s20x0050360_ses-1 finished without error at Thu Mar 12 21:21:34 CET 2026



#New# invocation of recon-all 



status file for recon-all
Thu Mar 12 21:29:52 CET 2026
#@# white curv rh Thu Mar 12 21:29:52 CET 2026
#@# white area rh Thu Mar 12 21:29:52 CET 2026
#@# pial curv rh Thu Mar 12 21:29:52 CET 2026
#@# pial area rh Thu Mar 12 21:29:52 CET 2026
#@# thickness rh Thu Mar 12 21:29:52 CET 2026
#@# area and vertex vol rh Thu Mar 12 21:29:52 CET 2026
#@# Parcellation Stats rh Thu Mar 12 21:29:52 CET 2026
#@# Parcellation Stats 2 rh Thu Mar 12 21:30:09 CET 2026
#@# Parcellation Stats 3 rh Thu Mar 12 21:30:18 CET 2026
#@# BA_exvivo Labels rh Thu Mar 12 21:30:26 CET 2026
recon-all -s sub-v1s20x0050360_ses-1 finished without error at Thu Mar 12 21:33:01 CET 2026
