status file for recon-all
Thu Mar 12 21:25:14 CET 2026
#@# Tessellate rh Thu Mar 12 21:25:14 CET 2026
#@# Smooth1 rh Thu Mar 12 21:25:18 CET 2026
#@# Inflation1 rh Thu Mar 12 21:25:21 CET 2026
#@# QSphere rh Thu Mar 12 21:25:37 CET 2026
#@# Fix Topology rh Thu Mar 12 21:26:57 CET 2026
#@# Smooth2 rh Thu Mar 12 21:34:49 CET 2026
#@# Inflation2 rh Thu Mar 12 21:34:52 CET 2026
#@# Curv .H and .K rh Thu Mar 12 21:35:07 CET 2026
#@# Sphere rh Thu Mar 12 21:35:54 CET 2026
#@# Surf Reg rh Thu Mar 12 21:39:26 CET 2026
#@# Jacobian white rh Thu Mar 12 21:44:17 CET 2026
#@# AvgCurv rh Thu Mar 12 21:44:19 CET 2026
#@# Cortical Parc rh Thu Mar 12 21:44:19 CET 2026
#@# white curv rh Thu Mar 12 21:51:24 CET 2026
#@# white area rh Thu Mar 12 21:51:26 CET 2026
#@# pial curv rh Thu Mar 12 21:51:27 CET 2026
#@# pial area rh Thu Mar 12 21:51:29 CET 2026
#@# thickness rh Thu Mar 12 21:51:30 CET 2026
#@# area and vertex vol rh Thu Mar 12 21:52:00 CET 2026
#@# Curvature Stats rh Thu Mar 12 21:52:02 CET 2026
#@# Cortical Parc 2 rh Thu Mar 12 21:52:05 CET 2026
#@# Cortical Parc 3 rh Thu Mar 12 21:52:19 CET 2026
#@# WM/GM Contrast rh Thu Mar 12 21:52:29 CET 2026
recon-all -s sub-v1s20x0050370_ses-1 finished without error at Thu Mar 12 21:52:33 CET 2026



#New# invocation of recon-all 



status file for recon-all
Thu Mar 12 21:59:50 CET 2026
#@# white curv rh Thu Mar 12 21:59:50 CET 2026
#@# white area rh Thu Mar 12 21:59:50 CET 2026
#@# pial curv rh Thu Mar 12 21:59:50 CET 2026
#@# pial area rh Thu Mar 12 21:59:50 CET 2026
#@# thickness rh Thu Mar 12 21:59:50 CET 2026
#@# area and vertex vol rh Thu Mar 12 21:59:50 CET 2026
#@# Parcellation Stats rh Thu Mar 12 21:59:50 CET 2026
#@# Parcellation Stats 2 rh Thu Mar 12 22:00:09 CET 2026
#@# Parcellation Stats 3 rh Thu Mar 12 22:00:20 CET 2026
#@# BA_exvivo Labels rh Thu Mar 12 22:00:30 CET 2026
recon-all -s sub-v1s20x0050370_ses-1 finished without error at Thu Mar 12 22:03:22 CET 2026
