status file for recon-all
Thu Mar 12 20:55:24 CET 2026
#@# Tessellate lh Thu Mar 12 20:55:24 CET 2026
#@# Smooth1 lh Thu Mar 12 20:55:28 CET 2026
#@# Inflation1 lh Thu Mar 12 20:55:31 CET 2026
#@# QSphere lh Thu Mar 12 20:55:45 CET 2026
#@# Fix Topology lh Thu Mar 12 20:57:07 CET 2026
#@# Smooth2 lh Thu Mar 12 21:06:37 CET 2026
#@# Inflation2 lh Thu Mar 12 21:06:40 CET 2026
#@# Curv .H and .K lh Thu Mar 12 21:06:55 CET 2026
#@# Sphere lh Thu Mar 12 21:07:43 CET 2026
#@# Surf Reg lh Thu Mar 12 21:11:48 CET 2026
#@# Jacobian white lh Thu Mar 12 21:17:33 CET 2026
#@# AvgCurv lh Thu Mar 12 21:17:34 CET 2026
#@# Cortical Parc lh Thu Mar 12 21:17:35 CET 2026
#@# white curv lh Thu Mar 12 21:24:04 CET 2026
#@# white area lh Thu Mar 12 21:24:06 CET 2026
#@# pial curv lh Thu Mar 12 21:24:07 CET 2026
#@# pial area lh Thu Mar 12 21:24:09 CET 2026
#@# thickness lh Thu Mar 12 21:24:10 CET 2026
#@# area and vertex vol lh Thu Mar 12 21:24:40 CET 2026
#@# Curvature Stats lh Thu Mar 12 21:24:42 CET 2026
#@# Cortical Parc 2 lh Thu Mar 12 21:24:45 CET 2026
#@# Cortical Parc 3 lh Thu Mar 12 21:24:58 CET 2026
#@# WM/GM Contrast lh Thu Mar 12 21:25:07 CET 2026
recon-all -s sub-v1s20x0050370_ses-1 finished without error at Thu Mar 12 21:25:11 CET 2026



#New# invocation of recon-all 



status file for recon-all
Thu Mar 12 21:56:18 CET 2026
#@# white curv lh Thu Mar 12 21:56:18 CET 2026
#@# white area lh Thu Mar 12 21:56:18 CET 2026
#@# pial curv lh Thu Mar 12 21:56:18 CET 2026
#@# pial area lh Thu Mar 12 21:56:18 CET 2026
#@# thickness lh Thu Mar 12 21:56:18 CET 2026
#@# area and vertex vol lh Thu Mar 12 21:56:18 CET 2026
#@# Parcellation Stats lh Thu Mar 12 21:56:18 CET 2026
#@# Parcellation Stats 2 lh Thu Mar 12 21:56:37 CET 2026
#@# Parcellation Stats 3 lh Thu Mar 12 21:56:47 CET 2026
#@# BA_exvivo Labels lh Thu Mar 12 21:56:56 CET 2026
recon-all -s sub-v1s20x0050370_ses-1 finished without error at Thu Mar 12 21:59:47 CET 2026
