/out/sourcedata/freesurfer/sub-v1s20x0050372_ses-1/mri
/opt/freesurfer/bin/talairach_avi
--i orig_nu.mgz --xfm transforms/talairach.auto.xfm
talairach_avi 7.3.2
Linux dna085 5.14.0-427.37.1.el9_4.x86_64 #1 SMP PREEMPT_DYNAMIC Fri Sep 13 12:41:50 EDT 2024 x86_64 x86_64 x86_64 GNU/Linux
Thu Mar 12 15:52:35 CET 2026
mri_convert orig_nu.mgz talsrcimg.img 
reading from orig_nu.mgz...
TR=0.00, TE=0.00, TI=0.00, flip angle=0.00
i_ras = (-1, 0, 0)
j_ras = (0, 0, -1)
k_ras = (0, 1, 0)
writing to talsrcimg.img...
Analyze Output Matrix
-1.00000   0.00000   0.00000   129.50781;
 0.00000   0.00000   1.00000  -128.49219;
 0.00000  -1.00000   0.00000   129.60004;
 0.00000   0.00000   0.00000   1.00000;
--------------------
INFO: set hdr.hist.orient to -1
mpr2mni305 talsrcimg
Thu Mar 12 15:52:36 CET 2026
/opt/freesurfer/bin/mpr2mni305 talsrcimg
mpr2mni305 7.3.2
target=711-2C_as_mni_average_305

---------------------------------------------------------------------
analyzeto4dfp talsrcimg -O0 -y
---------------------------------------------------------------------

freesurfer ifh2hdr.c
Thu Mar 12 15:52:36 2026
Writing: talsrcimg.4dfp.hdr
freesurfer analyzeto4dfp.c
Reading: talsrcimg.hdr
header size 348 bytes
hdr.dime.datatype	offset=70	value=2
hdr.dime.bitpix		offset=72	value=8
hdr.hist.orient		offset=252	value=-1
dimensionality     4
dimensions       256       256       256         1
Reading: talsrcimg.img
Writing: talsrcimg.4dfp.img
Writing: talsrcimg.4dfp.ifh
ifh2hdr talsrcimg -r0to255
ori=2

---------------------------------------------------------------------
gauss_4dfp talsrcimg 1.1
---------------------------------------------------------------------

freesurfer gauss_4dfp.c
Reading: talsrcimg.4dfp.img
Writing: talsrcimg_g11.4dfp.img
image dimensions 256 256 256 padded to 288 288 288
processing volume 1freesurfer ifh2hdr.c
Thu Mar 12 15:52:37 2026
Writing: talsrcimg_g11.4dfp.hdr

Writing: talsrcimg_g11.4dfp.ifh
including: talsrcimg.4dfp.img.rec in talsrcimg_g11.4dfp.img.rec

---------------------------------------------------------------------
imgreg_4dfp /opt/freesurfer/average/711-2C_as_mni_average_305 none talsrcimg_g11 none talsrcimg_to_711-2C_as_mni_average_305_t4 4355
---------------------------------------------------------------------

freesurfer imgreg_4dfp.c
/opt/freesurfer/average/711-2C_as_mni_average_305.4dfp.img
       256       256       256         1
  1.000000  1.000000  1.000000
orientation T byte_order littleendian
Reading image: /opt/freesurfer/average/711-2C_as_mni_average_305.4dfp.img
dimensions:      256       256       256
mmppix:       1.0000   -1.0000   -1.0000
center:     128.0000 -129.0000 -129.0000
talsrcimg_g11.4dfp.img
       256       256       256         1
  1.000000  1.000000  1.000000
orientation T byte_order littleendian
Reading image: talsrcimg_g11.4dfp.img
dimensions:      256       256       256
mmppix:       1.0000   -1.0000   -1.0000
center:     128.0000 -129.0000 -129.0000
t4_read: open error in t4_sub.f l:  41 t4_file(1:l)talsrcimg_to_711-2C_as_mni_average_305_t4 
t4_read: transform initialized to I4
rotation matrix determinant  1.000000
image alignment mode   4355 decimal     1103 hex
   -7.5000  -45.0000  -45.0000 6997.0991   17.3547
    0.0000  -45.0000  -45.0000 7325.1196   17.3904
    7.5000  -45.0000  -45.0000 7072.0767   17.4186
   -7.5000  -37.5000  -45.0000 7482.4541   17.3590
    0.0000  -37.5000  -45.0000 7830.5229   17.3846
    7.5000  -37.5000  -45.0000 7557.2700   17.4032
   -7.5000  -30.0000  -45.0000 8178.6577   17.3501
    0.0000  -30.0000  -45.0000 8566.7686   17.3651
    7.5000  -30.0000  -45.0000 8271.7832   17.3790
   -7.5000  -22.5000  -45.0000 8817.1338   17.3381
    0.0000  -22.5000  -45.0000 9261.2598   17.3527
    7.5000  -22.5000  -45.0000 8945.7178   17.3724
   -7.5000  -15.0000  -45.0000 9434.4902   17.3358
    0.0000  -15.0000  -45.0000 9919.4023   17.3598
    7.5000  -15.0000  -45.0000 9566.9375   17.3887
   -7.5000   -7.5000  -45.0000 9956.4922   17.3436
    0.0000   -7.5000  -45.000010488.5537   17.3780
    7.5000   -7.5000  -45.000010080.2012   17.4107
   -7.5000    0.0000  -45.000010457.8076   17.3547
    0.0000    0.0000  -45.000010979.8428   17.3904
    7.5000    0.0000  -45.000010579.0352   17.4186
   -7.5000    7.5000  -45.000010200.8535   17.3590
    0.0000    7.5000  -45.000010698.4092   17.3846
    7.5000    7.5000  -45.000010300.7314   17.4032
   -7.5000   15.0000  -45.0000 9865.5576   17.3501
    0.0000   15.0000  -45.000010351.0049   17.3651
    7.5000   15.0000  -45.0000 9939.7227   17.3790
   -7.5000   22.5000  -45.0000 9336.8428   17.3357
    0.0000   22.5000  -45.0000 9772.0742   17.3503
    7.5000   22.5000  -45.0000 9380.0479   17.3700
   -7.5000   30.0000  -45.0000 8679.7676   17.1048
    0.0000   30.0000  -45.0000 9080.4189   17.1285
    7.5000   30.0000  -45.0000 8699.7500   17.1570
   -7.5000   37.5000  -45.0000 8315.0625   17.1125
    0.0000   37.5000  -45.0000 8691.2676   17.1464
    7.5000   37.5000  -45.0000 8324.6826   17.1787
   -7.5000   45.0000  -45.0000 7604.8691   16.6886
    0.0000   45.0000  -45.0000 7924.9775   16.7229
    7.5000   45.0000  -45.0000 7572.0327   16.7500
   -7.5000  -45.0000  -37.5000 7487.3833   17.1612
    0.0000  -45.0000  -37.5000 7859.9658   17.1974
    7.5000  -45.0000  -37.5000 7588.4512   17.2196
   -7.5000  -37.5000  -37.5000 7983.0308   17.1627
    0.0000  -37.5000  -37.5000 8385.6094   17.1881
    7.5000  -37.5000  -37.5000 8078.6167   17.2015
   -7.5000  -30.0000  -37.5000 8725.4863   17.1448
    0.0000  -30.0000  -37.5000 9179.7793   17.1574
    7.5000  -30.0000  -37.5000 8822.2178   17.1644
   -7.5000  -22.5000  -37.5000 9374.6035   17.1264
    0.0000  -22.5000  -37.5000 9886.3369   17.1372
    7.5000  -22.5000  -37.5000 9508.4600   17.1472
   -7.5000  -15.0000  -37.5000 9993.4414   17.1257
    0.0000  -15.0000  -37.500010562.2793   17.1461
    7.5000  -15.0000  -37.500010150.0234   17.1639
   -7.5000   -7.5000  -37.500010556.2607   17.1425
    0.0000   -7.5000  -37.500011164.8799   17.1756
    7.5000   -7.5000  -37.500010734.2607   17.1990
   -7.5000    0.0000  -37.500011098.8223   17.1612
    0.0000    0.0000  -37.500011687.5156   17.1974
    7.5000    0.0000  -37.500011259.4365   17.2196
   -7.5000    7.5000  -37.500010793.2119   17.1627
    0.0000    7.5000  -37.500011354.0762   17.1881
    7.5000    7.5000  -37.500010919.4961   17.2015
   -7.5000   15.0000  -37.500010441.1592   17.1448
    0.0000   15.0000  -37.500010985.8057   17.1574
    7.5000   15.0000  -37.500010515.2725   17.1644
   -7.5000   22.5000  -37.5000 9864.4473   17.1241
    0.0000   22.5000  -37.500010369.0146   17.1348
    7.5000   22.5000  -37.5000 9910.5986   17.1449
   -7.5000   30.0000  -37.5000 9153.0654   16.8974
    0.0000   30.0000  -37.5000 9611.0850   16.9176
    7.5000   30.0000  -37.5000 9165.4395   16.9352
   -7.5000   37.5000  -37.5000 8753.6855   16.9141
    0.0000   37.5000  -37.5000 9188.6748   16.9467
    7.5000   37.5000  -37.5000 8760.4570   16.9699
   -7.5000   45.0000  -37.5000 7960.0527   16.5025
    0.0000   45.0000  -37.5000 8323.6094   16.5373
    7.5000   45.0000  -37.5000 7939.9551   16.5587
   -7.5000  -45.0000  -30.0000 8156.7837   17.7135
    0.0000  -45.0000  -30.0000 8580.3340   17.7609
    7.5000  -45.0000  -30.0000 8267.0068   17.7823
   -7.5000  -37.5000  -30.0000 8699.5967   17.7174
    0.0000  -37.5000  -30.0000 9151.2812   17.7555
    7.5000  -37.5000  -30.0000 8800.4658   17.7696
   -7.5000  -30.0000  -30.0000 9481.0400   17.6917
    0.0000  -30.0000  -30.0000 9996.4639   17.7207
    7.5000  -30.0000  -30.0000 9595.4482   17.7284
   -7.5000  -22.5000  -30.000010194.7080   17.6631
    0.0000  -22.5000  -30.000010730.8506   17.6922
    7.5000  -22.5000  -30.000010343.9707   17.7014
   -7.5000  -15.0000  -30.000010818.8359   17.6583
    0.0000  -15.0000  -30.000011444.4844   17.6959
    7.5000  -15.0000  -30.000010995.8779   17.7112
   -7.5000   -7.5000  -30.000011391.6055   17.6830
    0.0000   -7.5000  -30.000012076.4150   17.7297
    7.5000   -7.5000  -30.000011609.4375   17.7509
   -7.5000    0.0000  -30.000011942.4404   17.7135
    0.0000    0.0000  -30.000012635.4541   17.7609
    7.5000    0.0000  -30.000012157.7100   17.7823
   -7.5000    7.5000  -30.000011634.2734   17.7174
    0.0000    7.5000  -30.000012288.2783   17.7555
    7.5000    7.5000  -30.000011795.3662   17.7696
   -7.5000   15.0000  -30.000011215.1426   17.6917
    0.0000   15.0000  -30.000011840.3398   17.7207
    7.5000   15.0000  -30.000011332.5684   17.7284
   -7.5000   22.5000  -30.000010547.9951   17.6589
    0.0000   22.5000  -30.000011125.0166   17.6880
    7.5000   22.5000  -30.000010644.9092   17.6972
   -7.5000   30.0000  -30.0000 9769.4854   17.4247
    0.0000   30.0000  -30.000010293.1641   17.4617
    7.5000   30.0000  -30.0000 9832.4121   17.4769
   -7.5000   37.5000  -30.0000 9325.3652   17.4490
    0.0000   37.5000  -30.0000 9803.3604   17.4951
    7.5000   37.5000  -30.0000 9353.4961   17.5160
   -7.5000   45.0000  -30.0000 8451.5215   17.0462
    0.0000   45.0000  -30.0000 8864.0205   17.0917
    7.5000   45.0000  -30.0000 8464.0400   17.1124
   -7.5000  -45.0000  -22.5000 8912.1055   18.2236
    0.0000  -45.0000  -22.5000 9369.3848   18.2797
    7.5000  -45.0000  -22.5000 9017.6572   18.3066
   -7.5000  -37.5000  -22.5000 9499.7725   18.2345
    0.0000  -37.5000  -22.500010004.6953   18.2838
    7.5000  -37.5000  -22.5000 9611.3984   18.3037
   -7.5000  -30.0000  -22.500010339.7559   18.2127
    0.0000  -30.0000  -22.500010907.7012   18.2594
    7.5000  -30.0000  -22.500010470.0459   18.2751
   -7.5000  -22.5000  -22.500011117.6533   18.1812
    0.0000  -22.5000  -22.500011718.1875   18.2318
    7.5000  -22.5000  -22.500011278.0234   18.2508
   -7.5000  -15.0000  -22.500011744.7070   18.1694
    0.0000  -15.0000  -22.500012433.1328   18.2268
    7.5000  -15.0000  -22.500011933.8281   18.2523
   -7.5000   -7.5000  -22.500012324.9414   18.1900
    0.0000   -7.5000  -22.500013058.1943   18.2503
    7.5000   -7.5000  -22.500012558.1895   18.2795
   -7.5000    0.0000  -22.500012878.6650   18.2236
    0.0000    0.0000  -22.500013636.1406   18.2797
    7.5000    0.0000  -22.500013123.2832   18.3066
   -7.5000    7.5000  -22.500012543.3096   18.2345
    0.0000    7.5000  -22.500013295.5430   18.2838
    7.5000    7.5000  -22.500012749.8232   18.3037
   -7.5000   15.0000  -22.500012064.3604   18.2127
    0.0000   15.0000  -22.500012773.2734   18.2594
    7.5000   15.0000  -22.500012245.4932   18.2751
   -7.5000   22.5000  -22.500011313.6943   18.1756
    0.0000   22.5000  -22.500011958.6094   18.2262
    7.5000   22.5000  -22.500011464.2275   18.2452
   -7.5000   30.0000  -22.500010448.7783   17.9318
    0.0000   30.0000  -22.500011015.7627   17.9884
    7.5000   30.0000  -22.500010554.6699   18.0136
   -7.5000   37.5000  -22.5000 9908.6309   17.9521
    0.0000   37.5000  -22.500010444.4463   18.0115
    7.5000   37.5000  -22.5000 9980.1904   18.0404
   -7.5000   45.0000  -22.5000 8978.5820   17.5502
    0.0000   45.0000  -22.5000 9445.1211   17.6042
    7.5000   45.0000  -22.5000 9004.1582   17.6302
   -7.5000  -45.0000  -15.0000 9676.8408   18.5884
    0.0000  -45.0000  -15.000010196.1777   18.6434
    7.5000  -45.0000  -15.0000 9810.9482   18.6774
   -7.5000  -37.5000  -15.000010311.0166   18.6032
    0.0000  -37.5000  -15.000010894.9590   18.6518
    7.5000  -37.5000  -15.000010457.3535   18.6780
   -7.5000  -30.0000  -15.000011206.0879   18.5909
    0.0000  -30.0000  -15.000011869.4307   18.6397
    7.5000  -30.0000  -15.000011371.8105   18.6637
   -7.5000  -22.5000  -15.000012032.0752   18.5656
    0.0000  -22.5000  -15.000012734.5410   18.6205
    7.5000  -22.5000  -15.000012228.0967   18.6506
   -7.5000  -15.0000  -15.000012668.7822   18.5512
    0.0000  -15.0000  -15.000013455.7080   18.6131
    7.5000  -15.0000  -15.000012904.1221   18.6512
   -7.5000   -7.5000  -15.000013268.4014   18.5619
    0.0000   -7.5000  -15.000014078.7275   18.6239
    7.5000   -7.5000  -15.000013570.4160   18.6636
   -7.5000    0.0000  -15.000013842.5830   18.5884
    0.0000    0.0000  -15.000014707.3770   18.6434
    7.5000    0.0000  -15.000014187.5225   18.6774
   -7.5000    7.5000  -15.000013448.7871   18.6032
    0.0000    7.5000  -15.000014308.9443   18.6518
    7.5000    7.5000  -15.000013768.7959   18.6780
   -7.5000   15.0000  -15.000012909.2852   18.5909
    0.0000   15.0000  -15.000013705.8105   18.6397
    7.5000   15.0000  -15.000013195.4492   18.6637
   -7.5000   22.5000  -15.000012102.9648   18.5590
    0.0000   22.5000  -15.000012811.0879   18.6139
    7.5000   22.5000  -15.000012343.3652   18.6440
   -7.5000   30.0000  -15.000011138.9785   18.3111
    0.0000   30.0000  -15.000011785.2539   18.3722
    7.5000   30.0000  -15.000011320.8301   18.4099
   -7.5000   37.5000  -15.000010522.9971   18.3216
    0.0000   37.5000  -15.000011128.9590   18.3829
    7.5000   37.5000  -15.000010638.5654   18.4221
   -7.5000   45.0000  -15.0000 9495.1426   17.9123
    0.0000   45.0000  -15.000010031.1631   17.9654
    7.5000   45.0000  -15.0000 9572.6533   17.9981
   -7.5000  -45.0000   -7.500010489.3428   18.7751
    0.0000  -45.0000   -7.500011099.4863   18.8192
    7.5000  -45.0000   -7.500010690.9004   18.8537
   -7.5000  -37.5000   -7.500011161.6992   18.7846
    0.0000  -37.5000   -7.500011849.2998   18.8206
    7.5000  -37.5000   -7.500011402.7988   18.8461
   -7.5000  -30.0000   -7.500012128.2617   18.7774
    0.0000  -30.0000   -7.500012895.1367   18.8086
    7.5000  -30.0000   -7.500012367.4443   18.8319
   -7.5000  -22.5000   -7.500012977.5146   18.7624
    0.0000  -22.5000   -7.500013838.8994   18.7970
    7.5000  -22.5000   -7.500013260.0957   18.8280
   -7.5000  -15.0000   -7.500013653.0654   18.7549
    0.0000  -15.0000   -7.500014565.4404   18.7977
    7.5000  -15.0000   -7.500014002.5771   18.8379
   -7.5000   -7.5000   -7.500014307.0742   18.7603
    0.0000   -7.5000   -7.500015231.4355   18.8079
    7.5000   -7.5000   -7.500014745.6396   18.8495
   -7.5000    0.0000   -7.500014916.8047   18.7751
    0.0000    0.0000   -7.500015915.4639   18.8192
    7.5000    0.0000   -7.500015383.3047   18.8537
   -7.5000    7.5000   -7.500014473.2422   18.7846
    0.0000    7.5000   -7.500015413.6182   18.8206
    7.5000    7.5000   -7.500014890.9922   18.8461
   -7.5000   15.0000   -7.500013881.0352   18.7774
    0.0000   15.0000   -7.500014731.9883   18.8086
    7.5000   15.0000   -7.500014217.4102   18.8319
   -7.5000   22.5000   -7.500012967.3955   18.7537
    0.0000   22.5000   -7.500013732.7637   18.7883
    7.5000   22.5000   -7.500013257.9795   18.8193
   -7.5000   30.0000   -7.500011933.5234   18.5116
    0.0000   30.0000   -7.500012637.5439   18.5539
    7.5000   30.0000   -7.500012178.7568   18.5936
   -7.5000   37.5000   -7.500011249.6484   18.5171
    0.0000   37.5000   -7.500011894.9170   18.5640
    7.5000   37.5000   -7.500011437.9912   18.6051
   -7.5000   45.0000   -7.500010122.0635   18.0956
    0.0000   45.0000   -7.500010690.1445   18.1381
    7.5000   45.0000   -7.500010256.8398   18.1714
   -7.5000  -45.0000    0.000011243.7363   18.8496
    0.0000  -45.0000    0.000011942.8320   18.8838
    7.5000  -45.0000    0.000011524.6924   18.9125
   -7.5000  -37.5000    0.000011986.6699   18.8511
    0.0000  -37.5000    0.000012779.1250   18.8747
    7.5000  -37.5000    0.000012309.2568   18.8936
   -7.5000  -30.0000    0.000013004.8691   18.8400
    0.0000  -30.0000    0.000013932.3311   18.8520
    7.5000  -30.0000    0.000013366.6953   18.8664
   -7.5000  -22.5000    0.000013878.6865   18.8288
    0.0000  -22.5000    0.000014920.2227   18.8399
    7.5000  -22.5000    0.000014278.6104   18.8606
   -7.5000  -15.0000    0.000014579.1680   18.8293
    0.0000  -15.0000    0.000015591.9307   18.8503
    7.5000  -15.0000    0.000015108.5547   18.8804
   -7.5000   -7.5000    0.000015286.9482   18.8390
    0.0000   -7.5000    0.000016287.5811   18.8714
    7.5000   -7.5000    0.000015898.9727   18.9051
   -7.5000    0.0000    0.000015958.8496   18.8496
    0.0000    0.0000    0.000016986.8301   18.8838
    7.5000    0.0000    0.000016556.2363   18.9125
   -7.5000    7.5000    0.000015463.8438   18.8511
    0.0000    7.5000    0.000016421.7832   18.8747
    7.5000    7.5000    0.000015965.4658   18.8936
   -7.5000   15.0000    0.000014814.6855   18.8400
    0.0000   15.0000    0.000015707.5020   18.8520
    7.5000   15.0000    0.000015227.8271   18.8664
   -7.5000   22.5000    0.000013834.8691   18.8201
    0.0000   22.5000    0.000014660.9658   18.8312
    7.5000   22.5000    0.000014232.6797   18.8519
   -7.5000   30.0000    0.000012733.1084   18.5856
    0.0000   30.0000    0.000013505.6006   18.6063
    7.5000   30.0000    0.000013070.5693   18.6361
   -7.5000   37.5000    0.000011968.1318   18.5952
    0.0000   37.5000    0.000012703.4121   18.6271
    7.5000   37.5000    0.000012262.7539   18.6604
   -7.5000   45.0000    0.000010738.3350   18.1688
    0.0000   45.0000    0.000011367.4072   18.2018
    7.5000   45.0000    0.000010942.1396   18.2294
   -7.5000  -45.0000    7.500011130.9121   18.9238
    0.0000  -45.0000    7.500011840.5322   18.9620
    7.5000  -45.0000    7.500011428.4785   18.9858
   -7.5000  -37.5000    7.500011856.8477   18.9235
    0.0000  -37.5000    7.500012680.6758   18.9501
    7.5000  -37.5000    7.500012202.9375   18.9646
   -7.5000  -30.0000    7.500012965.8633   18.9024
    0.0000  -30.0000    7.500013962.1211   18.9152
    7.5000  -30.0000    7.500013389.3740   18.9229
   -7.5000  -22.5000    7.500013819.6416   18.8828
    0.0000  -22.5000    7.500014955.9150   18.8936
    7.5000  -22.5000    7.500014385.9482   18.9046
   -7.5000  -15.0000    7.500014447.2236   18.8837
    0.0000  -15.0000    7.500015463.6367   18.9049
    7.5000  -15.0000    7.500015144.6426   18.9240
   -7.5000   -7.5000    7.500015124.4092   18.9037
    0.0000   -7.5000    7.500016055.6650   18.9384
    7.5000   -7.5000    7.500015885.7568   18.9636
   -7.5000    0.0000    7.500015757.2686   18.9238
    0.0000    0.0000    7.500016725.2695   18.9620
    7.5000    0.0000    7.500016496.6445   18.9858
   -7.5000    7.5000    7.500015307.9521   18.9235
    0.0000    7.5000    7.500016280.1064   18.9501
    7.5000    7.5000    7.500015936.6914   18.9646
   -7.5000   15.0000    7.500014648.2305   18.9024
    0.0000   15.0000    7.500015565.7627   18.9152
    7.5000   15.0000    7.500015170.6162   18.9229
   -7.5000   22.5000    7.500013729.5254   18.8741
    0.0000   22.5000    7.500014573.0303   18.8848
    7.5000   22.5000    7.500014152.9443   18.8958
   -7.5000   30.0000    7.500012662.8086   18.6393
    0.0000   30.0000    7.500013444.6455   18.6603
    7.5000   30.0000    7.500013004.4727   18.6791
   -7.5000   37.5000    7.500011900.4951   18.6590
    0.0000   37.5000    7.500012646.4307   18.6934
    7.5000   37.5000    7.500012205.0879   18.7182
   -7.5000   45.0000    7.500010627.0908   18.2404
    0.0000   45.0000    7.500011281.1855   18.2772
    7.5000   45.0000    7.500010845.7129   18.3002
   -7.5000  -45.0000   15.000010788.6504   18.9614
    0.0000  -45.0000   15.000011479.0039   19.0119
    7.5000  -45.0000   15.000011117.1064   19.0353
   -7.5000  -37.5000   15.000011537.2090   18.9654
    0.0000  -37.5000   15.000012283.2666   19.0061
    7.5000  -37.5000   15.000011857.3145   19.0217
   -7.5000  -30.0000   15.000012729.0693   18.9380
    0.0000  -30.0000   15.000013738.1865   18.9690
    7.5000  -30.0000   15.000013182.7188   18.9778
   -7.5000  -22.5000   15.000013698.2891   18.9075
    0.0000  -22.5000   15.000014954.3223   18.9387
    7.5000  -22.5000   15.000014501.5518   18.9491
   -7.5000  -15.0000   15.000014307.1670   18.9025
    0.0000  -15.0000   15.000015308.9844   18.9427
    7.5000  -15.0000   15.000015147.0283   18.9597
   -7.5000   -7.5000   15.000014936.0908   18.9288
    0.0000   -7.5000   15.000015756.5254   18.9787
    7.5000   -7.5000   15.000015715.0977   19.0019
   -7.5000    0.0000   15.000015538.7998   18.9614
    0.0000    0.0000   15.000016453.2871   19.0119
    7.5000    0.0000   15.000016234.8350   19.0353
   -7.5000    7.5000   15.000015076.0957   18.9654
    0.0000    7.5000   15.000016066.2695   19.0061
    7.5000    7.5000   15.000015654.2305   19.0217
   -7.5000   15.0000   15.000014393.0244   18.9380
    0.0000   15.0000   15.000015353.9287   18.9690
    7.5000   15.0000   15.000014874.8418   18.9778
   -7.5000   22.5000   15.000013461.2285   18.8988
    0.0000   22.5000   15.000014375.8828   18.9300
    7.5000   22.5000   15.000013863.6963   18.9404
   -7.5000   30.0000   15.000012393.0957   18.6578
    0.0000   30.0000   15.000013244.5557   18.6975
    7.5000   30.0000   15.000012701.4824   18.7143
   -7.5000   37.5000   15.000011617.7637   18.6838
    0.0000   37.5000   15.000012441.1680   18.7331
    7.5000   37.5000   15.000011922.7900   18.7560
   -7.5000   45.0000   15.000010363.8555   18.2766
    0.0000   45.0000   15.000011081.0898   18.3252
    7.5000   45.0000   15.000010596.8066   18.3478
   -7.5000  -45.0000   22.500010374.1055   18.9175
    0.0000  -45.0000   22.500011034.4062   18.9757
    7.5000  -45.0000   22.500010659.8008   19.0037
   -7.5000  -37.5000   22.500011100.5137   18.9289
    0.0000  -37.5000   22.500011788.1709   18.9800
    7.5000  -37.5000   22.500011350.3086   19.0007
   -7.5000  -30.0000   22.500012257.6348   18.9062
    0.0000  -30.0000   22.500013210.7666   18.9547
    7.5000  -30.0000   22.500012730.4033   18.9711
   -7.5000  -22.5000   22.500013322.3867   18.8736
    0.0000  -22.5000   22.500014639.0420   18.9261
    7.5000  -22.5000   22.500014058.0449   18.9458
   -7.5000  -15.0000   22.500014087.8613   18.8613
    0.0000  -15.0000   22.500015233.1055   18.9209
    7.5000  -15.0000   22.500014639.6738   18.9474
   -7.5000   -7.5000   22.500014698.5840   18.8827
    0.0000   -7.5000   22.500015667.6357   18.9452
    7.5000   -7.5000   22.500015089.5977   18.9756
   -7.5000    0.0000   22.500015216.4014   18.9175
    0.0000    0.0000   22.500016246.8340   18.9757
    7.5000    0.0000   22.500015559.0547   19.0037
   -7.5000    7.5000   22.500014688.0557   18.9289
    0.0000    7.5000   22.500015733.7783   18.9800
    7.5000    7.5000   22.500015040.2764   19.0007
   -7.5000   15.0000   22.500013948.7930   18.9062
    0.0000   15.0000   22.500014947.7998   18.9547
    7.5000   15.0000   22.500014300.6211   18.9711
   -7.5000   22.5000   22.500012983.9951   18.8649
    0.0000   22.5000   22.500013901.5391   18.9174
    7.5000   22.5000   22.500013346.2061   18.9371
   -7.5000   30.0000   22.500011942.0000   18.6172
    0.0000   30.0000   22.500012767.5586   18.6760
    7.5000   30.0000   22.500012240.7891   18.7021
   -7.5000   37.5000   22.500011252.4395   18.6383
    0.0000   37.5000   22.500011983.6699   18.7000
    7.5000   37.5000   22.500011492.4727   18.7300
   -7.5000   45.0000   22.500010030.3076   18.2343
    0.0000   45.0000   22.500010684.4336   18.2904
    7.5000   45.0000   22.500010207.8623   18.3174
   -7.5000  -45.0000   30.0000 9878.4814   18.8435
    0.0000  -45.0000   30.000010472.7139   18.8993
    7.5000  -45.0000   30.000010097.4111   18.9337
   -7.5000  -37.5000   30.000010557.4199   18.8585
    0.0000  -37.5000   30.000011219.6592   18.9078
    7.5000  -37.5000   30.000010825.9824   18.9343
   -7.5000  -30.0000   30.000011584.3291   18.8461
    0.0000  -30.0000   30.000012515.7861   18.8955
    7.5000  -30.0000   30.000012046.4043   18.9198
   -7.5000  -22.5000   30.000012609.3477   18.8203
    0.0000  -22.5000   30.000013599.3340   18.8760
    7.5000  -22.5000   30.000012921.5664   18.9066
   -7.5000  -15.0000   30.000013387.4688   18.8058
    0.0000  -15.0000   30.000014231.2109   18.8686
    7.5000  -15.0000   30.000013463.4805   18.9072
   -7.5000   -7.5000   30.000014003.4189   18.8166
    0.0000   -7.5000   30.000014877.5146   18.8795
    7.5000   -7.5000   30.000014144.2070   18.9198
   -7.5000    0.0000   30.000014494.4805   18.8435
    0.0000    0.0000   30.000015482.2812   18.8993
    7.5000    0.0000   30.000014744.7500   18.9337
   -7.5000    7.5000   30.000013980.9307   18.8585
    0.0000    7.5000   30.000014932.5303   18.9078
    7.5000    7.5000   30.000014251.0586   18.9343
   -7.5000   15.0000   30.000013262.4688   18.8461
    0.0000   15.0000   30.000014154.5146   18.8955
    7.5000   15.0000   30.000013516.4648   18.9198
   -7.5000   22.5000   30.000012307.4590   18.8117
    0.0000   22.5000   30.000013148.0957   18.8673
    7.5000   22.5000   30.000012572.3721   18.8978
   -7.5000   30.0000   30.000011325.8965   18.5624
    0.0000   30.0000   30.000012090.6973   18.6244
    7.5000   30.0000   30.000011548.3350   18.6625
   -7.5000   37.5000   30.000010671.6768   18.5731
    0.0000   37.5000   30.000011333.1152   18.6352
    7.5000   37.5000   30.000010859.9775   18.6749
   -7.5000   45.0000   30.0000 9548.8340   18.1629
    0.0000   45.0000   30.000010122.5137   18.2167
    7.5000   45.0000   30.0000 9669.0400   18.2499
   -7.5000  -45.0000   37.5000 9632.2246   18.8170
    0.0000  -45.0000   37.500010195.8398   18.8611
    7.5000  -45.0000   37.5000 9850.5723   18.8957
   -7.5000  -37.5000   37.500010281.3125   18.8265
    0.0000  -37.5000   37.500010932.8301   18.8625
    7.5000  -37.5000   37.500010565.8643   18.8880
   -7.5000  -30.0000   37.500011282.4111   18.8193
    0.0000  -30.0000   37.500012063.6094   18.8505
    7.5000  -30.0000   37.500011619.1211   18.8737
   -7.5000  -22.5000   37.500012183.7861   18.8043
    0.0000  -22.5000   37.500012871.9033   18.8389
    7.5000  -22.5000   37.500012336.7725   18.8698
   -7.5000  -15.0000   37.500012904.8154   18.7967
    0.0000  -15.0000   37.500013534.7227   18.8395
    7.5000  -15.0000   37.500012965.1836   18.8798
   -7.5000   -7.5000   37.500013558.1826   18.8022
    0.0000   -7.5000   37.500014273.7773   18.8499
    7.5000   -7.5000   37.500013751.7939   18.8915
   -7.5000    0.0000   37.500014137.4824   18.8170
    0.0000    0.0000   37.500014930.3008   18.8611
    7.5000    0.0000   37.500014383.6943   18.8957
   -7.5000    7.5000   37.500013673.3418   18.8265
    0.0000    7.5000   37.500014443.3564   18.8625
    7.5000    7.5000   37.500013919.0781   18.8880
   -7.5000   15.0000   37.500012943.5479   18.8193
    0.0000   15.0000   37.500013680.8564   18.8505
    7.5000   15.0000   37.500013175.4893   18.8737
   -7.5000   22.5000   37.500012013.4307   18.7956
    0.0000   22.5000   37.500012708.6543   18.8302
    7.5000   22.5000   37.500012233.0703   18.8611
   -7.5000   30.0000   37.500011047.2217   18.5534
    0.0000   30.0000   37.500011663.2471   18.5957
    7.5000   30.0000   37.500011222.8145   18.6355
   -7.5000   37.5000   37.500010410.0664   18.5588
    0.0000   37.5000   37.500010926.4189   18.6059
    7.5000   37.5000   37.500010511.6348   18.6470
   -7.5000   45.0000   37.5000 9309.3125   18.1374
    0.0000   45.0000   37.5000 9784.8516   18.1799
    7.5000   45.0000   37.5000 9379.3389   18.2133
   -7.5000  -45.0000   45.0000 8936.0098   18.8891
    0.0000  -45.0000   45.0000 9452.9268   18.9234
    7.5000  -45.0000   45.0000 9147.3496   18.9527
   -7.5000  -37.5000   45.0000 9532.1191   18.8913
    0.0000  -37.5000   45.000010097.6289   18.9148
    7.5000  -37.5000   45.0000 9773.2803   18.9341
   -7.5000  -30.0000   45.000010410.6943   18.8807
    0.0000  -30.0000   45.000011010.1357   18.8924
    7.5000  -30.0000   45.000010601.3535   18.9070
   -7.5000  -22.5000   45.000011214.7666   18.8692
    0.0000  -22.5000   45.000011723.7725   18.8800
    7.5000  -22.5000   45.000011267.6133   18.9011
   -7.5000  -15.0000   45.000011836.7178   18.8691
    0.0000  -15.0000   45.000012385.4590   18.8899
    7.5000  -15.0000   45.000011938.2939   18.9206
   -7.5000   -7.5000   45.000012454.1992   18.8784
    0.0000   -7.5000   45.000013114.8096   18.9108
    7.5000   -7.5000   45.000012675.5029   18.9452
   -7.5000    0.0000   45.000013026.6592   18.8891
    0.0000    0.0000   45.000013737.8037   18.9234
    7.5000    0.0000   45.000013243.8477   18.9527
   -7.5000    7.5000   45.000012656.2334   18.8913
    0.0000    7.5000   45.000013341.4238   18.9148
    7.5000    7.5000   45.000012830.1094   18.9341
   -7.5000   15.0000   45.000011979.3477   18.8807
    0.0000   15.0000   45.000012611.1162   18.8924
    7.5000   15.0000   45.000012153.6914   18.9070
   -7.5000   22.5000   45.000011140.1348   18.8605
    0.0000   22.5000   45.000011728.9814   18.8712
    7.5000   22.5000   45.000011289.4775   18.8923
   -7.5000   30.0000   45.000010229.5693   18.6233
    0.0000   30.0000   45.000010743.5850   18.6438
    7.5000   30.0000   45.000010336.0469   18.6741
   -7.5000   37.5000   45.0000 9626.9453   18.6325
    0.0000   37.5000   45.000010044.3574   18.6644
    7.5000   37.5000   45.0000 9668.3564   18.6984
   -7.5000   45.0000   45.0000 8633.4600   18.2152
    0.0000   45.0000   45.0000 8985.7051   18.2482
    7.5000   45.0000   45.0000 8623.5186   18.2765

---------------------------------------------------------------------
imgreg_4dfp /opt/freesurfer/average/711-2C_as_mni_average_305 /opt/freesurfer/average/711-2B_as_mni_average_305_mask talsrcimg_g11 none talsrcimg_to_711-2C_as_mni_average_305_t4 4355
---------------------------------------------------------------------

freesurfer imgreg_4dfp.c
/opt/freesurfer/average/711-2C_as_mni_average_305.4dfp.img
       256       256       256         1
  1.000000  1.000000  1.000000
orientation T byte_order littleendian
Reading image: /opt/freesurfer/average/711-2C_as_mni_average_305.4dfp.img
dimensions:      256       256       256
mmppix:       1.0000   -1.0000   -1.0000
center:     128.0000 -129.0000 -129.0000
/opt/freesurfer/average/711-2B_as_mni_average_305_mask.4dfp.img
       256       256       256         1
  1.000000  1.000000  1.000000
orientation T byte_order littleendian
Reading mask: /opt/freesurfer/average/711-2B_as_mni_average_305_mask.4dfp.img (2306576 pixels)
talsrcimg_g11.4dfp.img
       256       256       256         1
  1.000000  1.000000  1.000000
orientation T byte_order littleendian
Reading image: talsrcimg_g11.4dfp.img
dimensions:      256       256       256
mmppix:       1.0000   -1.0000   -1.0000
center:     128.0000 -129.0000 -129.0000
rotation matrix determinant  1.000000
image alignment mode   4355 decimal     1103 hex
   -7.5000  -45.0000  -45.0000 1993.1361   22.3467
    0.0000  -45.0000  -45.0000 2000.8335   22.2152
    7.5000  -45.0000  -45.0000 1988.3101   22.3985
   -7.5000  -37.5000  -45.0000 2073.1660   20.5283
    0.0000  -37.5000  -45.0000 2079.4856   20.3910
    7.5000  -37.5000  -45.0000 2066.1929   20.5720
   -7.5000  -30.0000  -45.0000 2130.6411   19.2233
    0.0000  -30.0000  -45.0000 2141.8748   19.1206
    7.5000  -30.0000  -45.0000 2127.7373   19.3015
   -7.5000  -22.5000  -45.0000 2178.9341   18.4193
    0.0000  -22.5000  -45.0000 2186.5391   18.2709
    7.5000  -22.5000  -45.0000 2173.7383   18.4270
   -7.5000  -15.0000  -45.0000 2188.7776   17.9747
    0.0000  -15.0000  -45.0000 2201.5740   17.8096
    7.5000  -15.0000  -45.0000 2187.2085   17.9677
   -7.5000   -7.5000  -45.0000 2172.6443   17.8393
    0.0000   -7.5000  -45.0000 2189.1345   17.7264
    7.5000   -7.5000  -45.0000 2174.6729   17.8625
   -7.5000    0.0000  -45.0000 2146.4482   18.2306
    0.0000    0.0000  -45.0000 2155.3572   18.0709
    7.5000    0.0000  -45.0000 2143.7134   18.2033
   -7.5000    7.5000  -45.0000 2102.6260   18.9008
    0.0000    7.5000  -45.0000 2115.7395   18.7278
    7.5000    7.5000  -45.0000 2103.3972   18.8308
   -7.5000   15.0000  -45.0000 2041.0471   19.8414
    0.0000   15.0000  -45.0000 2055.3494   19.5946
    7.5000   15.0000  -45.0000 2041.8409   19.7619
   -7.5000   22.5000  -45.0000 1966.9362   21.2893
    0.0000   22.5000  -45.0000 1977.7115   20.9220
    7.5000   22.5000  -45.0000 1968.9874   21.1952
   -7.5000   30.0000  -45.0000 1869.8143   23.2978
    0.0000   30.0000  -45.0000 1880.7532   22.8805
    7.5000   30.0000  -45.0000 1875.7384   23.2728
   -7.5000   37.5000  -45.0000 1765.8540   26.1055
    0.0000   37.5000  -45.0000 1775.1567   25.5871
    7.5000   37.5000  -45.0000 1774.7706   26.0408
   -7.5000   45.0000  -45.0000 1645.7158   29.8312
    0.0000   45.0000  -45.0000 1657.1731   29.3007
    7.5000   45.0000  -45.0000 1647.5392   29.7272
   -7.5000  -45.0000  -37.5000 2091.5867   20.5800
    0.0000  -45.0000  -37.5000 2100.9275   20.5395
    7.5000  -45.0000  -37.5000 2090.9487   20.6931
   -7.5000  -37.5000  -37.5000 2170.4641   18.8987
    0.0000  -37.5000  -37.5000 2183.7505   18.8728
    7.5000  -37.5000  -37.5000 2172.9817   18.9822
   -7.5000  -30.0000  -37.5000 2228.5903   17.6581
    0.0000  -30.0000  -37.5000 2246.4277   17.6181
    7.5000  -30.0000  -37.5000 2231.4934   17.6983
   -7.5000  -22.5000  -37.5000 2263.9031   16.7910
    0.0000  -22.5000  -37.5000 2283.0442   16.7728
    7.5000  -22.5000  -37.5000 2268.4177   16.8465
   -7.5000  -15.0000  -37.5000 2288.0901   16.3941
    0.0000  -15.0000  -37.5000 2303.7854   16.3094
    7.5000  -15.0000  -37.5000 2286.6426   16.3810
   -7.5000   -7.5000  -37.5000 2275.7029   16.2681
    0.0000   -7.5000  -37.5000 2297.1318   16.2326
    7.5000   -7.5000  -37.5000 2280.5000   16.2985
   -7.5000    0.0000  -37.5000 2255.0750   16.5871
    0.0000    0.0000  -37.5000 2270.2136   16.5319
    7.5000    0.0000  -37.5000 2258.4338   16.6159
   -7.5000    7.5000  -37.5000 2208.3237   17.1794
    0.0000    7.5000  -37.5000 2227.6475   17.0934
    7.5000    7.5000  -37.5000 2214.8455   17.1789
   -7.5000   15.0000  -37.5000 2151.6658   18.0933
    0.0000   15.0000  -37.5000 2169.2178   17.9582
    7.5000   15.0000  -37.5000 2151.7554   18.0260
   -7.5000   22.5000  -37.5000 2072.0024   19.4317
    0.0000   22.5000  -37.5000 2082.3555   19.1706
    7.5000   22.5000  -37.5000 2073.3486   19.2929
   -7.5000   30.0000  -37.5000 1966.6754   21.2927
    0.0000   30.0000  -37.5000 1974.2213   20.9673
    7.5000   30.0000  -37.5000 1967.1793   21.1930
   -7.5000   37.5000  -37.5000 1858.3365   23.8556
    0.0000   37.5000  -37.5000 1867.5712   23.4825
    7.5000   37.5000  -37.5000 1867.0737   23.7018
   -7.5000   45.0000  -37.5000 1724.7037   27.2884
    0.0000   45.0000  -37.5000 1732.0278   26.8085
    7.5000   45.0000  -37.5000 1729.7406   27.1192
   -7.5000  -45.0000  -30.0000 2222.0073   19.6527
    0.0000  -45.0000  -30.0000 2233.3376   19.6494
    7.5000  -45.0000  -30.0000 2226.2493   19.7684
   -7.5000  -37.5000  -30.0000 2310.0002   18.0547
    0.0000  -37.5000  -30.0000 2326.5085   18.0702
    7.5000  -37.5000  -30.0000 2314.7495   18.1498
   -7.5000  -30.0000  -30.0000 2372.3320   16.8413
    0.0000  -30.0000  -30.0000 2392.2979   16.8193
    7.5000  -30.0000  -30.0000 2377.8198   16.9256
   -7.5000  -22.5000  -30.0000 2406.1987   15.9556
    0.0000  -22.5000  -30.0000 2426.5701   15.9529
    7.5000  -22.5000  -30.0000 2413.9014   16.0438
   -7.5000  -15.0000  -30.0000 2429.9734   15.5085
    0.0000  -15.0000  -30.0000 2450.5132   15.4726
    7.5000  -15.0000  -30.0000 2432.0620   15.5385
   -7.5000   -7.5000  -30.0000 2422.1426   15.4119
    0.0000   -7.5000  -30.0000 2448.7983   15.3790
    7.5000   -7.5000  -30.0000 2429.6287   15.4520
   -7.5000    0.0000  -30.0000 2402.4258   15.6787
    0.0000    0.0000  -30.0000 2426.3823   15.6351
    7.5000    0.0000  -30.0000 2413.5928   15.7285
   -7.5000    7.5000  -30.0000 2357.8401   16.2406
    0.0000    7.5000  -30.0000 2386.8713   16.1968
    7.5000    7.5000  -30.0000 2369.5598   16.2734
   -7.5000   15.0000  -30.0000 2295.3149   17.1151
    0.0000   15.0000  -30.0000 2316.9446   17.0436
    7.5000   15.0000  -30.0000 2302.6345   17.1038
   -7.5000   22.5000  -30.0000 2208.7776   18.3934
    0.0000   22.5000  -30.0000 2225.9592   18.2472
    7.5000   22.5000  -30.0000 2212.6729   18.3171
   -7.5000   30.0000  -30.0000 2094.3259   20.1331
    0.0000   30.0000  -30.0000 2110.1682   19.9515
    7.5000   30.0000  -30.0000 2096.9778   20.1039
   -7.5000   37.5000  -30.0000 1975.4343   22.5143
    0.0000   37.5000  -30.0000 1989.4846   22.2651
    7.5000   37.5000  -30.0000 1983.8513   22.4200
   -7.5000   45.0000  -30.0000 1838.1549   25.7189
    0.0000   45.0000  -30.0000 1852.6809   25.3679
    7.5000   45.0000  -30.0000 1849.6217   25.5650
   -7.5000  -45.0000  -22.5000 2331.9185   18.5774
    0.0000  -45.0000  -22.5000 2349.1484   18.5970
    7.5000  -45.0000  -22.5000 2338.5193   18.6506
   -7.5000  -37.5000  -22.5000 2424.9810   17.0546
    0.0000  -37.5000  -22.5000 2443.6707   17.0393
    7.5000  -37.5000  -22.5000 2429.7783   17.0839
   -7.5000  -30.0000  -22.5000 2489.6262   15.9022
    0.0000  -30.0000  -22.5000 2513.5840   15.8616
    7.5000  -30.0000  -22.5000 2500.5310   15.9639
   -7.5000  -22.5000  -22.5000 2534.7783   15.0745
    0.0000  -22.5000  -22.5000 2553.8430   15.0336
    7.5000  -22.5000  -22.5000 2540.0837   15.1521
   -7.5000  -15.0000  -22.5000 2556.1221   14.5768
    0.0000  -15.0000  -22.5000 2574.7397   14.5577
    7.5000  -15.0000  -22.5000 2558.5977   14.6460
   -7.5000   -7.5000  -22.5000 2555.3315   14.4659
    0.0000   -7.5000  -22.5000 2578.2527   14.4265
    7.5000   -7.5000  -22.5000 2562.6890   14.5303
   -7.5000    0.0000  -22.5000 2530.9871   14.6975
    0.0000    0.0000  -22.5000 2554.7629   14.6436
    7.5000    0.0000  -22.5000 2543.3401   14.7514
   -7.5000    7.5000  -22.5000 2488.3647   15.2462
    0.0000    7.5000  -22.5000 2519.2312   15.1740
    7.5000    7.5000  -22.5000 2500.8811   15.2560
   -7.5000   15.0000  -22.5000 2418.1130   16.0579
    0.0000   15.0000  -22.5000 2446.2886   16.0141
    7.5000   15.0000  -22.5000 2427.2893   16.0594
   -7.5000   22.5000  -22.5000 2325.4053   17.2484
    0.0000   22.5000  -22.5000 2350.8120   17.1502
    7.5000   22.5000  -22.5000 2336.0007   17.2346
   -7.5000   30.0000  -22.5000 2207.7515   18.8673
    0.0000   30.0000  -22.5000 2228.6064   18.7528
    7.5000   30.0000  -22.5000 2213.5823   18.8365
   -7.5000   37.5000  -22.5000 2072.1201   21.0632
    0.0000   37.5000  -22.5000 2090.0835   20.8882
    7.5000   37.5000  -22.5000 2082.0388   21.0002
   -7.5000   45.0000  -22.5000 1932.7280   24.0183
    0.0000   45.0000  -22.5000 1946.7850   23.7726
    7.5000   45.0000  -22.5000 1940.4586   23.9753
   -7.5000  -45.0000  -15.0000 2409.0244   17.5382
    0.0000  -45.0000  -15.0000 2431.8804   17.5304
    7.5000  -45.0000  -15.0000 2421.9062   17.5960
   -7.5000  -37.5000  -15.0000 2503.1851   16.0311
    0.0000  -37.5000  -15.0000 2528.0720   16.0383
    7.5000  -37.5000  -15.0000 2514.5967   16.0726
   -7.5000  -30.0000  -15.0000 2572.3223   14.9460
    0.0000  -30.0000  -15.0000 2600.6213   14.9149
    7.5000  -30.0000  -15.0000 2586.2266   14.9622
   -7.5000  -22.5000  -15.0000 2629.7109   14.1595
    0.0000  -22.5000  -15.0000 2654.5500   14.1179
    7.5000  -22.5000  -15.0000 2642.3562   14.2248
   -7.5000  -15.0000  -15.0000 2657.8904   13.6527
    0.0000  -15.0000  -15.0000 2680.1843   13.6165
    7.5000  -15.0000  -15.0000 2664.6716   13.7231
   -7.5000   -7.5000  -15.0000 2658.4851   13.5300
    0.0000   -7.5000  -15.0000 2684.0029   13.4698
    7.5000   -7.5000  -15.0000 2675.6309   13.6110
   -7.5000    0.0000  -15.0000 2635.1980   13.7559
    0.0000    0.0000  -15.0000 2668.2026   13.6726
    7.5000    0.0000  -15.0000 2657.0818   13.7879
   -7.5000    7.5000  -15.0000 2589.9907   14.2584
    0.0000    7.5000  -15.0000 2625.7188   14.1874
    7.5000    7.5000  -15.0000 2609.9360   14.2728
   -7.5000   15.0000  -15.0000 2515.0061   15.0364
    0.0000   15.0000  -15.0000 2549.0823   14.9721
    7.5000   15.0000  -15.0000 2534.7588   15.0466
   -7.5000   22.5000  -15.0000 2415.9075   16.1784
    0.0000   22.5000  -15.0000 2450.1675   16.0817
    7.5000   22.5000  -15.0000 2438.4719   16.1814
   -7.5000   30.0000  -15.0000 2289.3564   17.6710
    0.0000   30.0000  -15.0000 2324.7778   17.6014
    7.5000   30.0000  -15.0000 2311.5251   17.6811
   -7.5000   37.5000  -15.0000 2139.5413   19.7150
    0.0000   37.5000  -15.0000 2172.0303   19.6227
    7.5000   37.5000  -15.0000 2157.2605   19.6792
   -7.5000   45.0000  -15.0000 1989.8000   22.4175
    0.0000   45.0000  -15.0000 2018.3473   22.3169
    7.5000   45.0000  -15.0000 2003.5795   22.4096
   -7.5000  -45.0000   -7.5000 2460.3569   16.5448
    0.0000  -45.0000   -7.5000 2489.1375   16.5324
    7.5000  -45.0000   -7.5000 2481.6836   16.6317
   -7.5000  -37.5000   -7.5000 2560.2180   15.1019
    0.0000  -37.5000   -7.5000 2591.0168   15.1047
    7.5000  -37.5000   -7.5000 2584.8540   15.1782
   -7.5000  -30.0000   -7.5000 2635.5986   14.0345
    0.0000  -30.0000   -7.5000 2667.7612   14.0227
    7.5000  -30.0000   -7.5000 2659.5708   14.0791
   -7.5000  -22.5000   -7.5000 2704.4502   13.2801
    0.0000  -22.5000   -7.5000 2733.3738   13.2241
    7.5000  -22.5000   -7.5000 2724.6016   13.3060
   -7.5000  -15.0000   -7.5000 2740.7878   12.7591
    0.0000  -15.0000   -7.5000 2768.4492   12.7201
    7.5000  -15.0000   -7.5000 2756.5342   12.8249
   -7.5000   -7.5000   -7.5000 2748.7688   12.6458
    0.0000   -7.5000   -7.5000 2775.7664   12.5566
    7.5000   -7.5000   -7.5000 2770.1255   12.7089
   -7.5000    0.0000   -7.5000 2729.9407   12.8824
    0.0000    0.0000   -7.5000 2766.7043   12.7597
    7.5000    0.0000   -7.5000 2757.2410   12.8884
   -7.5000    7.5000   -7.5000 2679.1624   13.3660
    0.0000    7.5000   -7.5000 2714.1433   13.2302
    7.5000    7.5000   -7.5000 2706.1272   13.3469
   -7.5000   15.0000   -7.5000 2596.7678   14.1548
    0.0000   15.0000   -7.5000 2626.8318   13.9829
    7.5000   15.0000   -7.5000 2622.2925   14.1157
   -7.5000   22.5000   -7.5000 2488.8132   15.2342
    0.0000   22.5000   -7.5000 2520.1670   15.0796
    7.5000   22.5000   -7.5000 2514.1707   15.1781
   -7.5000   30.0000   -7.5000 2354.1252   16.7073
    0.0000   30.0000   -7.5000 2391.1824   16.5480
    7.5000   30.0000   -7.5000 2382.1877   16.6408
   -7.5000   37.5000   -7.5000 2198.5022   18.6050
    0.0000   37.5000   -7.5000 2228.3455   18.4621
    7.5000   37.5000   -7.5000 2220.8423   18.5682
   -7.5000   45.0000   -7.5000 2035.6591   21.2037
    0.0000   45.0000   -7.5000 2058.5791   21.0078
    7.5000   45.0000   -7.5000 2051.1450   21.0721
   -7.5000  -45.0000    0.0000 2494.3660   15.8944
    0.0000  -45.0000    0.0000 2527.7546   15.8732
    7.5000  -45.0000    0.0000 2520.0371   15.9694
   -7.5000  -37.5000    0.0000 2602.2856   14.4760
    0.0000  -37.5000    0.0000 2637.4602   14.4608
    7.5000  -37.5000    0.0000 2632.8962   14.5471
   -7.5000  -30.0000    0.0000 2684.8474   13.4226
    0.0000  -30.0000    0.0000 2724.3835   13.3567
    7.5000  -30.0000    0.0000 2715.4456   13.4411
   -7.5000  -22.5000    0.0000 2752.8315   12.6153
    0.0000  -22.5000    0.0000 2795.9333   12.5211
    7.5000  -22.5000    0.0000 2779.3142   12.6091
   -7.5000  -15.0000    0.0000 2800.6877   12.0823
    0.0000  -15.0000    0.0000 2837.4641   11.9308
    7.5000  -15.0000    0.0000 2829.4346   12.0881
   -7.5000   -7.5000    0.0000 2823.0222   11.9700
    0.0000   -7.5000    0.0000 2848.6245   11.7808
    7.5000   -7.5000    0.0000 2853.9468   11.9722
   -7.5000    0.0000    0.0000 2801.4038   12.1851
    0.0000    0.0000    0.0000 2835.7900   11.9919
    7.5000    0.0000    0.0000 2836.7039   12.1455
   -7.5000    7.5000    0.0000 2749.8035   12.6949
    0.0000    7.5000    0.0000 2779.7971   12.4467
    7.5000    7.5000    0.0000 2781.3564   12.6120
   -7.5000   15.0000    0.0000 2659.3904   13.4762
    0.0000   15.0000    0.0000 2689.4026   13.2388
    7.5000   15.0000    0.0000 2686.7498   13.4004
   -7.5000   22.5000    0.0000 2548.4631   14.5603
    0.0000   22.5000    0.0000 2574.4321   14.3199
    7.5000   22.5000    0.0000 2574.2188   14.4636
   -7.5000   30.0000    0.0000 2409.6501   15.9926
    0.0000   30.0000    0.0000 2440.8286   15.7687
    7.5000   30.0000    0.0000 2436.3748   15.8870
   -7.5000   37.5000    0.0000 2239.3950   17.8749
    0.0000   37.5000    0.0000 2273.6641   17.6804
    7.5000   37.5000    0.0000 2269.6870   17.7537
   -7.5000   45.0000    0.0000 2072.9275   20.3695
    0.0000   45.0000    0.0000 2094.6304   20.0993
    7.5000   45.0000    0.0000 2090.1177   20.1859
   -7.5000  -45.0000    7.5000 2514.2380   15.5835
    0.0000  -45.0000    7.5000 2543.4080   15.4694
    7.5000  -45.0000    7.5000 2540.1956   15.5874
   -7.5000  -37.5000    7.5000 2628.5703   14.1690
    0.0000  -37.5000    7.5000 2662.5088   14.0575
    7.5000  -37.5000    7.5000 2658.5571   14.1477
   -7.5000  -30.0000    7.5000 2729.5103   13.0789
    0.0000  -30.0000    7.5000 2767.8589   12.9828
    7.5000  -30.0000    7.5000 2764.5173   13.0746
   -7.5000  -22.5000    7.5000 2804.1501   12.2361
    0.0000  -22.5000    7.5000 2850.4453   12.1005
    7.5000  -22.5000    7.5000 2843.4998   12.2104
   -7.5000  -15.0000    7.5000 2850.7539   11.6347
    0.0000  -15.0000    7.5000 2891.3469   11.3547
    7.5000  -15.0000    7.5000 2890.6218   11.6131
   -7.5000   -7.5000    7.5000 2873.3176   11.4916
    0.0000   -7.5000    7.5000 2900.9280   11.1737
    7.5000   -7.5000    7.5000 2921.6013   11.4831
   -7.5000    0.0000    7.5000 2856.2842   11.7244
    0.0000    0.0000    7.5000 2881.8516   11.3983
    7.5000    0.0000    7.5000 2900.3684   11.6497
   -7.5000    7.5000    7.5000 2802.3655   12.2634
    0.0000    7.5000    7.5000 2830.8989   11.9566
    7.5000    7.5000    7.5000 2842.2651   12.1741
   -7.5000   15.0000    7.5000 2712.7078   13.0532
    0.0000   15.0000    7.5000 2735.1221   12.7455
    7.5000   15.0000    7.5000 2742.0703   12.9172
   -7.5000   22.5000    7.5000 2595.2444   14.1604
    0.0000   22.5000    7.5000 2615.9019   13.8456
    7.5000   22.5000    7.5000 2616.3596   13.9936
   -7.5000   30.0000    7.5000 2449.8064   15.5921
    0.0000   30.0000    7.5000 2478.9714   15.2693
    7.5000   30.0000    7.5000 2473.0396   15.4133
   -7.5000   37.5000    7.5000 2280.8938   17.4277
    0.0000   37.5000    7.5000 2314.2786   17.1329
    7.5000   37.5000    7.5000 2311.8992   17.2641
   -7.5000   45.0000    7.5000 2098.9978   19.7723
    0.0000   45.0000    7.5000 2128.5491   19.5011
    7.5000   45.0000    7.5000 2125.4241   19.5771
   -7.5000  -45.0000   15.0000 2514.5012   15.4636
    0.0000  -45.0000   15.0000 2543.3640   15.2296
    7.5000  -45.0000   15.0000 2544.5393   15.3355
   -7.5000  -37.5000   15.0000 2633.0496   14.0511
    0.0000  -37.5000   15.0000 2663.0149   13.8120
    7.5000  -37.5000   15.0000 2666.7998   13.9100
   -7.5000  -30.0000   15.0000 2747.9663   12.9660
    0.0000  -30.0000   15.0000 2783.1526   12.7524
    7.5000  -30.0000   15.0000 2785.0955   12.8473
   -7.5000  -22.5000   15.0000 2840.1616   12.1677
    0.0000  -22.5000   15.0000 2893.2695   12.0062
    7.5000  -22.5000   15.0000 2893.5645   12.1101
   -7.5000  -15.0000   15.0000 2878.4160   11.4435
    0.0000  -15.0000   15.0000 2925.5317   11.1647
    7.5000  -15.0000   15.0000 2935.8479   11.4612
   -7.5000   -7.5000   15.0000 2901.6426   11.2537
    0.0000   -7.5000   15.0000 2918.2017   10.8677
    7.5000   -7.5000   15.0000 2954.9797   11.2333
   -7.5000    0.0000   15.0000 2878.4668   11.5067
    0.0000    0.0000   15.0000 2900.4749   11.1368
    7.5000    0.0000   15.0000 2925.6084   11.3723
   -7.5000    7.5000   15.0000 2828.0723   12.0353
    0.0000    7.5000   15.0000 2853.2007   11.6858
    7.5000    7.5000   15.0000 2866.9226   11.8160
   -7.5000   15.0000   15.0000 2731.5979   12.8199
    0.0000   15.0000   15.0000 2753.6279   12.5156
    7.5000   15.0000   15.0000 2765.1018   12.6089
   -7.5000   22.5000   15.0000 2607.4324   13.9023
    0.0000   22.5000   15.0000 2635.6548   13.6110
    7.5000   22.5000   15.0000 2639.0691   13.7120
   -7.5000   30.0000   15.0000 2458.7336   15.2759
    0.0000   30.0000   15.0000 2497.9302   15.0411
    7.5000   30.0000   15.0000 2490.4304   15.0959
   -7.5000   37.5000   15.0000 2293.9548   17.0657
    0.0000   37.5000   15.0000 2329.9585   16.8908
    7.5000   37.5000   15.0000 2326.5750   16.8727
   -7.5000   45.0000   15.0000 2111.1794   19.3742
    0.0000   45.0000   15.0000 2145.6292   19.2122
    7.5000   45.0000   15.0000 2143.0461   19.1559
   -7.5000  -45.0000   22.5000 2508.9695   15.5487
    0.0000  -45.0000   22.5000 2542.3835   15.1942
    7.5000  -45.0000   22.5000 2543.2151   15.2379
   -7.5000  -37.5000   22.5000 2630.5750   14.1010
    0.0000  -37.5000   22.5000 2666.6338   13.7631
    7.5000  -37.5000   22.5000 2666.6987   13.7747
   -7.5000  -30.0000   22.5000 2745.4324   12.9914
    0.0000  -30.0000   22.5000 2790.3816   12.7157
    7.5000  -30.0000   22.5000 2790.0667   12.7268
   -7.5000  -22.5000   22.5000 2846.9729   12.2147
    0.0000  -22.5000   22.5000 2911.0715   12.0457
    7.5000  -22.5000   22.5000 2908.9946   12.0395
   -7.5000  -15.0000   22.5000 2888.3882   11.5856
    0.0000  -15.0000   22.5000 2964.0967   11.4151
    7.5000  -15.0000   22.5000 2956.0657   11.4798
   -7.5000   -7.5000   22.5000 2898.7563   11.3364
    0.0000   -7.5000   22.5000 2944.4497   11.0655
    7.5000   -7.5000   22.5000 2955.8503   11.1373
   -7.5000    0.0000   22.5000 2873.0601   11.4843
    0.0000    0.0000   22.5000 2919.0430   11.2118
    7.5000    0.0000   22.5000 2915.9836   11.1933
   -7.5000    7.5000   22.5000 2819.7432   11.9678
    0.0000    7.5000   22.5000 2859.1929   11.6889
    7.5000    7.5000   22.5000 2862.7354   11.6953
   -7.5000   15.0000   22.5000 2725.7512   12.7435
    0.0000   15.0000   22.5000 2760.5686   12.4929
    7.5000   15.0000   22.5000 2766.5356   12.5214
   -7.5000   22.5000   22.5000 2603.3936   13.8098
    0.0000   22.5000   22.5000 2639.4653   13.5644
    7.5000   22.5000   22.5000 2642.6140   13.5970
   -7.5000   30.0000   22.5000 2455.8325   15.2048
    0.0000   30.0000   22.5000 2497.7539   14.9897
    7.5000   30.0000   22.5000 2494.7908   15.0117
   -7.5000   37.5000   22.5000 2291.4182   17.0035
    0.0000   37.5000   22.5000 2327.3975   16.8076
    7.5000   37.5000   22.5000 2326.6533   16.8077
   -7.5000   45.0000   22.5000 2109.4331   19.3173
    0.0000   45.0000   22.5000 2147.3625   19.0991
    7.5000   45.0000   22.5000 2136.8660   19.0501
   -7.5000  -45.0000   30.0000 2488.4304   15.8433
    0.0000  -45.0000   30.0000 2520.5947   15.4151
    7.5000  -45.0000   30.0000 2522.8567   15.3873
   -7.5000  -37.5000   30.0000 2605.8899   14.3701
    0.0000  -37.5000   30.0000 2644.0615   13.9965
    7.5000  -37.5000   30.0000 2647.9268   13.9577
   -7.5000  -30.0000   30.0000 2717.5334   13.2478
    0.0000  -30.0000   30.0000 2764.8733   12.9871
    7.5000  -30.0000   30.0000 2764.8203   12.9147
   -7.5000  -22.5000   30.0000 2813.4409   12.3905
    0.0000  -22.5000   30.0000 2878.9155   12.2350
    7.5000  -22.5000   30.0000 2870.4797   12.1673
   -7.5000  -15.0000   30.0000 2864.4473   11.8161
    0.0000  -15.0000   30.0000 2925.3604   11.5030
    7.5000  -15.0000   30.0000 2905.6914   11.4797
   -7.5000   -7.5000   30.0000 2878.5879   11.6265
    0.0000   -7.5000   30.0000 2924.6614   11.2876
    7.5000   -7.5000   30.0000 2918.0811   11.2622
   -7.5000    0.0000   30.0000 2845.0073   11.7401
    0.0000    0.0000   30.0000 2893.9131   11.4748
    7.5000    0.0000   30.0000 2891.3835   11.4709
   -7.5000    7.5000   30.0000 2785.8035   12.1507
    0.0000    7.5000   30.0000 2830.0007   11.9460
    7.5000    7.5000   30.0000 2832.8032   11.9446
   -7.5000   15.0000   30.0000 2696.7141   12.9118
    0.0000   15.0000   30.0000 2734.7478   12.7037
    7.5000   15.0000   30.0000 2735.8640   12.7162
   -7.5000   22.5000   30.0000 2576.1162   13.9564
    0.0000   22.5000   30.0000 2614.7026   13.7706
    7.5000   22.5000   30.0000 2617.2080   13.7701
   -7.5000   30.0000   30.0000 2432.0979   15.3447
    0.0000   30.0000   30.0000 2477.2065   15.1419
    7.5000   30.0000   30.0000 2476.6494   15.1355
   -7.5000   37.5000   30.0000 2269.8533   17.1418
    0.0000   37.5000   30.0000 2305.5085   16.9160
    7.5000   37.5000   30.0000 2309.0156   16.9256
   -7.5000   45.0000   30.0000 2094.7864   19.4552
    0.0000   45.0000   30.0000 2128.4302   19.2049
    7.5000   45.0000   30.0000 2123.4172   19.2098
   -7.5000  -45.0000   37.5000 2458.2729   16.2836
    0.0000  -45.0000   37.5000 2490.7598   15.8351
    7.5000  -45.0000   37.5000 2495.1685   15.7748
   -7.5000  -37.5000   37.5000 2572.9814   14.8224
    0.0000  -37.5000   37.5000 2616.1765   14.4142
    7.5000  -37.5000   37.5000 2621.9956   14.3862
   -7.5000  -30.0000   37.5000 2684.1174   13.7173
    0.0000  -30.0000   37.5000 2731.4309   13.3610
    7.5000  -30.0000   37.5000 2742.0398   13.3625
   -7.5000  -22.5000   37.5000 2769.0195   12.8323
    0.0000  -22.5000   37.5000 2824.8352   12.4609
    7.5000  -22.5000   37.5000 2828.5295   12.4735
   -7.5000  -15.0000   37.5000 2822.1892   12.2416
    0.0000  -15.0000   37.5000 2871.4053   11.8237
    7.5000  -15.0000   37.5000 2859.7844   11.8133
   -7.5000   -7.5000   37.5000 2840.9653   12.0700
    0.0000   -7.5000   37.5000 2881.3696   11.7286
    7.5000   -7.5000   37.5000 2896.0762   11.7687
   -7.5000    0.0000   37.5000 2804.4971   12.2083
    0.0000    0.0000   37.5000 2852.4585   11.9728
    7.5000    0.0000   37.5000 2864.2593   12.0048
   -7.5000    7.5000   37.5000 2746.5513   12.6909
    0.0000    7.5000   37.5000 2787.6184   12.4380
    7.5000    7.5000   37.5000 2794.8899   12.4753
   -7.5000   15.0000   37.5000 2648.5566   13.4070
    0.0000   15.0000   37.5000 2689.7476   13.1850
    7.5000   15.0000   37.5000 2697.9045   13.2135
   -7.5000   22.5000   37.5000 2532.3577   14.3907
    0.0000   22.5000   37.5000 2577.3867   14.1770
    7.5000   22.5000   37.5000 2579.4412   14.1968
   -7.5000   30.0000   37.5000 2394.0591   15.7435
    0.0000   30.0000   37.5000 2438.2844   15.5070
    7.5000   30.0000   37.5000 2445.2227   15.5174
   -7.5000   37.5000   37.5000 2238.0830   17.5237
    0.0000   37.5000   37.5000 2269.1301   17.2892
    7.5000   37.5000   37.5000 2274.2471   17.2758
   -7.5000   45.0000   37.5000 2070.3643   19.8631
    0.0000   45.0000   37.5000 2101.4648   19.5783
    7.5000   45.0000   37.5000 2094.7556   19.5240
   -7.5000  -45.0000   45.0000 2415.0027   16.9979
    0.0000  -45.0000   45.0000 2454.9153   16.4835
    7.5000  -45.0000   45.0000 2465.6865   16.4253
   -7.5000  -37.5000   45.0000 2532.2866   15.5072
    0.0000  -37.5000   45.0000 2577.6296   15.0072
    7.5000  -37.5000   45.0000 2589.7202   15.0051
   -7.5000  -30.0000   45.0000 2634.9734   14.3683
    0.0000  -30.0000   45.0000 2686.0745   13.8851
    7.5000  -30.0000   45.0000 2697.7500   13.8919
   -7.5000  -22.5000   45.0000 2713.2034   13.4951
    0.0000  -22.5000   45.0000 2766.6445   12.9536
    7.5000  -22.5000   45.0000 2762.4861   12.8800
   -7.5000  -15.0000   45.0000 2760.6648   12.8725
    0.0000  -15.0000   45.0000 2810.1819   12.3847
    7.5000  -15.0000   45.0000 2810.8694   12.4291
   -7.5000   -7.5000   45.0000 2767.2595   12.6949
    0.0000   -7.5000   45.0000 2823.5867   12.3763
    7.5000   -7.5000   45.0000 2839.8611   12.3978
   -7.5000    0.0000   45.0000 2740.3857   12.8573
    0.0000    0.0000   45.0000 2790.8169   12.6332
    7.5000    0.0000   45.0000 2805.5640   12.6381
   -7.5000    7.5000   45.0000 2683.0410   13.3598
    0.0000    7.5000   45.0000 2726.6960   13.1312
    7.5000    7.5000   45.0000 2732.4299   13.1116
   -7.5000   15.0000   45.0000 2589.0203   14.0783
    0.0000   15.0000   45.0000 2631.4946   13.8532
    7.5000   15.0000   45.0000 2639.5085   13.8483
   -7.5000   22.5000   45.0000 2480.8809   15.0552
    0.0000   22.5000   45.0000 2522.0215   14.8727
    7.5000   22.5000   45.0000 2525.7571   14.8421
   -7.5000   30.0000   45.0000 2344.0532   16.4121
    0.0000   30.0000   45.0000 2381.3247   16.2152
    7.5000   30.0000   45.0000 2387.0029   16.1777
   -7.5000   37.5000   45.0000 2194.5830   18.1645
    0.0000   37.5000   45.0000 2218.4604   17.9466
    7.5000   37.5000   45.0000 2224.0627   17.9197
   -7.5000   45.0000   45.0000 2034.1951   20.4910
    0.0000   45.0000   45.0000 2058.7209   20.1733
    7.5000   45.0000   45.0000 2060.1123   20.1729

---------------------------------------------------------------------
imgreg_4dfp /opt/freesurfer/average/711-2C_as_mni_average_305 /opt/freesurfer/average/711-2B_as_mni_average_305_mask talsrcimg_g11 none talsrcimg_to_711-2C_as_mni_average_305_t4 1283
---------------------------------------------------------------------

freesurfer imgreg_4dfp.c
/opt/freesurfer/average/711-2C_as_mni_average_305.4dfp.img
       256       256       256         1
  1.000000  1.000000  1.000000
orientation T byte_order littleendian
Reading image: /opt/freesurfer/average/711-2C_as_mni_average_305.4dfp.img
dimensions:      256       256       256
mmppix:       1.0000   -1.0000   -1.0000
center:     128.0000 -129.0000 -129.0000
/opt/freesurfer/average/711-2B_as_mni_average_305_mask.4dfp.img
       256       256       256         1
  1.000000  1.000000  1.000000
orientation T byte_order littleendian
Reading mask: /opt/freesurfer/average/711-2B_as_mni_average_305_mask.4dfp.img (2306576 pixels)
talsrcimg_g11.4dfp.img
       256       256       256         1
  1.000000  1.000000  1.000000
orientation T byte_order littleendian
Reading image: talsrcimg_g11.4dfp.img
dimensions:      256       256       256
mmppix:       1.0000   -1.0000   -1.0000
center:     128.0000 -129.0000 -129.0000
rotation matrix determinant  1.000000
fimgreg.f
image alignment mode   1283 decimal      503 hex
parameters
    0.0000  -15.0000   22.5000    0.0000    0.0000    0.0000
eta,q 0.92942 11.42398
niter,ni,del,rscale     5    3   12.0000    1.2000
parameter  5  0.907700 ->  0.500000 qaram    1.1500
parameters
    2.0488  -14.5677   21.4751   -1.6327   -3.4500    0.5197
eta,q 0.93794 11.31227
  0.0857  0.0815  0.0712  0.0688  0.0628  0.0677
  0.0789  0.0731  0.0682  0.0676  0.0618  0.0646
  0.0713  0.0680  0.0662  0.0666  0.0629  0.0622
  0.0667  0.0669  0.0667  0.0663  0.0665  0.0619
  0.0670  0.0683  0.0677  0.0681  0.0702  0.0626
  0.0688  0.0717  0.0711  0.0710  0.0750  0.0640
  0.0709  0.0768  0.0770  0.0741  0.0795  0.0654
niter,ni,del,rscale     5    3   12.0000    1.2000
parameters
    3.5024  -13.8558   21.0962   -4.0558   -6.2043    0.7072
eta,q 0.93999 11.40319
  0.0841  0.0774  0.0689  0.0634  0.0635  0.0648
  0.0732  0.0687  0.0653  0.0619  0.0607  0.0619
  0.0646  0.0632  0.0626  0.0616  0.0600  0.0603
  0.0621  0.0622  0.0627  0.0625  0.0615  0.0600
  0.0624  0.0638  0.0640  0.0641  0.0651  0.0604
  0.0639  0.0659  0.0662  0.0670  0.0685  0.0617
  0.0690  0.0704  0.0707  0.0706  0.0731  0.0640
niter,ni,del,rscale     4    3   12.0000    1.2000
parameters
    4.3841  -13.3657   20.7562   -4.7787   -6.2445    1.0837
eta,q 0.94068 11.37172
  0.0794  0.0768  0.0674  0.0649  0.0687  0.0644
  0.0700  0.0664  0.0635  0.0610  0.0631  0.0615
  0.0626  0.0602  0.0610  0.0593  0.0605  0.0599
  0.0600  0.0592  0.0595  0.0597  0.0593  0.0593
  0.0586  0.0609  0.0602  0.0614  0.0604  0.0598
  0.0634  0.0648  0.0643  0.0637  0.0643  0.0610
  0.0708  0.0703  0.0706  0.0671  0.0682  0.0631
niter,ni,del,rscale     3    3   12.0000    1.2000
parameters
    4.4966  -13.2498   20.4836   -4.9943   -6.1675    1.1857
eta,q 0.94070 11.35874
  0.0753  0.0751  0.0675  0.0659  0.0685  0.0638
  0.0661  0.0650  0.0632  0.0617  0.0632  0.0613
  0.0610  0.0595  0.0607  0.0594  0.0606  0.0598
  0.0593  0.0592  0.0593  0.0594  0.0593  0.0593
  0.0598  0.0613  0.0599  0.0609  0.0599  0.0599
  0.0668  0.0663  0.0638  0.0630  0.0637  0.0613
  0.0735  0.0720  0.0700  0.0660  0.0678  0.0634
niter,ni,del,rscale     2    3   12.0000    1.2000
parameters
    4.4753  -13.2537   20.3698   -5.0674   -6.0912    1.2214
eta,q 0.94068 11.35661
  0.0748  0.0746  0.0679  0.0662  0.0684  0.0637
  0.0655  0.0647  0.0634  0.0620  0.0632  0.0613
  0.0608  0.0595  0.0606  0.0595  0.0606  0.0598
  0.0593  0.0593  0.0593  0.0594  0.0593  0.0593
  0.0601  0.0614  0.0598  0.0608  0.0599  0.0600
  0.0673  0.0668  0.0634  0.0628  0.0636  0.0614
  0.0741  0.0726  0.0693  0.0658  0.0677  0.0635
niter,ni,del,rscale     1    3   12.0000    1.2000
parameters
    4.4541  -13.2608   20.3297   -5.0937   -6.0562    1.2286
eta,q 0.94066 11.35597
  0.0748  0.0747  0.0681  0.0663  0.0682  0.0637
  0.0656  0.0648  0.0636  0.0621  0.0631  0.0613
  0.0608  0.0596  0.0607  0.0596  0.0605  0.0598
  0.0593  0.0593  0.0593  0.0594  0.0593  0.0593
  0.0600  0.0615  0.0598  0.0607  0.0599  0.0600
  0.0673  0.0669  0.0632  0.0628  0.0636  0.0614
  0.0743  0.0728  0.0690  0.0656  0.0678  0.0635
registration optimization eta report
parameter search radius
    6.0000    6.0000    6.0000    6.0000    6.9000    6.0000
100000*second partial in parameter space
       43.       41.       26.       18.       18.       12.
  0.0748  0.0747  0.0681  0.0663  0.0682  0.0637
  0.0656  0.0648  0.0636  0.0621  0.0631  0.0613
  0.0608  0.0596  0.0607  0.0596  0.0605  0.0598
  0.0593  0.0593  0.0593  0.0594  0.0593  0.0593
  0.0600  0.0615  0.0598  0.0607  0.0599  0.0600
  0.0673  0.0669  0.0632  0.0628  0.0636  0.0614
  0.0743  0.0728  0.0690  0.0656  0.0678  0.0635
    4.4541  -13.2608   20.3297   -5.0937   -6.0562    1.2286
eta,q 0.94066 11.35597

---------------------------------------------------------------------
imgreg_4dfp /opt/freesurfer/average/711-2C_as_mni_average_305 /opt/freesurfer/average/711-2B_as_mni_average_305_mask talsrcimg_g11 none talsrcimg_to_711-2C_as_mni_average_305_t4 3335
---------------------------------------------------------------------

freesurfer imgreg_4dfp.c
/opt/freesurfer/average/711-2C_as_mni_average_305.4dfp.img
       256       256       256         1
  1.000000  1.000000  1.000000
orientation T byte_order littleendian
Reading image: /opt/freesurfer/average/711-2C_as_mni_average_305.4dfp.img
dimensions:      256       256       256
mmppix:       1.0000   -1.0000   -1.0000
center:     128.0000 -129.0000 -129.0000
/opt/freesurfer/average/711-2B_as_mni_average_305_mask.4dfp.img
       256       256       256         1
  1.000000  1.000000  1.000000
orientation T byte_order littleendian
Reading mask: /opt/freesurfer/average/711-2B_as_mni_average_305_mask.4dfp.img (2306576 pixels)
talsrcimg_g11.4dfp.img
       256       256       256         1
  1.000000  1.000000  1.000000
orientation T byte_order littleendian
Reading image: talsrcimg_g11.4dfp.img
dimensions:      256       256       256
mmppix:       1.0000   -1.0000   -1.0000
center:     128.0000 -129.0000 -129.0000
fimgreg.f
image alignment mode   3335 decimal      D07 hex
parameters
    4.4541  -13.2608   20.3297   -0.5810   -0.4379   -0.9508
   -3.0722   10.3160    2.1322    9.1017  -10.5504   -8.8289
eta,q 0.94091 11.44714
niter,ni,del,rscale     5    3    5.0000    1.2000
parameter  4  3.426074 ->  0.500000 qaram    1.1500
parameter  5  2.028440 ->  0.500000 qaram    1.1500
parameter  6  0.536144 ->  0.500000 qaram    1.1500
parameter 10  0.901595 ->  0.500000 qaram    1.1500
parameters
    5.1840  -13.6882   20.8714   -4.7210   -4.5779   -5.0908
   -4.1120   10.6342    2.7562    4.9617   -8.3728  -11.9568
eta,q 0.96352 11.40660
  0.0630  0.0604  0.0613  0.0459  0.0377  0.0397  0.0425  0.0468  0.0427  0.0369  0.0403  0.0372
  0.0611  0.0592  0.0601  0.0473  0.0396  0.0395  0.0405  0.0433  0.0409  0.0368  0.0387  0.0366
  0.0598  0.0587  0.0592  0.0518  0.0428  0.0397  0.0394  0.0406  0.0398  0.0376  0.0375  0.0365
  0.0591  0.0588  0.0587  0.0585  0.0482  0.0403  0.0395  0.0393  0.0393  0.0393  0.0370  0.0369
  0.0588  0.0595  0.0586  0.0651  0.0548  0.0422  0.0405  0.0398  0.0395  0.0417  0.0369  0.0376
  0.0591  0.0605  0.0589  0.0711  0.0612  0.0460  0.0423  0.0421  0.0403  0.0446  0.0372  0.0386
  0.0600  0.0617  0.0597  0.0755  0.0664  0.0507  0.0448  0.0460  0.0417  0.0479  0.0377  0.0398
niter,ni,del,rscale     7    3    5.0000    1.2000
parameter  5  0.805636 ->  0.500000 qaram    1.3225
parameters
    4.7245  -12.6198   21.3331   -8.7197   -9.3389   -3.4650
   -4.2934   10.1267    3.2810    3.2611   -9.9380  -12.5173
eta,q 0.96928 11.08311
  0.0398  0.0429  0.0377  0.0361  0.0314  0.0346  0.0337  0.0348  0.0335  0.0339  0.0314  0.0323
  0.0374  0.0400  0.0366  0.0351  0.0315  0.0333  0.0323  0.0327  0.0324  0.0316  0.0309  0.0313
  0.0363  0.0377  0.0359  0.0345  0.0321  0.0323  0.0315  0.0316  0.0316  0.0308  0.0307  0.0307
  0.0365  0.0362  0.0355  0.0354  0.0347  0.0316  0.0313  0.0313  0.0313  0.0312  0.0309  0.0308
  0.0378  0.0355  0.0355  0.0399  0.0399  0.0311  0.0315  0.0317  0.0314  0.0325  0.0311  0.0312
  0.0403  0.0357  0.0358  0.0472  0.0459  0.0310  0.0324  0.0332  0.0319  0.0343  0.0315  0.0318
  0.0435  0.0367  0.0365  0.0545  0.0517  0.0334  0.0340  0.0364  0.0330  0.0367  0.0319  0.0326
niter,ni,del,rscale     7    3    5.0000    1.2000
parameters
    4.9465  -11.5986   22.2014   -9.7814  -13.0409   -3.7103
   -4.5622    9.9949    3.3823    2.4981  -11.1193  -12.6039
eta,q 0.96994 10.81080
  0.0343  0.0355  0.0324  0.0337  0.0318  0.0329  0.0322  0.0335  0.0315  0.0329  0.0306  0.0311
  0.0324  0.0334  0.0315  0.0321  0.0307  0.0319  0.0311  0.0316  0.0308  0.0310  0.0302  0.0305
  0.0312  0.0317  0.0307  0.0309  0.0301  0.0309  0.0304  0.0305  0.0304  0.0302  0.0301  0.0301
  0.0307  0.0307  0.0302  0.0300  0.0303  0.0302  0.0302  0.0302  0.0302  0.0302  0.0301  0.0301
  0.0308  0.0302  0.0300  0.0300  0.0327  0.0301  0.0304  0.0307  0.0303  0.0309  0.0303  0.0302
  0.0316  0.0304  0.0301  0.0327  0.0385  0.0310  0.0313  0.0319  0.0308  0.0321  0.0306  0.0306
  0.0332  0.0311  0.0306  0.0385  0.0449  0.0343  0.0327  0.0336  0.0315  0.0337  0.0309  0.0311
niter,ni,del,rscale     6    3    5.0000    1.2000
parameters
    5.1846  -11.1806   22.0900   -9.7448  -14.3846   -3.8528
   -4.6594   10.0251    3.4801    2.6173  -11.6233  -13.0222
eta,q 0.96976 10.73707
  0.0332  0.0322  0.0310  0.0339  0.0332  0.0329  0.0323  0.0337  0.0313  0.0333  0.0308  0.0310
  0.0316  0.0311  0.0305  0.0324  0.0320  0.0319  0.0312  0.0317  0.0308  0.0313  0.0304  0.0305
  0.0305  0.0303  0.0301  0.0311  0.0307  0.0310  0.0305  0.0306  0.0304  0.0304  0.0303  0.0303
  0.0301  0.0300  0.0300  0.0300  0.0300  0.0302  0.0303  0.0303  0.0303  0.0303  0.0303  0.0302
  0.0301  0.0301  0.0301  0.0295  0.0301  0.0301  0.0304  0.0307  0.0304  0.0307  0.0304  0.0304
  0.0308  0.0304  0.0305  0.0308  0.0326  0.0309  0.0312  0.0318  0.0307  0.0316  0.0306  0.0307
  0.0322  0.0310  0.0312  0.0353  0.0381  0.0342  0.0325  0.0335  0.0313  0.0328  0.0309  0.0312
niter,ni,del,rscale     5    3    5.0000    1.2000
parameters
    5.1868  -11.2026   21.9236   -9.6399  -14.6248   -3.9200
   -4.7268   10.0980    3.5710    2.7517  -11.6190  -13.4609
eta,q 0.96973 10.73047
  0.0327  0.0316  0.0311  0.0340  0.0337  0.0330  0.0323  0.0338  0.0314  0.0334  0.0309  0.0311
  0.0313  0.0308  0.0306  0.0326  0.0325  0.0319  0.0312  0.0317  0.0308  0.0313  0.0305  0.0306
  0.0305  0.0303  0.0303  0.0313  0.0312  0.0311  0.0305  0.0306  0.0304  0.0304  0.0303  0.0303
  0.0302  0.0302  0.0302  0.0302  0.0302  0.0303  0.0303  0.0303  0.0303  0.0303  0.0303  0.0303
  0.0305  0.0305  0.0304  0.0296  0.0299  0.0301  0.0305  0.0307  0.0304  0.0307  0.0304  0.0304
  0.0313  0.0309  0.0307  0.0309  0.0312  0.0309  0.0312  0.0318  0.0307  0.0316  0.0306  0.0307
  0.0328  0.0315  0.0314  0.0353  0.0357  0.0342  0.0324  0.0335  0.0313  0.0328  0.0308  0.0312
niter,ni,del,rscale     4    3    5.0000    1.2000
parameters
    5.1631  -11.2324   21.8143   -9.5733  -14.6839   -3.9346
   -4.7868   10.1130    3.6062    2.8877  -11.5008  -13.7636
eta,q 0.96972 10.73256
  0.0326  0.0316  0.0311  0.0341  0.0337  0.0330  0.0323  0.0337  0.0313  0.0334  0.0309  0.0311
  0.0313  0.0308  0.0307  0.0326  0.0325  0.0319  0.0312  0.0316  0.0308  0.0314  0.0305  0.0306
  0.0306  0.0304  0.0304  0.0313  0.0313  0.0310  0.0305  0.0305  0.0304  0.0304  0.0303  0.0303
  0.0303  0.0303  0.0303  0.0303  0.0303  0.0303  0.0303  0.0303  0.0303  0.0303  0.0303  0.0303
  0.0305  0.0305  0.0304  0.0297  0.0299  0.0301  0.0304  0.0307  0.0304  0.0307  0.0304  0.0304
  0.0313  0.0310  0.0307  0.0309  0.0310  0.0308  0.0312  0.0318  0.0307  0.0316  0.0306  0.0307
  0.0328  0.0315  0.0314  0.0355  0.0353  0.0341  0.0324  0.0335  0.0314  0.0328  0.0308  0.0312
niter,ni,del,rscale     3    3    5.0000    1.2000
parameters
    5.1471  -11.2448   21.7469   -9.5272  -14.7212   -3.9282
   -4.8363   10.1005    3.6287    2.9869  -11.4389  -13.9603
eta,q 0.96972 10.73468
  0.0327  0.0316  0.0311  0.0340  0.0337  0.0330  0.0323  0.0337  0.0313  0.0334  0.0309  0.0311
  0.0313  0.0308  0.0307  0.0326  0.0325  0.0319  0.0312  0.0316  0.0308  0.0313  0.0305  0.0306
  0.0306  0.0304  0.0304  0.0313  0.0313  0.0310  0.0305  0.0305  0.0304  0.0304  0.0303  0.0303
  0.0303  0.0303  0.0303  0.0303  0.0303  0.0303  0.0303  0.0303  0.0303  0.0303  0.0303  0.0303
  0.0305  0.0305  0.0304  0.0296  0.0299  0.0300  0.0304  0.0307  0.0304  0.0307  0.0304  0.0304
  0.0313  0.0310  0.0307  0.0310  0.0310  0.0308  0.0312  0.0318  0.0307  0.0316  0.0306  0.0307
  0.0328  0.0315  0.0313  0.0355  0.0352  0.0341  0.0324  0.0335  0.0314  0.0329  0.0308  0.0312
niter,ni,del,rscale     2    3    5.0000    1.2000
parameters
    5.1376  -11.2486   21.7059   -9.5059  -14.7504   -3.9283
   -4.8680   10.0930    3.6513    3.0536  -11.4060  -14.0782
eta,q 0.96971 10.73536
  0.0327  0.0317  0.0311  0.0340  0.0336  0.0330  0.0323  0.0337  0.0313  0.0334  0.0309  0.0312
  0.0313  0.0308  0.0307  0.0326  0.0325  0.0319  0.0312  0.0316  0.0308  0.0313  0.0305  0.0306
  0.0306  0.0304  0.0304  0.0313  0.0313  0.0310  0.0305  0.0305  0.0304  0.0304  0.0303  0.0303
  0.0303  0.0303  0.0303  0.0303  0.0303  0.0303  0.0303  0.0303  0.0303  0.0303  0.0303  0.0303
  0.0305  0.0305  0.0304  0.0296  0.0299  0.0300  0.0304  0.0307  0.0304  0.0307  0.0304  0.0304
  0.0313  0.0310  0.0307  0.0310  0.0310  0.0308  0.0312  0.0318  0.0307  0.0316  0.0306  0.0307
  0.0328  0.0315  0.0313  0.0356  0.0352  0.0341  0.0324  0.0335  0.0314  0.0329  0.0308  0.0312
niter,ni,del,rscale     1    3    5.0000    1.2000
parameters
    5.1316  -11.2492   21.6818   -9.4953  -14.7681   -3.9297
   -4.8905   10.0932    3.6586    3.0891  -11.3789  -14.1349
eta,q 0.96971 10.73552
  0.0327  0.0317  0.0312  0.0340  0.0336  0.0330  0.0323  0.0337  0.0313  0.0333  0.0309  0.0312
  0.0313  0.0308  0.0307  0.0326  0.0325  0.0320  0.0312  0.0316  0.0308  0.0313  0.0305  0.0306
  0.0306  0.0304  0.0304  0.0313  0.0313  0.0310  0.0305  0.0305  0.0304  0.0304  0.0303  0.0304
  0.0303  0.0303  0.0303  0.0303  0.0303  0.0303  0.0303  0.0303  0.0303  0.0303  0.0303  0.0303
  0.0305  0.0305  0.0304  0.0296  0.0299  0.0300  0.0305  0.0307  0.0304  0.0308  0.0304  0.0304
  0.0313  0.0310  0.0307  0.0310  0.0310  0.0308  0.0312  0.0318  0.0308  0.0316  0.0306  0.0307
  0.0328  0.0315  0.0313  0.0356  0.0351  0.0341  0.0324  0.0335  0.0314  0.0329  0.0308  0.0312
registration optimization eta report
parameter search radius
    2.4000    2.4000    2.4000    8.2800    9.5220    8.2800
    7.2000    7.2000    7.2000    8.2800    7.2000    7.2000
100000*second partial in parameter space
       43.       23.       16.        7.        5.        5.
        4.        6.        2.        4.        1.        2.
  0.0327  0.0317  0.0312  0.0340  0.0336  0.0330  0.0323  0.0337  0.0313  0.0333  0.0309  0.0312
  0.0313  0.0308  0.0307  0.0326  0.0325  0.0320  0.0312  0.0316  0.0308  0.0313  0.0305  0.0306
  0.0306  0.0304  0.0304  0.0313  0.0313  0.0310  0.0305  0.0305  0.0304  0.0304  0.0303  0.0304
  0.0303  0.0303  0.0303  0.0303  0.0303  0.0303  0.0303  0.0303  0.0303  0.0303  0.0303  0.0303
  0.0305  0.0305  0.0304  0.0296  0.0299  0.0300  0.0305  0.0307  0.0304  0.0308  0.0304  0.0304
  0.0313  0.0310  0.0307  0.0310  0.0310  0.0308  0.0312  0.0318  0.0308  0.0316  0.0306  0.0307
  0.0328  0.0315  0.0313  0.0356  0.0351  0.0341  0.0324  0.0335  0.0314  0.0329  0.0308  0.0312
    5.1316  -11.2492   21.6818   -9.4953  -14.7681   -3.9297
   -4.8905   10.0932    3.6586    3.0891  -11.3789  -14.1349
eta,q 0.96971 10.73552

---------------------------------------------------------------------
imgreg_4dfp /opt/freesurfer/average/711-2C_as_mni_average_305 /opt/freesurfer/average/711-2B_as_mni_average_305_mask talsrcimg_g11 none talsrcimg_to_711-2C_as_mni_average_305_t4 2311
---------------------------------------------------------------------

freesurfer imgreg_4dfp.c
/opt/freesurfer/average/711-2C_as_mni_average_305.4dfp.img
       256       256       256         1
  1.000000  1.000000  1.000000
orientation T byte_order littleendian
Reading image: /opt/freesurfer/average/711-2C_as_mni_average_305.4dfp.img
dimensions:      256       256       256
mmppix:       1.0000   -1.0000   -1.0000
center:     128.0000 -129.0000 -129.0000
/opt/freesurfer/average/711-2B_as_mni_average_305_mask.4dfp.img
       256       256       256         1
  1.000000  1.000000  1.000000
orientation T byte_order littleendian
Reading mask: /opt/freesurfer/average/711-2B_as_mni_average_305_mask.4dfp.img (2306576 pixels)
talsrcimg_g11.4dfp.img
       256       256       256         1
  1.000000  1.000000  1.000000
orientation T byte_order littleendian
Reading image: talsrcimg_g11.4dfp.img
dimensions:      256       256       256
mmppix:       1.0000   -1.0000   -1.0000
center:     128.0000 -129.0000 -129.0000
fimgreg.f
image alignment mode   2311 decimal      907 hex
parameters
    5.1316  -11.2492   21.6818   -9.4953  -14.7681   -3.9297
   -4.8905   10.0932    3.6586    3.0891  -11.3789  -14.1349
eta,q 0.96971 10.73553
niter,ni,del,rscale     5    3    5.0000    0.8000
parameter  4 -0.545160 -> -0.500000 qaram    1.1500
parameters
    5.1713  -11.3657   21.7410   -6.7353  -12.7519   -3.4966
   -5.7155   10.3665    2.8580    3.2359  -10.7093  -13.7445
eta,q 0.97067 10.93746
  0.0314  0.0308  0.0307  0.0322  0.0312  0.0308  0.0303  0.0321  0.0299  0.0308  0.0302  0.0301
  0.0308  0.0305  0.0305  0.0315  0.0306  0.0302  0.0296  0.0305  0.0295  0.0299  0.0297  0.0297
  0.0304  0.0303  0.0303  0.0308  0.0300  0.0297  0.0293  0.0296  0.0293  0.0294  0.0294  0.0294
  0.0303  0.0303  0.0303  0.0303  0.0296  0.0294  0.0294  0.0293  0.0293  0.0293  0.0293  0.0293
  0.0304  0.0304  0.0303  0.0298  0.0294  0.0294  0.0297  0.0296  0.0295  0.0295  0.0294  0.0294
  0.0307  0.0306  0.0304  0.0297  0.0295  0.0297  0.0303  0.0303  0.0299  0.0299  0.0295  0.0296
  0.0313  0.0310  0.0307  0.0303  0.0298  0.0306  0.0311  0.0314  0.0304  0.0305  0.0297  0.0299
niter,ni,del,rscale     5    3    5.0000    0.8000
parameters
    5.0004  -11.3831   21.6203   -8.0066  -12.7593   -2.8290
   -4.9467   10.1982    2.9951    3.1856  -10.8117  -13.5513
eta,q 0.97053 10.92020
  0.0307  0.0301  0.0298  0.0311  0.0307  0.0309  0.0310  0.0313  0.0302  0.0308  0.0300  0.0302
  0.0299  0.0296  0.0295  0.0304  0.0302  0.0303  0.0302  0.0301  0.0298  0.0300  0.0296  0.0298
  0.0294  0.0294  0.0294  0.0297  0.0298  0.0298  0.0297  0.0296  0.0296  0.0295  0.0295  0.0295
  0.0293  0.0293  0.0293  0.0293  0.0296  0.0296  0.0295  0.0295  0.0295  0.0295  0.0295  0.0295
  0.0296  0.0294  0.0294  0.0299  0.0296  0.0295  0.0295  0.0298  0.0295  0.0297  0.0296  0.0295
  0.0303  0.0297  0.0296  0.0321  0.0299  0.0297  0.0298  0.0304  0.0298  0.0301  0.0297  0.0297
  0.0315  0.0301  0.0300  0.0357  0.0310  0.0305  0.0303  0.0314  0.0301  0.0307  0.0299  0.0300
niter,ni,del,rscale     4    3    5.0000    0.7000
parameters
    5.0072  -11.3717   21.8374   -8.1119  -12.6781   -2.6806
   -4.9950   10.1482    3.0172    3.0304  -10.9173  -13.2456
eta,q 0.97054 10.92186
  0.0305  0.0301  0.0300  0.0312  0.0304  0.0305  0.0303  0.0309  0.0300  0.0304  0.0298  0.0300
  0.0299  0.0297  0.0297  0.0305  0.0300  0.0300  0.0298  0.0300  0.0297  0.0298  0.0296  0.0297
  0.0296  0.0295  0.0296  0.0299  0.0296  0.0296  0.0296  0.0296  0.0295  0.0295  0.0295  0.0295
  0.0295  0.0295  0.0295  0.0294  0.0295  0.0295  0.0295  0.0295  0.0295  0.0295  0.0295  0.0295
  0.0296  0.0295  0.0295  0.0293  0.0295  0.0295  0.0296  0.0297  0.0295  0.0296  0.0295  0.0295
  0.0299  0.0297  0.0296  0.0300  0.0298  0.0297  0.0299  0.0301  0.0297  0.0300  0.0297  0.0296
  0.0305  0.0300  0.0298  0.0320  0.0305  0.0305  0.0304  0.0309  0.0300  0.0305  0.0298  0.0299
niter,ni,del,rscale     3    3    5.0000    0.6000
parameters
    5.0471  -11.3561   21.8912   -7.8644  -12.6022   -2.6311
   -5.0866   10.1477    2.9597    2.8785  -10.9580  -13.0991
eta,q 0.97061 10.93024
  0.0302  0.0299  0.0298  0.0309  0.0301  0.0301  0.0300  0.0305  0.0298  0.0301  0.0297  0.0298
  0.0298  0.0297  0.0296  0.0303  0.0297  0.0298  0.0297  0.0298  0.0296  0.0297  0.0295  0.0296
  0.0296  0.0295  0.0295  0.0299  0.0295  0.0295  0.0295  0.0295  0.0294  0.0294  0.0294  0.0294
  0.0295  0.0295  0.0295  0.0295  0.0294  0.0294  0.0294  0.0294  0.0294  0.0294  0.0294  0.0294
  0.0295  0.0295  0.0295  0.0293  0.0294  0.0294  0.0295  0.0295  0.0294  0.0295  0.0294  0.0294
  0.0297  0.0297  0.0296  0.0297  0.0296  0.0296  0.0297  0.0299  0.0296  0.0298  0.0295  0.0295
  0.0301  0.0299  0.0298  0.0310  0.0301  0.0302  0.0301  0.0305  0.0298  0.0302  0.0297  0.0297
niter,ni,del,rscale     2    3    5.0000    0.5000
parameters
    5.0389  -11.3720   21.8888   -7.5970  -12.5574   -2.6278
   -5.1442   10.1475    2.8829    2.7825  -10.9308  -13.0948
eta,q 0.97066 10.93814
  0.0299  0.0297  0.0296  0.0305  0.0298  0.0298  0.0298  0.0302  0.0296  0.0298  0.0296  0.0296
  0.0296  0.0295  0.0295  0.0301  0.0296  0.0296  0.0295  0.0297  0.0295  0.0295  0.0294  0.0294
  0.0294  0.0294  0.0294  0.0297  0.0294  0.0294  0.0294  0.0294  0.0294  0.0294  0.0293  0.0294
  0.0294  0.0294  0.0294  0.0294  0.0293  0.0293  0.0293  0.0293  0.0293  0.0293  0.0293  0.0293
  0.0295  0.0294  0.0294  0.0293  0.0294  0.0294  0.0294  0.0294  0.0294  0.0294  0.0294  0.0294
  0.0296  0.0295  0.0295  0.0295  0.0295  0.0295  0.0296  0.0297  0.0295  0.0296  0.0294  0.0295
  0.0299  0.0297  0.0296  0.0305  0.0298  0.0299  0.0298  0.0301  0.0297  0.0299  0.0295  0.0296
niter,ni,del,rscale     1    3    5.0000    0.4000
parameters
    5.0212  -11.3987   21.8639   -7.3149  -12.5520   -2.6570
   -5.2064   10.1297    2.8357    2.7468  -10.8641  -13.1754
eta,q 0.97070 10.94483
  0.0297  0.0295  0.0295  0.0301  0.0296  0.0296  0.0296  0.0298  0.0295  0.0296  0.0295  0.0295
  0.0295  0.0294  0.0294  0.0298  0.0294  0.0294  0.0294  0.0295  0.0294  0.0294  0.0294  0.0294
  0.0294  0.0294  0.0293  0.0295  0.0293  0.0293  0.0293  0.0293  0.0293  0.0293  0.0293  0.0293
  0.0293  0.0293  0.0293  0.0293  0.0293  0.0293  0.0293  0.0293  0.0293  0.0293  0.0293  0.0293
  0.0294  0.0294  0.0294  0.0293  0.0293  0.0293  0.0293  0.0294  0.0293  0.0293  0.0293  0.0293
  0.0295  0.0294  0.0294  0.0294  0.0294  0.0294  0.0294  0.0295  0.0294  0.0295  0.0294  0.0294
  0.0297  0.0295  0.0295  0.0300  0.0296  0.0296  0.0296  0.0298  0.0295  0.0296  0.0294  0.0295
registration optimization eta report
parameter search radius
    0.8000    0.8000    0.8000    2.7600    2.4000    2.4000
    2.4000    2.4000    2.4000    2.4000    2.4000    2.4000
100000*second partial in parameter space
       56.       31.       24.       10.        5.        6.
        5.        9.        3.        6.        3.        3.
  0.0297  0.0295  0.0295  0.0301  0.0296  0.0296  0.0296  0.0298  0.0295  0.0296  0.0295  0.0295
  0.0295  0.0294  0.0294  0.0298  0.0294  0.0294  0.0294  0.0295  0.0294  0.0294  0.0294  0.0294
  0.0294  0.0294  0.0293  0.0295  0.0293  0.0293  0.0293  0.0293  0.0293  0.0293  0.0293  0.0293
  0.0293  0.0293  0.0293  0.0293  0.0293  0.0293  0.0293  0.0293  0.0293  0.0293  0.0293  0.0293
  0.0294  0.0294  0.0294  0.0293  0.0293  0.0293  0.0293  0.0294  0.0293  0.0293  0.0293  0.0293
  0.0295  0.0294  0.0294  0.0294  0.0294  0.0294  0.0294  0.0295  0.0294  0.0295  0.0294  0.0294
  0.0297  0.0295  0.0295  0.0300  0.0296  0.0296  0.0296  0.0298  0.0295  0.0296  0.0294  0.0295
    5.0212  -11.3987   21.8639   -7.3149  -12.5520   -2.6570
   -5.2064   10.1297    2.8357    2.7468  -10.8641  -13.1754
eta,q 0.97070 10.94483

---------------------------------------------------------------------
imgreg_4dfp /opt/freesurfer/average/711-2C_as_mni_average_305 /opt/freesurfer/average/711-2B_as_mni_average_305_mask talsrcimg_g11 none talsrcimg_to_711-2C_as_mni_average_305_t4 2311
---------------------------------------------------------------------

freesurfer imgreg_4dfp.c
/opt/freesurfer/average/711-2C_as_mni_average_305.4dfp.img
       256       256       256         1
  1.000000  1.000000  1.000000
orientation T byte_order littleendian
Reading image: /opt/freesurfer/average/711-2C_as_mni_average_305.4dfp.img
dimensions:      256       256       256
mmppix:       1.0000   -1.0000   -1.0000
center:     128.0000 -129.0000 -129.0000
/opt/freesurfer/average/711-2B_as_mni_average_305_mask.4dfp.img
       256       256       256         1
  1.000000  1.000000  1.000000
orientation T byte_order littleendian
Reading mask: /opt/freesurfer/average/711-2B_as_mni_average_305_mask.4dfp.img (2306576 pixels)
talsrcimg_g11.4dfp.img
       256       256       256         1
  1.000000  1.000000  1.000000
orientation T byte_order littleendian
Reading image: talsrcimg_g11.4dfp.img
dimensions:      256       256       256
mmppix:       1.0000   -1.0000   -1.0000
center:     128.0000 -129.0000 -129.0000
fimgreg.f
image alignment mode   2311 decimal      907 hex
parameters
    5.0212  -11.3987   21.8639   -7.3149  -12.5520   -2.6570
   -5.2064   10.1297    2.8357    2.7468  -10.8641  -13.1754
eta,q 0.97070 10.94483
niter,ni,del,rscale     5    3    5.0000    0.8000
parameters
    4.9996  -11.4027   21.7952   -8.0898  -12.9705   -2.9207
   -4.9456   10.1794    3.0035    2.8055  -10.9400  -13.2613
eta,q 0.97053 10.89781
  0.0308  0.0301  0.0299  0.0308  0.0305  0.0306  0.0307  0.0315  0.0302  0.0308  0.0300  0.0301
  0.0300  0.0296  0.0295  0.0302  0.0300  0.0301  0.0300  0.0302  0.0298  0.0300  0.0296  0.0297
  0.0295  0.0294  0.0294  0.0297  0.0296  0.0296  0.0296  0.0296  0.0296  0.0296  0.0295  0.0295
  0.0293  0.0293  0.0293  0.0293  0.0294  0.0295  0.0295  0.0295  0.0295  0.0295  0.0295  0.0295
  0.0295  0.0294  0.0294  0.0294  0.0295  0.0295  0.0296  0.0297  0.0295  0.0297  0.0296  0.0296
  0.0300  0.0297  0.0296  0.0308  0.0300  0.0300  0.0299  0.0303  0.0298  0.0301  0.0297  0.0298
  0.0309  0.0301  0.0300  0.0334  0.0313  0.0312  0.0305  0.0313  0.0301  0.0307  0.0299  0.0301
niter,ni,del,rscale     4    3    5.0000    0.7000
parameters
    5.0472  -11.3720   21.8824   -7.8326  -12.7326   -2.8063
   -5.0841   10.1750    2.9078    2.8628  -10.9173  -13.1650
eta,q 0.97061 10.92061
  0.0305  0.0301  0.0300  0.0309  0.0304  0.0304  0.0302  0.0309  0.0299  0.0305  0.0298  0.0299
  0.0300  0.0297  0.0297  0.0304  0.0299  0.0299  0.0297  0.0300  0.0296  0.0298  0.0296  0.0296
  0.0296  0.0295  0.0296  0.0299  0.0296  0.0296  0.0295  0.0295  0.0294  0.0295  0.0294  0.0294
  0.0295  0.0295  0.0295  0.0295  0.0294  0.0294  0.0294  0.0294  0.0294  0.0294  0.0294  0.0294
  0.0296  0.0295  0.0295  0.0293  0.0294  0.0294  0.0295  0.0296  0.0295  0.0295  0.0295  0.0294
  0.0299  0.0297  0.0296  0.0297  0.0296  0.0297  0.0298  0.0301  0.0297  0.0299  0.0296  0.0296
  0.0304  0.0300  0.0299  0.0310  0.0303  0.0304  0.0303  0.0309  0.0300  0.0303  0.0298  0.0298
niter,ni,del,rscale     3    3    5.0000    0.6000
parameters
    5.0355  -11.3650   21.8736   -7.6127  -12.6320   -2.7045
   -5.1038   10.1750    2.8767    2.8372  -10.8782  -13.1406
eta,q 0.97066 10.93339
  0.0301  0.0298  0.0297  0.0306  0.0300  0.0301  0.0300  0.0305  0.0298  0.0301  0.0297  0.0297
  0.0297  0.0296  0.0295  0.0301  0.0297  0.0297  0.0296  0.0298  0.0295  0.0296  0.0295  0.0295
  0.0295  0.0294  0.0294  0.0297  0.0295  0.0294  0.0294  0.0294  0.0294  0.0294  0.0294  0.0294
  0.0294  0.0294  0.0294  0.0294  0.0294  0.0293  0.0293  0.0293  0.0293  0.0293  0.0293  0.0293
  0.0295  0.0295  0.0294  0.0293  0.0294  0.0294  0.0294  0.0295  0.0294  0.0295  0.0294  0.0294
  0.0297  0.0296  0.0295  0.0296  0.0296  0.0296  0.0297  0.0299  0.0295  0.0297  0.0295  0.0295
  0.0302  0.0298  0.0297  0.0306  0.0301  0.0301  0.0300  0.0305  0.0298  0.0301  0.0296  0.0297
niter,ni,del,rscale     2    3    5.0000    0.5000
parameters
    5.0162  -11.3870   21.8577   -7.3786  -12.5882   -2.6561
   -5.1532   10.1634    2.8424    2.8041  -10.8262  -13.1669
eta,q 0.97069 10.94282
  0.0299  0.0296  0.0296  0.0302  0.0298  0.0298  0.0298  0.0301  0.0296  0.0298  0.0296  0.0296
  0.0296  0.0295  0.0294  0.0299  0.0295  0.0295  0.0295  0.0296  0.0294  0.0295  0.0294  0.0294
  0.0294  0.0294  0.0294  0.0296  0.0294  0.0294  0.0293  0.0294  0.0293  0.0293  0.0293  0.0293
  0.0293  0.0293  0.0293  0.0293  0.0293  0.0293  0.0293  0.0293  0.0293  0.0293  0.0293  0.0293
  0.0294  0.0294  0.0294  0.0293  0.0293  0.0293  0.0294  0.0294  0.0293  0.0294  0.0293  0.0293
  0.0296  0.0295  0.0294  0.0295  0.0295  0.0295  0.0295  0.0297  0.0294  0.0296  0.0294  0.0294
  0.0299  0.0297  0.0296  0.0302  0.0298  0.0298  0.0298  0.0301  0.0296  0.0298  0.0295  0.0296
niter,ni,del,rscale     1    3    5.0000    0.4000
parameters
    4.9988  -11.4218   21.8283   -7.1500  -12.5808   -2.6540
   -5.2068   10.1393    2.8113    2.7702  -10.7631  -13.2596
eta,q 0.97072 10.94886
  0.0297  0.0295  0.0294  0.0300  0.0296  0.0296  0.0296  0.0298  0.0295  0.0296  0.0294  0.0294
  0.0295  0.0294  0.0294  0.0297  0.0294  0.0294  0.0294  0.0295  0.0294  0.0294  0.0293  0.0293
  0.0293  0.0293  0.0293  0.0295  0.0293  0.0293  0.0293  0.0293  0.0293  0.0293  0.0293  0.0293
  0.0293  0.0293  0.0293  0.0293  0.0293  0.0293  0.0293  0.0293  0.0293  0.0293  0.0293  0.0293
  0.0294  0.0293  0.0293  0.0293  0.0293  0.0293  0.0293  0.0293  0.0293  0.0293  0.0293  0.0293
  0.0295  0.0294  0.0294  0.0294  0.0294  0.0294  0.0294  0.0295  0.0294  0.0294  0.0293  0.0294
  0.0297  0.0295  0.0295  0.0299  0.0296  0.0296  0.0296  0.0298  0.0295  0.0296  0.0294  0.0295
registration optimization eta report
parameter search radius
    0.8000    0.8000    0.8000    2.4000    2.4000    2.4000
    2.4000    2.4000    2.4000    2.4000    2.4000    2.4000
100000*second partial in parameter space
       58.       32.       24.       11.        5.        5.
        6.        9.        3.        6.        3.        3.
  0.0297  0.0295  0.0294  0.0300  0.0296  0.0296  0.0296  0.0298  0.0295  0.0296  0.0294  0.0294
  0.0295  0.0294  0.0294  0.0297  0.0294  0.0294  0.0294  0.0295  0.0294  0.0294  0.0293  0.0293
  0.0293  0.0293  0.0293  0.0295  0.0293  0.0293  0.0293  0.0293  0.0293  0.0293  0.0293  0.0293
  0.0293  0.0293  0.0293  0.0293  0.0293  0.0293  0.0293  0.0293  0.0293  0.0293  0.0293  0.0293
  0.0294  0.0293  0.0293  0.0293  0.0293  0.0293  0.0293  0.0293  0.0293  0.0293  0.0293  0.0293
  0.0295  0.0294  0.0294  0.0294  0.0294  0.0294  0.0294  0.0295  0.0294  0.0294  0.0293  0.0294
  0.0297  0.0295  0.0295  0.0299  0.0296  0.0296  0.0296  0.0298  0.0295  0.0296  0.0294  0.0295
    4.9988  -11.4218   21.8283   -7.1500  -12.5808   -2.6540
   -5.2068   10.1393    2.8113    2.7702  -10.7631  -13.2596
eta,q 0.97072 10.94886

---------------------------------------------------------------------
compute_vox2vox talsrcimg talsrcimg_to_711-2C_as_mni_average_305_t4 /opt/freesurfer/average/711-2C_as_mni_average_305
---------------------------------------------------------------------

freesurfer compute_vox2vox.c
Reading: talsrcimg.4dfp.ifh
Reading: talsrcimg_to_711-2C_as_mni_average_305_t4
Reading: /opt/freesurfer/average/711-2C_as_mni_average_305.4dfp.ifh
Writing: talsrcimg_to_711-2C_as_mni_average_305_t4_vox2vox.txt

start time Thu Mar 12 15:52:36 CET 2026
end		time Thu Mar 12 15:52:50 CET 2026

mpr2mni305 success

avi2talxfm orig_nu.mgz /opt/freesurfer/average/mni305.cor.mgz talsrcimg_to_711-2C_as_mni_average_305_t4_vox2vox.txt transforms/talairach.auto.xfm
avi2talxfm done
mv -f /out/sourcedata/freesurfer/sub-v1s20x0050372_ses-1/mri/talsrcimg_to_711-2C_as_mni_average_305_t4_vox2vox.txt /out/sourcedata/freesurfer/sub-v1s20x0050372_ses-1/mri/transforms/talsrcimg_to_711-2C_as_mni_average_305_t4_vox2vox.txt
lta_convert --src orig_nu.mgz --trg /opt/freesurfer/average/mni305.cor.mgz --inxfm transforms/talairach.auto.xfm --outlta transforms/talairach.auto.xfm.lta --subject fsaverage
7.3.2

--src: orig_nu.mgz src image (geometry).
--trg: /opt/freesurfer/average/mni305.cor.mgz trg image (geometry).
--inmni: transforms/talairach.auto.xfm input MNI/XFM transform.
--outlta: transforms/talairach.auto.xfm.lta output LTA.
--s: fsaverage subject name
 LTA read, type : 1
 1.06262  -0.11200   0.04630  -2.96080;
 0.11235   1.01101   0.16004  -21.45769;
-0.03773  -0.02844   1.13735   13.12265;
 0.00000   0.00000   0.00000   1.00000;
setting subject to fsaverage
Writing  LTA to file transforms/talairach.auto.xfm.lta...
lta_convert successful.
 
 
Started at Thu Mar 12 15:52:35 CET 2026
Ended   at Thu Mar 12 15:52:50 CET 2026
talairach_avi done
