/out/sourcedata/freesurfer/sub-v1s20x0050353_ses-1/mri
/opt/freesurfer/bin/talairach_avi
--i orig_nu.mgz --xfm transforms/talairach.auto.xfm
talairach_avi 7.3.2
Linux dna082 5.14.0-427.37.1.el9_4.x86_64 #1 SMP PREEMPT_DYNAMIC Fri Sep 13 12:41:50 EDT 2024 x86_64 x86_64 x86_64 GNU/Linux
Thu Mar 12 18:18:28 CET 2026
mri_convert orig_nu.mgz talsrcimg.img 
reading from orig_nu.mgz...
TR=0.00, TE=0.00, TI=0.00, flip angle=0.00
i_ras = (-1, 0, 0)
j_ras = (0, 0, -1)
k_ras = (0, 1, 0)
writing to talsrcimg.img...
Analyze Output Matrix
-1.00000   0.00000   0.00000   129.50778;
 0.00000   0.00000   1.00000  -128.49219;
 0.00000  -1.00000   0.00000   129.70001;
 0.00000   0.00000   0.00000   1.00000;
--------------------
INFO: set hdr.hist.orient to -1
mpr2mni305 talsrcimg
Thu Mar 12 18:18:28 CET 2026
/opt/freesurfer/bin/mpr2mni305 talsrcimg
mpr2mni305 7.3.2
target=711-2C_as_mni_average_305

---------------------------------------------------------------------
analyzeto4dfp talsrcimg -O0 -y
---------------------------------------------------------------------

freesurfer ifh2hdr.c
Thu Mar 12 18:18:28 2026
Writing: talsrcimg.4dfp.hdr
freesurfer analyzeto4dfp.c
Reading: talsrcimg.hdr
header size 348 bytes
hdr.dime.datatype	offset=70	value=2
hdr.dime.bitpix		offset=72	value=8
hdr.hist.orient		offset=252	value=-1
dimensionality     4
dimensions       256       256       256         1
Reading: talsrcimg.img
Writing: talsrcimg.4dfp.img
Writing: talsrcimg.4dfp.ifh
ifh2hdr talsrcimg -r0to239
ori=2

---------------------------------------------------------------------
gauss_4dfp talsrcimg 1.1
---------------------------------------------------------------------

freesurfer gauss_4dfp.c
Reading: talsrcimg.4dfp.img
Writing: talsrcimg_g11.4dfp.img
image dimensions 256 256 256 padded to 288 288 288
processing volume 1freesurfer ifh2hdr.c
Thu Mar 12 18:18:30 2026
Writing: talsrcimg_g11.4dfp.hdr

Writing: talsrcimg_g11.4dfp.ifh
including: talsrcimg.4dfp.img.rec in talsrcimg_g11.4dfp.img.rec

---------------------------------------------------------------------
imgreg_4dfp /opt/freesurfer/average/711-2C_as_mni_average_305 none talsrcimg_g11 none talsrcimg_to_711-2C_as_mni_average_305_t4 4355
---------------------------------------------------------------------

freesurfer imgreg_4dfp.c
/opt/freesurfer/average/711-2C_as_mni_average_305.4dfp.img
       256       256       256         1
  1.000000  1.000000  1.000000
orientation T byte_order littleendian
Reading image: /opt/freesurfer/average/711-2C_as_mni_average_305.4dfp.img
dimensions:      256       256       256
mmppix:       1.0000   -1.0000   -1.0000
center:     128.0000 -129.0000 -129.0000
talsrcimg_g11.4dfp.img
       256       256       256         1
  1.000000  1.000000  1.000000
orientation T byte_order littleendian
Reading image: talsrcimg_g11.4dfp.img
dimensions:      256       256       256
mmppix:       1.0000   -1.0000   -1.0000
center:     128.0000 -129.0000 -129.0000
t4_read: open error in t4_sub.f l:  41 t4_file(1:l)talsrcimg_to_711-2C_as_mni_average_305_t4 
t4_read: transform initialized to I4
rotation matrix determinant  1.000000
image alignment mode   4355 decimal     1103 hex
   -7.5000  -45.0000  -45.0000 6591.0854   24.5427
    0.0000  -45.0000  -45.0000 6879.0610   24.5240
    7.5000  -45.0000  -45.0000 6621.5967   24.5023
   -7.5000  -37.5000  -45.0000 7089.1152   24.5051
    0.0000  -37.5000  -45.0000 7411.0430   24.4800
    7.5000  -37.5000  -45.0000 7127.7842   24.4687
   -7.5000  -30.0000  -45.0000 7860.3213   24.4347
    0.0000  -30.0000  -45.0000 8218.3281   24.3904
    7.5000  -30.0000  -45.0000 7902.4873   24.3840
   -7.5000  -22.5000  -45.0000 8567.9473   24.3995
    0.0000  -22.5000  -45.0000 8955.9385   24.3470
    7.5000  -22.5000  -45.0000 8592.4404   24.3346
   -7.5000  -15.0000  -45.0000 9193.9941   24.4193
    0.0000  -15.0000  -45.0000 9612.0010   24.3759
    7.5000  -15.0000  -45.0000 9189.1826   24.3550
   -7.5000   -7.5000  -45.0000 9803.3496   24.4919
    0.0000   -7.5000  -45.000010239.7793   24.4630
    7.5000   -7.5000  -45.0000 9793.4512   24.4376
   -7.5000    0.0000  -45.000010371.0957   24.5427
    0.0000    0.0000  -45.000010834.7656   24.5240
    7.5000    0.0000  -45.000010351.3584   24.5023
   -7.5000    7.5000  -45.000010107.7510   24.5051
    0.0000    7.5000  -45.000010584.8838   24.4800
    7.5000    7.5000  -45.000010136.5898   24.4687
   -7.5000   15.0000  -45.0000 9818.1973   24.4347
    0.0000   15.0000  -45.000010305.1357   24.3904
    7.5000   15.0000  -45.0000 9870.0518   24.3840
   -7.5000   22.5000  -45.0000 9457.7266   24.3962
    0.0000   22.5000  -45.0000 9881.4570   24.3437
    7.5000   22.5000  -45.0000 9471.1982   24.3312
   -7.5000   30.0000  -45.0000 8902.6924   24.0939
    0.0000   30.0000  -45.0000 9306.5400   24.0510
    7.5000   30.0000  -45.0000 8870.9668   24.0304
   -7.5000   37.5000  -45.0000 8516.2588   24.1656
    0.0000   37.5000  -45.0000 8896.6133   24.1370
    7.5000   37.5000  -45.0000 8471.8574   24.1120
   -7.5000   45.0000  -45.0000 7825.4897   23.6007
    0.0000   45.0000  -45.0000 8156.1997   23.5828
    7.5000   45.0000  -45.0000 7771.3696   23.5619
   -7.5000  -45.0000  -37.5000 7101.7729   24.2755
    0.0000  -45.0000  -37.5000 7439.8594   24.2437
    7.5000  -45.0000  -37.5000 7110.9214   24.2294
   -7.5000  -37.5000  -37.5000 7644.2051   24.2594
    0.0000  -37.5000  -37.5000 7982.5142   24.2248
    7.5000  -37.5000  -37.5000 7631.3843   24.2143
   -7.5000  -30.0000  -37.5000 8462.6846   24.1914
    0.0000  -30.0000  -37.5000 8845.3438   24.1484
    7.5000  -30.0000  -37.5000 8459.6045   24.1386
   -7.5000  -22.5000  -37.5000 9225.5654   24.1378
    0.0000  -22.5000  -37.5000 9635.3379   24.0930
    7.5000  -22.5000  -37.5000 9216.6650   24.0801
   -7.5000  -15.0000  -37.5000 9857.5576   24.1391
    0.0000  -15.0000  -37.500010330.1523   24.0995
    7.5000  -15.0000  -37.5000 9843.0684   24.0835
   -7.5000   -7.5000  -37.500010457.9287   24.2087
    0.0000   -7.5000  -37.500010950.3115   24.1735
    7.5000   -7.5000  -37.500010448.5527   24.1569
   -7.5000    0.0000  -37.500011052.8564   24.2755
    0.0000    0.0000  -37.500011558.9512   24.2437
    7.5000    0.0000  -37.500010999.3701   24.2294
   -7.5000    7.5000  -37.500010789.5986   24.2594
    0.0000    7.5000  -37.500011292.3682   24.2248
    7.5000    7.5000  -37.500010754.3848   24.2143
   -7.5000   15.0000  -37.500010471.4912   24.1914
    0.0000   15.0000  -37.500010971.2832   24.1484
    7.5000   15.0000  -37.500010461.8535   24.1386
   -7.5000   22.5000  -37.500010033.5010   24.1345
    0.0000   22.5000  -37.500010530.2256   24.0897
    7.5000   22.5000  -37.500010033.8359   24.0768
   -7.5000   30.0000  -37.5000 9449.0996   23.8175
    0.0000   30.0000  -37.5000 9895.3057   23.7784
    7.5000   30.0000  -37.5000 9404.0273   23.7626
   -7.5000   37.5000  -37.5000 9004.1992   23.8861
    0.0000   37.5000  -37.5000 9429.8779   23.8513
    7.5000   37.5000  -37.5000 8929.0518   23.8349
   -7.5000   45.0000  -37.5000 8263.0459   23.3438
    0.0000   45.0000  -37.5000 8631.8369   23.3132
    7.5000   45.0000  -37.5000 8197.2666   23.2995
   -7.5000  -45.0000  -30.0000 7765.0786   25.0990
    0.0000  -45.0000  -30.0000 8121.5244   25.0523
    7.5000  -45.0000  -30.0000 7747.3760   25.0479
   -7.5000  -37.5000  -30.0000 8361.1738   25.0947
    0.0000  -37.5000  -30.0000 8737.7314   25.0551
    7.5000  -37.5000  -30.0000 8344.0137   25.0551
   -7.5000  -30.0000  -30.0000 9236.4443   25.0364
    0.0000  -30.0000  -30.0000 9668.6318   24.9987
    7.5000  -30.0000  -30.0000 9223.4053   24.9937
   -7.5000  -22.5000  -30.000010065.2861   24.9825
    0.0000  -22.5000  -30.000010521.8916   24.9415
    7.5000  -22.5000  -30.000010051.0420   24.9261
   -7.5000  -15.0000  -30.000010770.5977   24.9769
    0.0000  -15.0000  -30.000011272.5449   24.9309
    7.5000  -15.0000  -30.000010734.0957   24.9105
   -7.5000   -7.5000  -30.000011394.9980   25.0348
    0.0000   -7.5000  -30.000011934.7305   24.9850
    7.5000   -7.5000  -30.000011338.2139   24.9706
   -7.5000    0.0000  -30.000011989.7627   25.0990
    0.0000    0.0000  -30.000012524.9756   25.0523
    7.5000    0.0000  -30.000011912.2002   25.0479
   -7.5000    7.5000  -30.000011664.3281   25.0947
    0.0000    7.5000  -30.000012183.8047   25.0551
    7.5000    7.5000  -30.000011600.1494   25.0551
   -7.5000   15.0000  -30.000011300.7344   25.0364
    0.0000   15.0000  -30.000011811.8555   24.9987
    7.5000   15.0000  -30.000011279.4238   24.9937
   -7.5000   22.5000  -30.000010825.6562   24.9765
    0.0000   22.5000  -30.000011357.0898   24.9355
    7.5000   22.5000  -30.000010814.7910   24.9202
   -7.5000   30.0000  -30.000010170.3057   24.6464
    0.0000   30.0000  -30.000010655.5869   24.6010
    7.5000   30.0000  -30.000010112.6182   24.5808
   -7.5000   37.5000  -30.0000 9634.1582   24.7036
    0.0000   37.5000  -30.000010089.8545   24.6544
    7.5000   37.5000  -30.0000 9565.3818   24.6402
   -7.5000   45.0000  -30.0000 8799.1494   24.1534
    0.0000   45.0000  -30.0000 9227.0566   24.1085
    7.5000   45.0000  -30.0000 8753.2373   24.1043
   -7.5000  -45.0000  -22.5000 8475.6035   25.9272
    0.0000  -45.0000  -22.5000 8863.9111   25.8885
    7.5000  -45.0000  -22.5000 8479.1533   25.8873
   -7.5000  -37.5000  -22.5000 9135.8682   25.9175
    0.0000  -37.5000  -22.5000 9558.4863   25.8915
    7.5000  -37.5000  -22.5000 9142.8467   25.9039
   -7.5000  -30.0000  -22.500010078.0146   25.8710
    0.0000  -30.0000  -22.500010551.1445   25.8443
    7.5000  -30.0000  -22.500010064.3496   25.8510
   -7.5000  -22.5000  -22.500010976.5645   25.8362
    0.0000  -22.5000  -22.500011468.5078   25.7967
    7.5000  -22.5000  -22.500010942.5508   25.7817
   -7.5000  -15.0000  -22.500011716.8984   25.8392
    0.0000  -15.0000  -22.500012234.6338   25.7891
    7.5000  -15.0000  -22.500011656.6074   25.7599
   -7.5000   -7.5000  -22.500012409.1768   25.8834
    0.0000   -7.5000  -22.500012976.5176   25.8336
    7.5000   -7.5000  -22.500012311.4219   25.8124
   -7.5000    0.0000  -22.500012987.0811   25.9272
    0.0000    0.0000  -22.500013579.0205   25.8885
    7.5000    0.0000  -22.500012899.2910   25.8873
   -7.5000    7.5000  -22.500012622.2393   25.9175
    0.0000    7.5000  -22.500013179.2061   25.8915
    7.5000    7.5000  -22.500012544.9023   25.9039
   -7.5000   15.0000  -22.500012200.3574   25.8710
    0.0000   15.0000  -22.500012771.2197   25.8443
    7.5000   15.0000  -22.500012165.0166   25.8510
   -7.5000   22.5000  -22.500011657.3945   25.8282
    0.0000   22.5000  -22.500012227.0234   25.7888
    7.5000   22.5000  -22.500011626.0459   25.7737
   -7.5000   30.0000  -22.500010919.0049   25.5012
    0.0000   30.0000  -22.500011452.3857   25.4518
    7.5000   30.0000  -22.500010839.8682   25.4229
   -7.5000   37.5000  -22.500010328.4434   25.5449
    0.0000   37.5000  -22.500010820.3828   25.4957
    7.5000   37.5000  -22.500010253.3633   25.4748
   -7.5000   45.0000  -22.5000 9423.8652   24.9692
    0.0000   45.0000  -22.5000 9888.0977   24.9319
    7.5000   45.0000  -22.5000 9381.0205   24.9308
   -7.5000  -45.0000  -15.0000 9229.7617   26.5703
    0.0000  -45.0000  -15.0000 9653.5928   26.5496
    7.5000  -45.0000  -15.0000 9209.5596   26.5409
   -7.5000  -37.5000  -15.0000 9950.3193   26.5405
    0.0000  -37.5000  -15.000010414.4072   26.5295
    7.5000  -37.5000  -15.0000 9918.4268   26.5443
   -7.5000  -30.0000  -15.000010958.7979   26.4948
    0.0000  -30.0000  -15.000011476.5703   26.4720
    7.5000  -30.0000  -15.000010916.7598   26.4860
   -7.5000  -22.5000  -15.000011893.5898   26.4813
    0.0000  -22.5000  -15.000012436.7666   26.4377
    7.5000  -22.5000  -15.000011851.1680   26.4247
   -7.5000  -15.0000  -15.000012667.7393   26.5025
    0.0000  -15.0000  -15.000013234.9297   26.4515
    7.5000  -15.0000  -15.000012580.5732   26.4153
   -7.5000   -7.5000  -15.000013425.6260   26.5455
    0.0000   -7.5000  -15.000014050.4004   26.5055
    7.5000   -7.5000  -15.000013302.2061   26.4731
   -7.5000    0.0000  -15.000014077.1416   26.5703
    0.0000    0.0000  -15.000014724.2695   26.5496
    7.5000    0.0000  -15.000013962.8301   26.5409
   -7.5000    7.5000  -15.000013646.9082   26.5405
    0.0000    7.5000  -15.000014261.5977   26.5295
    7.5000    7.5000  -15.000013551.3008   26.5443
   -7.5000   15.0000  -15.000013124.2773   26.4948
    0.0000   15.0000  -15.000013764.9775   26.4720
    7.5000   15.0000  -15.000013052.2588   26.4860
   -7.5000   22.5000  -15.000012512.5371   26.4719
    0.0000   22.5000  -15.000013117.7666   26.4283
    7.5000   22.5000  -15.000012460.5820   26.4153
   -7.5000   30.0000  -15.000011677.1309   26.1595
    0.0000   30.0000  -15.000012259.8701   26.1091
    7.5000   30.0000  -15.000011619.2900   26.0735
   -7.5000   37.5000  -15.000011030.9580   26.2020
    0.0000   37.5000  -15.000011581.0410   26.1625
    7.5000   37.5000  -15.000010972.3672   26.1305
   -7.5000   45.0000  -15.000010069.9824   25.6039
    0.0000   45.0000  -15.000010591.7432   25.5840
    7.5000   45.0000  -15.000010031.3730   25.5757
   -7.5000  -45.0000   -7.500010005.3457   26.9467
    0.0000  -45.0000   -7.500010471.9336   26.9342
    7.5000  -45.0000   -7.5000 9985.2480   26.9139
   -7.5000  -37.5000   -7.500010772.7549   26.9021
    0.0000  -37.5000   -7.500011291.4463   26.8900
    7.5000  -37.5000   -7.500010749.5645   26.8913
   -7.5000  -30.0000   -7.500011876.2119   26.8417
    0.0000  -30.0000   -7.500012441.0439   26.8081
    7.5000  -30.0000   -7.500011808.2637   26.8136
   -7.5000  -22.5000   -7.500012847.8682   26.8256
    0.0000  -22.5000   -7.500013460.5996   26.7732
    7.5000  -22.5000   -7.500012764.5801   26.7595
   -7.5000  -15.0000   -7.500013664.3096   26.8551
    0.0000  -15.0000   -7.500014303.7578   26.8047
    7.5000  -15.0000   -7.500013539.4414   26.7712
   -7.5000   -7.5000   -7.500014432.6387   26.9155
    0.0000   -7.5000   -7.500015132.3066   26.8835
    7.5000   -7.5000   -7.500014309.4004   26.8476
   -7.5000    0.0000   -7.500015128.7803   26.9467
    0.0000    0.0000   -7.500015873.7217   26.9342
    7.5000    0.0000   -7.500015014.6016   26.9139
   -7.5000    7.5000   -7.500014687.7832   26.9021
    0.0000    7.5000   -7.500015384.5107   26.8900
    7.5000    7.5000   -7.500014552.1133   26.8913
   -7.5000   15.0000   -7.500014176.2656   26.8417
    0.0000   15.0000   -7.500014810.5762   26.8081
    7.5000   15.0000   -7.500014017.1484   26.8136
   -7.5000   22.5000   -7.500013447.9092   26.8132
    0.0000   22.5000   -7.500014089.7148   26.7608
    7.5000   22.5000   -7.500013310.4619   26.7471
   -7.5000   30.0000   -7.500012497.5967   26.5068
    0.0000   30.0000   -7.500013151.6738   26.4571
    7.5000   30.0000   -7.500012406.4854   26.4240
   -7.5000   37.5000   -7.500011837.4512   26.5665
    0.0000   37.5000   -7.500012473.3232   26.5349
    7.5000   37.5000   -7.500011784.7031   26.4994
   -7.5000   45.0000   -7.500010771.3867   25.9716
    0.0000   45.0000   -7.500011328.6250   25.9595
    7.5000   45.0000   -7.500010719.9941   25.9399
   -7.5000  -45.0000    0.000010754.6279   27.0362
    0.0000  -45.0000    0.000011277.1582   27.0189
    7.5000  -45.0000    0.000010694.3594   26.9954
   -7.5000  -37.5000    0.000011554.5576   26.9986
    0.0000  -37.5000    0.000012114.3730   26.9744
    7.5000  -37.5000    0.000011480.0615   26.9623
   -7.5000  -30.0000    0.000012717.5029   26.9234
    0.0000  -30.0000    0.000013332.9482   26.8774
    7.5000  -30.0000    0.000012619.4502   26.8705
   -7.5000  -22.5000    0.000013730.0488   26.8831
    0.0000  -22.5000    0.000014440.4326   26.8274
    7.5000  -22.5000    0.000013615.7432   26.8136
   -7.5000  -15.0000    0.000014564.4336   26.9013
    0.0000  -15.0000    0.000015282.5254   26.8553
    7.5000  -15.0000    0.000014420.6279   26.8321
   -7.5000   -7.5000    0.000015359.4863   26.9790
    0.0000   -7.5000    0.000016099.1748   26.9496
    7.5000   -7.5000    0.000015174.7988   26.9217
   -7.5000    0.0000    0.000016091.8057   27.0362
    0.0000    0.0000    0.000016859.3770   27.0189
    7.5000    0.0000    0.000015896.7373   26.9954
   -7.5000    7.5000    0.000015644.7559   26.9986
    0.0000    7.5000    0.000016360.0107   26.9744
    7.5000    7.5000    0.000015381.4385   26.9623
   -7.5000   15.0000    0.000015092.2734   26.9234
    0.0000   15.0000    0.000015779.3955   26.8774
    7.5000   15.0000    0.000014849.1260   26.8705
   -7.5000   22.5000    0.000014305.0361   26.8707
    0.0000   22.5000    0.000014974.0029   26.8150
    7.5000   22.5000    0.000014083.4189   26.8012
   -7.5000   30.0000    0.000013227.5869   26.5532
    0.0000   30.0000    0.000013905.6846   26.5077
    7.5000   30.0000    0.000013065.5645   26.4848
   -7.5000   37.5000    0.000012512.4541   26.6298
    0.0000   37.5000    0.000013222.6299   26.6008
    7.5000   37.5000    0.000012432.1982   26.5733
   -7.5000   45.0000    0.000011364.7705   26.0598
    0.0000   45.0000    0.000011987.1719   26.0431
    7.5000   45.0000    0.000011324.0615   26.0204
   -7.5000  -45.0000    7.500010642.9248   27.0076
    0.0000  -45.0000    7.500011149.9619   26.9717
    7.5000  -45.0000    7.500010571.7383   26.9564
   -7.5000  -37.5000    7.500011416.0518   26.9899
    0.0000  -37.5000    7.500011961.9111   26.9511
    7.5000  -37.5000    7.500011326.8564   26.9399
   -7.5000  -30.0000    7.500012512.5010   26.9146
    0.0000  -30.0000    7.500013117.3467   26.8664
    7.5000  -30.0000    7.500012469.1934   26.8558
   -7.5000  -22.5000    7.500013583.4082   26.8549
    0.0000  -22.5000    7.500014300.9209   26.8046
    7.5000  -22.5000    7.500013524.8623   26.7903
   -7.5000  -15.0000    7.500014479.6250   26.8560
    0.0000  -15.0000    7.500015209.5742   26.8112
    7.5000  -15.0000    7.500014343.2471   26.7935
   -7.5000   -7.5000    7.500015268.4346   26.9331
    0.0000   -7.5000    7.500015923.7783   26.8933
    7.5000   -7.5000    7.500015037.1631   26.8752
   -7.5000    0.0000    7.500015933.6162   27.0076
    0.0000    0.0000    7.500016653.9492   26.9717
    7.5000    0.0000    7.500015683.0625   26.9564
   -7.5000    7.5000    7.500015448.5498   26.9899
    0.0000    7.5000    7.500016120.0078   26.9511
    7.5000    7.5000    7.500015151.9082   26.9399
   -7.5000   15.0000    7.500014861.9238   26.9146
    0.0000   15.0000    7.500015513.6875   26.8664
    7.5000   15.0000    7.500014590.1016   26.8558
   -7.5000   22.5000    7.500014035.1758   26.8425
    0.0000   22.5000    7.500014671.7549   26.7922
    7.5000   22.5000    7.500013805.3926   26.7780
   -7.5000   30.0000    7.500012992.6523   26.5084
    0.0000   30.0000    7.500013605.1885   26.4643
    7.5000   30.0000    7.500012779.3037   26.4468
   -7.5000   37.5000    7.500012288.8936   26.5846
    0.0000   37.5000    7.500012956.5732   26.5453
    7.5000   37.5000    7.500012163.1367   26.5274
   -7.5000   45.0000    7.500011188.1943   26.0322
    0.0000   45.0000    7.500011777.8740   25.9976
    7.5000   45.0000    7.500011080.0273   25.9828
   -7.5000  -45.0000   15.000010346.9062   26.9521
    0.0000  -45.0000   15.000010842.4766   26.9020
    7.5000  -45.0000   15.000010324.2363   26.8973
   -7.5000  -37.5000   15.000011085.3564   26.9475
    0.0000  -37.5000   15.000011622.0996   26.9050
    7.5000  -37.5000   15.000011045.2363   26.9050
   -7.5000  -30.0000   15.000012158.9170   26.8849
    0.0000  -30.0000   15.000012780.3682   26.8444
    7.5000  -30.0000   15.000012185.2627   26.8391
   -7.5000  -22.5000   15.000013315.4941   26.8270
    0.0000  -22.5000   15.000014154.0811   26.7829
    7.5000  -22.5000   15.000013296.0322   26.7665
   -7.5000  -15.0000   15.000014336.2705   26.8209
    0.0000  -15.0000   15.000015054.6338   26.7715
    7.5000  -15.0000   15.000014186.8291   26.7496
   -7.5000   -7.5000   15.000015000.7568   26.8832
    0.0000   -7.5000   15.000015539.0537   26.8296
    7.5000   -7.5000   15.000014811.4414   26.8143
   -7.5000    0.0000   15.000015599.0488   26.9521
    0.0000    0.0000   15.000016103.5713   26.9020
    7.5000    0.0000   15.000015360.7891   26.8973
   -7.5000    7.5000   15.000015081.6670   26.9475
    0.0000    7.5000   15.000015594.5098   26.9050
    7.5000    7.5000   15.000014829.7656   26.9050
   -7.5000   15.0000   15.000014498.4395   26.8849
    0.0000   15.0000   15.000015035.7500   26.8444
    7.5000   15.0000   15.000014290.4834   26.8391
   -7.5000   22.5000   15.000013686.9912   26.8147
    0.0000   22.5000   15.000014220.8018   26.7706
    7.5000   22.5000   15.000013471.0488   26.7542
   -7.5000   30.0000   15.000012636.1035   26.4738
    0.0000   30.0000   15.000013173.0645   26.4251
    7.5000   30.0000   15.000012402.7207   26.4034
   -7.5000   37.5000   15.000011936.5947   26.5353
    0.0000   37.5000   15.000012525.6172   26.4824
    7.5000   37.5000   15.000011775.8311   26.4672
   -7.5000   45.0000   15.000010870.0713   25.9787
    0.0000   45.0000   15.000011418.1572   25.9304
    7.5000   45.0000   15.000010754.1006   25.9259
   -7.5000  -45.0000   22.5000 9958.0967   26.9145
    0.0000  -45.0000   22.500010466.6074   26.8743
    7.5000  -45.0000   22.5000 9968.1318   26.8731
   -7.5000  -37.5000   22.500010663.5977   26.9044
    0.0000  -37.5000   22.500011196.5127   26.8774
    7.5000  -37.5000   22.500010677.3369   26.8903
   -7.5000  -30.0000   22.500011720.6045   26.8561
    0.0000  -30.0000   22.500012340.8203   26.8284
    7.5000  -30.0000   22.500011772.3662   26.8354
   -7.5000  -22.5000   22.500012798.9414   26.8200
    0.0000  -22.5000   22.500013590.3008   26.7791
    7.5000  -22.5000   22.500012817.1992   26.7635
   -7.5000  -15.0000   22.500013653.1885   26.8231
    0.0000  -15.0000   22.500014260.1328   26.7711
    7.5000  -15.0000   22.500013668.3340   26.7408
   -7.5000   -7.5000   22.500014329.2832   26.8691
    0.0000   -7.5000   22.500014771.1885   26.8173
    7.5000   -7.5000   22.500014344.3848   26.7953
   -7.5000    0.0000   22.500014993.3945   26.9145
    0.0000    0.0000   22.500015418.7539   26.8743
    7.5000    0.0000   22.500014881.5186   26.8731
   -7.5000    7.5000   22.500014597.7422   26.9044
    0.0000    7.5000   22.500015034.5596   26.8774
    7.5000    7.5000   22.500014377.7227   26.8903
   -7.5000   15.0000   22.500014037.9521   26.8561
    0.0000   15.0000   22.500014512.4990   26.8284
    7.5000   15.0000   22.500013822.4883   26.8354
   -7.5000   22.5000   22.500013221.0918   26.8077
    0.0000   22.5000   22.500013690.2314   26.7667
    7.5000   22.5000   22.500013000.2236   26.7511
   -7.5000   30.0000   22.500012183.3770   26.4760
    0.0000   30.0000   22.500012633.9346   26.4247
    7.5000   30.0000   22.500011979.7080   26.3947
   -7.5000   37.5000   22.500011529.0791   26.5213
    0.0000   37.5000   22.500012012.2207   26.4703
    7.5000   37.5000   22.500011378.7207   26.4485
   -7.5000   45.0000   22.500010482.4883   25.9425
    0.0000   45.0000   22.500010961.1670   25.9038
    7.5000   45.0000   22.500010390.3213   25.9026
   -7.5000  -45.0000   30.0000 9434.7080   26.9349
    0.0000  -45.0000   30.0000 9909.9512   26.9139
    7.5000  -45.0000   30.0000 9460.0000   26.9052
   -7.5000  -37.5000   30.000010086.5020   26.9047
    0.0000  -37.5000   30.000010596.9863   26.8936
    7.5000  -37.5000   30.000010136.7344   26.9086
   -7.5000  -30.0000   30.000011112.9482   26.8584
    0.0000  -30.0000   30.000011718.7451   26.8353
    7.5000  -30.0000   30.000011190.6670   26.8494
   -7.5000  -22.5000   30.000012060.4121   26.8447
    0.0000  -22.5000   30.000012760.8662   26.8005
    7.5000  -22.5000   30.000012145.9092   26.7873
   -7.5000  -15.0000   30.000012796.9268   26.8662
    0.0000  -15.0000   30.000013405.9443   26.8145
    7.5000  -15.0000   30.000012892.0469   26.7778
   -7.5000   -7.5000   30.000013513.7949   26.9098
    0.0000   -7.5000   30.000014069.7783   26.8693
    7.5000   -7.5000   30.000013570.0508   26.8364
   -7.5000    0.0000   30.000014247.2783   26.9349
    0.0000    0.0000   30.000014890.0176   26.9139
    7.5000    0.0000   30.000014227.1279   26.9052
   -7.5000    7.5000   30.000013955.6113   26.9047
    0.0000    7.5000   30.000014554.4932   26.8936
    7.5000    7.5000   30.000013819.4639   26.9086
   -7.5000   15.0000   30.000013430.7695   26.8584
    0.0000   15.0000   30.000013992.7031   26.8353
    7.5000   15.0000   30.000013258.7979   26.8494
   -7.5000   22.5000   30.000012585.4004   26.8323
    0.0000   22.5000   30.000013098.3291   26.7881
    7.5000   22.5000   30.000012435.2383   26.7750
   -7.5000   30.0000   30.000011550.5928   26.5185
    0.0000   30.0000   30.000012039.6738   26.4675
    7.5000   30.0000   30.000011425.1357   26.4313
   -7.5000   37.5000   30.000010893.6875   26.5616
    0.0000   37.5000   30.000011399.6680   26.5215
    7.5000   37.5000   30.000010843.3652   26.4891
   -7.5000   45.0000   30.0000 9877.6699   25.9622
    0.0000   45.0000   30.000010336.0840   25.9419
    7.5000   45.0000   30.0000 9869.6494   25.9335
   -7.5000  -45.0000   37.5000 9195.2910   27.0013
    0.0000  -45.0000   37.5000 9657.0977   26.9887
    7.5000  -45.0000   37.5000 9226.2607   26.9683
   -7.5000  -37.5000   37.5000 9849.1885   26.9566
    0.0000  -37.5000   37.500010353.5215   26.9445
    7.5000  -37.5000   37.5000 9893.1953   26.9458
   -7.5000  -30.0000   37.500010842.6221   26.8960
    0.0000  -30.0000   37.500011428.7402   26.8624
    7.5000  -30.0000   37.500010910.2383   26.8679
   -7.5000  -22.5000   37.500011765.8701   26.8799
    0.0000  -22.5000   37.500012365.8379   26.8274
    7.5000  -22.5000   37.500011835.9570   26.8136
   -7.5000  -15.0000   37.500012499.7393   26.9094
    0.0000  -15.0000   37.500013045.6523   26.8589
    7.5000  -15.0000   37.500012573.8389   26.8253
   -7.5000   -7.5000   37.500013204.6875   26.9700
    0.0000   -7.5000   37.500013784.5762   26.9379
    7.5000   -7.5000   37.500013266.1611   26.9019
   -7.5000    0.0000   37.500013859.2363   27.0013
    0.0000    0.0000   37.500014488.4688   26.9887
    7.5000    0.0000   37.500013900.6250   26.9683
   -7.5000    7.5000   37.500013527.9580   26.9566
    0.0000    7.5000   37.500014117.9932   26.9445
    7.5000    7.5000   37.500013531.5195   26.9458
   -7.5000   15.0000   37.500013077.5459   26.8960
    0.0000   15.0000   37.500013619.9580   26.8624
    7.5000   15.0000   37.500013017.5889   26.8679
   -7.5000   22.5000   37.500012296.8662   26.8676
    0.0000   22.5000   37.500012805.8711   26.8150
    7.5000   22.5000   37.500012220.9424   26.8013
   -7.5000   30.0000   37.500011282.2891   26.5612
    0.0000   30.0000   37.500011791.5195   26.5113
    7.5000   30.0000   37.500011220.9072   26.4782
   -7.5000   37.5000   37.500010646.9062   26.6210
    0.0000   37.5000   37.500011146.1406   26.5893
    7.5000   37.5000   37.500010621.5576   26.5538
   -7.5000   45.0000   37.5000 9619.3115   26.0262
    0.0000   45.0000   37.500010102.5586   26.0140
    7.5000   45.0000   37.5000 9616.0342   25.9944
   -7.5000  -45.0000   45.0000 8512.7529   26.9539
    0.0000  -45.0000   45.0000 8918.7217   26.9366
    7.5000  -45.0000   45.0000 8528.4990   26.9128
   -7.5000  -37.5000   45.0000 9120.2852   26.9160
    0.0000  -37.5000   45.0000 9581.3359   26.8917
    7.5000  -37.5000   45.0000 9146.2852   26.8794
   -7.5000  -30.0000   45.000010028.3223   26.8407
    0.0000  -30.0000   45.000010515.5703   26.7946
    7.5000  -30.0000   45.000010079.4160   26.7875
   -7.5000  -22.5000   45.000010847.8125   26.8006
    0.0000  -22.5000   45.000011328.5244   26.7448
    7.5000  -22.5000   45.000010908.1162   26.7309
   -7.5000  -15.0000   45.000011520.3906   26.8192
    0.0000  -15.0000   45.000012007.1650   26.7731
    7.5000  -15.0000   45.000011587.1631   26.7498
   -7.5000   -7.5000   45.000012179.9668   26.8970
    0.0000   -7.5000   45.000012695.3398   26.8676
    7.5000   -7.5000   45.000012243.4141   26.8395
   -7.5000    0.0000   45.000012733.6660   26.9539
    0.0000    0.0000   45.000013297.5117   26.9366
    7.5000    0.0000   45.000012789.8193   26.9128
   -7.5000    7.5000   45.000012399.5303   26.9160
    0.0000    7.5000   45.000012915.3418   26.8917
    7.5000    7.5000   45.000012437.4131   26.8794
   -7.5000   15.0000   45.000012018.7598   26.8407
    0.0000   15.0000   45.000012516.1748   26.7946
    7.5000   15.0000   45.000012020.8838   26.7875
   -7.5000   22.5000   45.000011342.1436   26.7881
    0.0000   22.5000   45.000011802.5098   26.7324
    7.5000   22.5000   45.000011310.3447   26.7185
   -7.5000   30.0000   45.000010434.3252   26.4698
    0.0000   30.0000   45.000010890.6748   26.4244
    7.5000   30.0000   45.000010405.9453   26.4013
   -7.5000   37.5000   45.0000 9856.8506   26.5466
    0.0000   37.5000   45.000010302.7559   26.5176
    7.5000   37.5000   45.0000 9859.9189   26.4898
   -7.5000   45.0000   45.0000 8883.6377   25.9922
    0.0000   45.0000   45.0000 9349.3291   25.9755
    7.5000   45.0000   45.0000 8921.6914   25.9526

---------------------------------------------------------------------
imgreg_4dfp /opt/freesurfer/average/711-2C_as_mni_average_305 /opt/freesurfer/average/711-2B_as_mni_average_305_mask talsrcimg_g11 none talsrcimg_to_711-2C_as_mni_average_305_t4 4355
---------------------------------------------------------------------

freesurfer imgreg_4dfp.c
/opt/freesurfer/average/711-2C_as_mni_average_305.4dfp.img
       256       256       256         1
  1.000000  1.000000  1.000000
orientation T byte_order littleendian
Reading image: /opt/freesurfer/average/711-2C_as_mni_average_305.4dfp.img
dimensions:      256       256       256
mmppix:       1.0000   -1.0000   -1.0000
center:     128.0000 -129.0000 -129.0000
/opt/freesurfer/average/711-2B_as_mni_average_305_mask.4dfp.img
       256       256       256         1
  1.000000  1.000000  1.000000
orientation T byte_order littleendian
Reading mask: /opt/freesurfer/average/711-2B_as_mni_average_305_mask.4dfp.img (2306576 pixels)
talsrcimg_g11.4dfp.img
       256       256       256         1
  1.000000  1.000000  1.000000
orientation T byte_order littleendian
Reading image: talsrcimg_g11.4dfp.img
dimensions:      256       256       256
mmppix:       1.0000   -1.0000   -1.0000
center:     128.0000 -129.0000 -129.0000
rotation matrix determinant  1.000000
image alignment mode   4355 decimal     1103 hex
   -7.5000  -45.0000  -45.0000 1838.8186   33.1924
    0.0000  -45.0000  -45.0000 1849.3828   32.8728
    7.5000  -45.0000  -45.0000 1843.7755   33.0647
   -7.5000  -37.5000  -45.0000 1929.6301   29.9132
    0.0000  -37.5000  -45.0000 1942.6611   29.6657
    7.5000  -37.5000  -45.0000 1936.8842   29.8270
   -7.5000  -30.0000  -45.0000 2014.3005   27.4445
    0.0000  -30.0000  -45.0000 2025.3174   27.2176
    7.5000  -30.0000  -45.0000 2021.0013   27.2821
   -7.5000  -22.5000  -45.0000 2073.9700   25.6359
    0.0000  -22.5000  -45.0000 2087.9214   25.3685
    7.5000  -22.5000  -45.0000 2080.9358   25.4625
   -7.5000  -15.0000  -45.0000 2118.9229   24.4675
    0.0000  -15.0000  -45.0000 2133.0942   24.1407
    7.5000  -15.0000  -45.0000 2120.4116   24.3046
   -7.5000   -7.5000  -45.0000 2141.8538   23.8491
    0.0000   -7.5000  -45.0000 2154.9893   23.5641
    7.5000   -7.5000  -45.0000 2142.3401   23.7601
   -7.5000    0.0000  -45.0000 2141.4426   23.9376
    0.0000    0.0000  -45.0000 2153.1970   23.7006
    7.5000    0.0000  -45.0000 2139.6692   23.9140
   -7.5000    7.5000  -45.0000 2107.9434   24.5946
    0.0000    7.5000  -45.0000 2122.2925   24.3348
    7.5000    7.5000  -45.0000 2109.1304   24.5313
   -7.5000   15.0000  -45.0000 2064.6433   25.6305
    0.0000   15.0000  -45.0000 2078.4521   25.3151
    7.5000   15.0000  -45.0000 2069.2903   25.5517
   -7.5000   22.5000  -45.0000 2001.6848   27.2745
    0.0000   22.5000  -45.0000 2011.7625   26.8759
    7.5000   22.5000  -45.0000 2004.1132   27.0805
   -7.5000   30.0000  -45.0000 1909.8346   29.5391
    0.0000   30.0000  -45.0000 1925.5410   29.0801
    7.5000   30.0000  -45.0000 1914.0530   29.4344
   -7.5000   37.5000  -45.0000 1806.7211   32.6293
    0.0000   37.5000  -45.0000 1823.6013   32.0827
    7.5000   37.5000  -45.0000 1810.5475   32.4926
   -7.5000   45.0000  -45.0000 1692.4259   36.8294
    0.0000   45.0000  -45.0000 1708.5164   36.3099
    7.5000   45.0000  -45.0000 1695.5077   36.6679
   -7.5000  -45.0000  -37.5000 1929.5721   30.4206
    0.0000  -45.0000  -37.5000 1945.5508   30.1470
    7.5000  -45.0000  -37.5000 1932.7808   30.2798
   -7.5000  -37.5000  -37.5000 2029.9691   27.4363
    0.0000  -37.5000  -37.5000 2043.2083   27.2361
    7.5000  -37.5000  -37.5000 2031.8513   27.3708
   -7.5000  -30.0000  -37.5000 2117.4226   25.1694
    0.0000  -30.0000  -37.5000 2133.8176   24.9837
    7.5000  -30.0000  -37.5000 2121.9202   25.0569
   -7.5000  -22.5000  -37.5000 2180.4893   23.4389
    0.0000  -22.5000  -37.5000 2198.3206   23.2685
    7.5000  -22.5000  -37.5000 2184.9502   23.3202
   -7.5000  -15.0000  -37.5000 2221.7444   22.3197
    0.0000  -15.0000  -37.5000 2239.2969   22.1191
    7.5000  -15.0000  -37.5000 2223.4819   22.2273
   -7.5000   -7.5000  -37.5000 2233.0286   21.8232
    0.0000   -7.5000  -37.5000 2253.7300   21.6402
    7.5000   -7.5000  -37.5000 2238.5881   21.7613
   -7.5000    0.0000  -37.5000 2233.7878   21.8422
    0.0000    0.0000  -37.5000 2249.7949   21.6917
    7.5000    0.0000  -37.5000 2237.0603   21.8657
   -7.5000    7.5000  -37.5000 2206.2629   22.4214
    0.0000    7.5000  -37.5000 2228.0227   22.2594
    7.5000    7.5000  -37.5000 2212.4004   22.3945
   -7.5000   15.0000  -37.5000 2164.4844   23.3038
    0.0000   15.0000  -37.5000 2179.9939   23.1081
    7.5000   15.0000  -37.5000 2168.8792   23.2499
   -7.5000   22.5000  -37.5000 2097.9321   24.7612
    0.0000   22.5000  -37.5000 2115.1389   24.4699
    7.5000   22.5000  -37.5000 2101.3284   24.6105
   -7.5000   30.0000  -37.5000 2005.0067   26.7900
    0.0000   30.0000  -37.5000 2017.8193   26.4211
    7.5000   30.0000  -37.5000 2004.2201   26.6882
   -7.5000   37.5000  -37.5000 1892.0800   29.6626
    0.0000   37.5000  -37.5000 1908.3890   29.2290
    7.5000   37.5000  -37.5000 1892.4633   29.5619
   -7.5000   45.0000  -37.5000 1772.3889   33.5183
    0.0000   45.0000  -37.5000 1789.8645   33.0718
    7.5000   45.0000  -37.5000 1777.9319   33.4276
   -7.5000  -45.0000  -30.0000 2053.2461   28.8568
    0.0000  -45.0000  -30.0000 2070.1470   28.6405
    7.5000  -45.0000  -30.0000 2055.6653   28.7534
   -7.5000  -37.5000  -30.0000 2164.8621   26.0276
    0.0000  -37.5000  -30.0000 2180.3992   25.8659
    7.5000  -37.5000  -30.0000 2164.8181   25.9789
   -7.5000  -30.0000  -30.0000 2258.4045   23.8856
    0.0000  -30.0000  -30.0000 2277.7312   23.7217
    7.5000  -30.0000  -30.0000 2261.2478   23.8055
   -7.5000  -22.5000  -30.0000 2324.1836   22.2420
    0.0000  -22.5000  -30.0000 2344.1238   22.0885
    7.5000  -22.5000  -30.0000 2327.9561   22.1610
   -7.5000  -15.0000  -30.0000 2369.2478   21.0777
    0.0000  -15.0000  -30.0000 2389.4463   20.9711
    7.5000  -15.0000  -30.0000 2369.7937   21.0390
   -7.5000   -7.5000  -30.0000 2379.7896   20.6708
    0.0000   -7.5000  -30.0000 2404.0569   20.5111
    7.5000   -7.5000  -30.0000 2388.5466   20.6090
   -7.5000    0.0000  -30.0000 2376.6780   20.6714
    0.0000    0.0000  -30.0000 2397.0806   20.5752
    7.5000    0.0000  -30.0000 2385.7139   20.6805
   -7.5000    7.5000  -30.0000 2345.9692   21.1765
    0.0000    7.5000  -30.0000 2369.6958   20.9997
    7.5000    7.5000  -30.0000 2356.6960   21.1271
   -7.5000   15.0000  -30.0000 2303.7773   21.9481
    0.0000   15.0000  -30.0000 2318.1377   21.7911
    7.5000   15.0000  -30.0000 2312.7485   21.9146
   -7.5000   22.5000  -30.0000 2235.0398   23.2661
    0.0000   22.5000  -30.0000 2251.8301   23.0518
    7.5000   22.5000  -30.0000 2243.6938   23.1995
   -7.5000   30.0000  -30.0000 2138.2673   25.2189
    0.0000   30.0000  -30.0000 2151.2446   24.9670
    7.5000   30.0000  -30.0000 2138.3420   25.1487
   -7.5000   37.5000  -30.0000 2013.9249   28.0098
    0.0000   37.5000  -30.0000 2028.3676   27.6376
    7.5000   37.5000  -30.0000 2014.5416   27.8821
   -7.5000   45.0000  -30.0000 1884.7867   31.4988
    0.0000   45.0000  -30.0000 1905.4591   31.1482
    7.5000   45.0000  -30.0000 1891.5645   31.4029
   -7.5000  -45.0000  -22.5000 2145.5576   27.2929
    0.0000  -45.0000  -22.5000 2163.8394   27.1653
    7.5000  -45.0000  -22.5000 2153.3093   27.1706
   -7.5000  -37.5000  -22.5000 2267.7886   24.5291
    0.0000  -37.5000  -22.5000 2282.2729   24.3990
    7.5000  -37.5000  -22.5000 2274.0298   24.4353
   -7.5000  -30.0000  -22.5000 2367.7622   22.3771
    0.0000  -30.0000  -22.5000 2388.2410   22.2167
    7.5000  -30.0000  -22.5000 2369.0496   22.3172
   -7.5000  -22.5000  -22.5000 2442.4604   20.8520
    0.0000  -22.5000  -22.5000 2463.7534   20.6329
    7.5000  -22.5000  -22.5000 2445.9683   20.7597
   -7.5000  -15.0000  -22.5000 2490.4912   19.7698
    0.0000  -15.0000  -22.5000 2514.2007   19.6045
    7.5000  -15.0000  -22.5000 2495.5562   19.6969
   -7.5000   -7.5000  -22.5000 2518.2495   19.3791
    0.0000   -7.5000  -22.5000 2539.6025   19.1815
    7.5000   -7.5000  -22.5000 2524.1868   19.2909
   -7.5000    0.0000  -22.5000 2506.4763   19.3883
    0.0000    0.0000  -22.5000 2531.3745   19.2572
    7.5000    0.0000  -22.5000 2519.2229   19.3579
   -7.5000    7.5000  -22.5000 2479.4788   19.8510
    0.0000    7.5000  -22.5000 2504.1519   19.6747
    7.5000    7.5000  -22.5000 2492.4954   19.7919
   -7.5000   15.0000  -22.5000 2431.1191   20.5867
    0.0000   15.0000  -22.5000 2453.0066   20.4190
    7.5000   15.0000  -22.5000 2443.5845   20.5048
   -7.5000   22.5000  -22.5000 2354.0627   21.8253
    0.0000   22.5000  -22.5000 2374.8682   21.6419
    7.5000   22.5000  -22.5000 2365.1470   21.7200
   -7.5000   30.0000  -22.5000 2249.5557   23.6101
    0.0000   30.0000  -22.5000 2264.0227   23.4494
    7.5000   30.0000  -22.5000 2252.2227   23.5482
   -7.5000   37.5000  -22.5000 2120.0859   26.1656
    0.0000   37.5000  -22.5000 2133.5325   25.9141
    7.5000   37.5000  -22.5000 2121.1926   26.1001
   -7.5000   45.0000  -22.5000 1982.7975   29.3685
    0.0000   45.0000  -22.5000 2001.2172   29.0663
    7.5000   45.0000  -22.5000 1985.0554   29.3107
   -7.5000  -45.0000  -15.0000 2215.6912   25.8046
    0.0000  -45.0000  -15.0000 2229.7156   25.6178
    7.5000  -45.0000  -15.0000 2223.4104   25.5951
   -7.5000  -37.5000  -15.0000 2345.0286   23.1252
    0.0000  -37.5000  -15.0000 2359.4839   23.0033
    7.5000  -37.5000  -15.0000 2346.3633   22.9475
   -7.5000  -30.0000  -15.0000 2449.8523   21.0378
    0.0000  -30.0000  -15.0000 2468.6404   20.8668
    7.5000  -30.0000  -15.0000 2452.3831   20.8906
   -7.5000  -22.5000  -15.0000 2532.6929   19.5448
    0.0000  -22.5000  -15.0000 2553.8108   19.3139
    7.5000  -22.5000  -15.0000 2544.8857   19.4131
   -7.5000  -15.0000  -15.0000 2588.6479   18.5403
    0.0000  -15.0000  -15.0000 2610.5740   18.3053
    7.5000  -15.0000  -15.0000 2596.8064   18.4391
   -7.5000   -7.5000  -15.0000 2631.5583   18.1308
    0.0000   -7.5000  -15.0000 2649.6519   17.9252
    7.5000   -7.5000  -15.0000 2635.3838   18.0118
   -7.5000    0.0000  -15.0000 2627.9580   18.1512
    0.0000    0.0000  -15.0000 2650.8044   18.0060
    7.5000    0.0000  -15.0000 2634.1489   18.0969
   -7.5000    7.5000  -15.0000 2599.9395   18.5560
    0.0000    7.5000  -15.0000 2623.0469   18.3745
    7.5000    7.5000  -15.0000 2608.7422   18.5014
   -7.5000   15.0000  -15.0000 2540.1636   19.3088
    0.0000   15.0000  -15.0000 2567.3965   19.1233
    7.5000   15.0000  -15.0000 2549.5925   19.1962
   -7.5000   22.5000  -15.0000 2455.0828   20.4779
    0.0000   22.5000  -15.0000 2479.6655   20.2865
    7.5000   22.5000  -15.0000 2462.3674   20.3666
   -7.5000   30.0000  -15.0000 2344.6096   22.2185
    0.0000   30.0000  -15.0000 2362.6919   22.0271
    7.5000   30.0000  -15.0000 2346.7407   22.1162
   -7.5000   37.5000  -15.0000 2200.2358   24.5298
    0.0000   37.5000  -15.0000 2222.1733   24.3167
    7.5000   37.5000  -15.0000 2206.0488   24.4309
   -7.5000   45.0000  -15.0000 2058.8557   27.4403
    0.0000   45.0000  -15.0000 2078.9617   27.2510
    7.5000   45.0000  -15.0000 2059.6382   27.4198
   -7.5000  -45.0000   -7.5000 2261.9158   24.5599
    0.0000  -45.0000   -7.5000 2281.3467   24.3131
    7.5000  -45.0000   -7.5000 2269.1611   24.3894
   -7.5000  -37.5000   -7.5000 2392.5625   21.9646
    0.0000  -37.5000   -7.5000 2410.8948   21.7571
    7.5000  -37.5000   -7.5000 2399.8757   21.7736
   -7.5000  -30.0000   -7.5000 2505.9873   19.9173
    0.0000  -30.0000   -7.5000 2527.9556   19.7342
    7.5000  -30.0000   -7.5000 2511.7175   19.7288
   -7.5000  -22.5000   -7.5000 2600.3804   18.4041
    0.0000  -22.5000   -7.5000 2625.9319   18.1992
    7.5000  -22.5000   -7.5000 2618.5359   18.2543
   -7.5000  -15.0000   -7.5000 2670.0784   17.3838
    0.0000  -15.0000   -7.5000 2695.5403   17.1748
    7.5000  -15.0000   -7.5000 2685.2627   17.2841
   -7.5000   -7.5000   -7.5000 2720.8806   16.9512
    0.0000   -7.5000   -7.5000 2743.5620   16.7786
    7.5000   -7.5000   -7.5000 2727.3730   16.9047
   -7.5000    0.0000   -7.5000 2726.4111   17.0184
    0.0000    0.0000   -7.5000 2754.0627   16.8260
    7.5000    0.0000   -7.5000 2735.4839   16.9657
   -7.5000    7.5000   -7.5000 2698.1323   17.3948
    0.0000    7.5000   -7.5000 2726.6567   17.1820
    7.5000    7.5000   -7.5000 2706.1946   17.3119
   -7.5000   15.0000   -7.5000 2639.3909   18.1146
    0.0000   15.0000   -7.5000 2664.4612   17.8944
    7.5000   15.0000   -7.5000 2642.9189   18.0434
   -7.5000   22.5000   -7.5000 2543.1289   19.2765
    0.0000   22.5000   -7.5000 2566.1521   19.0642
    7.5000   22.5000   -7.5000 2547.9570   19.1572
   -7.5000   30.0000   -7.5000 2417.1016   20.9292
    0.0000   30.0000   -7.5000 2446.2480   20.7208
    7.5000   30.0000   -7.5000 2422.9543   20.8216
   -7.5000   37.5000   -7.5000 2272.6257   23.1522
    0.0000   37.5000   -7.5000 2300.1750   22.9189
    7.5000   37.5000   -7.5000 2278.2710   23.0096
   -7.5000   45.0000   -7.5000 2116.4060   25.9368
    0.0000   45.0000   -7.5000 2139.2190   25.6959
    7.5000   45.0000   -7.5000 2119.2114   25.7982
   -7.5000  -45.0000    0.0000 2296.2998   23.6626
    0.0000  -45.0000    0.0000 2315.6907   23.4037
    7.5000  -45.0000    0.0000 2295.1021   23.5583
   -7.5000  -37.5000    0.0000 2424.6895   21.0731
    0.0000  -37.5000    0.0000 2448.7522   20.8866
    7.5000  -37.5000    0.0000 2429.3923   20.9398
   -7.5000  -30.0000    0.0000 2543.6768   19.0549
    0.0000  -30.0000    0.0000 2572.8574   18.8568
    7.5000  -30.0000    0.0000 2553.6670   18.9433
   -7.5000  -22.5000    0.0000 2653.4460   17.5442
    0.0000  -22.5000    0.0000 2689.7952   17.3417
    7.5000  -22.5000    0.0000 2672.1072   17.4123
   -7.5000  -15.0000    0.0000 2741.1147   16.4856
    0.0000  -15.0000    0.0000 2773.8623   16.2656
    7.5000  -15.0000    0.0000 2760.3774   16.3766
   -7.5000   -7.5000    0.0000 2801.7737   16.0304
    0.0000   -7.5000    0.0000 2829.4429   15.8693
    7.5000   -7.5000    0.0000 2805.0818   16.0169
   -7.5000    0.0000    0.0000 2815.6018   16.0825
    0.0000    0.0000    0.0000 2847.9644   15.8880
    7.5000    0.0000    0.0000 2820.9907   16.0584
   -7.5000    7.5000    0.0000 2787.6135   16.4184
    0.0000    7.5000    0.0000 2817.0159   16.2061
    7.5000    7.5000    0.0000 2788.1289   16.3849
   -7.5000   15.0000    0.0000 2715.3882   17.1604
    0.0000   15.0000    0.0000 2743.2732   16.8994
    7.5000   15.0000    0.0000 2724.7854   17.0794
   -7.5000   22.5000    0.0000 2615.4441   18.3119
    0.0000   22.5000    0.0000 2641.1006   18.0454
    7.5000   22.5000    0.0000 2621.3318   18.2004
   -7.5000   30.0000    0.0000 2480.5134   19.8901
    0.0000   30.0000    0.0000 2505.7979   19.6368
    7.5000   30.0000    0.0000 2483.6152   19.7888
   -7.5000   37.5000    0.0000 2324.3621   22.0609
    0.0000   37.5000    0.0000 2356.1707   21.7986
    7.5000   37.5000    0.0000 2326.9783   21.9330
   -7.5000   45.0000    0.0000 2156.8337   24.7162
    0.0000   45.0000    0.0000 2182.3123   24.4739
    7.5000   45.0000    0.0000 2165.1189   24.5645
   -7.5000  -45.0000    7.5000 2311.9644   22.9994
    0.0000  -45.0000    7.5000 2332.0874   22.7585
    7.5000  -45.0000    7.5000 2312.6096   23.0033
   -7.5000  -37.5000    7.5000 2439.4263   20.4431
    0.0000  -37.5000    7.5000 2464.0061   20.2094
    7.5000  -37.5000    7.5000 2443.1921   20.3939
   -7.5000  -30.0000    7.5000 2558.4233   18.4334
    0.0000  -30.0000    7.5000 2593.7139   18.2151
    7.5000  -30.0000    7.5000 2577.7332   18.3909
   -7.5000  -22.5000    7.5000 2686.6746   16.9424
    0.0000  -22.5000    7.5000 2727.0750   16.7208
    7.5000  -22.5000    7.5000 2709.9395   16.8861
   -7.5000  -15.0000    7.5000 2796.8057   15.9006
    0.0000  -15.0000    7.5000 2844.5974   15.6593
    7.5000  -15.0000    7.5000 2816.5715   15.8045
   -7.5000   -7.5000    7.5000 2871.2363   15.3803
    0.0000   -7.5000    7.5000 2915.2102   15.1323
    7.5000   -7.5000    7.5000 2874.9438   15.3762
   -7.5000    0.0000    7.5000 2887.4263   15.3902
    0.0000    0.0000    7.5000 2928.8936   15.1485
    7.5000    0.0000    7.5000 2892.4126   15.3640
   -7.5000    7.5000    7.5000 2855.7898   15.7349
    0.0000    7.5000    7.5000 2885.8101   15.4897
    7.5000    7.5000    7.5000 2855.8755   15.7245
   -7.5000   15.0000    7.5000 2775.5884   16.4188
    0.0000   15.0000    7.5000 2807.8618   16.1166
    7.5000   15.0000    7.5000 2783.6565   16.3738
   -7.5000   22.5000    7.5000 2662.3984   17.5338
    0.0000   22.5000    7.5000 2693.1021   17.2445
    7.5000   22.5000    7.5000 2672.1091   17.4882
   -7.5000   30.0000    7.5000 2521.0771   19.1291
    0.0000   30.0000    7.5000 2548.2478   18.8515
    7.5000   30.0000    7.5000 2523.9583   19.0986
   -7.5000   37.5000    7.5000 2357.4482   21.2124
    0.0000   37.5000    7.5000 2391.0784   20.9543
    7.5000   37.5000    7.5000 2365.6990   21.1597
   -7.5000   45.0000    7.5000 2188.2600   23.8382
    0.0000   45.0000    7.5000 2214.6826   23.5945
    7.5000   45.0000    7.5000 2196.2927   23.7694
   -7.5000  -45.0000   15.0000 2313.7898   22.5873
    0.0000  -45.0000   15.0000 2331.9670   22.2970
    7.5000  -45.0000   15.0000 2324.1973   22.6869
   -7.5000  -37.5000   15.0000 2444.7581   20.0753
    0.0000  -37.5000   15.0000 2465.0527   19.8162
    7.5000  -37.5000   15.0000 2451.6655   20.1339
   -7.5000  -30.0000   15.0000 2566.8225   18.0633
    0.0000  -30.0000   15.0000 2597.5308   17.8306
    7.5000  -30.0000   15.0000 2585.8196   18.1273
   -7.5000  -22.5000   15.0000 2702.5061   16.5905
    0.0000  -22.5000   15.0000 2741.8589   16.3489
    7.5000  -22.5000   15.0000 2724.9758   16.6142
   -7.5000  -15.0000   15.0000 2828.0503   15.6137
    0.0000  -15.0000   15.0000 2883.8877   15.3698
    7.5000  -15.0000   15.0000 2844.5713   15.5340
   -7.5000   -7.5000   15.0000 2913.8010   15.0030
    0.0000   -7.5000   15.0000 2968.7690   14.6284
    7.5000   -7.5000   15.0000 2914.3474   15.0038
   -7.5000    0.0000   15.0000 2934.2405   14.9203
    0.0000    0.0000   15.0000 2984.7983   14.5247
    7.5000    0.0000   15.0000 2931.0869   14.9230
   -7.5000    7.5000   15.0000 2889.5264   15.3017
    0.0000    7.5000   15.0000 2918.6309   14.9581
    7.5000    7.5000   15.0000 2890.2617   15.3364
   -7.5000   15.0000   15.0000 2799.3228   15.9966
    0.0000   15.0000   15.0000 2829.2278   15.6967
    7.5000   15.0000   15.0000 2811.2644   16.0036
   -7.5000   22.5000   15.0000 2686.6758   17.0931
    0.0000   22.5000   15.0000 2712.2812   16.7941
    7.5000   22.5000   15.0000 2694.0427   17.0579
   -7.5000   30.0000   15.0000 2539.3367   18.6303
    0.0000   30.0000   15.0000 2564.1204   18.3651
    7.5000   30.0000   15.0000 2543.6133   18.5863
   -7.5000   37.5000   15.0000 2371.9495   20.7236
    0.0000   37.5000   15.0000 2399.5730   20.4610
    7.5000   37.5000   15.0000 2381.1584   20.6499
   -7.5000   45.0000   15.0000 2200.3452   23.3608
    0.0000   45.0000   15.0000 2222.0852   23.0855
    7.5000   45.0000   15.0000 2207.8237   23.2551
   -7.5000  -45.0000   22.5000 2312.9385   22.5316
    0.0000  -45.0000   22.5000 2332.9089   22.2465
    7.5000  -45.0000   22.5000 2321.5227   22.7142
   -7.5000  -37.5000   22.5000 2441.5190   20.0494
    0.0000  -37.5000   22.5000 2463.1121   19.7333
    7.5000  -37.5000   22.5000 2449.3931   20.1636
   -7.5000  -30.0000   22.5000 2563.2778   18.0579
    0.0000  -30.0000   22.5000 2596.3264   17.7405
    7.5000  -30.0000   22.5000 2580.3291   18.1507
   -7.5000  -22.5000   22.5000 2700.9609   16.5835
    0.0000  -22.5000   22.5000 2735.6895   16.2604
    7.5000  -22.5000   22.5000 2719.9395   16.6113
   -7.5000  -15.0000   22.5000 2822.2908   15.5382
    0.0000  -15.0000   22.5000 2869.7180   15.2411
    7.5000  -15.0000   22.5000 2834.8899   15.5077
   -7.5000   -7.5000   22.5000 2903.2964   14.9240
    0.0000   -7.5000   22.5000 2944.7212   14.4824
    7.5000   -7.5000   22.5000 2907.4111   14.9562
   -7.5000    0.0000   22.5000 2927.5977   14.8305
    0.0000    0.0000   22.5000 2966.2271   14.4116
    7.5000    0.0000   22.5000 2923.0581   14.8922
   -7.5000    7.5000   22.5000 2895.1531   15.2115
    0.0000    7.5000   22.5000 2921.1816   14.9247
    7.5000    7.5000   22.5000 2887.3979   15.2336
   -7.5000   15.0000   22.5000 2799.7834   15.9361
    0.0000   15.0000   22.5000 2823.6174   15.6257
    7.5000   15.0000   22.5000 2808.0881   15.8902
   -7.5000   22.5000   22.5000 2683.6528   16.9725
    0.0000   22.5000   22.5000 2701.3188   16.6660
    7.5000   22.5000   22.5000 2688.1509   16.8985
   -7.5000   30.0000   22.5000 2531.5127   18.5526
    0.0000   30.0000   22.5000 2554.6499   18.2506
    7.5000   30.0000   22.5000 2541.1357   18.4386
   -7.5000   37.5000   22.5000 2368.7512   20.5784
    0.0000   37.5000   22.5000 2391.1077   20.3320
    7.5000   37.5000   22.5000 2376.5146   20.4843
   -7.5000   45.0000   22.5000 2194.6104   23.1746
    0.0000   45.0000   22.5000 2213.9189   23.0089
    7.5000   45.0000   22.5000 2203.0227   23.1030
   -7.5000  -45.0000   30.0000 2300.2083   22.8204
    0.0000  -45.0000   30.0000 2318.3044   22.5195
    7.5000  -45.0000   30.0000 2303.3167   23.1171
   -7.5000  -37.5000   30.0000 2424.4307   20.3312
    0.0000  -37.5000   30.0000 2444.6743   20.0091
    7.5000  -37.5000   30.0000 2434.2190   20.5098
   -7.5000  -30.0000   30.0000 2549.2056   18.3797
    0.0000  -30.0000   30.0000 2581.4163   18.0436
    7.5000  -30.0000   30.0000 2569.5439   18.5182
   -7.5000  -22.5000   30.0000 2678.1345   16.9498
    0.0000  -22.5000   30.0000 2712.0598   16.6124
    7.5000  -22.5000   30.0000 2699.5610   16.9915
   -7.5000  -15.0000   30.0000 2779.6792   15.8973
    0.0000  -15.0000   30.0000 2823.3374   15.5207
    7.5000  -15.0000   30.0000 2797.5850   15.9015
   -7.5000   -7.5000   30.0000 2847.7820   15.3807
    0.0000   -7.5000   30.0000 2875.7715   14.9746
    7.5000   -7.5000   30.0000 2860.1416   15.3993
   -7.5000    0.0000   30.0000 2871.8438   15.3398
    0.0000    0.0000   30.0000 2910.6270   15.0857
    7.5000    0.0000   30.0000 2878.4556   15.3345
   -7.5000    7.5000   30.0000 2853.8757   15.6506
    0.0000    7.5000   30.0000 2881.6160   15.4654
    7.5000    7.5000   30.0000 2850.7827   15.6428
   -7.5000   15.0000   30.0000 2767.1528   16.3566
    0.0000   15.0000   30.0000 2786.8682   16.1157
    7.5000   15.0000   30.0000 2766.4817   16.2744
   -7.5000   22.5000   30.0000 2651.5508   17.3286
    0.0000   22.5000   30.0000 2666.8552   17.0698
    7.5000   22.5000   30.0000 2651.9343   17.2434
   -7.5000   30.0000   30.0000 2505.0259   18.8247
    0.0000   30.0000   30.0000 2529.5103   18.5499
    7.5000   30.0000   30.0000 2509.9004   18.7062
   -7.5000   37.5000   30.0000 2342.4341   20.7675
    0.0000   37.5000   30.0000 2367.0642   20.5391
    7.5000   37.5000   30.0000 2349.3796   20.6641
   -7.5000   45.0000   30.0000 2165.8533   23.3068
    0.0000   45.0000   30.0000 2189.8159   23.1109
    7.5000   45.0000   30.0000 2180.5945   23.2339
   -7.5000  -45.0000   37.5000 2274.9563   23.4794
    0.0000  -45.0000   37.5000 2292.9985   23.2496
    7.5000  -45.0000   37.5000 2277.2134   23.8022
   -7.5000  -37.5000   37.5000 2400.8567   21.0006
    0.0000  -37.5000   37.5000 2426.1282   20.6904
    7.5000  -37.5000   37.5000 2408.3633   21.2404
   -7.5000  -30.0000   37.5000 2524.4600   19.0982
    0.0000  -30.0000   37.5000 2552.4941   18.7706
    7.5000  -30.0000   37.5000 2538.1260   19.2552
   -7.5000  -22.5000   37.5000 2649.2866   17.6750
    0.0000  -22.5000   37.5000 2677.9255   17.3458
    7.5000  -22.5000   37.5000 2662.8726   17.7330
   -7.5000  -15.0000   37.5000 2733.1665   16.6299
    0.0000  -15.0000   37.5000 2767.7959   16.1350
    7.5000  -15.0000   37.5000 2749.0757   16.6841
   -7.5000   -7.5000   37.5000 2791.8274   16.1483
    0.0000   -7.5000   37.5000 2815.1082   15.8036
    7.5000   -7.5000   37.5000 2808.1855   16.1877
   -7.5000    0.0000   37.5000 2801.0896   16.1598
    0.0000    0.0000   37.5000 2833.5583   15.8388
    7.5000    0.0000   37.5000 2817.7202   16.1466
   -7.5000    7.5000   37.5000 2774.1829   16.4243
    0.0000    7.5000   37.5000 2800.7856   16.1761
    7.5000    7.5000   37.5000 2785.5308   16.4231
   -7.5000   15.0000   37.5000 2701.6011   17.0655
    0.0000   15.0000   37.5000 2718.5989   16.8249
    7.5000   15.0000   37.5000 2703.9529   16.9982
   -7.5000   22.5000   37.5000 2592.8604   18.0544
    0.0000   22.5000   37.5000 2610.3293   17.8357
    7.5000   22.5000   37.5000 2596.0088   17.9517
   -7.5000   30.0000   37.5000 2458.5757   19.4957
    0.0000   30.0000   37.5000 2482.4705   19.2537
    7.5000   30.0000   37.5000 2463.1995   19.3948
   -7.5000   37.5000   37.5000 2300.3569   21.3923
    0.0000   37.5000   37.5000 2323.3232   21.1544
    7.5000   37.5000   37.5000 2309.1831   21.2475
   -7.5000   45.0000   37.5000 2128.7458   23.9065
    0.0000   45.0000   37.5000 2159.4563   23.6787
    7.5000   45.0000   37.5000 2142.1548   23.7239
   -7.5000  -45.0000   45.0000 2226.2720   24.6280
    0.0000  -45.0000   45.0000 2245.5442   24.3215
    7.5000  -45.0000   45.0000 2230.5669   24.8830
   -7.5000  -37.5000   45.0000 2359.7952   22.0498
    0.0000  -37.5000   45.0000 2385.6543   21.7319
    7.5000  -37.5000   45.0000 2363.7205   22.2285
   -7.5000  -30.0000   45.0000 2478.6824   20.1133
    0.0000  -30.0000   45.0000 2504.9534   19.7781
    7.5000  -30.0000   45.0000 2489.3547   20.2247
   -7.5000  -22.5000   45.0000 2594.1438   18.6072
    0.0000  -22.5000   45.0000 2619.9534   18.1681
    7.5000  -22.5000   45.0000 2607.1418   18.6550
   -7.5000  -15.0000   45.0000 2669.0320   17.5706
    0.0000  -15.0000   45.0000 2701.1702   17.1587
    7.5000  -15.0000   45.0000 2682.3376   17.6281
   -7.5000   -7.5000   45.0000 2718.3635   17.1516
    0.0000   -7.5000   45.0000 2741.4336   16.8326
    7.5000   -7.5000   45.0000 2733.3240   17.1946
   -7.5000    0.0000   45.0000 2714.6321   17.1274
    0.0000    0.0000   45.0000 2745.1821   16.7976
    7.5000    0.0000   45.0000 2730.8245   17.1302
   -7.5000    7.5000   45.0000 2682.6638   17.3746
    0.0000    7.5000   45.0000 2708.9150   17.0558
    7.5000    7.5000   45.0000 2694.2646   17.3696
   -7.5000   15.0000   45.0000 2615.8032   17.9860
    0.0000   15.0000   45.0000 2634.6072   17.6763
    7.5000   15.0000   45.0000 2622.9377   17.9424
   -7.5000   22.5000   45.0000 2518.9893   18.9619
    0.0000   22.5000   45.0000 2535.9016   18.7321
    7.5000   22.5000   45.0000 2522.9995   18.8824
   -7.5000   30.0000   45.0000 2392.5728   20.4023
    0.0000   30.0000   45.0000 2414.1360   20.2113
    7.5000   30.0000   45.0000 2399.6038   20.3196
   -7.5000   37.5000   45.0000 2240.4082   22.3180
    0.0000   37.5000   45.0000 2260.0793   22.1611
    7.5000   37.5000   45.0000 2249.0256   22.2769
   -7.5000   45.0000   45.0000 2079.4751   24.7682
    0.0000   45.0000   45.0000 2111.2708   24.6210
    7.5000   45.0000   45.0000 2086.1758   24.7475

---------------------------------------------------------------------
imgreg_4dfp /opt/freesurfer/average/711-2C_as_mni_average_305 /opt/freesurfer/average/711-2B_as_mni_average_305_mask talsrcimg_g11 none talsrcimg_to_711-2C_as_mni_average_305_t4 1283
---------------------------------------------------------------------

freesurfer imgreg_4dfp.c
/opt/freesurfer/average/711-2C_as_mni_average_305.4dfp.img
       256       256       256         1
  1.000000  1.000000  1.000000
orientation T byte_order littleendian
Reading image: /opt/freesurfer/average/711-2C_as_mni_average_305.4dfp.img
dimensions:      256       256       256
mmppix:       1.0000   -1.0000   -1.0000
center:     128.0000 -129.0000 -129.0000
/opt/freesurfer/average/711-2B_as_mni_average_305_mask.4dfp.img
       256       256       256         1
  1.000000  1.000000  1.000000
orientation T byte_order littleendian
Reading mask: /opt/freesurfer/average/711-2B_as_mni_average_305_mask.4dfp.img (2306576 pixels)
talsrcimg_g11.4dfp.img
       256       256       256         1
  1.000000  1.000000  1.000000
orientation T byte_order littleendian
Reading image: talsrcimg_g11.4dfp.img
dimensions:      256       256       256
mmppix:       1.0000   -1.0000   -1.0000
center:     128.0000 -129.0000 -129.0000
rotation matrix determinant  1.000000
fimgreg.f
image alignment mode   1283 decimal      503 hex
parameters
    0.0000    0.0000   15.0000    0.0000    0.0000    0.0000
eta,q 0.93777 14.46676
niter,ni,del,rscale     5    3   12.0000    1.2000
parameter  4  1.238628 ->  0.500000 qaram    1.1500
parameter  6  0.932225 ->  0.500000 qaram    1.1500
parameters
   -0.1057   -1.6470   15.8270   -3.4500    0.6556   -3.4500
eta,q 0.94113 14.25271
  0.0741  0.0662  0.0717  0.0602  0.0668  0.0586
  0.0688  0.0661  0.0663  0.0606  0.0646  0.0587
  0.0641  0.0640  0.0636  0.0622  0.0627  0.0595
  0.0624  0.0622  0.0629  0.0632  0.0611  0.0607
  0.0654  0.0650  0.0643  0.0643  0.0611  0.0623
  0.0697  0.0713  0.0656  0.0668  0.0627  0.0646
  0.0744  0.0782  0.0667  0.0697  0.0654  0.0675
niter,ni,del,rscale     6    3   12.0000    1.2000
parameters
   -0.7730   -1.6783   15.9588   -4.0499    1.5014   -4.7946
eta,q 0.94264 14.24113
  0.0673  0.0657  0.0671  0.0645  0.0658  0.0613
  0.0615  0.0620  0.0630  0.0591  0.0632  0.0585
  0.0588  0.0588  0.0600  0.0571  0.0603  0.0575
  0.0589  0.0584  0.0584  0.0584  0.0580  0.0577
  0.0616  0.0591  0.0596  0.0593  0.0578  0.0593
  0.0653  0.0607  0.0630  0.0617  0.0597  0.0618
  0.0708  0.0667  0.0661  0.0660  0.0634  0.0648
niter,ni,del,rscale     5    3   12.0000    1.2000
parameters
   -0.8031   -1.7108   15.8903   -3.6226    1.6160   -4.9529
eta,q 0.94260 14.24626
  0.0700  0.0663  0.0670  0.0666  0.0648  0.0632
  0.0629  0.0610  0.0627  0.0608  0.0620  0.0597
  0.0585  0.0572  0.0591  0.0577  0.0592  0.0576
  0.0574  0.0573  0.0573  0.0573  0.0574  0.0574
  0.0604  0.0590  0.0597  0.0578  0.0580  0.0584
  0.0641  0.0608  0.0635  0.0598  0.0608  0.0606
  0.0690  0.0661  0.0668  0.0641  0.0651  0.0632
niter,ni,del,rscale     4    3   12.0000    1.2000
parameters
   -0.8753   -1.7144   15.9279   -3.5428    1.6497   -4.9779
eta,q 0.94261 14.24446
  0.0701  0.0665  0.0676  0.0656  0.0647  0.0635
  0.0631  0.0611  0.0631  0.0602  0.0619  0.0599
  0.0586  0.0573  0.0593  0.0576  0.0590  0.0577
  0.0574  0.0574  0.0574  0.0574  0.0574  0.0574
  0.0606  0.0587  0.0598  0.0579  0.0581  0.0583
  0.0644  0.0606  0.0636  0.0604  0.0610  0.0604
  0.0695  0.0665  0.0669  0.0648  0.0654  0.0631
niter,ni,del,rscale     3    3   12.0000    1.2000
parameters
   -0.8858   -1.7167   15.9361   -3.5209    1.6587   -4.9858
eta,q 0.94262 14.24401
  0.0704  0.0665  0.0676  0.0654  0.0647  0.0635
  0.0634  0.0611  0.0631  0.0601  0.0619  0.0599
  0.0587  0.0573  0.0592  0.0575  0.0590  0.0577
  0.0574  0.0574  0.0574  0.0574  0.0574  0.0574
  0.0604  0.0586  0.0599  0.0579  0.0581  0.0583
  0.0643  0.0606  0.0637  0.0605  0.0610  0.0604
  0.0693  0.0665  0.0670  0.0649  0.0655  0.0630
registration optimization eta report
parameter search radius
    6.0000    6.0000    6.0000    6.9000    6.0000    6.9000
100000*second partial in parameter space
       33.       26.       26.       17.       21.       12.
  0.0704  0.0665  0.0676  0.0654  0.0647  0.0635
  0.0634  0.0611  0.0631  0.0601  0.0619  0.0599
  0.0587  0.0573  0.0592  0.0575  0.0590  0.0577
  0.0574  0.0574  0.0574  0.0574  0.0574  0.0574
  0.0604  0.0586  0.0599  0.0579  0.0581  0.0583
  0.0643  0.0606  0.0637  0.0605  0.0610  0.0604
  0.0693  0.0665  0.0670  0.0649  0.0655  0.0630
   -0.8858   -1.7167   15.9361   -3.5209    1.6587   -4.9858
eta,q 0.94262 14.24401

---------------------------------------------------------------------
imgreg_4dfp /opt/freesurfer/average/711-2C_as_mni_average_305 /opt/freesurfer/average/711-2B_as_mni_average_305_mask talsrcimg_g11 none talsrcimg_to_711-2C_as_mni_average_305_t4 3335
---------------------------------------------------------------------

freesurfer imgreg_4dfp.c
/opt/freesurfer/average/711-2C_as_mni_average_305.4dfp.img
       256       256       256         1
  1.000000  1.000000  1.000000
orientation T byte_order littleendian
Reading image: /opt/freesurfer/average/711-2C_as_mni_average_305.4dfp.img
dimensions:      256       256       256
mmppix:       1.0000   -1.0000   -1.0000
center:     128.0000 -129.0000 -129.0000
/opt/freesurfer/average/711-2B_as_mni_average_305_mask.4dfp.img
       256       256       256         1
  1.000000  1.000000  1.000000
orientation T byte_order littleendian
Reading mask: /opt/freesurfer/average/711-2B_as_mni_average_305_mask.4dfp.img (2306576 pixels)
talsrcimg_g11.4dfp.img
       256       256       256         1
  1.000000  1.000000  1.000000
orientation T byte_order littleendian
Reading image: talsrcimg_g11.4dfp.img
dimensions:      256       256       256
mmppix:       1.0000   -1.0000   -1.0000
center:     128.0000 -129.0000 -129.0000
fimgreg.f
image alignment mode   3335 decimal      D07 hex
parameters
   -0.8858   -1.7167   15.9361   -0.4201   -0.5819   -0.2306
    8.8515   -2.3444   -8.6872    6.3691    2.8945   -6.1387
eta,q 0.94408 14.42430
niter,ni,del,rscale     5    3    5.0000    1.2000
parameter  4  1.331749 ->  0.500000 qaram    1.1500
parameter  5 11.314669 ->  0.500000 qaram    1.1500
parameter  6  1.004371 ->  0.500000 qaram    1.1500
parameter  7  0.805949 ->  0.500000 qaram    1.1500
parameter 11  0.767486 ->  0.500000 qaram    1.1500
parameter 12  1.503671 ->  0.500000 qaram    1.1500
parameters
   -0.6249   -1.3785   16.0969   -4.5601   -4.7219   -4.3706
    4.7115   -1.2176   -7.0269    3.8257   -1.2455  -10.2787
eta,q 0.96070 13.79404
  0.0589  0.0580  0.0579  0.0522  0.0405  0.0410  0.0412  0.0464  0.0437  0.0419  0.0402  0.0389
  0.0575  0.0569  0.0568  0.0528  0.0445  0.0416  0.0411  0.0439  0.0424  0.0411  0.0402  0.0392
  0.0564  0.0562  0.0561  0.0540  0.0489  0.0431  0.0414  0.0421  0.0415  0.0406  0.0404  0.0396
  0.0559  0.0559  0.0558  0.0558  0.0531  0.0457  0.0419  0.0411  0.0410  0.0409  0.0406  0.0402
  0.0560  0.0559  0.0560  0.0582  0.0572  0.0494  0.0428  0.0411  0.0410  0.0422  0.0411  0.0410
  0.0567  0.0563  0.0565  0.0612  0.0619  0.0543  0.0438  0.0420  0.0413  0.0441  0.0418  0.0419
  0.0579  0.0571  0.0574  0.0641  0.0667  0.0599  0.0451  0.0440  0.0420  0.0467  0.0426  0.0429
niter,ni,del,rscale     7    3    5.0000    1.2000
parameter  5  2.769541 ->  0.500000 qaram    1.3225
parameters
   -0.4648   -1.5633   17.0938   -7.5806   -9.4829   -6.4822
    5.8905    0.2834   -6.3502    3.9216   -1.3336  -11.5538
eta,q 0.96985 13.52146
  0.0428  0.0413  0.0419  0.0401  0.0276  0.0333  0.0359  0.0373  0.0337  0.0353  0.0318  0.0319
  0.0410  0.0401  0.0408  0.0389  0.0298  0.0319  0.0335  0.0345  0.0321  0.0327  0.0310  0.0308
  0.0398  0.0394  0.0399  0.0385  0.0337  0.0308  0.0316  0.0322  0.0309  0.0309  0.0304  0.0302
  0.0393  0.0393  0.0392  0.0390  0.0385  0.0308  0.0307  0.0306  0.0303  0.0302  0.0302  0.0302
  0.0395  0.0397  0.0390  0.0405  0.0438  0.0321  0.0308  0.0303  0.0304  0.0308  0.0304  0.0308
  0.0404  0.0406  0.0390  0.0430  0.0490  0.0351  0.0319  0.0315  0.0312  0.0325  0.0310  0.0319
  0.0420  0.0419  0.0395  0.0464  0.0544  0.0397  0.0337  0.0337  0.0327  0.0350  0.0319  0.0333
niter,ni,del,rscale     7    3    5.0000    1.2000
parameter  5  0.715652 ->  0.500000 qaram    1.5209
parameters
   -0.4456   -1.2724   17.0007   -6.4350  -14.9581   -5.8395
    6.4391    0.5391   -6.9503    4.1725   -1.3419  -13.3707
eta,q 0.97435 13.31719
  0.0339  0.0346  0.0317  0.0357  0.0274  0.0311  0.0311  0.0314  0.0284  0.0308  0.0274  0.0271
  0.0319  0.0323  0.0308  0.0334  0.0262  0.0292  0.0285  0.0288  0.0269  0.0282  0.0266  0.0260
  0.0306  0.0308  0.0303  0.0314  0.0268  0.0276  0.0267  0.0268  0.0260  0.0265  0.0261  0.0256
  0.0301  0.0301  0.0301  0.0301  0.0299  0.0262  0.0259  0.0259  0.0259  0.0259  0.0259  0.0259
  0.0305  0.0303  0.0303  0.0300  0.0348  0.0258  0.0263  0.0264  0.0265  0.0264  0.0260  0.0265
  0.0318  0.0312  0.0310  0.0312  0.0407  0.0273  0.0277  0.0282  0.0276  0.0279  0.0265  0.0275
  0.0338  0.0329  0.0320  0.0337  0.0467  0.0307  0.0299  0.0308  0.0292  0.0300  0.0274  0.0287
niter,ni,del,rscale     7    3    5.0000    1.2000
parameters
   -0.3770   -0.8875   17.3029   -4.7908  -17.0834   -5.6147
    6.7082    0.5196   -7.1197    4.8587   -1.6163  -14.0928
eta,q 0.97503 13.26420
  0.0297  0.0304  0.0279  0.0321  0.0313  0.0300  0.0298  0.0299  0.0276  0.0297  0.0265  0.0269
  0.0276  0.0280  0.0267  0.0295  0.0282  0.0281  0.0273  0.0274  0.0261  0.0273  0.0257  0.0256
  0.0262  0.0264  0.0260  0.0271  0.0257  0.0265  0.0257  0.0257  0.0253  0.0257  0.0252  0.0250
  0.0256  0.0256  0.0256  0.0255  0.0251  0.0251  0.0250  0.0250  0.0250  0.0250  0.0250  0.0250
  0.0260  0.0257  0.0256  0.0252  0.0277  0.0249  0.0255  0.0256  0.0254  0.0253  0.0252  0.0255
  0.0272  0.0265  0.0261  0.0263  0.0329  0.0268  0.0270  0.0274  0.0264  0.0264  0.0258  0.0264
  0.0293  0.0281  0.0270  0.0288  0.0394  0.0306  0.0292  0.0300  0.0278  0.0281  0.0268  0.0274
niter,ni,del,rscale     6    3    5.0000    1.2000
parameters
   -0.4005   -0.7125   17.3581   -4.1902  -17.7180   -5.5627
    6.7945    0.4970   -7.1327    5.2458   -1.8075  -14.4721
eta,q 0.97503 13.24747
  0.0287  0.0287  0.0269  0.0307  0.0326  0.0298  0.0295  0.0297  0.0275  0.0290  0.0265  0.0271
  0.0267  0.0267  0.0259  0.0282  0.0295  0.0280  0.0271  0.0273  0.0261  0.0268  0.0257  0.0258
  0.0254  0.0254  0.0252  0.0261  0.0266  0.0264  0.0256  0.0256  0.0252  0.0255  0.0252  0.0251
  0.0250  0.0250  0.0250  0.0250  0.0249  0.0250  0.0250  0.0250  0.0250  0.0250  0.0250  0.0250
  0.0254  0.0252  0.0251  0.0251  0.0258  0.0249  0.0255  0.0255  0.0253  0.0253  0.0252  0.0254
  0.0268  0.0261  0.0258  0.0268  0.0299  0.0269  0.0270  0.0272  0.0262  0.0264  0.0258  0.0263
  0.0289  0.0277  0.0268  0.0297  0.0359  0.0309  0.0293  0.0298  0.0275  0.0281  0.0268  0.0273
niter,ni,del,rscale     5    3    5.0000    1.2000
parameters
   -0.4142   -0.6399   17.3311   -4.0203  -17.9196   -5.5665
    6.8080    0.5053   -7.1076    5.4457   -1.8893  -14.6707
eta,q 0.97499 13.24093
  0.0287  0.0282  0.0268  0.0303  0.0329  0.0298  0.0294  0.0297  0.0275  0.0287  0.0266  0.0273
  0.0267  0.0264  0.0258  0.0279  0.0299  0.0280  0.0271  0.0273  0.0261  0.0266  0.0258  0.0259
  0.0254  0.0253  0.0252  0.0259  0.0269  0.0264  0.0256  0.0256  0.0253  0.0254  0.0252  0.0251
  0.0250  0.0250  0.0250  0.0250  0.0250  0.0250  0.0250  0.0250  0.0250  0.0250  0.0250  0.0250
  0.0254  0.0253  0.0252  0.0254  0.0254  0.0249  0.0255  0.0255  0.0253  0.0254  0.0252  0.0254
  0.0267  0.0263  0.0259  0.0272  0.0292  0.0270  0.0271  0.0272  0.0261  0.0265  0.0258  0.0262
  0.0288  0.0278  0.0269  0.0302  0.0349  0.0310  0.0294  0.0298  0.0274  0.0282  0.0267  0.0272
niter,ni,del,rscale     4    3    5.0000    1.2000
parameters
   -0.4171   -0.5995   17.3012   -3.9741  -17.9918   -5.5812
    6.8083    0.5164   -7.0924    5.5558   -1.9232  -14.7799
eta,q 0.97497 13.23780
  0.0288  0.0281  0.0269  0.0302  0.0330  0.0298  0.0294  0.0297  0.0275  0.0286  0.0266  0.0273
  0.0267  0.0264  0.0258  0.0278  0.0300  0.0280  0.0271  0.0273  0.0261  0.0266  0.0258  0.0259
  0.0254  0.0253  0.0252  0.0259  0.0270  0.0264  0.0256  0.0256  0.0253  0.0254  0.0252  0.0252
  0.0250  0.0250  0.0250  0.0250  0.0250  0.0250  0.0250  0.0250  0.0250  0.0250  0.0250  0.0250
  0.0255  0.0254  0.0252  0.0255  0.0254  0.0249  0.0255  0.0256  0.0253  0.0254  0.0252  0.0254
  0.0267  0.0263  0.0259  0.0274  0.0289  0.0270  0.0271  0.0272  0.0261  0.0265  0.0258  0.0262
  0.0288  0.0278  0.0270  0.0304  0.0346  0.0310  0.0294  0.0297  0.0274  0.0283  0.0267  0.0272
niter,ni,del,rscale     3    3    5.0000    1.2000
parameters
   -0.4169   -0.5766   17.2818   -3.9599  -18.0223   -5.5915
    6.8083    0.5224   -7.0805    5.6207   -1.9447  -14.8447
eta,q 0.97497 13.23636
  0.0288  0.0281  0.0269  0.0301  0.0330  0.0298  0.0294  0.0297  0.0275  0.0285  0.0267  0.0274
  0.0267  0.0263  0.0259  0.0278  0.0301  0.0280  0.0271  0.0273  0.0261  0.0265  0.0258  0.0259
  0.0255  0.0253  0.0252  0.0259  0.0271  0.0264  0.0256  0.0256  0.0253  0.0254  0.0252  0.0252
  0.0250  0.0250  0.0250  0.0250  0.0250  0.0250  0.0250  0.0250  0.0250  0.0250  0.0250  0.0250
  0.0255  0.0254  0.0253  0.0255  0.0253  0.0249  0.0255  0.0256  0.0253  0.0255  0.0252  0.0254
  0.0267  0.0264  0.0259  0.0274  0.0289  0.0270  0.0271  0.0272  0.0261  0.0265  0.0258  0.0262
  0.0288  0.0279  0.0270  0.0304  0.0345  0.0310  0.0294  0.0297  0.0274  0.0283  0.0267  0.0272
registration optimization eta report
parameter search radius
    2.4000    2.4000    2.4000    8.2800   10.9503    8.2800
    8.2800    7.2000    7.2000    7.2000    8.2800    8.2800
100000*second partial in parameter space
       65.       51.       33.        8.        7.        8.
        6.        9.        5.        6.        2.        3.
  0.0288  0.0281  0.0269  0.0301  0.0330  0.0298  0.0294  0.0297  0.0275  0.0285  0.0267  0.0274
  0.0267  0.0263  0.0259  0.0278  0.0301  0.0280  0.0271  0.0273  0.0261  0.0265  0.0258  0.0259
  0.0255  0.0253  0.0252  0.0259  0.0271  0.0264  0.0256  0.0256  0.0253  0.0254  0.0252  0.0252
  0.0250  0.0250  0.0250  0.0250  0.0250  0.0250  0.0250  0.0250  0.0250  0.0250  0.0250  0.0250
  0.0255  0.0254  0.0253  0.0255  0.0253  0.0249  0.0255  0.0256  0.0253  0.0255  0.0252  0.0254
  0.0267  0.0264  0.0259  0.0274  0.0289  0.0270  0.0271  0.0272  0.0261  0.0265  0.0258  0.0262
  0.0288  0.0279  0.0270  0.0304  0.0345  0.0310  0.0294  0.0297  0.0274  0.0283  0.0267  0.0272
   -0.4169   -0.5766   17.2818   -3.9599  -18.0223   -5.5915
    6.8083    0.5224   -7.0805    5.6207   -1.9447  -14.8447
eta,q 0.97497 13.23636

---------------------------------------------------------------------
imgreg_4dfp /opt/freesurfer/average/711-2C_as_mni_average_305 /opt/freesurfer/average/711-2B_as_mni_average_305_mask talsrcimg_g11 none talsrcimg_to_711-2C_as_mni_average_305_t4 2311
---------------------------------------------------------------------

freesurfer imgreg_4dfp.c
/opt/freesurfer/average/711-2C_as_mni_average_305.4dfp.img
       256       256       256         1
  1.000000  1.000000  1.000000
orientation T byte_order littleendian
Reading image: /opt/freesurfer/average/711-2C_as_mni_average_305.4dfp.img
dimensions:      256       256       256
mmppix:       1.0000   -1.0000   -1.0000
center:     128.0000 -129.0000 -129.0000
/opt/freesurfer/average/711-2B_as_mni_average_305_mask.4dfp.img
       256       256       256         1
  1.000000  1.000000  1.000000
orientation T byte_order littleendian
Reading mask: /opt/freesurfer/average/711-2B_as_mni_average_305_mask.4dfp.img (2306576 pixels)
talsrcimg_g11.4dfp.img
       256       256       256         1
  1.000000  1.000000  1.000000
orientation T byte_order littleendian
Reading image: talsrcimg_g11.4dfp.img
dimensions:      256       256       256
mmppix:       1.0000   -1.0000   -1.0000
center:     128.0000 -129.0000 -129.0000
fimgreg.f
image alignment mode   2311 decimal      907 hex
parameters
   -0.4169   -0.5766   17.2818   -3.9599  -18.0223   -5.5915
    6.8083    0.5224   -7.0805    5.6207   -1.9447  -14.8447
eta,q 0.97497 13.23635
niter,ni,del,rscale     5    3    5.0000    0.8000
parameters
   -0.4223   -0.5984   17.2674   -3.6578  -16.8205   -4.7950
    6.6696    0.5436   -7.0690    5.5729   -1.9158  -15.0837
eta,q 0.97539 13.31586
  0.0267  0.0263  0.0259  0.0272  0.0280  0.0273  0.0263  0.0270  0.0259  0.0265  0.0253  0.0255
  0.0258  0.0256  0.0254  0.0261  0.0267  0.0264  0.0254  0.0257  0.0252  0.0254  0.0249  0.0250
  0.0252  0.0252  0.0251  0.0254  0.0257  0.0255  0.0248  0.0249  0.0248  0.0248  0.0247  0.0247
  0.0250  0.0250  0.0250  0.0250  0.0250  0.0248  0.0246  0.0246  0.0246  0.0246  0.0246  0.0246
  0.0252  0.0252  0.0251  0.0251  0.0248  0.0246  0.0249  0.0249  0.0248  0.0249  0.0247  0.0248
  0.0258  0.0257  0.0254  0.0257  0.0251  0.0251  0.0255  0.0257  0.0252  0.0255  0.0249  0.0251
  0.0268  0.0264  0.0259  0.0268  0.0261  0.0264  0.0265  0.0270  0.0259  0.0265  0.0253  0.0256
niter,ni,del,rscale     4    3    5.0000    0.7000
parameters
   -0.4364   -0.7699   17.4185   -3.9762  -16.8276   -4.4914
    6.7114    0.5410   -7.1038    5.3504   -2.0064  -14.9240
eta,q 0.97548 13.32560
  0.0260  0.0255  0.0255  0.0260  0.0263  0.0266  0.0259  0.0264  0.0255  0.0259  0.0250  0.0254
  0.0252  0.0249  0.0251  0.0252  0.0254  0.0258  0.0252  0.0254  0.0250  0.0251  0.0247  0.0249
  0.0248  0.0246  0.0247  0.0247  0.0249  0.0251  0.0247  0.0247  0.0246  0.0246  0.0246  0.0246
  0.0246  0.0246  0.0246  0.0246  0.0246  0.0246  0.0245  0.0245  0.0245  0.0245  0.0245  0.0245
  0.0248  0.0248  0.0246  0.0248  0.0247  0.0246  0.0247  0.0247  0.0247  0.0248  0.0246  0.0246
  0.0253  0.0253  0.0248  0.0255  0.0253  0.0252  0.0251  0.0254  0.0250  0.0253  0.0248  0.0248
  0.0260  0.0260  0.0252  0.0265  0.0265  0.0263  0.0258  0.0264  0.0255  0.0262  0.0251  0.0252
niter,ni,del,rscale     3    3    5.0000    0.6000
parameters
   -0.4319   -0.7895   17.5185   -4.0064  -16.7955   -4.3040
    6.7187    0.5507   -7.1281    5.2260   -2.0377  -14.8242
eta,q 0.97551 13.33148
  0.0256  0.0254  0.0252  0.0257  0.0259  0.0261  0.0255  0.0259  0.0252  0.0256  0.0249  0.0251
  0.0250  0.0249  0.0249  0.0251  0.0252  0.0254  0.0250  0.0251  0.0248  0.0250  0.0247  0.0248
  0.0246  0.0246  0.0246  0.0247  0.0247  0.0248  0.0246  0.0247  0.0246  0.0246  0.0245  0.0246
  0.0245  0.0245  0.0245  0.0245  0.0245  0.0245  0.0245  0.0245  0.0245  0.0245  0.0245  0.0245
  0.0246  0.0246  0.0246  0.0246  0.0246  0.0246  0.0246  0.0247  0.0246  0.0247  0.0245  0.0245
  0.0250  0.0249  0.0247  0.0250  0.0251  0.0250  0.0249  0.0251  0.0248  0.0251  0.0247  0.0247
  0.0256  0.0254  0.0250  0.0258  0.0259  0.0260  0.0255  0.0259  0.0253  0.0257  0.0249  0.0250
niter,ni,del,rscale     2    3    5.0000    0.5000
parameters
   -0.4346   -0.8194   17.5792   -4.0137  -16.7580   -4.1646
    6.7211    0.5438   -7.1387    5.1258   -2.0569  -14.7563
eta,q 0.97552 13.33642
  0.0252  0.0251  0.0250  0.0253  0.0254  0.0257  0.0252  0.0255  0.0250  0.0253  0.0247  0.0249
  0.0248  0.0247  0.0247  0.0249  0.0250  0.0251  0.0248  0.0249  0.0247  0.0248  0.0246  0.0247
  0.0246  0.0245  0.0246  0.0246  0.0246  0.0247  0.0246  0.0246  0.0245  0.0245  0.0245  0.0245
  0.0245  0.0245  0.0245  0.0245  0.0245  0.0245  0.0245  0.0245  0.0245  0.0245  0.0245  0.0245
  0.0246  0.0246  0.0245  0.0246  0.0246  0.0245  0.0246  0.0246  0.0245  0.0246  0.0245  0.0245
  0.0248  0.0248  0.0246  0.0249  0.0249  0.0249  0.0248  0.0249  0.0247  0.0249  0.0246  0.0246
  0.0252  0.0251  0.0249  0.0254  0.0254  0.0256  0.0252  0.0255  0.0250  0.0254  0.0247  0.0249
niter,ni,del,rscale     1    3    5.0000    0.4000
parameters
   -0.4350   -0.8422   17.6170   -4.0077  -16.7245   -4.0651
    6.7228    0.5397   -7.1561    5.0491   -2.0520  -14.7042
eta,q 0.97553 13.34003
  0.0250  0.0249  0.0248  0.0250  0.0251  0.0253  0.0249  0.0251  0.0248  0.0250  0.0246  0.0247
  0.0247  0.0246  0.0246  0.0247  0.0248  0.0249  0.0247  0.0248  0.0246  0.0247  0.0245  0.0246
  0.0245  0.0245  0.0245  0.0246  0.0246  0.0246  0.0245  0.0245  0.0245  0.0245  0.0245  0.0245
  0.0245  0.0245  0.0245  0.0245  0.0245  0.0245  0.0245  0.0245  0.0245  0.0245  0.0245  0.0245
  0.0245  0.0245  0.0245  0.0245  0.0245  0.0245  0.0245  0.0245  0.0245  0.0245  0.0245  0.0245
  0.0247  0.0247  0.0246  0.0247  0.0247  0.0248  0.0247  0.0248  0.0246  0.0247  0.0245  0.0246
  0.0250  0.0249  0.0247  0.0250  0.0251  0.0252  0.0249  0.0251  0.0248  0.0250  0.0246  0.0247
registration optimization eta report
parameter search radius
    0.8000    0.8000    0.8000    2.4000    2.4000    2.4000
    2.4000    2.4000    2.4000    2.4000    2.4000    2.4000
100000*second partial in parameter space
       74.       62.       44.       10.       11.       13.
        8.       11.        6.        9.        3.        4.
  0.0250  0.0249  0.0248  0.0250  0.0251  0.0253  0.0249  0.0251  0.0248  0.0250  0.0246  0.0247
  0.0247  0.0246  0.0246  0.0247  0.0248  0.0249  0.0247  0.0248  0.0246  0.0247  0.0245  0.0246
  0.0245  0.0245  0.0245  0.0246  0.0246  0.0246  0.0245  0.0245  0.0245  0.0245  0.0245  0.0245
  0.0245  0.0245  0.0245  0.0245  0.0245  0.0245  0.0245  0.0245  0.0245  0.0245  0.0245  0.0245
  0.0245  0.0245  0.0245  0.0245  0.0245  0.0245  0.0245  0.0245  0.0245  0.0245  0.0245  0.0245
  0.0247  0.0247  0.0246  0.0247  0.0247  0.0248  0.0247  0.0248  0.0246  0.0247  0.0245  0.0246
  0.0250  0.0249  0.0247  0.0250  0.0251  0.0252  0.0249  0.0251  0.0248  0.0250  0.0246  0.0247
   -0.4350   -0.8422   17.6170   -4.0077  -16.7245   -4.0651
    6.7228    0.5397   -7.1561    5.0491   -2.0520  -14.7042
eta,q 0.97553 13.34003

---------------------------------------------------------------------
imgreg_4dfp /opt/freesurfer/average/711-2C_as_mni_average_305 /opt/freesurfer/average/711-2B_as_mni_average_305_mask talsrcimg_g11 none talsrcimg_to_711-2C_as_mni_average_305_t4 2311
---------------------------------------------------------------------

freesurfer imgreg_4dfp.c
/opt/freesurfer/average/711-2C_as_mni_average_305.4dfp.img
       256       256       256         1
  1.000000  1.000000  1.000000
orientation T byte_order littleendian
Reading image: /opt/freesurfer/average/711-2C_as_mni_average_305.4dfp.img
dimensions:      256       256       256
mmppix:       1.0000   -1.0000   -1.0000
center:     128.0000 -129.0000 -129.0000
/opt/freesurfer/average/711-2B_as_mni_average_305_mask.4dfp.img
       256       256       256         1
  1.000000  1.000000  1.000000
orientation T byte_order littleendian
Reading mask: /opt/freesurfer/average/711-2B_as_mni_average_305_mask.4dfp.img (2306576 pixels)
talsrcimg_g11.4dfp.img
       256       256       256         1
  1.000000  1.000000  1.000000
orientation T byte_order littleendian
Reading image: talsrcimg_g11.4dfp.img
dimensions:      256       256       256
mmppix:       1.0000   -1.0000   -1.0000
center:     128.0000 -129.0000 -129.0000
fimgreg.f
image alignment mode   2311 decimal      907 hex
parameters
   -0.4350   -0.8422   17.6170   -4.0077  -16.7245   -4.0651
    6.7228    0.5397   -7.1561    5.0491   -2.0520  -14.7042
eta,q 0.97553 13.34002
niter,ni,del,rscale     5    3    5.0000    0.8000
parameters
   -0.4309   -0.8475   17.6422   -4.1979  -16.9470   -4.3926
    6.7475    0.5395   -7.1198    5.0938   -2.0110  -14.5695
eta,q 0.97548 13.32348
  0.0263  0.0261  0.0256  0.0264  0.0266  0.0266  0.0262  0.0270  0.0259  0.0265  0.0252  0.0255
  0.0253  0.0252  0.0250  0.0254  0.0255  0.0257  0.0253  0.0256  0.0251  0.0254  0.0248  0.0250
  0.0247  0.0246  0.0246  0.0247  0.0248  0.0249  0.0247  0.0248  0.0247  0.0247  0.0246  0.0246
  0.0245  0.0245  0.0245  0.0245  0.0245  0.0245  0.0245  0.0245  0.0245  0.0245  0.0245  0.0245
  0.0247  0.0247  0.0246  0.0247  0.0247  0.0248  0.0247  0.0248  0.0247  0.0248  0.0246  0.0246
  0.0253  0.0252  0.0249  0.0255  0.0256  0.0259  0.0253  0.0256  0.0251  0.0254  0.0248  0.0249
  0.0263  0.0261  0.0255  0.0268  0.0272  0.0277  0.0262  0.0270  0.0258  0.0264  0.0252  0.0254
niter,ni,del,rscale     4    3    5.0000    0.7000
parameters
   -0.4299   -0.7993   17.5913   -4.0472  -16.8489   -4.3722
    6.7134    0.5377   -7.1248    5.1138   -1.9831  -14.6569
eta,q 0.97550 13.32690
  0.0259  0.0258  0.0253  0.0262  0.0263  0.0264  0.0258  0.0264  0.0255  0.0261  0.0250  0.0252
  0.0252  0.0251  0.0248  0.0254  0.0254  0.0256  0.0251  0.0254  0.0250  0.0252  0.0247  0.0248
  0.0247  0.0247  0.0246  0.0248  0.0248  0.0249  0.0247  0.0247  0.0246  0.0247  0.0246  0.0246
  0.0245  0.0245  0.0245  0.0245  0.0245  0.0245  0.0245  0.0245  0.0245  0.0245  0.0245  0.0245
  0.0247  0.0246  0.0246  0.0246  0.0246  0.0246  0.0247  0.0247  0.0246  0.0247  0.0245  0.0246
  0.0252  0.0250  0.0249  0.0251  0.0252  0.0253  0.0251  0.0254  0.0250  0.0252  0.0247  0.0249
  0.0259  0.0256  0.0254  0.0261  0.0263  0.0266  0.0259  0.0264  0.0255  0.0260  0.0250  0.0253
niter,ni,del,rscale     3    3    5.0000    0.6000
parameters
   -0.4313   -0.8208   17.5861   -4.0326  -16.7865   -4.2639
    6.7165    0.5383   -7.1418    5.0994   -2.0123  -14.6893
eta,q 0.97551 13.33247
  0.0255  0.0254  0.0251  0.0257  0.0259  0.0260  0.0255  0.0259  0.0252  0.0257  0.0249  0.0250
  0.0250  0.0249  0.0248  0.0251  0.0252  0.0254  0.0249  0.0251  0.0248  0.0250  0.0246  0.0247
  0.0246  0.0246  0.0246  0.0247  0.0247  0.0248  0.0246  0.0247  0.0246  0.0246  0.0245  0.0245
  0.0245  0.0245  0.0245  0.0245  0.0245  0.0245  0.0245  0.0245  0.0245  0.0245  0.0245  0.0245
  0.0246  0.0246  0.0246  0.0246  0.0246  0.0246  0.0246  0.0247  0.0246  0.0246  0.0245  0.0246
  0.0250  0.0249  0.0248  0.0250  0.0250  0.0251  0.0249  0.0251  0.0248  0.0250  0.0247  0.0248
  0.0255  0.0254  0.0251  0.0257  0.0259  0.0260  0.0255  0.0259  0.0253  0.0256  0.0249  0.0250
niter,ni,del,rscale     2    3    5.0000    0.5000
parameters
   -0.4338   -0.8376   17.6033   -4.0293  -16.7459   -4.1511
    6.7182    0.5432   -7.1447    5.0588   -2.0306  -14.6910
eta,q 0.97552 13.33682
  0.0252  0.0251  0.0249  0.0253  0.0254  0.0256  0.0252  0.0255  0.0250  0.0253  0.0247  0.0249
  0.0248  0.0247  0.0247  0.0249  0.0249  0.0251  0.0248  0.0249  0.0247  0.0248  0.0246  0.0247
  0.0246  0.0245  0.0245  0.0246  0.0246  0.0247  0.0246  0.0246  0.0245  0.0246  0.0245  0.0245
  0.0245  0.0245  0.0245  0.0245  0.0245  0.0245  0.0245  0.0245  0.0245  0.0245  0.0245  0.0245
  0.0246  0.0246  0.0245  0.0246  0.0246  0.0245  0.0246  0.0246  0.0245  0.0246  0.0245  0.0245
  0.0248  0.0248  0.0247  0.0248  0.0249  0.0249  0.0248  0.0249  0.0247  0.0249  0.0246  0.0247
  0.0252  0.0251  0.0249  0.0254  0.0254  0.0256  0.0252  0.0255  0.0250  0.0253  0.0247  0.0249
niter,ni,del,rscale     1    3    5.0000    0.4000
parameters
   -0.4346   -0.8546   17.6298   -4.0249  -16.7140   -4.0549
    6.7218    0.5364   -7.1634    5.0146   -2.0573  -14.6648
eta,q 0.97553 13.34062
  0.0249  0.0249  0.0248  0.0250  0.0251  0.0253  0.0249  0.0251  0.0248  0.0250  0.0246  0.0247
  0.0247  0.0246  0.0246  0.0247  0.0248  0.0249  0.0247  0.0248  0.0246  0.0247  0.0245  0.0246
  0.0245  0.0245  0.0245  0.0245  0.0246  0.0246  0.0245  0.0245  0.0245  0.0245  0.0245  0.0245
  0.0245  0.0245  0.0245  0.0245  0.0245  0.0245  0.0245  0.0245  0.0245  0.0245  0.0245  0.0245
  0.0245  0.0245  0.0245  0.0245  0.0245  0.0245  0.0245  0.0245  0.0245  0.0245  0.0245  0.0245
  0.0247  0.0247  0.0246  0.0247  0.0247  0.0248  0.0247  0.0248  0.0246  0.0247  0.0245  0.0246
  0.0250  0.0249  0.0247  0.0250  0.0251  0.0252  0.0249  0.0251  0.0248  0.0250  0.0246  0.0247
registration optimization eta report
parameter search radius
    0.8000    0.8000    0.8000    2.4000    2.4000    2.4000
    2.4000    2.4000    2.4000    2.4000    2.4000    2.4000
100000*second partial in parameter space
       74.       63.       43.        9.       11.       13.
        8.       11.        6.       10.        3.        4.
  0.0249  0.0249  0.0248  0.0250  0.0251  0.0253  0.0249  0.0251  0.0248  0.0250  0.0246  0.0247
  0.0247  0.0246  0.0246  0.0247  0.0248  0.0249  0.0247  0.0248  0.0246  0.0247  0.0245  0.0246
  0.0245  0.0245  0.0245  0.0245  0.0246  0.0246  0.0245  0.0245  0.0245  0.0245  0.0245  0.0245
  0.0245  0.0245  0.0245  0.0245  0.0245  0.0245  0.0245  0.0245  0.0245  0.0245  0.0245  0.0245
  0.0245  0.0245  0.0245  0.0245  0.0245  0.0245  0.0245  0.0245  0.0245  0.0245  0.0245  0.0245
  0.0247  0.0247  0.0246  0.0247  0.0247  0.0248  0.0247  0.0248  0.0246  0.0247  0.0245  0.0246
  0.0250  0.0249  0.0247  0.0250  0.0251  0.0252  0.0249  0.0251  0.0248  0.0250  0.0246  0.0247
   -0.4346   -0.8546   17.6298   -4.0249  -16.7140   -4.0549
    6.7218    0.5364   -7.1634    5.0146   -2.0573  -14.6648
eta,q 0.97553 13.34062

---------------------------------------------------------------------
compute_vox2vox talsrcimg talsrcimg_to_711-2C_as_mni_average_305_t4 /opt/freesurfer/average/711-2C_as_mni_average_305
---------------------------------------------------------------------

freesurfer compute_vox2vox.c
Reading: talsrcimg.4dfp.ifh
Reading: talsrcimg_to_711-2C_as_mni_average_305_t4
Reading: /opt/freesurfer/average/711-2C_as_mni_average_305.4dfp.ifh
Writing: talsrcimg_to_711-2C_as_mni_average_305_t4_vox2vox.txt

start time Thu Mar 12 18:18:28 CET 2026
end		time Thu Mar 12 18:18:42 CET 2026

mpr2mni305 success

avi2talxfm orig_nu.mgz /opt/freesurfer/average/mni305.cor.mgz talsrcimg_to_711-2C_as_mni_average_305_t4_vox2vox.txt transforms/talairach.auto.xfm
avi2talxfm done
mv -f /out/sourcedata/freesurfer/sub-v1s20x0050353_ses-1/mri/talsrcimg_to_711-2C_as_mni_average_305_t4_vox2vox.txt /out/sourcedata/freesurfer/sub-v1s20x0050353_ses-1/mri/transforms/talsrcimg_to_711-2C_as_mni_average_305_t4_vox2vox.txt
lta_convert --src orig_nu.mgz --trg /opt/freesurfer/average/mni305.cor.mgz --inxfm transforms/talairach.auto.xfm --outlta transforms/talairach.auto.xfm.lta --subject fsaverage
7.3.2

--src: orig_nu.mgz src image (geometry).
--trg: /opt/freesurfer/average/mni305.cor.mgz trg image (geometry).
--inmni: transforms/talairach.auto.xfm input MNI/XFM transform.
--outlta: transforms/talairach.auto.xfm.lta output LTA.
--s: fsaverage subject name
 LTA read, type : 1
 1.03565  -0.00141  -0.08383  -0.06460;
 0.03550   1.03271   0.17897  -18.67307;
 0.08694  -0.06230   1.18270   1.24414;
 0.00000   0.00000   0.00000   1.00000;
setting subject to fsaverage
Writing  LTA to file transforms/talairach.auto.xfm.lta...
lta_convert successful.
 
 
Started at Thu Mar 12 18:18:28 CET 2026
Ended   at Thu Mar 12 18:18:43 CET 2026
talairach_avi done
