status file for recon-all
Thu Mar 12 16:59:45 CET 2026
#@# Tessellate rh Thu Mar 12 16:59:45 CET 2026
#@# Smooth1 rh Thu Mar 12 16:59:49 CET 2026
#@# Inflation1 rh Thu Mar 12 16:59:52 CET 2026
#@# QSphere rh Thu Mar 12 17:00:04 CET 2026
#@# Fix Topology rh Thu Mar 12 17:01:12 CET 2026
#@# Smooth2 rh Thu Mar 12 17:10:36 CET 2026
#@# Inflation2 rh Thu Mar 12 17:10:39 CET 2026
#@# Curv .H and .K rh Thu Mar 12 17:10:53 CET 2026
#@# Sphere rh Thu Mar 12 17:11:34 CET 2026
#@# Surf Reg rh Thu Mar 12 17:16:00 CET 2026
#@# Jacobian white rh Thu Mar 12 17:19:50 CET 2026
#@# AvgCurv rh Thu Mar 12 17:19:50 CET 2026
#@# Cortical Parc rh Thu Mar 12 17:19:51 CET 2026
#@# white curv rh Thu Mar 12 17:25:50 CET 2026
#@# white area rh Thu Mar 12 17:25:52 CET 2026
#@# pial curv rh Thu Mar 12 17:25:53 CET 2026
#@# pial area rh Thu Mar 12 17:25:54 CET 2026
#@# thickness rh Thu Mar 12 17:25:55 CET 2026
#@# area and vertex vol rh Thu Mar 12 17:26:21 CET 2026
#@# Curvature Stats rh Thu Mar 12 17:26:23 CET 2026
#@# Cortical Parc 2 rh Thu Mar 12 17:26:25 CET 2026
#@# Cortical Parc 3 rh Thu Mar 12 17:26:39 CET 2026
#@# WM/GM Contrast rh Thu Mar 12 17:26:49 CET 2026
recon-all -s sub-v1s20x0050277_ses-1 finished without error at Thu Mar 12 17:26:51 CET 2026



#New# invocation of recon-all 



status file for recon-all
Thu Mar 12 17:33:47 CET 2026
#@# white curv rh Thu Mar 12 17:33:47 CET 2026
#@# white area rh Thu Mar 12 17:33:47 CET 2026
#@# pial curv rh Thu Mar 12 17:33:47 CET 2026
#@# pial area rh Thu Mar 12 17:33:47 CET 2026
#@# thickness rh Thu Mar 12 17:33:47 CET 2026
#@# area and vertex vol rh Thu Mar 12 17:33:47 CET 2026
#@# Parcellation Stats rh Thu Mar 12 17:33:47 CET 2026
#@# Parcellation Stats 2 rh Thu Mar 12 17:34:03 CET 2026
#@# Parcellation Stats 3 rh Thu Mar 12 17:34:12 CET 2026
#@# BA_exvivo Labels rh Thu Mar 12 17:34:20 CET 2026
recon-all -s sub-v1s20x0050277_ses-1 finished without error at Thu Mar 12 17:37:03 CET 2026
