status file for recon-all
Thu Mar 12 16:32:28 CET 2026
#@# Tessellate lh Thu Mar 12 16:32:28 CET 2026
#@# Smooth1 lh Thu Mar 12 16:32:32 CET 2026
#@# Inflation1 lh Thu Mar 12 16:32:35 CET 2026
#@# QSphere lh Thu Mar 12 16:32:47 CET 2026
#@# Fix Topology lh Thu Mar 12 16:33:58 CET 2026
#@# Smooth2 lh Thu Mar 12 16:44:07 CET 2026
#@# Inflation2 lh Thu Mar 12 16:44:10 CET 2026
#@# Curv .H and .K lh Thu Mar 12 16:44:22 CET 2026
#@# Sphere lh Thu Mar 12 16:45:01 CET 2026
#@# Surf Reg lh Thu Mar 12 16:49:00 CET 2026
#@# Jacobian white lh Thu Mar 12 16:52:21 CET 2026
#@# AvgCurv lh Thu Mar 12 16:52:21 CET 2026
#@# Cortical Parc lh Thu Mar 12 16:52:22 CET 2026
#@# white curv lh Thu Mar 12 16:58:46 CET 2026
#@# white area lh Thu Mar 12 16:58:48 CET 2026
#@# pial curv lh Thu Mar 12 16:58:49 CET 2026
#@# pial area lh Thu Mar 12 16:58:50 CET 2026
#@# thickness lh Thu Mar 12 16:58:51 CET 2026
#@# area and vertex vol lh Thu Mar 12 16:59:16 CET 2026
#@# Curvature Stats lh Thu Mar 12 16:59:17 CET 2026
#@# Cortical Parc 2 lh Thu Mar 12 16:59:19 CET 2026
#@# Cortical Parc 3 lh Thu Mar 12 16:59:31 CET 2026
#@# WM/GM Contrast lh Thu Mar 12 16:59:40 CET 2026
recon-all -s sub-v1s20x0050277_ses-1 finished without error at Thu Mar 12 16:59:43 CET 2026



#New# invocation of recon-all 



status file for recon-all
Thu Mar 12 17:30:37 CET 2026
#@# white curv lh Thu Mar 12 17:30:37 CET 2026
#@# white area lh Thu Mar 12 17:30:37 CET 2026
#@# pial curv lh Thu Mar 12 17:30:37 CET 2026
#@# pial area lh Thu Mar 12 17:30:37 CET 2026
#@# thickness lh Thu Mar 12 17:30:37 CET 2026
#@# area and vertex vol lh Thu Mar 12 17:30:37 CET 2026
#@# Parcellation Stats lh Thu Mar 12 17:30:37 CET 2026
#@# Parcellation Stats 2 lh Thu Mar 12 17:30:51 CET 2026
#@# Parcellation Stats 3 lh Thu Mar 12 17:30:58 CET 2026
#@# BA_exvivo Labels lh Thu Mar 12 17:31:05 CET 2026
recon-all -s sub-v1s20x0050277_ses-1 finished without error at Thu Mar 12 17:33:45 CET 2026
