status file for recon-all
Mon Mar  9 10:34:26 CET 2026
#@# Tessellate rh Mon Mar  9 10:34:26 CET 2026
#@# Smooth1 rh Mon Mar  9 10:34:29 CET 2026
#@# Inflation1 rh Mon Mar  9 10:34:31 CET 2026
#@# QSphere rh Mon Mar  9 10:34:40 CET 2026
#@# Fix Topology rh Mon Mar  9 10:35:34 CET 2026
#@# Smooth2 rh Mon Mar  9 10:40:38 CET 2026
#@# Inflation2 rh Mon Mar  9 10:40:40 CET 2026
#@# Curv .H and .K rh Mon Mar  9 10:40:49 CET 2026
#@# Sphere rh Mon Mar  9 10:41:29 CET 2026
#@# Surf Reg rh Mon Mar  9 10:43:03 CET 2026
#@# Jacobian white rh Mon Mar  9 10:45:46 CET 2026
#@# AvgCurv rh Mon Mar  9 10:45:46 CET 2026
#@# Cortical Parc rh Mon Mar  9 10:45:47 CET 2026
#@# white curv rh Mon Mar  9 10:50:45 CET 2026
#@# white area rh Mon Mar  9 10:50:47 CET 2026
#@# pial curv rh Mon Mar  9 10:50:47 CET 2026
#@# pial area rh Mon Mar  9 10:50:49 CET 2026
#@# thickness rh Mon Mar  9 10:50:49 CET 2026
#@# area and vertex vol rh Mon Mar  9 10:51:14 CET 2026
#@# Curvature Stats rh Mon Mar  9 10:51:15 CET 2026
#@# Cortical Parc 2 rh Mon Mar  9 10:51:17 CET 2026
#@# Cortical Parc 3 rh Mon Mar  9 10:51:28 CET 2026
#@# WM/GM Contrast rh Mon Mar  9 10:51:36 CET 2026
recon-all -s sub-v1s20x0050340_ses-1 finished without error at Mon Mar  9 10:51:39 CET 2026



#New# invocation of recon-all 



status file for recon-all
Mon Mar  9 10:57:14 CET 2026
#@# white curv rh Mon Mar  9 10:57:14 CET 2026
#@# white area rh Mon Mar  9 10:57:14 CET 2026
#@# pial curv rh Mon Mar  9 10:57:14 CET 2026
#@# pial area rh Mon Mar  9 10:57:14 CET 2026
#@# thickness rh Mon Mar  9 10:57:14 CET 2026
#@# area and vertex vol rh Mon Mar  9 10:57:14 CET 2026
#@# Parcellation Stats rh Mon Mar  9 10:57:14 CET 2026
#@# Parcellation Stats 2 rh Mon Mar  9 10:57:28 CET 2026
#@# Parcellation Stats 3 rh Mon Mar  9 10:57:35 CET 2026
#@# BA_exvivo Labels rh Mon Mar  9 10:57:42 CET 2026
recon-all -s sub-v1s20x0050340_ses-1 finished without error at Mon Mar  9 10:59:47 CET 2026
