status file for recon-all
Thu Mar 12 15:23:09 CET 2026
#@# MotionCor Thu Mar 12 15:23:11 CET 2026
#@# Talairach Thu Mar 12 15:23:19 CET 2026
#@# Talairach Failure Detection Thu Mar 12 15:27:44 CET 2026
#@# Nu Intensity Correction Thu Mar 12 15:27:44 CET 2026
#@# Intensity Normalization Thu Mar 12 15:31:00 CET 2026
recon-all -s sub-v1s20x0050296_ses-1 finished without error at Thu Mar 12 15:32:25 CET 2026



#New# invocation of recon-all 



status file for recon-all
Thu Mar 12 15:39:28 CET 2026
#@# EM Registration Thu Mar 12 15:39:28 CET 2026
recon-all -s sub-v1s20x0050296_ses-1 finished without error at Thu Mar 12 15:41:14 CET 2026



#New# invocation of recon-all 



status file for recon-all
Thu Mar 12 15:41:16 CET 2026
#@# CA Normalize Thu Mar 12 15:41:16 CET 2026
#@# CA Reg Thu Mar 12 15:42:36 CET 2026
#@# SubCort Seg Thu Mar 12 16:30:07 CET 2026
#@# CC Seg Thu Mar 12 16:58:34 CET 2026
#@# Merge ASeg Thu Mar 12 16:59:06 CET 2026
#@# Intensity Normalization2 Thu Mar 12 16:59:06 CET 2026
#@# Mask BFS Thu Mar 12 17:01:18 CET 2026
#@# WM Segmentation Thu Mar 12 17:01:19 CET 2026
#@# Fill Thu Mar 12 17:03:20 CET 2026
recon-all -s sub-v1s20x0050296_ses-1 finished without error at Thu Mar 12 17:04:21 CET 2026



#New# invocation of recon-all 



status file for recon-all
Thu Mar 12 17:57:33 CET 2026
#@# white curv lh Thu Mar 12 17:57:33 CET 2026
#@# white area lh Thu Mar 12 17:57:33 CET 2026
#@# pial curv lh Thu Mar 12 17:57:33 CET 2026
#@# pial area lh Thu Mar 12 17:57:33 CET 2026
#@# thickness lh Thu Mar 12 17:57:33 CET 2026
#@# area and vertex vol lh Thu Mar 12 17:57:33 CET 2026
#@# white curv rh Thu Mar 12 17:57:33 CET 2026
#@# white area rh Thu Mar 12 17:57:33 CET 2026
#@# pial curv rh Thu Mar 12 17:57:33 CET 2026
#@# pial area rh Thu Mar 12 17:57:33 CET 2026
#@# thickness rh Thu Mar 12 17:57:33 CET 2026
#@# area and vertex vol rh Thu Mar 12 17:57:33 CET 2026
#@# Cortical ribbon mask Thu Mar 12 17:57:33 CET 2026
recon-all -s sub-v1s20x0050296_ses-1 finished without error at Thu Mar 12 18:03:11 CET 2026



#New# invocation of recon-all 



status file for recon-all
Thu Mar 12 18:10:35 CET 2026
#@# white curv lh Thu Mar 12 18:10:35 CET 2026
#@# white area lh Thu Mar 12 18:10:35 CET 2026
#@# pial curv lh Thu Mar 12 18:10:35 CET 2026
#@# pial area lh Thu Mar 12 18:10:35 CET 2026
#@# thickness lh Thu Mar 12 18:10:35 CET 2026
#@# area and vertex vol lh Thu Mar 12 18:10:35 CET 2026
#@# white curv rh Thu Mar 12 18:10:35 CET 2026
#@# white area rh Thu Mar 12 18:10:35 CET 2026
#@# pial curv rh Thu Mar 12 18:10:35 CET 2026
#@# pial area rh Thu Mar 12 18:10:35 CET 2026
#@# thickness rh Thu Mar 12 18:10:35 CET 2026
#@# area and vertex vol rh Thu Mar 12 18:10:35 CET 2026
#@# Curvature Stats lh Thu Mar 12 18:10:35 CET 2026
#@# Curvature Stats rh Thu Mar 12 18:10:38 CET 2026
#@# Relabel Hypointensities Thu Mar 12 18:10:40 CET 2026
#@# APas-to-ASeg Thu Mar 12 18:10:56 CET 2026
#@# AParc-to-ASeg aparc Thu Mar 12 18:11:05 CET 2026
#@# AParc-to-ASeg aparc.a2009s Thu Mar 12 18:11:43 CET 2026
#@# AParc-to-ASeg aparc.DKTatlas Thu Mar 12 18:12:19 CET 2026
#@# WMParc Thu Mar 12 18:12:57 CET 2026
#@# ASeg Stats Thu Mar 12 18:16:55 CET 2026
recon-all -s sub-v1s20x0050296_ses-1 finished without error at Thu Mar 12 18:17:36 CET 2026
