/out/sourcedata/freesurfer/sub-v1s20x0050347_ses-1/mri
/opt/freesurfer/bin/talairach_avi
--i orig_nu.mgz --xfm transforms/talairach.auto.xfm
talairach_avi 7.3.2
Linux dna042 5.14.0-427.37.1.el9_4.x86_64 #1 SMP PREEMPT_DYNAMIC Fri Sep 13 12:41:50 EDT 2024 x86_64 x86_64 x86_64 GNU/Linux
Thu Mar 12 18:10:00 CET 2026
mri_convert orig_nu.mgz talsrcimg.img 
reading from orig_nu.mgz...
TR=0.00, TE=0.00, TI=0.00, flip angle=0.00
i_ras = (-1, 0, 0)
j_ras = (0, 0, -1)
k_ras = (0, 1, 0)
writing to talsrcimg.img...
Analyze Output Matrix
-1.00000   0.00000   0.00000   129.50778;
 0.00000   0.00000   1.00000  -128.49219;
 0.00000  -1.00000   0.00000   129.70001;
 0.00000   0.00000   0.00000   1.00000;
--------------------
INFO: set hdr.hist.orient to -1
mpr2mni305 talsrcimg
Thu Mar 12 18:10:00 CET 2026
/opt/freesurfer/bin/mpr2mni305 talsrcimg
mpr2mni305 7.3.2
target=711-2C_as_mni_average_305

---------------------------------------------------------------------
analyzeto4dfp talsrcimg -O0 -y
---------------------------------------------------------------------

freesurfer ifh2hdr.c
Thu Mar 12 18:10:00 2026
Writing: talsrcimg.4dfp.hdr
freesurfer analyzeto4dfp.c
Reading: talsrcimg.hdr
header size 348 bytes
hdr.dime.datatype	offset=70	value=2
hdr.dime.bitpix		offset=72	value=8
hdr.hist.orient		offset=252	value=-1
dimensionality     4
dimensions       256       256       256         1
Reading: talsrcimg.img
Writing: talsrcimg.4dfp.img
Writing: talsrcimg.4dfp.ifh
ifh2hdr talsrcimg -r0to232
ori=2

---------------------------------------------------------------------
gauss_4dfp talsrcimg 1.1
---------------------------------------------------------------------

freesurfer gauss_4dfp.c
Reading: talsrcimg.4dfp.img
Writing: talsrcimg_g11.4dfp.img
image dimensions 256 256 256 padded to 288 288 288
processing volume 1freesurfer ifh2hdr.c
Thu Mar 12 18:10:02 2026
Writing: talsrcimg_g11.4dfp.hdr

Writing: talsrcimg_g11.4dfp.ifh
including: talsrcimg.4dfp.img.rec in talsrcimg_g11.4dfp.img.rec

---------------------------------------------------------------------
imgreg_4dfp /opt/freesurfer/average/711-2C_as_mni_average_305 none talsrcimg_g11 none talsrcimg_to_711-2C_as_mni_average_305_t4 4355
---------------------------------------------------------------------

freesurfer imgreg_4dfp.c
/opt/freesurfer/average/711-2C_as_mni_average_305.4dfp.img
       256       256       256         1
  1.000000  1.000000  1.000000
orientation T byte_order littleendian
Reading image: /opt/freesurfer/average/711-2C_as_mni_average_305.4dfp.img
dimensions:      256       256       256
mmppix:       1.0000   -1.0000   -1.0000
center:     128.0000 -129.0000 -129.0000
talsrcimg_g11.4dfp.img
       256       256       256         1
  1.000000  1.000000  1.000000
orientation T byte_order littleendian
Reading image: talsrcimg_g11.4dfp.img
dimensions:      256       256       256
mmppix:       1.0000   -1.0000   -1.0000
center:     128.0000 -129.0000 -129.0000
t4_read: open error in t4_sub.f l:  41 t4_file(1:l)talsrcimg_to_711-2C_as_mni_average_305_t4 
t4_read: transform initialized to I4
rotation matrix determinant  1.000000
image alignment mode   4355 decimal     1103 hex
   -7.5000  -45.0000  -45.0000 7468.7793   19.4142
    0.0000  -45.0000  -45.0000 7816.5767   19.4259
    7.5000  -45.0000  -45.0000 7486.0645   19.4370
   -7.5000  -37.5000  -45.0000 8074.4780   19.3244
    0.0000  -37.5000  -45.0000 8434.3232   19.3399
    7.5000  -37.5000  -45.0000 8091.7085   19.3642
   -7.5000  -30.0000  -45.0000 8892.5879   19.2665
    0.0000  -30.0000  -45.0000 9304.8779   19.2846
    7.5000  -30.0000  -45.0000 8910.9873   19.3244
   -7.5000  -22.5000  -45.0000 9656.5225   19.3103
    0.0000  -22.5000  -45.000010071.4678   19.3279
    7.5000  -22.5000  -45.0000 9650.4766   19.3696
   -7.5000  -15.0000  -45.000010285.1143   19.3854
    0.0000  -15.0000  -45.000010703.3135   19.4000
    7.5000  -15.0000  -45.000010281.5264   19.4307
   -7.5000   -7.5000  -45.000010963.5518   19.4309
    0.0000   -7.5000  -45.000011423.5195   19.4422
    7.5000   -7.5000  -45.000010994.4863   19.4581
   -7.5000    0.0000  -45.000011598.7666   19.4142
    0.0000    0.0000  -45.000012113.6055   19.4259
    7.5000    0.0000  -45.000011654.4414   19.4370
   -7.5000    7.5000  -45.000011448.5830   19.3244
    0.0000    7.5000  -45.000011964.0889   19.3399
    7.5000    7.5000  -45.000011488.3594   19.3642
   -7.5000   15.0000  -45.000011090.2451   19.2665
    0.0000   15.0000  -45.000011595.1104   19.2846
    7.5000   15.0000  -45.000011134.2773   19.3244
   -7.5000   22.5000  -45.000010542.9688   19.3077
    0.0000   22.5000  -45.000011036.3789   19.3253
    7.5000   22.5000  -45.000010638.5576   19.3669
   -7.5000   30.0000  -45.0000 9766.1123   19.1270
    0.0000   30.0000  -45.000010228.4160   19.1414
    7.5000   30.0000  -45.0000 9888.4355   19.1718
   -7.5000   37.5000  -45.0000 9281.6064   19.1720
    0.0000   37.5000  -45.0000 9718.6514   19.1831
    7.5000   37.5000  -45.0000 9391.3711   19.1988
   -7.5000   45.0000  -45.0000 8544.8447   18.6691
    0.0000   45.0000  -45.0000 8970.9277   18.6803
    7.5000   45.0000  -45.0000 8647.6650   18.6910
   -7.5000  -45.0000  -37.5000 7917.4458   19.4195
    0.0000  -45.0000  -37.5000 8253.5098   19.4254
    7.5000  -45.0000  -37.5000 7918.5210   19.4315
   -7.5000  -37.5000  -37.5000 8578.2080   19.3191
    0.0000  -37.5000  -37.5000 8938.9629   19.3278
    7.5000  -37.5000  -37.5000 8588.0381   19.3507
   -7.5000  -30.0000  -37.5000 9444.6748   19.2559
    0.0000  -30.0000  -37.5000 9848.6670   19.2670
    7.5000  -30.0000  -37.5000 9479.7324   19.3066
   -7.5000  -22.5000  -37.500010225.9668   19.3055
    0.0000  -22.5000  -37.500010651.2197   19.3168
    7.5000  -22.5000  -37.500010235.5928   19.3551
   -7.5000  -15.0000  -37.500010874.9756   19.3920
    0.0000  -15.0000  -37.500011299.5723   19.4012
    7.5000  -15.0000  -37.500010873.0918   19.4240
   -7.5000   -7.5000  -37.500011576.4170   19.4424
    0.0000   -7.5000  -37.500012026.3662   19.4486
    7.5000   -7.5000  -37.500011583.7627   19.4560
   -7.5000    0.0000  -37.500012269.9561   19.4195
    0.0000    0.0000  -37.500012751.8389   19.4254
    7.5000    0.0000  -37.500012279.3975   19.4315
   -7.5000    7.5000  -37.500012080.5977   19.3191
    0.0000    7.5000  -37.500012561.4600   19.3278
    7.5000    7.5000  -37.500012091.7910   19.3507
   -7.5000   15.0000  -37.500011676.4004   19.2559
    0.0000   15.0000  -37.500012140.5967   19.2670
    7.5000   15.0000  -37.500011705.6016   19.3066
   -7.5000   22.5000  -37.500011074.8828   19.3028
    0.0000   22.5000  -37.500011525.9785   19.3142
    7.5000   22.5000  -37.500011155.0762   19.3525
   -7.5000   30.0000  -37.500010263.2949   19.1336
    0.0000   30.0000  -37.500010670.6562   19.1426
    7.5000   30.0000  -37.500010392.9004   19.1652
   -7.5000   37.5000  -37.5000 9736.4346   19.1833
    0.0000   37.5000  -37.500010143.4639   19.1895
    7.5000   37.5000  -37.5000 9858.4473   19.1967
   -7.5000   45.0000  -37.5000 8907.6221   18.6741
    0.0000   45.0000  -37.5000 9320.2207   18.6799
    7.5000   45.0000  -37.5000 9017.9404   18.6857
   -7.5000  -45.0000  -30.0000 8469.3154   20.2481
    0.0000  -45.0000  -30.0000 8802.5244   20.2552
    7.5000  -45.0000  -30.0000 8478.9170   20.2519
   -7.5000  -37.5000  -30.0000 9168.2842   20.1284
    0.0000  -37.5000  -30.0000 9548.1182   20.1399
    7.5000  -37.5000  -30.0000 9202.5547   20.1582
   -7.5000  -30.0000  -30.000010139.4268   20.0534
    0.0000  -30.0000  -30.000010555.6514   20.0669
    7.5000  -30.0000  -30.000010194.1133   20.1046
   -7.5000  -22.5000  -30.000010951.0254   20.1115
    0.0000  -22.5000  -30.000011425.5576   20.1230
    7.5000  -22.5000  -30.000010987.0146   20.1571
   -7.5000  -15.0000  -30.000011647.0156   20.2174
    0.0000  -15.0000  -30.000012118.9707   20.2245
    7.5000  -15.0000  -30.000011648.6396   20.2383
   -7.5000   -7.5000  -30.000012390.6572   20.2785
    0.0000   -7.5000  -30.000012881.6855   20.2834
    7.5000   -7.5000  -30.000012376.4609   20.2792
   -7.5000    0.0000  -30.000013124.2764   20.2481
    0.0000    0.0000  -30.000013648.4375   20.2552
    7.5000    0.0000  -30.000013125.1484   20.2519
   -7.5000    7.5000  -30.000012896.3633   20.1284
    0.0000    7.5000  -30.000013402.2637   20.1399
    7.5000    7.5000  -30.000012891.9688   20.1582
   -7.5000   15.0000  -30.000012428.8809   20.0534
    0.0000   15.0000  -30.000012895.4785   20.0669
    7.5000   15.0000  -30.000012463.8291   20.1046
   -7.5000   22.5000  -30.000011787.7510   20.1067
    0.0000   22.5000  -30.000012214.4004   20.1181
    7.5000   22.5000  -30.000011849.3887   20.1523
   -7.5000   30.0000  -30.000010949.4580   19.9498
    0.0000   30.0000  -30.000011321.3076   19.9569
    7.5000   30.0000  -30.000011058.9346   19.9705
   -7.5000   37.5000  -30.000010389.9062   20.0102
    0.0000   37.5000  -30.000010753.2080   20.0150
    7.5000   37.5000  -30.000010495.0195   20.0108
   -7.5000   45.0000  -30.0000 9466.4922   19.4852
    0.0000   45.0000  -30.0000 9836.1973   19.4921
    7.5000   45.0000  -30.0000 9553.7842   19.4890
   -7.5000  -45.0000  -22.5000 8995.8379   20.9355
    0.0000  -45.0000  -22.5000 9375.7627   20.9511
    7.5000  -45.0000  -22.5000 9031.2090   20.9430
   -7.5000  -37.5000  -22.5000 9764.7598   20.8093
    0.0000  -37.5000  -22.500010190.0137   20.8318
    7.5000  -37.5000  -22.5000 9807.9287   20.8458
   -7.5000  -30.0000  -22.500010863.1055   20.7285
    0.0000  -30.0000  -22.500011351.2031   20.7523
    7.5000  -30.0000  -22.500010914.4600   20.7873
   -7.5000  -22.5000  -22.500011745.0322   20.7872
    0.0000  -22.5000  -22.500012332.4004   20.8056
    7.5000  -22.5000  -22.500011810.4541   20.8384
   -7.5000  -15.0000  -22.500012437.4307   20.8984
    0.0000  -15.0000  -22.500013019.7520   20.9101
    7.5000  -15.0000  -22.500012445.8486   20.9224
   -7.5000   -7.5000  -22.500013240.1826   20.9655
    0.0000   -7.5000  -22.500013823.5977   20.9757
    7.5000   -7.5000  -22.500013180.4424   20.9682
   -7.5000    0.0000  -22.500014029.1328   20.9355
    0.0000    0.0000  -22.500014634.2139   20.9511
    7.5000    0.0000  -22.500013997.2139   20.9430
   -7.5000    7.5000  -22.500013766.0332   20.8093
    0.0000    7.5000  -22.500014330.5723   20.8318
    7.5000    7.5000  -22.500013742.8584   20.8458
   -7.5000   15.0000  -22.500013206.7871   20.7285
    0.0000   15.0000  -22.500013723.2676   20.7523
    7.5000   15.0000  -22.500013230.0098   20.7873
   -7.5000   22.5000  -22.500012536.5918   20.7808
    0.0000   22.5000  -22.500012938.7168   20.7992
    7.5000   22.5000  -22.500012567.2900   20.8320
   -7.5000   30.0000  -22.500011681.0410   20.6251
    0.0000   30.0000  -22.500012045.4473   20.6366
    7.5000   30.0000  -22.500011730.3047   20.6487
   -7.5000   37.5000  -22.500011047.2031   20.6913
    0.0000   37.5000  -22.500011421.9014   20.7013
    7.5000   37.5000  -22.500011129.2119   20.6939
   -7.5000   45.0000  -22.500010024.2432   20.1619
    0.0000   45.0000  -22.500010410.1943   20.1770
    7.5000   45.0000  -22.500010108.0225   20.1692
   -7.5000  -45.0000  -15.0000 9504.5879   21.4170
    0.0000  -45.0000  -15.0000 9905.2852   21.4402
    7.5000  -45.0000  -15.0000 9512.4893   21.4356
   -7.5000  -37.5000  -15.000010327.7051   21.2992
    0.0000  -37.5000  -15.000010777.6309   21.3311
    7.5000  -37.5000  -15.000010333.0303   21.3459
   -7.5000  -30.0000  -15.000011557.6143   21.2228
    0.0000  -30.0000  -15.000012081.2725   21.2567
    7.5000  -30.0000  -15.000011553.8496   21.2924
   -7.5000  -22.5000  -15.000012569.3994   21.2767
    0.0000  -22.5000  -15.000013278.0264   21.3045
    7.5000  -22.5000  -15.000012642.6016   21.3411
   -7.5000  -15.0000  -15.000013288.0850   21.3781
    0.0000  -15.0000  -15.000014033.9111   21.3979
    7.5000  -15.0000  -15.000013293.5879   21.4174
   -7.5000   -7.5000  -15.000014126.1504   21.4415
    0.0000   -7.5000  -15.000014825.3428   21.4588
    7.5000   -7.5000  -15.000014014.1787   21.4581
   -7.5000    0.0000  -15.000014899.7344   21.4170
    0.0000    0.0000  -15.000015597.6260   21.4402
    7.5000    0.0000  -15.000014809.4941   21.4356
   -7.5000    7.5000  -15.000014591.4229   21.2992
    0.0000    7.5000  -15.000015237.4736   21.3311
    7.5000    7.5000  -15.000014516.3193   21.3459
   -7.5000   15.0000  -15.000014018.1602   21.2228
    0.0000   15.0000  -15.000014561.1816   21.2567
    7.5000   15.0000  -15.000013973.6035   21.2924
   -7.5000   22.5000  -15.000013266.0674   21.2691
    0.0000   22.5000  -15.000013734.5273   21.2970
    7.5000   22.5000  -15.000013246.3535   21.3336
   -7.5000   30.0000  -15.000012365.3154   21.1014
    0.0000   30.0000  -15.000012823.7539   21.1210
    7.5000   30.0000  -15.000012396.1270   21.1402
   -7.5000   37.5000  -15.000011721.3086   21.1640
    0.0000   37.5000  -15.000012171.3818   21.1811
    7.5000   37.5000  -15.000011779.8672   21.1804
   -7.5000   45.0000  -15.000010646.7168   20.6381
    0.0000   45.0000  -15.000011083.9004   20.6605
    7.5000   45.0000  -15.000010697.0469   20.6560
   -7.5000  -45.0000   -7.5000 9995.6084   21.6573
    0.0000  -45.0000   -7.500010405.8428   21.6787
    7.5000  -45.0000   -7.5000 9979.5322   21.6841
   -7.5000  -37.5000   -7.500010838.4980   21.5532
    0.0000  -37.5000   -7.500011294.7061   21.5820
    7.5000  -37.5000   -7.500010820.6504   21.6030
   -7.5000  -30.0000   -7.500012126.7861   21.4859
    0.0000  -30.0000   -7.500012707.9668   21.5179
    7.5000  -30.0000   -7.500012115.0215   21.5579
   -7.5000  -22.5000   -7.500013393.8838   21.5353
    0.0000  -22.5000   -7.500014301.8965   21.5637
    7.5000  -22.5000   -7.500013474.5762   21.6066
   -7.5000  -15.0000   -7.500014285.0938   21.6224
    0.0000  -15.0000   -7.500015328.6660   21.6443
    7.5000  -15.0000   -7.500014273.4170   21.6745
   -7.5000   -7.5000   -7.500015109.4688   21.6767
    0.0000   -7.5000   -7.500016049.1543   21.6947
    7.5000   -7.5000   -7.500014881.0322   21.7064
   -7.5000    0.0000   -7.500015897.8125   21.6573
    0.0000    0.0000   -7.500016684.1582   21.6787
    7.5000    0.0000   -7.500015603.7451   21.6841
   -7.5000    7.5000   -7.500015519.8604   21.5532
    0.0000    7.5000   -7.500016258.5039   21.5820
    7.5000    7.5000   -7.500015262.6836   21.6030
   -7.5000   15.0000   -7.500014946.8760   21.4859
    0.0000   15.0000   -7.500015611.4561   21.5179
    7.5000   15.0000   -7.500014728.3945   21.5579
   -7.5000   22.5000   -7.500014144.7158   21.5254
    0.0000   22.5000   -7.500014739.7100   21.5537
    7.5000   22.5000   -7.500013975.9551   21.5966
   -7.5000   30.0000   -7.500013212.1143   21.3420
    0.0000   30.0000   -7.500013786.5059   21.3636
    7.5000   30.0000   -7.500013105.5332   21.3934
   -7.5000   37.5000   -7.500012534.0879   21.3956
    0.0000   37.5000   -7.500013105.2207   21.4133
    7.5000   37.5000   -7.500012490.0332   21.4249
   -7.5000   45.0000   -7.500011369.6924   20.8736
    0.0000   45.0000   -7.500011902.7451   20.8942
    7.5000   45.0000   -7.500011367.4766   20.8994
   -7.5000  -45.0000    0.000010351.4287   21.7106
    0.0000  -45.0000    0.000010816.6475   21.7238
    7.5000  -45.0000    0.000010291.3311   21.7358
   -7.5000  -37.5000    0.000011205.7051   21.6109
    0.0000  -37.5000    0.000011664.3779   21.6283
    7.5000  -37.5000    0.000011117.8477   21.6549
   -7.5000  -30.0000    0.000012521.3369   21.5469
    0.0000  -30.0000    0.000013070.5645   21.5671
    7.5000  -30.0000    0.000012444.8613   21.6112
   -7.5000  -22.5000    0.000014051.6992   21.5957
    0.0000  -22.5000    0.000015141.9688   21.6154
    7.5000  -22.5000    0.000014038.2812   21.6617
   -7.5000  -15.0000    0.000015320.6904   21.6789
    0.0000  -15.0000    0.000016864.5293   21.6954
    7.5000  -15.0000    0.000015169.6484   21.7294
   -7.5000   -7.5000    0.000016251.5762   21.7293
    0.0000   -7.5000    0.000017604.5547   21.7422
    7.5000   -7.5000    0.000015863.2549   21.7594
   -7.5000    0.0000    0.000016950.6074   21.7106
    0.0000    0.0000    0.000018056.3223   21.7238
    7.5000    0.0000    0.000016469.4141   21.7358
   -7.5000    7.5000    0.000016521.2812   21.6109
    0.0000    7.5000    0.000017473.0527   21.6283
    7.5000    7.5000    0.000016063.5596   21.6549
   -7.5000   15.0000    0.000015897.5254   21.5469
    0.0000   15.0000    0.000016739.4766   21.5671
    7.5000   15.0000    0.000015471.5088   21.6112
   -7.5000   22.5000    0.000014985.2988   21.5858
    0.0000   22.5000    0.000015770.8721   21.6055
    7.5000   22.5000    0.000014637.7969   21.6517
   -7.5000   30.0000    0.000013914.1982   21.3983
    0.0000   30.0000    0.000014625.1514   21.4146
    7.5000   30.0000    0.000013668.9873   21.4482
   -7.5000   37.5000    0.000013188.2500   21.4481
    0.0000   37.5000    0.000013866.7236   21.4608
    7.5000   37.5000    0.000013034.1865   21.4778
   -7.5000   45.0000    0.000011924.8750   20.9266
    0.0000   45.0000    0.000012559.3057   20.9393
    7.5000   45.0000    0.000011848.5615   20.9508
   -7.5000  -45.0000    7.500010004.4922   21.7309
    0.0000  -45.0000    7.500010413.2148   21.7376
    7.5000  -45.0000    7.5000 9919.0029   21.7443
   -7.5000  -37.5000    7.500010774.9883   21.6186
    0.0000  -37.5000    7.500011186.9365   21.6283
    7.5000  -37.5000    7.500010644.5078   21.6540
   -7.5000  -30.0000    7.500011999.2197   21.5478
    0.0000  -30.0000    7.500012490.4580   21.5603
    7.5000  -30.0000    7.500011809.6934   21.6046
   -7.5000  -22.5000    7.500013499.5068   21.6034
    0.0000  -22.5000    7.500014593.7148   21.6161
    7.5000  -22.5000    7.500013232.6914   21.6589
   -7.5000  -15.0000    7.500014788.6865   21.7002
    0.0000  -15.0000    7.500016438.7695   21.7104
    7.5000  -15.0000    7.500014399.1621   21.7360
   -7.5000   -7.5000    7.500015719.6562   21.7566
    0.0000   -7.5000    7.500017307.2988   21.7635
    7.5000   -7.5000    7.500015288.7441   21.7717
   -7.5000    0.0000    7.500016411.4395   21.7309
    0.0000    0.0000    7.500017794.3496   21.7376
    7.5000    0.0000    7.500016013.7266   21.7443
   -7.5000    7.5000    7.500015989.4707   21.6186
    0.0000    7.5000    7.500017135.6465   21.6283
    7.5000    7.5000    7.500015596.1318   21.6540
   -7.5000   15.0000    7.500015312.5869   21.5478
    0.0000   15.0000    7.500016284.3691   21.5603
    7.5000   15.0000    7.500014941.8604   21.6046
   -7.5000   22.5000    7.500014412.1104   21.5934
    0.0000   22.5000    7.500015225.9756   21.6061
    7.5000   22.5000    7.500014105.3340   21.6489
   -7.5000   30.0000    7.500013376.4062   21.4194
    0.0000   30.0000    7.500014067.3301   21.4295
    7.5000   30.0000    7.500013173.6846   21.4547
   -7.5000   37.5000    7.500012717.5762   21.4750
    0.0000   37.5000    7.500013355.8213   21.4819
    7.5000   37.5000    7.500012559.0459   21.4900
   -7.5000   45.0000    7.500011570.8252   20.9461
    0.0000   45.0000    7.500012158.3711   20.9525
    7.5000   45.0000    7.500011481.3008   20.9590
   -7.5000  -45.0000   15.0000 9493.0762   21.7431
    0.0000  -45.0000   15.0000 9904.6602   21.7507
    7.5000  -45.0000   15.0000 9360.2256   21.7472
   -7.5000  -37.5000   15.000010226.7891   21.6146
    0.0000  -37.5000   15.000010619.5244   21.6269
    7.5000  -37.5000   15.000010047.2793   21.6466
   -7.5000  -30.0000   15.000011431.9023   21.5341
    0.0000  -30.0000   15.000011905.7695   21.5486
    7.5000  -30.0000   15.000011149.7549   21.5890
   -7.5000  -22.5000   15.000012817.0283   21.5965
    0.0000  -22.5000   15.000013709.9805   21.6088
    7.5000  -22.5000   15.000012437.3105   21.6454
   -7.5000  -15.0000   15.000013737.6895   21.7101
    0.0000  -15.0000   15.000014710.5996   21.7178
    7.5000  -15.0000   15.000013391.4619   21.7326
   -7.5000   -7.5000   15.000014532.2373   21.7758
    0.0000   -7.5000   15.000015353.6084   21.7810
    7.5000   -7.5000   15.000014279.9912   21.7765
   -7.5000    0.0000   15.000015390.6133   21.7431
    0.0000    0.0000   15.000016164.4551   21.7507
    7.5000    0.0000   15.000015147.5664   21.7472
   -7.5000    7.5000   15.000015108.2637   21.6146
    0.0000    7.5000   15.000015884.2920   21.6269
    7.5000    7.5000   15.000014869.8496   21.6466
   -7.5000   15.0000   15.000014509.3867   21.5341
    0.0000   15.0000   15.000015234.8018   21.5486
    7.5000   15.0000   15.000014254.4131   21.5890
   -7.5000   22.5000   15.000013665.7891   21.5865
    0.0000   22.5000   15.000014326.4541   21.5988
    7.5000   22.5000   15.000013386.6748   21.6355
   -7.5000   30.0000   15.000012646.5098   21.4292
    0.0000   30.0000   15.000013279.6250   21.4367
    7.5000   30.0000   15.000012444.0889   21.4514
   -7.5000   37.5000   15.000011996.1006   21.4940
    0.0000   37.5000   15.000012624.5508   21.4991
    7.5000   37.5000   15.000011849.1084   21.4947
   -7.5000   45.0000   15.000010897.3945   20.9578
    0.0000   45.0000   15.000011471.4619   20.9652
    7.5000   45.0000   15.000010825.6084   20.9618
   -7.5000  -45.0000   22.5000 8886.9766   21.7602
    0.0000  -45.0000   22.5000 9241.9365   21.7765
    7.5000  -45.0000   22.5000 8739.1084   21.7680
   -7.5000  -37.5000   22.5000 9561.0332   21.6288
    0.0000  -37.5000   22.5000 9897.5879   21.6524
    7.5000  -37.5000   22.5000 9382.7900   21.6669
   -7.5000  -30.0000   22.500010691.1250   21.5449
    0.0000  -30.0000   22.500011128.8770   21.5698
    7.5000  -30.0000   22.500010460.9229   21.6063
   -7.5000  -22.5000   22.500011762.0078   21.6061
    0.0000  -22.5000   22.500012473.7881   21.6254
    7.5000  -22.5000   22.500011556.5713   21.6596
   -7.5000  -15.0000   22.500012481.0234   21.7219
    0.0000  -15.0000   22.500013093.6230   21.7341
    7.5000  -15.0000   22.500012343.0430   21.7469
   -7.5000   -7.5000   22.500013235.2734   21.7916
    0.0000   -7.5000   22.500013759.8633   21.8022
    7.5000   -7.5000   22.500013124.6963   21.7943
   -7.5000    0.0000   22.500014052.7930   21.7602
    0.0000    0.0000   22.500014598.9912   21.7765
    7.5000    0.0000   22.500013919.0645   21.7680
   -7.5000    7.5000   22.500013866.3691   21.6288
    0.0000    7.5000   22.500014442.6641   21.6524
    7.5000    7.5000   22.500013672.6992   21.6669
   -7.5000   15.0000   22.500013429.5557   21.5449
    0.0000   15.0000   22.500013964.3086   21.5698
    7.5000   15.0000   22.500013171.7998   21.6063
   -7.5000   22.5000   22.500012669.8613   21.5962
    0.0000   22.5000   22.500013190.3584   21.6155
    7.5000   22.5000   22.500012406.2588   21.6496
   -7.5000   30.0000   22.500011763.9346   21.4408
    0.0000   30.0000   22.500012298.0264   21.4528
    7.5000   30.0000   22.500011547.5000   21.4655
   -7.5000   37.5000   22.500011130.2275   21.5095
    0.0000   37.5000   22.500011684.3623   21.5200
    7.5000   37.5000   22.500011002.2969   21.5123
   -7.5000   45.0000   22.500010057.5459   20.9743
    0.0000   45.0000   22.500010566.2314   20.9900
    7.5000   45.0000   22.500010009.4883   20.9819
   -7.5000  -45.0000   30.0000 8213.6553   22.0797
    0.0000  -45.0000   30.0000 8536.5859   22.1040
    7.5000  -45.0000   30.0000 8120.0449   22.0994
   -7.5000  -37.5000   30.0000 8856.6592   21.9564
    0.0000  -37.5000   30.0000 9169.5645   21.9899
    7.5000  -37.5000   30.0000 8760.6445   22.0059
   -7.5000  -30.0000   30.0000 9841.6553   21.8761
    0.0000  -30.0000   30.000010276.8604   21.9119
    7.5000  -30.0000   30.0000 9763.1377   21.9497
   -7.5000  -22.5000   30.000010736.8320   21.9323
    0.0000  -22.5000   30.000011284.6084   21.9615
    7.5000  -22.5000   30.000010669.1709   22.0001
   -7.5000  -15.0000   30.000011400.7002   22.0385
    0.0000  -15.0000   30.000011815.8262   22.0591
    7.5000  -15.0000   30.000011353.3936   22.0795
   -7.5000   -7.5000   30.000012125.8174   22.1052
    0.0000   -7.5000   30.000012522.5029   22.1230
    7.5000   -7.5000   30.000012051.3262   22.1223
   -7.5000    0.0000   30.000012865.4961   22.0797
    0.0000    0.0000   30.000013326.3252   22.1040
    7.5000    0.0000   30.000012765.0654   22.0994
   -7.5000    7.5000   30.000012696.7168   21.9564
    0.0000    7.5000   30.000013146.0977   21.9899
    7.5000    7.5000   30.000012520.7598   22.0059
   -7.5000   15.0000   30.000012335.6553   21.8761
    0.0000   15.0000   30.000012762.0332   21.9119
    7.5000   15.0000   30.000012107.2832   21.9497
   -7.5000   22.5000   30.000011631.6064   21.9222
    0.0000   22.5000   30.000012048.1494   21.9514
    7.5000   22.5000   30.000011405.2539   21.9899
   -7.5000   30.0000   30.000010807.6201   21.7533
    0.0000   30.0000   30.000011252.0762   21.7736
    7.5000   30.0000   30.000010626.5840   21.7938
   -7.5000   37.5000   30.000010203.6797   21.8191
    0.0000   37.5000   30.000010663.2637   21.8367
    7.5000   37.5000   30.000010115.7129   21.8360
   -7.5000   45.0000   30.0000 9177.0703   21.2823
    0.0000   45.0000   30.0000 9616.3506   21.3057
    7.5000   45.0000   30.0000 9154.7607   21.3013
   -7.5000  -45.0000   37.5000 7930.0244   22.6608
    0.0000  -45.0000   37.5000 8250.4551   22.6835
    7.5000  -45.0000   37.5000 7874.9844   22.6888
   -7.5000  -37.5000   37.5000 8555.7959   22.5489
    0.0000  -37.5000   37.5000 8891.1328   22.5797
    7.5000  -37.5000   37.5000 8526.6240   22.6020
   -7.5000  -30.0000   37.5000 9463.2695   22.4761
    0.0000  -30.0000   37.5000 9883.6924   22.5103
    7.5000  -30.0000   37.5000 9479.9746   22.5534
   -7.5000  -22.5000   37.500010291.7285   22.5287
    0.0000  -22.5000   37.500010729.6963   22.5591
    7.5000  -22.5000   37.500010266.1670   22.6054
   -7.5000  -15.0000   37.500010951.0273   22.6221
    0.0000  -15.0000   37.500011300.0117   22.6456
    7.5000  -15.0000   37.500010907.2744   22.6780
   -7.5000   -7.5000   37.500011638.5430   22.6809
    0.0000   -7.5000   37.500012008.0254   22.7001
    7.5000   -7.5000   37.500011577.8467   22.7123
   -7.5000    0.0000   37.500012336.0537   22.6608
    0.0000    0.0000   37.500012739.4023   22.6835
    7.5000    0.0000   37.500012231.5830   22.6888
   -7.5000    7.5000   37.500012157.1436   22.5489
    0.0000    7.5000   37.500012547.5742   22.5797
    7.5000    7.5000   37.500012011.6416   22.6020
   -7.5000   15.0000   37.500011775.5205   22.4761
    0.0000   15.0000   37.500012168.7539   22.5103
    7.5000   15.0000   37.500011593.5068   22.5534
   -7.5000   22.5000   37.500011096.9121   22.5183
    0.0000   22.5000   37.500011493.6396   22.5487
    7.5000   22.5000   37.500010909.6826   22.5950
   -7.5000   30.0000   37.500010299.0527   22.3293
    0.0000   30.0000   37.500010735.8320   22.3525
    7.5000   30.0000   37.500010171.7715   22.3845
   -7.5000   37.5000   37.5000 9741.0918   22.3874
    0.0000   37.5000   37.500010158.8721   22.4064
    7.5000   37.5000   37.5000 9656.7236   22.4184
   -7.5000   45.0000   37.5000 8770.2588   21.8424
    0.0000   45.0000   37.5000 9178.6045   21.8643
    7.5000   45.0000   37.5000 8711.7744   21.8694
   -7.5000  -45.0000   45.0000 7348.7920   23.3381
    0.0000  -45.0000   45.0000 7645.5757   23.3533
    7.5000  -45.0000   45.0000 7318.2329   23.3650
   -7.5000  -37.5000   45.0000 7917.6230   23.2239
    0.0000  -37.5000   45.0000 8230.2383   23.2432
    7.5000  -37.5000   45.0000 7916.4014   23.2714
   -7.5000  -30.0000   45.0000 8733.3252   23.1511
    0.0000  -30.0000   45.0000 9085.2500   23.1742
    7.5000  -30.0000   45.0000 8770.1230   23.2216
   -7.5000  -22.5000   45.0000 9469.8848   23.2076
    0.0000  -22.5000   45.0000 9822.9551   23.2311
    7.5000  -22.5000   45.0000 9462.3467   23.2804
   -7.5000  -15.0000   45.000010077.9854   23.3027
    0.0000  -15.0000   45.000010389.6279   23.3233
    7.5000  -15.0000   45.000010035.9375   23.3587
   -7.5000   -7.5000   45.000010717.7236   23.3600
    0.0000   -7.5000   45.000011063.3301   23.3760
    7.5000   -7.5000   45.000010664.2402   23.3931
   -7.5000    0.0000   45.000011322.1279   23.3381
    0.0000    0.0000   45.000011706.2822   23.3533
    7.5000    0.0000   45.000011252.6846   23.3650
   -7.5000    7.5000   45.000011142.5020   23.2239
    0.0000    7.5000   45.000011497.5176   23.2432
    7.5000    7.5000   45.000011054.8066   23.2714
   -7.5000   15.0000   45.000010779.1348   23.1511
    0.0000   15.0000   45.000011136.4580   23.1742
    7.5000   15.0000   45.000010636.2295   23.2216
   -7.5000   22.5000   45.000010130.6650   23.1968
    0.0000   22.5000   45.000010514.2021   23.2203
    7.5000   22.5000   45.0000 9988.6631   23.2696
   -7.5000   30.0000   45.0000 9367.5312   22.9991
    0.0000   30.0000   45.0000 9763.6152   23.0195
    7.5000   30.0000   45.0000 9264.9375   23.0544
   -7.5000   37.5000   45.0000 8887.3652   23.0557
    0.0000   37.5000   45.0000 9249.5928   23.0714
    7.5000   37.5000   45.0000 8779.3389   23.0883
   -7.5000   45.0000   45.0000 8061.5317   22.5055
    0.0000   45.0000   45.0000 8411.8145   22.5201
    7.5000   45.0000   45.0000 7980.6909   22.5314

---------------------------------------------------------------------
imgreg_4dfp /opt/freesurfer/average/711-2C_as_mni_average_305 /opt/freesurfer/average/711-2B_as_mni_average_305_mask talsrcimg_g11 none talsrcimg_to_711-2C_as_mni_average_305_t4 4355
---------------------------------------------------------------------

freesurfer imgreg_4dfp.c
/opt/freesurfer/average/711-2C_as_mni_average_305.4dfp.img
       256       256       256         1
  1.000000  1.000000  1.000000
orientation T byte_order littleendian
Reading image: /opt/freesurfer/average/711-2C_as_mni_average_305.4dfp.img
dimensions:      256       256       256
mmppix:       1.0000   -1.0000   -1.0000
center:     128.0000 -129.0000 -129.0000
/opt/freesurfer/average/711-2B_as_mni_average_305_mask.4dfp.img
       256       256       256         1
  1.000000  1.000000  1.000000
orientation T byte_order littleendian
Reading mask: /opt/freesurfer/average/711-2B_as_mni_average_305_mask.4dfp.img (2306576 pixels)
talsrcimg_g11.4dfp.img
       256       256       256         1
  1.000000  1.000000  1.000000
orientation T byte_order littleendian
Reading image: talsrcimg_g11.4dfp.img
dimensions:      256       256       256
mmppix:       1.0000   -1.0000   -1.0000
center:     128.0000 -129.0000 -129.0000
rotation matrix determinant  1.000000
image alignment mode   4355 decimal     1103 hex
   -7.5000  -45.0000  -45.0000 2142.4563   24.8371
    0.0000  -45.0000  -45.0000 2151.5579   24.6983
    7.5000  -45.0000  -45.0000 2140.9460   24.7933
   -7.5000  -37.5000  -45.0000 2230.8831   22.4381
    0.0000  -37.5000  -45.0000 2241.8616   22.2343
    7.5000  -37.5000  -45.0000 2228.1536   22.4014
   -7.5000  -30.0000  -45.0000 2296.3518   20.5948
    0.0000  -30.0000  -45.0000 2311.0891   20.3958
    7.5000  -30.0000  -45.0000 2290.2505   20.5950
   -7.5000  -22.5000  -45.0000 2332.6257   19.1464
    0.0000  -22.5000  -45.0000 2348.3076   18.9004
    7.5000  -22.5000  -45.0000 2330.8723   19.1268
   -7.5000  -15.0000  -45.0000 2351.9714   18.0695
    0.0000  -15.0000  -45.0000 2364.3132   17.8356
    7.5000  -15.0000  -45.0000 2355.0076   18.0576
   -7.5000   -7.5000  -45.0000 2384.1230   17.7293
    0.0000   -7.5000  -45.0000 2392.7029   17.4526
    7.5000   -7.5000  -45.0000 2385.2537   17.6313
   -7.5000    0.0000  -45.0000 2382.7825   17.7599
    0.0000    0.0000  -45.0000 2403.1641   17.5404
    7.5000    0.0000  -45.0000 2392.3193   17.7044
   -7.5000    7.5000  -45.0000 2368.3513   18.0923
    0.0000    7.5000  -45.0000 2388.6414   17.8474
    7.5000    7.5000  -45.0000 2381.0835   18.0429
   -7.5000   15.0000  -45.0000 2314.8049   18.6704
    0.0000   15.0000  -45.0000 2333.6938   18.4381
    7.5000   15.0000  -45.0000 2327.0610   18.6270
   -7.5000   22.5000  -45.0000 2235.6848   19.6605
    0.0000   22.5000  -45.0000 2259.6172   19.4890
    7.5000   22.5000  -45.0000 2246.7158   19.6244
   -7.5000   30.0000  -45.0000 2130.1311   21.1551
    0.0000   30.0000  -45.0000 2150.3035   21.0493
    7.5000   30.0000  -45.0000 2138.5049   21.2137
   -7.5000   37.5000  -45.0000 2001.3915   23.1631
    0.0000   37.5000  -45.0000 2018.9121   23.0527
    7.5000   37.5000  -45.0000 2005.4596   23.1107
   -7.5000   45.0000  -45.0000 1878.0095   25.6007
    0.0000   45.0000  -45.0000 1903.6730   25.4262
    7.5000   45.0000  -45.0000 1892.4208   25.4244
   -7.5000  -45.0000  -37.5000 2230.5828   23.6696
    0.0000  -45.0000  -37.5000 2237.7896   23.4117
    7.5000  -45.0000  -37.5000 2226.0732   23.5371
   -7.5000  -37.5000  -37.5000 2319.9309   21.3592
    0.0000  -37.5000  -37.5000 2330.7544   21.0797
    7.5000  -37.5000  -37.5000 2317.2981   21.1959
   -7.5000  -30.0000  -37.5000 2378.0801   19.5203
    0.0000  -30.0000  -37.5000 2387.2466   19.2350
    7.5000  -30.0000  -37.5000 2376.1475   19.3928
   -7.5000  -22.5000  -37.5000 2420.4893   18.1012
    0.0000  -22.5000  -37.5000 2431.8618   17.7991
    7.5000  -22.5000  -37.5000 2419.0732   18.0043
   -7.5000  -15.0000  -37.5000 2442.0459   16.9908
    0.0000  -15.0000  -37.5000 2449.1475   16.7153
    7.5000  -15.0000  -37.5000 2441.1750   16.9456
   -7.5000   -7.5000  -37.5000 2477.4321   16.6073
    0.0000   -7.5000  -37.5000 2484.8315   16.3329
    7.5000   -7.5000  -37.5000 2473.3259   16.5074
   -7.5000    0.0000  -37.5000 2480.5007   16.5744
    0.0000    0.0000  -37.5000 2495.4844   16.3403
    7.5000    0.0000  -37.5000 2488.5215   16.4923
   -7.5000    7.5000  -37.5000 2465.5295   16.8289
    0.0000    7.5000  -37.5000 2482.6118   16.5872
    7.5000    7.5000  -37.5000 2473.0457   16.7645
   -7.5000   15.0000  -37.5000 2406.7012   17.3460
    0.0000   15.0000  -37.5000 2426.3662   17.1199
    7.5000   15.0000  -37.5000 2416.9922   17.3323
   -7.5000   22.5000  -37.5000 2325.5686   18.2947
    0.0000   22.5000  -37.5000 2347.7512   18.0869
    7.5000   22.5000  -37.5000 2336.4551   18.2749
   -7.5000   30.0000  -37.5000 2213.6104   19.6681
    0.0000   30.0000  -37.5000 2238.4146   19.4953
    7.5000   30.0000  -37.5000 2226.1677   19.6818
   -7.5000   37.5000  -37.5000 2080.4272   21.5522
    0.0000   37.5000  -37.5000 2102.3579   21.3710
    7.5000   37.5000  -37.5000 2090.4844   21.4460
   -7.5000   45.0000  -37.5000 1949.4690   23.7458
    0.0000   45.0000  -37.5000 1979.0663   23.6340
    7.5000   45.0000  -37.5000 1967.3223   23.6151
   -7.5000  -45.0000  -30.0000 2342.1416   23.3287
    0.0000  -45.0000  -30.0000 2347.8391   22.9524
    7.5000  -45.0000  -30.0000 2335.0703   23.1227
   -7.5000  -37.5000  -30.0000 2430.0967   21.0528
    0.0000  -37.5000  -30.0000 2441.5342   20.7263
    7.5000  -37.5000  -30.0000 2432.1831   20.8455
   -7.5000  -30.0000  -30.0000 2496.4124   19.1810
    0.0000  -30.0000  -30.0000 2510.4558   18.9070
    7.5000  -30.0000  -30.0000 2503.4009   19.0383
   -7.5000  -22.5000  -30.0000 2536.0408   17.7110
    0.0000  -22.5000  -30.0000 2547.9641   17.4131
    7.5000  -22.5000  -30.0000 2535.1238   17.5392
   -7.5000  -15.0000  -30.0000 2569.9558   16.5329
    0.0000  -15.0000  -30.0000 2574.9456   16.2522
    7.5000  -15.0000  -30.0000 2564.8672   16.4449
   -7.5000   -7.5000  -30.0000 2609.7395   16.0720
    0.0000   -7.5000  -30.0000 2616.0815   15.8295
    7.5000   -7.5000  -30.0000 2597.5300   15.9537
   -7.5000    0.0000  -30.0000 2614.1921   16.0049
    0.0000    0.0000  -30.0000 2628.7019   15.8008
    7.5000    0.0000  -30.0000 2618.4678   15.9162
   -7.5000    7.5000  -30.0000 2599.8955   16.2334
    0.0000    7.5000  -30.0000 2616.0110   15.9854
    7.5000    7.5000  -30.0000 2604.7971   16.1509
   -7.5000   15.0000  -30.0000 2538.8130   16.7001
    0.0000   15.0000  -30.0000 2557.1689   16.4772
    7.5000   15.0000  -30.0000 2548.4453   16.6649
   -7.5000   22.5000  -30.0000 2453.5464   17.6354
    0.0000   22.5000  -30.0000 2471.4946   17.3818
    7.5000   22.5000  -30.0000 2461.3232   17.5967
   -7.5000   30.0000  -30.0000 2341.2075   19.0083
    0.0000   30.0000  -30.0000 2358.5920   18.7516
    7.5000   30.0000  -30.0000 2352.4766   18.9014
   -7.5000   37.5000  -30.0000 2200.8054   20.8246
    0.0000   37.5000  -30.0000 2220.8035   20.5199
    7.5000   37.5000  -30.0000 2213.4666   20.6453
   -7.5000   45.0000  -30.0000 2056.6824   22.9984
    0.0000   45.0000  -30.0000 2079.4858   22.7513
    7.5000   45.0000  -30.0000 2069.3977   22.7926
   -7.5000  -45.0000  -22.5000 2415.4736   22.8179
    0.0000  -45.0000  -22.5000 2426.6250   22.5002
    7.5000  -45.0000  -22.5000 2416.2617   22.5726
   -7.5000  -37.5000  -22.5000 2511.1155   20.5357
    0.0000  -37.5000  -22.5000 2527.7163   20.2633
    7.5000  -37.5000  -22.5000 2514.5845   20.3414
   -7.5000  -30.0000  -22.5000 2585.1729   18.7037
    0.0000  -30.0000  -22.5000 2601.1580   18.4519
    7.5000  -30.0000  -22.5000 2587.6519   18.5470
   -7.5000  -22.5000  -22.5000 2628.7812   17.1516
    0.0000  -22.5000  -22.5000 2648.7002   16.9450
    7.5000  -22.5000  -22.5000 2632.4712   17.0026
   -7.5000  -15.0000  -22.5000 2661.9231   15.9067
    0.0000  -15.0000  -22.5000 2675.7190   15.6769
    7.5000  -15.0000  -22.5000 2654.8120   15.7528
   -7.5000   -7.5000  -22.5000 2704.4890   15.3790
    0.0000   -7.5000  -22.5000 2715.5408   15.1358
    7.5000   -7.5000  -22.5000 2687.5537   15.2356
   -7.5000    0.0000  -22.5000 2718.6426   15.3644
    0.0000    0.0000  -22.5000 2733.3804   15.1133
    7.5000    0.0000  -22.5000 2715.7258   15.2145
   -7.5000    7.5000  -22.5000 2704.9866   15.5437
    0.0000    7.5000  -22.5000 2721.3894   15.2669
    7.5000    7.5000  -22.5000 2709.1025   15.4179
   -7.5000   15.0000  -22.5000 2643.3926   15.9664
    0.0000   15.0000  -22.5000 2658.7107   15.7180
    7.5000   15.0000  -22.5000 2651.4656   15.8885
   -7.5000   22.5000  -22.5000 2554.8826   16.8610
    0.0000   22.5000  -22.5000 2564.6621   16.5909
    7.5000   22.5000  -22.5000 2560.0420   16.7911
   -7.5000   30.0000  -22.5000 2439.3110   18.2449
    0.0000   30.0000  -22.5000 2451.4050   17.9337
    7.5000   30.0000  -22.5000 2445.7354   18.1129
   -7.5000   37.5000  -22.5000 2293.3152   20.0690
    0.0000   37.5000  -22.5000 2313.0386   19.6943
    7.5000   37.5000  -22.5000 2304.3982   19.8714
   -7.5000   45.0000  -22.5000 2136.2559   22.1932
    0.0000   45.0000  -22.5000 2159.8440   21.8868
    7.5000   45.0000  -22.5000 2145.7656   22.0370
   -7.5000  -45.0000  -15.0000 2441.0513   22.3360
    0.0000  -45.0000  -15.0000 2462.6045   22.0358
    7.5000  -45.0000  -15.0000 2450.4407   22.0339
   -7.5000  -37.5000  -15.0000 2550.4153   20.1009
    0.0000  -37.5000  -15.0000 2574.1335   19.8519
    7.5000  -37.5000  -15.0000 2555.7173   19.8412
   -7.5000  -30.0000  -15.0000 2636.2446   18.3292
    0.0000  -30.0000  -15.0000 2657.4778   18.0933
    7.5000  -30.0000  -15.0000 2635.9480   18.0699
   -7.5000  -22.5000  -15.0000 2693.6025   16.7786
    0.0000  -22.5000  -15.0000 2719.0903   16.6661
    7.5000  -22.5000  -15.0000 2698.2017   16.6065
   -7.5000  -15.0000  -15.0000 2713.9292   15.4238
    0.0000  -15.0000  -15.0000 2737.9521   15.2693
    7.5000  -15.0000  -15.0000 2714.1707   15.2650
   -7.5000   -7.5000  -15.0000 2756.1377   14.7820
    0.0000   -7.5000  -15.0000 2767.4153   14.5215
    7.5000   -7.5000  -15.0000 2740.1833   14.6192
   -7.5000    0.0000  -15.0000 2778.5215   14.7300
    0.0000    0.0000  -15.0000 2791.3945   14.4169
    7.5000    0.0000  -15.0000 2768.3442   14.5486
   -7.5000    7.5000  -15.0000 2759.1614   14.8625
    0.0000    7.5000  -15.0000 2775.6133   14.5914
    7.5000    7.5000  -15.0000 2765.2139   14.6908
   -7.5000   15.0000  -15.0000 2694.8274   15.3152
    0.0000   15.0000  -15.0000 2710.7847   15.0531
    7.5000   15.0000  -15.0000 2705.1216   15.2092
   -7.5000   22.5000  -15.0000 2607.7996   16.1906
    0.0000   22.5000  -15.0000 2623.4097   15.8961
    7.5000   22.5000  -15.0000 2613.3931   16.0956
   -7.5000   30.0000  -15.0000 2491.5979   17.5648
    0.0000   30.0000  -15.0000 2509.3030   17.2222
    7.5000   30.0000  -15.0000 2495.0371   17.4548
   -7.5000   37.5000  -15.0000 2346.5615   19.3754
    0.0000   37.5000  -15.0000 2368.6587   18.9997
    7.5000   37.5000  -15.0000 2356.9229   19.2385
   -7.5000   45.0000  -15.0000 2183.9846   21.4748
    0.0000   45.0000  -15.0000 2206.9475   21.1816
    7.5000   45.0000  -15.0000 2194.4192   21.3762
   -7.5000  -45.0000   -7.5000 2462.5825   22.0392
    0.0000  -45.0000   -7.5000 2472.2617   21.7257
    7.5000  -45.0000   -7.5000 2465.9958   21.7407
   -7.5000  -37.5000   -7.5000 2569.2700   19.8120
    0.0000  -37.5000   -7.5000 2585.3257   19.5892
    7.5000  -37.5000   -7.5000 2574.6997   19.5623
   -7.5000  -30.0000   -7.5000 2661.2104   18.0173
    0.0000  -30.0000   -7.5000 2680.3127   17.8718
    7.5000  -30.0000   -7.5000 2664.6411   17.7861
   -7.5000  -22.5000   -7.5000 2744.9792   16.5749
    0.0000  -22.5000   -7.5000 2775.8809   16.6087
    7.5000  -22.5000   -7.5000 2751.9038   16.4009
   -7.5000  -15.0000   -7.5000 2768.0889   15.2419
    0.0000  -15.0000   -7.5000 2809.1702   15.2822
    7.5000  -15.0000   -7.5000 2771.8774   15.0888
   -7.5000   -7.5000   -7.5000 2791.2437   14.4135
    0.0000   -7.5000   -7.5000 2800.9934   14.2650
    7.5000   -7.5000   -7.5000 2769.3018   14.2673
   -7.5000    0.0000   -7.5000 2800.6108   14.2136
    0.0000    0.0000   -7.5000 2807.6206   13.9679
    7.5000    0.0000   -7.5000 2782.6755   14.0246
   -7.5000    7.5000   -7.5000 2780.2695   14.3153
    0.0000    7.5000   -7.5000 2796.5955   14.0833
    7.5000    7.5000   -7.5000 2776.9673   14.1723
   -7.5000   15.0000   -7.5000 2728.9170   14.8010
    0.0000   15.0000   -7.5000 2744.6272   14.5450
    7.5000   15.0000   -7.5000 2731.5273   14.6838
   -7.5000   22.5000   -7.5000 2645.7544   15.7163
    0.0000   22.5000   -7.5000 2661.2097   15.4267
    7.5000   22.5000   -7.5000 2648.7815   15.6217
   -7.5000   30.0000   -7.5000 2529.6819   17.1341
    0.0000   30.0000   -7.5000 2545.0032   16.7834
    7.5000   30.0000   -7.5000 2530.7605   17.0207
   -7.5000   37.5000   -7.5000 2380.8435   18.9494
    0.0000   37.5000   -7.5000 2401.2261   18.5770
    7.5000   37.5000   -7.5000 2389.3528   18.8027
   -7.5000   45.0000   -7.5000 2218.4258   20.9865
    0.0000   45.0000   -7.5000 2235.4175   20.6654
    7.5000   45.0000   -7.5000 2228.9404   20.8600
   -7.5000  -45.0000    0.0000 2449.2161   21.9375
    0.0000  -45.0000    0.0000 2459.9417   21.8252
    7.5000  -45.0000    0.0000 2443.4065   21.6945
   -7.5000  -37.5000    0.0000 2561.4875   19.7086
    0.0000  -37.5000    0.0000 2578.4468   19.6342
    7.5000  -37.5000    0.0000 2559.4292   19.4595
   -7.5000  -30.0000    0.0000 2666.9795   17.9381
    0.0000  -30.0000    0.0000 2687.4653   17.9362
    7.5000  -30.0000    0.0000 2662.8855   17.7145
   -7.5000  -22.5000    0.0000 2783.7065   16.5940
    0.0000  -22.5000    0.0000 2813.4133   16.7674
    7.5000  -22.5000    0.0000 2774.6973   16.3848
   -7.5000  -15.0000    0.0000 2842.0400   15.4857
    0.0000  -15.0000    0.0000 2904.9812   15.8486
    7.5000  -15.0000    0.0000 2827.2292   15.2204
   -7.5000   -7.5000    0.0000 2829.4429   14.5535
    0.0000   -7.5000    0.0000 2870.6221   14.7314
    7.5000   -7.5000    0.0000 2808.3298   14.3531
   -7.5000    0.0000    0.0000 2805.2588   14.1261
    0.0000    0.0000    0.0000 2817.7202   14.0997
    7.5000    0.0000    0.0000 2782.4062   13.9618
   -7.5000    7.5000    0.0000 2779.6086   14.1404
    0.0000    7.5000    0.0000 2795.0991   14.0318
    7.5000    7.5000    0.0000 2768.4543   14.0046
   -7.5000   15.0000    0.0000 2739.4453   14.6004
    0.0000   15.0000    0.0000 2750.1538   14.4211
    7.5000   15.0000    0.0000 2731.5093   14.4744
   -7.5000   22.5000    0.0000 2651.2124   15.5174
    0.0000   22.5000    0.0000 2670.8335   15.3428
    7.5000   22.5000    0.0000 2648.9761   15.4258
   -7.5000   30.0000    0.0000 2535.2290   16.9422
    0.0000   30.0000    0.0000 2550.8306   16.7081
    7.5000   30.0000    0.0000 2532.4673   16.7916
   -7.5000   37.5000    0.0000 2389.9556   18.7299
    0.0000   37.5000    0.0000 2410.1631   18.4696
    7.5000   37.5000    0.0000 2395.7153   18.5604
   -7.5000   45.0000    0.0000 2232.5955   20.7606
    0.0000   45.0000    0.0000 2250.9270   20.5560
    7.5000   45.0000    0.0000 2238.5337   20.6252
   -7.5000  -45.0000    7.5000 2427.1929   22.1248
    0.0000  -45.0000    7.5000 2432.7058   22.0401
    7.5000  -45.0000    7.5000 2422.1477   21.9470
   -7.5000  -37.5000    7.5000 2545.5039   19.8130
    0.0000  -37.5000    7.5000 2557.6389   19.7907
    7.5000  -37.5000    7.5000 2537.5161   19.6236
   -7.5000  -30.0000    7.5000 2655.9805   18.0415
    0.0000  -30.0000    7.5000 2674.6499   18.1022
    7.5000  -30.0000    7.5000 2648.7734   17.8266
   -7.5000  -22.5000    7.5000 2775.5339   16.7448
    0.0000  -22.5000    7.5000 2815.7483   17.0045
    7.5000  -22.5000    7.5000 2760.0872   16.5155
   -7.5000  -15.0000    7.5000 2854.1091   15.7354
    0.0000  -15.0000    7.5000 2935.2776   16.2669
    7.5000  -15.0000    7.5000 2825.8301   15.4564
   -7.5000   -7.5000    7.5000 2858.2693   14.9012
    0.0000   -7.5000    7.5000 2930.7942   15.3171
    7.5000   -7.5000    7.5000 2827.4973   14.7058
   -7.5000    0.0000    7.5000 2824.6147   14.3567
    0.0000    0.0000    7.5000 2856.9827   14.4664
    7.5000    0.0000    7.5000 2809.9624   14.2585
   -7.5000    7.5000    7.5000 2790.0532   14.2847
    0.0000    7.5000    7.5000 2811.9656   14.2220
    7.5000    7.5000    7.5000 2779.3289   14.2742
   -7.5000   15.0000    7.5000 2721.5938   14.6906
    0.0000   15.0000    7.5000 2738.5574   14.5734
    7.5000   15.0000    7.5000 2712.2378   14.6774
   -7.5000   22.5000    7.5000 2638.1362   15.6454
    0.0000   22.5000    7.5000 2650.9795   15.4566
    7.5000   22.5000    7.5000 2630.3538   15.6015
   -7.5000   30.0000    7.5000 2529.6750   17.0735
    0.0000   30.0000    7.5000 2533.5999   16.8176
    7.5000   30.0000    7.5000 2521.4966   16.9430
   -7.5000   37.5000    7.5000 2390.2319   18.9354
    0.0000   37.5000    7.5000 2403.2502   18.6073
    7.5000   37.5000    7.5000 2386.2896   18.7445
   -7.5000   45.0000    7.5000 2238.0535   21.0472
    0.0000   45.0000    7.5000 2252.8203   20.6975
    7.5000   45.0000    7.5000 2244.8750   20.8680
   -7.5000  -45.0000   15.0000 2392.6975   22.5561
    0.0000  -45.0000   15.0000 2403.8816   22.5947
    7.5000  -45.0000   15.0000 2385.8652   22.4470
   -7.5000  -37.5000   15.0000 2513.9138   20.2370
    0.0000  -37.5000   15.0000 2528.7146   20.2853
    7.5000  -37.5000   15.0000 2501.6235   20.1058
   -7.5000  -30.0000   15.0000 2629.7466   18.4696
    0.0000  -30.0000   15.0000 2649.0938   18.5544
    7.5000  -30.0000   15.0000 2618.9370   18.3222
   -7.5000  -22.5000   15.0000 2753.2136   17.1723
    0.0000  -22.5000   15.0000 2785.4695   17.4098
    7.5000  -22.5000   15.0000 2736.4038   16.9631
   -7.5000  -15.0000   15.0000 2817.4966   15.9724
    0.0000  -15.0000   15.0000 2886.2302   16.3421
    7.5000  -15.0000   15.0000 2798.7681   15.8243
   -7.5000   -7.5000   15.0000 2829.7783   15.0403
    0.0000   -7.5000   15.0000 2866.3293   15.1352
    7.5000   -7.5000   15.0000 2817.1338   15.0848
   -7.5000    0.0000   15.0000 2839.7212   14.7825
    0.0000    0.0000   15.0000 2853.0537   14.6295
    7.5000    0.0000   15.0000 2828.8044   14.8217
   -7.5000    7.5000   15.0000 2802.8496   14.8565
    0.0000    7.5000   15.0000 2821.6758   14.7395
    7.5000    7.5000   15.0000 2795.6978   14.9051
   -7.5000   15.0000   15.0000 2714.8589   15.3513
    0.0000   15.0000   15.0000 2734.5332   15.2337
    7.5000   15.0000   15.0000 2716.7141   15.4103
   -7.5000   22.5000   15.0000 2617.9724   16.2840
    0.0000   22.5000   15.0000 2629.7473   16.1178
    7.5000   22.5000   15.0000 2609.4465   16.2840
   -7.5000   30.0000   15.0000 2496.5081   17.6465
    0.0000   30.0000   15.0000 2499.6172   17.4006
    7.5000   30.0000   15.0000 2483.3042   17.5500
   -7.5000   37.5000   15.0000 2361.8999   19.3980
    0.0000   37.5000   15.0000 2372.9873   19.0956
    7.5000   37.5000   15.0000 2352.9541   19.2061
   -7.5000   45.0000   15.0000 2210.5991   21.4341
    0.0000   45.0000   15.0000 2219.0327   21.1300
    7.5000   45.0000   15.0000 2215.3760   21.2222
   -7.5000  -45.0000   22.5000 2362.2625   23.2206
    0.0000  -45.0000   22.5000 2372.2786   23.1952
    7.5000  -45.0000   22.5000 2354.4902   23.2438
   -7.5000  -37.5000   22.5000 2479.8914   20.8036
    0.0000  -37.5000   22.5000 2490.7378   20.8163
    7.5000  -37.5000   22.5000 2472.9387   20.8101
   -7.5000  -30.0000   22.5000 2594.2070   19.0036
    0.0000  -30.0000   22.5000 2612.2153   19.0458
    7.5000  -30.0000   22.5000 2591.8884   19.0006
   -7.5000  -22.5000   22.5000 2706.9128   17.6208
    0.0000  -22.5000   22.5000 2739.9109   17.7984
    7.5000  -22.5000   22.5000 2706.0869   17.5475
   -7.5000  -15.0000   22.5000 2744.7917   16.2310
    0.0000  -15.0000   22.5000 2790.0889   16.3873
    7.5000  -15.0000   22.5000 2749.1650   16.2926
   -7.5000   -7.5000   22.5000 2784.9351   15.5128
    0.0000   -7.5000   22.5000 2797.7493   15.3359
    7.5000   -7.5000   22.5000 2780.2729   15.6321
   -7.5000    0.0000   22.5000 2800.8679   15.3374
    0.0000    0.0000   22.5000 2819.1987   15.1713
    7.5000    0.0000   22.5000 2797.5562   15.3754
   -7.5000    7.5000   22.5000 2774.3254   15.5044
    0.0000    7.5000   22.5000 2799.4167   15.3925
    7.5000    7.5000   22.5000 2770.1187   15.5240
   -7.5000   15.0000   22.5000 2696.2764   16.0533
    0.0000   15.0000   22.5000 2713.9319   15.8993
    7.5000   15.0000   22.5000 2686.8081   16.0700
   -7.5000   22.5000   22.5000 2589.8289   17.1117
    0.0000   22.5000   22.5000 2604.3889   16.9435
    7.5000   22.5000   22.5000 2585.4031   17.1336
   -7.5000   30.0000   22.5000 2469.9307   18.5837
    0.0000   30.0000   22.5000 2479.9385   18.3437
    7.5000   30.0000   22.5000 2455.3228   18.4975
   -7.5000   37.5000   22.5000 2320.9026   20.3216
    0.0000   37.5000   22.5000 2338.5940   20.0461
    7.5000   37.5000   22.5000 2319.6956   20.1628
   -7.5000   45.0000   22.5000 2160.8018   22.2577
    0.0000   45.0000   22.5000 2169.8113   22.0421
    7.5000   45.0000   22.5000 2170.2805   22.1471
   -7.5000  -45.0000   30.0000 2318.3127   23.9722
    0.0000  -45.0000   30.0000 2331.0894   23.9251
    7.5000  -45.0000   30.0000 2316.8604   24.1948
   -7.5000  -37.5000   30.0000 2437.9795   21.4824
    0.0000  -37.5000   30.0000 2448.8657   21.4230
    7.5000  -37.5000   30.0000 2437.0276   21.7131
   -7.5000  -30.0000   30.0000 2549.6089   19.6837
    0.0000  -30.0000   30.0000 2562.5464   19.6620
    7.5000  -30.0000   30.0000 2554.2693   19.8529
   -7.5000  -22.5000   30.0000 2640.2781   18.1573
    0.0000  -22.5000   30.0000 2669.1880   18.2438
    7.5000  -22.5000   30.0000 2649.2131   18.2528
   -7.5000  -15.0000   30.0000 2678.0159   16.8110
    0.0000  -15.0000   30.0000 2692.6780   16.6366
    7.5000  -15.0000   30.0000 2687.4209   17.0344
   -7.5000   -7.5000   30.0000 2717.7678   16.1925
    0.0000   -7.5000   30.0000 2727.6301   15.9881
    7.5000   -7.5000   30.0000 2718.9109   16.3627
   -7.5000    0.0000   30.0000 2731.1443   16.0915
    0.0000    0.0000   30.0000 2753.2559   15.8954
    7.5000    0.0000   30.0000 2740.5276   16.1219
   -7.5000    7.5000   30.0000 2709.5027   16.3110
    0.0000    7.5000   30.0000 2728.5076   16.1669
    7.5000    7.5000   30.0000 2706.3347   16.3019
   -7.5000   15.0000   30.0000 2650.3210   16.8984
    0.0000   15.0000   30.0000 2661.4053   16.7280
    7.5000   15.0000   30.0000 2637.6047   16.8470
   -7.5000   22.5000   30.0000 2549.2856   17.9946
    0.0000   22.5000   30.0000 2557.4597   17.7957
    7.5000   22.5000   30.0000 2537.8032   17.9942
   -7.5000   30.0000   30.0000 2421.1545   19.4982
    0.0000   30.0000   30.0000 2434.4727   19.3201
    7.5000   30.0000   30.0000 2415.3057   19.4587
   -7.5000   37.5000   30.0000 2262.4612   21.3633
    0.0000   37.5000   30.0000 2276.4072   21.1034
    7.5000   37.5000   30.0000 2273.7866   21.2213
   -7.5000   45.0000   30.0000 2097.3699   23.3536
    0.0000   45.0000   30.0000 2113.8279   23.1597
    7.5000   45.0000   30.0000 2108.9187   23.2817
   -7.5000  -45.0000   37.5000 2272.2671   24.8896
    0.0000  -45.0000   37.5000 2281.0459   24.7557
    7.5000  -45.0000   37.5000 2272.0342   25.3031
   -7.5000  -37.5000   37.5000 2388.5972   22.3945
    0.0000  -37.5000   37.5000 2399.9263   22.2422
    7.5000  -37.5000   37.5000 2393.2017   22.7746
   -7.5000  -30.0000   37.5000 2485.5203   20.5342
    0.0000  -30.0000   37.5000 2502.5332   20.4678
    7.5000  -30.0000   37.5000 2500.9932   20.8752
   -7.5000  -22.5000   37.5000 2564.2437   18.9670
    0.0000  -22.5000   37.5000 2582.6963   18.8307
    7.5000  -22.5000   37.5000 2577.6287   19.2287
   -7.5000  -15.0000   37.5000 2608.1577   17.7200
    0.0000  -15.0000   37.5000 2616.8816   17.4513
    7.5000  -15.0000   37.5000 2611.9900   17.9728
   -7.5000   -7.5000   37.5000 2646.5073   17.1486
    0.0000   -7.5000   37.5000 2652.9900   16.9117
    7.5000   -7.5000   37.5000 2649.3630   17.3286
   -7.5000    0.0000   37.5000 2652.2783   17.0977
    0.0000    0.0000   37.5000 2666.2629   16.8401
    7.5000    0.0000   37.5000 2657.3550   17.1205
   -7.5000    7.5000   37.5000 2631.2913   17.3102
    0.0000    7.5000   37.5000 2639.9368   17.0656
    7.5000    7.5000   37.5000 2633.7463   17.2952
   -7.5000   15.0000   37.5000 2576.6362   17.8695
    0.0000   15.0000   37.5000 2583.2893   17.6128
    7.5000   15.0000   37.5000 2566.2419   17.8457
   -7.5000   22.5000   37.5000 2487.2134   18.9301
    0.0000   22.5000   37.5000 2496.0806   18.7176
    7.5000   22.5000   37.5000 2473.2720   18.9245
   -7.5000   30.0000   37.5000 2362.2458   20.4746
    0.0000   30.0000   37.5000 2381.1802   20.2966
    7.5000   30.0000   37.5000 2362.2346   20.4901
   -7.5000   37.5000   37.5000 2203.8137   22.3927
    0.0000   37.5000   37.5000 2218.1028   22.2387
    7.5000   37.5000   37.5000 2208.8704   22.3817
   -7.5000   45.0000   37.5000 2047.3649   24.5956
    0.0000   45.0000   37.5000 2065.6182   24.4859
    7.5000   45.0000   37.5000 2048.8926   24.5766
   -7.5000  -45.0000   45.0000 2216.5122   26.1084
    0.0000  -45.0000   45.0000 2220.8308   25.9342
    7.5000  -45.0000   45.0000 2214.1758   26.6614
   -7.5000  -37.5000   45.0000 2327.6482   23.5352
    0.0000  -37.5000   45.0000 2333.8828   23.3702
    7.5000  -37.5000   45.0000 2332.8584   24.0778
   -7.5000  -30.0000   45.0000 2412.2747   21.6394
    0.0000  -30.0000   45.0000 2421.5598   21.5023
    7.5000  -30.0000   45.0000 2425.9241   22.1087
   -7.5000  -22.5000   45.0000 2479.3010   20.1058
    0.0000  -22.5000   45.0000 2486.4524   19.8413
    7.5000  -22.5000   45.0000 2490.0559   20.4403
   -7.5000  -15.0000   45.0000 2524.1216   18.8899
    0.0000  -15.0000   45.0000 2528.1028   18.6552
    7.5000  -15.0000   45.0000 2522.6687   19.2209
   -7.5000   -7.5000   45.0000 2566.2168   18.3613
    0.0000   -7.5000   45.0000 2568.2437   18.1461
    7.5000   -7.5000   45.0000 2564.0242   18.6071
   -7.5000    0.0000   45.0000 2561.7478   18.3386
    0.0000    0.0000   45.0000 2575.7041   18.0685
    7.5000    0.0000   45.0000 2565.9387   18.3874
   -7.5000    7.5000   45.0000 2539.7192   18.5482
    0.0000    7.5000   45.0000 2545.1226   18.2631
    7.5000    7.5000   45.0000 2549.0181   18.5435
   -7.5000   15.0000   45.0000 2488.1284   18.9967
    0.0000   15.0000   45.0000 2497.2832   18.7104
    7.5000   15.0000   45.0000 2485.2734   19.0137
   -7.5000   22.5000   45.0000 2407.2063   19.9697
    0.0000   22.5000   45.0000 2421.0918   19.7087
    7.5000   22.5000   45.0000 2396.6453   20.0153
   -7.5000   30.0000   45.0000 2286.3721   21.5608
    0.0000   30.0000   45.0000 2301.2913   21.3313
    7.5000   30.0000   45.0000 2283.8586   21.5952
   -7.5000   37.5000   45.0000 2136.4124   23.6357
    0.0000   37.5000   45.0000 2148.1936   23.4244
    7.5000   37.5000   45.0000 2135.5393   23.5629
   -7.5000   45.0000   45.0000 1999.1284   26.0923
    0.0000   45.0000   45.0000 2017.7124   25.8856
    7.5000   45.0000   45.0000 2001.8934   25.9435

---------------------------------------------------------------------
imgreg_4dfp /opt/freesurfer/average/711-2C_as_mni_average_305 /opt/freesurfer/average/711-2B_as_mni_average_305_mask talsrcimg_g11 none talsrcimg_to_711-2C_as_mni_average_305_t4 1283
---------------------------------------------------------------------

freesurfer imgreg_4dfp.c
/opt/freesurfer/average/711-2C_as_mni_average_305.4dfp.img
       256       256       256         1
  1.000000  1.000000  1.000000
orientation T byte_order littleendian
Reading image: /opt/freesurfer/average/711-2C_as_mni_average_305.4dfp.img
dimensions:      256       256       256
mmppix:       1.0000   -1.0000   -1.0000
center:     128.0000 -129.0000 -129.0000
/opt/freesurfer/average/711-2B_as_mni_average_305_mask.4dfp.img
       256       256       256         1
  1.000000  1.000000  1.000000
orientation T byte_order littleendian
Reading mask: /opt/freesurfer/average/711-2B_as_mni_average_305_mask.4dfp.img (2306576 pixels)
talsrcimg_g11.4dfp.img
       256       256       256         1
  1.000000  1.000000  1.000000
orientation T byte_order littleendian
Reading image: talsrcimg_g11.4dfp.img
dimensions:      256       256       256
mmppix:       1.0000   -1.0000   -1.0000
center:     128.0000 -129.0000 -129.0000
rotation matrix determinant  1.000000
fimgreg.f
image alignment mode   1283 decimal      503 hex
parameters
    0.0000  -15.0000    7.5000    0.0000    0.0000    0.0000
eta,q 0.92211 16.30385
niter,ni,del,rscale     5    3   12.0000    1.2000
parameter  2 -0.634452 -> -0.500000 qaram    1.1500
parameters
   -0.5014  -11.5500    5.9315   -2.9403    1.4765   -0.3864
eta,q 0.93553 15.91979
  0.0980  0.1074  0.0753  0.0676  0.0792  0.0677
  0.0866  0.0972  0.0683  0.0658  0.0726  0.0659
  0.0793  0.0874  0.0666  0.0647  0.0676  0.0649
  0.0787  0.0777  0.0687  0.0670  0.0650  0.0644
  0.0844  0.0698  0.0730  0.0719  0.0644  0.0644
  0.0929  0.0700  0.0785  0.0779  0.0659  0.0660
  0.1033  0.0755  0.0863  0.0852  0.0700  0.0696
niter,ni,del,rscale     5    3   12.0000    1.2000
parameters
   -0.7316  -10.7818    5.5856   -5.0545    2.0777   -0.1655
eta,q 0.93702 15.86189
  0.0883  0.0978  0.0767  0.0654  0.0745  0.0681
  0.0762  0.0849  0.0687  0.0644  0.0704  0.0653
  0.0667  0.0721  0.0647  0.0632  0.0659  0.0637
  0.0645  0.0643  0.0635  0.0634  0.0632  0.0630
  0.0687  0.0658  0.0668  0.0660  0.0633  0.0634
  0.0783  0.0745  0.0719  0.0700  0.0662  0.0648
  0.0924  0.0878  0.0787  0.0744  0.0720  0.0675
niter,ni,del,rscale     4    3   12.0000    1.2000
parameters
   -1.0737  -10.0970    5.2100   -6.4015    2.5262   -0.2558
eta,q 0.93776 15.82473
  0.0888  0.0970  0.0738  0.0650  0.0734  0.0679
  0.0753  0.0822  0.0662  0.0638  0.0689  0.0651
  0.0657  0.0695  0.0621  0.0630  0.0650  0.0632
  0.0630  0.0628  0.0621  0.0617  0.0625  0.0622
  0.0686  0.0646  0.0654  0.0634  0.0625  0.0628
  0.0809  0.0751  0.0694  0.0668  0.0658  0.0652
  0.0940  0.0861  0.0753  0.0706  0.0717  0.0686
niter,ni,del,rscale     3    3   12.0000    1.2000
parameters
   -1.2998   -9.6030    5.0602   -7.4846    2.7387   -0.1989
eta,q 0.93727 15.81054
  0.0896  0.0943  0.0753  0.0647  0.0716  0.0683
  0.0753  0.0794  0.0666  0.0633  0.0675  0.0656
  0.0655  0.0668  0.0620  0.0630  0.0647  0.0637
  0.0622  0.0622  0.0621  0.0620  0.0629  0.0627
  0.0673  0.0656  0.0650  0.0620  0.0630  0.0630
  0.0795  0.0758  0.0692  0.0656  0.0659  0.0652
  0.0929  0.0851  0.0746  0.0692  0.0714  0.0686
niter,ni,del,rscale     2    3   12.0000    1.2000
parameters
   -1.4130   -9.1902    4.9035   -8.6611    2.8760   -0.1979
eta,q 0.93710 15.81258
  0.0896  0.0931  0.0763  0.0639  0.0706  0.0686
  0.0758  0.0778  0.0671  0.0631  0.0666  0.0657
  0.0665  0.0655  0.0622  0.0629  0.0643  0.0636
  0.0627  0.0627  0.0628  0.0626  0.0629  0.0629
  0.0665  0.0666  0.0656  0.0617  0.0633  0.0636
  0.0778  0.0756  0.0697  0.0642  0.0658  0.0656
  0.0915  0.0846  0.0756  0.0683  0.0704  0.0688
niter,ni,del,rscale     1    3   12.0000    1.2000
parameters
   -1.5005   -8.7419    4.7182  -10.6897    3.1795   -0.2970
eta,q 0.93745 15.86720
  0.0885  0.0927  0.0772  0.0629  0.0710  0.0680
  0.0755  0.0776  0.0679  0.0623  0.0664  0.0654
  0.0669  0.0657  0.0630  0.0625  0.0637  0.0632
  0.0629  0.0629  0.0633  0.0631  0.0625  0.0626
  0.0658  0.0673  0.0661  0.0626  0.0634  0.0632
  0.0766  0.0744  0.0706  0.0634  0.0655  0.0653
  0.0905  0.0842  0.0770  0.0672  0.0694  0.0687
registration optimization eta report
parameter search radius
    6.0000    6.9000    6.0000    6.0000    6.0000    6.0000
100000*second partial in parameter space
       73.       53.       39.        7.       21.       16.
  0.0885  0.0927  0.0772  0.0629  0.0710  0.0680
  0.0755  0.0776  0.0679  0.0623  0.0664  0.0654
  0.0669  0.0657  0.0630  0.0625  0.0637  0.0632
  0.0629  0.0629  0.0633  0.0631  0.0625  0.0626
  0.0658  0.0673  0.0661  0.0626  0.0634  0.0632
  0.0766  0.0744  0.0706  0.0634  0.0655  0.0653
  0.0905  0.0842  0.0770  0.0672  0.0694  0.0687
   -1.5005   -8.7419    4.7182  -10.6897    3.1795   -0.2970
eta,q 0.93745 15.86720

---------------------------------------------------------------------
imgreg_4dfp /opt/freesurfer/average/711-2C_as_mni_average_305 /opt/freesurfer/average/711-2B_as_mni_average_305_mask talsrcimg_g11 none talsrcimg_to_711-2C_as_mni_average_305_t4 3335
---------------------------------------------------------------------

freesurfer imgreg_4dfp.c
/opt/freesurfer/average/711-2C_as_mni_average_305.4dfp.img
       256       256       256         1
  1.000000  1.000000  1.000000
orientation T byte_order littleendian
Reading image: /opt/freesurfer/average/711-2C_as_mni_average_305.4dfp.img
dimensions:      256       256       256
mmppix:       1.0000   -1.0000   -1.0000
center:     128.0000 -129.0000 -129.0000
/opt/freesurfer/average/711-2B_as_mni_average_305_mask.4dfp.img
       256       256       256         1
  1.000000  1.000000  1.000000
orientation T byte_order littleendian
Reading mask: /opt/freesurfer/average/711-2B_as_mni_average_305_mask.4dfp.img (2306576 pixels)
talsrcimg_g11.4dfp.img
       256       256       256         1
  1.000000  1.000000  1.000000
orientation T byte_order littleendian
Reading image: talsrcimg_g11.4dfp.img
dimensions:      256       256       256
mmppix:       1.0000   -1.0000   -1.0000
center:     128.0000 -129.0000 -129.0000
fimgreg.f
image alignment mode   3335 decimal      D07 hex
parameters
   -1.5005   -8.7419    4.7182   -0.1553   -1.7420   -1.8866
    1.5382   -5.3540   -0.5176   18.5770    5.5465  -18.5204
eta,q 0.93687 16.10927
niter,ni,del,rscale     5    3    5.0000    1.2000
parameter  4  0.708473 ->  0.500000 qaram    1.1500
parameter  5  1.270585 ->  0.500000 qaram    1.1500
parameter 10  0.768919 ->  0.500000 qaram    1.1500
parameters
   -1.6402   -8.2951    4.3695   -4.2953   -5.8820   -5.3311
    2.6483   -4.5895   -0.5828   14.4370    5.5972  -15.5472
eta,q 0.95303 15.50298
  0.0671  0.0688  0.0645  0.0580  0.0477  0.0501  0.0538  0.0535  0.0518  0.0473  0.0478  0.0499
  0.0646  0.0659  0.0634  0.0592  0.0493  0.0493  0.0515  0.0512  0.0501  0.0471  0.0475  0.0485
  0.0634  0.0640  0.0629  0.0608  0.0530  0.0490  0.0499  0.0496  0.0491  0.0476  0.0473  0.0477
  0.0631  0.0631  0.0629  0.0629  0.0596  0.0501  0.0490  0.0489  0.0488  0.0488  0.0472  0.0472
  0.0638  0.0631  0.0634  0.0668  0.0689  0.0524  0.0489  0.0490  0.0492  0.0507  0.0472  0.0470
  0.0654  0.0640  0.0643  0.0745  0.0796  0.0564  0.0498  0.0500  0.0502  0.0531  0.0474  0.0470
  0.0680  0.0657  0.0658  0.0858  0.0889  0.0618  0.0516  0.0520  0.0518  0.0562  0.0478  0.0474
niter,ni,del,rscale     7    3    5.0000    1.2000
parameter  2 -0.943235 -> -0.500000 qaram    1.1500
parameter  5  0.670181 ->  0.500000 qaram    1.3225
parameter 12  0.628010 ->  0.500000 qaram    1.1500
parameters
   -1.6448   -6.9151    3.7641   -8.0112  -10.6430   -6.5791
    2.7298   -4.8196   -0.9487   11.5542    4.2877  -19.6872
eta,q 0.96020 14.65870
  0.0496  0.0564  0.0450  0.0438  0.0403  0.0415  0.0429  0.0430  0.0421  0.0412  0.0404  0.0400
  0.0481  0.0528  0.0444  0.0435  0.0401  0.0409  0.0416  0.0414  0.0411  0.0404  0.0402  0.0398
  0.0473  0.0496  0.0442  0.0437  0.0407  0.0406  0.0407  0.0405  0.0405  0.0402  0.0401  0.0399
  0.0470  0.0470  0.0444  0.0442  0.0436  0.0401  0.0404  0.0404  0.0404  0.0404  0.0402  0.0401
  0.0472  0.0451  0.0447  0.0451  0.0500  0.0401  0.0406  0.0408  0.0407  0.0413  0.0403  0.0406
  0.0481  0.0442  0.0453  0.0469  0.0596  0.0412  0.0415  0.0417  0.0414  0.0429  0.0404  0.0411
  0.0496  0.0442  0.0462  0.0523  0.0692  0.0448  0.0429  0.0432  0.0425  0.0452  0.0406  0.0418
niter,ni,del,rscale     7    3    5.0000    1.2000
parameter  2 -1.020414 -> -0.500000 qaram    1.3225
parameters
   -1.4884   -5.3281    4.0378   -8.5335  -14.7795   -6.2285
    3.2180   -4.9983   -1.4241   14.8768    5.2279  -23.0714
eta,q 0.96392 14.44112
  0.0428  0.0496  0.0382  0.0385  0.0383  0.0387  0.0394  0.0394  0.0378  0.0412  0.0368  0.0364
  0.0412  0.0459  0.0375  0.0375  0.0373  0.0376  0.0380  0.0380  0.0371  0.0389  0.0365  0.0362
  0.0402  0.0426  0.0370  0.0369  0.0364  0.0368  0.0371  0.0369  0.0367  0.0375  0.0363  0.0361
  0.0398  0.0398  0.0368  0.0368  0.0368  0.0366  0.0366  0.0366  0.0366  0.0366  0.0362  0.0362
  0.0400  0.0377  0.0369  0.0372  0.0414  0.0366  0.0368  0.0370  0.0368  0.0362  0.0363  0.0366
  0.0408  0.0366  0.0371  0.0379  0.0506  0.0366  0.0375  0.0381  0.0373  0.0364  0.0364  0.0373
  0.0420  0.0366  0.0377  0.0389  0.0601  0.0387  0.0388  0.0397  0.0382  0.0370  0.0366  0.0380
niter,ni,del,rscale     7    3    5.0000    1.2000
parameter  2 -0.986352 -> -0.500000 qaram    1.5209
parameters
   -1.5313   -3.5031    3.6477   -6.9201  -17.3517   -6.2622
    3.2741   -4.8361   -1.5466   16.8840    8.6322  -26.4593
eta,q 0.96621 14.45109
  0.0389  0.0454  0.0340  0.0357  0.0373  0.0368  0.0367  0.0375  0.0354  0.0388  0.0345  0.0343
  0.0373  0.0417  0.0336  0.0346  0.0359  0.0355  0.0354  0.0359  0.0347  0.0366  0.0343  0.0338
  0.0364  0.0385  0.0334  0.0337  0.0344  0.0346  0.0345  0.0347  0.0343  0.0351  0.0342  0.0338
  0.0361  0.0361  0.0334  0.0334  0.0335  0.0342  0.0342  0.0342  0.0342  0.0342  0.0341  0.0340
  0.0365  0.0343  0.0336  0.0336  0.0349  0.0337  0.0345  0.0346  0.0344  0.0341  0.0340  0.0344
  0.0375  0.0332  0.0340  0.0339  0.0418  0.0343  0.0354  0.0356  0.0348  0.0347  0.0340  0.0350
  0.0390  0.0331  0.0346  0.0343  0.0527  0.0380  0.0367  0.0372  0.0354  0.0358  0.0341  0.0356
niter,ni,del,rscale     7    3    5.0000    1.2000
parameters
   -1.3499   -2.2403    3.7579   -6.8860  -19.1028   -6.3735
    3.3009   -4.8494   -1.4911   18.1155    7.5060  -26.8416
eta,q 0.96606 14.35333
  0.0370  0.0409  0.0341  0.0349  0.0380  0.0371  0.0365  0.0372  0.0349  0.0383  0.0341  0.0352
  0.0354  0.0377  0.0335  0.0339  0.0366  0.0357  0.0352  0.0356  0.0344  0.0360  0.0340  0.0342
  0.0343  0.0353  0.0333  0.0333  0.0347  0.0346  0.0343  0.0344  0.0341  0.0346  0.0340  0.0339
  0.0338  0.0338  0.0332  0.0332  0.0332  0.0340  0.0340  0.0340  0.0340  0.0340  0.0340  0.0340
  0.0339  0.0332  0.0333  0.0333  0.0333  0.0333  0.0343  0.0344  0.0341  0.0341  0.0340  0.0342
  0.0347  0.0336  0.0335  0.0337  0.0387  0.0345  0.0352  0.0355  0.0344  0.0349  0.0341  0.0346
  0.0362  0.0352  0.0339  0.0350  0.0493  0.0389  0.0364  0.0374  0.0348  0.0362  0.0343  0.0352
niter,ni,del,rscale     6    3    5.0000    1.2000
parameters
   -1.2727   -1.9129    3.5772   -5.4726  -19.8169   -6.4297
    3.3577   -4.8749   -0.9178   18.5889    6.9211  -27.3289
eta,q 0.96574 14.42358
  0.0367  0.0379  0.0344  0.0358  0.0387  0.0373  0.0366  0.0373  0.0352  0.0376  0.0344  0.0355
  0.0353  0.0358  0.0341  0.0348  0.0374  0.0359  0.0354  0.0358  0.0347  0.0357  0.0344  0.0345
  0.0343  0.0345  0.0340  0.0341  0.0357  0.0349  0.0346  0.0347  0.0344  0.0346  0.0343  0.0342
  0.0339  0.0339  0.0339  0.0339  0.0339  0.0343  0.0343  0.0343  0.0343  0.0343  0.0343  0.0343
  0.0342  0.0341  0.0340  0.0340  0.0330  0.0334  0.0346  0.0346  0.0343  0.0346  0.0343  0.0346
  0.0350  0.0350  0.0342  0.0341  0.0357  0.0345  0.0354  0.0356  0.0346  0.0354  0.0344  0.0350
  0.0364  0.0366  0.0346  0.0348  0.0445  0.0390  0.0365  0.0375  0.0349  0.0367  0.0345  0.0355
niter,ni,del,rscale     5    3    5.0000    1.2000
parameters
   -1.2054   -1.8649    3.4505   -5.6702  -19.8505   -6.5436
    3.2171   -4.8213   -0.6073   18.6899    6.4011  -27.3028
eta,q 0.96568 14.40125
  0.0368  0.0374  0.0347  0.0357  0.0390  0.0373  0.0365  0.0374  0.0352  0.0373  0.0344  0.0358
  0.0355  0.0356  0.0344  0.0348  0.0378  0.0359  0.0354  0.0358  0.0347  0.0355  0.0344  0.0346
  0.0346  0.0346  0.0343  0.0344  0.0361  0.0349  0.0346  0.0347  0.0344  0.0346  0.0343  0.0343
  0.0343  0.0343  0.0343  0.0343  0.0343  0.0343  0.0343  0.0343  0.0343  0.0343  0.0343  0.0343
  0.0345  0.0346  0.0343  0.0343  0.0331  0.0334  0.0346  0.0346  0.0344  0.0347  0.0343  0.0346
  0.0353  0.0356  0.0345  0.0344  0.0347  0.0346  0.0355  0.0356  0.0346  0.0356  0.0344  0.0350
  0.0366  0.0371  0.0349  0.0363  0.0422  0.0391  0.0367  0.0374  0.0350  0.0369  0.0345  0.0354
niter,ni,del,rscale     4    3    5.0000    1.2000
parameters
   -1.1895   -1.8505    3.4347   -5.4062  -19.8866   -6.5283
    3.1652   -4.8142   -0.3051   18.7355    5.4259  -27.3982
eta,q 0.96568 14.41899
  0.0368  0.0373  0.0348  0.0358  0.0390  0.0374  0.0366  0.0373  0.0352  0.0372  0.0344  0.0357
  0.0355  0.0356  0.0345  0.0349  0.0378  0.0360  0.0354  0.0357  0.0347  0.0355  0.0344  0.0346
  0.0346  0.0346  0.0344  0.0345  0.0361  0.0349  0.0346  0.0347  0.0344  0.0346  0.0343  0.0343
  0.0343  0.0343  0.0343  0.0343  0.0343  0.0343  0.0343  0.0343  0.0343  0.0343  0.0343  0.0343
  0.0346  0.0347  0.0343  0.0343  0.0332  0.0334  0.0346  0.0346  0.0344  0.0347  0.0343  0.0346
  0.0354  0.0356  0.0345  0.0344  0.0347  0.0345  0.0354  0.0357  0.0346  0.0356  0.0344  0.0350
  0.0368  0.0372  0.0349  0.0359  0.0422  0.0388  0.0366  0.0374  0.0350  0.0370  0.0345  0.0355
niter,ni,del,rscale     3    3    5.0000    1.2000
parameters
   -1.1628   -1.8301    3.3987   -5.3646  -19.9440   -6.5922
    3.1192   -4.7353    0.1114   18.7883    3.8601  -27.3783
eta,q 0.96562 14.41043
  0.0368  0.0374  0.0348  0.0358  0.0390  0.0373  0.0366  0.0375  0.0352  0.0373  0.0344  0.0358
  0.0355  0.0356  0.0345  0.0349  0.0378  0.0360  0.0354  0.0357  0.0348  0.0355  0.0344  0.0347
  0.0346  0.0346  0.0344  0.0345  0.0361  0.0350  0.0347  0.0348  0.0345  0.0346  0.0344  0.0344
  0.0343  0.0343  0.0343  0.0343  0.0343  0.0344  0.0344  0.0344  0.0344  0.0344  0.0344  0.0344
  0.0346  0.0347  0.0344  0.0343  0.0332  0.0335  0.0347  0.0347  0.0344  0.0348  0.0344  0.0346
  0.0354  0.0356  0.0345  0.0343  0.0348  0.0346  0.0355  0.0357  0.0347  0.0356  0.0344  0.0350
  0.0367  0.0372  0.0349  0.0361  0.0423  0.0390  0.0367  0.0373  0.0351  0.0370  0.0345  0.0355
niter,ni,del,rscale     2    3    5.0000    1.2000
parameter 11  1.010820 ->  0.500000 qaram    1.1500
parameters
   -1.1515   -1.7743    3.2712   -5.2415  -20.0715   -6.8274
    3.0702   -4.6061    0.8596   18.8953   -0.2799  -26.5149
eta,q 0.96546 14.37298
  0.0368  0.0375  0.0349  0.0358  0.0390  0.0372  0.0367  0.0378  0.0354  0.0374  0.0345  0.0365
  0.0355  0.0357  0.0345  0.0350  0.0379  0.0360  0.0356  0.0358  0.0349  0.0357  0.0345  0.0350
  0.0347  0.0347  0.0344  0.0345  0.0362  0.0350  0.0348  0.0349  0.0346  0.0347  0.0345  0.0345
  0.0344  0.0344  0.0344  0.0344  0.0344  0.0344  0.0345  0.0345  0.0345  0.0345  0.0345  0.0345
  0.0346  0.0347  0.0345  0.0343  0.0333  0.0337  0.0348  0.0349  0.0345  0.0349  0.0345  0.0347
  0.0354  0.0357  0.0346  0.0343  0.0349  0.0349  0.0356  0.0359  0.0347  0.0357  0.0346  0.0350
  0.0367  0.0372  0.0350  0.0362  0.0425  0.0392  0.0368  0.0374  0.0351  0.0371  0.0347  0.0355
niter,ni,del,rscale     2    3    5.0000    1.2000
parameters
   -1.1807   -1.5193    2.8452   -5.8998  -20.2359   -7.7350
    2.8886   -4.4092    2.7693   19.0934   -4.2536  -25.1364
eta,q 0.96536 14.21914
  0.0368  0.0380  0.0349  0.0360  0.0392  0.0368  0.0369  0.0385  0.0359  0.0379  0.0348  0.0371
  0.0355  0.0361  0.0346  0.0351  0.0380  0.0358  0.0358  0.0362  0.0354  0.0360  0.0346  0.0354
  0.0348  0.0350  0.0345  0.0347  0.0363  0.0351  0.0351  0.0351  0.0350  0.0350  0.0346  0.0347
  0.0345  0.0345  0.0345  0.0345  0.0345  0.0346  0.0348  0.0348  0.0348  0.0348  0.0348  0.0346
  0.0348  0.0347  0.0347  0.0343  0.0335  0.0342  0.0351  0.0352  0.0348  0.0351  0.0349  0.0348
  0.0356  0.0355  0.0349  0.0348  0.0352  0.0361  0.0359  0.0363  0.0348  0.0361  0.0350  0.0351
  0.0369  0.0371  0.0352  0.0374  0.0427  0.0402  0.0371  0.0378  0.0352  0.0374  0.0351  0.0355
niter,ni,del,rscale     1    3    5.0000    1.2000
parameters
   -1.3016   -1.2738    2.5065   -6.7179  -20.4072   -8.6511
    2.3658   -4.2648    3.9312   18.9857   -4.3061  -25.5410
eta,q 0.96519 14.08655
  0.0369  0.0383  0.0352  0.0364  0.0392  0.0368  0.0368  0.0387  0.0360  0.0379  0.0355  0.0359
  0.0356  0.0364  0.0348  0.0355  0.0381  0.0358  0.0357  0.0362  0.0355  0.0360  0.0349  0.0349
  0.0348  0.0351  0.0346  0.0349  0.0364  0.0352  0.0351  0.0351  0.0351  0.0350  0.0347  0.0348
  0.0346  0.0346  0.0346  0.0346  0.0346  0.0347  0.0349  0.0349  0.0349  0.0348  0.0348  0.0348
  0.0350  0.0348  0.0348  0.0346  0.0337  0.0345  0.0352  0.0353  0.0348  0.0354  0.0350  0.0351
  0.0359  0.0357  0.0351  0.0355  0.0357  0.0362  0.0361  0.0364  0.0350  0.0364  0.0351  0.0354
  0.0374  0.0375  0.0355  0.0382  0.0424  0.0398  0.0375  0.0381  0.0355  0.0378  0.0352  0.0358
registration optimization eta report
parameter search radius
    2.4000    3.6501    2.4000    8.2800    9.5220    7.2000
    7.2000    7.2000    7.2000    8.2800    8.2800    8.2800
100000*second partial in parameter space
       43.       24.       13.        4.        7.        7.
        4.        7.        2.        4.        1.        2.
  0.0369  0.0383  0.0352  0.0364  0.0392  0.0368  0.0368  0.0387  0.0360  0.0379  0.0355  0.0359
  0.0356  0.0364  0.0348  0.0355  0.0381  0.0358  0.0357  0.0362  0.0355  0.0360  0.0349  0.0349
  0.0348  0.0351  0.0346  0.0349  0.0364  0.0352  0.0351  0.0351  0.0351  0.0350  0.0347  0.0348
  0.0346  0.0346  0.0346  0.0346  0.0346  0.0347  0.0349  0.0349  0.0349  0.0348  0.0348  0.0348
  0.0350  0.0348  0.0348  0.0346  0.0337  0.0345  0.0352  0.0353  0.0348  0.0354  0.0350  0.0351
  0.0359  0.0357  0.0351  0.0355  0.0357  0.0362  0.0361  0.0364  0.0350  0.0364  0.0351  0.0354
  0.0374  0.0375  0.0355  0.0382  0.0424  0.0398  0.0375  0.0381  0.0355  0.0378  0.0352  0.0358
   -1.3016   -1.2738    2.5065   -6.7179  -20.4072   -8.6511
    2.3658   -4.2648    3.9312   18.9857   -4.3061  -25.5410
eta,q 0.96519 14.08655

---------------------------------------------------------------------
imgreg_4dfp /opt/freesurfer/average/711-2C_as_mni_average_305 /opt/freesurfer/average/711-2B_as_mni_average_305_mask talsrcimg_g11 none talsrcimg_to_711-2C_as_mni_average_305_t4 2311
---------------------------------------------------------------------

freesurfer imgreg_4dfp.c
/opt/freesurfer/average/711-2C_as_mni_average_305.4dfp.img
       256       256       256         1
  1.000000  1.000000  1.000000
orientation T byte_order littleendian
Reading image: /opt/freesurfer/average/711-2C_as_mni_average_305.4dfp.img
dimensions:      256       256       256
mmppix:       1.0000   -1.0000   -1.0000
center:     128.0000 -129.0000 -129.0000
/opt/freesurfer/average/711-2B_as_mni_average_305_mask.4dfp.img
       256       256       256         1
  1.000000  1.000000  1.000000
orientation T byte_order littleendian
Reading mask: /opt/freesurfer/average/711-2B_as_mni_average_305_mask.4dfp.img (2306576 pixels)
talsrcimg_g11.4dfp.img
       256       256       256         1
  1.000000  1.000000  1.000000
orientation T byte_order littleendian
Reading image: talsrcimg_g11.4dfp.img
dimensions:      256       256       256
mmppix:       1.0000   -1.0000   -1.0000
center:     128.0000 -129.0000 -129.0000
fimgreg.f
image alignment mode   2311 decimal      907 hex
parameters
   -1.3016   -1.2738    2.5065   -6.7178  -20.4072   -8.6511
    2.3658   -4.2648    3.9312   18.9857   -4.3061  -25.5410
eta,q 0.96519 14.08655
niter,ni,del,rscale     5    3    5.0000    0.8000
parameter  5 -0.573019 -> -0.500000 qaram    1.1500
parameters
   -1.3257   -1.1913    2.0110   -5.4851  -17.6472   -9.2286
    1.0804   -4.3988    3.0197   18.7478   -5.2473  -25.2084
eta,q 0.96611 14.31245
  0.0359  0.0355  0.0349  0.0357  0.0374  0.0351  0.0348  0.0357  0.0344  0.0352  0.0341  0.0347
  0.0353  0.0351  0.0348  0.0353  0.0365  0.0346  0.0342  0.0345  0.0342  0.0344  0.0339  0.0341
  0.0349  0.0349  0.0348  0.0350  0.0356  0.0342  0.0340  0.0340  0.0340  0.0340  0.0339  0.0339
  0.0348  0.0348  0.0348  0.0348  0.0347  0.0340  0.0340  0.0340  0.0339  0.0339  0.0339  0.0339
  0.0350  0.0349  0.0349  0.0347  0.0341  0.0340  0.0345  0.0342  0.0341  0.0342  0.0340  0.0340
  0.0353  0.0350  0.0350  0.0348  0.0340  0.0347  0.0353  0.0348  0.0345  0.0347  0.0341  0.0342
  0.0359  0.0353  0.0353  0.0351  0.0348  0.0366  0.0367  0.0357  0.0352  0.0353  0.0342  0.0344
niter,ni,del,rscale     5    3    5.0000    0.8000
parameters
   -1.2832   -1.4608    2.0280   -6.2325  -17.9149   -8.5717
    1.5171   -4.2587    3.0106   18.7319   -5.0270  -25.4594
eta,q 0.96620 14.28570
  0.0351  0.0345  0.0343  0.0343  0.0366  0.0354  0.0354  0.0360  0.0345  0.0352  0.0342  0.0344
  0.0345  0.0341  0.0341  0.0340  0.0355  0.0347  0.0347  0.0346  0.0342  0.0343  0.0339  0.0340
  0.0340  0.0339  0.0339  0.0339  0.0345  0.0343  0.0341  0.0339  0.0339  0.0339  0.0338  0.0338
  0.0339  0.0339  0.0339  0.0339  0.0339  0.0339  0.0338  0.0338  0.0338  0.0338  0.0338  0.0338
  0.0340  0.0341  0.0339  0.0340  0.0338  0.0337  0.0338  0.0341  0.0338  0.0340  0.0339  0.0340
  0.0344  0.0345  0.0341  0.0342  0.0351  0.0339  0.0342  0.0347  0.0341  0.0344  0.0340  0.0342
  0.0350  0.0352  0.0343  0.0348  0.0381  0.0350  0.0350  0.0355  0.0346  0.0351  0.0341  0.0344
niter,ni,del,rscale     4    3    5.0000    0.7000
parameters
   -1.2799   -1.4299    2.2113   -6.2104  -17.8252   -8.2905
    1.5725   -4.3425    2.8097   18.7592   -5.0410  -25.4964
eta,q 0.96626 14.31336
  0.0348  0.0345  0.0342  0.0343  0.0361  0.0348  0.0349  0.0352  0.0342  0.0348  0.0340  0.0343
  0.0342  0.0341  0.0340  0.0340  0.0352  0.0344  0.0343  0.0343  0.0340  0.0341  0.0338  0.0339
  0.0339  0.0339  0.0339  0.0339  0.0344  0.0340  0.0339  0.0338  0.0338  0.0338  0.0337  0.0338
  0.0338  0.0338  0.0338  0.0338  0.0338  0.0338  0.0337  0.0337  0.0337  0.0337  0.0337  0.0337
  0.0339  0.0339  0.0338  0.0338  0.0337  0.0336  0.0338  0.0340  0.0338  0.0339  0.0338  0.0338
  0.0342  0.0341  0.0339  0.0340  0.0345  0.0339  0.0342  0.0345  0.0340  0.0342  0.0339  0.0340
  0.0348  0.0345  0.0340  0.0343  0.0366  0.0349  0.0349  0.0352  0.0344  0.0347  0.0340  0.0342
niter,ni,del,rscale     3    3    5.0000    0.6000
parameters
   -1.2905   -1.4360    2.3123   -6.2117  -17.5528   -7.9641
    1.5405   -4.3938    2.5493   18.8376   -5.0083  -25.5033
eta,q 0.96634 14.35776
  0.0344  0.0342  0.0340  0.0341  0.0356  0.0345  0.0345  0.0348  0.0340  0.0344  0.0339  0.0341
  0.0340  0.0340  0.0339  0.0339  0.0349  0.0342  0.0340  0.0341  0.0338  0.0339  0.0337  0.0338
  0.0338  0.0338  0.0338  0.0338  0.0342  0.0339  0.0338  0.0337  0.0337  0.0337  0.0337  0.0337
  0.0337  0.0337  0.0337  0.0337  0.0337  0.0337  0.0336  0.0336  0.0336  0.0337  0.0337  0.0337
  0.0338  0.0338  0.0338  0.0338  0.0336  0.0336  0.0337  0.0338  0.0337  0.0337  0.0337  0.0337
  0.0341  0.0340  0.0338  0.0339  0.0341  0.0337  0.0340  0.0342  0.0339  0.0340  0.0338  0.0339
  0.0345  0.0343  0.0339  0.0341  0.0356  0.0344  0.0345  0.0347  0.0342  0.0343  0.0338  0.0340
niter,ni,del,rscale     2    3    5.0000    0.5000
parameters
   -1.3028   -1.4758    2.4174   -6.2536  -17.2273   -7.5202
    1.5141   -4.4228    2.2240   18.9932   -4.8182  -25.5277
eta,q 0.96645 14.41526
  0.0341  0.0340  0.0339  0.0339  0.0351  0.0342  0.0341  0.0344  0.0338  0.0341  0.0337  0.0339
  0.0339  0.0338  0.0337  0.0338  0.0345  0.0340  0.0338  0.0339  0.0336  0.0338  0.0336  0.0336
  0.0337  0.0337  0.0337  0.0337  0.0340  0.0338  0.0336  0.0336  0.0336  0.0336  0.0336  0.0336
  0.0337  0.0337  0.0337  0.0337  0.0337  0.0336  0.0335  0.0335  0.0335  0.0335  0.0335  0.0335
  0.0337  0.0337  0.0337  0.0337  0.0336  0.0335  0.0336  0.0337  0.0336  0.0336  0.0336  0.0336
  0.0339  0.0338  0.0337  0.0338  0.0339  0.0336  0.0338  0.0340  0.0337  0.0337  0.0336  0.0337
  0.0342  0.0340  0.0338  0.0339  0.0348  0.0340  0.0342  0.0343  0.0339  0.0340  0.0337  0.0338
niter,ni,del,rscale     1    3    5.0000    0.4000
parameters
   -1.3099   -1.5430    2.5251   -6.2815  -16.8831   -6.9345
    1.5173   -4.4134    1.8002   19.2649   -4.3096  -25.6598
eta,q 0.96657 14.49176
  0.0339  0.0337  0.0337  0.0337  0.0345  0.0339  0.0338  0.0340  0.0336  0.0338  0.0336  0.0336
  0.0337  0.0336  0.0336  0.0336  0.0341  0.0338  0.0336  0.0337  0.0335  0.0336  0.0335  0.0335
  0.0336  0.0336  0.0336  0.0336  0.0338  0.0336  0.0335  0.0335  0.0334  0.0335  0.0335  0.0334
  0.0335  0.0335  0.0335  0.0335  0.0335  0.0335  0.0334  0.0334  0.0334  0.0334  0.0334  0.0334
  0.0336  0.0336  0.0335  0.0336  0.0335  0.0334  0.0335  0.0335  0.0335  0.0334  0.0334  0.0335
  0.0337  0.0337  0.0336  0.0336  0.0337  0.0335  0.0336  0.0337  0.0336  0.0335  0.0335  0.0335
  0.0339  0.0338  0.0336  0.0337  0.0342  0.0337  0.0338  0.0340  0.0337  0.0337  0.0335  0.0336
registration optimization eta report
parameter search radius
    0.8000    0.8000    0.8000    2.4000    2.7600    2.4000
    2.4000    2.4000    2.4000    2.4000    2.4000    2.4000
100000*second partial in parameter space
       50.       34.       18.        3.       11.        6.
        7.       10.        3.        5.        2.        3.
  0.0339  0.0337  0.0337  0.0337  0.0345  0.0339  0.0338  0.0340  0.0336  0.0338  0.0336  0.0336
  0.0337  0.0336  0.0336  0.0336  0.0341  0.0338  0.0336  0.0337  0.0335  0.0336  0.0335  0.0335
  0.0336  0.0336  0.0336  0.0336  0.0338  0.0336  0.0335  0.0335  0.0334  0.0335  0.0335  0.0334
  0.0335  0.0335  0.0335  0.0335  0.0335  0.0335  0.0334  0.0334  0.0334  0.0334  0.0334  0.0334
  0.0336  0.0336  0.0335  0.0336  0.0335  0.0334  0.0335  0.0335  0.0335  0.0334  0.0334  0.0335
  0.0337  0.0337  0.0336  0.0336  0.0337  0.0335  0.0336  0.0337  0.0336  0.0335  0.0335  0.0335
  0.0339  0.0338  0.0336  0.0337  0.0342  0.0337  0.0338  0.0340  0.0337  0.0337  0.0335  0.0336
   -1.3099   -1.5430    2.5251   -6.2815  -16.8831   -6.9345
    1.5173   -4.4134    1.8002   19.2649   -4.3096  -25.6598
eta,q 0.96657 14.49176

---------------------------------------------------------------------
imgreg_4dfp /opt/freesurfer/average/711-2C_as_mni_average_305 /opt/freesurfer/average/711-2B_as_mni_average_305_mask talsrcimg_g11 none talsrcimg_to_711-2C_as_mni_average_305_t4 2311
---------------------------------------------------------------------

freesurfer imgreg_4dfp.c
/opt/freesurfer/average/711-2C_as_mni_average_305.4dfp.img
       256       256       256         1
  1.000000  1.000000  1.000000
orientation T byte_order littleendian
Reading image: /opt/freesurfer/average/711-2C_as_mni_average_305.4dfp.img
dimensions:      256       256       256
mmppix:       1.0000   -1.0000   -1.0000
center:     128.0000 -129.0000 -129.0000
/opt/freesurfer/average/711-2B_as_mni_average_305_mask.4dfp.img
       256       256       256         1
  1.000000  1.000000  1.000000
orientation T byte_order littleendian
Reading mask: /opt/freesurfer/average/711-2B_as_mni_average_305_mask.4dfp.img (2306576 pixels)
talsrcimg_g11.4dfp.img
       256       256       256         1
  1.000000  1.000000  1.000000
orientation T byte_order littleendian
Reading image: talsrcimg_g11.4dfp.img
dimensions:      256       256       256
mmppix:       1.0000   -1.0000   -1.0000
center:     128.0000 -129.0000 -129.0000
fimgreg.f
image alignment mode   2311 decimal      907 hex
parameters
   -1.3099   -1.5430    2.5251   -6.2815  -16.8831   -6.9345
    1.5173   -4.4134    1.8002   19.2649   -4.3096  -25.6598
eta,q 0.96657 14.49176
niter,ni,del,rscale     5    3    5.0000    0.8000
parameters
   -1.3290   -1.7214    2.7262   -6.2366  -17.3192   -7.5534
    2.1162   -4.4004    1.8001   18.6925   -3.7076  -25.8727
eta,q 0.96643 14.41351
  0.0347  0.0341  0.0341  0.0341  0.0354  0.0346  0.0352  0.0356  0.0342  0.0345  0.0339  0.0342
  0.0340  0.0337  0.0337  0.0337  0.0345  0.0342  0.0345  0.0343  0.0339  0.0338  0.0337  0.0337
  0.0336  0.0335  0.0335  0.0335  0.0339  0.0338  0.0339  0.0337  0.0337  0.0336  0.0336  0.0336
  0.0334  0.0334  0.0334  0.0334  0.0334  0.0335  0.0336  0.0336  0.0336  0.0336  0.0336  0.0336
  0.0336  0.0336  0.0335  0.0335  0.0335  0.0334  0.0336  0.0339  0.0336  0.0339  0.0336  0.0337
  0.0340  0.0340  0.0336  0.0336  0.0346  0.0343  0.0340  0.0345  0.0338  0.0343  0.0337  0.0339
  0.0348  0.0346  0.0338  0.0341  0.0371  0.0364  0.0347  0.0353  0.0343  0.0350  0.0337  0.0341
niter,ni,del,rscale     4    3    5.0000    0.7000
parameters
   -1.3087   -1.6183    2.6585   -6.1775  -17.3358   -7.5730
    2.0749   -4.4765    1.6630   18.7125   -3.7926  -25.9157
eta,q 0.96643 14.41364
  0.0345  0.0343  0.0338  0.0340  0.0353  0.0345  0.0346  0.0350  0.0340  0.0345  0.0338  0.0341
  0.0340  0.0339  0.0337  0.0337  0.0346  0.0341  0.0341  0.0341  0.0338  0.0339  0.0336  0.0337
  0.0337  0.0337  0.0336  0.0336  0.0340  0.0338  0.0337  0.0336  0.0336  0.0336  0.0335  0.0336
  0.0336  0.0336  0.0336  0.0336  0.0336  0.0336  0.0336  0.0336  0.0336  0.0336  0.0336  0.0336
  0.0336  0.0336  0.0336  0.0336  0.0335  0.0334  0.0337  0.0338  0.0336  0.0337  0.0336  0.0337
  0.0340  0.0338  0.0337  0.0337  0.0342  0.0337  0.0340  0.0342  0.0338  0.0340  0.0337  0.0338
  0.0345  0.0341  0.0339  0.0340  0.0358  0.0350  0.0347  0.0349  0.0341  0.0344  0.0337  0.0340
niter,ni,del,rscale     3    3    5.0000    0.6000
parameters
   -1.3040   -1.6037    2.6470   -6.1387  -17.1078   -7.3444
    1.9994   -4.4852    1.4963   18.8645   -3.7070  -25.9420
eta,q 0.96650 14.45370
  0.0342  0.0340  0.0338  0.0339  0.0350  0.0343  0.0343  0.0346  0.0338  0.0343  0.0337  0.0339
  0.0339  0.0338  0.0337  0.0337  0.0344  0.0340  0.0339  0.0339  0.0337  0.0338  0.0335  0.0336
  0.0336  0.0336  0.0336  0.0336  0.0339  0.0337  0.0336  0.0336  0.0335  0.0335  0.0335  0.0335
  0.0336  0.0336  0.0336  0.0336  0.0336  0.0335  0.0335  0.0335  0.0335  0.0335  0.0335  0.0335
  0.0336  0.0336  0.0336  0.0336  0.0335  0.0334  0.0336  0.0336  0.0335  0.0336  0.0335  0.0336
  0.0339  0.0338  0.0337  0.0337  0.0339  0.0335  0.0339  0.0340  0.0337  0.0338  0.0336  0.0337
  0.0342  0.0340  0.0338  0.0338  0.0350  0.0344  0.0344  0.0345  0.0339  0.0341  0.0336  0.0339
niter,ni,del,rscale     2    3    5.0000    0.5000
parameters
   -1.3057   -1.6561    2.6750   -6.1303  -16.8094   -6.8646
    1.9528   -4.4726    1.2004   19.1212   -3.2585  -26.0519
eta,q 0.96660 14.52110
  0.0340  0.0338  0.0337  0.0337  0.0346  0.0340  0.0340  0.0342  0.0336  0.0340  0.0336  0.0337
  0.0337  0.0336  0.0336  0.0336  0.0341  0.0338  0.0336  0.0337  0.0335  0.0336  0.0335  0.0335
  0.0335  0.0335  0.0335  0.0335  0.0338  0.0336  0.0334  0.0334  0.0334  0.0334  0.0334  0.0334
  0.0335  0.0335  0.0335  0.0335  0.0335  0.0335  0.0334  0.0334  0.0334  0.0334  0.0334  0.0334
  0.0335  0.0336  0.0335  0.0335  0.0334  0.0333  0.0334  0.0335  0.0334  0.0334  0.0334  0.0335
  0.0337  0.0337  0.0336  0.0336  0.0337  0.0334  0.0336  0.0338  0.0335  0.0335  0.0334  0.0335
  0.0340  0.0339  0.0336  0.0337  0.0344  0.0339  0.0340  0.0341  0.0337  0.0338  0.0335  0.0337
niter,ni,del,rscale     1    3    5.0000    0.4000
parameters
   -1.3054   -1.7719    2.7320   -6.1198  -16.4471   -6.1465
    1.9547   -4.4049    0.7928   19.5397   -2.1797  -26.2493
eta,q 0.96679 14.62145
  0.0337  0.0335  0.0335  0.0335  0.0342  0.0338  0.0336  0.0338  0.0333  0.0337  0.0334  0.0334
  0.0335  0.0335  0.0334  0.0334  0.0338  0.0337  0.0334  0.0335  0.0333  0.0334  0.0333  0.0333
  0.0334  0.0334  0.0334  0.0334  0.0336  0.0335  0.0333  0.0333  0.0332  0.0333  0.0333  0.0332
  0.0334  0.0334  0.0334  0.0334  0.0334  0.0333  0.0332  0.0332  0.0332  0.0332  0.0332  0.0332
  0.0334  0.0334  0.0334  0.0334  0.0333  0.0332  0.0333  0.0333  0.0333  0.0332  0.0332  0.0333
  0.0335  0.0335  0.0334  0.0334  0.0335  0.0332  0.0334  0.0335  0.0333  0.0333  0.0332  0.0333
  0.0337  0.0337  0.0335  0.0335  0.0339  0.0335  0.0336  0.0337  0.0335  0.0334  0.0332  0.0334
registration optimization eta report
parameter search radius
    0.8000    0.8000    0.8000    2.4000    2.4000    2.4000
    2.4000    2.4000    2.4000    2.4000    2.4000    2.4000
100000*second partial in parameter space
       48.       34.       17.        2.       11.        6.
        7.       10.        3.        6.        2.        3.
  0.0337  0.0335  0.0335  0.0335  0.0342  0.0338  0.0336  0.0338  0.0333  0.0337  0.0334  0.0334
  0.0335  0.0335  0.0334  0.0334  0.0338  0.0337  0.0334  0.0335  0.0333  0.0334  0.0333  0.0333
  0.0334  0.0334  0.0334  0.0334  0.0336  0.0335  0.0333  0.0333  0.0332  0.0333  0.0333  0.0332
  0.0334  0.0334  0.0334  0.0334  0.0334  0.0333  0.0332  0.0332  0.0332  0.0332  0.0332  0.0332
  0.0334  0.0334  0.0334  0.0334  0.0333  0.0332  0.0333  0.0333  0.0333  0.0332  0.0332  0.0333
  0.0335  0.0335  0.0334  0.0334  0.0335  0.0332  0.0334  0.0335  0.0333  0.0333  0.0332  0.0333
  0.0337  0.0337  0.0335  0.0335  0.0339  0.0335  0.0336  0.0337  0.0335  0.0334  0.0332  0.0334
   -1.3054   -1.7719    2.7320   -6.1198  -16.4471   -6.1465
    1.9547   -4.4049    0.7928   19.5397   -2.1797  -26.2493
eta,q 0.96679 14.62145

---------------------------------------------------------------------
compute_vox2vox talsrcimg talsrcimg_to_711-2C_as_mni_average_305_t4 /opt/freesurfer/average/711-2C_as_mni_average_305
---------------------------------------------------------------------

freesurfer compute_vox2vox.c
Reading: talsrcimg.4dfp.ifh
Reading: talsrcimg_to_711-2C_as_mni_average_305_t4
Reading: /opt/freesurfer/average/711-2C_as_mni_average_305.4dfp.ifh
Writing: talsrcimg_to_711-2C_as_mni_average_305_t4_vox2vox.txt

start time Thu Mar 12 18:10:00 CET 2026
end		time Thu Mar 12 18:11:27 CET 2026

mpr2mni305 success

avi2talxfm orig_nu.mgz /opt/freesurfer/average/mni305.cor.mgz talsrcimg_to_711-2C_as_mni_average_305_t4_vox2vox.txt transforms/talairach.auto.xfm
avi2talxfm done
mv -f /out/sourcedata/freesurfer/sub-v1s20x0050347_ses-1/mri/talsrcimg_to_711-2C_as_mni_average_305_t4_vox2vox.txt /out/sourcedata/freesurfer/sub-v1s20x0050347_ses-1/mri/transforms/talsrcimg_to_711-2C_as_mni_average_305_t4_vox2vox.txt
lta_convert --src orig_nu.mgz --trg /opt/freesurfer/average/mni305.cor.mgz --inxfm transforms/talairach.auto.xfm --outlta transforms/talairach.auto.xfm.lta --subject fsaverage
7.3.2

--src: orig_nu.mgz src image (geometry).
--trg: /opt/freesurfer/average/mni305.cor.mgz trg image (geometry).
--inmni: transforms/talairach.auto.xfm input MNI/XFM transform.
--outlta: transforms/talairach.auto.xfm.lta output LTA.
--s: fsaverage subject name
 LTA read, type : 1
 1.06646   0.05186  -0.00866   0.72522;
 0.02059   1.00108   0.31402  -2.88915;
-0.01493  -0.23460   1.12349   1.71777;
 0.00000   0.00000   0.00000   1.00000;
setting subject to fsaverage
Writing  LTA to file transforms/talairach.auto.xfm.lta...
lta_convert successful.
 
 
Started at Thu Mar 12 18:10:00 CET 2026
Ended   at Thu Mar 12 18:11:27 CET 2026
talairach_avi done
