status file for recon-all
Thu Mar 12 20:08:29 CET 2026
#@# Tessellate lh Thu Mar 12 20:08:29 CET 2026
#@# Smooth1 lh Thu Mar 12 20:08:33 CET 2026
#@# Inflation1 lh Thu Mar 12 20:08:35 CET 2026
#@# QSphere lh Thu Mar 12 20:08:47 CET 2026
#@# Fix Topology lh Thu Mar 12 20:09:43 CET 2026
#@# Smooth2 lh Thu Mar 12 20:24:15 CET 2026
#@# Inflation2 lh Thu Mar 12 20:24:18 CET 2026
#@# Curv .H and .K lh Thu Mar 12 20:24:32 CET 2026
#@# Sphere lh Thu Mar 12 20:25:16 CET 2026
#@# Surf Reg lh Thu Mar 12 20:30:40 CET 2026
#@# Jacobian white lh Thu Mar 12 20:36:07 CET 2026
#@# AvgCurv lh Thu Mar 12 20:36:08 CET 2026
#@# Cortical Parc lh Thu Mar 12 20:36:09 CET 2026
#@# white curv lh Thu Mar 12 20:42:15 CET 2026
#@# white area lh Thu Mar 12 20:42:16 CET 2026
#@# pial curv lh Thu Mar 12 20:42:17 CET 2026
#@# pial area lh Thu Mar 12 20:42:19 CET 2026
#@# thickness lh Thu Mar 12 20:42:19 CET 2026
#@# area and vertex vol lh Thu Mar 12 20:42:47 CET 2026
#@# Curvature Stats lh Thu Mar 12 20:42:49 CET 2026
#@# Cortical Parc 2 lh Thu Mar 12 20:42:51 CET 2026
#@# Cortical Parc 3 lh Thu Mar 12 20:43:03 CET 2026
#@# WM/GM Contrast lh Thu Mar 12 20:43:12 CET 2026
recon-all -s sub-v1s20x0050354_ses-1 finished without error at Thu Mar 12 20:43:16 CET 2026



#New# invocation of recon-all 



status file for recon-all
Thu Mar 12 21:26:18 CET 2026
#@# white curv lh Thu Mar 12 21:26:18 CET 2026
#@# white area lh Thu Mar 12 21:26:18 CET 2026
#@# pial curv lh Thu Mar 12 21:26:18 CET 2026
#@# pial area lh Thu Mar 12 21:26:18 CET 2026
#@# thickness lh Thu Mar 12 21:26:18 CET 2026
#@# area and vertex vol lh Thu Mar 12 21:26:18 CET 2026
#@# Parcellation Stats lh Thu Mar 12 21:26:18 CET 2026
#@# Parcellation Stats 2 lh Thu Mar 12 21:26:35 CET 2026
#@# Parcellation Stats 3 lh Thu Mar 12 21:26:44 CET 2026
#@# BA_exvivo Labels lh Thu Mar 12 21:26:52 CET 2026
recon-all -s sub-v1s20x0050354_ses-1 finished without error at Thu Mar 12 21:29:15 CET 2026
