status file for recon-all
Thu Mar 12 20:55:42 CET 2026
#@# Tessellate lh Thu Mar 12 20:55:42 CET 2026
#@# Smooth1 lh Thu Mar 12 20:55:46 CET 2026
#@# Inflation1 lh Thu Mar 12 20:55:49 CET 2026
#@# QSphere lh Thu Mar 12 20:56:01 CET 2026
#@# Fix Topology lh Thu Mar 12 20:57:15 CET 2026
#@# Smooth2 lh Thu Mar 12 21:03:21 CET 2026
#@# Inflation2 lh Thu Mar 12 21:03:24 CET 2026
#@# Curv .H and .K lh Thu Mar 12 21:03:39 CET 2026
#@# Sphere lh Thu Mar 12 21:04:22 CET 2026
#@# Surf Reg lh Thu Mar 12 21:06:54 CET 2026
#@# Jacobian white lh Thu Mar 12 21:10:53 CET 2026
#@# AvgCurv lh Thu Mar 12 21:10:54 CET 2026
#@# Cortical Parc lh Thu Mar 12 21:10:55 CET 2026
#@# white curv lh Thu Mar 12 21:17:03 CET 2026
#@# white area lh Thu Mar 12 21:17:05 CET 2026
#@# pial curv lh Thu Mar 12 21:17:05 CET 2026
#@# pial area lh Thu Mar 12 21:17:07 CET 2026
#@# thickness lh Thu Mar 12 21:17:08 CET 2026
#@# area and vertex vol lh Thu Mar 12 21:17:36 CET 2026
#@# Curvature Stats lh Thu Mar 12 21:17:38 CET 2026
#@# Cortical Parc 2 lh Thu Mar 12 21:17:41 CET 2026
#@# Cortical Parc 3 lh Thu Mar 12 21:17:53 CET 2026
#@# WM/GM Contrast lh Thu Mar 12 21:18:04 CET 2026
recon-all -s sub-v1s20x0050369_ses-1 finished without error at Thu Mar 12 21:18:08 CET 2026



#New# invocation of recon-all 



status file for recon-all
Thu Mar 12 21:46:08 CET 2026
#@# white curv lh Thu Mar 12 21:46:08 CET 2026
#@# white area lh Thu Mar 12 21:46:08 CET 2026
#@# pial curv lh Thu Mar 12 21:46:08 CET 2026
#@# pial area lh Thu Mar 12 21:46:08 CET 2026
#@# thickness lh Thu Mar 12 21:46:08 CET 2026
#@# area and vertex vol lh Thu Mar 12 21:46:09 CET 2026
#@# Parcellation Stats lh Thu Mar 12 21:46:09 CET 2026
#@# Parcellation Stats 2 lh Thu Mar 12 21:46:25 CET 2026
#@# Parcellation Stats 3 lh Thu Mar 12 21:46:33 CET 2026
#@# BA_exvivo Labels lh Thu Mar 12 21:46:41 CET 2026
recon-all -s sub-v1s20x0050369_ses-1 finished without error at Thu Mar 12 21:49:20 CET 2026
