status file for recon-all
Thu Mar 12 19:09:33 CET 2026
#@# MotionCor Thu Mar 12 19:09:34 CET 2026
#@# Talairach Thu Mar 12 19:09:43 CET 2026
#@# Talairach Failure Detection Thu Mar 12 19:14:09 CET 2026
#@# Nu Intensity Correction Thu Mar 12 19:14:09 CET 2026
#@# Intensity Normalization Thu Mar 12 19:17:23 CET 2026
recon-all -s sub-v1s20x0050369_ses-1 finished without error at Thu Mar 12 19:18:49 CET 2026



#New# invocation of recon-all 



status file for recon-all
Thu Mar 12 19:25:38 CET 2026
#@# EM Registration Thu Mar 12 19:25:38 CET 2026
recon-all -s sub-v1s20x0050369_ses-1 finished without error at Thu Mar 12 19:28:30 CET 2026



#New# invocation of recon-all 



status file for recon-all
Thu Mar 12 19:28:32 CET 2026
#@# CA Normalize Thu Mar 12 19:28:32 CET 2026
#@# CA Reg Thu Mar 12 19:29:51 CET 2026
#@# SubCort Seg Thu Mar 12 20:19:34 CET 2026
#@# CC Seg Thu Mar 12 20:49:43 CET 2026
#@# Merge ASeg Thu Mar 12 20:50:22 CET 2026
#@# Intensity Normalization2 Thu Mar 12 20:50:22 CET 2026
#@# Mask BFS Thu Mar 12 20:52:35 CET 2026
#@# WM Segmentation Thu Mar 12 20:52:36 CET 2026
#@# Fill Thu Mar 12 20:54:38 CET 2026
recon-all -s sub-v1s20x0050369_ses-1 finished without error at Thu Mar 12 20:55:39 CET 2026



#New# invocation of recon-all 



status file for recon-all
Thu Mar 12 21:42:15 CET 2026
#@# white curv lh Thu Mar 12 21:42:15 CET 2026
#@# white area lh Thu Mar 12 21:42:15 CET 2026
#@# pial curv lh Thu Mar 12 21:42:15 CET 2026
#@# pial area lh Thu Mar 12 21:42:15 CET 2026
#@# thickness lh Thu Mar 12 21:42:15 CET 2026
#@# area and vertex vol lh Thu Mar 12 21:42:15 CET 2026
#@# white curv rh Thu Mar 12 21:42:15 CET 2026
#@# white area rh Thu Mar 12 21:42:15 CET 2026
#@# pial curv rh Thu Mar 12 21:42:15 CET 2026
#@# pial area rh Thu Mar 12 21:42:15 CET 2026
#@# thickness rh Thu Mar 12 21:42:15 CET 2026
#@# area and vertex vol rh Thu Mar 12 21:42:15 CET 2026
#@# Cortical ribbon mask Thu Mar 12 21:42:15 CET 2026
recon-all -s sub-v1s20x0050369_ses-1 finished without error at Thu Mar 12 21:46:04 CET 2026



#New# invocation of recon-all 



status file for recon-all
Thu Mar 12 21:52:49 CET 2026
#@# white curv lh Thu Mar 12 21:52:49 CET 2026
#@# white area lh Thu Mar 12 21:52:49 CET 2026
#@# pial curv lh Thu Mar 12 21:52:49 CET 2026
#@# pial area lh Thu Mar 12 21:52:49 CET 2026
#@# thickness lh Thu Mar 12 21:52:49 CET 2026
#@# area and vertex vol lh Thu Mar 12 21:52:49 CET 2026
#@# white curv rh Thu Mar 12 21:52:49 CET 2026
#@# white area rh Thu Mar 12 21:52:49 CET 2026
#@# pial curv rh Thu Mar 12 21:52:49 CET 2026
#@# pial area rh Thu Mar 12 21:52:49 CET 2026
#@# thickness rh Thu Mar 12 21:52:49 CET 2026
#@# area and vertex vol rh Thu Mar 12 21:52:49 CET 2026
#@# Curvature Stats lh Thu Mar 12 21:52:49 CET 2026
#@# Curvature Stats rh Thu Mar 12 21:52:51 CET 2026
#@# Relabel Hypointensities Thu Mar 12 21:52:54 CET 2026
#@# APas-to-ASeg Thu Mar 12 21:53:10 CET 2026
#@# AParc-to-ASeg aparc Thu Mar 12 21:53:19 CET 2026
#@# AParc-to-ASeg aparc.a2009s Thu Mar 12 21:53:53 CET 2026
#@# AParc-to-ASeg aparc.DKTatlas Thu Mar 12 21:54:29 CET 2026
#@# WMParc Thu Mar 12 21:55:03 CET 2026
#@# ASeg Stats Thu Mar 12 21:58:55 CET 2026
recon-all -s sub-v1s20x0050369_ses-1 finished without error at Thu Mar 12 21:59:37 CET 2026
