status file for recon-all
Mon Mar  9 09:52:03 CET 2026
#@# Tessellate lh Mon Mar  9 09:52:03 CET 2026
#@# Smooth1 lh Mon Mar  9 09:52:07 CET 2026
#@# Inflation1 lh Mon Mar  9 09:52:09 CET 2026
#@# QSphere lh Mon Mar  9 09:52:19 CET 2026
#@# Fix Topology lh Mon Mar  9 09:53:21 CET 2026
#@# Smooth2 lh Mon Mar  9 09:58:53 CET 2026
#@# Inflation2 lh Mon Mar  9 09:58:56 CET 2026
#@# Curv .H and .K lh Mon Mar  9 09:59:07 CET 2026
#@# Sphere lh Mon Mar  9 09:59:55 CET 2026
#@# Surf Reg lh Mon Mar  9 10:02:47 CET 2026
#@# Jacobian white lh Mon Mar  9 10:06:18 CET 2026
#@# AvgCurv lh Mon Mar  9 10:06:18 CET 2026
#@# Cortical Parc lh Mon Mar  9 10:06:19 CET 2026
#@# white curv lh Mon Mar  9 10:11:54 CET 2026
#@# white area lh Mon Mar  9 10:11:56 CET 2026
#@# pial curv lh Mon Mar  9 10:11:57 CET 2026
#@# pial area lh Mon Mar  9 10:11:58 CET 2026
#@# thickness lh Mon Mar  9 10:11:59 CET 2026
#@# area and vertex vol lh Mon Mar  9 10:12:30 CET 2026
#@# Curvature Stats lh Mon Mar  9 10:12:31 CET 2026
#@# Cortical Parc 2 lh Mon Mar  9 10:12:33 CET 2026
#@# Cortical Parc 3 lh Mon Mar  9 10:12:46 CET 2026
#@# WM/GM Contrast lh Mon Mar  9 10:12:56 CET 2026
recon-all -s sub-v1s20x0050333_ses-1 finished without error at Mon Mar  9 10:12:59 CET 2026



#New# invocation of recon-all 



status file for recon-all
Mon Mar  9 10:39:57 CET 2026
#@# white curv lh Mon Mar  9 10:39:57 CET 2026
#@# white area lh Mon Mar  9 10:39:57 CET 2026
#@# pial curv lh Mon Mar  9 10:39:57 CET 2026
#@# pial area lh Mon Mar  9 10:39:57 CET 2026
#@# thickness lh Mon Mar  9 10:39:57 CET 2026
#@# area and vertex vol lh Mon Mar  9 10:39:57 CET 2026
#@# Parcellation Stats lh Mon Mar  9 10:39:57 CET 2026
#@# Parcellation Stats 2 lh Mon Mar  9 10:40:17 CET 2026
#@# Parcellation Stats 3 lh Mon Mar  9 10:40:27 CET 2026
#@# BA_exvivo Labels lh Mon Mar  9 10:40:36 CET 2026
recon-all -s sub-v1s20x0050333_ses-1 finished without error at Mon Mar  9 10:43:05 CET 2026
