status file for recon-all
Mon Mar  9 07:22:40 CET 2026
#@# MotionCor Mon Mar  9 07:22:41 CET 2026
#@# Talairach Mon Mar  9 07:22:46 CET 2026
#@# Talairach Failure Detection Mon Mar  9 07:25:36 CET 2026
#@# Nu Intensity Correction Mon Mar  9 07:25:36 CET 2026
#@# Intensity Normalization Mon Mar  9 07:28:20 CET 2026
recon-all -s sub-v1s20x0050304_ses-1 finished without error at Mon Mar  9 07:29:19 CET 2026



#New# invocation of recon-all 



status file for recon-all
Mon Mar  9 07:35:02 CET 2026
#@# EM Registration Mon Mar  9 07:35:02 CET 2026
recon-all -s sub-v1s20x0050304_ses-1 finished without error at Mon Mar  9 07:36:12 CET 2026



#New# invocation of recon-all 



status file for recon-all
Mon Mar  9 07:36:13 CET 2026
#@# CA Normalize Mon Mar  9 07:36:13 CET 2026
#@# CA Reg Mon Mar  9 07:37:05 CET 2026
#@# SubCort Seg Mon Mar  9 08:09:18 CET 2026
#@# CC Seg Mon Mar  9 08:33:51 CET 2026
#@# Merge ASeg Mon Mar  9 08:34:14 CET 2026
#@# Intensity Normalization2 Mon Mar  9 08:34:14 CET 2026
#@# Mask BFS Mon Mar  9 08:35:38 CET 2026
#@# WM Segmentation Mon Mar  9 08:35:38 CET 2026
#@# Fill Mon Mar  9 08:37:26 CET 2026
recon-all -s sub-v1s20x0050304_ses-1 finished without error at Mon Mar  9 08:38:03 CET 2026



#New# invocation of recon-all 



status file for recon-all
Mon Mar  9 09:18:33 CET 2026
#@# white curv lh Mon Mar  9 09:18:33 CET 2026
#@# white area lh Mon Mar  9 09:18:33 CET 2026
#@# pial curv lh Mon Mar  9 09:18:33 CET 2026
#@# pial area lh Mon Mar  9 09:18:33 CET 2026
#@# thickness lh Mon Mar  9 09:18:33 CET 2026
#@# area and vertex vol lh Mon Mar  9 09:18:33 CET 2026
#@# white curv rh Mon Mar  9 09:18:33 CET 2026
#@# white area rh Mon Mar  9 09:18:33 CET 2026
#@# pial curv rh Mon Mar  9 09:18:33 CET 2026
#@# pial area rh Mon Mar  9 09:18:33 CET 2026
#@# thickness rh Mon Mar  9 09:18:33 CET 2026
#@# area and vertex vol rh Mon Mar  9 09:18:33 CET 2026
#@# Cortical ribbon mask Mon Mar  9 09:18:33 CET 2026
recon-all -s sub-v1s20x0050304_ses-1 finished without error at Mon Mar  9 09:21:34 CET 2026



#New# invocation of recon-all 



status file for recon-all
Mon Mar  9 09:26:14 CET 2026
#@# white curv lh Mon Mar  9 09:26:14 CET 2026
#@# white area lh Mon Mar  9 09:26:14 CET 2026
#@# pial curv lh Mon Mar  9 09:26:14 CET 2026
#@# pial area lh Mon Mar  9 09:26:14 CET 2026
#@# thickness lh Mon Mar  9 09:26:14 CET 2026
#@# area and vertex vol lh Mon Mar  9 09:26:14 CET 2026
#@# white curv rh Mon Mar  9 09:26:14 CET 2026
#@# white area rh Mon Mar  9 09:26:14 CET 2026
#@# pial curv rh Mon Mar  9 09:26:14 CET 2026
#@# pial area rh Mon Mar  9 09:26:14 CET 2026
#@# thickness rh Mon Mar  9 09:26:14 CET 2026
#@# area and vertex vol rh Mon Mar  9 09:26:14 CET 2026
#@# Curvature Stats lh Mon Mar  9 09:26:14 CET 2026
#@# Curvature Stats rh Mon Mar  9 09:26:16 CET 2026
#@# Relabel Hypointensities Mon Mar  9 09:26:17 CET 2026
#@# APas-to-ASeg Mon Mar  9 09:26:28 CET 2026
#@# AParc-to-ASeg aparc Mon Mar  9 09:26:33 CET 2026
#@# AParc-to-ASeg aparc.a2009s Mon Mar  9 09:26:54 CET 2026
#@# AParc-to-ASeg aparc.DKTatlas Mon Mar  9 09:27:14 CET 2026
#@# WMParc Mon Mar  9 09:27:35 CET 2026
#@# ASeg Stats Mon Mar  9 09:29:30 CET 2026
recon-all -s sub-v1s20x0050304_ses-1 finished without error at Mon Mar  9 09:29:48 CET 2026
