status file for recon-all
Mon Mar  9 08:57:46 CET 2026
#@# Tessellate rh Mon Mar  9 08:57:46 CET 2026
#@# Smooth1 rh Mon Mar  9 08:57:48 CET 2026
#@# Inflation1 rh Mon Mar  9 08:57:50 CET 2026
#@# QSphere rh Mon Mar  9 08:57:59 CET 2026
#@# Fix Topology rh Mon Mar  9 08:58:39 CET 2026
#@# Smooth2 rh Mon Mar  9 09:06:43 CET 2026
#@# Inflation2 rh Mon Mar  9 09:06:45 CET 2026
#@# Curv .H and .K rh Mon Mar  9 09:06:52 CET 2026
#@# Sphere rh Mon Mar  9 09:07:29 CET 2026
#@# Surf Reg rh Mon Mar  9 09:09:59 CET 2026
#@# Jacobian white rh Mon Mar  9 09:12:30 CET 2026
#@# AvgCurv rh Mon Mar  9 09:12:31 CET 2026
#@# Cortical Parc rh Mon Mar  9 09:12:32 CET 2026
#@# white curv rh Mon Mar  9 09:17:43 CET 2026
#@# white area rh Mon Mar  9 09:17:45 CET 2026
#@# pial curv rh Mon Mar  9 09:17:45 CET 2026
#@# pial area rh Mon Mar  9 09:17:46 CET 2026
#@# thickness rh Mon Mar  9 09:17:47 CET 2026
#@# area and vertex vol rh Mon Mar  9 09:18:06 CET 2026
#@# Curvature Stats rh Mon Mar  9 09:18:07 CET 2026
#@# Cortical Parc 2 rh Mon Mar  9 09:18:08 CET 2026
#@# Cortical Parc 3 rh Mon Mar  9 09:18:18 CET 2026
#@# WM/GM Contrast rh Mon Mar  9 09:18:25 CET 2026
recon-all -s sub-v1s20x0050304_ses-1 finished without error at Mon Mar  9 09:18:27 CET 2026



#New# invocation of recon-all 



status file for recon-all
Mon Mar  9 09:23:54 CET 2026
#@# white curv rh Mon Mar  9 09:23:54 CET 2026
#@# white area rh Mon Mar  9 09:23:54 CET 2026
#@# pial curv rh Mon Mar  9 09:23:54 CET 2026
#@# pial area rh Mon Mar  9 09:23:54 CET 2026
#@# thickness rh Mon Mar  9 09:23:54 CET 2026
#@# area and vertex vol rh Mon Mar  9 09:23:54 CET 2026
#@# Parcellation Stats rh Mon Mar  9 09:23:54 CET 2026
#@# Parcellation Stats 2 rh Mon Mar  9 09:24:08 CET 2026
#@# Parcellation Stats 3 rh Mon Mar  9 09:24:15 CET 2026
#@# BA_exvivo Labels rh Mon Mar  9 09:24:22 CET 2026
recon-all -s sub-v1s20x0050304_ses-1 finished without error at Mon Mar  9 09:26:09 CET 2026
