status file for recon-all
Mon Mar  9 08:38:08 CET 2026
#@# Tessellate lh Mon Mar  9 08:38:08 CET 2026
#@# Smooth1 lh Mon Mar  9 08:38:11 CET 2026
#@# Inflation1 lh Mon Mar  9 08:38:13 CET 2026
#@# QSphere lh Mon Mar  9 08:38:20 CET 2026
#@# Fix Topology lh Mon Mar  9 08:38:59 CET 2026
#@# Smooth2 lh Mon Mar  9 08:45:12 CET 2026
#@# Inflation2 lh Mon Mar  9 08:45:14 CET 2026
#@# Curv .H and .K lh Mon Mar  9 08:45:21 CET 2026
#@# Sphere lh Mon Mar  9 08:45:57 CET 2026
#@# Surf Reg lh Mon Mar  9 08:48:48 CET 2026
#@# Jacobian white lh Mon Mar  9 08:51:21 CET 2026
#@# AvgCurv lh Mon Mar  9 08:51:22 CET 2026
#@# Cortical Parc lh Mon Mar  9 08:51:22 CET 2026
#@# white curv lh Mon Mar  9 08:57:01 CET 2026
#@# white area lh Mon Mar  9 08:57:02 CET 2026
#@# pial curv lh Mon Mar  9 08:57:02 CET 2026
#@# pial area lh Mon Mar  9 08:57:04 CET 2026
#@# thickness lh Mon Mar  9 08:57:04 CET 2026
#@# area and vertex vol lh Mon Mar  9 08:57:23 CET 2026
#@# Curvature Stats lh Mon Mar  9 08:57:24 CET 2026
#@# Cortical Parc 2 lh Mon Mar  9 08:57:26 CET 2026
#@# Cortical Parc 3 lh Mon Mar  9 08:57:35 CET 2026
#@# WM/GM Contrast lh Mon Mar  9 08:57:41 CET 2026
recon-all -s sub-v1s20x0050304_ses-1 finished without error at Mon Mar  9 08:57:43 CET 2026



#New# invocation of recon-all 



status file for recon-all
Mon Mar  9 09:21:38 CET 2026
#@# white curv lh Mon Mar  9 09:21:38 CET 2026
#@# white area lh Mon Mar  9 09:21:38 CET 2026
#@# pial curv lh Mon Mar  9 09:21:38 CET 2026
#@# pial area lh Mon Mar  9 09:21:38 CET 2026
#@# thickness lh Mon Mar  9 09:21:38 CET 2026
#@# area and vertex vol lh Mon Mar  9 09:21:38 CET 2026
#@# Parcellation Stats lh Mon Mar  9 09:21:38 CET 2026
#@# Parcellation Stats 2 lh Mon Mar  9 09:21:52 CET 2026
#@# Parcellation Stats 3 lh Mon Mar  9 09:21:59 CET 2026
#@# BA_exvivo Labels lh Mon Mar  9 09:22:06 CET 2026
recon-all -s sub-v1s20x0050304_ses-1 finished without error at Mon Mar  9 09:23:52 CET 2026
