/out/sourcedata/freesurfer/sub-v1s20x0050345_ses-1/mri
/opt/freesurfer/bin/talairach_avi
--i orig_nu.mgz --xfm transforms/talairach.auto.xfm
talairach_avi 7.3.2
Linux dna020 5.14.0-427.37.1.el9_4.x86_64 #1 SMP PREEMPT_DYNAMIC Fri Sep 13 12:41:50 EDT 2024 x86_64 x86_64 x86_64 GNU/Linux
Mon Mar  9 08:55:57 CET 2026
mri_convert orig_nu.mgz talsrcimg.img 
reading from orig_nu.mgz...
TR=0.00, TE=0.00, TI=0.00, flip angle=0.00
i_ras = (-1, 0, 0)
j_ras = (0, 0, -1)
k_ras = (0, 1, 0)
writing to talsrcimg.img...
Analyze Output Matrix
-1.00000   0.00000   0.00000   129.50778;
 0.00000   0.00000   1.00000  -128.49219;
 0.00000  -1.00000   0.00000   129.70001;
 0.00000   0.00000   0.00000   1.00000;
--------------------
INFO: set hdr.hist.orient to -1
mpr2mni305 talsrcimg
Mon Mar  9 08:55:58 CET 2026
/opt/freesurfer/bin/mpr2mni305 talsrcimg
mpr2mni305 7.3.2
target=711-2C_as_mni_average_305

---------------------------------------------------------------------
analyzeto4dfp talsrcimg -O0 -y
---------------------------------------------------------------------

freesurfer ifh2hdr.c
Mon Mar  9 08:55:58 2026
Writing: talsrcimg.4dfp.hdr
freesurfer analyzeto4dfp.c
Reading: talsrcimg.hdr
header size 348 bytes
hdr.dime.datatype	offset=70	value=2
hdr.dime.bitpix		offset=72	value=8
hdr.hist.orient		offset=252	value=-1
dimensionality     4
dimensions       256       256       256         1
Reading: talsrcimg.img
Writing: talsrcimg.4dfp.img
Writing: talsrcimg.4dfp.ifh
ifh2hdr talsrcimg -r0to242
ori=2

---------------------------------------------------------------------
gauss_4dfp talsrcimg 1.1
---------------------------------------------------------------------

freesurfer gauss_4dfp.c
Reading: talsrcimg.4dfp.img
Writing: talsrcimg_g11.4dfp.img
image dimensions 256 256 256 padded to 288 288 288
processing volume 1freesurfer ifh2hdr.c
Mon Mar  9 08:55:59 2026
Writing: talsrcimg_g11.4dfp.hdr

Writing: talsrcimg_g11.4dfp.ifh
including: talsrcimg.4dfp.img.rec in talsrcimg_g11.4dfp.img.rec

---------------------------------------------------------------------
imgreg_4dfp /opt/freesurfer/average/711-2C_as_mni_average_305 none talsrcimg_g11 none talsrcimg_to_711-2C_as_mni_average_305_t4 4355
---------------------------------------------------------------------

freesurfer imgreg_4dfp.c
/opt/freesurfer/average/711-2C_as_mni_average_305.4dfp.img
       256       256       256         1
  1.000000  1.000000  1.000000
orientation T byte_order littleendian
Reading image: /opt/freesurfer/average/711-2C_as_mni_average_305.4dfp.img
dimensions:      256       256       256
mmppix:       1.0000   -1.0000   -1.0000
center:     128.0000 -129.0000 -129.0000
talsrcimg_g11.4dfp.img
       256       256       256         1
  1.000000  1.000000  1.000000
orientation T byte_order littleendian
Reading image: talsrcimg_g11.4dfp.img
dimensions:      256       256       256
mmppix:       1.0000   -1.0000   -1.0000
center:     128.0000 -129.0000 -129.0000
t4_read: open error in t4_sub.f l:  41 t4_file(1:l)talsrcimg_to_711-2C_as_mni_average_305_t4 
t4_read: transform initialized to I4
rotation matrix determinant  1.000000
image alignment mode   4355 decimal     1103 hex
   -7.5000  -45.0000  -45.0000 6002.0054   24.1379
    0.0000  -45.0000  -45.0000 6285.0542   24.0636
    7.5000  -45.0000  -45.0000 6048.8149   24.0353
   -7.5000  -37.5000  -45.0000 6636.3687   24.0286
    0.0000  -37.5000  -45.0000 6945.7812   23.9615
    7.5000  -37.5000  -45.0000 6681.8135   23.9357
   -7.5000  -30.0000  -45.0000 7478.5439   23.8783
    0.0000  -30.0000  -45.0000 7831.4629   23.8005
    7.5000  -30.0000  -45.0000 7554.2812   23.7748
   -7.5000  -22.5000  -45.0000 8267.1436   23.8417
    0.0000  -22.5000  -45.0000 8667.7871   23.7437
    7.5000  -22.5000  -45.0000 8356.8438   23.7149
   -7.5000  -15.0000  -45.0000 8980.1523   23.9298
    0.0000  -15.0000  -45.0000 9431.1328   23.8226
    7.5000  -15.0000  -45.0000 9081.0332   23.7909
   -7.5000   -7.5000  -45.0000 9629.9863   24.0753
    0.0000   -7.5000  -45.000010150.8164   23.9809
    7.5000   -7.5000  -45.0000 9757.7471   23.9500
   -7.5000    0.0000  -45.000010239.8008   24.1379
    0.0000    0.0000  -45.000010788.8994   24.0636
    7.5000    0.0000  -45.000010352.9023   24.0353
   -7.5000    7.5000  -45.000010066.1230   24.0286
    0.0000    7.5000  -45.000010598.8545   23.9615
    7.5000    7.5000  -45.000010166.3008   23.9357
   -7.5000   15.0000  -45.0000 9795.1836   23.8783
    0.0000   15.0000  -45.000010333.2764   23.8005
    7.5000   15.0000  -45.0000 9905.0186   23.7748
   -7.5000   22.5000  -45.0000 9487.9102   23.8384
    0.0000   22.5000  -45.000010003.0898   23.7405
    7.5000   22.5000  -45.0000 9606.2656   23.7117
   -7.5000   30.0000  -45.0000 9119.0264   23.6109
    0.0000   30.0000  -45.0000 9636.8047   23.5051
    7.5000   30.0000  -45.0000 9249.3262   23.4739
   -7.5000   37.5000  -45.0000 9072.5938   23.7544
    0.0000   37.5000  -45.0000 9582.4883   23.6613
    7.5000   37.5000  -45.0000 9195.6182   23.6309
   -7.5000   45.0000  -45.0000 8569.0186   23.2115
    0.0000   45.0000  -45.0000 9068.0234   23.1400
    7.5000   45.0000  -45.0000 8695.9492   23.1128
   -7.5000  -45.0000  -37.5000 6422.4189   23.7661
    0.0000  -45.0000  -37.5000 6721.6689   23.6820
    7.5000  -45.0000  -37.5000 6473.8823   23.6553
   -7.5000  -37.5000  -37.5000 7094.1030   23.6361
    0.0000  -37.5000  -37.5000 7426.2407   23.5682
    7.5000  -37.5000  -37.5000 7144.7349   23.5493
   -7.5000  -30.0000  -37.5000 7988.6685   23.4983
    0.0000  -30.0000  -37.5000 8370.1494   23.4301
    7.5000  -30.0000  -37.5000 8072.8428   23.4152
   -7.5000  -22.5000  -37.5000 8808.8770   23.4959
    0.0000  -22.5000  -37.5000 9239.5869   23.4087
    7.5000  -22.5000  -37.5000 8901.8633   23.3887
   -7.5000  -15.0000  -37.5000 9542.7969   23.6066
    0.0000  -15.0000  -37.500010020.1240   23.5023
    7.5000  -15.0000  -37.5000 9643.3213   23.4747
   -7.5000   -7.5000  -37.500010230.4141   23.7386
    0.0000   -7.5000  -37.500010752.8340   23.6372
    7.5000   -7.5000  -37.500010346.9170   23.6069
   -7.5000    0.0000  -37.500010863.0566   23.7661
    0.0000    0.0000  -37.500011418.6699   23.6820
    7.5000    0.0000  -37.500010945.3281   23.6553
   -7.5000    7.5000  -37.500010668.0088   23.6361
    0.0000    7.5000  -37.500011224.9043   23.5682
    7.5000    7.5000  -37.500010753.1709   23.5493
   -7.5000   15.0000  -37.500010390.9150   23.4983
    0.0000   15.0000  -37.500010946.9883   23.4301
    7.5000   15.0000  -37.500010493.0176   23.4152
   -7.5000   22.5000  -37.500010046.8682   23.4927
    0.0000   22.5000  -37.500010596.0830   23.4055
    7.5000   22.5000  -37.500010174.2129   23.3855
   -7.5000   30.0000  -37.5000 9666.0908   23.2920
    0.0000   30.0000  -37.500010171.2100   23.1891
    7.5000   30.0000  -37.5000 9769.5547   23.1619
   -7.5000   37.5000  -37.5000 9563.4346   23.4223
    0.0000   37.5000  -37.500010073.3906   23.3222
    7.5000   37.5000  -37.5000 9691.6328   23.2923
   -7.5000   45.0000  -37.5000 8991.9160   22.8540
    0.0000   45.0000  -37.5000 9491.6680   22.7731
    7.5000   45.0000  -37.5000 9133.9307   22.7474
   -7.5000  -45.0000  -30.0000 7008.7988   24.6068
    0.0000  -45.0000  -30.0000 7327.6904   24.5053
    7.5000  -45.0000  -30.0000 7048.5542   24.4776
   -7.5000  -37.5000  -30.0000 7742.5659   24.4463
    0.0000  -37.5000  -30.0000 8108.6265   24.3682
    7.5000  -37.5000  -30.0000 7798.2842   24.3519
   -7.5000  -30.0000  -30.0000 8704.7510   24.3079
    0.0000  -30.0000  -30.0000 9132.0186   24.2335
    7.5000  -30.0000  -30.0000 8794.5605   24.2199
   -7.5000  -22.5000  -30.0000 9578.4990   24.3377
    0.0000  -22.5000  -30.000010040.2852   24.2403
    7.5000  -22.5000  -30.0000 9680.8457   24.2167
   -7.5000  -15.0000  -30.000010356.4385   24.4801
    0.0000  -15.0000  -30.000010850.7666   24.3584
    7.5000  -15.0000  -30.000010452.9463   24.3230
   -7.5000   -7.5000  -30.000011080.1221   24.6104
    0.0000   -7.5000  -30.000011629.5078   24.4884
    7.5000   -7.5000  -30.000011177.3350   24.4517
   -7.5000    0.0000  -30.000011740.2812   24.6068
    0.0000    0.0000  -30.000012327.9482   24.5053
    7.5000    0.0000  -30.000011829.1162   24.4776
   -7.5000    7.5000  -30.000011526.2373   24.4463
    0.0000    7.5000  -30.000012124.6699   24.3682
    7.5000    7.5000  -30.000011614.5449   24.3519
   -7.5000   15.0000  -30.000011229.1895   24.3079
    0.0000   15.0000  -30.000011818.8662   24.2335
    7.5000   15.0000  -30.000011337.0654   24.2199
   -7.5000   22.5000  -30.000010833.3047   24.3318
    0.0000   22.5000  -30.000011412.5762   24.2345
    7.5000   22.5000  -30.000010963.4570   24.2109
   -7.5000   30.0000  -30.000010370.4600   24.1562
    0.0000   30.0000  -30.000010899.3066   24.0361
    7.5000   30.0000  -30.000010499.7666   24.0011
   -7.5000   37.5000  -30.000010227.4307   24.2847
    0.0000   37.5000  -30.000010760.6396   24.1643
    7.5000   37.5000  -30.000010362.0615   24.1281
   -7.5000   45.0000  -30.0000 9593.1895   23.6798
    0.0000   45.0000  -30.000010112.6240   23.5821
    7.5000   45.0000  -30.0000 9739.8027   23.5555
   -7.5000  -45.0000  -22.5000 7625.8901   25.5078
    0.0000  -45.0000  -22.5000 7970.6030   25.4034
    7.5000  -45.0000  -22.5000 7675.6226   25.3752
   -7.5000  -37.5000  -22.5000 8439.8896   25.3417
    0.0000  -37.5000  -22.5000 8846.4434   25.2582
    7.5000  -37.5000  -22.5000 8529.8525   25.2395
   -7.5000  -30.0000  -22.5000 9481.7314   25.1843
    0.0000  -30.0000  -22.5000 9957.8252   25.0978
    7.5000  -30.0000  -22.5000 9592.0977   25.0781
   -7.5000  -22.5000  -22.500010404.5020   25.2020
    0.0000  -22.5000  -22.500010916.2246   25.0876
    7.5000  -22.5000  -22.500010522.8770   25.0559
   -7.5000  -15.0000  -22.500011199.5625   25.3485
    0.0000  -15.0000  -22.500011759.3135   25.2109
    7.5000  -15.0000  -22.500011340.5088   25.1679
   -7.5000   -7.5000  -22.500011961.6572   25.4964
    0.0000   -7.5000  -22.500012571.4580   25.3658
    7.5000   -7.5000  -22.500012077.9814   25.3254
   -7.5000    0.0000  -22.500012695.4375   25.5078
    0.0000    0.0000  -22.500013346.5781   25.4034
    7.5000    0.0000  -22.500012790.9893   25.3752
   -7.5000    7.5000  -22.500012457.3730   25.3417
    0.0000    7.5000  -22.500013096.7803   25.2582
    7.5000    7.5000  -22.500012551.1533   25.2395
   -7.5000   15.0000  -22.500012085.6592   25.1843
    0.0000   15.0000  -22.500012715.6172   25.0978
    7.5000   15.0000  -22.500012192.7480   25.0781
   -7.5000   22.5000  -22.500011635.6738   25.1943
    0.0000   22.5000  -22.500012243.4395   25.0799
    7.5000   22.5000  -22.500011754.9492   25.0482
   -7.5000   30.0000  -22.500011100.9678   25.0169
    0.0000   30.0000  -22.500011667.8750   24.8811
    7.5000   30.0000  -22.500011223.6611   24.8387
   -7.5000   37.5000  -22.500010911.1738   25.1629
    0.0000   37.5000  -22.500011478.8711   25.0340
    7.5000   37.5000  -22.500011059.5625   24.9941
   -7.5000   45.0000  -22.500010222.9277   24.5652
    0.0000   45.0000  -22.500010760.9453   24.4647
    7.5000   45.0000  -22.500010350.5840   24.4376
   -7.5000  -45.0000  -15.0000 8248.8887   26.2039
    0.0000  -45.0000  -15.0000 8616.4873   26.1058
    7.5000  -45.0000  -15.0000 8307.9912   26.0759
   -7.5000  -37.5000  -15.0000 9137.7588   26.0582
    0.0000  -37.5000  -15.0000 9578.9805   25.9718
    7.5000  -37.5000  -15.0000 9240.5283   25.9454
   -7.5000  -30.0000  -15.000010293.1904   25.8801
    0.0000  -30.0000  -15.000010817.9199   25.7803
    7.5000  -30.0000  -15.000010422.2891   25.7497
   -7.5000  -22.5000  -15.000011246.3047   25.8556
    0.0000  -22.5000  -15.000011837.6816   25.7274
    7.5000  -22.5000  -15.000011403.2900   25.6881
   -7.5000  -15.0000  -15.000012045.1035   25.9785
    0.0000  -15.0000  -15.000012717.4492   25.8356
    7.5000  -15.0000  -15.000012242.4287   25.7906
   -7.5000   -7.5000  -15.000012899.4092   26.1482
    0.0000   -7.5000  -15.000013600.8086   26.0219
    7.5000   -7.5000  -15.000013026.7959   25.9821
   -7.5000    0.0000  -15.000013700.5918   26.2039
    0.0000    0.0000  -15.000014435.2393   26.1058
    7.5000    0.0000  -15.000013786.9072   26.0759
   -7.5000    7.5000  -15.000013410.1826   26.0582
    0.0000    7.5000  -15.000014111.2070   25.9718
    7.5000    7.5000  -15.000013487.9678   25.9454
   -7.5000   15.0000  -15.000012971.3203   25.8801
    0.0000   15.0000  -15.000013643.4336   25.7803
    7.5000   15.0000  -15.000013051.9199   25.7497
   -7.5000   22.5000  -15.000012466.1211   25.8464
    0.0000   22.5000  -15.000013072.8447   25.7183
    7.5000   22.5000  -15.000012553.1006   25.6791
   -7.5000   30.0000  -15.000011877.3291   25.6423
    0.0000   30.0000  -15.000012491.4346   25.5013
    7.5000   30.0000  -15.000011998.7695   25.4569
   -7.5000   37.5000  -15.000011672.6885   25.8098
    0.0000   37.5000  -15.000012285.6084   25.6851
    7.5000   37.5000  -15.000011813.1172   25.6458
   -7.5000   45.0000  -15.000010895.4775   25.2508
    0.0000   45.0000  -15.000011483.0654   25.1563
    7.5000   45.0000  -15.000011003.3076   25.1275
   -7.5000  -45.0000   -7.5000 8906.0752   26.5347
    0.0000  -45.0000   -7.5000 9299.9697   26.4471
    7.5000  -45.0000   -7.5000 8949.0273   26.4160
   -7.5000  -37.5000   -7.5000 9873.7061   26.4171
    0.0000  -37.5000   -7.500010355.6260   26.3342
    7.5000  -37.5000   -7.5000 9954.3018   26.3022
   -7.5000  -30.0000   -7.500011158.8037   26.2372
    0.0000  -30.0000   -7.500011749.4600   26.1369
    7.5000  -30.0000   -7.500011275.4707   26.1013
   -7.5000  -22.5000   -7.500012180.8643   26.1806
    0.0000  -22.5000   -7.500012896.8232   26.0557
    7.5000  -22.5000   -7.500012388.1006   26.0163
   -7.5000  -15.0000   -7.500012982.7764   26.2737
    0.0000  -15.0000   -7.500013813.4219   26.1412
    7.5000  -15.0000   -7.500013232.2949   26.1011
   -7.5000   -7.5000   -7.500013880.9697   26.4476
    0.0000   -7.5000   -7.500014730.9033   26.3348
    7.5000   -7.5000   -7.500014026.3545   26.2992
   -7.5000    0.0000   -7.500014746.8994   26.5347
    0.0000    0.0000   -7.500015586.1377   26.4471
    7.5000    0.0000   -7.500014793.1572   26.4160
   -7.5000    7.5000   -7.500014427.2686   26.4171
    0.0000    7.5000   -7.500015193.1162   26.3342
    7.5000    7.5000   -7.500014437.7256   26.3022
   -7.5000   15.0000   -7.500013912.5205   26.2372
    0.0000   15.0000   -7.500014604.5947   26.1369
    7.5000   15.0000   -7.500013928.0693   26.1013
   -7.5000   22.5000   -7.500013348.1445   26.1685
    0.0000   22.5000   -7.500014020.8066   26.0436
    7.5000   22.5000   -7.500013400.4941   26.0043
   -7.5000   30.0000   -7.500012731.6348   25.9330
    0.0000   30.0000   -7.500013410.9629   25.8022
    7.5000   30.0000   -7.500012830.7900   25.7626
   -7.5000   37.5000   -7.500012505.8848   26.1047
    0.0000   37.5000   -7.500013189.5283   25.9933
    7.5000   37.5000   -7.500012625.9580   25.9581
   -7.5000   45.0000   -7.500011632.6035   25.5745
    0.0000   45.0000   -7.500012282.2383   25.4900
    7.5000   45.0000   -7.500011735.6416   25.4600
   -7.5000  -45.0000    0.0000 9483.9990   26.5380
    0.0000  -45.0000    0.0000 9931.0107   26.4544
    7.5000  -45.0000    0.0000 9534.2188   26.4250
   -7.5000  -37.5000    0.000010534.0889   26.4230
    0.0000  -37.5000    0.000011068.8857   26.3470
    7.5000  -37.5000    0.000010610.8730   26.3194
   -7.5000  -30.0000    0.000011901.7754   26.2565
    0.0000  -30.0000    0.000012561.9795   26.1696
    7.5000  -30.0000    0.000012019.3896   26.1424
   -7.5000  -22.5000    0.000013050.8379   26.2092
    0.0000  -22.5000    0.000013942.6279   26.1014
    7.5000  -22.5000    0.000013350.7637   26.0722
   -7.5000  -15.0000    0.000013890.2686   26.3003
    0.0000  -15.0000    0.000015020.8145   26.1829
    7.5000  -15.0000    0.000014269.4824   26.1516
   -7.5000   -7.5000    0.000014812.0020   26.4621
    0.0000   -7.5000    0.000015852.3174   26.3579
    7.5000   -7.5000    0.000014954.1084   26.3269
   -7.5000    0.0000    0.000015700.8740   26.5380
    0.0000    0.0000    0.000016615.9707   26.4544
    7.5000    0.0000    0.000015687.4346   26.4250
   -7.5000    7.5000    0.000015323.9443   26.4230
    0.0000    7.5000    0.000016178.7061   26.3470
    7.5000    7.5000    0.000015277.4092   26.3194
   -7.5000   15.0000    0.000014789.3291   26.2565
    0.0000   15.0000    0.000015565.4043   26.1696
    7.5000   15.0000    0.000014759.0898   26.1424
   -7.5000   22.5000    0.000014182.3438   26.1972
    0.0000   22.5000    0.000014933.0127   26.0894
    7.5000   22.5000    0.000014198.3398   26.0602
   -7.5000   30.0000    0.000013532.3223   25.9599
    0.0000   30.0000    0.000014299.2920   25.8441
    7.5000   30.0000    0.000013593.9873   25.8132
   -7.5000   37.5000    0.000013277.4375   26.1196
    0.0000   37.5000    0.000014090.4727   26.0168
    7.5000   37.5000    0.000013389.5752   25.9862
   -7.5000   45.0000    0.000012358.7246   25.5795
    0.0000   45.0000    0.000013104.3428   25.4990
    7.5000   45.0000    0.000012461.7051   25.4706
   -7.5000  -45.0000    7.5000 9299.7080   26.4577
    0.0000  -45.0000    7.5000 9767.7109   26.3619
    7.5000  -45.0000    7.5000 9330.8398   26.3328
   -7.5000  -37.5000    7.500010311.3652   26.3131
    0.0000  -37.5000    7.500010860.7490   26.2354
    7.5000  -37.5000    7.500010371.1602   26.2147
   -7.5000  -30.0000    7.500011663.2236   26.1609
    0.0000  -30.0000    7.500012335.6406   26.0833
    7.5000  -30.0000    7.500011791.7217   26.0668
   -7.5000  -22.5000    7.500012863.0352   26.1593
    0.0000  -22.5000    7.500013871.0547   26.0609
    7.5000  -22.5000    7.500013192.4033   26.0387
   -7.5000  -15.0000    7.500013864.7959   26.2824
    0.0000  -15.0000    7.500015242.2490   26.1652
    7.5000  -15.0000    7.500014258.3018   26.1348
   -7.5000   -7.5000    7.500014788.8291   26.4283
    0.0000   -7.5000    7.500015968.8643   26.3137
    7.5000   -7.5000    7.500014907.5596   26.2805
   -7.5000    0.0000    7.500015542.2119   26.4577
    0.0000    0.0000    7.500016499.5840   26.3619
    7.5000    0.0000    7.500015472.1934   26.3328
   -7.5000    7.5000    7.500015134.2080   26.3131
    0.0000    7.5000    7.500015977.2764   26.2354
    7.5000    7.5000    7.500015026.3359   26.2147
   -7.5000   15.0000    7.500014592.0029   26.1609
    0.0000   15.0000    7.500015439.1455   26.0833
    7.5000   15.0000    7.500014536.4062   26.0668
   -7.5000   22.5000    7.500014014.0566   26.1472
    0.0000   22.5000    7.500014842.7305   26.0489
    7.5000   22.5000    7.500014000.7393   26.0267
   -7.5000   30.0000    7.500013402.1885   25.9423
    0.0000   30.0000    7.500014197.9111   25.8265
    7.5000   30.0000    7.500013420.3857   25.7965
   -7.5000   37.5000    7.500013121.2383   26.0862
    0.0000   37.5000    7.500013925.0820   25.9732
    7.5000   37.5000    7.500013194.2705   25.9404
   -7.5000   45.0000    7.500012167.4902   25.5022
    0.0000   45.0000    7.500012911.5273   25.4099
    7.5000   45.0000    7.500012258.8545   25.3818
   -7.5000  -45.0000   15.0000 9009.1797   26.4237
    0.0000  -45.0000   15.0000 9485.7939   26.3147
    7.5000  -45.0000   15.0000 9032.6113   26.2849
   -7.5000  -37.5000   15.000010001.6738   26.2514
    0.0000  -37.5000   15.000010504.6631   26.1674
    7.5000  -37.5000   15.000010016.1699   26.1499
   -7.5000  -30.0000   15.000011297.7959   26.1027
    0.0000  -30.0000   15.000011938.8799   26.0228
    7.5000  -30.0000   15.000011403.8994   26.0082
   -7.5000  -22.5000   15.000012539.9756   26.1346
    0.0000  -22.5000   15.000013598.9785   26.0301
    7.5000  -22.5000   15.000012807.0508   26.0048
   -7.5000  -15.0000   15.000013611.8789   26.2876
    0.0000  -15.0000   15.000014989.5801   26.1569
    7.5000  -15.0000   15.000013912.2148   26.1189
   -7.5000   -7.5000   15.000014450.3154   26.4275
    0.0000   -7.5000   15.000015640.7002   26.2965
    7.5000   -7.5000   15.000014650.6504   26.2570
   -7.5000    0.0000   15.000015104.5166   26.4237
    0.0000    0.0000   15.000016121.4238   26.3147
    7.5000    0.0000   15.000015217.5654   26.2849
   -7.5000    7.5000   15.000014682.3945   26.2514
    0.0000    7.5000   15.000015619.4004   26.1674
    7.5000    7.5000   15.000014717.2549   26.1499
   -7.5000   15.0000   15.000014196.8594   26.1027
    0.0000   15.0000   15.000015061.6279   26.0228
    7.5000   15.0000   15.000014194.2002   26.0082
   -7.5000   22.5000   15.000013653.6406   26.1226
    0.0000   22.5000   15.000014423.0439   26.0181
    7.5000   22.5000   15.000013652.6006   25.9928
   -7.5000   30.0000   15.000013057.8359   25.9474
    0.0000   30.0000   15.000013769.1748   25.8184
    7.5000   30.0000   15.000013067.6221   25.7809
   -7.5000   37.5000   15.000012753.2822   26.0855
    0.0000   37.5000   15.000013486.9521   25.9562
    7.5000   37.5000   15.000012812.4287   25.9172
   -7.5000   45.0000   15.000011794.5830   25.4694
    0.0000   45.0000   15.000012487.6025   25.3643
    7.5000   45.0000   15.000011854.0957   25.3357
   -7.5000  -45.0000   22.5000 8613.5225   26.4791
    0.0000  -45.0000   22.5000 9055.4414   26.3707
    7.5000  -45.0000   22.5000 8613.3125   26.3415
   -7.5000  -37.5000   22.5000 9535.9072   26.3067
    0.0000  -37.5000   22.500010018.0664   26.2200
    7.5000  -37.5000   22.5000 9551.1426   26.2006
   -7.5000  -30.0000   22.500010790.6797   26.1434
    0.0000  -30.0000   22.500011402.7402   26.0535
    7.5000  -30.0000   22.500010839.6104   26.0331
   -7.5000  -22.5000   22.500011955.0908   26.1617
    0.0000  -22.5000   22.500012941.9102   26.0429
    7.5000  -22.5000   22.500012147.6279   26.0100
   -7.5000  -15.0000   22.500012851.0176   26.3137
    0.0000  -15.0000   22.500013844.3213   26.1709
    7.5000  -15.0000   22.500013107.6465   26.1263
   -7.5000   -7.5000   22.500013581.1387   26.4673
    0.0000   -7.5000   22.500014353.9180   26.3317
    7.5000   -7.5000   22.500013763.7148   26.2898
   -7.5000    0.0000   22.500014339.9053   26.4791
    0.0000    0.0000   22.500015072.1230   26.3707
    7.5000    0.0000   22.500014473.6846   26.3415
   -7.5000    7.5000   22.500014074.4697   26.3067
    0.0000    7.5000   22.500014814.7891   26.2200
    7.5000    7.5000   22.500014123.9922   26.2006
   -7.5000   15.0000   22.500013631.6104   26.1434
    0.0000   15.0000   22.500014306.4902   26.0535
    7.5000   15.0000   22.500013626.9531   26.0331
   -7.5000   22.5000   22.500013096.3418   26.1497
    0.0000   22.5000   22.500013725.5986   26.0309
    7.5000   22.5000   22.500013082.6699   25.9981
   -7.5000   30.0000   22.500012520.7334   25.9732
    0.0000   30.0000   22.500013131.2539   25.8322
    7.5000   30.0000   22.500012533.1436   25.7882
   -7.5000   37.5000   22.500012219.4551   26.1248
    0.0000   37.5000   22.500012871.0166   25.9909
    7.5000   37.5000   22.500012250.7812   25.9495
   -7.5000   45.0000   22.500011297.5527   25.5228
    0.0000   45.0000   22.500011911.7520   25.4184
    7.5000   45.0000   22.500011333.2578   25.3902
   -7.5000  -45.0000   30.0000 8065.4536   26.5635
    0.0000  -45.0000   30.0000 8462.9688   26.4641
    7.5000  -45.0000   30.0000 8085.5952   26.4338
   -7.5000  -37.5000   30.0000 8955.0674   26.4159
    0.0000  -37.5000   30.0000 9358.7930   26.3283
    7.5000  -37.5000   30.0000 8970.3389   26.3016
   -7.5000  -30.0000   30.000010133.1074   26.2354
    0.0000  -30.0000   30.000010659.4316   26.1342
    7.5000  -30.0000   30.000010162.5811   26.1032
   -7.5000  -22.5000   30.000011151.9883   26.2105
    0.0000  -22.5000   30.000011906.7607   26.0806
    7.5000  -22.5000   30.000011340.2207   26.0408
   -7.5000  -15.0000   30.000011907.1602   26.3351
    0.0000  -15.0000   30.000012580.1084   26.1903
    7.5000  -15.0000   30.000012128.0566   26.1447
   -7.5000   -7.5000   30.000012663.7080   26.5071
    0.0000   -7.5000   30.000013242.5439   26.3791
    7.5000   -7.5000   30.000012808.3145   26.3387
   -7.5000    0.0000   30.000013439.8877   26.5635
    0.0000    0.0000   30.000014067.7812   26.4641
    7.5000    0.0000   30.000013535.4463   26.4338
   -7.5000    7.5000   30.000013264.0654   26.4159
    0.0000    7.5000   30.000013856.1123   26.3283
    7.5000    7.5000   30.000013251.8750   26.3016
   -7.5000   15.0000   30.000012864.9551   26.2354
    0.0000   15.0000   30.000013406.8809   26.1342
    7.5000   15.0000   30.000012818.3779   26.1032
   -7.5000   22.5000   30.000012365.4834   26.1984
    0.0000   22.5000   30.000012863.4434   26.0686
    7.5000   22.5000   30.000012312.5547   26.0288
   -7.5000   30.0000   30.000011807.7002   25.9943
    0.0000   30.0000   30.000012330.2451   25.8513
    7.5000   30.0000   30.000011788.9336   25.8063
   -7.5000   37.5000   30.000011514.0771   26.1641
    0.0000   37.5000   30.000012078.3916   26.0377
    7.5000   37.5000   30.000011537.3838   25.9978
   -7.5000   45.0000   30.000010595.7900   25.6042
    0.0000   45.0000   30.000011166.6475   25.5083
    7.5000   45.0000   30.000010658.2695   25.4791
   -7.5000  -45.0000   37.5000 7776.6895   26.6831
    0.0000  -45.0000   37.5000 8141.3237   26.5947
    7.5000  -45.0000   37.5000 7839.5288   26.5628
   -7.5000  -37.5000   37.5000 8640.6670   26.5644
    0.0000  -37.5000   37.5000 9025.0332   26.4809
    7.5000  -37.5000   37.5000 8691.2764   26.4483
   -7.5000  -30.0000   37.5000 9757.9277   26.3824
    0.0000  -30.0000   37.500010275.0293   26.2814
    7.5000  -30.0000   37.5000 9825.0156   26.2453
   -7.5000  -22.5000   37.500010707.9697   26.3248
    0.0000  -22.5000   37.500011291.9590   26.1991
    7.5000  -22.5000   37.500010870.0234   26.1592
   -7.5000  -15.0000   37.500011437.0820   26.4187
    0.0000  -15.0000   37.500011938.3701   26.2853
    7.5000  -15.0000   37.500011590.1230   26.2446
   -7.5000   -7.5000   37.500012226.5957   26.5947
    0.0000   -7.5000   37.500012721.5664   26.4810
    7.5000   -7.5000   37.500012302.9102   26.4446
   -7.5000    0.0000   37.500012970.0664   26.6831
    0.0000    0.0000   37.500013541.8711   26.5947
    7.5000    0.0000   37.500013052.1963   26.5628
   -7.5000    7.5000   37.500012770.3311   26.5644
    0.0000    7.5000   37.500013322.6348   26.4809
    7.5000    7.5000   37.500012787.1182   26.4483
   -7.5000   15.0000   37.500012422.4756   26.3824
    0.0000   15.0000   37.500012925.8164   26.2814
    7.5000   15.0000   37.500012376.8564   26.2453
   -7.5000   22.5000   37.500011956.0928   26.3127
    0.0000   22.5000   37.500012434.7783   26.1870
    7.5000   22.5000   37.500011917.8379   26.1471
   -7.5000   30.0000   37.500011406.0967   26.0768
    0.0000   30.0000   37.500011915.8691   25.9451
    7.5000   30.0000   37.500011433.6631   25.9049
   -7.5000   37.5000   37.500011096.5146   26.2505
    0.0000   37.5000   37.500011621.0361   26.1383
    7.5000   37.5000   37.500011152.6494   26.1024
   -7.5000   45.0000   37.500010212.6670   25.7194
    0.0000   45.0000   37.500010710.9473   25.6343
    7.5000   45.0000   37.500010289.0605   25.6035
   -7.5000  -45.0000   45.0000 7178.4819   26.8481
    0.0000  -45.0000   45.0000 7520.2573   26.7645
    7.5000  -45.0000   45.0000 7247.5459   26.7344
   -7.5000  -37.5000   45.0000 7966.3779   26.7306
    0.0000  -37.5000   45.0000 8355.0371   26.6544
    7.5000  -37.5000   45.0000 8026.7568   26.6266
   -7.5000  -30.0000   45.0000 8973.6973   26.5577
    0.0000  -30.0000   45.0000 9440.8701   26.4700
    7.5000  -30.0000   45.0000 9060.8662   26.4429
   -7.5000  -22.5000   45.0000 9825.4463   26.5064
    0.0000  -22.5000   45.000010297.9863   26.3971
    7.5000  -22.5000   45.0000 9930.8086   26.3677
   -7.5000  -15.0000   45.000010545.0381   26.5986
    0.0000  -15.0000   45.000010969.3320   26.4797
    7.5000  -15.0000   45.000010610.6738   26.4478
   -7.5000   -7.5000   45.000011243.5703   26.7670
    0.0000   -7.5000   45.000011712.4902   26.6620
    7.5000   -7.5000   45.000011299.6191   26.6303
   -7.5000    0.0000   45.000011868.5781   26.8481
    0.0000    0.0000   45.000012380.4199   26.7645
    7.5000    0.0000   45.000011947.2891   26.7344
   -7.5000    7.5000   45.000011679.1318   26.7306
    0.0000    7.5000   45.000012189.0195   26.6544
    7.5000    7.5000   45.000011738.7715   26.6266
   -7.5000   15.0000   45.000011385.7080   26.5577
    0.0000   15.0000   45.000011857.2598   26.4700
    7.5000   15.0000   45.000011390.4521   26.4429
   -7.5000   22.5000   45.000010967.1387   26.4941
    0.0000   22.5000   45.000011436.2705   26.3849
    7.5000   22.5000   45.000010971.1289   26.3555
   -7.5000   30.0000   45.000010493.1260   26.2520
    0.0000   30.0000   45.000010977.8789   26.1348
    7.5000   30.0000   45.000010539.8770   26.1032
   -7.5000   37.5000   45.000010172.7812   26.4182
    0.0000   37.5000   45.000010667.3271   26.3146
    7.5000   37.5000   45.000010251.3867   26.2834
   -7.5000   45.0000   45.0000 9347.1309   25.8902
    0.0000   45.0000   45.0000 9832.3477   25.8096
    7.5000   45.0000   45.0000 9412.8945   25.7806

---------------------------------------------------------------------
imgreg_4dfp /opt/freesurfer/average/711-2C_as_mni_average_305 /opt/freesurfer/average/711-2B_as_mni_average_305_mask talsrcimg_g11 none talsrcimg_to_711-2C_as_mni_average_305_t4 4355
---------------------------------------------------------------------

freesurfer imgreg_4dfp.c
/opt/freesurfer/average/711-2C_as_mni_average_305.4dfp.img
       256       256       256         1
  1.000000  1.000000  1.000000
orientation T byte_order littleendian
Reading image: /opt/freesurfer/average/711-2C_as_mni_average_305.4dfp.img
dimensions:      256       256       256
mmppix:       1.0000   -1.0000   -1.0000
center:     128.0000 -129.0000 -129.0000
/opt/freesurfer/average/711-2B_as_mni_average_305_mask.4dfp.img
       256       256       256         1
  1.000000  1.000000  1.000000
orientation T byte_order littleendian
Reading mask: /opt/freesurfer/average/711-2B_as_mni_average_305_mask.4dfp.img (2306576 pixels)
talsrcimg_g11.4dfp.img
       256       256       256         1
  1.000000  1.000000  1.000000
orientation T byte_order littleendian
Reading image: talsrcimg_g11.4dfp.img
dimensions:      256       256       256
mmppix:       1.0000   -1.0000   -1.0000
center:     128.0000 -129.0000 -129.0000
rotation matrix determinant  1.000000
image alignment mode   4355 decimal     1103 hex
   -7.5000  -45.0000  -45.0000 1721.9297   37.7604
    0.0000  -45.0000  -45.0000 1729.8124   37.5768
    7.5000  -45.0000  -45.0000 1735.8986   37.7826
   -7.5000  -37.5000  -45.0000 1857.9309   32.7971
    0.0000  -37.5000  -45.0000 1871.4429   32.6412
    7.5000  -37.5000  -45.0000 1873.3610   32.9204
   -7.5000  -30.0000  -45.0000 1979.8109   28.8768
    0.0000  -30.0000  -45.0000 1994.8087   28.8357
    7.5000  -30.0000  -45.0000 2002.0696   29.0628
   -7.5000  -22.5000  -45.0000 2074.1523   26.1172
    0.0000  -22.5000  -45.0000 2091.7776   25.9485
    7.5000  -22.5000  -45.0000 2094.6882   26.1082
   -7.5000  -15.0000  -45.0000 2148.0012   24.1270
    0.0000  -15.0000  -45.0000 2170.7534   23.9835
    7.5000  -15.0000  -45.0000 2167.7734   24.1066
   -7.5000   -7.5000  -45.0000 2192.7422   23.0589
    0.0000   -7.5000  -45.0000 2212.5088   22.8772
    7.5000   -7.5000  -45.0000 2210.0483   22.9382
   -7.5000    0.0000  -45.0000 2215.7883   22.3735
    0.0000    0.0000  -45.0000 2240.4595   22.1774
    7.5000    0.0000  -45.0000 2237.9939   22.2777
   -7.5000    7.5000  -45.0000 2224.1826   22.1839
    0.0000    7.5000  -45.0000 2248.1455   21.9815
    7.5000    7.5000  -45.0000 2244.6423   22.0689
   -7.5000   15.0000  -45.0000 2191.6765   22.4801
    0.0000   15.0000  -45.0000 2218.5740   22.2968
    7.5000   15.0000  -45.0000 2217.8623   22.3561
   -7.5000   22.5000  -45.0000 2131.6313   23.4692
    0.0000   22.5000  -45.0000 2152.9841   23.2539
    7.5000   22.5000  -45.0000 2149.4648   23.2832
   -7.5000   30.0000  -45.0000 2041.7395   25.0206
    0.0000   30.0000  -45.0000 2060.6438   24.6888
    7.5000   30.0000  -45.0000 2057.5942   24.7758
   -7.5000   37.5000  -45.0000 1932.8951   27.2573
    0.0000   37.5000  -45.0000 1951.4288   26.8430
    7.5000   37.5000  -45.0000 1945.2986   27.0389
   -7.5000   45.0000  -45.0000 1814.6461   30.3943
    0.0000   45.0000  -45.0000 1838.6482   29.9708
    7.5000   45.0000  -45.0000 1834.2740   30.0680
   -7.5000  -45.0000  -37.5000 1798.4420   34.8346
    0.0000  -45.0000  -37.5000 1811.7612   34.5966
    7.5000  -45.0000  -37.5000 1814.3585   34.8036
   -7.5000  -37.5000  -37.5000 1939.6183   30.0574
    0.0000  -37.5000  -37.5000 1958.4766   29.9300
    7.5000  -37.5000  -37.5000 1957.8865   30.1571
   -7.5000  -30.0000  -37.5000 2073.6948   26.4893
    0.0000  -30.0000  -37.5000 2091.9033   26.3803
    7.5000  -30.0000  -37.5000 2090.8633   26.6341
   -7.5000  -22.5000  -37.5000 2170.6580   23.9687
    0.0000  -22.5000  -37.5000 2194.6716   23.8038
    7.5000  -22.5000  -37.5000 2189.3645   23.9747
   -7.5000  -15.0000  -37.5000 2240.2166   22.1941
    0.0000  -15.0000  -37.5000 2264.7625   21.9881
    7.5000  -15.0000  -37.5000 2260.5889   22.1286
   -7.5000   -7.5000  -37.5000 2288.9983   21.1788
    0.0000   -7.5000  -37.5000 2313.8118   20.9525
    7.5000   -7.5000  -37.5000 2310.9504   21.0237
   -7.5000    0.0000  -37.5000 2317.7983   20.5922
    0.0000    0.0000  -37.5000 2341.9636   20.3326
    7.5000    0.0000  -37.5000 2339.5112   20.4169
   -7.5000    7.5000  -37.5000 2322.8118   20.3797
    0.0000    7.5000  -37.5000 2354.6931   20.1567
    7.5000    7.5000  -37.5000 2349.2363   20.2214
   -7.5000   15.0000  -37.5000 2294.4514   20.6366
    0.0000   15.0000  -37.5000 2328.4924   20.4214
    7.5000   15.0000  -37.5000 2325.2737   20.4765
   -7.5000   22.5000  -37.5000 2231.0139   21.5460
    0.0000   22.5000  -37.5000 2258.9800   21.3028
    7.5000   22.5000  -37.5000 2257.0022   21.3657
   -7.5000   30.0000  -37.5000 2139.9001   22.9487
    0.0000   30.0000  -37.5000 2159.6150   22.6766
    7.5000   30.0000  -37.5000 2158.2844   22.7832
   -7.5000   37.5000  -37.5000 2021.9901   24.9296
    0.0000   37.5000  -37.5000 2043.7544   24.6144
    7.5000   37.5000  -37.5000 2039.8890   24.7950
   -7.5000   45.0000  -37.5000 1893.8401   27.6220
    0.0000   45.0000  -37.5000 1923.9208   27.2967
    7.5000   45.0000  -37.5000 1920.2288   27.4567
   -7.5000  -45.0000  -30.0000 1908.5765   33.4879
    0.0000  -45.0000  -30.0000 1923.4506   33.2004
    7.5000  -45.0000  -30.0000 1923.9810   33.4322
   -7.5000  -37.5000  -30.0000 2055.5828   28.9030
    0.0000  -37.5000  -30.0000 2075.4287   28.6969
    7.5000  -37.5000  -30.0000 2072.1072   28.8802
   -7.5000  -30.0000  -30.0000 2192.0005   25.4159
    0.0000  -30.0000  -30.0000 2215.9036   25.2158
    7.5000  -30.0000  -30.0000 2209.9585   25.3738
   -7.5000  -22.5000  -30.0000 2299.5701   22.9282
    0.0000  -22.5000  -30.0000 2323.3677   22.7057
    7.5000  -22.5000  -30.0000 2320.9495   22.8782
   -7.5000  -15.0000  -30.0000 2373.4143   21.2345
    0.0000  -15.0000  -30.0000 2398.6914   20.9644
    7.5000  -15.0000  -30.0000 2395.6169   21.1171
   -7.5000   -7.5000  -30.0000 2431.3848   20.2377
    0.0000   -7.5000  -30.0000 2455.7161   19.9179
    7.5000   -7.5000  -30.0000 2450.9834   20.0433
   -7.5000    0.0000  -30.0000 2462.2432   19.6538
    0.0000    0.0000  -30.0000 2487.4348   19.3432
    7.5000    0.0000  -30.0000 2486.8293   19.4331
   -7.5000    7.5000  -30.0000 2467.3413   19.4092
    0.0000    7.5000  -30.0000 2502.3293   19.1541
    7.5000    7.5000  -30.0000 2498.4199   19.2403
   -7.5000   15.0000  -30.0000 2442.4331   19.5859
    0.0000   15.0000  -30.0000 2476.9104   19.3532
    7.5000   15.0000  -30.0000 2474.6077   19.4559
   -7.5000   22.5000  -30.0000 2373.3215   20.4447
    0.0000   22.5000  -30.0000 2405.7356   20.2065
    7.5000   22.5000  -30.0000 2399.8284   20.2855
   -7.5000   30.0000  -30.0000 2269.3665   21.8115
    0.0000   30.0000  -30.0000 2295.7866   21.5442
    7.5000   30.0000  -30.0000 2293.0134   21.6720
   -7.5000   37.5000  -30.0000 2143.8977   23.7113
    0.0000   37.5000  -30.0000 2168.8176   23.4003
    7.5000   37.5000  -30.0000 2162.7495   23.5104
   -7.5000   45.0000  -30.0000 2008.7738   26.1674
    0.0000   45.0000  -30.0000 2037.6499   25.8816
    7.5000   45.0000  -30.0000 2040.2303   25.9899
   -7.5000  -45.0000  -22.5000 1988.8315   32.0529
    0.0000  -45.0000  -22.5000 2005.7620   31.6503
    7.5000  -45.0000  -22.5000 2005.2166   31.8888
   -7.5000  -37.5000  -22.5000 2141.4814   27.7134
    0.0000  -37.5000  -22.5000 2167.7175   27.3924
    7.5000  -37.5000  -22.5000 2164.2102   27.6240
   -7.5000  -30.0000  -22.5000 2280.9402   24.2638
    0.0000  -30.0000  -22.5000 2310.0483   24.0296
    7.5000  -30.0000  -22.5000 2304.1125   24.1734
   -7.5000  -22.5000  -22.5000 2395.0178   21.8057
    0.0000  -22.5000  -22.5000 2417.9741   21.5364
    7.5000  -22.5000  -22.5000 2416.3220   21.6866
   -7.5000  -15.0000  -22.5000 2480.4766   20.1368
    0.0000  -15.0000  -22.5000 2507.4990   19.8395
    7.5000  -15.0000  -22.5000 2505.3008   19.9845
   -7.5000   -7.5000  -22.5000 2545.2200   19.2087
    0.0000   -7.5000  -22.5000 2567.6257   18.8619
    7.5000   -7.5000  -22.5000 2561.6494   18.9967
   -7.5000    0.0000  -22.5000 2581.2542   18.6226
    0.0000    0.0000  -22.5000 2609.7288   18.3307
    7.5000    0.0000  -22.5000 2604.9534   18.4165
   -7.5000    7.5000  -22.5000 2593.3953   18.3637
    0.0000    7.5000  -22.5000 2625.0667   18.0733
    7.5000    7.5000  -22.5000 2621.8052   18.1799
   -7.5000   15.0000  -22.5000 2564.2119   18.4930
    0.0000   15.0000  -22.5000 2597.2947   18.2359
    7.5000   15.0000  -22.5000 2592.3276   18.3477
   -7.5000   22.5000  -22.5000 2493.5845   19.3043
    0.0000   22.5000  -22.5000 2523.2327   19.0072
    7.5000   22.5000  -22.5000 2516.2737   19.1086
   -7.5000   30.0000  -22.5000 2381.3245   20.6053
    0.0000   30.0000  -22.5000 2410.1824   20.2840
    7.5000   30.0000  -22.5000 2402.2273   20.4026
   -7.5000   37.5000  -22.5000 2246.2710   22.4236
    0.0000   37.5000  -22.5000 2274.3809   22.0963
    7.5000   37.5000  -22.5000 2267.4797   22.1864
   -7.5000   45.0000  -22.5000 2107.5947   24.7034
    0.0000   45.0000  -22.5000 2133.9045   24.4247
    7.5000   45.0000  -22.5000 2128.5769   24.5454
   -7.5000  -45.0000  -15.0000 2041.9628   30.7838
    0.0000  -45.0000  -15.0000 2055.8215   30.3828
    7.5000  -45.0000  -15.0000 2056.1238   30.6549
   -7.5000  -37.5000  -15.0000 2198.2268   26.5268
    0.0000  -37.5000  -15.0000 2219.1780   26.2297
    7.5000  -37.5000  -15.0000 2219.7456   26.4502
   -7.5000  -30.0000  -15.0000 2344.1565   23.2827
    0.0000  -30.0000  -15.0000 2371.5220   22.9769
    7.5000  -30.0000  -15.0000 2371.5803   23.1552
   -7.5000  -22.5000  -15.0000 2459.2891   20.7688
    0.0000  -22.5000  -15.0000 2485.2373   20.5258
    7.5000  -22.5000  -15.0000 2484.9316   20.6161
   -7.5000  -15.0000  -15.0000 2554.1543   19.0568
    0.0000  -15.0000  -15.0000 2581.5437   18.7711
    7.5000  -15.0000  -15.0000 2579.6128   18.8516
   -7.5000   -7.5000  -15.0000 2629.0085   18.1737
    0.0000   -7.5000  -15.0000 2653.6504   17.8402
    7.5000   -7.5000  -15.0000 2646.2644   17.9451
   -7.5000    0.0000  -15.0000 2675.3083   17.6741
    0.0000    0.0000  -15.0000 2703.7063   17.3603
    7.5000    0.0000  -15.0000 2693.3118   17.4375
   -7.5000    7.5000  -15.0000 2688.9060   17.4100
    0.0000    7.5000  -15.0000 2721.3352   17.0829
    7.5000    7.5000  -15.0000 2715.0669   17.1883
   -7.5000   15.0000  -15.0000 2660.8088   17.5329
    0.0000   15.0000  -15.0000 2690.8677   17.2128
    7.5000   15.0000  -15.0000 2682.4263   17.2960
   -7.5000   22.5000  -15.0000 2589.1746   18.2475
    0.0000   22.5000  -15.0000 2614.1033   17.8887
    7.5000   22.5000  -15.0000 2607.3025   17.9997
   -7.5000   30.0000  -15.0000 2471.1079   19.4699
    0.0000   30.0000  -15.0000 2500.5828   19.1098
    7.5000   30.0000  -15.0000 2494.7373   19.2009
   -7.5000   37.5000  -15.0000 2326.9666   21.1936
    0.0000   37.5000  -15.0000 2355.6736   20.8444
    7.5000   37.5000  -15.0000 2350.7854   20.9361
   -7.5000   45.0000  -15.0000 2178.5967   23.4322
    0.0000   45.0000  -15.0000 2206.6360   23.0922
    7.5000   45.0000  -15.0000 2196.0625   23.2562
   -7.5000  -45.0000   -7.5000 2071.1970   29.7345
    0.0000  -45.0000   -7.5000 2085.0535   29.3841
    7.5000  -45.0000   -7.5000 2085.5566   29.5515
   -7.5000  -37.5000   -7.5000 2234.5703   25.5531
    0.0000  -37.5000   -7.5000 2255.3198   25.2999
    7.5000  -37.5000   -7.5000 2253.1831   25.4256
   -7.5000  -30.0000   -7.5000 2386.1121   22.3301
    0.0000  -30.0000   -7.5000 2415.2678   22.1654
    7.5000  -30.0000   -7.5000 2409.6753   22.2348
   -7.5000  -22.5000   -7.5000 2508.4729   19.9370
    0.0000  -22.5000   -7.5000 2534.4868   19.7058
    7.5000  -22.5000   -7.5000 2533.0195   19.7692
   -7.5000  -15.0000   -7.5000 2606.6541   18.1225
    0.0000  -15.0000   -7.5000 2639.1921   17.8991
    7.5000  -15.0000   -7.5000 2631.7627   17.9223
   -7.5000   -7.5000   -7.5000 2689.1091   17.1910
    0.0000   -7.5000   -7.5000 2720.2729   16.8445
    7.5000   -7.5000   -7.5000 2711.8894   16.9244
   -7.5000    0.0000   -7.5000 2746.7373   16.7223
    0.0000    0.0000   -7.5000 2777.8447   16.3879
    7.5000    0.0000   -7.5000 2763.2578   16.4619
   -7.5000    7.5000   -7.5000 2764.6465   16.4868
    0.0000    7.5000   -7.5000 2798.8469   16.1662
    7.5000    7.5000   -7.5000 2788.1282   16.2208
   -7.5000   15.0000   -7.5000 2737.0842   16.6364
    0.0000   15.0000   -7.5000 2764.5352   16.2838
    7.5000   15.0000   -7.5000 2756.2080   16.3608
   -7.5000   22.5000   -7.5000 2660.4514   17.2906
    0.0000   22.5000   -7.5000 2687.8901   16.9260
    7.5000   22.5000   -7.5000 2682.3135   17.0062
   -7.5000   30.0000   -7.5000 2538.0054   18.4313
    0.0000   30.0000   -7.5000 2572.4946   18.0337
    7.5000   30.0000   -7.5000 2563.1267   18.1404
   -7.5000   37.5000   -7.5000 2390.2654   20.0967
    0.0000   37.5000   -7.5000 2419.4004   19.6963
    7.5000   37.5000   -7.5000 2416.7771   19.8429
   -7.5000   45.0000   -7.5000 2231.4058   22.2526
    0.0000   45.0000   -7.5000 2259.9053   21.9174
    7.5000   45.0000   -7.5000 2251.2900   22.1087
   -7.5000  -45.0000    0.0000 2081.2947   29.0119
    0.0000  -45.0000    0.0000 2100.4917   28.6776
    7.5000  -45.0000    0.0000 2100.3328   28.8259
   -7.5000  -37.5000    0.0000 2249.3701   24.8474
    0.0000  -37.5000    0.0000 2272.6821   24.6360
    7.5000  -37.5000    0.0000 2270.6111   24.7183
   -7.5000  -30.0000    0.0000 2405.9563   21.6495
    0.0000  -30.0000    0.0000 2434.6528   21.4952
    7.5000  -30.0000    0.0000 2430.9153   21.5602
   -7.5000  -22.5000    0.0000 2534.3101   19.2822
    0.0000  -22.5000    0.0000 2568.9255   19.1589
    7.5000  -22.5000    0.0000 2565.4846   19.1889
   -7.5000  -15.0000    0.0000 2638.9409   17.4508
    0.0000  -15.0000    0.0000 2681.6614   17.3799
    7.5000  -15.0000    0.0000 2673.1560   17.3411
   -7.5000   -7.5000    0.0000 2728.8711   16.4135
    0.0000   -7.5000    0.0000 2766.8047   16.1615
    7.5000   -7.5000    0.0000 2755.2336   16.2150
   -7.5000    0.0000    0.0000 2796.7102   15.9457
    0.0000    0.0000    0.0000 2832.5862   15.5949
    7.5000    0.0000    0.0000 2813.5476   15.6820
   -7.5000    7.5000    0.0000 2820.7549   15.7344
    0.0000    7.5000    0.0000 2852.8821   15.3937
    7.5000    7.5000    0.0000 2839.7151   15.4539
   -7.5000   15.0000    0.0000 2790.3582   15.8708
    0.0000   15.0000    0.0000 2819.4744   15.5484
    7.5000   15.0000    0.0000 2809.0671   15.6411
   -7.5000   22.5000    0.0000 2710.3689   16.5046
    0.0000   22.5000    0.0000 2738.3616   16.1591
    7.5000   22.5000    0.0000 2733.0125   16.2995
   -7.5000   30.0000    0.0000 2585.9316   17.6475
    0.0000   30.0000    0.0000 2615.2405   17.3201
    7.5000   30.0000    0.0000 2606.9631   17.4542
   -7.5000   37.5000    0.0000 2431.2798   19.2414
    0.0000   37.5000    0.0000 2468.0859   18.9385
    7.5000   37.5000    0.0000 2459.1697   19.1143
   -7.5000   45.0000    0.0000 2269.0781   21.3296
    0.0000   45.0000    0.0000 2300.6296   21.0646
    7.5000   45.0000    0.0000 2292.4719   21.2547
   -7.5000  -45.0000    7.5000 2084.3289   28.5379
    0.0000  -45.0000    7.5000 2101.0332   28.2556
    7.5000  -45.0000    7.5000 2099.0913   28.2998
   -7.5000  -37.5000    7.5000 2247.8723   24.3911
    0.0000  -37.5000    7.5000 2274.3853   24.2409
    7.5000  -37.5000    7.5000 2269.4707   24.2659
   -7.5000  -30.0000    7.5000 2408.3831   21.2129
    0.0000  -30.0000    7.5000 2440.1587   21.0863
    7.5000  -30.0000    7.5000 2432.5413   21.1227
   -7.5000  -22.5000    7.5000 2547.1826   18.8434
    0.0000  -22.5000    7.5000 2587.3108   18.8230
    7.5000  -22.5000    7.5000 2579.5198   18.8051
   -7.5000  -15.0000    7.5000 2668.2925   17.1653
    0.0000  -15.0000    7.5000 2723.7341   17.1980
    7.5000  -15.0000    7.5000 2709.0151   17.0952
   -7.5000   -7.5000    7.5000 2761.9443   16.0397
    0.0000   -7.5000    7.5000 2812.5620   15.8910
    7.5000   -7.5000    7.5000 2789.9446   15.8757
   -7.5000    0.0000    7.5000 2832.6047   15.4588
    0.0000    0.0000    7.5000 2859.3037   15.1242
    7.5000    0.0000    7.5000 2835.6858   15.2027
   -7.5000    7.5000    7.5000 2853.1680   15.1653
    0.0000    7.5000    7.5000 2879.2131   14.8403
    7.5000    7.5000    7.5000 2857.9915   14.9979
   -7.5000   15.0000    7.5000 2825.3447   15.3276
    0.0000   15.0000    7.5000 2848.1541   15.0212
    7.5000   15.0000    7.5000 2837.3101   15.1721
   -7.5000   22.5000    7.5000 2741.9478   16.0319
    0.0000   22.5000    7.5000 2769.9177   15.7466
    7.5000   22.5000    7.5000 2761.3264   15.8688
   -7.5000   30.0000    7.5000 2618.3018   17.2160
    0.0000   30.0000    7.5000 2642.9119   16.9321
    7.5000   30.0000    7.5000 2635.2727   17.0598
   -7.5000   37.5000    7.5000 2459.6968   18.7915
    0.0000   37.5000    7.5000 2491.0317   18.5546
    7.5000   37.5000    7.5000 2485.4255   18.6830
   -7.5000   45.0000    7.5000 2290.7991   20.8160
    0.0000   45.0000    7.5000 2319.8372   20.5973
    7.5000   45.0000    7.5000 2315.3975   20.7573
   -7.5000  -45.0000   15.0000 2073.5107   28.4412
    0.0000  -45.0000   15.0000 2095.0027   28.1788
    7.5000  -45.0000   15.0000 2090.3477   28.2821
   -7.5000  -37.5000   15.0000 2242.4280   24.2417
    0.0000  -37.5000   15.0000 2265.7832   24.0623
    7.5000  -37.5000   15.0000 2257.7734   24.1779
   -7.5000  -30.0000   15.0000 2406.0859   21.0290
    0.0000  -30.0000   15.0000 2433.6760   20.8895
    7.5000  -30.0000   15.0000 2427.3789   21.0309
   -7.5000  -22.5000   15.0000 2552.8401   18.7020
    0.0000  -22.5000   15.0000 2590.6843   18.6841
    7.5000  -22.5000   15.0000 2580.1194   18.7410
   -7.5000  -15.0000   15.0000 2681.9524   17.0814
    0.0000  -15.0000   15.0000 2741.9067   17.1784
    7.5000  -15.0000   15.0000 2713.1313   17.0814
   -7.5000   -7.5000   15.0000 2778.5249   16.0662
    0.0000   -7.5000   15.0000 2830.8135   15.9323
    7.5000   -7.5000   15.0000 2800.1990   15.9389
   -7.5000    0.0000   15.0000 2836.6362   15.3016
    0.0000    0.0000   15.0000 2864.9094   15.0337
    7.5000    0.0000   15.0000 2845.0339   15.1889
   -7.5000    7.5000   15.0000 2858.5457   14.9741
    0.0000    7.5000   15.0000 2878.3726   14.6469
    7.5000    7.5000   15.0000 2861.9424   14.8796
   -7.5000   15.0000   15.0000 2828.9167   15.1520
    0.0000   15.0000   15.0000 2852.8140   14.8703
    7.5000   15.0000   15.0000 2838.7244   15.0550
   -7.5000   22.5000   15.0000 2749.9236   15.9040
    0.0000   22.5000   15.0000 2771.8884   15.5863
    7.5000   22.5000   15.0000 2763.6838   15.7426
   -7.5000   30.0000   15.0000 2625.0964   17.1068
    0.0000   30.0000   15.0000 2642.0598   16.7871
    7.5000   30.0000   15.0000 2635.5256   16.9398
   -7.5000   37.5000   15.0000 2463.0967   18.7098
    0.0000   37.5000   15.0000 2486.5806   18.3924
    7.5000   37.5000   15.0000 2483.6089   18.5563
   -7.5000   45.0000   15.0000 2291.8762   20.6957
    0.0000   45.0000   15.0000 2319.5046   20.4151
    7.5000   45.0000   15.0000 2314.7507   20.5939
   -7.5000  -45.0000   22.5000 2060.5002   28.5723
    0.0000  -45.0000   22.5000 2082.8267   28.3987
    7.5000  -45.0000   22.5000 2073.3132   28.6039
   -7.5000  -37.5000   22.5000 2232.8384   24.3616
    0.0000  -37.5000   22.5000 2254.3918   24.2230
    7.5000  -37.5000   22.5000 2241.2747   24.4751
   -7.5000  -30.0000   22.5000 2399.8645   21.1595
    0.0000  -30.0000   22.5000 2423.3059   21.0218
    7.5000  -30.0000   22.5000 2412.4265   21.2870
   -7.5000  -22.5000   22.5000 2548.0991   18.8724
    0.0000  -22.5000   22.5000 2584.3228   18.8370
    7.5000  -22.5000   22.5000 2566.5566   18.9470
   -7.5000  -15.0000   22.5000 2671.6365   17.2488
    0.0000  -15.0000   22.5000 2728.6338   17.2645
    7.5000  -15.0000   22.5000 2696.0408   17.2461
   -7.5000   -7.5000   22.5000 2760.5225   16.1429
    0.0000   -7.5000   22.5000 2792.1521   15.7963
    7.5000   -7.5000   22.5000 2776.0188   16.0980
   -7.5000    0.0000   22.5000 2823.1157   15.5195
    0.0000    0.0000   22.5000 2840.0996   15.1086
    7.5000    0.0000   22.5000 2832.5461   15.4601
   -7.5000    7.5000   22.5000 2845.1167   15.2993
    0.0000    7.5000   22.5000 2868.1631   14.9836
    7.5000    7.5000   22.5000 2848.1475   15.2208
   -7.5000   15.0000   22.5000 2811.8428   15.5036
    0.0000   15.0000   22.5000 2825.9524   15.2181
    7.5000   15.0000   22.5000 2812.8362   15.4048
   -7.5000   22.5000   22.5000 2730.2878   16.2152
    0.0000   22.5000   22.5000 2744.1648   15.8779
    7.5000   22.5000   22.5000 2733.4263   16.0020
   -7.5000   30.0000   22.5000 2605.5378   17.3474
    0.0000   30.0000   22.5000 2615.8677   17.0454
    7.5000   30.0000   22.5000 2614.1582   17.1298
   -7.5000   37.5000   22.5000 2448.0847   18.8845
    0.0000   37.5000   22.5000 2468.8042   18.6154
    7.5000   37.5000   22.5000 2460.6355   18.7060
   -7.5000   45.0000   22.5000 2284.2671   20.8372
    0.0000   45.0000   22.5000 2304.8945   20.6243
    7.5000   45.0000   22.5000 2298.4478   20.7559
   -7.5000  -45.0000   30.0000 2043.2399   29.0759
    0.0000  -45.0000   30.0000 2062.4741   28.8013
    7.5000  -45.0000   30.0000 2049.7805   29.2378
   -7.5000  -37.5000   30.0000 2213.2668   24.8266
    0.0000  -37.5000   30.0000 2232.6335   24.6315
    7.5000  -37.5000   30.0000 2223.2139   25.0604
   -7.5000  -30.0000   30.0000 2382.8894   21.6718
    0.0000  -30.0000   30.0000 2401.1787   21.4046
    7.5000  -30.0000   30.0000 2391.5532   21.8356
   -7.5000  -22.5000   30.0000 2531.1697   19.3961
    0.0000  -22.5000   30.0000 2565.5776   19.2342
    7.5000  -22.5000   30.0000 2546.6899   19.4638
   -7.5000  -15.0000   30.0000 2643.9592   17.7162
    0.0000  -15.0000   30.0000 2686.3206   17.4462
    7.5000  -15.0000   30.0000 2663.6875   17.7124
   -7.5000   -7.5000   30.0000 2726.6958   16.6447
    0.0000   -7.5000   30.0000 2747.0591   16.1501
    7.5000   -7.5000   30.0000 2740.8306   16.6184
   -7.5000    0.0000   30.0000 2788.7822   16.1326
    0.0000    0.0000   30.0000 2814.4067   15.7678
    7.5000    0.0000   30.0000 2802.0718   16.0445
   -7.5000    7.5000   30.0000 2817.4548   15.9262
    0.0000    7.5000   30.0000 2837.5403   15.6437
    7.5000    7.5000   30.0000 2816.2532   15.8346
   -7.5000   15.0000   30.0000 2777.4307   16.1671
    0.0000   15.0000   30.0000 2787.8174   15.8689
    7.5000   15.0000   30.0000 2776.1497   15.9991
   -7.5000   22.5000   30.0000 2685.1099   16.8400
    0.0000   22.5000   30.0000 2692.1206   16.4808
    7.5000   22.5000   30.0000 2689.9839   16.6007
   -7.5000   30.0000   30.0000 2558.5312   17.9213
    0.0000   30.0000   30.0000 2570.8137   17.6101
    7.5000   30.0000   30.0000 2563.5820   17.6850
   -7.5000   37.5000   30.0000 2409.1206   19.4440
    0.0000   37.5000   30.0000 2429.3582   19.1693
    7.5000   37.5000   30.0000 2420.7017   19.2545
   -7.5000   45.0000   30.0000 2242.7449   21.3506
    0.0000   45.0000   30.0000 2266.5415   21.1629
    7.5000   45.0000   30.0000 2258.0747   21.3286
   -7.5000  -45.0000   37.5000 2020.6666   29.8820
    0.0000  -45.0000   37.5000 2038.8914   29.4931
    7.5000  -45.0000   37.5000 2026.2577   30.2106
   -7.5000  -37.5000   37.5000 2193.9373   25.6839
    0.0000  -37.5000   37.5000 2210.1096   25.2851
    7.5000  -37.5000   37.5000 2197.0515   25.9574
   -7.5000  -30.0000   37.5000 2359.0784   22.5100
    0.0000  -30.0000   37.5000 2380.0337   22.1368
    7.5000  -30.0000   37.5000 2363.6677   22.6346
   -7.5000  -22.5000   37.5000 2505.2402   20.1444
    0.0000  -22.5000   37.5000 2532.9382   19.8236
    7.5000  -22.5000   37.5000 2513.6262   20.2066
   -7.5000  -15.0000   37.5000 2611.3557   18.4133
    0.0000  -15.0000   37.5000 2628.1646   17.8819
    7.5000  -15.0000   37.5000 2620.8225   18.4380
   -7.5000   -7.5000   37.5000 2697.0278   17.4776
    0.0000   -7.5000   37.5000 2710.2566   17.0141
    7.5000   -7.5000   37.5000 2695.8289   17.4239
   -7.5000    0.0000   37.5000 2742.5322   17.0863
    0.0000    0.0000   37.5000 2762.4658   16.6955
    7.5000    0.0000   37.5000 2749.4539   16.9511
   -7.5000    7.5000   37.5000 2758.2136   16.8530
    0.0000    7.5000   37.5000 2776.9038   16.5415
    7.5000    7.5000   37.5000 2759.0442   16.7367
   -7.5000   15.0000   37.5000 2722.5706   17.0127
    0.0000   15.0000   37.5000 2735.6323   16.6833
    7.5000   15.0000   37.5000 2720.3662   16.8310
   -7.5000   22.5000   37.5000 2635.0068   17.6587
    0.0000   22.5000   37.5000 2645.0527   17.3031
    7.5000   22.5000   37.5000 2636.9280   17.4426
   -7.5000   30.0000   37.5000 2505.6716   18.7267
    0.0000   30.0000   37.5000 2522.8298   18.4158
    7.5000   30.0000   37.5000 2516.4243   18.5110
   -7.5000   37.5000   37.5000 2352.4888   20.2143
    0.0000   37.5000   37.5000 2374.0103   19.9210
    7.5000   37.5000   37.5000 2374.9775   20.0168
   -7.5000   45.0000   37.5000 2191.5693   22.1518
    0.0000   45.0000   37.5000 2213.8743   21.9104
    7.5000   45.0000   37.5000 2213.9656   22.0826
   -7.5000  -45.0000   45.0000 1998.9695   30.9531
    0.0000  -45.0000   45.0000 2012.8523   30.4747
    7.5000  -45.0000   45.0000 1998.1676   31.3197
   -7.5000  -37.5000   45.0000 2172.0068   26.7334
    0.0000  -37.5000   45.0000 2187.6318   26.2881
    7.5000  -37.5000   45.0000 2166.8862   26.9668
   -7.5000  -30.0000   45.0000 2326.4490   23.4991
    0.0000  -30.0000   45.0000 2347.1719   23.0701
    7.5000  -30.0000   45.0000 2327.0605   23.5798
   -7.5000  -22.5000   45.0000 2459.3765   21.0278
    0.0000  -22.5000   45.0000 2484.4636   20.5567
    7.5000  -22.5000   45.0000 2463.7419   21.0786
   -7.5000  -15.0000   45.0000 2561.2573   19.3500
    0.0000  -15.0000   45.0000 2582.4343   18.8306
    7.5000  -15.0000   45.0000 2561.7307   19.3897
   -7.5000   -7.5000   45.0000 2641.2959   18.5701
    0.0000   -7.5000   45.0000 2657.6189   18.1266
    7.5000   -7.5000   45.0000 2637.3269   18.4943
   -7.5000    0.0000   45.0000 2666.4768   18.1687
    0.0000    0.0000   45.0000 2689.0449   17.7569
    7.5000    0.0000   45.0000 2676.2041   18.0228
   -7.5000    7.5000   45.0000 2676.0151   17.9051
    0.0000    7.5000   45.0000 2695.8828   17.5578
    7.5000    7.5000   45.0000 2683.1348   17.7867
   -7.5000   15.0000   45.0000 2644.0024   17.9845
    0.0000   15.0000   45.0000 2659.9941   17.6492
    7.5000   15.0000   45.0000 2645.1514   17.8451
   -7.5000   22.5000   45.0000 2566.1079   18.5691
    0.0000   22.5000   45.0000 2582.2695   18.2342
    7.5000   22.5000   45.0000 2570.1882   18.4144
   -7.5000   30.0000   45.0000 2444.1956   19.6798
    0.0000   30.0000   45.0000 2465.1848   19.4097
    7.5000   30.0000   45.0000 2458.8416   19.5708
   -7.5000   37.5000   45.0000 2288.2515   21.2577
    0.0000   37.5000   45.0000 2308.0701   20.9963
    7.5000   37.5000   45.0000 2307.0737   21.1535
   -7.5000   45.0000   45.0000 2130.4429   23.2126
    0.0000   45.0000   45.0000 2152.9548   23.0208
    7.5000   45.0000   45.0000 2143.8767   23.1110

---------------------------------------------------------------------
imgreg_4dfp /opt/freesurfer/average/711-2C_as_mni_average_305 /opt/freesurfer/average/711-2B_as_mni_average_305_mask talsrcimg_g11 none talsrcimg_to_711-2C_as_mni_average_305_t4 1283
---------------------------------------------------------------------

freesurfer imgreg_4dfp.c
/opt/freesurfer/average/711-2C_as_mni_average_305.4dfp.img
       256       256       256         1
  1.000000  1.000000  1.000000
orientation T byte_order littleendian
Reading image: /opt/freesurfer/average/711-2C_as_mni_average_305.4dfp.img
dimensions:      256       256       256
mmppix:       1.0000   -1.0000   -1.0000
center:     128.0000 -129.0000 -129.0000
/opt/freesurfer/average/711-2B_as_mni_average_305_mask.4dfp.img
       256       256       256         1
  1.000000  1.000000  1.000000
orientation T byte_order littleendian
Reading mask: /opt/freesurfer/average/711-2B_as_mni_average_305_mask.4dfp.img (2306576 pixels)
talsrcimg_g11.4dfp.img
       256       256       256         1
  1.000000  1.000000  1.000000
orientation T byte_order littleendian
Reading image: talsrcimg_g11.4dfp.img
dimensions:      256       256       256
mmppix:       1.0000   -1.0000   -1.0000
center:     128.0000 -129.0000 -129.0000
rotation matrix determinant  1.000000
fimgreg.f
image alignment mode   1283 decimal      503 hex
parameters
    0.0000    7.5000    7.5000    0.0000    0.0000    0.0000
eta,q 0.90345 14.90436
niter,ni,del,rscale     5    3   12.0000    1.2000
parameter  3 -1.482940 -> -0.500000 qaram    1.1500
parameter  5 -1.573958 -> -0.500000 qaram    1.1500
parameters
    0.5963    7.1977   10.9500   -0.0446    3.4500    0.6130
eta,q 0.91164 14.49944
  0.1015  0.1026  0.0988  0.0984  0.1005  0.0937
  0.0969  0.1022  0.0958  0.0969  0.0976  0.0915
  0.0940  0.0978  0.0948  0.0940  0.0945  0.0895
  0.0935  0.0929  0.0937  0.0918  0.0918  0.0885
  0.0931  0.0925  0.0922  0.0923  0.0898  0.0885
  0.0950  0.1010  0.0913  0.0957  0.0881  0.0898
  0.0987  0.1091  0.0908  0.1002  0.0875  0.0923
niter,ni,del,rscale     6    3   12.0000    1.2000
parameters
    1.0570    6.8346   13.4349   -0.3086    4.9027    0.1790
eta,q 0.91339 14.60181
  0.0962  0.0992  0.0948  0.0945  0.0960  0.0912
  0.0933  0.0983  0.0927  0.0921  0.0928  0.0892
  0.0907  0.0937  0.0909  0.0891  0.0899  0.0872
  0.0884  0.0880  0.0887  0.0870  0.0872  0.0865
  0.0883  0.0904  0.0872  0.0878  0.0867  0.0874
  0.0912  0.0978  0.0876  0.0915  0.0887  0.0898
  0.0951  0.1054  0.0904  0.0977  0.0915  0.0933
niter,ni,del,rscale     5    3   12.0000    1.2000
parameters
    1.3680    6.8240   13.5760   -0.3339    4.9855   -0.0145
eta,q 0.91340 14.59437
  0.0960  0.1017  0.0922  0.0943  0.0936  0.0914
  0.0920  0.0997  0.0901  0.0918  0.0907  0.0895
  0.0880  0.0913  0.0882  0.0891  0.0880  0.0876
  0.0866  0.0866  0.0866  0.0866  0.0866  0.0866
  0.0885  0.0886  0.0882  0.0869  0.0879  0.0872
  0.0915  0.0951  0.0910  0.0901  0.0906  0.0893
  0.0937  0.1059  0.0910  0.0964  0.0932  0.0928
niter,ni,del,rscale     4    3   12.0000    1.2000
parameters
    1.4684    6.8372   13.5734   -0.3051    4.9785   -0.0474
eta,q 0.91337 14.58730
  0.0955  0.1018  0.0920  0.0943  0.0933  0.0917
  0.0914  0.0999  0.0899  0.0920  0.0905  0.0896
  0.0875  0.0914  0.0880  0.0892  0.0879  0.0877
  0.0866  0.0866  0.0866  0.0866  0.0866  0.0866
  0.0888  0.0886  0.0884  0.0869  0.0880  0.0871
  0.0918  0.0948  0.0911  0.0900  0.0907  0.0891
  0.0940  0.1059  0.0910  0.0962  0.0932  0.0925
niter,ni,del,rscale     3    3   12.0000    1.2000
parameters
    1.5075    6.8372   13.5608   -0.2949    4.9718   -0.0543
eta,q 0.91335 14.58502
  0.0953  0.1019  0.0920  0.0943  0.0933  0.0917
  0.0912  0.0998  0.0899  0.0920  0.0905  0.0897
  0.0873  0.0913  0.0880  0.0892  0.0879  0.0878
  0.0866  0.0866  0.0866  0.0867  0.0866  0.0866
  0.0889  0.0887  0.0884  0.0869  0.0880  0.0871
  0.0918  0.0949  0.0911  0.0900  0.0907  0.0890
  0.0941  0.1060  0.0910  0.0963  0.0931  0.0924
registration optimization eta report
parameter search radius
    6.0000    6.0000    6.9000    6.0000    6.9000    6.0000
100000*second partial in parameter space
       21.       46.        9.       23.       13.       15.
  0.0953  0.1019  0.0920  0.0943  0.0933  0.0917
  0.0912  0.0998  0.0899  0.0920  0.0905  0.0897
  0.0873  0.0913  0.0880  0.0892  0.0879  0.0878
  0.0866  0.0866  0.0866  0.0867  0.0866  0.0866
  0.0889  0.0887  0.0884  0.0869  0.0880  0.0871
  0.0918  0.0949  0.0911  0.0900  0.0907  0.0890
  0.0941  0.1060  0.0910  0.0963  0.0931  0.0924
    1.5075    6.8372   13.5608   -0.2949    4.9718   -0.0543
eta,q 0.91335 14.58502

---------------------------------------------------------------------
imgreg_4dfp /opt/freesurfer/average/711-2C_as_mni_average_305 /opt/freesurfer/average/711-2B_as_mni_average_305_mask talsrcimg_g11 none talsrcimg_to_711-2C_as_mni_average_305_t4 3335
---------------------------------------------------------------------

freesurfer imgreg_4dfp.c
/opt/freesurfer/average/711-2C_as_mni_average_305.4dfp.img
       256       256       256         1
  1.000000  1.000000  1.000000
orientation T byte_order littleendian
Reading image: /opt/freesurfer/average/711-2C_as_mni_average_305.4dfp.img
dimensions:      256       256       256
mmppix:       1.0000   -1.0000   -1.0000
center:     128.0000 -129.0000 -129.0000
/opt/freesurfer/average/711-2B_as_mni_average_305_mask.4dfp.img
       256       256       256         1
  1.000000  1.000000  1.000000
orientation T byte_order littleendian
Reading mask: /opt/freesurfer/average/711-2B_as_mni_average_305_mask.4dfp.img (2306576 pixels)
talsrcimg_g11.4dfp.img
       256       256       256         1
  1.000000  1.000000  1.000000
orientation T byte_order littleendian
Reading image: talsrcimg_g11.4dfp.img
dimensions:      256       256       256
mmppix:       1.0000   -1.0000   -1.0000
center:     128.0000 -129.0000 -129.0000
fimgreg.f
image alignment mode   3335 decimal      D07 hex
parameters
    1.5075    6.8372   13.5608   -0.3763   -0.0014   -0.3776
    0.1393   -8.6660   -0.0944    0.5229    8.6666   -0.5128
eta,q 0.90628 14.74986
niter,ni,del,rscale     5    3    5.0000    1.2000
parameter  1  0.610880 ->  0.500000 qaram    1.1500
parameter  3  0.678363 ->  0.500000 qaram    1.1500
parameter  4  2.290268 ->  0.500000 qaram    1.1500
parameter  5 95.747337 ->  0.500000 qaram    1.1500
parameter  6  1.625437 ->  0.500000 qaram    1.1500
parameter  7 -0.893340 -> -0.500000 qaram    1.1500
parameter 10  0.722677 ->  0.500000 qaram    1.1500
parameter 11  0.894862 ->  0.500000 qaram    1.1500
parameter 12 -6.323709 ->  0.500000 qaram    1.1500
parameters
    0.1275    5.6979   12.1808   -4.5163   -4.1414   -4.5176
    4.2793   -6.5622    0.4150   -3.6171    4.5266   -4.6528
eta,q 0.92060 14.08030
  0.0935  0.0935  0.0928  0.0885  0.0773  0.0793  0.0807  0.0826  0.0806  0.0800  0.0798  0.0790
  0.0934  0.0931  0.0927  0.0898  0.0816  0.0800  0.0806  0.0816  0.0805  0.0798  0.0798  0.0793
  0.0934  0.0930  0.0927  0.0912  0.0860  0.0816  0.0805  0.0809  0.0804  0.0802  0.0798  0.0796
  0.0937  0.0933  0.0929  0.0927  0.0902  0.0829  0.0805  0.0805  0.0804  0.0804  0.0799  0.0798
  0.0942  0.0938  0.0933  0.0948  0.0953  0.0851  0.0805  0.0804  0.0804  0.0808  0.0800  0.0801
  0.0949  0.0942  0.0938  0.0970  0.0997  0.0875  0.0805  0.0806  0.0804  0.0817  0.0801  0.0803
  0.0958  0.0945  0.0941  0.0994  0.1037  0.0902  0.0804  0.0811  0.0806  0.0826  0.0803  0.0805
niter,ni,del,rscale     7    3    5.0000    1.2000
parameter  2  1.409622 ->  0.500000 qaram    1.1500
parameter  4  1.441800 ->  0.500000 qaram    1.3225
parameter  5 13.809603 ->  0.500000 qaram    1.3225
parameter  6  1.331801 ->  0.500000 qaram    1.3225
parameter  9  0.563271 ->  0.500000 qaram    1.1500
parameter 11 -0.715219 -> -0.500000 qaram    1.3225
parameters
    0.0460    4.3179   12.1831   -9.2773   -8.9024   -9.2786
    0.5068   -6.2173   -3.7250   -0.3580    9.2876   -5.6165
eta,q 0.93390 13.60209
  0.0802  0.0789  0.0791  0.0758  0.0613  0.0661  0.0670  0.0685  0.0667  0.0694  0.0672  0.0663
  0.0797  0.0788  0.0790  0.0764  0.0667  0.0668  0.0668  0.0676  0.0665  0.0681  0.0668  0.0663
  0.0794  0.0790  0.0789  0.0774  0.0716  0.0673  0.0667  0.0670  0.0666  0.0670  0.0665  0.0662
  0.0794  0.0794  0.0788  0.0788  0.0767  0.0681  0.0670  0.0667  0.0667  0.0665  0.0663  0.0660
  0.0794  0.0798  0.0788  0.0805  0.0822  0.0691  0.0673  0.0669  0.0670  0.0663  0.0661  0.0660
  0.0797  0.0801  0.0790  0.0825  0.0879  0.0703  0.0676  0.0674  0.0675  0.0662  0.0660  0.0662
  0.0804  0.0806  0.0792  0.0849  0.0934  0.0723  0.0682  0.0682  0.0681  0.0668  0.0661  0.0667
niter,ni,del,rscale     7    3    5.0000    1.2000
parameter  2  0.870920 ->  0.500000 qaram    1.3225
parameter  3 -0.639194 -> -0.500000 qaram    1.3225
parameter  4  0.654687 ->  0.500000 qaram    1.5209
parameter  5  2.766121 ->  0.500000 qaram    1.5209
parameter 12 -0.624786 -> -0.500000 qaram    1.3225
parameters
   -0.3146    2.7309   13.7701  -14.7525  -14.3776   -9.8344
    3.5490   -6.6028   -2.6817    1.3546    8.6058   -0.8555
eta,q 0.94581 13.36706
  0.0674  0.0656  0.0665  0.0641  0.0510  0.0561  0.0589  0.0564  0.0570  0.0583  0.0548  0.0561
  0.0666  0.0653  0.0660  0.0641  0.0539  0.0556  0.0574  0.0554  0.0559  0.0564  0.0546  0.0554
  0.0661  0.0654  0.0655  0.0643  0.0586  0.0552  0.0560  0.0548  0.0550  0.0551  0.0545  0.0549
  0.0661  0.0660  0.0652  0.0650  0.0641  0.0550  0.0551  0.0546  0.0546  0.0546  0.0545  0.0545
  0.0665  0.0668  0.0651  0.0665  0.0706  0.0551  0.0546  0.0550  0.0547  0.0545  0.0546  0.0543
  0.0672  0.0674  0.0650  0.0687  0.0769  0.0552  0.0549  0.0558  0.0552  0.0551  0.0547  0.0542
  0.0682  0.0680  0.0651  0.0717  0.0834  0.0570  0.0558  0.0567  0.0561  0.0560  0.0549  0.0543
niter,ni,del,rscale     7    3    5.0000    1.2000
parameter  5  0.997303 ->  0.500000 qaram    1.7490
parameter  6 -0.646257 -> -0.500000 qaram    1.5209
parameter 12 -1.189863 -> -0.500000 qaram    1.5209
parameters
   -0.5152    3.3601   13.7708  -17.4521  -20.6740   -4.3592
    4.2542   -7.7628   -2.4822   -0.1545    7.8014    4.6197
eta,q 0.95323 13.07596
  0.0561  0.0583  0.0549  0.0554  0.0477  0.0505  0.0506  0.0492  0.0492  0.0493  0.0480  0.0503
  0.0550  0.0561  0.0545  0.0547  0.0482  0.0498  0.0493  0.0483  0.0484  0.0483  0.0478  0.0494
  0.0543  0.0547  0.0543  0.0542  0.0500  0.0491  0.0484  0.0478  0.0479  0.0478  0.0477  0.0485
  0.0542  0.0542  0.0542  0.0542  0.0542  0.0485  0.0479  0.0478  0.0478  0.0478  0.0477  0.0477
  0.0546  0.0543  0.0543  0.0548  0.0604  0.0483  0.0480  0.0483  0.0479  0.0483  0.0478  0.0471
  0.0555  0.0549  0.0545  0.0561  0.0677  0.0478  0.0487  0.0492  0.0483  0.0495  0.0479  0.0467
  0.0567  0.0558  0.0549  0.0584  0.0751  0.0484  0.0499  0.0504  0.0490  0.0511  0.0482  0.0467
niter,ni,del,rscale     7    3    5.0000    1.2000
parameter  5  0.599522 ->  0.500000 qaram    2.0114
parameter 12 -1.353331 -> -0.500000 qaram    1.7490
parameters
   -0.6958    4.7390   13.9542  -15.7483  -27.9149   -6.0890
    4.6532   -8.1187   -2.0973    0.1159    4.8395   10.9161
eta,q 0.95734 12.65481
  0.0485  0.0516  0.0475  0.0484  0.0446  0.0454  0.0458  0.0451  0.0446  0.0460  0.0437  0.0462
  0.0475  0.0492  0.0470  0.0475  0.0434  0.0446  0.0447  0.0442  0.0441  0.0447  0.0436  0.0452
  0.0469  0.0477  0.0466  0.0468  0.0436  0.0441  0.0439  0.0437  0.0437  0.0438  0.0436  0.0444
  0.0468  0.0468  0.0463  0.0463  0.0461  0.0432  0.0436  0.0436  0.0436  0.0436  0.0436  0.0436
  0.0471  0.0463  0.0463  0.0461  0.0519  0.0436  0.0438  0.0439  0.0437  0.0439  0.0437  0.0430
  0.0479  0.0464  0.0467  0.0465  0.0600  0.0454  0.0444  0.0445  0.0440  0.0445  0.0438  0.0426
  0.0490  0.0470  0.0474  0.0476  0.0686  0.0486  0.0455  0.0454  0.0445  0.0456  0.0440  0.0424
niter,ni,del,rscale     7    3    5.0000    1.2000
parameter  2 -1.008033 -> -0.500000 qaram    1.5209
parameter 12 -0.582404 -> -0.500000 qaram    2.0114
parameters
   -1.1123    6.5640   12.4032  -11.6674  -32.9957   -6.7556
    4.8026   -7.6456   -2.4011    1.9451    6.9829   18.1570
eta,q 0.95979 12.50454
  0.0438  0.0476  0.0413  0.0444  0.0437  0.0434  0.0431  0.0427  0.0419  0.0437  0.0414  0.0433
  0.0431  0.0456  0.0410  0.0431  0.0426  0.0424  0.0420  0.0417  0.0413  0.0423  0.0410  0.0423
  0.0427  0.0440  0.0409  0.0419  0.0406  0.0418  0.0412  0.0411  0.0409  0.0413  0.0408  0.0414
  0.0427  0.0426  0.0412  0.0409  0.0404  0.0407  0.0408  0.0408  0.0408  0.0408  0.0407  0.0407
  0.0430  0.0416  0.0417  0.0404  0.0442  0.0408  0.0410  0.0409  0.0410  0.0407  0.0407  0.0403
  0.0437  0.0411  0.0423  0.0406  0.0527  0.0421  0.0418  0.0415  0.0414  0.0411  0.0408  0.0402
  0.0448  0.0410  0.0430  0.0417  0.0617  0.0452  0.0430  0.0423  0.0421  0.0420  0.0409  0.0406
niter,ni,del,rscale     7    3    5.0000    1.2000
parameters
   -1.0713    7.0557   11.4643   -9.8900  -36.9129   -7.5860
    4.0455   -7.5265   -2.8473    2.3195    8.3221   23.1731
eta,q 0.95947 12.43560
  0.0421  0.0429  0.0406  0.0434  0.0432  0.0432  0.0424  0.0423  0.0414  0.0420  0.0413  0.0433
  0.0411  0.0414  0.0403  0.0422  0.0422  0.0422  0.0414  0.0415  0.0410  0.0414  0.0410  0.0423
  0.0404  0.0405  0.0402  0.0410  0.0409  0.0415  0.0409  0.0409  0.0408  0.0410  0.0408  0.0414
  0.0402  0.0402  0.0402  0.0402  0.0400  0.0407  0.0408  0.0407  0.0407  0.0407  0.0407  0.0407
  0.0404  0.0403  0.0405  0.0399  0.0410  0.0409  0.0411  0.0409  0.0409  0.0408  0.0408  0.0405
  0.0410  0.0408  0.0410  0.0404  0.0473  0.0420  0.0420  0.0415  0.0412  0.0411  0.0409  0.0407
  0.0420  0.0416  0.0417  0.0423  0.0565  0.0451  0.0431  0.0421  0.0416  0.0419  0.0410  0.0413
niter,ni,del,rscale     6    3    5.0000    1.2000
parameters
   -0.9362    6.2070   11.2756   -8.1311  -39.5003   -7.6536
    3.7158   -7.1876   -3.5069    1.7617   10.3047   27.2067
eta,q 0.95979 12.48637
  0.0425  0.0412  0.0412  0.0435  0.0432  0.0434  0.0422  0.0419  0.0411  0.0415  0.0409  0.0429
  0.0414  0.0406  0.0407  0.0424  0.0421  0.0422  0.0413  0.0412  0.0407  0.0409  0.0407  0.0420
  0.0408  0.0404  0.0405  0.0413  0.0409  0.0415  0.0407  0.0407  0.0405  0.0406  0.0406  0.0412
  0.0405  0.0405  0.0404  0.0404  0.0401  0.0405  0.0405  0.0405  0.0405  0.0405  0.0405  0.0405
  0.0407  0.0409  0.0405  0.0400  0.0400  0.0404  0.0408  0.0406  0.0406  0.0406  0.0405  0.0402
  0.0412  0.0415  0.0409  0.0404  0.0428  0.0416  0.0415  0.0410  0.0409  0.0411  0.0405  0.0405
  0.0421  0.0422  0.0414  0.0425  0.0511  0.0442  0.0425  0.0417  0.0413  0.0419  0.0407  0.0414
niter,ni,del,rscale     5    3    5.0000    1.2000
parameters
   -1.0657    5.5764   11.0422   -8.1915  -40.5457   -8.1673
    3.7907   -7.3043   -3.7911    0.6290   10.0315   30.8171
eta,q 0.95987 12.49209
  0.0420  0.0412  0.0411  0.0432  0.0433  0.0433  0.0423  0.0418  0.0411  0.0413  0.0408  0.0428
  0.0410  0.0404  0.0405  0.0421  0.0423  0.0422  0.0414  0.0412  0.0407  0.0407  0.0406  0.0420
  0.0403  0.0401  0.0402  0.0410  0.0411  0.0415  0.0407  0.0406  0.0404  0.0404  0.0405  0.0411
  0.0402  0.0402  0.0401  0.0401  0.0401  0.0403  0.0404  0.0404  0.0404  0.0404  0.0404  0.0404
  0.0406  0.0406  0.0403  0.0399  0.0398  0.0405  0.0406  0.0406  0.0405  0.0406  0.0404  0.0401
  0.0413  0.0412  0.0407  0.0409  0.0410  0.0420  0.0413  0.0411  0.0407  0.0412  0.0406  0.0404
  0.0423  0.0420  0.0413  0.0445  0.0469  0.0449  0.0423  0.0420  0.0411  0.0420  0.0409  0.0415
niter,ni,del,rscale     4    3    5.0000    1.2000
parameters
   -1.1203    5.5976   10.9418   -8.3178  -41.3152   -8.8474
    3.7155   -7.3020   -4.1606   -0.9099    9.6189   33.8013
eta,q 0.95986 12.46513
  0.0421  0.0417  0.0412  0.0432  0.0432  0.0433  0.0423  0.0419  0.0410  0.0412  0.0408  0.0428
  0.0410  0.0408  0.0406  0.0421  0.0422  0.0422  0.0413  0.0412  0.0406  0.0406  0.0406  0.0419
  0.0403  0.0402  0.0402  0.0410  0.0411  0.0414  0.0406  0.0407  0.0405  0.0404  0.0404  0.0411
  0.0401  0.0401  0.0401  0.0401  0.0401  0.0403  0.0404  0.0404  0.0404  0.0404  0.0404  0.0404
  0.0404  0.0404  0.0403  0.0399  0.0397  0.0406  0.0407  0.0406  0.0405  0.0407  0.0404  0.0401
  0.0411  0.0409  0.0407  0.0410  0.0407  0.0422  0.0414  0.0411  0.0408  0.0412  0.0406  0.0406
  0.0422  0.0416  0.0413  0.0446  0.0463  0.0450  0.0424  0.0420  0.0411  0.0420  0.0410  0.0417
niter,ni,del,rscale     3    3    5.0000    1.2000
parameters
   -1.1177    5.7415   10.9157   -8.4018  -41.9649   -9.4820
    3.5493   -7.2716   -4.5840   -2.3980    9.5339   36.3097
eta,q 0.95981 12.43948
  0.0421  0.0418  0.0413  0.0433  0.0431  0.0433  0.0423  0.0419  0.0411  0.0411  0.0409  0.0429
  0.0411  0.0409  0.0406  0.0422  0.0422  0.0422  0.0413  0.0412  0.0406  0.0406  0.0407  0.0420
  0.0404  0.0403  0.0403  0.0411  0.0412  0.0414  0.0406  0.0407  0.0404  0.0404  0.0405  0.0411
  0.0401  0.0401  0.0401  0.0401  0.0402  0.0403  0.0404  0.0404  0.0404  0.0404  0.0403  0.0403
  0.0404  0.0403  0.0403  0.0399  0.0398  0.0405  0.0407  0.0406  0.0405  0.0407  0.0403  0.0402
  0.0411  0.0408  0.0407  0.0410  0.0405  0.0421  0.0414  0.0411  0.0408  0.0412  0.0406  0.0407
  0.0421  0.0415  0.0413  0.0446  0.0460  0.0450  0.0424  0.0420  0.0412  0.0419  0.0410  0.0419
niter,ni,del,rscale     2    3    5.0000    1.2000
parameters
   -1.0811    5.8970   10.8890   -8.5147  -42.7252  -10.0514
    3.3514   -7.3218   -5.0310   -3.6761    9.8517   38.6147
eta,q 0.95976 12.41566
  0.0422  0.0419  0.0412  0.0433  0.0431  0.0433  0.0424  0.0419  0.0412  0.0412  0.0410  0.0430
  0.0411  0.0409  0.0407  0.0422  0.0422  0.0422  0.0413  0.0412  0.0407  0.0407  0.0407  0.0420
  0.0404  0.0404  0.0403  0.0411  0.0412  0.0414  0.0407  0.0407  0.0405  0.0404  0.0406  0.0411
  0.0402  0.0402  0.0402  0.0402  0.0402  0.0403  0.0405  0.0405  0.0405  0.0405  0.0404  0.0404
  0.0404  0.0404  0.0403  0.0400  0.0398  0.0404  0.0408  0.0406  0.0406  0.0407  0.0404  0.0402
  0.0411  0.0408  0.0407  0.0412  0.0405  0.0421  0.0415  0.0412  0.0409  0.0412  0.0406  0.0408
  0.0421  0.0415  0.0413  0.0447  0.0461  0.0450  0.0425  0.0420  0.0412  0.0418  0.0410  0.0420
niter,ni,del,rscale     1    3    5.0000    1.2000
parameters
   -1.0473    6.0310   10.8657   -8.6578  -43.6192  -10.6064
    3.1043   -7.4276   -5.4755   -4.7134   10.4100   40.7718
eta,q 0.95968 12.39253
  0.0423  0.0419  0.0413  0.0434  0.0430  0.0434  0.0424  0.0420  0.0413  0.0414  0.0411  0.0431
  0.0412  0.0410  0.0407  0.0423  0.0422  0.0423  0.0414  0.0413  0.0408  0.0408  0.0409  0.0421
  0.0405  0.0404  0.0404  0.0412  0.0412  0.0414  0.0407  0.0407  0.0405  0.0405  0.0407  0.0412
  0.0402  0.0402  0.0402  0.0402  0.0403  0.0404  0.0405  0.0405  0.0405  0.0405  0.0405  0.0405
  0.0405  0.0404  0.0404  0.0401  0.0400  0.0405  0.0408  0.0407  0.0407  0.0408  0.0404  0.0403
  0.0412  0.0409  0.0407  0.0413  0.0407  0.0421  0.0416  0.0413  0.0410  0.0412  0.0406  0.0408
  0.0422  0.0416  0.0413  0.0448  0.0461  0.0450  0.0426  0.0421  0.0413  0.0418  0.0411  0.0422
registration optimization eta report
parameter search radius
    2.7600    3.6501    3.1740   10.9503   14.4818   10.9503
    8.2800    7.2000    8.2800    8.2800    9.5220   14.4818
100000*second partial in parameter space
       26.       11.       10.        3.        2.        3.
        3.        3.        1.        2.        1.        1.
  0.0423  0.0419  0.0413  0.0434  0.0430  0.0434  0.0424  0.0420  0.0413  0.0414  0.0411  0.0431
  0.0412  0.0410  0.0407  0.0423  0.0422  0.0423  0.0414  0.0413  0.0408  0.0408  0.0409  0.0421
  0.0405  0.0404  0.0404  0.0412  0.0412  0.0414  0.0407  0.0407  0.0405  0.0405  0.0407  0.0412
  0.0402  0.0402  0.0402  0.0402  0.0403  0.0404  0.0405  0.0405  0.0405  0.0405  0.0405  0.0405
  0.0405  0.0404  0.0404  0.0401  0.0400  0.0405  0.0408  0.0407  0.0407  0.0408  0.0404  0.0403
  0.0412  0.0409  0.0407  0.0413  0.0407  0.0421  0.0416  0.0413  0.0410  0.0412  0.0406  0.0408
  0.0422  0.0416  0.0413  0.0448  0.0461  0.0450  0.0426  0.0421  0.0413  0.0418  0.0411  0.0422
   -1.0473    6.0310   10.8657   -8.6578  -43.6192  -10.6064
    3.1043   -7.4276   -5.4755   -4.7134   10.4100   40.7718
eta,q 0.95968 12.39253

---------------------------------------------------------------------
imgreg_4dfp /opt/freesurfer/average/711-2C_as_mni_average_305 /opt/freesurfer/average/711-2B_as_mni_average_305_mask talsrcimg_g11 none talsrcimg_to_711-2C_as_mni_average_305_t4 2311
---------------------------------------------------------------------

freesurfer imgreg_4dfp.c
/opt/freesurfer/average/711-2C_as_mni_average_305.4dfp.img
       256       256       256         1
  1.000000  1.000000  1.000000
orientation T byte_order littleendian
Reading image: /opt/freesurfer/average/711-2C_as_mni_average_305.4dfp.img
dimensions:      256       256       256
mmppix:       1.0000   -1.0000   -1.0000
center:     128.0000 -129.0000 -129.0000
/opt/freesurfer/average/711-2B_as_mni_average_305_mask.4dfp.img
       256       256       256         1
  1.000000  1.000000  1.000000
orientation T byte_order littleendian
Reading mask: /opt/freesurfer/average/711-2B_as_mni_average_305_mask.4dfp.img (2306576 pixels)
talsrcimg_g11.4dfp.img
       256       256       256         1
  1.000000  1.000000  1.000000
orientation T byte_order littleendian
Reading image: talsrcimg_g11.4dfp.img
dimensions:      256       256       256
mmppix:       1.0000   -1.0000   -1.0000
center:     128.0000 -129.0000 -129.0000
fimgreg.f
image alignment mode   2311 decimal      907 hex
parameters
   -1.0473    6.0310   10.8657   -8.6578  -43.6192  -10.6064
    3.1043   -7.4276   -5.4755   -4.7134   10.4100   40.7718
eta,q 0.95968 12.39253
niter,ni,del,rscale     5    3    5.0000    0.8000
parameter  4 -0.527441 -> -0.500000 qaram    1.1500
parameter 10  0.528674 ->  0.500000 qaram    1.1500
parameters
   -1.0462    6.0599   10.8933   -5.8978  -41.5472  -10.4120
    2.6666   -7.9736   -4.9465   -7.4734    9.0445   40.8435
eta,q 0.96017 12.49862
  0.0411  0.0407  0.0406  0.0416  0.0408  0.0410  0.0408  0.0407  0.0406  0.0400  0.0400  0.0402
  0.0406  0.0405  0.0404  0.0412  0.0405  0.0406  0.0403  0.0403  0.0402  0.0399  0.0399  0.0400
  0.0404  0.0404  0.0404  0.0407  0.0403  0.0403  0.0400  0.0400  0.0401  0.0399  0.0398  0.0399
  0.0403  0.0403  0.0403  0.0403  0.0401  0.0400  0.0400  0.0400  0.0400  0.0400  0.0398  0.0398
  0.0404  0.0404  0.0404  0.0401  0.0400  0.0400  0.0402  0.0402  0.0400  0.0402  0.0399  0.0399
  0.0407  0.0405  0.0404  0.0401  0.0401  0.0403  0.0405  0.0406  0.0401  0.0405  0.0401  0.0400
  0.0410  0.0406  0.0406  0.0404  0.0402  0.0410  0.0411  0.0411  0.0403  0.0410  0.0403  0.0402
niter,ni,del,rscale     6    3    5.0000    0.9000
parameter  5 -0.600522 -> -0.500000 qaram    1.1500
parameters
   -0.6739    5.4434   10.5593   -6.5383  -38.4422  -10.5775
    2.2975   -7.8514   -4.1880   -7.2667    7.6916   39.8550
eta,q 0.96047 12.56461
  0.0413  0.0399  0.0400  0.0410  0.0406  0.0407  0.0407  0.0408  0.0405  0.0405  0.0397  0.0398
  0.0406  0.0398  0.0398  0.0404  0.0403  0.0403  0.0400  0.0401  0.0400  0.0400  0.0396  0.0397
  0.0401  0.0397  0.0397  0.0399  0.0400  0.0399  0.0396  0.0397  0.0397  0.0397  0.0396  0.0396
  0.0398  0.0398  0.0397  0.0397  0.0397  0.0395  0.0396  0.0396  0.0396  0.0396  0.0396  0.0395
  0.0398  0.0400  0.0398  0.0399  0.0396  0.0396  0.0398  0.0397  0.0396  0.0396  0.0396  0.0396
  0.0400  0.0402  0.0400  0.0407  0.0396  0.0402  0.0402  0.0401  0.0398  0.0399  0.0398  0.0399
  0.0404  0.0406  0.0403  0.0420  0.0397  0.0411  0.0410  0.0407  0.0400  0.0404  0.0400  0.0402
niter,ni,del,rscale     6    3    5.0000    0.9000
parameters
   -0.5737    5.1875    9.9228   -6.8802  -37.1502  -10.3963
    2.1993   -7.5375   -3.5355   -6.4043    6.7079   39.0825
eta,q 0.96066 12.59358
  0.0407  0.0399  0.0396  0.0409  0.0406  0.0406  0.0406  0.0407  0.0402  0.0406  0.0395  0.0397
  0.0401  0.0397  0.0395  0.0402  0.0402  0.0402  0.0399  0.0400  0.0397  0.0399  0.0394  0.0395
  0.0397  0.0395  0.0395  0.0397  0.0398  0.0398  0.0395  0.0396  0.0395  0.0395  0.0393  0.0394
  0.0395  0.0395  0.0395  0.0395  0.0395  0.0394  0.0394  0.0394  0.0394  0.0394  0.0393  0.0393
  0.0396  0.0397  0.0397  0.0396  0.0394  0.0394  0.0395  0.0395  0.0394  0.0394  0.0394  0.0394
  0.0399  0.0399  0.0399  0.0402  0.0395  0.0399  0.0400  0.0398  0.0396  0.0396  0.0396  0.0396
  0.0404  0.0402  0.0401  0.0415  0.0401  0.0407  0.0406  0.0404  0.0399  0.0400  0.0398  0.0400
niter,ni,del,rscale     5    3    5.0000    0.8000
parameters
   -0.5595    5.0964    9.6725   -6.9133  -36.3330  -10.1082
    2.1978   -7.2469   -3.1424   -5.9917    6.1005   38.2195
eta,q 0.96078 12.61609
  0.0402  0.0397  0.0396  0.0405  0.0403  0.0404  0.0402  0.0403  0.0399  0.0401  0.0394  0.0395
  0.0397  0.0395  0.0394  0.0400  0.0399  0.0400  0.0397  0.0398  0.0395  0.0396  0.0393  0.0393
  0.0394  0.0394  0.0393  0.0395  0.0395  0.0396  0.0393  0.0394  0.0393  0.0393  0.0393  0.0392
  0.0393  0.0393  0.0393  0.0393  0.0393  0.0393  0.0392  0.0392  0.0392  0.0392  0.0392  0.0392
  0.0394  0.0394  0.0394  0.0394  0.0392  0.0393  0.0394  0.0393  0.0393  0.0393  0.0393  0.0393
  0.0397  0.0395  0.0396  0.0398  0.0394  0.0397  0.0397  0.0396  0.0394  0.0395  0.0394  0.0395
  0.0401  0.0398  0.0397  0.0407  0.0400  0.0404  0.0402  0.0401  0.0397  0.0399  0.0396  0.0398
niter,ni,del,rscale     4    3    5.0000    0.7000
parameters
   -0.5610    5.0474    9.6117   -6.8729  -35.7263   -9.7767
    2.2078   -7.0808   -2.8591   -5.6589    5.8109   37.3387
eta,q 0.96085 12.63708
  0.0398  0.0395  0.0395  0.0401  0.0400  0.0402  0.0399  0.0400  0.0396  0.0399  0.0393  0.0393
  0.0395  0.0393  0.0393  0.0397  0.0397  0.0398  0.0395  0.0395  0.0394  0.0394  0.0392  0.0392
  0.0393  0.0393  0.0392  0.0394  0.0394  0.0394  0.0392  0.0393  0.0392  0.0392  0.0392  0.0392
  0.0392  0.0392  0.0392  0.0392  0.0392  0.0392  0.0392  0.0392  0.0392  0.0392  0.0392  0.0392
  0.0393  0.0393  0.0393  0.0393  0.0392  0.0392  0.0392  0.0392  0.0392  0.0392  0.0392  0.0392
  0.0395  0.0394  0.0394  0.0396  0.0393  0.0395  0.0395  0.0395  0.0393  0.0394  0.0393  0.0394
  0.0398  0.0396  0.0395  0.0402  0.0398  0.0401  0.0399  0.0399  0.0395  0.0397  0.0394  0.0396
niter,ni,del,rscale     3    3    5.0000    0.6000
parameters
   -0.5648    5.0110    9.6234   -6.7797  -35.2621   -9.4629
    2.1961   -6.9843   -2.6656   -5.3590    5.6561   36.5196
eta,q 0.96090 12.65646
  0.0396  0.0394  0.0394  0.0399  0.0397  0.0400  0.0397  0.0397  0.0395  0.0396  0.0393  0.0392
  0.0393  0.0392  0.0392  0.0395  0.0395  0.0396  0.0393  0.0394  0.0393  0.0393  0.0392  0.0391
  0.0392  0.0392  0.0392  0.0393  0.0393  0.0393  0.0392  0.0392  0.0392  0.0392  0.0391  0.0391
  0.0391  0.0391  0.0391  0.0392  0.0391  0.0391  0.0391  0.0391  0.0391  0.0391  0.0391  0.0391
  0.0392  0.0392  0.0392  0.0392  0.0391  0.0391  0.0392  0.0392  0.0391  0.0391  0.0391  0.0392
  0.0394  0.0393  0.0392  0.0394  0.0392  0.0394  0.0394  0.0393  0.0392  0.0393  0.0392  0.0393
  0.0396  0.0394  0.0393  0.0399  0.0396  0.0398  0.0397  0.0396  0.0394  0.0395  0.0393  0.0395
niter,ni,del,rscale     2    3    5.0000    0.5000
parameters
   -0.5649    4.9643    9.6880   -6.6865  -34.8841   -9.1715
    2.1858   -6.9226   -2.5150   -5.0947    5.6338   35.7926
eta,q 0.96093 12.67546
  0.0394  0.0393  0.0393  0.0396  0.0395  0.0397  0.0395  0.0395  0.0393  0.0394  0.0392  0.0392
  0.0392  0.0392  0.0392  0.0394  0.0393  0.0394  0.0392  0.0393  0.0392  0.0392  0.0391  0.0391
  0.0391  0.0391  0.0391  0.0392  0.0392  0.0392  0.0391  0.0391  0.0391  0.0391  0.0391  0.0391
  0.0391  0.0391  0.0391  0.0391  0.0391  0.0391  0.0391  0.0391  0.0391  0.0391  0.0391  0.0391
  0.0391  0.0391  0.0391  0.0391  0.0391  0.0391  0.0391  0.0391  0.0391  0.0391  0.0391  0.0391
  0.0392  0.0392  0.0392  0.0393  0.0392  0.0393  0.0392  0.0392  0.0392  0.0392  0.0391  0.0392
  0.0394  0.0393  0.0392  0.0396  0.0394  0.0395  0.0395  0.0395  0.0393  0.0393  0.0392  0.0393
niter,ni,del,rscale     1    3    5.0000    0.4000
parameters
   -0.5712    4.9206    9.7725   -6.6167  -34.5991   -8.9360
    2.1677   -6.9022   -2.4005   -4.9071    5.6836   35.2305
eta,q 0.96095 12.69086
  0.0393  0.0392  0.0392  0.0394  0.0393  0.0395  0.0393  0.0393  0.0392  0.0393  0.0391  0.0391
  0.0392  0.0391  0.0391  0.0392  0.0392  0.0393  0.0392  0.0392  0.0391  0.0392  0.0391  0.0391
  0.0391  0.0391  0.0391  0.0391  0.0391  0.0391  0.0391  0.0391  0.0391  0.0391  0.0391  0.0390
  0.0391  0.0391  0.0391  0.0391  0.0391  0.0391  0.0390  0.0391  0.0391  0.0390  0.0391  0.0391
  0.0391  0.0391  0.0391  0.0391  0.0391  0.0391  0.0391  0.0391  0.0391  0.0391  0.0391  0.0391
  0.0392  0.0391  0.0391  0.0392  0.0391  0.0392  0.0392  0.0392  0.0391  0.0391  0.0391  0.0391
  0.0393  0.0392  0.0391  0.0394  0.0393  0.0394  0.0393  0.0393  0.0392  0.0392  0.0391  0.0392
registration optimization eta report
parameter search radius
    0.8000    0.8000    0.8000    2.7600    2.7600    2.4000
    2.4000    2.4000    2.4000    2.7600    2.4000    2.4000
100000*second partial in parameter space
       32.       17.       15.        4.        3.        6.
        4.        4.        2.        3.        1.        2.
  0.0393  0.0392  0.0392  0.0394  0.0393  0.0395  0.0393  0.0393  0.0392  0.0393  0.0391  0.0391
  0.0392  0.0391  0.0391  0.0392  0.0392  0.0393  0.0392  0.0392  0.0391  0.0392  0.0391  0.0391
  0.0391  0.0391  0.0391  0.0391  0.0391  0.0391  0.0391  0.0391  0.0391  0.0391  0.0391  0.0390
  0.0391  0.0391  0.0391  0.0391  0.0391  0.0391  0.0390  0.0391  0.0391  0.0390  0.0391  0.0391
  0.0391  0.0391  0.0391  0.0391  0.0391  0.0391  0.0391  0.0391  0.0391  0.0391  0.0391  0.0391
  0.0392  0.0391  0.0391  0.0392  0.0391  0.0392  0.0392  0.0392  0.0391  0.0391  0.0391  0.0391
  0.0393  0.0392  0.0391  0.0394  0.0393  0.0394  0.0393  0.0393  0.0392  0.0392  0.0391  0.0392
   -0.5712    4.9206    9.7725   -6.6167  -34.5991   -8.9360
    2.1677   -6.9022   -2.4005   -4.9071    5.6836   35.2305
eta,q 0.96095 12.69086

---------------------------------------------------------------------
imgreg_4dfp /opt/freesurfer/average/711-2C_as_mni_average_305 /opt/freesurfer/average/711-2B_as_mni_average_305_mask talsrcimg_g11 none talsrcimg_to_711-2C_as_mni_average_305_t4 2311
---------------------------------------------------------------------

freesurfer imgreg_4dfp.c
/opt/freesurfer/average/711-2C_as_mni_average_305.4dfp.img
       256       256       256         1
  1.000000  1.000000  1.000000
orientation T byte_order littleendian
Reading image: /opt/freesurfer/average/711-2C_as_mni_average_305.4dfp.img
dimensions:      256       256       256
mmppix:       1.0000   -1.0000   -1.0000
center:     128.0000 -129.0000 -129.0000
/opt/freesurfer/average/711-2B_as_mni_average_305_mask.4dfp.img
       256       256       256         1
  1.000000  1.000000  1.000000
orientation T byte_order littleendian
Reading mask: /opt/freesurfer/average/711-2B_as_mni_average_305_mask.4dfp.img (2306576 pixels)
talsrcimg_g11.4dfp.img
       256       256       256         1
  1.000000  1.000000  1.000000
orientation T byte_order littleendian
Reading image: talsrcimg_g11.4dfp.img
dimensions:      256       256       256
mmppix:       1.0000   -1.0000   -1.0000
center:     128.0000 -129.0000 -129.0000
fimgreg.f
image alignment mode   2311 decimal      907 hex
parameters
   -0.5712    4.9206    9.7725   -6.6167  -34.5991   -8.9360
    2.1677   -6.9022   -2.4005   -4.9071    5.6836   35.2305
eta,q 0.96095 12.69086
niter,ni,del,rscale     5    3    5.0000    0.8000
parameters
   -0.5397    4.9105    9.8547   -6.9857  -34.9192   -8.9576
    2.1445   -6.8781   -2.4104   -4.5602    5.8113   35.2526
eta,q 0.96094 12.67299
  0.0399  0.0395  0.0395  0.0398  0.0397  0.0402  0.0400  0.0400  0.0396  0.0398  0.0393  0.0395
  0.0394  0.0392  0.0392  0.0394  0.0394  0.0397  0.0395  0.0395  0.0393  0.0394  0.0392  0.0393
  0.0391  0.0391  0.0391  0.0392  0.0392  0.0393  0.0392  0.0392  0.0391  0.0391  0.0391  0.0391
  0.0390  0.0390  0.0390  0.0390  0.0391  0.0391  0.0391  0.0391  0.0391  0.0391  0.0391  0.0391
  0.0391  0.0391  0.0391  0.0391  0.0391  0.0392  0.0392  0.0392  0.0391  0.0391  0.0391  0.0391
  0.0394  0.0393  0.0392  0.0395  0.0394  0.0396  0.0395  0.0395  0.0393  0.0393  0.0392  0.0392
  0.0398  0.0395  0.0394  0.0402  0.0401  0.0403  0.0400  0.0400  0.0396  0.0396  0.0393  0.0395
niter,ni,del,rscale     4    3    5.0000    0.7000
parameters
   -0.5650    4.9555    9.8764   -6.7882  -34.9317   -8.8841
    2.1596   -6.8822   -2.4520   -4.6348    5.8172   35.1309
eta,q 0.96095 12.67685
  0.0397  0.0394  0.0394  0.0398  0.0396  0.0400  0.0398  0.0398  0.0395  0.0395  0.0393  0.0393
  0.0393  0.0392  0.0392  0.0395  0.0393  0.0396  0.0394  0.0394  0.0392  0.0392  0.0391  0.0392
  0.0391  0.0391  0.0391  0.0392  0.0392  0.0392  0.0391  0.0391  0.0391  0.0391  0.0391  0.0391
  0.0391  0.0391  0.0391  0.0391  0.0391  0.0391  0.0390  0.0390  0.0391  0.0391  0.0390  0.0390
  0.0391  0.0391  0.0391  0.0391  0.0391  0.0391  0.0391  0.0391  0.0391  0.0391  0.0391  0.0391
  0.0394  0.0392  0.0392  0.0393  0.0392  0.0395  0.0394  0.0394  0.0392  0.0392  0.0391  0.0392
  0.0397  0.0394  0.0393  0.0397  0.0397  0.0401  0.0398  0.0398  0.0395  0.0395  0.0393  0.0394
niter,ni,del,rscale     3    3    5.0000    0.6000
parameters
   -0.5659    4.9278    9.9118   -6.6409  -34.7705   -8.7664
    2.1701   -6.8900   -2.4243   -4.6522    5.8179   34.8893
eta,q 0.96096 12.68856
  0.0395  0.0393  0.0393  0.0396  0.0395  0.0398  0.0396  0.0396  0.0394  0.0394  0.0392  0.0392
  0.0392  0.0391  0.0392  0.0393  0.0393  0.0395  0.0393  0.0393  0.0392  0.0392  0.0391  0.0391
  0.0391  0.0391  0.0391  0.0391  0.0391  0.0392  0.0391  0.0391  0.0391  0.0391  0.0391  0.0391
  0.0391  0.0391  0.0391  0.0391  0.0390  0.0390  0.0390  0.0390  0.0390  0.0390  0.0390  0.0390
  0.0391  0.0391  0.0391  0.0391  0.0390  0.0391  0.0391  0.0391  0.0391  0.0391  0.0391  0.0391
  0.0393  0.0392  0.0391  0.0392  0.0392  0.0394  0.0393  0.0393  0.0392  0.0392  0.0391  0.0392
  0.0395  0.0393  0.0392  0.0396  0.0395  0.0398  0.0396  0.0396  0.0393  0.0394  0.0392  0.0393
niter,ni,del,rscale     2    3    5.0000    0.5000
parameters
   -0.5721    4.8831    9.9561   -6.5688  -34.5742   -8.6523
    2.1685   -6.8996   -2.3868   -4.6138    5.8907   34.6017
eta,q 0.96097 12.69990
  0.0394  0.0392  0.0392  0.0394  0.0393  0.0396  0.0394  0.0394  0.0393  0.0393  0.0391  0.0392
  0.0392  0.0391  0.0391  0.0392  0.0392  0.0393  0.0392  0.0392  0.0391  0.0391  0.0391  0.0391
  0.0391  0.0391  0.0391  0.0391  0.0391  0.0391  0.0391  0.0391  0.0391  0.0391  0.0390  0.0390
  0.0390  0.0390  0.0390  0.0390  0.0390  0.0390  0.0390  0.0390  0.0390  0.0390  0.0390  0.0390
  0.0391  0.0391  0.0391  0.0391  0.0390  0.0391  0.0391  0.0391  0.0391  0.0391  0.0390  0.0391
  0.0392  0.0391  0.0391  0.0392  0.0391  0.0393  0.0392  0.0392  0.0391  0.0391  0.0391  0.0391
  0.0394  0.0392  0.0392  0.0394  0.0393  0.0396  0.0394  0.0394  0.0392  0.0393  0.0391  0.0392
niter,ni,del,rscale     1    3    5.0000    0.4000
parameters
   -0.5803    4.8550    9.9988   -6.5441  -34.3957   -8.5526
    2.1448   -6.9262   -2.3377   -4.5896    5.9359   34.3978
eta,q 0.96097 12.70886
  0.0392  0.0391  0.0391  0.0393  0.0392  0.0394  0.0393  0.0393  0.0392  0.0392  0.0391  0.0391
  0.0391  0.0391  0.0391  0.0392  0.0391  0.0392  0.0391  0.0391  0.0391  0.0391  0.0391  0.0391
  0.0391  0.0390  0.0390  0.0391  0.0391  0.0391  0.0391  0.0391  0.0390  0.0390  0.0390  0.0390
  0.0390  0.0390  0.0390  0.0390  0.0390  0.0390  0.0390  0.0390  0.0390  0.0390  0.0390  0.0390
  0.0391  0.0391  0.0390  0.0391  0.0390  0.0391  0.0391  0.0391  0.0390  0.0390  0.0390  0.0390
  0.0391  0.0391  0.0391  0.0391  0.0391  0.0392  0.0391  0.0391  0.0391  0.0391  0.0391  0.0391
  0.0392  0.0392  0.0391  0.0393  0.0392  0.0394  0.0393  0.0393  0.0392  0.0392  0.0391  0.0392
registration optimization eta report
parameter search radius
    0.8000    0.8000    0.8000    2.4000    2.4000    2.4000
    2.4000    2.4000    2.4000    2.4000    2.4000    2.4000
100000*second partial in parameter space
       32.       17.       14.        4.        3.        6.
        4.        4.        2.        3.        1.        2.
  0.0392  0.0391  0.0391  0.0393  0.0392  0.0394  0.0393  0.0393  0.0392  0.0392  0.0391  0.0391
  0.0391  0.0391  0.0391  0.0392  0.0391  0.0392  0.0391  0.0391  0.0391  0.0391  0.0391  0.0391
  0.0391  0.0390  0.0390  0.0391  0.0391  0.0391  0.0391  0.0391  0.0390  0.0390  0.0390  0.0390
  0.0390  0.0390  0.0390  0.0390  0.0390  0.0390  0.0390  0.0390  0.0390  0.0390  0.0390  0.0390
  0.0391  0.0391  0.0390  0.0391  0.0390  0.0391  0.0391  0.0391  0.0390  0.0390  0.0390  0.0390
  0.0391  0.0391  0.0391  0.0391  0.0391  0.0392  0.0391  0.0391  0.0391  0.0391  0.0391  0.0391
  0.0392  0.0392  0.0391  0.0393  0.0392  0.0394  0.0393  0.0393  0.0392  0.0392  0.0391  0.0392
   -0.5803    4.8550    9.9988   -6.5441  -34.3957   -8.5526
    2.1448   -6.9262   -2.3377   -4.5896    5.9359   34.3978
eta,q 0.96097 12.70886

---------------------------------------------------------------------
compute_vox2vox talsrcimg talsrcimg_to_711-2C_as_mni_average_305_t4 /opt/freesurfer/average/711-2C_as_mni_average_305
---------------------------------------------------------------------

freesurfer compute_vox2vox.c
Reading: talsrcimg.4dfp.ifh
Reading: talsrcimg_to_711-2C_as_mni_average_305_t4
Reading: /opt/freesurfer/average/711-2C_as_mni_average_305.4dfp.ifh
Writing: talsrcimg_to_711-2C_as_mni_average_305_t4_vox2vox.txt

start time Mon Mar 9 08:55:58 CET 2026
end		time Mon Mar 9 08:57:25 CET 2026

mpr2mni305 success

avi2talxfm orig_nu.mgz /opt/freesurfer/average/mni305.cor.mgz talsrcimg_to_711-2C_as_mni_average_305_t4_vox2vox.txt transforms/talairach.auto.xfm
avi2talxfm done
mv -f /out/sourcedata/freesurfer/sub-v1s20x0050345_ses-1/mri/talsrcimg_to_711-2C_as_mni_average_305_t4_vox2vox.txt /out/sourcedata/freesurfer/sub-v1s20x0050345_ses-1/mri/transforms/talsrcimg_to_711-2C_as_mni_average_305_t4_vox2vox.txt
lta_convert --src orig_nu.mgz --trg /opt/freesurfer/average/mni305.cor.mgz --inxfm transforms/talairach.auto.xfm --outlta transforms/talairach.auto.xfm.lta --subject fsaverage
7.3.2

--src: orig_nu.mgz src image (geometry).
--trg: /opt/freesurfer/average/mni305.cor.mgz trg image (geometry).
--inmni: transforms/talairach.auto.xfm input MNI/XFM transform.
--outlta: transforms/talairach.auto.xfm.lta output LTA.
--s: fsaverage subject name
 LTA read, type : 1
 1.06327   0.07677  -0.07501  -0.23602;
-0.08113   1.05963  -0.55294  -8.00777;
 0.03221   0.07687   1.48293  -8.96606;
 0.00000   0.00000   0.00000   1.00000;
setting subject to fsaverage
Writing  LTA to file transforms/talairach.auto.xfm.lta...
lta_convert successful.
 
 
Started at Mon Mar 9 08:55:57 CET 2026
Ended   at Mon Mar  9 08:57:25 CET 2026
talairach_avi done
