/out/sourcedata/freesurfer/sub-v1s20x0050302_ses-1/mri
/opt/freesurfer/bin/talairach_avi
--i orig_nu.mgz --xfm transforms/talairach.auto.xfm
talairach_avi 7.3.2
Linux dna062 5.14.0-427.37.1.el9_4.x86_64 #1 SMP PREEMPT_DYNAMIC Fri Sep 13 12:41:50 EDT 2024 x86_64 x86_64 x86_64 GNU/Linux
Mon Mar  9 07:24:20 CET 2026
mri_convert orig_nu.mgz talsrcimg.img 
reading from orig_nu.mgz...
TR=0.00, TE=0.00, TI=0.00, flip angle=0.00
i_ras = (-1, 0, 0)
j_ras = (0, 0, -1)
k_ras = (0, 1, 0)
writing to talsrcimg.img...
Analyze Output Matrix
-1.00000   0.00000   0.00000   129.50778;
 0.00000   0.00000   1.00000  -128.49219;
 0.00000  -1.00000   0.00000   129.70001;
 0.00000   0.00000   0.00000   1.00000;
--------------------
INFO: set hdr.hist.orient to -1
mpr2mni305 talsrcimg
Mon Mar  9 07:24:20 CET 2026
/opt/freesurfer/bin/mpr2mni305 talsrcimg
mpr2mni305 7.3.2
target=711-2C_as_mni_average_305

---------------------------------------------------------------------
analyzeto4dfp talsrcimg -O0 -y
---------------------------------------------------------------------

freesurfer ifh2hdr.c
Mon Mar  9 07:24:21 2026
Writing: talsrcimg.4dfp.hdr
freesurfer analyzeto4dfp.c
Reading: talsrcimg.hdr
header size 348 bytes
hdr.dime.datatype	offset=70	value=2
hdr.dime.bitpix		offset=72	value=8
hdr.hist.orient		offset=252	value=-1
dimensionality     4
dimensions       256       256       256         1
Reading: talsrcimg.img
Writing: talsrcimg.4dfp.img
Writing: talsrcimg.4dfp.ifh
ifh2hdr talsrcimg -r0to249
ori=2

---------------------------------------------------------------------
gauss_4dfp talsrcimg 1.1
---------------------------------------------------------------------

freesurfer gauss_4dfp.c
Reading: talsrcimg.4dfp.img
Writing: talsrcimg_g11.4dfp.img
image dimensions 256 256 256 padded to 288 288 288
processing volume 1freesurfer ifh2hdr.c
Mon Mar  9 07:24:22 2026
Writing: talsrcimg_g11.4dfp.hdr

Writing: talsrcimg_g11.4dfp.ifh
including: talsrcimg.4dfp.img.rec in talsrcimg_g11.4dfp.img.rec

---------------------------------------------------------------------
imgreg_4dfp /opt/freesurfer/average/711-2C_as_mni_average_305 none talsrcimg_g11 none talsrcimg_to_711-2C_as_mni_average_305_t4 4355
---------------------------------------------------------------------

freesurfer imgreg_4dfp.c
/opt/freesurfer/average/711-2C_as_mni_average_305.4dfp.img
       256       256       256         1
  1.000000  1.000000  1.000000
orientation T byte_order littleendian
Reading image: /opt/freesurfer/average/711-2C_as_mni_average_305.4dfp.img
dimensions:      256       256       256
mmppix:       1.0000   -1.0000   -1.0000
center:     128.0000 -129.0000 -129.0000
talsrcimg_g11.4dfp.img
       256       256       256         1
  1.000000  1.000000  1.000000
orientation T byte_order littleendian
Reading image: talsrcimg_g11.4dfp.img
dimensions:      256       256       256
mmppix:       1.0000   -1.0000   -1.0000
center:     128.0000 -129.0000 -129.0000
t4_read: open error in t4_sub.f l:  41 t4_file(1:l)talsrcimg_to_711-2C_as_mni_average_305_t4 
t4_read: transform initialized to I4
rotation matrix determinant  1.000000
image alignment mode   4355 decimal     1103 hex
   -7.5000  -45.0000  -45.0000 6418.8682   28.6060
    0.0000  -45.0000  -45.0000 6625.9077   28.5481
    7.5000  -45.0000  -45.0000 6305.5264   28.5406
   -7.5000  -37.5000  -45.0000 6899.0405   28.6162
    0.0000  -37.5000  -45.0000 7119.1021   28.5760
    7.5000  -37.5000  -45.0000 6776.4380   28.5853
   -7.5000  -30.0000  -45.0000 7628.0068   28.5763
    0.0000  -30.0000  -45.0000 7872.5649   28.5522
    7.5000  -30.0000  -45.0000 7474.3906   28.5653
   -7.5000  -22.5000  -45.0000 8355.0303   28.5317
    0.0000  -22.5000  -45.0000 8615.3740   28.5046
    7.5000  -22.5000  -45.0000 8153.9390   28.5046
   -7.5000  -15.0000  -45.0000 8954.4590   28.5197
    0.0000  -15.0000  -45.0000 9238.1211   28.4771
    7.5000  -15.0000  -45.0000 8725.9521   28.4602
   -7.5000   -7.5000  -45.0000 9510.2568   28.5543
    0.0000   -7.5000  -45.0000 9801.3496   28.4968
    7.5000   -7.5000  -45.0000 9262.2490   28.4762
   -7.5000    0.0000  -45.000010029.0830   28.6060
    0.0000    0.0000  -45.000010348.2246   28.5481
    7.5000    0.0000  -45.0000 9773.3857   28.5406
   -7.5000    7.5000  -45.0000 9722.0947   28.6162
    0.0000    7.5000  -45.000010047.4014   28.5760
    7.5000    7.5000  -45.0000 9510.3516   28.5853
   -7.5000   15.0000  -45.0000 9350.1357   28.5763
    0.0000   15.0000  -45.0000 9664.7432   28.5522
    7.5000   15.0000  -45.0000 9200.5000   28.5653
   -7.5000   22.5000  -45.0000 8961.5342   28.5278
    0.0000   22.5000  -45.0000 9283.8779   28.5006
    7.5000   22.5000  -45.0000 8819.2529   28.5007
   -7.5000   30.0000  -45.0000 8606.8193   28.1397
    0.0000   30.0000  -45.0000 8901.6016   28.0976
    7.5000   30.0000  -45.0000 8435.4082   28.0809
   -7.5000   37.5000  -45.0000 8265.4951   28.1738
    0.0000   37.5000  -45.0000 8550.3018   28.1170
    7.5000   37.5000  -45.0000 8074.9795   28.0967
   -7.5000   45.0000  -45.0000 7599.9517   27.5081
    0.0000   45.0000  -45.0000 7853.7461   27.4524
    7.5000   45.0000  -45.0000 7395.1445   27.4452
   -7.5000  -45.0000  -37.5000 6908.6367   28.2335
    0.0000  -45.0000  -37.5000 7114.5986   28.1573
    7.5000  -45.0000  -37.5000 6745.1802   28.1422
   -7.5000  -37.5000  -37.5000 7446.0752   28.2576
    0.0000  -37.5000  -37.5000 7663.5791   28.1987
    7.5000  -37.5000  -37.5000 7249.0493   28.1948
   -7.5000  -30.0000  -37.5000 8215.1992   28.2404
    0.0000  -30.0000  -37.5000 8460.4893   28.1987
    7.5000  -30.0000  -37.5000 7989.5049   28.1951
   -7.5000  -22.5000  -37.5000 8980.1338   28.1999
    0.0000  -22.5000  -37.5000 9260.5986   28.1568
    7.5000  -22.5000  -37.5000 8721.5781   28.1442
   -7.5000  -15.0000  -37.5000 9623.6191   28.1762
    0.0000  -15.0000  -37.5000 9917.9043   28.1167
    7.5000  -15.0000  -37.5000 9333.2568   28.0928
   -7.5000   -7.5000  -37.500010175.4375   28.1926
    0.0000   -7.5000  -37.500010480.9600   28.1170
    7.5000   -7.5000  -37.5000 9881.9854   28.0909
   -7.5000    0.0000  -37.500010678.0352   28.2335
    0.0000    0.0000  -37.500011012.4912   28.1573
    7.5000    0.0000  -37.500010385.8262   28.1422
   -7.5000    7.5000  -37.500010363.4199   28.2576
    0.0000    7.5000  -37.500010694.1484   28.1987
    7.5000    7.5000  -37.500010088.4385   28.1948
   -7.5000   15.0000  -37.5000 9980.4297   28.2404
    0.0000   15.0000  -37.500010311.8545   28.1987
    7.5000   15.0000  -37.5000 9731.8838   28.1951
   -7.5000   22.5000  -37.5000 9559.5449   28.1960
    0.0000   22.5000  -37.5000 9890.5752   28.1529
    7.5000   22.5000  -37.5000 9326.9014   28.1403
   -7.5000   30.0000  -37.5000 9134.5752   27.8007
    0.0000   30.0000  -37.5000 9431.5000   27.7420
    7.5000   30.0000  -37.5000 8889.8037   27.7184
   -7.5000   37.5000  -37.5000 8716.8750   27.8169
    0.0000   37.5000  -37.5000 9012.5879   27.7423
    7.5000   37.5000  -37.5000 8495.3164   27.7165
   -7.5000   45.0000  -37.5000 7983.0967   27.1499
    0.0000   45.0000  -37.5000 8258.2090   27.0766
    7.5000   45.0000  -37.5000 7790.8291   27.0621
   -7.5000  -45.0000  -30.0000 7597.9028   29.4609
    0.0000  -45.0000  -30.0000 7824.1064   29.3494
    7.5000  -45.0000  -30.0000 7398.3057   29.3098
   -7.5000  -37.5000  -30.0000 8204.9697   29.5161
    0.0000  -37.5000  -30.0000 8440.4863   29.4094
    7.5000  -37.5000  -30.0000 7958.7017   29.3735
   -7.5000  -30.0000  -30.0000 9043.7920   29.5066
    0.0000  -30.0000  -30.0000 9305.6064   29.4153
    7.5000  -30.0000  -30.0000 8762.8232   29.3851
   -7.5000  -22.5000  -30.0000 9861.7031   29.4369
    0.0000  -22.5000  -30.000010149.6025   29.3567
    7.5000  -22.5000  -30.0000 9538.8965   29.3320
   -7.5000  -15.0000  -30.000010561.1221   29.3828
    0.0000  -15.0000  -30.000010852.0791   29.2984
    7.5000  -15.0000  -30.000010190.7705   29.2706
   -7.5000   -7.5000  -30.000011169.2695   29.3971
    0.0000   -7.5000  -30.000011455.0225   29.2970
    7.5000   -7.5000  -30.000010773.9531   29.2598
   -7.5000    0.0000  -30.000011669.6396   29.4609
    0.0000    0.0000  -30.000011981.1035   29.3494
    7.5000    0.0000  -30.000011295.2520   29.3098
   -7.5000    7.5000  -30.000011308.3262   29.5161
    0.0000    7.5000  -30.000011627.4268   29.4094
    7.5000    7.5000  -30.000010954.4717   29.3735
   -7.5000   15.0000  -30.000010846.3428   29.5066
    0.0000   15.0000  -30.000011221.0977   29.4153
    7.5000   15.0000  -30.000010539.4033   29.3851
   -7.5000   22.5000  -30.000010376.7305   29.4299
    0.0000   22.5000  -30.000010720.6113   29.3496
    7.5000   22.5000  -30.000010082.6084   29.3250
   -7.5000   30.0000  -30.0000 9910.0381   28.9940
    0.0000   30.0000  -30.000010176.8730   28.9108
    7.5000   30.0000  -30.0000 9577.2344   28.8833
   -7.5000   37.5000  -30.0000 9403.0254   29.0081
    0.0000   37.5000  -30.0000 9673.3164   28.9094
    7.5000   37.5000  -30.0000 9135.6855   28.8726
   -7.5000   45.0000  -30.0000 8588.2656   28.3510
    0.0000   45.0000  -30.0000 8858.4424   28.2437
    7.5000   45.0000  -30.0000 8330.0488   28.2056
   -7.5000  -45.0000  -22.5000 8340.8057   30.5388
    0.0000  -45.0000  -22.5000 8566.4805   30.4154
    7.5000  -45.0000  -22.5000 8073.9873   30.3580
   -7.5000  -37.5000  -22.5000 8974.6768   30.6069
    0.0000  -37.5000  -22.5000 9215.7109   30.4750
    7.5000  -37.5000  -22.5000 8668.6631   30.4200
   -7.5000  -30.0000  -22.5000 9876.9082   30.5827
    0.0000  -30.0000  -22.500010116.5225   30.4623
    7.5000  -30.0000  -22.5000 9506.0410   30.4238
   -7.5000  -22.5000  -22.500010750.0869   30.4839
    0.0000  -22.5000  -22.500011023.4609   30.3852
    7.5000  -22.5000  -22.500010337.2969   30.3649
   -7.5000  -15.0000  -22.500011489.5850   30.4153
    0.0000  -15.0000  -22.500011753.0996   30.3265
    7.5000  -15.0000  -22.500011037.8506   30.3059
   -7.5000   -7.5000  -22.500012153.3545   30.4458
    0.0000   -7.5000  -22.500012410.0801   30.3440
    7.5000   -7.5000  -22.500011664.5166   30.3027
   -7.5000    0.0000  -22.500012700.9043   30.5388
    0.0000    0.0000  -22.500012979.2607   30.4154
    7.5000    0.0000  -22.500012219.6514   30.3580
   -7.5000    7.5000  -22.500012270.9434   30.6069
    0.0000    7.5000  -22.500012548.5010   30.4750
    7.5000    7.5000  -22.500011827.1240   30.4200
   -7.5000   15.0000  -22.500011766.0518   30.5827
    0.0000   15.0000  -22.500012080.7529   30.4623
    7.5000   15.0000  -22.500011381.8350   30.4238
   -7.5000   22.5000  -22.500011219.6572   30.4745
    0.0000   22.5000  -22.500011537.6650   30.3759
    7.5000   22.5000  -22.500010841.5029   30.3556
   -7.5000   30.0000  -22.500010654.1348   30.0175
    0.0000   30.0000  -22.500010915.9023   29.9299
    7.5000   30.0000  -22.500010261.5146   29.9095
   -7.5000   37.5000  -22.500010128.5713   30.0475
    0.0000   37.5000  -22.500010383.2803   29.9470
    7.5000   37.5000  -22.5000 9773.9834   29.9063
   -7.5000   45.0000  -22.5000 9243.3955   29.4103
    0.0000   45.0000  -22.5000 9484.9932   29.2915
    7.5000   45.0000  -22.5000 8915.2812   29.2362
   -7.5000  -45.0000  -15.0000 9056.1543   31.3032
    0.0000  -45.0000  -15.0000 9285.7871   31.1963
    7.5000  -45.0000  -15.0000 8775.8975   31.1397
   -7.5000  -37.5000  -15.0000 9754.0869   31.3596
    0.0000  -37.5000  -15.0000 9962.6729   31.2428
    7.5000  -37.5000  -15.0000 9389.8877   31.1957
   -7.5000  -30.0000  -15.000010729.8896   31.3131
    0.0000  -30.0000  -15.000010934.0635   31.2053
    7.5000  -30.0000  -15.000010283.5156   31.1813
   -7.5000  -22.5000  -15.000011618.7881   31.2075
    0.0000  -22.5000  -15.000011863.1533   31.1206
    7.5000  -22.5000  -15.000011143.2256   31.1127
   -7.5000  -15.0000  -15.000012375.8994   31.1490
    0.0000  -15.0000  -15.000012635.0420   31.0748
    7.5000  -15.0000  -15.000011887.3486   31.0600
   -7.5000   -7.5000  -15.000013116.0488   31.1981
    0.0000   -7.5000  -15.000013336.3311   31.1131
    7.5000   -7.5000  -15.000012544.1992   31.0729
   -7.5000    0.0000  -15.000013751.2256   31.3032
    0.0000    0.0000  -15.000013966.5674   31.1963
    7.5000    0.0000  -15.000013131.2783   31.1397
   -7.5000    7.5000  -15.000013296.7217   31.3596
    0.0000    7.5000  -15.000013524.7041   31.2428
    7.5000    7.5000  -15.000012737.3779   31.1957
   -7.5000   15.0000  -15.000012724.4590   31.3131
    0.0000   15.0000  -15.000012982.5918   31.2053
    7.5000   15.0000  -15.000012246.1396   31.1813
   -7.5000   22.5000  -15.000012086.9336   31.1964
    0.0000   22.5000  -15.000012340.1719   31.1096
    7.5000   22.5000  -15.000011629.5527   31.1017
   -7.5000   30.0000  -15.000011430.0146   30.7458
    0.0000   30.0000  -15.000011659.9307   30.6727
    7.5000   30.0000  -15.000010977.0215   30.6581
   -7.5000   37.5000  -15.000010833.7617   30.7944
    0.0000   37.5000  -15.000011054.2520   30.7105
    7.5000   37.5000  -15.000010426.0527   30.6707
   -7.5000   45.0000  -15.0000 9870.2207   30.1648
    0.0000   45.0000  -15.000010090.1787   30.0617
    7.5000   45.0000  -15.0000 9477.0771   30.0072
   -7.5000  -45.0000   -7.5000 9825.6455   31.6248
    0.0000  -45.0000   -7.500010062.4219   31.5478
    7.5000  -45.0000   -7.5000 9472.2744   31.5163
   -7.5000  -37.5000   -7.500010579.3975   31.6505
    0.0000  -37.5000   -7.500010799.6963   31.5769
    7.5000  -37.5000   -7.500010148.0156   31.5625
   -7.5000  -30.0000   -7.500011573.1162   31.5937
    0.0000  -30.0000   -7.500011824.7334   31.5320
    7.5000  -30.0000   -7.500011083.8311   31.5340
   -7.5000  -22.5000   -7.500012486.6738   31.5149
    0.0000  -22.5000   -7.500012731.6924   31.4618
    7.5000  -22.5000   -7.500011972.5859   31.4636
   -7.5000  -15.0000   -7.500013284.7734   31.4863
    0.0000  -15.0000   -7.500013536.4668   31.4331
    7.5000  -15.0000   -7.500012756.1504   31.4189
   -7.5000   -7.5000   -7.500014049.8047   31.5394
    0.0000   -7.5000   -7.500014295.0312   31.4740
    7.5000   -7.5000   -7.500013474.1729   31.4431
   -7.5000    0.0000   -7.500014726.8203   31.6248
    0.0000    0.0000   -7.500014961.5938   31.5478
    7.5000    0.0000   -7.500014103.7627   31.5163
   -7.5000    7.5000   -7.500014267.6113   31.6505
    0.0000    7.5000   -7.500014487.2314   31.5769
    7.5000    7.5000   -7.500013637.9395   31.5625
   -7.5000   15.0000   -7.500013683.5234   31.5937
    0.0000   15.0000   -7.500013899.0303   31.5320
    7.5000   15.0000   -7.500013097.5645   31.5340
   -7.5000   22.5000   -7.500012975.3330   31.5004
    0.0000   22.5000   -7.500013188.1787   31.4473
    7.5000   22.5000   -7.500012413.4863   31.4490
   -7.5000   30.0000   -7.500012181.9902   31.0780
    0.0000   30.0000   -7.500012378.4209   31.0254
    7.5000   30.0000   -7.500011672.0088   31.0115
   -7.5000   37.5000   -7.500011553.9277   31.1304
    0.0000   37.5000   -7.500011743.1855   31.0658
    7.5000   37.5000   -7.500011095.6348   31.0354
   -7.5000   45.0000   -7.500010514.4033   30.4804
    0.0000   45.0000   -7.500010708.6416   30.4062
    7.5000   45.0000   -7.500010093.4990   30.3758
   -7.5000  -45.0000    0.000010548.5967   31.6147
    0.0000  -45.0000    0.000010822.5137   31.5520
    7.5000  -45.0000    0.000010153.0371   31.5439
   -7.5000  -37.5000    0.000011297.1436   31.6219
    0.0000  -37.5000    0.000011583.1436   31.5782
    7.5000  -37.5000    0.000010868.5059   31.5885
   -7.5000  -30.0000    0.000012300.5830   31.5778
    0.0000  -30.0000    0.000012633.4434   31.5514
    7.5000  -30.0000    0.000011837.8682   31.5663
   -7.5000  -22.5000    0.000013203.3291   31.5329
    0.0000  -22.5000    0.000013530.9844   31.5031
    7.5000  -22.5000    0.000012716.4170   31.5041
   -7.5000  -15.0000    0.000014026.8223   31.5239
    0.0000  -15.0000    0.000014342.7080   31.4776
    7.5000  -15.0000    0.000013552.4229   31.4601
   -7.5000   -7.5000    0.000014798.9951   31.5618
    0.0000   -7.5000    0.000015161.6055   31.4996
    7.5000   -7.5000    0.000014318.4805   31.4776
   -7.5000    0.0000    0.000015578.7139   31.6147
    0.0000    0.0000    0.000015854.2373   31.5520
    7.5000    0.0000    0.000014967.7891   31.5439
   -7.5000    7.5000    0.000015077.1377   31.6219
    0.0000    7.5000    0.000015351.3232   31.5782
    7.5000    7.5000    0.000014439.2520   31.5885
   -7.5000   15.0000    0.000014472.7598   31.5778
    0.0000   15.0000    0.000014733.1982   31.5514
    7.5000   15.0000    0.000013809.8047   31.5663
   -7.5000   22.5000    0.000013702.1934   31.5183
    0.0000   22.5000    0.000013922.9961   31.4886
    7.5000   22.5000    0.000013102.8359   31.4896
   -7.5000   30.0000    0.000012813.5986   31.1159
    0.0000   30.0000    0.000012970.8252   31.0702
    7.5000   30.0000    0.000012236.3379   31.0529
   -7.5000   37.5000    0.000012151.1377   31.1533
    0.0000   37.5000    0.000012320.1182   31.0920
    7.5000   37.5000    0.000011640.5967   31.0702
   -7.5000   45.0000    0.000011045.0107   30.4730
    0.0000   45.0000    0.000011249.2930   30.4125
    7.5000   45.0000    0.000010630.5098   30.4047
   -7.5000  -45.0000    7.500010422.7305   31.5932
    0.0000  -45.0000    7.500010719.0508   31.5078
    7.5000  -45.0000    7.500010055.3018   31.4910
   -7.5000  -37.5000    7.500011166.6504   31.6202
    0.0000  -37.5000    7.500011470.6855   31.5542
    7.5000  -37.5000    7.500010758.8252   31.5499
   -7.5000  -30.0000    7.500012145.9639   31.6010
    0.0000  -30.0000    7.500012520.6934   31.5542
    7.5000  -30.0000    7.500011737.4160   31.5502
   -7.5000  -22.5000    7.500013068.5742   31.5556
    0.0000  -22.5000    7.500013414.1240   31.5074
    7.5000  -22.5000    7.500012623.8125   31.4933
   -7.5000  -15.0000    7.500013796.7217   31.5291
    0.0000  -15.0000    7.500014177.9316   31.4625
    7.5000  -15.0000    7.500013407.0791   31.4358
   -7.5000   -7.5000    7.500014629.9111   31.5474
    0.0000   -7.5000    7.500015001.5244   31.4628
    7.5000   -7.5000    7.500014176.2559   31.4336
   -7.5000    0.0000    7.500015379.7783   31.5932
    0.0000    0.0000    7.500015716.1387   31.5078
    7.5000    0.0000    7.500014823.0537   31.4910
   -7.5000    7.5000    7.500014897.3643   31.6202
    0.0000    7.5000    7.500015230.1582   31.5542
    7.5000    7.5000    7.500014295.3291   31.5499
   -7.5000   15.0000    7.500014253.1875   31.6010
    0.0000   15.0000    7.500014566.0264   31.5542
    7.5000   15.0000    7.500013675.0791   31.5502
   -7.5000   22.5000    7.500013425.3086   31.5411
    0.0000   22.5000    7.500013726.6689   31.4929
    7.5000   22.5000    7.500012925.6719   31.4788
   -7.5000   30.0000    7.500012447.5410   31.1211
    0.0000   30.0000    7.500012698.6895   31.0553
    7.5000   30.0000    7.500011992.0791   31.0289
   -7.5000   37.5000    7.500011799.1309   31.1391
    0.0000   37.5000    7.500012045.4639   31.0556
    7.5000   37.5000    7.500011382.0127   31.0268
   -7.5000   45.0000    7.500010737.2061   30.4522
    0.0000   45.0000    7.500010971.4219   30.3699
    7.5000   45.0000    7.500010410.7793   30.3537
   -7.5000  -45.0000   15.000010174.2900   31.6361
    0.0000  -45.0000   15.000010453.8154   31.5164
    7.5000  -45.0000   15.0000 9852.6602   31.4739
   -7.5000  -37.5000   15.000010861.5137   31.6954
    0.0000  -37.5000   15.000011197.4678   31.5808
    7.5000  -37.5000   15.000010516.5645   31.5423
   -7.5000  -30.0000   15.000011847.6377   31.6852
    0.0000  -30.0000   15.000012230.9941   31.5872
    7.5000  -30.0000   15.000011474.9287   31.5548
   -7.5000  -22.5000   15.000012789.6797   31.6104
    0.0000  -22.5000   15.000013145.7598   31.5243
    7.5000  -22.5000   15.000012327.7979   31.4978
   -7.5000  -15.0000   15.000013252.2041   31.5522
    0.0000  -15.0000   15.000013791.9404   31.4617
    7.5000  -15.0000   15.000013085.0020   31.4318
   -7.5000   -7.5000   15.000013887.0752   31.5676
    0.0000   -7.5000   15.000014453.2031   31.4602
    7.5000   -7.5000   15.000013781.2578   31.4202
   -7.5000    0.0000   15.000014606.0127   31.6361
    0.0000    0.0000   15.000015095.5967   31.5164
    7.5000    0.0000   15.000014362.9180   31.4739
   -7.5000    7.5000   15.000014212.2812   31.6954
    0.0000    7.5000   15.000014639.4326   31.5808
    7.5000    7.5000   15.000013860.0732   31.5423
   -7.5000   15.0000   15.000013568.2666   31.6852
    0.0000   15.0000   15.000014003.3887   31.5872
    7.5000   15.0000   15.000013269.1572   31.5548
   -7.5000   22.5000   15.000012754.9092   31.5959
    0.0000   22.5000   15.000013200.4053   31.5097
    7.5000   22.5000   15.000012531.6504   31.4833
   -7.5000   30.0000   15.000011824.8877   31.1439
    0.0000   30.0000   15.000012223.2666   31.0545
    7.5000   30.0000   15.000011597.5762   31.0251
   -7.5000   37.5000   15.000011267.3076   31.1591
    0.0000   37.5000   15.000011626.0400   31.0530
    7.5000   37.5000   15.000011009.4141   31.0136
   -7.5000   45.0000   15.000010286.5303   30.4936
    0.0000   45.0000   15.000010595.8105   30.3782
    7.5000   45.0000   15.000010081.3184   30.3372
   -7.5000  -45.0000   22.5000 9798.9375   31.7017
    0.0000  -45.0000   22.500010090.9062   31.5736
    7.5000  -45.0000   22.5000 9470.7754   31.5140
   -7.5000  -37.5000   22.500010474.7324   31.7724
    0.0000  -37.5000   22.500010770.5459   31.6355
    7.5000  -37.5000   22.500010139.1846   31.5784
   -7.5000  -30.0000   22.500011407.9736   31.7473
    0.0000  -30.0000   22.500011753.4316   31.6223
    7.5000  -30.0000   22.500011056.9531   31.5824
   -7.5000  -22.5000   22.500012230.2676   31.6447
    0.0000  -22.5000   22.500012623.5156   31.5423
    7.5000  -22.5000   22.500011891.6445   31.5212
   -7.5000  -15.0000   22.500012724.1025   31.5735
    0.0000  -15.0000   22.500013275.5830   31.4814
    7.5000  -15.0000   22.500012654.8096   31.4599
   -7.5000   -7.5000   22.500013282.2803   31.6051
    0.0000   -7.5000   22.500013887.6768   31.4994
    7.5000   -7.5000   22.500013348.2617   31.4566
   -7.5000    0.0000   22.500013924.5596   31.7017
    0.0000    0.0000   22.500014490.8330   31.5736
    7.5000    0.0000   22.500013900.5225   31.5140
   -7.5000    7.5000   22.500013595.9668   31.7724
    0.0000    7.5000   22.500014092.9629   31.6355
    7.5000    7.5000   22.500013440.5293   31.5784
   -7.5000   15.0000   22.500013035.0303   31.7473
    0.0000   15.0000   22.500013510.3350   31.6223
    7.5000   15.0000   22.500012892.9150   31.5824
   -7.5000   22.5000   22.500012294.7246   31.6301
    0.0000   22.5000   22.500012746.1152   31.5278
    7.5000   22.5000   22.500012170.9004   31.5067
   -7.5000   30.0000   22.500011391.8057   31.1649
    0.0000   30.0000   22.500011781.1826   31.0740
    7.5000   30.0000   22.500011208.4336   31.0528
   -7.5000   37.5000   22.500010837.6279   31.1961
    0.0000   37.5000   22.500011184.7334   31.0918
    7.5000   37.5000   22.500010623.7793   31.0495
   -7.5000   45.0000   22.5000 9847.5938   30.5568
    0.0000   45.0000   22.500010173.4160   30.4333
    7.5000   45.0000   22.5000 9667.1641   30.3759
   -7.5000  -45.0000   30.0000 9304.0723   31.7328
    0.0000  -45.0000   30.0000 9565.8281   31.6244
    7.5000  -45.0000   30.0000 9003.6514   31.5670
   -7.5000  -37.5000   30.0000 9919.8008   31.7899
    0.0000  -37.5000   30.000010198.2188   31.6716
    7.5000  -37.5000   30.0000 9612.4229   31.6238
   -7.5000  -30.0000   30.000010798.8037   31.7428
    0.0000  -30.0000   30.000011108.2119   31.6335
    7.5000  -30.0000   30.000010486.6162   31.6093
   -7.5000  -22.5000   30.000011540.0889   31.6357
    0.0000  -22.5000   30.000011949.6777   31.5476
    7.5000  -22.5000   30.000011323.6758   31.5397
   -7.5000  -15.0000   30.000012133.6172   31.5764
    0.0000  -15.0000   30.000012641.5303   31.5013
    7.5000  -15.0000   30.000012084.8242   31.4863
   -7.5000   -7.5000   30.000012753.2285   31.6263
    0.0000   -7.5000   30.000013281.7402   31.5401
    7.5000   -7.5000   30.000012708.8789   31.4993
   -7.5000    0.0000   30.000013325.8652   31.7328
    0.0000    0.0000   30.000013886.6123   31.6244
    7.5000    0.0000   30.000013242.5645   31.5670
   -7.5000    7.5000   30.000012979.7246   31.7899
    0.0000    7.5000   30.000013495.2979   31.6716
    7.5000    7.5000   30.000012823.0537   31.6238
   -7.5000   15.0000   30.000012494.5146   31.7428
    0.0000   15.0000   30.000012947.2119   31.6335
    7.5000   15.0000   30.000012294.7754   31.6093
   -7.5000   22.5000   30.000011844.6680   31.6211
    0.0000   22.5000   30.000012245.5977   31.5331
    7.5000   22.5000   30.000011654.7080   31.5252
   -7.5000   30.0000   30.000010924.2754   31.1678
    0.0000   30.0000   30.000011268.5498   31.0936
    7.5000   30.0000   30.000010728.2607   31.0788
   -7.5000   37.5000   30.000010314.3789   31.2170
    0.0000   37.5000   30.000010629.5645   31.1319
    7.5000   37.5000   30.000010166.2783   31.0916
   -7.5000   45.0000   30.0000 9376.5332   30.5868
    0.0000   45.0000   30.0000 9625.2773   30.4823
    7.5000   45.0000   30.0000 9206.5127   30.4270
   -7.5000  -45.0000   37.5000 9069.8447   31.6887
    0.0000  -45.0000   37.5000 9334.6338   31.6115
    7.5000  -45.0000   37.5000 8788.0498   31.5799
   -7.5000  -37.5000   37.5000 9680.0850   31.7144
    0.0000  -37.5000   37.5000 9939.1436   31.6407
    7.5000  -37.5000   37.5000 9381.7471   31.6263
   -7.5000  -30.0000   37.500010533.0957   31.6575
    0.0000  -30.0000   37.500010822.8291   31.5956
    7.5000  -30.0000   37.500010227.5400   31.5977
   -7.5000  -22.5000   37.500011312.4902   31.5786
    0.0000  -22.5000   37.500011660.8350   31.5254
    7.5000  -22.5000   37.500011070.2666   31.5271
   -7.5000  -15.0000   37.500012029.2764   31.5499
    0.0000  -15.0000   37.500012402.9639   31.4965
    7.5000  -15.0000   37.500011826.3066   31.4824
   -7.5000   -7.5000   37.500012716.3467   31.6031
    0.0000   -7.5000   37.500013109.5361   31.5375
    7.5000   -7.5000   37.500012461.7705   31.5066
   -7.5000    0.0000   37.500013277.8496   31.6887
    0.0000    0.0000   37.500013656.8320   31.6115
    7.5000    0.0000   37.500013003.7861   31.5799
   -7.5000    7.5000   37.500012845.5186   31.7144
    0.0000    7.5000   37.500013225.5176   31.6407
    7.5000    7.5000   37.500012562.4971   31.6263
   -7.5000   15.0000   37.500012329.3184   31.6575
    0.0000   15.0000   37.500012689.7373   31.5956
    7.5000   15.0000   37.500012044.4512   31.5977
   -7.5000   22.5000   37.500011697.6299   31.5640
    0.0000   22.5000   37.500012058.5156   31.5108
    7.5000   22.5000   37.500011433.0352   31.5126
   -7.5000   30.0000   37.500010782.8848   31.1416
    0.0000   30.0000   37.500011095.7686   31.0889
    7.5000   30.0000   37.500010526.3760   31.0750
   -7.5000   37.5000   37.500010181.8672   31.1941
    0.0000   37.5000   37.500010475.1426   31.1294
    7.5000   37.5000   37.5000 9970.4473   31.0989
   -7.5000   45.0000   37.5000 9229.3867   30.5443
    0.0000   45.0000   37.5000 9482.0225   30.4699
    7.5000   45.0000   37.5000 9043.5264   30.4394
   -7.5000  -45.0000   45.0000 8412.5713   31.4745
    0.0000  -45.0000   45.0000 8625.5723   31.4117
    7.5000  -45.0000   45.0000 8120.5151   31.4037
   -7.5000  -37.5000   45.0000 8978.7119   31.4817
    0.0000  -37.5000   45.0000 9202.2295   31.4379
    7.5000  -37.5000   45.0000 8681.6514   31.4481
   -7.5000  -30.0000   45.0000 9792.1602   31.4378
    0.0000  -30.0000   45.000010034.4883   31.4112
    7.5000  -30.0000   45.0000 9486.1943   31.4259
   -7.5000  -22.5000   45.000010557.6729   31.3929
    0.0000  -22.5000   45.000010812.5693   31.3629
    7.5000  -22.5000   45.000010247.3730   31.3638
   -7.5000  -15.0000   45.000011248.2695   31.3839
    0.0000  -15.0000   45.000011518.0674   31.3373
    7.5000  -15.0000   45.000010931.9688   31.3198
   -7.5000   -7.5000   45.000011877.5215   31.4217
    0.0000   -7.5000   45.000012192.1660   31.3594
    7.5000   -7.5000   45.000011571.3174   31.3375
   -7.5000    0.0000   45.000012377.9971   31.4745
    0.0000    0.0000   45.000012721.7158   31.4117
    7.5000    0.0000   45.000012074.5312   31.4037
   -7.5000    7.5000   45.000011911.1797   31.4817
    0.0000    7.5000   45.000012270.3457   31.4379
    7.5000    7.5000   45.000011675.1162   31.4481
   -7.5000   15.0000   45.000011444.3330   31.4378
    0.0000   15.0000   45.000011776.6152   31.4112
    7.5000   15.0000   45.000011179.3535   31.4259
   -7.5000   22.5000   45.000010891.7119   31.3784
    0.0000   22.5000   45.000011208.3174   31.3484
    7.5000   22.5000   45.000010628.4834   31.3492
   -7.5000   30.0000   45.000010028.5811   30.9750
    0.0000   30.0000   45.000010323.0381   30.9291
    7.5000   30.0000   45.0000 9797.9795   30.9118
   -7.5000   37.5000   45.0000 9514.8018   31.0123
    0.0000   37.5000   45.0000 9766.0225   30.9508
    7.5000   37.5000   45.0000 9275.8770   30.9292
   -7.5000   45.0000   45.0000 8638.0596   30.3516
    0.0000   45.0000   45.0000 8863.2842   30.2910
    7.5000   45.0000   45.0000 8419.3389   30.2833

---------------------------------------------------------------------
imgreg_4dfp /opt/freesurfer/average/711-2C_as_mni_average_305 /opt/freesurfer/average/711-2B_as_mni_average_305_mask talsrcimg_g11 none talsrcimg_to_711-2C_as_mni_average_305_t4 4355
---------------------------------------------------------------------

freesurfer imgreg_4dfp.c
/opt/freesurfer/average/711-2C_as_mni_average_305.4dfp.img
       256       256       256         1
  1.000000  1.000000  1.000000
orientation T byte_order littleendian
Reading image: /opt/freesurfer/average/711-2C_as_mni_average_305.4dfp.img
dimensions:      256       256       256
mmppix:       1.0000   -1.0000   -1.0000
center:     128.0000 -129.0000 -129.0000
/opt/freesurfer/average/711-2B_as_mni_average_305_mask.4dfp.img
       256       256       256         1
  1.000000  1.000000  1.000000
orientation T byte_order littleendian
Reading mask: /opt/freesurfer/average/711-2B_as_mni_average_305_mask.4dfp.img (2306576 pixels)
talsrcimg_g11.4dfp.img
       256       256       256         1
  1.000000  1.000000  1.000000
orientation T byte_order littleendian
Reading image: talsrcimg_g11.4dfp.img
dimensions:      256       256       256
mmppix:       1.0000   -1.0000   -1.0000
center:     128.0000 -129.0000 -129.0000
rotation matrix determinant  1.000000
image alignment mode   4355 decimal     1103 hex
   -7.5000  -45.0000  -45.0000 1745.5674   37.0357
    0.0000  -45.0000  -45.0000 1736.1495   37.1763
    7.5000  -45.0000  -45.0000 1718.1963   37.8396
   -7.5000  -37.5000  -45.0000 1847.0356   33.1873
    0.0000  -37.5000  -45.0000 1838.5193   33.3523
    7.5000  -37.5000  -45.0000 1817.1311   33.9750
   -7.5000  -30.0000  -45.0000 1930.8041   30.3609
    0.0000  -30.0000  -45.0000 1922.6053   30.5156
    7.5000  -30.0000  -45.0000 1898.9940   31.0674
   -7.5000  -22.5000  -45.0000 2002.1678   28.2816
    0.0000  -22.5000  -45.0000 1991.3140   28.3719
    7.5000  -22.5000  -45.0000 1963.6130   28.9114
   -7.5000  -15.0000  -45.0000 2043.0630   26.8834
    0.0000  -15.0000  -45.0000 2028.3573   26.9593
    7.5000  -15.0000  -45.0000 1997.2395   27.5360
   -7.5000   -7.5000  -45.0000 2066.7517   25.9581
    0.0000   -7.5000  -45.0000 2053.5801   26.1207
    7.5000   -7.5000  -45.0000 2022.2441   26.7443
   -7.5000    0.0000  -45.0000 2069.8091   25.7776
    0.0000    0.0000  -45.0000 2060.6067   25.9670
    7.5000    0.0000  -45.0000 2029.3402   26.6824
   -7.5000    7.5000  -45.0000 2049.9612   26.3511
    0.0000    7.5000  -45.0000 2039.3580   26.5535
    7.5000    7.5000  -45.0000 2004.5852   27.3432
   -7.5000   15.0000  -45.0000 2008.6548   27.4102
    0.0000   15.0000  -45.0000 1994.0573   27.6367
    7.5000   15.0000  -45.0000 1964.4882   28.4429
   -7.5000   22.5000  -45.0000 1941.9103   29.1379
    0.0000   22.5000  -45.0000 1929.7784   29.3736
    7.5000   22.5000  -45.0000 1899.5768   30.2515
   -7.5000   30.0000  -45.0000 1859.6691   31.6567
    0.0000   30.0000  -45.0000 1845.9214   31.9750
    7.5000   30.0000  -45.0000 1813.9991   32.8790
   -7.5000   37.5000  -45.0000 1761.2205   35.1982
    0.0000   37.5000  -45.0000 1748.6016   35.4896
    7.5000   37.5000  -45.0000 1713.1599   36.5839
   -7.5000   45.0000  -45.0000 1644.2191   40.1776
    0.0000   45.0000  -45.0000 1631.3400   40.3712
    7.5000   45.0000  -45.0000 1596.1813   41.5742
   -7.5000  -45.0000  -37.5000 1841.4252   33.7909
    0.0000  -45.0000  -37.5000 1826.0452   33.8613
    7.5000  -45.0000  -37.5000 1801.3514   34.4510
   -7.5000  -37.5000  -37.5000 1948.7844   30.4459
    0.0000  -37.5000  -37.5000 1937.3307   30.5210
    7.5000  -37.5000  -37.5000 1907.2206   31.0108
   -7.5000  -30.0000  -37.5000 2035.9636   27.8919
    0.0000  -30.0000  -37.5000 2026.8484   27.9313
    7.5000  -30.0000  -37.5000 1996.0673   28.3949
   -7.5000  -22.5000  -37.5000 2110.3215   25.9281
    0.0000  -22.5000  -37.5000 2098.2314   25.9717
    7.5000  -22.5000  -37.5000 2063.1248   26.4171
   -7.5000  -15.0000  -37.5000 2147.2561   24.5672
    0.0000  -15.0000  -37.5000 2136.7610   24.6668
    7.5000  -15.0000  -37.5000 2102.4705   25.1420
   -7.5000   -7.5000  -37.5000 2168.6753   23.8271
    0.0000   -7.5000  -37.5000 2155.0393   23.9395
    7.5000   -7.5000  -37.5000 2124.1624   24.4821
   -7.5000    0.0000  -37.5000 2170.6758   23.6765
    0.0000    0.0000  -37.5000 2159.5652   23.8201
    7.5000    0.0000  -37.5000 2128.3032   24.4301
   -7.5000    7.5000  -37.5000 2149.9285   24.1530
    0.0000    7.5000  -37.5000 2138.2925   24.3176
    7.5000    7.5000  -37.5000 2103.4065   24.9890
   -7.5000   15.0000  -37.5000 2106.0393   25.1004
    0.0000   15.0000  -37.5000 2090.6367   25.2971
    7.5000   15.0000  -37.5000 2056.9343   26.0383
   -7.5000   22.5000  -37.5000 2039.1467   26.6512
    0.0000   22.5000  -37.5000 2025.9071   26.8972
    7.5000   22.5000  -37.5000 1988.0426   27.7152
   -7.5000   30.0000  -37.5000 1949.4406   28.9352
    0.0000   30.0000  -37.5000 1934.3141   29.2395
    7.5000   30.0000  -37.5000 1893.7721   30.1121
   -7.5000   37.5000  -37.5000 1843.3016   32.0199
    0.0000   37.5000  -37.5000 1830.0405   32.3661
    7.5000   37.5000  -37.5000 1791.8271   33.3432
   -7.5000   45.0000  -37.5000 1721.0164   36.3663
    0.0000   45.0000  -37.5000 1706.9178   36.6230
    7.5000   45.0000  -37.5000 1671.0031   37.6231
   -7.5000  -45.0000  -30.0000 1967.1589   32.0732
    0.0000  -45.0000  -30.0000 1947.7925   32.1282
    7.5000  -45.0000  -30.0000 1911.6047   32.6934
   -7.5000  -37.5000  -30.0000 2081.5237   28.8457
    0.0000  -37.5000  -30.0000 2067.7495   28.8946
    7.5000  -37.5000  -30.0000 2026.3641   29.3795
   -7.5000  -30.0000  -30.0000 2176.3086   26.3505
    0.0000  -30.0000  -30.0000 2160.5881   26.3406
    7.5000  -30.0000  -30.0000 2124.3401   26.7805
   -7.5000  -22.5000  -30.0000 2249.6465   24.4871
    0.0000  -22.5000  -30.0000 2235.9407   24.5094
    7.5000  -22.5000  -30.0000 2202.2395   24.9269
   -7.5000  -15.0000  -30.0000 2294.5398   23.2759
    0.0000  -15.0000  -30.0000 2284.0520   23.2885
    7.5000  -15.0000  -30.0000 2245.5720   23.7543
   -7.5000   -7.5000  -30.0000 2318.4949   22.6789
    0.0000   -7.5000  -30.0000 2301.7798   22.7320
    7.5000   -7.5000  -30.0000 2269.3108   23.2399
   -7.5000    0.0000  -30.0000 2315.3442   22.5701
    0.0000    0.0000  -30.0000 2303.7046   22.6852
    7.5000    0.0000  -30.0000 2271.0161   23.2081
   -7.5000    7.5000  -30.0000 2292.7908   22.9742
    0.0000    7.5000  -30.0000 2276.8623   23.1046
    7.5000    7.5000  -30.0000 2242.1831   23.7275
   -7.5000   15.0000  -30.0000 2243.2278   23.7971
    0.0000   15.0000  -30.0000 2231.7954   23.9276
    7.5000   15.0000  -30.0000 2191.0037   24.6669
   -7.5000   22.5000  -30.0000 2175.9180   25.1875
    0.0000   22.5000  -30.0000 2159.3652   25.4296
    7.5000   22.5000  -30.0000 2117.2485   26.2263
   -7.5000   30.0000  -30.0000 2078.4888   27.3441
    0.0000   30.0000  -30.0000 2059.3809   27.6438
    7.5000   30.0000  -30.0000 2018.1896   28.4365
   -7.5000   37.5000  -30.0000 1958.8549   30.3495
    0.0000   37.5000  -30.0000 1943.9336   30.6093
    7.5000   37.5000  -30.0000 1906.6586   31.4955
   -7.5000   45.0000  -30.0000 1832.1473   34.3340
    0.0000   45.0000  -30.0000 1815.9968   34.5257
    7.5000   45.0000  -30.0000 1774.0017   35.4435
   -7.5000  -45.0000  -22.5000 2059.9685   30.2519
    0.0000  -45.0000  -22.5000 2041.4664   30.1761
    7.5000  -45.0000  -22.5000 2006.1965   30.6717
   -7.5000  -37.5000  -22.5000 2179.1116   27.0182
    0.0000  -37.5000  -22.5000 2163.4714   26.9837
    7.5000  -37.5000  -22.5000 2124.6072   27.5353
   -7.5000  -30.0000  -22.5000 2276.5505   24.5390
    0.0000  -30.0000  -22.5000 2261.4980   24.4805
    7.5000  -30.0000  -22.5000 2222.3445   25.0069
   -7.5000  -22.5000  -22.5000 2360.4016   22.7849
    0.0000  -22.5000  -22.5000 2348.9768   22.7695
    7.5000  -22.5000  -22.5000 2309.0935   23.2673
   -7.5000  -15.0000  -22.5000 2413.2068   21.7336
    0.0000  -15.0000  -22.5000 2399.4956   21.6855
    7.5000  -15.0000  -22.5000 2364.1958   22.1818
   -7.5000   -7.5000  -22.5000 2451.2754   21.2311
    0.0000   -7.5000  -22.5000 2433.2014   21.2571
    7.5000   -7.5000  -22.5000 2396.5088   21.7401
   -7.5000    0.0000  -22.5000 2450.5466   21.2081
    0.0000    0.0000  -22.5000 2435.7400   21.2662
    7.5000    0.0000  -22.5000 2394.9321   21.8620
   -7.5000    7.5000  -22.5000 2422.3455   21.6034
    0.0000    7.5000  -22.5000 2404.8167   21.6902
    7.5000    7.5000  -22.5000 2363.2856   22.3155
   -7.5000   15.0000  -22.5000 2373.5383   22.3847
    0.0000   15.0000  -22.5000 2355.4780   22.4671
    7.5000   15.0000  -22.5000 2309.5569   23.1860
   -7.5000   22.5000  -22.5000 2297.7212   23.7083
    0.0000   22.5000  -22.5000 2278.6873   23.8064
    7.5000   22.5000  -22.5000 2228.9802   24.5863
   -7.5000   30.0000  -22.5000 2188.2725   25.6378
    0.0000   30.0000  -22.5000 2167.7842   25.8369
    7.5000   30.0000  -22.5000 2124.7852   26.6257
   -7.5000   37.5000  -22.5000 2056.9351   28.4480
    0.0000   37.5000  -22.5000 2039.9897   28.6244
    7.5000   37.5000  -22.5000 2000.6787   29.4513
   -7.5000   45.0000  -22.5000 1925.2847   32.1902
    0.0000   45.0000  -22.5000 1905.6028   32.2974
    7.5000   45.0000  -22.5000 1863.1788   33.2150
   -7.5000  -45.0000  -15.0000 2117.0837   28.3481
    0.0000  -45.0000  -15.0000 2102.4727   28.2817
    7.5000  -45.0000  -15.0000 2077.1782   28.8960
   -7.5000  -37.5000  -15.0000 2247.7886   25.3571
    0.0000  -37.5000  -15.0000 2229.1541   25.2500
    7.5000  -37.5000  -15.0000 2196.1013   25.8769
   -7.5000  -30.0000  -15.0000 2360.0405   22.9543
    0.0000  -30.0000  -15.0000 2340.2971   22.8321
    7.5000  -30.0000  -15.0000 2301.7681   23.4951
   -7.5000  -22.5000  -15.0000 2450.5359   21.2888
    0.0000  -22.5000  -15.0000 2436.6504   21.2080
    7.5000  -22.5000  -15.0000 2400.4883   21.7549
   -7.5000  -15.0000  -15.0000 2505.8926   20.2303
    0.0000  -15.0000  -15.0000 2500.5566   20.1815
    7.5000  -15.0000  -15.0000 2463.6074   20.7122
   -7.5000   -7.5000  -15.0000 2560.2268   19.7725
    0.0000   -7.5000  -15.0000 2538.9419   19.7720
    7.5000   -7.5000  -15.0000 2498.0144   20.3520
   -7.5000    0.0000  -15.0000 2574.0007   19.8222
    0.0000    0.0000  -15.0000 2550.4321   19.8456
    7.5000    0.0000  -15.0000 2500.7405   20.4465
   -7.5000    7.5000  -15.0000 2543.5669   20.2431
    0.0000    7.5000  -15.0000 2522.0300   20.3075
    7.5000    7.5000  -15.0000 2471.7173   20.9244
   -7.5000   15.0000  -15.0000 2493.3081   21.0490
    0.0000   15.0000  -15.0000 2466.5557   21.1284
    7.5000   15.0000  -15.0000 2410.5012   21.7636
   -7.5000   22.5000  -15.0000 2403.3052   22.2990
    0.0000   22.5000  -15.0000 2377.6897   22.3668
    7.5000   22.5000  -15.0000 2320.2234   23.0677
   -7.5000   30.0000  -15.0000 2286.0911   24.1048
    0.0000   30.0000  -15.0000 2263.7959   24.1918
    7.5000   30.0000  -15.0000 2212.8926   24.9868
   -7.5000   37.5000  -15.0000 2137.5032   26.7072
    0.0000   37.5000  -15.0000 2120.4849   26.8505
    7.5000   37.5000  -15.0000 2076.5613   27.6359
   -7.5000   45.0000  -15.0000 1988.1606   30.1283
    0.0000   45.0000  -15.0000 1972.3295   30.3122
    7.5000   45.0000  -15.0000 1930.1675   31.0602
   -7.5000  -45.0000   -7.5000 2164.2927   26.6829
    0.0000  -45.0000   -7.5000 2149.4102   26.7289
    7.5000  -45.0000   -7.5000 2122.3403   27.4377
   -7.5000  -37.5000   -7.5000 2304.7632   23.7907
    0.0000  -37.5000   -7.5000 2285.8718   23.8233
    7.5000  -37.5000   -7.5000 2249.7654   24.5150
   -7.5000  -30.0000   -7.5000 2421.1863   21.5861
    0.0000  -30.0000   -7.5000 2406.7876   21.5746
    7.5000  -30.0000   -7.5000 2362.0132   22.2637
   -7.5000  -22.5000   -7.5000 2526.8262   19.9032
    0.0000  -22.5000   -7.5000 2511.8096   19.9056
    7.5000  -22.5000   -7.5000 2469.5244   20.5443
   -7.5000  -15.0000   -7.5000 2606.2034   18.8899
    0.0000  -15.0000   -7.5000 2589.9988   18.8859
    7.5000  -15.0000   -7.5000 2546.0989   19.5066
   -7.5000   -7.5000   -7.5000 2662.0371   18.4828
    0.0000   -7.5000   -7.5000 2641.9565   18.5137
    7.5000   -7.5000   -7.5000 2589.0667   19.1275
   -7.5000    0.0000   -7.5000 2682.7998   18.5380
    0.0000    0.0000   -7.5000 2653.7104   18.6191
    7.5000    0.0000   -7.5000 2594.1050   19.2317
   -7.5000    7.5000   -7.5000 2653.0503   19.0008
    0.0000    7.5000   -7.5000 2626.1599   19.0584
    7.5000    7.5000   -7.5000 2562.4497   19.6658
   -7.5000   15.0000   -7.5000 2588.2957   19.8453
    0.0000   15.0000   -7.5000 2562.4485   19.8847
    7.5000   15.0000   -7.5000 2497.9470   20.4887
   -7.5000   22.5000   -7.5000 2494.9617   21.0314
    0.0000   22.5000   -7.5000 2464.8992   21.1076
    7.5000   22.5000   -7.5000 2401.7788   21.7129
   -7.5000   30.0000   -7.5000 2361.4924   22.7195
    0.0000   30.0000   -7.5000 2338.2773   22.8249
    7.5000   30.0000   -7.5000 2282.7798   23.5101
   -7.5000   37.5000   -7.5000 2206.9304   25.2034
    0.0000   37.5000   -7.5000 2183.7598   25.3232
    7.5000   37.5000   -7.5000 2136.2639   26.0419
   -7.5000   45.0000   -7.5000 2047.2803   28.4794
    0.0000   45.0000   -7.5000 2029.3983   28.5056
    7.5000   45.0000   -7.5000 1982.0927   29.3079
   -7.5000  -45.0000    0.0000 2201.6892   25.4375
    0.0000  -45.0000    0.0000 2191.6270   25.6023
    7.5000  -45.0000    0.0000 2155.8567   26.5143
   -7.5000  -37.5000    0.0000 2341.4277   22.6000
    0.0000  -37.5000    0.0000 2329.2874   22.7864
    7.5000  -37.5000    0.0000 2288.2092   23.6346
   -7.5000  -30.0000    0.0000 2466.5352   20.4356
    0.0000  -30.0000    0.0000 2454.4575   20.6074
    7.5000  -30.0000    0.0000 2403.8674   21.3987
   -7.5000  -22.5000    0.0000 2589.6240   18.8279
    0.0000  -22.5000    0.0000 2574.4067   18.9163
    7.5000  -22.5000    0.0000 2522.2961   19.6660
   -7.5000  -15.0000    0.0000 2697.0754   17.8241
    0.0000  -15.0000    0.0000 2671.4177   17.8770
    7.5000  -15.0000    0.0000 2617.8484   18.5946
   -7.5000   -7.5000    0.0000 2763.5623   17.4746
    0.0000   -7.5000    0.0000 2736.5498   17.5329
    7.5000   -7.5000    0.0000 2673.5393   18.2005
   -7.5000    0.0000    0.0000 2790.8015   17.6060
    0.0000    0.0000    0.0000 2752.0769   17.6713
    7.5000    0.0000    0.0000 2683.8777   18.2744
   -7.5000    7.5000    0.0000 2749.8425   18.0508
    0.0000    7.5000    0.0000 2719.6267   18.1311
    7.5000    7.5000    0.0000 2647.7031   18.6800
   -7.5000   15.0000    0.0000 2672.9497   18.7872
    0.0000   15.0000    0.0000 2647.4146   18.8745
    7.5000   15.0000    0.0000 2571.8240   19.4577
   -7.5000   22.5000    0.0000 2564.3296   19.9992
    0.0000   22.5000    0.0000 2534.8765   20.0870
    7.5000   22.5000    0.0000 2469.7942   20.6746
   -7.5000   30.0000    0.0000 2422.1931   21.6991
    0.0000   30.0000    0.0000 2396.6475   21.7789
    7.5000   30.0000    0.0000 2340.6558   22.4090
   -7.5000   37.5000    0.0000 2263.3059   24.0802
    0.0000   37.5000    0.0000 2238.1309   24.1203
    7.5000   37.5000    0.0000 2185.0833   24.8296
   -7.5000   45.0000    0.0000 2090.6936   27.1403
    0.0000   45.0000    0.0000 2074.7295   27.1810
    7.5000   45.0000    0.0000 2024.6367   27.9908
   -7.5000  -45.0000    7.5000 2227.9221   24.6215
    0.0000  -45.0000    7.5000 2217.3491   24.9358
    7.5000  -45.0000    7.5000 2181.4597   25.8551
   -7.5000  -37.5000    7.5000 2368.0708   21.8368
    0.0000  -37.5000    7.5000 2357.0513   22.1260
    7.5000  -37.5000    7.5000 2312.6001   23.0218
   -7.5000  -30.0000    7.5000 2499.3242   19.6942
    0.0000  -30.0000    7.5000 2487.2817   19.9487
    7.5000  -30.0000    7.5000 2435.8625   20.8187
   -7.5000  -22.5000    7.5000 2640.0605   18.0714
    0.0000  -22.5000    7.5000 2622.0364   18.2881
    7.5000  -22.5000    7.5000 2562.6440   19.1080
   -7.5000  -15.0000    7.5000 2769.9685   16.9911
    0.0000  -15.0000    7.5000 2736.3687   17.1904
    7.5000  -15.0000    7.5000 2664.4766   18.0146
   -7.5000   -7.5000    7.5000 2865.4915   16.6441
    0.0000   -7.5000    7.5000 2820.4912   16.8002
    7.5000   -7.5000    7.5000 2738.3645   17.5087
   -7.5000    0.0000    7.5000 2893.3884   16.8492
    0.0000    0.0000    7.5000 2840.0291   16.9534
    7.5000    0.0000    7.5000 2755.2241   17.5894
   -7.5000    7.5000    7.5000 2846.8474   17.3013
    0.0000    7.5000    7.5000 2804.1294   17.4147
    7.5000    7.5000    7.5000 2719.8040   17.9969
   -7.5000   15.0000    7.5000 2744.9849   18.0639
    0.0000   15.0000    7.5000 2715.1689   18.1489
    7.5000   15.0000    7.5000 2635.5759   18.7664
   -7.5000   22.5000    7.5000 2621.8816   19.1995
    0.0000   22.5000    7.5000 2594.8259   19.2434
    7.5000   22.5000    7.5000 2524.9844   19.9043
   -7.5000   30.0000    7.5000 2467.7527   20.8645
    0.0000   30.0000    7.5000 2440.5793   20.9211
    7.5000   30.0000    7.5000 2380.2065   21.6394
   -7.5000   37.5000    7.5000 2296.0547   23.1712
    0.0000   37.5000    7.5000 2272.9646   23.1909
    7.5000   37.5000    7.5000 2215.3914   23.9785
   -7.5000   45.0000    7.5000 2118.6099   26.1197
    0.0000   45.0000    7.5000 2101.2004   26.1914
    7.5000   45.0000    7.5000 2051.4700   26.9761
   -7.5000  -45.0000   15.0000 2238.1057   24.1908
    0.0000  -45.0000   15.0000 2223.1963   24.5798
    7.5000  -45.0000   15.0000 2193.4001   25.6015
   -7.5000  -37.5000   15.0000 2380.2229   21.4579
    0.0000  -37.5000   15.0000 2366.3027   21.7792
    7.5000  -37.5000   15.0000 2321.1174   22.7598
   -7.5000  -30.0000   15.0000 2512.1804   19.2538
    0.0000  -30.0000   15.0000 2496.6055   19.5901
    7.5000  -30.0000   15.0000 2445.2043   20.5187
   -7.5000  -22.5000   15.0000 2660.7053   17.6452
    0.0000  -22.5000   15.0000 2641.7678   17.9566
    7.5000  -22.5000   15.0000 2574.6919   18.8173
   -7.5000  -15.0000   15.0000 2806.6248   16.5438
    0.0000  -15.0000   15.0000 2765.5208   16.8604
    7.5000  -15.0000   15.0000 2680.7690   17.6604
   -7.5000   -7.5000   15.0000 2911.1729   15.9446
    0.0000   -7.5000   15.0000 2857.7744   16.2963
    7.5000   -7.5000   15.0000 2759.0293   17.1245
   -7.5000    0.0000   15.0000 2935.3809   16.0714
    0.0000    0.0000   15.0000 2884.4783   16.3470
    7.5000    0.0000   15.0000 2782.2600   17.0942
   -7.5000    7.5000   15.0000 2894.6165   16.6183
    0.0000    7.5000   15.0000 2848.3391   16.7381
    7.5000    7.5000   15.0000 2750.9434   17.4237
   -7.5000   15.0000   15.0000 2775.2620   17.4762
    0.0000   15.0000   15.0000 2749.0781   17.5444
    7.5000   15.0000   15.0000 2667.3259   18.1826
   -7.5000   22.5000   15.0000 2643.1221   18.5838
    0.0000   22.5000   15.0000 2619.9316   18.6700
    7.5000   22.5000   15.0000 2543.7803   19.3737
   -7.5000   30.0000   15.0000 2482.1865   20.2605
    0.0000   30.0000   15.0000 2457.8684   20.3334
    7.5000   30.0000   15.0000 2394.5464   21.0764
   -7.5000   37.5000   15.0000 2307.3718   22.5063
    0.0000   37.5000   15.0000 2284.8240   22.6225
    7.5000   37.5000   15.0000 2230.8235   23.4129
   -7.5000   45.0000   15.0000 2127.7573   25.4270
    0.0000   45.0000   15.0000 2111.6316   25.5698
    7.5000   45.0000   15.0000 2063.9492   26.4606
   -7.5000  -45.0000   22.5000 2241.6392   24.2215
    0.0000  -45.0000   22.5000 2228.8474   24.5719
    7.5000  -45.0000   22.5000 2185.4854   25.6506
   -7.5000  -37.5000   22.5000 2379.5889   21.4856
    0.0000  -37.5000   22.5000 2360.5249   21.7770
    7.5000  -37.5000   22.5000 2311.0139   22.8221
   -7.5000  -30.0000   22.5000 2508.8606   19.2802
    0.0000  -30.0000   22.5000 2490.4993   19.5995
    7.5000  -30.0000   22.5000 2434.5730   20.6085
   -7.5000  -22.5000   22.5000 2660.0767   17.6555
    0.0000  -22.5000   22.5000 2637.1401   17.9561
    7.5000  -22.5000   22.5000 2565.3525   18.8590
   -7.5000  -15.0000   22.5000 2800.2021   16.4882
    0.0000  -15.0000   22.5000 2760.6194   16.8327
    7.5000  -15.0000   22.5000 2674.2664   17.7232
   -7.5000   -7.5000   22.5000 2885.0176   15.8860
    0.0000   -7.5000   22.5000 2851.9250   16.2945
    7.5000   -7.5000   22.5000 2753.8933   17.1531
   -7.5000    0.0000   22.5000 2921.4724   15.9992
    0.0000    0.0000   22.5000 2883.0579   16.2345
    7.5000    0.0000   22.5000 2776.1440   17.0713
   -7.5000    7.5000   22.5000 2901.0720   16.4517
    0.0000    7.5000   22.5000 2855.4443   16.6016
    7.5000    7.5000   22.5000 2748.9976   17.3314
   -7.5000   15.0000   22.5000 2785.7317   17.3196
    0.0000   15.0000   22.5000 2755.8579   17.3879
    7.5000   15.0000   22.5000 2669.9512   18.0591
   -7.5000   22.5000   22.5000 2644.0669   18.4203
    0.0000   22.5000   22.5000 2618.7993   18.5154
    7.5000   22.5000   22.5000 2548.2817   19.2441
   -7.5000   30.0000   22.5000 2479.7114   20.0806
    0.0000   30.0000   22.5000 2458.4675   20.1509
    7.5000   30.0000   22.5000 2391.6702   20.9233
   -7.5000   37.5000   22.5000 2302.4932   22.2780
    0.0000   37.5000   22.5000 2285.0325   22.3836
    7.5000   37.5000   22.5000 2229.5791   23.1873
   -7.5000   45.0000   22.5000 2124.0496   25.1595
    0.0000   45.0000   22.5000 2105.5942   25.2631
    7.5000   45.0000   22.5000 2059.3494   26.1580
   -7.5000  -45.0000   30.0000 2233.9485   24.5742
    0.0000  -45.0000   30.0000 2217.0532   24.9024
    7.5000  -45.0000   30.0000 2170.5208   26.0665
   -7.5000  -37.5000   30.0000 2368.1741   21.8156
    0.0000  -37.5000   30.0000 2347.0793   22.1052
    7.5000  -37.5000   30.0000 2292.2444   23.2509
   -7.5000  -30.0000   30.0000 2498.7571   19.6515
    0.0000  -30.0000   30.0000 2473.1504   19.9619
    7.5000  -30.0000   30.0000 2414.9536   20.9735
   -7.5000  -22.5000   30.0000 2637.5991   18.0757
    0.0000  -22.5000   30.0000 2614.9465   18.2990
    7.5000  -22.5000   30.0000 2546.0996   19.3080
   -7.5000  -15.0000   30.0000 2752.8909   16.8208
    0.0000  -15.0000   30.0000 2728.1191   17.2385
    7.5000  -15.0000   30.0000 2653.8188   18.1703
   -7.5000   -7.5000   30.0000 2828.1533   16.4470
    0.0000   -7.5000   30.0000 2802.8403   16.6944
    7.5000   -7.5000   30.0000 2719.7068   17.5620
   -7.5000    0.0000   30.0000 2848.0029   16.5083
    0.0000    0.0000   30.0000 2827.6731   16.7153
    7.5000    0.0000   30.0000 2733.3528   17.4340
   -7.5000    7.5000   30.0000 2824.1855   16.8674
    0.0000    7.5000   30.0000 2796.0486   17.0615
    7.5000    7.5000   30.0000 2709.5330   17.6972
   -7.5000   15.0000   30.0000 2737.6360   17.5890
    0.0000   15.0000   30.0000 2709.2695   17.6951
    7.5000   15.0000   30.0000 2631.7856   18.3381
   -7.5000   22.5000   30.0000 2610.3933   18.6757
    0.0000   22.5000   30.0000 2586.8396   18.7589
    7.5000   22.5000   30.0000 2519.4707   19.4703
   -7.5000   30.0000   30.0000 2458.1821   20.2687
    0.0000   30.0000   30.0000 2437.7703   20.3721
    7.5000   30.0000   30.0000 2374.6863   21.1108
   -7.5000   37.5000   30.0000 2280.9114   22.4506
    0.0000   37.5000   30.0000 2265.5408   22.5800
    7.5000   37.5000   30.0000 2220.1499   23.3508
   -7.5000   45.0000   30.0000 2113.4404   25.2989
    0.0000   45.0000   30.0000 2086.8550   25.4133
    7.5000   45.0000   30.0000 2041.0269   26.2829
   -7.5000  -45.0000   37.5000 2209.1230   25.1799
    0.0000  -45.0000   37.5000 2192.1780   25.5522
    7.5000  -45.0000   37.5000 2146.9583   26.8728
   -7.5000  -37.5000   37.5000 2345.7202   22.4238
    0.0000  -37.5000   37.5000 2324.9661   22.7272
    7.5000  -37.5000   37.5000 2273.4861   23.9326
   -7.5000  -30.0000   37.5000 2472.0750   20.3693
    0.0000  -30.0000   37.5000 2445.3367   20.5555
    7.5000  -30.0000   37.5000 2386.3315   21.6897
   -7.5000  -22.5000   37.5000 2602.6562   18.7396
    0.0000  -22.5000   37.5000 2577.3403   18.9978
    7.5000  -22.5000   37.5000 2509.7200   20.0341
   -7.5000  -15.0000   37.5000 2702.5786   17.7578
    0.0000  -15.0000   37.5000 2675.2666   17.9609
    7.5000  -15.0000   37.5000 2606.1406   18.9452
   -7.5000   -7.5000   37.5000 2757.8938   17.3888
    0.0000   -7.5000   37.5000 2736.1851   17.5331
    7.5000   -7.5000   37.5000 2663.6338   18.3246
   -7.5000    0.0000   37.5000 2769.4360   17.3520
    0.0000    0.0000   37.5000 2739.4644   17.4520
    7.5000    0.0000   37.5000 2674.5862   18.1841
   -7.5000    7.5000   37.5000 2733.4639   17.5867
    0.0000    7.5000   37.5000 2710.0237   17.7179
    7.5000    7.5000   37.5000 2643.9492   18.4027
   -7.5000   15.0000   37.5000 2652.9941   18.2236
    0.0000   15.0000   37.5000 2627.9387   18.3478
    7.5000   15.0000   37.5000 2565.7041   18.9978
   -7.5000   22.5000   37.5000 2538.5327   19.2924
    0.0000   22.5000   37.5000 2521.3535   19.3805
    7.5000   22.5000   37.5000 2462.1658   20.0868
   -7.5000   30.0000   37.5000 2407.0852   20.8421
    0.0000   30.0000   37.5000 2388.4531   20.9056
    7.5000   30.0000   37.5000 2333.9751   21.6546
   -7.5000   37.5000   37.5000 2245.0623   23.0211
    0.0000   37.5000   37.5000 2229.2444   23.0843
    7.5000   37.5000   37.5000 2186.4609   23.8791
   -7.5000   45.0000   37.5000 2074.6528   25.7995
    0.0000   45.0000   37.5000 2054.8420   25.9205
    7.5000   45.0000   37.5000 2016.4580   26.7892
   -7.5000  -45.0000   45.0000 2165.3865   26.2611
    0.0000  -45.0000   45.0000 2148.4023   26.5381
    7.5000  -45.0000   45.0000 2106.2393   27.8675
   -7.5000  -37.5000   45.0000 2302.9365   23.5108
    0.0000  -37.5000   45.0000 2278.3364   23.6855
    7.5000  -37.5000   45.0000 2230.3308   24.9077
   -7.5000  -30.0000   45.0000 2423.5510   21.4073
    0.0000  -30.0000   45.0000 2396.9902   21.6096
    7.5000  -30.0000   45.0000 2341.7383   22.6941
   -7.5000  -22.5000   45.0000 2544.9680   19.8884
    0.0000  -22.5000   45.0000 2509.8350   20.0704
    7.5000  -22.5000   45.0000 2449.1460   21.0864
   -7.5000  -15.0000   45.0000 2627.0662   18.9565
    0.0000  -15.0000   45.0000 2597.2004   19.0670
    7.5000  -15.0000   45.0000 2533.0833   19.9645
   -7.5000   -7.5000   45.0000 2672.7424   18.5355
    0.0000   -7.5000   45.0000 2648.4575   18.6426
    7.5000   -7.5000   45.0000 2591.0535   19.3792
   -7.5000    0.0000   45.0000 2671.5681   18.4340
    0.0000    0.0000   45.0000 2646.9600   18.5283
    7.5000    0.0000   45.0000 2593.5120   19.2005
   -7.5000    7.5000   45.0000 2626.6567   18.5886
    0.0000    7.5000   45.0000 2605.4624   18.7294
    7.5000    7.5000   45.0000 2559.5989   19.4050
   -7.5000   15.0000   45.0000 2557.2017   19.1050
    0.0000   15.0000   45.0000 2530.6599   19.2533
    7.5000   15.0000   45.0000 2481.5200   19.9491
   -7.5000   22.5000   45.0000 2457.4585   20.1270
    0.0000   22.5000   45.0000 2432.8003   20.2585
    7.5000   22.5000   45.0000 2385.2551   20.9667
   -7.5000   30.0000   45.0000 2325.0027   21.6677
    0.0000   30.0000   45.0000 2310.9233   21.7961
    7.5000   30.0000   45.0000 2266.5837   22.5337
   -7.5000   37.5000   45.0000 2185.6829   23.8789
    0.0000   37.5000   45.0000 2165.9841   23.9982
    7.5000   37.5000   45.0000 2127.4749   24.7851
   -7.5000   45.0000   45.0000 2029.8983   26.7056
    0.0000   45.0000   45.0000 2011.5762   26.8519
    7.5000   45.0000   45.0000 1973.5571   27.6948

---------------------------------------------------------------------
imgreg_4dfp /opt/freesurfer/average/711-2C_as_mni_average_305 /opt/freesurfer/average/711-2B_as_mni_average_305_mask talsrcimg_g11 none talsrcimg_to_711-2C_as_mni_average_305_t4 1283
---------------------------------------------------------------------

freesurfer imgreg_4dfp.c
/opt/freesurfer/average/711-2C_as_mni_average_305.4dfp.img
       256       256       256         1
  1.000000  1.000000  1.000000
orientation T byte_order littleendian
Reading image: /opt/freesurfer/average/711-2C_as_mni_average_305.4dfp.img
dimensions:      256       256       256
mmppix:       1.0000   -1.0000   -1.0000
center:     128.0000 -129.0000 -129.0000
/opt/freesurfer/average/711-2B_as_mni_average_305_mask.4dfp.img
       256       256       256         1
  1.000000  1.000000  1.000000
orientation T byte_order littleendian
Reading mask: /opt/freesurfer/average/711-2B_as_mni_average_305_mask.4dfp.img (2306576 pixels)
talsrcimg_g11.4dfp.img
       256       256       256         1
  1.000000  1.000000  1.000000
orientation T byte_order littleendian
Reading image: talsrcimg_g11.4dfp.img
dimensions:      256       256       256
mmppix:       1.0000   -1.0000   -1.0000
center:     128.0000 -129.0000 -129.0000
rotation matrix determinant  1.000000
fimgreg.f
image alignment mode   1283 decimal      503 hex
parameters
   -7.5000    0.0000   15.0000    0.0000    0.0000    0.0000
eta,q 0.92436 15.94184
niter,ni,del,rscale     5    3   12.0000    1.2000
parameter  4  0.531376 ->  0.500000 qaram    1.1500
parameters
   -6.6445   -0.8209   15.9777   -3.4500    1.8954   -1.9642
eta,q 0.92509 15.75320
  0.0907  0.0832  0.0892  0.0758  0.0837  0.0765
  0.0849  0.0802  0.0829  0.0756  0.0803  0.0752
  0.0809  0.0783  0.0796  0.0763  0.0776  0.0749
  0.0783  0.0783  0.0777  0.0768  0.0758  0.0754
  0.0794  0.0795  0.0776  0.0771  0.0754  0.0764
  0.0823  0.0817  0.0806  0.0795  0.0758  0.0777
  0.0850  0.0881  0.0829  0.0837  0.0779  0.0789
niter,ni,del,rscale     5    3   12.0000    1.2000
parameters
   -7.4162    0.6591   15.0911   -5.1073    1.5001   -1.6217
eta,q 0.92883 15.85979
  0.0831  0.0893  0.0793  0.0780  0.0781  0.0763
  0.0784  0.0826  0.0755  0.0724  0.0744  0.0737
  0.0754  0.0793  0.0732  0.0711  0.0721  0.0720
  0.0749  0.0746  0.0735  0.0729  0.0712  0.0712
  0.0782  0.0740  0.0767  0.0765  0.0726  0.0714
  0.0822  0.0773  0.0790  0.0793  0.0756  0.0730
  0.0876  0.0800  0.0822  0.0827  0.0802  0.0753
niter,ni,del,rscale     4    3   12.0000    1.2000
parameters
   -7.0759    0.7784   14.8177   -5.1637    1.5288   -1.7574
eta,q 0.92916 15.89477
  0.0866  0.0848  0.0810  0.0824  0.0788  0.0753
  0.0792  0.0803  0.0750  0.0751  0.0747  0.0730
  0.0744  0.0743  0.0713  0.0711  0.0721  0.0716
  0.0712  0.0710  0.0710  0.0708  0.0708  0.0708
  0.0727  0.0741  0.0745  0.0740  0.0718  0.0714
  0.0777  0.0794  0.0779  0.0777  0.0746  0.0734
  0.0835  0.0840  0.0807  0.0802  0.0788  0.0758
niter,ni,del,rscale     3    3   12.0000    1.2000
parameters
   -7.0002    0.7260   14.7424   -5.2034    1.5226   -1.7890
eta,q 0.92926 15.89404
  0.0851  0.0840  0.0818  0.0825  0.0787  0.0755
  0.0785  0.0795  0.0756  0.0753  0.0746  0.0731
  0.0738  0.0736  0.0715  0.0710  0.0720  0.0715
  0.0708  0.0708  0.0708  0.0708  0.0707  0.0707
  0.0731  0.0743  0.0740  0.0739  0.0718  0.0712
  0.0783  0.0796  0.0776  0.0777  0.0746  0.0732
  0.0844  0.0844  0.0804  0.0803  0.0789  0.0757
niter,ni,del,rscale     2    3   12.0000    1.2000
parameters
   -6.9875    0.7003   14.7117   -5.2190    1.5261   -1.7885
eta,q 0.92930 15.89319
  0.0847  0.0840  0.0820  0.0826  0.0788  0.0755
  0.0782  0.0795  0.0757  0.0754  0.0747  0.0731
  0.0736  0.0737  0.0715  0.0711  0.0720  0.0715
  0.0707  0.0707  0.0707  0.0707  0.0707  0.0707
  0.0732  0.0740  0.0738  0.0738  0.0717  0.0712
  0.0783  0.0794  0.0776  0.0777  0.0746  0.0731
  0.0846  0.0843  0.0803  0.0803  0.0789  0.0756
registration optimization eta report
parameter search radius
    6.0000    6.0000    6.0000    6.9000    6.0000    6.0000
100000*second partial in parameter space
       37.       34.       28.       22.       22.       13.
  0.0847  0.0840  0.0820  0.0826  0.0788  0.0755
  0.0782  0.0795  0.0757  0.0754  0.0747  0.0731
  0.0736  0.0737  0.0715  0.0711  0.0720  0.0715
  0.0707  0.0707  0.0707  0.0707  0.0707  0.0707
  0.0732  0.0740  0.0738  0.0738  0.0717  0.0712
  0.0783  0.0794  0.0776  0.0777  0.0746  0.0731
  0.0846  0.0843  0.0803  0.0803  0.0789  0.0756
   -6.9875    0.7003   14.7117   -5.2190    1.5261   -1.7885
eta,q 0.92930 15.89319

---------------------------------------------------------------------
imgreg_4dfp /opt/freesurfer/average/711-2C_as_mni_average_305 /opt/freesurfer/average/711-2B_as_mni_average_305_mask talsrcimg_g11 none talsrcimg_to_711-2C_as_mni_average_305_t4 3335
---------------------------------------------------------------------

freesurfer imgreg_4dfp.c
/opt/freesurfer/average/711-2C_as_mni_average_305.4dfp.img
       256       256       256         1
  1.000000  1.000000  1.000000
orientation T byte_order littleendian
Reading image: /opt/freesurfer/average/711-2C_as_mni_average_305.4dfp.img
dimensions:      256       256       256
mmppix:       1.0000   -1.0000   -1.0000
center:     128.0000 -129.0000 -129.0000
/opt/freesurfer/average/711-2B_as_mni_average_305_mask.4dfp.img
       256       256       256         1
  1.000000  1.000000  1.000000
orientation T byte_order littleendian
Reading mask: /opt/freesurfer/average/711-2B_as_mni_average_305_mask.4dfp.img (2306576 pixels)
talsrcimg_g11.4dfp.img
       256       256       256         1
  1.000000  1.000000  1.000000
orientation T byte_order littleendian
Reading image: talsrcimg_g11.4dfp.img
dimensions:      256       256       256
mmppix:       1.0000   -1.0000   -1.0000
center:     128.0000 -129.0000 -129.0000
fimgreg.f
image alignment mode   3335 decimal      D07 hex
parameters
   -6.9875    0.7003   14.7117   -0.0842   -0.4706   -0.4499
    3.3502   -2.3671   -3.1199    9.1746    2.6633   -9.0930
eta,q 0.92784 15.98171
niter,ni,del,rscale     5    3    5.0000    1.2000
parameter  4  2.542490 ->  0.500000 qaram    1.1500
parameter  5  4.184520 ->  0.500000 qaram    1.1500
parameter  6  2.156604 ->  0.500000 qaram    1.1500
parameter 10  0.735340 ->  0.500000 qaram    1.1500
parameters
   -7.0065    1.7014   15.7352   -4.2242   -4.6106   -4.5899
   -0.1188   -2.4343   -2.1896    5.0346    0.0103  -10.1576
eta,q 0.95541 14.52043
  0.0746  0.0752  0.0739  0.0612  0.0501  0.0438  0.0474  0.0519  0.0494  0.0452  0.0455  0.0459
  0.0733  0.0739  0.0729  0.0636  0.0544  0.0462  0.0468  0.0491  0.0480  0.0449  0.0448  0.0451
  0.0725  0.0729  0.0722  0.0672  0.0591  0.0506  0.0468  0.0473  0.0471  0.0454  0.0446  0.0447
  0.0722  0.0722  0.0718  0.0715  0.0645  0.0556  0.0473  0.0467  0.0467  0.0467  0.0449  0.0446
  0.0724  0.0718  0.0715  0.0761  0.0706  0.0614  0.0483  0.0474  0.0468  0.0488  0.0457  0.0450
  0.0733  0.0719  0.0715  0.0812  0.0769  0.0685  0.0497  0.0493  0.0473  0.0517  0.0468  0.0458
  0.0748  0.0725  0.0719  0.0867  0.0831  0.0748  0.0516  0.0521  0.0483  0.0550  0.0483  0.0469
niter,ni,del,rscale     7    3    5.0000    1.2000
parameter  4  0.800923 ->  0.500000 qaram    1.3225
parameter  5  2.948602 ->  0.500000 qaram    1.3225
parameter  6  0.673617 ->  0.500000 qaram    1.3225
parameters
   -7.2582    1.3697   14.9989   -8.9852   -9.3716   -9.3509
    0.1467   -1.7326   -1.7577    4.3022    0.9561  -11.6730
eta,q 0.97053 13.64571
  0.0475  0.0460  0.0456  0.0411  0.0272  0.0299  0.0327  0.0354  0.0325  0.0341  0.0314  0.0307
  0.0457  0.0451  0.0446  0.0409  0.0312  0.0297  0.0312  0.0327  0.0311  0.0313  0.0305  0.0298
  0.0447  0.0446  0.0442  0.0418  0.0357  0.0302  0.0302  0.0307  0.0301  0.0299  0.0299  0.0295
  0.0446  0.0445  0.0445  0.0442  0.0410  0.0324  0.0297  0.0297  0.0297  0.0296  0.0296  0.0296
  0.0453  0.0449  0.0455  0.0483  0.0468  0.0376  0.0300  0.0299  0.0298  0.0305  0.0296  0.0301
  0.0468  0.0458  0.0469  0.0533  0.0531  0.0441  0.0309  0.0313  0.0306  0.0328  0.0300  0.0309
  0.0490  0.0473  0.0488  0.0590  0.0602  0.0518  0.0324  0.0337  0.0319  0.0359  0.0307  0.0320
niter,ni,del,rscale     7    3    5.0000    1.2000
parameter  5  1.114625 ->  0.500000 qaram    1.5209
parameters
   -7.1881    1.4328   15.1469  -10.5095  -14.8468  -10.8226
    0.6358   -1.7470   -1.7033    4.8102    1.3189  -11.1399
eta,q 0.97636 13.16531
  0.0334  0.0323  0.0316  0.0333  0.0227  0.0277  0.0274  0.0281  0.0266  0.0294  0.0252  0.0260
  0.0313  0.0307  0.0305  0.0315  0.0231  0.0258  0.0256  0.0259  0.0250  0.0267  0.0244  0.0248
  0.0300  0.0298  0.0298  0.0301  0.0254  0.0243  0.0243  0.0244  0.0240  0.0248  0.0239  0.0240
  0.0295  0.0295  0.0295  0.0295  0.0296  0.0235  0.0237  0.0237  0.0237  0.0237  0.0237  0.0237
  0.0298  0.0297  0.0296  0.0304  0.0347  0.0241  0.0239  0.0242  0.0240  0.0240  0.0238  0.0238
  0.0310  0.0305  0.0301  0.0334  0.0409  0.0274  0.0249  0.0258  0.0250  0.0257  0.0242  0.0244
  0.0330  0.0320  0.0312  0.0383  0.0478  0.0337  0.0266  0.0283  0.0265  0.0284  0.0249  0.0254
niter,ni,del,rscale     7    3    5.0000    1.2000
parameters
   -7.0538    1.2672   15.1852   -9.3763  -18.3960  -10.6271
    0.9227   -1.7836   -1.4976    4.5916    1.0051  -11.2427
eta,q 0.97767 13.02397
  0.0275  0.0267  0.0256  0.0292  0.0268  0.0279  0.0260  0.0268  0.0251  0.0270  0.0236  0.0243
  0.0255  0.0248  0.0245  0.0271  0.0240  0.0256  0.0242  0.0246  0.0237  0.0245  0.0229  0.0232
  0.0242  0.0238  0.0238  0.0252  0.0224  0.0237  0.0229  0.0230  0.0227  0.0229  0.0225  0.0225
  0.0236  0.0236  0.0236  0.0236  0.0232  0.0224  0.0223  0.0223  0.0223  0.0223  0.0223  0.0223
  0.0239  0.0243  0.0238  0.0230  0.0268  0.0221  0.0226  0.0228  0.0226  0.0230  0.0225  0.0226
  0.0250  0.0257  0.0244  0.0244  0.0323  0.0239  0.0237  0.0245  0.0234  0.0248  0.0231  0.0233
  0.0268  0.0275  0.0254  0.0280  0.0390  0.0288  0.0256  0.0271  0.0248  0.0275  0.0239  0.0243
niter,ni,del,rscale     6    3    5.0000    1.2000
parameters
   -7.0138    1.3347   15.5061   -8.5616  -19.1719  -10.4258
    0.8653   -1.7716   -1.4218    4.6497    0.7992  -11.1039
eta,q 0.97797 13.02736
  0.0261  0.0258  0.0247  0.0279  0.0291  0.0277  0.0255  0.0267  0.0246  0.0269  0.0234  0.0241
  0.0241  0.0238  0.0235  0.0259  0.0263  0.0254  0.0237  0.0244  0.0233  0.0243  0.0227  0.0230
  0.0228  0.0227  0.0227  0.0240  0.0235  0.0235  0.0225  0.0228  0.0224  0.0226  0.0222  0.0223
  0.0223  0.0223  0.0223  0.0223  0.0220  0.0221  0.0220  0.0220  0.0220  0.0220  0.0220  0.0220
  0.0227  0.0227  0.0224  0.0219  0.0231  0.0217  0.0225  0.0225  0.0223  0.0226  0.0222  0.0223
  0.0239  0.0238  0.0228  0.0235  0.0270  0.0236  0.0237  0.0242  0.0232  0.0242  0.0227  0.0230
  0.0258  0.0253  0.0237  0.0274  0.0326  0.0287  0.0256  0.0268  0.0246  0.0268  0.0236  0.0239
niter,ni,del,rscale     5    3    5.0000    1.2000
parameters
   -7.0339    1.3724   15.6647   -8.3817  -19.3589  -10.3327
    0.8321   -1.7741   -1.3755    4.6619    0.7269  -10.9916
eta,q 0.97803 13.03078
  0.0257  0.0254  0.0242  0.0275  0.0295  0.0276  0.0254  0.0266  0.0245  0.0268  0.0234  0.0241
  0.0237  0.0235  0.0231  0.0255  0.0268  0.0253  0.0237  0.0243  0.0232  0.0242  0.0226  0.0229
  0.0224  0.0223  0.0223  0.0236  0.0239  0.0235  0.0224  0.0227  0.0223  0.0225  0.0222  0.0222
  0.0220  0.0220  0.0220  0.0220  0.0220  0.0220  0.0220  0.0220  0.0220  0.0220  0.0220  0.0220
  0.0225  0.0225  0.0221  0.0219  0.0226  0.0217  0.0224  0.0225  0.0222  0.0226  0.0221  0.0223
  0.0238  0.0235  0.0227  0.0241  0.0260  0.0237  0.0237  0.0242  0.0231  0.0242  0.0227  0.0230
  0.0258  0.0250  0.0237  0.0283  0.0313  0.0289  0.0256  0.0268  0.0245  0.0267  0.0235  0.0238
niter,ni,del,rscale     4    3    5.0000    1.2000
parameters
   -7.0445    1.3845   15.7195   -8.3301  -19.4046  -10.3027
    0.8123   -1.7759   -1.3502    4.6572    0.7064  -10.9390
eta,q 0.97804 13.03229
  0.0257  0.0252  0.0240  0.0274  0.0296  0.0276  0.0254  0.0266  0.0245  0.0267  0.0234  0.0240
  0.0237  0.0234  0.0229  0.0254  0.0269  0.0253  0.0237  0.0243  0.0232  0.0242  0.0226  0.0229
  0.0224  0.0223  0.0222  0.0235  0.0240  0.0235  0.0224  0.0227  0.0223  0.0225  0.0221  0.0222
  0.0220  0.0220  0.0220  0.0220  0.0220  0.0220  0.0220  0.0220  0.0220  0.0220  0.0220  0.0220
  0.0224  0.0224  0.0221  0.0219  0.0225  0.0217  0.0224  0.0224  0.0222  0.0226  0.0221  0.0223
  0.0237  0.0235  0.0228  0.0242  0.0257  0.0238  0.0236  0.0241  0.0231  0.0242  0.0226  0.0230
  0.0258  0.0250  0.0238  0.0285  0.0311  0.0290  0.0256  0.0268  0.0245  0.0267  0.0234  0.0239
niter,ni,del,rscale     3    3    5.0000    1.2000
parameters
   -7.0489    1.3866   15.7376   -8.3149  -19.4182  -10.2947
    0.8016   -1.7763   -1.3411    4.6500    0.7049  -10.9188
eta,q 0.97805 13.03261
  0.0257  0.0252  0.0239  0.0274  0.0296  0.0275  0.0254  0.0266  0.0245  0.0267  0.0234  0.0240
  0.0237  0.0233  0.0229  0.0254  0.0269  0.0253  0.0237  0.0243  0.0232  0.0242  0.0226  0.0229
  0.0224  0.0222  0.0222  0.0235  0.0240  0.0235  0.0224  0.0227  0.0223  0.0225  0.0221  0.0222
  0.0220  0.0220  0.0220  0.0220  0.0220  0.0220  0.0220  0.0220  0.0220  0.0220  0.0220  0.0220
  0.0224  0.0224  0.0222  0.0220  0.0225  0.0217  0.0224  0.0224  0.0222  0.0226  0.0221  0.0223
  0.0237  0.0235  0.0228  0.0243  0.0257  0.0239  0.0236  0.0241  0.0231  0.0242  0.0226  0.0230
  0.0257  0.0250  0.0239  0.0286  0.0310  0.0291  0.0255  0.0268  0.0245  0.0267  0.0234  0.0239
registration optimization eta report
parameter search radius
    2.4000    2.4000    2.4000    9.5220   10.9503    9.5220
    7.2000    7.2000    7.2000    8.2800    7.2000    7.2000
100000*second partial in parameter space
       65.       54.       33.        7.        7.        7.
        7.        9.        5.        7.        3.        4.
  0.0257  0.0252  0.0239  0.0274  0.0296  0.0275  0.0254  0.0266  0.0245  0.0267  0.0234  0.0240
  0.0237  0.0233  0.0229  0.0254  0.0269  0.0253  0.0237  0.0243  0.0232  0.0242  0.0226  0.0229
  0.0224  0.0222  0.0222  0.0235  0.0240  0.0235  0.0224  0.0227  0.0223  0.0225  0.0221  0.0222
  0.0220  0.0220  0.0220  0.0220  0.0220  0.0220  0.0220  0.0220  0.0220  0.0220  0.0220  0.0220
  0.0224  0.0224  0.0222  0.0220  0.0225  0.0217  0.0224  0.0224  0.0222  0.0226  0.0221  0.0223
  0.0237  0.0235  0.0228  0.0243  0.0257  0.0239  0.0236  0.0241  0.0231  0.0242  0.0226  0.0230
  0.0257  0.0250  0.0239  0.0286  0.0310  0.0291  0.0255  0.0268  0.0245  0.0267  0.0234  0.0239
   -7.0489    1.3866   15.7376   -8.3149  -19.4182  -10.2947
    0.8016   -1.7763   -1.3411    4.6500    0.7049  -10.9188
eta,q 0.97805 13.03261

---------------------------------------------------------------------
imgreg_4dfp /opt/freesurfer/average/711-2C_as_mni_average_305 /opt/freesurfer/average/711-2B_as_mni_average_305_mask talsrcimg_g11 none talsrcimg_to_711-2C_as_mni_average_305_t4 2311
---------------------------------------------------------------------

freesurfer imgreg_4dfp.c
/opt/freesurfer/average/711-2C_as_mni_average_305.4dfp.img
       256       256       256         1
  1.000000  1.000000  1.000000
orientation T byte_order littleendian
Reading image: /opt/freesurfer/average/711-2C_as_mni_average_305.4dfp.img
dimensions:      256       256       256
mmppix:       1.0000   -1.0000   -1.0000
center:     128.0000 -129.0000 -129.0000
/opt/freesurfer/average/711-2B_as_mni_average_305_mask.4dfp.img
       256       256       256         1
  1.000000  1.000000  1.000000
orientation T byte_order littleendian
Reading mask: /opt/freesurfer/average/711-2B_as_mni_average_305_mask.4dfp.img (2306576 pixels)
talsrcimg_g11.4dfp.img
       256       256       256         1
  1.000000  1.000000  1.000000
orientation T byte_order littleendian
Reading image: talsrcimg_g11.4dfp.img
dimensions:      256       256       256
mmppix:       1.0000   -1.0000   -1.0000
center:     128.0000 -129.0000 -129.0000
fimgreg.f
image alignment mode   2311 decimal      907 hex
parameters
   -7.0489    1.3866   15.7376   -8.3149  -19.4182  -10.2947
    0.8016   -1.7763   -1.3411    4.6500    0.7049  -10.9188
eta,q 0.97805 13.03261
niter,ni,del,rscale     5    3    5.0000    0.8000
parameters
   -7.0548    1.3257   15.7551   -6.9485  -18.6203   -8.8496
    0.7703   -1.8061   -1.4538    4.7735    0.1746  -11.0422
eta,q 0.97860 13.16638
  0.0237  0.0233  0.0228  0.0245  0.0245  0.0240  0.0232  0.0239  0.0227  0.0234  0.0220  0.0224
  0.0227  0.0225  0.0224  0.0235  0.0233  0.0231  0.0222  0.0225  0.0220  0.0223  0.0217  0.0218
  0.0222  0.0221  0.0221  0.0226  0.0222  0.0223  0.0216  0.0217  0.0216  0.0217  0.0214  0.0215
  0.0220  0.0220  0.0219  0.0219  0.0217  0.0217  0.0214  0.0214  0.0214  0.0214  0.0214  0.0214
  0.0222  0.0222  0.0220  0.0217  0.0217  0.0214  0.0216  0.0217  0.0216  0.0216  0.0216  0.0216
  0.0228  0.0227  0.0223  0.0220  0.0222  0.0216  0.0222  0.0226  0.0221  0.0222  0.0219  0.0219
  0.0237  0.0235  0.0228  0.0228  0.0232  0.0224  0.0233  0.0240  0.0229  0.0232  0.0224  0.0224
niter,ni,del,rscale     4    3    5.0000    0.7000
parameters
   -7.0983    1.2082   16.0504   -7.3158  -18.6829   -8.6541
    0.8714   -1.7078   -1.4271    4.7210    0.2742  -10.7672
eta,q 0.97868 13.16771
  0.0228  0.0224  0.0224  0.0227  0.0231  0.0231  0.0228  0.0234  0.0224  0.0228  0.0220  0.0223
  0.0220  0.0218  0.0219  0.0220  0.0221  0.0223  0.0220  0.0223  0.0218  0.0220  0.0216  0.0218
  0.0215  0.0214  0.0216  0.0215  0.0215  0.0217  0.0215  0.0216  0.0215  0.0215  0.0214  0.0215
  0.0214  0.0214  0.0214  0.0213  0.0213  0.0213  0.0213  0.0213  0.0213  0.0213  0.0213  0.0213
  0.0216  0.0216  0.0214  0.0216  0.0216  0.0214  0.0215  0.0215  0.0214  0.0215  0.0214  0.0214
  0.0221  0.0221  0.0215  0.0223  0.0222  0.0218  0.0219  0.0221  0.0218  0.0220  0.0216  0.0216
  0.0229  0.0227  0.0218  0.0235  0.0232  0.0230  0.0227  0.0232  0.0224  0.0229  0.0219  0.0220
niter,ni,del,rscale     3    3    5.0000    0.6000
parameters
   -7.0983    1.2129   16.1183   -7.2842  -18.7052   -8.5217
    0.8817   -1.7156   -1.4237    4.6836    0.2365  -10.7229
eta,q 0.97869 13.17095
  0.0224  0.0222  0.0220  0.0225  0.0226  0.0226  0.0224  0.0228  0.0221  0.0224  0.0218  0.0219
  0.0218  0.0217  0.0216  0.0219  0.0219  0.0220  0.0218  0.0220  0.0217  0.0218  0.0215  0.0216
  0.0214  0.0214  0.0214  0.0215  0.0214  0.0215  0.0214  0.0215  0.0214  0.0214  0.0214  0.0214
  0.0213  0.0213  0.0213  0.0213  0.0213  0.0213  0.0213  0.0213  0.0213  0.0213  0.0213  0.0213
  0.0214  0.0214  0.0214  0.0214  0.0215  0.0213  0.0214  0.0215  0.0214  0.0214  0.0214  0.0214
  0.0218  0.0217  0.0215  0.0218  0.0219  0.0217  0.0218  0.0220  0.0217  0.0218  0.0215  0.0216
  0.0224  0.0222  0.0218  0.0226  0.0226  0.0226  0.0224  0.0228  0.0221  0.0224  0.0218  0.0219
niter,ni,del,rscale     2    3    5.0000    0.5000
parameters
   -7.1022    1.2018   16.1530   -7.2337  -18.7545   -8.4010
    0.8834   -1.7113   -1.4169    4.6760    0.2163  -10.7145
eta,q 0.97871 13.17384
  0.0221  0.0219  0.0217  0.0222  0.0222  0.0223  0.0220  0.0223  0.0219  0.0221  0.0216  0.0217
  0.0216  0.0216  0.0215  0.0217  0.0217  0.0218  0.0216  0.0218  0.0215  0.0216  0.0214  0.0215
  0.0214  0.0214  0.0214  0.0214  0.0214  0.0215  0.0214  0.0214  0.0214  0.0214  0.0213  0.0213
  0.0213  0.0213  0.0213  0.0213  0.0213  0.0213  0.0213  0.0213  0.0213  0.0213  0.0213  0.0213
  0.0214  0.0214  0.0213  0.0214  0.0214  0.0213  0.0214  0.0214  0.0214  0.0214  0.0213  0.0213
  0.0217  0.0216  0.0215  0.0217  0.0217  0.0216  0.0216  0.0217  0.0215  0.0216  0.0214  0.0215
  0.0221  0.0219  0.0217  0.0222  0.0222  0.0222  0.0220  0.0223  0.0219  0.0221  0.0216  0.0217
niter,ni,del,rscale     1    3    5.0000    0.4000
parameters
   -7.1004    1.1999   16.1797   -7.1896  -18.8022   -8.3042
    0.8867   -1.7081   -1.3985    4.6770    0.1799  -10.7105
eta,q 0.97872 13.17584
  0.0218  0.0217  0.0216  0.0219  0.0219  0.0219  0.0218  0.0220  0.0217  0.0218  0.0215  0.0216
  0.0215  0.0215  0.0214  0.0216  0.0215  0.0216  0.0215  0.0216  0.0215  0.0215  0.0214  0.0214
  0.0213  0.0213  0.0213  0.0214  0.0213  0.0214  0.0213  0.0214  0.0213  0.0213  0.0213  0.0213
  0.0213  0.0213  0.0213  0.0213  0.0213  0.0213  0.0213  0.0213  0.0213  0.0213  0.0213  0.0213
  0.0213  0.0213  0.0213  0.0213  0.0214  0.0213  0.0213  0.0214  0.0213  0.0213  0.0213  0.0213
  0.0215  0.0215  0.0214  0.0215  0.0216  0.0215  0.0215  0.0216  0.0214  0.0215  0.0214  0.0214
  0.0218  0.0217  0.0215  0.0219  0.0219  0.0219  0.0218  0.0220  0.0216  0.0218  0.0215  0.0216
registration optimization eta report
parameter search radius
    0.8000    0.8000    0.8000    2.4000    2.4000    2.4000
    2.4000    2.4000    2.4000    2.4000    2.4000    2.4000
100000*second partial in parameter space
       77.       62.       42.       10.       10.       10.
        8.       12.        6.        9.        4.        5.
  0.0218  0.0217  0.0216  0.0219  0.0219  0.0219  0.0218  0.0220  0.0217  0.0218  0.0215  0.0216
  0.0215  0.0215  0.0214  0.0216  0.0215  0.0216  0.0215  0.0216  0.0215  0.0215  0.0214  0.0214
  0.0213  0.0213  0.0213  0.0214  0.0213  0.0214  0.0213  0.0214  0.0213  0.0213  0.0213  0.0213
  0.0213  0.0213  0.0213  0.0213  0.0213  0.0213  0.0213  0.0213  0.0213  0.0213  0.0213  0.0213
  0.0213  0.0213  0.0213  0.0213  0.0214  0.0213  0.0213  0.0214  0.0213  0.0213  0.0213  0.0213
  0.0215  0.0215  0.0214  0.0215  0.0216  0.0215  0.0215  0.0216  0.0214  0.0215  0.0214  0.0214
  0.0218  0.0217  0.0215  0.0219  0.0219  0.0219  0.0218  0.0220  0.0216  0.0218  0.0215  0.0216
   -7.1004    1.1999   16.1797   -7.1896  -18.8022   -8.3042
    0.8867   -1.7081   -1.3985    4.6770    0.1799  -10.7105
eta,q 0.97872 13.17584

---------------------------------------------------------------------
imgreg_4dfp /opt/freesurfer/average/711-2C_as_mni_average_305 /opt/freesurfer/average/711-2B_as_mni_average_305_mask talsrcimg_g11 none talsrcimg_to_711-2C_as_mni_average_305_t4 2311
---------------------------------------------------------------------

freesurfer imgreg_4dfp.c
/opt/freesurfer/average/711-2C_as_mni_average_305.4dfp.img
       256       256       256         1
  1.000000  1.000000  1.000000
orientation T byte_order littleendian
Reading image: /opt/freesurfer/average/711-2C_as_mni_average_305.4dfp.img
dimensions:      256       256       256
mmppix:       1.0000   -1.0000   -1.0000
center:     128.0000 -129.0000 -129.0000
/opt/freesurfer/average/711-2B_as_mni_average_305_mask.4dfp.img
       256       256       256         1
  1.000000  1.000000  1.000000
orientation T byte_order littleendian
Reading mask: /opt/freesurfer/average/711-2B_as_mni_average_305_mask.4dfp.img (2306576 pixels)
talsrcimg_g11.4dfp.img
       256       256       256         1
  1.000000  1.000000  1.000000
orientation T byte_order littleendian
Reading image: talsrcimg_g11.4dfp.img
dimensions:      256       256       256
mmppix:       1.0000   -1.0000   -1.0000
center:     128.0000 -129.0000 -129.0000
fimgreg.f
image alignment mode   2311 decimal      907 hex
parameters
   -7.1004    1.1999   16.1797   -7.1896  -18.8022   -8.3042
    0.8867   -1.7081   -1.3985    4.6770    0.1799  -10.7105
eta,q 0.97872 13.17584
niter,ni,del,rscale     5    3    5.0000    0.8000
parameters
   -7.0975    1.2396   16.1399   -7.5124  -18.7703   -8.7349
    0.8566   -1.7086   -1.4067    4.6444    0.3278  -10.6300
eta,q 0.97866 13.15451
  0.0232  0.0230  0.0223  0.0231  0.0236  0.0232  0.0231  0.0239  0.0227  0.0232  0.0222  0.0224
  0.0222  0.0220  0.0218  0.0222  0.0224  0.0223  0.0222  0.0225  0.0220  0.0222  0.0217  0.0218
  0.0215  0.0215  0.0214  0.0216  0.0216  0.0216  0.0216  0.0217  0.0215  0.0216  0.0215  0.0215
  0.0213  0.0213  0.0213  0.0213  0.0213  0.0213  0.0213  0.0213  0.0213  0.0213  0.0213  0.0213
  0.0215  0.0215  0.0214  0.0215  0.0216  0.0215  0.0215  0.0216  0.0215  0.0216  0.0214  0.0215
  0.0222  0.0220  0.0218  0.0224  0.0223  0.0225  0.0222  0.0225  0.0220  0.0222  0.0217  0.0218
  0.0232  0.0227  0.0225  0.0239  0.0236  0.0245  0.0232  0.0239  0.0227  0.0233  0.0221  0.0223
niter,ni,del,rscale     4    3    5.0000    0.7000
parameters
   -7.0980    1.2317   16.1158   -7.3477  -18.7053   -8.6604
    0.8603   -1.7282   -1.4165    4.6471    0.2818  -10.6701
eta,q 0.97868 13.16381
  0.0228  0.0225  0.0221  0.0230  0.0231  0.0230  0.0227  0.0233  0.0224  0.0228  0.0219  0.0221
  0.0220  0.0218  0.0217  0.0222  0.0222  0.0223  0.0220  0.0222  0.0218  0.0220  0.0216  0.0217
  0.0215  0.0215  0.0214  0.0216  0.0215  0.0216  0.0215  0.0216  0.0215  0.0215  0.0214  0.0214
  0.0213  0.0213  0.0213  0.0213  0.0213  0.0213  0.0213  0.0213  0.0213  0.0213  0.0213  0.0213
  0.0215  0.0215  0.0214  0.0214  0.0215  0.0214  0.0215  0.0215  0.0214  0.0215  0.0214  0.0214
  0.0220  0.0219  0.0217  0.0219  0.0221  0.0219  0.0220  0.0222  0.0218  0.0220  0.0216  0.0217
  0.0228  0.0225  0.0222  0.0229  0.0230  0.0231  0.0227  0.0233  0.0224  0.0228  0.0220  0.0221
niter,ni,del,rscale     3    3    5.0000    0.6000
parameters
   -7.1037    1.2104   16.1315   -7.2777  -18.7159   -8.5193
    0.8699   -1.7225   -1.4112    4.6626    0.2435  -10.6989
eta,q 0.97869 13.17039
  0.0224  0.0222  0.0219  0.0226  0.0226  0.0226  0.0224  0.0228  0.0221  0.0224  0.0218  0.0219
  0.0218  0.0217  0.0216  0.0220  0.0219  0.0220  0.0218  0.0220  0.0217  0.0218  0.0215  0.0216
  0.0214  0.0214  0.0214  0.0215  0.0214  0.0215  0.0214  0.0215  0.0214  0.0214  0.0214  0.0214
  0.0213  0.0213  0.0213  0.0213  0.0213  0.0213  0.0213  0.0213  0.0213  0.0213  0.0213  0.0213
  0.0214  0.0214  0.0214  0.0214  0.0215  0.0213  0.0214  0.0215  0.0214  0.0214  0.0214  0.0214
  0.0218  0.0218  0.0216  0.0218  0.0219  0.0217  0.0218  0.0220  0.0217  0.0218  0.0215  0.0216
  0.0224  0.0222  0.0219  0.0226  0.0226  0.0226  0.0224  0.0228  0.0221  0.0224  0.0218  0.0219
niter,ni,del,rscale     2    3    5.0000    0.5000
parameters
   -7.1025    1.2024   16.1545   -7.2286  -18.7593   -8.4023
    0.8776   -1.7136   -1.4081    4.6703    0.2019  -10.7101
eta,q 0.97871 13.17356
  0.0221  0.0219  0.0217  0.0222  0.0222  0.0222  0.0220  0.0223  0.0219  0.0221  0.0216  0.0217
  0.0216  0.0216  0.0215  0.0217  0.0217  0.0218  0.0216  0.0218  0.0215  0.0216  0.0214  0.0215
  0.0214  0.0214  0.0214  0.0214  0.0214  0.0215  0.0214  0.0214  0.0214  0.0214  0.0213  0.0213
  0.0213  0.0213  0.0213  0.0213  0.0213  0.0213  0.0213  0.0213  0.0213  0.0213  0.0213  0.0213
  0.0214  0.0214  0.0213  0.0214  0.0214  0.0213  0.0214  0.0214  0.0214  0.0214  0.0213  0.0213
  0.0216  0.0216  0.0215  0.0217  0.0217  0.0216  0.0216  0.0217  0.0215  0.0216  0.0214  0.0215
  0.0221  0.0219  0.0217  0.0222  0.0222  0.0222  0.0220  0.0223  0.0219  0.0221  0.0216  0.0217
niter,ni,del,rscale     1    3    5.0000    0.4000
parameters
   -7.1010    1.1985   16.1806   -7.1891  -18.8065   -8.3019
    0.8879   -1.7034   -1.3973    4.6740    0.1787  -10.7098
eta,q 0.97872 13.17568
  0.0218  0.0217  0.0216  0.0219  0.0219  0.0219  0.0218  0.0220  0.0217  0.0218  0.0215  0.0216
  0.0215  0.0215  0.0214  0.0216  0.0215  0.0216  0.0215  0.0216  0.0215  0.0215  0.0214  0.0214
  0.0213  0.0213  0.0213  0.0214  0.0213  0.0214  0.0213  0.0214  0.0213  0.0213  0.0213  0.0213
  0.0213  0.0213  0.0213  0.0213  0.0213  0.0213  0.0213  0.0213  0.0213  0.0213  0.0213  0.0213
  0.0213  0.0213  0.0213  0.0213  0.0214  0.0213  0.0213  0.0214  0.0213  0.0213  0.0213  0.0213
  0.0215  0.0215  0.0214  0.0215  0.0216  0.0215  0.0215  0.0216  0.0214  0.0215  0.0214  0.0214
  0.0218  0.0217  0.0215  0.0219  0.0219  0.0219  0.0218  0.0219  0.0216  0.0218  0.0215  0.0216
registration optimization eta report
parameter search radius
    0.8000    0.8000    0.8000    2.4000    2.4000    2.4000
    2.4000    2.4000    2.4000    2.4000    2.4000    2.4000
100000*second partial in parameter space
       77.       62.       42.       10.       10.       10.
        8.       12.        6.        8.        4.        5.
  0.0218  0.0217  0.0216  0.0219  0.0219  0.0219  0.0218  0.0220  0.0217  0.0218  0.0215  0.0216
  0.0215  0.0215  0.0214  0.0216  0.0215  0.0216  0.0215  0.0216  0.0215  0.0215  0.0214  0.0214
  0.0213  0.0213  0.0213  0.0214  0.0213  0.0214  0.0213  0.0214  0.0213  0.0213  0.0213  0.0213
  0.0213  0.0213  0.0213  0.0213  0.0213  0.0213  0.0213  0.0213  0.0213  0.0213  0.0213  0.0213
  0.0213  0.0213  0.0213  0.0213  0.0214  0.0213  0.0213  0.0214  0.0213  0.0213  0.0213  0.0213
  0.0215  0.0215  0.0214  0.0215  0.0216  0.0215  0.0215  0.0216  0.0214  0.0215  0.0214  0.0214
  0.0218  0.0217  0.0215  0.0219  0.0219  0.0219  0.0218  0.0219  0.0216  0.0218  0.0215  0.0216
   -7.1010    1.1985   16.1806   -7.1891  -18.8065   -8.3019
    0.8879   -1.7034   -1.3973    4.6740    0.1787  -10.7098
eta,q 0.97872 13.17568

---------------------------------------------------------------------
compute_vox2vox talsrcimg talsrcimg_to_711-2C_as_mni_average_305_t4 /opt/freesurfer/average/711-2C_as_mni_average_305
---------------------------------------------------------------------

freesurfer compute_vox2vox.c
Reading: talsrcimg.4dfp.ifh
Reading: talsrcimg_to_711-2C_as_mni_average_305_t4
Reading: /opt/freesurfer/average/711-2C_as_mni_average_305.4dfp.ifh
Writing: talsrcimg_to_711-2C_as_mni_average_305_t4_vox2vox.txt

start time Mon Mar 9 07:24:20 CET 2026
end		time Mon Mar 9 07:25:46 CET 2026

mpr2mni305 success

avi2talxfm orig_nu.mgz /opt/freesurfer/average/mni305.cor.mgz talsrcimg_to_711-2C_as_mni_average_305_t4_vox2vox.txt transforms/talairach.auto.xfm
avi2talxfm done
mv -f /out/sourcedata/freesurfer/sub-v1s20x0050302_ses-1/mri/talsrcimg_to_711-2C_as_mni_average_305_t4_vox2vox.txt /out/sourcedata/freesurfer/sub-v1s20x0050302_ses-1/mri/transforms/talsrcimg_to_711-2C_as_mni_average_305_t4_vox2vox.txt
lta_convert --src orig_nu.mgz --trg /opt/freesurfer/average/mni305.cor.mgz --inxfm transforms/talairach.auto.xfm --outlta transforms/talairach.auto.xfm.lta --subject fsaverage
7.3.2

--src: orig_nu.mgz src image (geometry).
--trg: /opt/freesurfer/average/mni305.cor.mgz trg image (geometry).
--inmni: transforms/talairach.auto.xfm input MNI/XFM transform.
--outlta: transforms/talairach.auto.xfm.lta output LTA.
--s: fsaverage subject name
 LTA read, type : 1
 1.07728   0.02048  -0.00908   6.79877;
 0.00007   1.08325   0.14288  -18.26535;
 0.01854  -0.06201   1.22324  -1.22742;
 0.00000   0.00000   0.00000   1.00000;
setting subject to fsaverage
Writing  LTA to file transforms/talairach.auto.xfm.lta...
lta_convert successful.
 
 
Started at Mon Mar 9 07:24:20 CET 2026
Ended   at Mon Mar  9 07:25:46 CET 2026
talairach_avi done
