/out/sourcedata/freesurfer/sub-v1s20x0050299_ses-1/mri
/opt/freesurfer/bin/talairach_avi
--i orig_nu.mgz --xfm transforms/talairach.auto.xfm
talairach_avi 7.3.2
Linux dna060 5.14.0-427.37.1.el9_4.x86_64 #1 SMP PREEMPT_DYNAMIC Fri Sep 13 12:41:50 EDT 2024 x86_64 x86_64 x86_64 GNU/Linux
Thu Mar 12 15:40:13 CET 2026
mri_convert orig_nu.mgz talsrcimg.img 
reading from orig_nu.mgz...
TR=0.00, TE=0.00, TI=0.00, flip angle=0.00
i_ras = (-1, 0, 0)
j_ras = (0, 0, -1)
k_ras = (0, 1, 0)
writing to talsrcimg.img...
Analyze Output Matrix
-1.00000   0.00000   0.00000   129.50778;
 0.00000   0.00000   1.00000  -128.49219;
 0.00000  -1.00000   0.00000   129.70001;
 0.00000   0.00000   0.00000   1.00000;
--------------------
INFO: set hdr.hist.orient to -1
mpr2mni305 talsrcimg
Thu Mar 12 15:40:14 CET 2026
/opt/freesurfer/bin/mpr2mni305 talsrcimg
mpr2mni305 7.3.2
target=711-2C_as_mni_average_305

---------------------------------------------------------------------
analyzeto4dfp talsrcimg -O0 -y
---------------------------------------------------------------------

freesurfer ifh2hdr.c
Thu Mar 12 15:40:14 2026
Writing: talsrcimg.4dfp.hdr
freesurfer analyzeto4dfp.c
Reading: talsrcimg.hdr
header size 348 bytes
hdr.dime.datatype	offset=70	value=2
hdr.dime.bitpix		offset=72	value=8
hdr.hist.orient		offset=252	value=-1
dimensionality     4
dimensions       256       256       256         1
Reading: talsrcimg.img
Writing: talsrcimg.4dfp.img
Writing: talsrcimg.4dfp.ifh
ifh2hdr talsrcimg -r0to220
ori=2

---------------------------------------------------------------------
gauss_4dfp talsrcimg 1.1
---------------------------------------------------------------------

freesurfer gauss_4dfp.c
Reading: talsrcimg.4dfp.img
Writing: talsrcimg_g11.4dfp.img
image dimensions 256 256 256 padded to 288 288 288
processing volume 1freesurfer ifh2hdr.c
Thu Mar 12 15:40:16 2026
Writing: talsrcimg_g11.4dfp.hdr

Writing: talsrcimg_g11.4dfp.ifh
including: talsrcimg.4dfp.img.rec in talsrcimg_g11.4dfp.img.rec

---------------------------------------------------------------------
imgreg_4dfp /opt/freesurfer/average/711-2C_as_mni_average_305 none talsrcimg_g11 none talsrcimg_to_711-2C_as_mni_average_305_t4 4355
---------------------------------------------------------------------

freesurfer imgreg_4dfp.c
/opt/freesurfer/average/711-2C_as_mni_average_305.4dfp.img
       256       256       256         1
  1.000000  1.000000  1.000000
orientation T byte_order littleendian
Reading image: /opt/freesurfer/average/711-2C_as_mni_average_305.4dfp.img
dimensions:      256       256       256
mmppix:       1.0000   -1.0000   -1.0000
center:     128.0000 -129.0000 -129.0000
talsrcimg_g11.4dfp.img
       256       256       256         1
  1.000000  1.000000  1.000000
orientation T byte_order littleendian
Reading image: talsrcimg_g11.4dfp.img
dimensions:      256       256       256
mmppix:       1.0000   -1.0000   -1.0000
center:     128.0000 -129.0000 -129.0000
t4_read: open error in t4_sub.f l:  41 t4_file(1:l)talsrcimg_to_711-2C_as_mni_average_305_t4 
t4_read: transform initialized to I4
rotation matrix determinant  1.000000
image alignment mode   4355 decimal     1103 hex
   -7.5000  -45.0000  -45.0000 7014.8662   21.8143
    0.0000  -45.0000  -45.0000 7356.5068   21.8084
    7.5000  -45.0000  -45.0000 7097.7446   21.7474
   -7.5000  -37.5000  -45.0000 7513.4229   21.8304
    0.0000  -37.5000  -45.0000 7892.6465   21.8252
    7.5000  -37.5000  -45.0000 7616.0381   21.7693
   -7.5000  -30.0000  -45.0000 8230.8691   21.8348
    0.0000  -30.0000  -45.0000 8667.8271   21.8338
    7.5000  -30.0000  -45.0000 8353.3770   21.7869
   -7.5000  -22.5000  -45.0000 8873.6963   21.8197
    0.0000  -22.5000  -45.0000 9356.9443   21.8221
    7.5000  -22.5000  -45.0000 9009.4121   21.7795
   -7.5000  -15.0000  -45.0000 9443.6436   21.8025
    0.0000  -15.0000  -45.0000 9953.0635   21.8030
    7.5000  -15.0000  -45.0000 9576.3975   21.7563
   -7.5000   -7.5000  -45.0000 9945.2275   21.8014
    0.0000   -7.5000  -45.000010481.1973   21.7978
    7.5000   -7.5000  -45.000010074.9844   21.7418
   -7.5000    0.0000  -45.000010418.6299   21.8143
    0.0000    0.0000  -45.000010978.1318   21.8084
    7.5000    0.0000  -45.000010565.1846   21.7474
   -7.5000    7.5000  -45.000010179.7129   21.8304
    0.0000    7.5000  -45.000010716.8545   21.8252
    7.5000    7.5000  -45.000010321.9834   21.7693
   -7.5000   15.0000  -45.0000 9895.5352   21.8348
    0.0000   15.0000  -45.000010383.3555   21.8338
    7.5000   15.0000  -45.000010012.3535   21.7869
   -7.5000   22.5000  -45.0000 9462.1621   21.8167
    0.0000   22.5000  -45.0000 9925.7646   21.8191
    7.5000   22.5000  -45.0000 9520.7070   21.7766
   -7.5000   30.0000  -45.0000 8752.0215   21.5119
    0.0000   30.0000  -45.0000 9183.8213   21.5124
    7.5000   30.0000  -45.0000 8793.7676   21.4663
   -7.5000   37.5000  -45.0000 8229.7188   21.5108
    0.0000   37.5000  -45.0000 8649.9492   21.5073
    7.5000   37.5000  -45.0000 8300.8984   21.4520
   -7.5000   45.0000  -45.0000 7439.6528   20.9771
    0.0000   45.0000  -45.0000 7822.6646   20.9714
    7.5000   45.0000  -45.0000 7517.2061   20.9128
   -7.5000  -45.0000  -37.5000 7577.1616   21.6885
    0.0000  -45.0000  -37.5000 7954.8550   21.6811
    7.5000  -45.0000  -37.5000 7679.4985   21.6254
   -7.5000  -37.5000  -37.5000 8084.5142   21.7048
    0.0000  -37.5000  -37.5000 8511.6338   21.6931
    7.5000  -37.5000  -37.5000 8216.5781   21.6417
   -7.5000  -30.0000  -37.5000 8845.4160   21.7068
    0.0000  -30.0000  -37.5000 9313.8945   21.6962
    7.5000  -30.0000  -37.5000 8979.1719   21.6546
   -7.5000  -22.5000  -37.5000 9528.4619   21.6900
    0.0000  -22.5000  -37.500010054.5078   21.6847
    7.5000  -22.5000  -37.5000 9672.3037   21.6491
   -7.5000  -15.0000  -37.500010112.7412   21.6723
    0.0000  -15.0000  -37.500010692.7627   21.6701
    7.5000  -15.0000  -37.500010297.0537   21.6313
   -7.5000   -7.5000  -37.500010663.6055   21.6728
    0.0000   -7.5000  -37.500011273.6738   21.6696
    7.5000   -7.5000  -37.500010844.3994   21.6205
   -7.5000    0.0000  -37.500011172.8193   21.6885
    0.0000    0.0000  -37.500011813.9746   21.6811
    7.5000    0.0000  -37.500011345.0088   21.6254
   -7.5000    7.5000  -37.500010856.6348   21.7048
    0.0000    7.5000  -37.500011462.9141   21.6931
    7.5000    7.5000  -37.500011028.1123   21.6417
   -7.5000   15.0000  -37.500010545.2070   21.7068
    0.0000   15.0000  -37.500011102.0596   21.6962
    7.5000   15.0000  -37.500010688.1426   21.6546
   -7.5000   22.5000  -37.500010054.4971   21.6870
    0.0000   22.5000  -37.500010573.6953   21.6817
    7.5000   22.5000  -37.500010164.7744   21.6461
   -7.5000   30.0000  -37.5000 9305.5645   21.3835
    0.0000   30.0000  -37.5000 9768.7373   21.3813
    7.5000   30.0000  -37.5000 9396.6904   21.3430
   -7.5000   37.5000  -37.5000 8724.3213   21.3840
    0.0000   37.5000  -37.5000 9180.4033   21.3808
    7.5000   37.5000  -37.5000 8831.8848   21.3324
   -7.5000   45.0000  -37.5000 7875.9746   20.8561
    0.0000   45.0000  -37.5000 8289.7959   20.8490
    7.5000   45.0000  -37.5000 7983.3623   20.7954
   -7.5000  -45.0000  -30.0000 8245.3564   22.6207
    0.0000  -45.0000  -30.0000 8695.3779   22.6289
    7.5000  -45.0000  -30.0000 8419.4785   22.5810
   -7.5000  -37.5000  -30.0000 8794.0996   22.6261
    0.0000  -37.5000  -30.0000 9283.4385   22.6236
    7.5000  -37.5000  -30.0000 8976.5166   22.5772
   -7.5000  -30.0000  -30.0000 9622.3281   22.6321
    0.0000  -30.0000  -30.000010129.8223   22.6253
    7.5000  -30.0000  -30.0000 9790.4980   22.5828
   -7.5000  -22.5000  -30.000010334.9482   22.6331
    0.0000  -22.5000  -30.000010942.0576   22.6332
    7.5000  -22.5000  -30.000010557.9990   22.5931
   -7.5000  -15.0000  -30.000010972.4766   22.6280
    0.0000  -15.0000  -30.000011675.0615   22.6379
    7.5000  -15.0000  -30.000011261.8281   22.5966
   -7.5000   -7.5000  -30.000011571.3340   22.6216
    0.0000   -7.5000  -30.000012330.0879   22.6353
    7.5000   -7.5000  -30.000011871.0879   22.5900
   -7.5000    0.0000  -30.000012121.0234   22.6207
    0.0000    0.0000  -30.000012898.4189   22.6289
    7.5000    0.0000  -30.000012396.4688   22.5810
   -7.5000    7.5000  -30.000011757.4629   22.6261
    0.0000    7.5000  -30.000012503.5742   22.6236
    7.5000    7.5000  -30.000012020.1885   22.5772
   -7.5000   15.0000  -30.000011387.7197   22.6321
    0.0000   15.0000  -30.000012086.1289   22.6253
    7.5000   15.0000  -30.000011624.1689   22.5828
   -7.5000   22.5000  -30.000010845.5742   22.6276
    0.0000   22.5000  -30.000011459.0439   22.6278
    7.5000   22.5000  -30.000011014.6348   22.5876
   -7.5000   30.0000  -30.000010007.0967   22.3286
    0.0000   30.0000  -30.000010521.7637   22.3384
    7.5000   30.0000  -30.000010146.9355   22.2976
   -7.5000   37.5000  -30.0000 9375.8828   22.3223
    0.0000   37.5000  -30.0000 9870.8564   22.3358
    7.5000   37.5000  -30.0000 9525.7891   22.2911
   -7.5000   45.0000  -30.0000 8456.2715   21.7685
    0.0000   45.0000  -30.0000 8895.8877   21.7764
    7.5000   45.0000  -30.0000 8584.0977   21.7303
   -7.5000  -45.0000  -22.5000 8935.4668   23.4289
    0.0000  -45.0000  -22.5000 9466.4092   23.4574
    7.5000  -45.0000  -22.5000 9183.4727   23.4134
   -7.5000  -37.5000  -22.5000 9511.1162   23.4240
    0.0000  -37.5000  -22.500010076.5449   23.4392
    7.5000  -37.5000  -22.5000 9763.4893   23.3932
   -7.5000  -30.0000  -22.500010414.5771   23.4371
    0.0000  -30.0000  -22.500010996.7764   23.4450
    7.5000  -30.0000  -22.500010646.5303   23.3947
   -7.5000  -22.5000  -22.500011181.8428   23.4573
    0.0000  -22.5000  -22.500011877.7490   23.4717
    7.5000  -22.5000  -22.500011500.6641   23.4188
   -7.5000  -15.0000  -22.500011850.4668   23.4645
    0.0000  -15.0000  -22.500012660.6055   23.4917
    7.5000  -15.0000  -22.500012228.1836   23.4397
   -7.5000   -7.5000  -22.500012492.0068   23.4492
    0.0000   -7.5000  -22.500013358.3428   23.4830
    7.5000   -7.5000  -22.500012893.1426   23.4357
   -7.5000    0.0000  -22.500013066.3984   23.4289
    0.0000    0.0000  -22.500013978.3936   23.4574
    7.5000    0.0000  -22.500013477.5400   23.4134
   -7.5000    7.5000  -22.500012679.2119   23.4240
    0.0000    7.5000  -22.500013559.4844   23.4392
    7.5000    7.5000  -22.500013072.7969   23.3932
   -7.5000   15.0000  -22.500012265.2002   23.4371
    0.0000   15.0000  -22.500013081.0234   23.4450
    7.5000   15.0000  -22.500012601.0293   23.3947
   -7.5000   22.5000  -22.500011647.5752   23.4500
    0.0000   22.5000  -22.500012368.2871   23.4645
    7.5000   22.5000  -22.500011897.4521   23.4116
   -7.5000   30.0000  -22.500010741.5332   23.1576
    0.0000   30.0000  -22.500011362.3838   23.1844
    7.5000   30.0000  -22.500010938.6084   23.1331
   -7.5000   37.5000  -22.500010034.2441   23.1424
    0.0000   37.5000  -22.500010610.0137   23.1759
    7.5000   37.5000  -22.500010221.4336   23.1291
   -7.5000   45.0000  -22.5000 9006.5244   22.5632
    0.0000   45.0000  -22.5000 9508.7090   22.5906
    7.5000   45.0000  -22.5000 9166.0146   22.5482
   -7.5000  -45.0000  -15.0000 9684.1250   24.0016
    0.0000  -45.0000  -15.000010241.4277   24.0344
    7.5000  -45.0000  -15.0000 9933.6016   23.9848
   -7.5000  -37.5000  -15.000010269.7568   23.9956
    0.0000  -37.5000  -15.000010850.5303   24.0188
    7.5000  -37.5000  -15.000010535.3994   23.9674
   -7.5000  -30.0000  -15.000011220.6738   24.0104
    0.0000  -30.0000  -15.000011871.9873   24.0288
    7.5000  -30.0000  -15.000011515.4277   23.9712
   -7.5000  -22.5000  -15.000012058.7588   24.0327
    0.0000  -22.5000  -15.000012864.4775   24.0562
    7.5000  -22.5000  -15.000012469.8994   23.9943
   -7.5000  -15.0000  -15.000012737.1191   24.0413
    0.0000  -15.0000  -15.000013648.9229   24.0737
    7.5000  -15.0000  -15.000013207.4229   24.0128
   -7.5000   -7.5000  -15.000013411.3545   24.0249
    0.0000   -7.5000  -15.000014380.1465   24.0617
    7.5000   -7.5000  -15.000013919.1943   24.0071
   -7.5000    0.0000  -15.000014048.4180   24.0016
    0.0000    0.0000  -15.000015048.6465   24.0344
    7.5000    0.0000  -15.000014560.7070   23.9848
   -7.5000    7.5000  -15.000013636.5137   23.9956
    0.0000    7.5000  -15.000014613.3135   24.0188
    7.5000    7.5000  -15.000014117.0078   23.9674
   -7.5000   15.0000  -15.000013162.1699   24.0104
    0.0000   15.0000  -15.000014086.7363   24.0288
    7.5000   15.0000  -15.000013587.0693   23.9712
   -7.5000   22.5000  -15.000012446.3252   24.0242
    0.0000   22.5000  -15.000013290.5830   24.0477
    7.5000   22.5000  -15.000012805.8125   23.9858
   -7.5000   30.0000  -15.000011499.8252   23.7302
    0.0000   30.0000  -15.000012225.8916   23.7621
    7.5000   30.0000  -15.000011793.0840   23.7020
   -7.5000   37.5000  -15.000010730.0586   23.7140
    0.0000   37.5000  -15.000011375.7588   23.7503
    7.5000   37.5000  -15.000010976.6523   23.6964
   -7.5000   45.0000  -15.0000 9588.8525   23.1287
    0.0000   45.0000  -15.000010135.5176   23.1602
    7.5000   45.0000  -15.0000 9791.0801   23.1125
   -7.5000  -45.0000   -7.500010501.0908   24.2581
    0.0000  -45.0000   -7.500011108.2275   24.2719
    7.5000  -45.0000   -7.500010778.8955   24.2110
   -7.5000  -37.5000   -7.500011163.4932   24.2637
    0.0000  -37.5000   -7.500011781.0996   24.2757
    7.5000  -37.5000   -7.500011431.2793   24.2171
   -7.5000  -30.0000   -7.500012134.0635   24.2743
    0.0000  -30.0000   -7.500012879.2988   24.2880
    7.5000  -30.0000   -7.500012489.7578   24.2311
   -7.5000  -22.5000   -7.500013005.8535   24.2781
    0.0000  -22.5000   -7.500013921.2373   24.2953
    7.5000  -22.5000   -7.500013543.4971   24.2378
   -7.5000  -15.0000   -7.500013750.9912   24.2732
    0.0000  -15.0000   -7.500014723.9199   24.2914
    7.5000  -15.0000   -7.500014303.4072   24.2314
   -7.5000   -7.5000   -7.500014464.4883   24.2637
    0.0000   -7.5000   -7.500015514.1328   24.2802
    7.5000   -7.5000   -7.500015086.4209   24.2186
   -7.5000    0.0000   -7.500015141.3115   24.2581
    0.0000    0.0000   -7.500016235.6084   24.2719
    7.5000    0.0000   -7.500015741.6777   24.2110
   -7.5000    7.5000   -7.500014712.4463   24.2637
    0.0000    7.5000   -7.500015721.2949   24.2757
    7.5000    7.5000   -7.500015202.9961   24.2171
   -7.5000   15.0000   -7.500014136.2109   24.2743
    0.0000   15.0000   -7.500015108.8623   24.2880
    7.5000   15.0000   -7.500014584.7861   24.2311
   -7.5000   22.5000   -7.500013277.2988   24.2669
    0.0000   22.5000   -7.500014204.0742   24.2841
    7.5000   22.5000   -7.500013719.5762   24.2266
   -7.5000   30.0000   -7.500012258.3164   23.9584
    0.0000   30.0000   -7.500013118.4854   23.9764
    7.5000   30.0000   -7.500012703.6670   23.9172
   -7.5000   37.5000   -7.500011437.7393   23.9491
    0.0000   37.5000   -7.500012199.2861   23.9654
    7.5000   37.5000   -7.500011803.6963   23.9045
   -7.5000   45.0000   -7.500010208.3926   23.3802
    0.0000   45.0000   -7.500010831.1396   23.3935
    7.5000   45.0000   -7.500010511.6348   23.3349
   -7.5000  -45.0000    0.000011212.5332   24.2761
    0.0000  -45.0000    0.000011853.9717   24.2694
    7.5000  -45.0000    0.000011481.9795   24.2019
   -7.5000  -37.5000    0.000011975.2656   24.2952
    0.0000  -37.5000    0.000012645.6436   24.2891
    7.5000  -37.5000    0.000012208.9512   24.2272
   -7.5000  -30.0000    0.000013021.2529   24.3002
    0.0000  -30.0000    0.000013882.2988   24.2989
    7.5000  -30.0000    0.000013442.8975   24.2472
   -7.5000  -22.5000    0.000013928.5459   24.2825
    0.0000  -22.5000    0.000014955.0596   24.2850
    7.5000  -22.5000    0.000014600.0605   24.2383
   -7.5000  -15.0000    0.000014693.9248   24.2621
    0.0000  -15.0000    0.000015770.1797   24.2627
    7.5000  -15.0000    0.000015384.1875   24.2114
   -7.5000   -7.5000    0.000015452.4268   24.2607
    0.0000   -7.5000    0.000016649.7168   24.2567
    7.5000   -7.5000    0.000016218.2119   24.1950
   -7.5000    0.0000    0.000016145.3418   24.2761
    0.0000    0.0000    0.000017368.4551   24.2694
    7.5000    0.0000    0.000016869.0977   24.2019
   -7.5000    7.5000    0.000015657.2129   24.2952
    0.0000    7.5000    0.000016730.5391   24.2891
    7.5000    7.5000    0.000016234.8633   24.2272
   -7.5000   15.0000    0.000014976.0361   24.3002
    0.0000   15.0000    0.000016022.9316   24.2989
    7.5000   15.0000    0.000015556.9971   24.2472
   -7.5000   22.5000    0.000014030.4180   24.2713
    0.0000   22.5000    0.000015029.9023   24.2739
    7.5000   22.5000    0.000014574.3379   24.2272
   -7.5000   30.0000    0.000012938.7148   23.9481
    0.0000   30.0000    0.000013904.4863   23.9487
    7.5000   30.0000    0.000013485.5703   23.8981
   -7.5000   37.5000    0.000012112.1182   23.9467
    0.0000   37.5000    0.000012969.0889   23.9428
    7.5000   37.5000    0.000012551.6836   23.8819
   -7.5000   45.0000    0.000010831.2412   23.3994
    0.0000   45.0000    0.000011529.2168   23.3929
    7.5000   45.0000    0.000011185.6768   23.3279
   -7.5000  -45.0000    7.500010988.0850   24.2699
    0.0000  -45.0000    7.500011558.9658   24.2617
    7.5000  -45.0000    7.500011180.2324   24.1994
   -7.5000  -37.5000    7.500011822.3545   24.2882
    0.0000  -37.5000    7.500012461.1807   24.2752
    7.5000  -37.5000    7.500011997.1729   24.2176
   -7.5000  -30.0000    7.500012959.8652   24.2904
    0.0000  -30.0000    7.500013873.6367   24.2786
    7.5000  -30.0000    7.500013490.9619   24.2321
   -7.5000  -22.5000    7.500013840.2100   24.2716
    0.0000  -22.5000    7.500014865.8652   24.2657
    7.5000  -22.5000    7.500014598.1094   24.2259
   -7.5000  -15.0000    7.500014505.0957   24.2519
    0.0000  -15.0000    7.500015399.7236   24.2494
    7.5000  -15.0000    7.500015106.3359   24.2060
   -7.5000   -7.5000    7.500015171.0342   24.2524
    0.0000   -7.5000    7.500016158.5205   24.2488
    7.5000   -7.5000    7.500015783.7861   24.1939
   -7.5000    0.0000    7.500015845.9102   24.2699
    0.0000    0.0000    7.500016965.5293   24.2617
    7.5000    0.0000    7.500016522.6348   24.1994
   -7.5000    7.5000    7.500015399.1318   24.2882
    0.0000    7.5000    7.500016434.5098   24.2752
    7.5000    7.5000    7.500016016.5381   24.2176
   -7.5000   15.0000    7.500014755.6992   24.2904
    0.0000   15.0000    7.500015765.8057   24.2786
    7.5000   15.0000    7.500015352.6738   24.2321
   -7.5000   22.5000    7.500013796.7783   24.2604
    0.0000   22.5000    7.500014792.0908   24.2545
    7.5000   22.5000    7.500014370.1543   24.2147
   -7.5000   30.0000    7.500012710.0518   23.9380
    0.0000   30.0000    7.500013654.4844   23.9356
    7.5000   30.0000    7.500013256.4229   23.8927
   -7.5000   37.5000    7.500011931.8926   23.9386
    0.0000   37.5000    7.500012769.5498   23.9350
    7.5000   37.5000    7.500012375.6465   23.8808
   -7.5000   45.0000    7.500010651.2432   23.3934
    0.0000   45.0000    7.500011341.0518   23.3855
    7.5000   45.0000    7.500011009.1113   23.3254
   -7.5000  -45.0000   15.000010654.8799   24.2909
    0.0000  -45.0000   15.000011246.2764   24.2997
    7.5000  -45.0000   15.000010822.9736   24.2482
   -7.5000  -37.5000   15.000011462.3125   24.2967
    0.0000  -37.5000   15.000012179.2744   24.2940
    7.5000  -37.5000   15.000011703.1670   24.2442
   -7.5000  -30.0000   15.000012613.9912   24.3032
    0.0000  -30.0000   15.000013615.8232   24.2959
    7.5000  -30.0000   15.000013145.5957   24.2502
   -7.5000  -22.5000   15.000013628.4150   24.3042
    0.0000  -22.5000   15.000014455.2646   24.3043
    7.5000  -22.5000   15.000013955.5049   24.2612
   -7.5000  -15.0000   15.000014272.8291   24.2988
    0.0000  -15.0000   15.000014763.2148   24.3094
    7.5000  -15.0000   15.000014319.2109   24.2650
   -7.5000   -7.5000   15.000014808.1279   24.2919
    0.0000   -7.5000   15.000015435.4678   24.3066
    7.5000   -7.5000   15.000014972.8447   24.2580
   -7.5000    0.0000   15.000015423.1924   24.2909
    0.0000    0.0000   15.000016294.8633   24.2997
    7.5000    0.0000   15.000015765.5273   24.2482
   -7.5000    7.5000   15.000015011.7441   24.2967
    0.0000    7.5000   15.000015967.1621   24.2940
    7.5000    7.5000   15.000015395.5957   24.2442
   -7.5000   15.0000   15.000014406.8711   24.3032
    0.0000   15.0000   15.000015383.3887   24.2959
    7.5000   15.0000   15.000014805.3887   24.2502
   -7.5000   22.5000   15.000013431.0771   24.2930
    0.0000   22.5000   15.000014398.2803   24.2931
    7.5000   22.5000   15.000013864.9346   24.2501
   -7.5000   30.0000   15.000012344.0039   23.9843
    0.0000   30.0000   15.000013233.7900   23.9948
    7.5000   30.0000   15.000012769.5361   23.9510
   -7.5000   37.5000   15.000011579.7080   23.9775
    0.0000   37.5000   15.000012387.0469   23.9921
    7.5000   37.5000   15.000011956.4326   23.9440
   -7.5000   45.0000   15.000010330.8359   23.4136
    0.0000   45.0000   15.000011006.3662   23.4221
    7.5000   45.0000   15.000010633.1162   23.3725
   -7.5000  -45.0000   22.500010224.8242   24.3211
    0.0000  -45.0000   22.500010817.6924   24.3507
    7.5000  -45.0000   22.500010457.7119   24.3049
   -7.5000  -37.5000   22.500010935.3594   24.3160
    0.0000  -37.5000   22.500011689.4258   24.3318
    7.5000  -37.5000   22.500011298.4297   24.2840
   -7.5000  -30.0000   22.500012012.3643   24.3295
    0.0000  -30.0000   22.500012966.0938   24.3378
    7.5000  -30.0000   22.500012449.2695   24.2855
   -7.5000  -22.5000   22.500013023.8848   24.3505
    0.0000  -22.5000   22.500013853.8867   24.3655
    7.5000  -22.5000   22.500013113.8350   24.3106
   -7.5000  -15.0000   22.500013838.2109   24.3580
    0.0000  -15.0000   22.500014476.4473   24.3862
    7.5000  -15.0000   22.500013681.5713   24.3323
   -7.5000   -7.5000   22.500014441.7373   24.3421
    0.0000   -7.5000   22.500015177.2539   24.3773
    7.5000   -7.5000   22.500014434.6191   24.3281
   -7.5000    0.0000   22.500014982.4912   24.3211
    0.0000    0.0000   22.500015817.7930   24.3507
    7.5000    0.0000   22.500015117.3984   24.3049
   -7.5000    7.5000   22.500014526.0020   24.3160
    0.0000    7.5000   22.500015369.4404   24.3318
    7.5000    7.5000   22.500014725.6621   24.2840
   -7.5000   15.0000   22.500013921.3223   24.3295
    0.0000   15.0000   22.500014758.8105   24.3378
    7.5000   15.0000   22.500014184.4961   24.2855
   -7.5000   22.5000   22.500012922.4072   24.3393
    0.0000   22.5000   22.500013752.3555   24.3543
    7.5000   22.5000   22.500013246.8311   24.2994
   -7.5000   30.0000   22.500011863.4883   24.0428
    0.0000   30.0000   22.500012602.7002   24.0706
    7.5000   30.0000   22.500012133.8252   24.0174
   -7.5000   37.5000   22.500011131.0654   24.0271
    0.0000   37.5000   22.500011786.1934   24.0618
    7.5000   37.5000   22.500011341.3301   24.0133
   -7.5000   45.0000   22.5000 9916.7188   23.4427
    0.0000   45.0000   22.500010495.5879   23.4712
    7.5000   45.0000   22.500010109.5586   23.4272
   -7.5000  -45.0000   30.0000 9625.4893   24.3310
    0.0000  -45.0000   30.000010257.7734   24.3642
    7.5000  -45.0000   30.0000 9911.5225   24.3140
   -7.5000  -37.5000   30.000010253.6074   24.3249
    0.0000  -37.5000   30.000011009.0713   24.3484
    7.5000  -37.5000   30.000010664.5195   24.2963
   -7.5000  -30.0000   30.000011239.9219   24.3399
    0.0000  -30.0000   30.000012065.4014   24.3585
    7.5000  -30.0000   30.000011586.5908   24.3002
   -7.5000  -22.5000   30.000012161.7139   24.3625
    0.0000  -22.5000   30.000012921.2461   24.3863
    7.5000  -22.5000   30.000012251.3721   24.3236
   -7.5000  -15.0000   30.000012961.2002   24.3712
    0.0000  -15.0000   30.000013670.8262   24.4041
    7.5000  -15.0000   30.000012956.6729   24.3424
   -7.5000   -7.5000   30.000013639.8164   24.3546
    0.0000   -7.5000   30.000014363.9580   24.3919
    7.5000   -7.5000   30.000013696.1074   24.3366
   -7.5000    0.0000   30.000014189.6055   24.3310
    0.0000    0.0000   30.000014943.0781   24.3642
    7.5000    0.0000   30.000014305.1084   24.3140
   -7.5000    7.5000   30.000013743.5303   24.3249
    0.0000    7.5000   30.000014497.7158   24.3484
    7.5000    7.5000   30.000013894.7197   24.2963
   -7.5000   15.0000   30.000013139.4707   24.3399
    0.0000   15.0000   30.000013916.3076   24.3585
    7.5000   15.0000   30.000013357.0410   24.3002
   -7.5000   22.5000   30.000012209.4092   24.3513
    0.0000   22.5000   30.000012926.9785   24.3751
    7.5000   22.5000   30.000012425.7861   24.3124
   -7.5000   30.0000   30.000011185.0010   24.0558
    0.0000   30.0000   30.000011807.9863   24.0883
    7.5000   30.0000   30.000011341.1562   24.0273
   -7.5000   37.5000   30.000010477.1855   24.0394
    0.0000   37.5000   30.000011034.8662   24.0763
    7.5000   37.5000   30.000010595.1660   24.0216
   -7.5000   45.0000   30.0000 9342.8740   23.4523
    0.0000   45.0000   30.0000 9840.4902   23.4843
    7.5000   45.0000   30.0000 9431.0088   23.4359
   -7.5000  -45.0000   37.5000 9327.9199   24.3208
    0.0000  -45.0000   37.5000 9915.8984   24.3346
    7.5000  -45.0000   37.5000 9640.7881   24.2735
   -7.5000  -37.5000   37.5000 9921.4688   24.3263
    0.0000  -37.5000   37.500010577.6025   24.3383
    7.5000  -37.5000   37.500010272.2412   24.2795
   -7.5000  -30.0000   37.500010821.7812   24.3369
    0.0000  -30.0000   37.500011480.4766   24.3506
    7.5000  -30.0000   37.500011068.2275   24.2935
   -7.5000  -22.5000   37.500011640.5947   24.3409
    0.0000  -22.5000   37.500012263.8496   24.3580
    7.5000  -22.5000   37.500011760.1650   24.3002
   -7.5000  -15.0000   37.500012411.6924   24.3362
    0.0000  -15.0000   37.500013044.4092   24.3542
    7.5000  -15.0000   37.500012498.8184   24.2940
   -7.5000   -7.5000   37.500013074.4375   24.3267
    0.0000   -7.5000   37.500013762.6611   24.3431
    7.5000   -7.5000   37.500013207.6006   24.2812
   -7.5000    0.0000   37.500013668.0791   24.3208
    0.0000    0.0000   37.500014375.5400   24.3346
    7.5000    0.0000   37.500013804.9189   24.2735
   -7.5000    7.5000   37.500013284.5215   24.3263
    0.0000    7.5000   37.500013980.8740   24.3383
    7.5000    7.5000   37.500013414.8896   24.2795
   -7.5000   15.0000   37.500012712.4180   24.3369
    0.0000   15.0000   37.500013433.2500   24.3506
    7.5000   15.0000   37.500012890.1699   24.2935
   -7.5000   22.5000   37.500011831.2275   24.3297
    0.0000   22.5000   37.500012479.7373   24.3468
    7.5000   22.5000   37.500011967.2266   24.2890
   -7.5000   30.0000   37.500010817.2861   24.0212
    0.0000   30.0000   37.500011377.0244   24.0391
    7.5000   30.0000   37.500010902.6787   23.9796
   -7.5000   37.5000   37.500010127.4531   24.0118
    0.0000   37.5000   37.500010642.0234   24.0281
    7.5000   37.5000   37.500010218.4502   23.9669
   -7.5000   45.0000   37.5000 9025.7305   23.4425
    0.0000   45.0000   37.5000 9474.2480   23.4558
    7.5000   45.0000   37.5000 9112.4414   23.3968
   -7.5000  -45.0000   45.0000 8636.5879   24.4111
    0.0000  -45.0000   45.0000 9128.4688   24.4035
    7.5000  -45.0000   45.0000 8896.5498   24.3344
   -7.5000  -37.5000   45.0000 9167.3760   24.4308
    0.0000  -37.5000   45.0000 9696.5957   24.4236
    7.5000  -37.5000   45.0000 9439.3633   24.3602
   -7.5000  -30.0000   45.0000 9967.0234   24.4362
    0.0000  -30.0000   45.000010470.4971   24.4339
    7.5000  -30.0000   45.000010150.9541   24.3809
   -7.5000  -22.5000   45.000010692.0615   24.4180
    0.0000  -22.5000   45.000011164.7910   24.4199
    7.5000  -22.5000   45.000010812.8125   24.3721
   -7.5000  -15.0000   45.000011337.2520   24.3970
    0.0000  -15.0000   45.000011855.0352   24.3971
    7.5000  -15.0000   45.000011470.5469   24.3447
   -7.5000   -7.5000   45.000011961.5762   24.3955
    0.0000   -7.5000   45.000012515.6221   24.3908
    7.5000   -7.5000   45.000012097.8818   24.3277
   -7.5000    0.0000   45.000012544.5059   24.4111
    0.0000    0.0000   45.000013150.1729   24.4035
    7.5000    0.0000   45.000012685.5127   24.3344
   -7.5000    7.5000   45.000012225.1992   24.4308
    0.0000    7.5000   45.000012849.0303   24.4236
    7.5000    7.5000   45.000012378.8320   24.3602
   -7.5000   15.0000   45.000011724.9785   24.4362
    0.0000   15.0000   45.000012336.4082   24.4339
    7.5000   15.0000   45.000011885.9619   24.3809
   -7.5000   22.5000   45.000010906.1885   24.4067
    0.0000   22.5000   45.000011467.9912   24.4085
    7.5000   22.5000   45.000011025.1494   24.3608
   -7.5000   30.0000   45.0000 9934.8926   24.0792
    0.0000   30.0000   45.000010430.8037   24.0792
    7.5000   30.0000   45.000010033.2168   24.0275
   -7.5000   37.5000   45.0000 9310.8662   24.0776
    0.0000   37.5000   45.0000 9771.7695   24.0730
    7.5000   37.5000   45.0000 9398.4150   24.0108
   -7.5000   45.0000   45.0000 8309.5469   23.5402
    0.0000   45.0000   45.0000 8709.0010   23.5328
    7.5000   45.0000   45.0000 8379.8037   23.4662

---------------------------------------------------------------------
imgreg_4dfp /opt/freesurfer/average/711-2C_as_mni_average_305 /opt/freesurfer/average/711-2B_as_mni_average_305_mask talsrcimg_g11 none talsrcimg_to_711-2C_as_mni_average_305_t4 4355
---------------------------------------------------------------------

freesurfer imgreg_4dfp.c
/opt/freesurfer/average/711-2C_as_mni_average_305.4dfp.img
       256       256       256         1
  1.000000  1.000000  1.000000
orientation T byte_order littleendian
Reading image: /opt/freesurfer/average/711-2C_as_mni_average_305.4dfp.img
dimensions:      256       256       256
mmppix:       1.0000   -1.0000   -1.0000
center:     128.0000 -129.0000 -129.0000
/opt/freesurfer/average/711-2B_as_mni_average_305_mask.4dfp.img
       256       256       256         1
  1.000000  1.000000  1.000000
orientation T byte_order littleendian
Reading mask: /opt/freesurfer/average/711-2B_as_mni_average_305_mask.4dfp.img (2306576 pixels)
talsrcimg_g11.4dfp.img
       256       256       256         1
  1.000000  1.000000  1.000000
orientation T byte_order littleendian
Reading image: talsrcimg_g11.4dfp.img
dimensions:      256       256       256
mmppix:       1.0000   -1.0000   -1.0000
center:     128.0000 -129.0000 -129.0000
rotation matrix determinant  1.000000
image alignment mode   4355 decimal     1103 hex
   -7.5000  -45.0000  -45.0000 1982.8674   28.1275
    0.0000  -45.0000  -45.0000 1995.7272   27.9437
    7.5000  -45.0000  -45.0000 1992.9808   28.0226
   -7.5000  -37.5000  -45.0000 2065.8772   25.8653
    0.0000  -37.5000  -45.0000 2080.3801   25.7568
    7.5000  -37.5000  -45.0000 2076.3599   25.8586
   -7.5000  -30.0000  -45.0000 2126.3508   24.2936
    0.0000  -30.0000  -45.0000 2144.4380   24.1506
    7.5000  -30.0000  -45.0000 2139.7244   24.2822
   -7.5000  -22.5000  -45.0000 2170.5662   23.2196
    0.0000  -22.5000  -45.0000 2187.4844   23.0138
    7.5000  -22.5000  -45.0000 2184.3928   23.1471
   -7.5000  -15.0000  -45.0000 2189.5750   22.6565
    0.0000  -15.0000  -45.0000 2203.5344   22.4228
    7.5000  -15.0000  -45.0000 2195.0398   22.5250
   -7.5000   -7.5000  -45.0000 2179.8948   22.5286
    0.0000   -7.5000  -45.0000 2191.8254   22.2289
    7.5000   -7.5000  -45.0000 2186.2900   22.3362
   -7.5000    0.0000  -45.0000 2152.9290   22.9088
    0.0000    0.0000  -45.0000 2164.5474   22.4934
    7.5000    0.0000  -45.0000 2161.4583   22.5413
   -7.5000    7.5000  -45.0000 2119.6448   23.7130
    0.0000    7.5000  -45.0000 2132.7673   23.1861
    7.5000    7.5000  -45.0000 2132.6316   23.2652
   -7.5000   15.0000  -45.0000 2070.6990   24.7949
    0.0000   15.0000  -45.0000 2087.0022   24.2965
    7.5000   15.0000  -45.0000 2084.4338   24.3971
   -7.5000   22.5000  -45.0000 2000.8340   26.5913
    0.0000   22.5000  -45.0000 2017.9532   25.9721
    7.5000   22.5000  -45.0000 2013.7498   26.1445
   -7.5000   30.0000  -45.0000 1908.4158   28.9427
    0.0000   30.0000  -45.0000 1929.0720   28.3324
    7.5000   30.0000  -45.0000 1923.6382   28.5317
   -7.5000   37.5000  -45.0000 1802.2194   32.0007
    0.0000   37.5000  -45.0000 1821.8798   31.4493
    7.5000   37.5000  -45.0000 1816.9540   31.6293
   -7.5000   45.0000  -45.0000 1679.9124   36.1196
    0.0000   45.0000  -45.0000 1698.8192   35.4862
    7.5000   45.0000  -45.0000 1691.5823   35.7197
   -7.5000  -45.0000  -37.5000 2078.4607   25.7102
    0.0000  -45.0000  -37.5000 2091.9778   25.5651
    7.5000  -45.0000  -37.5000 2087.6731   25.7061
   -7.5000  -37.5000  -37.5000 2160.5813   23.6835
    0.0000  -37.5000  -37.5000 2180.0498   23.5848
    7.5000  -37.5000  -37.5000 2176.8467   23.6800
   -7.5000  -30.0000  -37.5000 2224.1682   22.2398
    0.0000  -30.0000  -37.5000 2243.4182   22.1418
    7.5000  -30.0000  -37.5000 2239.6785   22.1877
   -7.5000  -22.5000  -37.5000 2267.9453   21.2341
    0.0000  -22.5000  -37.5000 2288.0266   21.0255
    7.5000  -22.5000  -37.5000 2282.2668   21.0802
   -7.5000  -15.0000  -37.5000 2287.7793   20.6445
    0.0000  -15.0000  -37.5000 2308.4331   20.4149
    7.5000  -15.0000  -37.5000 2304.0356   20.4611
   -7.5000   -7.5000  -37.5000 2289.4138   20.5109
    0.0000   -7.5000  -37.5000 2304.3274   20.2555
    7.5000   -7.5000  -37.5000 2295.9028   20.3318
   -7.5000    0.0000  -37.5000 2267.0974   20.8847
    0.0000    0.0000  -37.5000 2279.9641   20.5491
    7.5000    0.0000  -37.5000 2272.8665   20.5877
   -7.5000    7.5000  -37.5000 2228.3928   21.6064
    0.0000    7.5000  -37.5000 2244.9004   21.2022
    7.5000    7.5000  -37.5000 2238.3757   21.2070
   -7.5000   15.0000  -37.5000 2179.0518   22.6854
    0.0000   15.0000  -37.5000 2195.9102   22.2127
    7.5000   15.0000  -37.5000 2187.6340   22.2203
   -7.5000   22.5000  -37.5000 2103.9167   24.3498
    0.0000   22.5000  -37.5000 2119.8818   23.7491
    7.5000   22.5000  -37.5000 2114.5647   23.8835
   -7.5000   30.0000  -37.5000 2003.4607   26.5079
    0.0000   30.0000  -37.5000 2020.5151   25.9858
    7.5000   30.0000  -37.5000 2018.9120   26.0922
   -7.5000   37.5000  -37.5000 1889.2932   29.4851
    0.0000   37.5000  -37.5000 1913.1163   28.8789
    7.5000   37.5000  -37.5000 1909.5726   28.9907
   -7.5000   45.0000  -37.5000 1757.9606   33.3043
    0.0000   45.0000  -37.5000 1780.0367   32.5799
    7.5000   45.0000  -37.5000 1775.6404   32.7121
   -7.5000  -45.0000  -30.0000 2194.8528   24.4098
    0.0000  -45.0000  -30.0000 2214.9368   24.2935
    7.5000  -45.0000  -30.0000 2215.5920   24.4788
   -7.5000  -37.5000  -30.0000 2287.7656   22.4651
    0.0000  -37.5000  -30.0000 2311.1677   22.3656
    7.5000  -37.5000  -30.0000 2308.6128   22.4746
   -7.5000  -30.0000  -30.0000 2359.9080   21.0866
    0.0000  -30.0000  -30.0000 2376.5542   21.0002
    7.5000  -30.0000  -30.0000 2370.1099   21.0563
   -7.5000  -22.5000  -30.0000 2400.1484   20.0905
    0.0000  -22.5000  -30.0000 2425.6025   19.9435
    7.5000  -22.5000  -30.0000 2415.2351   20.0043
   -7.5000  -15.0000  -30.0000 2429.6270   19.5295
    0.0000  -15.0000  -30.0000 2452.1919   19.2985
    7.5000  -15.0000  -30.0000 2449.3311   19.3248
   -7.5000   -7.5000  -30.0000 2438.7676   19.3741
    0.0000   -7.5000  -30.0000 2462.3328   19.1277
    7.5000   -7.5000  -30.0000 2455.1899   19.1853
   -7.5000    0.0000  -30.0000 2421.3765   19.7571
    0.0000    0.0000  -30.0000 2445.8369   19.4582
    7.5000    0.0000  -30.0000 2432.2166   19.4734
   -7.5000    7.5000  -30.0000 2382.8494   20.4760
    0.0000    7.5000  -30.0000 2408.5562   20.1366
    7.5000    7.5000  -30.0000 2397.6147   20.0873
   -7.5000   15.0000  -30.0000 2322.7573   21.6098
    0.0000   15.0000  -30.0000 2347.4851   21.1592
    7.5000   15.0000  -30.0000 2338.1494   21.1216
   -7.5000   22.5000  -30.0000 2241.7856   23.1499
    0.0000   22.5000  -30.0000 2265.0332   22.6774
    7.5000   22.5000  -30.0000 2254.3831   22.7318
   -7.5000   30.0000  -30.0000 2134.0503   25.2494
    0.0000   30.0000  -30.0000 2152.9712   24.7820
    7.5000   30.0000  -30.0000 2148.8669   24.8576
   -7.5000   37.5000  -30.0000 2002.4794   28.0563
    0.0000   37.5000  -30.0000 2030.4272   27.4442
    7.5000   37.5000  -30.0000 2028.2463   27.6172
   -7.5000   45.0000  -30.0000 1862.4957   31.6708
    0.0000   45.0000  -30.0000 1890.0648   30.9914
    7.5000   45.0000  -30.0000 1884.2673   31.0828
   -7.5000  -45.0000  -22.5000 2285.4131   23.1771
    0.0000  -45.0000  -22.5000 2317.4084   23.0747
    7.5000  -45.0000  -22.5000 2319.1079   23.2210
   -7.5000  -37.5000  -22.5000 2384.8586   21.1957
    0.0000  -37.5000  -22.5000 2414.5852   21.0932
    7.5000  -37.5000  -22.5000 2412.8428   21.2215
   -7.5000  -30.0000  -22.5000 2468.1445   19.8270
    0.0000  -30.0000  -22.5000 2491.6858   19.7397
    7.5000  -30.0000  -22.5000 2488.0132   19.8264
   -7.5000  -22.5000  -22.5000 2514.4080   18.8829
    0.0000  -22.5000  -22.5000 2540.0796   18.7828
    7.5000  -22.5000  -22.5000 2533.8325   18.8509
   -7.5000  -15.0000  -22.5000 2551.9021   18.3485
    0.0000  -15.0000  -22.5000 2575.9624   18.1600
    7.5000  -15.0000  -22.5000 2569.1279   18.1987
   -7.5000   -7.5000  -22.5000 2566.1421   18.2215
    0.0000   -7.5000  -22.5000 2593.6287   17.9588
    7.5000   -7.5000  -22.5000 2584.2886   18.0103
   -7.5000    0.0000  -22.5000 2549.1018   18.5521
    0.0000    0.0000  -22.5000 2576.2229   18.2391
    7.5000    0.0000  -22.5000 2568.2080   18.2778
   -7.5000    7.5000  -22.5000 2510.3591   19.2540
    0.0000    7.5000  -22.5000 2545.1675   18.9548
    7.5000    7.5000  -22.5000 2535.0020   18.9131
   -7.5000   15.0000  -22.5000 2447.6201   20.4006
    0.0000   15.0000  -22.5000 2482.8987   20.0043
    7.5000   15.0000  -22.5000 2474.3655   19.9636
   -7.5000   22.5000  -22.5000 2358.1829   21.8194
    0.0000   22.5000  -22.5000 2388.9924   21.4536
    7.5000   22.5000  -22.5000 2378.9150   21.4157
   -7.5000   30.0000  -22.5000 2238.3328   23.9034
    0.0000   30.0000  -22.5000 2262.2112   23.4263
    7.5000   30.0000  -22.5000 2256.6360   23.4414
   -7.5000   37.5000  -22.5000 2096.5708   26.5376
    0.0000   37.5000  -22.5000 2123.0815   25.9585
    7.5000   37.5000  -22.5000 2123.9221   26.0793
   -7.5000   45.0000  -22.5000 1949.8434   29.9313
    0.0000   45.0000  -22.5000 1973.3115   29.2485
    7.5000   45.0000  -22.5000 1970.1652   29.4005
   -7.5000  -45.0000  -15.0000 2357.5322   22.0802
    0.0000  -45.0000  -15.0000 2385.0703   21.8423
    7.5000  -45.0000  -15.0000 2381.0574   21.9591
   -7.5000  -37.5000  -15.0000 2454.9792   20.0807
    0.0000  -37.5000  -15.0000 2484.1697   19.9197
    7.5000  -37.5000  -15.0000 2483.6191   20.0294
   -7.5000  -30.0000  -15.0000 2546.3796   18.6768
    0.0000  -30.0000  -15.0000 2573.6660   18.5436
    7.5000  -30.0000  -15.0000 2569.0872   18.6435
   -7.5000  -22.5000  -15.0000 2611.6521   17.7166
    0.0000  -22.5000  -15.0000 2641.3608   17.5935
    7.5000  -22.5000  -15.0000 2629.5500   17.6959
   -7.5000  -15.0000  -15.0000 2644.7366   17.1691
    0.0000  -15.0000  -15.0000 2680.4255   17.0365
    7.5000  -15.0000  -15.0000 2670.5801   17.0724
   -7.5000   -7.5000  -15.0000 2661.8501   17.0634
    0.0000   -7.5000  -15.0000 2695.1936   16.8228
    7.5000   -7.5000  -15.0000 2690.4883   16.8830
   -7.5000    0.0000  -15.0000 2647.9795   17.3801
    0.0000    0.0000  -15.0000 2681.1726   17.0975
    7.5000    0.0000  -15.0000 2673.9224   17.1135
   -7.5000    7.5000  -15.0000 2614.9531   18.0566
    0.0000    7.5000  -15.0000 2651.0393   17.7284
    7.5000    7.5000  -15.0000 2642.7229   17.7133
   -7.5000   15.0000  -15.0000 2549.7339   19.1463
    0.0000   15.0000  -15.0000 2586.5327   18.7816
    7.5000   15.0000  -15.0000 2572.2766   18.7665
   -7.5000   22.5000  -15.0000 2455.0674   20.5981
    0.0000   22.5000  -15.0000 2488.0842   20.2098
    7.5000   22.5000  -15.0000 2473.0532   20.1531
   -7.5000   30.0000  -15.0000 2325.0657   22.6073
    0.0000   30.0000  -15.0000 2353.1038   22.1299
    7.5000   30.0000  -15.0000 2344.9065   22.1006
   -7.5000   37.5000  -15.0000 2169.3579   25.1074
    0.0000   37.5000  -15.0000 2200.6260   24.6493
    7.5000   37.5000  -15.0000 2195.9167   24.6293
   -7.5000   45.0000  -15.0000 2010.6826   28.2398
    0.0000   45.0000  -15.0000 2036.0577   27.7094
    7.5000   45.0000  -15.0000 2030.4464   27.7765
   -7.5000  -45.0000   -7.5000 2408.3730   21.0474
    0.0000  -45.0000   -7.5000 2436.6650   20.7154
    7.5000  -45.0000   -7.5000 2437.4578   20.8227
   -7.5000  -37.5000   -7.5000 2512.3376   19.1594
    0.0000  -37.5000   -7.5000 2543.4590   18.8845
    7.5000  -37.5000   -7.5000 2540.5745   19.0076
   -7.5000  -30.0000   -7.5000 2605.2429   17.6992
    0.0000  -30.0000   -7.5000 2636.0894   17.4762
    7.5000  -30.0000   -7.5000 2634.1377   17.6084
   -7.5000  -22.5000   -7.5000 2678.1455   16.6541
    0.0000  -22.5000   -7.5000 2718.1750   16.4864
    7.5000  -22.5000   -7.5000 2713.9817   16.6127
   -7.5000  -15.0000   -7.5000 2727.2488   16.0542
    0.0000  -15.0000   -7.5000 2769.8242   15.8497
    7.5000  -15.0000   -7.5000 2759.2109   15.9548
   -7.5000   -7.5000   -7.5000 2747.3679   15.9734
    0.0000   -7.5000   -7.5000 2789.2673   15.7180
    7.5000   -7.5000   -7.5000 2785.2256   15.7814
   -7.5000    0.0000   -7.5000 2734.7563   16.3035
    0.0000    0.0000   -7.5000 2772.6133   15.9810
    7.5000    0.0000   -7.5000 2769.3364   16.0196
   -7.5000    7.5000   -7.5000 2703.5261   16.9183
    0.0000    7.5000   -7.5000 2730.1594   16.5339
    7.5000    7.5000   -7.5000 2727.4067   16.5197
   -7.5000   15.0000   -7.5000 2630.9048   17.9547
    0.0000   15.0000   -7.5000 2660.8411   17.5761
    7.5000   15.0000   -7.5000 2650.8411   17.5112
   -7.5000   22.5000   -7.5000 2522.5000   19.3962
    0.0000   22.5000   -7.5000 2557.5762   19.0010
    7.5000   22.5000   -7.5000 2548.9268   18.9600
   -7.5000   30.0000   -7.5000 2387.4092   21.3385
    0.0000   30.0000   -7.5000 2425.4116   20.8998
    7.5000   30.0000   -7.5000 2419.0010   20.9065
   -7.5000   37.5000   -7.5000 2225.2920   23.7942
    0.0000   37.5000   -7.5000 2256.3933   23.2864
    7.5000   37.5000   -7.5000 2249.7627   23.3355
   -7.5000   45.0000   -7.5000 2052.3020   26.7603
    0.0000   45.0000   -7.5000 2079.1301   26.2546
    7.5000   45.0000   -7.5000 2074.0842   26.3087
   -7.5000  -45.0000    0.0000 2440.8293   20.2842
    0.0000  -45.0000    0.0000 2469.8181   19.8300
    7.5000  -45.0000    0.0000 2466.6555   19.8732
   -7.5000  -37.5000    0.0000 2550.0344   18.5004
    0.0000  -37.5000    0.0000 2580.6260   18.0737
    7.5000  -37.5000    0.0000 2580.6582   18.1426
   -7.5000  -30.0000    0.0000 2643.1909   17.0723
    0.0000  -30.0000    0.0000 2681.0222   16.7007
    7.5000  -30.0000    0.0000 2685.4282   16.8164
   -7.5000  -22.5000    0.0000 2725.2239   15.8793
    0.0000  -22.5000    0.0000 2775.7573   15.6062
    7.5000  -22.5000    0.0000 2780.4602   15.7877
   -7.5000  -15.0000    0.0000 2787.0867   15.1860
    0.0000  -15.0000    0.0000 2833.8123   14.8746
    7.5000  -15.0000    0.0000 2835.7659   15.0496
   -7.5000   -7.5000    0.0000 2818.8215   15.0341
    0.0000   -7.5000    0.0000 2868.3809   14.7766
    7.5000   -7.5000    0.0000 2866.2207   14.8706
   -7.5000    0.0000    0.0000 2808.5522   15.3826
    0.0000    0.0000    0.0000 2853.0525   15.0080
    7.5000    0.0000    0.0000 2851.1394   15.0563
   -7.5000    7.5000    0.0000 2766.3018   16.0516
    0.0000    7.5000    0.0000 2797.2866   15.6018
    7.5000    7.5000    0.0000 2793.7593   15.5591
   -7.5000   15.0000    0.0000 2681.8149   17.0592
    0.0000   15.0000    0.0000 2715.8757   16.6188
    7.5000   15.0000    0.0000 2714.8105   16.5931
   -7.5000   22.5000    0.0000 2572.8088   18.4897
    0.0000   22.5000    0.0000 2607.4148   18.0728
    7.5000   22.5000    0.0000 2602.5720   18.0861
   -7.5000   30.0000    0.0000 2429.6357   20.3751
    0.0000   30.0000    0.0000 2470.5112   19.9061
    7.5000   30.0000    0.0000 2465.7048   19.9557
   -7.5000   37.5000    0.0000 2264.9119   22.7058
    0.0000   37.5000    0.0000 2298.6118   22.2264
    7.5000   37.5000    0.0000 2292.7988   22.3394
   -7.5000   45.0000    0.0000 2084.8118   25.6682
    0.0000   45.0000    0.0000 2115.9966   25.1488
    7.5000   45.0000    0.0000 2114.6562   25.2452
   -7.5000  -45.0000    7.5000 2460.7151   19.9601
    0.0000  -45.0000    7.5000 2483.3386   19.3379
    7.5000  -45.0000    7.5000 2481.6931   19.2673
   -7.5000  -37.5000    7.5000 2581.5203   18.1914
    0.0000  -37.5000    7.5000 2604.7258   17.5760
    7.5000  -37.5000    7.5000 2606.4001   17.5546
   -7.5000  -30.0000    7.5000 2686.8120   16.7973
    0.0000  -30.0000    7.5000 2716.9150   16.2960
    7.5000  -30.0000    7.5000 2720.9727   16.3073
   -7.5000  -22.5000    7.5000 2766.0742   15.5372
    0.0000  -22.5000    7.5000 2817.3162   15.0797
    7.5000  -22.5000    7.5000 2829.6130   15.2752
   -7.5000  -15.0000    7.5000 2820.4595   14.6110
    0.0000  -15.0000    7.5000 2870.2563   14.0711
    7.5000  -15.0000    7.5000 2890.5693   14.3848
   -7.5000   -7.5000    7.5000 2857.6091   14.4221
    0.0000   -7.5000    7.5000 2904.4712   13.9202
    7.5000   -7.5000    7.5000 2921.6069   14.0652
   -7.5000    0.0000    7.5000 2847.7153   14.8004
    0.0000    0.0000    7.5000 2904.5225   14.2794
    7.5000    0.0000    7.5000 2908.5464   14.3586
   -7.5000    7.5000    7.5000 2805.3347   15.5419
    0.0000    7.5000    7.5000 2847.5989   15.0023
    7.5000    7.5000    7.5000 2853.2874   15.0651
   -7.5000   15.0000    7.5000 2721.7671   16.5915
    0.0000   15.0000    7.5000 2758.7104   16.0536
    7.5000   15.0000    7.5000 2759.7708   16.0975
   -7.5000   22.5000    7.5000 2606.7700   17.9972
    0.0000   22.5000    7.5000 2646.5854   17.4882
    7.5000   22.5000    7.5000 2643.3486   17.5208
   -7.5000   30.0000    7.5000 2458.9792   19.8049
    0.0000   30.0000    7.5000 2504.0171   19.2877
    7.5000   30.0000    7.5000 2499.9968   19.3738
   -7.5000   37.5000    7.5000 2293.4375   22.0920
    0.0000   37.5000    7.5000 2330.2832   21.5795
    7.5000   37.5000    7.5000 2326.9304   21.6935
   -7.5000   45.0000    7.5000 2111.4731   25.0063
    0.0000   45.0000    7.5000 2143.6296   24.4163
    7.5000   45.0000    7.5000 2145.3467   24.6038
   -7.5000  -45.0000   15.0000 2463.5789   19.9565
    0.0000  -45.0000   15.0000 2487.4795   19.2896
    7.5000  -45.0000   15.0000 2487.0996   19.0353
   -7.5000  -37.5000   15.0000 2590.2615   18.1640
    0.0000  -37.5000   15.0000 2616.0745   17.5688
    7.5000  -37.5000   15.0000 2611.5784   17.3407
   -7.5000  -30.0000   15.0000 2702.0415   16.7469
    0.0000  -30.0000   15.0000 2735.2227   16.2771
    7.5000  -30.0000   15.0000 2731.2405   16.1043
   -7.5000  -22.5000   15.0000 2781.5820   15.5248
    0.0000  -22.5000   15.0000 2826.0117   15.0008
    7.5000  -22.5000   15.0000 2828.3137   14.9774
   -7.5000  -15.0000   15.0000 2838.3677   14.6171
    0.0000  -15.0000   15.0000 2862.4893   13.8611
    7.5000  -15.0000   15.0000 2873.5405   13.9539
   -7.5000   -7.5000   15.0000 2858.6792   14.2662
    0.0000   -7.5000   15.0000 2900.5208   13.5684
    7.5000   -7.5000   15.0000 2905.7002   13.6477
   -7.5000    0.0000   15.0000 2848.9590   14.5362
    0.0000    0.0000   15.0000 2903.4124   13.9874
    7.5000    0.0000   15.0000 2908.4062   14.0458
   -7.5000    7.5000   15.0000 2809.4150   15.2705
    0.0000    7.5000   15.0000 2860.9758   14.8153
    7.5000    7.5000   15.0000 2864.4368   14.8116
   -7.5000   15.0000   15.0000 2728.8506   16.3532
    0.0000   15.0000   15.0000 2770.2241   15.9088
    7.5000   15.0000   15.0000 2770.3660   15.8887
   -7.5000   22.5000   15.0000 2612.4431   17.8010
    0.0000   22.5000   15.0000 2656.6477   17.3303
    7.5000   22.5000   15.0000 2655.4490   17.3164
   -7.5000   30.0000   15.0000 2465.6870   19.6019
    0.0000   30.0000   15.0000 2511.0632   19.1184
    7.5000   30.0000   15.0000 2511.9260   19.1091
   -7.5000   37.5000   15.0000 2301.1489   21.8310
    0.0000   37.5000   15.0000 2336.2058   21.3475
    7.5000   37.5000   15.0000 2335.9089   21.4249
   -7.5000   45.0000   15.0000 2121.5146   24.6314
    0.0000   45.0000   15.0000 2147.9771   24.1045
    7.5000   45.0000   15.0000 2148.8840   24.2327
   -7.5000  -45.0000   22.5000 2458.1055   20.1480
    0.0000  -45.0000   22.5000 2484.7588   19.4577
    7.5000  -45.0000   22.5000 2487.1594   19.2536
   -7.5000  -37.5000   22.5000 2578.3472   18.3632
    0.0000  -37.5000   22.5000 2609.2192   17.7893
    7.5000  -37.5000   22.5000 2612.5881   17.5234
   -7.5000  -30.0000   22.5000 2682.6821   16.9386
    0.0000  -30.0000   22.5000 2723.7322   16.5029
    7.5000  -30.0000   22.5000 2724.7129   16.2468
   -7.5000  -22.5000   22.5000 2768.2068   15.8002
    0.0000  -22.5000   22.5000 2805.1731   15.2785
    7.5000  -22.5000   22.5000 2800.0288   14.9640
   -7.5000  -15.0000   22.5000 2827.8860   15.0004
    0.0000  -15.0000   22.5000 2863.6765   14.3442
    7.5000  -15.0000   22.5000 2844.9902   14.0852
   -7.5000   -7.5000   22.5000 2845.3518   14.6076
    0.0000   -7.5000   22.5000 2890.7761   14.0523
    7.5000   -7.5000   22.5000 2895.8987   13.9606
   -7.5000    0.0000   22.5000 2826.1392   14.6996
    0.0000    0.0000   22.5000 2875.3584   14.2761
    7.5000    0.0000   22.5000 2887.3772   14.2989
   -7.5000    7.5000   22.5000 2785.8594   15.3797
    0.0000    7.5000   22.5000 2832.2014   14.9566
    7.5000    7.5000   22.5000 2839.1509   15.0028
   -7.5000   15.0000   22.5000 2706.7122   16.4621
    0.0000   15.0000   22.5000 2749.1443   16.0305
    7.5000   15.0000   22.5000 2754.2305   16.0704
   -7.5000   22.5000   22.5000 2594.0476   17.8993
    0.0000   22.5000   22.5000 2640.9258   17.3850
    7.5000   22.5000   22.5000 2648.2996   17.4466
   -7.5000   30.0000   22.5000 2454.8560   19.6739
    0.0000   30.0000   22.5000 2493.9478   19.1271
    7.5000   30.0000   22.5000 2499.1072   19.2170
   -7.5000   37.5000   22.5000 2294.0640   21.8972
    0.0000   37.5000   22.5000 2320.5896   21.3518
    7.5000   37.5000   22.5000 2322.3577   21.4708
   -7.5000   45.0000   22.5000 2117.3540   24.7324
    0.0000   45.0000   22.5000 2142.5808   24.1662
    7.5000   45.0000   22.5000 2138.3828   24.2833
   -7.5000  -45.0000   30.0000 2436.4866   20.6142
    0.0000  -45.0000   30.0000 2465.3782   19.9917
    7.5000  -45.0000   30.0000 2467.4722   19.7522
   -7.5000  -37.5000   30.0000 2546.0518   18.7818
    0.0000  -37.5000   30.0000 2585.1936   18.2935
    7.5000  -37.5000   30.0000 2590.3271   18.0706
   -7.5000  -30.0000   30.0000 2642.6973   17.4225
    0.0000  -30.0000   30.0000 2678.4177   16.9138
    7.5000  -30.0000   30.0000 2687.6821   16.6630
   -7.5000  -22.5000   30.0000 2727.3438   16.3428
    0.0000  -22.5000   30.0000 2763.0469   15.7241
    7.5000  -22.5000   30.0000 2755.3188   15.3593
   -7.5000  -15.0000   30.0000 2787.1582   15.5918
    0.0000  -15.0000   30.0000 2827.7078   14.9564
    7.5000  -15.0000   30.0000 2822.6255   14.6903
   -7.5000   -7.5000   30.0000 2805.0618   15.2586
    0.0000   -7.5000   30.0000 2855.4858   14.7193
    7.5000   -7.5000   30.0000 2861.3694   14.5498
   -7.5000    0.0000   30.0000 2782.7114   15.3338
    0.0000    0.0000   30.0000 2829.6506   14.9065
    7.5000    0.0000   30.0000 2841.9443   14.8460
   -7.5000    7.5000   30.0000 2729.9177   15.9070
    0.0000    7.5000   30.0000 2778.7900   15.5039
    7.5000    7.5000   30.0000 2783.5945   15.4719
   -7.5000   15.0000   30.0000 2648.1079   16.9191
    0.0000   15.0000   30.0000 2701.4971   16.5016
    7.5000   15.0000   30.0000 2705.3674   16.4893
   -7.5000   22.5000   30.0000 2551.0291   18.3023
    0.0000   22.5000   30.0000 2593.2590   17.8435
    7.5000   22.5000   30.0000 2602.7893   17.8377
   -7.5000   30.0000   30.0000 2418.7209   20.0895
    0.0000   30.0000   30.0000 2449.1514   19.5767
    7.5000   30.0000   30.0000 2454.6602   19.6154
   -7.5000   37.5000   30.0000 2260.0564   22.3245
    0.0000   37.5000   30.0000 2282.3042   21.7389
    7.5000   37.5000   30.0000 2289.5876   21.8046
   -7.5000   45.0000   30.0000 2093.6951   25.0993
    0.0000   45.0000   30.0000 2124.5356   24.4598
    7.5000   45.0000   30.0000 2122.9141   24.5614
   -7.5000  -45.0000   37.5000 2399.7925   21.3498
    0.0000  -45.0000   37.5000 2427.3804   20.6763
    7.5000  -45.0000   37.5000 2439.8721   20.4591
   -7.5000  -37.5000   37.5000 2509.2620   19.5241
    0.0000  -37.5000   37.5000 2537.3601   18.8700
    7.5000  -37.5000   37.5000 2553.4490   18.6815
   -7.5000  -30.0000   37.5000 2597.0591   18.1435
    0.0000  -30.0000   37.5000 2627.3169   17.4145
    7.5000  -30.0000   37.5000 2634.0295   17.1312
   -7.5000  -22.5000   37.5000 2673.4202   17.0085
    0.0000  -22.5000   37.5000 2707.5681   16.2490
    7.5000  -22.5000   37.5000 2707.3804   15.9862
   -7.5000  -15.0000   37.5000 2731.1599   16.2868
    0.0000  -15.0000   37.5000 2772.7917   15.6241
    7.5000  -15.0000   37.5000 2775.6084   15.4185
   -7.5000   -7.5000   37.5000 2743.9167   16.0128
    0.0000   -7.5000   37.5000 2793.8435   15.4564
    7.5000   -7.5000   37.5000 2806.4355   15.2678
   -7.5000    0.0000   37.5000 2721.3250   16.1152
    0.0000    0.0000   37.5000 2770.5933   15.6489
    7.5000    0.0000   37.5000 2780.1895   15.4996
   -7.5000    7.5000   37.5000 2665.4656   16.6759
    0.0000    7.5000   37.5000 2711.6353   16.2409
    7.5000    7.5000   37.5000 2719.2317   16.1167
   -7.5000   15.0000   37.5000 2582.6230   17.6647
    0.0000   15.0000   37.5000 2637.3184   17.2297
    7.5000   15.0000   37.5000 2645.9456   17.1404
   -7.5000   22.5000   37.5000 2486.8384   19.0189
    0.0000   22.5000   37.5000 2527.2988   18.5597
    7.5000   22.5000   37.5000 2535.4873   18.5032
   -7.5000   30.0000   37.5000 2361.3066   20.7375
    0.0000   30.0000   37.5000 2386.7920   20.2354
    7.5000   30.0000   37.5000 2391.2883   20.2310
   -7.5000   37.5000   37.5000 2209.6682   22.9476
    0.0000   37.5000   37.5000 2237.4919   22.3469
    7.5000   37.5000   37.5000 2243.7236   22.4036
   -7.5000   45.0000   37.5000 2054.3081   25.7938
    0.0000   45.0000   37.5000 2084.2803   25.0820
    7.5000   45.0000   37.5000 2094.1064   25.1504
   -7.5000  -45.0000   45.0000 2348.3657   22.2423
    0.0000  -45.0000   45.0000 2380.7954   21.4212
    7.5000  -45.0000   45.0000 2394.3953   21.2692
   -7.5000  -37.5000   45.0000 2453.7036   20.3929
    0.0000  -37.5000   45.0000 2486.0479   19.5528
    7.5000  -37.5000   45.0000 2500.4424   19.3819
   -7.5000  -30.0000   45.0000 2540.2622   18.9685
    0.0000  -30.0000   45.0000 2568.0767   18.1040
    7.5000  -30.0000   45.0000 2580.0886   17.8905
   -7.5000  -22.5000   45.0000 2611.1555   17.8349
    0.0000  -22.5000   45.0000 2639.6917   17.0076
    7.5000  -22.5000   45.0000 2647.3538   16.8671
   -7.5000  -15.0000   45.0000 2653.7988   17.1606
    0.0000  -15.0000   45.0000 2689.2456   16.4644
    7.5000  -15.0000   45.0000 2697.0867   16.3250
   -7.5000   -7.5000   45.0000 2668.1084   16.9083
    0.0000   -7.5000   45.0000 2706.4072   16.2901
    7.5000   -7.5000   45.0000 2719.8037   16.1420
   -7.5000    0.0000   45.0000 2650.2183   17.0383
    0.0000    0.0000   45.0000 2692.3542   16.5090
    7.5000    0.0000   45.0000 2707.1682   16.3347
   -7.5000    7.5000   45.0000 2598.5264   17.6351
    0.0000    7.5000   45.0000 2642.2065   17.1146
    7.5000    7.5000   45.0000 2653.2949   16.9265
   -7.5000   15.0000   45.0000 2517.4133   18.6112
    0.0000   15.0000   45.0000 2561.5933   18.0921
    7.5000   15.0000   45.0000 2573.5571   17.9561
   -7.5000   22.5000   45.0000 2420.3181   19.9688
    0.0000   22.5000   45.0000 2457.8928   19.4958
    7.5000   22.5000   45.0000 2466.5374   19.3750
   -7.5000   30.0000   45.0000 2285.7324   21.6707
    0.0000   30.0000   45.0000 2312.5393   21.1216
    7.5000   30.0000   45.0000 2325.4238   21.0765
   -7.5000   37.5000   45.0000 2146.6650   23.8738
    0.0000   37.5000   45.0000 2171.7759   23.2466
    7.5000   37.5000   45.0000 2181.1128   23.2601
   -7.5000   45.0000   45.0000 2007.9729   26.7667
    0.0000   45.0000   45.0000 2033.3691   26.0927
    7.5000   45.0000   45.0000 2040.1052   26.0902

---------------------------------------------------------------------
imgreg_4dfp /opt/freesurfer/average/711-2C_as_mni_average_305 /opt/freesurfer/average/711-2B_as_mni_average_305_mask talsrcimg_g11 none talsrcimg_to_711-2C_as_mni_average_305_t4 1283
---------------------------------------------------------------------

freesurfer imgreg_4dfp.c
/opt/freesurfer/average/711-2C_as_mni_average_305.4dfp.img
       256       256       256         1
  1.000000  1.000000  1.000000
orientation T byte_order littleendian
Reading image: /opt/freesurfer/average/711-2C_as_mni_average_305.4dfp.img
dimensions:      256       256       256
mmppix:       1.0000   -1.0000   -1.0000
center:     128.0000 -129.0000 -129.0000
/opt/freesurfer/average/711-2B_as_mni_average_305_mask.4dfp.img
       256       256       256         1
  1.000000  1.000000  1.000000
orientation T byte_order littleendian
Reading mask: /opt/freesurfer/average/711-2B_as_mni_average_305_mask.4dfp.img (2306576 pixels)
talsrcimg_g11.4dfp.img
       256       256       256         1
  1.000000  1.000000  1.000000
orientation T byte_order littleendian
Reading image: talsrcimg_g11.4dfp.img
dimensions:      256       256       256
mmppix:       1.0000   -1.0000   -1.0000
center:     128.0000 -129.0000 -129.0000
rotation matrix determinant  1.000000
fimgreg.f
image alignment mode   1283 decimal      503 hex
parameters
    7.5000   -7.5000    7.5000    0.0000    0.0000    0.0000
eta,q 0.91709 14.09773
niter,ni,del,rscale     5    3   12.0000    1.2000
parameter  1  0.595858 ->  0.500000 qaram    1.1500
parameter  2 -0.787210 -> -0.500000 qaram    1.1500
parameter  4 -0.566961 -> -0.500000 qaram    1.1500
parameters
    4.0500   -4.0500    8.9550    3.4500    2.7532    0.9384
eta,q 0.92618 13.84883
  0.0819  0.0915  0.0900  0.0885  0.0832  0.0816
  0.0809  0.0886  0.0847  0.0846  0.0806  0.0790
  0.0815  0.0845  0.0805  0.0813  0.0779  0.0761
  0.0830  0.0815  0.0785  0.0790  0.0763  0.0741
  0.0869  0.0792  0.0790  0.0765  0.0745  0.0740
  0.0927  0.0781  0.0804  0.0765  0.0745  0.0759
  0.0993  0.0798  0.0823  0.0784  0.0769  0.0787
niter,ni,del,rscale     7    3   12.0000    1.2000
parameters
    3.9689   -5.0933    9.4842    4.5682    2.3934    0.7608
eta,q 0.92704 13.79200
  0.0884  0.0854  0.0819  0.0851  0.0792  0.0795
  0.0812  0.0791  0.0784  0.0808  0.0764  0.0764
  0.0772  0.0741  0.0754  0.0765  0.0743  0.0739
  0.0738  0.0739  0.0731  0.0730  0.0729  0.0730
  0.0760  0.0795  0.0739  0.0737  0.0741  0.0740
  0.0819  0.0858  0.0763  0.0767  0.0771  0.0768
  0.0894  0.0926  0.0798  0.0799  0.0814  0.0805
niter,ni,del,rscale     6    3   12.0000    1.2000
parameters
    4.1510   -5.5431    9.6920    5.3291    2.4815    0.4792
eta,q 0.92735 13.77730
  0.0892  0.0875  0.0796  0.0840  0.0799  0.0789
  0.0808  0.0805  0.0764  0.0798  0.0769  0.0758
  0.0762  0.0743  0.0741  0.0752  0.0744  0.0735
  0.0730  0.0729  0.0726  0.0725  0.0727  0.0727
  0.0750  0.0775  0.0736  0.0740  0.0735  0.0738
  0.0805  0.0839  0.0756  0.0770  0.0762  0.0766
  0.0874  0.0904  0.0790  0.0802  0.0800  0.0802
niter,ni,del,rscale     5    3   12.0000    1.2000
parameters
    4.1643   -5.8428    9.8580    5.8346    2.6261    0.2791
eta,q 0.92737 13.75880
  0.0881  0.0886  0.0790  0.0833  0.0798  0.0787
  0.0802  0.0810  0.0756  0.0790  0.0768  0.0758
  0.0758  0.0742  0.0737  0.0743  0.0743  0.0734
  0.0726  0.0726  0.0724  0.0724  0.0727  0.0726
  0.0751  0.0773  0.0733  0.0744  0.0736  0.0736
  0.0806  0.0837  0.0753  0.0770  0.0760  0.0762
  0.0879  0.0901  0.0783  0.0805  0.0795  0.0797
niter,ni,del,rscale     4    3   12.0000    1.2000
parameters
    4.1231   -6.0588    9.9576    6.1825    2.7108    0.1607
eta,q 0.92740 13.74245
  0.0875  0.0893  0.0786  0.0829  0.0794  0.0787
  0.0800  0.0814  0.0751  0.0785  0.0764  0.0758
  0.0758  0.0743  0.0735  0.0738  0.0741  0.0735
  0.0726  0.0726  0.0724  0.0724  0.0726  0.0726
  0.0750  0.0772  0.0734  0.0746  0.0737  0.0736
  0.0806  0.0836  0.0751  0.0770  0.0759  0.0760
  0.0880  0.0899  0.0780  0.0808  0.0793  0.0793
niter,ni,del,rscale     3    3   12.0000    1.2000
parameters
    4.0911   -6.2097   10.0419    6.4172    2.7933    0.0754
eta,q 0.92734 13.72868
  0.0874  0.0897  0.0784  0.0826  0.0792  0.0786
  0.0800  0.0817  0.0749  0.0781  0.0763  0.0758
  0.0759  0.0744  0.0735  0.0735  0.0740  0.0735
  0.0726  0.0726  0.0725  0.0725  0.0727  0.0727
  0.0749  0.0771  0.0735  0.0747  0.0737  0.0736
  0.0804  0.0836  0.0750  0.0771  0.0758  0.0759
  0.0879  0.0898  0.0778  0.0809  0.0791  0.0791
niter,ni,del,rscale     2    3   12.0000    1.2000
parameters
    4.0610   -6.3217   10.0685    6.5882    2.8334    0.0225
eta,q 0.92730 13.71872
  0.0872  0.0900  0.0782  0.0824  0.0789  0.0786
  0.0800  0.0820  0.0747  0.0778  0.0761  0.0758
  0.0759  0.0745  0.0735  0.0733  0.0739  0.0736
  0.0727  0.0727  0.0726  0.0726  0.0727  0.0727
  0.0748  0.0771  0.0736  0.0748  0.0737  0.0736
  0.0803  0.0835  0.0751  0.0771  0.0758  0.0758
  0.0878  0.0898  0.0778  0.0810  0.0790  0.0789
niter,ni,del,rscale     1    3   12.0000    1.2000
parameters
    4.0388   -6.4070   10.0750    6.6983    2.8492   -0.0090
eta,q 0.92729 13.71175
  0.0871  0.0902  0.0782  0.0821  0.0788  0.0785
  0.0800  0.0822  0.0746  0.0776  0.0760  0.0758
  0.0760  0.0746  0.0734  0.0732  0.0739  0.0736
  0.0727  0.0727  0.0727  0.0727  0.0727  0.0727
  0.0748  0.0771  0.0736  0.0748  0.0738  0.0736
  0.0802  0.0834  0.0751  0.0772  0.0757  0.0757
  0.0877  0.0898  0.0778  0.0810  0.0789  0.0788
registration optimization eta report
parameter search radius
    6.9000    6.9000    6.0000    6.9000    6.0000    6.0000
100000*second partial in parameter space
       29.       35.       14.       18.       16.       16.
  0.0871  0.0902  0.0782  0.0821  0.0788  0.0785
  0.0800  0.0822  0.0746  0.0776  0.0760  0.0758
  0.0760  0.0746  0.0734  0.0732  0.0739  0.0736
  0.0727  0.0727  0.0727  0.0727  0.0727  0.0727
  0.0748  0.0771  0.0736  0.0748  0.0738  0.0736
  0.0802  0.0834  0.0751  0.0772  0.0757  0.0757
  0.0877  0.0898  0.0778  0.0810  0.0789  0.0788
    4.0388   -6.4070   10.0750    6.6983    2.8492   -0.0090
eta,q 0.92729 13.71175

---------------------------------------------------------------------
imgreg_4dfp /opt/freesurfer/average/711-2C_as_mni_average_305 /opt/freesurfer/average/711-2B_as_mni_average_305_mask talsrcimg_g11 none talsrcimg_to_711-2C_as_mni_average_305_t4 3335
---------------------------------------------------------------------

freesurfer imgreg_4dfp.c
/opt/freesurfer/average/711-2C_as_mni_average_305.4dfp.img
       256       256       256         1
  1.000000  1.000000  1.000000
orientation T byte_order littleendian
Reading image: /opt/freesurfer/average/711-2C_as_mni_average_305.4dfp.img
dimensions:      256       256       256
mmppix:       1.0000   -1.0000   -1.0000
center:     128.0000 -129.0000 -129.0000
/opt/freesurfer/average/711-2B_as_mni_average_305_mask.4dfp.img
       256       256       256         1
  1.000000  1.000000  1.000000
orientation T byte_order littleendian
Reading mask: /opt/freesurfer/average/711-2B_as_mni_average_305_mask.4dfp.img (2306576 pixels)
talsrcimg_g11.4dfp.img
       256       256       256         1
  1.000000  1.000000  1.000000
orientation T byte_order littleendian
Reading image: talsrcimg_g11.4dfp.img
dimensions:      256       256       256
mmppix:       1.0000   -1.0000   -1.0000
center:     128.0000 -129.0000 -129.0000
fimgreg.f
image alignment mode   3335 decimal      D07 hex
parameters
    4.0388   -6.4070   10.0750   -0.1236   -0.6825   -0.8054
   -0.5642   -4.9387   -0.0157  -11.6633    4.9708   11.6497
eta,q 0.92502 13.75505
niter,ni,del,rscale     5    3    5.0000    1.2000
parameter  4  2.056854 ->  0.500000 qaram    1.1500
parameter  5  1.725590 ->  0.500000 qaram    1.1500
parameter  6  1.906850 ->  0.500000 qaram    1.1500
parameter  7 -0.684800 -> -0.500000 qaram    1.1500
parameter  8 -0.628163 -> -0.500000 qaram    1.1500
parameter 12  1.734241 ->  0.500000 qaram    1.1500
parameters
    4.3943   -6.6904   10.4488   -4.2636   -4.8225   -4.9454
    3.5758   -0.7987    1.9744  -13.1667    6.8447    7.5097
eta,q 0.94319 13.25191
  0.0777  0.0760  0.0762  0.0688  0.0653  0.0579  0.0629  0.0676  0.0607  0.0601  0.0611  0.0562
  0.0765  0.0753  0.0754  0.0703  0.0668  0.0602  0.0621  0.0647  0.0600  0.0592  0.0601  0.0566
  0.0755  0.0749  0.0750  0.0723  0.0686  0.0630  0.0614  0.0622  0.0594  0.0588  0.0593  0.0575
  0.0750  0.0749  0.0749  0.0749  0.0708  0.0672  0.0609  0.0604  0.0591  0.0589  0.0588  0.0587
  0.0749  0.0752  0.0749  0.0781  0.0735  0.0717  0.0605  0.0594  0.0589  0.0595  0.0587  0.0601
  0.0755  0.0758  0.0751  0.0817  0.0768  0.0771  0.0604  0.0591  0.0591  0.0603  0.0590  0.0617
  0.0765  0.0766  0.0755  0.0851  0.0808  0.0829  0.0606  0.0597  0.0596  0.0613  0.0596  0.0633
niter,ni,del,rscale     7    3    5.0000    1.2000
parameter  4  0.949385 ->  0.500000 qaram    1.3225
parameter  5  3.477149 ->  0.500000 qaram    1.3225
parameter  6  0.859430 ->  0.500000 qaram    1.3225
parameter  9  0.978991 ->  0.500000 qaram    1.1500
parameter 10 -2.900463 -> -0.500000 qaram    1.1500
parameter 11 -0.864591 -> -0.500000 qaram    1.1500
parameters
    4.4295   -7.5147   10.2604   -9.0246   -9.5835   -9.7064
    0.2536    0.2557   -2.1656   -9.0267   10.9847   11.1542
eta,q 0.95709 13.00526
  0.0597  0.0574  0.0583  0.0532  0.0464  0.0464  0.0476  0.0515  0.0464  0.0516  0.0464  0.0461
  0.0582  0.0568  0.0573  0.0539  0.0492  0.0471  0.0471  0.0492  0.0464  0.0498  0.0454  0.0450
  0.0572  0.0566  0.0567  0.0550  0.0516  0.0480  0.0470  0.0477  0.0466  0.0481  0.0446  0.0440
  0.0568  0.0568  0.0566  0.0566  0.0541  0.0499  0.0473  0.0470  0.0469  0.0465  0.0440  0.0433
  0.0571  0.0574  0.0569  0.0592  0.0571  0.0527  0.0479  0.0471  0.0474  0.0449  0.0435  0.0429
  0.0581  0.0585  0.0577  0.0629  0.0605  0.0573  0.0489  0.0480  0.0480  0.0437  0.0433  0.0430
  0.0596  0.0598  0.0589  0.0675  0.0645  0.0624  0.0502  0.0496  0.0488  0.0429  0.0434  0.0436
niter,ni,del,rscale     7    3    5.0000    1.2000
parameter  2  1.987252 ->  0.500000 qaram    1.1500
parameter  4  0.505524 ->  0.500000 qaram    1.5209
parameter  5  5.643117 ->  0.500000 qaram    1.5209
parameters
    3.7871   -8.8947   11.0533  -14.4998  -15.0586  -11.5736
    1.0557   -1.1430   -2.1557   -6.9762    8.8635    7.8876
eta,q 0.97086 13.03338
  0.0443  0.0391  0.0434  0.0397  0.0260  0.0336  0.0350  0.0336  0.0332  0.0374  0.0303  0.0301
  0.0432  0.0399  0.0418  0.0391  0.0288  0.0318  0.0327  0.0311  0.0314  0.0340  0.0298  0.0293
  0.0427  0.0412  0.0408  0.0391  0.0336  0.0305  0.0310  0.0300  0.0303  0.0313  0.0296  0.0292
  0.0429  0.0427  0.0402  0.0401  0.0390  0.0300  0.0302  0.0301  0.0299  0.0299  0.0297  0.0296
  0.0438  0.0445  0.0401  0.0423  0.0440  0.0306  0.0303  0.0314  0.0303  0.0298  0.0300  0.0305
  0.0453  0.0465  0.0402  0.0465  0.0490  0.0345  0.0315  0.0337  0.0315  0.0307  0.0306  0.0318
  0.0474  0.0488  0.0408  0.0520  0.0541  0.0405  0.0335  0.0366  0.0332  0.0324  0.0316  0.0336
niter,ni,del,rscale     7    3    5.0000    1.2000
parameter  5  0.569646 ->  0.500000 qaram    1.7490
parameters
    3.9207   -9.9101   10.3264  -12.0818  -21.3551  -10.1013
   -0.0219   -0.5274   -1.7482   -7.6057    9.8761    9.6735
eta,q 0.97551 13.02898
  0.0324  0.0302  0.0291  0.0353  0.0275  0.0309  0.0274  0.0308  0.0273  0.0282  0.0263  0.0273
  0.0307  0.0289  0.0286  0.0326  0.0256  0.0285  0.0257  0.0275  0.0258  0.0257  0.0254  0.0258
  0.0296  0.0286  0.0284  0.0303  0.0250  0.0266  0.0248  0.0253  0.0249  0.0246  0.0248  0.0249
  0.0291  0.0291  0.0286  0.0284  0.0278  0.0252  0.0247  0.0246  0.0247  0.0247  0.0246  0.0245
  0.0294  0.0306  0.0290  0.0277  0.0340  0.0243  0.0255  0.0252  0.0249  0.0256  0.0246  0.0245
  0.0303  0.0328  0.0297  0.0286  0.0412  0.0254  0.0270  0.0267  0.0255  0.0270  0.0250  0.0249
  0.0318  0.0355  0.0308  0.0318  0.0479  0.0290  0.0293  0.0290  0.0267  0.0289  0.0256  0.0256
niter,ni,del,rscale     7    3    5.0000    1.2000
parameters
    3.9264   -9.3229   11.2895   -9.5548  -23.4998  -10.1012
    0.1180   -0.4836   -1.9045   -7.0395   10.5771   10.9957
eta,q 0.97614 13.05263
  0.0272  0.0289  0.0267  0.0316  0.0306  0.0291  0.0276  0.0295  0.0260  0.0279  0.0255  0.0260
  0.0257  0.0268  0.0255  0.0288  0.0277  0.0270  0.0256  0.0262  0.0248  0.0253  0.0247  0.0249
  0.0248  0.0253  0.0247  0.0262  0.0250  0.0252  0.0243  0.0242  0.0240  0.0241  0.0241  0.0242
  0.0245  0.0245  0.0243  0.0241  0.0232  0.0239  0.0239  0.0239  0.0239  0.0239  0.0239  0.0239
  0.0248  0.0243  0.0241  0.0230  0.0252  0.0231  0.0242  0.0246  0.0242  0.0243  0.0240  0.0239
  0.0257  0.0249  0.0242  0.0237  0.0319  0.0256  0.0254  0.0263  0.0249  0.0252  0.0243  0.0242
  0.0272  0.0263  0.0245  0.0279  0.0404  0.0307  0.0274  0.0291  0.0262  0.0265  0.0251  0.0249
niter,ni,del,rscale     6    3    5.0000    1.2000
parameters
    3.9199   -9.2717   11.5542   -9.1671  -24.1638  -10.0846
    0.2135   -0.6814   -2.2727   -7.1404   10.6488   11.5140
eta,q 0.97606 13.04595
  0.0266  0.0266  0.0253  0.0305  0.0318  0.0292  0.0275  0.0291  0.0259  0.0269  0.0254  0.0256
  0.0251  0.0251  0.0246  0.0278  0.0289  0.0271  0.0256  0.0260  0.0247  0.0249  0.0246  0.0247
  0.0242  0.0242  0.0241  0.0255  0.0261  0.0254  0.0244  0.0242  0.0241  0.0240  0.0241  0.0241
  0.0239  0.0239  0.0239  0.0238  0.0237  0.0240  0.0240  0.0240  0.0240  0.0240  0.0239  0.0239
  0.0241  0.0241  0.0239  0.0231  0.0237  0.0232  0.0243  0.0248  0.0243  0.0245  0.0241  0.0240
  0.0251  0.0250  0.0242  0.0257  0.0283  0.0256  0.0254  0.0265  0.0250  0.0253  0.0245  0.0245
  0.0266  0.0264  0.0248  0.0311  0.0364  0.0309  0.0274  0.0294  0.0262  0.0267  0.0253  0.0252
niter,ni,del,rscale     5    3    5.0000    1.2000
parameters
    3.8988   -9.2999   11.6642   -8.9997  -24.3385  -10.1456
    0.2939   -0.7746   -2.3508   -7.2672   10.6498   11.7331
eta,q 0.97603 13.04522
  0.0266  0.0264  0.0253  0.0304  0.0321  0.0291  0.0275  0.0293  0.0261  0.0269  0.0254  0.0255
  0.0252  0.0250  0.0246  0.0278  0.0292  0.0271  0.0256  0.0260  0.0248  0.0249  0.0246  0.0246
  0.0243  0.0242  0.0241  0.0256  0.0264  0.0254  0.0244  0.0243  0.0241  0.0240  0.0241  0.0241
  0.0239  0.0239  0.0239  0.0239  0.0239  0.0240  0.0240  0.0240  0.0240  0.0240  0.0240  0.0240
  0.0242  0.0242  0.0240  0.0233  0.0234  0.0232  0.0243  0.0247  0.0243  0.0245  0.0241  0.0241
  0.0252  0.0251  0.0244  0.0261  0.0274  0.0257  0.0255  0.0264  0.0249  0.0253  0.0246  0.0245
  0.0268  0.0265  0.0251  0.0316  0.0352  0.0310  0.0274  0.0292  0.0261  0.0267  0.0254  0.0253
niter,ni,del,rscale     4    3    5.0000    1.2000
parameters
    3.8838   -9.3378   11.7064   -8.9513  -24.3658  -10.1742
    0.3033   -0.8025   -2.3521   -7.3569   10.6106   11.8304
eta,q 0.97603 13.04596
  0.0267  0.0264  0.0252  0.0304  0.0322  0.0291  0.0275  0.0294  0.0261  0.0269  0.0253  0.0254
  0.0252  0.0250  0.0245  0.0278  0.0293  0.0271  0.0255  0.0261  0.0248  0.0249  0.0246  0.0246
  0.0243  0.0242  0.0241  0.0256  0.0265  0.0254  0.0244  0.0243  0.0241  0.0240  0.0241  0.0241
  0.0240  0.0240  0.0240  0.0240  0.0240  0.0240  0.0240  0.0240  0.0240  0.0240  0.0240  0.0240
  0.0243  0.0243  0.0241  0.0234  0.0234  0.0232  0.0244  0.0247  0.0242  0.0244  0.0241  0.0241
  0.0252  0.0251  0.0244  0.0263  0.0272  0.0256  0.0255  0.0264  0.0249  0.0253  0.0246  0.0246
  0.0268  0.0265  0.0252  0.0319  0.0348  0.0310  0.0275  0.0292  0.0260  0.0267  0.0254  0.0253
niter,ni,del,rscale     3    3    5.0000    1.2000
parameters
    3.8802   -9.3648   11.7287   -8.9444  -24.3637  -10.1828
    0.2968   -0.8044   -2.3436   -7.4207   10.5748   11.8674
eta,q 0.97604 13.04635
  0.0267  0.0264  0.0252  0.0304  0.0322  0.0291  0.0274  0.0294  0.0261  0.0269  0.0253  0.0254
  0.0252  0.0251  0.0245  0.0278  0.0294  0.0271  0.0255  0.0261  0.0248  0.0249  0.0246  0.0245
  0.0243  0.0242  0.0241  0.0256  0.0265  0.0254  0.0243  0.0243  0.0241  0.0240  0.0241  0.0241
  0.0240  0.0240  0.0240  0.0240  0.0240  0.0240  0.0240  0.0240  0.0240  0.0240  0.0240  0.0240
  0.0242  0.0243  0.0241  0.0235  0.0234  0.0231  0.0243  0.0247  0.0242  0.0244  0.0241  0.0241
  0.0252  0.0251  0.0244  0.0264  0.0271  0.0256  0.0255  0.0264  0.0249  0.0253  0.0246  0.0246
  0.0268  0.0265  0.0252  0.0320  0.0348  0.0309  0.0275  0.0291  0.0260  0.0266  0.0254  0.0253
registration optimization eta report
parameter search radius
    2.4000    2.7600    2.4000   10.9503   12.5928    9.5220
    8.2800    8.2800    8.2800    8.2800    8.2800    8.2800
100000*second partial in parameter space
       49.       33.       21.        6.        6.        7.
        5.        8.        3.        4.        2.        2.
  0.0267  0.0264  0.0252  0.0304  0.0322  0.0291  0.0274  0.0294  0.0261  0.0269  0.0253  0.0254
  0.0252  0.0251  0.0245  0.0278  0.0294  0.0271  0.0255  0.0261  0.0248  0.0249  0.0246  0.0245
  0.0243  0.0242  0.0241  0.0256  0.0265  0.0254  0.0243  0.0243  0.0241  0.0240  0.0241  0.0241
  0.0240  0.0240  0.0240  0.0240  0.0240  0.0240  0.0240  0.0240  0.0240  0.0240  0.0240  0.0240
  0.0242  0.0243  0.0241  0.0235  0.0234  0.0231  0.0243  0.0247  0.0242  0.0244  0.0241  0.0241
  0.0252  0.0251  0.0244  0.0264  0.0271  0.0256  0.0255  0.0264  0.0249  0.0253  0.0246  0.0246
  0.0268  0.0265  0.0252  0.0320  0.0348  0.0309  0.0275  0.0291  0.0260  0.0266  0.0254  0.0253
    3.8802   -9.3648   11.7287   -8.9444  -24.3637  -10.1828
    0.2968   -0.8044   -2.3436   -7.4207   10.5748   11.8674
eta,q 0.97604 13.04635

---------------------------------------------------------------------
imgreg_4dfp /opt/freesurfer/average/711-2C_as_mni_average_305 /opt/freesurfer/average/711-2B_as_mni_average_305_mask talsrcimg_g11 none talsrcimg_to_711-2C_as_mni_average_305_t4 2311
---------------------------------------------------------------------

freesurfer imgreg_4dfp.c
/opt/freesurfer/average/711-2C_as_mni_average_305.4dfp.img
       256       256       256         1
  1.000000  1.000000  1.000000
orientation T byte_order littleendian
Reading image: /opt/freesurfer/average/711-2C_as_mni_average_305.4dfp.img
dimensions:      256       256       256
mmppix:       1.0000   -1.0000   -1.0000
center:     128.0000 -129.0000 -129.0000
/opt/freesurfer/average/711-2B_as_mni_average_305_mask.4dfp.img
       256       256       256         1
  1.000000  1.000000  1.000000
orientation T byte_order littleendian
Reading mask: /opt/freesurfer/average/711-2B_as_mni_average_305_mask.4dfp.img (2306576 pixels)
talsrcimg_g11.4dfp.img
       256       256       256         1
  1.000000  1.000000  1.000000
orientation T byte_order littleendian
Reading image: talsrcimg_g11.4dfp.img
dimensions:      256       256       256
mmppix:       1.0000   -1.0000   -1.0000
center:     128.0000 -129.0000 -129.0000
fimgreg.f
image alignment mode   2311 decimal      907 hex
parameters
    3.8802   -9.3648   11.7287   -8.9444  -24.3637  -10.1828
    0.2968   -0.8044   -2.3436   -7.4207   10.5748   11.8674
eta,q 0.97604 13.04635
niter,ni,del,rscale     5    3    5.0000    0.8000
parameter  4 -0.525548 -> -0.500000 qaram    1.1500
parameters
    3.9088   -9.3653   11.7868   -6.1844  -22.4390   -8.6378
    0.1121   -0.7617   -2.2158   -6.6784   10.2933   10.7477
eta,q 0.97762 13.19846
  0.0252  0.0248  0.0245  0.0262  0.0262  0.0252  0.0243  0.0255  0.0239  0.0247  0.0233  0.0229
  0.0245  0.0243  0.0242  0.0253  0.0251  0.0244  0.0232  0.0238  0.0231  0.0235  0.0228  0.0225
  0.0241  0.0241  0.0240  0.0246  0.0241  0.0236  0.0226  0.0228  0.0226  0.0227  0.0225  0.0224
  0.0240  0.0240  0.0240  0.0240  0.0234  0.0229  0.0224  0.0224  0.0224  0.0224  0.0224  0.0224
  0.0241  0.0241  0.0240  0.0235  0.0229  0.0224  0.0227  0.0228  0.0226  0.0225  0.0225  0.0226
  0.0245  0.0243  0.0241  0.0234  0.0231  0.0225  0.0235  0.0238  0.0230  0.0229  0.0229  0.0230
  0.0252  0.0248  0.0244  0.0240  0.0238  0.0237  0.0246  0.0253  0.0237  0.0236  0.0235  0.0237
niter,ni,del,rscale     5    3    5.0000    0.8000
parameters
    3.7366   -9.8705   11.7458   -7.4338  -21.8267   -8.4969
    0.2635   -0.8704   -2.0082   -7.3337   10.3480   11.0335
eta,q 0.97788 13.21045
  0.0239  0.0228  0.0231  0.0239  0.0248  0.0246  0.0241  0.0247  0.0235  0.0234  0.0230  0.0230
  0.0230  0.0224  0.0226  0.0231  0.0238  0.0237  0.0231  0.0232  0.0228  0.0225  0.0225  0.0225
  0.0225  0.0222  0.0223  0.0225  0.0229  0.0229  0.0224  0.0224  0.0224  0.0222  0.0222  0.0222
  0.0224  0.0224  0.0222  0.0222  0.0223  0.0222  0.0222  0.0222  0.0222  0.0222  0.0221  0.0221
  0.0227  0.0228  0.0223  0.0229  0.0222  0.0221  0.0224  0.0226  0.0223  0.0226  0.0222  0.0222
  0.0235  0.0235  0.0227  0.0248  0.0228  0.0228  0.0229  0.0234  0.0227  0.0232  0.0225  0.0224
  0.0248  0.0245  0.0232  0.0274  0.0241  0.0250  0.0239  0.0249  0.0233  0.0242  0.0230  0.0228
niter,ni,del,rscale     4    3    5.0000    0.7000
parameters
    3.7885   -9.9258   11.7518   -7.7408  -21.6837   -8.3419
    0.1499   -0.8455   -1.9205   -7.5263   10.2362   11.0495
eta,q 0.97789 13.20916
  0.0235  0.0230  0.0228  0.0239  0.0240  0.0241  0.0234  0.0242  0.0231  0.0234  0.0227  0.0227
  0.0228  0.0225  0.0224  0.0231  0.0232  0.0233  0.0227  0.0230  0.0226  0.0226  0.0224  0.0224
  0.0223  0.0222  0.0222  0.0225  0.0225  0.0227  0.0223  0.0223  0.0222  0.0222  0.0222  0.0222
  0.0221  0.0221  0.0221  0.0221  0.0222  0.0222  0.0221  0.0221  0.0221  0.0221  0.0221  0.0221
  0.0222  0.0223  0.0222  0.0222  0.0222  0.0220  0.0223  0.0224  0.0222  0.0223  0.0222  0.0222
  0.0226  0.0226  0.0224  0.0231  0.0228  0.0227  0.0228  0.0230  0.0225  0.0228  0.0224  0.0223
  0.0233  0.0232  0.0228  0.0249  0.0240  0.0243  0.0236  0.0241  0.0230  0.0235  0.0228  0.0227
niter,ni,del,rscale     3    3    5.0000    0.6000
parameters
    3.8215   -9.9485   11.7682   -7.6484  -21.6231   -8.1653
    0.0813   -0.7867   -1.8653   -7.5409   10.1733   11.0326
eta,q 0.97795 13.21447
  0.0231  0.0228  0.0226  0.0236  0.0235  0.0236  0.0230  0.0237  0.0228  0.0231  0.0225  0.0225
  0.0226  0.0224  0.0223  0.0229  0.0228  0.0230  0.0225  0.0227  0.0224  0.0225  0.0223  0.0222
  0.0222  0.0222  0.0222  0.0224  0.0223  0.0225  0.0222  0.0222  0.0222  0.0221  0.0221  0.0221
  0.0221  0.0221  0.0221  0.0221  0.0221  0.0221  0.0221  0.0221  0.0221  0.0221  0.0221  0.0221
  0.0222  0.0222  0.0222  0.0221  0.0222  0.0220  0.0222  0.0222  0.0221  0.0222  0.0221  0.0221
  0.0225  0.0225  0.0223  0.0226  0.0226  0.0225  0.0225  0.0227  0.0224  0.0225  0.0223  0.0222
  0.0230  0.0229  0.0226  0.0237  0.0235  0.0237  0.0231  0.0235  0.0228  0.0231  0.0226  0.0225
niter,ni,del,rscale     2    3    5.0000    0.5000
parameters
    3.8225   -9.9744   11.7785   -7.4950  -21.5818   -8.0002
    0.0452   -0.7585   -1.8320   -7.5342   10.1340   11.0078
eta,q 0.97799 13.22072
  0.0227  0.0226  0.0224  0.0231  0.0230  0.0232  0.0227  0.0232  0.0225  0.0228  0.0224  0.0223
  0.0224  0.0223  0.0222  0.0227  0.0225  0.0227  0.0223  0.0225  0.0223  0.0223  0.0222  0.0221
  0.0221  0.0221  0.0221  0.0223  0.0222  0.0223  0.0221  0.0221  0.0221  0.0221  0.0220  0.0220
  0.0221  0.0221  0.0221  0.0221  0.0220  0.0220  0.0220  0.0220  0.0220  0.0220  0.0220  0.0220
  0.0221  0.0221  0.0221  0.0220  0.0221  0.0220  0.0221  0.0221  0.0221  0.0221  0.0220  0.0220
  0.0223  0.0223  0.0222  0.0223  0.0224  0.0223  0.0224  0.0225  0.0222  0.0223  0.0222  0.0221
  0.0227  0.0226  0.0224  0.0231  0.0230  0.0232  0.0228  0.0231  0.0225  0.0227  0.0224  0.0223
niter,ni,del,rscale     1    3    5.0000    0.4000
parameters
    3.8125   -9.9978   11.7871   -7.3462  -21.5507   -7.8662
    0.0180   -0.7491   -1.8096   -7.5151   10.1098   10.9959
eta,q 0.97802 13.22653
  0.0224  0.0223  0.0223  0.0228  0.0226  0.0228  0.0225  0.0227  0.0223  0.0225  0.0222  0.0222
  0.0222  0.0221  0.0221  0.0224  0.0223  0.0224  0.0222  0.0223  0.0221  0.0222  0.0221  0.0221
  0.0221  0.0220  0.0220  0.0222  0.0221  0.0222  0.0220  0.0221  0.0220  0.0220  0.0220  0.0220
  0.0220  0.0220  0.0220  0.0220  0.0220  0.0220  0.0220  0.0220  0.0220  0.0220  0.0220  0.0220
  0.0221  0.0220  0.0220  0.0220  0.0220  0.0220  0.0220  0.0221  0.0220  0.0220  0.0220  0.0220
  0.0222  0.0222  0.0221  0.0222  0.0223  0.0222  0.0222  0.0223  0.0221  0.0222  0.0221  0.0221
  0.0225  0.0224  0.0223  0.0227  0.0226  0.0227  0.0225  0.0227  0.0223  0.0224  0.0222  0.0222
registration optimization eta report
parameter search radius
    0.8000    0.8000    0.8000    2.7600    2.4000    2.4000
    2.4000    2.4000    2.4000    2.4000    2.4000    2.4000
100000*second partial in parameter space
       69.       54.       40.       10.       11.       14.
        9.       13.        6.        8.        4.        3.
  0.0224  0.0223  0.0223  0.0228  0.0226  0.0228  0.0225  0.0227  0.0223  0.0225  0.0222  0.0222
  0.0222  0.0221  0.0221  0.0224  0.0223  0.0224  0.0222  0.0223  0.0221  0.0222  0.0221  0.0221
  0.0221  0.0220  0.0220  0.0222  0.0221  0.0222  0.0220  0.0221  0.0220  0.0220  0.0220  0.0220
  0.0220  0.0220  0.0220  0.0220  0.0220  0.0220  0.0220  0.0220  0.0220  0.0220  0.0220  0.0220
  0.0221  0.0220  0.0220  0.0220  0.0220  0.0220  0.0220  0.0221  0.0220  0.0220  0.0220  0.0220
  0.0222  0.0222  0.0221  0.0222  0.0223  0.0222  0.0222  0.0223  0.0221  0.0222  0.0221  0.0221
  0.0225  0.0224  0.0223  0.0227  0.0226  0.0227  0.0225  0.0227  0.0223  0.0224  0.0222  0.0222
    3.8125   -9.9978   11.7871   -7.3462  -21.5507   -7.8662
    0.0180   -0.7491   -1.8096   -7.5151   10.1098   10.9959
eta,q 0.97802 13.22653

---------------------------------------------------------------------
imgreg_4dfp /opt/freesurfer/average/711-2C_as_mni_average_305 /opt/freesurfer/average/711-2B_as_mni_average_305_mask talsrcimg_g11 none talsrcimg_to_711-2C_as_mni_average_305_t4 2311
---------------------------------------------------------------------

freesurfer imgreg_4dfp.c
/opt/freesurfer/average/711-2C_as_mni_average_305.4dfp.img
       256       256       256         1
  1.000000  1.000000  1.000000
orientation T byte_order littleendian
Reading image: /opt/freesurfer/average/711-2C_as_mni_average_305.4dfp.img
dimensions:      256       256       256
mmppix:       1.0000   -1.0000   -1.0000
center:     128.0000 -129.0000 -129.0000
/opt/freesurfer/average/711-2B_as_mni_average_305_mask.4dfp.img
       256       256       256         1
  1.000000  1.000000  1.000000
orientation T byte_order littleendian
Reading mask: /opt/freesurfer/average/711-2B_as_mni_average_305_mask.4dfp.img (2306576 pixels)
talsrcimg_g11.4dfp.img
       256       256       256         1
  1.000000  1.000000  1.000000
orientation T byte_order littleendian
Reading image: talsrcimg_g11.4dfp.img
dimensions:      256       256       256
mmppix:       1.0000   -1.0000   -1.0000
center:     128.0000 -129.0000 -129.0000
fimgreg.f
image alignment mode   2311 decimal      907 hex
parameters
    3.8125   -9.9978   11.7871   -7.3462  -21.5507   -7.8662
    0.0180   -0.7491   -1.8096   -7.5151   10.1098   10.9959
eta,q 0.97802 13.22653
niter,ni,del,rscale     5    3    5.0000    0.8000
parameters
    3.7727  -10.0340   11.7876   -7.8927  -21.7780   -8.4312
    0.0839   -0.7677   -1.8027   -7.6684   10.1076   11.2287
eta,q 0.97784 13.20505
  0.0237  0.0233  0.0230  0.0236  0.0241  0.0241  0.0239  0.0247  0.0234  0.0238  0.0230  0.0230
  0.0227  0.0226  0.0225  0.0229  0.0232  0.0233  0.0230  0.0232  0.0227  0.0228  0.0225  0.0225
  0.0222  0.0221  0.0221  0.0223  0.0224  0.0225  0.0224  0.0224  0.0223  0.0223  0.0223  0.0223
  0.0220  0.0220  0.0220  0.0220  0.0221  0.0221  0.0222  0.0222  0.0222  0.0222  0.0222  0.0222
  0.0222  0.0222  0.0221  0.0222  0.0223  0.0223  0.0223  0.0225  0.0223  0.0225  0.0222  0.0222
  0.0228  0.0226  0.0224  0.0232  0.0232  0.0237  0.0229  0.0233  0.0227  0.0230  0.0225  0.0224
  0.0239  0.0235  0.0230  0.0251  0.0249  0.0262  0.0238  0.0247  0.0234  0.0239  0.0230  0.0229
niter,ni,del,rscale     4    3    5.0000    0.7000
parameters
    3.8329   -9.9535   11.7770   -7.6211  -21.7537   -8.3950
    0.0332   -0.7297   -1.8146   -7.5966   10.1308   11.1363
eta,q 0.97790 13.20811
  0.0235  0.0233  0.0228  0.0237  0.0239  0.0240  0.0234  0.0242  0.0231  0.0235  0.0228  0.0227
  0.0228  0.0227  0.0225  0.0230  0.0231  0.0233  0.0227  0.0230  0.0225  0.0227  0.0224  0.0223
  0.0224  0.0223  0.0222  0.0225  0.0224  0.0226  0.0223  0.0223  0.0222  0.0222  0.0222  0.0222
  0.0222  0.0222  0.0222  0.0222  0.0221  0.0221  0.0221  0.0221  0.0221  0.0221  0.0221  0.0221
  0.0223  0.0222  0.0222  0.0221  0.0222  0.0221  0.0223  0.0223  0.0222  0.0223  0.0222  0.0222
  0.0226  0.0225  0.0225  0.0225  0.0228  0.0227  0.0227  0.0230  0.0225  0.0227  0.0224  0.0224
  0.0233  0.0231  0.0229  0.0236  0.0241  0.0244  0.0235  0.0241  0.0231  0.0234  0.0228  0.0227
niter,ni,del,rscale     3    3    5.0000    0.6000
parameters
    3.8307   -9.9691   11.7814   -7.4462  -21.6742   -8.1916
    0.0341   -0.7309   -1.8243   -7.5447   10.1228   11.0937
eta,q 0.97796 13.21686
  0.0230  0.0228  0.0226  0.0233  0.0235  0.0236  0.0231  0.0236  0.0228  0.0231  0.0225  0.0225
  0.0225  0.0224  0.0223  0.0228  0.0228  0.0230  0.0225  0.0227  0.0224  0.0225  0.0223  0.0222
  0.0222  0.0222  0.0222  0.0224  0.0223  0.0225  0.0222  0.0222  0.0221  0.0221  0.0221  0.0221
  0.0221  0.0221  0.0221  0.0221  0.0221  0.0221  0.0220  0.0220  0.0220  0.0220  0.0220  0.0220
  0.0222  0.0222  0.0222  0.0221  0.0221  0.0220  0.0222  0.0222  0.0221  0.0222  0.0221  0.0221
  0.0225  0.0224  0.0223  0.0224  0.0226  0.0224  0.0225  0.0227  0.0224  0.0225  0.0223  0.0222
  0.0231  0.0229  0.0226  0.0233  0.0235  0.0236  0.0231  0.0236  0.0228  0.0230  0.0226  0.0225
niter,ni,del,rscale     2    3    5.0000    0.5000
parameters
    3.8197   -9.9935   11.7897   -7.3327  -21.6201   -8.0230
    0.0190   -0.7395   -1.8171   -7.5325   10.1165   11.0604
eta,q 0.97801 13.22304
  0.0227  0.0225  0.0224  0.0229  0.0230  0.0232  0.0227  0.0231  0.0225  0.0227  0.0224  0.0223
  0.0223  0.0223  0.0222  0.0225  0.0225  0.0227  0.0223  0.0225  0.0222  0.0223  0.0222  0.0221
  0.0221  0.0221  0.0221  0.0222  0.0222  0.0223  0.0221  0.0221  0.0221  0.0221  0.0220  0.0220
  0.0220  0.0220  0.0220  0.0220  0.0220  0.0220  0.0220  0.0220  0.0220  0.0220  0.0220  0.0220
  0.0221  0.0221  0.0221  0.0220  0.0221  0.0220  0.0221  0.0221  0.0221  0.0221  0.0220  0.0220
  0.0224  0.0223  0.0222  0.0223  0.0224  0.0223  0.0223  0.0225  0.0222  0.0223  0.0222  0.0221
  0.0227  0.0226  0.0224  0.0229  0.0230  0.0231  0.0228  0.0231  0.0225  0.0227  0.0224  0.0223
niter,ni,del,rscale     1    3    5.0000    0.4000
parameters
    3.8043  -10.0126   11.7966   -7.2279  -21.5788   -7.8836
    0.0034   -0.7475   -1.8004   -7.5224   10.1024   11.0306
eta,q 0.97802 13.22799
  0.0224  0.0223  0.0223  0.0226  0.0226  0.0228  0.0225  0.0227  0.0223  0.0225  0.0222  0.0222
  0.0222  0.0221  0.0221  0.0223  0.0223  0.0224  0.0222  0.0223  0.0221  0.0222  0.0221  0.0221
  0.0220  0.0220  0.0220  0.0221  0.0221  0.0221  0.0220  0.0221  0.0220  0.0220  0.0220  0.0220
  0.0220  0.0220  0.0220  0.0220  0.0220  0.0220  0.0220  0.0220  0.0220  0.0220  0.0220  0.0220
  0.0221  0.0220  0.0220  0.0220  0.0220  0.0220  0.0220  0.0221  0.0220  0.0220  0.0220  0.0220
  0.0222  0.0222  0.0221  0.0222  0.0222  0.0222  0.0222  0.0223  0.0221  0.0222  0.0221  0.0221
  0.0225  0.0224  0.0222  0.0226  0.0226  0.0227  0.0225  0.0227  0.0223  0.0224  0.0222  0.0222
registration optimization eta report
parameter search radius
    0.8000    0.8000    0.8000    2.4000    2.4000    2.4000
    2.4000    2.4000    2.4000    2.4000    2.4000    2.4000
100000*second partial in parameter space
       70.       55.       40.       10.       11.       14.
        9.       13.        6.        8.        4.        3.
  0.0224  0.0223  0.0223  0.0226  0.0226  0.0228  0.0225  0.0227  0.0223  0.0225  0.0222  0.0222
  0.0222  0.0221  0.0221  0.0223  0.0223  0.0224  0.0222  0.0223  0.0221  0.0222  0.0221  0.0221
  0.0220  0.0220  0.0220  0.0221  0.0221  0.0221  0.0220  0.0221  0.0220  0.0220  0.0220  0.0220
  0.0220  0.0220  0.0220  0.0220  0.0220  0.0220  0.0220  0.0220  0.0220  0.0220  0.0220  0.0220
  0.0221  0.0220  0.0220  0.0220  0.0220  0.0220  0.0220  0.0221  0.0220  0.0220  0.0220  0.0220
  0.0222  0.0222  0.0221  0.0222  0.0222  0.0222  0.0222  0.0223  0.0221  0.0222  0.0221  0.0221
  0.0225  0.0224  0.0222  0.0226  0.0226  0.0227  0.0225  0.0227  0.0223  0.0224  0.0222  0.0222
    3.8043  -10.0126   11.7966   -7.2279  -21.5788   -7.8836
    0.0034   -0.7475   -1.8004   -7.5224   10.1024   11.0306
eta,q 0.97802 13.22799

---------------------------------------------------------------------
compute_vox2vox talsrcimg talsrcimg_to_711-2C_as_mni_average_305_t4 /opt/freesurfer/average/711-2C_as_mni_average_305
---------------------------------------------------------------------

freesurfer compute_vox2vox.c
Reading: talsrcimg.4dfp.ifh
Reading: talsrcimg_to_711-2C_as_mni_average_305_t4
Reading: /opt/freesurfer/average/711-2C_as_mni_average_305.4dfp.ifh
Writing: talsrcimg_to_711-2C_as_mni_average_305_t4_vox2vox.txt

start time Thu Mar 12 15:40:14 CET 2026
end		time Thu Mar 12 15:41:44 CET 2026

mpr2mni305 success

avi2talxfm orig_nu.mgz /opt/freesurfer/average/mni305.cor.mgz talsrcimg_to_711-2C_as_mni_average_305_t4_vox2vox.txt transforms/talairach.auto.xfm
avi2talxfm done
mv -f /out/sourcedata/freesurfer/sub-v1s20x0050299_ses-1/mri/talsrcimg_to_711-2C_as_mni_average_305_t4_vox2vox.txt /out/sourcedata/freesurfer/sub-v1s20x0050299_ses-1/mri/transforms/talsrcimg_to_711-2C_as_mni_average_305_t4_vox2vox.txt
lta_convert --src orig_nu.mgz --trg /opt/freesurfer/average/mni305.cor.mgz --inxfm transforms/talairach.auto.xfm --outlta transforms/talairach.auto.xfm.lta --subject fsaverage
7.3.2

--src: orig_nu.mgz src image (geometry).
--trg: /opt/freesurfer/average/mni305.cor.mgz trg image (geometry).
--inmni: transforms/talairach.auto.xfm input MNI/XFM transform.
--outlta: transforms/talairach.auto.xfm.lta output LTA.
--s: fsaverage subject name
 LTA read, type : 1
 1.07694   0.00864  -0.00126  -4.75328;
-0.11969   1.07229  -0.15082  -14.01004;
 0.01324   0.10306   1.26067   10.51799;
 0.00000   0.00000   0.00000   1.00000;
setting subject to fsaverage
Writing  LTA to file transforms/talairach.auto.xfm.lta...
lta_convert successful.
 
 
Started at Thu Mar 12 15:40:13 CET 2026
Ended   at Thu Mar 12 15:41:44 CET 2026
talairach_avi done
