status file for recon-all
Thu Mar 12 19:37:04 CET 2026
#@# Tessellate lh Thu Mar 12 19:37:04 CET 2026
#@# Smooth1 lh Thu Mar 12 19:37:06 CET 2026
#@# Inflation1 lh Thu Mar 12 19:37:09 CET 2026
#@# QSphere lh Thu Mar 12 19:37:23 CET 2026
#@# Fix Topology lh Thu Mar 12 19:38:15 CET 2026
#@# Smooth2 lh Thu Mar 12 19:45:30 CET 2026
#@# Inflation2 lh Thu Mar 12 19:45:32 CET 2026
#@# Curv .H and .K lh Thu Mar 12 19:45:48 CET 2026
#@# Sphere lh Thu Mar 12 19:46:30 CET 2026
#@# Surf Reg lh Thu Mar 12 19:52:02 CET 2026
#@# Jacobian white lh Thu Mar 12 19:57:54 CET 2026
#@# AvgCurv lh Thu Mar 12 19:57:55 CET 2026
#@# Cortical Parc lh Thu Mar 12 19:57:56 CET 2026
#@# white curv lh Thu Mar 12 20:04:37 CET 2026
#@# white area lh Thu Mar 12 20:04:38 CET 2026
#@# pial curv lh Thu Mar 12 20:04:39 CET 2026
#@# pial area lh Thu Mar 12 20:04:40 CET 2026
#@# thickness lh Thu Mar 12 20:04:41 CET 2026
#@# area and vertex vol lh Thu Mar 12 20:05:04 CET 2026
#@# Curvature Stats lh Thu Mar 12 20:05:05 CET 2026
#@# Cortical Parc 2 lh Thu Mar 12 20:05:07 CET 2026
#@# Cortical Parc 3 lh Thu Mar 12 20:05:19 CET 2026
#@# WM/GM Contrast lh Thu Mar 12 20:05:27 CET 2026
recon-all -s sub-v1s20x0050350_ses-1 finished without error at Thu Mar 12 20:05:30 CET 2026



#New# invocation of recon-all 



status file for recon-all
Thu Mar 12 20:33:44 CET 2026
#@# white curv lh Thu Mar 12 20:33:44 CET 2026
#@# white area lh Thu Mar 12 20:33:44 CET 2026
#@# pial curv lh Thu Mar 12 20:33:44 CET 2026
#@# pial area lh Thu Mar 12 20:33:44 CET 2026
#@# thickness lh Thu Mar 12 20:33:44 CET 2026
#@# area and vertex vol lh Thu Mar 12 20:33:44 CET 2026
#@# Parcellation Stats lh Thu Mar 12 20:33:44 CET 2026
#@# Parcellation Stats 2 lh Thu Mar 12 20:34:03 CET 2026
#@# Parcellation Stats 3 lh Thu Mar 12 20:34:12 CET 2026
#@# BA_exvivo Labels lh Thu Mar 12 20:34:22 CET 2026
recon-all -s sub-v1s20x0050350_ses-1 finished without error at Thu Mar 12 20:36:40 CET 2026
