/out/sourcedata/freesurfer/sub-v1s20x0050362_ses-1/mri
/opt/freesurfer/bin/talairach_avi
--i orig_nu.mgz --xfm transforms/talairach.auto.xfm
talairach_avi 7.3.2
Linux dna078 5.14.0-427.37.1.el9_4.x86_64 #1 SMP PREEMPT_DYNAMIC Fri Sep 13 12:41:50 EDT 2024 x86_64 x86_64 x86_64 GNU/Linux
Thu Mar 12 18:47:17 CET 2026
mri_convert orig_nu.mgz talsrcimg.img 
reading from orig_nu.mgz...
TR=0.00, TE=0.00, TI=0.00, flip angle=0.00
i_ras = (-1, 0, 0)
j_ras = (0, 0, -1)
k_ras = (0, 1, 0)
writing to talsrcimg.img...
Analyze Output Matrix
-1.00000   0.00000   0.00000   129.50781;
 0.00000   0.00000   1.00000  -128.49219;
 0.00000  -1.00000   0.00000   129.60004;
 0.00000   0.00000   0.00000   1.00000;
--------------------
INFO: set hdr.hist.orient to -1
mpr2mni305 talsrcimg
Thu Mar 12 18:47:18 CET 2026
/opt/freesurfer/bin/mpr2mni305 talsrcimg
mpr2mni305 7.3.2
target=711-2C_as_mni_average_305

---------------------------------------------------------------------
analyzeto4dfp talsrcimg -O0 -y
---------------------------------------------------------------------

freesurfer ifh2hdr.c
Thu Mar 12 18:47:18 2026
Writing: talsrcimg.4dfp.hdr
freesurfer analyzeto4dfp.c
Reading: talsrcimg.hdr
header size 348 bytes
hdr.dime.datatype	offset=70	value=2
hdr.dime.bitpix		offset=72	value=8
hdr.hist.orient		offset=252	value=-1
dimensionality     4
dimensions       256       256       256         1
Reading: talsrcimg.img
Writing: talsrcimg.4dfp.img
Writing: talsrcimg.4dfp.ifh
ifh2hdr talsrcimg -r0to244
ori=2

---------------------------------------------------------------------
gauss_4dfp talsrcimg 1.1
---------------------------------------------------------------------

freesurfer gauss_4dfp.c
Reading: talsrcimg.4dfp.img
Writing: talsrcimg_g11.4dfp.img
image dimensions 256 256 256 padded to 288 288 288
processing volume 1freesurfer ifh2hdr.c
Thu Mar 12 18:47:19 2026
Writing: talsrcimg_g11.4dfp.hdr

Writing: talsrcimg_g11.4dfp.ifh
including: talsrcimg.4dfp.img.rec in talsrcimg_g11.4dfp.img.rec

---------------------------------------------------------------------
imgreg_4dfp /opt/freesurfer/average/711-2C_as_mni_average_305 none talsrcimg_g11 none talsrcimg_to_711-2C_as_mni_average_305_t4 4355
---------------------------------------------------------------------

freesurfer imgreg_4dfp.c
/opt/freesurfer/average/711-2C_as_mni_average_305.4dfp.img
       256       256       256         1
  1.000000  1.000000  1.000000
orientation T byte_order littleendian
Reading image: /opt/freesurfer/average/711-2C_as_mni_average_305.4dfp.img
dimensions:      256       256       256
mmppix:       1.0000   -1.0000   -1.0000
center:     128.0000 -129.0000 -129.0000
talsrcimg_g11.4dfp.img
       256       256       256         1
  1.000000  1.000000  1.000000
orientation T byte_order littleendian
Reading image: talsrcimg_g11.4dfp.img
dimensions:      256       256       256
mmppix:       1.0000   -1.0000   -1.0000
center:     128.0000 -129.0000 -129.0000
t4_read: open error in t4_sub.f l:  41 t4_file(1:l)talsrcimg_to_711-2C_as_mni_average_305_t4 
t4_read: transform initialized to I4
rotation matrix determinant  1.000000
image alignment mode   4355 decimal     1103 hex
   -7.5000  -45.0000  -45.0000 8114.9126   22.3952
    0.0000  -45.0000  -45.0000 8573.7920   22.4004
    7.5000  -45.0000  -45.0000 8292.7988   22.3572
   -7.5000  -37.5000  -45.0000 8652.4521   22.3672
    0.0000  -37.5000  -45.0000 9126.0518   22.3742
    7.5000  -37.5000  -45.0000 8837.3994   22.3337
   -7.5000  -30.0000  -45.0000 9436.4443   22.3309
    0.0000  -30.0000  -45.0000 9955.8701   22.3424
    7.5000  -30.0000  -45.0000 9622.2305   22.3182
   -7.5000  -22.5000  -45.000010117.0518   22.3238
    0.0000  -22.5000  -45.000010683.1709   22.3378
    7.5000  -22.5000  -45.000010352.5908   22.3270
   -7.5000  -15.0000  -45.000010668.5508   22.3470
    0.0000  -15.0000  -45.000011301.2109   22.3591
    7.5000  -15.0000  -45.000010949.5928   22.3484
   -7.5000   -7.5000  -45.000011189.8008   22.3821
    0.0000   -7.5000  -45.000011829.2793   22.3899
    7.5000   -7.5000  -45.000011469.3916   22.3631
   -7.5000    0.0000  -45.000011648.2715   22.3952
    0.0000    0.0000  -45.000012335.6035   22.4004
    7.5000    0.0000  -45.000011945.1406   22.3572
   -7.5000    7.5000  -45.000011328.7910   22.3672
    0.0000    7.5000  -45.000011970.8525   22.3742
    7.5000    7.5000  -45.000011586.2471   22.3337
   -7.5000   15.0000  -45.000010946.3818   22.3309
    0.0000   15.0000  -45.000011537.6006   22.3424
    7.5000   15.0000  -45.000011170.8252   22.3182
   -7.5000   22.5000  -45.000010291.8252   22.3207
    0.0000   22.5000  -45.000010870.4033   22.3347
    7.5000   22.5000  -45.000010503.3555   22.3240
   -7.5000   30.0000  -45.0000 9437.0664   22.0492
    0.0000   30.0000  -45.0000 9988.8291   22.0611
    7.5000   30.0000  -45.0000 9642.6436   22.0506
   -7.5000   37.5000  -45.0000 8915.4727   22.0838
    0.0000   37.5000  -45.0000 9460.5684   22.0915
    7.5000   37.5000  -45.0000 9112.0410   22.0651
   -7.5000   45.0000  -45.0000 8066.5713   21.5356
    0.0000   45.0000  -45.0000 8561.5215   21.5407
    7.5000   45.0000  -45.0000 8229.2510   21.4991
   -7.5000  -45.0000  -37.5000 8661.6289   22.3484
    0.0000  -45.0000  -37.5000 9163.0068   22.3545
    7.5000  -45.0000  -37.5000 8862.0977   22.3130
   -7.5000  -37.5000  -37.5000 9210.3057   22.3294
    0.0000  -37.5000  -37.5000 9747.0186   22.3330
    7.5000  -37.5000  -37.5000 9429.1475   22.2986
   -7.5000  -30.0000  -37.500010001.4834   22.2923
    0.0000  -30.0000  -37.500010599.7852   22.2983
    7.5000  -30.0000  -37.500010246.6963   22.2879
   -7.5000  -22.5000  -37.500010694.3662   22.2744
    0.0000  -22.5000  -37.500011339.3027   22.2853
    7.5000  -22.5000  -37.500011007.7393   22.2928
   -7.5000  -15.0000  -37.500011261.8281   22.2869
    0.0000  -15.0000  -37.500011985.9951   22.3004
    7.5000  -15.0000  -37.500011650.4199   22.3051
   -7.5000   -7.5000  -37.500011832.2539   22.3238
    0.0000   -7.5000  -37.500012529.8359   22.3346
    7.5000   -7.5000  -37.500012170.9365   22.3146
   -7.5000    0.0000  -37.500012307.8232   22.3484
    0.0000    0.0000  -37.500013058.8213   22.3545
    7.5000    0.0000  -37.500012651.8838   22.3130
   -7.5000    7.5000  -37.500011951.1602   22.3294
    0.0000    7.5000  -37.500012676.1328   22.3330
    7.5000    7.5000  -37.500012281.2197   22.2986
   -7.5000   15.0000  -37.500011503.8271   22.2923
    0.0000   15.0000  -37.500012175.8838   22.2983
    7.5000   15.0000  -37.500011799.2412   22.2879
   -7.5000   22.5000  -37.500010774.1602   22.2714
    0.0000   22.5000  -37.500011406.0254   22.2823
    7.5000   22.5000  -37.500011051.4795   22.2897
   -7.5000   30.0000  -37.5000 9882.9365   21.9899
    0.0000   30.0000  -37.500010457.3906   22.0032
    7.5000   30.0000  -37.500010128.0781   22.0079
   -7.5000   37.5000  -37.5000 9318.1309   22.0263
    0.0000   37.5000  -37.5000 9878.3145   22.0370
    7.5000   37.5000  -37.5000 9544.2822   22.0172
   -7.5000   45.0000  -37.5000 8412.7832   21.4907
    0.0000   45.0000  -37.5000 8917.6807   21.4965
    7.5000   45.0000  -37.5000 8584.2666   21.4566
   -7.5000  -45.0000  -30.0000 9311.1602   23.2597
    0.0000  -45.0000  -30.0000 9861.6270   23.2550
    7.5000  -45.0000  -30.0000 9574.7031   23.2117
   -7.5000  -37.5000  -30.0000 9874.0576   23.2463
    0.0000  -37.5000  -30.000010477.9170   23.2370
    7.5000  -37.5000  -30.000010172.6113   23.2029
   -7.5000  -30.0000  -30.000010712.2031   23.2218
    0.0000  -30.0000  -30.000011361.6143   23.2119
    7.5000  -30.0000  -30.000011046.6709   23.2035
   -7.5000  -22.5000  -30.000011411.4209   23.2109
    0.0000  -22.5000  -30.000012143.2285   23.2053
    7.5000  -22.5000  -30.000011843.9990   23.2141
   -7.5000  -15.0000  -30.000012010.7217   23.2201
    0.0000  -15.0000  -30.000012809.8564   23.2196
    7.5000  -15.0000  -30.000012497.0293   23.2242
   -7.5000   -7.5000  -30.000012617.1650   23.2445
    0.0000   -7.5000  -30.000013400.6943   23.2443
    7.5000   -7.5000  -30.000013058.8203   23.2224
   -7.5000    0.0000  -30.000013160.3281   23.2597
    0.0000    0.0000  -30.000013980.4258   23.2550
    7.5000    0.0000  -30.000013603.4697   23.2117
   -7.5000    7.5000  -30.000012750.0020   23.2463
    0.0000    7.5000  -30.000013546.8652   23.2370
    7.5000    7.5000  -30.000013162.9336   23.2029
   -7.5000   15.0000  -30.000012211.7666   23.2218
    0.0000   15.0000  -30.000012967.1807   23.2119
    7.5000   15.0000  -30.000012597.3955   23.2035
   -7.5000   22.5000  -30.000011414.3955   23.2053
    0.0000   22.5000  -30.000012126.6016   23.1997
    7.5000   22.5000  -30.000011778.0459   23.2085
   -7.5000   30.0000  -30.000010457.2822   22.9128
    0.0000   30.0000  -30.000011099.4688   22.9124
    7.5000   30.0000  -30.000010774.0918   22.9169
   -7.5000   37.5000  -30.0000 9834.0254   22.9369
    0.0000   37.5000  -30.000010420.3193   22.9367
    7.5000   37.5000  -30.000010091.6279   22.9151
   -7.5000   45.0000  -30.0000 8858.4707   22.3834
    0.0000   45.0000  -30.0000 9359.1230   22.3789
    7.5000   45.0000  -30.0000 9045.6572   22.3373
   -7.5000  -45.0000  -22.5000 9964.3857   24.0846
    0.0000  -45.0000  -22.500010568.4150   24.0705
    7.5000  -45.0000  -22.500010278.6035   24.0252
   -7.5000  -37.5000  -22.500010527.9863   24.0683
    0.0000  -37.5000  -22.500011186.6865   24.0507
    7.5000  -37.5000  -22.500010883.0713   24.0105
   -7.5000  -30.0000  -22.500011403.3154   24.0598
    0.0000  -30.0000  -22.500012106.8857   24.0396
    7.5000  -30.0000  -22.500011803.0977   24.0168
   -7.5000  -22.5000  -22.500012148.7256   24.0686
    0.0000  -22.5000  -22.500012942.8047   24.0491
    7.5000  -22.5000  -22.500012650.0176   24.0384
   -7.5000  -15.0000  -22.500012785.6904   24.0849
    0.0000  -15.0000  -22.500013553.3574   24.0697
    7.5000  -15.0000  -22.500013274.1699   24.0576
   -7.5000   -7.5000  -22.500013397.4453   24.0927
    0.0000   -7.5000  -22.500014179.3545   24.0799
    7.5000   -7.5000  -22.500013867.4736   24.0508
   -7.5000    0.0000  -22.500013965.6709   24.0846
    0.0000    0.0000  -22.500014827.6182   24.0705
    7.5000    0.0000  -22.500014443.5391   24.0252
   -7.5000    7.5000  -22.500013517.2139   24.0683
    0.0000    7.5000  -22.500014360.0703   24.0507
    7.5000    7.5000  -22.500013973.6133   24.0105
   -7.5000   15.0000  -22.500012904.1611   24.0598
    0.0000   15.0000  -22.500013707.4971   24.0396
    7.5000   15.0000  -22.500013327.9668   24.0168
   -7.5000   22.5000  -22.500012068.0967   24.0612
    0.0000   22.5000  -22.500012808.8994   24.0417
    7.5000   22.5000  -22.500012461.3955   24.0310
   -7.5000   30.0000  -22.500011033.4619   23.7699
    0.0000   30.0000  -22.500011734.3271   23.7549
    7.5000   30.0000  -22.500011407.7754   23.7429
   -7.5000   37.5000  -22.500010331.8086   23.7775
    0.0000   37.5000  -22.500010945.8652   23.7650
    7.5000   37.5000  -22.500010633.5332   23.7362
   -7.5000   45.0000  -22.5000 9278.2568   23.1947
    0.0000   45.0000  -22.5000 9798.1709   23.1811
    7.5000   45.0000  -22.5000 9484.1992   23.1374
   -7.5000  -45.0000  -15.000010583.6279   24.7080
    0.0000  -45.0000  -15.000011226.0381   24.6938
    7.5000  -45.0000  -15.000010929.2227   24.6485
   -7.5000  -37.5000  -15.000011170.0088   24.6835
    0.0000  -37.5000  -15.000011853.2402   24.6701
    7.5000  -37.5000  -15.000011543.9893   24.6248
   -7.5000  -30.0000  -15.000012097.2959   24.6778
    0.0000  -30.0000  -15.000012844.4248   24.6636
    7.5000  -30.0000  -15.000012524.0869   24.6278
   -7.5000  -22.5000  -15.000012864.8779   24.6980
    0.0000  -22.5000  -15.000013716.2676   24.6817
    7.5000  -22.5000  -15.000013402.5850   24.6542
   -7.5000  -15.0000  -15.000013556.3564   24.7246
    0.0000  -15.0000  -15.000014281.5605   24.7082
    7.5000  -15.0000  -15.000013960.2246   24.6832
   -7.5000   -7.5000  -15.000014150.6855   24.7290
    0.0000   -7.5000  -15.000014921.5459   24.7139
    7.5000   -7.5000  -15.000014558.6924   24.6805
   -7.5000    0.0000  -15.000014729.0000   24.7080
    0.0000    0.0000  -15.000015610.8877   24.6938
    7.5000    0.0000  -15.000015185.6709   24.6485
   -7.5000    7.5000  -15.000014233.9082   24.6835
    0.0000    7.5000  -15.000015082.4609   24.6701
    7.5000    7.5000  -15.000014680.5391   24.6248
   -7.5000   15.0000  -15.000013550.7119   24.6778
    0.0000   15.0000  -15.000014363.5186   24.6636
    7.5000   15.0000  -15.000013979.2900   24.6278
   -7.5000   22.5000  -15.000012636.0557   24.6893
    0.0000   22.5000  -15.000013407.2529   24.6729
    7.5000   22.5000  -15.000013063.5430   24.6455
   -7.5000   30.0000  -15.000011555.8682   24.4046
    0.0000   30.0000  -15.000012286.7656   24.3884
    7.5000   30.0000  -15.000011955.0547   24.3638
   -7.5000   37.5000  -15.000010837.8994   24.4090
    0.0000   37.5000  -15.000011483.5879   24.3940
    7.5000   37.5000  -15.000011168.6475   24.3610
   -7.5000   45.0000  -15.0000 9670.1172   23.8094
    0.0000   45.0000  -15.000010207.5811   23.7957
    7.5000   45.0000  -15.0000 9923.5439   23.7520
   -7.5000  -45.0000   -7.500011221.7930   25.0242
    0.0000  -45.0000   -7.500011875.0977   25.0187
    7.5000  -45.0000   -7.500011562.9248   24.9714
   -7.5000  -37.5000   -7.500011859.7422   24.9920
    0.0000  -37.5000   -7.500012553.9414   24.9904
    7.5000  -37.5000   -7.500012190.3184   24.9429
   -7.5000  -30.0000   -7.500012883.1543   24.9697
    0.0000  -30.0000   -7.500013677.3154   24.9717
    7.5000  -30.0000   -7.500013368.9053   24.9346
   -7.5000  -22.5000   -7.500013693.4033   24.9812
    0.0000  -22.5000   -7.500014522.8604   24.9823
    7.5000  -22.5000   -7.500014198.1846   24.9549
   -7.5000  -15.0000   -7.500014382.2812   25.0129
    0.0000  -15.0000   -7.500015050.6660   25.0102
    7.5000  -15.0000   -7.500014649.7510   24.9851
   -7.5000   -7.5000   -7.500014978.9590   25.0337
    0.0000   -7.5000   -7.500015716.9189   25.0279
    7.5000   -7.5000   -7.500015247.6992   24.9934
   -7.5000    0.0000   -7.500015535.4668   25.0242
    0.0000    0.0000   -7.500016386.0039   25.0187
    7.5000    0.0000   -7.500015892.3926   24.9714
   -7.5000    7.5000   -7.500015002.0928   24.9920
    0.0000    7.5000   -7.500015822.6182   24.9904
    7.5000    7.5000   -7.500015369.0332   24.9429
   -7.5000   15.0000   -7.500014247.0781   24.9697
    0.0000   15.0000   -7.500015041.6357   24.9717
    7.5000   15.0000   -7.500014635.0439   24.9346
   -7.5000   22.5000   -7.500013249.8203   24.9697
    0.0000   22.5000   -7.500014032.6807   24.9707
    7.5000   22.5000   -7.500013664.2627   24.9434
   -7.5000   30.0000   -7.500012116.5312   24.6885
    0.0000   30.0000   -7.500012850.3721   24.6858
    7.5000   30.0000   -7.500012502.6865   24.6611
   -7.5000   37.5000   -7.500011409.4893   24.7090
    0.0000   37.5000   -7.500012041.6250   24.7033
    7.5000   37.5000   -7.500011701.9902   24.6693
   -7.5000   45.0000   -7.500010127.2998   24.1186
    0.0000   45.0000   -7.500010679.8926   24.1133
    7.5000   45.0000   -7.500010384.2168   24.0678
   -7.5000  -45.0000    0.000011746.4219   25.0608
    0.0000  -45.0000    0.000012383.4346   25.0667
    7.5000  -45.0000    0.000012010.8418   25.0183
   -7.5000  -37.5000    0.000012426.9316   25.0295
    0.0000  -37.5000    0.000013103.0469   25.0373
    7.5000  -37.5000    0.000012752.2559   24.9920
   -7.5000  -30.0000    0.000013504.3916   24.9889
    0.0000  -30.0000    0.000014350.7881   25.0018
    7.5000  -30.0000    0.000014055.9746   24.9746
   -7.5000  -22.5000    0.000014425.2246   24.9809
    0.0000  -22.5000    0.000015196.1699   24.9966
    7.5000  -22.5000    0.000014711.6592   24.9845
   -7.5000  -15.0000    0.000015137.8613   25.0069
    0.0000  -15.0000    0.000015601.7100   25.0204
    7.5000  -15.0000    0.000015072.6328   25.0085
   -7.5000   -7.5000    0.000015752.5693   25.0462
    0.0000   -7.5000    0.000016279.1982   25.0549
    7.5000   -7.5000    0.000015735.5273   25.0249
   -7.5000    0.0000    0.000016321.4834   25.0608
    0.0000    0.0000    0.000016990.3789   25.0667
    7.5000    0.0000    0.000016475.2012   25.0183
   -7.5000    7.5000    0.000015720.3203   25.0295
    0.0000    7.5000    0.000016443.6055   25.0373
    7.5000    7.5000    0.000015970.9824   24.9920
   -7.5000   15.0000    0.000014895.9473   24.9889
    0.0000   15.0000    0.000015633.4648   25.0018
    7.5000   15.0000    0.000015183.4111   24.9746
   -7.5000   22.5000    0.000013842.5156   24.9694
    0.0000   22.5000    0.000014594.8750   24.9851
    7.5000   22.5000    0.000014162.0732   24.9730
   -7.5000   30.0000    0.000012660.7188   24.6833
    0.0000   30.0000    0.000013369.8516   24.6966
    7.5000   30.0000    0.000012976.8887   24.6849
   -7.5000   37.5000    0.000011897.6377   24.7220
    0.0000   37.5000    0.000012498.7471   24.7306
    7.5000   37.5000    0.000012124.9766   24.7010
   -7.5000   45.0000    0.000010571.2568   24.1557
    0.0000   45.0000    0.000011079.6729   24.1614
    7.5000   45.0000    0.000010747.7012   24.1147
   -7.5000  -45.0000    7.500011348.5801   25.0085
    0.0000  -45.0000    7.500011979.1914   25.0152
    7.5000  -45.0000    7.500011640.3799   24.9688
   -7.5000  -37.5000    7.500012015.6426   24.9872
    0.0000  -37.5000    7.500012653.7012   24.9912
    7.5000  -37.5000    7.500012327.1748   24.9528
   -7.5000  -30.0000    7.500013046.8213   24.9457
    0.0000  -30.0000    7.500013774.3711   24.9524
    7.5000  -30.0000    7.500013359.2822   24.9408
   -7.5000  -22.5000    7.500013971.4512   24.9257
    0.0000  -22.5000    7.500014613.1670   24.9379
    7.5000  -22.5000    7.500014058.5615   24.9462
   -7.5000  -15.0000    7.500014717.7344   24.9397
    0.0000  -15.0000    7.500015093.1328   24.9547
    7.5000  -15.0000    7.500014566.7402   24.9600
   -7.5000   -7.5000    7.500015347.3867   24.9809
    0.0000   -7.5000    7.500015710.5215   24.9930
    7.5000   -7.5000    7.500015226.9072   24.9706
   -7.5000    0.0000    7.500015936.9150   25.0085
    0.0000    0.0000    7.500016423.7969   25.0152
    7.5000    0.0000    7.500015920.5938   24.9688
   -7.5000    7.5000    7.500015400.1074   24.9872
    0.0000    7.5000    7.500015979.1934   24.9912
    7.5000    7.5000    7.500015447.0654   24.9528
   -7.5000   15.0000    7.500014550.3438   24.9457
    0.0000   15.0000    7.500015176.5342   24.9524
    7.5000   15.0000    7.500014648.3662   24.9408
   -7.5000   22.5000    7.500013456.9424   24.9142
    0.0000   22.5000    7.500014100.1289   24.9264
    7.5000   22.5000    7.500013594.3818   24.9347
   -7.5000   30.0000    7.500012274.2305   24.6169
    0.0000   30.0000    7.500012919.9678   24.6317
    7.5000   30.0000    7.500012449.8037   24.6370
   -7.5000   37.5000    7.500011500.4033   24.6576
    0.0000   37.5000    7.500012071.5430   24.6696
    7.5000   37.5000    7.500011628.3320   24.6474
   -7.5000   45.0000    7.500010177.9453   24.1053
    0.0000   45.0000    7.500010676.3359   24.1118
    7.5000   45.0000    7.500010310.0879   24.0671
   -7.5000  -45.0000   15.000010793.1123   24.9770
    0.0000  -45.0000   15.000011386.8174   24.9721
    7.5000  -45.0000   15.000011109.4756   24.9256
   -7.5000  -37.5000   15.000011415.6992   24.9627
    0.0000  -37.5000   15.000012044.6963   24.9527
    7.5000  -37.5000   15.000011728.5234   24.9161
   -7.5000  -30.0000   15.000012400.8672   24.9364
    0.0000  -30.0000   15.000013079.0986   24.9257
    7.5000  -30.0000   15.000012638.7354   24.9167
   -7.5000  -22.5000   15.000013281.1562   24.9246
    0.0000  -22.5000   15.000013930.3691   24.9187
    7.5000  -22.5000   15.000013384.9648   24.9281
   -7.5000  -15.0000   15.000013993.6533   24.9345
    0.0000  -15.0000   15.000014613.7949   24.9341
    7.5000  -15.0000   15.000014080.6982   24.9389
   -7.5000   -7.5000   15.000014652.0000   24.9607
    0.0000   -7.5000   15.000015289.4688   24.9605
    7.5000   -7.5000   15.000014710.2070   24.9370
   -7.5000    0.0000   15.000015191.3477   24.9770
    0.0000    0.0000   15.000015897.9668   24.9721
    7.5000    0.0000   15.000015261.8633   24.9256
   -7.5000    7.5000   15.000014685.0586   24.9627
    0.0000    7.5000   15.000015330.0850   24.9527
    7.5000    7.5000   15.000014722.5146   24.9161
   -7.5000   15.0000   15.000013867.3242   24.9364
    0.0000   15.0000   15.000014472.2695   24.9257
    7.5000   15.0000   15.000013930.0830   24.9167
   -7.5000   22.5000   15.000012812.9297   24.9132
    0.0000   22.5000   15.000013355.4365   24.9072
    7.5000   22.5000   15.000012898.2627   24.9166
   -7.5000   30.0000   15.000011712.2139   24.6118
    0.0000   30.0000   15.000012191.9658   24.6114
    7.5000   30.0000   15.000011751.6758   24.6162
   -7.5000   37.5000   15.000010946.9385   24.6377
    0.0000   37.5000   15.000011413.1553   24.6375
    7.5000   37.5000   15.000010997.8770   24.6143
   -7.5000   45.0000   15.0000 9695.9473   24.0750
    0.0000   45.0000   15.000010146.8428   24.0702
    7.5000   45.0000   15.0000 9751.3428   24.0254
   -7.5000  -45.0000   22.500010092.2520   25.0018
    0.0000  -45.0000   22.500010714.7080   24.9871
    7.5000  -45.0000   22.500010433.4180   24.9401
   -7.5000  -37.5000   22.500010673.7051   24.9848
    0.0000  -37.5000   22.500011333.8018   24.9666
    7.5000  -37.5000   22.500010999.2236   24.9249
   -7.5000  -30.0000   22.500011608.4316   24.9760
    0.0000  -30.0000   22.500012273.1953   24.9550
    7.5000  -30.0000   22.500011847.3389   24.9314
   -7.5000  -22.5000   22.500012446.6934   24.9852
    0.0000  -22.5000   22.500013075.3359   24.9650
    7.5000  -22.5000   22.500012623.7881   24.9538
   -7.5000  -15.0000   22.500013125.6455   25.0021
    0.0000  -15.0000   22.500013763.0889   24.9863
    7.5000  -15.0000   22.500013309.1279   24.9738
   -7.5000   -7.5000   22.500013730.6504   25.0101
    0.0000   -7.5000   22.500014376.8906   24.9969
    7.5000   -7.5000   22.500013864.7324   24.9667
   -7.5000    0.0000   22.500014254.4395   25.0018
    0.0000    0.0000   22.500014937.0752   24.9871
    7.5000    0.0000   22.500014379.6934   24.9401
   -7.5000    7.5000   22.500013751.5498   24.9848
    0.0000    7.5000   22.500014400.9658   24.9666
    7.5000    7.5000   22.500013854.1289   24.9249
   -7.5000   15.0000   22.500012990.9512   24.9760
    0.0000   15.0000   22.500013597.7705   24.9550
    7.5000   15.0000   22.500013092.6543   24.9314
   -7.5000   22.5000   22.500012036.6133   24.9736
    0.0000   22.5000   22.500012559.1748   24.9535
    7.5000   22.5000   22.500012111.1172   24.9423
   -7.5000   30.0000   22.500010990.5020   24.6786
    0.0000   30.0000   22.500011435.7783   24.6630
    7.5000   30.0000   22.500011006.9580   24.6506
   -7.5000   37.5000   22.500010291.9844   24.6865
    0.0000   37.5000   22.500010686.6963   24.6734
    7.5000   37.5000   22.500010269.2715   24.6436
   -7.5000   45.0000   22.5000 9158.7607   24.0989
    0.0000   45.0000   22.5000 9501.1738   24.0847
    7.5000   45.0000   22.5000 9112.4746   24.0394
   -7.5000  -45.0000   30.0000 9304.6738   25.1055
    0.0000  -45.0000   30.0000 9879.7119   25.0916
    7.5000  -45.0000   30.0000 9611.3682   25.0454
   -7.5000  -37.5000   30.0000 9834.5850   25.0807
    0.0000  -37.5000   30.000010415.1299   25.0677
    7.5000  -37.5000   30.000010123.8740   25.0215
   -7.5000  -30.0000   30.000010681.1006   25.0748
    0.0000  -30.0000   30.000011243.6699   25.0609
    7.5000  -30.0000   30.000010910.3916   25.0244
   -7.5000  -22.5000   30.000011425.4795   25.0951
    0.0000  -22.5000   30.000011989.2354   25.0790
    7.5000  -22.5000   30.000011627.3496   25.0509
   -7.5000  -15.0000   30.000012037.0371   25.1220
    0.0000  -15.0000   30.000012633.5137   25.1057
    7.5000  -15.0000   30.000012244.0127   25.0801
   -7.5000   -7.5000   30.000012614.7275   25.1266
    0.0000   -7.5000   30.000013211.2148   25.1116
    7.5000   -7.5000   30.000012791.3584   25.0775
   -7.5000    0.0000   30.000013134.5869   25.1055
    0.0000    0.0000   30.000013731.1279   25.0916
    7.5000    0.0000   30.000013242.8574   25.0454
   -7.5000    7.5000   30.000012706.3223   25.0807
    0.0000    7.5000   30.000013276.3691   25.0677
    7.5000    7.5000   30.000012816.8145   25.0215
   -7.5000   15.0000   30.000012020.2861   25.0748
    0.0000   15.0000   30.000012558.7998   25.0609
    7.5000   15.0000   30.000012119.4102   25.0244
   -7.5000   22.5000   30.000011143.1807   25.0836
    0.0000   22.5000   30.000011628.5488   25.0674
    7.5000   22.5000   30.000011204.1328   25.0394
   -7.5000   30.0000   30.000010161.1426   24.7969
    0.0000   30.0000   30.000010569.1719   24.7808
    7.5000   30.0000   30.000010195.3711   24.7556
   -7.5000   37.5000   30.0000 9505.3398   24.8014
    0.0000   37.5000   30.0000 9888.6992   24.7866
    7.5000   37.5000   30.0000 9517.2188   24.7530
   -7.5000   45.0000   30.0000 8446.7422   24.1988
    0.0000   45.0000   30.0000 8770.5332   24.1854
    7.5000   45.0000   30.0000 8449.8633   24.1408
   -7.5000  -45.0000   37.5000 8882.2256   25.4321
    0.0000  -45.0000   37.5000 9415.8516   25.4281
    7.5000  -45.0000   37.5000 9178.2109   25.3775
   -7.5000  -37.5000   37.5000 9370.0439   25.3968
    0.0000  -37.5000   37.5000 9905.1377   25.3967
    7.5000  -37.5000   37.5000 9633.2588   25.3460
   -7.5000  -30.0000   37.500010138.6299   25.3728
    0.0000  -30.0000   37.500010656.3740   25.3764
    7.5000  -30.0000   37.500010379.1533   25.3366
   -7.5000  -22.5000   37.500010838.9795   25.3861
    0.0000  -22.5000   37.500011346.0430   25.3887
    7.5000  -22.5000   37.500011059.3867   25.3590
   -7.5000  -15.0000   37.500011430.1699   25.4211
    0.0000  -15.0000   37.500011960.1182   25.4198
    7.5000  -15.0000   37.500011628.1143   25.3925
   -7.5000   -7.5000   37.500012010.6826   25.4432
    0.0000   -7.5000   37.500012546.1748   25.4388
    7.5000   -7.5000   37.500012180.3711   25.4016
   -7.5000    0.0000   37.500012527.2754   25.4321
    0.0000    0.0000   37.500013085.2129   25.4281
    7.5000    0.0000   37.500012675.1367   25.3775
   -7.5000    7.5000   37.500012115.1602   25.3968
    0.0000    7.5000   37.500012664.6494   25.3967
    7.5000    7.5000   37.500012276.4395   25.3460
   -7.5000   15.0000   37.500011451.9482   25.3728
    0.0000   15.0000   37.500011983.8594   25.3764
    7.5000   15.0000   37.500011586.9863   25.3366
   -7.5000   22.5000   37.500010598.3350   25.3744
    0.0000   22.5000   37.500011083.0156   25.3770
    7.5000   22.5000   37.500010721.6934   25.3473
   -7.5000   30.0000   37.5000 9682.0605   25.0921
    0.0000   30.0000   37.500010105.5527   25.0908
    7.5000   30.0000   37.5000 9774.1387   25.0638
   -7.5000   37.5000   37.5000 9093.8916   25.1139
    0.0000   37.5000   37.5000 9477.8682   25.1096
    7.5000   37.5000   37.5000 9116.0635   25.0728
   -7.5000   45.0000   37.5000 8073.7295   24.5136
    0.0000   45.0000   37.5000 8420.4434   24.5097
    7.5000   45.0000   37.5000 8094.2515   24.4610
   -7.5000  -45.0000   45.0000 8114.1860   25.8746
    0.0000  -45.0000   45.0000 8603.9717   25.8829
    7.5000  -45.0000   45.0000 8405.3018   25.8291
   -7.5000  -37.5000   45.0000 8561.6885   25.8403
    0.0000  -37.5000   45.0000 9022.9141   25.8502
    7.5000  -37.5000   45.0000 8799.1504   25.7994
   -7.5000  -30.0000   45.0000 9252.9219   25.7990
    0.0000  -30.0000   45.0000 9709.7256   25.8134
    7.5000  -30.0000   45.0000 9468.0078   25.7822
   -7.5000  -22.5000   45.0000 9855.0586   25.7939
    0.0000  -22.5000   45.000010321.3135   25.8108
    7.5000  -22.5000   45.000010068.8926   25.7962
   -7.5000  -15.0000   45.000010394.2695   25.8232
    0.0000  -15.0000   45.000010884.9023   25.8381
    7.5000  -15.0000   45.000010582.4014   25.8241
   -7.5000   -7.5000   45.000010923.2031   25.8625
    0.0000   -7.5000   45.000011403.5791   25.8734
    7.5000   -7.5000   45.000011105.1182   25.8399
   -7.5000    0.0000   45.000011431.9912   25.8746
    0.0000    0.0000   45.000011926.1230   25.8829
    7.5000    0.0000   45.000011607.7451   25.8291
   -7.5000    7.5000   45.000011046.6455   25.8403
    0.0000    7.5000   45.000011586.8975   25.8502
    7.5000    7.5000   45.000011248.1396   25.7994
   -7.5000   15.0000   45.000010448.1758   25.7990
    0.0000   15.0000   45.000010951.2363   25.8134
    7.5000   15.0000   45.000010629.7275   25.7822
   -7.5000   22.5000   45.0000 9671.4375   25.7820
    0.0000   22.5000   45.000010118.7256   25.7988
    7.5000   22.5000   45.0000 9829.4521   25.7842
   -7.5000   30.0000   45.0000 8844.1016   25.4867
    0.0000   30.0000   45.0000 9264.5820   25.5015
    7.5000   30.0000   45.0000 8981.7510   25.4877
   -7.5000   37.5000   45.0000 8293.0264   25.5256
    0.0000   37.5000   45.0000 8667.5264   25.5363
    7.5000   37.5000   45.0000 8366.2256   25.5032
   -7.5000   45.0000   45.0000 7376.2222   24.9514
    0.0000   45.0000   45.0000 7712.6265   24.9595
    7.5000   45.0000   45.0000 7431.4209   24.9076

---------------------------------------------------------------------
imgreg_4dfp /opt/freesurfer/average/711-2C_as_mni_average_305 /opt/freesurfer/average/711-2B_as_mni_average_305_mask talsrcimg_g11 none talsrcimg_to_711-2C_as_mni_average_305_t4 4355
---------------------------------------------------------------------

freesurfer imgreg_4dfp.c
/opt/freesurfer/average/711-2C_as_mni_average_305.4dfp.img
       256       256       256         1
  1.000000  1.000000  1.000000
orientation T byte_order littleendian
Reading image: /opt/freesurfer/average/711-2C_as_mni_average_305.4dfp.img
dimensions:      256       256       256
mmppix:       1.0000   -1.0000   -1.0000
center:     128.0000 -129.0000 -129.0000
/opt/freesurfer/average/711-2B_as_mni_average_305_mask.4dfp.img
       256       256       256         1
  1.000000  1.000000  1.000000
orientation T byte_order littleendian
Reading mask: /opt/freesurfer/average/711-2B_as_mni_average_305_mask.4dfp.img (2306576 pixels)
talsrcimg_g11.4dfp.img
       256       256       256         1
  1.000000  1.000000  1.000000
orientation T byte_order littleendian
Reading image: talsrcimg_g11.4dfp.img
dimensions:      256       256       256
mmppix:       1.0000   -1.0000   -1.0000
center:     128.0000 -129.0000 -129.0000
rotation matrix determinant  1.000000
image alignment mode   4355 decimal     1103 hex
   -7.5000  -45.0000  -45.0000 2106.0881   23.1729
    0.0000  -45.0000  -45.0000 2129.6057   22.8703
    7.5000  -45.0000  -45.0000 2123.4678   22.8856
   -7.5000  -37.5000  -45.0000 2196.0789   21.2789
    0.0000  -37.5000  -45.0000 2217.5391   21.0255
    7.5000  -37.5000  -45.0000 2214.9836   21.0974
   -7.5000  -30.0000  -45.0000 2258.3696   19.9156
    0.0000  -30.0000  -45.0000 2277.1423   19.6278
    7.5000  -30.0000  -45.0000 2275.1682   19.7003
   -7.5000  -22.5000  -45.0000 2296.3855   18.9459
    0.0000  -22.5000  -45.0000 2317.0571   18.6836
    7.5000  -22.5000  -45.0000 2317.0000   18.7044
   -7.5000  -15.0000  -45.0000 2309.8237   18.4836
    0.0000  -15.0000  -45.0000 2334.8684   18.1853
    7.5000  -15.0000  -45.0000 2334.3025   18.1903
   -7.5000   -7.5000  -45.0000 2302.9102   18.4594
    0.0000   -7.5000  -45.0000 2327.3733   18.0935
    7.5000   -7.5000  -45.0000 2332.3923   18.1100
   -7.5000    0.0000  -45.0000 2279.3931   18.8428
    0.0000    0.0000  -45.0000 2307.2483   18.4490
    7.5000    0.0000  -45.0000 2313.3042   18.4122
   -7.5000    7.5000  -45.0000 2240.1199   19.5321
    0.0000    7.5000  -45.0000 2269.9827   19.0704
    7.5000    7.5000  -45.0000 2272.5803   19.0489
   -7.5000   15.0000  -45.0000 2181.9399   20.6536
    0.0000   15.0000  -45.0000 2207.5229   20.1444
    7.5000   15.0000  -45.0000 2214.6145   20.1082
   -7.5000   22.5000  -45.0000 2097.7029   22.3227
    0.0000   22.5000  -45.0000 2131.0076   21.7787
    7.5000   22.5000  -45.0000 2135.3777   21.7565
   -7.5000   30.0000  -45.0000 1990.0347   24.5926
    0.0000   30.0000  -45.0000 2022.8340   24.0465
    7.5000   30.0000  -45.0000 2030.2454   23.9977
   -7.5000   37.5000  -45.0000 1873.4913   27.6902
    0.0000   37.5000  -45.0000 1908.9344   27.0528
    7.5000   37.5000  -45.0000 1913.6593   26.9218
   -7.5000   45.0000  -45.0000 1743.5455   31.6583
    0.0000   45.0000  -45.0000 1772.2775   30.9702
    7.5000   45.0000  -45.0000 1775.4188   30.8137
   -7.5000  -45.0000  -37.5000 2188.9451   21.3740
    0.0000  -45.0000  -37.5000 2215.1846   21.0603
    7.5000  -45.0000  -37.5000 2208.9731   21.1144
   -7.5000  -37.5000  -37.5000 2287.0605   19.6095
    0.0000  -37.5000  -37.5000 2311.6868   19.3699
    7.5000  -37.5000  -37.5000 2305.9294   19.4327
   -7.5000  -30.0000  -37.5000 2348.0522   18.3203
    0.0000  -30.0000  -37.5000 2374.1328   18.1252
    7.5000  -30.0000  -37.5000 2369.4575   18.1817
   -7.5000  -22.5000  -37.5000 2387.6997   17.4720
    0.0000  -22.5000  -37.5000 2412.7727   17.1994
    7.5000  -22.5000  -37.5000 2414.3726   17.2415
   -7.5000  -15.0000  -37.5000 2411.1226   16.9907
    0.0000  -15.0000  -37.5000 2436.6997   16.7041
    7.5000  -15.0000  -37.5000 2435.4736   16.7042
   -7.5000   -7.5000  -37.5000 2414.4172   17.0126
    0.0000   -7.5000  -37.5000 2441.6887   16.6270
    7.5000   -7.5000  -37.5000 2445.1980   16.6658
   -7.5000    0.0000  -37.5000 2387.3950   17.4193
    0.0000    0.0000  -37.5000 2421.9648   17.0171
    7.5000    0.0000  -37.5000 2425.6335   16.9759
   -7.5000    7.5000  -37.5000 2347.7734   18.1361
    0.0000    7.5000  -37.5000 2387.1978   17.6889
    7.5000    7.5000  -37.5000 2388.6973   17.6255
   -7.5000   15.0000  -37.5000 2280.1189   19.2299
    0.0000   15.0000  -37.5000 2319.3418   18.7647
    7.5000   15.0000  -37.5000 2320.9683   18.7167
   -7.5000   22.5000  -37.5000 2186.6484   20.7629
    0.0000   22.5000  -37.5000 2224.0125   20.2999
    7.5000   22.5000  -37.5000 2229.0439   20.2683
   -7.5000   30.0000  -37.5000 2070.3396   22.9007
    0.0000   30.0000  -37.5000 2104.2209   22.4024
    7.5000   30.0000  -37.5000 2112.8789   22.3543
   -7.5000   37.5000  -37.5000 1942.3077   25.7203
    0.0000   37.5000  -37.5000 1976.8979   25.1362
    7.5000   37.5000  -37.5000 1982.5813   25.0733
   -7.5000   45.0000  -37.5000 1803.2665   29.3806
    0.0000   45.0000  -37.5000 1836.6978   28.7893
    7.5000   45.0000  -37.5000 1839.5082   28.6096
   -7.5000  -45.0000  -30.0000 2301.4199   20.4918
    0.0000  -45.0000  -30.0000 2331.3691   20.1733
    7.5000  -45.0000  -30.0000 2327.5859   20.2621
   -7.5000  -37.5000  -30.0000 2405.5046   18.8009
    0.0000  -37.5000  -30.0000 2433.7437   18.4965
    7.5000  -37.5000  -30.0000 2428.6160   18.5836
   -7.5000  -30.0000  -30.0000 2480.0356   17.5899
    0.0000  -30.0000  -30.0000 2508.8315   17.2862
    7.5000  -30.0000  -30.0000 2503.3721   17.3295
   -7.5000  -22.5000  -30.0000 2521.9155   16.7504
    0.0000  -22.5000  -30.0000 2551.3765   16.4419
    7.5000  -22.5000  -30.0000 2558.3450   16.4748
   -7.5000  -15.0000  -30.0000 2549.3379   16.2883
    0.0000  -15.0000  -30.0000 2585.8184   15.9441
    7.5000  -15.0000  -30.0000 2587.8579   15.9554
   -7.5000   -7.5000  -30.0000 2565.5366   16.3002
    0.0000   -7.5000  -30.0000 2600.2554   15.8581
    7.5000   -7.5000  -30.0000 2603.1389   15.8604
   -7.5000    0.0000  -30.0000 2544.5317   16.7067
    0.0000    0.0000  -30.0000 2586.3975   16.2832
    7.5000    0.0000  -30.0000 2588.5264   16.2227
   -7.5000    7.5000  -30.0000 2496.5481   17.4652
    0.0000    7.5000  -30.0000 2541.3032   17.0259
    7.5000    7.5000  -30.0000 2543.8108   16.9566
   -7.5000   15.0000  -30.0000 2415.2446   18.5838
    0.0000   15.0000  -30.0000 2461.0742   18.1071
    7.5000   15.0000  -30.0000 2464.1685   18.0613
   -7.5000   22.5000  -30.0000 2310.0476   20.1457
    0.0000   22.5000  -30.0000 2352.2429   19.6099
    7.5000   22.5000  -30.0000 2361.3557   19.5686
   -7.5000   30.0000  -30.0000 2182.2434   22.1251
    0.0000   30.0000  -30.0000 2220.6396   21.6070
    7.5000   30.0000  -30.0000 2227.3445   21.6041
   -7.5000   37.5000  -30.0000 2040.8501   24.8152
    0.0000   37.5000  -30.0000 2073.0344   24.2643
    7.5000   37.5000  -30.0000 2078.9932   24.1917
   -7.5000   45.0000  -30.0000 1893.3427   28.2694
    0.0000   45.0000  -30.0000 1925.4229   27.6607
    7.5000   45.0000  -30.0000 1927.8667   27.5942
   -7.5000  -45.0000  -22.5000 2381.9634   19.7070
    0.0000  -45.0000  -22.5000 2411.6113   19.2945
    7.5000  -45.0000  -22.5000 2411.5056   19.3136
   -7.5000  -37.5000  -22.5000 2490.8501   18.0137
    0.0000  -37.5000  -22.5000 2523.3181   17.6264
    7.5000  -37.5000  -22.5000 2520.7202   17.6618
   -7.5000  -30.0000  -22.5000 2573.5330   16.7954
    0.0000  -30.0000  -22.5000 2611.0278   16.4119
    7.5000  -30.0000  -22.5000 2609.1760   16.4466
   -7.5000  -22.5000  -22.5000 2631.5027   15.9798
    0.0000  -22.5000  -22.5000 2670.3154   15.6063
    7.5000  -22.5000  -22.5000 2678.8237   15.6220
   -7.5000  -15.0000  -22.5000 2670.4141   15.5319
    0.0000  -15.0000  -22.5000 2708.3318   15.1234
    7.5000  -15.0000  -22.5000 2716.7747   15.1281
   -7.5000   -7.5000  -22.5000 2686.9058   15.5402
    0.0000   -7.5000  -22.5000 2725.8320   15.0624
    7.5000   -7.5000  -22.5000 2732.1079   15.0365
   -7.5000    0.0000  -22.5000 2665.7190   15.9278
    0.0000    0.0000  -22.5000 2714.8130   15.4694
    7.5000    0.0000  -22.5000 2718.5110   15.4173
   -7.5000    7.5000  -22.5000 2610.9817   16.6755
    0.0000    7.5000  -22.5000 2662.2551   16.2226
    7.5000    7.5000  -22.5000 2669.9697   16.1611
   -7.5000   15.0000  -22.5000 2519.5767   17.8177
    0.0000   15.0000  -22.5000 2570.5203   17.3015
    7.5000   15.0000  -22.5000 2574.9414   17.2409
   -7.5000   22.5000  -22.5000 2406.9634   19.3250
    0.0000   22.5000  -22.5000 2448.8250   18.8214
    7.5000   22.5000  -22.5000 2458.1548   18.7658
   -7.5000   30.0000  -22.5000 2266.1296   21.3405
    0.0000   30.0000  -22.5000 2308.4153   20.8101
    7.5000   30.0000  -22.5000 2318.4634   20.7622
   -7.5000   37.5000  -22.5000 2112.7437   23.8971
    0.0000   37.5000  -22.5000 2148.1355   23.3578
    7.5000   37.5000  -22.5000 2154.4500   23.2717
   -7.5000   45.0000  -22.5000 1956.9454   27.1037
    0.0000   45.0000  -22.5000 1983.4231   26.5748
    7.5000   45.0000  -22.5000 1985.1055   26.4457
   -7.5000  -45.0000  -15.0000 2431.3525   19.0496
    0.0000  -45.0000  -15.0000 2461.3594   18.5191
    7.5000  -45.0000  -15.0000 2463.3303   18.4998
   -7.5000  -37.5000  -15.0000 2542.3193   17.3612
    0.0000  -37.5000  -15.0000 2577.1396   16.8796
    7.5000  -37.5000  -15.0000 2581.2039   16.8626
   -7.5000  -30.0000  -15.0000 2636.8523   16.1210
    0.0000  -30.0000  -15.0000 2680.6731   15.6578
    7.5000  -30.0000  -15.0000 2687.8586   15.6539
   -7.5000  -22.5000  -15.0000 2709.6321   15.2931
    0.0000  -22.5000  -15.0000 2764.1653   14.8328
    7.5000  -22.5000  -15.0000 2769.8086   14.8172
   -7.5000  -15.0000  -15.0000 2759.9099   14.8579
    0.0000  -15.0000  -15.0000 2806.7900   14.3395
    7.5000  -15.0000  -15.0000 2816.4194   14.3452
   -7.5000   -7.5000  -15.0000 2775.8328   14.8453
    0.0000   -7.5000  -15.0000 2826.1309   14.3424
    7.5000   -7.5000  -15.0000 2834.0127   14.3152
   -7.5000    0.0000  -15.0000 2750.4849   15.2316
    0.0000    0.0000  -15.0000 2810.2131   14.7359
    7.5000    0.0000  -15.0000 2818.6836   14.6815
   -7.5000    7.5000  -15.0000 2693.5073   15.9344
    0.0000    7.5000  -15.0000 2747.5745   15.4472
    7.5000    7.5000  -15.0000 2760.9697   15.3844
   -7.5000   15.0000  -15.0000 2594.5354   17.0348
    0.0000   15.0000  -15.0000 2642.6948   16.5551
    7.5000   15.0000  -15.0000 2654.1194   16.4715
   -7.5000   22.5000  -15.0000 2468.5879   18.5678
    0.0000   22.5000  -15.0000 2514.5625   18.0746
    7.5000   22.5000  -15.0000 2524.8210   18.0144
   -7.5000   30.0000  -15.0000 2314.7847   20.5690
    0.0000   30.0000  -15.0000 2366.9243   20.0408
    7.5000   30.0000  -15.0000 2374.6074   19.9936
   -7.5000   37.5000  -15.0000 2157.2844   23.0492
    0.0000   37.5000  -15.0000 2197.7722   22.5033
    7.5000   37.5000  -15.0000 2204.7878   22.4592
   -7.5000   45.0000  -15.0000 1985.8457   26.1064
    0.0000   45.0000  -15.0000 2018.3701   25.5610
    7.5000   45.0000  -15.0000 2026.2168   25.4395
   -7.5000  -45.0000   -7.5000 2463.2871   18.4901
    0.0000  -45.0000   -7.5000 2497.9270   17.8869
    7.5000  -45.0000   -7.5000 2500.0103   17.8040
   -7.5000  -37.5000   -7.5000 2580.5017   16.8568
    0.0000  -37.5000   -7.5000 2620.2820   16.2574
    7.5000  -37.5000   -7.5000 2626.1868   16.1996
   -7.5000  -30.0000   -7.5000 2684.8008   15.6516
    0.0000  -30.0000   -7.5000 2734.8579   15.0714
    7.5000  -30.0000   -7.5000 2744.9365   15.0411
   -7.5000  -22.5000   -7.5000 2768.1201   14.7618
    0.0000  -22.5000   -7.5000 2831.3057   14.2641
    7.5000  -22.5000   -7.5000 2846.6665   14.2435
   -7.5000  -15.0000   -7.5000 2825.3215   14.2824
    0.0000  -15.0000   -7.5000 2890.6321   13.6527
    7.5000  -15.0000   -7.5000 2900.9709   13.6547
   -7.5000   -7.5000   -7.5000 2843.6917   14.2706
    0.0000   -7.5000   -7.5000 2906.5620   13.7165
    7.5000   -7.5000   -7.5000 2917.8569   13.6579
   -7.5000    0.0000   -7.5000 2811.5176   14.6519
    0.0000    0.0000   -7.5000 2881.0688   14.1285
    7.5000    0.0000   -7.5000 2896.7439   14.0423
   -7.5000    7.5000   -7.5000 2743.9998   15.3212
    0.0000    7.5000   -7.5000 2803.8750   14.8212
    7.5000    7.5000   -7.5000 2820.7419   14.7689
   -7.5000   15.0000   -7.5000 2633.7798   16.4061
    0.0000   15.0000   -7.5000 2688.1899   15.9301
    7.5000   15.0000   -7.5000 2702.2119   15.8966
   -7.5000   22.5000   -7.5000 2496.0515   17.9218
    0.0000   22.5000   -7.5000 2550.8787   17.4121
    7.5000   22.5000   -7.5000 2563.5095   17.4218
   -7.5000   30.0000   -7.5000 2342.8347   19.8931
    0.0000   30.0000   -7.5000 2397.1206   19.3395
    7.5000   30.0000   -7.5000 2408.9028   19.3828
   -7.5000   37.5000   -7.5000 2184.3408   22.2583
    0.0000   37.5000   -7.5000 2223.3845   21.6997
    7.5000   37.5000   -7.5000 2233.2842   21.7277
   -7.5000   45.0000   -7.5000 2003.8864   25.2910
    0.0000   45.0000   -7.5000 2041.5861   24.6774
    7.5000   45.0000   -7.5000 2052.4045   24.6192
   -7.5000  -45.0000    0.0000 2479.6343   18.2132
    0.0000  -45.0000    0.0000 2522.3894   17.5349
    7.5000  -45.0000    0.0000 2526.4832   17.4034
   -7.5000  -37.5000    0.0000 2601.3201   16.5848
    0.0000  -37.5000    0.0000 2650.0159   15.9261
    7.5000  -37.5000    0.0000 2660.1714   15.7911
   -7.5000  -30.0000    0.0000 2713.8325   15.4178
    0.0000  -30.0000    0.0000 2769.4309   14.7733
    7.5000  -30.0000    0.0000 2784.3960   14.6524
   -7.5000  -22.5000    0.0000 2797.2744   14.5507
    0.0000  -22.5000    0.0000 2870.0422   14.0015
    7.5000  -22.5000    0.0000 2893.8745   13.9442
   -7.5000  -15.0000    0.0000 2854.9839   14.0320
    0.0000  -15.0000    0.0000 2929.5283   13.2754
    7.5000  -15.0000    0.0000 2949.2512   13.1990
   -7.5000   -7.5000    0.0000 2878.0957   14.0002
    0.0000   -7.5000    0.0000 2951.5791   13.3118
    7.5000   -7.5000    0.0000 2964.7366   13.1983
   -7.5000    0.0000    0.0000 2846.2559   14.3576
    0.0000    0.0000    0.0000 2915.8215   13.7590
    7.5000    0.0000    0.0000 2933.8477   13.7204
   -7.5000    7.5000    0.0000 2763.0002   15.0748
    0.0000    7.5000    0.0000 2829.0388   14.5226
    7.5000    7.5000    0.0000 2848.9534   14.5258
   -7.5000   15.0000    0.0000 2645.2966   16.1431
    0.0000   15.0000    0.0000 2704.6416   15.5972
    7.5000   15.0000    0.0000 2721.1042   15.6370
   -7.5000   22.5000    0.0000 2504.9658   17.5949
    0.0000   22.5000    0.0000 2563.1968   17.0291
    7.5000   22.5000    0.0000 2577.8079   17.1010
   -7.5000   30.0000    0.0000 2350.4897   19.5007
    0.0000   30.0000    0.0000 2403.0098   18.9004
    7.5000   30.0000    0.0000 2419.0654   18.9711
   -7.5000   37.5000    0.0000 2190.8469   21.9010
    0.0000   37.5000    0.0000 2228.0693   21.2475
    7.5000   37.5000    0.0000 2242.8281   21.3240
   -7.5000   45.0000    0.0000 2010.6636   24.9409
    0.0000   45.0000    0.0000 2049.7280   24.2244
    7.5000   45.0000    0.0000 2062.9648   24.2460
   -7.5000  -45.0000    7.5000 2480.9084   18.2675
    0.0000  -45.0000    7.5000 2529.3357   17.5405
    7.5000  -45.0000    7.5000 2544.0366   17.3717
   -7.5000  -37.5000    7.5000 2608.1880   16.6439
    0.0000  -37.5000    7.5000 2660.2566   15.9576
    7.5000  -37.5000    7.5000 2679.8940   15.7780
   -7.5000  -30.0000    7.5000 2720.9290   15.4137
    0.0000  -30.0000    7.5000 2778.6370   14.7668
    7.5000  -30.0000    7.5000 2799.8694   14.6164
   -7.5000  -22.5000    7.5000 2799.1851   14.6023
    0.0000  -22.5000    7.5000 2869.9612   13.9137
    7.5000  -22.5000    7.5000 2892.8176   13.7262
   -7.5000  -15.0000    7.5000 2849.1548   14.1157
    0.0000  -15.0000    7.5000 2921.1074   13.3464
    7.5000  -15.0000    7.5000 2945.5657   13.2162
   -7.5000   -7.5000    7.5000 2867.0247   14.0174
    0.0000   -7.5000    7.5000 2935.5977   13.3194
    7.5000   -7.5000    7.5000 2958.5823   13.2667
   -7.5000    0.0000    7.5000 2832.6938   14.3839
    0.0000    0.0000    7.5000 2908.8809   13.8032
    7.5000    0.0000    7.5000 2924.5725   13.7548
   -7.5000    7.5000    7.5000 2756.3342   15.1130
    0.0000    7.5000    7.5000 2820.7371   14.5971
    7.5000    7.5000    7.5000 2835.3901   14.5541
   -7.5000   15.0000    7.5000 2636.6028   16.1782
    0.0000   15.0000    7.5000 2694.8936   15.6257
    7.5000   15.0000    7.5000 2712.7852   15.6183
   -7.5000   22.5000    7.5000 2492.8181   17.6034
    0.0000   22.5000    7.5000 2552.9905   16.9873
    7.5000   22.5000    7.5000 2570.2271   17.0179
   -7.5000   30.0000    7.5000 2339.2610   19.4585
    0.0000   30.0000    7.5000 2395.3916   18.7976
    7.5000   30.0000    7.5000 2411.8689   18.8613
   -7.5000   37.5000    7.5000 2182.2583   21.8685
    0.0000   37.5000    7.5000 2217.6228   21.1947
    7.5000   37.5000    7.5000 2234.3013   21.2048
   -7.5000   45.0000    7.5000 1999.2854   24.9469
    0.0000   45.0000    7.5000 2043.0394   24.2504
    7.5000   45.0000    7.5000 2056.7327   24.1044
   -7.5000  -45.0000   15.0000 2468.9192   18.5833
    0.0000  -45.0000   15.0000 2517.5293   17.7831
    7.5000  -45.0000   15.0000 2541.1316   17.6371
   -7.5000  -37.5000   15.0000 2590.3870   16.9832
    0.0000  -37.5000   15.0000 2646.0984   16.2394
    7.5000  -37.5000   15.0000 2677.4167   16.0979
   -7.5000  -30.0000   15.0000 2695.8132   15.8026
    0.0000  -30.0000   15.0000 2757.3591   15.1323
    7.5000  -30.0000   15.0000 2787.9390   14.9479
   -7.5000  -22.5000   15.0000 2768.5527   14.9790
    0.0000  -22.5000   15.0000 2841.9849   14.3542
    7.5000  -22.5000   15.0000 2867.6919   14.0436
   -7.5000  -15.0000   15.0000 2806.5525   14.5260
    0.0000  -15.0000   15.0000 2880.7688   13.8826
    7.5000  -15.0000   15.0000 2911.5193   13.7037
   -7.5000   -7.5000   15.0000 2813.4531   14.4407
    0.0000   -7.5000   15.0000 2881.1177   13.8886
    7.5000   -7.5000   15.0000 2911.1125   13.7234
   -7.5000    0.0000   15.0000 2772.5552   14.7238
    0.0000    0.0000   15.0000 2844.0479   14.2373
    7.5000    0.0000   15.0000 2866.2041   14.0909
   -7.5000    7.5000   15.0000 2702.7651   15.4041
    0.0000    7.5000   15.0000 2761.1541   14.9228
    7.5000    7.5000   15.0000 2777.0762   14.8427
   -7.5000   15.0000   15.0000 2595.3875   16.4449
    0.0000   15.0000   15.0000 2652.1543   15.9088
    7.5000   15.0000   15.0000 2666.7844   15.8528
   -7.5000   22.5000   15.0000 2460.9712   17.8516
    0.0000   22.5000   15.0000 2513.8235   17.2168
    7.5000   22.5000   15.0000 2533.2900   17.2026
   -7.5000   30.0000   15.0000 2313.2327   19.7426
    0.0000   30.0000   15.0000 2359.1357   19.0131
    7.5000   30.0000   15.0000 2376.2468   19.0215
   -7.5000   37.5000   15.0000 2153.5088   22.1379
    0.0000   37.5000   15.0000 2189.6704   21.4151
    7.5000   37.5000   15.0000 2209.9077   21.3641
   -7.5000   45.0000   15.0000 1982.0387   25.2201
    0.0000   45.0000   15.0000 2022.5176   24.4359
    7.5000   45.0000   15.0000 2037.7053   24.2734
   -7.5000  -45.0000   22.5000 2436.9880   19.2245
    0.0000  -45.0000   22.5000 2492.8218   18.4724
    7.5000  -45.0000   22.5000 2519.9297   18.3228
   -7.5000  -37.5000   22.5000 2553.0784   17.6481
    0.0000  -37.5000   22.5000 2613.8440   16.9582
    7.5000  -37.5000   22.5000 2646.2114   16.8171
   -7.5000  -30.0000   22.5000 2651.4434   16.5304
    0.0000  -30.0000   22.5000 2715.4192   15.8379
    7.5000  -30.0000   22.5000 2744.5010   15.6012
   -7.5000  -22.5000   22.5000 2720.3721   15.6908
    0.0000  -22.5000   22.5000 2787.4539   15.0160
    7.5000  -22.5000   22.5000 2818.1147   14.8311
   -7.5000  -15.0000   22.5000 2746.9656   15.2250
    0.0000  -15.0000   22.5000 2821.0103   14.5905
    7.5000  -15.0000   22.5000 2853.0474   14.4550
   -7.5000   -7.5000   22.5000 2743.0918   15.1137
    0.0000   -7.5000   22.5000 2809.7244   14.5984
    7.5000   -7.5000   22.5000 2840.2258   14.4148
   -7.5000    0.0000   22.5000 2702.4199   15.3177
    0.0000    0.0000   22.5000 2767.0215   14.8525
    7.5000    0.0000   22.5000 2787.8169   14.6951
   -7.5000    7.5000   22.5000 2628.9998   15.9684
    0.0000    7.5000   22.5000 2690.5574   15.4891
    7.5000    7.5000   22.5000 2707.6648   15.3929
   -7.5000   15.0000   22.5000 2528.3110   16.9633
    0.0000   15.0000   22.5000 2582.5896   16.4545
    7.5000   15.0000   22.5000 2601.6091   16.3916
   -7.5000   22.5000   22.5000 2414.7910   18.3921
    0.0000   22.5000   22.5000 2456.8042   17.8009
    7.5000   22.5000   22.5000 2475.2634   17.7063
   -7.5000   30.0000   22.5000 2271.1306   20.2546
    0.0000   30.0000   22.5000 2308.0955   19.5349
    7.5000   30.0000   22.5000 2323.6697   19.4685
   -7.5000   37.5000   22.5000 2114.1941   22.6472
    0.0000   37.5000   22.5000 2150.3020   21.8584
    7.5000   37.5000   22.5000 2169.8855   21.7579
   -7.5000   45.0000   22.5000 1955.5978   25.7079
    0.0000   45.0000   22.5000 1991.1808   24.8660
    7.5000   45.0000   22.5000 2009.0093   24.6753
   -7.5000  -45.0000   30.0000 2385.7952   20.1989
    0.0000  -45.0000   30.0000 2444.3901   19.4577
    7.5000  -45.0000   30.0000 2468.4343   19.3015
   -7.5000  -37.5000   30.0000 2496.5547   18.6176
    0.0000  -37.5000   30.0000 2557.1216   17.8978
    7.5000  -37.5000   30.0000 2588.3933   17.7225
   -7.5000  -30.0000   30.0000 2587.4233   17.4486
    0.0000  -30.0000   30.0000 2647.9512   16.7417
    7.5000  -30.0000   30.0000 2682.8792   16.5461
   -7.5000  -22.5000   30.0000 2648.7639   16.6254
    0.0000  -22.5000   30.0000 2710.0151   15.9234
    7.5000  -22.5000   30.0000 2739.2480   15.8315
   -7.5000  -15.0000   30.0000 2669.1846   16.1340
    0.0000  -15.0000   30.0000 2737.2893   15.5102
    7.5000  -15.0000   30.0000 2764.7734   15.3954
   -7.5000   -7.5000   30.0000 2655.3274   16.0353
    0.0000   -7.5000   30.0000 2719.1904   15.4886
    7.5000   -7.5000   30.0000 2751.0906   15.3285
   -7.5000    0.0000   30.0000 2618.5579   16.2171
    0.0000    0.0000   30.0000 2674.0286   15.7202
    7.5000    0.0000   30.0000 2696.4907   15.5675
   -7.5000    7.5000   30.0000 2547.0244   16.8128
    0.0000    7.5000   30.0000 2598.6309   16.3097
    7.5000    7.5000   30.0000 2620.4651   16.1961
   -7.5000   15.0000   30.0000 2452.2883   17.8186
    0.0000   15.0000   30.0000 2498.7881   17.2656
    7.5000   15.0000   30.0000 2517.4043   17.1746
   -7.5000   22.5000   30.0000 2338.3523   19.2165
    0.0000   22.5000   30.0000 2383.7502   18.6015
    7.5000   22.5000   30.0000 2399.8142   18.5030
   -7.5000   30.0000   30.0000 2202.2056   21.0861
    0.0000   30.0000   30.0000 2239.0205   20.3467
    7.5000   30.0000   30.0000 2262.8091   20.2602
   -7.5000   37.5000   30.0000 2064.7302   23.4438
    0.0000   37.5000   30.0000 2099.4556   22.6406
    7.5000   37.5000   30.0000 2116.5142   22.5345
   -7.5000   45.0000   30.0000 1918.7644   26.5453
    0.0000   45.0000   30.0000 1946.8260   25.7223
    7.5000   45.0000   30.0000 1959.6285   25.4914
   -7.5000  -45.0000   37.5000 2330.6445   21.4389
    0.0000  -45.0000   37.5000 2391.4807   20.6596
    7.5000  -45.0000   37.5000 2415.1631   20.4595
   -7.5000  -37.5000   37.5000 2434.6262   19.7669
    0.0000  -37.5000   37.5000 2492.8359   19.0241
    7.5000  -37.5000   37.5000 2522.1255   18.8539
   -7.5000  -30.0000   37.5000 2516.1418   18.5317
    0.0000  -30.0000   37.5000 2573.7998   17.8608
    7.5000  -30.0000   37.5000 2608.2327   17.7153
   -7.5000  -22.5000   37.5000 2572.3391   17.7517
    0.0000  -22.5000   37.5000 2621.1606   17.0525
    7.5000  -22.5000   37.5000 2650.5276   16.9934
   -7.5000  -15.0000   37.5000 2589.6328   17.2765
    0.0000  -15.0000   37.5000 2637.3835   16.6467
    7.5000  -15.0000   37.5000 2663.3193   16.5434
   -7.5000   -7.5000   37.5000 2576.8203   17.1594
    0.0000   -7.5000   37.5000 2626.0388   16.5587
    7.5000   -7.5000   37.5000 2649.6428   16.4439
   -7.5000    0.0000   37.5000 2537.1594   17.3382
    0.0000    0.0000   37.5000 2587.0532   16.8166
    7.5000    0.0000   37.5000 2602.9829   16.6841
   -7.5000    7.5000   37.5000 2464.3928   17.9349
    0.0000    7.5000   37.5000 2511.1555   17.4129
    7.5000    7.5000   37.5000 2532.8381   17.2998
   -7.5000   15.0000   37.5000 2371.9456   18.8681
    0.0000   15.0000   37.5000 2413.4822   18.3565
    7.5000   15.0000   37.5000 2428.7991   18.2060
   -7.5000   22.5000   37.5000 2260.7578   20.3035
    0.0000   22.5000   37.5000 2299.5564   19.6817
    7.5000   22.5000   37.5000 2313.7820   19.5898
   -7.5000   30.0000   37.5000 2134.4290   22.1825
    0.0000   30.0000   37.5000 2167.9854   21.4875
    7.5000   30.0000   37.5000 2187.5901   21.3635
   -7.5000   37.5000   37.5000 2006.1122   24.6829
    0.0000   37.5000   37.5000 2035.8191   23.8883
    7.5000   37.5000   37.5000 2045.5409   23.7317
   -7.5000   45.0000   37.5000 1860.9487   27.8518
    0.0000   45.0000   37.5000 1894.0312   26.9542
    7.5000   45.0000   37.5000 1904.2397   26.7562
   -7.5000  -45.0000   45.0000 2265.9380   22.8280
    0.0000  -45.0000   45.0000 2322.0349   22.0576
    7.5000  -45.0000   45.0000 2351.4421   21.8725
   -7.5000  -37.5000   45.0000 2362.6831   21.1165
    0.0000  -37.5000   45.0000 2415.9050   20.4174
    7.5000  -37.5000   45.0000 2447.5581   20.2186
   -7.5000  -30.0000   45.0000 2437.4812   19.8762
    0.0000  -30.0000   45.0000 2487.2373   19.1973
    7.5000  -30.0000   45.0000 2518.9187   19.1019
   -7.5000  -22.5000   45.0000 2481.3857   19.0449
    0.0000  -22.5000   45.0000 2525.2739   18.3893
    7.5000  -22.5000   45.0000 2553.5566   18.3236
   -7.5000  -15.0000   45.0000 2495.1094   18.5967
    0.0000  -15.0000   45.0000 2531.8511   17.9890
    7.5000  -15.0000   45.0000 2556.8809   17.8628
   -7.5000   -7.5000   45.0000 2481.4238   18.4229
    0.0000   -7.5000   45.0000 2518.5508   17.8358
    7.5000   -7.5000   45.0000 2544.6030   17.7404
   -7.5000    0.0000   45.0000 2448.0269   18.6096
    0.0000    0.0000   45.0000 2484.0178   18.1058
    7.5000    0.0000   45.0000 2506.8079   17.9971
   -7.5000    7.5000   45.0000 2372.2644   19.2402
    0.0000    7.5000   45.0000 2419.6245   18.7211
    7.5000    7.5000   45.0000 2437.3472   18.5995
   -7.5000   15.0000   45.0000 2279.5811   20.2161
    0.0000   15.0000   45.0000 2319.9954   19.6786
    7.5000   15.0000   45.0000 2336.4529   19.5394
   -7.5000   22.5000   45.0000 2175.9116   21.6951
    0.0000   22.5000   45.0000 2204.7849   21.0969
    7.5000   22.5000   45.0000 2226.4731   21.0159
   -7.5000   30.0000   45.0000 2053.4631   23.6361
    0.0000   30.0000   45.0000 2085.8291   22.9567
    7.5000   30.0000   45.0000 2103.7090   22.8158
   -7.5000   37.5000   45.0000 1931.6340   26.2216
    0.0000   37.5000   45.0000 1956.9423   25.4503
    7.5000   37.5000   45.0000 1972.0609   25.2556
   -7.5000   45.0000   45.0000 1794.1805   29.4426
    0.0000   45.0000   45.0000 1819.1323   28.6154
    7.5000   45.0000   45.0000 1832.5200   28.3723

---------------------------------------------------------------------
imgreg_4dfp /opt/freesurfer/average/711-2C_as_mni_average_305 /opt/freesurfer/average/711-2B_as_mni_average_305_mask talsrcimg_g11 none talsrcimg_to_711-2C_as_mni_average_305_t4 1283
---------------------------------------------------------------------

freesurfer imgreg_4dfp.c
/opt/freesurfer/average/711-2C_as_mni_average_305.4dfp.img
       256       256       256         1
  1.000000  1.000000  1.000000
orientation T byte_order littleendian
Reading image: /opt/freesurfer/average/711-2C_as_mni_average_305.4dfp.img
dimensions:      256       256       256
mmppix:       1.0000   -1.0000   -1.0000
center:     128.0000 -129.0000 -129.0000
/opt/freesurfer/average/711-2B_as_mni_average_305_mask.4dfp.img
       256       256       256         1
  1.000000  1.000000  1.000000
orientation T byte_order littleendian
Reading mask: /opt/freesurfer/average/711-2B_as_mni_average_305_mask.4dfp.img (2306576 pixels)
talsrcimg_g11.4dfp.img
       256       256       256         1
  1.000000  1.000000  1.000000
orientation T byte_order littleendian
Reading image: talsrcimg_g11.4dfp.img
dimensions:      256       256       256
mmppix:       1.0000   -1.0000   -1.0000
center:     128.0000 -129.0000 -129.0000
rotation matrix determinant  1.000000
fimgreg.f
image alignment mode   1283 decimal      503 hex
parameters
    7.5000   -7.5000    0.0000    0.0000    0.0000    0.0000
eta,q 0.93206 13.13861
niter,ni,del,rscale     5    3   12.0000    1.2000
parameter  4 -0.823442 -> -0.500000 qaram    1.1500
parameter  5  1.101409 ->  0.500000 qaram    1.1500
parameters
    5.8903   -5.8462    0.8448    3.4500   -3.4500   -0.9345
eta,q 0.93590 13.07355
  0.0731  0.0733  0.0786  0.0776  0.0639  0.0657
  0.0718  0.0737  0.0728  0.0752  0.0640  0.0647
  0.0709  0.0726  0.0699  0.0728  0.0651  0.0641
  0.0700  0.0709  0.0699  0.0702  0.0667  0.0642
  0.0716  0.0695  0.0708  0.0673  0.0681  0.0649
  0.0760  0.0694  0.0713  0.0670  0.0700  0.0658
  0.0844  0.0731  0.0737  0.0686  0.0733  0.0664
niter,ni,del,rscale     6    3   12.0000    1.2000
parameter  4 -0.881759 -> -0.500000 qaram    1.3225
parameters
    6.1721   -7.9733    1.4159    7.4175   -5.6852   -0.5857
eta,q 0.93907 12.97580
  0.0735  0.0664  0.0718  0.0735  0.0648  0.0634
  0.0678  0.0673  0.0657  0.0709  0.0618  0.0628
  0.0645  0.0653  0.0643  0.0688  0.0610  0.0619
  0.0641  0.0642  0.0655  0.0659  0.0627  0.0611
  0.0649  0.0673  0.0667  0.0632  0.0648  0.0608
  0.0671  0.0738  0.0669  0.0627  0.0667  0.0619
  0.0713  0.0815  0.0676  0.0641  0.0689  0.0635
niter,ni,del,rscale     6    3   12.0000    1.2000
parameters
    7.1737   -9.9622    1.5631    8.6287   -4.8118   -1.5270
eta,q 0.93852 12.85566
  0.0725  0.0647  0.0651  0.0693  0.0674  0.0628
  0.0676  0.0623  0.0620  0.0676  0.0644  0.0620
  0.0630  0.0611  0.0614  0.0633  0.0619  0.0618
  0.0609  0.0606  0.0611  0.0611  0.0612  0.0613
  0.0608  0.0648  0.0608  0.0614  0.0617  0.0617
  0.0629  0.0715  0.0627  0.0630  0.0627  0.0628
  0.0671  0.0783  0.0643  0.0667  0.0647  0.0644
niter,ni,del,rscale     5    3   12.0000    1.2000
parameters
    6.0369  -10.9931    1.3898    8.9888   -5.0846   -1.5487
eta,q 0.93877 12.80645
  0.0650  0.0665  0.0653  0.0686  0.0654  0.0637
  0.0620  0.0628  0.0619  0.0656  0.0627  0.0624
  0.0610  0.0613  0.0611  0.0621  0.0612  0.0618
  0.0615  0.0612  0.0613  0.0613  0.0614  0.0612
  0.0623  0.0619  0.0612  0.0617  0.0623  0.0610
  0.0651  0.0667  0.0632  0.0639  0.0637  0.0622
  0.0699  0.0735  0.0652  0.0678  0.0652  0.0641
niter,ni,del,rscale     4    3   12.0000    1.2000
parameters
    5.6947  -11.2182    1.3133    8.9903   -5.1970   -1.3309
eta,q 0.93895 12.80083
  0.0667  0.0680  0.0661  0.0677  0.0656  0.0640
  0.0624  0.0645  0.0623  0.0648  0.0628  0.0626
  0.0609  0.0619  0.0609  0.0618  0.0613  0.0619
  0.0612  0.0611  0.0612  0.0612  0.0612  0.0611
  0.0624  0.0610  0.0613  0.0617  0.0621  0.0609
  0.0646  0.0641  0.0634  0.0642  0.0635  0.0621
  0.0668  0.0705  0.0657  0.0681  0.0652  0.0640
niter,ni,del,rscale     3    3   12.0000    1.2000
parameters
    5.7009  -11.2067    1.3081    8.9831   -5.1679   -1.3543
eta,q 0.93894 12.80128
  0.0679  0.0683  0.0662  0.0676  0.0659  0.0637
  0.0630  0.0650  0.0624  0.0647  0.0630  0.0625
  0.0611  0.0621  0.0609  0.0617  0.0613  0.0618
  0.0610  0.0611  0.0610  0.0610  0.0610  0.0611
  0.0623  0.0608  0.0612  0.0617  0.0620  0.0610
  0.0644  0.0634  0.0633  0.0641  0.0636  0.0623
  0.0665  0.0697  0.0656  0.0680  0.0651  0.0642
registration optimization eta report
parameter search radius
    6.0000    6.0000    6.0000    7.9350    6.9000    6.0000
100000*second partial in parameter space
       17.       23.       15.       11.        9.        8.
  0.0679  0.0683  0.0662  0.0676  0.0659  0.0637
  0.0630  0.0650  0.0624  0.0647  0.0630  0.0625
  0.0611  0.0621  0.0609  0.0617  0.0613  0.0618
  0.0610  0.0611  0.0610  0.0610  0.0610  0.0611
  0.0623  0.0608  0.0612  0.0617  0.0620  0.0610
  0.0644  0.0634  0.0633  0.0641  0.0636  0.0623
  0.0665  0.0697  0.0656  0.0680  0.0651  0.0642
    5.7009  -11.2067    1.3081    8.9831   -5.1679   -1.3543
eta,q 0.93894 12.80128

---------------------------------------------------------------------
imgreg_4dfp /opt/freesurfer/average/711-2C_as_mni_average_305 /opt/freesurfer/average/711-2B_as_mni_average_305_mask talsrcimg_g11 none talsrcimg_to_711-2C_as_mni_average_305_t4 3335
---------------------------------------------------------------------

freesurfer imgreg_4dfp.c
/opt/freesurfer/average/711-2C_as_mni_average_305.4dfp.img
       256       256       256         1
  1.000000  1.000000  1.000000
orientation T byte_order littleendian
Reading image: /opt/freesurfer/average/711-2C_as_mni_average_305.4dfp.img
dimensions:      256       256       256
mmppix:       1.0000   -1.0000   -1.0000
center:     128.0000 -129.0000 -129.0000
/opt/freesurfer/average/711-2B_as_mni_average_305_mask.4dfp.img
       256       256       256         1
  1.000000  1.000000  1.000000
orientation T byte_order littleendian
Reading mask: /opt/freesurfer/average/711-2B_as_mni_average_305_mask.4dfp.img (2306576 pixels)
talsrcimg_g11.4dfp.img
       256       256       256         1
  1.000000  1.000000  1.000000
orientation T byte_order littleendian
Reading image: talsrcimg_g11.4dfp.img
dimensions:      256       256       256
mmppix:       1.0000   -1.0000   -1.0000
center:     128.0000 -129.0000 -129.0000
fimgreg.f
image alignment mode   3335 decimal      D07 hex
parameters
    5.7009  -11.2067    1.3081   -0.4343   -1.2874   -1.6281
    3.7406    8.5255   -2.3539  -15.8202   -9.0075   15.5508
eta,q 0.94287 12.84937
niter,ni,del,rscale     5    3    5.0000    1.2000
parameter  4  3.184211 ->  0.500000 qaram    1.1500
parameter  5  6.053676 ->  0.500000 qaram    1.1500
parameter  6  1.840905 ->  0.500000 qaram    1.1500
parameter  7  0.504432 ->  0.500000 qaram    1.1500
parameter 10 -0.554653 -> -0.500000 qaram    1.1500
parameter 12  1.781180 ->  0.500000 qaram    1.1500
parameters
    6.1555  -11.5689    2.0237   -4.5743   -5.4274   -5.7681
   -0.3994    8.4122   -1.2795  -11.6802   -8.6942   11.4108
eta,q 0.96228 12.13817
  0.0600  0.0580  0.0595  0.0482  0.0419  0.0382  0.0405  0.0442  0.0422  0.0446  0.0409  0.0370
  0.0586  0.0574  0.0583  0.0505  0.0453  0.0397  0.0402  0.0419  0.0411  0.0427  0.0400  0.0375
  0.0576  0.0571  0.0575  0.0535  0.0482  0.0427  0.0401  0.0404  0.0404  0.0412  0.0395  0.0383
  0.0571  0.0571  0.0571  0.0569  0.0513  0.0462  0.0404  0.0401  0.0401  0.0401  0.0393  0.0392
  0.0572  0.0574  0.0569  0.0609  0.0546  0.0502  0.0410  0.0408  0.0401  0.0394  0.0394  0.0404
  0.0576  0.0579  0.0572  0.0650  0.0582  0.0548  0.0416  0.0423  0.0405  0.0393  0.0399  0.0416
  0.0584  0.0589  0.0577  0.0692  0.0624  0.0600  0.0423  0.0442  0.0412  0.0399  0.0406  0.0431
niter,ni,del,rscale     7    3    5.0000    1.2000
parameter  2  1.001407 ->  0.500000 qaram    1.1500
parameter  4  0.850244 ->  0.500000 qaram    1.3225
parameter  5  2.619817 ->  0.500000 qaram    1.3225
parameters
    6.4798  -12.9489    2.8287   -9.3353  -10.1884   -7.8080
    3.3834    9.4305   -0.5007  -13.1142   -6.9691    7.7326
eta,q 0.97648 11.95454
  0.0414  0.0364  0.0401  0.0326  0.0227  0.0285  0.0325  0.0307  0.0278  0.0287  0.0265  0.0244
  0.0396  0.0363  0.0385  0.0326  0.0247  0.0272  0.0298  0.0283  0.0262  0.0256  0.0255  0.0237
  0.0384  0.0368  0.0373  0.0336  0.0282  0.0261  0.0275  0.0262  0.0251  0.0242  0.0247  0.0235
  0.0377  0.0376  0.0364  0.0361  0.0327  0.0255  0.0258  0.0248  0.0245  0.0245  0.0242  0.0240
  0.0377  0.0387  0.0361  0.0400  0.0379  0.0269  0.0249  0.0245  0.0246  0.0262  0.0240  0.0252
  0.0384  0.0400  0.0364  0.0451  0.0429  0.0306  0.0251  0.0259  0.0254  0.0289  0.0244  0.0269
  0.0399  0.0415  0.0372  0.0504  0.0477  0.0357  0.0263  0.0286  0.0267  0.0323  0.0251  0.0292
niter,ni,del,rscale     7    3    5.0000    1.2000
parameter  5  0.525105 ->  0.500000 qaram    1.5209
parameters
    6.4147  -13.1615    2.3449  -11.3219  -15.6636   -6.7202
    3.0310    9.4009   -1.0329  -13.5074   -7.2825    8.4768
eta,q 0.97864 11.75456
  0.0271  0.0275  0.0246  0.0268  0.0239  0.0267  0.0246  0.0260  0.0232  0.0259  0.0227  0.0236
  0.0251  0.0251  0.0237  0.0254  0.0223  0.0251  0.0229  0.0238  0.0222  0.0231  0.0219  0.0225
  0.0239  0.0238  0.0234  0.0240  0.0220  0.0237  0.0218  0.0222  0.0216  0.0217  0.0215  0.0218
  0.0235  0.0235  0.0235  0.0234  0.0236  0.0221  0.0215  0.0215  0.0215  0.0215  0.0214  0.0214
  0.0240  0.0244  0.0240  0.0247  0.0281  0.0210  0.0220  0.0218  0.0218  0.0223  0.0216  0.0214
  0.0254  0.0262  0.0248  0.0281  0.0338  0.0225  0.0233  0.0236  0.0226  0.0240  0.0221  0.0220
  0.0275  0.0287  0.0259  0.0331  0.0395  0.0259  0.0253  0.0265  0.0238  0.0265  0.0229  0.0231
niter,ni,del,rscale     7    3    5.0000    1.2000
parameters
    6.4409  -12.7435    2.8931   -9.7596  -16.8396   -6.7621
    3.1757    9.2912   -0.9990  -13.3802   -7.4020    9.0363
eta,q 0.97906 11.76045
  0.0245  0.0260  0.0240  0.0262  0.0271  0.0258  0.0247  0.0256  0.0230  0.0255  0.0224  0.0230
  0.0228  0.0236  0.0227  0.0245  0.0245  0.0242  0.0227  0.0234  0.0219  0.0227  0.0216  0.0220
  0.0217  0.0221  0.0218  0.0229  0.0221  0.0227  0.0215  0.0218  0.0212  0.0213  0.0211  0.0213
  0.0214  0.0214  0.0213  0.0213  0.0206  0.0209  0.0210  0.0210  0.0210  0.0210  0.0210  0.0210
  0.0217  0.0215  0.0213  0.0204  0.0215  0.0206  0.0213  0.0214  0.0212  0.0215  0.0212  0.0210
  0.0227  0.0223  0.0216  0.0215  0.0259  0.0233  0.0225  0.0233  0.0219  0.0229  0.0217  0.0216
  0.0243  0.0238  0.0223  0.0247  0.0325  0.0272  0.0245  0.0262  0.0229  0.0249  0.0225  0.0226
niter,ni,del,rscale     6    3    5.0000    1.2000
parameters
    6.4349  -12.8368    3.1036   -9.5578  -17.1066   -6.7229
    3.1671    9.2810   -0.9605  -13.5884   -7.4805    9.4036
eta,q 0.97910 11.76230
  0.0241  0.0240  0.0231  0.0257  0.0277  0.0258  0.0245  0.0257  0.0229  0.0250  0.0224  0.0229
  0.0224  0.0221  0.0219  0.0240  0.0252  0.0242  0.0226  0.0235  0.0218  0.0224  0.0216  0.0219
  0.0213  0.0211  0.0212  0.0224  0.0227  0.0227  0.0214  0.0218  0.0212  0.0212  0.0211  0.0212
  0.0209  0.0209  0.0209  0.0209  0.0209  0.0209  0.0209  0.0209  0.0209  0.0209  0.0209  0.0209
  0.0213  0.0215  0.0211  0.0207  0.0209  0.0206  0.0214  0.0213  0.0212  0.0216  0.0211  0.0210
  0.0224  0.0226  0.0216  0.0226  0.0241  0.0231  0.0226  0.0232  0.0218  0.0230  0.0216  0.0216
  0.0241  0.0242  0.0224  0.0265  0.0303  0.0271  0.0245  0.0261  0.0229  0.0251  0.0224  0.0227
niter,ni,del,rscale     5    3    5.0000    1.2000
parameters
    6.4349  -12.8977    3.1769   -9.5123  -17.1977   -6.7205
    3.1693    9.2854   -0.9424  -13.7131   -7.4941    9.5779
eta,q 0.97909 11.76226
  0.0241  0.0240  0.0229  0.0256  0.0278  0.0258  0.0245  0.0257  0.0229  0.0250  0.0224  0.0228
  0.0224  0.0221  0.0217  0.0240  0.0252  0.0242  0.0226  0.0235  0.0218  0.0225  0.0216  0.0218
  0.0213  0.0211  0.0211  0.0224  0.0227  0.0227  0.0214  0.0218  0.0211  0.0212  0.0211  0.0212
  0.0209  0.0209  0.0209  0.0209  0.0209  0.0209  0.0209  0.0209  0.0209  0.0209  0.0209  0.0209
  0.0213  0.0214  0.0211  0.0208  0.0208  0.0206  0.0213  0.0213  0.0212  0.0215  0.0211  0.0210
  0.0224  0.0225  0.0217  0.0228  0.0238  0.0232  0.0226  0.0232  0.0218  0.0229  0.0216  0.0216
  0.0241  0.0241  0.0226  0.0267  0.0299  0.0272  0.0245  0.0261  0.0229  0.0250  0.0224  0.0228
niter,ni,del,rscale     4    3    5.0000    1.2000
parameters
    6.4379  -12.9239    3.2019   -9.5004  -17.2339   -6.7267
    3.1682    9.2866   -0.9342  -13.7654   -7.4992    9.6571
eta,q 0.97909 11.76186
  0.0241  0.0241  0.0228  0.0256  0.0278  0.0258  0.0245  0.0257  0.0229  0.0251  0.0224  0.0227
  0.0224  0.0222  0.0217  0.0240  0.0253  0.0242  0.0226  0.0235  0.0218  0.0225  0.0216  0.0218
  0.0213  0.0211  0.0211  0.0224  0.0228  0.0227  0.0214  0.0218  0.0211  0.0212  0.0211  0.0212
  0.0209  0.0209  0.0209  0.0209  0.0209  0.0209  0.0209  0.0209  0.0209  0.0209  0.0209  0.0209
  0.0213  0.0214  0.0211  0.0208  0.0208  0.0206  0.0213  0.0213  0.0212  0.0215  0.0211  0.0210
  0.0224  0.0224  0.0217  0.0228  0.0237  0.0232  0.0226  0.0232  0.0218  0.0229  0.0216  0.0216
  0.0241  0.0240  0.0226  0.0268  0.0297  0.0272  0.0245  0.0261  0.0229  0.0249  0.0224  0.0228
niter,ni,del,rscale     3    3    5.0000    1.2000
parameters
    6.4376  -12.9346    3.2104   -9.4917  -17.2510   -6.7331
    3.1686    9.2870   -0.9309  -13.7861   -7.4941    9.6892
eta,q 0.97909 11.76155
  0.0241  0.0241  0.0228  0.0256  0.0279  0.0258  0.0245  0.0257  0.0229  0.0251  0.0224  0.0227
  0.0224  0.0222  0.0217  0.0240  0.0253  0.0242  0.0226  0.0235  0.0218  0.0226  0.0216  0.0218
  0.0213  0.0212  0.0211  0.0224  0.0228  0.0227  0.0214  0.0218  0.0211  0.0213  0.0211  0.0212
  0.0209  0.0209  0.0209  0.0209  0.0209  0.0209  0.0209  0.0209  0.0209  0.0209  0.0209  0.0209
  0.0213  0.0214  0.0212  0.0208  0.0208  0.0206  0.0213  0.0213  0.0212  0.0215  0.0211  0.0210
  0.0224  0.0224  0.0217  0.0228  0.0237  0.0232  0.0226  0.0232  0.0218  0.0229  0.0216  0.0217
  0.0241  0.0240  0.0227  0.0268  0.0297  0.0272  0.0245  0.0261  0.0229  0.0249  0.0224  0.0228
registration optimization eta report
parameter search radius
    2.4000    2.7600    2.4000    9.5220   10.9503    8.2800
    8.2800    7.2000    7.2000    8.2800    7.2000    8.2800
100000*second partial in parameter space
       56.       41.       32.        6.        7.        8.
        5.       10.        4.        6.        3.        3.
  0.0241  0.0241  0.0228  0.0256  0.0279  0.0258  0.0245  0.0257  0.0229  0.0251  0.0224  0.0227
  0.0224  0.0222  0.0217  0.0240  0.0253  0.0242  0.0226  0.0235  0.0218  0.0226  0.0216  0.0218
  0.0213  0.0212  0.0211  0.0224  0.0228  0.0227  0.0214  0.0218  0.0211  0.0213  0.0211  0.0212
  0.0209  0.0209  0.0209  0.0209  0.0209  0.0209  0.0209  0.0209  0.0209  0.0209  0.0209  0.0209
  0.0213  0.0214  0.0212  0.0208  0.0208  0.0206  0.0213  0.0213  0.0212  0.0215  0.0211  0.0210
  0.0224  0.0224  0.0217  0.0228  0.0237  0.0232  0.0226  0.0232  0.0218  0.0229  0.0216  0.0217
  0.0241  0.0240  0.0227  0.0268  0.0297  0.0272  0.0245  0.0261  0.0229  0.0249  0.0224  0.0228
    6.4376  -12.9346    3.2104   -9.4917  -17.2510   -6.7331
    3.1686    9.2870   -0.9309  -13.7861   -7.4941    9.6892
eta,q 0.97909 11.76155

---------------------------------------------------------------------
imgreg_4dfp /opt/freesurfer/average/711-2C_as_mni_average_305 /opt/freesurfer/average/711-2B_as_mni_average_305_mask talsrcimg_g11 none talsrcimg_to_711-2C_as_mni_average_305_t4 2311
---------------------------------------------------------------------

freesurfer imgreg_4dfp.c
/opt/freesurfer/average/711-2C_as_mni_average_305.4dfp.img
       256       256       256         1
  1.000000  1.000000  1.000000
orientation T byte_order littleendian
Reading image: /opt/freesurfer/average/711-2C_as_mni_average_305.4dfp.img
dimensions:      256       256       256
mmppix:       1.0000   -1.0000   -1.0000
center:     128.0000 -129.0000 -129.0000
/opt/freesurfer/average/711-2B_as_mni_average_305_mask.4dfp.img
       256       256       256         1
  1.000000  1.000000  1.000000
orientation T byte_order littleendian
Reading mask: /opt/freesurfer/average/711-2B_as_mni_average_305_mask.4dfp.img (2306576 pixels)
talsrcimg_g11.4dfp.img
       256       256       256         1
  1.000000  1.000000  1.000000
orientation T byte_order littleendian
Reading image: talsrcimg_g11.4dfp.img
dimensions:      256       256       256
mmppix:       1.0000   -1.0000   -1.0000
center:     128.0000 -129.0000 -129.0000
fimgreg.f
image alignment mode   2311 decimal      907 hex
parameters
    6.4376  -12.9346    3.2104   -9.4917  -17.2510   -6.7331
    3.1686    9.2870   -0.9309  -13.7861   -7.4941    9.6892
eta,q 0.97909 11.76155
niter,ni,del,rscale     5    3    5.0000    0.8000
parameters
    6.4328  -13.0303    3.1715   -8.0182  -15.7816   -6.1020
    3.0924    9.2407   -0.8647  -13.9601   -7.6126    8.9412
eta,q 0.97991 11.86510
  0.0224  0.0219  0.0217  0.0232  0.0231  0.0232  0.0217  0.0230  0.0214  0.0218  0.0210  0.0207
  0.0216  0.0213  0.0212  0.0224  0.0221  0.0223  0.0208  0.0216  0.0207  0.0208  0.0205  0.0203
  0.0211  0.0210  0.0210  0.0216  0.0212  0.0213  0.0203  0.0205  0.0202  0.0202  0.0202  0.0201
  0.0209  0.0209  0.0209  0.0209  0.0206  0.0203  0.0201  0.0201  0.0201  0.0201  0.0201  0.0201
  0.0211  0.0211  0.0210  0.0206  0.0203  0.0200  0.0203  0.0204  0.0202  0.0204  0.0202  0.0203
  0.0216  0.0215  0.0213  0.0209  0.0205  0.0208  0.0209  0.0215  0.0206  0.0210  0.0206  0.0206
  0.0224  0.0221  0.0217  0.0217  0.0214  0.0226  0.0218  0.0232  0.0213  0.0220  0.0211  0.0212
niter,ni,del,rscale     4    3    5.0000    0.7000
parameters
    6.4034  -13.0094    3.2362   -8.4787  -15.7117   -5.7128
    3.0954    9.2975   -0.8466  -13.8616   -7.7036    8.7414
eta,q 0.98004 11.86885
  0.0214  0.0211  0.0210  0.0214  0.0217  0.0226  0.0212  0.0224  0.0209  0.0215  0.0207  0.0205
  0.0207  0.0206  0.0205  0.0207  0.0209  0.0218  0.0205  0.0212  0.0204  0.0206  0.0203  0.0202
  0.0202  0.0202  0.0202  0.0202  0.0204  0.0208  0.0201  0.0204  0.0201  0.0201  0.0200  0.0200
  0.0201  0.0201  0.0201  0.0201  0.0201  0.0201  0.0200  0.0200  0.0200  0.0200  0.0200  0.0200
  0.0203  0.0202  0.0202  0.0204  0.0202  0.0199  0.0201  0.0202  0.0201  0.0201  0.0201  0.0200
  0.0207  0.0205  0.0204  0.0211  0.0207  0.0207  0.0205  0.0210  0.0204  0.0206  0.0203  0.0203
  0.0215  0.0211  0.0208  0.0223  0.0217  0.0223  0.0212  0.0224  0.0209  0.0213  0.0208  0.0207
niter,ni,del,rscale     3    3    5.0000    0.6000
parameters
    6.4028  -12.9993    3.2885   -8.5592  -15.6165   -5.5018
    3.0835    9.3497   -0.8396  -13.8434   -7.7819    8.6295
eta,q 0.98008 11.87563
  0.0210  0.0207  0.0207  0.0211  0.0212  0.0221  0.0208  0.0218  0.0206  0.0210  0.0205  0.0203
  0.0204  0.0203  0.0203  0.0206  0.0206  0.0213  0.0203  0.0209  0.0202  0.0204  0.0202  0.0201
  0.0201  0.0200  0.0201  0.0201  0.0202  0.0205  0.0200  0.0202  0.0200  0.0200  0.0200  0.0200
  0.0200  0.0200  0.0200  0.0200  0.0200  0.0200  0.0199  0.0199  0.0199  0.0199  0.0199  0.0199
  0.0201  0.0201  0.0200  0.0201  0.0200  0.0199  0.0200  0.0201  0.0200  0.0200  0.0200  0.0200
  0.0204  0.0203  0.0202  0.0206  0.0204  0.0206  0.0203  0.0207  0.0202  0.0204  0.0202  0.0201
  0.0210  0.0207  0.0205  0.0214  0.0212  0.0219  0.0208  0.0218  0.0206  0.0210  0.0205  0.0204
niter,ni,del,rscale     2    3    5.0000    0.5000
parameters
    6.4066  -12.9985    3.3202   -8.5864  -15.5436   -5.3452
    3.0872    9.4016   -0.8315  -13.8485   -7.8305    8.5689
eta,q 0.98011 11.88097
  0.0206  0.0204  0.0204  0.0208  0.0208  0.0215  0.0205  0.0213  0.0204  0.0207  0.0203  0.0202
  0.0202  0.0201  0.0201  0.0204  0.0204  0.0209  0.0202  0.0206  0.0201  0.0202  0.0201  0.0200
  0.0200  0.0200  0.0200  0.0200  0.0201  0.0203  0.0200  0.0201  0.0199  0.0200  0.0199  0.0199
  0.0199  0.0199  0.0199  0.0199  0.0199  0.0199  0.0199  0.0199  0.0199  0.0199  0.0199  0.0199
  0.0200  0.0200  0.0200  0.0200  0.0200  0.0199  0.0200  0.0200  0.0199  0.0200  0.0199  0.0199
  0.0202  0.0202  0.0201  0.0203  0.0202  0.0205  0.0202  0.0204  0.0201  0.0202  0.0201  0.0200
  0.0206  0.0204  0.0203  0.0209  0.0208  0.0214  0.0205  0.0212  0.0204  0.0206  0.0203  0.0202
niter,ni,del,rscale     1    3    5.0000    0.4000
parameters
    6.4088  -13.0021    3.3475   -8.6073  -15.4873   -5.2248
    3.0922    9.4337   -0.8307  -13.8674   -7.8686    8.5344
eta,q 0.98013 11.88506
  0.0204  0.0202  0.0202  0.0205  0.0204  0.0210  0.0203  0.0208  0.0202  0.0204  0.0201  0.0201
  0.0201  0.0200  0.0200  0.0202  0.0202  0.0205  0.0201  0.0203  0.0200  0.0201  0.0200  0.0200
  0.0199  0.0199  0.0199  0.0200  0.0200  0.0201  0.0199  0.0200  0.0199  0.0199  0.0199  0.0199
  0.0199  0.0199  0.0199  0.0199  0.0199  0.0199  0.0199  0.0199  0.0199  0.0199  0.0199  0.0199
  0.0199  0.0199  0.0199  0.0199  0.0199  0.0199  0.0199  0.0200  0.0199  0.0199  0.0199  0.0199
  0.0201  0.0200  0.0200  0.0202  0.0201  0.0203  0.0201  0.0202  0.0200  0.0201  0.0200  0.0200
  0.0203  0.0202  0.0202  0.0205  0.0204  0.0209  0.0203  0.0208  0.0202  0.0204  0.0202  0.0201
registration optimization eta report
parameter search radius
    0.8000    0.8000    0.8000    2.4000    2.4000    2.4000
    2.4000    2.4000    2.4000    2.4000    2.4000    2.4000
100000*second partial in parameter space
       72.       54.       48.       11.       10.       19.
        7.       15.        5.        9.        5.        4.
  0.0204  0.0202  0.0202  0.0205  0.0204  0.0210  0.0203  0.0208  0.0202  0.0204  0.0201  0.0201
  0.0201  0.0200  0.0200  0.0202  0.0202  0.0205  0.0201  0.0203  0.0200  0.0201  0.0200  0.0200
  0.0199  0.0199  0.0199  0.0200  0.0200  0.0201  0.0199  0.0200  0.0199  0.0199  0.0199  0.0199
  0.0199  0.0199  0.0199  0.0199  0.0199  0.0199  0.0199  0.0199  0.0199  0.0199  0.0199  0.0199
  0.0199  0.0199  0.0199  0.0199  0.0199  0.0199  0.0199  0.0200  0.0199  0.0199  0.0199  0.0199
  0.0201  0.0200  0.0200  0.0202  0.0201  0.0203  0.0201  0.0202  0.0200  0.0201  0.0200  0.0200
  0.0203  0.0202  0.0202  0.0205  0.0204  0.0209  0.0203  0.0208  0.0202  0.0204  0.0202  0.0201
    6.4088  -13.0021    3.3475   -8.6073  -15.4873   -5.2248
    3.0922    9.4337   -0.8307  -13.8674   -7.8686    8.5344
eta,q 0.98013 11.88506

---------------------------------------------------------------------
imgreg_4dfp /opt/freesurfer/average/711-2C_as_mni_average_305 /opt/freesurfer/average/711-2B_as_mni_average_305_mask talsrcimg_g11 none talsrcimg_to_711-2C_as_mni_average_305_t4 2311
---------------------------------------------------------------------

freesurfer imgreg_4dfp.c
/opt/freesurfer/average/711-2C_as_mni_average_305.4dfp.img
       256       256       256         1
  1.000000  1.000000  1.000000
orientation T byte_order littleendian
Reading image: /opt/freesurfer/average/711-2C_as_mni_average_305.4dfp.img
dimensions:      256       256       256
mmppix:       1.0000   -1.0000   -1.0000
center:     128.0000 -129.0000 -129.0000
/opt/freesurfer/average/711-2B_as_mni_average_305_mask.4dfp.img
       256       256       256         1
  1.000000  1.000000  1.000000
orientation T byte_order littleendian
Reading mask: /opt/freesurfer/average/711-2B_as_mni_average_305_mask.4dfp.img (2306576 pixels)
talsrcimg_g11.4dfp.img
       256       256       256         1
  1.000000  1.000000  1.000000
orientation T byte_order littleendian
Reading image: talsrcimg_g11.4dfp.img
dimensions:      256       256       256
mmppix:       1.0000   -1.0000   -1.0000
center:     128.0000 -129.0000 -129.0000
fimgreg.f
image alignment mode   2311 decimal      907 hex
parameters
    6.4088  -13.0021    3.3475   -8.6073  -15.4873   -5.2248
    3.0922    9.4337   -0.8307  -13.8674   -7.8686    8.5344
eta,q 0.98013 11.88505
niter,ni,del,rscale     5    3    5.0000    0.8000
parameters
    6.4170  -12.9891    3.3681   -8.9613  -15.7977   -5.5835
    3.1107    9.3813   -0.8280  -13.7711   -7.8362    8.7017
eta,q 0.98002 11.86163
  0.0217  0.0213  0.0211  0.0216  0.0217  0.0226  0.0215  0.0228  0.0212  0.0219  0.0209  0.0208
  0.0207  0.0205  0.0204  0.0208  0.0208  0.0216  0.0207  0.0214  0.0205  0.0208  0.0204  0.0204
  0.0201  0.0200  0.0200  0.0201  0.0202  0.0205  0.0202  0.0204  0.0201  0.0202  0.0201  0.0201
  0.0199  0.0199  0.0199  0.0199  0.0199  0.0199  0.0200  0.0200  0.0200  0.0200  0.0200  0.0200
  0.0201  0.0200  0.0200  0.0202  0.0201  0.0203  0.0202  0.0203  0.0201  0.0202  0.0201  0.0200
  0.0207  0.0205  0.0204  0.0211  0.0209  0.0219  0.0207  0.0214  0.0205  0.0208  0.0204  0.0203
  0.0217  0.0212  0.0211  0.0225  0.0225  0.0241  0.0215  0.0231  0.0211  0.0217  0.0209  0.0207
niter,ni,del,rscale     4    3    5.0000    0.7000
parameters
    6.4091  -12.9881    3.2968   -8.6870  -15.6958   -5.5947
    3.0983    9.3829   -0.8245  -13.8195   -7.8091    8.6758
eta,q 0.98006 11.86891
  0.0213  0.0210  0.0208  0.0217  0.0215  0.0224  0.0212  0.0223  0.0209  0.0214  0.0207  0.0205
  0.0206  0.0204  0.0203  0.0209  0.0208  0.0215  0.0205  0.0211  0.0203  0.0205  0.0203  0.0202
  0.0201  0.0201  0.0200  0.0203  0.0202  0.0206  0.0201  0.0203  0.0200  0.0201  0.0200  0.0200
  0.0200  0.0200  0.0200  0.0200  0.0199  0.0199  0.0199  0.0199  0.0199  0.0199  0.0199  0.0199
  0.0201  0.0201  0.0201  0.0200  0.0200  0.0201  0.0201  0.0202  0.0201  0.0201  0.0200  0.0200
  0.0206  0.0204  0.0204  0.0205  0.0205  0.0211  0.0205  0.0210  0.0204  0.0206  0.0203  0.0202
  0.0213  0.0210  0.0209  0.0214  0.0216  0.0229  0.0212  0.0224  0.0209  0.0214  0.0207  0.0206
niter,ni,del,rscale     3    3    5.0000    0.6000
parameters
    6.4092  -12.9949    3.3020   -8.6211  -15.6037   -5.4766
    3.0950    9.3911   -0.8326  -13.8353   -7.8135    8.6134
eta,q 0.98009 11.87563
  0.0209  0.0207  0.0206  0.0212  0.0211  0.0220  0.0208  0.0217  0.0206  0.0210  0.0205  0.0204
  0.0204  0.0203  0.0202  0.0206  0.0206  0.0212  0.0203  0.0208  0.0202  0.0204  0.0202  0.0201
  0.0201  0.0200  0.0200  0.0202  0.0201  0.0204  0.0200  0.0202  0.0200  0.0200  0.0200  0.0200
  0.0199  0.0199  0.0199  0.0199  0.0199  0.0199  0.0199  0.0199  0.0199  0.0199  0.0199  0.0199
  0.0201  0.0200  0.0200  0.0200  0.0200  0.0200  0.0200  0.0201  0.0200  0.0200  0.0200  0.0200
  0.0204  0.0203  0.0202  0.0205  0.0204  0.0207  0.0203  0.0207  0.0202  0.0204  0.0202  0.0201
  0.0209  0.0207  0.0206  0.0212  0.0211  0.0221  0.0208  0.0218  0.0206  0.0210  0.0205  0.0204
niter,ni,del,rscale     2    3    5.0000    0.5000
parameters
    6.4115  -13.0016    3.3205   -8.6033  -15.5405   -5.3434
    3.0904    9.4167   -0.8306  -13.8532   -7.8378    8.5660
eta,q 0.98011 11.88088
  0.0206  0.0204  0.0204  0.0208  0.0208  0.0215  0.0205  0.0212  0.0204  0.0206  0.0203  0.0202
  0.0202  0.0201  0.0201  0.0204  0.0203  0.0209  0.0202  0.0205  0.0201  0.0202  0.0201  0.0200
  0.0200  0.0200  0.0200  0.0200  0.0201  0.0203  0.0200  0.0201  0.0199  0.0200  0.0199  0.0199
  0.0199  0.0199  0.0199  0.0199  0.0199  0.0199  0.0199  0.0199  0.0199  0.0199  0.0199  0.0199
  0.0200  0.0200  0.0200  0.0200  0.0200  0.0199  0.0200  0.0200  0.0199  0.0200  0.0199  0.0199
  0.0202  0.0202  0.0201  0.0203  0.0202  0.0205  0.0202  0.0205  0.0201  0.0202  0.0201  0.0200
  0.0206  0.0204  0.0204  0.0208  0.0208  0.0215  0.0205  0.0212  0.0204  0.0206  0.0203  0.0202
niter,ni,del,rscale     1    3    5.0000    0.4000
parameters
    6.4117  -13.0039    3.3479   -8.6128  -15.4826   -5.2257
    3.0887    9.4401   -0.8256  -13.8644   -7.8725    8.5389
eta,q 0.98013 11.88522
  0.0203  0.0202  0.0202  0.0205  0.0204  0.0210  0.0203  0.0208  0.0202  0.0204  0.0201  0.0201
  0.0201  0.0200  0.0200  0.0202  0.0202  0.0205  0.0201  0.0203  0.0200  0.0201  0.0200  0.0200
  0.0199  0.0199  0.0199  0.0200  0.0200  0.0201  0.0199  0.0200  0.0199  0.0199  0.0199  0.0199
  0.0199  0.0199  0.0199  0.0199  0.0199  0.0199  0.0199  0.0199  0.0199  0.0199  0.0199  0.0199
  0.0199  0.0199  0.0199  0.0199  0.0199  0.0199  0.0199  0.0200  0.0199  0.0199  0.0199  0.0199
  0.0201  0.0200  0.0200  0.0201  0.0201  0.0203  0.0201  0.0202  0.0200  0.0201  0.0200  0.0200
  0.0203  0.0202  0.0202  0.0205  0.0204  0.0209  0.0203  0.0208  0.0202  0.0204  0.0202  0.0201
registration optimization eta report
parameter search radius
    0.8000    0.8000    0.8000    2.4000    2.4000    2.4000
    2.4000    2.4000    2.4000    2.4000    2.4000    2.4000
100000*second partial in parameter space
       72.       54.       48.       11.       10.       19.
        7.       15.        5.        9.        5.        4.
  0.0203  0.0202  0.0202  0.0205  0.0204  0.0210  0.0203  0.0208  0.0202  0.0204  0.0201  0.0201
  0.0201  0.0200  0.0200  0.0202  0.0202  0.0205  0.0201  0.0203  0.0200  0.0201  0.0200  0.0200
  0.0199  0.0199  0.0199  0.0200  0.0200  0.0201  0.0199  0.0200  0.0199  0.0199  0.0199  0.0199
  0.0199  0.0199  0.0199  0.0199  0.0199  0.0199  0.0199  0.0199  0.0199  0.0199  0.0199  0.0199
  0.0199  0.0199  0.0199  0.0199  0.0199  0.0199  0.0199  0.0200  0.0199  0.0199  0.0199  0.0199
  0.0201  0.0200  0.0200  0.0201  0.0201  0.0203  0.0201  0.0202  0.0200  0.0201  0.0200  0.0200
  0.0203  0.0202  0.0202  0.0205  0.0204  0.0209  0.0203  0.0208  0.0202  0.0204  0.0202  0.0201
    6.4117  -13.0039    3.3479   -8.6128  -15.4826   -5.2257
    3.0887    9.4401   -0.8256  -13.8644   -7.8725    8.5389
eta,q 0.98013 11.88522

---------------------------------------------------------------------
compute_vox2vox talsrcimg talsrcimg_to_711-2C_as_mni_average_305_t4 /opt/freesurfer/average/711-2C_as_mni_average_305
---------------------------------------------------------------------

freesurfer compute_vox2vox.c
Reading: talsrcimg.4dfp.ifh
Reading: talsrcimg_to_711-2C_as_mni_average_305_t4
Reading: /opt/freesurfer/average/711-2C_as_mni_average_305.4dfp.ifh
Writing: talsrcimg_to_711-2C_as_mni_average_305_t4_vox2vox.txt

start time Thu Mar 12 18:47:18 CET 2026
end		time Thu Mar 12 18:47:32 CET 2026

mpr2mni305 success

avi2talxfm orig_nu.mgz /opt/freesurfer/average/mni305.cor.mgz talsrcimg_to_711-2C_as_mni_average_305_t4_vox2vox.txt transforms/talairach.auto.xfm
avi2talxfm done
mv -f /out/sourcedata/freesurfer/sub-v1s20x0050362_ses-1/mri/talsrcimg_to_711-2C_as_mni_average_305_t4_vox2vox.txt /out/sourcedata/freesurfer/sub-v1s20x0050362_ses-1/mri/transforms/talsrcimg_to_711-2C_as_mni_average_305_t4_vox2vox.txt
lta_convert --src orig_nu.mgz --trg /opt/freesurfer/average/mni305.cor.mgz --inxfm transforms/talairach.auto.xfm --outlta transforms/talairach.auto.xfm.lta --subject fsaverage
7.3.2

--src: orig_nu.mgz src image (geometry).
--trg: /opt/freesurfer/average/mni305.cor.mgz trg image (geometry).
--inmni: transforms/talairach.auto.xfm input MNI/XFM transform.
--outlta: transforms/talairach.auto.xfm.lta output LTA.
--s: fsaverage subject name
 LTA read, type : 1
 1.08433  -0.11214  -0.02830  -7.53374;
 0.08782   1.03069  -0.10734  -5.88242;
 0.02500   0.16798   1.16530   13.80157;
 0.00000   0.00000   0.00000   1.00000;
setting subject to fsaverage
Writing  LTA to file transforms/talairach.auto.xfm.lta...
lta_convert successful.
 
 
Started at Thu Mar 12 18:47:17 CET 2026
Ended   at Thu Mar 12 18:47:32 CET 2026
talairach_avi done
