status file for recon-all
Thu Mar 12 17:03:10 CET 2026
#@# Tessellate rh Thu Mar 12 17:03:10 CET 2026
#@# Smooth1 rh Thu Mar 12 17:03:14 CET 2026
#@# Inflation1 rh Thu Mar 12 17:03:17 CET 2026
#@# QSphere rh Thu Mar 12 17:03:31 CET 2026
#@# Fix Topology rh Thu Mar 12 17:05:00 CET 2026
#@# Smooth2 rh Thu Mar 12 17:15:18 CET 2026
#@# Inflation2 rh Thu Mar 12 17:15:21 CET 2026
#@# Curv .H and .K rh Thu Mar 12 17:15:37 CET 2026
#@# Sphere rh Thu Mar 12 17:16:27 CET 2026
#@# Surf Reg rh Thu Mar 12 17:25:06 CET 2026
#@# Jacobian white rh Thu Mar 12 17:33:07 CET 2026
#@# AvgCurv rh Thu Mar 12 17:33:08 CET 2026
#@# Cortical Parc rh Thu Mar 12 17:33:09 CET 2026
#@# white curv rh Thu Mar 12 17:42:27 CET 2026
#@# white area rh Thu Mar 12 17:42:30 CET 2026
#@# pial curv rh Thu Mar 12 17:42:30 CET 2026
#@# pial area rh Thu Mar 12 17:42:33 CET 2026
#@# thickness rh Thu Mar 12 17:42:33 CET 2026
#@# area and vertex vol rh Thu Mar 12 17:43:08 CET 2026
#@# Curvature Stats rh Thu Mar 12 17:43:10 CET 2026
#@# Cortical Parc 2 rh Thu Mar 12 17:43:12 CET 2026
#@# Cortical Parc 3 rh Thu Mar 12 17:43:27 CET 2026
#@# WM/GM Contrast rh Thu Mar 12 17:43:38 CET 2026
recon-all -s sub-v1s20x0050280_ses-1 finished without error at Thu Mar 12 17:43:42 CET 2026



#New# invocation of recon-all 



status file for recon-all
Thu Mar 12 17:52:30 CET 2026
#@# white curv rh Thu Mar 12 17:52:30 CET 2026
#@# white area rh Thu Mar 12 17:52:31 CET 2026
#@# pial curv rh Thu Mar 12 17:52:31 CET 2026
#@# pial area rh Thu Mar 12 17:52:31 CET 2026
#@# thickness rh Thu Mar 12 17:52:31 CET 2026
#@# area and vertex vol rh Thu Mar 12 17:52:31 CET 2026
#@# Parcellation Stats rh Thu Mar 12 17:52:31 CET 2026
#@# Parcellation Stats 2 rh Thu Mar 12 17:52:51 CET 2026
#@# Parcellation Stats 3 rh Thu Mar 12 17:53:01 CET 2026
#@# BA_exvivo Labels rh Thu Mar 12 17:53:11 CET 2026
recon-all -s sub-v1s20x0050280_ses-1 finished without error at Thu Mar 12 17:56:07 CET 2026
