status file for recon-all
Thu Mar 12 16:34:36 CET 2026
#@# Tessellate lh Thu Mar 12 16:34:36 CET 2026
#@# Smooth1 lh Thu Mar 12 16:34:40 CET 2026
#@# Inflation1 lh Thu Mar 12 16:34:43 CET 2026
#@# QSphere lh Thu Mar 12 16:34:59 CET 2026
#@# Fix Topology lh Thu Mar 12 16:36:19 CET 2026
#@# Smooth2 lh Thu Mar 12 16:45:30 CET 2026
#@# Inflation2 lh Thu Mar 12 16:45:33 CET 2026
#@# Curv .H and .K lh Thu Mar 12 16:45:49 CET 2026
#@# Sphere lh Thu Mar 12 16:46:38 CET 2026
#@# Surf Reg lh Thu Mar 12 16:50:51 CET 2026
#@# Jacobian white lh Thu Mar 12 16:55:12 CET 2026
#@# AvgCurv lh Thu Mar 12 16:55:13 CET 2026
#@# Cortical Parc lh Thu Mar 12 16:55:14 CET 2026
#@# white curv lh Thu Mar 12 17:01:51 CET 2026
#@# white area lh Thu Mar 12 17:01:53 CET 2026
#@# pial curv lh Thu Mar 12 17:01:54 CET 2026
#@# pial area lh Thu Mar 12 17:01:56 CET 2026
#@# thickness lh Thu Mar 12 17:01:57 CET 2026
#@# area and vertex vol lh Thu Mar 12 17:02:30 CET 2026
#@# Curvature Stats lh Thu Mar 12 17:02:32 CET 2026
#@# Cortical Parc 2 lh Thu Mar 12 17:02:35 CET 2026
#@# Cortical Parc 3 lh Thu Mar 12 17:02:50 CET 2026
#@# WM/GM Contrast lh Thu Mar 12 17:03:01 CET 2026
recon-all -s sub-v1s20x0050280_ses-1 finished without error at Thu Mar 12 17:03:06 CET 2026



#New# invocation of recon-all 



status file for recon-all
Thu Mar 12 17:48:46 CET 2026
#@# white curv lh Thu Mar 12 17:48:46 CET 2026
#@# white area lh Thu Mar 12 17:48:46 CET 2026
#@# pial curv lh Thu Mar 12 17:48:46 CET 2026
#@# pial area lh Thu Mar 12 17:48:46 CET 2026
#@# thickness lh Thu Mar 12 17:48:46 CET 2026
#@# area and vertex vol lh Thu Mar 12 17:48:46 CET 2026
#@# Parcellation Stats lh Thu Mar 12 17:48:46 CET 2026
#@# Parcellation Stats 2 lh Thu Mar 12 17:49:07 CET 2026
#@# Parcellation Stats 3 lh Thu Mar 12 17:49:17 CET 2026
#@# BA_exvivo Labels lh Thu Mar 12 17:49:27 CET 2026
recon-all -s sub-v1s20x0050280_ses-1 finished without error at Thu Mar 12 17:52:29 CET 2026
