status file for recon-all
Mon Mar  9 09:25:13 CET 2026
#@# Tessellate rh Mon Mar  9 09:25:13 CET 2026
#@# Smooth1 rh Mon Mar  9 09:25:15 CET 2026
#@# Inflation1 rh Mon Mar  9 09:25:17 CET 2026
#@# QSphere rh Mon Mar  9 09:25:35 CET 2026
#@# Fix Topology rh Mon Mar  9 09:26:30 CET 2026
#@# Smooth2 rh Mon Mar  9 09:37:24 CET 2026
#@# Inflation2 rh Mon Mar  9 09:37:26 CET 2026
#@# Curv .H and .K rh Mon Mar  9 09:37:38 CET 2026
#@# Sphere rh Mon Mar  9 09:38:13 CET 2026
#@# Surf Reg rh Mon Mar  9 09:44:25 CET 2026
#@# Jacobian white rh Mon Mar  9 09:50:26 CET 2026
#@# AvgCurv rh Mon Mar  9 09:50:27 CET 2026
#@# Cortical Parc rh Mon Mar  9 09:50:27 CET 2026
#@# white curv rh Mon Mar  9 09:59:47 CET 2026
#@# white area rh Mon Mar  9 09:59:49 CET 2026
#@# pial curv rh Mon Mar  9 09:59:49 CET 2026
#@# pial area rh Mon Mar  9 09:59:51 CET 2026
#@# thickness rh Mon Mar  9 09:59:51 CET 2026
#@# area and vertex vol rh Mon Mar  9 10:00:10 CET 2026
#@# Curvature Stats rh Mon Mar  9 10:00:11 CET 2026
#@# Cortical Parc 2 rh Mon Mar  9 10:00:12 CET 2026
#@# Cortical Parc 3 rh Mon Mar  9 10:00:22 CET 2026
#@# WM/GM Contrast rh Mon Mar  9 10:00:29 CET 2026
recon-all -s sub-v1s20x0050307_ses-1 finished without error at Mon Mar  9 10:00:32 CET 2026



#New# invocation of recon-all 



status file for recon-all
Mon Mar  9 10:06:21 CET 2026
#@# white curv rh Mon Mar  9 10:06:21 CET 2026
#@# white area rh Mon Mar  9 10:06:21 CET 2026
#@# pial curv rh Mon Mar  9 10:06:21 CET 2026
#@# pial area rh Mon Mar  9 10:06:21 CET 2026
#@# thickness rh Mon Mar  9 10:06:21 CET 2026
#@# area and vertex vol rh Mon Mar  9 10:06:21 CET 2026
#@# Parcellation Stats rh Mon Mar  9 10:06:21 CET 2026
#@# Parcellation Stats 2 rh Mon Mar  9 10:06:34 CET 2026
#@# Parcellation Stats 3 rh Mon Mar  9 10:06:41 CET 2026
#@# BA_exvivo Labels rh Mon Mar  9 10:06:47 CET 2026
recon-all -s sub-v1s20x0050307_ses-1 finished without error at Mon Mar  9 10:08:40 CET 2026
