status file for recon-all
Thu Mar 12 15:02:08 CET 2026
#@# MotionCor Thu Mar 12 15:02:08 CET 2026
#@# Talairach Thu Mar 12 15:02:13 CET 2026
#@# Talairach Failure Detection Thu Mar 12 15:05:02 CET 2026
#@# Nu Intensity Correction Thu Mar 12 15:05:03 CET 2026
#@# Intensity Normalization Thu Mar 12 15:07:47 CET 2026
recon-all -s sub-v1s20x0050287_ses-1 finished without error at Thu Mar 12 15:08:44 CET 2026



#New# invocation of recon-all 



status file for recon-all
Thu Mar 12 15:14:23 CET 2026
#@# EM Registration Thu Mar 12 15:14:23 CET 2026
recon-all -s sub-v1s20x0050287_ses-1 finished without error at Thu Mar 12 15:16:07 CET 2026



#New# invocation of recon-all 



status file for recon-all
Thu Mar 12 15:16:09 CET 2026
#@# CA Normalize Thu Mar 12 15:16:09 CET 2026
#@# CA Reg Thu Mar 12 15:17:03 CET 2026
#@# SubCort Seg Thu Mar 12 16:04:08 CET 2026
#@# CC Seg Thu Mar 12 16:28:21 CET 2026
#@# Merge ASeg Thu Mar 12 16:28:41 CET 2026
#@# Intensity Normalization2 Thu Mar 12 16:28:41 CET 2026
#@# Mask BFS Thu Mar 12 16:30:06 CET 2026
#@# WM Segmentation Thu Mar 12 16:30:07 CET 2026
#@# Fill Thu Mar 12 16:31:48 CET 2026
recon-all -s sub-v1s20x0050287_ses-1 finished without error at Thu Mar 12 16:32:27 CET 2026



#New# invocation of recon-all 



status file for recon-all
Thu Mar 12 17:37:54 CET 2026
#@# white curv lh Thu Mar 12 17:37:54 CET 2026
#@# white area lh Thu Mar 12 17:37:54 CET 2026
#@# pial curv lh Thu Mar 12 17:37:54 CET 2026
#@# pial area lh Thu Mar 12 17:37:54 CET 2026
#@# thickness lh Thu Mar 12 17:37:54 CET 2026
#@# area and vertex vol lh Thu Mar 12 17:37:54 CET 2026
#@# white curv rh Thu Mar 12 17:37:54 CET 2026
#@# white area rh Thu Mar 12 17:37:54 CET 2026
#@# pial curv rh Thu Mar 12 17:37:54 CET 2026
#@# pial area rh Thu Mar 12 17:37:54 CET 2026
#@# thickness rh Thu Mar 12 17:37:54 CET 2026
#@# area and vertex vol rh Thu Mar 12 17:37:54 CET 2026
#@# Cortical ribbon mask Thu Mar 12 17:37:54 CET 2026
recon-all -s sub-v1s20x0050287_ses-1 finished without error at Thu Mar 12 17:42:49 CET 2026



#New# invocation of recon-all 



status file for recon-all
Thu Mar 12 17:49:14 CET 2026
#@# white curv lh Thu Mar 12 17:49:14 CET 2026
#@# white area lh Thu Mar 12 17:49:14 CET 2026
#@# pial curv lh Thu Mar 12 17:49:14 CET 2026
#@# pial area lh Thu Mar 12 17:49:14 CET 2026
#@# thickness lh Thu Mar 12 17:49:14 CET 2026
#@# area and vertex vol lh Thu Mar 12 17:49:14 CET 2026
#@# white curv rh Thu Mar 12 17:49:14 CET 2026
#@# white area rh Thu Mar 12 17:49:14 CET 2026
#@# pial curv rh Thu Mar 12 17:49:14 CET 2026
#@# pial area rh Thu Mar 12 17:49:14 CET 2026
#@# thickness rh Thu Mar 12 17:49:14 CET 2026
#@# area and vertex vol rh Thu Mar 12 17:49:14 CET 2026
#@# Curvature Stats lh Thu Mar 12 17:49:14 CET 2026
#@# Curvature Stats rh Thu Mar 12 17:49:16 CET 2026
#@# Relabel Hypointensities Thu Mar 12 17:49:18 CET 2026
#@# APas-to-ASeg Thu Mar 12 17:49:30 CET 2026
#@# AParc-to-ASeg aparc Thu Mar 12 17:49:38 CET 2026
#@# AParc-to-ASeg aparc.a2009s Thu Mar 12 17:50:16 CET 2026
#@# AParc-to-ASeg aparc.DKTatlas Thu Mar 12 17:50:53 CET 2026
#@# WMParc Thu Mar 12 17:51:30 CET 2026
#@# ASeg Stats Thu Mar 12 17:53:23 CET 2026
recon-all -s sub-v1s20x0050287_ses-1 finished without error at Thu Mar 12 17:53:42 CET 2026
