status file for recon-all
Thu Mar 12 19:13:49 CET 2026
#@# MotionCor Thu Mar 12 19:13:50 CET 2026
#@# Talairach Thu Mar 12 19:13:59 CET 2026
#@# Talairach Failure Detection Thu Mar 12 19:18:24 CET 2026
#@# Nu Intensity Correction Thu Mar 12 19:18:24 CET 2026
#@# Intensity Normalization Thu Mar 12 19:21:39 CET 2026
recon-all -s sub-v1s20x0050376_ses-1 finished without error at Thu Mar 12 19:23:05 CET 2026



#New# invocation of recon-all 



status file for recon-all
Thu Mar 12 19:29:41 CET 2026
#@# EM Registration Thu Mar 12 19:29:41 CET 2026
recon-all -s sub-v1s20x0050376_ses-1 finished without error at Thu Mar 12 19:32:41 CET 2026



#New# invocation of recon-all 



status file for recon-all
Thu Mar 12 19:32:43 CET 2026
#@# CA Normalize Thu Mar 12 19:32:43 CET 2026
#@# CA Reg Thu Mar 12 19:34:02 CET 2026
#@# SubCort Seg Thu Mar 12 20:26:11 CET 2026
#@# CC Seg Thu Mar 12 20:53:08 CET 2026
#@# Merge ASeg Thu Mar 12 20:53:45 CET 2026
#@# Intensity Normalization2 Thu Mar 12 20:53:45 CET 2026
#@# Mask BFS Thu Mar 12 20:55:53 CET 2026
#@# WM Segmentation Thu Mar 12 20:55:53 CET 2026
#@# Fill Thu Mar 12 20:57:51 CET 2026
recon-all -s sub-v1s20x0050376_ses-1 finished without error at Thu Mar 12 20:58:53 CET 2026



#New# invocation of recon-all 



status file for recon-all
Thu Mar 12 21:43:36 CET 2026
#@# white curv lh Thu Mar 12 21:43:36 CET 2026
#@# white area lh Thu Mar 12 21:43:36 CET 2026
#@# pial curv lh Thu Mar 12 21:43:36 CET 2026
#@# pial area lh Thu Mar 12 21:43:36 CET 2026
#@# thickness lh Thu Mar 12 21:43:36 CET 2026
#@# area and vertex vol lh Thu Mar 12 21:43:36 CET 2026
#@# white curv rh Thu Mar 12 21:43:36 CET 2026
#@# white area rh Thu Mar 12 21:43:36 CET 2026
#@# pial curv rh Thu Mar 12 21:43:36 CET 2026
#@# pial area rh Thu Mar 12 21:43:36 CET 2026
#@# thickness rh Thu Mar 12 21:43:36 CET 2026
#@# area and vertex vol rh Thu Mar 12 21:43:36 CET 2026
#@# Cortical ribbon mask Thu Mar 12 21:43:36 CET 2026
recon-all -s sub-v1s20x0050376_ses-1 finished without error at Thu Mar 12 21:48:12 CET 2026



#New# invocation of recon-all 



status file for recon-all
Thu Mar 12 21:54:08 CET 2026
#@# white curv lh Thu Mar 12 21:54:08 CET 2026
#@# white area lh Thu Mar 12 21:54:08 CET 2026
#@# pial curv lh Thu Mar 12 21:54:08 CET 2026
#@# pial area lh Thu Mar 12 21:54:08 CET 2026
#@# thickness lh Thu Mar 12 21:54:08 CET 2026
#@# area and vertex vol lh Thu Mar 12 21:54:08 CET 2026
#@# white curv rh Thu Mar 12 21:54:08 CET 2026
#@# white area rh Thu Mar 12 21:54:08 CET 2026
#@# pial curv rh Thu Mar 12 21:54:08 CET 2026
#@# pial area rh Thu Mar 12 21:54:08 CET 2026
#@# thickness rh Thu Mar 12 21:54:08 CET 2026
#@# area and vertex vol rh Thu Mar 12 21:54:08 CET 2026
#@# Curvature Stats lh Thu Mar 12 21:54:08 CET 2026
#@# Curvature Stats rh Thu Mar 12 21:54:10 CET 2026
#@# Relabel Hypointensities Thu Mar 12 21:54:12 CET 2026
#@# APas-to-ASeg Thu Mar 12 21:54:26 CET 2026
#@# AParc-to-ASeg aparc Thu Mar 12 21:54:34 CET 2026
#@# AParc-to-ASeg aparc.a2009s Thu Mar 12 21:55:00 CET 2026
#@# AParc-to-ASeg aparc.DKTatlas Thu Mar 12 21:55:27 CET 2026
#@# WMParc Thu Mar 12 21:55:53 CET 2026
#@# ASeg Stats Thu Mar 12 21:59:46 CET 2026
recon-all -s sub-v1s20x0050376_ses-1 finished without error at Thu Mar 12 22:00:24 CET 2026
