status file for recon-all
Thu Mar 12 15:49:56 CET 2026
#@# MotionCor Thu Mar 12 15:49:57 CET 2026
#@# Talairach Thu Mar 12 15:50:02 CET 2026
#@# Talairach Failure Detection Thu Mar 12 15:52:52 CET 2026
#@# Nu Intensity Correction Thu Mar 12 15:52:52 CET 2026
#@# Intensity Normalization Thu Mar 12 15:55:37 CET 2026
recon-all -s sub-v1s20x0050372_ses-1 finished without error at Thu Mar 12 15:56:35 CET 2026



#New# invocation of recon-all 



status file for recon-all
Thu Mar 12 16:02:27 CET 2026
#@# EM Registration Thu Mar 12 16:02:27 CET 2026
recon-all -s sub-v1s20x0050372_ses-1 finished without error at Thu Mar 12 16:04:21 CET 2026



#New# invocation of recon-all 



status file for recon-all
Thu Mar 12 16:04:25 CET 2026
#@# CA Normalize Thu Mar 12 16:04:25 CET 2026
#@# CA Reg Thu Mar 12 16:05:18 CET 2026
#@# SubCort Seg Thu Mar 12 16:44:00 CET 2026
#@# CC Seg Thu Mar 12 17:07:48 CET 2026
#@# Merge ASeg Thu Mar 12 17:08:30 CET 2026
#@# Intensity Normalization2 Thu Mar 12 17:08:30 CET 2026
#@# Mask BFS Thu Mar 12 17:09:54 CET 2026
#@# WM Segmentation Thu Mar 12 17:09:55 CET 2026
#@# Fill Thu Mar 12 17:11:42 CET 2026
recon-all -s sub-v1s20x0050372_ses-1 finished without error at Thu Mar 12 17:12:21 CET 2026



#New# invocation of recon-all 



status file for recon-all
Thu Mar 12 18:07:36 CET 2026
#@# white curv lh Thu Mar 12 18:07:36 CET 2026
#@# white area lh Thu Mar 12 18:07:36 CET 2026
#@# pial curv lh Thu Mar 12 18:07:36 CET 2026
#@# pial area lh Thu Mar 12 18:07:36 CET 2026
#@# thickness lh Thu Mar 12 18:07:36 CET 2026
#@# area and vertex vol lh Thu Mar 12 18:07:36 CET 2026
#@# white curv rh Thu Mar 12 18:07:36 CET 2026
#@# white area rh Thu Mar 12 18:07:36 CET 2026
#@# pial curv rh Thu Mar 12 18:07:36 CET 2026
#@# pial area rh Thu Mar 12 18:07:36 CET 2026
#@# thickness rh Thu Mar 12 18:07:36 CET 2026
#@# area and vertex vol rh Thu Mar 12 18:07:36 CET 2026
#@# Cortical ribbon mask Thu Mar 12 18:07:36 CET 2026
recon-all -s sub-v1s20x0050372_ses-1 finished without error at Thu Mar 12 18:11:44 CET 2026



#New# invocation of recon-all 



status file for recon-all
Thu Mar 12 18:17:44 CET 2026
#@# white curv lh Thu Mar 12 18:17:44 CET 2026
#@# white area lh Thu Mar 12 18:17:44 CET 2026
#@# pial curv lh Thu Mar 12 18:17:44 CET 2026
#@# pial area lh Thu Mar 12 18:17:44 CET 2026
#@# thickness lh Thu Mar 12 18:17:44 CET 2026
#@# area and vertex vol lh Thu Mar 12 18:17:44 CET 2026
#@# white curv rh Thu Mar 12 18:17:44 CET 2026
#@# white area rh Thu Mar 12 18:17:44 CET 2026
#@# pial curv rh Thu Mar 12 18:17:44 CET 2026
#@# pial area rh Thu Mar 12 18:17:44 CET 2026
#@# thickness rh Thu Mar 12 18:17:44 CET 2026
#@# area and vertex vol rh Thu Mar 12 18:17:44 CET 2026
#@# Curvature Stats lh Thu Mar 12 18:17:44 CET 2026
#@# Curvature Stats rh Thu Mar 12 18:17:47 CET 2026
#@# Relabel Hypointensities Thu Mar 12 18:17:49 CET 2026
#@# APas-to-ASeg Thu Mar 12 18:18:01 CET 2026
#@# AParc-to-ASeg aparc Thu Mar 12 18:18:08 CET 2026
#@# AParc-to-ASeg aparc.a2009s Thu Mar 12 18:18:41 CET 2026
#@# AParc-to-ASeg aparc.DKTatlas Thu Mar 12 18:19:14 CET 2026
#@# WMParc Thu Mar 12 18:19:45 CET 2026
#@# ASeg Stats Thu Mar 12 18:22:12 CET 2026
recon-all -s sub-v1s20x0050372_ses-1 finished without error at Thu Mar 12 18:22:36 CET 2026
