status file for recon-all
Thu Mar 12 17:12:26 CET 2026
#@# Tessellate lh Thu Mar 12 17:12:26 CET 2026
#@# Smooth1 lh Thu Mar 12 17:12:28 CET 2026
#@# Inflation1 lh Thu Mar 12 17:12:31 CET 2026
#@# QSphere lh Thu Mar 12 17:12:45 CET 2026
#@# Fix Topology lh Thu Mar 12 17:13:46 CET 2026
#@# Smooth2 lh Thu Mar 12 17:22:18 CET 2026
#@# Inflation2 lh Thu Mar 12 17:22:20 CET 2026
#@# Curv .H and .K lh Thu Mar 12 17:22:36 CET 2026
#@# Sphere lh Thu Mar 12 17:23:17 CET 2026
#@# Surf Reg lh Thu Mar 12 17:26:37 CET 2026
#@# Jacobian white lh Thu Mar 12 17:31:22 CET 2026
#@# AvgCurv lh Thu Mar 12 17:31:23 CET 2026
#@# Cortical Parc lh Thu Mar 12 17:31:24 CET 2026
#@# white curv lh Thu Mar 12 17:38:17 CET 2026
#@# white area lh Thu Mar 12 17:38:18 CET 2026
#@# pial curv lh Thu Mar 12 17:38:19 CET 2026
#@# pial area lh Thu Mar 12 17:38:21 CET 2026
#@# thickness lh Thu Mar 12 17:38:21 CET 2026
#@# area and vertex vol lh Thu Mar 12 17:38:43 CET 2026
#@# Curvature Stats lh Thu Mar 12 17:38:44 CET 2026
#@# Cortical Parc 2 lh Thu Mar 12 17:38:46 CET 2026
#@# Cortical Parc 3 lh Thu Mar 12 17:38:58 CET 2026
#@# WM/GM Contrast lh Thu Mar 12 17:39:06 CET 2026
recon-all -s sub-v1s20x0050372_ses-1 finished without error at Thu Mar 12 17:39:09 CET 2026



#New# invocation of recon-all 



status file for recon-all
Thu Mar 12 18:11:48 CET 2026
#@# white curv lh Thu Mar 12 18:11:48 CET 2026
#@# white area lh Thu Mar 12 18:11:48 CET 2026
#@# pial curv lh Thu Mar 12 18:11:48 CET 2026
#@# pial area lh Thu Mar 12 18:11:48 CET 2026
#@# thickness lh Thu Mar 12 18:11:48 CET 2026
#@# area and vertex vol lh Thu Mar 12 18:11:48 CET 2026
#@# Parcellation Stats lh Thu Mar 12 18:11:48 CET 2026
#@# Parcellation Stats 2 lh Thu Mar 12 18:12:07 CET 2026
#@# Parcellation Stats 3 lh Thu Mar 12 18:12:16 CET 2026
#@# BA_exvivo Labels lh Thu Mar 12 18:12:26 CET 2026
recon-all -s sub-v1s20x0050372_ses-1 finished without error at Thu Mar 12 18:14:42 CET 2026
