status file for recon-all
Thu Mar 12 15:36:34 CET 2026
#@# MotionCor Thu Mar 12 15:36:35 CET 2026
#@# Talairach Thu Mar 12 15:36:43 CET 2026
#@# Talairach Failure Detection Thu Mar 12 15:41:09 CET 2026
#@# Nu Intensity Correction Thu Mar 12 15:41:09 CET 2026
#@# Intensity Normalization Thu Mar 12 15:44:26 CET 2026
recon-all -s sub-v1s20x0050298_ses-1 finished without error at Thu Mar 12 15:45:51 CET 2026



#New# invocation of recon-all 



status file for recon-all
Thu Mar 12 15:52:30 CET 2026
#@# EM Registration Thu Mar 12 15:52:30 CET 2026
recon-all -s sub-v1s20x0050298_ses-1 finished without error at Thu Mar 12 15:54:22 CET 2026



#New# invocation of recon-all 



status file for recon-all
Thu Mar 12 15:54:24 CET 2026
#@# CA Normalize Thu Mar 12 15:54:24 CET 2026
#@# CA Reg Thu Mar 12 15:55:45 CET 2026
#@# SubCort Seg Thu Mar 12 16:46:41 CET 2026
#@# CC Seg Thu Mar 12 17:16:01 CET 2026
#@# Merge ASeg Thu Mar 12 17:16:49 CET 2026
#@# Intensity Normalization2 Thu Mar 12 17:16:49 CET 2026
#@# Mask BFS Thu Mar 12 17:18:59 CET 2026
#@# WM Segmentation Thu Mar 12 17:19:00 CET 2026
#@# Fill Thu Mar 12 17:21:05 CET 2026
recon-all -s sub-v1s20x0050298_ses-1 finished without error at Thu Mar 12 17:22:07 CET 2026



#New# invocation of recon-all 



status file for recon-all
Thu Mar 12 18:09:44 CET 2026
#@# white curv lh Thu Mar 12 18:09:44 CET 2026
#@# white area lh Thu Mar 12 18:09:44 CET 2026
#@# pial curv lh Thu Mar 12 18:09:44 CET 2026
#@# pial area lh Thu Mar 12 18:09:44 CET 2026
#@# thickness lh Thu Mar 12 18:09:44 CET 2026
#@# area and vertex vol lh Thu Mar 12 18:09:44 CET 2026
#@# white curv rh Thu Mar 12 18:09:44 CET 2026
#@# white area rh Thu Mar 12 18:09:44 CET 2026
#@# pial curv rh Thu Mar 12 18:09:44 CET 2026
#@# pial area rh Thu Mar 12 18:09:44 CET 2026
#@# thickness rh Thu Mar 12 18:09:44 CET 2026
#@# area and vertex vol rh Thu Mar 12 18:09:44 CET 2026
#@# Cortical ribbon mask Thu Mar 12 18:09:44 CET 2026
recon-all -s sub-v1s20x0050298_ses-1 finished without error at Thu Mar 12 18:13:36 CET 2026



#New# invocation of recon-all 



status file for recon-all
Thu Mar 12 18:19:53 CET 2026
#@# white curv lh Thu Mar 12 18:19:53 CET 2026
#@# white area lh Thu Mar 12 18:19:53 CET 2026
#@# pial curv lh Thu Mar 12 18:19:53 CET 2026
#@# pial area lh Thu Mar 12 18:19:53 CET 2026
#@# thickness lh Thu Mar 12 18:19:53 CET 2026
#@# area and vertex vol lh Thu Mar 12 18:19:53 CET 2026
#@# white curv rh Thu Mar 12 18:19:53 CET 2026
#@# white area rh Thu Mar 12 18:19:53 CET 2026
#@# pial curv rh Thu Mar 12 18:19:53 CET 2026
#@# pial area rh Thu Mar 12 18:19:53 CET 2026
#@# thickness rh Thu Mar 12 18:19:53 CET 2026
#@# area and vertex vol rh Thu Mar 12 18:19:53 CET 2026
#@# Curvature Stats lh Thu Mar 12 18:19:53 CET 2026
#@# Curvature Stats rh Thu Mar 12 18:19:56 CET 2026
#@# Relabel Hypointensities Thu Mar 12 18:19:58 CET 2026
#@# APas-to-ASeg Thu Mar 12 18:20:14 CET 2026
#@# AParc-to-ASeg aparc Thu Mar 12 18:20:21 CET 2026
#@# AParc-to-ASeg aparc.a2009s Thu Mar 12 18:20:58 CET 2026
#@# AParc-to-ASeg aparc.DKTatlas Thu Mar 12 18:21:36 CET 2026
#@# WMParc Thu Mar 12 18:22:11 CET 2026
#@# ASeg Stats Thu Mar 12 18:26:09 CET 2026
recon-all -s sub-v1s20x0050298_ses-1 finished without error at Thu Mar 12 18:26:52 CET 2026
