/out/sourcedata/freesurfer/sub-v1s20x0050324_ses-1/mri
/opt/freesurfer/bin/talairach_avi
--i orig_nu.mgz --xfm transforms/talairach.auto.xfm
talairach_avi 7.3.2
Linux dna010 5.14.0-427.37.1.el9_4.x86_64 #1 SMP PREEMPT_DYNAMIC Fri Sep 13 12:41:50 EDT 2024 x86_64 x86_64 x86_64 GNU/Linux
Mon Mar  9 08:01:56 CET 2026
mri_convert orig_nu.mgz talsrcimg.img 
reading from orig_nu.mgz...
TR=0.00, TE=0.00, TI=0.00, flip angle=0.00
i_ras = (-1, 0, 0)
j_ras = (0, 0, -1)
k_ras = (0, 1, 0)
writing to talsrcimg.img...
Analyze Output Matrix
-1.00000   0.00000   0.00000   129.50781;
 0.00000   0.00000   1.00000  -128.49219;
 0.00000  -1.00000   0.00000   129.60004;
 0.00000   0.00000   0.00000   1.00000;
--------------------
INFO: set hdr.hist.orient to -1
mpr2mni305 talsrcimg
Mon Mar  9 08:01:57 CET 2026
/opt/freesurfer/bin/mpr2mni305 talsrcimg
mpr2mni305 7.3.2
target=711-2C_as_mni_average_305

---------------------------------------------------------------------
analyzeto4dfp talsrcimg -O0 -y
---------------------------------------------------------------------

freesurfer ifh2hdr.c
Mon Mar  9 08:01:57 2026
Writing: talsrcimg.4dfp.hdr
freesurfer analyzeto4dfp.c
Reading: talsrcimg.hdr
header size 348 bytes
hdr.dime.datatype	offset=70	value=2
hdr.dime.bitpix		offset=72	value=8
hdr.hist.orient		offset=252	value=-1
dimensionality     4
dimensions       256       256       256         1
Reading: talsrcimg.img
Writing: talsrcimg.4dfp.img
Writing: talsrcimg.4dfp.ifh
ifh2hdr talsrcimg -r0to242
ori=2

---------------------------------------------------------------------
gauss_4dfp talsrcimg 1.1
---------------------------------------------------------------------

freesurfer gauss_4dfp.c
Reading: talsrcimg.4dfp.img
Writing: talsrcimg_g11.4dfp.img
image dimensions 256 256 256 padded to 288 288 288
processing volume 1freesurfer ifh2hdr.c
Mon Mar  9 08:01:59 2026
Writing: talsrcimg_g11.4dfp.hdr

Writing: talsrcimg_g11.4dfp.ifh
including: talsrcimg.4dfp.img.rec in talsrcimg_g11.4dfp.img.rec

---------------------------------------------------------------------
imgreg_4dfp /opt/freesurfer/average/711-2C_as_mni_average_305 none talsrcimg_g11 none talsrcimg_to_711-2C_as_mni_average_305_t4 4355
---------------------------------------------------------------------

freesurfer imgreg_4dfp.c
/opt/freesurfer/average/711-2C_as_mni_average_305.4dfp.img
       256       256       256         1
  1.000000  1.000000  1.000000
orientation T byte_order littleendian
Reading image: /opt/freesurfer/average/711-2C_as_mni_average_305.4dfp.img
dimensions:      256       256       256
mmppix:       1.0000   -1.0000   -1.0000
center:     128.0000 -129.0000 -129.0000
talsrcimg_g11.4dfp.img
       256       256       256         1
  1.000000  1.000000  1.000000
orientation T byte_order littleendian
Reading image: talsrcimg_g11.4dfp.img
dimensions:      256       256       256
mmppix:       1.0000   -1.0000   -1.0000
center:     128.0000 -129.0000 -129.0000
t4_read: open error in t4_sub.f l:  41 t4_file(1:l)talsrcimg_to_711-2C_as_mni_average_305_t4 
t4_read: transform initialized to I4
rotation matrix determinant  1.000000
image alignment mode   4355 decimal     1103 hex
   -7.5000  -45.0000  -45.0000 7175.6470   16.8448
    0.0000  -45.0000  -45.0000 7542.4785   16.8178
    7.5000  -45.0000  -45.0000 7345.7456   16.8863
   -7.5000  -37.5000  -45.0000 7763.5859   16.8374
    0.0000  -37.5000  -45.0000 8156.3115   16.8105
    7.5000  -37.5000  -45.0000 7951.1265   16.8848
   -7.5000  -30.0000  -45.0000 8634.3740   16.8774
    0.0000  -30.0000  -45.0000 9093.6445   16.8473
    7.5000  -30.0000  -45.0000 8834.9688   16.9197
   -7.5000  -22.5000  -45.0000 9380.0918   16.9333
    0.0000  -22.5000  -45.0000 9889.8857   16.8994
    7.5000  -22.5000  -45.0000 9609.0996   16.9636
   -7.5000  -15.0000  -45.000010040.9375   16.9521
    0.0000  -15.0000  -45.000010590.4072   16.9185
    7.5000  -15.0000  -45.000010288.1279   16.9777
   -7.5000   -7.5000  -45.000010704.1406   16.9034
    0.0000   -7.5000  -45.000011304.9844   16.8737
    7.5000   -7.5000  -45.000010979.0547   16.9352
   -7.5000    0.0000  -45.000011331.0332   16.8448
    0.0000    0.0000  -45.000011984.6494   16.8178
    7.5000    0.0000  -45.000011645.1562   16.8863
   -7.5000    7.5000  -45.000011081.8926   16.8374
    0.0000    7.5000  -45.000011739.3555   16.8105
    7.5000    7.5000  -45.000011391.5049   16.8848
   -7.5000   15.0000  -45.000010733.2852   16.8774
    0.0000   15.0000  -45.000011372.5830   16.8473
    7.5000   15.0000  -45.000011010.4355   16.9197
   -7.5000   22.5000  -45.000010261.9111   16.9310
    0.0000   22.5000  -45.000010871.9805   16.8970
    7.5000   22.5000  -45.000010500.7939   16.9613
   -7.5000   30.0000  -45.0000 9583.8896   16.7262
    0.0000   30.0000  -45.000010156.1367   16.6930
    7.5000   30.0000  -45.0000 9820.1670   16.7514
   -7.5000   37.5000  -45.0000 9209.9736   16.6781
    0.0000   37.5000  -45.0000 9738.5977   16.6488
    7.5000   37.5000  -45.0000 9421.5645   16.7095
   -7.5000   45.0000  -45.0000 8502.7090   16.1982
    0.0000   45.0000  -45.0000 8964.8691   16.1724
    7.5000   45.0000  -45.0000 8695.7080   16.2382
   -7.5000  -45.0000  -37.5000 7670.8491   16.7024
    0.0000  -45.0000  -37.5000 8056.2173   16.6772
    7.5000  -45.0000  -37.5000 7821.6304   16.7545
   -7.5000  -37.5000  -37.5000 8297.7412   16.6986
    0.0000  -37.5000  -37.5000 8717.3037   16.6761
    7.5000  -37.5000  -37.5000 8466.2266   16.7581
   -7.5000  -30.0000  -37.5000 9222.1221   16.7398
    0.0000  -30.0000  -37.5000 9730.1387   16.7184
    7.5000  -30.0000  -37.5000 9433.1104   16.7989
   -7.5000  -22.5000  -37.5000 9995.0088   16.7926
    0.0000  -22.5000  -37.500010566.3633   16.7694
    7.5000  -22.5000  -37.500010253.2725   16.8434
   -7.5000  -15.0000  -37.500010691.1680   16.8086
    0.0000  -15.0000  -37.500011302.8779   16.7840
    7.5000  -15.0000  -37.500010946.7168   16.8540
   -7.5000   -7.5000  -37.500011369.3262   16.7595
    0.0000   -7.5000  -37.500012010.4463   16.7341
    7.5000   -7.5000  -37.500011656.2832   16.8059
   -7.5000    0.0000  -37.500012014.1152   16.7024
    0.0000    0.0000  -37.500012728.0732   16.6772
    7.5000    0.0000  -37.500012336.0469   16.7545
   -7.5000    7.5000  -37.500011722.3896   16.6986
    0.0000    7.5000  -37.500012453.1270   16.6761
    7.5000    7.5000  -37.500012042.6680   16.7581
   -7.5000   15.0000  -37.500011319.7100   16.7398
    0.0000   15.0000  -37.500012046.0244   16.7184
    7.5000   15.0000  -37.500011629.0352   16.7989
   -7.5000   22.5000  -37.500010794.8125   16.7903
    0.0000   22.5000  -37.500011507.3340   16.7671
    7.5000   22.5000  -37.500011093.6885   16.8411
   -7.5000   30.0000  -37.500010112.5332   16.5846
    0.0000   30.0000  -37.500010722.3643   16.5603
    7.5000   30.0000  -37.500010382.0254   16.6294
   -7.5000   37.5000  -37.5000 9668.9053   16.5361
    0.0000   37.5000  -37.500010236.9639   16.5111
    7.5000   37.5000  -37.5000 9902.9434   16.5820
   -7.5000   45.0000  -37.5000 8876.7334   16.0613
    0.0000   45.0000  -37.5000 9379.9316   16.0371
    7.5000   45.0000  -37.5000 9089.6875   16.1115
   -7.5000  -45.0000  -30.0000 8296.8281   17.3670
    0.0000  -45.0000  -30.0000 8716.9434   17.3425
    7.5000  -45.0000  -30.0000 8463.0527   17.4312
   -7.5000  -37.5000  -30.0000 8972.5645   17.3749
    0.0000  -37.5000  -30.0000 9443.6484   17.3585
    7.5000  -37.5000  -30.0000 9161.9785   17.4502
   -7.5000  -30.0000  -30.0000 9987.4551   17.4174
    0.0000  -30.0000  -30.000010534.3340   17.4074
    7.5000  -30.0000  -30.000010230.6729   17.4968
   -7.5000  -22.5000  -30.000010810.7539   17.4596
    0.0000  -22.5000  -30.000011445.0635   17.4472
    7.5000  -22.5000  -30.000011103.0752   17.5313
   -7.5000  -15.0000  -30.000011529.8447   17.4642
    0.0000  -15.0000  -30.000012196.8340   17.4458
    7.5000  -15.0000  -30.000011839.1963   17.5276
   -7.5000   -7.5000  -30.000012257.2129   17.4142
    0.0000   -7.5000  -30.000012969.8291   17.3900
    7.5000   -7.5000  -30.000012585.0967   17.4740
   -7.5000    0.0000  -30.000012894.7275   17.3670
    0.0000    0.0000  -30.000013721.6729   17.3425
    7.5000    0.0000  -30.000013302.2158   17.4312
   -7.5000    7.5000  -30.000012587.5820   17.3749
    0.0000    7.5000  -30.000013424.8984   17.3585
    7.5000    7.5000  -30.000012995.1680   17.4502
   -7.5000   15.0000  -30.000012123.9238   17.4174
    0.0000   15.0000  -30.000012947.0205   17.4074
    7.5000   15.0000  -30.000012520.4629   17.4968
   -7.5000   22.5000  -30.000011550.3066   17.4554
    0.0000   22.5000  -30.000012338.7832   17.4430
    7.5000   22.5000  -30.000011943.2305   17.5271
   -7.5000   30.0000  -30.000010825.0068   17.2331
    0.0000   30.0000  -30.000011508.2100   17.2150
    7.5000   30.0000  -30.000011156.3770   17.2957
   -7.5000   37.5000  -30.000010331.9111   17.1837
    0.0000   37.5000  -30.000010949.8486   17.1599
    7.5000   37.5000  -30.000010616.4424   17.2428
   -7.5000   45.0000  -30.0000 9456.0059   16.7127
    0.0000   45.0000  -30.0000 9997.3398   16.6891
    7.5000   45.0000  -30.0000 9705.3389   16.7745
   -7.5000  -45.0000  -22.5000 8923.3408   17.9803
    0.0000  -45.0000  -22.5000 9387.2695   17.9548
    7.5000  -45.0000  -22.5000 9115.1758   18.0428
   -7.5000  -37.5000  -22.5000 9658.1719   17.9980
    0.0000  -37.5000  -22.500010192.2100   17.9826
    7.5000  -37.5000  -22.5000 9885.8984   18.0728
   -7.5000  -30.0000  -22.500010723.9668   18.0441
    0.0000  -30.0000  -22.500011356.7207   18.0356
    7.5000  -30.0000  -22.500011033.1865   18.1219
   -7.5000  -22.5000  -22.500011650.8584   18.0803
    0.0000  -22.5000  -22.500012359.8604   18.0673
    7.5000  -22.5000  -22.500012010.8154   18.1480
   -7.5000  -15.0000  -22.500012386.4404   18.0747
    0.0000  -15.0000  -22.500013163.0391   18.0534
    7.5000  -15.0000  -22.500012772.8105   18.1328
   -7.5000   -7.5000  -22.500013119.3945   18.0208
    0.0000   -7.5000  -22.500013986.7412   17.9937
    7.5000   -7.5000  -22.500013559.3398   18.0764
   -7.5000    0.0000  -22.500013812.3594   17.9803
    0.0000    0.0000  -22.500014779.1221   17.9548
    7.5000    0.0000  -22.500014357.8379   18.0428
   -7.5000    7.5000  -22.500013474.0361   17.9980
    0.0000    7.5000  -22.500014439.5752   17.9826
    7.5000    7.5000  -22.500014052.7432   18.0728
   -7.5000   15.0000  -22.500012947.0527   18.0441
    0.0000   15.0000  -22.500013883.0039   18.0356
    7.5000   15.0000  -22.500013507.7754   18.1219
   -7.5000   22.5000  -22.500012318.1230   18.0748
    0.0000   22.5000  -22.500013148.3438   18.0617
    7.5000   22.5000  -22.500012815.2510   18.1424
   -7.5000   30.0000  -22.500011546.5508   17.8383
    0.0000   30.0000  -22.500012294.1465   17.8172
    7.5000   30.0000  -22.500011964.7881   17.8956
   -7.5000   37.5000  -22.500011000.0508   17.7851
    0.0000   37.5000  -22.500011675.1875   17.7583
    7.5000   37.5000  -22.500011364.4434   17.8399
   -7.5000   45.0000  -22.500010058.2168   17.3159
    0.0000   45.0000  -22.500010676.1787   17.2913
    7.5000   45.0000  -22.500010387.4023   17.3761
   -7.5000  -45.0000  -15.0000 9527.0332   18.4383
    0.0000  -45.0000  -15.000010061.8750   18.4114
    7.5000  -45.0000  -15.0000 9743.2695   18.4908
   -7.5000  -37.5000  -15.000010297.7744   18.4544
    0.0000  -37.5000  -15.000010913.3711   18.4347
    7.5000  -37.5000  -15.000010578.0859   18.5171
   -7.5000  -30.0000  -15.000011428.9131   18.5022
    0.0000  -30.0000  -15.000012176.4082   18.4848
    7.5000  -30.0000  -15.000011816.3662   18.5625
   -7.5000  -22.5000  -15.000012467.5059   18.5427
    0.0000  -22.5000  -15.000013303.6211   18.5190
    7.5000  -22.5000  -15.000012928.2637   18.5893
   -7.5000  -15.0000  -15.000013233.7891   18.5382
    0.0000  -15.0000  -15.000014164.1816   18.5082
    7.5000  -15.0000  -15.000013739.5029   18.5764
   -7.5000   -7.5000  -15.000013957.7031   18.4815
    0.0000   -7.5000  -15.000015000.8018   18.4507
    7.5000   -7.5000  -15.000014554.4980   18.5232
   -7.5000    0.0000  -15.000014729.3154   18.4383
    0.0000    0.0000  -15.000015828.9629   18.4114
    7.5000    0.0000  -15.000015428.0049   18.4908
   -7.5000    7.5000  -15.000014378.5820   18.4544
    0.0000    7.5000  -15.000015450.7539   18.4347
    7.5000    7.5000  -15.000015120.1328   18.5171
   -7.5000   15.0000  -15.000013825.7725   18.5022
    0.0000   15.0000  -15.000014815.2314   18.4848
    7.5000   15.0000  -15.000014516.5195   18.5625
   -7.5000   22.5000  -15.000013104.0586   18.5361
    0.0000   22.5000  -15.000013994.9844   18.5124
    7.5000   22.5000  -15.000013694.8281   18.5827
   -7.5000   30.0000  -15.000012299.6279   18.2982
    0.0000   30.0000  -15.000013116.5625   18.2686
    7.5000   30.0000  -15.000012791.0391   18.3360
   -7.5000   37.5000  -15.000011736.4053   18.2423
    0.0000   37.5000  -15.000012481.9277   18.2119
    7.5000   37.5000  -15.000012181.3574   18.2835
   -7.5000   45.0000  -15.000010719.5664   17.7677
    0.0000   45.0000  -15.000011395.0889   17.7418
    7.5000   45.0000  -15.000011135.5498   17.8183
   -7.5000  -45.0000   -7.500010109.1709   18.6621
    0.0000  -45.0000   -7.500010724.0225   18.6341
    7.5000  -45.0000   -7.500010366.6201   18.7066
   -7.5000  -37.5000   -7.500010906.6084   18.6656
    0.0000  -37.5000   -7.500011608.1787   18.6394
    7.5000  -37.5000   -7.500011254.1895   18.7170
   -7.5000  -30.0000   -7.500012123.8955   18.7126
    0.0000  -30.0000   -7.500012946.0508   18.6833
    7.5000  -30.0000   -7.500012568.5898   18.7573
   -7.5000  -22.5000   -7.500013273.3164   18.7656
    0.0000  -22.5000   -7.500014227.2197   18.7302
    7.5000  -22.5000   -7.500013846.8984   18.7954
   -7.5000  -15.0000   -7.500014115.2783   18.7740
    0.0000  -15.0000   -7.500015272.2920   18.7369
    7.5000  -15.0000   -7.500014847.7334   18.7980
   -7.5000   -7.5000   -7.500014859.4072   18.7175
    0.0000   -7.5000   -7.500016126.1631   18.6846
    7.5000   -7.5000   -7.500015730.2432   18.7493
   -7.5000    0.0000   -7.500015687.0674   18.6621
    0.0000    0.0000   -7.500016897.8457   18.6341
    7.5000    0.0000   -7.500016624.0977   18.7066
   -7.5000    7.5000   -7.500015329.3975   18.6656
    0.0000    7.5000   -7.500016470.2324   18.6394
    7.5000    7.5000   -7.500016226.9053   18.7170
   -7.5000   15.0000   -7.500014727.3984   18.7126
    0.0000   15.0000   -7.500015798.0127   18.6833
    7.5000   15.0000   -7.500015537.6660   18.7573
   -7.5000   22.5000   -7.500013952.6045   18.7570
    0.0000   22.5000   -7.500014909.7666   18.7216
    7.5000   22.5000   -7.500014617.2109   18.7867
   -7.5000   30.0000   -7.500013114.4609   18.5305
    0.0000   30.0000   -7.500013992.2021   18.4939
    7.5000   30.0000   -7.500013678.4502   18.5542
   -7.5000   37.5000   -7.500012519.9609   18.4747
    0.0000   37.5000   -7.500013378.5977   18.4423
    7.5000   37.5000   -7.500013062.8076   18.5062
   -7.5000   45.0000   -7.500011446.0889   17.9868
    0.0000   45.0000   -7.500012241.5869   17.9597
    7.5000   45.0000   -7.500011958.7002   18.0297
   -7.5000  -45.0000    0.000010566.8789   18.6833
    0.0000  -45.0000    0.000011260.2520   18.6543
    7.5000  -45.0000    0.000010921.7480   18.7289
   -7.5000  -37.5000    0.000011402.5684   18.6761
    0.0000  -37.5000    0.000012203.0166   18.6464
    7.5000  -37.5000    0.000011839.9873   18.7275
   -7.5000  -30.0000    0.000012677.0898   18.7218
    0.0000  -30.0000    0.000013588.4570   18.6882
    7.5000  -30.0000    0.000013215.4053   18.7674
   -7.5000  -22.5000    0.000013906.0479   18.7841
    0.0000  -22.5000    0.000014980.4697   18.7465
    7.5000  -22.5000    0.000014614.4238   18.8168
   -7.5000  -15.0000    0.000014853.4355   18.8040
    0.0000  -15.0000    0.000016276.8701   18.7674
    7.5000  -15.0000    0.000015921.9531   18.8321
   -7.5000   -7.5000    0.000015708.6338   18.7488
    0.0000   -7.5000    0.000017240.5312   18.7168
    7.5000   -7.5000    0.000017054.6309   18.7839
   -7.5000    0.0000    0.000016563.2773   18.6833
    0.0000    0.0000    0.000017947.3887   18.6543
    7.5000    0.0000    0.000017857.9102   18.7289
   -7.5000    7.5000    0.000016179.9707   18.6761
    0.0000    7.5000    0.000017427.0391   18.6464
    7.5000    7.5000    0.000017282.6465   18.7275
   -7.5000   15.0000    0.000015519.8076   18.7218
    0.0000   15.0000    0.000016722.7500   18.6882
    7.5000   15.0000    0.000016479.3770   18.7674
   -7.5000   22.5000    0.000014681.6318   18.7754
    0.0000   22.5000    0.000015809.9678   18.7379
    7.5000   22.5000    0.000015497.0381   18.8081
   -7.5000   30.0000    0.000013794.9004   18.5607
    0.0000   30.0000    0.000014839.1279   18.5246
    7.5000   30.0000    0.000014493.5840   18.5884
   -7.5000   37.5000    0.000013207.1309   18.5062
    0.0000   37.5000    0.000014223.5508   18.4746
    7.5000   37.5000    0.000013882.6475   18.5408
   -7.5000   45.0000    0.000012089.4785   18.0086
    0.0000   45.0000    0.000013022.5615   17.9806
    7.5000   45.0000    0.000012734.3027   18.0525
   -7.5000  -45.0000    7.500010212.6602   18.6592
    0.0000  -45.0000    7.500010910.2236   18.6311
    7.5000  -45.0000    7.500010625.6748   18.7173
   -7.5000  -37.5000    7.500011020.0420   18.6550
    0.0000  -37.5000    7.500011799.2041   18.6298
    7.5000  -37.5000    7.500011535.2930   18.7215
   -7.5000  -30.0000    7.500012261.9287   18.6998
    0.0000  -30.0000    7.500013133.4473   18.6760
    7.5000  -30.0000    7.500012894.8115   18.7660
   -7.5000  -22.5000    7.500013448.1113   18.7576
    0.0000  -22.5000    7.500014472.2812   18.7318
    7.5000  -22.5000    7.500014247.5781   18.8145
   -7.5000  -15.0000    7.500014452.0293   18.7753
    0.0000  -15.0000    7.500015873.7217   18.7480
    7.5000  -15.0000    7.500015743.2227   18.8261
   -7.5000   -7.5000    7.500015418.1377   18.7217
    0.0000   -7.5000    7.500017145.1992   18.6934
    7.5000   -7.5000    7.500017201.4824   18.7734
   -7.5000    0.0000    7.500016335.8594   18.6592
    0.0000    0.0000    7.500017993.7285   18.6311
    7.5000    0.0000    7.500017946.1973   18.7173
   -7.5000    7.5000    7.500015916.5039   18.6550
    0.0000    7.5000    7.500017416.1660   18.6298
    7.5000    7.5000    7.500017203.7793   18.7215
   -7.5000   15.0000    7.500015179.9785   18.6998
    0.0000   15.0000    7.500016635.6719   18.6760
    7.5000   15.0000    7.500016303.3281   18.7660
   -7.5000   22.5000    7.500014277.9375   18.7489
    0.0000   22.5000    7.500015569.1299   18.7231
    7.5000   22.5000    7.500015245.0859   18.8058
   -7.5000   30.0000    7.500013418.7090   18.5324
    0.0000   30.0000    7.500014540.1084   18.5053
    7.5000   30.0000    7.500014237.5264   18.5824
   -7.5000   37.5000    7.500012863.0039   18.4794
    0.0000   37.5000    7.500013858.7598   18.4514
    7.5000   37.5000    7.500013585.3418   18.5305
   -7.5000   45.0000    7.500011784.8604   17.9853
    0.0000   45.0000    7.500012693.9033   17.9583
    7.5000   45.0000    7.500012436.8525   18.0414
   -7.5000  -45.0000   15.0000 9775.1641   18.6493
    0.0000  -45.0000   15.000010417.8008   18.6230
    7.5000  -45.0000   15.000010237.4775   18.7183
   -7.5000  -37.5000   15.000010540.3506   18.6578
    0.0000  -37.5000   15.000011298.6133   18.6402
    7.5000  -37.5000   15.000011117.1943   18.7387
   -7.5000  -30.0000   15.000011713.4941   18.7034
    0.0000  -30.0000   15.000012610.4404   18.6927
    7.5000  -30.0000   15.000012430.3916   18.7887
   -7.5000  -22.5000   15.000012860.4688   18.7487
    0.0000  -22.5000   15.000013913.1992   18.7354
    7.5000  -22.5000   15.000013739.5342   18.8257
   -7.5000  -15.0000   15.000013832.9551   18.7537
    0.0000  -15.0000   15.000015239.4980   18.7339
    7.5000  -15.0000   15.000015169.6328   18.8218
   -7.5000   -7.5000   15.000014836.1982   18.6999
    0.0000   -7.5000   15.000016535.7070   18.6740
    7.5000   -7.5000   15.000016341.0508   18.7642
   -7.5000    0.0000   15.000015762.9717   18.6493
    0.0000    0.0000   15.000017432.8281   18.6230
    7.5000    0.0000   15.000017067.0234   18.7183
   -7.5000    7.5000   15.000015329.9727   18.6578
    0.0000    7.5000   15.000016924.1777   18.6402
    7.5000    7.5000   15.000016540.1465   18.7387
   -7.5000   15.0000   15.000014631.0283   18.7034
    0.0000   15.0000   15.000016114.0654   18.6927
    7.5000   15.0000   15.000015831.1934   18.7887
   -7.5000   22.5000   15.000013669.4619   18.7401
    0.0000   22.5000   15.000014968.4180   18.7268
    7.5000   22.5000   15.000014751.3340   18.8170
   -7.5000   30.0000   15.000012778.7939   18.5110
    0.0000   30.0000   15.000013883.8369   18.4915
    7.5000   30.0000   15.000013672.8164   18.5782
   -7.5000   37.5000   15.000012237.6270   18.4579
    0.0000   37.5000   15.000013227.4111   18.4323
    7.5000   37.5000   15.000013027.2842   18.5214
   -7.5000   45.0000   15.000011249.1504   17.9757
    0.0000   45.0000   15.000012115.2822   17.9504
    7.5000   45.0000   15.000011953.8770   18.0422
   -7.5000  -45.0000   22.5000 9243.7998   18.6651
    0.0000  -45.0000   22.5000 9908.0342   18.6386
    7.5000  -45.0000   22.5000 9743.2520   18.7299
   -7.5000  -37.5000   22.500010013.2451   18.6834
    0.0000  -37.5000   22.500010753.9805   18.6675
    7.5000  -37.5000   22.500010574.2373   18.7611
   -7.5000  -30.0000   22.500011152.9893   18.7312
    0.0000  -30.0000   22.500011985.4092   18.7224
    7.5000  -30.0000   22.500011767.1709   18.8120
   -7.5000  -22.5000   22.500012188.5996   18.7689
    0.0000  -22.5000   22.500013174.1133   18.7553
    7.5000  -22.5000   22.500012963.9971   18.8391
   -7.5000  -15.0000   22.500013056.4189   18.7631
    0.0000  -15.0000   22.500014311.7627   18.7409
    7.5000  -15.0000   22.500014124.1641   18.8233
   -7.5000   -7.5000   22.500013978.1426   18.7071
    0.0000   -7.5000   22.500015338.4600   18.6789
    7.5000   -7.5000   22.500014905.8359   18.7647
   -7.5000    0.0000   22.500014824.8613   18.6651
    0.0000    0.0000   22.500016131.1562   18.6386
    7.5000    0.0000   22.500015614.2285   18.7299
   -7.5000    7.5000   22.500014482.7236   18.6834
    0.0000    7.5000   22.500015722.1982   18.6675
    7.5000    7.5000   22.500015346.2900   18.7611
   -7.5000   15.0000   22.500013893.9912   18.7312
    0.0000   15.0000   22.500015069.7334   18.7224
    7.5000   15.0000   22.500014836.8604   18.8120
   -7.5000   22.5000   22.500012998.0625   18.7602
    0.0000   22.5000   22.500014076.5635   18.7467
    7.5000   22.5000   22.500013877.5820   18.8304
   -7.5000   30.0000   22.500012088.5859   18.5202
    0.0000   30.0000   22.500013066.0098   18.4983
    7.5000   30.0000   22.500012848.0596   18.5797
   -7.5000   37.5000   22.500011558.5078   18.4650
    0.0000   37.5000   22.500012471.0176   18.4372
    7.5000   37.5000   22.500012259.6963   18.5219
   -7.5000   45.0000   22.500010588.4307   17.9910
    0.0000   45.0000   22.500011419.0332   17.9654
    7.5000   45.0000   22.500011244.4346   18.0535
   -7.5000  -45.0000   30.0000 8614.9004   18.7323
    0.0000  -45.0000   30.0000 9251.6465   18.7050
    7.5000  -45.0000   30.0000 9062.0029   18.7861
   -7.5000  -37.5000   30.0000 9342.5879   18.7488
    0.0000  -37.5000   30.000010022.5586   18.7288
    7.5000  -37.5000   30.0000 9782.9668   18.8130
   -7.5000  -30.0000   30.000010389.9463   18.7975
    0.0000  -30.0000   30.000011134.1562   18.7799
    7.5000  -30.0000   30.000010843.2578   18.8594
   -7.5000  -22.5000   30.000011315.0615   18.8387
    0.0000  -22.5000   30.000012200.1289   18.8147
    7.5000  -22.5000   30.000011937.8779   18.8866
   -7.5000  -15.0000   30.000012110.5029   18.8340
    0.0000  -15.0000   30.000013172.4424   18.8037
    7.5000  -15.0000   30.000012837.5498   18.8734
   -7.5000   -7.5000   30.000012935.8135   18.7762
    0.0000   -7.5000   30.000014017.1016   18.7450
    7.5000   -7.5000   30.000013519.7266   18.8191
   -7.5000    0.0000   30.000013696.7236   18.7323
    0.0000    0.0000   30.000014715.9336   18.7050
    7.5000    0.0000   30.000014253.7559   18.7861
   -7.5000    7.5000   30.000013389.6670   18.7488
    0.0000    7.5000   30.000014408.5254   18.7288
    7.5000    7.5000   30.000014053.8975   18.8130
   -7.5000   15.0000   30.000012890.5439   18.7975
    0.0000   15.0000   30.000013882.2051   18.7799
    7.5000   15.0000   30.000013598.5635   18.8594
   -7.5000   22.5000   30.000012102.9688   18.8300
    0.0000   22.5000   30.000013027.9072   18.8061
    7.5000   22.5000   30.000012752.0430   18.8779
   -7.5000   30.0000   30.000011256.3535   18.5902
    0.0000   30.0000   30.000012069.7520   18.5603
    7.5000   30.0000   30.000011817.9209   18.6292
   -7.5000   37.5000   30.000010782.7783   18.5332
    0.0000   37.5000   30.000011537.0635   18.5024
    7.5000   37.5000   30.000011304.8887   18.5755
   -7.5000   45.0000   30.0000 9876.5312   18.0558
    0.0000   45.0000   30.000010543.0859   18.0295
    7.5000   45.0000   30.000010328.9629   18.1076
   -7.5000  -45.0000   37.5000 8325.9512   18.9960
    0.0000  -45.0000   37.5000 8896.6719   18.9672
    7.5000  -45.0000   37.5000 8683.2217   19.0425
   -7.5000  -37.5000   37.5000 8994.9805   18.9999
    0.0000  -37.5000   37.5000 9596.5479   18.9730
    7.5000  -37.5000   37.5000 9353.8330   19.0535
   -7.5000  -30.0000   37.5000 9970.4619   19.0480
    0.0000  -30.0000   37.500010645.3145   19.0180
    7.5000  -30.0000   37.500010368.0215   19.0947
   -7.5000  -22.5000   37.500010860.1865   19.1021
    0.0000  -22.5000   37.500011654.2295   19.0658
    7.5000  -22.5000   37.500011379.4912   19.1333
   -7.5000  -15.0000   37.500011635.1064   19.1105
    0.0000  -15.0000   37.500012570.9355   19.0725
    7.5000  -15.0000   37.500012160.6250   19.1358
   -7.5000   -7.5000   37.500012431.3027   19.0525
    0.0000   -7.5000   37.500013336.9365   19.0189
    7.5000   -7.5000   37.500012849.6064   19.0860
   -7.5000    0.0000   37.500013117.4873   18.9960
    0.0000    0.0000   37.500014004.4873   18.9672
    7.5000    0.0000   37.500013564.7129   19.0425
   -7.5000    7.5000   37.500012821.1553   18.9999
    0.0000    7.5000   37.500013731.5176   18.9730
    7.5000    7.5000   37.500013341.0381   19.0535
   -7.5000   15.0000   37.500012364.0664   19.0480
    0.0000   15.0000   37.500013278.5957   19.0180
    7.5000   15.0000   37.500012925.2695   19.0947
   -7.5000   22.5000   37.500011629.7178   19.0933
    0.0000   22.5000   37.500012516.7715   19.0570
    7.5000   22.5000   37.500012175.6875   19.1245
   -7.5000   30.0000   37.500010794.4932   18.8632
    0.0000   30.0000   37.500011574.9951   18.8257
    7.5000   30.0000   37.500011283.4980   18.8881
   -7.5000   37.5000   37.500010365.4854   18.8060
    0.0000   37.5000   37.500011067.0986   18.7727
    7.5000   37.5000   37.500010792.0000   18.8390
   -7.5000   45.0000   37.5000 9513.9473   18.3099
    0.0000   45.0000   37.500010116.6787   18.2822
    7.5000   45.0000   37.5000 9851.4766   18.3547
   -7.5000  -45.0000   45.0000 7695.5127   19.3232
    0.0000  -45.0000   45.0000 8195.1611   19.2923
    7.5000  -45.0000   45.0000 7975.2358   19.3746
   -7.5000  -37.5000   45.0000 8292.6523   19.3151
    0.0000  -37.5000   45.0000 8834.6826   19.2837
    7.5000  -37.5000   45.0000 8587.4961   19.3728
   -7.5000  -30.0000   45.0000 9182.1123   19.3619
    0.0000  -30.0000   45.0000 9787.9463   19.3259
    7.5000  -30.0000   45.0000 9525.0234   19.4129
   -7.5000  -22.5000   45.0000 9987.6074   19.4267
    0.0000  -22.5000   45.000010695.1689   19.3859
    7.5000  -22.5000   45.000010399.6562   19.4632
   -7.5000  -15.0000   45.000010734.0410   19.4484
    0.0000  -15.0000   45.000011502.4697   19.4084
    7.5000  -15.0000   45.000011115.5918   19.4798
   -7.5000   -7.5000   45.000011448.2090   19.3915
    0.0000   -7.5000   45.000012187.7031   19.3569
    7.5000   -7.5000   45.000011772.6680   19.4310
   -7.5000    0.0000   45.000012040.4580   19.3232
    0.0000    0.0000   45.000012815.9785   19.2923
    7.5000    0.0000   45.000012408.9619   19.3746
   -7.5000    7.5000   45.000011779.2285   19.3151
    0.0000    7.5000   45.000012552.6123   19.2837
    7.5000    7.5000   45.000012176.9570   19.3728
   -7.5000   15.0000   45.000011374.0010   19.3619
    0.0000   15.0000   45.000012160.2256   19.3259
    7.5000   15.0000   45.000011799.6846   19.4129
   -7.5000   22.5000   45.000010706.3330   19.4177
    0.0000   22.5000   45.000011454.0195   19.3769
    7.5000   22.5000   45.000011145.5332   19.4542
   -7.5000   30.0000   45.0000 9938.7881   19.1951
    0.0000   30.0000   45.000010597.1729   19.1555
    7.5000   30.0000   45.000010334.8574   19.2260
   -7.5000   37.5000   45.0000 9528.3066   19.1389
    0.0000   37.5000   45.000010121.5342   19.1047
    7.5000   37.5000   45.0000 9851.3799   19.1779
   -7.5000   45.0000   45.0000 8734.0791   18.6338
    0.0000   45.0000   45.0000 9237.2568   18.6040
    7.5000   45.0000   45.0000 9006.8301   18.6834

---------------------------------------------------------------------
imgreg_4dfp /opt/freesurfer/average/711-2C_as_mni_average_305 /opt/freesurfer/average/711-2B_as_mni_average_305_mask talsrcimg_g11 none talsrcimg_to_711-2C_as_mni_average_305_t4 4355
---------------------------------------------------------------------

freesurfer imgreg_4dfp.c
/opt/freesurfer/average/711-2C_as_mni_average_305.4dfp.img
       256       256       256         1
  1.000000  1.000000  1.000000
orientation T byte_order littleendian
Reading image: /opt/freesurfer/average/711-2C_as_mni_average_305.4dfp.img
dimensions:      256       256       256
mmppix:       1.0000   -1.0000   -1.0000
center:     128.0000 -129.0000 -129.0000
/opt/freesurfer/average/711-2B_as_mni_average_305_mask.4dfp.img
       256       256       256         1
  1.000000  1.000000  1.000000
orientation T byte_order littleendian
Reading mask: /opt/freesurfer/average/711-2B_as_mni_average_305_mask.4dfp.img (2306576 pixels)
talsrcimg_g11.4dfp.img
       256       256       256         1
  1.000000  1.000000  1.000000
orientation T byte_order littleendian
Reading image: talsrcimg_g11.4dfp.img
dimensions:      256       256       256
mmppix:       1.0000   -1.0000   -1.0000
center:     128.0000 -129.0000 -129.0000
rotation matrix determinant  1.000000
image alignment mode   4355 decimal     1103 hex
   -7.5000  -45.0000  -37.5000 2152.3428   21.5168
    0.0000  -45.0000  -37.5000 2170.5217   21.4989
    7.5000  -45.0000  -37.5000 2168.3992   21.5444
   -7.5000  -37.5000  -37.5000 2254.4053   19.3723
    0.0000  -37.5000  -37.5000 2272.4353   19.3256
    7.5000  -37.5000  -37.5000 2271.7458   19.3443
   -7.5000  -30.0000  -37.5000 2339.0515   17.7906
    0.0000  -30.0000  -37.5000 2367.0540   17.7037
    7.5000  -30.0000  -37.5000 2358.0605   17.6986
   -7.5000  -22.5000  -37.5000 2387.5735   16.6546
    0.0000  -22.5000  -37.5000 2419.6462   16.5644
    7.5000  -22.5000  -37.5000 2415.0764   16.5862
   -7.5000  -15.0000  -37.5000 2429.9656   15.8997
    0.0000  -15.0000  -37.5000 2460.2700   15.7779
    7.5000  -15.0000  -37.5000 2453.5229   15.8339
   -7.5000   -7.5000  -37.5000 2465.4636   15.4826
    0.0000   -7.5000  -37.5000 2488.4778   15.3737
    7.5000   -7.5000  -37.5000 2487.3352   15.4204
   -7.5000    0.0000  -37.5000 2476.6614   15.4168
    0.0000    0.0000  -37.5000 2501.4873   15.2912
    7.5000    0.0000  -37.5000 2498.6902   15.2893
   -7.5000    7.5000  -37.5000 2458.3799   15.7045
    0.0000    7.5000  -37.5000 2484.5532   15.5415
    7.5000    7.5000  -37.5000 2480.4272   15.5480
   -7.5000   15.0000  -37.5000 2412.4329   16.3334
    0.0000   15.0000  -37.5000 2442.6282   16.1688
    7.5000   15.0000  -37.5000 2441.0088   16.1522
   -7.5000   22.5000  -37.5000 2343.9583   17.2572
    0.0000   22.5000  -37.5000 2378.3452   17.0796
    7.5000   22.5000  -37.5000 2375.9260   17.0620
   -7.5000   30.0000  -37.5000 2262.0134   18.4187
    0.0000   30.0000  -37.5000 2289.3752   18.2336
    7.5000   30.0000  -37.5000 2291.4265   18.1763
   -7.5000   37.5000  -37.5000 2162.2473   19.9081
    0.0000   37.5000  -37.5000 2185.7180   19.6338
    7.5000   37.5000  -37.5000 2186.8638   19.6131
   -7.5000   45.0000  -37.5000 2035.8884   21.8453
    0.0000   45.0000  -37.5000 2057.1296   21.5406
    7.5000   45.0000  -37.5000 2059.1248   21.4949
   -7.5000  -45.0000  -30.0000 2268.2717   20.8795
    0.0000  -45.0000  -30.0000 2291.4788   20.8047
    7.5000  -45.0000  -30.0000 2289.1416   20.8645
   -7.5000  -37.5000  -30.0000 2377.1782   18.7535
    0.0000  -37.5000  -30.0000 2400.4136   18.6925
    7.5000  -37.5000  -30.0000 2399.2268   18.7118
   -7.5000  -30.0000  -30.0000 2469.0815   17.1772
    0.0000  -30.0000  -30.0000 2497.3667   17.1260
    7.5000  -30.0000  -30.0000 2494.5005   17.1158
   -7.5000  -22.5000  -30.0000 2522.6902   16.0396
    0.0000  -22.5000  -30.0000 2552.9946   15.9583
    7.5000  -22.5000  -30.0000 2550.5569   15.9252
   -7.5000  -15.0000  -30.0000 2568.7749   15.2753
    0.0000  -15.0000  -30.0000 2598.1763   15.1432
    7.5000  -15.0000  -30.0000 2595.0986   15.1316
   -7.5000   -7.5000  -30.0000 2609.7554   14.8670
    0.0000   -7.5000  -30.0000 2633.1792   14.7136
    7.5000   -7.5000  -30.0000 2632.9556   14.7401
   -7.5000    0.0000  -30.0000 2617.8101   14.7923
    0.0000    0.0000  -30.0000 2644.5205   14.6640
    7.5000    0.0000  -30.0000 2644.2058   14.6644
   -7.5000    7.5000  -30.0000 2598.1836   15.0544
    0.0000    7.5000  -30.0000 2628.5164   14.9324
    7.5000    7.5000  -30.0000 2623.7727   14.9268
   -7.5000   15.0000  -30.0000 2550.6643   15.6836
    0.0000   15.0000  -30.0000 2586.4336   15.5453
    7.5000   15.0000  -30.0000 2582.0222   15.5145
   -7.5000   22.5000  -30.0000 2476.8188   16.5354
    0.0000   22.5000  -30.0000 2514.1470   16.3872
    7.5000   22.5000  -30.0000 2514.9929   16.3453
   -7.5000   30.0000  -30.0000 2391.2593   17.6254
    0.0000   30.0000  -30.0000 2425.1897   17.4220
    7.5000   30.0000  -30.0000 2426.2063   17.3971
   -7.5000   37.5000  -30.0000 2280.1216   19.0202
    0.0000   37.5000  -30.0000 2315.7537   18.7334
    7.5000   37.5000  -30.0000 2318.3142   18.7253
   -7.5000   45.0000  -30.0000 2151.4653   20.8424
    0.0000   45.0000  -30.0000 2172.9966   20.5238
    7.5000   45.0000  -30.0000 2179.9041   20.4777
   -7.5000  -45.0000  -22.5000 2349.7974   20.2105
    0.0000  -45.0000  -22.5000 2377.8562   20.1135
    7.5000  -45.0000  -22.5000 2377.0732   20.1821
   -7.5000  -37.5000  -22.5000 2463.4192   18.1324
    0.0000  -37.5000  -22.5000 2491.9097   18.0475
    7.5000  -37.5000  -22.5000 2488.6697   18.0556
   -7.5000  -30.0000  -22.5000 2556.9119   16.5446
    0.0000  -30.0000  -22.5000 2585.9683   16.4450
    7.5000  -30.0000  -22.5000 2582.2434   16.4436
   -7.5000  -22.5000  -22.5000 2623.1357   15.3744
    0.0000  -22.5000  -22.5000 2655.1501   15.2743
    7.5000  -22.5000  -22.5000 2653.3550   15.2466
   -7.5000  -15.0000  -22.5000 2670.2925   14.5538
    0.0000  -15.0000  -22.5000 2700.6296   14.4315
    7.5000  -15.0000  -22.5000 2698.6262   14.3841
   -7.5000   -7.5000  -22.5000 2713.3562   14.1258
    0.0000   -7.5000  -22.5000 2744.8906   13.9649
    7.5000   -7.5000  -22.5000 2745.9299   13.9630
   -7.5000    0.0000  -22.5000 2722.6882   14.0375
    0.0000    0.0000  -22.5000 2752.8088   13.9040
    7.5000    0.0000  -22.5000 2757.6814   13.9094
   -7.5000    7.5000  -22.5000 2710.0989   14.3272
    0.0000    7.5000  -22.5000 2743.0522   14.1532
    7.5000    7.5000  -22.5000 2744.4260   14.1612
   -7.5000   15.0000  -22.5000 2661.5530   14.9384
    0.0000   15.0000  -22.5000 2702.1204   14.7332
    7.5000   15.0000  -22.5000 2704.8289   14.7042
   -7.5000   22.5000  -22.5000 2589.0930   15.7595
    0.0000   22.5000  -22.5000 2626.7913   15.5403
    7.5000   22.5000  -22.5000 2635.0479   15.5122
   -7.5000   30.0000  -22.5000 2495.3525   16.8056
    0.0000   30.0000  -22.5000 2530.2427   16.4979
    7.5000   30.0000  -22.5000 2537.6499   16.4674
   -7.5000   37.5000  -22.5000 2380.3838   18.0761
    0.0000   37.5000  -22.5000 2414.9705   17.7715
    7.5000   37.5000  -22.5000 2421.7896   17.7121
   -7.5000   45.0000  -22.5000 2237.5457   19.8285
    0.0000   45.0000  -22.5000 2270.9380   19.4663
    7.5000   45.0000  -22.5000 2279.8372   19.4050
   -7.5000  -45.0000  -15.0000 2391.4756   19.5827
    0.0000  -45.0000  -15.0000 2424.3479   19.5032
    7.5000  -45.0000  -15.0000 2420.0457   19.5221
   -7.5000  -37.5000  -15.0000 2503.8064   17.5198
    0.0000  -37.5000  -15.0000 2537.0835   17.4340
    7.5000  -37.5000  -15.0000 2533.5100   17.4429
   -7.5000  -30.0000  -15.0000 2599.7461   15.9338
    0.0000  -30.0000  -15.0000 2634.7341   15.8373
    7.5000  -30.0000  -15.0000 2631.2869   15.8289
   -7.5000  -22.5000  -15.0000 2681.0032   14.7567
    0.0000  -22.5000  -15.0000 2712.7483   14.6183
    7.5000  -22.5000  -15.0000 2715.1594   14.6133
   -7.5000  -15.0000  -15.0000 2733.4524   13.8930
    0.0000  -15.0000  -15.0000 2766.4929   13.7833
    7.5000  -15.0000  -15.0000 2769.7690   13.7608
   -7.5000   -7.5000  -15.0000 2776.3508   13.3642
    0.0000   -7.5000  -15.0000 2813.0449   13.2274
    7.5000   -7.5000  -15.0000 2821.0303   13.2035
   -7.5000    0.0000  -15.0000 2799.4641   13.2926
    0.0000    0.0000  -15.0000 2834.9790   13.1070
    7.5000    0.0000  -15.0000 2841.3794   13.1132
   -7.5000    7.5000  -15.0000 2789.2593   13.6235
    0.0000    7.5000  -15.0000 2822.9507   13.3574
    7.5000    7.5000  -15.0000 2836.9792   13.3796
   -7.5000   15.0000  -15.0000 2743.6606   14.1952
    0.0000   15.0000  -15.0000 2778.9202   13.8913
    7.5000   15.0000  -15.0000 2793.7446   13.8965
   -7.5000   22.5000  -15.0000 2669.0591   15.0132
    0.0000   22.5000  -15.0000 2704.7678   14.6595
    7.5000   22.5000  -15.0000 2721.3870   14.6368
   -7.5000   30.0000  -15.0000 2571.3108   16.0029
    0.0000   30.0000  -15.0000 2610.0710   15.6082
    7.5000   30.0000  -15.0000 2616.9241   15.5703
   -7.5000   37.5000  -15.0000 2454.1641   17.2626
    0.0000   37.5000  -15.0000 2488.5386   16.8412
    7.5000   37.5000  -15.0000 2497.9436   16.7939
   -7.5000   45.0000  -15.0000 2301.5308   18.9454
    0.0000   45.0000  -15.0000 2335.5896   18.5199
    7.5000   45.0000  -15.0000 2346.9719   18.4249
   -7.5000  -45.0000   -7.5000 2400.5693   19.0374
    0.0000  -45.0000   -7.5000 2437.1108   18.9447
    7.5000  -45.0000   -7.5000 2428.1418   18.9497
   -7.5000  -37.5000   -7.5000 2513.1428   16.9992
    0.0000  -37.5000   -7.5000 2553.7595   16.8971
    7.5000  -37.5000   -7.5000 2548.3931   16.9015
   -7.5000  -30.0000   -7.5000 2618.7998   15.4155
    0.0000  -30.0000   -7.5000 2654.7788   15.2936
    7.5000  -30.0000   -7.5000 2652.0784   15.3021
   -7.5000  -22.5000   -7.5000 2713.0349   14.2297
    0.0000  -22.5000   -7.5000 2746.5693   14.0743
    7.5000  -22.5000   -7.5000 2751.6863   14.0937
   -7.5000  -15.0000   -7.5000 2777.0068   13.3416
    0.0000  -15.0000   -7.5000 2816.1294   13.2054
    7.5000  -15.0000   -7.5000 2824.9062   13.2457
   -7.5000   -7.5000   -7.5000 2823.3706   12.7810
    0.0000   -7.5000   -7.5000 2866.6636   12.5994
    7.5000   -7.5000   -7.5000 2875.7139   12.6221
   -7.5000    0.0000   -7.5000 2851.7383   12.6817
    0.0000    0.0000   -7.5000 2889.9312   12.3635
    7.5000    0.0000   -7.5000 2904.3960   12.4398
   -7.5000    7.5000   -7.5000 2840.1333   12.9774
    0.0000    7.5000   -7.5000 2873.9475   12.6186
    7.5000    7.5000   -7.5000 2898.2996   12.6821
   -7.5000   15.0000   -7.5000 2795.6934   13.5165
    0.0000   15.0000   -7.5000 2829.9688   13.1329
    7.5000   15.0000   -7.5000 2851.9270   13.1591
   -7.5000   22.5000   -7.5000 2725.0657   14.3178
    0.0000   22.5000   -7.5000 2756.8167   13.8760
    7.5000   22.5000   -7.5000 2777.3989   13.8736
   -7.5000   30.0000   -7.5000 2627.8508   15.2913
    0.0000   30.0000   -7.5000 2661.7156   14.8159
    7.5000   30.0000   -7.5000 2672.3064   14.7858
   -7.5000   37.5000   -7.5000 2505.3582   16.5463
    0.0000   37.5000   -7.5000 2541.2751   16.0822
    7.5000   37.5000   -7.5000 2548.5669   16.0093
   -7.5000   45.0000   -7.5000 2351.6250   18.1983
    0.0000   45.0000   -7.5000 2389.9111   17.7057
    7.5000   45.0000   -7.5000 2397.8259   17.5941
   -7.5000  -45.0000    0.0000 2387.3599   18.6937
    0.0000  -45.0000    0.0000 2422.1118   18.5655
    7.5000  -45.0000    0.0000 2425.7913   18.6207
   -7.5000  -37.5000    0.0000 2504.8757   16.6793
    0.0000  -37.5000    0.0000 2544.9082   16.5629
    7.5000  -37.5000    0.0000 2545.5513   16.6088
   -7.5000  -30.0000    0.0000 2617.6587   15.1134
    0.0000  -30.0000    0.0000 2652.6650   14.9769
    7.5000  -30.0000    0.0000 2653.6926   15.0445
   -7.5000  -22.5000    0.0000 2725.7295   13.8975
    0.0000  -22.5000    0.0000 2756.2410   13.7634
    7.5000  -22.5000    0.0000 2759.7839   13.8572
   -7.5000  -15.0000    0.0000 2805.1667   13.0287
    0.0000  -15.0000    0.0000 2842.7170   12.8900
    7.5000  -15.0000    0.0000 2851.9963   12.9810
   -7.5000   -7.5000    0.0000 2856.1768   12.4538
    0.0000   -7.5000    0.0000 2906.0676   12.3298
    7.5000   -7.5000    0.0000 2919.2107   12.4039
   -7.5000    0.0000    0.0000 2881.2268   12.3072
    0.0000    0.0000    0.0000 2920.4426   11.9568
    7.5000    0.0000    0.0000 2946.9470   12.1179
   -7.5000    7.5000    0.0000 2868.1890   12.5519
    0.0000    7.5000    0.0000 2904.2969   12.1353
    7.5000    7.5000    0.0000 2934.0195   12.2722
   -7.5000   15.0000    0.0000 2820.5466   13.0538
    0.0000   15.0000    0.0000 2860.3665   12.6260
    7.5000   15.0000    0.0000 2885.7520   12.6723
   -7.5000   22.5000    0.0000 2754.0186   13.8207
    0.0000   22.5000    0.0000 2791.5820   13.3651
    7.5000   22.5000    0.0000 2811.2524   13.3115
   -7.5000   30.0000    0.0000 2656.0803   14.8185
    0.0000   30.0000    0.0000 2691.3523   14.3880
    7.5000   30.0000    0.0000 2705.6221   14.2747
   -7.5000   37.5000    0.0000 2530.9250   16.0809
    0.0000   37.5000    0.0000 2571.4268   15.6652
    7.5000   37.5000    0.0000 2582.9773   15.5411
   -7.5000   45.0000    0.0000 2370.2627   17.7208
    0.0000   45.0000    0.0000 2415.9038   17.2805
    7.5000   45.0000    0.0000 2431.4431   17.1740
   -7.5000  -45.0000    7.5000 2374.2275   18.6647
    0.0000  -45.0000    7.5000 2405.3691   18.4855
    7.5000  -45.0000    7.5000 2408.8296   18.5717
   -7.5000  -37.5000    7.5000 2490.4800   16.6563
    0.0000  -37.5000    7.5000 2525.0215   16.4317
    7.5000  -37.5000    7.5000 2531.9119   16.5521
   -7.5000  -30.0000    7.5000 2604.7244   15.0544
    0.0000  -30.0000    7.5000 2638.9731   14.8413
    7.5000  -30.0000    7.5000 2649.5554   14.9972
   -7.5000  -22.5000    7.5000 2720.1802   13.8484
    0.0000  -22.5000    7.5000 2747.0754   13.6369
    7.5000  -22.5000    7.5000 2761.8499   13.7933
   -7.5000  -15.0000    7.5000 2812.1719   12.9955
    0.0000  -15.0000    7.5000 2844.2739   12.8171
    7.5000  -15.0000    7.5000 2864.4885   12.9480
   -7.5000   -7.5000    7.5000 2873.2905   12.4628
    0.0000   -7.5000    7.5000 2927.4377   12.3660
    7.5000   -7.5000    7.5000 2953.3154   12.4781
   -7.5000    0.0000    7.5000 2900.9019   12.2733
    0.0000    0.0000    7.5000 2956.5803   12.0329
    7.5000    0.0000    7.5000 2991.9407   12.1845
   -7.5000    7.5000    7.5000 2886.3274   12.4292
    0.0000    7.5000    7.5000 2931.4463   12.0600
    7.5000    7.5000    7.5000 2956.4644   12.1263
   -7.5000   15.0000    7.5000 2830.1995   12.8773
    0.0000   15.0000    7.5000 2880.6145   12.4959
    7.5000   15.0000    7.5000 2897.6975   12.4366
   -7.5000   22.5000    7.5000 2762.3970   13.6125
    0.0000   22.5000    7.5000 2804.5916   13.1959
    7.5000   22.5000    7.5000 2827.2998   13.1106
   -7.5000   30.0000    7.5000 2661.7646   14.6351
    0.0000   30.0000    7.5000 2701.9392   14.1976
    7.5000   30.0000    7.5000 2723.4448   14.1098
   -7.5000   37.5000    7.5000 2534.8945   15.8897
    0.0000   37.5000    7.5000 2577.9460   15.4898
    7.5000   37.5000    7.5000 2596.1226   15.4007
   -7.5000   45.0000    7.5000 2370.6692   17.5272
    0.0000   45.0000    7.5000 2422.4983   17.1153
    7.5000   45.0000    7.5000 2440.3608   17.0220
   -7.5000  -45.0000   15.0000 2349.4949   18.9494
    0.0000  -45.0000   15.0000 2370.5818   18.5551
    7.5000  -45.0000   15.0000 2385.7881   18.7347
   -7.5000  -37.5000   15.0000 2467.2146   16.8822
    0.0000  -37.5000   15.0000 2490.3757   16.5519
    7.5000  -37.5000   15.0000 2507.3491   16.7063
   -7.5000  -30.0000   15.0000 2579.8555   15.3014
    0.0000  -30.0000   15.0000 2607.1362   15.0211
    7.5000  -30.0000   15.0000 2626.7568   15.1385
   -7.5000  -22.5000   15.0000 2692.8564   14.0810
    0.0000  -22.5000   15.0000 2724.4707   13.8548
    7.5000  -22.5000   15.0000 2744.4341   13.9338
   -7.5000  -15.0000   15.0000 2792.6123   13.2092
    0.0000  -15.0000   15.0000 2833.2976   13.0325
    7.5000  -15.0000   15.0000 2854.4150   13.0765
   -7.5000   -7.5000   15.0000 2859.6907   12.6841
    0.0000   -7.5000   15.0000 2919.7783   12.5350
    7.5000   -7.5000   15.0000 2948.5618   12.5940
   -7.5000    0.0000   15.0000 2897.4431   12.4812
    0.0000    0.0000   15.0000 2955.5403   12.2031
    7.5000    0.0000   15.0000 2990.6802   12.2008
   -7.5000    7.5000   15.0000 2876.3604   12.6182
    0.0000    7.5000   15.0000 2939.8687   12.3100
    7.5000    7.5000   15.0000 2965.0618   12.1869
   -7.5000   15.0000   15.0000 2819.1350   13.0278
    0.0000   15.0000   15.0000 2879.6301   12.7053
    7.5000   15.0000   15.0000 2909.3245   12.6185
   -7.5000   22.5000   15.0000 2741.9094   13.6890
    0.0000   22.5000   15.0000 2792.3013   13.3384
    7.5000   22.5000   15.0000 2817.6130   13.2808
   -7.5000   30.0000   15.0000 2642.3501   14.6663
    0.0000   30.0000   15.0000 2686.7998   14.3095
    7.5000   30.0000   15.0000 2706.4314   14.2303
   -7.5000   37.5000   15.0000 2518.4434   15.9323
    0.0000   37.5000   15.0000 2564.8286   15.5344
    7.5000   37.5000   15.0000 2580.4263   15.4492
   -7.5000   45.0000   15.0000 2360.6792   17.6141
    0.0000   45.0000   15.0000 2408.9666   17.1745
    7.5000   45.0000   15.0000 2426.8967   17.0714
   -7.5000  -45.0000   22.5000 2317.9688   19.5186
    0.0000  -45.0000   22.5000 2340.0886   19.1105
    7.5000  -45.0000   22.5000 2355.9053   19.1796
   -7.5000  -37.5000   22.5000 2437.9053   17.4741
    0.0000  -37.5000   22.5000 2459.5842   17.1010
    7.5000  -37.5000   22.5000 2475.9465   17.1155
   -7.5000  -30.0000   22.5000 2551.9021   15.8546
    0.0000  -30.0000   22.5000 2576.5093   15.5419
    7.5000  -30.0000   22.5000 2594.3792   15.5034
   -7.5000  -22.5000   22.5000 2664.9026   14.5541
    0.0000  -22.5000   22.5000 2697.6875   14.2665
    7.5000  -22.5000   22.5000 2714.1987   14.2109
   -7.5000  -15.0000   22.5000 2762.8457   13.5980
    0.0000  -15.0000   22.5000 2811.3450   13.3699
    7.5000  -15.0000   22.5000 2826.6575   13.3160
   -7.5000   -7.5000   22.5000 2834.2212   13.0236
    0.0000   -7.5000   22.5000 2895.2754   12.7425
    7.5000   -7.5000   22.5000 2920.2373   12.6874
   -7.5000    0.0000   22.5000 2876.8032   12.8046
    0.0000    0.0000   22.5000 2932.7051   12.4454
    7.5000    0.0000   22.5000 2944.1919   12.2436
   -7.5000    7.5000   22.5000 2857.9856   12.9756
    0.0000    7.5000   22.5000 2918.4551   12.5705
    7.5000    7.5000   22.5000 2937.5740   12.4111
   -7.5000   15.0000   22.5000 2798.0667   13.4351
    0.0000   15.0000   22.5000 2855.9373   13.0550
    7.5000   15.0000   22.5000 2888.2344   12.9513
   -7.5000   22.5000   22.5000 2717.8401   14.1379
    0.0000   22.5000   22.5000 2771.6404   13.8030
    7.5000   22.5000   22.5000 2790.9143   13.7364
   -7.5000   30.0000   22.5000 2610.4043   15.1007
    0.0000   30.0000   22.5000 2661.1777   14.7848
    7.5000   30.0000   22.5000 2674.1558   14.6977
   -7.5000   37.5000   22.5000 2484.0178   16.3501
    0.0000   37.5000   22.5000 2533.3831   15.9797
    7.5000   37.5000   22.5000 2547.3118   15.8900
   -7.5000   45.0000   22.5000 2334.2283   17.9860
    0.0000   45.0000   22.5000 2380.9985   17.5717
    7.5000   45.0000   22.5000 2397.9219   17.4746
   -7.5000  -45.0000   30.0000 2284.9695   20.2716
    0.0000  -45.0000   30.0000 2310.4475   19.8858
    7.5000  -45.0000   30.0000 2322.2827   19.7569
   -7.5000  -37.5000   30.0000 2407.2288   18.1855
    0.0000  -37.5000   30.0000 2432.2231   17.7833
    7.5000  -37.5000   30.0000 2441.3040   17.5851
   -7.5000  -30.0000   30.0000 2518.7476   16.4931
    0.0000  -30.0000   30.0000 2544.7756   16.1086
    7.5000  -30.0000   30.0000 2557.0432   15.9024
   -7.5000  -22.5000   30.0000 2629.6995   15.1494
    0.0000  -22.5000   30.0000 2666.6313   14.7842
    7.5000  -22.5000   30.0000 2675.6555   14.6010
   -7.5000  -15.0000   30.0000 2722.9473   14.1218
    0.0000  -15.0000   30.0000 2774.4050   13.8137
    7.5000  -15.0000   30.0000 2788.7307   13.6955
   -7.5000   -7.5000   30.0000 2790.2571   13.5179
    0.0000   -7.5000   30.0000 2847.4268   13.1840
    7.5000   -7.5000   30.0000 2861.6863   12.9035
   -7.5000    0.0000   30.0000 2831.3274   13.3035
    0.0000    0.0000   30.0000 2883.4541   12.8935
    7.5000    0.0000   30.0000 2896.8306   12.6518
   -7.5000    7.5000   30.0000 2806.7258   13.4709
    0.0000    7.5000   30.0000 2864.0146   13.0472
    7.5000    7.5000   30.0000 2892.4658   12.8985
   -7.5000   15.0000   30.0000 2743.1951   13.9594
    0.0000   15.0000   30.0000 2803.0605   13.5907
    7.5000   15.0000   30.0000 2835.9341   13.4761
   -7.5000   22.5000   30.0000 2662.9465   14.7479
    0.0000   22.5000   30.0000 2719.4087   14.4079
    7.5000   22.5000   30.0000 2736.6401   14.2825
   -7.5000   30.0000   30.0000 2562.6050   15.7859
    0.0000   30.0000   30.0000 2610.4988   15.4228
    7.5000   30.0000   30.0000 2626.4697   15.3153
   -7.5000   37.5000   30.0000 2440.5220   17.0501
    0.0000   37.5000   30.0000 2487.2000   16.6782
    7.5000   37.5000   30.0000 2505.1807   16.5265
   -7.5000   45.0000   30.0000 2296.0193   18.6691
    0.0000   45.0000   30.0000 2336.2561   18.2572
    7.5000   45.0000   30.0000 2348.4495   18.1166
   -7.5000  -45.0000   37.5000 2252.8379   21.1645
    0.0000  -45.0000   37.5000 2273.1592   20.7006
    7.5000  -45.0000   37.5000 2279.8320   20.3728
   -7.5000  -37.5000   37.5000 2369.8684   18.9756
    0.0000  -37.5000   37.5000 2393.1350   18.4971
    7.5000  -37.5000   37.5000 2403.4270   18.1395
   -7.5000  -30.0000   37.5000 2480.0457   17.2399
    0.0000  -30.0000   37.5000 2506.2251   16.7558
    7.5000  -30.0000   37.5000 2517.1372   16.4390
   -7.5000  -22.5000   37.5000 2585.9448   15.8562
    0.0000  -22.5000   37.5000 2626.7327   15.4242
    7.5000  -22.5000   37.5000 2640.4624   15.1594
   -7.5000  -15.0000   37.5000 2667.3669   14.8248
    0.0000  -15.0000   37.5000 2724.5029   14.4338
    7.5000  -15.0000   37.5000 2739.1655   14.1485
   -7.5000   -7.5000   37.5000 2728.3674   14.2166
    0.0000   -7.5000   37.5000 2789.8208   13.8370
    7.5000   -7.5000   37.5000 2802.8357   13.4412
   -7.5000    0.0000   37.5000 2755.2378   13.9829
    0.0000    0.0000   37.5000 2815.6689   13.5450
    7.5000    0.0000   37.5000 2829.1421   13.3129
   -7.5000    7.5000   37.5000 2731.8203   14.1311
    0.0000    7.5000   37.5000 2798.0049   13.7050
    7.5000    7.5000   37.5000 2820.1003   13.5324
   -7.5000   15.0000   37.5000 2670.6990   14.6698
    0.0000   15.0000   37.5000 2736.3083   14.3008
    7.5000   15.0000   37.5000 2759.1313   14.1134
   -7.5000   22.5000   37.5000 2593.6763   15.5282
    0.0000   22.5000   37.5000 2655.1738   15.1591
    7.5000   22.5000   37.5000 2670.9729   14.9757
   -7.5000   30.0000   37.5000 2498.1648   16.5897
    0.0000   30.0000   37.5000 2550.0264   16.2260
    7.5000   30.0000   37.5000 2569.0950   16.0505
   -7.5000   37.5000   37.5000 2389.2185   17.8660
    0.0000   37.5000   37.5000 2434.5127   17.5060
    7.5000   37.5000   37.5000 2454.3235   17.3212
   -7.5000   45.0000   37.5000 2251.4097   19.5207
    0.0000   45.0000   37.5000 2284.8467   19.1331
    7.5000   45.0000   37.5000 2294.2559   18.9727
   -7.5000  -45.0000   45.0000 2204.0684   22.2574
    0.0000  -45.0000   45.0000 2228.2852   21.5878
    7.5000  -45.0000   45.0000 2237.1523   21.0171
   -7.5000  -37.5000   45.0000 2318.4590   19.9477
    0.0000  -37.5000   45.0000 2350.2439   19.2892
    7.5000  -37.5000   45.0000 2361.1375   18.7869
   -7.5000  -30.0000   45.0000 2420.3267   18.1435
    0.0000  -30.0000   45.0000 2459.7224   17.5370
    7.5000  -30.0000   45.0000 2472.0862   17.1278
   -7.5000  -22.5000   45.0000 2518.9309   16.7193
    0.0000  -22.5000   45.0000 2566.8662   16.1676
    7.5000  -22.5000   45.0000 2580.9685   15.8320
   -7.5000  -15.0000   45.0000 2597.2004   15.6849
    0.0000  -15.0000   45.0000 2654.1057   15.2181
    7.5000  -15.0000   45.0000 2668.1289   14.8038
   -7.5000   -7.5000   45.0000 2653.3091   15.0656
    0.0000   -7.5000   45.0000 2708.4185   14.6050
    7.5000   -7.5000   45.0000 2723.9197   14.2758
   -7.5000    0.0000   45.0000 2667.5378   14.8144
    0.0000    0.0000   45.0000 2728.6392   14.3891
    7.5000    0.0000   45.0000 2736.5259   14.1455
   -7.5000    7.5000   45.0000 2647.5090   14.9528
    0.0000    7.5000   45.0000 2708.9812   14.5801
    7.5000    7.5000   45.0000 2725.7881   14.3772
   -7.5000   15.0000   45.0000 2589.1880   15.5050
    0.0000   15.0000   45.0000 2650.2300   15.1379
    7.5000   15.0000   45.0000 2668.4495   14.9110
   -7.5000   22.5000   45.0000 2513.6379   16.4063
    0.0000   22.5000   45.0000 2569.7654   15.9854
    7.5000   22.5000   45.0000 2594.5610   15.7409
   -7.5000   30.0000   45.0000 2424.0276   17.5051
    0.0000   30.0000   45.0000 2473.3855   17.0896
    7.5000   30.0000   45.0000 2499.6221   16.8304
   -7.5000   37.5000   45.0000 2320.1841   18.8028
    0.0000   37.5000   45.0000 2363.4424   18.3887
    7.5000   37.5000   45.0000 2383.7717   18.1464
   -7.5000   45.0000   45.0000 2180.8359   20.5032
    0.0000   45.0000   45.0000 2212.8181   20.0581
    7.5000   45.0000   45.0000 2232.6970   19.8848
   -7.5000  -45.0000   52.5000 2155.6821   23.4433
    0.0000  -45.0000   52.5000 2179.3586   22.6127
    7.5000  -45.0000   52.5000 2189.6113   21.9829
   -7.5000  -37.5000   52.5000 2267.3647   21.0040
    0.0000  -37.5000   52.5000 2302.9185   20.2338
    7.5000  -37.5000   52.5000 2314.7131   19.6891
   -7.5000  -30.0000   52.5000 2363.8015   19.1748
    0.0000  -30.0000   52.5000 2404.9841   18.4551
    7.5000  -30.0000   52.5000 2422.8259   18.0299
   -7.5000  -22.5000   52.5000 2453.2183   17.7522
    0.0000  -22.5000   52.5000 2501.4214   17.1441
    7.5000  -22.5000   52.5000 2519.6697   16.7259
   -7.5000  -15.0000   52.5000 2525.8145   16.7230
    0.0000  -15.0000   52.5000 2574.6028   16.1692
    7.5000  -15.0000   52.5000 2591.1980   15.7451
   -7.5000   -7.5000   52.5000 2573.5439   16.1176
    0.0000   -7.5000   52.5000 2620.2073   15.5671
    7.5000   -7.5000   52.5000 2637.0723   15.2974
   -7.5000    0.0000   52.5000 2579.7549   15.8422
    0.0000    0.0000   52.5000 2633.3638   15.4221
    7.5000    0.0000   52.5000 2645.7949   15.1580
   -7.5000    7.5000   52.5000 2564.4392   15.9762
    0.0000    7.5000   52.5000 2611.3093   15.5843
    7.5000    7.5000   52.5000 2625.8503   15.3768
   -7.5000   15.0000   52.5000 2512.5991   16.5226
    0.0000   15.0000   52.5000 2562.4893   16.1562
    7.5000   15.0000   52.5000 2577.2827   15.9288
   -7.5000   22.5000   52.5000 2432.7673   17.4053
    0.0000   22.5000   52.5000 2486.5544   17.0043
    7.5000   22.5000   52.5000 2515.1775   16.7699
   -7.5000   30.0000   52.5000 2346.9788   18.5318
    0.0000   30.0000   52.5000 2394.1726   18.1013
    7.5000   30.0000   52.5000 2422.5320   17.8607
   -7.5000   37.5000   52.5000 2245.1519   19.8769
    0.0000   37.5000   52.5000 2281.8521   19.4227
    7.5000   37.5000   52.5000 2303.4233   19.1876
   -7.5000   45.0000   52.5000 2112.1113   21.7188
    0.0000   45.0000   52.5000 2139.5608   21.2120
    7.5000   45.0000   52.5000 2160.2917   21.0007

---------------------------------------------------------------------
imgreg_4dfp /opt/freesurfer/average/711-2C_as_mni_average_305 /opt/freesurfer/average/711-2B_as_mni_average_305_mask talsrcimg_g11 none talsrcimg_to_711-2C_as_mni_average_305_t4 1283
---------------------------------------------------------------------

freesurfer imgreg_4dfp.c
/opt/freesurfer/average/711-2C_as_mni_average_305.4dfp.img
       256       256       256         1
  1.000000  1.000000  1.000000
orientation T byte_order littleendian
Reading image: /opt/freesurfer/average/711-2C_as_mni_average_305.4dfp.img
dimensions:      256       256       256
mmppix:       1.0000   -1.0000   -1.0000
center:     128.0000 -129.0000 -129.0000
/opt/freesurfer/average/711-2B_as_mni_average_305_mask.4dfp.img
       256       256       256         1
  1.000000  1.000000  1.000000
orientation T byte_order littleendian
Reading mask: /opt/freesurfer/average/711-2B_as_mni_average_305_mask.4dfp.img (2306576 pixels)
talsrcimg_g11.4dfp.img
       256       256       256         1
  1.000000  1.000000  1.000000
orientation T byte_order littleendian
Reading image: talsrcimg_g11.4dfp.img
dimensions:      256       256       256
mmppix:       1.0000   -1.0000   -1.0000
center:     128.0000 -129.0000 -129.0000
rotation matrix determinant  1.000000
fimgreg.f
image alignment mode   1283 decimal      503 hex
parameters
    7.5000    0.0000    7.5000    0.0000    0.0000    0.0000
eta,q 0.93817 12.26723
niter,ni,del,rscale     5    3   12.0000    1.2000
parameter  3 -0.611145 -> -0.500000 qaram    1.1500
parameter  4  1.136616 ->  0.500000 qaram    1.1500
parameter  5  5.297677 ->  0.500000 qaram    1.1500
parameters
    7.7173   -1.1296   10.9500   -3.4500   -3.4500   -2.1994
eta,q 0.94964 12.20926
  0.0697  0.0685  0.0730  0.0568  0.0481  0.0519
  0.0624  0.0644  0.0687  0.0581  0.0499  0.0507
  0.0596  0.0617  0.0651  0.0595  0.0534  0.0504
  0.0618  0.0624  0.0615  0.0605  0.0586  0.0507
  0.0649  0.0651  0.0600  0.0618  0.0641  0.0522
  0.0640  0.0698  0.0604  0.0650  0.0686  0.0544
  0.0655  0.0745  0.0608  0.0690  0.0715  0.0564
niter,ni,del,rscale     7    3   12.0000    1.2000
parameter  4  0.517952 ->  0.500000 qaram    1.3225
parameters
    7.0002    0.2105   11.2637   -7.4175   -5.8340   -1.5612
eta,q 0.95656 12.29660
  0.0646  0.0671  0.0605  0.0480  0.0504  0.0503
  0.0551  0.0576  0.0555  0.0456  0.0454  0.0471
  0.0477  0.0512  0.0511  0.0464  0.0435  0.0446
  0.0504  0.0484  0.0483  0.0482  0.0456  0.0435
  0.0577  0.0487  0.0492  0.0509  0.0508  0.0437
  0.0634  0.0511  0.0535  0.0552  0.0586  0.0452
  0.0667  0.0549  0.0593  0.0610  0.0660  0.0481
niter,ni,del,rscale     7    3   12.0000    1.2000
parameters
    7.4579    1.9593   10.3768   -8.9174   -6.5943   -1.2780
eta,q 0.95858 12.32289
  0.0629  0.0655  0.0547  0.0499  0.0532  0.0479
  0.0566  0.0562  0.0478  0.0444  0.0472  0.0448
  0.0498  0.0472  0.0435  0.0412  0.0427  0.0424
  0.0434  0.0430  0.0434  0.0431  0.0415  0.0415
  0.0447  0.0437  0.0470  0.0463  0.0445  0.0418
  0.0518  0.0456  0.0537  0.0503  0.0515  0.0437
  0.0599  0.0490  0.0610  0.0564  0.0599  0.0471
niter,ni,del,rscale     6    3   12.0000    1.2000
parameters
    7.6976    2.6669    9.7798   -9.5258   -6.9716   -1.2323
eta,q 0.95905 12.33710
  0.0613  0.0590  0.0550  0.0516  0.0536  0.0475
  0.0542  0.0500  0.0478  0.0454  0.0473  0.0442
  0.0468  0.0429  0.0425  0.0412  0.0426  0.0418
  0.0414  0.0413  0.0416  0.0414  0.0409  0.0409
  0.0435  0.0427  0.0448  0.0448  0.0428  0.0416
  0.0514  0.0461  0.0517  0.0482  0.0489  0.0440
  0.0598  0.0514  0.0601  0.0539  0.0573  0.0474
niter,ni,del,rscale     5    3   12.0000    1.2000
parameters
    7.7559    2.9467    9.5068   -9.7744   -7.0828   -1.2220
eta,q 0.95910 12.34083
  0.0594  0.0564  0.0564  0.0527  0.0543  0.0474
  0.0529  0.0480  0.0486  0.0462  0.0478  0.0440
  0.0458  0.0420  0.0428  0.0415  0.0427  0.0417
  0.0410  0.0409  0.0410  0.0410  0.0409  0.0409
  0.0433  0.0428  0.0437  0.0442  0.0423  0.0416
  0.0517  0.0470  0.0501  0.0477  0.0477  0.0439
  0.0600  0.0528  0.0591  0.0529  0.0559  0.0474
niter,ni,del,rscale     4    3   12.0000    1.2000
parameters
    7.7733    3.0559    9.3936   -9.8827   -7.1208   -1.2236
eta,q 0.95913 12.34146
  0.0589  0.0556  0.0572  0.0531  0.0545  0.0473
  0.0528  0.0473  0.0491  0.0465  0.0479  0.0440
  0.0457  0.0416  0.0430  0.0416  0.0428  0.0417
  0.0409  0.0409  0.0409  0.0409  0.0409  0.0409
  0.0434  0.0429  0.0433  0.0440  0.0421  0.0416
  0.0518  0.0474  0.0494  0.0476  0.0474  0.0439
  0.0600  0.0535  0.0586  0.0526  0.0555  0.0474
niter,ni,del,rscale     3    3   12.0000    1.2000
parameters
    7.7803    3.1019    9.3475   -9.9276   -7.1344   -1.2263
eta,q 0.95914 12.34161
  0.0588  0.0553  0.0575  0.0533  0.0545  0.0473
  0.0527  0.0472  0.0493  0.0467  0.0479  0.0439
  0.0456  0.0415  0.0431  0.0417  0.0428  0.0417
  0.0409  0.0409  0.0409  0.0409  0.0409  0.0409
  0.0434  0.0429  0.0431  0.0438  0.0421  0.0416
  0.0518  0.0476  0.0491  0.0476  0.0473  0.0439
  0.0600  0.0539  0.0583  0.0524  0.0554  0.0473
registration optimization eta report
parameter search radius
    6.0000    6.0000    6.9000    7.9350    6.9000    6.0000
100000*second partial in parameter space
       49.       38.       35.       18.       30.       18.
  0.0588  0.0553  0.0575  0.0533  0.0545  0.0473
  0.0527  0.0472  0.0493  0.0467  0.0479  0.0439
  0.0456  0.0415  0.0431  0.0417  0.0428  0.0417
  0.0409  0.0409  0.0409  0.0409  0.0409  0.0409
  0.0434  0.0429  0.0431  0.0438  0.0421  0.0416
  0.0518  0.0476  0.0491  0.0476  0.0473  0.0439
  0.0600  0.0539  0.0583  0.0524  0.0554  0.0473
    7.7803    3.1019    9.3475   -9.9276   -7.1344   -1.2263
eta,q 0.95914 12.34161

---------------------------------------------------------------------
imgreg_4dfp /opt/freesurfer/average/711-2C_as_mni_average_305 /opt/freesurfer/average/711-2B_as_mni_average_305_mask talsrcimg_g11 none talsrcimg_to_711-2C_as_mni_average_305_t4 3335
---------------------------------------------------------------------

freesurfer imgreg_4dfp.c
/opt/freesurfer/average/711-2C_as_mni_average_305.4dfp.img
       256       256       256         1
  1.000000  1.000000  1.000000
orientation T byte_order littleendian
Reading image: /opt/freesurfer/average/711-2C_as_mni_average_305.4dfp.img
dimensions:      256       256       256
mmppix:       1.0000   -1.0000   -1.0000
center:     128.0000 -129.0000 -129.0000
/opt/freesurfer/average/711-2B_as_mni_average_305_mask.4dfp.img
       256       256       256         1
  1.000000  1.000000  1.000000
orientation T byte_order littleendian
Reading mask: /opt/freesurfer/average/711-2B_as_mni_average_305_mask.4dfp.img (2306576 pixels)
talsrcimg_g11.4dfp.img
       256       256       256         1
  1.000000  1.000000  1.000000
orientation T byte_order littleendian
Reading image: talsrcimg_g11.4dfp.img
dimensions:      256       256       256
mmppix:       1.0000   -1.0000   -1.0000
center:     128.0000 -129.0000 -129.0000
fimgreg.f
image alignment mode   3335 decimal      D07 hex
parameters
    7.7803    3.1019    9.3475   -0.7970   -1.4741   -2.2600
   -0.0327   12.5999   -2.1235   16.9747  -12.4197  -17.1069
eta,q 0.95942 12.44471
niter,ni,del,rscale     5    3    5.0000    1.2000
parameter  4  0.755203 ->  0.500000 qaram    1.1500
parameter  5  1.840292 ->  0.500000 qaram    1.1500
parameters
    7.8747    2.9895    9.2703   -4.9370   -5.6141   -4.2986
   -0.4014   12.8901   -2.5125   13.6930  -11.8230  -20.1697
eta,q 0.96940 12.19593
  0.0456  0.0427  0.0428  0.0377  0.0292  0.0327  0.0349  0.0365  0.0343  0.0320  0.0322  0.0314
  0.0429  0.0415  0.0415  0.0373  0.0307  0.0322  0.0331  0.0339  0.0328  0.0312  0.0315  0.0307
  0.0412  0.0408  0.0408  0.0380  0.0335  0.0318  0.0321  0.0324  0.0319  0.0310  0.0311  0.0306
  0.0406  0.0406  0.0406  0.0406  0.0373  0.0313  0.0318  0.0317  0.0317  0.0317  0.0310  0.0310
  0.0411  0.0409  0.0409  0.0452  0.0420  0.0320  0.0323  0.0320  0.0322  0.0333  0.0311  0.0318
  0.0426  0.0418  0.0418  0.0510  0.0470  0.0345  0.0336  0.0332  0.0333  0.0356  0.0314  0.0329
  0.0448  0.0431  0.0431  0.0569  0.0520  0.0389  0.0357  0.0360  0.0349  0.0387  0.0318  0.0342
niter,ni,del,rscale     6    3    5.0000    1.2000
parameter  5  0.764637 ->  0.500000 qaram    1.3225
parameters
    8.1641    3.8508    9.5536   -6.3617  -10.3751   -4.7839
   -0.2303   12.5804   -3.2951   13.4685  -13.6700  -21.8586
eta,q 0.97313 11.90016
  0.0346  0.0355  0.0319  0.0336  0.0276  0.0286  0.0303  0.0299  0.0291  0.0301  0.0275  0.0281
  0.0326  0.0332  0.0309  0.0320  0.0271  0.0278  0.0287  0.0283  0.0279  0.0283  0.0272  0.0272
  0.0313  0.0315  0.0304  0.0308  0.0280  0.0273  0.0276  0.0274  0.0273  0.0274  0.0270  0.0269
  0.0306  0.0305  0.0302  0.0301  0.0304  0.0272  0.0272  0.0272  0.0272  0.0271  0.0271  0.0270
  0.0307  0.0302  0.0302  0.0308  0.0342  0.0269  0.0274  0.0276  0.0276  0.0276  0.0274  0.0276
  0.0315  0.0304  0.0305  0.0337  0.0392  0.0276  0.0284  0.0286  0.0287  0.0287  0.0278  0.0285
  0.0331  0.0314  0.0311  0.0393  0.0446  0.0297  0.0301  0.0303  0.0302  0.0303  0.0283  0.0296
niter,ni,del,rscale     6    3    5.0000    1.2000
parameters
    8.3489    4.5776    9.5903   -5.5332  -12.7828   -4.8323
   -0.1770   12.6508   -3.6698   13.9535  -13.7710  -22.8026
eta,q 0.97401 11.81013
  0.0303  0.0315  0.0280  0.0314  0.0301  0.0280  0.0292  0.0293  0.0281  0.0294  0.0270  0.0275
  0.0286  0.0294  0.0272  0.0296  0.0278  0.0270  0.0276  0.0274  0.0269  0.0275  0.0264  0.0265
  0.0274  0.0278  0.0267  0.0279  0.0262  0.0263  0.0265  0.0263  0.0262  0.0265  0.0261  0.0260
  0.0269  0.0268  0.0266  0.0266  0.0263  0.0261  0.0261  0.0261  0.0261  0.0261  0.0261  0.0261
  0.0270  0.0266  0.0267  0.0260  0.0285  0.0260  0.0264  0.0265  0.0264  0.0263  0.0262  0.0265
  0.0279  0.0270  0.0272  0.0272  0.0328  0.0265  0.0274  0.0275  0.0273  0.0272  0.0265  0.0273
  0.0294  0.0280  0.0279  0.0308  0.0383  0.0286  0.0292  0.0290  0.0285  0.0285  0.0270  0.0283
niter,ni,del,rscale     5    3    5.0000    1.2000
parameters
    8.3842    4.8402    9.4014   -5.0340  -13.4384   -4.9224
   -0.1428   12.7951   -3.8259   14.2937  -13.6588  -23.2415
eta,q 0.97409 11.79572
  0.0292  0.0293  0.0271  0.0308  0.0315  0.0279  0.0290  0.0294  0.0280  0.0290  0.0269  0.0277
  0.0275  0.0276  0.0264  0.0290  0.0292  0.0269  0.0274  0.0273  0.0268  0.0272  0.0263  0.0266
  0.0264  0.0265  0.0261  0.0273  0.0270  0.0262  0.0263  0.0262  0.0261  0.0262  0.0260  0.0260
  0.0260  0.0260  0.0260  0.0260  0.0258  0.0259  0.0259  0.0259  0.0259  0.0259  0.0259  0.0259
  0.0263  0.0261  0.0262  0.0255  0.0266  0.0258  0.0262  0.0263  0.0262  0.0263  0.0261  0.0263
  0.0273  0.0269  0.0267  0.0270  0.0296  0.0264  0.0273  0.0273  0.0270  0.0271  0.0264  0.0271
  0.0290  0.0281  0.0275  0.0309  0.0344  0.0286  0.0290  0.0289  0.0282  0.0283  0.0268  0.0280
niter,ni,del,rscale     4    3    5.0000    1.2000
parameters
    8.3633    4.9190    9.2787   -4.9021  -13.5754   -4.9494
   -0.1213   12.8265   -3.8656   14.4920  -13.6150  -23.4231
eta,q 0.97410 11.79620
  0.0290  0.0287  0.0271  0.0306  0.0319  0.0280  0.0290  0.0293  0.0280  0.0288  0.0269  0.0279
  0.0273  0.0271  0.0264  0.0289  0.0296  0.0270  0.0274  0.0272  0.0269  0.0271  0.0263  0.0266
  0.0263  0.0262  0.0260  0.0272  0.0273  0.0262  0.0263  0.0261  0.0261  0.0261  0.0260  0.0260
  0.0259  0.0259  0.0259  0.0259  0.0259  0.0259  0.0259  0.0259  0.0259  0.0259  0.0259  0.0259
  0.0263  0.0262  0.0261  0.0257  0.0262  0.0258  0.0262  0.0263  0.0262  0.0263  0.0261  0.0263
  0.0273  0.0270  0.0266  0.0274  0.0288  0.0264  0.0273  0.0273  0.0269  0.0271  0.0264  0.0270
  0.0292  0.0282  0.0274  0.0316  0.0334  0.0286  0.0290  0.0290  0.0281  0.0283  0.0268  0.0279
niter,ni,del,rscale     3    3    5.0000    1.2000
parameters
    8.3486    4.9389    9.2307   -4.8751  -13.6004   -4.9473
   -0.1225   12.8351   -3.8645   14.5806  -13.5983  -23.4933
eta,q 0.97409 11.79807
  0.0290  0.0285  0.0272  0.0306  0.0320  0.0280  0.0290  0.0293  0.0280  0.0287  0.0269  0.0280
  0.0274  0.0270  0.0265  0.0288  0.0297  0.0270  0.0274  0.0272  0.0269  0.0270  0.0263  0.0267
  0.0263  0.0262  0.0260  0.0272  0.0274  0.0262  0.0263  0.0261  0.0261  0.0261  0.0260  0.0260
  0.0259  0.0259  0.0259  0.0259  0.0259  0.0259  0.0259  0.0259  0.0259  0.0259  0.0259  0.0259
  0.0263  0.0262  0.0261  0.0257  0.0262  0.0257  0.0262  0.0263  0.0262  0.0263  0.0261  0.0262
  0.0273  0.0271  0.0265  0.0275  0.0287  0.0264  0.0273  0.0273  0.0269  0.0271  0.0264  0.0269
  0.0291  0.0283  0.0273  0.0318  0.0332  0.0286  0.0291  0.0291  0.0280  0.0284  0.0268  0.0279
niter,ni,del,rscale     2    3    5.0000    1.2000
parameters
    8.3433    4.9446    9.2128   -4.8666  -13.6069   -4.9430
   -0.1294   12.8397   -3.8604   14.6097  -13.5874  -23.5207
eta,q 0.97409 11.79881
  0.0290  0.0284  0.0272  0.0306  0.0320  0.0281  0.0290  0.0293  0.0280  0.0287  0.0269  0.0280
  0.0274  0.0270  0.0265  0.0288  0.0297  0.0270  0.0274  0.0272  0.0269  0.0270  0.0263  0.0267
  0.0263  0.0262  0.0261  0.0272  0.0274  0.0262  0.0263  0.0261  0.0261  0.0261  0.0260  0.0260
  0.0259  0.0259  0.0259  0.0259  0.0259  0.0259  0.0259  0.0259  0.0259  0.0259  0.0259  0.0259
  0.0262  0.0262  0.0261  0.0257  0.0262  0.0257  0.0262  0.0264  0.0262  0.0263  0.0261  0.0262
  0.0273  0.0271  0.0265  0.0276  0.0287  0.0264  0.0273  0.0273  0.0269  0.0272  0.0264  0.0269
  0.0291  0.0283  0.0272  0.0319  0.0331  0.0286  0.0291  0.0291  0.0280  0.0284  0.0268  0.0278
registration optimization eta report
parameter search radius
    2.4000    2.4000    2.4000    8.2800    9.5220    7.2000
    7.2000    7.2000    7.2000    7.2000    7.2000    7.2000
100000*second partial in parameter space
       55.       43.       23.        8.        7.        5.
        6.        6.        4.        5.        2.        4.
  0.0290  0.0284  0.0272  0.0306  0.0320  0.0281  0.0290  0.0293  0.0280  0.0287  0.0269  0.0280
  0.0274  0.0270  0.0265  0.0288  0.0297  0.0270  0.0274  0.0272  0.0269  0.0270  0.0263  0.0267
  0.0263  0.0262  0.0261  0.0272  0.0274  0.0262  0.0263  0.0261  0.0261  0.0261  0.0260  0.0260
  0.0259  0.0259  0.0259  0.0259  0.0259  0.0259  0.0259  0.0259  0.0259  0.0259  0.0259  0.0259
  0.0262  0.0262  0.0261  0.0257  0.0262  0.0257  0.0262  0.0264  0.0262  0.0263  0.0261  0.0262
  0.0273  0.0271  0.0265  0.0276  0.0287  0.0264  0.0273  0.0273  0.0269  0.0272  0.0264  0.0269
  0.0291  0.0283  0.0272  0.0319  0.0331  0.0286  0.0291  0.0291  0.0280  0.0284  0.0268  0.0278
    8.3433    4.9446    9.2128   -4.8666  -13.6069   -4.9430
   -0.1294   12.8397   -3.8604   14.6097  -13.5874  -23.5207
eta,q 0.97409 11.79881

---------------------------------------------------------------------
imgreg_4dfp /opt/freesurfer/average/711-2C_as_mni_average_305 /opt/freesurfer/average/711-2B_as_mni_average_305_mask talsrcimg_g11 none talsrcimg_to_711-2C_as_mni_average_305_t4 2311
---------------------------------------------------------------------

freesurfer imgreg_4dfp.c
/opt/freesurfer/average/711-2C_as_mni_average_305.4dfp.img
       256       256       256         1
  1.000000  1.000000  1.000000
orientation T byte_order littleendian
Reading image: /opt/freesurfer/average/711-2C_as_mni_average_305.4dfp.img
dimensions:      256       256       256
mmppix:       1.0000   -1.0000   -1.0000
center:     128.0000 -129.0000 -129.0000
/opt/freesurfer/average/711-2B_as_mni_average_305_mask.4dfp.img
       256       256       256         1
  1.000000  1.000000  1.000000
orientation T byte_order littleendian
Reading mask: /opt/freesurfer/average/711-2B_as_mni_average_305_mask.4dfp.img (2306576 pixels)
talsrcimg_g11.4dfp.img
       256       256       256         1
  1.000000  1.000000  1.000000
orientation T byte_order littleendian
Reading image: talsrcimg_g11.4dfp.img
dimensions:      256       256       256
mmppix:       1.0000   -1.0000   -1.0000
center:     128.0000 -129.0000 -129.0000
fimgreg.f
image alignment mode   2311 decimal      907 hex
parameters
    8.3433    4.9446    9.2128   -4.8666  -13.6069   -4.9430
   -0.1294   12.8397   -3.8604   14.6097  -13.5874  -23.5207
eta,q 0.97409 11.79882
niter,ni,del,rscale     5    3    5.0000    0.8000
parameters
    8.3662    4.9012    9.1998   -3.5764  -12.8974   -4.3647
   -0.2481   13.1106   -3.9364   14.8343  -13.0200  -23.3963
eta,q 0.97451 11.88872
  0.0274  0.0270  0.0265  0.0284  0.0282  0.0266  0.0270  0.0275  0.0266  0.0270  0.0262  0.0266
  0.0266  0.0264  0.0262  0.0274  0.0271  0.0261  0.0262  0.0263  0.0260  0.0261  0.0258  0.0259
  0.0261  0.0260  0.0260  0.0266  0.0262  0.0257  0.0256  0.0257  0.0256  0.0256  0.0256  0.0256
  0.0259  0.0259  0.0259  0.0259  0.0256  0.0255  0.0255  0.0255  0.0255  0.0255  0.0255  0.0255
  0.0261  0.0261  0.0260  0.0256  0.0255  0.0254  0.0257  0.0257  0.0256  0.0256  0.0255  0.0256
  0.0265  0.0265  0.0262  0.0259  0.0260  0.0255  0.0263  0.0261  0.0260  0.0261  0.0257  0.0259
  0.0273  0.0271  0.0265  0.0269  0.0272  0.0263  0.0272  0.0270  0.0267  0.0267  0.0259  0.0264
niter,ni,del,rscale     4    3    5.0000    0.7000
parameters
    8.2374    4.7815    9.1371   -3.5462  -12.7555   -3.9466
   -0.1016   13.1130   -3.8983   14.9875  -12.8112  -23.3324
eta,q 0.97459 11.91797
  0.0265  0.0263  0.0259  0.0272  0.0273  0.0262  0.0267  0.0268  0.0263  0.0266  0.0259  0.0263
  0.0259  0.0258  0.0256  0.0264  0.0264  0.0258  0.0260  0.0260  0.0258  0.0259  0.0256  0.0258
  0.0256  0.0255  0.0255  0.0258  0.0258  0.0256  0.0256  0.0255  0.0255  0.0255  0.0255  0.0255
  0.0255  0.0255  0.0255  0.0255  0.0255  0.0255  0.0254  0.0254  0.0254  0.0254  0.0254  0.0254
  0.0257  0.0257  0.0255  0.0255  0.0256  0.0253  0.0255  0.0256  0.0255  0.0255  0.0255  0.0255
  0.0262  0.0260  0.0257  0.0261  0.0261  0.0254  0.0259  0.0260  0.0258  0.0259  0.0256  0.0258
  0.0270  0.0266  0.0260  0.0274  0.0272  0.0261  0.0266  0.0267  0.0263  0.0264  0.0258  0.0262
niter,ni,del,rscale     3    3    5.0000    0.6000
parameters
    8.2099    4.7284    9.1417   -3.4087  -12.6996   -3.5818
   -0.0792   13.1848   -3.8879   15.1520  -12.7041  -23.2540
eta,q 0.97466 11.94152
  0.0263  0.0261  0.0258  0.0268  0.0268  0.0259  0.0263  0.0264  0.0260  0.0262  0.0257  0.0260
  0.0258  0.0257  0.0256  0.0262  0.0261  0.0257  0.0258  0.0258  0.0257  0.0257  0.0255  0.0256
  0.0255  0.0255  0.0254  0.0257  0.0256  0.0255  0.0255  0.0255  0.0254  0.0254  0.0254  0.0254
  0.0254  0.0254  0.0254  0.0254  0.0254  0.0254  0.0253  0.0253  0.0253  0.0253  0.0253  0.0253
  0.0255  0.0255  0.0255  0.0254  0.0255  0.0252  0.0254  0.0254  0.0254  0.0254  0.0254  0.0254
  0.0259  0.0258  0.0256  0.0258  0.0259  0.0253  0.0257  0.0257  0.0256  0.0257  0.0255  0.0256
  0.0264  0.0262  0.0258  0.0268  0.0268  0.0259  0.0263  0.0263  0.0260  0.0261  0.0256  0.0259
niter,ni,del,rscale     2    3    5.0000    0.5000
parameters
    8.1907    4.7001    9.1366   -3.2652  -12.6609   -3.1445
   -0.0456   13.2714   -3.8935   15.3787  -12.5636  -23.1363
eta,q 0.97474 11.96649
  0.0260  0.0258  0.0256  0.0264  0.0263  0.0257  0.0259  0.0261  0.0257  0.0260  0.0255  0.0258
  0.0256  0.0256  0.0255  0.0259  0.0258  0.0256  0.0256  0.0256  0.0255  0.0256  0.0254  0.0255
  0.0254  0.0254  0.0254  0.0255  0.0255  0.0255  0.0253  0.0254  0.0253  0.0253  0.0253  0.0253
  0.0253  0.0254  0.0253  0.0253  0.0253  0.0253  0.0253  0.0253  0.0253  0.0253  0.0253  0.0253
  0.0254  0.0254  0.0254  0.0254  0.0254  0.0252  0.0253  0.0253  0.0253  0.0253  0.0253  0.0253
  0.0257  0.0256  0.0255  0.0257  0.0257  0.0253  0.0255  0.0256  0.0255  0.0255  0.0254  0.0255
  0.0260  0.0259  0.0256  0.0263  0.0263  0.0257  0.0259  0.0260  0.0257  0.0258  0.0255  0.0257
niter,ni,del,rscale     1    3    5.0000    0.4000
parameters
    8.1666    4.6715    9.1573   -3.1477  -12.6178   -2.6516
    0.0046   13.3196   -3.8909   15.5855  -12.4537  -22.9465
eta,q 0.97482 11.99116
  0.0257  0.0256  0.0255  0.0259  0.0259  0.0257  0.0256  0.0257  0.0255  0.0257  0.0254  0.0255
  0.0254  0.0254  0.0254  0.0256  0.0256  0.0256  0.0254  0.0254  0.0253  0.0254  0.0253  0.0253
  0.0253  0.0253  0.0253  0.0254  0.0254  0.0254  0.0252  0.0252  0.0252  0.0252  0.0252  0.0252
  0.0253  0.0253  0.0253  0.0253  0.0253  0.0253  0.0252  0.0252  0.0252  0.0252  0.0252  0.0252
  0.0253  0.0253  0.0253  0.0253  0.0253  0.0252  0.0252  0.0252  0.0252  0.0252  0.0252  0.0252
  0.0255  0.0254  0.0253  0.0255  0.0255  0.0252  0.0253  0.0254  0.0253  0.0253  0.0253  0.0253
  0.0257  0.0256  0.0254  0.0259  0.0259  0.0255  0.0256  0.0257  0.0255  0.0255  0.0253  0.0254
registration optimization eta report
parameter search radius
    0.8000    0.8000    0.8000    2.4000    2.4000    2.4000
    2.4000    2.4000    2.4000    2.4000    2.4000    2.4000
100000*second partial in parameter space
       69.       54.       30.       11.       11.        6.
        7.        9.        6.        7.        3.        5.
  0.0257  0.0256  0.0255  0.0259  0.0259  0.0257  0.0256  0.0257  0.0255  0.0257  0.0254  0.0255
  0.0254  0.0254  0.0254  0.0256  0.0256  0.0256  0.0254  0.0254  0.0253  0.0254  0.0253  0.0253
  0.0253  0.0253  0.0253  0.0254  0.0254  0.0254  0.0252  0.0252  0.0252  0.0252  0.0252  0.0252
  0.0253  0.0253  0.0253  0.0253  0.0253  0.0253  0.0252  0.0252  0.0252  0.0252  0.0252  0.0252
  0.0253  0.0253  0.0253  0.0253  0.0253  0.0252  0.0252  0.0252  0.0252  0.0252  0.0252  0.0252
  0.0255  0.0254  0.0253  0.0255  0.0255  0.0252  0.0253  0.0254  0.0253  0.0253  0.0253  0.0253
  0.0257  0.0256  0.0254  0.0259  0.0259  0.0255  0.0256  0.0257  0.0255  0.0255  0.0253  0.0254
    8.1666    4.6715    9.1573   -3.1477  -12.6178   -2.6516
    0.0046   13.3196   -3.8909   15.5855  -12.4537  -22.9465
eta,q 0.97482 11.99116

---------------------------------------------------------------------
imgreg_4dfp /opt/freesurfer/average/711-2C_as_mni_average_305 /opt/freesurfer/average/711-2B_as_mni_average_305_mask talsrcimg_g11 none talsrcimg_to_711-2C_as_mni_average_305_t4 2311
---------------------------------------------------------------------

freesurfer imgreg_4dfp.c
/opt/freesurfer/average/711-2C_as_mni_average_305.4dfp.img
       256       256       256         1
  1.000000  1.000000  1.000000
orientation T byte_order littleendian
Reading image: /opt/freesurfer/average/711-2C_as_mni_average_305.4dfp.img
dimensions:      256       256       256
mmppix:       1.0000   -1.0000   -1.0000
center:     128.0000 -129.0000 -129.0000
/opt/freesurfer/average/711-2B_as_mni_average_305_mask.4dfp.img
       256       256       256         1
  1.000000  1.000000  1.000000
orientation T byte_order littleendian
Reading mask: /opt/freesurfer/average/711-2B_as_mni_average_305_mask.4dfp.img (2306576 pixels)
talsrcimg_g11.4dfp.img
       256       256       256         1
  1.000000  1.000000  1.000000
orientation T byte_order littleendian
Reading image: talsrcimg_g11.4dfp.img
dimensions:      256       256       256
mmppix:       1.0000   -1.0000   -1.0000
center:     128.0000 -129.0000 -129.0000
fimgreg.f
image alignment mode   2311 decimal      907 hex
parameters
    8.1666    4.6715    9.1573   -3.1477  -12.6178   -2.6516
    0.0046   13.3196   -3.8909   15.5855  -12.4537  -22.9465
eta,q 0.97482 11.99116
niter,ni,del,rscale     5    3    5.0000    0.8000
parameters
    8.1370    4.6645    9.3418   -3.6959  -12.7866   -3.3373
    0.0352   13.0925   -3.8009   15.1072  -12.6962  -22.9798
eta,q 0.97463 11.94268
  0.0269  0.0265  0.0263  0.0272  0.0273  0.0262  0.0270  0.0270  0.0266  0.0265  0.0259  0.0264
  0.0259  0.0258  0.0257  0.0262  0.0263  0.0259  0.0261  0.0261  0.0259  0.0258  0.0255  0.0258
  0.0254  0.0253  0.0253  0.0255  0.0256  0.0256  0.0256  0.0255  0.0255  0.0254  0.0254  0.0254
  0.0252  0.0252  0.0252  0.0252  0.0252  0.0253  0.0254  0.0254  0.0254  0.0254  0.0254  0.0254
  0.0254  0.0253  0.0252  0.0255  0.0255  0.0253  0.0256  0.0256  0.0255  0.0257  0.0255  0.0255
  0.0260  0.0258  0.0255  0.0266  0.0264  0.0261  0.0261  0.0262  0.0259  0.0262  0.0257  0.0259
  0.0271  0.0266  0.0258  0.0290  0.0279  0.0276  0.0270  0.0274  0.0265  0.0269  0.0259  0.0264
niter,ni,del,rscale     4    3    5.0000    0.7000
parameters
    8.2155    4.7261    9.2626   -3.5635  -12.7556   -3.5918
   -0.0759   13.1368   -3.8439   14.9941  -12.8029  -23.1289
eta,q 0.97463 11.93225
  0.0268  0.0265  0.0258  0.0272  0.0271  0.0260  0.0266  0.0268  0.0263  0.0264  0.0258  0.0261
  0.0260  0.0259  0.0255  0.0264  0.0263  0.0257  0.0259  0.0260  0.0258  0.0258  0.0255  0.0257
  0.0256  0.0255  0.0254  0.0257  0.0256  0.0256  0.0255  0.0255  0.0255  0.0254  0.0254  0.0254
  0.0254  0.0254  0.0254  0.0254  0.0253  0.0253  0.0254  0.0254  0.0254  0.0254  0.0254  0.0254
  0.0254  0.0254  0.0254  0.0254  0.0255  0.0252  0.0255  0.0255  0.0255  0.0255  0.0254  0.0255
  0.0258  0.0258  0.0256  0.0259  0.0261  0.0256  0.0260  0.0259  0.0258  0.0259  0.0256  0.0258
  0.0265  0.0263  0.0259  0.0272  0.0272  0.0266  0.0267  0.0267  0.0263  0.0264  0.0258  0.0262
niter,ni,del,rscale     3    3    5.0000    0.6000
parameters
    8.2129    4.7191    9.1973   -3.4129  -12.7083   -3.4952
   -0.0760   13.1931   -3.8779   15.1109  -12.7160  -23.1753
eta,q 0.97466 11.94332
  0.0263  0.0261  0.0257  0.0268  0.0267  0.0259  0.0263  0.0264  0.0260  0.0262  0.0257  0.0259
  0.0258  0.0257  0.0255  0.0261  0.0260  0.0256  0.0258  0.0258  0.0256  0.0257  0.0255  0.0256
  0.0255  0.0254  0.0254  0.0256  0.0256  0.0255  0.0254  0.0254  0.0254  0.0254  0.0254  0.0254
  0.0254  0.0254  0.0254  0.0254  0.0254  0.0254  0.0253  0.0253  0.0253  0.0253  0.0253  0.0253
  0.0255  0.0255  0.0254  0.0254  0.0254  0.0252  0.0254  0.0254  0.0254  0.0254  0.0254  0.0254
  0.0258  0.0257  0.0256  0.0258  0.0259  0.0254  0.0257  0.0258  0.0256  0.0257  0.0255  0.0256
  0.0263  0.0261  0.0258  0.0267  0.0267  0.0261  0.0263  0.0263  0.0260  0.0261  0.0256  0.0259
niter,ni,del,rscale     2    3    5.0000    0.5000
parameters
    8.1929    4.6999    9.1608   -3.2732  -12.6601   -3.1455
   -0.0468   13.2702   -3.8891   15.3425  -12.5907  -23.1133
eta,q 0.97474 11.96555
  0.0260  0.0258  0.0256  0.0264  0.0263  0.0257  0.0259  0.0261  0.0257  0.0260  0.0255  0.0257
  0.0256  0.0256  0.0254  0.0259  0.0258  0.0256  0.0256  0.0256  0.0255  0.0256  0.0254  0.0255
  0.0254  0.0254  0.0254  0.0255  0.0255  0.0255  0.0253  0.0253  0.0253  0.0253  0.0253  0.0253
  0.0253  0.0253  0.0253  0.0253  0.0253  0.0253  0.0253  0.0253  0.0253  0.0253  0.0253  0.0253
  0.0254  0.0254  0.0254  0.0253  0.0254  0.0252  0.0253  0.0253  0.0253  0.0253  0.0253  0.0253
  0.0256  0.0256  0.0255  0.0256  0.0257  0.0253  0.0255  0.0256  0.0255  0.0255  0.0254  0.0255
  0.0260  0.0259  0.0256  0.0263  0.0263  0.0257  0.0259  0.0260  0.0257  0.0257  0.0255  0.0257
niter,ni,del,rscale     1    3    5.0000    0.4000
parameters
    8.1692    4.6756    9.1663   -3.1478  -12.6180   -2.6487
   -0.0005   13.3263   -3.8977   15.5725  -12.4547  -22.9333
eta,q 0.97482 11.99090
  0.0257  0.0256  0.0255  0.0260  0.0259  0.0256  0.0256  0.0257  0.0255  0.0257  0.0254  0.0255
  0.0254  0.0254  0.0253  0.0256  0.0256  0.0255  0.0254  0.0254  0.0253  0.0254  0.0253  0.0253
  0.0253  0.0253  0.0253  0.0254  0.0254  0.0254  0.0252  0.0252  0.0252  0.0252  0.0252  0.0252
  0.0253  0.0253  0.0253  0.0253  0.0253  0.0253  0.0252  0.0252  0.0252  0.0252  0.0252  0.0252
  0.0253  0.0253  0.0253  0.0253  0.0253  0.0252  0.0252  0.0252  0.0252  0.0252  0.0252  0.0252
  0.0255  0.0254  0.0254  0.0255  0.0255  0.0252  0.0254  0.0254  0.0253  0.0253  0.0252  0.0253
  0.0257  0.0256  0.0254  0.0259  0.0259  0.0255  0.0256  0.0257  0.0255  0.0255  0.0253  0.0254
registration optimization eta report
parameter search radius
    0.8000    0.8000    0.8000    2.4000    2.4000    2.4000
    2.4000    2.4000    2.4000    2.4000    2.4000    2.4000
100000*second partial in parameter space
       68.       54.       30.       11.       11.        6.
        7.        9.        6.        7.        3.        5.
  0.0257  0.0256  0.0255  0.0260  0.0259  0.0256  0.0256  0.0257  0.0255  0.0257  0.0254  0.0255
  0.0254  0.0254  0.0253  0.0256  0.0256  0.0255  0.0254  0.0254  0.0253  0.0254  0.0253  0.0253
  0.0253  0.0253  0.0253  0.0254  0.0254  0.0254  0.0252  0.0252  0.0252  0.0252  0.0252  0.0252
  0.0253  0.0253  0.0253  0.0253  0.0253  0.0253  0.0252  0.0252  0.0252  0.0252  0.0252  0.0252
  0.0253  0.0253  0.0253  0.0253  0.0253  0.0252  0.0252  0.0252  0.0252  0.0252  0.0252  0.0252
  0.0255  0.0254  0.0254  0.0255  0.0255  0.0252  0.0254  0.0254  0.0253  0.0253  0.0252  0.0253
  0.0257  0.0256  0.0254  0.0259  0.0259  0.0255  0.0256  0.0257  0.0255  0.0255  0.0253  0.0254
    8.1692    4.6756    9.1663   -3.1478  -12.6180   -2.6487
   -0.0005   13.3263   -3.8977   15.5725  -12.4547  -22.9333
eta,q 0.97482 11.99090

---------------------------------------------------------------------
compute_vox2vox talsrcimg talsrcimg_to_711-2C_as_mni_average_305_t4 /opt/freesurfer/average/711-2C_as_mni_average_305
---------------------------------------------------------------------

freesurfer compute_vox2vox.c
Reading: talsrcimg.4dfp.ifh
Reading: talsrcimg_to_711-2C_as_mni_average_305_t4
Reading: /opt/freesurfer/average/711-2C_as_mni_average_305.4dfp.ifh
Writing: talsrcimg_to_711-2C_as_mni_average_305_t4_vox2vox.txt

start time Mon Mar 9 08:01:57 CET 2026
end		time Mon Mar 9 08:03:31 CET 2026

mpr2mni305 success

avi2talxfm orig_nu.mgz /opt/freesurfer/average/mni305.cor.mgz talsrcimg_to_711-2C_as_mni_average_305_t4_vox2vox.txt transforms/talairach.auto.xfm
avi2talxfm done
mv -f /out/sourcedata/freesurfer/sub-v1s20x0050324_ses-1/mri/talsrcimg_to_711-2C_as_mni_average_305_t4_vox2vox.txt /out/sourcedata/freesurfer/sub-v1s20x0050324_ses-1/mri/transforms/talsrcimg_to_711-2C_as_mni_average_305_t4_vox2vox.txt
lta_convert --src orig_nu.mgz --trg /opt/freesurfer/average/mni305.cor.mgz --inxfm transforms/talairach.auto.xfm --outlta transforms/talairach.auto.xfm.lta --subject fsaverage
7.3.2

--src: orig_nu.mgz src image (geometry).
--trg: /opt/freesurfer/average/mni305.cor.mgz trg image (geometry).
--inmni: transforms/talairach.auto.xfm input MNI/XFM transform.
--outlta: transforms/talairach.auto.xfm.lta output LTA.
--s: fsaverage subject name
 LTA read, type : 1
 1.01396  -0.13321  -0.03495  -7.45834;
 0.13472   0.96812   0.25408  -11.90701;
 0.02122  -0.17847   1.09756  -4.42631;
 0.00000   0.00000   0.00000   1.00000;
setting subject to fsaverage
Writing  LTA to file transforms/talairach.auto.xfm.lta...
lta_convert successful.
 
 
Started at Mon Mar 9 08:01:56 CET 2026
Ended   at Mon Mar  9 08:03:31 CET 2026
talairach_avi done
