/out/sourcedata/freesurfer/sub-v1s20x0050349_ses-1/mri
/opt/freesurfer/bin/talairach_avi
--i orig_nu.mgz --xfm transforms/talairach.auto.xfm
talairach_avi 7.3.2
Linux dna082 5.14.0-427.37.1.el9_4.x86_64 #1 SMP PREEMPT_DYNAMIC Fri Sep 13 12:41:50 EDT 2024 x86_64 x86_64 x86_64 GNU/Linux
Thu Mar 12 18:13:01 CET 2026
mri_convert orig_nu.mgz talsrcimg.img 
reading from orig_nu.mgz...
TR=0.00, TE=0.00, TI=0.00, flip angle=0.00
i_ras = (-1, 0, 0)
j_ras = (0, 0, -1)
k_ras = (0, 1, 0)
writing to talsrcimg.img...
Analyze Output Matrix
-1.00000   0.00000   0.00000   129.50778;
 0.00000   0.00000   1.00000  -128.49219;
 0.00000  -1.00000   0.00000   129.70001;
 0.00000   0.00000   0.00000   1.00000;
--------------------
INFO: set hdr.hist.orient to -1
mpr2mni305 talsrcimg
Thu Mar 12 18:13:01 CET 2026
/opt/freesurfer/bin/mpr2mni305 talsrcimg
mpr2mni305 7.3.2
target=711-2C_as_mni_average_305

---------------------------------------------------------------------
analyzeto4dfp talsrcimg -O0 -y
---------------------------------------------------------------------

freesurfer ifh2hdr.c
Thu Mar 12 18:13:01 2026
Writing: talsrcimg.4dfp.hdr
freesurfer analyzeto4dfp.c
Reading: talsrcimg.hdr
header size 348 bytes
hdr.dime.datatype	offset=70	value=2
hdr.dime.bitpix		offset=72	value=8
hdr.hist.orient		offset=252	value=-1
dimensionality     4
dimensions       256       256       256         1
Reading: talsrcimg.img
Writing: talsrcimg.4dfp.img
Writing: talsrcimg.4dfp.ifh
ifh2hdr talsrcimg -r0to255
ori=2

---------------------------------------------------------------------
gauss_4dfp talsrcimg 1.1
---------------------------------------------------------------------

freesurfer gauss_4dfp.c
Reading: talsrcimg.4dfp.img
Writing: talsrcimg_g11.4dfp.img
image dimensions 256 256 256 padded to 288 288 288
processing volume 1freesurfer ifh2hdr.c
Thu Mar 12 18:13:03 2026
Writing: talsrcimg_g11.4dfp.hdr

Writing: talsrcimg_g11.4dfp.ifh
including: talsrcimg.4dfp.img.rec in talsrcimg_g11.4dfp.img.rec

---------------------------------------------------------------------
imgreg_4dfp /opt/freesurfer/average/711-2C_as_mni_average_305 none talsrcimg_g11 none talsrcimg_to_711-2C_as_mni_average_305_t4 4355
---------------------------------------------------------------------

freesurfer imgreg_4dfp.c
/opt/freesurfer/average/711-2C_as_mni_average_305.4dfp.img
       256       256       256         1
  1.000000  1.000000  1.000000
orientation T byte_order littleendian
Reading image: /opt/freesurfer/average/711-2C_as_mni_average_305.4dfp.img
dimensions:      256       256       256
mmppix:       1.0000   -1.0000   -1.0000
center:     128.0000 -129.0000 -129.0000
talsrcimg_g11.4dfp.img
       256       256       256         1
  1.000000  1.000000  1.000000
orientation T byte_order littleendian
Reading image: talsrcimg_g11.4dfp.img
dimensions:      256       256       256
mmppix:       1.0000   -1.0000   -1.0000
center:     128.0000 -129.0000 -129.0000
t4_read: open error in t4_sub.f l:  41 t4_file(1:l)talsrcimg_to_711-2C_as_mni_average_305_t4 
t4_read: transform initialized to I4
rotation matrix determinant  1.000000
image alignment mode   4355 decimal     1103 hex
   -7.5000  -45.0000  -45.0000 8987.8926   17.8145
    0.0000  -45.0000  -45.0000 9438.7549   17.8166
    7.5000  -45.0000  -45.0000 9040.5703   17.8006
   -7.5000  -37.5000  -45.0000 9612.7949   17.7777
    0.0000  -37.5000  -45.000010090.8701   17.7742
    7.5000  -37.5000  -45.0000 9665.5225   17.7548
   -7.5000  -30.0000  -45.000010539.9912   17.7260
    0.0000  -30.0000  -45.000011039.1504   17.7116
    7.5000  -30.0000  -45.000010571.6748   17.6818
   -7.5000  -22.5000  -45.000011332.2139   17.7129
    0.0000  -22.5000  -45.000011850.8359   17.6943
    7.5000  -22.5000  -45.000011349.9609   17.6574
   -7.5000  -15.0000  -45.000012031.8389   17.7426
    0.0000  -15.0000  -45.000012598.1514   17.7290
    7.5000  -15.0000  -45.000012057.8604   17.6942
   -7.5000   -7.5000  -45.000012689.7109   17.7924
    0.0000   -7.5000  -45.000013302.7207   17.7887
    7.5000   -7.5000  -45.000012713.2891   17.7645
   -7.5000    0.0000  -45.000013283.1855   17.8145
    0.0000    0.0000  -45.000013905.5479   17.8166
    7.5000    0.0000  -45.000013347.7188   17.8006
   -7.5000    7.5000  -45.000012906.4668   17.7777
    0.0000    7.5000  -45.000013531.0410   17.7742
    7.5000    7.5000  -45.000012978.2852   17.7548
   -7.5000   15.0000  -45.000012435.3086   17.7260
    0.0000   15.0000  -45.000013029.5439   17.7116
    7.5000   15.0000  -45.000012486.6445   17.6818
   -7.5000   22.5000  -45.000011765.0605   17.7104
    0.0000   22.5000  -45.000012320.3174   17.6919
    7.5000   22.5000  -45.000011831.4746   17.6549
   -7.5000   30.0000  -45.000010841.5781   17.5062
    0.0000   30.0000  -45.000011348.8105   17.4928
    7.5000   30.0000  -45.000010912.7256   17.4584
   -7.5000   37.5000  -45.000010253.5000   17.5553
    0.0000   37.5000  -45.000010727.2646   17.5517
    7.5000   37.5000  -45.000010335.5645   17.5277
   -7.5000   45.0000  -45.0000 9348.0420   17.1307
    0.0000   45.0000  -45.0000 9794.9180   17.1328
    7.5000   45.0000  -45.0000 9411.2051   17.1174
   -7.5000  -45.0000  -37.5000 9428.1689   17.8160
    0.0000  -45.0000  -37.5000 9894.4941   17.8204
    7.5000  -45.0000  -37.5000 9500.2773   17.8060
   -7.5000  -37.5000  -37.500010101.7188   17.7750
    0.0000  -37.5000  -37.500010589.4150   17.7740
    7.5000  -37.5000  -37.500010166.5400   17.7532
   -7.5000  -30.0000  -37.500011073.1934   17.7173
    0.0000  -30.0000  -37.500011615.2783   17.7092
    7.5000  -30.0000  -37.500011133.6836   17.6809
   -7.5000  -22.5000  -37.500011894.8770   17.7017
    0.0000  -22.5000  -37.500012455.1621   17.6930
    7.5000  -22.5000  -37.500011925.6885   17.6644
   -7.5000  -15.0000  -37.500012613.0723   17.7339
    0.0000  -15.0000  -37.500013204.8643   17.7308
    7.5000  -15.0000  -37.500012608.7666   17.7087
   -7.5000   -7.5000  -37.500013296.9590   17.7904
    0.0000   -7.5000  -37.500013937.7666   17.7933
    7.5000   -7.5000  -37.500013296.2891   17.7780
   -7.5000    0.0000  -37.500013920.3477   17.8160
    0.0000    0.0000  -37.500014622.9531   17.8204
    7.5000    0.0000  -37.500013960.4688   17.8060
   -7.5000    7.5000  -37.500013536.6689   17.7750
    0.0000    7.5000  -37.500014217.2305   17.7740
    7.5000    7.5000  -37.500013592.7520   17.7532
   -7.5000   15.0000  -37.500012967.7510   17.7173
    0.0000   15.0000  -37.500013595.5605   17.7092
    7.5000   15.0000  -37.500013024.0889   17.6809
   -7.5000   22.5000  -37.500012255.9004   17.6992
    0.0000   22.5000  -37.500012825.4326   17.6906
    7.5000   22.5000  -37.500012301.2666   17.6619
   -7.5000   30.0000  -37.500011295.2109   17.4976
    0.0000   30.0000  -37.500011803.7598   17.4945
    7.5000   30.0000  -37.500011347.4062   17.4728
   -7.5000   37.5000  -37.500010685.8027   17.5533
    0.0000   37.5000  -37.500011166.5586   17.5562
    7.5000   37.5000  -37.500010757.3672   17.5411
   -7.5000   45.0000  -37.5000 9714.8174   17.1322
    0.0000   45.0000  -37.500010157.5879   17.1365
    7.5000   45.0000  -37.5000 9747.2871   17.1226
   -7.5000  -45.0000  -30.000010020.6084   18.5793
    0.0000  -45.0000  -30.000010516.6436   18.5898
    7.5000  -45.0000  -30.000010067.7236   18.5749
   -7.5000  -37.5000  -30.000010731.3535   18.5311
    0.0000  -37.5000  -30.000011283.0029   18.5310
    7.5000  -37.5000  -30.000010793.6611   18.5029
   -7.5000  -30.0000  -30.000011767.3809   18.4698
    0.0000  -30.0000  -30.000012404.3193   18.4632
    7.5000  -30.0000  -30.000011840.0752   18.4285
   -7.5000  -22.5000  -30.000012640.2275   18.4580
    0.0000  -22.5000  -30.000013282.7227   18.4571
    7.5000  -22.5000  -30.000012674.9824   18.4315
   -7.5000  -15.0000  -30.000013353.7188   18.4967
    0.0000  -15.0000  -30.000014003.8154   18.5074
    7.5000  -15.0000  -30.000013342.1904   18.4971
   -7.5000   -7.5000  -30.000014076.1543   18.5565
    0.0000   -7.5000  -30.000014787.6289   18.5722
    7.5000   -7.5000  -30.000014056.4023   18.5661
   -7.5000    0.0000  -30.000014752.5664   18.5793
    0.0000    0.0000  -30.000015540.0410   18.5898
    7.5000    0.0000  -30.000014774.7578   18.5749
   -7.5000    7.5000  -30.000014342.4453   18.5311
    0.0000    7.5000  -30.000015104.0078   18.5310
    7.5000    7.5000  -30.000014380.3486   18.5029
   -7.5000   15.0000  -30.000013683.1680   18.4698
    0.0000   15.0000  -30.000014403.9385   18.4632
    7.5000   15.0000  -30.000013748.7861   18.4285
   -7.5000   22.5000  -30.000012909.4541   18.4536
    0.0000   22.5000  -30.000013535.9648   18.4527
    7.5000   22.5000  -30.000012965.8369   18.4270
   -7.5000   30.0000  -30.000011916.4053   18.2519
    0.0000   30.0000  -30.000012478.9082   18.2625
    7.5000   30.0000  -30.000011958.7979   18.2523
   -7.5000   37.5000  -30.000011291.1318   18.3110
    0.0000   37.5000  -30.000011823.6279   18.3264
    7.5000   37.5000  -30.000011339.8750   18.3204
   -7.5000   45.0000  -30.000010243.3799   17.8794
    0.0000   45.0000  -30.000010742.4521   17.8894
    7.5000   45.0000  -30.000010278.8984   17.8751
   -7.5000  -45.0000  -22.500010533.7568   19.2405
    0.0000  -45.0000  -22.500011057.5938   19.2538
    7.5000  -45.0000  -22.500010570.8125   19.2360
   -7.5000  -37.5000  -22.500011267.2715   19.1929
    0.0000  -37.5000  -22.500011890.7646   19.1898
    7.5000  -37.5000  -22.500011328.3877   19.1533
   -7.5000  -30.0000  -22.500012354.5742   19.1369
    0.0000  -30.0000  -22.500013096.5195   19.1244
    7.5000  -30.0000  -22.500012461.7666   19.0789
   -7.5000  -22.5000  -22.500013300.9131   19.1307
    0.0000  -22.5000  -22.500014078.5264   19.1270
    7.5000  -22.5000  -22.500013372.1523   19.0937
   -7.5000  -15.0000  -22.500014055.7969   19.1701
    0.0000  -15.0000  -22.500014796.3760   19.1841
    7.5000  -15.0000  -22.500014048.9189   19.1715
   -7.5000   -7.5000  -22.500014787.9102   19.2238
    0.0000   -7.5000  -22.500015535.9277   19.2453
    7.5000   -7.5000  -22.500014724.0957   19.2391
   -7.5000    0.0000  -22.500015506.9424   19.2405
    0.0000    0.0000  -22.500016329.2432   19.2538
    7.5000    0.0000  -22.500015467.7705   19.2360
   -7.5000    7.5000  -22.500015065.2695   19.1929
    0.0000    7.5000  -22.500015885.8691   19.1898
    7.5000    7.5000  -22.500015069.5137   19.1533
   -7.5000   15.0000  -22.500014380.4492   19.1369
    0.0000   15.0000  -22.500015167.5537   19.1244
    7.5000   15.0000  -22.500014423.0967   19.0789
   -7.5000   22.5000  -22.500013548.7998   19.1248
    0.0000   22.5000  -22.500014254.3457   19.1211
    7.5000   22.5000  -22.500013561.0723   19.0879
   -7.5000   30.0000  -22.500012518.7266   18.9193
    0.0000   30.0000  -22.500013179.8525   18.9332
    7.5000   30.0000  -22.500012540.2490   18.9207
   -7.5000   37.5000  -22.500011858.7432   18.9723
    0.0000   37.5000  -22.500012494.6777   18.9936
    7.5000   37.5000  -22.500011906.2646   18.9875
   -7.5000   45.0000  -22.500010754.3535   18.5296
    0.0000   45.0000  -22.500011322.7549   18.5424
    7.5000   45.0000  -22.500010782.7432   18.5253
   -7.5000  -45.0000  -15.000010949.5615   19.7104
    0.0000  -45.0000  -15.000011536.6484   19.7208
    7.5000  -45.0000  -15.000011009.4307   19.6991
   -7.5000  -37.5000  -15.000011746.8369   19.6674
    0.0000  -37.5000  -15.000012423.0234   19.6599
    7.5000  -37.5000  -15.000011810.7529   19.6207
   -7.5000  -30.0000  -15.000012874.8594   19.6161
    0.0000  -30.0000  -15.000013693.6895   19.5951
    7.5000  -30.0000  -15.000012991.9238   19.5439
   -7.5000  -22.5000  -15.000013881.5234   19.6106
    0.0000  -22.5000  -15.000014827.2510   19.5959
    7.5000  -22.5000  -15.000014027.2012   19.5520
   -7.5000  -15.0000  -15.000014759.8477   19.6466
    0.0000  -15.0000  -15.000015728.4043   19.6505
    7.5000  -15.0000  -15.000014850.7842   19.6246
   -7.5000   -7.5000  -15.000015612.2178   19.6951
    0.0000   -7.5000  -15.000016559.5078   19.7106
    7.5000   -7.5000  -15.000015594.5010   19.6948
   -7.5000    0.0000  -15.000016317.2881   19.7104
    0.0000    0.0000  -15.000017295.7871   19.7208
    7.5000    0.0000  -15.000016251.6885   19.6991
   -7.5000    7.5000  -15.000015779.6074   19.6674
    0.0000    7.5000  -15.000016757.5234   19.6599
    7.5000    7.5000  -15.000015727.4727   19.6207
   -7.5000   15.0000  -15.000015047.0439   19.6161
    0.0000   15.0000  -15.000015967.1367   19.5951
    7.5000   15.0000  -15.000015021.6641   19.5439
   -7.5000   22.5000  -15.000014145.6758   19.6037
    0.0000   22.5000  -15.000014966.7070   19.5890
    7.5000   22.5000  -15.000014110.0625   19.5450
   -7.5000   30.0000  -15.000013074.9824   19.3924
    0.0000   30.0000  -15.000013826.8438   19.3962
    7.5000   30.0000  -15.000013048.5371   19.3706
   -7.5000   37.5000  -15.000012376.6699   19.4403
    0.0000   37.5000  -15.000013082.4971   19.4555
    7.5000   37.5000  -15.000012391.7607   19.4399
   -7.5000   45.0000  -15.000011215.8438   18.9935
    0.0000   45.0000  -15.000011825.2295   19.0036
    7.5000   45.0000  -15.000011216.6348   18.9826
   -7.5000  -45.0000   -7.500011372.2803   19.9208
    0.0000  -45.0000   -7.500011959.1826   19.9260
    7.5000  -45.0000   -7.500011444.8096   19.9050
   -7.5000  -37.5000   -7.500012190.9541   19.8797
    0.0000  -37.5000   -7.500012882.5811   19.8722
    7.5000  -37.5000   -7.500012280.0527   19.8418
   -7.5000  -30.0000   -7.500013363.0059   19.8268
    0.0000  -30.0000   -7.500014214.1973   19.8044
    7.5000  -30.0000   -7.500013503.8545   19.7609
   -7.5000  -22.5000   -7.500014455.9883   19.8177
    0.0000  -22.5000   -7.500015557.8008   19.7946
    7.5000  -22.5000   -7.500014655.4775   19.7478
   -7.5000  -15.0000   -7.500015449.7686   19.8519
    0.0000  -15.0000   -7.500016746.4844   19.8412
    7.5000  -15.0000   -7.500015668.5859   19.8025
   -7.5000   -7.5000   -7.500016374.9688   19.9020
    0.0000   -7.5000   -7.500017627.3691   19.9047
    7.5000   -7.5000   -7.500016505.8809   19.8788
   -7.5000    0.0000   -7.500017049.9922   19.9208
    0.0000    0.0000   -7.500018247.7637   19.9260
    7.5000    0.0000   -7.500017104.1602   19.9050
   -7.5000    7.5000   -7.500016501.5059   19.8797
    0.0000    7.5000   -7.500017626.3887   19.8722
    7.5000    7.5000   -7.500016523.9688   19.8418
   -7.5000   15.0000   -7.500015717.5400   19.8268
    0.0000   15.0000   -7.500016732.3828   19.8044
    7.5000   15.0000   -7.500015723.4482   19.7609
   -7.5000   22.5000   -7.500014722.2754   19.8085
    0.0000   22.5000   -7.500015581.2646   19.7854
    7.5000   22.5000   -7.500014708.2705   19.7387
   -7.5000   30.0000   -7.500013581.8721   19.5945
    0.0000   30.0000   -7.500014337.0000   19.5839
    7.5000   30.0000   -7.500013570.6182   19.5457
   -7.5000   37.5000   -7.500012867.0654   19.6439
    0.0000   37.5000   -7.500013587.4424   19.6466
    7.5000   37.5000   -7.500012860.0518   19.6210
   -7.5000   45.0000   -7.500011632.8643   19.1999
    0.0000   45.0000   -7.500012269.3086   19.2049
    7.5000   45.0000   -7.500011632.8574   19.1846
   -7.5000  -45.0000    0.000011712.1523   19.9349
    0.0000  -45.0000    0.000012358.2480   19.9373
    7.5000  -45.0000    0.000011779.8164   19.9194
   -7.5000  -37.5000    0.000012536.3750   19.8937
    0.0000  -37.5000    0.000013251.0918   19.8898
    7.5000  -37.5000    0.000012636.0625   19.8681
   -7.5000  -30.0000    0.000013725.5732   19.8358
    0.0000  -30.0000    0.000014539.7998   19.8197
    7.5000  -30.0000    0.000013871.3535   19.7865
   -7.5000  -22.5000    0.000014819.9209   19.8212
    0.0000  -22.5000    0.000015908.3076   19.8004
    7.5000  -22.5000    0.000015042.7422   19.7591
   -7.5000  -15.0000    0.000015804.4736   19.8544
    0.0000  -15.0000    0.000016975.6191   19.8393
    7.5000  -15.0000    0.000016028.8320   19.8003
   -7.5000   -7.5000    0.000016729.4199   19.9102
    0.0000   -7.5000    0.000017745.2305   19.9061
    7.5000   -7.5000    0.000016834.1602   19.8789
   -7.5000    0.0000    0.000017491.5703   19.9349
    0.0000    0.0000    0.000018511.8887   19.9373
    7.5000    0.0000    0.000017532.8770   19.9194
   -7.5000    7.5000    0.000017013.8730   19.8937
    0.0000    7.5000    0.000018040.4238   19.8898
    7.5000    7.5000    0.000017057.5762   19.8681
   -7.5000   15.0000    0.000016228.3311   19.8358
    0.0000   15.0000    0.000017203.9336   19.8197
    7.5000   15.0000    0.000016279.8496   19.7865
   -7.5000   22.5000    0.000015122.3896   19.8120
    0.0000   22.5000    0.000015979.2725   19.7913
    7.5000   22.5000    0.000015177.8418   19.7500
   -7.5000   30.0000    0.000013938.8799   19.5975
    0.0000   30.0000    0.000014691.4287   19.5825
    7.5000   30.0000    0.000013978.3730   19.5440
   -7.5000   37.5000    0.000013195.5557   19.6525
    0.0000   37.5000    0.000013924.2617   19.6485
    7.5000   37.5000    0.000013226.4502   19.6216
   -7.5000   45.0000    0.000011915.5674   19.2149
    0.0000   45.0000    0.000012567.5039   19.2172
    7.5000   45.0000    0.000011960.2510   19.2000
   -7.5000  -45.0000    7.500011063.1660   19.9365
    0.0000  -45.0000    7.500011645.6338   19.9415
    7.5000  -45.0000    7.500011133.6533   19.9254
   -7.5000  -37.5000    7.500011813.4375   19.8907
    0.0000  -37.5000    7.500012408.9648   19.8896
    7.5000  -37.5000    7.500011901.6709   19.8664
   -7.5000  -30.0000    7.500012934.7422   19.8262
    0.0000  -30.0000    7.500013606.9268   19.8171
    7.5000  -30.0000    7.500013048.0283   19.7854
   -7.5000  -22.5000    7.500013953.8467   19.8086
    0.0000  -22.5000    7.500014842.9023   19.7990
    7.5000  -22.5000    7.500014172.5166   19.7669
   -7.5000  -15.0000    7.500014862.7354   19.8448
    0.0000  -15.0000    7.500015728.7061   19.8413
    7.5000  -15.0000    7.500015051.5361   19.8166
   -7.5000   -7.5000    7.500015740.8604   19.9080
    0.0000   -7.5000    7.500016489.7168   19.9112
    7.5000   -7.5000    7.500015818.6260   19.8940
   -7.5000    0.0000    7.500016525.9609   19.9365
    0.0000    0.0000    7.500017313.0859   19.9415
    7.5000    0.0000    7.500016554.0977   19.9254
   -7.5000    7.5000    7.500016099.9590   19.8907
    0.0000    7.5000    7.500016955.8164   19.8896
    7.5000    7.5000    7.500016127.8369   19.8664
   -7.5000   15.0000    7.500015414.6377   19.8262
    0.0000   15.0000    7.500016213.2363   19.8171
    7.5000   15.0000    7.500015430.9141   19.7854
   -7.5000   22.5000    7.500014340.0332   19.7995
    0.0000   22.5000    7.500015063.2793   19.7899
    7.5000   22.5000    7.500014360.6182   19.7578
   -7.5000   30.0000    7.500013181.6514   19.5879
    0.0000   30.0000    7.500013833.0029   19.5845
    7.5000   30.0000    7.500013215.4551   19.5601
   -7.5000   37.5000    7.500012457.5547   19.6503
    0.0000   37.5000    7.500013071.8086   19.6535
    7.5000   37.5000    7.500012476.7520   19.6366
   -7.5000   45.0000    7.500011216.2246   19.2165
    0.0000   45.0000    7.500011771.1201   19.2213
    7.5000   45.0000    7.500011271.6055   19.2058
   -7.5000  -45.0000   15.000010293.7881   20.1043
    0.0000  -45.0000   15.000010785.7178   20.1159
    7.5000  -45.0000   15.000010356.8467   20.1003
   -7.5000  -37.5000   15.000010981.9375   20.0528
    0.0000  -37.5000   15.000011503.2256   20.0528
    7.5000  -37.5000   15.000011057.5859   20.0227
   -7.5000  -30.0000   15.000012057.2891   19.9865
    0.0000  -30.0000   15.000012647.8203   19.9795
    7.5000  -30.0000   15.000012158.4668   19.9422
   -7.5000  -22.5000   15.000013001.9424   19.9732
    0.0000  -22.5000   15.000013711.0088   19.9725
    7.5000  -22.5000   15.000013175.8125   19.9451
   -7.5000  -15.0000   15.000013810.3496   20.0143
    0.0000  -15.0000   15.000014489.3115   20.0264
    7.5000  -15.0000   15.000013975.9434   20.0156
   -7.5000   -7.5000   15.000014602.1133   20.0790
    0.0000   -7.5000   15.000015229.0479   20.0964
    7.5000   -7.5000   15.000014694.2891   20.0903
   -7.5000    0.0000   15.000015326.6299   20.1043
    0.0000    0.0000   15.000015981.9502   20.1159
    7.5000    0.0000   15.000015390.9023   20.1003
   -7.5000    7.5000   15.000014956.6455   20.0528
    0.0000    7.5000   15.000015637.6074   20.0528
    7.5000    7.5000   15.000015027.1611   20.0227
   -7.5000   15.0000   15.000014358.6689   19.9865
    0.0000   15.0000   15.000015020.2998   19.9795
    7.5000   15.0000   15.000014396.7373   19.9422
   -7.5000   22.5000   15.000013379.1289   19.9640
    0.0000   22.5000   15.000014000.7412   19.9633
    7.5000   22.5000   15.000013396.4033   19.9359
   -7.5000   30.0000   15.000012282.4922   19.7552
    0.0000   30.0000   15.000012868.1982   19.7673
    7.5000   30.0000   15.000012294.0625   19.7566
   -7.5000   37.5000   15.000011577.8906   19.8191
    0.0000   37.5000   15.000012143.3535   19.8363
    7.5000   37.5000   15.000011615.2881   19.8303
   -7.5000   45.0000   15.000010405.1650   19.3782
    0.0000   45.0000   15.000010885.0967   19.3894
    7.5000   45.0000   15.000010450.6611   19.3744
   -7.5000  -45.0000   22.5000 9507.5762   20.4451
    0.0000  -45.0000   22.5000 9964.4697   20.4600
    7.5000  -45.0000   22.5000 9584.7842   20.4420
   -7.5000  -37.5000   22.500010174.6641   20.3958
    0.0000  -37.5000   22.500010648.8037   20.3934
    7.5000  -37.5000   22.500010252.5225   20.3556
   -7.5000  -30.0000   22.500011159.5449   20.3361
    0.0000  -30.0000   22.500011704.8076   20.3237
    7.5000  -30.0000   22.500011259.5713   20.2760
   -7.5000  -22.5000   22.500012037.9902   20.3280
    0.0000  -22.5000   22.500012615.5225   20.3248
    7.5000  -22.5000   22.500012177.5381   20.2900
   -7.5000  -15.0000   22.500012785.5146   20.3683
    0.0000  -15.0000   22.500013324.0078   20.3839
    7.5000  -15.0000   22.500012904.4785   20.3712
   -7.5000   -7.5000   22.500013460.3408   20.4255
    0.0000   -7.5000   22.500014007.4219   20.4491
    7.5000   -7.5000   22.500013547.1885   20.4434
   -7.5000    0.0000   22.500014103.9053   20.4451
    0.0000    0.0000   22.500014690.3320   20.4600
    7.5000    0.0000   22.500014196.5742   20.4420
   -7.5000    7.5000   22.500013759.1113   20.3958
    0.0000    7.5000   22.500014353.1094   20.3934
    7.5000    7.5000   22.500013842.9150   20.3556
   -7.5000   15.0000   22.500013215.5498   20.3361
    0.0000   15.0000   22.500013816.5117   20.3237
    7.5000   15.0000   22.500013284.9385   20.2760
   -7.5000   22.5000   22.500012347.8672   20.3186
    0.0000   22.5000   22.500012906.9336   20.3154
    7.5000   22.5000   22.500012390.6445   20.2807
   -7.5000   30.0000   22.500011354.1377   20.1047
    0.0000   30.0000   22.500011885.6182   20.1201
    7.5000   30.0000   22.500011375.9727   20.1075
   -7.5000   37.5000   22.500010692.6719   20.1611
    0.0000   37.5000   22.500011207.8125   20.1845
    7.5000   37.5000   22.500010724.2695   20.1788
   -7.5000   45.0000   22.5000 9586.4463   19.7067
    0.0000   45.0000   22.500010050.5312   19.7210
    7.5000   45.0000   22.5000 9628.2842   19.7038
   -7.5000  -45.0000   30.0000 8751.5566   20.9650
    0.0000  -45.0000   30.0000 9194.4121   20.9754
    7.5000  -45.0000   30.0000 8832.4434   20.9529
   -7.5000  -37.5000   30.0000 9376.7549   20.9210
    0.0000  -37.5000   30.0000 9834.3936   20.9121
    7.5000  -37.5000   30.0000 9438.6982   20.8711
   -7.5000  -30.0000   30.000010254.1152   20.8648
    0.0000  -30.0000   30.000010754.5654   20.8414
    7.5000  -30.0000   30.000010340.5322   20.7878
   -7.5000  -22.5000   30.000011054.2109   20.8556
    0.0000  -22.5000   30.000011541.3740   20.8392
    7.5000  -22.5000   30.000011125.4268   20.7933
   -7.5000  -15.0000   30.000011736.8701   20.8917
    0.0000  -15.0000   30.000012226.6211   20.8954
    7.5000  -15.0000   30.000011787.1475   20.8688
   -7.5000   -7.5000   30.000012352.7158   20.9449
    0.0000   -7.5000   30.000012876.9980   20.9609
    7.5000   -7.5000   30.000012421.3965   20.9450
   -7.5000    0.0000   30.000012933.8799   20.9650
    0.0000    0.0000   30.000013481.9492   20.9754
    7.5000    0.0000   30.000013010.0791   20.9529
   -7.5000    7.5000   30.000012616.5459   20.9210
    0.0000    7.5000   30.000013155.9443   20.9121
    7.5000    7.5000   30.000012692.3818   20.8711
   -7.5000   15.0000   30.000012104.2891   20.8648
    0.0000   15.0000   30.000012674.2080   20.8414
    7.5000   15.0000   30.000012170.9316   20.7878
   -7.5000   22.5000   30.000011271.8008   20.8460
    0.0000   22.5000   30.000011821.5850   20.8296
    7.5000   22.5000   30.000011329.6270   20.7838
   -7.5000   30.0000   30.000010361.8525   20.6213
    0.0000   30.0000   30.000010871.9277   20.6250
    7.5000   30.0000   30.000010424.5303   20.5988
   -7.5000   37.5000   30.0000 9787.2031   20.6738
    0.0000   37.5000   30.000010258.5928   20.6896
    7.5000   37.5000   30.0000 9818.6416   20.6740
   -7.5000   45.0000   30.0000 8805.8838   20.2078
    0.0000   45.0000   30.0000 9230.4355   20.2179
    7.5000   45.0000   30.0000 8836.0771   20.1961
   -7.5000  -45.0000   37.5000 8378.5850   21.6539
    0.0000  -45.0000   37.5000 8820.9902   21.6582
    7.5000  -45.0000   37.5000 8415.0488   21.6353
   -7.5000  -37.5000   37.5000 8955.6943   21.6111
    0.0000  -37.5000   37.5000 9440.9033   21.6019
    7.5000  -37.5000   37.5000 9009.2168   21.5690
   -7.5000  -30.0000   37.5000 9789.2959   21.5529
    0.0000  -30.0000   37.500010299.8506   21.5280
    7.5000  -30.0000   37.5000 9856.9775   21.4818
   -7.5000  -22.5000   37.500010534.0479   21.5402
    0.0000  -22.5000   37.500011021.5957   21.5149
    7.5000  -22.5000   37.500010591.1084   21.4660
   -7.5000  -15.0000   37.500011171.4170   21.5751
    0.0000  -15.0000   37.500011663.6768   21.5630
    7.5000  -15.0000   37.500011218.1338   21.5229
   -7.5000   -7.5000   37.500011786.2383   21.6305
    0.0000   -7.5000   37.500012303.4092   21.6323
    7.5000   -7.5000   37.500011834.2451   21.6049
   -7.5000    0.0000   37.500012325.2559   21.6539
    0.0000    0.0000   37.500012859.6787   21.6582
    7.5000    0.0000   37.500012373.3818   21.6353
   -7.5000    7.5000   37.500011999.0645   21.6111
    0.0000    7.5000   37.500012528.4902   21.6019
    7.5000    7.5000   37.500012064.9541   21.5690
   -7.5000   15.0000   37.500011511.3652   21.5529
    0.0000   15.0000   37.500012090.6582   21.5280
    7.5000   15.0000   37.500011589.4502   21.4818
   -7.5000   22.5000   37.500010726.9238   21.5303
    0.0000   22.5000   37.500011282.6377   21.5050
    7.5000   22.5000   37.500010802.5703   21.4561
   -7.5000   30.0000   37.5000 9859.4834   21.2959
    0.0000   30.0000   37.500010369.4512   21.2839
    7.5000   30.0000   37.5000 9931.2754   21.2443
   -7.5000   37.5000   37.5000 9316.4795   21.3505
    0.0000   37.5000   37.5000 9776.2451   21.3523
    7.5000   37.5000   37.5000 9364.6992   21.3253
   -7.5000   45.0000   37.5000 8419.8896   20.8719
    0.0000   45.0000   37.5000 8822.6016   20.8760
    7.5000   45.0000   37.5000 8459.0156   20.8539
   -7.5000  -45.0000   45.0000 7651.2573   22.3875
    0.0000  -45.0000   45.0000 8056.8628   22.3962
    7.5000  -45.0000   45.0000 7669.7363   22.3802
   -7.5000  -37.5000   45.0000 8173.4741   22.3402
    0.0000  -37.5000   45.0000 8648.2158   22.3414
    7.5000  -37.5000   45.0000 8218.8311   22.3200
   -7.5000  -30.0000   45.0000 8933.3867   22.2841
    0.0000  -30.0000   45.0000 9454.3271   22.2734
    7.5000  -30.0000   45.0000 8997.7070   22.2392
   -7.5000  -22.5000   45.0000 9617.2607   22.2777
    0.0000  -22.5000   45.000010118.6846   22.2646
    7.5000  -22.5000   45.0000 9656.6035   22.2229
   -7.5000  -15.0000   45.000010196.4326   22.3161
    0.0000  -15.0000   45.000010700.7588   22.3105
    7.5000  -15.0000   45.000010239.7246   22.2729
   -7.5000   -7.5000   45.000010740.3525   22.3697
    0.0000   -7.5000   45.000011272.4219   22.3741
    7.5000   -7.5000   45.000010791.3164   22.3493
   -7.5000    0.0000   45.000011236.5166   22.3875
    0.0000    0.0000   45.000011774.7275   22.3962
    7.5000    0.0000   45.000011290.8770   22.3802
   -7.5000    7.5000   45.000010944.0508   22.3402
    0.0000    7.5000   45.000011459.2666   22.3414
    7.5000    7.5000   45.000010975.5342   22.3200
   -7.5000   15.0000   45.000010488.4590   22.2841
    0.0000   15.0000   45.000011034.4131   22.2734
    7.5000   15.0000   45.000010549.3174   22.2392
   -7.5000   22.5000   45.0000 9798.0146   22.2674
    0.0000   22.5000   45.000010324.9375   22.2543
    7.5000   22.5000   45.0000 9867.4795   22.2126
   -7.5000   30.0000   45.0000 9030.1104   22.0254
    0.0000   30.0000   45.0000 9509.4922   22.0198
    7.5000   30.0000   45.0000 9078.4199   21.9827
   -7.5000   37.5000   45.0000 8562.1846   22.0783
    0.0000   37.5000   45.0000 8979.2178   22.0826
    7.5000   37.5000   45.0000 8585.8350   22.0582
   -7.5000   45.0000   45.0000 7720.8818   21.5887
    0.0000   45.0000   45.0000 8081.8667   21.5971
    7.5000   45.0000   45.0000 7734.4224   21.5818

---------------------------------------------------------------------
imgreg_4dfp /opt/freesurfer/average/711-2C_as_mni_average_305 /opt/freesurfer/average/711-2B_as_mni_average_305_mask talsrcimg_g11 none talsrcimg_to_711-2C_as_mni_average_305_t4 4355
---------------------------------------------------------------------

freesurfer imgreg_4dfp.c
/opt/freesurfer/average/711-2C_as_mni_average_305.4dfp.img
       256       256       256         1
  1.000000  1.000000  1.000000
orientation T byte_order littleendian
Reading image: /opt/freesurfer/average/711-2C_as_mni_average_305.4dfp.img
dimensions:      256       256       256
mmppix:       1.0000   -1.0000   -1.0000
center:     128.0000 -129.0000 -129.0000
/opt/freesurfer/average/711-2B_as_mni_average_305_mask.4dfp.img
       256       256       256         1
  1.000000  1.000000  1.000000
orientation T byte_order littleendian
Reading mask: /opt/freesurfer/average/711-2B_as_mni_average_305_mask.4dfp.img (2306576 pixels)
talsrcimg_g11.4dfp.img
       256       256       256         1
  1.000000  1.000000  1.000000
orientation T byte_order littleendian
Reading image: talsrcimg_g11.4dfp.img
dimensions:      256       256       256
mmppix:       1.0000   -1.0000   -1.0000
center:     128.0000 -129.0000 -129.0000
rotation matrix determinant  1.000000
image alignment mode   4355 decimal     1103 hex
   -7.5000  -45.0000  -45.0000 2288.1904   18.4948
    0.0000  -45.0000  -45.0000 2311.2678   18.3726
    7.5000  -45.0000  -45.0000 2296.9326   18.3911
   -7.5000  -37.5000  -45.0000 2391.6309   16.7382
    0.0000  -37.5000  -45.0000 2415.6565   16.6077
    7.5000  -37.5000  -45.0000 2403.4646   16.6132
   -7.5000  -30.0000  -45.0000 2478.1216   15.4371
    0.0000  -30.0000  -45.0000 2501.4883   15.2751
    7.5000  -30.0000  -45.0000 2491.5393   15.2990
   -7.5000  -22.5000  -45.0000 2538.9382   14.5619
    0.0000  -22.5000  -45.0000 2564.6985   14.3261
    7.5000  -22.5000  -45.0000 2551.8494   14.4006
   -7.5000  -15.0000  -45.0000 2579.7690   14.0546
    0.0000  -15.0000  -45.0000 2604.1106   13.8119
    7.5000  -15.0000  -45.0000 2594.1064   13.9019
   -7.5000   -7.5000  -45.0000 2595.9326   13.9264
    0.0000   -7.5000  -45.0000 2623.5559   13.7396
    7.5000   -7.5000  -45.0000 2614.0798   13.7896
   -7.5000    0.0000  -45.0000 2585.0020   14.0684
    0.0000    0.0000  -45.0000 2615.7585   13.8677
    7.5000    0.0000  -45.0000 2610.6611   13.9579
   -7.5000    7.5000  -45.0000 2550.5200   14.4653
    0.0000    7.5000  -45.0000 2582.5522   14.2332
    7.5000    7.5000  -45.0000 2575.9375   14.3163
   -7.5000   15.0000  -45.0000 2487.1187   15.1015
    0.0000   15.0000  -45.0000 2518.5269   14.8503
    7.5000   15.0000  -45.0000 2512.3647   14.8962
   -7.5000   22.5000  -45.0000 2397.1206   16.0417
    0.0000   22.5000  -45.0000 2427.6304   15.8079
    7.5000   22.5000  -45.0000 2422.4060   15.8011
   -7.5000   30.0000  -45.0000 2281.1477   17.4342
    0.0000   30.0000  -45.0000 2310.0405   17.1615
    7.5000   30.0000  -45.0000 2306.1077   17.1664
   -7.5000   37.5000  -45.0000 2145.4460   19.3180
    0.0000   37.5000  -45.0000 2170.3259   19.0413
    7.5000   37.5000  -45.0000 2166.3660   19.0632
   -7.5000   45.0000  -45.0000 2003.7583   21.8058
    0.0000   45.0000  -45.0000 2031.1707   21.5217
    7.5000   45.0000  -45.0000 2028.0012   21.5444
   -7.5000  -45.0000  -37.5000 2333.9648   17.5703
    0.0000  -45.0000  -37.5000 2355.8923   17.4392
    7.5000  -45.0000  -37.5000 2344.4124   17.4841
   -7.5000  -37.5000  -37.5000 2447.4490   15.8908
    0.0000  -37.5000  -37.5000 2463.6531   15.6967
    7.5000  -37.5000  -37.5000 2458.1985   15.7510
   -7.5000  -30.0000  -37.5000 2537.1484   14.5788
    0.0000  -30.0000  -37.5000 2558.5593   14.3792
    7.5000  -30.0000  -37.5000 2554.9492   14.4337
   -7.5000  -22.5000  -37.5000 2602.2490   13.6833
    0.0000  -22.5000  -37.5000 2628.5376   13.4695
    7.5000  -22.5000  -37.5000 2622.5273   13.5477
   -7.5000  -15.0000  -37.5000 2655.8840   13.1597
    0.0000  -15.0000  -37.5000 2680.9604   12.9337
    7.5000  -15.0000  -37.5000 2671.8669   12.9964
   -7.5000   -7.5000  -37.5000 2683.3757   13.0193
    0.0000   -7.5000  -37.5000 2709.0698   12.8118
    7.5000   -7.5000  -37.5000 2697.6274   12.8620
   -7.5000    0.0000  -37.5000 2674.8789   13.1610
    0.0000    0.0000  -37.5000 2708.2979   12.9484
    7.5000    0.0000  -37.5000 2699.7153   13.0315
   -7.5000    7.5000  -37.5000 2641.1484   13.5409
    0.0000    7.5000  -37.5000 2676.0776   13.3014
    7.5000    7.5000  -37.5000 2670.3918   13.3711
   -7.5000   15.0000  -37.5000 2576.7756   14.1114
    0.0000   15.0000  -37.5000 2611.1567   13.8689
    7.5000   15.0000  -37.5000 2605.3386   13.9219
   -7.5000   22.5000  -37.5000 2481.8164   14.9899
    0.0000   22.5000  -37.5000 2514.5823   14.7551
    7.5000   22.5000  -37.5000 2508.3611   14.7940
   -7.5000   30.0000  -37.5000 2356.1118   16.3094
    0.0000   30.0000  -37.5000 2388.0950   16.0499
    7.5000   30.0000  -37.5000 2385.1238   16.0968
   -7.5000   37.5000  -37.5000 2213.9192   18.0585
    0.0000   37.5000  -37.5000 2243.0808   17.8074
    7.5000   37.5000  -37.5000 2237.9370   17.8756
   -7.5000   45.0000  -37.5000 2066.1082   20.3465
    0.0000   45.0000  -37.5000 2092.8870   20.0681
    7.5000   45.0000  -37.5000 2087.7620   20.1324
   -7.5000  -45.0000  -30.0000 2415.8679   17.4329
    0.0000  -45.0000  -30.0000 2436.4900   17.2419
    7.5000  -45.0000  -30.0000 2424.4929   17.3110
   -7.5000  -37.5000  -30.0000 2535.2317   15.6868
    0.0000  -37.5000  -30.0000 2554.5317   15.5028
    7.5000  -37.5000  -30.0000 2544.3923   15.5401
   -7.5000  -30.0000  -30.0000 2632.0217   14.3232
    0.0000  -30.0000  -30.0000 2661.4099   14.1741
    7.5000  -30.0000  -30.0000 2651.1169   14.1791
   -7.5000  -22.5000  -30.0000 2708.5898   13.3763
    0.0000  -22.5000  -30.0000 2736.0466   13.1904
    7.5000  -22.5000  -30.0000 2727.6445   13.2314
   -7.5000  -15.0000  -30.0000 2768.7849   12.7758
    0.0000  -15.0000  -30.0000 2798.2039   12.5834
    7.5000  -15.0000  -30.0000 2790.6973   12.6349
   -7.5000   -7.5000  -30.0000 2808.3132   12.6111
    0.0000   -7.5000  -30.0000 2839.8081   12.4131
    7.5000   -7.5000  -30.0000 2830.5535   12.4562
   -7.5000    0.0000  -30.0000 2808.2483   12.7659
    0.0000    0.0000  -30.0000 2847.7161   12.5462
    7.5000    0.0000  -30.0000 2835.3425   12.6176
   -7.5000    7.5000  -30.0000 2768.8945   13.1376
    0.0000    7.5000  -30.0000 2813.0940   12.8905
    7.5000    7.5000  -30.0000 2804.5588   12.9683
   -7.5000   15.0000  -30.0000 2701.4019   13.7133
    0.0000   15.0000  -30.0000 2741.2915   13.4504
    7.5000   15.0000  -30.0000 2738.9192   13.5115
   -7.5000   22.5000  -30.0000 2603.7351   14.5859
    0.0000   22.5000  -30.0000 2638.9456   14.3155
    7.5000   22.5000  -30.0000 2634.3506   14.4108
   -7.5000   30.0000  -30.0000 2471.0916   15.8944
    0.0000   30.0000  -30.0000 2510.0637   15.6245
    7.5000   30.0000  -30.0000 2501.4529   15.7333
   -7.5000   37.5000  -30.0000 2315.4626   17.6428
    0.0000   37.5000  -30.0000 2351.6948   17.3790
    7.5000   37.5000  -30.0000 2344.0710   17.4909
   -7.5000   45.0000  -30.0000 2155.8591   19.9163
    0.0000   45.0000  -30.0000 2191.2522   19.6084
    7.5000   45.0000  -30.0000 2183.9973   19.7249
   -7.5000  -45.0000  -22.5000 2455.7251   17.2359
    0.0000  -45.0000  -22.5000 2476.0276   17.0668
    7.5000  -45.0000  -22.5000 2465.0151   17.1083
   -7.5000  -37.5000  -22.5000 2575.4451   15.4879
    0.0000  -37.5000  -22.5000 2597.9944   15.2948
    7.5000  -37.5000  -22.5000 2587.1082   15.3162
   -7.5000  -30.0000  -22.5000 2680.6643   14.0836
    0.0000  -30.0000  -22.5000 2713.0764   13.9510
    7.5000  -30.0000  -22.5000 2704.7617   13.9312
   -7.5000  -22.5000  -22.5000 2775.1382   13.0792
    0.0000  -22.5000  -22.5000 2805.4189   12.9395
    7.5000  -22.5000  -22.5000 2797.5088   12.9438
   -7.5000  -15.0000  -22.5000 2844.3198   12.4352
    0.0000  -15.0000  -22.5000 2882.9363   12.2648
    7.5000  -15.0000  -22.5000 2871.4702   12.3056
   -7.5000   -7.5000  -22.5000 2894.3296   12.1910
    0.0000   -7.5000  -22.5000 2934.6902   11.9717
    7.5000   -7.5000  -22.5000 2920.0078   12.0510
   -7.5000    0.0000  -22.5000 2898.5796   12.3482
    0.0000    0.0000  -22.5000 2941.1780   12.1103
    7.5000    0.0000  -22.5000 2928.8628   12.1868
   -7.5000    7.5000  -22.5000 2859.0496   12.7102
    0.0000    7.5000  -22.5000 2906.4077   12.4632
    7.5000    7.5000  -22.5000 2898.1606   12.5436
   -7.5000   15.0000  -22.5000 2787.4385   13.2913
    0.0000   15.0000  -22.5000 2834.2432   13.0272
    7.5000   15.0000  -22.5000 2828.8645   13.0907
   -7.5000   22.5000  -22.5000 2684.4382   14.1914
    0.0000   22.5000  -22.5000 2726.7646   13.9008
    7.5000   22.5000  -22.5000 2719.9106   14.0034
   -7.5000   30.0000  -22.5000 2548.8093   15.5183
    0.0000   30.0000  -22.5000 2587.5635   15.2331
    7.5000   30.0000  -22.5000 2577.5303   15.3530
   -7.5000   37.5000  -22.5000 2387.2529   17.2714
    0.0000   37.5000  -22.5000 2425.4387   16.9927
    7.5000   37.5000  -22.5000 2416.1111   17.1305
   -7.5000   45.0000  -22.5000 2221.0947   19.4895
    0.0000   45.0000  -22.5000 2256.4900   19.1913
    7.5000   45.0000  -22.5000 2247.0762   19.3088
   -7.5000  -45.0000  -15.0000 2460.7363   17.1070
    0.0000  -45.0000  -15.0000 2476.7266   16.9601
    7.5000  -45.0000  -15.0000 2467.8677   16.9698
   -7.5000  -37.5000  -15.0000 2580.6714   15.3429
    0.0000  -37.5000  -15.0000 2605.8069   15.1925
    7.5000  -37.5000  -15.0000 2596.0715   15.1864
   -7.5000  -30.0000  -15.0000 2695.6326   13.9516
    0.0000  -30.0000  -15.0000 2728.6204   13.8036
    7.5000  -30.0000  -15.0000 2718.9121   13.7877
   -7.5000  -22.5000  -15.0000 2802.4673   12.8920
    0.0000  -22.5000  -15.0000 2839.9421   12.7934
    7.5000  -22.5000  -15.0000 2827.5391   12.7566
   -7.5000  -15.0000  -15.0000 2887.0833   12.2485
    0.0000  -15.0000  -15.0000 2930.2971   12.0942
    7.5000  -15.0000  -15.0000 2917.4573   12.0975
   -7.5000   -7.5000  -15.0000 2941.7910   11.9843
    0.0000   -7.5000  -15.0000 2989.4644   11.8028
    7.5000   -7.5000  -15.0000 2972.3662   11.8566
   -7.5000    0.0000  -15.0000 2945.4963   12.0619
    0.0000    0.0000  -15.0000 2999.1663   11.8710
    7.5000    0.0000  -15.0000 2975.3386   11.9248
   -7.5000    7.5000  -15.0000 2907.8867   12.3700
    0.0000    7.5000  -15.0000 2962.1287   12.1395
    7.5000    7.5000  -15.0000 2939.9451   12.1989
   -7.5000   15.0000  -15.0000 2834.0376   12.9627
    0.0000   15.0000  -15.0000 2880.5945   12.7083
    7.5000   15.0000  -15.0000 2871.2686   12.7653
   -7.5000   22.5000  -15.0000 2724.6101   13.9129
    0.0000   22.5000  -15.0000 2768.5071   13.6244
    7.5000   22.5000  -15.0000 2760.8257   13.7016
   -7.5000   30.0000  -15.0000 2586.4722   15.2497
    0.0000   30.0000  -15.0000 2624.7607   14.9691
    7.5000   30.0000  -15.0000 2613.9602   15.0657
   -7.5000   37.5000  -15.0000 2423.5330   16.9519
    0.0000   37.5000  -15.0000 2459.4458   16.6937
    7.5000   37.5000  -15.0000 2449.5063   16.7967
   -7.5000   45.0000  -15.0000 2254.3015   19.1484
    0.0000   45.0000  -15.0000 2285.7075   18.8812
    7.5000   45.0000  -15.0000 2278.0537   18.9535
   -7.5000  -45.0000   -7.5000 2449.9504   17.0461
    0.0000  -45.0000   -7.5000 2461.5667   16.8650
    7.5000  -45.0000   -7.5000 2458.1899   16.9540
   -7.5000  -37.5000   -7.5000 2574.7690   15.2790
    0.0000  -37.5000   -7.5000 2595.2351   15.0826
    7.5000  -37.5000   -7.5000 2586.9272   15.1484
   -7.5000  -30.0000   -7.5000 2688.5037   13.8529
    0.0000  -30.0000   -7.5000 2716.8281   13.7133
    7.5000  -30.0000   -7.5000 2707.8271   13.7342
   -7.5000  -22.5000   -7.5000 2801.5513   12.8127
    0.0000  -22.5000   -7.5000 2840.8247   12.7264
    7.5000  -22.5000   -7.5000 2824.3032   12.7099
   -7.5000  -15.0000   -7.5000 2898.8997   12.1575
    0.0000  -15.0000   -7.5000 2945.5088   12.0824
    7.5000  -15.0000   -7.5000 2923.7947   12.0616
   -7.5000   -7.5000   -7.5000 2963.9756   11.8722
    0.0000   -7.5000   -7.5000 3022.5947   11.7799
    7.5000   -7.5000   -7.5000 2989.4255   11.7752
   -7.5000    0.0000   -7.5000 2964.1033   11.9075
    0.0000    0.0000   -7.5000 3021.7073   11.7521
    7.5000    0.0000   -7.5000 2990.8423   11.7920
   -7.5000    7.5000   -7.5000 2919.9121   12.2188
    0.0000    7.5000   -7.5000 2975.9197   11.9795
    7.5000    7.5000   -7.5000 2951.5330   12.0732
   -7.5000   15.0000   -7.5000 2842.2744   12.8249
    0.0000   15.0000   -7.5000 2890.5349   12.5580
    7.5000   15.0000   -7.5000 2876.4043   12.6514
   -7.5000   22.5000   -7.5000 2737.3220   13.7845
    0.0000   22.5000   -7.5000 2776.4265   13.4758
    7.5000   22.5000   -7.5000 2770.6794   13.5497
   -7.5000   30.0000   -7.5000 2600.5830   15.0733
    0.0000   30.0000   -7.5000 2633.9197   14.7740
    7.5000   30.0000   -7.5000 2627.0559   14.8493
   -7.5000   37.5000   -7.5000 2435.9143   16.8018
    0.0000   37.5000   -7.5000 2468.7397   16.5233
    7.5000   37.5000   -7.5000 2461.6733   16.6209
   -7.5000   45.0000   -7.5000 2262.2905   18.9697
    0.0000   45.0000   -7.5000 2293.9875   18.6742
    7.5000   45.0000   -7.5000 2285.4822   18.7776
   -7.5000  -45.0000    0.0000 2429.7292   17.2196
    0.0000  -45.0000    0.0000 2446.5127   16.9926
    7.5000  -45.0000    0.0000 2433.9722   17.1609
   -7.5000  -37.5000    0.0000 2549.6924   15.4116
    0.0000  -37.5000    0.0000 2568.8069   15.2120
    7.5000  -37.5000    0.0000 2558.7205   15.3494
   -7.5000  -30.0000    0.0000 2668.2568   13.9647
    0.0000  -30.0000    0.0000 2688.7349   13.7902
    7.5000  -30.0000    0.0000 2683.8792   13.9205
   -7.5000  -22.5000    0.0000 2784.3591   12.8975
    0.0000  -22.5000    0.0000 2821.9348   12.7561
    7.5000  -22.5000    0.0000 2803.1460   12.8483
   -7.5000  -15.0000    0.0000 2882.1213   12.2442
    0.0000  -15.0000    0.0000 2934.2522   12.1295
    7.5000  -15.0000    0.0000 2905.4497   12.1855
   -7.5000   -7.5000    0.0000 2952.7188   11.9448
    0.0000   -7.5000    0.0000 3006.3403   11.7539
    7.5000   -7.5000    0.0000 2972.2302   11.8635
   -7.5000    0.0000    0.0000 2957.4910   11.9813
    0.0000    0.0000    0.0000 3006.3521   11.7008
    7.5000    0.0000    0.0000 2973.0220   11.8560
   -7.5000    7.5000    0.0000 2913.1316   12.3381
    0.0000    7.5000    0.0000 2959.7117   12.0875
    7.5000    7.5000    0.0000 2934.6973   12.2083
   -7.5000   15.0000    0.0000 2829.3499   13.0022
    0.0000   15.0000    0.0000 2870.1450   12.7934
    7.5000   15.0000    0.0000 2854.7542   12.8677
   -7.5000   22.5000    0.0000 2715.7043   13.9474
    0.0000   22.5000    0.0000 2750.5991   13.6825
    7.5000   22.5000    0.0000 2742.9270   13.7612
   -7.5000   30.0000    0.0000 2584.4348   15.2136
    0.0000   30.0000    0.0000 2612.6750   14.9475
    7.5000   30.0000    0.0000 2606.7683   15.0040
   -7.5000   37.5000    0.0000 2424.7690   16.8723
    0.0000   37.5000    0.0000 2458.3462   16.6008
    7.5000   37.5000    0.0000 2448.5232   16.6782
   -7.5000   45.0000    0.0000 2254.6040   18.9893
    0.0000   45.0000    0.0000 2285.8281   18.7257
    7.5000   45.0000    0.0000 2278.8557   18.8088
   -7.5000  -45.0000    7.5000 2404.2480   17.6386
    0.0000  -45.0000    7.5000 2420.4072   17.3711
    7.5000  -45.0000    7.5000 2402.5796   17.6612
   -7.5000  -37.5000    7.5000 2522.0537   15.7652
    0.0000  -37.5000    7.5000 2539.1787   15.4878
    7.5000  -37.5000    7.5000 2530.7747   15.7384
   -7.5000  -30.0000    7.5000 2639.0642   14.3075
    0.0000  -30.0000    7.5000 2657.4128   14.0422
    7.5000  -30.0000    7.5000 2652.0271   14.2606
   -7.5000  -22.5000    7.5000 2756.0115   13.2709
    0.0000  -22.5000    7.5000 2785.5498   13.0473
    7.5000  -22.5000    7.5000 2774.7612   13.2312
   -7.5000  -15.0000    7.5000 2853.5957   12.5854
    0.0000  -15.0000    7.5000 2892.4929   12.4255
    7.5000  -15.0000    7.5000 2873.2192   12.5522
   -7.5000   -7.5000    7.5000 2917.2539   12.3087
    0.0000   -7.5000    7.5000 2957.3157   12.0306
    7.5000   -7.5000    7.5000 2932.4905   12.2314
   -7.5000    0.0000    7.5000 2919.4365   12.3643
    0.0000    0.0000    7.5000 2957.3628   12.0800
    7.5000    0.0000    7.5000 2930.1802   12.2551
   -7.5000    7.5000    7.5000 2875.9731   12.7216
    0.0000    7.5000    7.5000 2922.5713   12.4923
    7.5000    7.5000    7.5000 2893.6279   12.6091
   -7.5000   15.0000    7.5000 2794.1604   13.4191
    0.0000   15.0000    7.5000 2830.5073   13.1542
    7.5000   15.0000    7.5000 2814.7708   13.2595
   -7.5000   22.5000    7.5000 2678.5317   14.3543
    0.0000   22.5000    7.5000 2703.9263   14.0984
    7.5000   22.5000    7.5000 2698.1213   14.1717
   -7.5000   30.0000    7.5000 2545.0366   15.5783
    0.0000   30.0000    7.5000 2572.3765   15.3485
    7.5000   30.0000    7.5000 2564.9053   15.4239
   -7.5000   37.5000    7.5000 2390.9771   17.2083
    0.0000   37.5000    7.5000 2422.8459   16.9685
    7.5000   37.5000    7.5000 2411.1604   17.0681
   -7.5000   45.0000    7.5000 2229.0510   19.2834
    0.0000   45.0000    7.5000 2256.8677   18.9997
    7.5000   45.0000    7.5000 2248.2969   19.1090
   -7.5000  -45.0000   15.0000 2364.5203   18.2652
    0.0000  -45.0000   15.0000 2385.6472   17.9009
    7.5000  -45.0000   15.0000 2366.3872   18.2896
   -7.5000  -37.5000   15.0000 2482.2422   16.3632
    0.0000  -37.5000   15.0000 2502.1851   16.0138
    7.5000  -37.5000   15.0000 2489.7454   16.3439
   -7.5000  -30.0000   15.0000 2604.7175   14.9122
    0.0000  -30.0000   15.0000 2622.7051   14.6037
    7.5000  -30.0000   15.0000 2612.6799   14.8797
   -7.5000  -22.5000   15.0000 2716.4792   13.8826
    0.0000  -22.5000   15.0000 2739.0266   13.6157
    7.5000  -22.5000   15.0000 2730.1843   13.8345
   -7.5000  -15.0000   15.0000 2799.5310   13.1908
    0.0000  -15.0000   15.0000 2830.2712   12.9395
    7.5000  -15.0000   15.0000 2818.7297   13.1428
   -7.5000   -7.5000   15.0000 2848.7341   12.9379
    0.0000   -7.5000   15.0000 2878.5183   12.5932
    7.5000   -7.5000   15.0000 2862.7993   12.8588
   -7.5000    0.0000   15.0000 2847.1304   12.9826
    0.0000    0.0000   15.0000 2875.2053   12.7147
    7.5000    0.0000   15.0000 2865.9075   12.8807
   -7.5000    7.5000   15.0000 2806.3748   13.3189
    0.0000    7.5000   15.0000 2841.1377   13.1070
    7.5000    7.5000   15.0000 2824.4758   13.2289
   -7.5000   15.0000   15.0000 2731.6045   13.9858
    0.0000   15.0000   15.0000 2767.3062   13.7084
    7.5000   15.0000   15.0000 2750.7617   13.8263
   -7.5000   22.5000   15.0000 2624.3479   14.9672
    0.0000   22.5000   15.0000 2647.3508   14.6639
    7.5000   22.5000   15.0000 2639.6719   14.7649
   -7.5000   30.0000   15.0000 2494.0337   16.2086
    0.0000   30.0000   15.0000 2518.4519   15.9444
    7.5000   30.0000   15.0000 2509.6411   16.0612
   -7.5000   37.5000   15.0000 2341.9246   17.8331
    0.0000   37.5000   15.0000 2371.4163   17.5924
    7.5000   37.5000   15.0000 2361.5859   17.6988
   -7.5000   45.0000   15.0000 2180.3831   19.8741
    0.0000   45.0000   15.0000 2202.4478   19.5738
    7.5000   45.0000   15.0000 2195.7444   19.6852
   -7.5000  -45.0000   22.5000 2318.5000   19.1085
    0.0000  -45.0000   22.5000 2341.9695   18.6820
    7.5000  -45.0000   22.5000 2324.7791   19.1369
   -7.5000  -37.5000   22.5000 2441.8835   17.1916
    0.0000  -37.5000   22.5000 2462.9792   16.8029
    7.5000  -37.5000   22.5000 2448.6870   17.1727
   -7.5000  -30.0000   22.5000 2557.6633   15.7273
    0.0000  -30.0000   22.5000 2581.7412   15.3891
    7.5000  -30.0000   22.5000 2564.7947   15.6928
   -7.5000  -22.5000   22.5000 2663.5923   14.6526
    0.0000  -22.5000   22.5000 2688.0212   14.3518
    7.5000  -22.5000   22.5000 2673.8364   14.6227
   -7.5000  -15.0000   22.5000 2736.5911   13.9937
    0.0000  -15.0000   22.5000 2763.2222   13.6379
    7.5000  -15.0000   22.5000 2751.3501   13.9402
   -7.5000   -7.5000   22.5000 2770.0454   13.7208
    0.0000   -7.5000   22.5000 2794.0593   13.3818
    7.5000   -7.5000   22.5000 2779.9453   13.6478
   -7.5000    0.0000   22.5000 2762.6619   13.7678
    0.0000    0.0000   22.5000 2791.4414   13.4846
    7.5000    0.0000   22.5000 2779.8496   13.6635
   -7.5000    7.5000   22.5000 2719.6377   14.0947
    0.0000    7.5000   22.5000 2750.9990   13.8402
    7.5000    7.5000   22.5000 2738.6626   13.9904
   -7.5000   15.0000   22.5000 2648.4058   14.7434
    0.0000   15.0000   22.5000 2686.4407   14.4501
    7.5000   15.0000   22.5000 2669.4836   14.5804
   -7.5000   22.5000   22.5000 2553.2192   15.7028
    0.0000   22.5000   22.5000 2580.6116   15.4053
    7.5000   22.5000   22.5000 2570.2231   15.5287
   -7.5000   30.0000   22.5000 2435.9753   16.9549
    0.0000   30.0000   22.5000 2460.2808   16.6814
    7.5000   30.0000   22.5000 2447.0024   16.8116
   -7.5000   37.5000   22.5000 2284.1174   18.6427
    0.0000   37.5000   22.5000 2309.2903   18.3920
    7.5000   37.5000   22.5000 2299.7966   18.5240
   -7.5000   45.0000   22.5000 2125.6060   20.7469
    0.0000   45.0000   22.5000 2144.9753   20.5057
    7.5000   45.0000   22.5000 2136.2288   20.6224
   -7.5000  -45.0000   30.0000 2265.4314   20.1430
    0.0000  -45.0000   30.0000 2294.9055   19.7587
    7.5000  -45.0000   30.0000 2271.5266   20.1422
   -7.5000  -37.5000   30.0000 2387.5557   18.1929
    0.0000  -37.5000   30.0000 2416.2170   17.8163
    7.5000  -37.5000   30.0000 2391.9136   18.1489
   -7.5000  -30.0000   30.0000 2491.7039   16.6873
    0.0000  -30.0000   30.0000 2522.4797   16.3619
    7.5000  -30.0000   30.0000 2497.9426   16.6567
   -7.5000  -22.5000   30.0000 2585.9829   15.6106
    0.0000  -22.5000   30.0000 2613.3811   15.2706
    7.5000  -22.5000   30.0000 2593.0540   15.5546
   -7.5000  -15.0000   30.0000 2654.1150   14.9350
    0.0000  -15.0000   30.0000 2681.6169   14.5987
    7.5000  -15.0000   30.0000 2661.0742   14.8772
   -7.5000   -7.5000   30.0000 2685.2300   14.6412
    0.0000   -7.5000   30.0000 2707.4973   14.3627
    7.5000   -7.5000   30.0000 2695.1426   14.5789
   -7.5000    0.0000   30.0000 2673.7773   14.6986
    0.0000    0.0000   30.0000 2702.7341   14.4272
    7.5000    0.0000   30.0000 2689.6665   14.5931
   -7.5000    7.5000   30.0000 2633.0872   15.0302
    0.0000    7.5000   30.0000 2665.3413   14.7395
    7.5000    7.5000   30.0000 2653.4236   14.9086
   -7.5000   15.0000   30.0000 2562.3562   15.6217
    0.0000   15.0000   30.0000 2602.4260   15.2854
    7.5000   15.0000   30.0000 2581.7622   15.4539
   -7.5000   22.5000   30.0000 2471.5955   16.5282
    0.0000   22.5000   30.0000 2504.7300   16.2156
    7.5000   22.5000   30.0000 2489.2668   16.3590
   -7.5000   30.0000   30.0000 2358.2993   17.8130
    0.0000   30.0000   30.0000 2382.1282   17.5572
    7.5000   30.0000   30.0000 2370.7932   17.6601
   -7.5000   37.5000   30.0000 2215.6873   19.5874
    0.0000   37.5000   30.0000 2235.9778   19.3425
    7.5000   37.5000   30.0000 2228.9714   19.4250
   -7.5000   45.0000   30.0000 2066.0952   21.7946
    0.0000   45.0000   30.0000 2082.3804   21.5521
    7.5000   45.0000   30.0000 2076.9678   21.6046
   -7.5000  -45.0000   37.5000 2211.5486   21.4238
    0.0000  -45.0000   37.5000 2241.0222   21.1277
    7.5000  -45.0000   37.5000 2209.7610   21.4211
   -7.5000  -37.5000   37.5000 2325.6316   19.4068
    0.0000  -37.5000   37.5000 2358.4541   19.1010
    7.5000  -37.5000   37.5000 2327.9253   19.3725
   -7.5000  -30.0000   37.5000 2420.5930   17.8543
    0.0000  -30.0000   37.5000 2454.5364   17.5656
    7.5000  -30.0000   37.5000 2428.0791   17.8361
   -7.5000  -22.5000   37.5000 2505.2056   16.7358
    0.0000  -22.5000   37.5000 2533.5403   16.4273
    7.5000  -22.5000   37.5000 2514.4036   16.6914
   -7.5000  -15.0000   37.5000 2565.1675   16.0239
    0.0000  -15.0000   37.5000 2587.9797   15.7370
    7.5000  -15.0000   37.5000 2572.0808   15.9595
   -7.5000   -7.5000   37.5000 2597.0955   15.7213
    0.0000   -7.5000   37.5000 2615.5164   15.4930
    7.5000   -7.5000   37.5000 2605.2568   15.6638
   -7.5000    0.0000   37.5000 2581.9431   15.7807
    0.0000    0.0000   37.5000 2603.1484   15.5376
    7.5000    0.0000   37.5000 2594.4014   15.6782
   -7.5000    7.5000   37.5000 2538.0625   16.0888
    0.0000    7.5000   37.5000 2565.1277   15.8617
    7.5000    7.5000   37.5000 2554.6985   15.9897
   -7.5000   15.0000   37.5000 2476.0596   16.6180
    0.0000   15.0000   37.5000 2516.2905   16.3267
    7.5000   15.0000   37.5000 2496.2976   16.4898
   -7.5000   22.5000   37.5000 2394.9727   17.5023
    0.0000   22.5000   37.5000 2430.5210   17.1970
    7.5000   22.5000   37.5000 2415.1033   17.3347
   -7.5000   30.0000   37.5000 2276.2400   18.8585
    0.0000   30.0000   37.5000 2302.8799   18.5878
    7.5000   30.0000   37.5000 2293.7844   18.6682
   -7.5000   37.5000   37.5000 2139.8901   20.6636
    0.0000   37.5000   37.5000 2159.0283   20.4445
    7.5000   37.5000   37.5000 2155.4546   20.5024
   -7.5000   45.0000   37.5000 2004.3005   23.0517
    0.0000   45.0000   37.5000 2021.2874   22.7798
    7.5000   45.0000   37.5000 2017.3663   22.8641
   -7.5000  -45.0000   45.0000 2139.9167   23.0968
    0.0000  -45.0000   45.0000 2169.8018   22.8524
    7.5000  -45.0000   45.0000 2136.8608   23.0977
   -7.5000  -37.5000   45.0000 2249.6135   20.9347
    0.0000  -37.5000   45.0000 2285.3821   20.7030
    7.5000  -37.5000   45.0000 2253.8352   20.9417
   -7.5000  -30.0000   45.0000 2340.2661   19.3115
    0.0000  -30.0000   45.0000 2379.8003   19.0781
    7.5000  -30.0000   45.0000 2350.0447   19.2884
   -7.5000  -22.5000   45.0000 2417.2949   18.1164
    0.0000  -22.5000   45.0000 2447.5935   17.8841
    7.5000  -22.5000   45.0000 2425.5405   18.0667
   -7.5000  -15.0000   45.0000 2468.6990   17.3516
    0.0000  -15.0000   45.0000 2488.7556   17.1286
    7.5000  -15.0000   45.0000 2475.3809   17.3025
   -7.5000   -7.5000   45.0000 2489.0164   17.0329
    0.0000   -7.5000   45.0000 2510.9565   16.8506
    7.5000   -7.5000   45.0000 2499.3330   16.9592
   -7.5000    0.0000   45.0000 2475.8318   17.0510
    0.0000    0.0000   45.0000 2499.5225   16.8571
    7.5000    0.0000   45.0000 2493.0188   16.9655
   -7.5000    7.5000   45.0000 2440.0435   17.3203
    0.0000    7.5000   45.0000 2464.6333   17.1300
    7.5000    7.5000   45.0000 2453.4929   17.2368
   -7.5000   15.0000   45.0000 2376.5330   17.8475
    0.0000   15.0000   45.0000 2413.3303   17.6212
    7.5000   15.0000   45.0000 2397.4556   17.7283
   -7.5000   22.5000   45.0000 2305.7815   18.7607
    0.0000   22.5000   45.0000 2339.0825   18.4539
    7.5000   22.5000   45.0000 2324.4363   18.5785
   -7.5000   30.0000   45.0000 2195.2449   20.0939
    0.0000   30.0000   45.0000 2219.4009   19.8633
    7.5000   30.0000   45.0000 2204.2749   19.9135
   -7.5000   37.5000   45.0000 2072.5415   21.9233
    0.0000   37.5000   45.0000 2085.8325   21.7677
    7.5000   37.5000   45.0000 2079.2378   21.8002
   -7.5000   45.0000   45.0000 1937.1865   24.5714
    0.0000   45.0000   45.0000 1948.6506   24.2946
    7.5000   45.0000   45.0000 1944.4625   24.4185

---------------------------------------------------------------------
imgreg_4dfp /opt/freesurfer/average/711-2C_as_mni_average_305 /opt/freesurfer/average/711-2B_as_mni_average_305_mask talsrcimg_g11 none talsrcimg_to_711-2C_as_mni_average_305_t4 1283
---------------------------------------------------------------------

freesurfer imgreg_4dfp.c
/opt/freesurfer/average/711-2C_as_mni_average_305.4dfp.img
       256       256       256         1
  1.000000  1.000000  1.000000
orientation T byte_order littleendian
Reading image: /opt/freesurfer/average/711-2C_as_mni_average_305.4dfp.img
dimensions:      256       256       256
mmppix:       1.0000   -1.0000   -1.0000
center:     128.0000 -129.0000 -129.0000
/opt/freesurfer/average/711-2B_as_mni_average_305_mask.4dfp.img
       256       256       256         1
  1.000000  1.000000  1.000000
orientation T byte_order littleendian
Reading mask: /opt/freesurfer/average/711-2B_as_mni_average_305_mask.4dfp.img (2306576 pixels)
talsrcimg_g11.4dfp.img
       256       256       256         1
  1.000000  1.000000  1.000000
orientation T byte_order littleendian
Reading image: talsrcimg_g11.4dfp.img
dimensions:      256       256       256
mmppix:       1.0000   -1.0000   -1.0000
center:     128.0000 -129.0000 -129.0000
rotation matrix determinant  1.000000
fimgreg.f
image alignment mode   1283 decimal      503 hex
parameters
    0.0000   -7.5000   -7.5000    0.0000    0.0000    0.0000
eta,q 0.94686 11.75262
niter,ni,del,rscale     5    3   12.0000    1.2000
parameter  2 -0.510293 -> -0.500000 qaram    1.1500
parameter  4  4.735064 ->  0.500000 qaram    1.1500
parameters
    1.6130   -4.0500   -6.2178   -3.4500   -0.6199   -2.1681
eta,q 0.95518 11.58902
  0.0679  0.0712  0.0516  0.0426  0.0481  0.0456
  0.0614  0.0615  0.0494  0.0442  0.0461  0.0451
  0.0564  0.0541  0.0486  0.0463  0.0454  0.0448
  0.0512  0.0497  0.0479  0.0478  0.0448  0.0450
  0.0502  0.0479  0.0478  0.0493  0.0458  0.0457
  0.0532  0.0478  0.0483  0.0515  0.0476  0.0476
  0.0573  0.0493  0.0492  0.0541  0.0493  0.0503
niter,ni,del,rscale     6    3   12.0000    1.2000
parameter  4  2.663603 ->  0.500000 qaram    1.3225
parameters
    1.6817   -2.5164   -7.1431   -7.4175   -0.2094   -2.9595
eta,q 0.96013 11.70875
  0.0532  0.0606  0.0462  0.0387  0.0474  0.0417
  0.0509  0.0518  0.0451  0.0396  0.0446  0.0406
  0.0475  0.0469  0.0446  0.0410  0.0417  0.0400
  0.0448  0.0448  0.0437  0.0442  0.0400  0.0399
  0.0459  0.0436  0.0433  0.0476  0.0404  0.0404
  0.0489  0.0458  0.0455  0.0498  0.0423  0.0413
  0.0545  0.0503  0.0516  0.0524  0.0464  0.0431
niter,ni,del,rscale     6    3   12.0000    1.2000
parameter  4  0.500677 ->  0.500000 qaram    1.5209
parameters
    1.0720   -1.4772   -7.8658  -11.9801    0.1255   -3.4654
eta,q 0.96273 11.81548
  0.0501  0.0565  0.0435  0.0403  0.0456  0.0417
  0.0451  0.0476  0.0415  0.0376  0.0415  0.0388
  0.0417  0.0418  0.0403  0.0382  0.0390  0.0374
  0.0399  0.0401  0.0398  0.0399  0.0376  0.0374
  0.0425  0.0399  0.0401  0.0425  0.0374  0.0386
  0.0488  0.0423  0.0422  0.0473  0.0396  0.0403
  0.0551  0.0486  0.0475  0.0514  0.0448  0.0429
niter,ni,del,rscale     6    3   12.0000    1.2000
parameters
    1.1779   -0.6950   -9.1465  -11.1318    0.2241   -3.3799
eta,q 0.96246 11.78839
  0.0531  0.0564  0.0421  0.0513  0.0442  0.0415
  0.0450  0.0469  0.0386  0.0447  0.0409  0.0391
  0.0396  0.0396  0.0372  0.0387  0.0388  0.0379
  0.0373  0.0373  0.0375  0.0372  0.0376  0.0375
  0.0390  0.0387  0.0391  0.0388  0.0376  0.0379
  0.0447  0.0424  0.0433  0.0416  0.0396  0.0390
  0.0519  0.0490  0.0495  0.0467  0.0447  0.0412
niter,ni,del,rscale     5    3   12.0000    1.2000
parameters
    1.1582   -0.8314   -8.7952  -10.8827    0.1950   -3.4342
eta,q 0.96239 11.78642
  0.0515  0.0512  0.0456  0.0503  0.0439  0.0413
  0.0445  0.0428  0.0411  0.0432  0.0408  0.0391
  0.0402  0.0381  0.0383  0.0376  0.0388  0.0379
  0.0375  0.0376  0.0375  0.0375  0.0376  0.0376
  0.0390  0.0394  0.0378  0.0392  0.0376  0.0380
  0.0450  0.0445  0.0396  0.0425  0.0398  0.0392
  0.0519  0.0513  0.0441  0.0482  0.0451  0.0414
niter,ni,del,rscale     4    3   12.0000    1.2000
parameters
    1.1707   -0.8925   -8.7176  -10.8055    0.1865   -3.4399
eta,q 0.96239 11.78670
  0.0515  0.0515  0.0448  0.0500  0.0439  0.0414
  0.0444  0.0430  0.0407  0.0428  0.0408  0.0391
  0.0402  0.0383  0.0381  0.0374  0.0389  0.0379
  0.0376  0.0376  0.0376  0.0376  0.0376  0.0376
  0.0389  0.0393  0.0380  0.0394  0.0376  0.0380
  0.0447  0.0441  0.0400  0.0429  0.0398  0.0392
  0.0516  0.0512  0.0447  0.0486  0.0451  0.0413
niter,ni,del,rscale     3    3   12.0000    1.2000
parameters
    1.1744   -0.9126   -8.6928  -10.7796    0.1827   -3.4421
eta,q 0.96239 11.78681
  0.0515  0.0517  0.0447  0.0499  0.0439  0.0414
  0.0444  0.0431  0.0406  0.0426  0.0409  0.0391
  0.0402  0.0384  0.0381  0.0374  0.0389  0.0379
  0.0376  0.0376  0.0376  0.0376  0.0376  0.0376
  0.0390  0.0392  0.0380  0.0395  0.0376  0.0381
  0.0448  0.0439  0.0401  0.0429  0.0398  0.0392
  0.0516  0.0511  0.0449  0.0488  0.0451  0.0414
registration optimization eta report
parameter search radius
    6.0000    6.9000    6.0000    9.1253    6.0000    6.0000
100000*second partial in parameter space
       38.       29.       21.       14.       19.       11.
  0.0515  0.0517  0.0447  0.0499  0.0439  0.0414
  0.0444  0.0431  0.0406  0.0426  0.0409  0.0391
  0.0402  0.0384  0.0381  0.0374  0.0389  0.0379
  0.0376  0.0376  0.0376  0.0376  0.0376  0.0376
  0.0390  0.0392  0.0380  0.0395  0.0376  0.0381
  0.0448  0.0439  0.0401  0.0429  0.0398  0.0392
  0.0516  0.0511  0.0449  0.0488  0.0451  0.0414
    1.1744   -0.9126   -8.6928  -10.7796    0.1827   -3.4421
eta,q 0.96239 11.78681

---------------------------------------------------------------------
imgreg_4dfp /opt/freesurfer/average/711-2C_as_mni_average_305 /opt/freesurfer/average/711-2B_as_mni_average_305_mask talsrcimg_g11 none talsrcimg_to_711-2C_as_mni_average_305_t4 3335
---------------------------------------------------------------------

freesurfer imgreg_4dfp.c
/opt/freesurfer/average/711-2C_as_mni_average_305.4dfp.img
       256       256       256         1
  1.000000  1.000000  1.000000
orientation T byte_order littleendian
Reading image: /opt/freesurfer/average/711-2C_as_mni_average_305.4dfp.img
dimensions:      256       256       256
mmppix:       1.0000   -1.0000   -1.0000
center:     128.0000 -129.0000 -129.0000
/opt/freesurfer/average/711-2B_as_mni_average_305_mask.4dfp.img
       256       256       256         1
  1.000000  1.000000  1.000000
orientation T byte_order littleendian
Reading mask: /opt/freesurfer/average/711-2B_as_mni_average_305_mask.4dfp.img (2306576 pixels)
talsrcimg_g11.4dfp.img
       256       256       256         1
  1.000000  1.000000  1.000000
orientation T byte_order littleendian
Reading image: talsrcimg_g11.4dfp.img
dimensions:      256       256       256
mmppix:       1.0000   -1.0000   -1.0000
center:     128.0000 -129.0000 -129.0000
fimgreg.f
image alignment mode   3335 decimal      D07 hex
parameters
    1.1744   -0.9126   -8.6928   -0.1809   -1.9454   -1.7651
    5.9575    0.8102   -6.0039   18.6882    0.3189  -18.7030
eta,q 0.96420 11.83852
niter,ni,del,rscale     5    3    5.0000    1.2000
parameter  4  0.536953 ->  0.500000 qaram    1.1500
parameter  5  1.596627 ->  0.500000 qaram    1.1500
parameter 12  1.201617 ->  0.500000 qaram    1.1500
parameters
    1.0778   -0.8830   -8.3384   -4.3209   -6.0854   -2.8251
    5.6166    0.7967   -3.8741   16.0252   -2.8461  -22.8430
eta,q 0.97020 11.39370
  0.0391  0.0381  0.0375  0.0355  0.0296  0.0328  0.0330  0.0348  0.0339  0.0318  0.0308  0.0297
  0.0372  0.0369  0.0366  0.0350  0.0309  0.0319  0.0320  0.0330  0.0326  0.0310  0.0307  0.0297
  0.0361  0.0361  0.0361  0.0348  0.0326  0.0313  0.0314  0.0318  0.0317  0.0308  0.0307  0.0301
  0.0358  0.0358  0.0358  0.0357  0.0349  0.0313  0.0312  0.0312  0.0312  0.0311  0.0308  0.0307
  0.0364  0.0361  0.0358  0.0378  0.0378  0.0316  0.0315  0.0315  0.0311  0.0321  0.0310  0.0314
  0.0377  0.0368  0.0361  0.0408  0.0413  0.0325  0.0322  0.0328  0.0313  0.0336  0.0313  0.0322
  0.0396  0.0380  0.0367  0.0443  0.0450  0.0344  0.0334  0.0350  0.0319  0.0356  0.0319  0.0330
niter,ni,del,rscale     7    3    5.0000    1.2000
parameter  5  0.709381 ->  0.500000 qaram    1.3225
parameters
    1.1451   -0.4518   -8.0220   -4.8739  -10.8464   -1.2723
    5.5599    0.7729   -3.4273   17.1124   -2.9518  -24.9843
eta,q 0.97216 11.19902
  0.0328  0.0329  0.0315  0.0321  0.0283  0.0309  0.0300  0.0313  0.0297  0.0312  0.0287  0.0287
  0.0312  0.0314  0.0307  0.0310  0.0281  0.0297  0.0289  0.0295  0.0288  0.0296  0.0283  0.0280
  0.0302  0.0303  0.0301  0.0303  0.0285  0.0287  0.0283  0.0284  0.0283  0.0286  0.0281  0.0278
  0.0298  0.0298  0.0297  0.0297  0.0298  0.0281  0.0280  0.0280  0.0280  0.0280  0.0280  0.0280
  0.0301  0.0298  0.0298  0.0297  0.0320  0.0281  0.0283  0.0283  0.0282  0.0281  0.0281  0.0284
  0.0309  0.0303  0.0301  0.0310  0.0349  0.0283  0.0290  0.0295  0.0286  0.0287  0.0283  0.0291
  0.0325  0.0312  0.0308  0.0336  0.0387  0.0293  0.0301  0.0314  0.0293  0.0297  0.0287  0.0300
niter,ni,del,rscale     7    3    5.0000    1.2000
parameters
    1.1252   -0.5815   -8.2330   -4.4860  -12.6139   -1.0914
    5.4819    0.7695   -3.7051   17.8799   -2.9654  -25.2107
eta,q 0.97233 11.16064
  0.0306  0.0298  0.0290  0.0305  0.0304  0.0300  0.0298  0.0310  0.0290  0.0305  0.0285  0.0291
  0.0291  0.0286  0.0283  0.0293  0.0288  0.0288  0.0287  0.0292  0.0283  0.0290  0.0280  0.0282
  0.0281  0.0280  0.0279  0.0285  0.0279  0.0280  0.0279  0.0281  0.0278  0.0281  0.0277  0.0278
  0.0278  0.0278  0.0278  0.0278  0.0277  0.0277  0.0277  0.0277  0.0277  0.0277  0.0277  0.0277
  0.0282  0.0282  0.0281  0.0275  0.0286  0.0277  0.0280  0.0280  0.0279  0.0278  0.0278  0.0279
  0.0291  0.0290  0.0287  0.0284  0.0307  0.0284  0.0287  0.0291  0.0285  0.0285  0.0280  0.0284
  0.0307  0.0301  0.0296  0.0306  0.0340  0.0300  0.0299  0.0311  0.0292  0.0294  0.0284  0.0291
niter,ni,del,rscale     6    3    5.0000    1.2000
parameters
    1.1130   -0.7007   -8.2305   -4.5019  -12.8596   -1.0698
    5.4961    0.8187   -3.7776   17.9994   -2.9255  -25.1262
eta,q 0.97234 11.15544
  0.0304  0.0295  0.0290  0.0302  0.0314  0.0299  0.0298  0.0310  0.0291  0.0300  0.0285  0.0292
  0.0289  0.0284  0.0283  0.0291  0.0295  0.0287  0.0287  0.0292  0.0283  0.0287  0.0280  0.0283
  0.0280  0.0277  0.0278  0.0283  0.0282  0.0279  0.0279  0.0281  0.0278  0.0279  0.0277  0.0278
  0.0277  0.0277  0.0276  0.0276  0.0276  0.0277  0.0277  0.0277  0.0277  0.0277  0.0277  0.0277
  0.0280  0.0280  0.0278  0.0274  0.0280  0.0277  0.0279  0.0279  0.0279  0.0280  0.0278  0.0279
  0.0289  0.0288  0.0283  0.0285  0.0295  0.0285  0.0287  0.0290  0.0284  0.0287  0.0280  0.0283
  0.0305  0.0297  0.0291  0.0308  0.0321  0.0301  0.0298  0.0310  0.0291  0.0298  0.0284  0.0290
niter,ni,del,rscale     5    3    5.0000    1.2000
parameters
    1.1040   -0.7222   -8.2015   -4.5164  -12.8929   -1.0786
    5.5155    0.8246   -3.8003   18.0034   -2.8954  -25.0437
eta,q 0.97234 11.15336
  0.0304  0.0297  0.0291  0.0302  0.0315  0.0299  0.0299  0.0310  0.0292  0.0299  0.0284  0.0292
  0.0289  0.0285  0.0283  0.0290  0.0296  0.0287  0.0287  0.0291  0.0283  0.0287  0.0280  0.0283
  0.0280  0.0278  0.0279  0.0283  0.0282  0.0279  0.0279  0.0281  0.0278  0.0279  0.0277  0.0278
  0.0277  0.0277  0.0277  0.0277  0.0277  0.0277  0.0277  0.0277  0.0277  0.0277  0.0277  0.0277
  0.0280  0.0280  0.0278  0.0274  0.0280  0.0277  0.0279  0.0279  0.0279  0.0280  0.0278  0.0279
  0.0289  0.0287  0.0282  0.0285  0.0293  0.0285  0.0287  0.0291  0.0284  0.0287  0.0280  0.0283
  0.0305  0.0296  0.0290  0.0308  0.0319  0.0302  0.0298  0.0311  0.0291  0.0298  0.0284  0.0290
niter,ni,del,rscale     4    3    5.0000    1.2000
parameters
    1.1003   -0.7309   -8.1792   -4.5254  -12.9032   -1.0827
    5.5154    0.8259   -3.8084   17.9933   -2.8910  -24.9900
eta,q 0.97234 11.15198
  0.0305  0.0297  0.0290  0.0301  0.0316  0.0299  0.0298  0.0310  0.0292  0.0299  0.0284  0.0291
  0.0289  0.0285  0.0283  0.0290  0.0296  0.0287  0.0287  0.0291  0.0283  0.0287  0.0280  0.0283
  0.0280  0.0278  0.0279  0.0283  0.0282  0.0279  0.0279  0.0281  0.0278  0.0279  0.0277  0.0278
  0.0277  0.0277  0.0277  0.0277  0.0277  0.0277  0.0277  0.0277  0.0277  0.0277  0.0277  0.0277
  0.0280  0.0280  0.0278  0.0274  0.0280  0.0277  0.0279  0.0279  0.0279  0.0280  0.0278  0.0279
  0.0289  0.0286  0.0283  0.0285  0.0293  0.0285  0.0287  0.0291  0.0284  0.0287  0.0280  0.0283
  0.0305  0.0296  0.0290  0.0308  0.0318  0.0301  0.0298  0.0311  0.0291  0.0299  0.0284  0.0290
registration optimization eta report
parameter search radius
    2.4000    2.4000    2.4000    8.2800    9.5220    7.2000
    7.2000    7.2000    7.2000    7.2000    7.2000    8.2800
100000*second partial in parameter space
       49.       34.       24.        4.        4.        5.
        4.        7.        3.        4.        1.        2.
  0.0305  0.0297  0.0290  0.0301  0.0316  0.0299  0.0298  0.0310  0.0292  0.0299  0.0284  0.0291
  0.0289  0.0285  0.0283  0.0290  0.0296  0.0287  0.0287  0.0291  0.0283  0.0287  0.0280  0.0283
  0.0280  0.0278  0.0279  0.0283  0.0282  0.0279  0.0279  0.0281  0.0278  0.0279  0.0277  0.0278
  0.0277  0.0277  0.0277  0.0277  0.0277  0.0277  0.0277  0.0277  0.0277  0.0277  0.0277  0.0277
  0.0280  0.0280  0.0278  0.0274  0.0280  0.0277  0.0279  0.0279  0.0279  0.0280  0.0278  0.0279
  0.0289  0.0286  0.0283  0.0285  0.0293  0.0285  0.0287  0.0291  0.0284  0.0287  0.0280  0.0283
  0.0305  0.0296  0.0290  0.0308  0.0318  0.0301  0.0298  0.0311  0.0291  0.0299  0.0284  0.0290
    1.1003   -0.7309   -8.1792   -4.5254  -12.9032   -1.0827
    5.5154    0.8259   -3.8084   17.9933   -2.8910  -24.9900
eta,q 0.97234 11.15198

---------------------------------------------------------------------
imgreg_4dfp /opt/freesurfer/average/711-2C_as_mni_average_305 /opt/freesurfer/average/711-2B_as_mni_average_305_mask talsrcimg_g11 none talsrcimg_to_711-2C_as_mni_average_305_t4 2311
---------------------------------------------------------------------

freesurfer imgreg_4dfp.c
/opt/freesurfer/average/711-2C_as_mni_average_305.4dfp.img
       256       256       256         1
  1.000000  1.000000  1.000000
orientation T byte_order littleendian
Reading image: /opt/freesurfer/average/711-2C_as_mni_average_305.4dfp.img
dimensions:      256       256       256
mmppix:       1.0000   -1.0000   -1.0000
center:     128.0000 -129.0000 -129.0000
/opt/freesurfer/average/711-2B_as_mni_average_305_mask.4dfp.img
       256       256       256         1
  1.000000  1.000000  1.000000
orientation T byte_order littleendian
Reading mask: /opt/freesurfer/average/711-2B_as_mni_average_305_mask.4dfp.img (2306576 pixels)
talsrcimg_g11.4dfp.img
       256       256       256         1
  1.000000  1.000000  1.000000
orientation T byte_order littleendian
Reading image: talsrcimg_g11.4dfp.img
dimensions:      256       256       256
mmppix:       1.0000   -1.0000   -1.0000
center:     128.0000 -129.0000 -129.0000
fimgreg.f
image alignment mode   2311 decimal      907 hex
parameters
    1.1003   -0.7309   -8.1792   -4.5254  -12.9032   -1.0827
    5.5154    0.8259   -3.8084   17.9933   -2.8910  -24.9900
eta,q 0.97234 11.15199
niter,ni,del,rscale     5    3    5.0000    0.8000
parameters
    1.1088   -0.8195   -8.1184   -3.1210  -12.6138   -0.7617
    5.4746    0.8652   -3.9682   17.7465   -2.8989  -25.0642
eta,q 0.97259 11.22022
  0.0289  0.0285  0.0283  0.0288  0.0286  0.0285  0.0285  0.0291  0.0281  0.0284  0.0279  0.0279
  0.0282  0.0280  0.0280  0.0284  0.0280  0.0279  0.0279  0.0282  0.0277  0.0278  0.0276  0.0276
  0.0278  0.0277  0.0278  0.0280  0.0276  0.0275  0.0275  0.0276  0.0275  0.0275  0.0275  0.0274
  0.0277  0.0277  0.0277  0.0276  0.0274  0.0274  0.0274  0.0274  0.0274  0.0274  0.0274  0.0274
  0.0278  0.0278  0.0277  0.0274  0.0275  0.0275  0.0276  0.0276  0.0275  0.0276  0.0275  0.0275
  0.0282  0.0282  0.0279  0.0275  0.0278  0.0277  0.0279  0.0281  0.0278  0.0280  0.0276  0.0277
  0.0289  0.0286  0.0283  0.0281  0.0284  0.0283  0.0285  0.0291  0.0282  0.0286  0.0279  0.0279
niter,ni,del,rscale     4    3    5.0000    0.7000
parameters
    1.1286   -0.7982   -8.3262   -3.1331  -12.4308   -0.6125
    5.5216    0.8954   -3.9593   17.7050   -3.0028  -25.6150
eta,q 0.97261 11.23334
  0.0286  0.0282  0.0278  0.0283  0.0283  0.0282  0.0283  0.0287  0.0280  0.0282  0.0277  0.0277
  0.0279  0.0277  0.0276  0.0280  0.0278  0.0277  0.0278  0.0280  0.0277  0.0278  0.0275  0.0275
  0.0276  0.0275  0.0274  0.0276  0.0275  0.0275  0.0275  0.0276  0.0275  0.0275  0.0274  0.0274
  0.0274  0.0274  0.0274  0.0274  0.0274  0.0274  0.0274  0.0274  0.0274  0.0274  0.0274  0.0274
  0.0275  0.0275  0.0275  0.0274  0.0275  0.0274  0.0275  0.0275  0.0275  0.0275  0.0275  0.0275
  0.0279  0.0277  0.0277  0.0278  0.0277  0.0276  0.0278  0.0280  0.0277  0.0278  0.0276  0.0277
  0.0285  0.0281  0.0281  0.0285  0.0281  0.0282  0.0282  0.0287  0.0280  0.0282  0.0278  0.0279
niter,ni,del,rscale     3    3    5.0000    0.6000
parameters
    1.1410   -0.7652   -8.4607   -2.9584  -12.2874   -0.3912
    5.5237    0.9228   -3.9788   17.7255   -3.0633  -25.9199
eta,q 0.97265 11.25317
  0.0282  0.0280  0.0277  0.0282  0.0280  0.0279  0.0280  0.0284  0.0278  0.0280  0.0276  0.0276
  0.0278  0.0276  0.0275  0.0279  0.0277  0.0276  0.0276  0.0278  0.0275  0.0276  0.0275  0.0275
  0.0275  0.0274  0.0274  0.0276  0.0275  0.0275  0.0274  0.0275  0.0274  0.0274  0.0274  0.0274
  0.0274  0.0274  0.0274  0.0274  0.0274  0.0274  0.0274  0.0274  0.0274  0.0274  0.0274  0.0274
  0.0275  0.0274  0.0275  0.0274  0.0274  0.0273  0.0274  0.0274  0.0274  0.0274  0.0274  0.0274
  0.0278  0.0276  0.0276  0.0276  0.0276  0.0275  0.0277  0.0278  0.0276  0.0276  0.0275  0.0276
  0.0282  0.0279  0.0279  0.0282  0.0279  0.0279  0.0280  0.0284  0.0278  0.0280  0.0277  0.0277
niter,ni,del,rscale     2    3    5.0000    0.5000
parameters
    1.1420   -0.7639   -8.5698   -2.8341  -12.2129   -0.2116
    5.5113    0.9575   -3.9995   17.7682   -3.1049  -26.0897
eta,q 0.97267 11.26768
  0.0280  0.0277  0.0276  0.0279  0.0278  0.0277  0.0278  0.0281  0.0276  0.0278  0.0275  0.0276
  0.0276  0.0275  0.0274  0.0277  0.0275  0.0275  0.0275  0.0277  0.0275  0.0275  0.0274  0.0274
  0.0274  0.0274  0.0274  0.0275  0.0274  0.0274  0.0274  0.0274  0.0274  0.0274  0.0273  0.0273
  0.0274  0.0273  0.0274  0.0274  0.0273  0.0273  0.0273  0.0273  0.0273  0.0273  0.0273  0.0273
  0.0274  0.0274  0.0274  0.0274  0.0274  0.0273  0.0274  0.0274  0.0274  0.0274  0.0274  0.0274
  0.0276  0.0275  0.0275  0.0275  0.0275  0.0274  0.0275  0.0276  0.0275  0.0275  0.0274  0.0275
  0.0280  0.0277  0.0277  0.0279  0.0278  0.0277  0.0278  0.0281  0.0276  0.0278  0.0275  0.0276
niter,ni,del,rscale     1    3    5.0000    0.4000
parameters
    1.1396   -0.7696   -8.6402   -2.7320  -12.1796   -0.0056
    5.5179    0.9719   -4.0235   17.8288   -3.1283  -26.1709
eta,q 0.97268 11.28061
  0.0277  0.0276  0.0275  0.0277  0.0276  0.0276  0.0276  0.0278  0.0275  0.0276  0.0275  0.0275
  0.0275  0.0274  0.0274  0.0276  0.0275  0.0275  0.0275  0.0275  0.0274  0.0274  0.0274  0.0274
  0.0274  0.0273  0.0273  0.0274  0.0274  0.0274  0.0273  0.0274  0.0273  0.0273  0.0273  0.0273
  0.0273  0.0273  0.0273  0.0273  0.0273  0.0273  0.0273  0.0273  0.0273  0.0273  0.0273  0.0273
  0.0274  0.0274  0.0274  0.0273  0.0273  0.0273  0.0273  0.0274  0.0273  0.0273  0.0273  0.0273
  0.0275  0.0274  0.0274  0.0275  0.0274  0.0274  0.0274  0.0275  0.0274  0.0274  0.0274  0.0274
  0.0277  0.0276  0.0276  0.0277  0.0276  0.0275  0.0276  0.0278  0.0275  0.0276  0.0275  0.0275
registration optimization eta report
parameter search radius
    0.8000    0.8000    0.8000    2.4000    2.4000    2.4000
    2.4000    2.4000    2.4000    2.4000    2.4000    2.4000
100000*second partial in parameter space
       62.       39.       30.        7.        5.        4.
        5.        8.        3.        5.        2.        3.
  0.0277  0.0276  0.0275  0.0277  0.0276  0.0276  0.0276  0.0278  0.0275  0.0276  0.0275  0.0275
  0.0275  0.0274  0.0274  0.0276  0.0275  0.0275  0.0275  0.0275  0.0274  0.0274  0.0274  0.0274
  0.0274  0.0273  0.0273  0.0274  0.0274  0.0274  0.0273  0.0274  0.0273  0.0273  0.0273  0.0273
  0.0273  0.0273  0.0273  0.0273  0.0273  0.0273  0.0273  0.0273  0.0273  0.0273  0.0273  0.0273
  0.0274  0.0274  0.0274  0.0273  0.0273  0.0273  0.0273  0.0274  0.0273  0.0273  0.0273  0.0273
  0.0275  0.0274  0.0274  0.0275  0.0274  0.0274  0.0274  0.0275  0.0274  0.0274  0.0274  0.0274
  0.0277  0.0276  0.0276  0.0277  0.0276  0.0275  0.0276  0.0278  0.0275  0.0276  0.0275  0.0275
    1.1396   -0.7696   -8.6402   -2.7320  -12.1796   -0.0056
    5.5179    0.9719   -4.0235   17.8288   -3.1283  -26.1709
eta,q 0.97268 11.28061

---------------------------------------------------------------------
imgreg_4dfp /opt/freesurfer/average/711-2C_as_mni_average_305 /opt/freesurfer/average/711-2B_as_mni_average_305_mask talsrcimg_g11 none talsrcimg_to_711-2C_as_mni_average_305_t4 2311
---------------------------------------------------------------------

freesurfer imgreg_4dfp.c
/opt/freesurfer/average/711-2C_as_mni_average_305.4dfp.img
       256       256       256         1
  1.000000  1.000000  1.000000
orientation T byte_order littleendian
Reading image: /opt/freesurfer/average/711-2C_as_mni_average_305.4dfp.img
dimensions:      256       256       256
mmppix:       1.0000   -1.0000   -1.0000
center:     128.0000 -129.0000 -129.0000
/opt/freesurfer/average/711-2B_as_mni_average_305_mask.4dfp.img
       256       256       256         1
  1.000000  1.000000  1.000000
orientation T byte_order littleendian
Reading mask: /opt/freesurfer/average/711-2B_as_mni_average_305_mask.4dfp.img (2306576 pixels)
talsrcimg_g11.4dfp.img
       256       256       256         1
  1.000000  1.000000  1.000000
orientation T byte_order littleendian
Reading image: talsrcimg_g11.4dfp.img
dimensions:      256       256       256
mmppix:       1.0000   -1.0000   -1.0000
center:     128.0000 -129.0000 -129.0000
fimgreg.f
image alignment mode   2311 decimal      907 hex
parameters
    1.1396   -0.7696   -8.6402   -2.7320  -12.1796   -0.0056
    5.5179    0.9719   -4.0235   17.8288   -3.1283  -26.1709
eta,q 0.97268 11.28060
niter,ni,del,rscale     5    3    5.0000    0.8000
parameters
    1.1353   -0.7334   -8.7009   -3.3113  -12.2918   -0.6031
    5.5546    0.9325   -3.9099   17.9403   -2.9705  -26.3520
eta,q 0.97259 11.24310
  0.0289  0.0283  0.0280  0.0284  0.0284  0.0282  0.0285  0.0291  0.0282  0.0285  0.0279  0.0280
  0.0280  0.0278  0.0276  0.0279  0.0279  0.0278  0.0279  0.0282  0.0278  0.0279  0.0276  0.0276
  0.0275  0.0274  0.0274  0.0275  0.0275  0.0275  0.0275  0.0276  0.0275  0.0275  0.0275  0.0274
  0.0273  0.0273  0.0273  0.0273  0.0274  0.0274  0.0274  0.0274  0.0274  0.0274  0.0274  0.0274
  0.0275  0.0274  0.0274  0.0275  0.0275  0.0274  0.0275  0.0276  0.0275  0.0275  0.0275  0.0275
  0.0280  0.0277  0.0277  0.0282  0.0279  0.0280  0.0279  0.0282  0.0277  0.0279  0.0276  0.0277
  0.0289  0.0282  0.0281  0.0293  0.0285  0.0291  0.0285  0.0292  0.0281  0.0284  0.0279  0.0280
niter,ni,del,rscale     4    3    5.0000    0.7000
parameters
    1.1478   -0.7177   -8.5909   -3.1464  -12.2392   -0.4856
    5.5510    0.9230   -3.9727   17.8493   -2.9782  -26.1833
eta,q 0.97263 11.25077
  0.0285  0.0282  0.0280  0.0284  0.0282  0.0282  0.0282  0.0287  0.0279  0.0282  0.0278  0.0279
  0.0279  0.0277  0.0277  0.0280  0.0278  0.0278  0.0278  0.0280  0.0276  0.0277  0.0275  0.0276
  0.0275  0.0275  0.0275  0.0277  0.0275  0.0275  0.0275  0.0275  0.0274  0.0274  0.0274  0.0274
  0.0274  0.0274  0.0274  0.0274  0.0274  0.0274  0.0274  0.0274  0.0274  0.0274  0.0274  0.0274
  0.0275  0.0275  0.0274  0.0274  0.0274  0.0273  0.0275  0.0275  0.0275  0.0275  0.0274  0.0274
  0.0279  0.0277  0.0276  0.0277  0.0277  0.0276  0.0278  0.0280  0.0276  0.0278  0.0276  0.0276
  0.0285  0.0281  0.0279  0.0284  0.0282  0.0282  0.0282  0.0288  0.0280  0.0282  0.0278  0.0278
niter,ni,del,rscale     3    3    5.0000    0.6000
parameters
    1.1439   -0.7356   -8.5949   -2.9848  -12.2204   -0.3528
    5.5416    0.9367   -3.9779   17.8167   -3.0483  -26.1831
eta,q 0.97265 11.25979
  0.0282  0.0279  0.0278  0.0282  0.0280  0.0279  0.0280  0.0284  0.0278  0.0280  0.0276  0.0277
  0.0278  0.0276  0.0276  0.0278  0.0276  0.0276  0.0276  0.0278  0.0275  0.0276  0.0275  0.0275
  0.0275  0.0274  0.0274  0.0276  0.0274  0.0275  0.0274  0.0275  0.0274  0.0274  0.0274  0.0274
  0.0274  0.0274  0.0274  0.0274  0.0274  0.0274  0.0273  0.0274  0.0273  0.0274  0.0274  0.0274
  0.0275  0.0274  0.0274  0.0274  0.0274  0.0273  0.0274  0.0274  0.0274  0.0274  0.0274  0.0274
  0.0278  0.0276  0.0276  0.0276  0.0276  0.0275  0.0276  0.0278  0.0275  0.0276  0.0275  0.0275
  0.0282  0.0279  0.0278  0.0282  0.0280  0.0280  0.0280  0.0284  0.0278  0.0280  0.0277  0.0277
niter,ni,del,rscale     2    3    5.0000    0.5000
parameters
    1.1462   -0.7509   -8.6242   -2.8500  -12.1889   -0.1899
    5.5259    0.9681   -3.9917   17.8218   -3.0888  -26.1943
eta,q 0.97267 11.27064
  0.0279  0.0277  0.0276  0.0279  0.0278  0.0277  0.0278  0.0281  0.0276  0.0278  0.0275  0.0276
  0.0276  0.0275  0.0275  0.0277  0.0275  0.0275  0.0275  0.0277  0.0275  0.0275  0.0274  0.0274
  0.0274  0.0274  0.0274  0.0275  0.0274  0.0274  0.0274  0.0274  0.0274  0.0274  0.0273  0.0274
  0.0274  0.0274  0.0273  0.0273  0.0273  0.0273  0.0273  0.0273  0.0273  0.0273  0.0273  0.0273
  0.0274  0.0274  0.0274  0.0274  0.0274  0.0273  0.0274  0.0274  0.0274  0.0274  0.0274  0.0274
  0.0276  0.0275  0.0275  0.0275  0.0275  0.0274  0.0275  0.0276  0.0275  0.0275  0.0274  0.0274
  0.0279  0.0277  0.0277  0.0279  0.0278  0.0277  0.0278  0.0281  0.0276  0.0278  0.0275  0.0276
niter,ni,del,rscale     1    3    5.0000    0.4000
parameters
    1.1419   -0.7716   -8.6744   -2.7306  -12.1678   -0.0032
    5.5188    0.9764   -4.0340   17.8462   -3.1189  -26.2326
eta,q 0.97269 11.28201
  0.0277  0.0276  0.0275  0.0278  0.0276  0.0276  0.0276  0.0278  0.0275  0.0276  0.0275  0.0275
  0.0275  0.0274  0.0274  0.0276  0.0274  0.0275  0.0274  0.0275  0.0274  0.0274  0.0274  0.0274
  0.0274  0.0273  0.0273  0.0274  0.0274  0.0274  0.0273  0.0274  0.0273  0.0273  0.0273  0.0273
  0.0273  0.0273  0.0273  0.0273  0.0273  0.0273  0.0273  0.0273  0.0273  0.0273  0.0273  0.0273
  0.0274  0.0274  0.0274  0.0273  0.0273  0.0273  0.0273  0.0274  0.0273  0.0273  0.0273  0.0273
  0.0275  0.0274  0.0274  0.0275  0.0274  0.0274  0.0274  0.0275  0.0274  0.0274  0.0274  0.0274
  0.0277  0.0276  0.0275  0.0277  0.0276  0.0275  0.0276  0.0278  0.0275  0.0276  0.0275  0.0275
registration optimization eta report
parameter search radius
    0.8000    0.8000    0.8000    2.4000    2.4000    2.4000
    2.4000    2.4000    2.4000    2.4000    2.4000    2.4000
100000*second partial in parameter space
       62.       38.       30.        7.        5.        4.
        5.        8.        3.        5.        2.        3.
  0.0277  0.0276  0.0275  0.0278  0.0276  0.0276  0.0276  0.0278  0.0275  0.0276  0.0275  0.0275
  0.0275  0.0274  0.0274  0.0276  0.0274  0.0275  0.0274  0.0275  0.0274  0.0274  0.0274  0.0274
  0.0274  0.0273  0.0273  0.0274  0.0274  0.0274  0.0273  0.0274  0.0273  0.0273  0.0273  0.0273
  0.0273  0.0273  0.0273  0.0273  0.0273  0.0273  0.0273  0.0273  0.0273  0.0273  0.0273  0.0273
  0.0274  0.0274  0.0274  0.0273  0.0273  0.0273  0.0273  0.0274  0.0273  0.0273  0.0273  0.0273
  0.0275  0.0274  0.0274  0.0275  0.0274  0.0274  0.0274  0.0275  0.0274  0.0274  0.0274  0.0274
  0.0277  0.0276  0.0275  0.0277  0.0276  0.0275  0.0276  0.0278  0.0275  0.0276  0.0275  0.0275
    1.1419   -0.7716   -8.6744   -2.7306  -12.1678   -0.0032
    5.5188    0.9764   -4.0340   17.8462   -3.1189  -26.2326
eta,q 0.97269 11.28201

---------------------------------------------------------------------
compute_vox2vox talsrcimg talsrcimg_to_711-2C_as_mni_average_305_t4 /opt/freesurfer/average/711-2C_as_mni_average_305
---------------------------------------------------------------------

freesurfer compute_vox2vox.c
Reading: talsrcimg.4dfp.ifh
Reading: talsrcimg_to_711-2C_as_mni_average_305_t4
Reading: /opt/freesurfer/average/711-2C_as_mni_average_305.4dfp.ifh
Writing: talsrcimg_to_711-2C_as_mni_average_305_t4_vox2vox.txt

start time Thu Mar 12 18:13:01 CET 2026
end		time Thu Mar 12 18:13:15 CET 2026

mpr2mni305 success

avi2talxfm orig_nu.mgz /opt/freesurfer/average/mni305.cor.mgz talsrcimg_to_711-2C_as_mni_average_305_t4_vox2vox.txt transforms/talairach.auto.xfm
avi2talxfm done
mv -f /out/sourcedata/freesurfer/sub-v1s20x0050349_ses-1/mri/talsrcimg_to_711-2C_as_mni_average_305_t4_vox2vox.txt /out/sourcedata/freesurfer/sub-v1s20x0050349_ses-1/mri/transforms/talsrcimg_to_711-2C_as_mni_average_305_t4_vox2vox.txt
lta_convert --src orig_nu.mgz --trg /opt/freesurfer/average/mni305.cor.mgz --inxfm transforms/talairach.auto.xfm --outlta transforms/talairach.auto.xfm.lta --subject fsaverage
7.3.2

--src: orig_nu.mgz src image (geometry).
--trg: /opt/freesurfer/average/mni305.cor.mgz trg image (geometry).
--inmni: transforms/talairach.auto.xfm input MNI/XFM transform.
--outlta: transforms/talairach.auto.xfm.lta output LTA.
--s: fsaverage subject name
 LTA read, type : 1
 1.02546   0.00141  -0.06401  -1.68336;
 0.04210   0.94948   0.28093   7.65427;
 0.03855  -0.19286   1.07851  -1.75421;
 0.00000   0.00000   0.00000   1.00000;
setting subject to fsaverage
Writing  LTA to file transforms/talairach.auto.xfm.lta...
lta_convert successful.
 
 
Started at Thu Mar 12 18:13:01 CET 2026
Ended   at Thu Mar 12 18:13:15 CET 2026
talairach_avi done
