/out/sourcedata/freesurfer/sub-v1s20x0050314_ses-1/mri
/opt/freesurfer/bin/talairach_avi
--i orig_nu.mgz --xfm transforms/talairach.auto.xfm
talairach_avi 7.3.2
Linux dna076 5.14.0-427.37.1.el9_4.x86_64 #1 SMP PREEMPT_DYNAMIC Fri Sep 13 12:41:50 EDT 2024 x86_64 x86_64 x86_64 GNU/Linux
Mon Mar  9 07:41:52 CET 2026
mri_convert orig_nu.mgz talsrcimg.img 
reading from orig_nu.mgz...
TR=0.00, TE=0.00, TI=0.00, flip angle=0.00
i_ras = (-1, 0, 0)
j_ras = (0, 0, -1)
k_ras = (0, 1, 0)
writing to talsrcimg.img...
Analyze Output Matrix
-1.00000   0.00000   0.00000   129.50781;
 0.00000   0.00000   1.00000  -128.49219;
 0.00000  -1.00000   0.00000   129.60004;
 0.00000   0.00000   0.00000   1.00000;
--------------------
INFO: set hdr.hist.orient to -1
mpr2mni305 talsrcimg
Mon Mar  9 07:41:52 CET 2026
/opt/freesurfer/bin/mpr2mni305 talsrcimg
mpr2mni305 7.3.2
target=711-2C_as_mni_average_305

---------------------------------------------------------------------
analyzeto4dfp talsrcimg -O0 -y
---------------------------------------------------------------------

freesurfer ifh2hdr.c
Mon Mar  9 07:41:52 2026
Writing: talsrcimg.4dfp.hdr
freesurfer analyzeto4dfp.c
Reading: talsrcimg.hdr
header size 348 bytes
hdr.dime.datatype	offset=70	value=2
hdr.dime.bitpix		offset=72	value=8
hdr.hist.orient		offset=252	value=-1
dimensionality     4
dimensions       256       256       256         1
Reading: talsrcimg.img
Writing: talsrcimg.4dfp.img
Writing: talsrcimg.4dfp.ifh
ifh2hdr talsrcimg -r0to239
ori=2

---------------------------------------------------------------------
gauss_4dfp talsrcimg 1.1
---------------------------------------------------------------------

freesurfer gauss_4dfp.c
Reading: talsrcimg.4dfp.img
Writing: talsrcimg_g11.4dfp.img
image dimensions 256 256 256 padded to 288 288 288
processing volume 1freesurfer ifh2hdr.c
Mon Mar  9 07:41:54 2026
Writing: talsrcimg_g11.4dfp.hdr

Writing: talsrcimg_g11.4dfp.ifh
including: talsrcimg.4dfp.img.rec in talsrcimg_g11.4dfp.img.rec

---------------------------------------------------------------------
imgreg_4dfp /opt/freesurfer/average/711-2C_as_mni_average_305 none talsrcimg_g11 none talsrcimg_to_711-2C_as_mni_average_305_t4 4355
---------------------------------------------------------------------

freesurfer imgreg_4dfp.c
/opt/freesurfer/average/711-2C_as_mni_average_305.4dfp.img
       256       256       256         1
  1.000000  1.000000  1.000000
orientation T byte_order littleendian
Reading image: /opt/freesurfer/average/711-2C_as_mni_average_305.4dfp.img
dimensions:      256       256       256
mmppix:       1.0000   -1.0000   -1.0000
center:     128.0000 -129.0000 -129.0000
talsrcimg_g11.4dfp.img
       256       256       256         1
  1.000000  1.000000  1.000000
orientation T byte_order littleendian
Reading image: talsrcimg_g11.4dfp.img
dimensions:      256       256       256
mmppix:       1.0000   -1.0000   -1.0000
center:     128.0000 -129.0000 -129.0000
t4_read: open error in t4_sub.f l:  41 t4_file(1:l)talsrcimg_to_711-2C_as_mni_average_305_t4 
t4_read: transform initialized to I4
rotation matrix determinant  1.000000
image alignment mode   4355 decimal     1103 hex
   -7.5000  -45.0000  -45.0000 7390.8374   15.7936
    0.0000  -45.0000  -45.0000 7710.4199   15.7744
    7.5000  -45.0000  -45.0000 7360.0830   15.7707
   -7.5000  -37.5000  -45.0000 7957.6260   15.8440
    0.0000  -37.5000  -45.0000 8297.4189   15.8309
    7.5000  -37.5000  -45.0000 7917.4014   15.8359
   -7.5000  -30.0000  -45.0000 8856.7012   15.8720
    0.0000  -30.0000  -45.0000 9231.9854   15.8630
    7.5000  -30.0000  -45.0000 8809.7285   15.8742
   -7.5000  -22.5000  -45.0000 9630.8545   15.8480
    0.0000  -22.5000  -45.000010035.5420   15.8362
    7.5000  -22.5000  -45.0000 9562.1211   15.8438
   -7.5000  -15.0000  -45.000010278.3203   15.8027
    0.0000  -15.0000  -45.000010687.6650   15.7851
    7.5000  -15.0000  -45.000010195.5742   15.7843
   -7.5000   -7.5000  -45.000010883.4297   15.7762
    0.0000   -7.5000  -45.000011329.6348   15.7552
    7.5000   -7.5000  -45.000010817.1387   15.7493
   -7.5000    0.0000  -45.000011472.0723   15.7936
    0.0000    0.0000  -45.000011942.3438   15.7744
    7.5000    0.0000  -45.000011410.3076   15.7707
   -7.5000    7.5000  -45.000011217.9629   15.8440
    0.0000    7.5000  -45.000011690.7998   15.8309
    7.5000    7.5000  -45.000011163.1543   15.8359
   -7.5000   15.0000  -45.000010908.2656   15.8720
    0.0000   15.0000  -45.000011395.5000   15.8630
    7.5000   15.0000  -45.000010842.6660   15.8742
   -7.5000   22.5000  -45.000010471.5635   15.8459
    0.0000   22.5000  -45.000010949.8711   15.8340
    7.5000   22.5000  -45.000010383.0801   15.8417
   -7.5000   30.0000  -45.0000 9666.2383   15.5921
    0.0000   30.0000  -45.000010112.9414   15.5748
    7.5000   30.0000  -45.0000 9591.7617   15.5740
   -7.5000   37.5000  -45.0000 9221.5811   15.5660
    0.0000   37.5000  -45.0000 9655.7061   15.5453
    7.5000   37.5000  -45.0000 9164.4580   15.5394
   -7.5000   45.0000  -45.0000 8485.5684   15.1874
    0.0000   45.0000  -45.0000 8888.4854   15.1690
    7.5000   45.0000  -45.0000 8427.8447   15.1654
   -7.5000  -45.0000  -37.5000 7910.5020   15.6763
    0.0000  -45.0000  -37.5000 8248.5381   15.6524
    7.5000  -45.0000  -37.5000 7860.0117   15.6462
   -7.5000  -37.5000  -37.5000 8529.4258   15.7171
    0.0000  -37.5000  -37.5000 8885.1572   15.6982
    7.5000  -37.5000  -37.5000 8487.9404   15.6999
   -7.5000  -30.0000  -37.5000 9466.7998   15.7406
    0.0000  -30.0000  -37.5000 9850.2734   15.7260
    7.5000  -30.0000  -37.5000 9425.2070   15.7333
   -7.5000  -22.5000  -37.500010269.5840   15.7222
    0.0000  -22.5000  -37.500010703.2910   15.7062
    7.5000  -22.5000  -37.500010209.3711   15.7100
   -7.5000  -15.0000  -37.500010957.2471   15.6864
    0.0000  -15.0000  -37.500011427.4395   15.6654
    7.5000  -15.0000  -37.500010886.6045   15.6617
   -7.5000   -7.5000  -37.500011617.8564   15.6640
    0.0000   -7.5000  -37.500012109.4580   15.6394
    7.5000   -7.5000  -37.500011554.7451   15.6311
   -7.5000    0.0000  -37.500012227.6953   15.6763
    0.0000    0.0000  -37.500012728.6436   15.6524
    7.5000    0.0000  -37.500012162.9805   15.6462
   -7.5000    7.5000  -37.500011929.7939   15.7171
    0.0000    7.5000  -37.500012437.9619   15.6982
    7.5000    7.5000  -37.500011866.4287   15.6999
   -7.5000   15.0000  -37.500011588.3281   15.7406
    0.0000   15.0000  -37.500012097.2568   15.7260
    7.5000   15.0000  -37.500011508.3408   15.7333
   -7.5000   22.5000  -37.500011083.4902   15.7200
    0.0000   22.5000  -37.500011566.1592   15.7040
    7.5000   22.5000  -37.500010992.3281   15.7078
   -7.5000   30.0000  -37.500010195.1748   15.4774
    0.0000   30.0000  -37.500010650.6445   15.4567
    7.5000   30.0000  -37.500010114.9795   15.4530
   -7.5000   37.5000  -37.5000 9727.7109   15.4552
    0.0000   37.5000  -37.500010163.0791   15.4309
    7.5000   37.5000  -37.5000 9652.3408   15.4228
   -7.5000   45.0000  -37.5000 8921.3652   15.0747
    0.0000   45.0000  -37.5000 9345.0938   15.0516
    7.5000   45.0000  -37.5000 8866.3320   15.0457
   -7.5000  -45.0000  -30.0000 8591.7305   16.2554
    0.0000  -45.0000  -30.0000 8944.3252   16.2287
    7.5000  -45.0000  -30.0000 8529.0303   16.2148
   -7.5000  -37.5000  -30.0000 9255.5674   16.2874
    0.0000  -37.5000  -30.0000 9637.9512   16.2647
    7.5000  -37.5000  -30.0000 9221.8018   16.2564
   -7.5000  -30.0000  -30.000010266.3125   16.3135
    0.0000  -30.0000  -30.000010689.6885   16.2947
    7.5000  -30.0000  -30.000010230.0645   16.2903
   -7.5000  -22.5000  -30.000011128.5732   16.3084
    0.0000  -22.5000  -30.000011584.1953   16.2886
    7.5000  -22.5000  -30.000011076.5996   16.2815
   -7.5000  -15.0000  -30.000011886.6777   16.2832
    0.0000  -15.0000  -30.000012372.6641   16.2588
    7.5000  -15.0000  -30.000011815.4336   16.2463
   -7.5000   -7.5000  -30.000012604.6553   16.2562
    0.0000   -7.5000  -30.000013128.2334   16.2289
    7.5000   -7.5000  -30.000012517.0303   16.2134
   -7.5000    0.0000  -30.000013244.4229   16.2554
    0.0000    0.0000  -30.000013785.1494   16.2287
    7.5000    0.0000  -30.000013113.5596   16.2148
   -7.5000    7.5000  -30.000012880.1562   16.2874
    0.0000    7.5000  -30.000013427.5938   16.2647
    7.5000    7.5000  -30.000012781.2188   16.2564
   -7.5000   15.0000  -30.000012476.5322   16.3135
    0.0000   15.0000  -30.000012998.9707   16.2947
    7.5000   15.0000  -30.000012369.6318   16.2903
   -7.5000   22.5000  -30.000011892.1309   16.3045
    0.0000   22.5000  -30.000012392.4551   16.2846
    7.5000   22.5000  -30.000011785.2803   16.2776
   -7.5000   30.0000  -30.000010944.9727   16.0678
    0.0000   30.0000  -30.000011411.4307   16.0437
    7.5000   30.0000  -30.000010859.0732   16.0313
   -7.5000   37.5000  -30.000010417.7939   16.0411
    0.0000   37.5000  -30.000010882.8896   16.0142
    7.5000   37.5000  -30.000010345.8174   15.9988
   -7.5000   45.0000  -30.0000 9556.7646   15.6430
    0.0000   45.0000  -30.0000 9989.9824   15.6173
    7.5000   45.0000  -30.0000 9471.4775   15.6039
   -7.5000  -45.0000  -22.5000 9328.4082   16.8153
    0.0000  -45.0000  -22.5000 9706.6074   16.7906
    7.5000  -45.0000  -22.5000 9254.8525   16.7717
   -7.5000  -37.5000  -22.500010045.6006   16.8473
    0.0000  -37.5000  -22.500010453.9033   16.8271
    7.5000  -37.5000  -22.5000 9975.9346   16.8134
   -7.5000  -30.0000  -22.500011145.6934   16.8813
    0.0000  -30.0000  -22.500011597.9648   16.8640
    7.5000  -30.0000  -22.500011069.1816   16.8535
   -7.5000  -22.5000  -22.500012074.9316   16.8861
    0.0000  -22.5000  -22.500012564.0645   16.8659
    7.5000  -22.5000  -22.500011982.1416   16.8524
   -7.5000  -15.0000  -22.500012875.0088   16.8631
    0.0000  -15.0000  -22.500013420.9551   16.8375
    7.5000  -15.0000  -22.500012778.7412   16.8184
   -7.5000   -7.5000  -22.500013656.7754   16.8262
    0.0000   -7.5000  -22.500014241.1992   16.7989
    7.5000   -7.5000  -22.500013520.3301   16.7775
   -7.5000    0.0000  -22.500014322.3223   16.8153
    0.0000    0.0000  -22.500014941.6367   16.7906
    7.5000    0.0000  -22.500014179.8271   16.7717
   -7.5000    7.5000  -22.500013913.8027   16.8473
    0.0000    7.5000  -22.500014533.2549   16.8271
    7.5000    7.5000  -22.500013806.9795   16.8134
   -7.5000   15.0000  -22.500013440.3330   16.8813
    0.0000   15.0000  -22.500014037.2520   16.8640
    7.5000   15.0000  -22.500013331.7295   16.8535
   -7.5000   22.5000  -22.500012761.6016   16.8809
    0.0000   22.5000  -22.500013312.4092   16.8607
    7.5000   22.5000  -22.500012654.9727   16.8472
   -7.5000   30.0000  -22.500011744.6016   16.6425
    0.0000   30.0000  -22.500012240.0303   16.6172
    7.5000   30.0000  -22.500011662.5576   16.5984
   -7.5000   37.5000  -22.500011181.4863   16.6061
    0.0000   37.5000  -22.500011668.8428   16.5792
    7.5000   37.5000  -22.500011122.8799   16.5581
   -7.5000   45.0000  -22.500010216.3457   16.1940
    0.0000   45.0000  -22.500010673.5547   16.1702
    7.5000   45.0000  -22.500010133.2969   16.1519
   -7.5000  -45.0000  -15.000010027.2803   17.1970
    0.0000  -45.0000  -15.000010474.8340   17.1769
    7.5000  -45.0000  -15.0000 9986.7598   17.1607
   -7.5000  -37.5000  -15.000010787.2998   17.2374
    0.0000  -37.5000  -15.000011268.0752   17.2230
    7.5000  -37.5000  -15.000010744.7363   17.2135
   -7.5000  -30.0000  -15.000011967.6475   17.2767
    0.0000  -30.0000  -15.000012525.4209   17.2643
    7.5000  -30.0000  -15.000011923.2480   17.2586
   -7.5000  -22.5000  -15.000013021.7852   17.2783
    0.0000  -22.5000  -15.000013599.9727   17.2610
    7.5000  -22.5000  -15.000012937.0137   17.2512
   -7.5000  -15.0000  -15.000013881.1914   17.2472
    0.0000  -15.0000  -15.000014537.2627   17.2236
    7.5000  -15.0000  -15.000013768.4717   17.2066
   -7.5000   -7.5000  -15.000014713.7871   17.2051
    0.0000   -7.5000  -15.000015424.6885   17.1805
    7.5000   -7.5000  -15.000014548.7275   17.1610
   -7.5000    0.0000  -15.000015403.8857   17.1970
    0.0000    0.0000  -15.000016166.4639   17.1769
    7.5000    0.0000  -15.000015296.4355   17.1607
   -7.5000    7.5000  -15.000014958.2529   17.2374
    0.0000    7.5000  -15.000015696.1514   17.2230
    7.5000    7.5000  -15.000014897.2227   17.2135
   -7.5000   15.0000  -15.000014396.0527   17.2767
    0.0000   15.0000  -15.000015068.5469   17.2643
    7.5000   15.0000  -15.000014338.3223   17.2586
   -7.5000   22.5000  -15.000013635.7568   17.2722
    0.0000   22.5000  -15.000014237.0811   17.2549
    7.5000   22.5000  -15.000013547.3164   17.2451
   -7.5000   30.0000  -15.000012551.9902   17.0240
    0.0000   30.0000  -15.000013116.6143   17.0007
    7.5000   30.0000  -15.000012500.2646   16.9839
   -7.5000   37.5000  -15.000011957.6895   16.9825
    0.0000   37.5000  -15.000012494.1680   16.9582
    7.5000   37.5000  -15.000011909.6396   16.9389
   -7.5000   45.0000  -15.000010872.8086   16.5715
    0.0000   45.0000  -15.000011385.2646   16.5522
    7.5000   45.0000  -15.000010820.9541   16.5365
   -7.5000  -45.0000   -7.500010713.9717   17.3707
    0.0000  -45.0000   -7.500011230.7510   17.3526
    7.5000  -45.0000   -7.500010693.2910   17.3445
   -7.5000  -37.5000   -7.500011521.0693   17.4235
    0.0000  -37.5000   -7.500012084.5225   17.4123
    7.5000  -37.5000   -7.500011491.6104   17.4128
   -7.5000  -30.0000   -7.500012785.8135   17.4601
    0.0000  -30.0000   -7.500013438.5215   17.4515
    7.5000  -30.0000   -7.500012752.3184   17.4575
   -7.5000  -22.5000   -7.500014006.2412   17.4440
    0.0000  -22.5000   -7.500014719.8477   17.4304
    7.5000  -22.5000   -7.500013930.3721   17.4321
   -7.5000  -15.0000   -7.500014968.1846   17.3988
    0.0000  -15.0000   -7.500015760.1035   17.3784
    7.5000  -15.0000   -7.500014811.8535   17.3713
   -7.5000   -7.5000   -7.500015795.1182   17.3619
    0.0000   -7.5000   -7.500016675.9902   17.3397
    7.5000   -7.5000   -7.500015646.0713   17.3283
   -7.5000    0.0000   -7.500016485.4102   17.3707
    0.0000    0.0000   -7.500017381.1836   17.3526
    7.5000    0.0000   -7.500016452.2773   17.3445
   -7.5000    7.5000   -7.500016004.3574   17.4235
    0.0000    7.5000   -7.500016834.9590   17.4123
    7.5000    7.5000   -7.500015988.6172   17.4128
   -7.5000   15.0000   -7.500015385.4932   17.4601
    0.0000   15.0000   -7.500016166.7500   17.4515
    7.5000   15.0000   -7.500015374.4814   17.4575
   -7.5000   22.5000   -7.500014530.6748   17.4360
    0.0000   22.5000   -7.500015194.8379   17.4224
    7.5000   22.5000   -7.500014468.8574   17.4241
   -7.5000   30.0000   -7.500013401.9355   17.1732
    0.0000   30.0000   -7.500014031.4395   17.1530
    7.5000   30.0000   -7.500013368.2012   17.1460
   -7.5000   37.5000   -7.500012789.6299   17.1367
    0.0000   37.5000   -7.500013406.6357   17.1148
    7.5000   37.5000   -7.500012747.7314   17.1036
   -7.5000   45.0000   -7.500011645.4932   16.7421
    0.0000   45.0000   -7.500012237.9053   16.7247
    7.5000   45.0000   -7.500011595.2139   16.7168
   -7.5000  -45.0000    0.000011338.3467   17.4024
    0.0000  -45.0000    0.000011916.1553   17.3811
    7.5000  -45.0000    0.000011328.9541   17.3773
   -7.5000  -37.5000    0.000012164.1221   17.4581
    0.0000  -37.5000    0.000012800.8330   17.4439
    7.5000  -37.5000    0.000012128.9707   17.4502
   -7.5000  -30.0000    0.000013487.9316   17.4884
    0.0000  -30.0000    0.000014219.0615   17.4785
    7.5000  -30.0000    0.000013436.8887   17.4918
   -7.5000  -22.5000    0.000014808.7061   17.4613
    0.0000  -22.5000    0.000015623.3262   17.4477
    7.5000  -22.5000    0.000014706.6514   17.4566
   -7.5000  -15.0000    0.000015971.2266   17.4112
    0.0000  -15.0000    0.000016939.5000   17.3909
    7.5000  -15.0000    0.000015720.5234   17.3899
   -7.5000   -7.5000    0.000016823.6152   17.3825
    0.0000   -7.5000    0.000017890.8535   17.3587
    7.5000   -7.5000    0.000016644.9668   17.3521
   -7.5000    0.0000    0.000017475.9180   17.4024
    0.0000    0.0000    0.000018491.0020   17.3811
    7.5000    0.0000    0.000017474.0645   17.3773
   -7.5000    7.5000    0.000016888.2578   17.4581
    0.0000    7.5000    0.000017839.9473   17.4439
    7.5000    7.5000    0.000016983.1699   17.4502
   -7.5000   15.0000    0.000016290.6895   17.4884
    0.0000   15.0000    0.000017156.8926   17.4785
    7.5000   15.0000    0.000016315.6992   17.4918
   -7.5000   22.5000    0.000015362.1680   17.4532
    0.0000   22.5000    0.000016132.9424   17.4396
    7.5000   22.5000    0.000015283.8057   17.4485
   -7.5000   30.0000    0.000014214.4014   17.1859
    0.0000   30.0000    0.000014926.1309   17.1658
    7.5000   30.0000    0.000014122.0029   17.1648
   -7.5000   37.5000    0.000013609.6309   17.1576
    0.0000   37.5000    0.000014292.3262   17.1341
    7.5000   37.5000    0.000013486.7197   17.1275
   -7.5000   45.0000    0.000012418.3096   16.7739
    0.0000   45.0000    0.000013050.6084   16.7534
    7.5000   45.0000    0.000012300.2451   16.7497
   -7.5000  -45.0000    7.500011069.4482   17.4289
    0.0000  -45.0000    7.500011648.0488   17.4023
    7.5000  -45.0000    7.500011076.7480   17.3950
   -7.5000  -37.5000    7.500011849.6006   17.4739
    0.0000  -37.5000    7.500012505.1758   17.4530
    7.5000  -37.5000    7.500011854.1396   17.4545
   -7.5000  -30.0000    7.500013078.6826   17.5002
    0.0000  -30.0000    7.500013806.8633   17.4841
    7.5000  -30.0000    7.500013106.1143   17.4917
   -7.5000  -22.5000    7.500014315.9736   17.4802
    0.0000  -22.5000    7.500015132.8750   17.4624
    7.5000  -22.5000    7.500014280.1221   17.4660
   -7.5000  -15.0000    7.500015613.3018   17.4408
    0.0000  -15.0000    7.500016687.1699   17.4175
    7.5000  -15.0000    7.500015375.8008   17.4126
   -7.5000   -7.5000    7.500016708.0078   17.4157
    0.0000   -7.5000    7.500017899.4121   17.3884
    7.5000   -7.5000    7.500016472.7852   17.3786
   -7.5000    0.0000    7.500017371.9395   17.4289
    0.0000    0.0000    7.500018522.4180   17.4023
    7.5000    0.0000    7.500017345.6973   17.3950
   -7.5000    7.5000    7.500016719.7422   17.4739
    0.0000    7.5000    7.500017769.8984   17.4530
    7.5000    7.5000    7.500016789.5117   17.4545
   -7.5000   15.0000    7.500016087.0732   17.5002
    0.0000   15.0000    7.500016999.9688   17.4841
    7.5000   15.0000    7.500016053.1367   17.4917
   -7.5000   22.5000    7.500015059.7598   17.4721
    0.0000   22.5000    7.500015868.9902   17.4543
    7.5000   22.5000    7.500014943.8271   17.4580
   -7.5000   30.0000    7.500013928.4463   17.2151
    0.0000   30.0000    7.500014664.9707   17.1920
    7.5000   30.0000    7.500013780.9131   17.1872
   -7.5000   37.5000    7.500013326.4814   17.1903
    0.0000   37.5000    7.500013996.3623   17.1633
    7.5000   37.5000    7.500013145.4365   17.1537
   -7.5000   45.0000    7.500012171.0908   16.7995
    0.0000   45.0000    7.500012772.0537   16.7738
    7.5000   45.0000    7.500011993.3418   16.7668
   -7.5000  -45.0000   15.000010721.1201   17.4551
    0.0000  -45.0000   15.000011257.4795   17.4265
    7.5000  -45.0000   15.000010733.3066   17.4114
   -7.5000  -37.5000   15.000011470.7295   17.4895
    0.0000  -37.5000   15.000012067.3594   17.4651
    7.5000  -37.5000   15.000011495.6758   17.4562
   -7.5000  -30.0000   15.000012625.8613   17.5174
    0.0000  -30.0000   15.000013286.7695   17.4973
    7.5000  -30.0000   15.000012669.1768   17.4926
   -7.5000  -22.5000   15.000013778.3994   17.5121
    0.0000  -22.5000   15.000014587.3477   17.4907
    7.5000  -22.5000   15.000013777.2090   17.4831
   -7.5000  -15.0000   15.000015040.8398   17.4850
    0.0000  -15.0000   15.000016173.6318   17.4588
    7.5000  -15.0000   15.000014918.8506   17.4453
   -7.5000   -7.5000   15.000016245.1777   17.4559
    0.0000   -7.5000   15.000017444.5723   17.4267
    7.5000   -7.5000   15.000016045.1475   17.4100
   -7.5000    0.0000   15.000017088.7344   17.4551
    0.0000    0.0000   15.000018289.0039   17.4265
    7.5000    0.0000   15.000016929.9902   17.4114
   -7.5000    7.5000   15.000016482.8789   17.4895
    0.0000    7.5000   15.000017555.0938   17.4651
    7.5000    7.5000   15.000016306.1514   17.4562
   -7.5000   15.0000   15.000015712.2705   17.5174
    0.0000   15.0000   15.000016622.2930   17.4973
    7.5000   15.0000   15.000015521.9580   17.4926
   -7.5000   22.5000   15.000014561.1045   17.5040
    0.0000   22.5000   15.000015316.9150   17.4827
    7.5000   22.5000   15.000014384.0723   17.4750
   -7.5000   30.0000   15.000013432.1602   17.2587
    0.0000   30.0000   15.000014073.0635   17.2329
    7.5000   30.0000   15.000013252.9404   17.2195
   -7.5000   37.5000   15.000012827.7695   17.2300
    0.0000   37.5000   15.000013414.7334   17.2011
    7.5000   37.5000   15.000012650.9170   17.1846
   -7.5000   45.0000   15.000011714.3750   16.8247
    0.0000   45.0000   15.000012246.4346   16.7971
    7.5000   45.0000   15.000011541.4209   16.7826
   -7.5000  -45.0000   22.500010249.4727   17.4560
    0.0000  -45.0000   22.500010739.9141   17.4304
    7.5000  -45.0000   22.500010233.4316   17.4108
   -7.5000  -37.5000   22.500010952.7402   17.4893
    0.0000  -37.5000   22.500011472.8066   17.4683
    7.5000  -37.5000   22.500010935.8047   17.4541
   -7.5000  -30.0000   22.500012059.3613   17.5246
    0.0000  -30.0000   22.500012636.3184   17.5066
    7.5000  -30.0000   22.500012060.5049   17.4957
   -7.5000  -22.5000   22.500013201.8896   17.5296
    0.0000  -22.5000   22.500013933.2969   17.5087
    7.5000  -22.5000   22.500013169.6582   17.4946
   -7.5000  -15.0000   22.500014324.8887   17.5057
    0.0000  -15.0000   22.500015212.4863   17.4791
    7.5000  -15.0000   22.500014255.1865   17.4593
   -7.5000   -7.5000   22.500015218.4668   17.4674
    0.0000   -7.5000   22.500016004.7793   17.4391
    7.5000   -7.5000   22.500015156.5176   17.4169
   -7.5000    0.0000   22.500015914.2754   17.4560
    0.0000    0.0000   22.500016727.9121   17.4304
    7.5000    0.0000   22.500015896.9512   17.4108
   -7.5000    7.5000   22.500015469.4111   17.4893
    0.0000    7.5000   22.500016284.1436   17.4683
    7.5000    7.5000   22.500015430.5654   17.4541
   -7.5000   15.0000   22.500014827.4404   17.5246
    0.0000   15.0000   22.500015579.9219   17.5066
    7.5000   15.0000   22.500014767.5381   17.4957
   -7.5000   22.5000   22.500013804.4521   17.5216
    0.0000   22.5000   22.500014428.3193   17.5006
    7.5000   22.5000   22.500013678.8818   17.4865
   -7.5000   30.0000   22.500012762.5303   17.2791
    0.0000   30.0000   22.500013317.6885   17.2529
    7.5000   30.0000   22.500012610.7842   17.2333
   -7.5000   37.5000   22.500012208.7549   17.2413
    0.0000   37.5000   22.500012747.6562   17.2134
    7.5000   37.5000   22.500012019.8096   17.1915
   -7.5000   45.0000   22.500011116.2314   16.8256
    0.0000   45.0000   22.500011612.9521   16.8009
    7.5000   45.0000   22.500010961.0859   16.7820
   -7.5000  -45.0000   30.0000 9622.7490   17.4545
    0.0000  -45.0000   30.000010054.8525   17.4341
    7.5000  -45.0000   30.0000 9580.7656   17.4179
   -7.5000  -37.5000   30.000010265.1523   17.4956
    0.0000  -37.5000   30.000010714.9355   17.4811
    7.5000  -37.5000   30.000010240.9473   17.4716
   -7.5000  -30.0000   30.000011334.5693   17.5356
    0.0000  -30.0000   30.000011813.0205   17.5230
    7.5000  -30.0000   30.000011305.6240   17.5173
   -7.5000  -22.5000   30.000012389.5146   17.5372
    0.0000  -22.5000   30.000012984.9346   17.5195
    7.5000  -22.5000   30.000012361.7920   17.5097
   -7.5000  -15.0000   30.000013270.2031   17.5055
    0.0000  -15.0000   30.000013881.9033   17.4815
    7.5000  -15.0000   30.000013252.7217   17.4644
   -7.5000   -7.5000   30.000013993.9502   17.4628
    0.0000   -7.5000   30.000014509.3379   17.4378
    7.5000   -7.5000   30.000013975.3086   17.4181
   -7.5000    0.0000   30.000014652.3896   17.4545
    0.0000    0.0000   30.000015260.7217   17.4341
    7.5000    0.0000   30.000014668.2529   17.4179
   -7.5000    7.5000   30.000014277.1797   17.4956
    0.0000    7.5000   30.000014956.8330   17.4811
    7.5000    7.5000   30.000014313.3350   17.4716
   -7.5000   15.0000   30.000013767.3105   17.5356
    0.0000   15.0000   30.000014411.8516   17.5230
    7.5000   15.0000   30.000013797.8711   17.5173
   -7.5000   22.5000   30.000012839.8809   17.5291
    0.0000   22.5000   30.000013391.8877   17.5115
    7.5000   22.5000   30.000012802.8057   17.5017
   -7.5000   30.0000   30.000011885.3574   17.2790
    0.0000   30.0000   30.000012397.5439   17.2553
    7.5000   30.0000   30.000011824.3770   17.2384
   -7.5000   37.5000   30.000011373.7051   17.2368
    0.0000   37.5000   30.000011862.4922   17.2121
    7.5000   37.5000   30.000011253.7588   17.1927
   -7.5000   45.0000   30.000010338.3818   16.8241
    0.0000   45.0000   30.000010778.9297   16.8045
    7.5000   45.0000   30.000010230.2197   16.7888
   -7.5000  -45.0000   37.5000 9300.8330   17.5983
    0.0000  -45.0000   37.5000 9651.7803   17.5799
    7.5000  -45.0000   37.5000 9251.8750   17.5713
   -7.5000  -37.5000   37.5000 9942.5068   17.6527
    0.0000  -37.5000   37.500010315.9873   17.6413
    7.5000  -37.5000   37.5000 9898.6904   17.6415
   -7.5000  -30.0000   37.500010977.5146   17.6907
    0.0000  -30.0000   37.500011406.6396   17.6821
    7.5000  -30.0000   37.500010950.1133   17.6880
   -7.5000  -22.5000   37.500011949.3770   17.6744
    0.0000  -22.5000   37.500012470.8203   17.6607
    7.5000  -22.5000   37.500011944.8848   17.6623
   -7.5000  -15.0000   37.500012713.5498   17.6278
    0.0000  -15.0000   37.500013207.2910   17.6071
    7.5000  -15.0000   37.500012693.3740   17.5997
   -7.5000   -7.5000   37.500013393.5283   17.5895
    0.0000   -7.5000   37.500013863.7148   17.5669
    7.5000   -7.5000   37.500013383.0518   17.5551
   -7.5000    0.0000   37.500014082.2441   17.5983
    0.0000    0.0000   37.500014645.1846   17.5799
    7.5000    0.0000   37.500014065.3584   17.5713
   -7.5000    7.5000   37.500013743.9014   17.6527
    0.0000    7.5000   37.500014336.2451   17.6413
    7.5000    7.5000   37.500013707.1455   17.6415
   -7.5000   15.0000   37.500013250.8848   17.6907
    0.0000   15.0000   37.500013819.1680   17.6821
    7.5000   15.0000   37.500013239.0078   17.6880
   -7.5000   22.5000   37.500012321.5518   17.6663
    0.0000   22.5000   37.500012853.7627   17.6525
    7.5000   22.5000   37.500012301.6123   17.6542
   -7.5000   30.0000   37.500011401.6270   17.3996
    0.0000   30.0000   37.500011924.3066   17.3792
    7.5000   30.0000   37.500011373.4580   17.3720
   -7.5000   37.5000   37.500010891.7295   17.3618
    0.0000   37.5000   37.500011385.6357   17.3395
    7.5000   37.5000   37.500010833.4961   17.3279
   -7.5000   45.0000   37.5000 9871.5762   16.9627
    0.0000   45.0000   37.500010295.6475   16.9450
    7.5000   45.0000   37.5000 9817.7422   16.9367
   -7.5000  -45.0000   45.0000 8557.2607   17.7728
    0.0000  -45.0000   45.0000 8892.2744   17.7503
    7.5000  -45.0000   45.0000 8524.4160   17.7468
   -7.5000  -37.5000   45.0000 9158.6162   17.8309
    0.0000  -37.5000   45.0000 9516.9580   17.8155
    7.5000  -37.5000   45.0000 9123.0820   17.8223
   -7.5000  -30.0000   45.000010113.4033   17.8635
    0.0000  -30.0000   45.000010526.9873   17.8524
    7.5000  -30.0000   45.000010088.3896   17.8660
   -7.5000  -22.5000   45.000010958.6934   17.8364
    0.0000  -22.5000   45.000011428.6494   17.8214
    7.5000  -22.5000   45.000010942.5850   17.8304
   -7.5000  -15.0000   45.000011614.8838   17.7844
    0.0000  -15.0000   45.000012063.6582   17.7626
    7.5000  -15.0000   45.000011587.3770   17.7616
   -7.5000   -7.5000   45.000012256.3799   17.7533
    0.0000   -7.5000   45.000012725.5039   17.7282
    7.5000   -7.5000   45.000012223.5850   17.7216
   -7.5000    0.0000   45.000012899.8281   17.7728
    0.0000    0.0000   45.000013415.9033   17.7503
    7.5000    0.0000   45.000012865.5869   17.7468
   -7.5000    7.5000   45.000012589.7588   17.8309
    0.0000    7.5000   45.000013117.5078   17.8155
    7.5000    7.5000   45.000012546.6768   17.8223
   -7.5000   15.0000   45.000012170.6699   17.8635
    0.0000   15.0000   45.000012682.8652   17.8524
    7.5000   15.0000   45.000012134.3594   17.8660
   -7.5000   22.5000   45.000011299.2930   17.8281
    0.0000   22.5000   45.000011783.5557   17.8132
    7.5000   22.5000   45.000011249.4668   17.8221
   -7.5000   30.0000   45.000010426.7051   17.5527
    0.0000   30.0000   45.000010885.9316   17.5312
    7.5000   30.0000   45.000010386.1846   17.5302
   -7.5000   37.5000   45.0000 9935.6836   17.5220
    0.0000   37.5000   45.000010392.3447   17.4973
    7.5000   37.5000   45.0000 9898.7295   17.4907
   -7.5000   45.0000   45.0000 8999.7139   17.1387
    0.0000   45.0000   45.0000 9390.9199   17.1170
    7.5000   45.0000   45.0000 8965.8477   17.1136

---------------------------------------------------------------------
imgreg_4dfp /opt/freesurfer/average/711-2C_as_mni_average_305 /opt/freesurfer/average/711-2B_as_mni_average_305_mask talsrcimg_g11 none talsrcimg_to_711-2C_as_mni_average_305_t4 4355
---------------------------------------------------------------------

freesurfer imgreg_4dfp.c
/opt/freesurfer/average/711-2C_as_mni_average_305.4dfp.img
       256       256       256         1
  1.000000  1.000000  1.000000
orientation T byte_order littleendian
Reading image: /opt/freesurfer/average/711-2C_as_mni_average_305.4dfp.img
dimensions:      256       256       256
mmppix:       1.0000   -1.0000   -1.0000
center:     128.0000 -129.0000 -129.0000
/opt/freesurfer/average/711-2B_as_mni_average_305_mask.4dfp.img
       256       256       256         1
  1.000000  1.000000  1.000000
orientation T byte_order littleendian
Reading mask: /opt/freesurfer/average/711-2B_as_mni_average_305_mask.4dfp.img (2306576 pixels)
talsrcimg_g11.4dfp.img
       256       256       256         1
  1.000000  1.000000  1.000000
orientation T byte_order littleendian
Reading image: talsrcimg_g11.4dfp.img
dimensions:      256       256       256
mmppix:       1.0000   -1.0000   -1.0000
center:     128.0000 -129.0000 -129.0000
rotation matrix determinant  1.000000
image alignment mode   4355 decimal     1103 hex
   -7.5000  -45.0000  -37.5000 2145.3169   19.5470
    0.0000  -45.0000  -37.5000 2148.1101   19.6155
    7.5000  -45.0000  -37.5000 2128.4688   19.7259
   -7.5000  -37.5000  -37.5000 2247.4404   17.7682
    0.0000  -37.5000  -37.5000 2251.9644   17.8155
    7.5000  -37.5000  -37.5000 2233.1702   17.9391
   -7.5000  -30.0000  -37.5000 2336.9954   16.3732
    0.0000  -30.0000  -37.5000 2339.3025   16.3769
    7.5000  -30.0000  -37.5000 2323.3235   16.4809
   -7.5000  -22.5000  -37.5000 2397.1934   15.3383
    0.0000  -22.5000  -37.5000 2406.2598   15.3189
    7.5000  -22.5000  -37.5000 2380.3008   15.4502
   -7.5000  -15.0000  -37.5000 2434.5498   14.6319
    0.0000  -15.0000  -37.5000 2444.6741   14.5995
    7.5000  -15.0000  -37.5000 2416.5576   14.7713
   -7.5000   -7.5000  -37.5000 2454.9875   14.3842
    0.0000   -7.5000  -37.5000 2456.6675   14.3706
    7.5000   -7.5000  -37.5000 2437.0957   14.5469
   -7.5000    0.0000  -37.5000 2448.7039   14.4682
    0.0000    0.0000  -37.5000 2452.8970   14.4361
    7.5000    0.0000  -37.5000 2433.4387   14.6116
   -7.5000    7.5000  -37.5000 2427.9902   14.7653
    0.0000    7.5000  -37.5000 2439.3057   14.7563
    7.5000    7.5000  -37.5000 2413.8687   14.9265
   -7.5000   15.0000  -37.5000 2390.2095   15.3573
    0.0000   15.0000  -37.5000 2399.4592   15.3507
    7.5000   15.0000  -37.5000 2373.3208   15.5429
   -7.5000   22.5000  -37.5000 2322.6016   16.2759
    0.0000   22.5000  -37.5000 2329.5740   16.2903
    7.5000   22.5000  -37.5000 2305.0400   16.4575
   -7.5000   30.0000  -37.5000 2232.5449   17.4914
    0.0000   30.0000  -37.5000 2241.1748   17.4740
    7.5000   30.0000  -37.5000 2216.1816   17.6607
   -7.5000   37.5000  -37.5000 2131.6941   19.0355
    0.0000   37.5000  -37.5000 2134.1228   19.0513
    7.5000   37.5000  -37.5000 2108.2764   19.1993
   -7.5000   45.0000  -37.5000 2000.9984   21.0433
    0.0000   45.0000  -37.5000 2007.2487   21.0202
    7.5000   45.0000  -37.5000 1987.1899   21.2165
   -7.5000  -45.0000  -30.0000 2268.5110   18.8308
    0.0000  -45.0000  -30.0000 2270.8247   18.8369
    7.5000  -45.0000  -30.0000 2245.1880   19.0032
   -7.5000  -37.5000  -30.0000 2377.6355   17.1346
    0.0000  -37.5000  -30.0000 2382.7847   17.1037
    7.5000  -37.5000  -30.0000 2359.3921   17.2374
   -7.5000  -30.0000  -30.0000 2469.4451   15.7405
    0.0000  -30.0000  -30.0000 2473.4849   15.6834
    7.5000  -30.0000  -30.0000 2451.9067   15.8251
   -7.5000  -22.5000  -30.0000 2533.2664   14.6867
    0.0000  -22.5000  -30.0000 2539.8440   14.6294
    7.5000  -22.5000  -30.0000 2518.6912   14.7793
   -7.5000  -15.0000  -30.0000 2587.4104   14.0104
    0.0000  -15.0000  -30.0000 2591.3523   13.9471
    7.5000  -15.0000  -30.0000 2566.2327   14.1200
   -7.5000   -7.5000  -30.0000 2615.4624   13.7409
    0.0000   -7.5000  -30.0000 2613.8579   13.7019
    7.5000   -7.5000  -30.0000 2593.4819   13.8683
   -7.5000    0.0000  -30.0000 2616.6726   13.8082
    0.0000    0.0000  -30.0000 2611.3069   13.7334
    7.5000    0.0000  -30.0000 2591.9116   13.8957
   -7.5000    7.5000  -30.0000 2589.2981   14.0896
    0.0000    7.5000  -30.0000 2591.0017   14.0382
    7.5000    7.5000  -30.0000 2565.2393   14.1822
   -7.5000   15.0000  -30.0000 2539.9019   14.6590
    0.0000   15.0000  -30.0000 2542.1265   14.5992
    7.5000   15.0000  -30.0000 2517.4880   14.7870
   -7.5000   22.5000  -30.0000 2464.0015   15.5345
    0.0000   22.5000  -30.0000 2467.6521   15.5095
    7.5000   22.5000  -30.0000 2443.6396   15.6803
   -7.5000   30.0000  -30.0000 2368.6921   16.6872
    0.0000   30.0000  -30.0000 2374.8091   16.6718
    7.5000   30.0000  -30.0000 2349.2380   16.8716
   -7.5000   37.5000  -30.0000 2259.9192   18.1570
    0.0000   37.5000  -30.0000 2269.3105   18.1491
    7.5000   37.5000  -30.0000 2238.1643   18.3381
   -7.5000   45.0000  -30.0000 2125.6567   20.0717
    0.0000   45.0000  -30.0000 2134.1038   20.0222
    7.5000   45.0000  -30.0000 2103.1606   20.2007
   -7.5000  -45.0000  -22.5000 2360.1609   17.9946
    0.0000  -45.0000  -22.5000 2360.9490   17.9463
    7.5000  -45.0000  -22.5000 2339.3826   18.1401
   -7.5000  -37.5000  -22.5000 2474.7070   16.3217
    0.0000  -37.5000  -22.5000 2476.6265   16.2325
    7.5000  -37.5000  -22.5000 2452.7202   16.3948
   -7.5000  -30.0000  -22.5000 2570.4514   15.0347
    0.0000  -30.0000  -22.5000 2575.0720   14.9514
    7.5000  -30.0000  -22.5000 2551.1177   15.0683
   -7.5000  -22.5000  -22.5000 2635.3064   14.0123
    0.0000  -22.5000  -22.5000 2642.3645   13.9209
    7.5000  -22.5000  -22.5000 2620.0652   14.0371
   -7.5000  -15.0000  -22.5000 2699.3206   13.2940
    0.0000  -15.0000  -22.5000 2704.2720   13.2294
    7.5000  -15.0000  -22.5000 2682.4934   13.3606
   -7.5000   -7.5000  -22.5000 2740.6179   12.9633
    0.0000   -7.5000  -22.5000 2742.5271   12.9137
    7.5000   -7.5000  -22.5000 2718.3357   13.0547
   -7.5000    0.0000  -22.5000 2748.5930   12.9724
    0.0000    0.0000  -22.5000 2744.4932   12.9082
    7.5000    0.0000  -22.5000 2722.1038   13.0441
   -7.5000    7.5000  -22.5000 2719.8799   13.2799
    0.0000    7.5000  -22.5000 2723.9199   13.2153
    7.5000    7.5000  -22.5000 2695.9238   13.3576
   -7.5000   15.0000  -22.5000 2667.1626   13.8537
    0.0000   15.0000  -22.5000 2669.8606   13.7753
    7.5000   15.0000  -22.5000 2645.8088   13.9475
   -7.5000   22.5000  -22.5000 2582.0596   14.6980
    0.0000   22.5000  -22.5000 2585.7153   14.6238
    7.5000   22.5000  -22.5000 2563.8486   14.8150
   -7.5000   30.0000  -22.5000 2477.2605   15.7998
    0.0000   30.0000  -22.5000 2483.8789   15.7269
    7.5000   30.0000  -22.5000 2463.6802   15.9400
   -7.5000   37.5000  -22.5000 2366.7639   17.1832
    0.0000   37.5000  -22.5000 2373.8896   17.1061
    7.5000   37.5000  -22.5000 2351.0220   17.3479
   -7.5000   45.0000  -22.5000 2223.7893   18.9664
    0.0000   45.0000  -22.5000 2233.6860   18.9020
    7.5000   45.0000  -22.5000 2204.7026   19.1228
   -7.5000  -45.0000  -15.0000 2411.7485   17.1913
    0.0000  -45.0000  -15.0000 2418.0825   17.1535
    7.5000  -45.0000  -15.0000 2399.5786   17.2956
   -7.5000  -37.5000  -15.0000 2526.0508   15.5627
    0.0000  -37.5000  -15.0000 2530.2708   15.4985
    7.5000  -37.5000  -15.0000 2514.1174   15.6562
   -7.5000  -30.0000  -15.0000 2625.5957   14.2877
    0.0000  -30.0000  -15.0000 2636.2322   14.2196
    7.5000  -30.0000  -15.0000 2615.4336   14.3471
   -7.5000  -22.5000  -15.0000 2707.7922   13.3186
    0.0000  -22.5000  -15.0000 2718.7170   13.2362
    7.5000  -22.5000  -15.0000 2701.1470   13.3594
   -7.5000  -15.0000  -15.0000 2774.8059   12.5990
    0.0000  -15.0000  -15.0000 2786.0435   12.5208
    7.5000  -15.0000  -15.0000 2763.2761   12.6342
   -7.5000   -7.5000  -15.0000 2825.9294   12.2053
    0.0000   -7.5000  -15.0000 2838.3999   12.1461
    7.5000   -7.5000  -15.0000 2806.9121   12.2596
   -7.5000    0.0000  -15.0000 2840.5491   12.1331
    0.0000    0.0000  -15.0000 2844.7947   12.0824
    7.5000    0.0000  -15.0000 2820.0469   12.2394
   -7.5000    7.5000  -15.0000 2816.6587   12.4630
    0.0000    7.5000  -15.0000 2825.6067   12.3958
    7.5000    7.5000  -15.0000 2801.4919   12.5654
   -7.5000   15.0000  -15.0000 2758.9546   13.0409
    0.0000   15.0000  -15.0000 2765.0872   12.9467
    7.5000   15.0000  -15.0000 2747.0925   13.1450
   -7.5000   22.5000  -15.0000 2671.8062   13.8528
    0.0000   22.5000  -15.0000 2673.3533   13.7604
    7.5000   22.5000  -15.0000 2660.4868   13.9675
   -7.5000   30.0000  -15.0000 2560.6907   14.9192
    0.0000   30.0000  -15.0000 2565.2534   14.8181
    7.5000   30.0000  -15.0000 2549.2349   15.0320
   -7.5000   37.5000  -15.0000 2442.1125   16.2588
    0.0000   37.5000  -15.0000 2449.8960   16.1315
    7.5000   37.5000  -15.0000 2428.9265   16.3821
   -7.5000   45.0000  -15.0000 2291.5066   17.9771
    0.0000   45.0000  -15.0000 2301.0271   17.8664
    7.5000   45.0000  -15.0000 2278.8257   18.1293
   -7.5000  -45.0000   -7.5000 2439.4971   16.4389
    0.0000  -45.0000   -7.5000 2443.3125   16.4822
    7.5000  -45.0000   -7.5000 2427.4131   16.5874
   -7.5000  -37.5000   -7.5000 2553.3145   14.8671
    0.0000  -37.5000   -7.5000 2556.9365   14.8645
    7.5000  -37.5000   -7.5000 2543.5696   14.9881
   -7.5000  -30.0000   -7.5000 2663.5479   13.6227
    0.0000  -30.0000   -7.5000 2672.8462   13.5845
    7.5000  -30.0000   -7.5000 2653.7649   13.7219
   -7.5000  -22.5000   -7.5000 2762.8933   12.6674
    0.0000  -22.5000   -7.5000 2776.6853   12.5944
    7.5000  -22.5000   -7.5000 2756.7441   12.7180
   -7.5000  -15.0000   -7.5000 2839.5513   11.9752
    0.0000  -15.0000   -7.5000 2855.6978   11.8987
    7.5000  -15.0000   -7.5000 2829.0928   11.9940
   -7.5000   -7.5000   -7.5000 2892.4146   11.5289
    0.0000   -7.5000   -7.5000 2911.9897   11.4620
    7.5000   -7.5000   -7.5000 2874.7368   11.5982
   -7.5000    0.0000   -7.5000 2910.4070   11.4198
    0.0000    0.0000   -7.5000 2919.5554   11.3525
    7.5000    0.0000   -7.5000 2898.0146   11.5752
   -7.5000    7.5000   -7.5000 2889.9705   11.7087
    0.0000    7.5000   -7.5000 2897.6401   11.6230
    7.5000    7.5000   -7.5000 2878.5505   11.8682
   -7.5000   15.0000   -7.5000 2826.1187   12.2689
    0.0000   15.0000   -7.5000 2836.4956   12.1715
    7.5000   15.0000   -7.5000 2818.4751   12.4260
   -7.5000   22.5000   -7.5000 2733.2869   13.0903
    0.0000   22.5000   -7.5000 2738.3535   12.9857
    7.5000   22.5000   -7.5000 2722.1689   13.2451
   -7.5000   30.0000   -7.5000 2618.8611   14.1311
    0.0000   30.0000   -7.5000 2621.6650   14.0089
    7.5000   30.0000   -7.5000 2606.0725   14.2912
   -7.5000   37.5000   -7.5000 2495.1238   15.4379
    0.0000   37.5000   -7.5000 2502.2063   15.3051
    7.5000   37.5000   -7.5000 2479.5212   15.5955
   -7.5000   45.0000   -7.5000 2344.5496   17.1103
    0.0000   45.0000   -7.5000 2354.3733   17.0093
    7.5000   45.0000   -7.5000 2328.4607   17.3048
   -7.5000  -45.0000    0.0000 2449.0554   16.0366
    0.0000  -45.0000    0.0000 2458.8013   16.0358
    7.5000  -45.0000    0.0000 2443.5552   16.1808
   -7.5000  -37.5000    0.0000 2563.5083   14.4600
    0.0000  -37.5000    0.0000 2573.2415   14.4337
    7.5000  -37.5000    0.0000 2556.3718   14.5637
   -7.5000  -30.0000    0.0000 2681.7349   13.1986
    0.0000  -30.0000    0.0000 2692.6667   13.1535
    7.5000  -30.0000    0.0000 2673.8171   13.2630
   -7.5000  -22.5000    0.0000 2794.4978   12.2070
    0.0000  -22.5000    0.0000 2808.7925   12.1510
    7.5000  -22.5000    0.0000 2789.1187   12.2557
   -7.5000  -15.0000    0.0000 2889.5195   11.5858
    0.0000  -15.0000    0.0000 2907.3467   11.4873
    7.5000  -15.0000    0.0000 2876.4695   11.5652
   -7.5000   -7.5000    0.0000 2944.8486   11.1256
    0.0000   -7.5000    0.0000 2971.6016   11.0395
    7.5000   -7.5000    0.0000 2926.9551   11.1729
   -7.5000    0.0000    0.0000 2963.7639   10.9423
    0.0000    0.0000    0.0000 2978.5063   10.8745
    7.5000    0.0000    0.0000 2948.3176   11.1409
   -7.5000    7.5000    0.0000 2933.5327   11.1910
    0.0000    7.5000    0.0000 2946.2642   11.0958
    7.5000    7.5000    0.0000 2925.9956   11.4223
   -7.5000   15.0000    0.0000 2870.4016   11.7337
    0.0000   15.0000    0.0000 2878.7981   11.6251
    7.5000   15.0000    0.0000 2860.3489   11.9542
   -7.5000   22.5000    0.0000 2775.0884   12.5682
    0.0000   22.5000    0.0000 2785.2517   12.4365
    7.5000   22.5000    0.0000 2764.9124   12.7560
   -7.5000   30.0000    0.0000 2656.8157   13.6209
    0.0000   30.0000    0.0000 2662.6365   13.4662
    7.5000   30.0000    0.0000 2644.0801   13.7685
   -7.5000   37.5000    0.0000 2529.5662   14.9141
    0.0000   37.5000    0.0000 2536.2239   14.7639
    7.5000   37.5000    0.0000 2514.4915   15.0555
   -7.5000   45.0000    0.0000 2372.2603   16.5559
    0.0000   45.0000    0.0000 2383.7756   16.4689
    7.5000   45.0000    0.0000 2360.8965   16.7739
   -7.5000  -45.0000    7.5000 2455.6704   15.8180
    0.0000  -45.0000    7.5000 2463.5645   15.7913
    7.5000  -45.0000    7.5000 2453.4304   15.9427
   -7.5000  -37.5000    7.5000 2573.0334   14.2503
    0.0000  -37.5000    7.5000 2581.4119   14.2010
    7.5000  -37.5000    7.5000 2565.8979   14.3250
   -7.5000  -30.0000    7.5000 2689.7622   12.9719
    0.0000  -30.0000    7.5000 2704.5649   12.9214
    7.5000  -30.0000    7.5000 2687.5403   13.0214
   -7.5000  -22.5000    7.5000 2805.5605   11.9520
    0.0000  -22.5000    7.5000 2819.7378   11.8915
    7.5000  -22.5000    7.5000 2805.4077   11.9941
   -7.5000  -15.0000    7.5000 2916.1545   11.3471
    0.0000  -15.0000    7.5000 2934.1489   11.2713
    7.5000  -15.0000    7.5000 2907.1638   11.3197
   -7.5000   -7.5000    7.5000 2989.1099   11.0418
    0.0000   -7.5000    7.5000 3022.9497   10.9966
    7.5000   -7.5000    7.5000 2968.3882   11.0353
   -7.5000    0.0000    7.5000 3001.8064   10.8457
    0.0000    0.0000    7.5000 3028.6978   10.8016
    7.5000    0.0000    7.5000 2987.3501   11.0171
   -7.5000    7.5000    7.5000 2956.6514   11.0285
    0.0000    7.5000    7.5000 2977.5015   10.9561
    7.5000    7.5000    7.5000 2957.1521   11.2257
   -7.5000   15.0000    7.5000 2891.6494   11.4843
    0.0000   15.0000    7.5000 2906.8855   11.3924
    7.5000   15.0000    7.5000 2885.2239   11.6819
   -7.5000   22.5000    7.5000 2793.1458   12.2668
    0.0000   22.5000    7.5000 2808.0354   12.1568
    7.5000   22.5000    7.5000 2789.8867   12.4246
   -7.5000   30.0000    7.5000 2673.0205   13.3334
    0.0000   30.0000    7.5000 2682.6826   13.1945
    7.5000   30.0000    7.5000 2667.0620   13.4393
   -7.5000   37.5000    7.5000 2543.2100   14.6435
    0.0000   37.5000    7.5000 2549.9236   14.5316
    7.5000   37.5000    7.5000 2530.1431   14.7642
   -7.5000   45.0000    7.5000 2384.2881   16.3086
    0.0000   45.0000    7.5000 2392.0925   16.2172
    7.5000   45.0000    7.5000 2373.5063   16.4348
   -7.5000  -45.0000   15.0000 2458.8457   15.8175
    0.0000  -45.0000   15.0000 2465.9612   15.7035
    7.5000  -45.0000   15.0000 2452.1753   15.9272
   -7.5000  -37.5000   15.0000 2577.2271   14.2213
    0.0000  -37.5000   15.0000 2584.7593   14.1276
    7.5000  -37.5000   15.0000 2570.7485   14.3105
   -7.5000  -30.0000   15.0000 2694.1296   12.9466
    0.0000  -30.0000   15.0000 2703.3723   12.8613
    7.5000  -30.0000   15.0000 2688.9438   13.0190
   -7.5000  -22.5000   15.0000 2804.6956   11.9498
    0.0000  -22.5000   15.0000 2815.2031   11.8767
    7.5000  -22.5000   15.0000 2800.9756   11.9913
   -7.5000  -15.0000   15.0000 2913.1121   11.3532
    0.0000  -15.0000   15.0000 2935.0757   11.3197
    7.5000  -15.0000   15.0000 2907.6326   11.3280
   -7.5000   -7.5000   15.0000 2990.0256   11.0964
    0.0000   -7.5000   15.0000 3028.0835   11.0940
    7.5000   -7.5000   15.0000 2973.5874   11.0924
   -7.5000    0.0000   15.0000 3010.3125   11.0388
    0.0000    0.0000   15.0000 3049.4297   10.9972
    7.5000    0.0000   15.0000 2995.8530   11.0915
   -7.5000    7.5000   15.0000 2966.8408   11.1997
    0.0000    7.5000   15.0000 2989.1458   11.1025
    7.5000    7.5000   15.0000 2953.5728   11.2891
   -7.5000   15.0000   15.0000 2886.3445   11.5784
    0.0000   15.0000   15.0000 2902.1543   11.4459
    7.5000   15.0000   15.0000 2877.2646   11.6524
   -7.5000   22.5000   15.0000 2783.8057   12.2796
    0.0000   22.5000   15.0000 2798.4956   12.1616
    7.5000   22.5000   15.0000 2784.2070   12.3790
   -7.5000   30.0000   15.0000 2669.8782   13.2982
    0.0000   30.0000   15.0000 2678.1602   13.1582
    7.5000   30.0000   15.0000 2667.0522   13.3865
   -7.5000   37.5000   15.0000 2540.2021   14.6055
    0.0000   37.5000   15.0000 2546.2832   14.4594
    7.5000   37.5000   15.0000 2529.6082   14.6805
   -7.5000   45.0000   15.0000 2378.6907   16.2619
    0.0000   45.0000   15.0000 2391.5808   16.1317
    7.5000   45.0000   15.0000 2368.7585   16.3508
   -7.5000  -45.0000   22.5000 2452.6572   16.0288
    0.0000  -45.0000   22.5000 2455.2283   15.8339
    7.5000  -45.0000   22.5000 2443.0715   16.0732
   -7.5000  -37.5000   22.5000 2567.6113   14.4636
    0.0000  -37.5000   22.5000 2571.3645   14.2902
    7.5000  -37.5000   22.5000 2560.3167   14.4914
   -7.5000  -30.0000   22.5000 2678.5120   13.2213
    0.0000  -30.0000   22.5000 2691.1184   13.0610
    7.5000  -30.0000   22.5000 2676.8357   13.2378
   -7.5000  -22.5000   22.5000 2792.0190   12.2311
    0.0000  -22.5000   22.5000 2806.4128   12.1083
    7.5000  -22.5000   22.5000 2788.9399   12.2449
   -7.5000  -15.0000   22.5000 2901.6260   11.5808
    0.0000  -15.0000   22.5000 2924.3193   11.5009
    7.5000  -15.0000   22.5000 2896.6670   11.5680
   -7.5000   -7.5000   22.5000 2961.0596   11.2176
    0.0000   -7.5000   22.5000 2990.4663   11.0998
    7.5000   -7.5000   22.5000 2954.5388   11.2592
   -7.5000    0.0000   22.5000 2976.8159   11.1301
    0.0000    0.0000   22.5000 2999.1304   10.9444
    7.5000    0.0000   22.5000 2974.3154   11.2006
   -7.5000    7.5000   22.5000 2941.0608   11.4077
    0.0000    7.5000   22.5000 2959.7534   11.2313
    7.5000    7.5000   22.5000 2933.9421   11.4485
   -7.5000   15.0000   22.5000 2863.2363   11.8913
    0.0000   15.0000   22.5000 2877.7981   11.7337
    7.5000   15.0000   22.5000 2855.7109   11.9279
   -7.5000   22.5000   22.5000 2765.6621   12.6317
    0.0000   22.5000   22.5000 2773.7285   12.5038
    7.5000   22.5000   22.5000 2756.2856   12.6900
   -7.5000   30.0000   22.5000 2645.6436   13.6247
    0.0000   30.0000   22.5000 2654.6768   13.4936
    7.5000   30.0000   22.5000 2638.7886   13.6816
   -7.5000   37.5000   22.5000 2513.7317   14.8907
    0.0000   37.5000   22.5000 2526.6506   14.7460
    7.5000   37.5000   22.5000 2506.3674   14.9356
   -7.5000   45.0000   22.5000 2354.3552   16.5000
    0.0000   45.0000   22.5000 2370.3933   16.3769
    7.5000   45.0000   22.5000 2350.5149   16.5504
   -7.5000  -45.0000   30.0000 2425.3052   16.4682
    0.0000  -45.0000   30.0000 2428.9871   16.1960
    7.5000  -45.0000   30.0000 2414.2295   16.4620
   -7.5000  -37.5000   30.0000 2538.7676   14.8752
    0.0000  -37.5000   30.0000 2547.3123   14.6196
    7.5000  -37.5000   30.0000 2534.1509   14.8808
   -7.5000  -30.0000   30.0000 2656.6570   13.6343
    0.0000  -30.0000   30.0000 2666.8464   13.3882
    7.5000  -30.0000   30.0000 2656.1179   13.6361
   -7.5000  -22.5000   30.0000 2772.7866   12.6314
    0.0000  -22.5000   30.0000 2786.0532   12.4510
    7.5000  -22.5000   30.0000 2773.4326   12.6479
   -7.5000  -15.0000   30.0000 2864.1411   11.9262
    0.0000  -15.0000   30.0000 2889.3381   11.7732
    7.5000  -15.0000   30.0000 2866.1729   11.9482
   -7.5000   -7.5000   30.0000 2919.0767   11.4833
    0.0000   -7.5000   30.0000 2931.0146   11.2841
    7.5000   -7.5000   30.0000 2909.2637   11.5526
   -7.5000    0.0000   30.0000 2921.0281   11.4093
    0.0000    0.0000   30.0000 2936.4443   11.2103
    7.5000    0.0000   30.0000 2921.2000   11.4699
   -7.5000    7.5000   30.0000 2889.5522   11.7155
    0.0000    7.5000   30.0000 2915.4346   11.5814
    7.5000    7.5000   30.0000 2893.4075   11.7802
   -7.5000   15.0000   30.0000 2820.6499   12.3404
    0.0000   15.0000   30.0000 2833.7427   12.1950
    7.5000   15.0000   30.0000 2819.6990   12.3762
   -7.5000   22.5000   30.0000 2726.4517   13.1599
    0.0000   22.5000   30.0000 2733.2014   13.0144
    7.5000   22.5000   30.0000 2718.4492   13.2068
   -7.5000   30.0000   30.0000 2603.6863   14.1667
    0.0000   30.0000   30.0000 2614.2939   14.0392
    7.5000   30.0000   30.0000 2596.5969   14.1956
   -7.5000   37.5000   30.0000 2474.6428   15.3802
    0.0000   37.5000   30.0000 2490.1531   15.2333
    7.5000   37.5000   30.0000 2468.3108   15.3966
   -7.5000   45.0000   30.0000 2315.1040   16.9683
    0.0000   45.0000   30.0000 2331.0022   16.8384
    7.5000   45.0000   30.0000 2312.6975   17.0065
   -7.5000  -45.0000   37.5000 2386.7927   17.0534
    0.0000  -45.0000   37.5000 2392.9331   16.6665
    7.5000  -45.0000   37.5000 2380.4375   17.0225
   -7.5000  -37.5000   37.5000 2506.5117   15.4373
    0.0000  -37.5000   37.5000 2518.5312   15.0815
    7.5000  -37.5000   37.5000 2503.0801   15.4168
   -7.5000  -30.0000   37.5000 2625.4746   14.1724
    0.0000  -30.0000   37.5000 2638.0955   13.8673
    7.5000  -30.0000   37.5000 2624.1274   14.1717
   -7.5000  -22.5000   37.5000 2737.7441   13.1569
    0.0000  -22.5000   37.5000 2758.3291   12.9228
    7.5000  -22.5000   37.5000 2742.3540   13.1694
   -7.5000  -15.0000   37.5000 2821.5635   12.3907
    0.0000  -15.0000   37.5000 2842.8982   12.1697
    7.5000  -15.0000   37.5000 2819.2185   12.4251
   -7.5000   -7.5000   37.5000 2867.7075   11.9397
    0.0000   -7.5000   37.5000 2875.5898   11.7016
    7.5000   -7.5000   37.5000 2856.6826   12.0022
   -7.5000    0.0000   37.5000 2867.2446   11.9013
    0.0000    0.0000   37.5000 2885.6687   11.7360
    7.5000    0.0000   37.5000 2866.3379   11.9669
   -7.5000    7.5000   37.5000 2829.5596   12.2400
    0.0000    7.5000   37.5000 2854.3711   12.0984
    7.5000    7.5000   37.5000 2831.8538   12.2704
   -7.5000   15.0000   37.5000 2758.7673   12.9057
    0.0000   15.0000   37.5000 2772.2886   12.7453
    7.5000   15.0000   37.5000 2757.9417   12.9210
   -7.5000   22.5000   37.5000 2668.0142   13.7528
    0.0000   22.5000   37.5000 2677.2947   13.5925
    7.5000   22.5000   37.5000 2661.7622   13.7815
   -7.5000   30.0000   37.5000 2551.8452   14.8126
    0.0000   30.0000   37.5000 2568.0664   14.6733
    7.5000   30.0000   37.5000 2543.0530   14.8267
   -7.5000   37.5000   37.5000 2423.7852   16.0569
    0.0000   37.5000   37.5000 2442.1272   15.9137
    7.5000   37.5000   37.5000 2418.2163   16.0517
   -7.5000   45.0000   37.5000 2263.4224   17.6771
    0.0000   45.0000   37.5000 2277.3279   17.5361
    7.5000   45.0000   37.5000 2263.4812   17.6758
   -7.5000  -45.0000   45.0000 2342.3384   17.7911
    0.0000  -45.0000   45.0000 2360.7656   17.3648
    7.5000  -45.0000   45.0000 2345.3848   17.7646
   -7.5000  -37.5000   45.0000 2464.1794   16.1495
    0.0000  -37.5000   45.0000 2480.0645   15.7724
    7.5000  -37.5000   45.0000 2462.2356   16.1225
   -7.5000  -30.0000   45.0000 2577.9475   14.8390
    0.0000  -30.0000   45.0000 2594.9285   14.5578
    7.5000  -30.0000   45.0000 2577.3945   14.8410
   -7.5000  -22.5000   45.0000 2677.2222   13.7915
    0.0000  -22.5000   45.0000 2703.1174   13.5470
    7.5000  -22.5000   45.0000 2681.2239   13.7970
   -7.5000  -15.0000   45.0000 2749.3848   13.0069
    0.0000  -15.0000   45.0000 2772.5518   12.7213
    7.5000  -15.0000   45.0000 2749.2695   13.0276
   -7.5000   -7.5000   45.0000 2795.2104   12.5758
    0.0000   -7.5000   45.0000 2809.5054   12.4038
    7.5000   -7.5000   45.0000 2787.3789   12.6468
   -7.5000    0.0000   45.0000 2800.7830   12.5738
    0.0000    0.0000   45.0000 2818.7427   12.4069
    7.5000    0.0000   45.0000 2797.4844   12.6318
   -7.5000    7.5000   45.0000 2757.1899   12.9145
    0.0000    7.5000   45.0000 2779.7854   12.7753
    7.5000    7.5000   45.0000 2756.8354   12.9392
   -7.5000   15.0000   45.0000 2685.0601   13.5510
    0.0000   15.0000   45.0000 2703.8542   13.4147
    7.5000   15.0000   45.0000 2685.4233   13.5928
   -7.5000   22.5000   45.0000 2593.8591   14.4019
    0.0000   22.5000   45.0000 2608.2278   14.2723
    7.5000   22.5000   45.0000 2587.5303   14.4619
   -7.5000   30.0000   45.0000 2480.9729   15.4910
    0.0000   30.0000   45.0000 2497.8521   15.3551
    7.5000   30.0000   45.0000 2477.2903   15.5151
   -7.5000   37.5000   45.0000 2354.6262   16.8608
    0.0000   37.5000   45.0000 2370.9370   16.7371
    7.5000   37.5000   45.0000 2350.7937   16.8347
   -7.5000   45.0000   45.0000 2199.3047   18.5207
    0.0000   45.0000   45.0000 2212.0310   18.4379
    7.5000   45.0000   45.0000 2196.5142   18.5396
   -7.5000  -45.0000   52.5000 2294.5510   18.7480
    0.0000  -45.0000   52.5000 2318.7886   18.3547
    7.5000  -45.0000   52.5000 2301.5469   18.6543
   -7.5000  -37.5000   52.5000 2408.4363   17.0390
    0.0000  -37.5000   52.5000 2433.8032   16.7168
    7.5000  -37.5000   52.5000 2412.2742   16.9659
   -7.5000  -30.0000   52.5000 2511.1567   15.7108
    0.0000  -30.0000   52.5000 2539.0449   15.4364
    7.5000  -30.0000   52.5000 2516.7078   15.6554
   -7.5000  -22.5000   52.5000 2602.5266   14.6125
    0.0000  -22.5000   52.5000 2634.8843   14.3364
    7.5000  -22.5000   52.5000 2609.1460   14.5731
   -7.5000  -15.0000   52.5000 2669.7554   13.7796
    0.0000  -15.0000   52.5000 2695.7568   13.5722
    7.5000  -15.0000   52.5000 2668.9758   13.8087
   -7.5000   -7.5000   52.5000 2710.9385   13.4269
    0.0000   -7.5000   52.5000 2724.8662   13.2858
    7.5000   -7.5000   52.5000 2699.9834   13.4730
   -7.5000    0.0000   52.5000 2710.9395   13.4491
    0.0000    0.0000   52.5000 2728.9224   13.2982
    7.5000    0.0000   52.5000 2704.9478   13.4629
   -7.5000    7.5000   52.5000 2674.6169   13.7507
    0.0000    7.5000   52.5000 2701.7048   13.6190
    7.5000    7.5000   52.5000 2678.5117   13.7494
   -7.5000   15.0000   52.5000 2607.5823   14.3400
    0.0000   15.0000   52.5000 2632.7800   14.2340
    7.5000   15.0000   52.5000 2608.1094   14.3809
   -7.5000   22.5000   52.5000 2513.9385   15.2042
    0.0000   22.5000   52.5000 2535.0774   15.1043
    7.5000   22.5000   52.5000 2514.1267   15.2649
   -7.5000   30.0000   52.5000 2405.2903   16.3352
    0.0000   30.0000   52.5000 2423.5845   16.1956
    7.5000   30.0000   52.5000 2406.0105   16.3628
   -7.5000   37.5000   52.5000 2277.4939   17.7850
    0.0000   37.5000   52.5000 2294.6260   17.6509
    7.5000   37.5000   52.5000 2277.3923   17.7422
   -7.5000   45.0000   52.5000 2130.5454   19.5517
    0.0000   45.0000   52.5000 2143.7112   19.4514
    7.5000   45.0000   52.5000 2129.6265   19.5158

---------------------------------------------------------------------
imgreg_4dfp /opt/freesurfer/average/711-2C_as_mni_average_305 /opt/freesurfer/average/711-2B_as_mni_average_305_mask talsrcimg_g11 none talsrcimg_to_711-2C_as_mni_average_305_t4 1283
---------------------------------------------------------------------

freesurfer imgreg_4dfp.c
/opt/freesurfer/average/711-2C_as_mni_average_305.4dfp.img
       256       256       256         1
  1.000000  1.000000  1.000000
orientation T byte_order littleendian
Reading image: /opt/freesurfer/average/711-2C_as_mni_average_305.4dfp.img
dimensions:      256       256       256
mmppix:       1.0000   -1.0000   -1.0000
center:     128.0000 -129.0000 -129.0000
/opt/freesurfer/average/711-2B_as_mni_average_305_mask.4dfp.img
       256       256       256         1
  1.000000  1.000000  1.000000
orientation T byte_order littleendian
Reading mask: /opt/freesurfer/average/711-2B_as_mni_average_305_mask.4dfp.img (2306576 pixels)
talsrcimg_g11.4dfp.img
       256       256       256         1
  1.000000  1.000000  1.000000
orientation T byte_order littleendian
Reading image: talsrcimg_g11.4dfp.img
dimensions:      256       256       256
mmppix:       1.0000   -1.0000   -1.0000
center:     128.0000 -129.0000 -129.0000
rotation matrix determinant  1.000000
fimgreg.f
image alignment mode   1283 decimal      503 hex
parameters
    0.0000    0.0000   15.0000    0.0000    0.0000    0.0000
eta,q 0.95664 11.03329
niter,ni,del,rscale     5    3   12.0000    1.2000
parameters
   -0.3706   -1.5360   12.1956   -0.7797   -2.9988    1.5935
eta,q 0.96296 10.86901
  0.0527  0.0485  0.0430  0.0451  0.0398  0.0457
  0.0467  0.0452  0.0400  0.0427  0.0380  0.0424
  0.0437  0.0427  0.0400  0.0403  0.0378  0.0396
  0.0429  0.0426  0.0421  0.0395  0.0395  0.0376
  0.0447  0.0460  0.0452  0.0415  0.0428  0.0370
  0.0492  0.0534  0.0490  0.0450  0.0464  0.0380
  0.0549  0.0605  0.0538  0.0488  0.0514  0.0405
niter,ni,del,rscale     4    3   12.0000    1.2000
parameters
   -0.1852   -1.8040   12.0029   -0.8980   -3.2085    1.7060
eta,q 0.96299 10.87880
  0.0520  0.0499  0.0448  0.0440  0.0433  0.0429
  0.0456  0.0432  0.0399  0.0419  0.0396  0.0401
  0.0399  0.0389  0.0372  0.0392  0.0376  0.0380
  0.0370  0.0370  0.0370  0.0370  0.0370  0.0370
  0.0387  0.0394  0.0387  0.0380  0.0377  0.0376
  0.0438  0.0452  0.0412  0.0412  0.0404  0.0399
  0.0510  0.0522  0.0451  0.0457  0.0442  0.0425
niter,ni,del,rscale     3    3   12.0000    1.2000
parameters
   -0.1338   -1.8195   11.9470   -0.9263   -3.2719    1.7262
eta,q 0.96299 10.87953
  0.0518  0.0509  0.0452  0.0440  0.0436  0.0427
  0.0452  0.0442  0.0402  0.0420  0.0397  0.0400
  0.0395  0.0393  0.0373  0.0393  0.0377  0.0380
  0.0370  0.0370  0.0370  0.0370  0.0370  0.0370
  0.0389  0.0388  0.0385  0.0378  0.0375  0.0377
  0.0443  0.0444  0.0410  0.0410  0.0401  0.0400
  0.0518  0.0512  0.0447  0.0454  0.0439  0.0426
niter,ni,del,rscale     2    3   12.0000    1.2000
parameters
   -0.1110   -1.8173   11.9329   -0.9303   -3.2936    1.7294
eta,q 0.96300 10.87935
  0.0517  0.0510  0.0454  0.0440  0.0437  0.0426
  0.0451  0.0442  0.0402  0.0420  0.0398  0.0399
  0.0394  0.0394  0.0374  0.0394  0.0377  0.0379
  0.0370  0.0370  0.0370  0.0370  0.0370  0.0370
  0.0389  0.0388  0.0385  0.0378  0.0375  0.0377
  0.0444  0.0443  0.0410  0.0409  0.0400  0.0400
  0.0520  0.0511  0.0446  0.0453  0.0438  0.0426
registration optimization eta report
parameter search radius
    6.0000    6.0000    6.0000    6.0000    6.0000    6.0000
100000*second partial in parameter space
       40.       38.       22.       20.       19.       15.
  0.0517  0.0510  0.0454  0.0440  0.0437  0.0426
  0.0451  0.0442  0.0402  0.0420  0.0398  0.0399
  0.0394  0.0394  0.0374  0.0394  0.0377  0.0379
  0.0370  0.0370  0.0370  0.0370  0.0370  0.0370
  0.0389  0.0388  0.0385  0.0378  0.0375  0.0377
  0.0444  0.0443  0.0410  0.0409  0.0400  0.0400
  0.0520  0.0511  0.0446  0.0453  0.0438  0.0426
   -0.1110   -1.8173   11.9329   -0.9303   -3.2936    1.7294
eta,q 0.96300 10.87935

---------------------------------------------------------------------
imgreg_4dfp /opt/freesurfer/average/711-2C_as_mni_average_305 /opt/freesurfer/average/711-2B_as_mni_average_305_mask talsrcimg_g11 none talsrcimg_to_711-2C_as_mni_average_305_t4 3335
---------------------------------------------------------------------

freesurfer imgreg_4dfp.c
/opt/freesurfer/average/711-2C_as_mni_average_305.4dfp.img
       256       256       256         1
  1.000000  1.000000  1.000000
orientation T byte_order littleendian
Reading image: /opt/freesurfer/average/711-2C_as_mni_average_305.4dfp.img
dimensions:      256       256       256
mmppix:       1.0000   -1.0000   -1.0000
center:     128.0000 -129.0000 -129.0000
/opt/freesurfer/average/711-2B_as_mni_average_305_mask.4dfp.img
       256       256       256         1
  1.000000  1.000000  1.000000
orientation T byte_order littleendian
Reading mask: /opt/freesurfer/average/711-2B_as_mni_average_305_mask.4dfp.img (2306576 pixels)
talsrcimg_g11.4dfp.img
       256       256       256         1
  1.000000  1.000000  1.000000
orientation T byte_order littleendian
Reading image: talsrcimg_g11.4dfp.img
dimensions:      256       256       256
mmppix:       1.0000   -1.0000   -1.0000
center:     128.0000 -129.0000 -129.0000
fimgreg.f
image alignment mode   3335 decimal      D07 hex
parameters
   -0.1110   -1.8173   11.9329   -0.2106   -0.0615   -0.1783
   -3.1108    5.6929    3.0130    1.7962   -5.7453   -1.6209
eta,q 0.96200 11.00592
niter,ni,del,rscale     5    3    5.0000    1.2000
parameter  4  2.034164 ->  0.500000 qaram    1.1500
parameter  5  2.450515 ->  0.500000 qaram    1.1500
parameters
    0.0819   -1.9855   12.6812   -4.3506   -4.2015    0.3295
   -2.8711    5.9481    2.4340   -0.1619   -5.8115   -4.4122
eta,q 0.97370 10.89199
  0.0409  0.0398  0.0403  0.0311  0.0241  0.0305  0.0306  0.0326  0.0289  0.0283  0.0281  0.0270
  0.0395  0.0388  0.0393  0.0321  0.0262  0.0294  0.0287  0.0299  0.0277  0.0270  0.0273  0.0264
  0.0385  0.0381  0.0385  0.0344  0.0292  0.0281  0.0274  0.0279  0.0270  0.0266  0.0267  0.0263
  0.0380  0.0380  0.0380  0.0378  0.0326  0.0270  0.0269  0.0269  0.0269  0.0269  0.0266  0.0266
  0.0381  0.0383  0.0378  0.0418  0.0368  0.0271  0.0273  0.0274  0.0274  0.0278  0.0268  0.0272
  0.0388  0.0392  0.0380  0.0457  0.0416  0.0282  0.0284  0.0292  0.0283  0.0294  0.0273  0.0281
  0.0402  0.0403  0.0386  0.0492  0.0459  0.0303  0.0301  0.0321  0.0296  0.0319  0.0282  0.0292
niter,ni,del,rscale     6    3    5.0000    1.2000
parameter  5  0.754815 ->  0.500000 qaram    1.3225
parameters
   -0.0749   -1.7448   12.4333   -8.1995   -8.9625    1.6158
   -2.4167    6.2667    2.9594    0.5259   -6.4860   -5.8177
eta,q 0.97791 10.68062
  0.0298  0.0293  0.0278  0.0268  0.0229  0.0265  0.0255  0.0272  0.0246  0.0270  0.0232  0.0231
  0.0277  0.0278  0.0269  0.0258  0.0225  0.0253  0.0238  0.0249  0.0234  0.0244  0.0226  0.0224
  0.0266  0.0268  0.0263  0.0253  0.0231  0.0239  0.0227  0.0231  0.0226  0.0229  0.0222  0.0221
  0.0263  0.0263  0.0262  0.0262  0.0254  0.0226  0.0223  0.0223  0.0222  0.0222  0.0222  0.0222
  0.0270  0.0264  0.0266  0.0291  0.0289  0.0223  0.0225  0.0225  0.0223  0.0224  0.0224  0.0225
  0.0285  0.0271  0.0274  0.0335  0.0329  0.0233  0.0233  0.0240  0.0229  0.0235  0.0229  0.0232
  0.0308  0.0283  0.0285  0.0384  0.0382  0.0250  0.0248  0.0267  0.0241  0.0254  0.0237  0.0241
niter,ni,del,rscale     6    3    5.0000    1.2000
parameters
   -0.0698   -1.3508   12.8707   -7.9462  -11.0692    2.3197
   -2.6561    6.3280    3.2033    1.1303   -6.7093   -5.9138
eta,q 0.97825 10.63203
  0.0256  0.0258  0.0245  0.0263  0.0256  0.0261  0.0243  0.0265  0.0238  0.0263  0.0230  0.0231
  0.0237  0.0239  0.0232  0.0246  0.0235  0.0248  0.0229  0.0242  0.0227  0.0239  0.0223  0.0224
  0.0225  0.0227  0.0224  0.0231  0.0221  0.0231  0.0220  0.0225  0.0221  0.0224  0.0219  0.0219
  0.0221  0.0221  0.0220  0.0220  0.0219  0.0219  0.0218  0.0218  0.0218  0.0218  0.0218  0.0217
  0.0225  0.0221  0.0221  0.0218  0.0234  0.0219  0.0221  0.0221  0.0219  0.0220  0.0219  0.0219
  0.0236  0.0227  0.0224  0.0233  0.0272  0.0233  0.0231  0.0238  0.0225  0.0231  0.0224  0.0224
  0.0256  0.0239  0.0231  0.0268  0.0319  0.0253  0.0247  0.0266  0.0235  0.0250  0.0231  0.0232
niter,ni,del,rscale     5    3    5.0000    1.2000
parameters
   -0.0616   -1.3351   13.1367   -7.6404  -11.5384    2.5680
   -2.7434    6.3349    3.2658    1.1879   -6.7793   -5.6836
eta,q 0.97831 10.62995
  0.0252  0.0243  0.0239  0.0261  0.0267  0.0260  0.0243  0.0264  0.0236  0.0256  0.0230  0.0231
  0.0233  0.0228  0.0228  0.0243  0.0244  0.0245  0.0229  0.0241  0.0226  0.0234  0.0223  0.0224
  0.0221  0.0220  0.0220  0.0228  0.0225  0.0227  0.0220  0.0224  0.0219  0.0221  0.0218  0.0219
  0.0218  0.0217  0.0218  0.0218  0.0217  0.0217  0.0217  0.0217  0.0217  0.0217  0.0217  0.0217
  0.0221  0.0220  0.0219  0.0216  0.0220  0.0220  0.0220  0.0221  0.0219  0.0222  0.0218  0.0218
  0.0233  0.0229  0.0223  0.0230  0.0244  0.0236  0.0229  0.0238  0.0225  0.0234  0.0223  0.0223
  0.0252  0.0241  0.0231  0.0263  0.0287  0.0259  0.0245  0.0267  0.0235  0.0254  0.0230  0.0230
niter,ni,del,rscale     4    3    5.0000    1.2000
parameters
   -0.0624   -1.3466   13.2462   -7.6243  -11.6218    2.6411
   -2.7576    6.3399    3.2704    1.1439   -6.7769   -5.5292
eta,q 0.97832 10.62880
  0.0252  0.0241  0.0237  0.0259  0.0270  0.0259  0.0243  0.0264  0.0235  0.0254  0.0230  0.0231
  0.0232  0.0227  0.0226  0.0242  0.0246  0.0244  0.0229  0.0241  0.0225  0.0233  0.0223  0.0224
  0.0221  0.0219  0.0219  0.0227  0.0227  0.0226  0.0220  0.0224  0.0219  0.0221  0.0218  0.0219
  0.0217  0.0217  0.0217  0.0217  0.0217  0.0217  0.0217  0.0217  0.0217  0.0217  0.0217  0.0217
  0.0221  0.0220  0.0219  0.0216  0.0218  0.0221  0.0220  0.0221  0.0219  0.0222  0.0218  0.0218
  0.0233  0.0228  0.0224  0.0233  0.0239  0.0238  0.0229  0.0238  0.0225  0.0234  0.0223  0.0223
  0.0252  0.0241  0.0233  0.0268  0.0281  0.0261  0.0244  0.0267  0.0236  0.0254  0.0230  0.0230
niter,ni,del,rscale     3    3    5.0000    1.2000
parameters
   -0.0598   -1.3584   13.2916   -7.6346  -11.6356    2.6629
   -2.7549    6.3424    3.2679    1.1071   -6.7776   -5.4439
eta,q 0.97832 10.62825
  0.0252  0.0241  0.0236  0.0259  0.0270  0.0258  0.0244  0.0264  0.0235  0.0254  0.0230  0.0230
  0.0232  0.0227  0.0225  0.0242  0.0247  0.0243  0.0229  0.0241  0.0225  0.0233  0.0223  0.0223
  0.0221  0.0219  0.0219  0.0227  0.0227  0.0226  0.0220  0.0224  0.0219  0.0221  0.0218  0.0219
  0.0217  0.0217  0.0217  0.0217  0.0217  0.0217  0.0217  0.0217  0.0217  0.0217  0.0217  0.0217
  0.0221  0.0220  0.0219  0.0216  0.0218  0.0221  0.0220  0.0221  0.0219  0.0222  0.0218  0.0218
  0.0233  0.0228  0.0225  0.0233  0.0238  0.0239  0.0229  0.0238  0.0225  0.0234  0.0223  0.0223
  0.0252  0.0241  0.0233  0.0268  0.0279  0.0262  0.0244  0.0267  0.0236  0.0254  0.0230  0.0230
niter,ni,del,rscale     2    3    5.0000    1.2000
parameters
   -0.0579   -1.3641   13.3096   -7.6394  -11.6394    2.6664
   -2.7496    6.3420    3.2628    1.0883   -6.7744   -5.4094
eta,q 0.97832 10.62787
  0.0252  0.0241  0.0235  0.0259  0.0270  0.0258  0.0244  0.0264  0.0235  0.0254  0.0230  0.0230
  0.0232  0.0227  0.0225  0.0242  0.0247  0.0243  0.0229  0.0241  0.0225  0.0233  0.0223  0.0223
  0.0221  0.0219  0.0218  0.0227  0.0227  0.0226  0.0220  0.0224  0.0219  0.0221  0.0218  0.0219
  0.0217  0.0217  0.0217  0.0217  0.0217  0.0217  0.0217  0.0217  0.0217  0.0217  0.0217  0.0217
  0.0221  0.0220  0.0219  0.0216  0.0218  0.0221  0.0220  0.0221  0.0219  0.0222  0.0218  0.0218
  0.0232  0.0228  0.0225  0.0233  0.0238  0.0239  0.0229  0.0238  0.0225  0.0234  0.0223  0.0223
  0.0252  0.0241  0.0234  0.0268  0.0279  0.0262  0.0244  0.0267  0.0236  0.0254  0.0230  0.0230
registration optimization eta report
parameter search radius
    2.4000    2.4000    2.4000    8.2800    9.5220    7.2000
    7.2000    7.2000    7.2000    7.2000    7.2000    7.2000
100000*second partial in parameter space
       61.       42.       31.        7.        6.        8.
        5.        9.        4.        7.        3.        3.
  0.0252  0.0241  0.0235  0.0259  0.0270  0.0258  0.0244  0.0264  0.0235  0.0254  0.0230  0.0230
  0.0232  0.0227  0.0225  0.0242  0.0247  0.0243  0.0229  0.0241  0.0225  0.0233  0.0223  0.0223
  0.0221  0.0219  0.0218  0.0227  0.0227  0.0226  0.0220  0.0224  0.0219  0.0221  0.0218  0.0219
  0.0217  0.0217  0.0217  0.0217  0.0217  0.0217  0.0217  0.0217  0.0217  0.0217  0.0217  0.0217
  0.0221  0.0220  0.0219  0.0216  0.0218  0.0221  0.0220  0.0221  0.0219  0.0222  0.0218  0.0218
  0.0232  0.0228  0.0225  0.0233  0.0238  0.0239  0.0229  0.0238  0.0225  0.0234  0.0223  0.0223
  0.0252  0.0241  0.0234  0.0268  0.0279  0.0262  0.0244  0.0267  0.0236  0.0254  0.0230  0.0230
   -0.0579   -1.3641   13.3096   -7.6394  -11.6394    2.6664
   -2.7496    6.3420    3.2628    1.0883   -6.7744   -5.4094
eta,q 0.97832 10.62787

---------------------------------------------------------------------
imgreg_4dfp /opt/freesurfer/average/711-2C_as_mni_average_305 /opt/freesurfer/average/711-2B_as_mni_average_305_mask talsrcimg_g11 none talsrcimg_to_711-2C_as_mni_average_305_t4 2311
---------------------------------------------------------------------

freesurfer imgreg_4dfp.c
/opt/freesurfer/average/711-2C_as_mni_average_305.4dfp.img
       256       256       256         1
  1.000000  1.000000  1.000000
orientation T byte_order littleendian
Reading image: /opt/freesurfer/average/711-2C_as_mni_average_305.4dfp.img
dimensions:      256       256       256
mmppix:       1.0000   -1.0000   -1.0000
center:     128.0000 -129.0000 -129.0000
/opt/freesurfer/average/711-2B_as_mni_average_305_mask.4dfp.img
       256       256       256         1
  1.000000  1.000000  1.000000
orientation T byte_order littleendian
Reading mask: /opt/freesurfer/average/711-2B_as_mni_average_305_mask.4dfp.img (2306576 pixels)
talsrcimg_g11.4dfp.img
       256       256       256         1
  1.000000  1.000000  1.000000
orientation T byte_order littleendian
Reading image: talsrcimg_g11.4dfp.img
dimensions:      256       256       256
mmppix:       1.0000   -1.0000   -1.0000
center:     128.0000 -129.0000 -129.0000
fimgreg.f
image alignment mode   2311 decimal      907 hex
parameters
   -0.0579   -1.3641   13.3096   -7.6394  -11.6394    2.6664
   -2.7496    6.3420    3.2628    1.0883   -6.7744   -5.4094
eta,q 0.97832 10.62788
niter,ni,del,rscale     5    3    5.0000    0.8000
parameters
   -0.0650   -1.4005   13.2691   -6.6389  -10.8044    2.7351
   -2.7809    6.4897    3.1744    0.8535   -6.8562   -5.4920
eta,q 0.97859 10.68981
  0.0232  0.0227  0.0224  0.0237  0.0234  0.0240  0.0228  0.0241  0.0223  0.0230  0.0221  0.0220
  0.0224  0.0221  0.0220  0.0229  0.0225  0.0227  0.0220  0.0228  0.0218  0.0221  0.0217  0.0217
  0.0218  0.0218  0.0217  0.0222  0.0219  0.0219  0.0216  0.0218  0.0215  0.0215  0.0215  0.0215
  0.0217  0.0217  0.0217  0.0217  0.0215  0.0214  0.0214  0.0214  0.0214  0.0214  0.0214  0.0214
  0.0219  0.0218  0.0218  0.0215  0.0215  0.0216  0.0216  0.0216  0.0215  0.0217  0.0215  0.0215
  0.0224  0.0222  0.0221  0.0218  0.0217  0.0226  0.0220  0.0224  0.0219  0.0223  0.0217  0.0217
  0.0233  0.0228  0.0225  0.0227  0.0225  0.0239  0.0228  0.0239  0.0224  0.0233  0.0221  0.0221
niter,ni,del,rscale     4    3    5.0000    0.7000
parameters
   -0.0736   -1.3420   13.2282   -6.7563  -10.7367    2.7504
   -2.7494    6.5692    3.1898    0.8803   -6.9315   -5.5735
eta,q 0.97859 10.69095
  0.0227  0.0224  0.0220  0.0227  0.0226  0.0234  0.0225  0.0234  0.0222  0.0228  0.0219  0.0219
  0.0220  0.0219  0.0217  0.0221  0.0220  0.0224  0.0219  0.0224  0.0218  0.0220  0.0216  0.0216
  0.0216  0.0215  0.0215  0.0216  0.0216  0.0217  0.0215  0.0217  0.0215  0.0216  0.0215  0.0215
  0.0214  0.0214  0.0214  0.0214  0.0214  0.0214  0.0214  0.0214  0.0214  0.0214  0.0214  0.0214
  0.0216  0.0215  0.0215  0.0215  0.0215  0.0216  0.0215  0.0216  0.0215  0.0216  0.0215  0.0215
  0.0220  0.0218  0.0217  0.0220  0.0219  0.0224  0.0219  0.0222  0.0217  0.0220  0.0217  0.0217
  0.0227  0.0222  0.0221  0.0231  0.0226  0.0235  0.0224  0.0233  0.0222  0.0227  0.0219  0.0219
niter,ni,del,rscale     3    3    5.0000    0.6000
parameters
   -0.0724   -1.3410   13.2181   -6.6584  -10.6894    2.7520
   -2.7608    6.6119    3.1980    0.8692   -6.9479   -5.5959
eta,q 0.97860 10.69506
  0.0224  0.0221  0.0219  0.0225  0.0223  0.0229  0.0222  0.0229  0.0220  0.0224  0.0218  0.0218
  0.0218  0.0217  0.0216  0.0220  0.0218  0.0222  0.0217  0.0221  0.0217  0.0218  0.0216  0.0216
  0.0215  0.0215  0.0215  0.0216  0.0215  0.0217  0.0215  0.0216  0.0215  0.0215  0.0214  0.0214
  0.0214  0.0214  0.0214  0.0214  0.0214  0.0214  0.0214  0.0214  0.0214  0.0214  0.0214  0.0214
  0.0215  0.0215  0.0215  0.0214  0.0215  0.0215  0.0215  0.0215  0.0215  0.0215  0.0214  0.0214
  0.0218  0.0217  0.0216  0.0218  0.0217  0.0221  0.0217  0.0220  0.0216  0.0219  0.0216  0.0216
  0.0224  0.0221  0.0219  0.0225  0.0223  0.0230  0.0222  0.0229  0.0220  0.0224  0.0218  0.0218
niter,ni,del,rscale     2    3    5.0000    0.5000
parameters
   -0.0744   -1.3362   13.2086   -6.5638  -10.6527    2.7565
   -2.7721    6.6362    3.1985    0.8492   -6.9635   -5.6080
eta,q 0.97861 10.69863
  0.0221  0.0219  0.0217  0.0222  0.0220  0.0225  0.0219  0.0224  0.0218  0.0221  0.0217  0.0217
  0.0217  0.0216  0.0215  0.0218  0.0217  0.0219  0.0216  0.0219  0.0216  0.0217  0.0215  0.0215
  0.0215  0.0215  0.0214  0.0215  0.0215  0.0216  0.0214  0.0215  0.0214  0.0215  0.0214  0.0214
  0.0214  0.0214  0.0214  0.0214  0.0214  0.0214  0.0214  0.0214  0.0214  0.0214  0.0214  0.0214
  0.0215  0.0215  0.0214  0.0214  0.0214  0.0215  0.0215  0.0215  0.0214  0.0215  0.0214  0.0214
  0.0217  0.0216  0.0216  0.0217  0.0216  0.0219  0.0216  0.0218  0.0216  0.0217  0.0215  0.0215
  0.0221  0.0219  0.0217  0.0222  0.0220  0.0226  0.0219  0.0224  0.0218  0.0221  0.0217  0.0217
niter,ni,del,rscale     1    3    5.0000    0.4000
parameters
   -0.0728   -1.3343   13.1985   -6.4766  -10.6156    2.7949
   -2.7806    6.6595    3.2119    0.8220   -6.9727   -5.6283
eta,q 0.97861 10.70252
  0.0218  0.0217  0.0216  0.0219  0.0218  0.0221  0.0217  0.0221  0.0216  0.0218  0.0216  0.0216
  0.0216  0.0215  0.0215  0.0217  0.0216  0.0218  0.0215  0.0217  0.0215  0.0216  0.0215  0.0215
  0.0214  0.0214  0.0214  0.0215  0.0214  0.0215  0.0214  0.0215  0.0214  0.0214  0.0214  0.0214
  0.0214  0.0214  0.0214  0.0214  0.0214  0.0214  0.0214  0.0214  0.0214  0.0214  0.0214  0.0214
  0.0214  0.0214  0.0214  0.0214  0.0214  0.0214  0.0214  0.0215  0.0214  0.0215  0.0214  0.0214
  0.0216  0.0215  0.0215  0.0216  0.0215  0.0217  0.0216  0.0217  0.0215  0.0216  0.0215  0.0215
  0.0218  0.0217  0.0216  0.0219  0.0218  0.0221  0.0217  0.0221  0.0216  0.0218  0.0216  0.0216
registration optimization eta report
parameter search radius
    0.8000    0.8000    0.8000    2.4000    2.4000    2.4000
    2.4000    2.4000    2.4000    2.4000    2.4000    2.4000
100000*second partial in parameter space
       67.       46.       33.        9.        7.       13.
        6.       12.        4.        8.        3.        3.
  0.0218  0.0217  0.0216  0.0219  0.0218  0.0221  0.0217  0.0221  0.0216  0.0218  0.0216  0.0216
  0.0216  0.0215  0.0215  0.0217  0.0216  0.0218  0.0215  0.0217  0.0215  0.0216  0.0215  0.0215
  0.0214  0.0214  0.0214  0.0215  0.0214  0.0215  0.0214  0.0215  0.0214  0.0214  0.0214  0.0214
  0.0214  0.0214  0.0214  0.0214  0.0214  0.0214  0.0214  0.0214  0.0214  0.0214  0.0214  0.0214
  0.0214  0.0214  0.0214  0.0214  0.0214  0.0214  0.0214  0.0215  0.0214  0.0215  0.0214  0.0214
  0.0216  0.0215  0.0215  0.0216  0.0215  0.0217  0.0216  0.0217  0.0215  0.0216  0.0215  0.0215
  0.0218  0.0217  0.0216  0.0219  0.0218  0.0221  0.0217  0.0221  0.0216  0.0218  0.0216  0.0216
   -0.0728   -1.3343   13.1985   -6.4766  -10.6156    2.7949
   -2.7806    6.6595    3.2119    0.8220   -6.9727   -5.6283
eta,q 0.97861 10.70252

---------------------------------------------------------------------
imgreg_4dfp /opt/freesurfer/average/711-2C_as_mni_average_305 /opt/freesurfer/average/711-2B_as_mni_average_305_mask talsrcimg_g11 none talsrcimg_to_711-2C_as_mni_average_305_t4 2311
---------------------------------------------------------------------

freesurfer imgreg_4dfp.c
/opt/freesurfer/average/711-2C_as_mni_average_305.4dfp.img
       256       256       256         1
  1.000000  1.000000  1.000000
orientation T byte_order littleendian
Reading image: /opt/freesurfer/average/711-2C_as_mni_average_305.4dfp.img
dimensions:      256       256       256
mmppix:       1.0000   -1.0000   -1.0000
center:     128.0000 -129.0000 -129.0000
/opt/freesurfer/average/711-2B_as_mni_average_305_mask.4dfp.img
       256       256       256         1
  1.000000  1.000000  1.000000
orientation T byte_order littleendian
Reading mask: /opt/freesurfer/average/711-2B_as_mni_average_305_mask.4dfp.img (2306576 pixels)
talsrcimg_g11.4dfp.img
       256       256       256         1
  1.000000  1.000000  1.000000
orientation T byte_order littleendian
Reading image: talsrcimg_g11.4dfp.img
dimensions:      256       256       256
mmppix:       1.0000   -1.0000   -1.0000
center:     128.0000 -129.0000 -129.0000
fimgreg.f
image alignment mode   2311 decimal      907 hex
parameters
   -0.0728   -1.3343   13.1985   -6.4766  -10.6156    2.7949
   -2.7806    6.6595    3.2119    0.8220   -6.9727   -5.6283
eta,q 0.97861 10.70252
niter,ni,del,rscale     5    3    5.0000    0.8000
parameters
   -0.0629   -1.3274   13.2376   -6.9330  -10.8077    2.7786
   -2.7538    6.5614    3.2154    0.9517   -6.9464   -5.5933
eta,q 0.97856 10.68510
  0.0231  0.0226  0.0223  0.0229  0.0229  0.0239  0.0228  0.0238  0.0224  0.0233  0.0221  0.0221
  0.0222  0.0219  0.0218  0.0222  0.0221  0.0227  0.0220  0.0226  0.0219  0.0223  0.0217  0.0217
  0.0216  0.0215  0.0215  0.0216  0.0216  0.0218  0.0216  0.0217  0.0216  0.0216  0.0215  0.0215
  0.0214  0.0214  0.0214  0.0214  0.0214  0.0214  0.0214  0.0214  0.0214  0.0214  0.0214  0.0214
  0.0216  0.0215  0.0215  0.0216  0.0216  0.0217  0.0216  0.0217  0.0215  0.0216  0.0215  0.0215
  0.0222  0.0219  0.0218  0.0224  0.0221  0.0227  0.0220  0.0226  0.0219  0.0222  0.0217  0.0217
  0.0231  0.0225  0.0222  0.0240  0.0233  0.0240  0.0228  0.0241  0.0224  0.0231  0.0221  0.0221
niter,ni,del,rscale     4    3    5.0000    0.7000
parameters
   -0.0700   -1.3387   13.2381   -6.7774  -10.7494    2.7720
   -2.7531    6.5847    3.2128    0.9034   -6.9463   -5.5846
eta,q 0.97859 10.69063
  0.0227  0.0223  0.0221  0.0229  0.0226  0.0234  0.0224  0.0234  0.0221  0.0228  0.0219  0.0219
  0.0220  0.0218  0.0217  0.0222  0.0220  0.0224  0.0219  0.0224  0.0217  0.0220  0.0216  0.0217
  0.0216  0.0215  0.0215  0.0217  0.0216  0.0217  0.0215  0.0217  0.0215  0.0215  0.0215  0.0215
  0.0214  0.0214  0.0214  0.0214  0.0214  0.0214  0.0214  0.0214  0.0214  0.0214  0.0214  0.0214
  0.0216  0.0215  0.0215  0.0215  0.0215  0.0216  0.0215  0.0216  0.0215  0.0216  0.0215  0.0215
  0.0220  0.0218  0.0217  0.0219  0.0219  0.0224  0.0219  0.0222  0.0217  0.0221  0.0216  0.0216
  0.0227  0.0223  0.0221  0.0229  0.0226  0.0235  0.0224  0.0234  0.0222  0.0228  0.0219  0.0219
niter,ni,del,rscale     3    3    5.0000    0.6000
parameters
   -0.0720   -1.3406   13.2267   -6.6615  -10.6968    2.7615
   -2.7657    6.6141    3.2039    0.8743   -6.9564   -5.5889
eta,q 0.97860 10.69496
  0.0224  0.0221  0.0219  0.0225  0.0223  0.0229  0.0222  0.0229  0.0219  0.0224  0.0218  0.0218
  0.0218  0.0217  0.0216  0.0220  0.0218  0.0222  0.0217  0.0221  0.0217  0.0218  0.0216  0.0216
  0.0215  0.0215  0.0215  0.0216  0.0215  0.0217  0.0215  0.0216  0.0215  0.0215  0.0214  0.0214
  0.0214  0.0214  0.0214  0.0214  0.0214  0.0214  0.0214  0.0214  0.0214  0.0214  0.0214  0.0214
  0.0215  0.0215  0.0215  0.0214  0.0215  0.0215  0.0215  0.0215  0.0215  0.0215  0.0214  0.0214
  0.0218  0.0217  0.0216  0.0218  0.0217  0.0221  0.0217  0.0220  0.0217  0.0219  0.0216  0.0216
  0.0224  0.0221  0.0219  0.0225  0.0223  0.0230  0.0222  0.0229  0.0220  0.0224  0.0218  0.0218
niter,ni,del,rscale     2    3    5.0000    0.5000
parameters
   -0.0737   -1.3372   13.2120   -6.5631  -10.6524    2.7602
   -2.7666    6.6392    3.2016    0.8475   -6.9597   -5.6059
eta,q 0.97861 10.69871
  0.0221  0.0219  0.0217  0.0222  0.0220  0.0225  0.0219  0.0224  0.0218  0.0221  0.0217  0.0217
  0.0217  0.0216  0.0215  0.0218  0.0217  0.0219  0.0216  0.0219  0.0216  0.0217  0.0215  0.0215
  0.0215  0.0215  0.0214  0.0215  0.0215  0.0216  0.0214  0.0215  0.0214  0.0215  0.0214  0.0214
  0.0214  0.0214  0.0214  0.0214  0.0214  0.0214  0.0214  0.0214  0.0214  0.0214  0.0214  0.0214
  0.0215  0.0215  0.0214  0.0214  0.0214  0.0215  0.0215  0.0215  0.0214  0.0215  0.0214  0.0214
  0.0217  0.0216  0.0216  0.0217  0.0216  0.0219  0.0216  0.0218  0.0216  0.0217  0.0215  0.0215
  0.0221  0.0219  0.0217  0.0222  0.0220  0.0226  0.0219  0.0224  0.0218  0.0221  0.0217  0.0217
niter,ni,del,rscale     1    3    5.0000    0.4000
parameters
   -0.0730   -1.3361   13.1998   -6.4739  -10.6152    2.7945
   -2.7867    6.6576    3.2136    0.8200   -6.9610   -5.6240
eta,q 0.97861 10.70254
  0.0218  0.0217  0.0216  0.0219  0.0218  0.0221  0.0217  0.0221  0.0216  0.0218  0.0216  0.0216
  0.0216  0.0215  0.0215  0.0217  0.0216  0.0218  0.0215  0.0217  0.0215  0.0216  0.0215  0.0215
  0.0214  0.0214  0.0214  0.0215  0.0214  0.0215  0.0214  0.0215  0.0214  0.0214  0.0214  0.0214
  0.0214  0.0214  0.0214  0.0214  0.0214  0.0214  0.0214  0.0214  0.0214  0.0214  0.0214  0.0214
  0.0214  0.0214  0.0214  0.0214  0.0214  0.0214  0.0214  0.0215  0.0214  0.0215  0.0214  0.0214
  0.0216  0.0215  0.0215  0.0216  0.0215  0.0217  0.0216  0.0217  0.0215  0.0216  0.0215  0.0215
  0.0218  0.0217  0.0216  0.0219  0.0218  0.0221  0.0217  0.0221  0.0216  0.0218  0.0216  0.0216
registration optimization eta report
parameter search radius
    0.8000    0.8000    0.8000    2.4000    2.4000    2.4000
    2.4000    2.4000    2.4000    2.4000    2.4000    2.4000
100000*second partial in parameter space
       67.       46.       33.        9.        7.       13.
        6.       12.        4.        8.        3.        3.
  0.0218  0.0217  0.0216  0.0219  0.0218  0.0221  0.0217  0.0221  0.0216  0.0218  0.0216  0.0216
  0.0216  0.0215  0.0215  0.0217  0.0216  0.0218  0.0215  0.0217  0.0215  0.0216  0.0215  0.0215
  0.0214  0.0214  0.0214  0.0215  0.0214  0.0215  0.0214  0.0215  0.0214  0.0214  0.0214  0.0214
  0.0214  0.0214  0.0214  0.0214  0.0214  0.0214  0.0214  0.0214  0.0214  0.0214  0.0214  0.0214
  0.0214  0.0214  0.0214  0.0214  0.0214  0.0214  0.0214  0.0215  0.0214  0.0215  0.0214  0.0214
  0.0216  0.0215  0.0215  0.0216  0.0215  0.0217  0.0216  0.0217  0.0215  0.0216  0.0215  0.0215
  0.0218  0.0217  0.0216  0.0219  0.0218  0.0221  0.0217  0.0221  0.0216  0.0218  0.0216  0.0216
   -0.0730   -1.3361   13.1998   -6.4739  -10.6152    2.7945
   -2.7867    6.6576    3.2136    0.8200   -6.9610   -5.6240
eta,q 0.97861 10.70254

---------------------------------------------------------------------
compute_vox2vox talsrcimg talsrcimg_to_711-2C_as_mni_average_305_t4 /opt/freesurfer/average/711-2C_as_mni_average_305
---------------------------------------------------------------------

freesurfer compute_vox2vox.c
Reading: talsrcimg.4dfp.ifh
Reading: talsrcimg_to_711-2C_as_mni_average_305_t4
Reading: /opt/freesurfer/average/711-2C_as_mni_average_305.4dfp.ifh
Writing: talsrcimg_to_711-2C_as_mni_average_305_t4_vox2vox.txt

start time Mon Mar 9 07:41:52 CET 2026
end		time Mon Mar 9 07:42:06 CET 2026

mpr2mni305 success

avi2talxfm orig_nu.mgz /opt/freesurfer/average/mni305.cor.mgz talsrcimg_to_711-2C_as_mni_average_305_t4_vox2vox.txt transforms/talairach.auto.xfm
avi2talxfm done
mv -f /out/sourcedata/freesurfer/sub-v1s20x0050314_ses-1/mri/talsrcimg_to_711-2C_as_mni_average_305_t4_vox2vox.txt /out/sourcedata/freesurfer/sub-v1s20x0050314_ses-1/mri/transforms/talsrcimg_to_711-2C_as_mni_average_305_t4_vox2vox.txt
lta_convert --src orig_nu.mgz --trg /opt/freesurfer/average/mni305.cor.mgz --inxfm transforms/talairach.auto.xfm --outlta transforms/talairach.auto.xfm.lta --subject fsaverage
7.3.2

--src: orig_nu.mgz src image (geometry).
--trg: /opt/freesurfer/average/mni305.cor.mgz trg image (geometry).
--inmni: transforms/talairach.auto.xfm input MNI/XFM transform.
--outlta: transforms/talairach.auto.xfm.lta output LTA.
--s: fsaverage subject name
 LTA read, type : 1
 1.06309  -0.06908   0.02880   0.43677;
 0.06986   0.96779   0.06307  -13.28221;
-0.03886  -0.00640   1.11714   0.92038;
 0.00000   0.00000   0.00000   1.00000;
setting subject to fsaverage
Writing  LTA to file transforms/talairach.auto.xfm.lta...
lta_convert successful.
 
 
Started at Mon Mar 9 07:41:52 CET 2026
Ended   at Mon Mar  9 07:42:07 CET 2026
talairach_avi done
