status file for recon-all
Thu Mar 12 17:34:54 CET 2026
#@# Tessellate rh Thu Mar 12 17:34:54 CET 2026
#@# Smooth1 rh Thu Mar 12 17:34:57 CET 2026
#@# Inflation1 rh Thu Mar 12 17:34:59 CET 2026
#@# QSphere rh Thu Mar 12 17:35:11 CET 2026
#@# Fix Topology rh Thu Mar 12 17:36:23 CET 2026
#@# Smooth2 rh Thu Mar 12 17:44:49 CET 2026
#@# Inflation2 rh Thu Mar 12 17:44:51 CET 2026
#@# Curv .H and .K rh Thu Mar 12 17:45:05 CET 2026
#@# Sphere rh Thu Mar 12 17:45:41 CET 2026
#@# Surf Reg rh Thu Mar 12 17:51:56 CET 2026
#@# Jacobian white rh Thu Mar 12 18:07:03 CET 2026
#@# AvgCurv rh Thu Mar 12 18:07:04 CET 2026
#@# Cortical Parc rh Thu Mar 12 18:07:05 CET 2026
#@# white curv rh Thu Mar 12 18:12:27 CET 2026
#@# white area rh Thu Mar 12 18:12:28 CET 2026
#@# pial curv rh Thu Mar 12 18:12:29 CET 2026
#@# pial area rh Thu Mar 12 18:12:30 CET 2026
#@# thickness rh Thu Mar 12 18:12:31 CET 2026
#@# area and vertex vol rh Thu Mar 12 18:12:49 CET 2026
#@# Curvature Stats rh Thu Mar 12 18:12:50 CET 2026
#@# Cortical Parc 2 rh Thu Mar 12 18:12:52 CET 2026
#@# Cortical Parc 3 rh Thu Mar 12 18:13:03 CET 2026
#@# WM/GM Contrast rh Thu Mar 12 18:13:09 CET 2026
recon-all -s sub-v1s20x0050331_ses-1 finished without error at Thu Mar 12 18:13:11 CET 2026



#New# invocation of recon-all 



status file for recon-all
Thu Mar 12 18:19:27 CET 2026
#@# white curv rh Thu Mar 12 18:19:27 CET 2026
#@# white area rh Thu Mar 12 18:19:27 CET 2026
#@# pial curv rh Thu Mar 12 18:19:27 CET 2026
#@# pial area rh Thu Mar 12 18:19:27 CET 2026
#@# thickness rh Thu Mar 12 18:19:27 CET 2026
#@# area and vertex vol rh Thu Mar 12 18:19:27 CET 2026
#@# Parcellation Stats rh Thu Mar 12 18:19:27 CET 2026
#@# Parcellation Stats 2 rh Thu Mar 12 18:19:43 CET 2026
#@# Parcellation Stats 3 rh Thu Mar 12 18:19:51 CET 2026
#@# BA_exvivo Labels rh Thu Mar 12 18:19:58 CET 2026
recon-all -s sub-v1s20x0050331_ses-1 finished without error at Thu Mar 12 18:22:00 CET 2026
