status file for recon-all
Thu Mar 12 17:06:33 CET 2026
#@# Tessellate lh Thu Mar 12 17:06:33 CET 2026
#@# Smooth1 lh Thu Mar 12 17:06:36 CET 2026
#@# Inflation1 lh Thu Mar 12 17:06:38 CET 2026
#@# QSphere lh Thu Mar 12 17:06:51 CET 2026
#@# Fix Topology lh Thu Mar 12 17:07:47 CET 2026
#@# Smooth2 lh Thu Mar 12 17:19:02 CET 2026
#@# Inflation2 lh Thu Mar 12 17:19:04 CET 2026
#@# Curv .H and .K lh Thu Mar 12 17:19:18 CET 2026
#@# Sphere lh Thu Mar 12 17:19:54 CET 2026
#@# Surf Reg lh Thu Mar 12 17:22:51 CET 2026
#@# Jacobian white lh Thu Mar 12 17:28:50 CET 2026
#@# AvgCurv lh Thu Mar 12 17:28:51 CET 2026
#@# Cortical Parc lh Thu Mar 12 17:28:51 CET 2026
#@# white curv lh Thu Mar 12 17:34:09 CET 2026
#@# white area lh Thu Mar 12 17:34:10 CET 2026
#@# pial curv lh Thu Mar 12 17:34:11 CET 2026
#@# pial area lh Thu Mar 12 17:34:12 CET 2026
#@# thickness lh Thu Mar 12 17:34:13 CET 2026
#@# area and vertex vol lh Thu Mar 12 17:34:31 CET 2026
#@# Curvature Stats lh Thu Mar 12 17:34:32 CET 2026
#@# Cortical Parc 2 lh Thu Mar 12 17:34:34 CET 2026
#@# Cortical Parc 3 lh Thu Mar 12 17:34:43 CET 2026
#@# WM/GM Contrast lh Thu Mar 12 17:34:51 CET 2026
recon-all -s sub-v1s20x0050331_ses-1 finished without error at Thu Mar 12 17:34:53 CET 2026



#New# invocation of recon-all 



status file for recon-all
Thu Mar 12 18:16:49 CET 2026
#@# white curv lh Thu Mar 12 18:16:50 CET 2026
#@# white area lh Thu Mar 12 18:16:50 CET 2026
#@# pial curv lh Thu Mar 12 18:16:50 CET 2026
#@# pial area lh Thu Mar 12 18:16:50 CET 2026
#@# thickness lh Thu Mar 12 18:16:50 CET 2026
#@# area and vertex vol lh Thu Mar 12 18:16:50 CET 2026
#@# Parcellation Stats lh Thu Mar 12 18:16:50 CET 2026
#@# Parcellation Stats 2 lh Thu Mar 12 18:17:03 CET 2026
#@# Parcellation Stats 3 lh Thu Mar 12 18:17:11 CET 2026
#@# BA_exvivo Labels lh Thu Mar 12 18:17:17 CET 2026
recon-all -s sub-v1s20x0050331_ses-1 finished without error at Thu Mar 12 18:19:23 CET 2026
