/out/sourcedata/freesurfer/sub-v1s20x0050312_ses-1/mri
/opt/freesurfer/bin/talairach_avi
--i orig_nu.mgz --xfm transforms/talairach.auto.xfm
talairach_avi 7.3.2
Linux dna071 5.14.0-427.37.1.el9_4.x86_64 #1 SMP PREEMPT_DYNAMIC Fri Sep 13 12:41:50 EDT 2024 x86_64 x86_64 x86_64 GNU/Linux
Mon Mar  9 07:40:57 CET 2026
mri_convert orig_nu.mgz talsrcimg.img 
reading from orig_nu.mgz...
TR=0.00, TE=0.00, TI=0.00, flip angle=0.00
i_ras = (-1, 0, 0)
j_ras = (0, 0, -1)
k_ras = (0, 1, 0)
writing to talsrcimg.img...
Analyze Output Matrix
-1.00000   0.00000   0.00000   129.50781;
 0.00000   0.00000   1.00000  -128.49219;
 0.00000  -1.00000   0.00000   129.60004;
 0.00000   0.00000   0.00000   1.00000;
--------------------
INFO: set hdr.hist.orient to -1
mpr2mni305 talsrcimg
Mon Mar  9 07:40:57 CET 2026
/opt/freesurfer/bin/mpr2mni305 talsrcimg
mpr2mni305 7.3.2
target=711-2C_as_mni_average_305

---------------------------------------------------------------------
analyzeto4dfp talsrcimg -O0 -y
---------------------------------------------------------------------

freesurfer ifh2hdr.c
Mon Mar  9 07:40:57 2026
Writing: talsrcimg.4dfp.hdr
freesurfer analyzeto4dfp.c
Reading: talsrcimg.hdr
header size 348 bytes
hdr.dime.datatype	offset=70	value=2
hdr.dime.bitpix		offset=72	value=8
hdr.hist.orient		offset=252	value=-1
dimensionality     4
dimensions       256       256       256         1
Reading: talsrcimg.img
Writing: talsrcimg.4dfp.img
Writing: talsrcimg.4dfp.ifh
ifh2hdr talsrcimg -r0to243
ori=2

---------------------------------------------------------------------
gauss_4dfp talsrcimg 1.1
---------------------------------------------------------------------

freesurfer gauss_4dfp.c
Reading: talsrcimg.4dfp.img
Writing: talsrcimg_g11.4dfp.img
image dimensions 256 256 256 padded to 288 288 288
processing volume 1freesurfer ifh2hdr.c
Mon Mar  9 07:40:58 2026
Writing: talsrcimg_g11.4dfp.hdr

Writing: talsrcimg_g11.4dfp.ifh
including: talsrcimg.4dfp.img.rec in talsrcimg_g11.4dfp.img.rec

---------------------------------------------------------------------
imgreg_4dfp /opt/freesurfer/average/711-2C_as_mni_average_305 none talsrcimg_g11 none talsrcimg_to_711-2C_as_mni_average_305_t4 4355
---------------------------------------------------------------------

freesurfer imgreg_4dfp.c
/opt/freesurfer/average/711-2C_as_mni_average_305.4dfp.img
       256       256       256         1
  1.000000  1.000000  1.000000
orientation T byte_order littleendian
Reading image: /opt/freesurfer/average/711-2C_as_mni_average_305.4dfp.img
dimensions:      256       256       256
mmppix:       1.0000   -1.0000   -1.0000
center:     128.0000 -129.0000 -129.0000
talsrcimg_g11.4dfp.img
       256       256       256         1
  1.000000  1.000000  1.000000
orientation T byte_order littleendian
Reading image: talsrcimg_g11.4dfp.img
dimensions:      256       256       256
mmppix:       1.0000   -1.0000   -1.0000
center:     128.0000 -129.0000 -129.0000
t4_read: open error in t4_sub.f l:  41 t4_file(1:l)talsrcimg_to_711-2C_as_mni_average_305_t4 
t4_read: transform initialized to I4
rotation matrix determinant  1.000000
image alignment mode   4355 decimal     1103 hex
   -7.5000  -45.0000  -45.0000 7346.8140   19.9780
    0.0000  -45.0000  -45.0000 7758.8369   19.9470
    7.5000  -45.0000  -45.0000 7542.0713   19.9193
   -7.5000  -37.5000  -45.0000 7871.2197   19.9407
    0.0000  -37.5000  -45.0000 8330.8975   19.9111
    7.5000  -37.5000  -45.0000 8107.4019   19.8901
   -7.5000  -30.0000  -45.0000 8697.0508   19.9242
    0.0000  -30.0000  -45.0000 9195.3193   19.8970
    7.5000  -30.0000  -45.0000 8937.3418   19.8808
   -7.5000  -22.5000  -45.0000 9417.7822   19.9510
    0.0000  -22.5000  -45.0000 9956.2637   19.9262
    7.5000  -22.5000  -45.0000 9690.2109   19.9062
   -7.5000  -15.0000  -45.000010023.9980   19.9933
    0.0000  -15.0000  -45.000010620.0947   19.9683
    7.5000  -15.0000  -45.000010356.9863   19.9421
   -7.5000   -7.5000  -45.000010628.5010   20.0037
    0.0000   -7.5000  -45.000011265.2148   19.9749
    7.5000   -7.5000  -45.000010966.8154   19.9459
   -7.5000    0.0000  -45.000011159.0771   19.9780
    0.0000    0.0000  -45.000011809.6279   19.9470
    7.5000    0.0000  -45.000011501.0811   19.9193
   -7.5000    7.5000  -45.000010853.8877   19.9407
    0.0000    7.5000  -45.000011478.3154   19.9111
    7.5000    7.5000  -45.000011207.4531   19.8901
   -7.5000   15.0000  -45.000010521.1826   19.9242
    0.0000   15.0000  -45.000011101.8389   19.8970
    7.5000   15.0000  -45.000010836.8076   19.8808
   -7.5000   22.5000  -45.000010077.6387   19.9483
    0.0000   22.5000  -45.000010628.1406   19.9235
    7.5000   22.5000  -45.000010351.4688   19.9034
   -7.5000   30.0000  -45.0000 9408.1494   19.7269
    0.0000   30.0000  -45.0000 9933.2354   19.7022
    7.5000   30.0000  -45.0000 9646.6406   19.6763
   -7.5000   37.5000  -45.0000 8996.7754   19.7372
    0.0000   37.5000  -45.0000 9497.5381   19.7087
    7.5000   37.5000  -45.0000 9223.1875   19.6801
   -7.5000   45.0000  -45.0000 8259.8682   19.2113
    0.0000   45.0000  -45.0000 8748.0205   19.1814
    7.5000   45.0000  -45.0000 8490.5127   19.1548
   -7.5000  -45.0000  -37.5000 7876.5425   19.8853
    0.0000  -45.0000  -37.5000 8351.0088   19.8553
    7.5000  -45.0000  -37.5000 8125.2178   19.8275
   -7.5000  -37.5000  -37.5000 8444.5781   19.8675
    0.0000  -37.5000  -37.5000 8948.6260   19.8379
    7.5000  -37.5000  -37.5000 8717.1602   19.8146
   -7.5000  -30.0000  -37.5000 9329.3125   19.8544
    0.0000  -30.0000  -37.5000 9896.3535   19.8283
    7.5000  -30.0000  -37.5000 9622.3633   19.8084
   -7.5000  -22.5000  -37.500010086.1963   19.8633
    0.0000  -22.5000  -37.500010703.5391   19.8404
    7.5000  -22.5000  -37.500010413.4512   19.8177
   -7.5000  -15.0000  -37.500010685.6533   19.8866
    0.0000  -15.0000  -37.500011381.2959   19.8637
    7.5000  -15.0000  -37.500011076.1592   19.8367
   -7.5000   -7.5000  -37.500011273.9590   19.8955
    0.0000   -7.5000  -37.500012013.1318   19.8690
    7.5000   -7.5000  -37.500011672.6074   19.8402
   -7.5000    0.0000  -37.500011803.4932   19.8853
    0.0000    0.0000  -37.500012544.6738   19.8553
    7.5000    0.0000  -37.500012185.8135   19.8275
   -7.5000    7.5000  -37.500011508.8223   19.8675
    0.0000    7.5000  -37.500012201.6660   19.8379
    7.5000    7.5000  -37.500011892.0986   19.8146
   -7.5000   15.0000  -37.500011157.0449   19.8544
    0.0000   15.0000  -37.500011810.6699   19.8283
    7.5000   15.0000  -37.500011514.8721   19.8084
   -7.5000   22.5000  -37.500010643.8799   19.8606
    0.0000   22.5000  -37.500011267.7100   19.8377
    7.5000   22.5000  -37.500010949.9326   19.8150
   -7.5000   30.0000  -37.5000 9902.8379   19.6216
    0.0000   30.0000  -37.500010473.4902   19.5989
    7.5000   30.0000  -37.500010171.1748   19.5724
   -7.5000   37.5000  -37.5000 9429.4102   19.6304
    0.0000   37.5000  -37.5000 9962.6309   19.6042
    7.5000   37.5000  -37.5000 9698.1895   19.5758
   -7.5000   45.0000  -37.5000 8639.8066   19.1221
    0.0000   45.0000  -37.5000 9147.2334   19.0933
    7.5000   45.0000  -37.5000 8915.8389   19.0665
   -7.5000  -45.0000  -30.0000 8565.6865   20.7026
    0.0000  -45.0000  -30.0000 9108.4385   20.6694
    7.5000  -45.0000  -30.0000 8852.1211   20.6426
   -7.5000  -37.5000  -30.0000 9160.0303   20.6856
    0.0000  -37.5000  -30.0000 9767.8252   20.6577
    7.5000  -37.5000  -30.0000 9511.5137   20.6359
   -7.5000  -30.0000  -30.000010101.6436   20.6679
    0.0000  -30.0000  -30.000010762.5186   20.6453
    7.5000  -30.0000  -30.000010470.4814   20.6260
   -7.5000  -22.5000  -30.000010894.6260   20.6711
    0.0000  -22.5000  -30.000011628.2861   20.6471
    7.5000  -22.5000  -30.000011308.4941   20.6244
   -7.5000  -15.0000  -30.000011539.8105   20.6943
    0.0000  -15.0000  -30.000012324.7002   20.6652
    7.5000  -15.0000  -30.000012015.1660   20.6375
   -7.5000   -7.5000  -30.000012130.8242   20.7081
    0.0000   -7.5000  -30.000012946.1455   20.6751
    7.5000   -7.5000  -30.000012599.0625   20.6458
   -7.5000    0.0000  -30.000012682.1455   20.7026
    0.0000    0.0000  -30.000013513.5010   20.6694
    7.5000    0.0000  -30.000013133.5537   20.6426
   -7.5000    7.5000  -30.000012355.4766   20.6856
    0.0000    7.5000  -30.000013145.7754   20.6577
    7.5000    7.5000  -30.000012793.1611   20.6359
   -7.5000   15.0000  -30.000011954.7256   20.6679
    0.0000   15.0000  -30.000012703.1387   20.6453
    7.5000   15.0000  -30.000012365.5889   20.6260
   -7.5000   22.5000  -30.000011364.4795   20.6661
    0.0000   22.5000  -30.000012080.7891   20.6421
    7.5000   22.5000  -30.000011730.4785   20.6195
   -7.5000   30.0000  -30.000010565.2422   20.4204
    0.0000   30.0000  -30.000011185.2158   20.3918
    7.5000   30.0000  -30.000010880.8770   20.3644
   -7.5000   37.5000  -30.000010050.3115   20.4340
    0.0000   37.5000  -30.000010635.4014   20.4015
    7.5000   37.5000  -30.000010347.9229   20.3726
   -7.5000   45.0000  -30.0000 9175.5166   19.9227
    0.0000   45.0000  -30.0000 9728.3301   19.8907
    7.5000   45.0000  -30.0000 9470.6963   19.8649
   -7.5000  -45.0000  -22.5000 9254.1611   21.4190
    0.0000  -45.0000  -22.5000 9863.2461   21.3827
    7.5000  -45.0000  -22.5000 9593.3408   21.3573
   -7.5000  -37.5000  -22.5000 9885.9512   21.3770
    0.0000  -37.5000  -22.500010560.5625   21.3521
    7.5000  -37.5000  -22.500010301.3242   21.3355
   -7.5000  -30.0000  -22.500010856.3877   21.3486
    0.0000  -30.0000  -22.500011614.8467   21.3293
    7.5000  -30.0000  -22.500011321.4326   21.3163
   -7.5000  -22.5000  -22.500011683.3633   21.3692
    0.0000  -22.5000  -22.500012518.7402   21.3425
    7.5000  -22.5000  -22.500012211.7432   21.3226
   -7.5000  -15.0000  -22.500012366.4150   21.4182
    0.0000  -15.0000  -22.500013233.0088   21.3809
    7.5000  -15.0000  -22.500012943.5869   21.3517
   -7.5000   -7.5000  -22.500013013.4961   21.4396
    0.0000   -7.5000  -22.500013866.3311   21.3983
    7.5000   -7.5000  -22.500013581.0137   21.3671
   -7.5000    0.0000  -22.500013588.2402   21.4190
    0.0000    0.0000  -22.500014450.4512   21.3827
    7.5000    0.0000  -22.500014133.6953   21.3573
   -7.5000    7.5000  -22.500013200.3076   21.3770
    0.0000    7.5000  -22.500014035.3770   21.3521
    7.5000    7.5000  -22.500013698.2871   21.3355
   -7.5000   15.0000  -22.500012723.0625   21.3486
    0.0000   15.0000  -22.500013511.0107   21.3293
    7.5000   15.0000  -22.500013196.3301   21.3163
   -7.5000   22.5000  -22.500012046.7920   21.3626
    0.0000   22.5000  -22.500012797.1143   21.3359
    7.5000   22.5000  -22.500012487.9707   21.3161
   -7.5000   30.0000  -22.500011193.3105   21.1380
    0.0000   30.0000  -22.500011888.8242   21.1013
    7.5000   30.0000  -22.500011587.6484   21.0724
   -7.5000   37.5000  -22.500010657.0801   21.1592
    0.0000   37.5000  -22.500011303.3174   21.1184
    7.5000   37.5000  -22.500010997.4385   21.0876
   -7.5000   45.0000  -22.5000 9705.8281   20.6276
    0.0000   45.0000  -22.500010285.9512   20.5926
    7.5000   45.0000  -22.500010016.5186   20.5682
   -7.5000  -45.0000  -15.0000 9928.0986   21.9560
    0.0000  -45.0000  -15.000010589.3447   21.9172
    7.5000  -45.0000  -15.000010333.6719   21.8917
   -7.5000  -37.5000  -15.000010604.8184   21.8895
    0.0000  -37.5000  -15.000011339.1914   21.8644
    7.5000  -37.5000  -15.000011077.4365   21.8511
   -7.5000  -30.0000  -15.000011632.2939   21.8539
    0.0000  -30.0000  -15.000012454.2549   21.8346
    7.5000  -30.0000  -15.000012171.9258   21.8277
   -7.5000  -22.5000  -15.000012487.3330   21.8941
    0.0000  -22.5000  -15.000013386.2168   21.8666
    7.5000  -22.5000  -15.000013104.4248   21.8516
   -7.5000  -15.0000  -15.000013209.5537   21.9672
    0.0000  -15.0000  -15.000014076.1465   21.9276
    7.5000  -15.0000  -15.000013823.8398   21.9000
   -7.5000   -7.5000  -15.000013882.0420   21.9933
    0.0000   -7.5000  -15.000014741.3887   21.9483
    7.5000   -7.5000  -15.000014460.7988   21.9166
   -7.5000    0.0000  -15.000014490.2363   21.9560
    0.0000    0.0000  -15.000015390.4287   21.9172
    7.5000    0.0000  -15.000015071.5215   21.8917
   -7.5000    7.5000  -15.000014054.5986   21.8895
    0.0000    7.5000  -15.000014939.4932   21.8644
    7.5000    7.5000  -15.000014588.8857   21.8511
   -7.5000   15.0000  -15.000013511.4424   21.8539
    0.0000   15.0000  -15.000014329.9092   21.8346
    7.5000   15.0000  -15.000014017.6074   21.8277
   -7.5000   22.5000  -15.000012755.2598   21.8864
    0.0000   22.5000  -15.000013528.8242   21.8588
    7.5000   22.5000  -15.000013238.4297   21.8439
   -7.5000   30.0000  -15.000011829.3936   21.6829
    0.0000   30.0000  -15.000012567.0586   21.6438
    7.5000   30.0000  -15.000012286.8193   21.6165
   -7.5000   37.5000  -15.000011255.5664   21.7087
    0.0000   37.5000  -15.000011949.8252   21.6643
    7.5000   37.5000  -15.000011661.8496   21.6329
   -7.5000   45.0000  -15.000010244.3330   21.1575
    0.0000   45.0000  -15.000010851.4258   21.1201
    7.5000   45.0000  -15.000010565.7012   21.0955
   -7.5000  -45.0000   -7.500010667.9326   22.2312
    0.0000  -45.0000   -7.500011371.7383   22.1939
    7.5000  -45.0000   -7.500011082.0088   22.1653
   -7.5000  -37.5000   -7.500011362.8340   22.1669
    0.0000  -37.5000   -7.500012137.7725   22.1387
    7.5000  -37.5000   -7.500011855.7119   22.1213
   -7.5000  -30.0000   -7.500012455.6748   22.1363
    0.0000  -30.0000   -7.500013339.2432   22.1128
    7.5000  -30.0000   -7.500013042.1182   22.1030
   -7.5000  -22.5000   -7.500013393.6680   22.1787
    0.0000  -22.5000   -7.500014330.1748   22.1521
    7.5000  -22.5000   -7.500014017.7227   22.1364
   -7.5000  -15.0000   -7.500014121.1602   22.2487
    0.0000  -15.0000   -7.500014980.9023   22.2150
    7.5000  -15.0000   -7.500014656.8008   22.1883
   -7.5000   -7.5000   -7.500014795.1641   22.2704
    0.0000   -7.5000   -7.500015651.7236   22.2308
    7.5000   -7.5000   -7.500015266.6943   22.1990
   -7.5000    0.0000   -7.500015417.6514   22.2312
    0.0000    0.0000   -7.500016350.6426   22.1939
    7.5000    0.0000   -7.500015908.2344   22.1653
   -7.5000    7.5000   -7.500014936.1074   22.1669
    0.0000    7.5000   -7.500015851.7285   22.1387
    7.5000    7.5000   -7.500015430.8906   22.1213
   -7.5000   15.0000   -7.500014326.2715   22.1363
    0.0000   15.0000   -7.500015188.9678   22.1128
    7.5000   15.0000   -7.500014817.9932   22.1030
   -7.5000   22.5000   -7.500013472.8242   22.1685
    0.0000   22.5000   -7.500014291.0615   22.1419
    7.5000   22.5000   -7.500013969.8213   22.1262
   -7.5000   30.0000   -7.500012487.0635   21.9601
    0.0000   30.0000   -7.500013259.0693   21.9269
    7.5000   30.0000   -7.500012980.9463   21.9006
   -7.5000   37.5000   -7.500011873.9375   21.9816
    0.0000   37.5000   -7.500012592.6836   21.9425
    7.5000   37.5000   -7.500012327.0322   21.9111
   -7.5000   45.0000   -7.500010798.7197   21.4267
    0.0000   45.0000   -7.500011424.9590   21.3907
    7.5000   45.0000   -7.500011155.1064   21.3632
   -7.5000  -45.0000    0.000011285.6553   22.2740
    0.0000  -45.0000    0.000012016.6289   22.2403
    7.5000  -45.0000    0.000011710.9502   22.2089
   -7.5000  -37.5000    0.000011999.1426   22.2317
    0.0000  -37.5000    0.000012773.5586   22.1998
    7.5000  -37.5000    0.000012477.1377   22.1761
   -7.5000  -30.0000    0.000013168.2578   22.2122
    0.0000  -30.0000    0.000014055.0322   22.1831
    7.5000  -30.0000    0.000013729.1543   22.1652
   -7.5000  -22.5000    0.000014183.7256   22.2417
    0.0000  -22.5000    0.000015166.3545   22.2154
    7.5000  -22.5000    0.000014811.5469   22.1931
   -7.5000  -15.0000    0.000014980.2256   22.2896
    0.0000  -15.0000    0.000015835.8008   22.2627
    7.5000  -15.0000    0.000015399.7119   22.2334
   -7.5000   -7.5000    0.000015646.8281   22.3022
    0.0000   -7.5000    0.000016436.0801   22.2710
    7.5000   -7.5000    0.000015924.2607   22.2381
   -7.5000    0.0000    0.000016246.3447   22.2740
    0.0000    0.0000    0.000017099.2441   22.2403
    7.5000    0.0000    0.000016558.5664   22.2089
   -7.5000    7.5000    0.000015701.9131   22.2317
    0.0000    7.5000    0.000016556.5840   22.1998
    7.5000    7.5000    0.000016093.7344   22.1761
   -7.5000   15.0000    0.000015051.1221   22.2122
    0.0000   15.0000    0.000015881.3828   22.1831
    7.5000   15.0000    0.000015456.8545   22.1652
   -7.5000   22.5000    0.000014110.6064   22.2314
    0.0000   22.5000    0.000014921.7617   22.2051
    7.5000   22.5000    0.000014556.9150   22.1829
   -7.5000   30.0000    0.000013074.5977   22.0011
    0.0000   30.0000    0.000013843.9141   21.9746
    7.5000   30.0000    0.000013536.5986   21.9456
   -7.5000   37.5000    0.000012466.6777   22.0136
    0.0000   37.5000    0.000013172.5264   21.9828
    7.5000   37.5000    0.000012876.0928   21.9503
   -7.5000   45.0000    0.000011329.6699   21.4696
    0.0000   45.0000    0.000011943.8389   21.4371
    7.5000   45.0000    0.000011646.8301   21.4068
   -7.5000  -45.0000    7.500010998.3008   22.2517
    0.0000  -45.0000    7.500011703.3809   22.2181
    7.5000  -45.0000    7.500011388.4824   22.1869
   -7.5000  -37.5000    7.500011715.3486   22.2318
    0.0000  -37.5000    7.500012437.5420   22.1987
    7.5000  -37.5000    7.500012105.2930   22.1727
   -7.5000  -30.0000    7.500012864.0361   22.2172
    0.0000  -30.0000    7.500013698.4551   22.1880
    7.5000  -30.0000    7.500013361.8516   22.1657
   -7.5000  -22.5000    7.500013872.4561   22.2271
    0.0000  -22.5000    7.500014852.9053   22.2015
    7.5000  -22.5000    7.500014510.0078   22.1761
   -7.5000  -15.0000    7.500014738.9258   22.2531
    0.0000  -15.0000    7.500015588.5537   22.2274
    7.5000  -15.0000    7.500015049.9023   22.1972
   -7.5000   -7.5000    7.500015398.6113   22.2630
    0.0000   -7.5000    7.500016081.9248   22.2334
    7.5000   -7.5000    7.500015492.2197   22.2011
   -7.5000    0.0000    7.500015918.7422   22.2517
    0.0000    0.0000    7.500016603.5332   22.2181
    7.5000    0.0000    7.500016084.0908   22.1869
   -7.5000    7.5000    7.500015368.1152   22.2318
    0.0000    7.5000    7.500016097.4229   22.1987
    7.5000    7.5000    7.500015604.7188   22.1727
   -7.5000   15.0000    7.500014698.8555   22.2172
    0.0000   15.0000    7.500015450.1357   22.1880
    7.5000   15.0000    7.500014937.5547   22.1657
   -7.5000   22.5000    7.500013755.3389   22.2169
    0.0000   22.5000    7.500014504.5088   22.1912
    7.5000   22.5000    7.500014019.0518   22.1658
   -7.5000   30.0000    7.500012708.5225   21.9651
    0.0000   30.0000    7.500013413.1953   21.9397
    7.5000   30.0000    7.500013006.9531   21.9100
   -7.5000   37.5000    7.500012124.3008   21.9749
    0.0000   37.5000    7.500012729.9736   21.9456
    7.5000   37.5000    7.500012381.0801   21.9138
   -7.5000   45.0000    7.500011010.7812   21.4480
    0.0000   45.0000    7.500011563.6670   21.4157
    7.5000   45.0000    7.500011230.7891   21.3856
   -7.5000  -45.0000   15.000010583.2461   22.2312
    0.0000  -45.0000   15.000011240.8193   22.1956
    7.5000  -45.0000   15.000010929.1562   22.1667
   -7.5000  -37.5000   15.000011291.2520   22.2129
    0.0000  -37.5000   15.000011955.4072   22.1830
    7.5000  -37.5000   15.000011624.9531   22.1595
   -7.5000  -30.0000   15.000012377.2373   22.1939
    0.0000  -30.0000   15.000013130.7354   22.1696
    7.5000  -30.0000   15.000012819.1836   22.1489
   -7.5000  -22.5000   15.000013354.3691   22.1973
    0.0000  -22.5000   15.000014253.1250   22.1716
    7.5000  -22.5000   15.000013781.8398   22.1472
   -7.5000  -15.0000   15.000014237.6475   22.2222
    0.0000  -15.0000   15.000014994.0908   22.1911
    7.5000  -15.0000   15.000014346.2852   22.1613
   -7.5000   -7.5000   15.000014935.9297   22.2370
    0.0000   -7.5000   15.000015609.1855   22.2016
    7.5000   -7.5000   15.000014976.1553   22.1702
   -7.5000    0.0000   15.000015484.7383   22.2312
    0.0000    0.0000   15.000016188.8271   22.1956
    7.5000    0.0000   15.000015644.7959   22.1667
   -7.5000    7.5000   15.000014918.1855   22.2129
    0.0000    7.5000   15.000015608.7910   22.1830
    7.5000    7.5000   15.000015057.3838   22.1595
   -7.5000   15.0000   15.000014246.5908   22.1939
    0.0000   15.0000   15.000014916.9551   22.1696
    7.5000   15.0000   15.000014355.4023   22.1489
   -7.5000   22.5000   15.000013306.2725   22.1871
    0.0000   22.5000   15.000013969.7021   22.1614
    7.5000   22.5000   15.000013435.8037   22.1370
   -7.5000   30.0000   15.000012288.1895   21.9346
    0.0000   30.0000   15.000012911.3076   21.9039
    7.5000   30.0000   15.000012447.7422   21.8744
   -7.5000   37.5000   15.000011713.1328   21.9493
    0.0000   37.5000   15.000012260.0234   21.9143
    7.5000   37.5000   15.000011831.5010   21.8833
   -7.5000   45.0000   15.000010596.6768   21.4283
    0.0000   45.0000   15.000011104.1885   21.3940
    7.5000   45.0000   15.000010709.1963   21.3662
   -7.5000  -45.0000   22.500010029.7256   22.2347
    0.0000  -45.0000   22.500010661.9072   22.1970
    7.5000  -45.0000   22.500010379.9883   22.1707
   -7.5000  -37.5000   22.500010713.9277   22.1911
    0.0000  -37.5000   22.500011346.2002   22.1652
    7.5000  -37.5000   22.500011057.4570   22.1480
   -7.5000  -30.0000   22.500011737.3633   22.1615
    0.0000  -30.0000   22.500012468.8750   22.1416
    7.5000  -30.0000   22.500012147.5938   22.1280
   -7.5000  -22.5000   22.500012697.7490   22.1830
    0.0000  -22.5000   22.500013469.7754   22.1552
    7.5000  -22.5000   22.500012988.0537   22.1346
   -7.5000  -15.0000   22.500013552.5596   22.2338
    0.0000  -15.0000   22.500014217.8125   22.1951
    7.5000  -15.0000   22.500013633.3018   22.1648
   -7.5000   -7.5000   22.500014242.4521   22.2561
    0.0000   -7.5000   22.500014975.0605   22.2131
    7.5000   -7.5000   22.500014418.9121   22.1808
   -7.5000    0.0000   22.500014815.5801   22.2347
    0.0000    0.0000   22.500015642.9121   22.1970
    7.5000    0.0000   22.500015122.0781   22.1707
   -7.5000    7.5000   22.500014309.6318   22.1911
    0.0000    7.5000   22.500015088.1924   22.1652
    7.5000    7.5000   22.500014520.8086   22.1480
   -7.5000   15.0000   22.500013631.0059   22.1615
    0.0000   15.0000   22.500014341.5479   22.1416
    7.5000   15.0000   22.500013778.1973   22.1280
   -7.5000   22.5000   22.500012714.3867   22.1728
    0.0000   22.5000   22.500013360.7090   22.1450
    7.5000   22.5000   22.500012833.1904   22.1244
   -7.5000   30.0000   22.500011750.0303   21.9461
    0.0000   30.0000   22.500012323.8115   21.9079
    7.5000   30.0000   22.500011837.8623   21.8780
   -7.5000   37.5000   22.500011176.0166   21.9680
    0.0000   37.5000   22.500011658.3779   21.9256
    7.5000   37.5000   22.500011188.2012   21.8937
   -7.5000   45.0000   22.500010084.6016   21.4317
    0.0000   45.0000   22.500010511.0146   21.3953
    7.5000   45.0000   22.500010097.8721   21.3700
   -7.5000  -45.0000   30.0000 9378.6445   22.2575
    0.0000  -45.0000   30.0000 9981.9453   22.2181
    7.5000  -45.0000   30.0000 9745.4521   22.1922
   -7.5000  -37.5000   30.000010003.3975   22.1901
    0.0000  -37.5000   30.000010631.2070   22.1647
    7.5000  -37.5000   30.000010394.1641   22.1512
   -7.5000  -30.0000   30.000010974.7012   22.1540
    0.0000  -30.0000   30.000011681.8477   22.1344
    7.5000  -30.0000   30.000011404.5527   22.1274
   -7.5000  -22.5000   30.000011889.2852   22.1947
    0.0000  -22.5000   30.000012585.7979   22.1668
    7.5000  -22.5000   30.000012171.8711   22.1516
   -7.5000  -15.0000   30.000012658.4004   22.2688
    0.0000  -15.0000   30.000013273.6250   22.2286
    7.5000  -15.0000   30.000012825.7598   22.2006
   -7.5000   -7.5000   30.000013300.5693   22.2953
    0.0000   -7.5000   30.000013978.0127   22.2497
    7.5000   -7.5000   30.000013515.1875   22.2174
   -7.5000    0.0000   30.000013864.3994   22.2575
    0.0000    0.0000   30.000014623.8789   22.2181
    7.5000    0.0000   30.000014159.9844   22.1922
   -7.5000    7.5000   30.000013443.2422   22.1901
    0.0000    7.5000   30.000014193.9590   22.1647
    7.5000    7.5000   30.000013723.1416   22.1512
   -7.5000   15.0000   30.000012833.6221   22.1540
    0.0000   15.0000   30.000013523.8662   22.1344
    7.5000   15.0000   30.000013059.1904   22.1274
   -7.5000   22.5000   30.000011967.3643   22.1845
    0.0000   22.5000   30.000012594.7871   22.1565
    7.5000   22.5000   30.000012151.5488   22.1414
   -7.5000   30.0000   30.000011040.0781   21.9806
    0.0000   30.0000   30.000011590.4189   21.9409
    7.5000   30.0000   30.000011165.2002   21.9133
   -7.5000   37.5000   30.000010458.1309   22.0067
    0.0000   37.5000   30.000010913.0010   21.9617
    7.5000   37.5000   30.000010507.2480   21.9299
   -7.5000   45.0000   30.0000 9427.7363   21.4536
    0.0000   45.0000   30.0000 9811.9482   21.4157
    7.5000   45.0000   30.0000 9448.3789   21.3907
   -7.5000  -45.0000   37.5000 9017.8447   22.3430
    0.0000  -45.0000   37.5000 9605.8281   22.3056
    7.5000  -45.0000   37.5000 9411.8818   22.2767
   -7.5000  -37.5000   37.5000 9618.7373   22.2784
    0.0000  -37.5000   37.500010248.8184   22.2502
    7.5000  -37.5000   37.500010025.9766   22.2326
   -7.5000  -30.0000   37.500010546.4131   22.2477
    0.0000  -30.0000   37.500011213.9678   22.2242
    7.5000  -30.0000   37.500010963.5576   22.2144
   -7.5000  -22.5000   37.500011405.8799   22.2905
    0.0000  -22.5000   37.500012058.2070   22.2636
    7.5000  -22.5000   37.500011711.6465   22.2478
   -7.5000  -15.0000   37.500012109.5684   22.3608
    0.0000  -15.0000   37.500012710.4170   22.3268
    7.5000  -15.0000   37.500012360.9102   22.2998
   -7.5000   -7.5000   37.500012725.8662   22.3825
    0.0000   -7.5000   37.500013386.3291   22.3427
    7.5000   -7.5000   37.500012998.6152   22.3105
   -7.5000    0.0000   37.500013302.4805   22.3430
    0.0000    0.0000   37.500014000.2256   22.3056
    7.5000    0.0000   37.500013583.1074   22.2767
   -7.5000    7.5000   37.500012918.5195   22.2784
    0.0000    7.5000   37.500013606.1016   22.2502
    7.5000    7.5000   37.500013203.6807   22.2326
   -7.5000   15.0000   37.500012369.1426   22.2477
    0.0000   15.0000   37.500013022.3193   22.2242
    7.5000   15.0000   37.500012631.9570   22.2144
   -7.5000   22.5000   37.500011546.3955   22.2802
    0.0000   22.5000   37.500012148.2598   22.2534
    7.5000   22.5000   37.500011758.4482   22.2375
   -7.5000   30.0000   37.500010638.2744   22.0714
    0.0000   30.0000   37.500011180.0312   22.0378
    7.5000   30.0000   37.500010792.6904   22.0112
   -7.5000   37.5000   37.500010053.6631   22.0929
    0.0000   37.5000   37.500010519.9756   22.0535
    7.5000   37.5000   37.500010151.8867   22.0217
   -7.5000   45.0000   37.5000 9061.8740   21.5361
    0.0000   45.0000   37.5000 9451.2725   21.5000
    7.5000   45.0000   37.5000 9115.9502   21.4722
   -7.5000  -45.0000   45.0000 8267.2090   22.4198
    0.0000  -45.0000   45.0000 8808.3496   22.3868
    7.5000  -45.0000   45.0000 8629.3721   22.3551
   -7.5000  -37.5000   45.0000 8799.7285   22.3781
    0.0000  -37.5000   45.0000 9366.7109   22.3468
    7.5000  -37.5000   45.0000 9166.2783   22.3226
   -7.5000  -30.0000   45.0000 9624.8701   22.3600
    0.0000  -30.0000   45.000010220.7471   22.3314
    7.5000  -30.0000   45.0000 9999.8711   22.3131
   -7.5000  -22.5000   45.000010400.8535   22.3907
    0.0000  -22.5000   45.000010995.9277   22.3648
    7.5000  -22.5000   45.000010722.1152   22.3425
   -7.5000  -15.0000   45.000011054.1807   22.4382
    0.0000  -15.0000   45.000011626.7109   22.4121
    7.5000  -15.0000   45.000011333.6797   22.3828
   -7.5000   -7.5000   45.000011626.5566   22.4493
    0.0000   -7.5000   45.000012220.7656   22.4188
    7.5000   -7.5000   45.000011888.9854   22.3859
   -7.5000    0.0000   45.000012144.4229   22.4198
    0.0000    0.0000   45.000012758.6064   22.3868
    7.5000    0.0000   45.000012392.0713   22.3551
   -7.5000    7.5000   45.000011791.6719   22.3781
    0.0000    7.5000   45.000012384.5410   22.3468
    7.5000    7.5000   45.000012043.2090   22.3226
   -7.5000   15.0000   45.000011304.4424   22.3600
    0.0000   15.0000   45.000011876.9883   22.3314
    7.5000   15.0000   45.000011533.5469   22.3131
   -7.5000   22.5000   45.000010563.0488   22.3803
    0.0000   22.5000   45.000011091.8340   22.3545
    7.5000   22.5000   45.000010742.7275   22.3321
   -7.5000   30.0000   45.0000 9716.8643   22.1459
    0.0000   30.0000   45.000010199.7139   22.1201
    7.5000   30.0000   45.0000 9884.7012   22.0912
   -7.5000   37.5000   45.0000 9188.0537   22.1568
    0.0000   37.5000   45.0000 9643.3076   22.1267
    7.5000   37.5000   45.0000 9328.4053   22.0943
   -7.5000   45.0000   45.0000 8296.2383   21.6199
    0.0000   45.0000   45.0000 8681.1055   21.5881
    7.5000   45.0000   45.0000 8382.2432   21.5576

---------------------------------------------------------------------
imgreg_4dfp /opt/freesurfer/average/711-2C_as_mni_average_305 /opt/freesurfer/average/711-2B_as_mni_average_305_mask talsrcimg_g11 none talsrcimg_to_711-2C_as_mni_average_305_t4 4355
---------------------------------------------------------------------

freesurfer imgreg_4dfp.c
/opt/freesurfer/average/711-2C_as_mni_average_305.4dfp.img
       256       256       256         1
  1.000000  1.000000  1.000000
orientation T byte_order littleendian
Reading image: /opt/freesurfer/average/711-2C_as_mni_average_305.4dfp.img
dimensions:      256       256       256
mmppix:       1.0000   -1.0000   -1.0000
center:     128.0000 -129.0000 -129.0000
/opt/freesurfer/average/711-2B_as_mni_average_305_mask.4dfp.img
       256       256       256         1
  1.000000  1.000000  1.000000
orientation T byte_order littleendian
Reading mask: /opt/freesurfer/average/711-2B_as_mni_average_305_mask.4dfp.img (2306576 pixels)
talsrcimg_g11.4dfp.img
       256       256       256         1
  1.000000  1.000000  1.000000
orientation T byte_order littleendian
Reading image: talsrcimg_g11.4dfp.img
dimensions:      256       256       256
mmppix:       1.0000   -1.0000   -1.0000
center:     128.0000 -129.0000 -129.0000
rotation matrix determinant  1.000000
image alignment mode   4355 decimal     1103 hex
   -7.5000  -45.0000  -45.0000 1970.5007   24.0161
    0.0000  -45.0000  -45.0000 1993.3840   23.6577
    7.5000  -45.0000  -45.0000 1997.6986   23.6464
   -7.5000  -37.5000  -45.0000 2062.2788   21.8113
    0.0000  -37.5000  -45.0000 2086.3459   21.4915
    7.5000  -37.5000  -45.0000 2090.5803   21.4808
   -7.5000  -30.0000  -45.0000 2134.3203   20.2297
    0.0000  -30.0000  -45.0000 2152.5962   19.9224
    7.5000  -30.0000  -45.0000 2162.3699   19.8706
   -7.5000  -22.5000  -45.0000 2181.0493   19.1593
    0.0000  -22.5000  -45.0000 2199.9189   18.7975
    7.5000  -22.5000  -45.0000 2211.1162   18.7207
   -7.5000  -15.0000  -45.0000 2214.1001   18.4685
    0.0000  -15.0000  -45.0000 2235.7966   18.0513
    7.5000  -15.0000  -45.0000 2245.8733   18.0124
   -7.5000   -7.5000  -45.0000 2228.9111   18.2219
    0.0000   -7.5000  -45.0000 2253.8616   17.7784
    7.5000   -7.5000  -45.0000 2261.6819   17.7613
   -7.5000    0.0000  -45.0000 2219.8545   18.4082
    0.0000    0.0000  -45.0000 2246.5034   17.9461
    7.5000    0.0000  -45.0000 2257.0940   17.8995
   -7.5000    7.5000  -45.0000 2190.1226   18.9434
    0.0000    7.5000  -45.0000 2218.7280   18.4532
    7.5000    7.5000  -45.0000 2230.5283   18.4093
   -7.5000   15.0000  -45.0000 2140.7654   19.8211
    0.0000   15.0000  -45.0000 2170.5034   19.2963
    7.5000   15.0000  -45.0000 2180.7849   19.2656
   -7.5000   22.5000  -45.0000 2074.9036   21.2078
    0.0000   22.5000  -45.0000 2105.4324   20.6248
    7.5000   22.5000  -45.0000 2113.0225   20.5792
   -7.5000   30.0000  -45.0000 1982.2969   23.1167
    0.0000   30.0000  -45.0000 2017.8053   22.4756
    7.5000   30.0000  -45.0000 2025.5968   22.4206
   -7.5000   37.5000  -45.0000 1884.1506   25.6590
    0.0000   37.5000  -45.0000 1911.6576   24.9887
    7.5000   37.5000  -45.0000 1920.8641   24.8375
   -7.5000   45.0000  -45.0000 1767.7610   28.9720
    0.0000   45.0000  -45.0000 1796.3273   28.1968
    7.5000   45.0000  -45.0000 1804.7012   28.0428
   -7.5000  -45.0000  -37.5000 2066.2417   21.9691
    0.0000  -45.0000  -37.5000 2093.2107   21.6616
    7.5000  -45.0000  -37.5000 2098.9807   21.6769
   -7.5000  -37.5000  -37.5000 2164.1296   19.9606
    0.0000  -37.5000  -37.5000 2186.1257   19.6964
    7.5000  -37.5000  -37.5000 2194.0002   19.7010
   -7.5000  -30.0000  -37.5000 2242.6636   18.5272
    0.0000  -30.0000  -37.5000 2264.5945   18.2335
    7.5000  -30.0000  -37.5000 2272.6611   18.1904
   -7.5000  -22.5000  -37.5000 2293.2466   17.5047
    0.0000  -22.5000  -37.5000 2313.7080   17.1936
    7.5000  -22.5000  -37.5000 2322.2725   17.1546
   -7.5000  -15.0000  -37.5000 2319.2356   16.8923
    0.0000  -15.0000  -37.5000 2341.4878   16.5233
    7.5000  -15.0000  -37.5000 2351.4773   16.5063
   -7.5000   -7.5000  -37.5000 2330.7285   16.6889
    0.0000   -7.5000  -37.5000 2358.0186   16.2893
    7.5000   -7.5000  -37.5000 2363.0146   16.2324
   -7.5000    0.0000  -37.5000 2319.1230   16.8813
    0.0000    0.0000  -37.5000 2347.1423   16.4278
    7.5000    0.0000  -37.5000 2356.3584   16.3593
   -7.5000    7.5000  -37.5000 2292.9023   17.3952
    0.0000    7.5000  -37.5000 2321.2026   16.8918
    7.5000    7.5000  -37.5000 2333.5605   16.8175
   -7.5000   15.0000  -37.5000 2242.4233   18.2446
    0.0000   15.0000  -37.5000 2272.6680   17.7297
    7.5000   15.0000  -37.5000 2285.8506   17.6798
   -7.5000   22.5000  -37.5000 2167.2317   19.5554
    0.0000   22.5000  -37.5000 2202.2405   19.0083
    7.5000   22.5000  -37.5000 2213.1016   18.9289
   -7.5000   30.0000  -37.5000 2072.9814   21.3234
    0.0000   30.0000  -37.5000 2106.7209   20.7488
    7.5000   30.0000  -37.5000 2115.8000   20.6371
   -7.5000   37.5000  -37.5000 1957.4819   23.6326
    0.0000   37.5000  -37.5000 1988.4556   22.9797
    7.5000   37.5000  -37.5000 2001.2224   22.8195
   -7.5000   45.0000  -37.5000 1833.2855   26.5429
    0.0000   45.0000  -37.5000 1864.7280   25.9030
    7.5000   45.0000  -37.5000 1881.3042   25.7180
   -7.5000  -45.0000  -30.0000 2190.0554   20.9989
    0.0000  -45.0000  -30.0000 2219.1648   20.7015
    7.5000  -45.0000  -30.0000 2225.0972   20.6695
   -7.5000  -37.5000  -30.0000 2293.9312   19.0338
    0.0000  -37.5000  -30.0000 2325.6934   18.7635
    7.5000  -37.5000  -30.0000 2331.4949   18.7569
   -7.5000  -30.0000  -30.0000 2387.2744   17.6017
    0.0000  -30.0000  -30.0000 2411.8643   17.3222
    7.5000  -30.0000  -30.0000 2414.6562   17.2917
   -7.5000  -22.5000  -30.0000 2445.5981   16.6061
    0.0000  -22.5000  -30.0000 2467.3872   16.3171
    7.5000  -22.5000  -30.0000 2476.1936   16.2723
   -7.5000  -15.0000  -30.0000 2476.0388   16.0346
    0.0000  -15.0000  -30.0000 2499.9011   15.7280
    7.5000  -15.0000  -30.0000 2506.8948   15.6483
   -7.5000   -7.5000  -30.0000 2480.2510   15.8971
    0.0000   -7.5000  -30.0000 2510.6382   15.5052
    7.5000   -7.5000  -30.0000 2516.6504   15.4280
   -7.5000    0.0000  -30.0000 2469.0339   16.1024
    0.0000    0.0000  -30.0000 2504.2476   15.6367
    7.5000    0.0000  -30.0000 2511.2935   15.5242
   -7.5000    7.5000  -30.0000 2438.4751   16.6027
    0.0000    7.5000  -30.0000 2475.3584   16.1086
    7.5000    7.5000  -30.0000 2487.7725   16.0106
   -7.5000   15.0000  -30.0000 2383.5593   17.4535
    0.0000   15.0000  -30.0000 2422.0244   16.9257
    7.5000   15.0000  -30.0000 2435.3511   16.8393
   -7.5000   22.5000  -30.0000 2301.2979   18.6997
    0.0000   22.5000  -30.0000 2342.2021   18.1842
    7.5000   22.5000  -30.0000 2353.6143   18.0575
   -7.5000   30.0000  -30.0000 2202.3916   20.4149
    0.0000   30.0000  -30.0000 2237.9363   19.8402
    7.5000   30.0000  -30.0000 2249.5200   19.7298
   -7.5000   37.5000  -30.0000 2074.6108   22.6056
    0.0000   37.5000  -30.0000 2110.2695   21.9283
    7.5000   37.5000  -30.0000 2122.6746   21.7844
   -7.5000   45.0000  -30.0000 1935.9507   25.3379
    0.0000   45.0000  -30.0000 1972.8334   24.6688
    7.5000   45.0000  -30.0000 1985.4722   24.4933
   -7.5000  -45.0000  -22.5000 2283.7859   19.9652
    0.0000  -45.0000  -22.5000 2315.3108   19.6686
    7.5000  -45.0000  -22.5000 2323.5630   19.6225
   -7.5000  -37.5000  -22.5000 2396.6680   18.0769
    0.0000  -37.5000  -22.5000 2428.9497   17.7849
    7.5000  -37.5000  -22.5000 2437.3535   17.7532
   -7.5000  -30.0000  -22.5000 2492.2817   16.6670
    0.0000  -30.0000  -22.5000 2521.5200   16.3831
    7.5000  -30.0000  -22.5000 2524.2285   16.3635
   -7.5000  -22.5000  -22.5000 2561.2764   15.6954
    0.0000  -22.5000  -22.5000 2590.0227   15.3932
    7.5000  -22.5000  -22.5000 2595.1047   15.3508
   -7.5000  -15.0000  -22.5000 2600.6011   15.1480
    0.0000  -15.0000  -22.5000 2633.0459   14.7902
    7.5000  -15.0000  -22.5000 2635.3167   14.7414
   -7.5000   -7.5000  -22.5000 2614.2668   15.0058
    0.0000   -7.5000  -22.5000 2643.8894   14.5893
    7.5000   -7.5000  -22.5000 2653.4758   14.5183
   -7.5000    0.0000  -22.5000 2599.9355   15.2271
    0.0000    0.0000  -22.5000 2638.7690   14.7585
    7.5000    0.0000  -22.5000 2648.3838   14.6292
   -7.5000    7.5000  -22.5000 2560.3513   15.7089
    0.0000    7.5000  -22.5000 2606.8550   15.2114
    7.5000    7.5000  -22.5000 2620.2285   15.1000
   -7.5000   15.0000  -22.5000 2501.0757   16.5542
    0.0000   15.0000  -22.5000 2546.7522   16.0336
    7.5000   15.0000  -22.5000 2561.0742   15.9046
   -7.5000   22.5000  -22.5000 2412.0510   17.7399
    0.0000   22.5000  -22.5000 2458.8059   17.2252
    7.5000   22.5000  -22.5000 2473.1929   17.1030
   -7.5000   30.0000  -22.5000 2300.4133   19.3753
    0.0000   30.0000  -22.5000 2346.7107   18.8195
    7.5000   30.0000  -22.5000 2360.1597   18.6656
   -7.5000   37.5000  -22.5000 2167.3643   21.4012
    0.0000   37.5000  -22.5000 2212.1189   20.7859
    7.5000   37.5000  -22.5000 2223.1292   20.6529
   -7.5000   45.0000  -22.5000 2020.3074   24.0255
    0.0000   45.0000  -22.5000 2057.9475   23.3335
    7.5000   45.0000  -22.5000 2068.5613   23.2092
   -7.5000  -45.0000  -15.0000 2347.0986   19.0848
    0.0000  -45.0000  -15.0000 2378.2104   18.7113
    7.5000  -45.0000  -15.0000 2387.2808   18.6815
   -7.5000  -37.5000  -15.0000 2464.7307   17.2353
    0.0000  -37.5000  -15.0000 2501.3020   16.8602
    7.5000  -37.5000  -15.0000 2509.8726   16.8461
   -7.5000  -30.0000  -15.0000 2566.2136   15.8543
    0.0000  -30.0000  -15.0000 2600.8328   15.4745
    7.5000  -30.0000  -15.0000 2604.9512   15.4722
   -7.5000  -22.5000  -15.0000 2643.3560   14.9078
    0.0000  -22.5000  -15.0000 2676.4253   14.5151
    7.5000  -22.5000  -15.0000 2682.8420   14.4859
   -7.5000  -15.0000  -15.0000 2690.5435   14.3443
    0.0000  -15.0000  -15.0000 2729.2141   13.8728
    7.5000  -15.0000  -15.0000 2733.9531   13.8652
   -7.5000   -7.5000  -15.0000 2717.0562   14.1831
    0.0000   -7.5000  -15.0000 2753.8574   13.7011
    7.5000   -7.5000  -15.0000 2759.2639   13.6338
   -7.5000    0.0000  -15.0000 2700.3340   14.3529
    0.0000    0.0000  -15.0000 2748.4004   13.8692
    7.5000    0.0000  -15.0000 2761.6672   13.7507
   -7.5000    7.5000  -15.0000 2662.6897   14.8698
    0.0000    7.5000  -15.0000 2716.1760   14.3446
    7.5000    7.5000  -15.0000 2730.9514   14.1992
   -7.5000   15.0000  -15.0000 2594.9177   15.6715
    0.0000   15.0000  -15.0000 2643.2532   15.1617
    7.5000   15.0000  -15.0000 2660.4929   15.0094
   -7.5000   22.5000  -15.0000 2497.0249   16.8046
    0.0000   22.5000  -15.0000 2547.5022   16.2934
    7.5000   22.5000  -15.0000 2563.8320   16.1798
   -7.5000   30.0000  -15.0000 2374.6008   18.3405
    0.0000   30.0000  -15.0000 2427.8828   17.8327
    7.5000   30.0000  -15.0000 2445.5295   17.7125
   -7.5000   37.5000  -15.0000 2229.8037   20.3075
    0.0000   37.5000  -15.0000 2282.3433   19.7166
    7.5000   37.5000  -15.0000 2296.2075   19.6302
   -7.5000   45.0000  -15.0000 2078.6829   22.8248
    0.0000   45.0000  -15.0000 2119.5684   22.2051
    7.5000   45.0000  -15.0000 2130.1145   22.0850
   -7.5000  -45.0000   -7.5000 2383.9587   18.4244
    0.0000  -45.0000   -7.5000 2416.6934   17.9262
    7.5000  -45.0000   -7.5000 2425.6672   17.8127
   -7.5000  -37.5000   -7.5000 2503.9607   16.5831
    0.0000  -37.5000   -7.5000 2544.0686   16.0850
    7.5000  -37.5000   -7.5000 2553.7771   16.0227
   -7.5000  -30.0000   -7.5000 2616.4854   15.2054
    0.0000  -30.0000   -7.5000 2657.0027   14.7266
    7.5000  -30.0000   -7.5000 2667.9373   14.6823
   -7.5000  -22.5000   -7.5000 2704.5046   14.2238
    0.0000  -22.5000   -7.5000 2746.4851   13.7722
    7.5000  -22.5000   -7.5000 2758.2839   13.7147
   -7.5000  -15.0000   -7.5000 2762.7629   13.6326
    0.0000  -15.0000   -7.5000 2808.4868   13.0927
    7.5000  -15.0000   -7.5000 2824.1682   13.0552
   -7.5000   -7.5000   -7.5000 2792.9812   13.4514
    0.0000   -7.5000   -7.5000 2842.9392   12.8817
    7.5000   -7.5000   -7.5000 2855.4033   12.7944
   -7.5000    0.0000   -7.5000 2782.4270   13.5874
    0.0000    0.0000   -7.5000 2842.2419   13.0532
    7.5000    0.0000   -7.5000 2852.1758   12.9147
   -7.5000    7.5000   -7.5000 2740.8486   14.0986
    0.0000    7.5000   -7.5000 2800.4348   13.5649
    7.5000    7.5000   -7.5000 2818.3853   13.3938
   -7.5000   15.0000   -7.5000 2664.7097   14.8600
    0.0000   15.0000   -7.5000 2719.2739   14.3446
    7.5000   15.0000   -7.5000 2741.4172   14.2151
   -7.5000   22.5000   -7.5000 2559.1829   15.9688
    0.0000   22.5000   -7.5000 2613.4285   15.4608
    7.5000   22.5000   -7.5000 2633.0603   15.3535
   -7.5000   30.0000   -7.5000 2426.4673   17.5053
    0.0000   30.0000   -7.5000 2484.3696   16.9557
    7.5000   30.0000   -7.5000 2503.3357   16.8674
   -7.5000   37.5000   -7.5000 2276.1609   19.4063
    0.0000   37.5000   -7.5000 2329.6663   18.8136
    7.5000   37.5000   -7.5000 2348.3938   18.7409
   -7.5000   45.0000   -7.5000 2120.5505   21.8240
    0.0000   45.0000   -7.5000 2163.7375   21.2001
    7.5000   45.0000   -7.5000 2179.9521   21.1026
   -7.5000  -45.0000    0.0000 2395.1904   17.9636
    0.0000  -45.0000    0.0000 2434.8230   17.3966
    7.5000  -45.0000    0.0000 2446.4702   17.2014
   -7.5000  -37.5000    0.0000 2518.9382   16.1428
    0.0000  -37.5000    0.0000 2564.3848   15.5762
    7.5000  -37.5000    0.0000 2578.7664   15.4262
   -7.5000  -30.0000    0.0000 2643.0896   14.7659
    0.0000  -30.0000    0.0000 2691.4939   14.2199
    7.5000  -30.0000    0.0000 2708.3071   14.1002
   -7.5000  -22.5000    0.0000 2747.0862   13.7844
    0.0000  -22.5000    0.0000 2801.8809   13.2583
    7.5000  -22.5000    0.0000 2820.2454   13.1644
   -7.5000  -15.0000    0.0000 2818.4751   13.1714
    0.0000  -15.0000    0.0000 2880.5374   12.5782
    7.5000  -15.0000    0.0000 2906.7629   12.4934
   -7.5000   -7.5000    0.0000 2852.7212   12.9349
    0.0000   -7.5000    0.0000 2916.9534   12.3064
    7.5000   -7.5000    0.0000 2940.6038   12.1665
   -7.5000    0.0000    0.0000 2844.3862   13.0324
    0.0000    0.0000    0.0000 2913.4121   12.4478
    7.5000    0.0000    0.0000 2927.6086   12.2941
   -7.5000    7.5000    0.0000 2796.4351   13.5046
    0.0000    7.5000    0.0000 2863.6895   12.9347
    7.5000    7.5000    0.0000 2888.5044   12.7878
   -7.5000   15.0000    0.0000 2712.6555   14.2916
    0.0000   15.0000    0.0000 2774.3972   13.7527
    7.5000   15.0000    0.0000 2797.8020   13.6461
   -7.5000   22.5000    0.0000 2596.3755   15.4059
    0.0000   22.5000    0.0000 2656.1555   14.8935
    7.5000   22.5000    0.0000 2676.1934   14.8262
   -7.5000   30.0000    0.0000 2458.2964   16.8979
    0.0000   30.0000    0.0000 2514.9397   16.3601
    7.5000   30.0000    0.0000 2535.9534   16.2913
   -7.5000   37.5000    0.0000 2307.3882   18.7815
    0.0000   37.5000    0.0000 2358.0708   18.1819
    7.5000   37.5000    0.0000 2379.8826   18.1212
   -7.5000   45.0000    0.0000 2145.5288   21.1164
    0.0000   45.0000    0.0000 2187.4153   20.4944
    7.5000   45.0000    0.0000 2207.5354   20.4217
   -7.5000  -45.0000    7.5000 2394.9414   17.7739
    0.0000  -45.0000    7.5000 2439.0161   17.1120
    7.5000  -45.0000    7.5000 2453.6541   16.8600
   -7.5000  -37.5000    7.5000 2520.6960   15.9712
    0.0000  -37.5000    7.5000 2573.0654   15.3427
    7.5000  -37.5000    7.5000 2589.9175   15.1143
   -7.5000  -30.0000    7.5000 2651.6550   14.5984
    0.0000  -30.0000    7.5000 2707.6033   13.9911
    7.5000  -30.0000    7.5000 2726.7239   13.7776
   -7.5000  -22.5000    7.5000 2766.3086   13.5898
    0.0000  -22.5000    7.5000 2831.4392   13.0333
    7.5000  -22.5000    7.5000 2858.9802   12.8314
   -7.5000  -15.0000    7.5000 2847.6880   12.9357
    0.0000  -15.0000    7.5000 2925.7874   12.3315
    7.5000  -15.0000    7.5000 2960.8586   12.1752
   -7.5000   -7.5000    7.5000 2888.9834   12.6484
    0.0000   -7.5000    7.5000 2966.0889   12.0022
    7.5000   -7.5000    7.5000 2998.1877   11.8149
   -7.5000    0.0000    7.5000 2876.8838   12.7213
    0.0000    0.0000    7.5000 2950.7878   12.1034
    7.5000    0.0000    7.5000 2981.6733   11.9587
   -7.5000    7.5000    7.5000 2821.2302   13.1877
    0.0000    7.5000    7.5000 2893.3010   12.6197
    7.5000    7.5000    7.5000 2922.8167   12.4984
   -7.5000   15.0000    7.5000 2732.2300   13.9857
    0.0000   15.0000    7.5000 2799.0010   13.4564
    7.5000   15.0000    7.5000 2822.6792   13.3396
   -7.5000   22.5000    7.5000 2610.9802   15.0698
    0.0000   22.5000    7.5000 2677.4780   14.5668
    7.5000   22.5000    7.5000 2699.5642   14.4753
   -7.5000   30.0000    7.5000 2470.5171   16.5432
    0.0000   30.0000    7.5000 2528.1331   16.0267
    7.5000   30.0000    7.5000 2552.1631   15.9258
   -7.5000   37.5000    7.5000 2324.1584   18.4004
    0.0000   37.5000    7.5000 2364.9160   17.8323
    7.5000   37.5000    7.5000 2389.9070   17.7604
   -7.5000   45.0000    7.5000 2153.8733   20.8104
    0.0000   45.0000    7.5000 2193.6145   20.1279
    7.5000   45.0000    7.5000 2215.5266   20.0686
   -7.5000  -45.0000   15.0000 2383.5273   17.8877
    0.0000  -45.0000   15.0000 2430.6079   17.1161
    7.5000  -45.0000   15.0000 2450.5425   16.8642
   -7.5000  -37.5000   15.0000 2513.8267   16.0647
    0.0000  -37.5000   15.0000 2564.7954   15.3638
    7.5000  -37.5000   15.0000 2588.2327   15.1021
   -7.5000  -30.0000   15.0000 2640.8486   14.6709
    0.0000  -30.0000   15.0000 2700.9126   14.0179
    7.5000  -30.0000   15.0000 2724.5225   13.7633
   -7.5000  -22.5000   15.0000 2755.5815   13.6268
    0.0000  -22.5000   15.0000 2827.5667   13.0402
    7.5000  -22.5000   15.0000 2860.5120   12.8077
   -7.5000  -15.0000   15.0000 2836.3687   12.9768
    0.0000  -15.0000   15.0000 2920.1099   12.3483
    7.5000  -15.0000   15.0000 2956.2842   12.0611
   -7.5000   -7.5000   15.0000 2878.6216   12.7064
    0.0000   -7.5000   15.0000 2964.0571   12.0594
    7.5000   -7.5000   15.0000 2999.8457   11.7994
   -7.5000    0.0000   15.0000 2869.5505   12.7264
    0.0000    0.0000   15.0000 2946.9973   12.1313
    7.5000    0.0000   15.0000 2990.1057   12.0239
   -7.5000    7.5000   15.0000 2814.1287   13.1135
    0.0000    7.5000   15.0000 2887.7488   12.5781
    7.5000    7.5000   15.0000 2916.6724   12.4812
   -7.5000   15.0000   15.0000 2724.3223   13.8822
    0.0000   15.0000   15.0000 2790.4590   13.3521
    7.5000   15.0000   15.0000 2812.8291   13.2509
   -7.5000   22.5000   15.0000 2601.1006   15.0049
    0.0000   22.5000   15.0000 2666.4211   14.4677
    7.5000   22.5000   15.0000 2688.6223   14.3761
   -7.5000   30.0000   15.0000 2458.2192   16.4846
    0.0000   30.0000   15.0000 2519.4353   15.9216
    7.5000   30.0000   15.0000 2543.9363   15.8379
   -7.5000   37.5000   15.0000 2313.4470   18.3784
    0.0000   37.5000   15.0000 2356.1846   17.7459
    7.5000   37.5000   15.0000 2380.2246   17.6905
   -7.5000   45.0000   15.0000 2144.0842   20.7337
    0.0000   45.0000   15.0000 2180.8271   20.0412
    7.5000   45.0000   15.0000 2204.0093   19.9566
   -7.5000  -45.0000   22.5000 2369.1602   18.2226
    0.0000  -45.0000   22.5000 2419.9082   17.4082
    7.5000  -45.0000   22.5000 2443.2720   17.1643
   -7.5000  -37.5000   22.5000 2495.2742   16.4378
    0.0000  -37.5000   22.5000 2549.8777   15.6614
    7.5000  -37.5000   22.5000 2579.7588   15.4076
   -7.5000  -30.0000   22.5000 2616.9429   15.0313
    0.0000  -30.0000   22.5000 2679.5981   14.3205
    7.5000  -30.0000   22.5000 2711.9790   14.0973
   -7.5000  -22.5000   22.5000 2725.0098   13.9912
    0.0000  -22.5000   22.5000 2793.3357   13.3882
    7.5000  -22.5000   22.5000 2829.6899   13.1280
   -7.5000  -15.0000   22.5000 2799.3650   13.3598
    0.0000  -15.0000   22.5000 2874.3098   12.7392
    7.5000  -15.0000   22.5000 2906.8623   12.4271
   -7.5000   -7.5000   22.5000 2834.9988   13.0657
    0.0000   -7.5000   22.5000 2915.4797   12.4730
    7.5000   -7.5000   22.5000 2954.2053   12.2563
   -7.5000    0.0000   22.5000 2826.2258   13.0575
    0.0000    0.0000   22.5000 2905.9800   12.5386
    7.5000    0.0000   22.5000 2954.0869   12.4068
   -7.5000    7.5000   22.5000 2771.4312   13.4191
    0.0000    7.5000   22.5000 2841.9209   12.9604
    7.5000    7.5000   22.5000 2874.9209   12.8297
   -7.5000   15.0000   22.5000 2680.0559   14.1325
    0.0000   15.0000   22.5000 2746.7439   13.6405
    7.5000   15.0000   22.5000 2770.3315   13.5365
   -7.5000   22.5000   22.5000 2565.4600   15.2144
    0.0000   22.5000   22.5000 2625.3965   14.6990
    7.5000   22.5000   22.5000 2652.7200   14.5766
   -7.5000   30.0000   22.5000 2428.0972   16.6772
    0.0000   30.0000   22.5000 2486.5344   16.0839
    7.5000   30.0000   22.5000 2512.7476   15.9620
   -7.5000   37.5000   22.5000 2285.7419   18.5523
    0.0000   37.5000   22.5000 2328.8210   17.8821
    7.5000   37.5000   22.5000 2350.7605   17.7764
   -7.5000   45.0000   22.5000 2119.1853   20.9249
    0.0000   45.0000   22.5000 2157.4238   20.1935
    7.5000   45.0000   22.5000 2179.2661   20.0636
   -7.5000  -45.0000   30.0000 2342.1108   18.8231
    0.0000  -45.0000   30.0000 2398.5466   18.0111
    7.5000  -45.0000   30.0000 2426.8342   17.7782
   -7.5000  -37.5000   30.0000 2463.6121   17.0138
    0.0000  -37.5000   30.0000 2522.9177   16.2557
    7.5000  -37.5000   30.0000 2557.7590   16.0429
   -7.5000  -30.0000   30.0000 2579.3093   15.6092
    0.0000  -30.0000   30.0000 2644.6890   14.9336
    7.5000  -30.0000   30.0000 2683.5125   14.7624
   -7.5000  -22.5000   30.0000 2676.3799   14.6177
    0.0000  -22.5000   30.0000 2742.8979   14.0079
    7.5000  -22.5000   30.0000 2782.5662   13.7247
   -7.5000  -15.0000   30.0000 2739.2263   13.9694
    0.0000  -15.0000   30.0000 2808.4265   13.3214
    7.5000  -15.0000   30.0000 2844.4685   13.1013
   -7.5000   -7.5000   30.0000 2770.1375   13.6610
    0.0000   -7.5000   30.0000 2841.8770   13.1005
    7.5000   -7.5000   30.0000 2877.2307   12.8887
   -7.5000    0.0000   30.0000 2755.3413   13.6529
    0.0000    0.0000   30.0000 2827.4241   13.1735
    7.5000    0.0000   30.0000 2866.5430   12.9888
   -7.5000    7.5000   30.0000 2703.7461   13.9801
    0.0000    7.5000   30.0000 2774.0371   13.5520
    7.5000    7.5000   30.0000 2804.4478   13.4078
   -7.5000   15.0000   30.0000 2615.3501   14.6875
    0.0000   15.0000   30.0000 2678.6758   14.2443
    7.5000   15.0000   30.0000 2705.6260   14.1254
   -7.5000   22.5000   30.0000 2504.3411   15.7798
    0.0000   22.5000   30.0000 2559.3071   15.2996
    7.5000   22.5000   30.0000 2589.7505   15.1710
   -7.5000   30.0000   30.0000 2380.5361   17.2067
    0.0000   30.0000   30.0000 2426.3269   16.6578
    7.5000   30.0000   30.0000 2452.7432   16.5134
   -7.5000   37.5000   30.0000 2242.5957   19.0328
    0.0000   37.5000   30.0000 2277.1814   18.3889
    7.5000   37.5000   30.0000 2295.6304   18.2454
   -7.5000   45.0000   30.0000 2080.7490   21.3889
    0.0000   45.0000   30.0000 2118.9890   20.6459
    7.5000   45.0000   30.0000 2139.0461   20.4808
   -7.5000  -45.0000   37.5000 2304.3394   19.6745
    0.0000  -45.0000   37.5000 2358.5010   18.9052
    7.5000  -45.0000   37.5000 2394.6624   18.6651
   -7.5000  -37.5000   37.5000 2421.5327   17.8345
    0.0000  -37.5000   37.5000 2482.4739   17.1400
    7.5000  -37.5000   37.5000 2519.9683   16.9401
   -7.5000  -30.0000   37.5000 2527.3450   16.4419
    0.0000  -30.0000   37.5000 2593.5410   15.7780
    7.5000  -30.0000   37.5000 2634.7136   15.5729
   -7.5000  -22.5000   37.5000 2615.9009   15.4483
    0.0000  -22.5000   37.5000 2682.4839   14.8213
    7.5000  -22.5000   37.5000 2722.7163   14.5828
   -7.5000  -15.0000   37.5000 2669.7422   14.7862
    0.0000  -15.0000   37.5000 2735.9307   14.1551
    7.5000  -15.0000   37.5000 2773.6843   13.9915
   -7.5000   -7.5000   37.5000 2691.2400   14.4586
    0.0000   -7.5000   37.5000 2755.7368   13.9533
    7.5000   -7.5000   37.5000 2794.0547   13.7534
   -7.5000    0.0000   37.5000 2670.7251   14.4561
    0.0000    0.0000   37.5000 2734.9524   13.9845
    7.5000    0.0000   37.5000 2771.7209   13.7937
   -7.5000    7.5000   37.5000 2616.0283   14.7994
    0.0000    7.5000   37.5000 2680.2568   14.3353
    7.5000    7.5000   37.5000 2716.3665   14.1708
   -7.5000   15.0000   37.5000 2535.4343   15.4905
    0.0000   15.0000   37.5000 2593.6680   15.0227
    7.5000   15.0000   37.5000 2625.4717   14.9020
   -7.5000   22.5000   37.5000 2430.9050   16.5880
    0.0000   22.5000   37.5000 2483.7554   16.0929
    7.5000   22.5000   37.5000 2511.2322   15.9775
   -7.5000   30.0000   37.5000 2311.5186   18.0267
    0.0000   30.0000   37.5000 2358.0178   17.4775
    7.5000   30.0000   37.5000 2377.8560   17.3512
   -7.5000   37.5000   37.5000 2176.4490   19.8637
    0.0000   37.5000   37.5000 2212.9854   19.2164
    7.5000   37.5000   37.5000 2233.0342   19.0863
   -7.5000   45.0000   37.5000 2028.3966   22.1461
    0.0000   45.0000   37.5000 2065.0410   21.4291
    7.5000   45.0000   37.5000 2084.3623   21.2560
   -7.5000  -45.0000   45.0000 2254.1641   20.6730
    0.0000  -45.0000   45.0000 2306.9758   19.9679
    7.5000  -45.0000   45.0000 2342.7283   19.7178
   -7.5000  -37.5000   45.0000 2365.7090   18.8477
    0.0000  -37.5000   45.0000 2424.0769   18.1655
    7.5000  -37.5000   45.0000 2462.1970   17.9348
   -7.5000  -30.0000   45.0000 2463.3540   17.4415
    0.0000  -30.0000   45.0000 2525.4324   16.7957
    7.5000  -30.0000   45.0000 2567.9165   16.5619
   -7.5000  -22.5000   45.0000 2543.9558   16.4643
    0.0000  -22.5000   45.0000 2604.9741   15.8050
    7.5000  -22.5000   45.0000 2647.8484   15.6461
   -7.5000  -15.0000   45.0000 2588.7905   15.8213
    0.0000  -15.0000   45.0000 2650.3318   15.2145
    7.5000  -15.0000   45.0000 2686.5322   15.0596
   -7.5000   -7.5000   45.0000 2600.5342   15.4882
    0.0000   -7.5000   45.0000 2657.1133   14.9964
    7.5000   -7.5000   45.0000 2691.8623   14.7963
   -7.5000    0.0000   45.0000 2576.7637   15.4428
    0.0000    0.0000   45.0000 2634.4275   14.9879
    7.5000    0.0000   45.0000 2665.4722   14.7867
   -7.5000    7.5000   45.0000 2522.5388   15.7749
    0.0000    7.5000   45.0000 2579.5210   15.3090
    7.5000    7.5000   45.0000 2612.8491   15.1367
   -7.5000   15.0000   45.0000 2445.9666   16.5023
    0.0000   15.0000   45.0000 2500.9766   15.9844
    7.5000   15.0000   45.0000 2530.7063   15.8289
   -7.5000   22.5000   45.0000 2351.4941   17.5727
    0.0000   22.5000   45.0000 2399.5745   17.0655
    7.5000   22.5000   45.0000 2420.6807   16.9278
   -7.5000   30.0000   45.0000 2232.9385   19.0650
    0.0000   30.0000   45.0000 2274.5913   18.5357
    7.5000   30.0000   45.0000 2295.2605   18.4148
   -7.5000   37.5000   45.0000 2102.6702   20.8982
    0.0000   37.5000   45.0000 2140.7998   20.3234
    7.5000   37.5000   45.0000 2160.9221   20.1793
   -7.5000   45.0000   45.0000 1969.0200   23.2705
    0.0000   45.0000   45.0000 2003.7435   22.6044
    7.5000   45.0000   45.0000 2020.3492   22.4636

---------------------------------------------------------------------
imgreg_4dfp /opt/freesurfer/average/711-2C_as_mni_average_305 /opt/freesurfer/average/711-2B_as_mni_average_305_mask talsrcimg_g11 none talsrcimg_to_711-2C_as_mni_average_305_t4 1283
---------------------------------------------------------------------

freesurfer imgreg_4dfp.c
/opt/freesurfer/average/711-2C_as_mni_average_305.4dfp.img
       256       256       256         1
  1.000000  1.000000  1.000000
orientation T byte_order littleendian
Reading image: /opt/freesurfer/average/711-2C_as_mni_average_305.4dfp.img
dimensions:      256       256       256
mmppix:       1.0000   -1.0000   -1.0000
center:     128.0000 -129.0000 -129.0000
/opt/freesurfer/average/711-2B_as_mni_average_305_mask.4dfp.img
       256       256       256         1
  1.000000  1.000000  1.000000
orientation T byte_order littleendian
Reading mask: /opt/freesurfer/average/711-2B_as_mni_average_305_mask.4dfp.img (2306576 pixels)
talsrcimg_g11.4dfp.img
       256       256       256         1
  1.000000  1.000000  1.000000
orientation T byte_order littleendian
Reading image: talsrcimg_g11.4dfp.img
dimensions:      256       256       256
mmppix:       1.0000   -1.0000   -1.0000
center:     128.0000 -129.0000 -129.0000
rotation matrix determinant  1.000000
fimgreg.f
image alignment mode   1283 decimal      503 hex
parameters
    7.5000   -7.5000   15.0000    0.0000    0.0000    0.0000
eta,q 0.94275 11.80388
niter,ni,del,rscale     5    3   12.0000    1.2000
parameter  5  0.567163 ->  0.500000 qaram    1.1500
parameter  6  1.006535 ->  0.500000 qaram    1.1500
parameters
    7.0929   -4.6481   12.6846   -1.8701   -3.4500   -3.4500
eta,q 0.94714 11.63536
  0.0644  0.0701  0.0580  0.0574  0.0555  0.0525
  0.0608  0.0657  0.0565  0.0563  0.0548  0.0527
  0.0591  0.0614  0.0564  0.0559  0.0547  0.0534
  0.0579  0.0583  0.0572  0.0561  0.0559  0.0547
  0.0586  0.0572  0.0585  0.0574  0.0578  0.0564
  0.0620  0.0575  0.0612  0.0586  0.0604  0.0585
  0.0670  0.0590  0.0656  0.0608  0.0636  0.0612
niter,ni,del,rscale     6    3   12.0000    1.2000
parameters
    8.6262   -5.2639   11.9976   -2.2411   -3.9866   -5.5196
eta,q 0.94790 11.66766
  0.0681  0.0584  0.0563  0.0551  0.0567  0.0538
  0.0615  0.0556  0.0537  0.0536  0.0547  0.0528
  0.0561  0.0537  0.0526  0.0525  0.0530  0.0522
  0.0529  0.0522  0.0524  0.0523  0.0522  0.0523
  0.0523  0.0537  0.0536  0.0529  0.0529  0.0537
  0.0540  0.0572  0.0554  0.0539  0.0554  0.0553
  0.0582  0.0624  0.0582  0.0560  0.0589  0.0572
niter,ni,del,rscale     5    3   12.0000    1.2000
parameters
    8.4109   -5.6823   11.6722   -3.1587   -3.3955   -6.6266
eta,q 0.94789 11.68878
  0.0608  0.0575  0.0563  0.0536  0.0576  0.0541
  0.0564  0.0544  0.0532  0.0525  0.0553  0.0529
  0.0533  0.0532  0.0523  0.0523  0.0535  0.0522
  0.0521  0.0521  0.0523  0.0523  0.0523  0.0521
  0.0531  0.0528  0.0528  0.0524  0.0519  0.0526
  0.0564  0.0553  0.0544  0.0532  0.0536  0.0543
  0.0630  0.0599  0.0568  0.0552  0.0567  0.0561
niter,ni,del,rscale     4    3   12.0000    1.2000
parameters
    8.0222   -5.8394   11.3050   -3.5508   -2.9934   -7.0663
eta,q 0.94816 11.69709
  0.0599  0.0579  0.0564  0.0541  0.0574  0.0547
  0.0556  0.0537  0.0531  0.0522  0.0550  0.0528
  0.0531  0.0521  0.0521  0.0518  0.0533  0.0520
  0.0521  0.0521  0.0521  0.0521  0.0520  0.0518
  0.0531  0.0527  0.0527  0.0522  0.0517  0.0523
  0.0567  0.0547  0.0545  0.0529  0.0536  0.0536
  0.0630  0.0580  0.0572  0.0544  0.0570  0.0553
niter,ni,del,rscale     3    3   12.0000    1.2000
parameters
    7.7742   -5.8966   11.1931   -3.4904   -2.7689   -7.2881
eta,q 0.94827 11.69317
  0.0606  0.0582  0.0572  0.0546  0.0571  0.0550
  0.0556  0.0536  0.0536  0.0523  0.0548  0.0527
  0.0530  0.0517  0.0520  0.0516  0.0531  0.0518
  0.0518  0.0519  0.0519  0.0519  0.0519  0.0518
  0.0529  0.0528  0.0525  0.0522  0.0516  0.0522
  0.0565  0.0548  0.0544  0.0527  0.0538  0.0534
  0.0624  0.0574  0.0572  0.0540  0.0572  0.0551
niter,ni,del,rscale     2    3   12.0000    1.2000
parameters
    7.6490   -5.9269   11.2095   -3.4094   -2.6435   -7.3669
eta,q 0.94832 11.68975
  0.0611  0.0584  0.0575  0.0545  0.0570  0.0552
  0.0557  0.0538  0.0538  0.0523  0.0547  0.0528
  0.0530  0.0517  0.0520  0.0515  0.0530  0.0517
  0.0517  0.0517  0.0517  0.0517  0.0517  0.0517
  0.0528  0.0528  0.0524  0.0521  0.0516  0.0521
  0.0563  0.0549  0.0542  0.0527  0.0539  0.0533
  0.0620  0.0575  0.0570  0.0539  0.0574  0.0550
niter,ni,del,rscale     1    3   12.0000    1.2000
parameters
    7.5975   -5.9327   11.2448   -3.3625   -2.5884   -7.3876
eta,q 0.94834 11.68781
  0.0614  0.0585  0.0575  0.0545  0.0569  0.0553
  0.0558  0.0540  0.0538  0.0523  0.0546  0.0528
  0.0530  0.0518  0.0519  0.0515  0.0530  0.0517
  0.0517  0.0517  0.0517  0.0517  0.0517  0.0517
  0.0528  0.0527  0.0523  0.0520  0.0516  0.0521
  0.0562  0.0550  0.0541  0.0527  0.0540  0.0532
  0.0618  0.0575  0.0569  0.0539  0.0576  0.0549
registration optimization eta report
parameter search radius
    6.0000    6.0000    6.0000    6.0000    6.9000    6.9000
100000*second partial in parameter space
       27.       18.       16.        7.       12.        7.
  0.0614  0.0585  0.0575  0.0545  0.0569  0.0553
  0.0558  0.0540  0.0538  0.0523  0.0546  0.0528
  0.0530  0.0518  0.0519  0.0515  0.0530  0.0517
  0.0517  0.0517  0.0517  0.0517  0.0517  0.0517
  0.0528  0.0527  0.0523  0.0520  0.0516  0.0521
  0.0562  0.0550  0.0541  0.0527  0.0540  0.0532
  0.0618  0.0575  0.0569  0.0539  0.0576  0.0549
    7.5975   -5.9327   11.2448   -3.3625   -2.5884   -7.3876
eta,q 0.94834 11.68781

---------------------------------------------------------------------
imgreg_4dfp /opt/freesurfer/average/711-2C_as_mni_average_305 /opt/freesurfer/average/711-2B_as_mni_average_305_mask talsrcimg_g11 none talsrcimg_to_711-2C_as_mni_average_305_t4 3335
---------------------------------------------------------------------

freesurfer imgreg_4dfp.c
/opt/freesurfer/average/711-2C_as_mni_average_305.4dfp.img
       256       256       256         1
  1.000000  1.000000  1.000000
orientation T byte_order littleendian
Reading image: /opt/freesurfer/average/711-2C_as_mni_average_305.4dfp.img
dimensions:      256       256       256
mmppix:       1.0000   -1.0000   -1.0000
center:     128.0000 -129.0000 -129.0000
/opt/freesurfer/average/711-2B_as_mni_average_305_mask.4dfp.img
       256       256       256         1
  1.000000  1.000000  1.000000
orientation T byte_order littleendian
Reading mask: /opt/freesurfer/average/711-2B_as_mni_average_305_mask.4dfp.img (2306576 pixels)
talsrcimg_g11.4dfp.img
       256       256       256         1
  1.000000  1.000000  1.000000
orientation T byte_order littleendian
Reading image: talsrcimg_g11.4dfp.img
dimensions:      256       256       256
mmppix:       1.0000   -1.0000   -1.0000
center:     128.0000 -129.0000 -129.0000
fimgreg.f
image alignment mode   3335 decimal      D07 hex
parameters
    7.5975   -5.9327   11.2448   -0.9313   -0.9668   -0.2740
   12.5732    5.2250  -12.8449    5.2370   -4.5161   -5.8594
eta,q 0.94904 11.73741
niter,ni,del,rscale     5    3    5.0000    1.2000
parameter  4  1.317758 ->  0.500000 qaram    1.1500
parameter  5  4.979240 ->  0.500000 qaram    1.1500
parameter  6  0.785732 ->  0.500000 qaram    1.1500
parameter  7  1.202691 ->  0.500000 qaram    1.1500
parameter 10  0.601151 ->  0.500000 qaram    1.1500
parameter 12  1.649524 ->  0.500000 qaram    1.1500
parameters
    7.5532   -5.7396   11.0347   -5.0713   -5.1068   -4.4140
    8.4332    6.9143  -11.1597    1.0970   -1.3745   -9.9994
eta,q 0.96229 11.06959
  0.0527  0.0524  0.0519  0.0470  0.0415  0.0420  0.0403  0.0456  0.0423  0.0397  0.0410  0.0373
  0.0518  0.0516  0.0513  0.0478  0.0437  0.0417  0.0403  0.0433  0.0414  0.0392  0.0401  0.0376
  0.0512  0.0512  0.0510  0.0491  0.0459  0.0424  0.0408  0.0415  0.0407  0.0393  0.0395  0.0382
  0.0510  0.0510  0.0510  0.0509  0.0481  0.0443  0.0418  0.0404  0.0402  0.0402  0.0391  0.0390
  0.0512  0.0510  0.0512  0.0535  0.0507  0.0473  0.0430  0.0403  0.0402  0.0417  0.0390  0.0399
  0.0518  0.0514  0.0516  0.0566  0.0534  0.0510  0.0443  0.0410  0.0405  0.0437  0.0390  0.0409
  0.0529  0.0520  0.0523  0.0599  0.0563  0.0553  0.0457  0.0424  0.0410  0.0462  0.0392  0.0421
niter,ni,del,rscale     7    3    5.0000    1.2000
parameter  5  1.228059 ->  0.500000 qaram    1.3225
parameter 12  0.854686 ->  0.500000 qaram    1.3225
parameters
    7.7696   -6.8399   10.7716   -7.5732   -9.8678   -4.8026
    7.2513    6.2654  -10.6162    1.8477   -1.2824  -14.7604
eta,q 0.96694 10.92013
  0.0405  0.0379  0.0384  0.0386  0.0333  0.0365  0.0364  0.0365  0.0360  0.0376  0.0346  0.0332
  0.0391  0.0374  0.0378  0.0378  0.0337  0.0357  0.0350  0.0350  0.0350  0.0358  0.0342  0.0330
  0.0382  0.0374  0.0374  0.0372  0.0350  0.0348  0.0342  0.0341  0.0343  0.0346  0.0340  0.0333
  0.0377  0.0377  0.0374  0.0373  0.0372  0.0340  0.0341  0.0340  0.0340  0.0340  0.0339  0.0339
  0.0378  0.0384  0.0376  0.0383  0.0399  0.0338  0.0348  0.0346  0.0341  0.0340  0.0340  0.0347
  0.0385  0.0393  0.0381  0.0403  0.0430  0.0352  0.0362  0.0358  0.0346  0.0349  0.0342  0.0358
  0.0397  0.0404  0.0390  0.0435  0.0466  0.0382  0.0383  0.0374  0.0355  0.0366  0.0345  0.0369
niter,ni,del,rscale     7    3    5.0000    1.2000
parameters
    8.0397   -6.4828   11.2340   -7.1090  -13.7983   -4.1158
    6.5160    5.9328  -10.7169    2.2280   -1.7631  -16.6863
eta,q 0.96826 10.80430
  0.0362  0.0358  0.0346  0.0360  0.0340  0.0356  0.0348  0.0348  0.0335  0.0353  0.0326  0.0330
  0.0347  0.0343  0.0338  0.0348  0.0326  0.0343  0.0332  0.0331  0.0326  0.0335  0.0321  0.0321
  0.0336  0.0334  0.0333  0.0337  0.0321  0.0331  0.0321  0.0321  0.0320  0.0323  0.0319  0.0318
  0.0331  0.0330  0.0330  0.0330  0.0329  0.0321  0.0319  0.0319  0.0319  0.0319  0.0319  0.0318
  0.0331  0.0331  0.0330  0.0330  0.0351  0.0317  0.0325  0.0324  0.0321  0.0322  0.0320  0.0324
  0.0338  0.0336  0.0332  0.0339  0.0381  0.0327  0.0340  0.0336  0.0327  0.0331  0.0323  0.0332
  0.0351  0.0344  0.0337  0.0359  0.0416  0.0354  0.0361  0.0353  0.0336  0.0347  0.0327  0.0342
niter,ni,del,rscale     6    3    5.0000    1.2000
parameters
    8.0724   -6.0808   11.4421   -6.1842  -14.6675   -4.2424
    6.2175    5.9629  -10.7323    2.5066   -1.5103  -16.9283
eta,q 0.96840 10.77901
  0.0344  0.0342  0.0330  0.0352  0.0354  0.0353  0.0348  0.0350  0.0333  0.0351  0.0326  0.0334
  0.0330  0.0329  0.0323  0.0339  0.0336  0.0339  0.0332  0.0331  0.0323  0.0332  0.0320  0.0323
  0.0321  0.0321  0.0319  0.0326  0.0321  0.0326  0.0320  0.0320  0.0318  0.0320  0.0317  0.0317
  0.0317  0.0317  0.0317  0.0317  0.0315  0.0316  0.0316  0.0316  0.0316  0.0316  0.0316  0.0316
  0.0320  0.0318  0.0317  0.0315  0.0323  0.0316  0.0321  0.0320  0.0318  0.0320  0.0317  0.0319
  0.0329  0.0322  0.0321  0.0324  0.0345  0.0333  0.0334  0.0332  0.0324  0.0330  0.0320  0.0325
  0.0343  0.0329  0.0327  0.0344  0.0374  0.0364  0.0354  0.0349  0.0332  0.0345  0.0324  0.0335
niter,ni,del,rscale     5    3    5.0000    1.2000
parameters
    8.0631   -6.0208   11.3240   -5.8202  -14.8361   -4.2649
    6.1839    5.9735  -10.7481    2.6374   -1.3679  -17.0929
eta,q 0.96843 10.77912
  0.0342  0.0334  0.0326  0.0350  0.0358  0.0353  0.0350  0.0350  0.0332  0.0349  0.0325  0.0334
  0.0328  0.0324  0.0320  0.0337  0.0340  0.0340  0.0333  0.0331  0.0323  0.0331  0.0320  0.0323
  0.0319  0.0318  0.0317  0.0324  0.0324  0.0326  0.0321  0.0319  0.0317  0.0319  0.0317  0.0317
  0.0316  0.0316  0.0316  0.0316  0.0315  0.0316  0.0316  0.0316  0.0316  0.0316  0.0316  0.0316
  0.0319  0.0318  0.0317  0.0316  0.0320  0.0315  0.0319  0.0320  0.0318  0.0320  0.0317  0.0319
  0.0328  0.0323  0.0321  0.0327  0.0338  0.0332  0.0332  0.0332  0.0323  0.0330  0.0320  0.0325
  0.0342  0.0332  0.0328  0.0351  0.0366  0.0363  0.0352  0.0349  0.0332  0.0346  0.0324  0.0334
niter,ni,del,rscale     4    3    5.0000    1.2000
parameters
    8.0338   -6.0421   11.2500   -5.7039  -14.8681   -4.2643
    6.1882    5.9853  -10.7557    2.7011   -1.3022  -17.1648
eta,q 0.96844 10.78211
  0.0341  0.0333  0.0326  0.0349  0.0358  0.0353  0.0350  0.0350  0.0332  0.0348  0.0325  0.0334
  0.0327  0.0323  0.0320  0.0336  0.0341  0.0339  0.0333  0.0331  0.0323  0.0330  0.0320  0.0323
  0.0319  0.0317  0.0317  0.0323  0.0325  0.0326  0.0321  0.0319  0.0317  0.0319  0.0317  0.0317
  0.0316  0.0316  0.0316  0.0316  0.0316  0.0316  0.0316  0.0316  0.0316  0.0316  0.0316  0.0316
  0.0319  0.0318  0.0317  0.0317  0.0319  0.0315  0.0319  0.0320  0.0318  0.0320  0.0317  0.0318
  0.0328  0.0324  0.0321  0.0328  0.0337  0.0331  0.0332  0.0332  0.0323  0.0331  0.0320  0.0325
  0.0343  0.0333  0.0328  0.0354  0.0364  0.0363  0.0351  0.0348  0.0332  0.0346  0.0324  0.0334
niter,ni,del,rscale     3    3    5.0000    1.2000
parameters
    8.0191   -6.0531   11.2238   -5.6634  -14.8748   -4.2563
    6.1994    5.9882  -10.7498    2.7202   -1.2694  -17.1869
eta,q 0.96844 10.78359
  0.0341  0.0333  0.0326  0.0349  0.0358  0.0354  0.0350  0.0349  0.0332  0.0348  0.0325  0.0334
  0.0327  0.0323  0.0320  0.0336  0.0341  0.0339  0.0333  0.0331  0.0323  0.0330  0.0319  0.0323
  0.0319  0.0317  0.0317  0.0323  0.0325  0.0326  0.0321  0.0319  0.0317  0.0319  0.0317  0.0317
  0.0316  0.0316  0.0316  0.0316  0.0316  0.0316  0.0316  0.0316  0.0316  0.0316  0.0316  0.0316
  0.0319  0.0318  0.0317  0.0317  0.0319  0.0315  0.0319  0.0320  0.0318  0.0320  0.0317  0.0318
  0.0328  0.0323  0.0320  0.0329  0.0336  0.0331  0.0332  0.0332  0.0323  0.0331  0.0320  0.0324
  0.0342  0.0333  0.0327  0.0355  0.0363  0.0362  0.0351  0.0349  0.0332  0.0346  0.0324  0.0333
niter,ni,del,rscale     2    3    5.0000    1.2000
parameters
    8.0117   -6.0602   11.2139   -5.6525  -14.8788   -4.2525
    6.2012    5.9912  -10.7543    2.7296   -1.2574  -17.1970
eta,q 0.96845 10.78426
  0.0341  0.0333  0.0326  0.0349  0.0358  0.0353  0.0350  0.0349  0.0332  0.0348  0.0325  0.0334
  0.0328  0.0323  0.0320  0.0335  0.0341  0.0339  0.0333  0.0331  0.0323  0.0330  0.0319  0.0323
  0.0319  0.0317  0.0317  0.0323  0.0325  0.0326  0.0321  0.0319  0.0317  0.0318  0.0316  0.0317
  0.0316  0.0316  0.0316  0.0316  0.0316  0.0316  0.0316  0.0316  0.0316  0.0316  0.0315  0.0315
  0.0319  0.0318  0.0317  0.0317  0.0319  0.0315  0.0319  0.0320  0.0318  0.0320  0.0317  0.0318
  0.0327  0.0323  0.0320  0.0329  0.0336  0.0331  0.0332  0.0332  0.0323  0.0331  0.0320  0.0324
  0.0342  0.0332  0.0327  0.0355  0.0363  0.0362  0.0351  0.0349  0.0332  0.0346  0.0324  0.0333
registration optimization eta report
parameter search radius
    2.4000    2.4000    2.4000    8.2800    9.5220    8.2800
    8.2800    7.2000    7.2000    8.2800    7.2000    9.5220
100000*second partial in parameter space
       45.       29.       19.        5.        5.        6.
        5.        6.        3.        5.        2.        2.
  0.0341  0.0333  0.0326  0.0349  0.0358  0.0353  0.0350  0.0349  0.0332  0.0348  0.0325  0.0334
  0.0328  0.0323  0.0320  0.0335  0.0341  0.0339  0.0333  0.0331  0.0323  0.0330  0.0319  0.0323
  0.0319  0.0317  0.0317  0.0323  0.0325  0.0326  0.0321  0.0319  0.0317  0.0318  0.0316  0.0317
  0.0316  0.0316  0.0316  0.0316  0.0316  0.0316  0.0316  0.0316  0.0316  0.0316  0.0315  0.0315
  0.0319  0.0318  0.0317  0.0317  0.0319  0.0315  0.0319  0.0320  0.0318  0.0320  0.0317  0.0318
  0.0327  0.0323  0.0320  0.0329  0.0336  0.0331  0.0332  0.0332  0.0323  0.0331  0.0320  0.0324
  0.0342  0.0332  0.0327  0.0355  0.0363  0.0362  0.0351  0.0349  0.0332  0.0346  0.0324  0.0333
    8.0117   -6.0602   11.2139   -5.6525  -14.8788   -4.2525
    6.2012    5.9912  -10.7543    2.7296   -1.2574  -17.1970
eta,q 0.96845 10.78426

---------------------------------------------------------------------
imgreg_4dfp /opt/freesurfer/average/711-2C_as_mni_average_305 /opt/freesurfer/average/711-2B_as_mni_average_305_mask talsrcimg_g11 none talsrcimg_to_711-2C_as_mni_average_305_t4 2311
---------------------------------------------------------------------

freesurfer imgreg_4dfp.c
/opt/freesurfer/average/711-2C_as_mni_average_305.4dfp.img
       256       256       256         1
  1.000000  1.000000  1.000000
orientation T byte_order littleendian
Reading image: /opt/freesurfer/average/711-2C_as_mni_average_305.4dfp.img
dimensions:      256       256       256
mmppix:       1.0000   -1.0000   -1.0000
center:     128.0000 -129.0000 -129.0000
/opt/freesurfer/average/711-2B_as_mni_average_305_mask.4dfp.img
       256       256       256         1
  1.000000  1.000000  1.000000
orientation T byte_order littleendian
Reading mask: /opt/freesurfer/average/711-2B_as_mni_average_305_mask.4dfp.img (2306576 pixels)
talsrcimg_g11.4dfp.img
       256       256       256         1
  1.000000  1.000000  1.000000
orientation T byte_order littleendian
Reading image: talsrcimg_g11.4dfp.img
dimensions:      256       256       256
mmppix:       1.0000   -1.0000   -1.0000
center:     128.0000 -129.0000 -129.0000
fimgreg.f
image alignment mode   2311 decimal      907 hex
parameters
    8.0117   -6.0602   11.2139   -5.6525  -14.8788   -4.2525
    6.2012    5.9912  -10.7543    2.7296   -1.2574  -17.1970
eta,q 0.96845 10.78426
niter,ni,del,rscale     5    3    5.0000    0.8000
parameters
    8.0233   -6.0941   11.2518   -4.8732  -14.4826   -3.3300
    6.2656    6.1922  -10.7528    3.0101   -0.9184  -17.2306
eta,q 0.96868 10.85120
  0.0328  0.0323  0.0320  0.0332  0.0331  0.0334  0.0327  0.0332  0.0321  0.0326  0.0318  0.0318
  0.0321  0.0319  0.0318  0.0325  0.0323  0.0327  0.0320  0.0322  0.0317  0.0319  0.0316  0.0315
  0.0317  0.0316  0.0316  0.0319  0.0318  0.0320  0.0315  0.0315  0.0314  0.0315  0.0314  0.0314
  0.0315  0.0316  0.0316  0.0315  0.0315  0.0315  0.0313  0.0313  0.0313  0.0313  0.0313  0.0313
  0.0317  0.0317  0.0316  0.0315  0.0315  0.0313  0.0314  0.0315  0.0314  0.0314  0.0314  0.0314
  0.0321  0.0319  0.0317  0.0318  0.0319  0.0316  0.0319  0.0320  0.0317  0.0318  0.0315  0.0316
  0.0327  0.0323  0.0320  0.0325  0.0327  0.0325  0.0327  0.0329  0.0321  0.0323  0.0317  0.0318
niter,ni,del,rscale     4    3    5.0000    0.7000
parameters
    7.9559   -6.2372   11.2152   -4.9338  -14.3509   -3.1036
    6.4140    6.2025  -10.7741    3.0793   -0.7658  -17.1011
eta,q 0.96871 10.87057
  0.0322  0.0318  0.0317  0.0324  0.0325  0.0328  0.0324  0.0326  0.0319  0.0322  0.0317  0.0317
  0.0317  0.0315  0.0315  0.0318  0.0319  0.0321  0.0318  0.0319  0.0316  0.0317  0.0315  0.0315
  0.0314  0.0313  0.0314  0.0315  0.0315  0.0316  0.0314  0.0314  0.0313  0.0314  0.0313  0.0313
  0.0313  0.0313  0.0313  0.0313  0.0313  0.0313  0.0313  0.0313  0.0313  0.0313  0.0313  0.0313
  0.0315  0.0314  0.0314  0.0314  0.0314  0.0313  0.0314  0.0315  0.0314  0.0314  0.0313  0.0313
  0.0318  0.0317  0.0315  0.0318  0.0317  0.0317  0.0317  0.0319  0.0316  0.0317  0.0314  0.0314
  0.0324  0.0320  0.0318  0.0325  0.0324  0.0326  0.0323  0.0326  0.0319  0.0321  0.0316  0.0316
niter,ni,del,rscale     3    3    5.0000    0.6000
parameters
    7.9311   -6.2778   11.2271   -4.9112  -14.2860   -2.9286
    6.4772    6.2073  -10.7692    3.1094   -0.6673  -17.0252
eta,q 0.96873 10.88193
  0.0320  0.0317  0.0316  0.0321  0.0321  0.0324  0.0321  0.0322  0.0317  0.0319  0.0315  0.0315
  0.0316  0.0315  0.0314  0.0317  0.0317  0.0319  0.0316  0.0317  0.0315  0.0315  0.0314  0.0314
  0.0314  0.0313  0.0313  0.0314  0.0314  0.0315  0.0314  0.0314  0.0313  0.0313  0.0313  0.0313
  0.0313  0.0313  0.0313  0.0313  0.0313  0.0313  0.0313  0.0313  0.0313  0.0313  0.0313  0.0313
  0.0314  0.0313  0.0313  0.0314  0.0314  0.0313  0.0313  0.0314  0.0313  0.0313  0.0313  0.0313
  0.0316  0.0315  0.0314  0.0316  0.0316  0.0316  0.0316  0.0317  0.0315  0.0315  0.0314  0.0314
  0.0320  0.0318  0.0316  0.0321  0.0321  0.0323  0.0320  0.0322  0.0317  0.0319  0.0315  0.0315
niter,ni,del,rscale     2    3    5.0000    0.5000
parameters
    7.9205   -6.3043   11.2346   -4.8930  -14.2437   -2.7999
    6.5118    6.2044  -10.7687    3.1224   -0.5967  -17.0092
eta,q 0.96875 10.88955
  0.0318  0.0316  0.0315  0.0318  0.0318  0.0321  0.0318  0.0319  0.0316  0.0317  0.0315  0.0314
  0.0315  0.0314  0.0314  0.0315  0.0315  0.0317  0.0315  0.0315  0.0314  0.0314  0.0313  0.0313
  0.0313  0.0313  0.0313  0.0313  0.0313  0.0314  0.0313  0.0313  0.0313  0.0313  0.0313  0.0313
  0.0313  0.0313  0.0313  0.0313  0.0313  0.0313  0.0313  0.0313  0.0313  0.0313  0.0313  0.0313
  0.0313  0.0313  0.0313  0.0313  0.0313  0.0313  0.0313  0.0313  0.0313  0.0313  0.0313  0.0313
  0.0315  0.0314  0.0314  0.0315  0.0315  0.0315  0.0315  0.0316  0.0314  0.0315  0.0313  0.0313
  0.0318  0.0316  0.0315  0.0319  0.0318  0.0320  0.0318  0.0319  0.0316  0.0317  0.0314  0.0314
niter,ni,del,rscale     1    3    5.0000    0.4000
parameters
    7.9138   -6.3322   11.2431   -4.8638  -14.2204   -2.6821
    6.5317    6.2059  -10.7728    3.1438   -0.5361  -16.9581
eta,q 0.96875 10.89682
  0.0316  0.0314  0.0314  0.0316  0.0316  0.0318  0.0316  0.0317  0.0315  0.0315  0.0314  0.0314
  0.0314  0.0313  0.0313  0.0314  0.0314  0.0315  0.0314  0.0314  0.0313  0.0314  0.0313  0.0313
  0.0313  0.0313  0.0313  0.0313  0.0313  0.0314  0.0313  0.0313  0.0313  0.0313  0.0313  0.0313
  0.0313  0.0313  0.0313  0.0313  0.0313  0.0313  0.0312  0.0312  0.0312  0.0312  0.0312  0.0312
  0.0313  0.0313  0.0313  0.0313  0.0313  0.0313  0.0313  0.0313  0.0313  0.0313  0.0313  0.0313
  0.0314  0.0314  0.0313  0.0314  0.0314  0.0314  0.0314  0.0314  0.0313  0.0314  0.0313  0.0313
  0.0316  0.0315  0.0314  0.0316  0.0316  0.0317  0.0316  0.0317  0.0315  0.0315  0.0314  0.0314
registration optimization eta report
parameter search radius
    0.8000    0.8000    0.8000    2.4000    2.4000    2.4000
    2.4000    2.4000    2.4000    2.4000    2.4000    2.4000
100000*second partial in parameter space
       51.       30.       23.        6.        6.        9.
        6.        8.        4.        5.        2.        2.
  0.0316  0.0314  0.0314  0.0316  0.0316  0.0318  0.0316  0.0317  0.0315  0.0315  0.0314  0.0314
  0.0314  0.0313  0.0313  0.0314  0.0314  0.0315  0.0314  0.0314  0.0313  0.0314  0.0313  0.0313
  0.0313  0.0313  0.0313  0.0313  0.0313  0.0314  0.0313  0.0313  0.0313  0.0313  0.0313  0.0313
  0.0313  0.0313  0.0313  0.0313  0.0313  0.0313  0.0312  0.0312  0.0312  0.0312  0.0312  0.0312
  0.0313  0.0313  0.0313  0.0313  0.0313  0.0313  0.0313  0.0313  0.0313  0.0313  0.0313  0.0313
  0.0314  0.0314  0.0313  0.0314  0.0314  0.0314  0.0314  0.0314  0.0313  0.0314  0.0313  0.0313
  0.0316  0.0315  0.0314  0.0316  0.0316  0.0317  0.0316  0.0317  0.0315  0.0315  0.0314  0.0314
    7.9138   -6.3322   11.2431   -4.8638  -14.2204   -2.6821
    6.5317    6.2059  -10.7728    3.1438   -0.5361  -16.9581
eta,q 0.96875 10.89682

---------------------------------------------------------------------
imgreg_4dfp /opt/freesurfer/average/711-2C_as_mni_average_305 /opt/freesurfer/average/711-2B_as_mni_average_305_mask talsrcimg_g11 none talsrcimg_to_711-2C_as_mni_average_305_t4 2311
---------------------------------------------------------------------

freesurfer imgreg_4dfp.c
/opt/freesurfer/average/711-2C_as_mni_average_305.4dfp.img
       256       256       256         1
  1.000000  1.000000  1.000000
orientation T byte_order littleendian
Reading image: /opt/freesurfer/average/711-2C_as_mni_average_305.4dfp.img
dimensions:      256       256       256
mmppix:       1.0000   -1.0000   -1.0000
center:     128.0000 -129.0000 -129.0000
/opt/freesurfer/average/711-2B_as_mni_average_305_mask.4dfp.img
       256       256       256         1
  1.000000  1.000000  1.000000
orientation T byte_order littleendian
Reading mask: /opt/freesurfer/average/711-2B_as_mni_average_305_mask.4dfp.img (2306576 pixels)
talsrcimg_g11.4dfp.img
       256       256       256         1
  1.000000  1.000000  1.000000
orientation T byte_order littleendian
Reading image: talsrcimg_g11.4dfp.img
dimensions:      256       256       256
mmppix:       1.0000   -1.0000   -1.0000
center:     128.0000 -129.0000 -129.0000
fimgreg.f
image alignment mode   2311 decimal      907 hex
parameters
    7.9138   -6.3322   11.2431   -4.8638  -14.2204   -2.6821
    6.5317    6.2059  -10.7728    3.1438   -0.5361  -16.9581
eta,q 0.96875 10.89682
niter,ni,del,rscale     5    3    5.0000    0.8000
parameters
    7.8936   -6.3203   11.2142   -5.0937  -14.2916   -3.0786
    6.4989    6.1545  -10.7834    3.0625   -0.7393  -17.0139
eta,q 0.96872 10.87379
  0.0325  0.0321  0.0318  0.0325  0.0326  0.0328  0.0326  0.0329  0.0321  0.0324  0.0317  0.0317
  0.0318  0.0316  0.0315  0.0319  0.0319  0.0321  0.0319  0.0320  0.0316  0.0317  0.0315  0.0315
  0.0314  0.0313  0.0313  0.0314  0.0314  0.0315  0.0315  0.0314  0.0314  0.0314  0.0313  0.0313
  0.0312  0.0312  0.0312  0.0313  0.0313  0.0313  0.0313  0.0313  0.0313  0.0313  0.0313  0.0313
  0.0314  0.0313  0.0313  0.0314  0.0314  0.0315  0.0314  0.0315  0.0314  0.0314  0.0314  0.0313
  0.0319  0.0316  0.0315  0.0320  0.0319  0.0323  0.0319  0.0321  0.0316  0.0318  0.0315  0.0315
  0.0326  0.0320  0.0319  0.0329  0.0328  0.0337  0.0327  0.0330  0.0321  0.0324  0.0318  0.0318
niter,ni,del,rscale     4    3    5.0000    0.7000
parameters
    7.9290   -6.2675   11.2490   -5.0135  -14.3034   -3.0474
    6.4691    6.1710  -10.7778    3.0521   -0.7526  -17.0271
eta,q 0.96872 10.87332
  0.0323  0.0319  0.0317  0.0324  0.0324  0.0327  0.0323  0.0326  0.0319  0.0321  0.0316  0.0316
  0.0318  0.0316  0.0315  0.0318  0.0318  0.0320  0.0318  0.0319  0.0316  0.0316  0.0314  0.0314
  0.0314  0.0314  0.0313  0.0315  0.0314  0.0315  0.0314  0.0314  0.0313  0.0314  0.0313  0.0313
  0.0313  0.0313  0.0313  0.0313  0.0313  0.0313  0.0313  0.0313  0.0313  0.0313  0.0313  0.0313
  0.0314  0.0313  0.0313  0.0314  0.0314  0.0313  0.0314  0.0314  0.0313  0.0314  0.0313  0.0313
  0.0317  0.0315  0.0315  0.0317  0.0318  0.0318  0.0317  0.0319  0.0316  0.0317  0.0314  0.0314
  0.0322  0.0318  0.0317  0.0324  0.0324  0.0328  0.0323  0.0326  0.0319  0.0321  0.0316  0.0316
niter,ni,del,rscale     3    3    5.0000    0.6000
parameters
    7.9342   -6.2747   11.2486   -4.9500  -14.2839   -2.9319
    6.4821    6.1883  -10.7731    3.0749   -0.6876  -17.0134
eta,q 0.96873 10.88005
  0.0320  0.0317  0.0316  0.0321  0.0321  0.0324  0.0320  0.0323  0.0317  0.0319  0.0315  0.0315
  0.0316  0.0315  0.0314  0.0317  0.0317  0.0319  0.0316  0.0317  0.0315  0.0315  0.0314  0.0314
  0.0314  0.0313  0.0313  0.0314  0.0314  0.0315  0.0314  0.0314  0.0313  0.0313  0.0313  0.0313
  0.0313  0.0313  0.0313  0.0313  0.0313  0.0313  0.0313  0.0313  0.0313  0.0313  0.0313  0.0313
  0.0314  0.0313  0.0313  0.0313  0.0314  0.0313  0.0313  0.0314  0.0313  0.0313  0.0313  0.0313
  0.0316  0.0315  0.0314  0.0316  0.0316  0.0316  0.0316  0.0317  0.0315  0.0315  0.0314  0.0314
  0.0320  0.0317  0.0316  0.0321  0.0321  0.0324  0.0320  0.0322  0.0317  0.0319  0.0315  0.0315
niter,ni,del,rscale     2    3    5.0000    0.5000
parameters
    7.9282   -6.3032   11.2497   -4.9190  -14.2494   -2.8029
    6.5083    6.1978  -10.7946    3.1015   -0.6156  -16.9813
eta,q 0.96874 10.88827
  0.0318  0.0316  0.0315  0.0318  0.0318  0.0321  0.0318  0.0319  0.0316  0.0317  0.0315  0.0315
  0.0315  0.0314  0.0314  0.0315  0.0315  0.0317  0.0315  0.0316  0.0314  0.0314  0.0313  0.0313
  0.0313  0.0313  0.0313  0.0313  0.0313  0.0314  0.0313  0.0313  0.0313  0.0313  0.0313  0.0313
  0.0313  0.0313  0.0313  0.0313  0.0313  0.0313  0.0313  0.0313  0.0313  0.0313  0.0313  0.0313
  0.0313  0.0313  0.0313  0.0313  0.0313  0.0313  0.0313  0.0313  0.0313  0.0313  0.0313  0.0313
  0.0315  0.0314  0.0314  0.0315  0.0315  0.0315  0.0315  0.0316  0.0314  0.0314  0.0313  0.0313
  0.0318  0.0316  0.0315  0.0318  0.0318  0.0320  0.0318  0.0319  0.0316  0.0317  0.0314  0.0314
niter,ni,del,rscale     1    3    5.0000    0.4000
parameters
    7.9187   -6.3196   11.2556   -4.8794  -14.2226   -2.6886
    6.5423    6.2036  -10.7922    3.1212   -0.5752  -16.9588
eta,q 0.96875 10.89514
  0.0316  0.0314  0.0314  0.0316  0.0316  0.0318  0.0316  0.0317  0.0315  0.0315  0.0314  0.0314
  0.0314  0.0313  0.0313  0.0314  0.0314  0.0315  0.0314  0.0314  0.0313  0.0314  0.0313  0.0313
  0.0313  0.0313  0.0313  0.0313  0.0313  0.0314  0.0313  0.0313  0.0313  0.0313  0.0313  0.0313
  0.0313  0.0313  0.0313  0.0313  0.0313  0.0313  0.0312  0.0312  0.0312  0.0312  0.0312  0.0313
  0.0313  0.0313  0.0313  0.0313  0.0313  0.0313  0.0313  0.0313  0.0313  0.0313  0.0313  0.0313
  0.0314  0.0313  0.0313  0.0314  0.0314  0.0314  0.0314  0.0314  0.0313  0.0314  0.0313  0.0313
  0.0316  0.0315  0.0314  0.0316  0.0316  0.0317  0.0316  0.0317  0.0315  0.0315  0.0314  0.0314
registration optimization eta report
parameter search radius
    0.8000    0.8000    0.8000    2.4000    2.4000    2.4000
    2.4000    2.4000    2.4000    2.4000    2.4000    2.4000
100000*second partial in parameter space
       51.       30.       23.        7.        6.        9.
        6.        8.        4.        5.        2.        2.
  0.0316  0.0314  0.0314  0.0316  0.0316  0.0318  0.0316  0.0317  0.0315  0.0315  0.0314  0.0314
  0.0314  0.0313  0.0313  0.0314  0.0314  0.0315  0.0314  0.0314  0.0313  0.0314  0.0313  0.0313
  0.0313  0.0313  0.0313  0.0313  0.0313  0.0314  0.0313  0.0313  0.0313  0.0313  0.0313  0.0313
  0.0313  0.0313  0.0313  0.0313  0.0313  0.0313  0.0312  0.0312  0.0312  0.0312  0.0312  0.0313
  0.0313  0.0313  0.0313  0.0313  0.0313  0.0313  0.0313  0.0313  0.0313  0.0313  0.0313  0.0313
  0.0314  0.0313  0.0313  0.0314  0.0314  0.0314  0.0314  0.0314  0.0313  0.0314  0.0313  0.0313
  0.0316  0.0315  0.0314  0.0316  0.0316  0.0317  0.0316  0.0317  0.0315  0.0315  0.0314  0.0314
    7.9187   -6.3196   11.2556   -4.8794  -14.2226   -2.6886
    6.5423    6.2036  -10.7922    3.1212   -0.5752  -16.9588
eta,q 0.96875 10.89514

---------------------------------------------------------------------
compute_vox2vox talsrcimg talsrcimg_to_711-2C_as_mni_average_305_t4 /opt/freesurfer/average/711-2C_as_mni_average_305
---------------------------------------------------------------------

freesurfer compute_vox2vox.c
Reading: talsrcimg.4dfp.ifh
Reading: talsrcimg_to_711-2C_as_mni_average_305_t4
Reading: /opt/freesurfer/average/711-2C_as_mni_average_305.4dfp.ifh
Writing: talsrcimg_to_711-2C_as_mni_average_305_t4_vox2vox.txt

start time Mon Mar 9 07:40:57 CET 2026
end		time Mon Mar 9 07:41:11 CET 2026

mpr2mni305 success

avi2talxfm orig_nu.mgz /opt/freesurfer/average/mni305.cor.mgz talsrcimg_to_711-2C_as_mni_average_305_t4_vox2vox.txt transforms/talairach.auto.xfm
avi2talxfm done
mv -f /out/sourcedata/freesurfer/sub-v1s20x0050312_ses-1/mri/talsrcimg_to_711-2C_as_mni_average_305_t4_vox2vox.txt /out/sourcedata/freesurfer/sub-v1s20x0050312_ses-1/mri/transforms/talsrcimg_to_711-2C_as_mni_average_305_t4_vox2vox.txt
lta_convert --src orig_nu.mgz --trg /opt/freesurfer/average/mni305.cor.mgz --inxfm transforms/talairach.auto.xfm --outlta transforms/talairach.auto.xfm.lta --subject fsaverage
7.3.2

--src: orig_nu.mgz src image (geometry).
--trg: /opt/freesurfer/average/mni305.cor.mgz trg image (geometry).
--inmni: transforms/talairach.auto.xfm input MNI/XFM transform.
--outlta: transforms/talairach.auto.xfm.lta output LTA.
--s: fsaverage subject name
 LTA read, type : 1
 1.04049  -0.06338  -0.09189  -8.61098;
 0.02878   1.01940   0.19935  -11.07457;
 0.12986  -0.04507   1.14699   5.95113;
 0.00000   0.00000   0.00000   1.00000;
setting subject to fsaverage
Writing  LTA to file transforms/talairach.auto.xfm.lta...
lta_convert successful.
 
 
Started at Mon Mar 9 07:40:57 CET 2026
Ended   at Mon Mar  9 07:41:11 CET 2026
talairach_avi done
