/out/sourcedata/freesurfer/sub-v1s20x0050367_ses-1/mri
/opt/freesurfer/bin/talairach_avi
--i orig_nu.mgz --xfm transforms/talairach.auto.xfm
talairach_avi 7.3.2
Linux dna087 5.14.0-427.37.1.el9_4.x86_64 #1 SMP PREEMPT_DYNAMIC Fri Sep 13 12:41:50 EDT 2024 x86_64 x86_64 x86_64 GNU/Linux
Thu Mar 12 19:08:31 CET 2026
mri_convert orig_nu.mgz talsrcimg.img 
reading from orig_nu.mgz...
TR=0.00, TE=0.00, TI=0.00, flip angle=0.00
i_ras = (-1, 0, 0)
j_ras = (0, 0, -1)
k_ras = (0, 1, 0)
writing to talsrcimg.img...
Analyze Output Matrix
-1.00000   0.00000   0.00000   129.50781;
 0.00000   0.00000   1.00000  -128.49219;
 0.00000  -1.00000   0.00000   129.60004;
 0.00000   0.00000   0.00000   1.00000;
--------------------
INFO: set hdr.hist.orient to -1
mpr2mni305 talsrcimg
Thu Mar 12 19:08:31 CET 2026
/opt/freesurfer/bin/mpr2mni305 talsrcimg
mpr2mni305 7.3.2
target=711-2C_as_mni_average_305

---------------------------------------------------------------------
analyzeto4dfp talsrcimg -O0 -y
---------------------------------------------------------------------

freesurfer ifh2hdr.c
Thu Mar 12 19:08:31 2026
Writing: talsrcimg.4dfp.hdr
freesurfer analyzeto4dfp.c
Reading: talsrcimg.hdr
header size 348 bytes
hdr.dime.datatype	offset=70	value=2
hdr.dime.bitpix		offset=72	value=8
hdr.hist.orient		offset=252	value=-1
dimensionality     4
dimensions       256       256       256         1
Reading: talsrcimg.img
Writing: talsrcimg.4dfp.img
Writing: talsrcimg.4dfp.ifh
ifh2hdr talsrcimg -r0to242
ori=2

---------------------------------------------------------------------
gauss_4dfp talsrcimg 1.1
---------------------------------------------------------------------

freesurfer gauss_4dfp.c
Reading: talsrcimg.4dfp.img
Writing: talsrcimg_g11.4dfp.img
image dimensions 256 256 256 padded to 288 288 288
processing volume 1freesurfer ifh2hdr.c
Thu Mar 12 19:08:33 2026
Writing: talsrcimg_g11.4dfp.hdr

Writing: talsrcimg_g11.4dfp.ifh
including: talsrcimg.4dfp.img.rec in talsrcimg_g11.4dfp.img.rec

---------------------------------------------------------------------
imgreg_4dfp /opt/freesurfer/average/711-2C_as_mni_average_305 none talsrcimg_g11 none talsrcimg_to_711-2C_as_mni_average_305_t4 4355
---------------------------------------------------------------------

freesurfer imgreg_4dfp.c
/opt/freesurfer/average/711-2C_as_mni_average_305.4dfp.img
       256       256       256         1
  1.000000  1.000000  1.000000
orientation T byte_order littleendian
Reading image: /opt/freesurfer/average/711-2C_as_mni_average_305.4dfp.img
dimensions:      256       256       256
mmppix:       1.0000   -1.0000   -1.0000
center:     128.0000 -129.0000 -129.0000
talsrcimg_g11.4dfp.img
       256       256       256         1
  1.000000  1.000000  1.000000
orientation T byte_order littleendian
Reading image: talsrcimg_g11.4dfp.img
dimensions:      256       256       256
mmppix:       1.0000   -1.0000   -1.0000
center:     128.0000 -129.0000 -129.0000
t4_read: open error in t4_sub.f l:  41 t4_file(1:l)talsrcimg_to_711-2C_as_mni_average_305_t4 
t4_read: transform initialized to I4
rotation matrix determinant  1.000000
image alignment mode   4355 decimal     1103 hex
   -7.5000  -45.0000  -45.0000 6830.0576   19.2788
    0.0000  -45.0000  -45.0000 7094.1655   19.2682
    7.5000  -45.0000  -45.0000 6833.0815   19.2986
   -7.5000  -37.5000  -45.0000 7289.2939   19.3045
    0.0000  -37.5000  -45.0000 7582.0107   19.3012
    7.5000  -37.5000  -45.0000 7302.1943   19.3392
   -7.5000  -30.0000  -45.0000 8060.2017   19.3502
    0.0000  -30.0000  -45.0000 8391.4199   19.3503
    7.5000  -30.0000  -45.0000 8076.2915   19.3926
   -7.5000  -22.5000  -45.0000 8792.9092   19.3734
    0.0000  -22.5000  -45.0000 9146.2158   19.3688
    7.5000  -22.5000  -45.0000 8812.2637   19.4073
   -7.5000  -15.0000  -45.0000 9426.6348   19.3531
    0.0000  -15.0000  -45.0000 9805.9883   19.3416
    7.5000  -15.0000  -45.0000 9426.2754   19.3730
   -7.5000   -7.5000  -45.000010016.8857   19.3041
    0.0000   -7.5000  -45.000010399.7002   19.2900
    7.5000   -7.5000  -45.0000 9994.2842   19.3176
   -7.5000    0.0000  -45.000010501.6572   19.2788
    0.0000    0.0000  -45.000010913.6982   19.2682
    7.5000    0.0000  -45.000010454.0986   19.2986
   -7.5000    7.5000  -45.000010223.3525   19.3045
    0.0000    7.5000  -45.000010599.7334   19.3012
    7.5000    7.5000  -45.000010176.7129   19.3392
   -7.5000   15.0000  -45.0000 9934.7998   19.3502
    0.0000   15.0000  -45.000010295.0361   19.3503
    7.5000   15.0000  -45.0000 9891.8936   19.3926
   -7.5000   22.5000  -45.0000 9587.3574   19.3707
    0.0000   22.5000  -45.0000 9886.7002   19.3662
    7.5000   22.5000  -45.0000 9516.9668   19.4046
   -7.5000   30.0000  -45.0000 8860.5303   19.0951
    0.0000   30.0000  -45.0000 9122.7080   19.0838
    7.5000   30.0000  -45.0000 8743.2656   19.1148
   -7.5000   37.5000  -45.0000 8462.9004   19.0469
    0.0000   37.5000  -45.0000 8689.1250   19.0329
    7.5000   37.5000  -45.0000 8331.0400   19.0602
   -7.5000   45.0000  -45.0000 7758.7822   18.5389
    0.0000   45.0000  -45.0000 7940.6265   18.5287
    7.5000   45.0000  -45.0000 7614.7329   18.5579
   -7.5000  -45.0000  -37.5000 7336.4858   19.0926
    0.0000  -45.0000  -37.5000 7628.7798   19.0959
    7.5000  -45.0000  -37.5000 7356.8994   19.1231
   -7.5000  -37.5000  -37.5000 7857.4438   19.1248
    0.0000  -37.5000  -37.5000 8189.9146   19.1370
    7.5000  -37.5000  -37.5000 7882.8540   19.1719
   -7.5000  -30.0000  -37.5000 8688.6836   19.1778
    0.0000  -30.0000  -37.5000 9062.7402   19.1913
    7.5000  -30.0000  -37.5000 8710.0107   19.2327
   -7.5000  -22.5000  -37.5000 9462.4404   19.2005
    0.0000  -22.5000  -37.5000 9853.2197   19.2057
    7.5000  -22.5000  -37.5000 9472.8379   19.2455
   -7.5000  -15.0000  -37.500010137.3594   19.1745
    0.0000  -15.0000  -37.500010559.2754   19.1710
    7.5000  -15.0000  -37.500010126.9170   19.2039
   -7.5000   -7.5000  -37.500010752.1914   19.1195
    0.0000   -7.5000  -37.500011191.9697   19.1155
    7.5000   -7.5000  -37.500010730.0244   19.1422
   -7.5000    0.0000  -37.500011259.3799   19.0926
    0.0000    0.0000  -37.500011735.2012   19.0959
    7.5000    0.0000  -37.500011231.9443   19.1231
   -7.5000    7.5000  -37.500010964.4141   19.1248
    0.0000    7.5000  -37.500011404.0391   19.1370
    7.5000    7.5000  -37.500010913.0977   19.1719
   -7.5000   15.0000  -37.500010646.0811   19.1778
    0.0000   15.0000  -37.500011055.6318   19.1913
    7.5000   15.0000  -37.500010573.2334   19.2327
   -7.5000   22.5000  -37.500010228.0303   19.1979
    0.0000   22.5000  -37.500010581.9121   19.2031
    7.5000   22.5000  -37.500010133.7207   19.2429
   -7.5000   30.0000  -37.5000 9439.2910   18.9190
    0.0000   30.0000  -37.5000 9745.3145   18.9155
    7.5000   30.0000  -37.5000 9307.0215   18.9479
   -7.5000   37.5000  -37.5000 8965.7256   18.8647
    0.0000   37.5000  -37.5000 9285.3496   18.8607
    7.5000   37.5000  -37.5000 8827.9873   18.8871
   -7.5000   45.0000  -37.5000 8220.0449   18.3598
    0.0000   45.0000  -37.5000 8488.6807   18.3630
    7.5000   45.0000  -37.5000 8089.0190   18.3891
   -7.5000  -45.0000  -30.0000 8022.7134   19.7561
    0.0000  -45.0000  -30.0000 8366.1787   19.7647
    7.5000  -45.0000  -30.0000 8048.3979   19.7970
   -7.5000  -37.5000  -30.0000 8611.6982   19.7900
    0.0000  -37.5000  -30.0000 8979.2080   19.8066
    7.5000  -37.5000  -30.0000 8621.2627   19.8440
   -7.5000  -30.0000  -30.0000 9491.5244   19.8484
    0.0000  -30.0000  -30.0000 9899.8916   19.8650
    7.5000  -30.0000  -30.0000 9497.2871   19.9087
   -7.5000  -22.5000  -30.000010299.4922   19.8748
    0.0000  -22.5000  -30.000010730.5361   19.8828
    7.5000  -22.5000  -30.000010292.0137   19.9276
   -7.5000  -15.0000  -30.000010997.2725   19.8476
    0.0000  -15.0000  -30.000011487.5479   19.8479
    7.5000  -15.0000  -30.000010966.3232   19.8888
   -7.5000   -7.5000  -30.000011660.2002   19.7873
    0.0000   -7.5000  -30.000012186.4414   19.7882
    7.5000   -7.5000  -30.000011615.2871   19.8229
   -7.5000    0.0000  -30.000012207.2168   19.7561
    0.0000    0.0000  -30.000012768.2139   19.7647
    7.5000    0.0000  -30.000012165.0977   19.7970
   -7.5000    7.5000  -30.000011895.8975   19.7900
    0.0000    7.5000  -30.000012409.1104   19.8066
    7.5000    7.5000  -30.000011826.2236   19.8440
   -7.5000   15.0000  -30.000011526.4072   19.8484
    0.0000   15.0000  -30.000011988.5049   19.8650
    7.5000   15.0000  -30.000011453.9619   19.9087
   -7.5000   22.5000  -30.000011008.5986   19.8700
    0.0000   22.5000  -30.000011419.7100   19.8780
    7.5000   22.5000  -30.000010905.6367   19.9228
   -7.5000   30.0000  -30.000010142.8906   19.5850
    0.0000   30.0000  -30.000010528.6143   19.5853
    7.5000   30.0000  -30.000010004.3906   19.6256
   -7.5000   37.5000  -30.0000 9627.6855   19.5255
    0.0000   37.5000  -30.000010018.3535   19.5264
    7.5000   37.5000  -30.0000 9487.2988   19.5606
   -7.5000   45.0000  -30.0000 8778.7051   19.0118
    0.0000   45.0000  -30.0000 9135.7520   19.0201
    7.5000   45.0000  -30.0000 8664.0088   19.0512
   -7.5000  -45.0000  -22.5000 8785.6904   20.4535
    0.0000  -45.0000  -22.5000 9160.4580   20.4523
    7.5000  -45.0000  -22.5000 8790.3750   20.4930
   -7.5000  -37.5000  -22.5000 9407.8477   20.4810
    0.0000  -37.5000  -22.5000 9822.3623   20.4851
    7.5000  -37.5000  -22.5000 9420.2197   20.5265
   -7.5000  -30.0000  -22.500010351.2227   20.5362
    0.0000  -30.0000  -22.500010822.3281   20.5415
    7.5000  -30.0000  -22.500010364.4746   20.5868
   -7.5000  -22.5000  -22.500011189.2900   20.5678
    0.0000  -22.5000  -22.500011701.8271   20.5685
    7.5000  -22.5000  -22.500011194.0781   20.6162
   -7.5000  -15.0000  -22.500011929.7334   20.5470
    0.0000  -15.0000  -22.500012490.1963   20.5432
    7.5000  -15.0000  -22.500011901.1211   20.5908
   -7.5000   -7.5000  -22.500012688.6816   20.4880
    0.0000   -7.5000  -22.500013310.2930   20.4835
    7.5000   -7.5000  -22.500012616.9902   20.5278
   -7.5000    0.0000  -22.500013304.9102   20.4535
    0.0000    0.0000  -22.500013970.4961   20.4523
    7.5000    0.0000  -22.500013214.7441   20.4930
   -7.5000    7.5000  -22.500012905.1885   20.4810
    0.0000    7.5000  -22.500013518.6787   20.4851
    7.5000    7.5000  -22.500012813.2236   20.5265
   -7.5000   15.0000  -22.500012458.3486   20.5362
    0.0000   15.0000  -22.500013023.0703   20.5415
    7.5000   15.0000  -22.500012376.1826   20.5868
   -7.5000   22.5000  -22.500011844.9160   20.5615
    0.0000   22.5000  -22.500012344.5400   20.5622
    7.5000   22.5000  -22.500011718.3105   20.6098
   -7.5000   30.0000  -22.500010907.8721   20.2783
    0.0000   30.0000  -22.500011368.8359   20.2745
    7.5000   30.0000  -22.500010749.1592   20.3214
   -7.5000   37.5000  -22.500010343.1162   20.2200
    0.0000   37.5000  -22.500010796.1816   20.2155
    7.5000   37.5000  -22.500010185.5273   20.2593
   -7.5000   45.0000  -22.5000 9424.1094   19.6978
    0.0000   45.0000  -22.5000 9829.3291   19.6966
    7.5000   45.0000  -22.5000 9283.2510   19.7358
   -7.5000  -45.0000  -15.0000 9573.9531   20.9717
    0.0000  -45.0000  -15.0000 9983.9453   20.9572
    7.5000  -45.0000  -15.0000 9530.7861   21.0008
   -7.5000  -37.5000  -15.000010237.7021   20.9916
    0.0000  -37.5000  -15.000010713.7236   20.9796
    7.5000  -37.5000  -15.000010210.8994   21.0228
   -7.5000  -30.0000  -15.000011236.4814   21.0394
    0.0000  -30.0000  -15.000011781.1768   21.0308
    7.5000  -30.0000  -15.000011213.9961   21.0759
   -7.5000  -22.5000  -15.000012119.4307   21.0733
    0.0000  -22.5000  -15.000012738.0889   21.0649
    7.5000  -22.5000  -15.000012103.1553   21.1114
   -7.5000  -15.0000  -15.000012912.9736   21.0595
    0.0000  -15.0000  -15.000013568.2598   21.0493
    7.5000  -15.0000  -15.000012879.2578   21.0967
   -7.5000   -7.5000  -15.000013750.1602   21.0057
    0.0000   -7.5000  -15.000014493.7549   20.9928
    7.5000   -7.5000  -15.000013653.6621   21.0393
   -7.5000    0.0000  -15.000014427.3145   20.9717
    0.0000    0.0000  -15.000015191.8271   20.9572
    7.5000    0.0000  -15.000014284.9570   21.0008
   -7.5000    7.5000  -15.000013958.4932   20.9916
    0.0000    7.5000  -15.000014667.7080   20.9796
    7.5000    7.5000  -15.000013844.1924   21.0228
   -7.5000   15.0000  -15.000013416.4434   21.0394
    0.0000   15.0000  -15.000014125.7646   21.0308
    7.5000   15.0000  -15.000013331.8262   21.0759
   -7.5000   22.5000  -15.000012706.5244   21.0659
    0.0000   22.5000  -15.000013325.7100   21.0575
    7.5000   22.5000  -15.000012578.8320   21.1039
   -7.5000   30.0000  -15.000011690.4102   20.7869
    0.0000   30.0000  -15.000012255.5156   20.7769
    7.5000   30.0000  -15.000011553.9893   20.8237
   -7.5000   37.5000  -15.000011064.6602   20.7339
    0.0000   37.5000  -15.000011604.1055   20.7211
    7.5000   37.5000  -15.000010897.4072   20.7670
   -7.5000   45.0000  -15.000010038.3887   20.2090
    0.0000   45.0000  -15.000010499.0537   20.1950
    7.5000   45.0000  -15.0000 9872.5840   20.2370
   -7.5000  -45.0000   -7.500010408.1816   21.2270
    0.0000  -45.0000   -7.500010863.7451   21.2064
    7.5000  -45.0000   -7.500010362.9805   21.2452
   -7.5000  -37.5000   -7.500011137.9951   21.2458
    0.0000  -37.5000   -7.500011649.8730   21.2296
    7.5000  -37.5000   -7.500011091.9482   21.2718
   -7.5000  -30.0000   -7.500012194.2070   21.2897
    0.0000  -30.0000   -7.500012792.4941   21.2779
    7.5000  -30.0000   -7.500012152.7393   21.3225
   -7.5000  -22.5000   -7.500013132.0625   21.3205
    0.0000  -22.5000   -7.500013821.9609   21.3082
    7.5000  -22.5000   -7.500013103.9609   21.3507
   -7.5000  -15.0000   -7.500013983.6680   21.3072
    0.0000  -15.0000   -7.500014710.7949   21.2914
    7.5000  -15.0000   -7.500013922.3994   21.3309
   -7.5000   -7.5000   -7.500014855.3262   21.2576
    0.0000   -7.5000   -7.500015694.7734   21.2379
    7.5000   -7.5000   -7.500014714.5771   21.2760
   -7.5000    0.0000   -7.500015564.6924   21.2270
    0.0000    0.0000   -7.500016391.5586   21.2064
    7.5000    0.0000   -7.500015408.9307   21.2452
   -7.5000    7.5000   -7.500015032.1445   21.2458
    0.0000    7.5000   -7.500015862.6436   21.2296
    7.5000    7.5000   -7.500014926.3340   21.2718
   -7.5000   15.0000   -7.500014495.7705   21.2897
    0.0000   15.0000   -7.500015274.7559   21.2779
    7.5000   15.0000   -7.500014390.0176   21.3225
   -7.5000   22.5000   -7.500013645.8047   21.3106
    0.0000   22.5000   -7.500014363.9619   21.2984
    7.5000   22.5000   -7.500013500.5215   21.3409
   -7.5000   30.0000   -7.500012525.3438   21.0308
    0.0000   30.0000   -7.500013194.0898   21.0153
    7.5000   30.0000   -7.500012369.2891   21.0543
   -7.5000   37.5000   -7.500011854.0811   20.9819
    0.0000   37.5000   -7.500012489.4111   20.9625
    7.5000   37.5000   -7.500011675.2656   21.0001
   -7.5000   45.0000   -7.500010717.1436   20.4588
    0.0000   45.0000   -7.500011248.5801   20.4390
    7.5000   45.0000   -7.500010550.5879   20.4764
   -7.5000  -45.0000    0.000011172.8467   21.2543
    0.0000  -45.0000    0.000011667.8535   21.2412
    7.5000  -45.0000    0.000011148.6777   21.2732
   -7.5000  -37.5000    0.000011965.2002   21.2810
    0.0000  -37.5000    0.000012488.8809   21.2762
    7.5000  -37.5000    0.000011909.9336   21.3163
   -7.5000  -30.0000    0.000013118.4482   21.3298
    0.0000  -30.0000    0.000013724.6172   21.3289
    7.5000  -30.0000    0.000013067.6523   21.3736
   -7.5000  -22.5000    0.000014101.8867   21.3555
    0.0000  -22.5000    0.000014786.0205   21.3494
    7.5000  -22.5000    0.000014058.7246   21.3902
   -7.5000  -15.0000    0.000014984.8174   21.3347
    0.0000  -15.0000    0.000015791.2070   21.3207
    7.5000  -15.0000    0.000014894.2549   21.3541
   -7.5000   -7.5000    0.000015865.4854   21.2821
    0.0000   -7.5000    0.000016726.5762   21.2651
    7.5000   -7.5000    0.000015707.3682   21.2944
   -7.5000    0.0000    0.000016546.0156   21.2543
    0.0000    0.0000    0.000017412.2852   21.2412
    7.5000    0.0000    0.000016431.7305   21.2732
   -7.5000    7.5000    0.000015966.9902   21.2810
    0.0000    7.5000    0.000016818.4316   21.2762
    7.5000    7.5000    0.000015897.2520   21.3163
   -7.5000   15.0000    0.000015385.6504   21.3298
    0.0000   15.0000    0.000016190.4766   21.3289
    7.5000   15.0000    0.000015290.3418   21.3736
   -7.5000   22.5000    0.000014428.1426   21.3457
    0.0000   22.5000    0.000015194.0889   21.3396
    7.5000   22.5000    0.000014287.8545   21.3803
   -7.5000   30.0000    0.000013264.9629   21.0586
    0.0000   30.0000    0.000013969.7520   21.0447
    7.5000   30.0000    0.000013103.5439   21.0777
   -7.5000   37.5000    0.000012569.0020   21.0067
    0.0000   37.5000    0.000013244.0439   20.9898
    7.5000   37.5000    0.000012400.3281   21.0188
   -7.5000   45.0000    0.000011375.9521   20.4867
    0.0000   45.0000    0.000011931.7256   20.4740
    7.5000   45.0000    0.000011194.1826   20.5049
   -7.5000  -45.0000    7.500011054.9102   21.2263
    0.0000  -45.0000    7.500011516.5986   21.2295
    7.5000  -45.0000    7.500011023.8721   21.2594
   -7.5000  -37.5000    7.500011825.9619   21.2623
    0.0000  -37.5000    7.500012312.7793   21.2753
    7.5000  -37.5000    7.500011772.1787   21.3137
   -7.5000  -30.0000    7.500012984.4512   21.3209
    0.0000  -30.0000    7.500013498.6377   21.3354
    7.5000  -30.0000    7.500012925.2852   21.3810
   -7.5000  -22.5000    7.500014023.6924   21.3457
    0.0000  -22.5000    7.500014598.9131   21.3511
    7.5000  -22.5000    7.500013937.4141   21.3950
   -7.5000  -15.0000    7.500014913.2754   21.3165
    0.0000  -15.0000    7.500015630.6553   21.3123
    7.5000  -15.0000    7.500014720.9707   21.3486
   -7.5000   -7.5000    7.500015692.3643   21.2557
    0.0000   -7.5000    7.500016376.9229   21.2508
    7.5000   -7.5000    7.500015550.9971   21.2803
   -7.5000    0.0000    7.500016255.7979   21.2263
    0.0000    0.0000    7.500016931.5586   21.2295
    7.5000    0.0000    7.500016209.2100   21.2594
   -7.5000    7.5000    7.500015700.0811   21.2623
    0.0000    7.5000    7.500016367.8730   21.2753
    7.5000    7.5000    7.500015644.4043   21.3137
   -7.5000   15.0000    7.500015092.4043   21.3209
    0.0000   15.0000    7.500015755.9121   21.3354
    7.5000   15.0000    7.500015023.7393   21.3810
   -7.5000   22.5000    7.500014103.4443   21.3359
    0.0000   22.5000    7.500014743.1299   21.3412
    7.5000   22.5000    7.500014005.8818   21.3851
   -7.5000   30.0000    7.500012985.5430   21.0406
    0.0000   30.0000    7.500013565.4971   21.0365
    7.5000   30.0000    7.500012843.2236   21.0723
   -7.5000   37.5000    7.500012333.0449   20.9806
    0.0000   37.5000    7.500012921.9785   20.9758
    7.5000   37.5000    7.500012181.9082   21.0049
   -7.5000   45.0000    7.500011183.5830   20.4597
    0.0000   45.0000    7.500011721.8018   20.4628
    7.5000   45.0000    7.500011025.0801   20.4916
   -7.5000  -45.0000   15.000010777.6875   21.2147
    0.0000  -45.0000   15.000011217.4521   21.2240
    7.5000  -45.0000   15.000010728.8076   21.2587
   -7.5000  -37.5000   15.000011493.8594   21.2512
    0.0000  -37.5000   15.000011937.5166   21.2690
    7.5000  -37.5000   15.000011437.1943   21.3091
   -7.5000  -30.0000   15.000012612.8936   21.3138
    0.0000  -30.0000   15.000013077.2373   21.3316
    7.5000  -30.0000   15.000012547.9834   21.3786
   -7.5000  -22.5000   15.000013799.5391   21.3422
    0.0000  -22.5000   15.000014388.8828   21.3508
    7.5000  -22.5000   15.000013604.5830   21.3989
   -7.5000  -15.0000   15.000014760.2080   21.3130
    0.0000  -15.0000   15.000015335.2188   21.3133
    7.5000  -15.0000   15.000014489.2568   21.3572
   -7.5000   -7.5000   15.000015352.1162   21.2483
    0.0000   -7.5000   15.000015775.1104   21.2492
    7.5000   -7.5000   15.000015274.3506   21.2864
   -7.5000    0.0000   15.000015906.8867   21.2147
    0.0000    0.0000   15.000016291.5508   21.2240
    7.5000    0.0000   15.000015891.5303   21.2587
   -7.5000    7.5000   15.000015400.8076   21.2512
    0.0000    7.5000   15.000015813.9248   21.2690
    7.5000    7.5000   15.000015398.6875   21.3091
   -7.5000   15.0000   15.000014806.7715   21.3138
    0.0000   15.0000   15.000015240.8711   21.3316
    7.5000   15.0000   15.000014773.4150   21.3786
   -7.5000   22.5000   15.000013773.1006   21.3324
    0.0000   22.5000   15.000014230.9365   21.3410
    7.5000   22.5000   15.000013689.3135   21.3891
   -7.5000   30.0000   15.000012677.6084   21.0372
    0.0000   30.0000   15.000013149.8203   21.0375
    7.5000   30.0000   15.000012539.6309   21.0808
   -7.5000   37.5000   15.000012038.8418   20.9733
    0.0000   37.5000   15.000012545.6973   20.9742
    7.5000   37.5000   15.000011851.7197   21.0110
   -7.5000   45.0000   15.000010905.5498   20.4485
    0.0000   45.0000   15.000011375.2041   20.4575
    7.5000   45.0000   15.000010716.5352   20.4909
   -7.5000  -45.0000   22.500010336.7354   21.2324
    0.0000  -45.0000   22.500010794.1953   21.2312
    7.5000  -45.0000   22.500010308.2236   21.2734
   -7.5000  -37.5000   22.500011000.3994   21.2609
    0.0000  -37.5000   22.500011438.1201   21.2651
    7.5000  -37.5000   22.500010959.7637   21.3082
   -7.5000  -30.0000   22.500012087.4580   21.3182
    0.0000  -30.0000   22.500012532.7754   21.3237
    7.5000  -30.0000   22.500012030.0146   21.3708
   -7.5000  -22.5000   22.500013183.5469   21.3510
    0.0000  -22.5000   22.500013675.0273   21.3518
    7.5000  -22.5000   22.500013053.4766   21.4013
   -7.5000  -15.0000   22.500014045.9580   21.3294
    0.0000  -15.0000   22.500014419.5869   21.3254
    7.5000  -15.0000   22.500013877.6123   21.3749
   -7.5000   -7.5000   22.500014705.3330   21.2681
    0.0000   -7.5000   22.500014943.8271   21.2635
    7.5000   -7.5000   22.500014647.1670   21.3095
   -7.5000    0.0000   22.500015393.4688   21.2324
    0.0000    0.0000   22.500015586.2666   21.2312
    7.5000    0.0000   22.500015326.4580   21.2734
   -7.5000    7.5000   22.500014957.3291   21.2609
    0.0000    7.5000   22.500015256.4004   21.2651
    7.5000    7.5000   22.500014860.8965   21.3082
   -7.5000   15.0000   22.500014354.9561   21.3182
    0.0000   15.0000   22.500014739.0605   21.3237
    7.5000   15.0000   22.500014278.6191   21.3708
   -7.5000   22.5000   22.500013288.1855   21.3412
    0.0000   22.5000   22.500013687.9941   21.3419
    7.5000   22.5000   22.500013186.6992   21.3914
   -7.5000   30.0000   22.500012187.6689   21.0534
    0.0000   30.0000   22.500012630.8398   21.0495
    7.5000   30.0000   22.500012058.6611   21.0982
   -7.5000   37.5000   22.500011596.3877   20.9929
    0.0000   37.5000   22.500012036.2656   20.9883
    7.5000   37.5000   22.500011423.0830   21.0337
   -7.5000   45.0000   22.500010469.6250   20.4656
    0.0000   45.0000   22.500010891.0605   20.4644
    7.5000   45.0000   22.500010307.5996   20.5051
   -7.5000  -45.0000   30.0000 9796.6279   21.2595
    0.0000  -45.0000   30.000010210.4023   21.2448
    7.5000  -45.0000   30.0000 9762.4512   21.2890
   -7.5000  -37.5000   30.000010457.5801   21.2796
    0.0000  -37.5000   30.000010862.2207   21.2675
    7.5000  -37.5000   30.000010382.4990   21.3113
   -7.5000  -30.0000   30.000011455.2197   21.3282
    0.0000  -30.0000   30.000011903.5654   21.3195
    7.5000  -30.0000   30.000011388.5498   21.3651
   -7.5000  -22.5000   30.000012417.6201   21.3625
    0.0000  -22.5000   30.000012879.2676   21.3540
    7.5000  -22.5000   30.000012334.2461   21.4011
   -7.5000  -15.0000   30.000013230.6494   21.3485
    0.0000  -15.0000   30.000013624.6582   21.3382
    7.5000  -15.0000   30.000013131.8760   21.3862
   -7.5000   -7.5000   30.000013985.5732   21.2940
    0.0000   -7.5000   30.000014374.1602   21.2809
    7.5000   -7.5000   30.000013908.7393   21.3280
   -7.5000    0.0000   30.000014675.9551   21.2595
    0.0000    0.0000   30.000015104.4316   21.2448
    7.5000    0.0000   30.000014571.8906   21.2890
   -7.5000    7.5000   30.000014224.9805   21.2796
    0.0000    7.5000   30.000014713.5342   21.2675
    7.5000    7.5000   30.000014099.0127   21.3113
   -7.5000   15.0000   30.000013624.9580   21.3282
    0.0000   15.0000   30.000014130.0908   21.3195
    7.5000   15.0000   30.000013512.0000   21.3651
   -7.5000   22.5000   30.000012582.7441   21.3527
    0.0000   22.5000   30.000013076.6963   21.3442
    7.5000   22.5000   30.000012470.4346   21.3912
   -7.5000   30.0000   30.000011521.0752   21.0722
    0.0000   30.0000   30.000011998.1094   21.0620
    7.5000   30.0000   30.000011405.4434   21.1095
   -7.5000   37.5000   30.000010909.0996   21.0184
    0.0000   37.5000   30.000011356.2334   21.0055
    7.5000   37.5000   30.000010788.9268   21.0520
   -7.5000   45.0000   30.0000 9833.3496   20.4917
    0.0000   45.0000   30.000010234.5674   20.4775
    7.5000   45.0000   30.0000 9722.4014   20.5201
   -7.5000  -45.0000   37.5000 9566.6582   21.2741
    0.0000  -45.0000   37.5000 9995.1621   21.2535
    7.5000  -45.0000   37.5000 9527.8096   21.2924
   -7.5000  -37.5000   37.500010192.7529   21.2930
    0.0000  -37.5000   37.500010676.7236   21.2767
    7.5000  -37.5000   37.500010130.9424   21.3191
   -7.5000  -30.0000   37.500011148.7148   21.3370
    0.0000  -30.0000   37.500011681.0049   21.3253
    7.5000  -30.0000   37.500011106.3750   21.3701
   -7.5000  -22.5000   37.500012067.8447   21.3679
    0.0000  -22.5000   37.500012585.0752   21.3557
    7.5000  -22.5000   37.500012003.2959   21.3984
   -7.5000  -15.0000   37.500012825.3965   21.3546
    0.0000  -15.0000   37.500013317.1318   21.3388
    7.5000  -15.0000   37.500012781.8008   21.3785
   -7.5000   -7.5000   37.500013585.1719   21.3048
    0.0000   -7.5000   37.500014105.5195   21.2851
    7.5000   -7.5000   37.500013535.3271   21.3234
   -7.5000    0.0000   37.500014253.7090   21.2741
    0.0000    0.0000   37.500014784.9375   21.2535
    7.5000    0.0000   37.500014156.6113   21.2924
   -7.5000    7.5000   37.500013818.8535   21.2930
    0.0000    7.5000   37.500014349.7002   21.2767
    7.5000    7.5000   37.500013724.8682   21.3191
   -7.5000   15.0000   37.500013243.7217   21.3370
    0.0000   15.0000   37.500013748.3008   21.3253
    7.5000   15.0000   37.500013138.4893   21.3701
   -7.5000   22.5000   37.500012247.1543   21.3581
    0.0000   22.5000   37.500012729.9092   21.3459
    7.5000   22.5000   37.500012121.5762   21.3886
   -7.5000   30.0000   37.500011202.3164   21.0782
    0.0000   30.0000   37.500011652.5527   21.0626
    7.5000   30.0000   37.500011074.4619   21.1018
   -7.5000   37.5000   37.500010561.4570   21.0291
    0.0000   37.5000   37.500010962.6094   21.0096
    7.5000   37.5000   37.500010431.3691   21.0474
   -7.5000   45.0000   37.5000 9505.8145   20.5058
    0.0000   45.0000   37.5000 9874.0947   20.4859
    7.5000   45.0000   37.5000 9409.7080   20.5234
   -7.5000  -45.0000   45.0000 8847.3281   21.2473
    0.0000  -45.0000   45.0000 9297.0127   21.2339
    7.5000  -45.0000   45.0000 8820.4463   21.2661
   -7.5000  -37.5000   45.0000 9426.8926   21.2752
    0.0000  -37.5000   45.0000 9899.8193   21.2700
    7.5000  -37.5000   45.0000 9399.6006   21.3100
   -7.5000  -30.0000   45.000010299.4512   21.3250
    0.0000  -30.0000   45.000010807.8242   21.3237
    7.5000  -30.0000   45.000010269.5117   21.3683
   -7.5000  -22.5000   45.000011105.6709   21.3505
    0.0000  -22.5000   45.000011604.7314   21.3441
    7.5000  -22.5000   45.000011051.2441   21.3850
   -7.5000  -15.0000   45.000011787.7490   21.3287
    0.0000  -15.0000   45.000012269.2832   21.3144
    7.5000  -15.0000   45.000011746.8594   21.3481
   -7.5000   -7.5000   45.000012471.0469   21.2752
    0.0000   -7.5000   45.000012989.2061   21.2579
    7.5000   -7.5000   45.000012437.0049   21.2875
   -7.5000    0.0000   45.000013097.5713   21.2473
    0.0000    0.0000   45.000013625.4395   21.2339
    7.5000    0.0000   45.000013041.2637   21.2661
   -7.5000    7.5000   45.000012719.4512   21.2752
    0.0000    7.5000   45.000013238.8545   21.2700
    7.5000    7.5000   45.000012676.6514   21.3100
   -7.5000   15.0000   45.000012196.1953   21.3250
    0.0000   15.0000   45.000012693.5654   21.3237
    7.5000   15.0000   45.000012142.7812   21.3683
   -7.5000   22.5000   45.000011290.1787   21.3406
    0.0000   22.5000   45.000011759.0000   21.3342
    7.5000   22.5000   45.000011205.4873   21.3751
   -7.5000   30.0000   45.000010317.1523   21.0508
    0.0000   30.0000   45.000010723.4238   21.0368
    7.5000   30.0000   45.000010229.9355   21.0700
   -7.5000   37.5000   45.0000 9719.2393   20.9980
    0.0000   37.5000   45.000010104.1006   20.9809
    7.5000   37.5000   45.0000 9614.5654   21.0102
   -7.5000   45.0000   45.0000 8764.0186   20.4893
    0.0000   45.0000   45.0000 9110.6016   20.4763
    7.5000   45.0000   45.0000 8653.1484   20.5073

---------------------------------------------------------------------
imgreg_4dfp /opt/freesurfer/average/711-2C_as_mni_average_305 /opt/freesurfer/average/711-2B_as_mni_average_305_mask talsrcimg_g11 none talsrcimg_to_711-2C_as_mni_average_305_t4 4355
---------------------------------------------------------------------

freesurfer imgreg_4dfp.c
/opt/freesurfer/average/711-2C_as_mni_average_305.4dfp.img
       256       256       256         1
  1.000000  1.000000  1.000000
orientation T byte_order littleendian
Reading image: /opt/freesurfer/average/711-2C_as_mni_average_305.4dfp.img
dimensions:      256       256       256
mmppix:       1.0000   -1.0000   -1.0000
center:     128.0000 -129.0000 -129.0000
/opt/freesurfer/average/711-2B_as_mni_average_305_mask.4dfp.img
       256       256       256         1
  1.000000  1.000000  1.000000
orientation T byte_order littleendian
Reading mask: /opt/freesurfer/average/711-2B_as_mni_average_305_mask.4dfp.img (2306576 pixels)
talsrcimg_g11.4dfp.img
       256       256       256         1
  1.000000  1.000000  1.000000
orientation T byte_order littleendian
Reading image: talsrcimg_g11.4dfp.img
dimensions:      256       256       256
mmppix:       1.0000   -1.0000   -1.0000
center:     128.0000 -129.0000 -129.0000
rotation matrix determinant  1.000000
image alignment mode   4355 decimal     1103 hex
   -7.5000  -45.0000  -45.0000 1918.2045   25.8096
    0.0000  -45.0000  -45.0000 1929.3827   25.5171
    7.5000  -45.0000  -45.0000 1917.9830   25.7873
   -7.5000  -37.5000  -45.0000 1995.3293   23.6555
    0.0000  -37.5000  -45.0000 2009.2656   23.4860
    7.5000  -37.5000  -45.0000 1996.4719   23.7514
   -7.5000  -30.0000  -45.0000 2066.3652   22.0421
    0.0000  -30.0000  -45.0000 2079.3003   21.9058
    7.5000  -30.0000  -45.0000 2065.8955   22.0826
   -7.5000  -22.5000  -45.0000 2120.1763   20.9049
    0.0000  -22.5000  -45.0000 2131.3704   20.7501
    7.5000  -22.5000  -45.0000 2119.6401   20.8936
   -7.5000  -15.0000  -45.0000 2150.7712   20.2052
    0.0000  -15.0000  -45.0000 2159.4080   20.0050
    7.5000  -15.0000  -45.0000 2143.9016   20.2300
   -7.5000   -7.5000  -45.0000 2157.9954   19.9409
    0.0000   -7.5000  -45.0000 2165.7559   19.7174
    7.5000   -7.5000  -45.0000 2152.3782   19.9400
   -7.5000    0.0000  -45.0000 2148.3167   20.0088
    0.0000    0.0000  -45.0000 2157.9404   19.7907
    7.5000    0.0000  -45.0000 2147.9915   20.0809
   -7.5000    7.5000  -45.0000 2123.4321   20.5848
    0.0000    7.5000  -45.0000 2132.2759   20.3228
    7.5000    7.5000  -45.0000 2121.7471   20.6257
   -7.5000   15.0000  -45.0000 2081.3108   21.5717
    0.0000   15.0000  -45.0000 2088.8269   21.2726
    7.5000   15.0000  -45.0000 2080.3542   21.6011
   -7.5000   22.5000  -45.0000 2019.8199   22.8680
    0.0000   22.5000  -45.0000 2028.4615   22.5891
    7.5000   22.5000  -45.0000 2017.4298   22.9369
   -7.5000   30.0000  -45.0000 1943.3727   24.6344
    0.0000   30.0000  -45.0000 1952.1891   24.2998
    7.5000   30.0000  -45.0000 1934.6573   24.7355
   -7.5000   37.5000  -45.0000 1859.7881   26.7740
    0.0000   37.5000  -45.0000 1866.4354   26.4962
    7.5000   37.5000  -45.0000 1847.4354   27.0185
   -7.5000   45.0000  -45.0000 1753.2262   29.8290
    0.0000   45.0000  -45.0000 1757.4216   29.4841
    7.5000   45.0000  -45.0000 1739.1200   30.0242
   -7.5000  -45.0000  -37.5000 2008.6270   23.4993
    0.0000  -45.0000  -37.5000 2022.4618   23.2672
    7.5000  -45.0000  -37.5000 2013.4380   23.5546
   -7.5000  -37.5000  -37.5000 2095.5779   21.6198
    0.0000  -37.5000  -37.5000 2113.1216   21.4875
    7.5000  -37.5000  -37.5000 2101.1694   21.7206
   -7.5000  -30.0000  -37.5000 2176.4473   20.1667
    0.0000  -30.0000  -37.5000 2192.2139   20.0773
    7.5000  -30.0000  -37.5000 2178.3022   20.2512
   -7.5000  -22.5000  -37.5000 2230.4431   19.0491
    0.0000  -22.5000  -37.5000 2241.7910   18.9645
    7.5000  -22.5000  -37.5000 2228.3740   19.1435
   -7.5000  -15.0000  -37.5000 2261.3860   18.3814
    0.0000  -15.0000  -37.5000 2271.5754   18.2766
    7.5000  -15.0000  -37.5000 2259.4390   18.4763
   -7.5000   -7.5000  -37.5000 2268.6926   18.1712
    0.0000   -7.5000  -37.5000 2279.1077   18.0553
    7.5000   -7.5000  -37.5000 2272.1301   18.2722
   -7.5000    0.0000  -37.5000 2254.6472   18.2245
    0.0000    0.0000  -37.5000 2268.0715   18.1467
    7.5000    0.0000  -37.5000 2258.2915   18.3412
   -7.5000    7.5000  -37.5000 2226.8318   18.7364
    0.0000    7.5000  -37.5000 2235.5654   18.5860
    7.5000    7.5000  -37.5000 2225.2534   18.8278
   -7.5000   15.0000  -37.5000 2181.4617   19.5692
    0.0000   15.0000  -37.5000 2192.3743   19.3879
    7.5000   15.0000  -37.5000 2178.5146   19.6201
   -7.5000   22.5000  -37.5000 2120.3203   20.7696
    0.0000   22.5000  -37.5000 2133.5254   20.5716
    7.5000   22.5000  -37.5000 2115.8774   20.8100
   -7.5000   30.0000  -37.5000 2039.1904   22.3593
    0.0000   30.0000  -37.5000 2050.4272   22.1167
    7.5000   30.0000  -37.5000 2034.1680   22.5294
   -7.5000   37.5000  -37.5000 1949.0601   24.3450
    0.0000   37.5000  -37.5000 1956.9661   24.0795
    7.5000   37.5000  -37.5000 1938.9897   24.5646
   -7.5000   45.0000  -37.5000 1840.9701   27.0792
    0.0000   45.0000  -37.5000 1846.4231   26.7183
    7.5000   45.0000  -37.5000 1827.7585   27.2945
   -7.5000  -45.0000  -30.0000 2137.9282   22.3141
    0.0000  -45.0000  -30.0000 2155.1523   22.2072
    7.5000  -45.0000  -30.0000 2143.3142   22.4312
   -7.5000  -37.5000  -30.0000 2238.6816   20.4640
    0.0000  -37.5000  -30.0000 2252.7273   20.3726
    7.5000  -37.5000  -30.0000 2239.0176   20.6012
   -7.5000  -30.0000  -30.0000 2318.5676   19.0822
    0.0000  -30.0000  -30.0000 2331.7971   19.0216
    7.5000  -30.0000  -30.0000 2318.8687   19.1868
   -7.5000  -22.5000  -30.0000 2377.1848   17.9971
    0.0000  -22.5000  -30.0000 2386.5847   17.9334
    7.5000  -22.5000  -30.0000 2373.6189   18.1010
   -7.5000  -15.0000  -30.0000 2410.5200   17.3309
    0.0000  -15.0000  -30.0000 2427.0381   17.2838
    7.5000  -15.0000  -30.0000 2407.4656   17.4267
   -7.5000   -7.5000  -30.0000 2422.3171   17.1372
    0.0000   -7.5000  -30.0000 2438.9727   17.0668
    7.5000   -7.5000  -30.0000 2424.0439   17.2504
   -7.5000    0.0000  -30.0000 2407.3301   17.2257
    0.0000    0.0000  -30.0000 2420.6218   17.1903
    7.5000    0.0000  -30.0000 2403.6978   17.3138
   -7.5000    7.5000  -30.0000 2379.8181   17.6930
    0.0000    7.5000  -30.0000 2389.8018   17.6125
    7.5000    7.5000  -30.0000 2374.0007   17.7747
   -7.5000   15.0000  -30.0000 2333.3655   18.4692
    0.0000   15.0000  -30.0000 2345.1931   18.3682
    7.5000   15.0000  -30.0000 2325.6414   18.5629
   -7.5000   22.5000  -30.0000 2266.2856   19.5969
    0.0000   22.5000  -30.0000 2274.2485   19.4841
    7.5000   22.5000  -30.0000 2260.3857   19.7210
   -7.5000   30.0000  -30.0000 2178.6746   21.1012
    0.0000   30.0000  -30.0000 2187.2185   20.9308
    7.5000   30.0000  -30.0000 2171.0811   21.2545
   -7.5000   37.5000  -30.0000 2076.6621   23.0501
    0.0000   37.5000  -30.0000 2083.1558   22.7845
    7.5000   37.5000  -30.0000 2064.9946   23.1918
   -7.5000   45.0000  -30.0000 1956.2823   25.6236
    0.0000   45.0000  -30.0000 1964.4257   25.3684
    7.5000   45.0000  -30.0000 1945.8396   25.7985
   -7.5000  -45.0000  -22.5000 2243.9622   21.0727
    0.0000  -45.0000  -22.5000 2256.9158   21.0222
    7.5000  -45.0000  -22.5000 2241.7502   21.1583
   -7.5000  -37.5000  -22.5000 2344.9167   19.2201
    0.0000  -37.5000  -22.5000 2360.1633   19.1997
    7.5000  -37.5000  -22.5000 2347.6611   19.3043
   -7.5000  -30.0000  -22.5000 2432.6558   17.8156
    0.0000  -30.0000  -22.5000 2445.9717   17.8136
    7.5000  -30.0000  -22.5000 2433.2312   17.9464
   -7.5000  -22.5000  -22.5000 2494.7148   16.8095
    0.0000  -22.5000  -22.5000 2502.8577   16.8152
    7.5000  -22.5000  -22.5000 2494.0393   16.9569
   -7.5000  -15.0000  -22.5000 2533.1836   16.1860
    0.0000  -15.0000  -22.5000 2548.5657   16.1890
    7.5000  -15.0000  -22.5000 2524.3857   16.3008
   -7.5000   -7.5000  -22.5000 2558.5149   15.9786
    0.0000   -7.5000  -22.5000 2574.2563   15.9702
    7.5000   -7.5000  -22.5000 2549.8718   16.0895
   -7.5000    0.0000  -22.5000 2547.7058   16.0756
    0.0000    0.0000  -22.5000 2562.7378   16.0856
    7.5000    0.0000  -22.5000 2540.3311   16.2093
   -7.5000    7.5000  -22.5000 2518.3806   16.5150
    0.0000    7.5000  -22.5000 2532.4197   16.5123
    7.5000    7.5000  -22.5000 2509.7759   16.6455
   -7.5000   15.0000  -22.5000 2464.4429   17.2777
    0.0000   15.0000  -22.5000 2483.9226   17.2547
    7.5000   15.0000  -22.5000 2458.2317   17.3872
   -7.5000   22.5000  -22.5000 2388.8909   18.3643
    0.0000   22.5000  -22.5000 2405.1416   18.3034
    7.5000   22.5000  -22.5000 2383.0679   18.5130
   -7.5000   30.0000  -22.5000 2295.4724   19.7707
    0.0000   30.0000  -22.5000 2307.6611   19.6979
    7.5000   30.0000  -22.5000 2286.9031   19.9262
   -7.5000   37.5000  -22.5000 2188.9741   21.6189
    0.0000   37.5000  -22.5000 2192.7644   21.4592
    7.5000   37.5000  -22.5000 2170.1025   21.7954
   -7.5000   45.0000  -22.5000 2056.8970   24.0239
    0.0000   45.0000  -22.5000 2062.9214   23.8235
    7.5000   45.0000  -22.5000 2039.0991   24.1947
   -7.5000  -45.0000  -15.0000 2312.1570   19.8872
    0.0000  -45.0000  -15.0000 2330.6245   19.7739
    7.5000  -45.0000  -15.0000 2309.0044   19.8319
   -7.5000  -37.5000  -15.0000 2421.7646   18.0585
    0.0000  -37.5000  -15.0000 2443.9736   18.0364
    7.5000  -37.5000  -15.0000 2421.4492   18.0534
   -7.5000  -30.0000  -15.0000 2511.0356   16.6586
    0.0000  -30.0000  -15.0000 2532.7610   16.6590
    7.5000  -30.0000  -15.0000 2510.6121   16.7012
   -7.5000  -22.5000  -15.0000 2581.0437   15.6364
    0.0000  -22.5000  -15.0000 2598.6514   15.6615
    7.5000  -22.5000  -15.0000 2580.5964   15.7445
   -7.5000  -15.0000  -15.0000 2628.9895   15.0515
    0.0000  -15.0000  -15.0000 2649.9443   15.0636
    7.5000  -15.0000  -15.0000 2624.7170   15.1872
   -7.5000   -7.5000  -15.0000 2663.0469   14.8459
    0.0000   -7.5000  -15.0000 2684.0603   14.8691
    7.5000   -7.5000  -15.0000 2656.6975   14.9845
   -7.5000    0.0000  -15.0000 2665.1648   14.9723
    0.0000    0.0000  -15.0000 2682.4756   14.9900
    7.5000    0.0000  -15.0000 2653.7124   15.0955
   -7.5000    7.5000  -15.0000 2633.8359   15.3751
    0.0000    7.5000  -15.0000 2650.3442   15.3973
    7.5000    7.5000  -15.0000 2621.8262   15.4936
   -7.5000   15.0000  -15.0000 2570.8765   16.1114
    0.0000   15.0000  -15.0000 2596.7971   16.1007
    7.5000   15.0000  -15.0000 2565.2683   16.2339
   -7.5000   22.5000  -15.0000 2489.9321   17.1455
    0.0000   22.5000  -15.0000 2513.3682   17.1306
    7.5000   22.5000  -15.0000 2484.5149   17.3025
   -7.5000   30.0000  -15.0000 2391.7498   18.4582
    0.0000   30.0000  -15.0000 2406.6704   18.4147
    7.5000   30.0000  -15.0000 2382.8335   18.6460
   -7.5000   37.5000  -15.0000 2271.0508   20.2851
    0.0000   37.5000  -15.0000 2283.4978   20.1633
    7.5000   37.5000  -15.0000 2255.4248   20.4382
   -7.5000   45.0000  -15.0000 2126.6904   22.5533
    0.0000   45.0000  -15.0000 2133.8259   22.4153
    7.5000   45.0000  -15.0000 2106.1650   22.7280
   -7.5000  -45.0000   -7.5000 2365.1829   18.7875
    0.0000  -45.0000   -7.5000 2387.4670   18.6599
    7.5000  -45.0000   -7.5000 2368.9683   18.7583
   -7.5000  -37.5000   -7.5000 2481.0808   17.0196
    0.0000  -37.5000   -7.5000 2503.3960   16.9512
    7.5000  -37.5000   -7.5000 2485.3210   17.0173
   -7.5000  -30.0000   -7.5000 2575.2114   15.6295
    0.0000  -30.0000   -7.5000 2600.8896   15.6177
    7.5000  -30.0000   -7.5000 2576.0740   15.6890
   -7.5000  -22.5000   -7.5000 2657.4409   14.5939
    0.0000  -22.5000   -7.5000 2679.3242   14.5812
    7.5000  -22.5000   -7.5000 2654.8074   14.6483
   -7.5000  -15.0000   -7.5000 2719.8428   14.0078
    0.0000  -15.0000   -7.5000 2738.5134   13.9920
    7.5000  -15.0000   -7.5000 2710.3259   14.1140
   -7.5000   -7.5000   -7.5000 2761.5190   13.8184
    0.0000   -7.5000   -7.5000 2783.2468   13.8127
    7.5000   -7.5000   -7.5000 2747.4204   13.9331
   -7.5000    0.0000   -7.5000 2763.2961   13.9071
    0.0000    0.0000   -7.5000 2781.2402   13.9072
    7.5000    0.0000   -7.5000 2750.0144   14.0348
   -7.5000    7.5000   -7.5000 2730.8259   14.2790
    0.0000    7.5000   -7.5000 2751.5266   14.2518
    7.5000    7.5000   -7.5000 2724.9102   14.3949
   -7.5000   15.0000   -7.5000 2668.2922   14.9896
    0.0000   15.0000   -7.5000 2690.9395   14.9675
    7.5000   15.0000   -7.5000 2660.3772   15.1420
   -7.5000   22.5000   -7.5000 2578.2144   16.0109
    0.0000   22.5000   -7.5000 2597.4905   15.9745
    7.5000   22.5000   -7.5000 2571.9651   16.1561
   -7.5000   30.0000   -7.5000 2467.8052   17.3321
    0.0000   30.0000   -7.5000 2489.6841   17.2653
    7.5000   30.0000   -7.5000 2457.6975   17.4731
   -7.5000   37.5000   -7.5000 2340.3594   19.0630
    0.0000   37.5000   -7.5000 2360.3674   18.9898
    7.5000   37.5000   -7.5000 2325.1113   19.2225
   -7.5000   45.0000   -7.5000 2180.3376   21.2913
    0.0000   45.0000   -7.5000 2191.7427   21.1906
    7.5000   45.0000   -7.5000 2163.4453   21.4349
   -7.5000  -45.0000    0.0000 2409.5015   17.9959
    0.0000  -45.0000    0.0000 2429.8213   17.7866
    7.5000  -45.0000    0.0000 2414.5928   17.9853
   -7.5000  -37.5000    0.0000 2524.7292   16.2359
    0.0000  -37.5000    0.0000 2545.0364   16.1145
    7.5000  -37.5000    0.0000 2531.0938   16.2759
   -7.5000  -30.0000    0.0000 2626.2402   14.8852
    0.0000  -30.0000    0.0000 2646.6689   14.8067
    7.5000  -30.0000    0.0000 2625.3645   14.9612
   -7.5000  -22.5000    0.0000 2721.2317   13.8463
    0.0000  -22.5000    0.0000 2745.1262   13.7832
    7.5000  -22.5000    0.0000 2717.4487   13.9034
   -7.5000  -15.0000    0.0000 2797.8235   13.2003
    0.0000  -15.0000    0.0000 2821.8257   13.1596
    7.5000  -15.0000    0.0000 2788.5332   13.2887
   -7.5000   -7.5000    0.0000 2846.8289   12.9630
    0.0000   -7.5000    0.0000 2871.7974   12.9652
    7.5000   -7.5000    0.0000 2832.4463   13.0917
   -7.5000    0.0000    0.0000 2851.2070   13.0517
    0.0000    0.0000    0.0000 2871.4287   13.0179
    7.5000    0.0000    0.0000 2840.5625   13.1878
   -7.5000    7.5000    0.0000 2817.1372   13.3988
    0.0000    7.5000    0.0000 2840.1104   13.3384
    7.5000    7.5000    0.0000 2813.9851   13.5396
   -7.5000   15.0000    0.0000 2751.2100   14.1061
    0.0000   15.0000    0.0000 2769.0251   14.0192
    7.5000   15.0000    0.0000 2741.7935   14.2374
   -7.5000   22.5000    0.0000 2652.0879   15.1286
    0.0000   22.5000    0.0000 2672.2207   15.0461
    7.5000   22.5000    0.0000 2643.4121   15.2500
   -7.5000   30.0000    0.0000 2527.6970   16.4972
    0.0000   30.0000    0.0000 2547.8899   16.4055
    7.5000   30.0000    0.0000 2515.0044   16.6032
   -7.5000   37.5000    0.0000 2390.3975   18.1952
    0.0000   37.5000    0.0000 2408.0286   18.1150
    7.5000   37.5000    0.0000 2373.4258   18.2990
   -7.5000   45.0000    0.0000 2226.8386   20.3000
    0.0000   45.0000    0.0000 2237.0286   20.2582
    7.5000   45.0000    0.0000 2205.1831   20.4628
   -7.5000  -45.0000    7.5000 2440.8323   17.5096
    0.0000  -45.0000    7.5000 2457.0781   17.2129
    7.5000  -45.0000    7.5000 2447.3633   17.5203
   -7.5000  -37.5000    7.5000 2560.4375   15.7610
    0.0000  -37.5000    7.5000 2576.6758   15.5286
    7.5000  -37.5000    7.5000 2562.4224   15.8137
   -7.5000  -30.0000    7.5000 2661.7751   14.4152
    0.0000  -30.0000    7.5000 2683.6272   14.2335
    7.5000  -30.0000    7.5000 2663.5676   14.4761
   -7.5000  -22.5000    7.5000 2764.7336   13.4062
    0.0000  -22.5000    7.5000 2790.5771   13.2565
    7.5000  -22.5000    7.5000 2759.6770   13.4682
   -7.5000  -15.0000    7.5000 2857.4700   12.6840
    0.0000  -15.0000    7.5000 2889.5547   12.5854
    7.5000  -15.0000    7.5000 2846.1787   12.7873
   -7.5000   -7.5000    7.5000 2918.9900   12.3542
    0.0000   -7.5000    7.5000 2957.0227   12.2916
    7.5000   -7.5000    7.5000 2901.9971   12.5204
   -7.5000    0.0000    7.5000 2920.3691   12.3818
    0.0000    0.0000    7.5000 2947.3523   12.2785
    7.5000    0.0000    7.5000 2912.0322   12.5831
   -7.5000    7.5000    7.5000 2892.0815   12.7626
    0.0000    7.5000    7.5000 2909.8828   12.6218
    7.5000    7.5000    7.5000 2882.1790   12.9134
   -7.5000   15.0000    7.5000 2811.8699   13.5193
    0.0000   15.0000    7.5000 2829.4895   13.3670
    7.5000   15.0000    7.5000 2801.4565   13.6263
   -7.5000   22.5000    7.5000 2703.3530   14.5961
    0.0000   22.5000    7.5000 2719.6284   14.4583
    7.5000   22.5000    7.5000 2695.6396   14.6979
   -7.5000   30.0000    7.5000 2571.6023   15.9857
    0.0000   30.0000    7.5000 2581.9412   15.8430
    7.5000   30.0000    7.5000 2555.5605   16.0898
   -7.5000   37.5000    7.5000 2426.8455   17.6490
    0.0000   37.5000    7.5000 2436.3364   17.5226
    7.5000   37.5000    7.5000 2406.8037   17.7826
   -7.5000   45.0000    7.5000 2255.1885   19.7423
    0.0000   45.0000    7.5000 2270.9294   19.6401
    7.5000   45.0000    7.5000 2233.6863   19.9116
   -7.5000  -45.0000   15.0000 2462.1223   17.2282
    0.0000  -45.0000   15.0000 2477.1584   16.8566
    7.5000  -45.0000   15.0000 2467.3484   17.2184
   -7.5000  -37.5000   15.0000 2578.3601   15.5182
    0.0000  -37.5000   15.0000 2593.4417   15.1920
    7.5000  -37.5000   15.0000 2579.4429   15.5378
   -7.5000  -30.0000   15.0000 2682.8342   14.1712
    0.0000  -30.0000   15.0000 2699.1379   13.8854
    7.5000  -30.0000   15.0000 2682.4897   14.2225
   -7.5000  -22.5000   15.0000 2791.6650   13.1359
    0.0000  -22.5000   15.0000 2814.4326   12.9051
    7.5000  -22.5000   15.0000 2784.9517   13.2212
   -7.5000  -15.0000   15.0000 2893.5989   12.5149
    0.0000  -15.0000   15.0000 2928.7053   12.3347
    7.5000  -15.0000   15.0000 2880.2615   12.5346
   -7.5000   -7.5000   15.0000 2961.5613   12.0355
    0.0000   -7.5000   15.0000 3004.3362   11.8471
    7.5000   -7.5000   15.0000 2938.2947   12.2153
   -7.5000    0.0000   15.0000 2971.2336   12.0162
    0.0000    0.0000   15.0000 2990.5063   11.7430
    7.5000    0.0000   15.0000 2953.5994   12.2671
   -7.5000    7.5000   15.0000 2933.8765   12.4754
    0.0000    7.5000   15.0000 2947.8069   12.2441
    7.5000    7.5000   15.0000 2923.9346   12.6566
   -7.5000   15.0000   15.0000 2846.4761   13.2808
    0.0000   15.0000   15.0000 2856.6833   13.0776
    7.5000   15.0000   15.0000 2838.0774   13.4213
   -7.5000   22.5000   15.0000 2728.2229   14.3664
    0.0000   22.5000   15.0000 2738.4675   14.1635
    7.5000   22.5000   15.0000 2718.4580   14.4571
   -7.5000   30.0000   15.0000 2590.0349   15.7539
    0.0000   30.0000   15.0000 2596.3401   15.5555
    7.5000   30.0000   15.0000 2574.8625   15.8444
   -7.5000   37.5000   15.0000 2438.4971   17.4185
    0.0000   37.5000   15.0000 2450.3994   17.2925
    7.5000   37.5000   15.0000 2416.1091   17.5421
   -7.5000   45.0000   15.0000 2270.8555   19.4792
    0.0000   45.0000   15.0000 2278.7585   19.3764
    7.5000   45.0000   15.0000 2249.9868   19.6477
   -7.5000  -45.0000   22.5000 2464.8418   17.1310
    0.0000  -45.0000   22.5000 2488.2192   16.7763
    7.5000  -45.0000   22.5000 2470.7625   17.1511
   -7.5000  -37.5000   22.5000 2581.1248   15.4723
    0.0000  -37.5000   22.5000 2600.6184   15.1010
    7.5000  -37.5000   22.5000 2582.5134   15.4626
   -7.5000  -30.0000   22.5000 2689.1599   14.1477
    0.0000  -30.0000   22.5000 2705.8743   13.7689
    7.5000  -30.0000   22.5000 2686.2517   14.1722
   -7.5000  -22.5000   22.5000 2803.8298   13.1396
    0.0000  -22.5000   22.5000 2818.4783   12.7598
    7.5000  -22.5000   22.5000 2798.4719   13.1602
   -7.5000  -15.0000   22.5000 2897.4556   12.4410
    0.0000  -15.0000   22.5000 2915.5684   12.1112
    7.5000  -15.0000   22.5000 2884.7429   12.4384
   -7.5000   -7.5000   22.5000 2956.7795   12.0376
    0.0000   -7.5000   22.5000 2976.0859   11.6499
    7.5000   -7.5000   22.5000 2932.8918   12.1712
   -7.5000    0.0000   22.5000 2973.0552   12.0662
    0.0000    0.0000   22.5000 2979.6379   11.7223
    7.5000    0.0000   22.5000 2948.9058   12.2732
   -7.5000    7.5000   22.5000 2928.7654   12.5349
    0.0000    7.5000   22.5000 2943.3843   12.2736
    7.5000    7.5000   22.5000 2913.7209   12.6810
   -7.5000   15.0000   22.5000 2837.2681   13.3079
    0.0000   15.0000   22.5000 2852.7151   13.0786
    7.5000   15.0000   22.5000 2829.8813   13.4139
   -7.5000   22.5000   22.5000 2719.8992   14.3973
    0.0000   22.5000   22.5000 2728.8076   14.1946
    7.5000   22.5000   22.5000 2713.6936   14.4668
   -7.5000   30.0000   22.5000 2582.9258   15.7476
    0.0000   30.0000   22.5000 2593.7324   15.5724
    7.5000   30.0000   22.5000 2568.6680   15.8244
   -7.5000   37.5000   22.5000 2440.3159   17.4013
    0.0000   37.5000   22.5000 2449.2434   17.2755
    7.5000   37.5000   22.5000 2417.5217   17.5236
   -7.5000   45.0000   22.5000 2266.6941   19.4691
    0.0000   45.0000   22.5000 2273.8608   19.4030
    7.5000   45.0000   22.5000 2247.4868   19.6303
   -7.5000  -45.0000   30.0000 2459.6575   17.3094
    0.0000  -45.0000   30.0000 2476.2217   16.9713
    7.5000  -45.0000   30.0000 2457.8191   17.3020
   -7.5000  -37.5000   30.0000 2581.2136   15.7032
    0.0000  -37.5000   30.0000 2595.0256   15.3174
    7.5000  -37.5000   30.0000 2573.5129   15.6822
   -7.5000  -30.0000   30.0000 2684.9873   14.4562
    0.0000  -30.0000   30.0000 2696.4434   14.0495
    7.5000  -30.0000   30.0000 2671.9111   14.4259
   -7.5000  -22.5000   30.0000 2793.2874   13.4541
    0.0000  -22.5000   30.0000 2806.8511   13.0768
    7.5000  -22.5000   30.0000 2778.2007   13.4384
   -7.5000  -15.0000   30.0000 2876.7185   12.7347
    0.0000  -15.0000   30.0000 2885.6677   12.3289
    7.5000  -15.0000   30.0000 2857.7124   12.7585
   -7.5000   -7.5000   30.0000 2925.1077   12.3865
    0.0000   -7.5000   30.0000 2938.2778   12.0637
    7.5000   -7.5000   30.0000 2900.8289   12.4861
   -7.5000    0.0000   30.0000 2930.7080   12.4716
    0.0000    0.0000   30.0000 2944.6943   12.2122
    7.5000    0.0000   30.0000 2900.3125   12.5615
   -7.5000    7.5000   30.0000 2881.0576   12.8548
    0.0000    7.5000   30.0000 2902.0007   12.6744
    7.5000    7.5000   30.0000 2859.6438   12.9631
   -7.5000   15.0000   30.0000 2791.9517   13.6268
    0.0000   15.0000   30.0000 2807.2107   13.4784
    7.5000   15.0000   30.0000 2781.8594   13.7121
   -7.5000   22.5000   30.0000 2682.0767   14.6894
    0.0000   22.5000   30.0000 2694.5635   14.5741
    7.5000   22.5000   30.0000 2675.0481   14.7732
   -7.5000   30.0000   30.0000 2553.5200   15.9884
    0.0000   30.0000   30.0000 2568.9802   15.9028
    7.5000   30.0000   30.0000 2543.9763   16.0984
   -7.5000   37.5000   30.0000 2409.1873   17.5737
    0.0000   37.5000   30.0000 2425.6152   17.5018
    7.5000   37.5000   30.0000 2393.7073   17.7164
   -7.5000   45.0000   30.0000 2234.3086   19.6263
    0.0000   45.0000   30.0000 2244.6104   19.5600
    7.5000   45.0000   30.0000 2224.4822   19.7760
   -7.5000  -45.0000   37.5000 2440.2161   17.8532
    0.0000  -45.0000   37.5000 2456.0913   17.5180
    7.5000  -45.0000   37.5000 2432.7214   17.7766
   -7.5000  -37.5000   37.5000 2561.5842   16.2229
    0.0000  -37.5000   37.5000 2576.8394   15.9197
    7.5000  -37.5000   37.5000 2544.3574   16.1717
   -7.5000  -30.0000   37.5000 2659.4026   14.9715
    0.0000  -30.0000   37.5000 2676.4211   14.7191
    7.5000  -30.0000   37.5000 2641.8538   14.9791
   -7.5000  -22.5000   37.5000 2760.4766   13.9840
    0.0000  -22.5000   37.5000 2771.9150   13.6897
    7.5000  -22.5000   37.5000 2743.4727   13.9923
   -7.5000  -15.0000   37.5000 2831.5039   13.2688
    0.0000  -15.0000   37.5000 2851.1987   12.9151
    7.5000  -15.0000   37.5000 2820.0442   13.3074
   -7.5000   -7.5000   37.5000 2873.4976   12.9584
    0.0000   -7.5000   37.5000 2893.2400   12.7114
    7.5000   -7.5000   37.5000 2860.0532   13.0283
   -7.5000    0.0000   37.5000 2867.5483   13.0650
    0.0000    0.0000   37.5000 2887.5852   12.8115
    7.5000    0.0000   37.5000 2847.7937   13.1193
   -7.5000    7.5000   37.5000 2816.1086   13.4446
    0.0000    7.5000   37.5000 2832.7566   13.2327
    7.5000    7.5000   37.5000 2799.1616   13.4869
   -7.5000   15.0000   37.5000 2727.8350   14.1847
    0.0000   15.0000   37.5000 2743.3799   14.0290
    7.5000   15.0000   37.5000 2715.1885   14.2363
   -7.5000   22.5000   37.5000 2621.1426   15.2301
    0.0000   22.5000   37.5000 2641.0371   15.1447
    7.5000   22.5000   37.5000 2612.8838   15.3032
   -7.5000   30.0000   37.5000 2500.9092   16.5333
    0.0000   30.0000   37.5000 2521.5322   16.4511
    7.5000   30.0000   37.5000 2495.5149   16.5993
   -7.5000   37.5000   37.5000 2364.4670   18.0742
    0.0000   37.5000   37.5000 2377.1533   18.0144
    7.5000   37.5000   37.5000 2355.7236   18.1746
   -7.5000   45.0000   37.5000 2197.8250   20.0753
    0.0000   45.0000   37.5000 2209.2798   20.0692
    7.5000   45.0000   37.5000 2184.9160   20.2144
   -7.5000  -45.0000   45.0000 2405.0947   18.6095
    0.0000  -45.0000   45.0000 2421.3259   18.4066
    7.5000  -45.0000   45.0000 2390.5728   18.5755
   -7.5000  -37.5000   45.0000 2519.3870   16.9469
    0.0000  -37.5000   45.0000 2537.3625   16.7885
    7.5000  -37.5000   45.0000 2502.7891   16.9483
   -7.5000  -30.0000   45.0000 2610.6614   15.6743
    0.0000  -30.0000   45.0000 2628.1052   15.4878
    7.5000  -30.0000   45.0000 2592.6755   15.6985
   -7.5000  -22.5000   45.0000 2698.9087   14.6693
    0.0000  -22.5000   45.0000 2717.6335   14.4359
    7.5000  -22.5000   45.0000 2682.9031   14.6767
   -7.5000  -15.0000   45.0000 2761.5315   13.9775
    0.0000  -15.0000   45.0000 2778.3191   13.7251
    7.5000  -15.0000   45.0000 2751.4080   14.0280
   -7.5000   -7.5000   45.0000 2802.2427   13.6681
    0.0000   -7.5000   45.0000 2817.2329   13.4694
    7.5000   -7.5000   45.0000 2790.9502   13.7394
   -7.5000    0.0000   45.0000 2789.7769   13.7943
    0.0000    0.0000   45.0000 2802.6575   13.5460
    7.5000    0.0000   45.0000 2771.4885   13.8346
   -7.5000    7.5000   45.0000 2736.2058   14.1944
    0.0000    7.5000   45.0000 2750.4590   13.9757
    7.5000    7.5000   45.0000 2721.0791   14.2318
   -7.5000   15.0000   45.0000 2649.7478   14.9338
    0.0000   15.0000   45.0000 2664.4431   14.7600
    7.5000   15.0000   45.0000 2636.3572   14.9841
   -7.5000   22.5000   45.0000 2549.7815   15.9723
    0.0000   22.5000   45.0000 2569.4001   15.8540
    7.5000   22.5000   45.0000 2538.8462   16.0229
   -7.5000   30.0000   45.0000 2431.6450   17.2716
    0.0000   30.0000   45.0000 2446.8088   17.1557
    7.5000   30.0000   45.0000 2422.5659   17.2909
   -7.5000   37.5000   45.0000 2297.0063   18.7838
    0.0000   37.5000   45.0000 2313.8450   18.7118
    7.5000   37.5000   45.0000 2283.9436   18.8680
   -7.5000   45.0000   45.0000 2145.9731   20.7451
    0.0000   45.0000   45.0000 2162.1418   20.7483
    7.5000   45.0000   45.0000 2128.2092   20.9427

---------------------------------------------------------------------
imgreg_4dfp /opt/freesurfer/average/711-2C_as_mni_average_305 /opt/freesurfer/average/711-2B_as_mni_average_305_mask talsrcimg_g11 none talsrcimg_to_711-2C_as_mni_average_305_t4 1283
---------------------------------------------------------------------

freesurfer imgreg_4dfp.c
/opt/freesurfer/average/711-2C_as_mni_average_305.4dfp.img
       256       256       256         1
  1.000000  1.000000  1.000000
orientation T byte_order littleendian
Reading image: /opt/freesurfer/average/711-2C_as_mni_average_305.4dfp.img
dimensions:      256       256       256
mmppix:       1.0000   -1.0000   -1.0000
center:     128.0000 -129.0000 -129.0000
/opt/freesurfer/average/711-2B_as_mni_average_305_mask.4dfp.img
       256       256       256         1
  1.000000  1.000000  1.000000
orientation T byte_order littleendian
Reading mask: /opt/freesurfer/average/711-2B_as_mni_average_305_mask.4dfp.img (2306576 pixels)
talsrcimg_g11.4dfp.img
       256       256       256         1
  1.000000  1.000000  1.000000
orientation T byte_order littleendian
Reading image: talsrcimg_g11.4dfp.img
dimensions:      256       256       256
mmppix:       1.0000   -1.0000   -1.0000
center:     128.0000 -129.0000 -129.0000
rotation matrix determinant  1.000000
fimgreg.f
image alignment mode   1283 decimal      503 hex
parameters
    0.0000   -7.5000   15.0000    0.0000    0.0000    0.0000
eta,q 0.94137 11.83214
niter,ni,del,rscale     5    3   12.0000    1.2000
parameter  4 -1.206380 -> -0.500000 qaram    1.1500
parameters
   -1.2862   -5.0520   15.1657    3.4500    2.6701    0.0381
eta,q 0.94194 11.56704
  0.0720  0.0720  0.0688  0.0665  0.0668  0.0633
  0.0641  0.0649  0.0654  0.0641  0.0637  0.0614
  0.0610  0.0618  0.0627  0.0622  0.0606  0.0594
  0.0645  0.0614  0.0616  0.0615  0.0587  0.0581
  0.0688  0.0614  0.0626  0.0599  0.0580  0.0586
  0.0732  0.0607  0.0652  0.0585  0.0585  0.0609
  0.0780  0.0612  0.0678  0.0590  0.0593  0.0637
niter,ni,del,rscale     5    3   12.0000    1.2000
parameters
   -1.1734   -4.2280   15.5312    4.3368    4.7362   -0.1587
eta,q 0.94281 11.47750
  0.0657  0.0626  0.0642  0.0646  0.0625  0.0616
  0.0613  0.0625  0.0594  0.0625  0.0597  0.0600
  0.0587  0.0621  0.0566  0.0599  0.0576  0.0581
  0.0581  0.0580  0.0567  0.0569  0.0568  0.0571
  0.0586  0.0560  0.0581  0.0579  0.0571  0.0576
  0.0607  0.0583  0.0601  0.0604  0.0574  0.0598
  0.0653  0.0635  0.0610  0.0621  0.0575  0.0630
niter,ni,del,rscale     4    3   12.0000    1.2000
parameters
   -1.1066   -4.3062   15.4889    5.4029    5.9297   -0.9971
eta,q 0.94283 11.48197
  0.0624  0.0617  0.0638  0.0644  0.0599  0.0597
  0.0592  0.0627  0.0589  0.0627  0.0581  0.0586
  0.0579  0.0606  0.0565  0.0597  0.0575  0.0575
  0.0572  0.0571  0.0572  0.0572  0.0572  0.0571
  0.0554  0.0560  0.0588  0.0577  0.0572  0.0576
  0.0577  0.0598  0.0608  0.0596  0.0574  0.0596
  0.0638  0.0657  0.0620  0.0619  0.0581  0.0625
niter,ni,del,rscale     3    3   12.0000    1.2000
parameters
   -1.3209   -4.6847   15.7487    6.0275    6.7889   -1.9088
eta,q 0.94215 11.47243
  0.0623  0.0619  0.0648  0.0641  0.0594  0.0597
  0.0589  0.0618  0.0598  0.0629  0.0589  0.0587
  0.0585  0.0599  0.0576  0.0598  0.0585  0.0581
  0.0572  0.0574  0.0578  0.0579  0.0579  0.0578
  0.0556  0.0564  0.0589  0.0584  0.0576  0.0582
  0.0589  0.0604  0.0605  0.0600  0.0578  0.0596
  0.0648  0.0667  0.0623  0.0634  0.0592  0.0620
niter,ni,del,rscale     2    3   12.0000    1.2000
parameters
   -1.5268   -4.9838   15.9800    6.5669    7.2311   -2.5385
eta,q 0.94174 11.46197
  0.0639  0.0623  0.0648  0.0647  0.0601  0.0602
  0.0596  0.0615  0.0602  0.0633  0.0600  0.0591
  0.0593  0.0602  0.0584  0.0601  0.0593  0.0585
  0.0578  0.0581  0.0584  0.0584  0.0584  0.0583
  0.0565  0.0569  0.0590  0.0588  0.0581  0.0586
  0.0601  0.0602  0.0605  0.0606  0.0584  0.0596
  0.0661  0.0663  0.0630  0.0642  0.0607  0.0615
niter,ni,del,rscale     1    3   12.0000    1.2000
parameters
   -1.6393   -5.2631   16.0946    7.0740    7.4521   -2.9645
eta,q 0.94146 11.45834
  0.0652  0.0627  0.0649  0.0653  0.0609  0.0607
  0.0603  0.0612  0.0603  0.0635  0.0606  0.0593
  0.0598  0.0601  0.0585  0.0601  0.0597  0.0586
  0.0583  0.0584  0.0586  0.0586  0.0587  0.0586
  0.0572  0.0573  0.0592  0.0592  0.0582  0.0590
  0.0606  0.0601  0.0606  0.0611  0.0590  0.0598
  0.0668  0.0662  0.0637  0.0644  0.0618  0.0613
registration optimization eta report
parameter search radius
    6.0000    6.0000    6.0000    6.9000    6.0000    6.0000
100000*second partial in parameter space
       23.       17.       17.       13.        8.        7.
  0.0652  0.0627  0.0649  0.0653  0.0609  0.0607
  0.0603  0.0612  0.0603  0.0635  0.0606  0.0593
  0.0598  0.0601  0.0585  0.0601  0.0597  0.0586
  0.0583  0.0584  0.0586  0.0586  0.0587  0.0586
  0.0572  0.0573  0.0592  0.0592  0.0582  0.0590
  0.0606  0.0601  0.0606  0.0611  0.0590  0.0598
  0.0668  0.0662  0.0637  0.0644  0.0618  0.0613
   -1.6393   -5.2631   16.0946    7.0740    7.4521   -2.9645
eta,q 0.94146 11.45834

---------------------------------------------------------------------
imgreg_4dfp /opt/freesurfer/average/711-2C_as_mni_average_305 /opt/freesurfer/average/711-2B_as_mni_average_305_mask talsrcimg_g11 none talsrcimg_to_711-2C_as_mni_average_305_t4 3335
---------------------------------------------------------------------

freesurfer imgreg_4dfp.c
/opt/freesurfer/average/711-2C_as_mni_average_305.4dfp.img
       256       256       256         1
  1.000000  1.000000  1.000000
orientation T byte_order littleendian
Reading image: /opt/freesurfer/average/711-2C_as_mni_average_305.4dfp.img
dimensions:      256       256       256
mmppix:       1.0000   -1.0000   -1.0000
center:     128.0000 -129.0000 -129.0000
/opt/freesurfer/average/711-2B_as_mni_average_305_mask.4dfp.img
       256       256       256         1
  1.000000  1.000000  1.000000
orientation T byte_order littleendian
Reading mask: /opt/freesurfer/average/711-2B_as_mni_average_305_mask.4dfp.img (2306576 pixels)
talsrcimg_g11.4dfp.img
       256       256       256         1
  1.000000  1.000000  1.000000
orientation T byte_order littleendian
Reading image: talsrcimg_g11.4dfp.img
dimensions:      256       256       256
mmppix:       1.0000   -1.0000   -1.0000
center:     128.0000 -129.0000 -129.0000
fimgreg.f
image alignment mode   3335 decimal      D07 hex
parameters
   -1.6393   -5.2631   16.0946   -0.9773   -0.8114   -1.5994
    3.5373  -13.4908   -5.1281  -11.6330   12.9698   12.2112
eta,q 0.94231 11.66977
niter,ni,del,rscale     5    3    5.0000    1.2000
parameter  2  0.505356 ->  0.500000 qaram    1.1500
parameter  4  1.723885 ->  0.500000 qaram    1.1500
parameter  5  5.355649 ->  0.500000 qaram    1.1500
parameter  6  0.914498 ->  0.500000 qaram    1.1500
parameter  7  2.065255 ->  0.500000 qaram    1.1500
parameter  8 -1.185493 -> -0.500000 qaram    1.1500
parameter 11  1.218105 ->  0.500000 qaram    1.1500
parameter 12  0.864905 ->  0.500000 qaram    1.1500
parameters
   -1.2641   -6.6431   16.5456   -5.1173   -4.9514   -5.7394
   -0.6027   -9.3508   -3.8121   -9.2867    8.8298    8.0712
eta,q 0.96111 11.31149
  0.0600  0.0577  0.0597  0.0520  0.0436  0.0439  0.0420  0.0500  0.0427  0.0444  0.0396  0.0388
  0.0590  0.0574  0.0587  0.0531  0.0463  0.0450  0.0425  0.0469  0.0418  0.0429  0.0398  0.0388
  0.0582  0.0574  0.0579  0.0547  0.0497  0.0459  0.0436  0.0446  0.0410  0.0416  0.0401  0.0392
  0.0577  0.0576  0.0574  0.0573  0.0535  0.0472  0.0452  0.0428  0.0407  0.0406  0.0404  0.0399
  0.0577  0.0579  0.0574  0.0609  0.0575  0.0495  0.0470  0.0414  0.0406  0.0404  0.0410  0.0408
  0.0581  0.0583  0.0577  0.0646  0.0615  0.0531  0.0488  0.0404  0.0410  0.0408  0.0416  0.0422
  0.0590  0.0587  0.0585  0.0677  0.0653  0.0577  0.0506  0.0398  0.0416  0.0416  0.0425  0.0438
niter,ni,del,rscale     7    3    5.0000    1.2000
parameter  2 -0.711514 -> -0.500000 qaram    1.3225
parameter  3 -1.175575 -> -0.500000 qaram    1.1500
parameter  4  1.081049 ->  0.500000 qaram    1.3225
parameter  5  1.078852 ->  0.500000 qaram    1.3225
parameter  8 -0.650646 -> -0.500000 qaram    1.3225
parameters
   -1.9433   -5.0561   17.9256   -9.8783   -9.7124   -9.0959
   -0.3920   -4.5898   -1.7876   -9.5249    6.6639    5.1555
eta,q 0.97510 11.11866
  0.0399  0.0451  0.0408  0.0319  0.0271  0.0280  0.0311  0.0364  0.0285  0.0281  0.0260  0.0258
  0.0390  0.0424  0.0395  0.0323  0.0273  0.0275  0.0292  0.0333  0.0270  0.0265  0.0254  0.0251
  0.0386  0.0402  0.0384  0.0337  0.0290  0.0273  0.0279  0.0301  0.0260  0.0256  0.0252  0.0249
  0.0389  0.0386  0.0374  0.0362  0.0326  0.0276  0.0274  0.0273  0.0254  0.0253  0.0253  0.0252
  0.0396  0.0377  0.0366  0.0396  0.0377  0.0287  0.0277  0.0257  0.0253  0.0256  0.0257  0.0259
  0.0407  0.0373  0.0361  0.0439  0.0434  0.0313  0.0289  0.0255  0.0256  0.0267  0.0264  0.0271
  0.0422  0.0375  0.0360  0.0483  0.0488  0.0352  0.0309  0.0265  0.0263  0.0286  0.0274  0.0289
niter,ni,del,rscale     7    3    5.0000    1.2000
parameter  2 -0.690596 -> -0.500000 qaram    1.5209
parameter  6 -0.690874 -> -0.500000 qaram    1.3225
parameters
   -1.5501   -3.2311   18.6359  -11.7032  -12.9644   -4.3349
   -1.7262   -4.1408   -0.4221   -7.2014    6.6154    2.7517
eta,q 0.97926 11.09749
  0.0285  0.0342  0.0257  0.0261  0.0255  0.0263  0.0242  0.0301  0.0241  0.0267  0.0229  0.0222
  0.0269  0.0305  0.0242  0.0246  0.0238  0.0249  0.0224  0.0261  0.0228  0.0246  0.0218  0.0211
  0.0256  0.0273  0.0232  0.0235  0.0227  0.0237  0.0216  0.0227  0.0220  0.0226  0.0212  0.0207
  0.0249  0.0248  0.0227  0.0226  0.0230  0.0227  0.0216  0.0215  0.0215  0.0214  0.0210  0.0210
  0.0248  0.0231  0.0226  0.0233  0.0258  0.0220  0.0225  0.0223  0.0214  0.0210  0.0212  0.0218
  0.0254  0.0226  0.0229  0.0271  0.0304  0.0215  0.0241  0.0249  0.0218  0.0214  0.0218  0.0234
  0.0269  0.0234  0.0236  0.0323  0.0363  0.0223  0.0265  0.0288  0.0227  0.0227  0.0229  0.0255
niter,ni,del,rscale     7    3    5.0000    1.2000
parameters
   -1.5629   -2.7194   19.4861  -11.5740  -14.0779   -5.3243
   -2.1260   -4.1334   -0.3195   -6.2222    6.7315    3.0547
eta,q 0.97903 11.06175
  0.0236  0.0281  0.0240  0.0251  0.0254  0.0249  0.0240  0.0282  0.0226  0.0246  0.0226  0.0234
  0.0220  0.0245  0.0223  0.0233  0.0233  0.0234  0.0222  0.0242  0.0217  0.0226  0.0217  0.0221
  0.0211  0.0220  0.0213  0.0217  0.0215  0.0219  0.0213  0.0216  0.0212  0.0214  0.0212  0.0213
  0.0207  0.0207  0.0206  0.0204  0.0203  0.0206  0.0210  0.0210  0.0210  0.0210  0.0210  0.0210
  0.0211  0.0209  0.0204  0.0197  0.0211  0.0203  0.0214  0.0218  0.0211  0.0211  0.0211  0.0212
  0.0220  0.0223  0.0206  0.0217  0.0246  0.0239  0.0227  0.0243  0.0216  0.0218  0.0216  0.0218
  0.0237  0.0249  0.0214  0.0264  0.0300  0.0295  0.0247  0.0281  0.0225  0.0229  0.0225  0.0231
niter,ni,del,rscale     6    3    5.0000    1.2000
parameters
   -1.6508   -2.5822   19.4121  -11.2118  -14.1148   -5.6904
   -2.2390   -4.1709   -0.4283   -6.2437    6.8261    2.9677
eta,q 0.97900 11.06271
  0.0234  0.0264  0.0226  0.0255  0.0264  0.0253  0.0243  0.0281  0.0224  0.0236  0.0226  0.0232
  0.0220  0.0234  0.0217  0.0237  0.0243  0.0237  0.0224  0.0243  0.0216  0.0219  0.0217  0.0220
  0.0212  0.0216  0.0212  0.0223  0.0223  0.0222  0.0213  0.0217  0.0212  0.0212  0.0212  0.0212
  0.0210  0.0210  0.0210  0.0210  0.0208  0.0209  0.0210  0.0210  0.0210  0.0210  0.0210  0.0210
  0.0213  0.0215  0.0211  0.0201  0.0206  0.0200  0.0214  0.0219  0.0212  0.0213  0.0211  0.0213
  0.0222  0.0230  0.0217  0.0218  0.0230  0.0227  0.0226  0.0244  0.0217  0.0221  0.0216  0.0220
  0.0237  0.0255  0.0229  0.0262  0.0279  0.0282  0.0245  0.0281  0.0226  0.0235  0.0225  0.0233
niter,ni,del,rscale     5    3    5.0000    1.2000
parameters
   -1.6571   -2.5402   19.3976  -11.1436  -14.0720   -5.7388
   -2.2125   -4.1858   -0.4716   -6.1998    6.8527    2.9157
eta,q 0.97901 11.06558
  0.0235  0.0260  0.0226  0.0254  0.0265  0.0255  0.0245  0.0282  0.0225  0.0237  0.0225  0.0232
  0.0221  0.0232  0.0218  0.0237  0.0244  0.0238  0.0225  0.0243  0.0216  0.0220  0.0217  0.0220
  0.0213  0.0215  0.0212  0.0223  0.0225  0.0224  0.0214  0.0217  0.0211  0.0211  0.0212  0.0212
  0.0210  0.0210  0.0210  0.0210  0.0210  0.0210  0.0210  0.0210  0.0210  0.0210  0.0210  0.0210
  0.0213  0.0216  0.0211  0.0203  0.0207  0.0200  0.0213  0.0219  0.0211  0.0213  0.0211  0.0212
  0.0221  0.0231  0.0217  0.0223  0.0230  0.0222  0.0225  0.0244  0.0216  0.0221  0.0216  0.0220
  0.0236  0.0257  0.0227  0.0267  0.0278  0.0276  0.0244  0.0281  0.0225  0.0234  0.0226  0.0233
niter,ni,del,rscale     4    3    5.0000    1.2000
parameters
   -1.6547   -2.5286   19.3836  -11.1413  -14.0591   -5.7439
   -2.1974   -4.1892   -0.4771   -6.1748    6.8627    2.8872
eta,q 0.97901 11.06592
  0.0236  0.0260  0.0226  0.0253  0.0265  0.0255  0.0245  0.0282  0.0225  0.0237  0.0225  0.0232
  0.0221  0.0231  0.0217  0.0236  0.0244  0.0239  0.0225  0.0243  0.0216  0.0219  0.0217  0.0220
  0.0213  0.0215  0.0212  0.0222  0.0225  0.0224  0.0214  0.0217  0.0212  0.0211  0.0212  0.0212
  0.0210  0.0210  0.0210  0.0210  0.0210  0.0210  0.0210  0.0210  0.0210  0.0210  0.0210  0.0210
  0.0212  0.0216  0.0211  0.0203  0.0207  0.0200  0.0213  0.0219  0.0211  0.0213  0.0211  0.0212
  0.0221  0.0232  0.0217  0.0223  0.0231  0.0221  0.0225  0.0244  0.0216  0.0221  0.0216  0.0220
  0.0236  0.0258  0.0227  0.0268  0.0279  0.0275  0.0244  0.0281  0.0225  0.0235  0.0226  0.0233
registration optimization eta report
parameter search radius
    2.4000    3.6501    2.7600    9.5220    9.5220    9.5220
    8.2800    9.5220    7.2000    7.2000    8.2800    8.2800
100000*second partial in parameter space
       45.       37.       22.        6.        7.        6.
        5.        8.        3.        5.        2.        3.
  0.0236  0.0260  0.0226  0.0253  0.0265  0.0255  0.0245  0.0282  0.0225  0.0237  0.0225  0.0232
  0.0221  0.0231  0.0217  0.0236  0.0244  0.0239  0.0225  0.0243  0.0216  0.0219  0.0217  0.0220
  0.0213  0.0215  0.0212  0.0222  0.0225  0.0224  0.0214  0.0217  0.0212  0.0211  0.0212  0.0212
  0.0210  0.0210  0.0210  0.0210  0.0210  0.0210  0.0210  0.0210  0.0210  0.0210  0.0210  0.0210
  0.0212  0.0216  0.0211  0.0203  0.0207  0.0200  0.0213  0.0219  0.0211  0.0213  0.0211  0.0212
  0.0221  0.0232  0.0217  0.0223  0.0231  0.0221  0.0225  0.0244  0.0216  0.0221  0.0216  0.0220
  0.0236  0.0258  0.0227  0.0268  0.0279  0.0275  0.0244  0.0281  0.0225  0.0235  0.0226  0.0233
   -1.6547   -2.5286   19.3836  -11.1413  -14.0591   -5.7439
   -2.1974   -4.1892   -0.4771   -6.1748    6.8627    2.8872
eta,q 0.97901 11.06592

---------------------------------------------------------------------
imgreg_4dfp /opt/freesurfer/average/711-2C_as_mni_average_305 /opt/freesurfer/average/711-2B_as_mni_average_305_mask talsrcimg_g11 none talsrcimg_to_711-2C_as_mni_average_305_t4 2311
---------------------------------------------------------------------

freesurfer imgreg_4dfp.c
/opt/freesurfer/average/711-2C_as_mni_average_305.4dfp.img
       256       256       256         1
  1.000000  1.000000  1.000000
orientation T byte_order littleendian
Reading image: /opt/freesurfer/average/711-2C_as_mni_average_305.4dfp.img
dimensions:      256       256       256
mmppix:       1.0000   -1.0000   -1.0000
center:     128.0000 -129.0000 -129.0000
/opt/freesurfer/average/711-2B_as_mni_average_305_mask.4dfp.img
       256       256       256         1
  1.000000  1.000000  1.000000
orientation T byte_order littleendian
Reading mask: /opt/freesurfer/average/711-2B_as_mni_average_305_mask.4dfp.img (2306576 pixels)
talsrcimg_g11.4dfp.img
       256       256       256         1
  1.000000  1.000000  1.000000
orientation T byte_order littleendian
Reading image: talsrcimg_g11.4dfp.img
dimensions:      256       256       256
mmppix:       1.0000   -1.0000   -1.0000
center:     128.0000 -129.0000 -129.0000
fimgreg.f
image alignment mode   2311 decimal      907 hex
parameters
   -1.6547   -2.5286   19.3836  -11.1413  -14.0591   -5.7439
   -2.1974   -4.1892   -0.4771   -6.1748    6.8627    2.8872
eta,q 0.97901 11.06592
niter,ni,del,rscale     5    3    5.0000    0.8000
parameter  4 -0.654752 -> -0.500000 qaram    1.1500
parameters
   -1.6373   -2.6064   19.4764   -8.3813  -13.0766   -4.4133
   -2.1122   -4.3250   -0.5767   -6.8016    6.5251    2.2799
eta,q 0.98034 11.19167
  0.0221  0.0219  0.0216  0.0229  0.0226  0.0220  0.0216  0.0227  0.0208  0.0210  0.0206  0.0205
  0.0215  0.0213  0.0213  0.0222  0.0217  0.0213  0.0206  0.0211  0.0202  0.0201  0.0200  0.0200
  0.0211  0.0210  0.0211  0.0216  0.0209  0.0206  0.0199  0.0200  0.0198  0.0197  0.0198  0.0197
  0.0210  0.0210  0.0210  0.0210  0.0202  0.0200  0.0197  0.0197  0.0197  0.0197  0.0197  0.0197
  0.0211  0.0211  0.0210  0.0204  0.0200  0.0197  0.0199  0.0202  0.0199  0.0201  0.0198  0.0199
  0.0215  0.0215  0.0212  0.0203  0.0203  0.0198  0.0205  0.0214  0.0203  0.0208  0.0202  0.0204
  0.0221  0.0220  0.0215  0.0208  0.0215  0.0208  0.0215  0.0230  0.0209  0.0219  0.0208  0.0211
niter,ni,del,rscale     5    3    5.0000    0.8000
parameters
   -1.8009   -2.5806   19.8065   -9.6388  -13.1962   -3.9326
   -2.0617   -4.4868   -0.2822   -6.5768    6.3665    2.4175
eta,q 0.98039 11.18232
  0.0212  0.0210  0.0209  0.0214  0.0218  0.0220  0.0213  0.0224  0.0208  0.0215  0.0205  0.0208
  0.0203  0.0203  0.0203  0.0206  0.0209  0.0211  0.0203  0.0208  0.0201  0.0205  0.0200  0.0202
  0.0197  0.0198  0.0199  0.0199  0.0202  0.0203  0.0198  0.0199  0.0198  0.0198  0.0197  0.0198
  0.0197  0.0196  0.0196  0.0196  0.0197  0.0197  0.0196  0.0196  0.0196  0.0196  0.0196  0.0196
  0.0200  0.0198  0.0196  0.0203  0.0198  0.0195  0.0198  0.0201  0.0197  0.0198  0.0197  0.0197
  0.0208  0.0202  0.0198  0.0224  0.0207  0.0200  0.0203  0.0212  0.0200  0.0203  0.0201  0.0200
  0.0220  0.0210  0.0202  0.0253  0.0224  0.0217  0.0212  0.0227  0.0205  0.0212  0.0206  0.0207
niter,ni,del,rscale     4    3    5.0000    0.7000
parameters
   -1.7803   -2.6496   19.6736   -9.8313  -13.0305   -3.7546
   -2.0939   -4.4774   -0.2169   -6.5782    6.3582    2.4148
eta,q 0.98042 11.18434
  0.0209  0.0205  0.0202  0.0214  0.0214  0.0214  0.0208  0.0220  0.0204  0.0210  0.0203  0.0205
  0.0202  0.0200  0.0198  0.0207  0.0206  0.0207  0.0201  0.0206  0.0199  0.0202  0.0199  0.0200
  0.0198  0.0197  0.0197  0.0201  0.0200  0.0201  0.0197  0.0198  0.0197  0.0197  0.0197  0.0197
  0.0196  0.0196  0.0196  0.0196  0.0196  0.0196  0.0196  0.0196  0.0196  0.0196  0.0196  0.0196
  0.0197  0.0197  0.0197  0.0196  0.0196  0.0195  0.0197  0.0199  0.0196  0.0197  0.0197  0.0197
  0.0201  0.0201  0.0200  0.0205  0.0202  0.0200  0.0201  0.0207  0.0199  0.0202  0.0199  0.0200
  0.0208  0.0207  0.0205  0.0223  0.0214  0.0215  0.0208  0.0219  0.0203  0.0210  0.0203  0.0205
niter,ni,del,rscale     3    3    5.0000    0.6000
parameters
   -1.7670   -2.6611   19.6444   -9.6954  -12.9388   -3.6180
   -2.1025   -4.4842   -0.2103   -6.5886    6.3720    2.3686
eta,q 0.98048 11.19141
  0.0205  0.0203  0.0201  0.0211  0.0209  0.0209  0.0204  0.0213  0.0201  0.0206  0.0201  0.0202
  0.0200  0.0199  0.0198  0.0205  0.0203  0.0203  0.0199  0.0203  0.0198  0.0200  0.0198  0.0198
  0.0197  0.0197  0.0196  0.0200  0.0198  0.0199  0.0196  0.0197  0.0196  0.0196  0.0196  0.0196
  0.0196  0.0196  0.0196  0.0196  0.0196  0.0195  0.0195  0.0195  0.0195  0.0195  0.0195  0.0195
  0.0197  0.0197  0.0196  0.0195  0.0196  0.0194  0.0196  0.0197  0.0196  0.0196  0.0196  0.0196
  0.0200  0.0199  0.0198  0.0200  0.0200  0.0199  0.0199  0.0204  0.0198  0.0200  0.0198  0.0198
  0.0205  0.0203  0.0201  0.0212  0.0209  0.0210  0.0204  0.0213  0.0201  0.0206  0.0201  0.0202
niter,ni,del,rscale     2    3    5.0000    0.5000
parameters
   -1.7710   -2.6632   19.6550   -9.5357  -12.8675   -3.4741
   -2.1000   -4.4958   -0.2046   -6.5915    6.3683    2.3173
eta,q 0.98053 11.19848
  0.0202  0.0200  0.0199  0.0207  0.0205  0.0205  0.0201  0.0208  0.0199  0.0202  0.0199  0.0199
  0.0198  0.0197  0.0197  0.0202  0.0200  0.0201  0.0198  0.0201  0.0197  0.0198  0.0196  0.0197
  0.0196  0.0196  0.0196  0.0198  0.0197  0.0197  0.0195  0.0196  0.0195  0.0195  0.0195  0.0195
  0.0195  0.0195  0.0195  0.0195  0.0195  0.0195  0.0195  0.0195  0.0195  0.0195  0.0195  0.0195
  0.0196  0.0196  0.0195  0.0195  0.0195  0.0194  0.0195  0.0196  0.0195  0.0195  0.0195  0.0195
  0.0198  0.0197  0.0197  0.0198  0.0198  0.0197  0.0198  0.0201  0.0196  0.0198  0.0196  0.0197
  0.0202  0.0201  0.0199  0.0207  0.0205  0.0205  0.0201  0.0208  0.0199  0.0202  0.0199  0.0200
niter,ni,del,rscale     1    3    5.0000    0.4000
parameters
   -1.7825   -2.6665   19.6608   -9.4115  -12.8047   -3.3484
   -2.0971   -4.4986   -0.2092   -6.5931    6.3493    2.2612
eta,q 0.98057 11.20378
  0.0199  0.0198  0.0197  0.0203  0.0201  0.0201  0.0199  0.0203  0.0197  0.0199  0.0197  0.0197
  0.0197  0.0196  0.0196  0.0199  0.0198  0.0198  0.0196  0.0198  0.0196  0.0197  0.0196  0.0196
  0.0195  0.0195  0.0195  0.0196  0.0196  0.0196  0.0195  0.0195  0.0195  0.0195  0.0195  0.0195
  0.0195  0.0195  0.0195  0.0195  0.0195  0.0194  0.0194  0.0194  0.0194  0.0194  0.0194  0.0194
  0.0195  0.0195  0.0195  0.0195  0.0195  0.0194  0.0195  0.0195  0.0195  0.0195  0.0195  0.0195
  0.0197  0.0196  0.0196  0.0197  0.0197  0.0196  0.0196  0.0199  0.0196  0.0197  0.0196  0.0196
  0.0199  0.0198  0.0197  0.0203  0.0201  0.0201  0.0199  0.0203  0.0197  0.0199  0.0197  0.0198
registration optimization eta report
parameter search radius
    0.8000    0.8000    0.8000    2.7600    2.4000    2.4000
    2.4000    2.4000    2.4000    2.4000    2.4000    2.4000
100000*second partial in parameter space
       69.       55.       39.       10.       11.       12.
        8.       16.        5.        9.        5.        6.
  0.0199  0.0198  0.0197  0.0203  0.0201  0.0201  0.0199  0.0203  0.0197  0.0199  0.0197  0.0197
  0.0197  0.0196  0.0196  0.0199  0.0198  0.0198  0.0196  0.0198  0.0196  0.0197  0.0196  0.0196
  0.0195  0.0195  0.0195  0.0196  0.0196  0.0196  0.0195  0.0195  0.0195  0.0195  0.0195  0.0195
  0.0195  0.0195  0.0195  0.0195  0.0195  0.0194  0.0194  0.0194  0.0194  0.0194  0.0194  0.0194
  0.0195  0.0195  0.0195  0.0195  0.0195  0.0194  0.0195  0.0195  0.0195  0.0195  0.0195  0.0195
  0.0197  0.0196  0.0196  0.0197  0.0197  0.0196  0.0196  0.0199  0.0196  0.0197  0.0196  0.0196
  0.0199  0.0198  0.0197  0.0203  0.0201  0.0201  0.0199  0.0203  0.0197  0.0199  0.0197  0.0198
   -1.7825   -2.6665   19.6608   -9.4115  -12.8047   -3.3484
   -2.0971   -4.4986   -0.2092   -6.5931    6.3493    2.2612
eta,q 0.98057 11.20378

---------------------------------------------------------------------
imgreg_4dfp /opt/freesurfer/average/711-2C_as_mni_average_305 /opt/freesurfer/average/711-2B_as_mni_average_305_mask talsrcimg_g11 none talsrcimg_to_711-2C_as_mni_average_305_t4 2311
---------------------------------------------------------------------

freesurfer imgreg_4dfp.c
/opt/freesurfer/average/711-2C_as_mni_average_305.4dfp.img
       256       256       256         1
  1.000000  1.000000  1.000000
orientation T byte_order littleendian
Reading image: /opt/freesurfer/average/711-2C_as_mni_average_305.4dfp.img
dimensions:      256       256       256
mmppix:       1.0000   -1.0000   -1.0000
center:     128.0000 -129.0000 -129.0000
/opt/freesurfer/average/711-2B_as_mni_average_305_mask.4dfp.img
       256       256       256         1
  1.000000  1.000000  1.000000
orientation T byte_order littleendian
Reading mask: /opt/freesurfer/average/711-2B_as_mni_average_305_mask.4dfp.img (2306576 pixels)
talsrcimg_g11.4dfp.img
       256       256       256         1
  1.000000  1.000000  1.000000
orientation T byte_order littleendian
Reading image: talsrcimg_g11.4dfp.img
dimensions:      256       256       256
mmppix:       1.0000   -1.0000   -1.0000
center:     128.0000 -129.0000 -129.0000
fimgreg.f
image alignment mode   2311 decimal      907 hex
parameters
   -1.7825   -2.6665   19.6608   -9.4115  -12.8047   -3.3484
   -2.0971   -4.4986   -0.2092   -6.5931    6.3493    2.2612
eta,q 0.98057 11.20379
niter,ni,del,rscale     5    3    5.0000    0.8000
parameters
   -1.8064   -2.6875   19.6355  -10.0377  -13.2393   -3.8108
   -2.1281   -4.4843   -0.1714   -6.5071    6.3614    2.4270
eta,q 0.98033 11.17283
  0.0212  0.0208  0.0205  0.0210  0.0214  0.0215  0.0212  0.0226  0.0206  0.0215  0.0206  0.0209
  0.0202  0.0201  0.0199  0.0204  0.0205  0.0207  0.0203  0.0210  0.0201  0.0205  0.0201  0.0202
  0.0196  0.0196  0.0196  0.0198  0.0199  0.0200  0.0198  0.0200  0.0198  0.0199  0.0198  0.0198
  0.0194  0.0194  0.0194  0.0194  0.0195  0.0196  0.0197  0.0197  0.0197  0.0197  0.0197  0.0197
  0.0196  0.0196  0.0196  0.0197  0.0197  0.0196  0.0198  0.0201  0.0198  0.0198  0.0198  0.0198
  0.0203  0.0201  0.0199  0.0208  0.0208  0.0209  0.0204  0.0210  0.0201  0.0204  0.0201  0.0201
  0.0213  0.0209  0.0206  0.0228  0.0226  0.0233  0.0212  0.0225  0.0206  0.0213  0.0206  0.0207
niter,ni,del,rscale     4    3    5.0000    0.7000
parameters
   -1.7638   -2.6572   19.6232   -9.6464  -13.0728   -3.8328
   -2.1209   -4.4573   -0.2192   -6.5911    6.3783    2.3889
eta,q 0.98043 11.18534
  0.0209  0.0207  0.0203  0.0213  0.0213  0.0213  0.0208  0.0220  0.0203  0.0209  0.0203  0.0204
  0.0203  0.0201  0.0200  0.0207  0.0206  0.0206  0.0201  0.0207  0.0199  0.0201  0.0199  0.0200
  0.0198  0.0198  0.0198  0.0201  0.0200  0.0200  0.0197  0.0198  0.0197  0.0197  0.0197  0.0197
  0.0197  0.0197  0.0197  0.0197  0.0196  0.0196  0.0196  0.0196  0.0196  0.0196  0.0196  0.0196
  0.0198  0.0198  0.0197  0.0195  0.0196  0.0195  0.0197  0.0199  0.0196  0.0197  0.0196  0.0197
  0.0201  0.0201  0.0200  0.0199  0.0201  0.0201  0.0201  0.0207  0.0199  0.0202  0.0199  0.0200
  0.0208  0.0206  0.0204  0.0211  0.0213  0.0218  0.0208  0.0219  0.0204  0.0210  0.0203  0.0205
niter,ni,del,rscale     3    3    5.0000    0.6000
parameters
   -1.7703   -2.6434   19.6692   -9.4660  -12.9770   -3.6826
   -2.1131   -4.4708   -0.2308   -6.6124    6.3584    2.3543
eta,q 0.98050 11.19420
  0.0205  0.0203  0.0201  0.0208  0.0209  0.0209  0.0205  0.0214  0.0201  0.0205  0.0201  0.0202
  0.0200  0.0199  0.0198  0.0203  0.0203  0.0203  0.0199  0.0203  0.0198  0.0199  0.0198  0.0198
  0.0197  0.0197  0.0197  0.0199  0.0198  0.0198  0.0196  0.0197  0.0196  0.0196  0.0196  0.0196
  0.0196  0.0196  0.0196  0.0196  0.0195  0.0195  0.0195  0.0195  0.0195  0.0195  0.0195  0.0195
  0.0197  0.0196  0.0196  0.0195  0.0195  0.0194  0.0196  0.0197  0.0196  0.0196  0.0196  0.0196
  0.0200  0.0199  0.0198  0.0199  0.0200  0.0198  0.0199  0.0204  0.0198  0.0200  0.0198  0.0198
  0.0205  0.0203  0.0201  0.0208  0.0209  0.0210  0.0204  0.0214  0.0201  0.0206  0.0201  0.0202
niter,ni,del,rscale     2    3    5.0000    0.5000
parameters
   -1.7846   -2.6512   19.6857   -9.3603  -12.9027   -3.5324
   -2.1066   -4.4870   -0.2239   -6.6290    6.3462    2.3125
eta,q 0.98054 11.20011
  0.0202  0.0200  0.0199  0.0204  0.0205  0.0205  0.0201  0.0208  0.0199  0.0202  0.0199  0.0199
  0.0198  0.0197  0.0197  0.0200  0.0200  0.0200  0.0198  0.0201  0.0196  0.0198  0.0196  0.0197
  0.0196  0.0196  0.0196  0.0197  0.0197  0.0197  0.0195  0.0196  0.0195  0.0195  0.0195  0.0195
  0.0195  0.0195  0.0195  0.0195  0.0195  0.0195  0.0195  0.0195  0.0195  0.0195  0.0195  0.0195
  0.0196  0.0196  0.0195  0.0195  0.0195  0.0194  0.0195  0.0196  0.0195  0.0195  0.0195  0.0195
  0.0198  0.0197  0.0197  0.0198  0.0198  0.0197  0.0198  0.0201  0.0196  0.0198  0.0196  0.0197
  0.0202  0.0200  0.0199  0.0205  0.0205  0.0205  0.0201  0.0208  0.0199  0.0202  0.0199  0.0200
niter,ni,del,rscale     1    3    5.0000    0.4000
parameters
   -1.7896   -2.6590   19.6922   -9.2891  -12.8283   -3.3890
   -2.0922   -4.4843   -0.2218   -6.6282    6.3312    2.2813
eta,q 0.98057 11.20497
  0.0199  0.0198  0.0197  0.0201  0.0201  0.0201  0.0199  0.0204  0.0197  0.0199  0.0197  0.0197
  0.0197  0.0196  0.0196  0.0198  0.0198  0.0198  0.0196  0.0198  0.0196  0.0197  0.0196  0.0196
  0.0195  0.0195  0.0195  0.0196  0.0196  0.0196  0.0195  0.0195  0.0195  0.0195  0.0195  0.0195
  0.0195  0.0195  0.0195  0.0195  0.0195  0.0194  0.0194  0.0194  0.0194  0.0194  0.0194  0.0194
  0.0195  0.0195  0.0195  0.0195  0.0195  0.0194  0.0195  0.0195  0.0195  0.0195  0.0195  0.0195
  0.0197  0.0196  0.0196  0.0197  0.0197  0.0196  0.0196  0.0198  0.0196  0.0197  0.0196  0.0196
  0.0199  0.0198  0.0197  0.0201  0.0201  0.0201  0.0199  0.0203  0.0197  0.0199  0.0197  0.0198
registration optimization eta report
parameter search radius
    0.8000    0.8000    0.8000    2.4000    2.4000    2.4000
    2.4000    2.4000    2.4000    2.4000    2.4000    2.4000
100000*second partial in parameter space
       70.       55.       40.       11.       12.       12.
        8.       16.        5.        9.        5.        6.
  0.0199  0.0198  0.0197  0.0201  0.0201  0.0201  0.0199  0.0204  0.0197  0.0199  0.0197  0.0197
  0.0197  0.0196  0.0196  0.0198  0.0198  0.0198  0.0196  0.0198  0.0196  0.0197  0.0196  0.0196
  0.0195  0.0195  0.0195  0.0196  0.0196  0.0196  0.0195  0.0195  0.0195  0.0195  0.0195  0.0195
  0.0195  0.0195  0.0195  0.0195  0.0195  0.0194  0.0194  0.0194  0.0194  0.0194  0.0194  0.0194
  0.0195  0.0195  0.0195  0.0195  0.0195  0.0194  0.0195  0.0195  0.0195  0.0195  0.0195  0.0195
  0.0197  0.0196  0.0196  0.0197  0.0197  0.0196  0.0196  0.0198  0.0196  0.0197  0.0196  0.0196
  0.0199  0.0198  0.0197  0.0201  0.0201  0.0201  0.0199  0.0203  0.0197  0.0199  0.0197  0.0198
   -1.7896   -2.6590   19.6922   -9.2891  -12.8283   -3.3890
   -2.0922   -4.4843   -0.2218   -6.6282    6.3312    2.2813
eta,q 0.98057 11.20497

---------------------------------------------------------------------
compute_vox2vox talsrcimg talsrcimg_to_711-2C_as_mni_average_305_t4 /opt/freesurfer/average/711-2C_as_mni_average_305
---------------------------------------------------------------------

freesurfer compute_vox2vox.c
Reading: talsrcimg.4dfp.ifh
Reading: talsrcimg_to_711-2C_as_mni_average_305_t4
Reading: /opt/freesurfer/average/711-2C_as_mni_average_305.4dfp.ifh
Writing: talsrcimg_to_711-2C_as_mni_average_305_t4_vox2vox.txt

start time Thu Mar 12 19:08:31 CET 2026
end		time Thu Mar 12 19:08:45 CET 2026

mpr2mni305 success

avi2talxfm orig_nu.mgz /opt/freesurfer/average/mni305.cor.mgz talsrcimg_to_711-2C_as_mni_average_305_t4_vox2vox.txt transforms/talairach.auto.xfm
avi2talxfm done
mv -f /out/sourcedata/freesurfer/sub-v1s20x0050367_ses-1/mri/talsrcimg_to_711-2C_as_mni_average_305_t4_vox2vox.txt /out/sourcedata/freesurfer/sub-v1s20x0050367_ses-1/mri/transforms/talsrcimg_to_711-2C_as_mni_average_305_t4_vox2vox.txt
lta_convert --src orig_nu.mgz --trg /opt/freesurfer/average/mni305.cor.mgz --inxfm transforms/talairach.auto.xfm --outlta transforms/talairach.auto.xfm.lta --subject fsaverage
7.3.2

--src: orig_nu.mgz src image (geometry).
--trg: /opt/freesurfer/average/mni305.cor.mgz trg image (geometry).
--inmni: transforms/talairach.auto.xfm input MNI/XFM transform.
--outlta: transforms/talairach.auto.xfm.lta output LTA.
--s: fsaverage subject name
 LTA read, type : 1
 1.09879   0.05272   0.02499   0.44771;
-0.07194   1.02977  -0.02868  -20.92288;
-0.00268   0.07843   1.14504   0.84824;
 0.00000   0.00000   0.00000   1.00000;
setting subject to fsaverage
Writing  LTA to file transforms/talairach.auto.xfm.lta...
lta_convert successful.
 
 
Started at Thu Mar 12 19:08:31 CET 2026
Ended   at Thu Mar 12 19:08:45 CET 2026
talairach_avi done
