status file for recon-all
Mon Mar  9 09:48:41 CET 2026
#@# Tessellate lh Mon Mar  9 09:48:41 CET 2026
#@# Smooth1 lh Mon Mar  9 09:48:45 CET 2026
#@# Inflation1 lh Mon Mar  9 09:48:47 CET 2026
#@# QSphere lh Mon Mar  9 09:48:56 CET 2026
#@# Fix Topology lh Mon Mar  9 09:49:49 CET 2026
#@# Smooth2 lh Mon Mar  9 09:57:33 CET 2026
#@# Inflation2 lh Mon Mar  9 09:57:35 CET 2026
#@# Curv .H and .K lh Mon Mar  9 09:57:45 CET 2026
#@# Sphere lh Mon Mar  9 09:58:27 CET 2026
#@# Surf Reg lh Mon Mar  9 10:01:09 CET 2026
#@# Jacobian white lh Mon Mar  9 10:03:59 CET 2026
#@# AvgCurv lh Mon Mar  9 10:04:00 CET 2026
#@# Cortical Parc lh Mon Mar  9 10:04:00 CET 2026
#@# white curv lh Mon Mar  9 10:09:05 CET 2026
#@# white area lh Mon Mar  9 10:09:06 CET 2026
#@# pial curv lh Mon Mar  9 10:09:07 CET 2026
#@# pial area lh Mon Mar  9 10:09:08 CET 2026
#@# thickness lh Mon Mar  9 10:09:09 CET 2026
#@# area and vertex vol lh Mon Mar  9 10:09:36 CET 2026
#@# Curvature Stats lh Mon Mar  9 10:09:37 CET 2026
#@# Cortical Parc 2 lh Mon Mar  9 10:09:39 CET 2026
#@# Cortical Parc 3 lh Mon Mar  9 10:09:50 CET 2026
#@# WM/GM Contrast lh Mon Mar  9 10:09:59 CET 2026
recon-all -s sub-v1s20x0050332_ses-1 finished without error at Mon Mar  9 10:10:02 CET 2026



#New# invocation of recon-all 



status file for recon-all
Mon Mar  9 10:35:59 CET 2026
#@# white curv lh Mon Mar  9 10:35:59 CET 2026
#@# white area lh Mon Mar  9 10:35:59 CET 2026
#@# pial curv lh Mon Mar  9 10:35:59 CET 2026
#@# pial area lh Mon Mar  9 10:35:59 CET 2026
#@# thickness lh Mon Mar  9 10:35:59 CET 2026
#@# area and vertex vol lh Mon Mar  9 10:35:59 CET 2026
#@# Parcellation Stats lh Mon Mar  9 10:35:59 CET 2026
#@# Parcellation Stats 2 lh Mon Mar  9 10:36:14 CET 2026
#@# Parcellation Stats 3 lh Mon Mar  9 10:36:22 CET 2026
#@# BA_exvivo Labels lh Mon Mar  9 10:36:30 CET 2026
recon-all -s sub-v1s20x0050332_ses-1 finished without error at Mon Mar  9 10:38:37 CET 2026
