status file for recon-all
Mon Mar  9 08:14:56 CET 2026
#@# MotionCor Mon Mar  9 08:14:57 CET 2026
#@# Talairach Mon Mar  9 08:15:05 CET 2026
#@# Talairach Failure Detection Mon Mar  9 08:19:28 CET 2026
#@# Nu Intensity Correction Mon Mar  9 08:19:28 CET 2026
#@# Intensity Normalization Mon Mar  9 08:22:40 CET 2026
recon-all -s sub-v1s20x0050332_ses-1 finished without error at Mon Mar  9 08:24:06 CET 2026



#New# invocation of recon-all 



status file for recon-all
Mon Mar  9 08:30:35 CET 2026
#@# EM Registration Mon Mar  9 08:30:35 CET 2026
recon-all -s sub-v1s20x0050332_ses-1 finished without error at Mon Mar  9 08:32:06 CET 2026



#New# invocation of recon-all 



status file for recon-all
Mon Mar  9 08:32:10 CET 2026
#@# CA Normalize Mon Mar  9 08:32:10 CET 2026
#@# CA Reg Mon Mar  9 08:33:29 CET 2026
#@# SubCort Seg Mon Mar  9 09:14:39 CET 2026
#@# CC Seg Mon Mar  9 09:42:52 CET 2026
#@# Merge ASeg Mon Mar  9 09:43:28 CET 2026
#@# Intensity Normalization2 Mon Mar  9 09:43:28 CET 2026
#@# Mask BFS Mon Mar  9 09:45:36 CET 2026
#@# WM Segmentation Mon Mar  9 09:45:37 CET 2026
#@# Fill Mon Mar  9 09:47:38 CET 2026
recon-all -s sub-v1s20x0050332_ses-1 finished without error at Mon Mar  9 09:48:37 CET 2026



#New# invocation of recon-all 



status file for recon-all
Mon Mar  9 10:31:55 CET 2026
#@# white curv lh Mon Mar  9 10:31:55 CET 2026
#@# white area lh Mon Mar  9 10:31:55 CET 2026
#@# pial curv lh Mon Mar  9 10:31:55 CET 2026
#@# pial area lh Mon Mar  9 10:31:55 CET 2026
#@# thickness lh Mon Mar  9 10:31:55 CET 2026
#@# area and vertex vol lh Mon Mar  9 10:31:55 CET 2026
#@# white curv rh Mon Mar  9 10:31:55 CET 2026
#@# white area rh Mon Mar  9 10:31:55 CET 2026
#@# pial curv rh Mon Mar  9 10:31:55 CET 2026
#@# pial area rh Mon Mar  9 10:31:55 CET 2026
#@# thickness rh Mon Mar  9 10:31:55 CET 2026
#@# area and vertex vol rh Mon Mar  9 10:31:55 CET 2026
#@# Cortical ribbon mask Mon Mar  9 10:31:55 CET 2026
recon-all -s sub-v1s20x0050332_ses-1 finished without error at Mon Mar  9 10:35:55 CET 2026



#New# invocation of recon-all 



status file for recon-all
Mon Mar  9 10:41:19 CET 2026
#@# white curv lh Mon Mar  9 10:41:19 CET 2026
#@# white area lh Mon Mar  9 10:41:19 CET 2026
#@# pial curv lh Mon Mar  9 10:41:19 CET 2026
#@# pial area lh Mon Mar  9 10:41:19 CET 2026
#@# thickness lh Mon Mar  9 10:41:19 CET 2026
#@# area and vertex vol lh Mon Mar  9 10:41:19 CET 2026
#@# white curv rh Mon Mar  9 10:41:19 CET 2026
#@# white area rh Mon Mar  9 10:41:19 CET 2026
#@# pial curv rh Mon Mar  9 10:41:19 CET 2026
#@# pial area rh Mon Mar  9 10:41:19 CET 2026
#@# thickness rh Mon Mar  9 10:41:19 CET 2026
#@# area and vertex vol rh Mon Mar  9 10:41:19 CET 2026
#@# Curvature Stats lh Mon Mar  9 10:41:19 CET 2026
#@# Curvature Stats rh Mon Mar  9 10:41:21 CET 2026
#@# Relabel Hypointensities Mon Mar  9 10:41:23 CET 2026
#@# APas-to-ASeg Mon Mar  9 10:41:37 CET 2026
#@# AParc-to-ASeg aparc Mon Mar  9 10:41:44 CET 2026
#@# AParc-to-ASeg aparc.a2009s Mon Mar  9 10:42:10 CET 2026
#@# AParc-to-ASeg aparc.DKTatlas Mon Mar  9 10:42:38 CET 2026
#@# WMParc Mon Mar  9 10:43:04 CET 2026
#@# ASeg Stats Mon Mar  9 10:46:31 CET 2026
recon-all -s sub-v1s20x0050332_ses-1 finished without error at Mon Mar  9 10:47:02 CET 2026
