/out/sourcedata/freesurfer/sub-v1s20x0050380_ses-1/mri
/opt/freesurfer/bin/talairach_avi
--i orig_nu.mgz --xfm transforms/talairach.auto.xfm
talairach_avi 7.3.2
Linux dna063 5.14.0-427.37.1.el9_4.x86_64 #1 SMP PREEMPT_DYNAMIC Fri Sep 13 12:41:50 EDT 2024 x86_64 x86_64 x86_64 GNU/Linux
Thu Mar 12 19:30:43 CET 2026
mri_convert orig_nu.mgz talsrcimg.img 
reading from orig_nu.mgz...
TR=0.00, TE=0.00, TI=0.00, flip angle=0.00
i_ras = (-1, 0, 0)
j_ras = (0, 0, -1)
k_ras = (0, 1, 0)
writing to talsrcimg.img...
Analyze Output Matrix
-1.00000   0.00000   0.00000   129.50781;
 0.00000   0.00000   1.00000  -128.49219;
 0.00000  -1.00000   0.00000   129.60004;
 0.00000   0.00000   0.00000   1.00000;
--------------------
INFO: set hdr.hist.orient to -1
mpr2mni305 talsrcimg
Thu Mar 12 19:30:44 CET 2026
/opt/freesurfer/bin/mpr2mni305 talsrcimg
mpr2mni305 7.3.2
target=711-2C_as_mni_average_305

---------------------------------------------------------------------
analyzeto4dfp talsrcimg -O0 -y
---------------------------------------------------------------------

freesurfer ifh2hdr.c
Thu Mar 12 19:30:44 2026
Writing: talsrcimg.4dfp.hdr
freesurfer analyzeto4dfp.c
Reading: talsrcimg.hdr
header size 348 bytes
hdr.dime.datatype	offset=70	value=2
hdr.dime.bitpix		offset=72	value=8
hdr.hist.orient		offset=252	value=-1
dimensionality     4
dimensions       256       256       256         1
Reading: talsrcimg.img
Writing: talsrcimg.4dfp.img
Writing: talsrcimg.4dfp.ifh
ifh2hdr talsrcimg -r0to241
ori=2

---------------------------------------------------------------------
gauss_4dfp talsrcimg 1.1
---------------------------------------------------------------------

freesurfer gauss_4dfp.c
Reading: talsrcimg.4dfp.img
Writing: talsrcimg_g11.4dfp.img
image dimensions 256 256 256 padded to 288 288 288
processing volume 1freesurfer ifh2hdr.c
Thu Mar 12 19:30:45 2026
Writing: talsrcimg_g11.4dfp.hdr

Writing: talsrcimg_g11.4dfp.ifh
including: talsrcimg.4dfp.img.rec in talsrcimg_g11.4dfp.img.rec

---------------------------------------------------------------------
imgreg_4dfp /opt/freesurfer/average/711-2C_as_mni_average_305 none talsrcimg_g11 none talsrcimg_to_711-2C_as_mni_average_305_t4 4355
---------------------------------------------------------------------

freesurfer imgreg_4dfp.c
/opt/freesurfer/average/711-2C_as_mni_average_305.4dfp.img
       256       256       256         1
  1.000000  1.000000  1.000000
orientation T byte_order littleendian
Reading image: /opt/freesurfer/average/711-2C_as_mni_average_305.4dfp.img
dimensions:      256       256       256
mmppix:       1.0000   -1.0000   -1.0000
center:     128.0000 -129.0000 -129.0000
talsrcimg_g11.4dfp.img
       256       256       256         1
  1.000000  1.000000  1.000000
orientation T byte_order littleendian
Reading image: talsrcimg_g11.4dfp.img
dimensions:      256       256       256
mmppix:       1.0000   -1.0000   -1.0000
center:     128.0000 -129.0000 -129.0000
t4_read: open error in t4_sub.f l:  41 t4_file(1:l)talsrcimg_to_711-2C_as_mni_average_305_t4 
t4_read: transform initialized to I4
rotation matrix determinant  1.000000
image alignment mode   4355 decimal     1103 hex
   -7.5000  -45.0000  -45.0000 8279.5498   20.0397
    0.0000  -45.0000  -45.0000 8434.6143   20.0234
    7.5000  -45.0000  -45.0000 7925.0757   20.0533
   -7.5000  -37.5000  -45.0000 8826.9219   20.0157
    0.0000  -37.5000  -45.0000 8986.3398   20.0041
    7.5000  -37.5000  -45.0000 8440.0010   20.0399
   -7.5000  -30.0000  -45.0000 9618.6338   20.0332
    0.0000  -30.0000  -45.0000 9781.3848   20.0192
    7.5000  -30.0000  -45.0000 9190.5449   20.0650
   -7.5000  -22.5000  -45.000010362.2041   20.0833
    0.0000  -22.5000  -45.000010528.8760   20.0608
    7.5000  -22.5000  -45.0000 9868.3301   20.1091
   -7.5000  -15.0000  -45.000010996.1699   20.1156
    0.0000  -15.0000  -45.000011161.8779   20.0864
    7.5000  -15.0000  -45.000010464.5410   20.1288
   -7.5000   -7.5000  -45.000011585.8379   20.0895
    0.0000   -7.5000  -45.000011780.1406   20.0642
    7.5000   -7.5000  -45.000011023.7158   20.0981
   -7.5000    0.0000  -45.000012137.1201   20.0397
    0.0000    0.0000  -45.000012289.1094   20.0234
    7.5000    0.0000  -45.000011527.4805   20.0533
   -7.5000    7.5000  -45.000011802.1807   20.0157
    0.0000    7.5000  -45.000011979.5889   20.0041
    7.5000    7.5000  -45.000011202.2930   20.0399
   -7.5000   15.0000  -45.000011386.4473   20.0332
    0.0000   15.0000  -45.000011552.1943   20.0192
    7.5000   15.0000  -45.000010784.8359   20.0650
   -7.5000   22.5000  -45.000010730.4736   20.0806
    0.0000   22.5000  -45.000010860.9385   20.0580
    7.5000   22.5000  -45.000010152.3701   20.1064
   -7.5000   30.0000  -45.0000 9896.7910   19.8476
    0.0000   30.0000  -45.000010014.8467   19.8188
    7.5000   30.0000  -45.0000 9361.5352   19.8606
   -7.5000   37.5000  -45.0000 9377.1533   19.8218
    0.0000   37.5000  -45.0000 9477.5039   19.7968
    7.5000   37.5000  -45.0000 8838.4521   19.8303
   -7.5000   45.0000  -45.0000 8495.6406   19.2705
    0.0000   45.0000  -45.0000 8595.5059   19.2549
    7.5000   45.0000  -45.0000 7982.3008   19.2836
   -7.5000  -45.0000  -37.5000 8861.8887   20.0389
    0.0000  -45.0000  -37.5000 9021.3994   20.0162
    7.5000  -45.0000  -37.5000 8452.6562   20.0472
   -7.5000  -37.5000  -37.5000 9434.3701   20.0210
    0.0000  -37.5000  -37.5000 9616.1250   20.0021
    7.5000  -37.5000  -37.5000 9004.7852   20.0377
   -7.5000  -30.0000  -37.500010294.0078   20.0339
    0.0000  -30.0000  -37.500010451.3623   20.0154
    7.5000  -30.0000  -37.5000 9801.7012   20.0685
   -7.5000  -22.5000  -37.500011038.0957   20.0706
    0.0000  -22.5000  -37.500011198.5908   20.0473
    7.5000  -22.5000  -37.500010502.7910   20.1122
   -7.5000  -15.0000  -37.500011692.4180   20.0959
    0.0000  -15.0000  -37.500011887.5146   20.0675
    7.5000  -15.0000  -37.500011130.8711   20.1278
   -7.5000   -7.5000  -37.500012403.8896   20.0771
    0.0000   -7.5000  -37.500012540.6562   20.0496
    7.5000   -7.5000  -37.500011678.1260   20.0936
   -7.5000    0.0000  -37.500012945.4688   20.0389
    0.0000    0.0000  -37.500013056.6445   20.0162
    7.5000    0.0000  -37.500012169.3867   20.0472
   -7.5000    7.5000  -37.500012529.1484   20.0210
    0.0000    7.5000  -37.500012654.4062   20.0021
    7.5000    7.5000  -37.500011798.6318   20.0377
   -7.5000   15.0000  -37.500012040.6445   20.0339
    0.0000   15.0000  -37.500012198.5010   20.0154
    7.5000   15.0000  -37.500011377.8408   20.0685
   -7.5000   22.5000  -37.500011299.0264   20.0678
    0.0000   22.5000  -37.500011443.1768   20.0446
    7.5000   22.5000  -37.500010696.9678   20.1095
   -7.5000   30.0000  -37.500010369.8760   19.8281
    0.0000   30.0000  -37.500010497.8135   19.8000
    7.5000   30.0000  -37.5000 9823.9277   19.8596
   -7.5000   37.5000  -37.5000 9797.6143   19.8095
    0.0000   37.5000  -37.5000 9886.9561   19.7824
    7.5000   37.5000  -37.5000 9222.1348   19.8258
   -7.5000   45.0000  -37.5000 8880.2627   19.2698
    0.0000   45.0000  -37.5000 8965.5479   19.2479
    7.5000   45.0000  -37.5000 8306.4941   19.2778
   -7.5000  -45.0000  -30.0000 9581.2939   20.9130
    0.0000  -45.0000  -30.0000 9756.9658   20.8652
    7.5000  -45.0000  -30.0000 9143.3232   20.8866
   -7.5000  -37.5000  -30.000010205.7930   20.9113
    0.0000  -37.5000  -30.000010397.5850   20.8650
    7.5000  -37.5000  -30.0000 9728.2842   20.8873
   -7.5000  -30.0000  -30.000011117.8955   20.9288
    0.0000  -30.0000  -30.000011274.7783   20.8854
    7.5000  -30.0000  -30.000010557.9609   20.9251
   -7.5000  -22.5000  -30.000011881.3457   20.9506
    0.0000  -22.5000  -30.000012044.3867   20.9079
    7.5000  -22.5000  -30.000011275.4277   20.9634
   -7.5000  -15.0000  -30.000012628.4531   20.9600
    0.0000  -15.0000  -30.000012818.8311   20.9145
    7.5000  -15.0000  -30.000011887.3301   20.9683
   -7.5000   -7.5000  -30.000013392.4443   20.9398
    0.0000   -7.5000  -30.000013426.4971   20.8923
    7.5000   -7.5000  -30.000012467.2646   20.9293
   -7.5000    0.0000  -30.000013920.9434   20.9130
    0.0000    0.0000  -30.000013997.0781   20.8652
    7.5000    0.0000  -30.000013018.3242   20.8866
   -7.5000    7.5000  -30.000013434.6963   20.9113
    0.0000    7.5000  -30.000013557.5625   20.8650
    7.5000    7.5000  -30.000012631.1094   20.8873
   -7.5000   15.0000  -30.000012896.2617   20.9288
    0.0000   15.0000  -30.000013009.3193   20.8854
    7.5000   15.0000  -30.000012121.7344   20.9251
   -7.5000   22.5000  -30.000012071.6807   20.9456
    0.0000   22.5000  -30.000012183.6758   20.9028
    7.5000   22.5000  -30.000011379.7080   20.9583
   -7.5000   30.0000  -30.000011049.7646   20.6826
    0.0000   30.0000  -30.000011140.0000   20.6378
    7.5000   30.0000  -30.000010448.6367   20.6909
   -7.5000   37.5000  -30.000010386.2090   20.6627
    0.0000   37.5000  -30.000010464.5566   20.6159
    7.5000   37.5000  -30.0000 9782.5732   20.6523
   -7.5000   45.0000  -30.0000 9353.5508   20.1252
    0.0000   45.0000  -30.0000 9433.0967   20.0792
    7.5000   45.0000  -30.0000 8766.4824   20.0997
   -7.5000  -45.0000  -22.500010333.9482   21.6652
    0.0000  -45.0000  -22.500010501.8643   21.5975
    7.5000  -45.0000  -22.5000 9816.8428   21.6060
   -7.5000  -37.5000  -22.500010984.0137   21.6736
    0.0000  -37.5000  -22.500011150.5391   21.6051
    7.5000  -37.5000  -22.500010406.6475   21.6114
   -7.5000  -30.0000  -22.500011928.6660   21.6997
    0.0000  -30.0000  -22.500012084.0381   21.6327
    7.5000  -30.0000  -22.500011298.7256   21.6473
   -7.5000  -22.5000  -22.500012732.6611   21.7198
    0.0000  -22.5000  -22.500012923.4746   21.6542
    7.5000  -22.5000  -22.500012025.1777   21.6791
   -7.5000  -15.0000  -22.500013633.9971   21.7198
    0.0000  -15.0000  -22.500013692.3057   21.6531
    7.5000  -15.0000  -22.500012631.7314   21.6784
   -7.5000   -7.5000  -22.500014344.5869   21.6913
    0.0000   -7.5000  -22.500014318.9717   21.6239
    7.5000   -7.5000  -22.500013272.3486   21.6411
   -7.5000    0.0000  -22.500014832.0293   21.6652
    0.0000    0.0000  -22.500014873.9414   21.5975
    7.5000    0.0000  -22.500013866.4980   21.6060
   -7.5000    7.5000  -22.500014289.6465   21.6736
    0.0000    7.5000  -22.500014377.7119   21.6051
    7.5000    7.5000  -22.500013422.2588   21.6114
   -7.5000   15.0000  -22.500013700.0215   21.6997
    0.0000   15.0000  -22.500013771.4160   21.6327
    7.5000   15.0000  -22.500012835.1299   21.6473
   -7.5000   22.5000  -22.500012826.6445   21.7131
    0.0000   22.5000  -22.500012876.4648   21.6475
    7.5000   22.5000  -22.500012023.7354   21.6724
   -7.5000   30.0000  -22.500011737.5508   21.4357
    0.0000   30.0000  -22.500011800.0098   21.3699
    7.5000   30.0000  -22.500011045.7471   21.3949
   -7.5000   37.5000  -22.500010997.5420   21.4076
    0.0000   37.5000  -22.500011048.7051   21.3411
    7.5000   37.5000  -22.500010318.1631   21.3581
   -7.5000   45.0000  -22.5000 9844.5000   20.8646
    0.0000   45.0000  -22.5000 9909.1328   20.7995
    7.5000   45.0000  -22.5000 9221.7354   20.8077
   -7.5000  -45.0000  -15.000010998.2803   22.1864
    0.0000  -45.0000  -15.000011172.1816   22.1197
    7.5000  -45.0000  -15.000010425.1582   22.1257
   -7.5000  -37.5000  -15.000011661.9170   22.1896
    0.0000  -37.5000  -15.000011823.8008   22.1227
    7.5000  -37.5000  -15.000011049.1943   22.1273
   -7.5000  -30.0000  -15.000012640.8867   22.2224
    0.0000  -30.0000  -15.000012873.3281   22.1538
    7.5000  -30.0000  -15.000011994.9570   22.1583
   -7.5000  -22.5000  -15.000013657.9365   22.2572
    0.0000  -22.5000  -15.000013752.1357   22.1862
    7.5000  -22.5000  -15.000012746.0527   22.1910
   -7.5000  -15.0000  -15.000014599.4160   22.2637
    0.0000  -15.0000  -15.000014509.9033   22.1901
    7.5000  -15.0000  -15.000013392.3604   22.1939
   -7.5000   -7.5000  -15.000015135.8311   22.2256
    0.0000   -7.5000  -15.000015141.9336   22.1548
    7.5000   -7.5000  -15.000014095.5059   22.1595
   -7.5000    0.0000  -15.000015600.2129   22.1864
    0.0000    0.0000  -15.000015715.5547   22.1197
    7.5000    0.0000  -15.000014679.1807   22.1257
   -7.5000    7.5000  -15.000015063.6104   22.1896
    0.0000    7.5000  -15.000015174.8311   22.1227
    7.5000    7.5000  -15.000014186.2500   22.1273
   -7.5000   15.0000  -15.000014423.1738   22.2224
    0.0000   15.0000  -15.000014489.2129   22.1538
    7.5000   15.0000  -15.000013521.9238   22.1583
   -7.5000   22.5000  -15.000013490.9951   22.2493
    0.0000   22.5000  -15.000013507.2529   22.1783
    7.5000   22.5000  -15.000012619.8213   22.1831
   -7.5000   30.0000  -15.000012367.0674   21.9755
    0.0000   30.0000  -15.000012385.2861   21.9029
    7.5000   30.0000  -15.000011569.0938   21.9067
   -7.5000   37.5000  -15.000011578.7617   21.9379
    0.0000   37.5000  -15.000011607.5957   21.8681
    7.5000   37.5000  -15.000010824.3359   21.8727
   -7.5000   45.0000  -15.000010318.4961   21.3795
    0.0000   45.0000  -15.000010358.4150   21.3153
    7.5000   45.0000  -15.0000 9660.9873   21.3210
   -7.5000  -45.0000   -7.500011611.2051   22.4132
    0.0000  -45.0000   -7.500011835.9072   22.3718
    7.5000  -45.0000   -7.500011051.2354   22.3905
   -7.5000  -37.5000   -7.500012248.3721   22.3990
    0.0000  -37.5000   -7.500012509.8916   22.3608
    7.5000  -37.5000   -7.500011678.4590   22.3829
   -7.5000  -30.0000   -7.500013429.6230   22.4290
    0.0000  -30.0000   -7.500013677.7080   22.3877
    7.5000  -30.0000   -7.500012680.8262   22.4114
   -7.5000  -22.5000   -7.500014705.8535   22.4820
    0.0000  -22.5000   -7.500014641.3916   22.4329
    7.5000  -22.5000   -7.500013499.9092   22.4531
   -7.5000  -15.0000   -7.500015430.8555   22.5063
    0.0000  -15.0000   -7.500015329.2266   22.4513
    7.5000  -15.0000   -7.500014172.4023   22.4664
   -7.5000   -7.5000   -7.500015840.6875   22.4676
    0.0000   -7.5000   -7.500016038.6924   22.4172
    7.5000   -7.5000   -7.500014934.6025   22.4324
   -7.5000    0.0000   -7.500016368.6777   22.4132
    0.0000    0.0000   -7.500016660.8340   22.3718
    7.5000    0.0000   -7.500015557.7363   22.3905
   -7.5000    7.5000   -7.500015869.1094   22.3990
    0.0000    7.5000   -7.500016057.5215   22.3608
    7.5000    7.5000   -7.500015009.5830   22.3829
   -7.5000   15.0000   -7.500015162.7168   22.4290
    0.0000   15.0000   -7.500015269.7393   22.3877
    7.5000   15.0000   -7.500014259.4160   22.4114
   -7.5000   22.5000   -7.500014154.2295   22.4716
    0.0000   22.5000   -7.500014231.1533   22.4225
    7.5000   22.5000   -7.500013282.5215   22.4427
   -7.5000   30.0000   -7.500012957.4756   22.2144
    0.0000   30.0000   -7.500012990.4844   22.1601
    7.5000   30.0000   -7.500012151.6289   22.1751
   -7.5000   37.5000   -7.500012161.2051   22.1762
    0.0000   37.5000   -7.500012171.3418   22.1265
    7.5000   37.5000   -7.500011353.4004   22.1415
   -7.5000   45.0000   -7.500010819.4951   21.6021
    0.0000   45.0000   -7.500010859.8135   21.5622
    7.5000   45.0000   -7.500010127.7744   21.5803
   -7.5000  -45.0000    0.000012130.4883   22.4247
    0.0000  -45.0000    0.000012409.3926   22.4064
    7.5000  -45.0000    0.000011575.0703   22.4398
   -7.5000  -37.5000    0.000012881.0547   22.3979
    0.0000  -37.5000    0.000013139.8252   22.3848
    7.5000  -37.5000    0.000012226.2402   22.4248
   -7.5000  -30.0000    0.000014256.7588   22.4174
    0.0000  -30.0000    0.000014367.5674   22.4018
    7.5000  -30.0000    0.000013301.7734   22.4530
   -7.5000  -22.5000    0.000015517.7607   22.4735
    0.0000  -22.5000    0.000015402.3232   22.4482
    7.5000  -22.5000    0.000014163.8281   22.5023
   -7.5000  -15.0000    0.000016046.6221   22.5097
    0.0000  -15.0000    0.000016148.3721   22.4770
    7.5000  -15.0000    0.000014907.0410   22.5244
   -7.5000   -7.5000    0.000016461.4434   22.4804
    0.0000   -7.5000    0.000016866.4512   22.4521
    7.5000   -7.5000    0.000015693.0410   22.4901
   -7.5000    0.0000    0.000017095.4414   22.4247
    0.0000    0.0000    0.000017537.8730   22.4064
    7.5000    0.0000    0.000016318.4180   22.4398
   -7.5000    7.5000    0.000016613.6445   22.3979
    0.0000    7.5000    0.000016926.8672   22.3848
    7.5000    7.5000    0.000015758.5664   22.4248
   -7.5000   15.0000    0.000015852.8320   22.4174
    0.0000   15.0000    0.000016017.1699   22.4018
    7.5000   15.0000    0.000014902.1787   22.4530
   -7.5000   22.5000    0.000014766.4238   22.4632
    0.0000   22.5000    0.000014854.2334   22.4379
    7.5000   22.5000    0.000013849.0332   22.4920
   -7.5000   30.0000    0.000013458.1641   22.2184
    0.0000   30.0000    0.000013510.6553   22.1861
    7.5000   30.0000    0.000012648.8330   22.2329
   -7.5000   37.5000    0.000012625.8057   22.1895
    0.0000   37.5000    0.000012658.5742   22.1615
    7.5000   37.5000    0.000011815.1016   22.1990
   -7.5000   45.0000    0.000011185.0732   21.6148
    0.0000   45.0000    0.000011272.2148   21.5972
    7.5000   45.0000    0.000010526.2559   21.6294
   -7.5000  -45.0000    7.500011859.0625   22.4240
    0.0000  -45.0000    7.500012050.2617   22.3986
    7.5000  -45.0000    7.500011221.0020   22.4333
   -7.5000  -37.5000    7.500012581.3232   22.4041
    0.0000  -37.5000    7.500012789.1611   22.3829
    7.5000  -37.5000    7.500011884.5293   22.4227
   -7.5000  -30.0000    7.500013682.6113   22.4185
    0.0000  -30.0000    7.500013885.4209   22.3977
    7.5000  -30.0000    7.500012866.3496   22.4571
   -7.5000  -22.5000    7.500014764.1035   22.4595
    0.0000  -22.5000    7.500014861.5957   22.4335
    7.5000  -22.5000    7.500013679.7646   22.5061
   -7.5000  -15.0000    7.500015461.8965   22.4878
    0.0000  -15.0000    7.500015706.3564   22.4560
    7.5000  -15.0000    7.500014412.0137   22.5236
   -7.5000   -7.5000    7.500016040.1934   22.4668
    0.0000   -7.5000    7.500016436.5879   22.4361
    7.5000   -7.5000    7.500015173.8242   22.4853
   -7.5000    0.0000    7.500016623.5195   22.4240
    0.0000    0.0000    7.500017027.1289   22.3986
    7.5000    0.0000    7.500015779.8887   22.4333
   -7.5000    7.5000    7.500016094.3105   22.4041
    0.0000    7.5000    7.500016379.4463   22.3829
    7.5000    7.5000    7.500015232.0674   22.4227
   -7.5000   15.0000    7.500015311.9189   22.4185
    0.0000   15.0000    7.500015474.4805   22.3977
    7.5000   15.0000    7.500014384.7139   22.4571
   -7.5000   22.5000    7.500014263.8799   22.4491
    0.0000   22.5000    7.500014334.1426   22.4231
    7.5000   22.5000    7.500013344.8418   22.4957
   -7.5000   30.0000    7.500012985.2139   22.1968
    0.0000   30.0000    7.500013006.4023   22.1654
    7.5000   30.0000    7.500012187.2354   22.2321
   -7.5000   37.5000    7.500012103.8633   22.1760
    0.0000   37.5000    7.500012122.3779   22.1457
    7.5000   37.5000    7.500011369.3066   22.1943
   -7.5000   45.0000    7.500010704.4414   21.6142
    0.0000   45.0000    7.500010743.5195   21.5897
    7.5000   45.0000    7.500010099.1904   21.6232
   -7.5000  -45.0000   15.000011297.3516   22.4572
    0.0000  -45.0000   15.000011493.2705   22.4059
    7.5000  -45.0000   15.000010681.3027   22.4288
   -7.5000  -37.5000   15.000011962.1973   22.4553
    0.0000  -37.5000   15.000012177.7354   22.4056
    7.5000  -37.5000   15.000011307.9150   22.4295
   -7.5000  -30.0000   15.000012967.9482   22.4741
    0.0000  -30.0000   15.000013247.0312   22.4275
    7.5000  -30.0000   15.000012233.4033   22.4701
   -7.5000  -22.5000   15.000013917.9814   22.4975
    0.0000  -22.5000   15.000014164.7002   22.4516
    7.5000  -22.5000   15.000013037.6582   22.5112
   -7.5000  -15.0000   15.000014744.6768   22.5076
    0.0000  -15.0000   15.000014924.8086   22.4588
    7.5000  -15.0000   15.000013727.3691   22.5165
   -7.5000   -7.5000   15.000015421.0947   22.4859
    0.0000   -7.5000   15.000015589.6670   22.4349
    7.5000   -7.5000   15.000014409.6182   22.4746
   -7.5000    0.0000   15.000015937.2363   22.4572
    0.0000    0.0000   15.000016134.5312   22.4059
    7.5000    0.0000   15.000014972.7988   22.4288
   -7.5000    7.5000   15.000015328.2178   22.4553
    0.0000    7.5000   15.000015534.2471   22.4056
    7.5000    7.5000   15.000014449.5615   22.4295
   -7.5000   15.0000   15.000014526.2412   22.4741
    0.0000   15.0000   15.000014690.3135   22.4275
    7.5000   15.0000   15.000013655.5547   22.4701
   -7.5000   22.5000   15.000013499.0469   22.4872
    0.0000   22.5000   15.000013613.9043   22.4413
    7.5000   22.5000   15.000012651.0000   22.5008
   -7.5000   30.0000   15.000012243.6426   22.2163
    0.0000   30.0000   15.000012365.2471   22.1681
    7.5000   30.0000   15.000011559.4658   22.2251
   -7.5000   37.5000   15.000011387.5605   22.1949
    0.0000   37.5000   15.000011495.1729   22.1446
    7.5000   37.5000   15.000010768.8545   22.1837
   -7.5000   45.0000   15.000010105.7109   21.6461
    0.0000   45.0000   15.000010197.4795   21.5967
    7.5000   45.0000   15.0000 9571.2236   21.6188
   -7.5000  -45.0000   22.500010588.8906   22.4908
    0.0000  -45.0000   22.500010727.0420   22.4205
    7.5000  -45.0000   22.500010020.5664   22.4293
   -7.5000  -37.5000   22.500011173.2568   22.4996
    0.0000  -37.5000   22.500011375.2490   22.4284
    7.5000  -37.5000   22.500010639.8369   22.4350
   -7.5000  -30.0000   22.500012109.5303   22.5266
    0.0000  -30.0000   22.500012394.7275   22.4570
    7.5000  -30.0000   22.500011536.3545   22.4722
   -7.5000  -22.5000   22.500012898.3838   22.5474
    0.0000  -22.5000   22.500013235.6406   22.4793
    7.5000  -22.5000   22.500012301.9795   22.5052
   -7.5000  -15.0000   22.500013570.4424   22.5474
    0.0000  -15.0000   22.500013952.9629   22.4782
    7.5000  -15.0000   22.500012912.9932   22.5045
   -7.5000   -7.5000   22.500014208.4824   22.5179
    0.0000   -7.5000   22.500014554.1289   22.4479
    7.5000   -7.5000   22.500013520.2090   22.4658
   -7.5000    0.0000   22.500014779.9854   22.4908
    0.0000    0.0000   22.500015105.7041   22.4205
    7.5000    0.0000   22.500014060.0410   22.4293
   -7.5000    7.5000   22.500014303.9277   22.4996
    0.0000    7.5000   22.500014596.8799   22.4284
    7.5000    7.5000   22.500013596.8096   22.4350
   -7.5000   15.0000   22.500013575.6953   22.5266
    0.0000   15.0000   22.500013793.2305   22.4570
    7.5000   15.0000   22.500012881.8799   22.4722
   -7.5000   22.5000   22.500012623.9316   22.5370
    0.0000   22.5000   22.500012771.0801   22.4690
    7.5000   22.5000   22.500011970.7920   22.4948
   -7.5000   30.0000   22.500011469.0039   22.2556
    0.0000   30.0000   22.500011603.8105   22.1873
    7.5000   30.0000   22.500010866.6211   22.2133
   -7.5000   37.5000   22.500010646.6924   22.2265
    0.0000   37.5000   22.500010776.5625   22.1574
    7.5000   37.5000   22.500010100.3271   22.1750
   -7.5000   45.0000   22.5000 9436.7422   21.6785
    0.0000   45.0000   22.5000 9571.8828   21.6108
    7.5000   45.0000   22.5000 8971.1963   21.6193
   -7.5000  -45.0000   30.0000 9746.1885   22.5899
    0.0000  -45.0000   30.0000 9893.3682   22.5217
    7.5000  -45.0000   30.0000 9274.6689   22.5277
   -7.5000  -37.5000   30.000010272.2236   22.5929
    0.0000  -37.5000   30.000010470.1699   22.5244
    7.5000  -37.5000   30.0000 9826.0400   22.5289
   -7.5000  -30.0000   30.000011127.5303   22.6264
    0.0000  -30.0000   30.000011397.9600   22.5562
    7.5000  -30.0000   30.000010662.1494   22.5606
   -7.5000  -22.5000   30.000011827.0645   22.6621
    0.0000  -22.5000   30.000012164.2227   22.5896
    7.5000  -22.5000   30.000011385.0986   22.5945
   -7.5000  -15.0000   30.000012429.4453   22.6690
    0.0000  -15.0000   30.000012806.3936   22.5941
    7.5000  -15.0000   30.000011947.4258   22.5980
   -7.5000   -7.5000   30.000013027.0752   22.6301
    0.0000   -7.5000   30.000013386.2236   22.5580
    7.5000   -7.5000   30.000012499.3096   22.5628
   -7.5000    0.0000   30.000013600.1318   22.5899
    0.0000    0.0000   30.000013938.6885   22.5217
    7.5000    0.0000   30.000013029.6240   22.5277
   -7.5000    7.5000   30.000013196.9375   22.5929
    0.0000    7.5000   30.000013515.3691   22.5244
    7.5000    7.5000   30.000012620.9307   22.5289
   -7.5000   15.0000   30.000012538.3340   22.6264
    0.0000   15.0000   30.000012768.9023   22.5562
    7.5000   15.0000   30.000011938.0781   22.5606
   -7.5000   22.5000   30.000011631.0898   22.6517
    0.0000   22.5000   30.000011822.3076   22.5792
    7.5000   22.5000   30.000011083.0498   22.5841
   -7.5000   30.0000   30.000010548.4854   22.3756
    0.0000   30.0000   30.000010720.8828   22.3016
    7.5000   30.0000   30.000010091.3018   22.3056
   -7.5000   37.5000   30.0000 9815.6748   22.3372
    0.0000   37.5000   30.0000 9964.1426   22.2660
    7.5000   37.5000   30.0000 9410.4326   22.2708
   -7.5000   45.0000   30.0000 8700.3291   21.7740
    0.0000   45.0000   30.0000 8831.3379   21.7083
    7.5000   45.0000   30.0000 8345.2441   21.7141
   -7.5000  -45.0000   37.5000 9340.9238   22.9507
    0.0000  -45.0000   37.5000 9477.3535   22.9071
    7.5000  -45.0000   37.5000 8944.8096   22.9260
   -7.5000  -37.5000   37.5000 9831.7930   22.9355
    0.0000  -37.5000   37.500010002.5781   22.8951
    7.5000  -37.5000   37.5000 9429.4717   22.9175
   -7.5000  -30.0000   37.500010610.8057   22.9676
    0.0000  -30.0000   37.500010888.1182   22.9238
    7.5000  -30.0000   37.500010228.0596   22.9477
   -7.5000  -22.5000   37.500011304.6055   23.0241
    0.0000  -22.5000   37.500011631.9170   22.9721
    7.5000  -22.5000   37.500010919.1484   22.9924
   -7.5000  -15.0000   37.500011882.6611   23.0502
    0.0000  -15.0000   37.500012228.2744   22.9921
    7.5000  -15.0000   37.500011481.4551   23.0073
   -7.5000   -7.5000   37.500012477.5039   23.0089
    0.0000   -7.5000   37.500012819.0352   22.9559
    7.5000   -7.5000   37.500012008.2803   22.9711
   -7.5000    0.0000   37.500013036.2549   22.9507
    0.0000    0.0000   37.500013357.7227   22.9071
    7.5000    0.0000   37.500012530.7422   22.9260
   -7.5000    7.5000   37.500012641.2598   22.9355
    0.0000    7.5000   37.500012931.1973   22.8951
    7.5000    7.5000   37.500012161.4521   22.9175
   -7.5000   15.0000   37.500012009.9277   22.9676
    0.0000   15.0000   37.500012216.7734   22.9238
    7.5000   15.0000   37.500011489.0059   22.9477
   -7.5000   22.5000   37.500011113.9277   23.0135
    0.0000   22.5000   37.500011303.7021   22.9615
    7.5000   22.5000   37.500010648.4639   22.9818
   -7.5000   30.0000   37.500010108.2871   22.7519
    0.0000   30.0000   37.500010259.7812   22.6946
    7.5000   30.0000   37.5000 9702.3232   22.7095
   -7.5000   37.5000   37.5000 9410.0762   22.7111
    0.0000   37.5000   37.5000 9561.2695   22.6588
    7.5000   37.5000   37.5000 9053.6250   22.6738
   -7.5000   45.0000   37.5000 8324.4033   22.1218
    0.0000   45.0000   37.5000 8474.2744   22.0798
    7.5000   45.0000   37.5000 8033.7036   22.0980
   -7.5000  -45.0000   45.0000 8549.2529   23.2826
    0.0000  -45.0000   45.0000 8666.6152   23.2561
    7.5000  -45.0000   45.0000 8177.1992   23.2894
   -7.5000  -37.5000   45.0000 8970.5254   23.2521
    0.0000  -37.5000   45.0000 9117.3125   23.2306
    7.5000  -37.5000   45.0000 8603.2021   23.2698
   -7.5000  -30.0000   45.0000 9678.4385   23.2724
    0.0000  -30.0000   45.0000 9870.8955   23.2474
    7.5000  -30.0000   45.0000 9313.8086   23.2978
   -7.5000  -22.5000   45.000010305.7393   23.3339
    0.0000  -22.5000   45.000010541.7812   23.2981
    7.5000  -22.5000   45.0000 9959.1895   23.3523
   -7.5000  -15.0000   45.000010850.1240   23.3752
    0.0000  -15.0000   45.000011117.4795   23.3319
    7.5000  -15.0000   45.000010486.7227   23.3802
   -7.5000   -7.5000   45.000011413.1260   23.3443
    0.0000   -7.5000   45.000011680.6621   23.3066
    7.5000   -7.5000   45.000010991.5137   23.3454
   -7.5000    0.0000   45.000011921.6885   23.2826
    0.0000    0.0000   45.000012170.9033   23.2561
    7.5000    0.0000   45.000011483.0742   23.2894
   -7.5000    7.5000   45.000011587.8867   23.2521
    0.0000    7.5000   45.000011808.8623   23.2306
    7.5000    7.5000   45.000011122.0410   23.2698
   -7.5000   15.0000   45.000010937.7549   23.2724
    0.0000   15.0000   45.000011139.7344   23.2474
    7.5000   15.0000   45.000010483.9951   23.2978
   -7.5000   22.5000   45.000010104.2295   23.3231
    0.0000   22.5000   45.000010293.2588   23.2873
    7.5000   22.5000   45.0000 9732.7109   23.3414
   -7.5000   30.0000   45.0000 9199.1006   23.0706
    0.0000   30.0000   45.0000 9360.3652   23.0279
    7.5000   30.0000   45.0000 8855.1592   23.0756
   -7.5000   37.5000   45.0000 8584.6133   23.0401
    0.0000   37.5000   45.0000 8736.6963   23.0030
    7.5000   37.5000   45.0000 8249.4521   23.0413
   -7.5000   45.0000   45.0000 7612.7212   22.4519
    0.0000   45.0000   45.0000 7736.9717   22.4263
    7.5000   45.0000   45.0000 7317.0430   22.4585

---------------------------------------------------------------------
imgreg_4dfp /opt/freesurfer/average/711-2C_as_mni_average_305 /opt/freesurfer/average/711-2B_as_mni_average_305_mask talsrcimg_g11 none talsrcimg_to_711-2C_as_mni_average_305_t4 4355
---------------------------------------------------------------------

freesurfer imgreg_4dfp.c
/opt/freesurfer/average/711-2C_as_mni_average_305.4dfp.img
       256       256       256         1
  1.000000  1.000000  1.000000
orientation T byte_order littleendian
Reading image: /opt/freesurfer/average/711-2C_as_mni_average_305.4dfp.img
dimensions:      256       256       256
mmppix:       1.0000   -1.0000   -1.0000
center:     128.0000 -129.0000 -129.0000
/opt/freesurfer/average/711-2B_as_mni_average_305_mask.4dfp.img
       256       256       256         1
  1.000000  1.000000  1.000000
orientation T byte_order littleendian
Reading mask: /opt/freesurfer/average/711-2B_as_mni_average_305_mask.4dfp.img (2306576 pixels)
talsrcimg_g11.4dfp.img
       256       256       256         1
  1.000000  1.000000  1.000000
orientation T byte_order littleendian
Reading image: talsrcimg_g11.4dfp.img
dimensions:      256       256       256
mmppix:       1.0000   -1.0000   -1.0000
center:     128.0000 -129.0000 -129.0000
rotation matrix determinant  1.000000
image alignment mode   4355 decimal     1103 hex
   -7.5000  -45.0000  -45.0000 2128.8103   22.2044
    0.0000  -45.0000  -45.0000 2105.5581   22.3452
    7.5000  -45.0000  -45.0000 2069.9695   22.8469
   -7.5000  -37.5000  -45.0000 2219.1077   20.4104
    0.0000  -37.5000  -45.0000 2197.3879   20.5058
    7.5000  -37.5000  -45.0000 2161.0837   20.9932
   -7.5000  -30.0000  -45.0000 2284.2300   19.0272
    0.0000  -30.0000  -45.0000 2257.7671   19.1831
    7.5000  -30.0000  -45.0000 2226.4219   19.6642
   -7.5000  -22.5000  -45.0000 2335.8770   18.0974
    0.0000  -22.5000  -45.0000 2308.8921   18.2428
    7.5000  -22.5000  -45.0000 2280.0154   18.7353
   -7.5000  -15.0000  -45.0000 2362.7292   17.5533
    0.0000  -15.0000  -45.0000 2341.7056   17.7159
    7.5000  -15.0000  -45.0000 2309.5454   18.1934
   -7.5000   -7.5000  -45.0000 2368.8020   17.4001
    0.0000   -7.5000  -45.0000 2347.5310   17.5924
    7.5000   -7.5000  -45.0000 2315.2014   18.0810
   -7.5000    0.0000  -45.0000 2354.2234   17.6457
    0.0000    0.0000  -45.0000 2329.5618   17.8032
    7.5000    0.0000  -45.0000 2300.1365   18.3331
   -7.5000    7.5000  -45.0000 2320.7722   18.1665
    0.0000    7.5000  -45.0000 2299.3645   18.2979
    7.5000    7.5000  -45.0000 2264.3799   18.8927
   -7.5000   15.0000  -45.0000 2263.0864   19.1360
    0.0000   15.0000  -45.0000 2245.0168   19.2498
    7.5000   15.0000  -45.0000 2207.1021   19.8985
   -7.5000   22.5000  -45.0000 2185.9504   20.6245
    0.0000   22.5000  -45.0000 2164.4668   20.7642
    7.5000   22.5000  -45.0000 2129.6516   21.4649
   -7.5000   30.0000  -45.0000 2082.4966   22.6412
    0.0000   30.0000  -45.0000 2065.1948   22.8423
    7.5000   30.0000  -45.0000 2024.7727   23.5649
   -7.5000   37.5000  -45.0000 1968.7312   25.1856
    0.0000   37.5000  -45.0000 1951.2400   25.4673
    7.5000   37.5000  -45.0000 1914.6965   26.2200
   -7.5000   45.0000  -45.0000 1844.1099   28.4441
    0.0000   45.0000  -45.0000 1830.4718   28.8052
    7.5000   45.0000  -45.0000 1798.2285   29.6271
   -7.5000  -45.0000  -37.5000 2209.9729   20.4467
    0.0000  -45.0000  -37.5000 2187.6033   20.4872
    7.5000  -45.0000  -37.5000 2148.5308   20.9407
   -7.5000  -37.5000  -37.5000 2305.4636   18.7546
    0.0000  -37.5000  -37.5000 2286.9788   18.8171
    7.5000  -37.5000  -37.5000 2249.5095   19.2796
   -7.5000  -30.0000  -37.5000 2375.4734   17.4731
    0.0000  -30.0000  -37.5000 2352.2148   17.5875
    7.5000  -30.0000  -37.5000 2318.1646   18.0996
   -7.5000  -22.5000  -37.5000 2429.2407   16.5903
    0.0000  -22.5000  -37.5000 2404.6836   16.7489
    7.5000  -22.5000  -37.5000 2371.9458   17.2426
   -7.5000  -15.0000  -37.5000 2465.1531   16.0727
    0.0000  -15.0000  -37.5000 2441.8530   16.2229
    7.5000  -15.0000  -37.5000 2408.8630   16.7129
   -7.5000   -7.5000  -37.5000 2484.3867   15.9886
    0.0000   -7.5000  -37.5000 2457.8787   16.1288
    7.5000   -7.5000  -37.5000 2420.0054   16.6221
   -7.5000    0.0000  -37.5000 2470.8203   16.2995
    0.0000    0.0000  -37.5000 2440.0071   16.4149
    7.5000    0.0000  -37.5000 2406.4453   16.8994
   -7.5000    7.5000  -37.5000 2432.2000   16.8229
    0.0000    7.5000  -37.5000 2406.1841   16.9370
    7.5000    7.5000  -37.5000 2365.8870   17.4251
   -7.5000   15.0000  -37.5000 2368.7642   17.7347
    0.0000   15.0000  -37.5000 2341.1167   17.8378
    7.5000   15.0000  -37.5000 2301.6926   18.4359
   -7.5000   22.5000  -37.5000 2282.1602   19.0688
    0.0000   22.5000  -37.5000 2259.9634   19.2137
    7.5000   22.5000  -37.5000 2217.1306   19.8523
   -7.5000   30.0000  -37.5000 2170.2498   20.9830
    0.0000   30.0000  -37.5000 2150.4736   21.1534
    7.5000   30.0000  -37.5000 2104.5193   21.8674
   -7.5000   37.5000  -37.5000 2047.9628   23.4007
    0.0000   37.5000  -37.5000 2026.6184   23.6211
    7.5000   37.5000  -37.5000 1985.3331   24.3871
   -7.5000   45.0000  -37.5000 1917.4661   26.5602
    0.0000   45.0000  -37.5000 1900.3890   26.8332
    7.5000   45.0000  -37.5000 1856.0143   27.5343
   -7.5000  -45.0000  -30.0000 2325.2231   19.4920
    0.0000  -45.0000  -30.0000 2304.2905   19.4897
    7.5000  -45.0000  -30.0000 2265.0891   20.0398
   -7.5000  -37.5000  -30.0000 2429.2058   17.9106
    0.0000  -37.5000  -30.0000 2414.6267   17.9330
    7.5000  -37.5000  -30.0000 2376.6917   18.4286
   -7.5000  -30.0000  -30.0000 2507.3708   16.7124
    0.0000  -30.0000  -30.0000 2484.0540   16.7848
    7.5000  -30.0000  -30.0000 2445.6719   17.2737
   -7.5000  -22.5000  -30.0000 2569.0498   15.8225
    0.0000  -22.5000  -30.0000 2543.7729   15.9649
    7.5000  -22.5000  -30.0000 2502.9319   16.4387
   -7.5000  -15.0000  -30.0000 2613.9592   15.3385
    0.0000  -15.0000  -30.0000 2586.9221   15.4872
    7.5000  -15.0000  -30.0000 2546.0923   15.9518
   -7.5000   -7.5000  -30.0000 2639.6965   15.2745
    0.0000   -7.5000  -30.0000 2607.8232   15.4300
    7.5000   -7.5000  -30.0000 2562.7910   15.8768
   -7.5000    0.0000  -30.0000 2630.3738   15.6065
    0.0000    0.0000  -30.0000 2596.4407   15.6739
    7.5000    0.0000  -30.0000 2548.7744   16.1204
   -7.5000    7.5000  -30.0000 2583.5742   16.1419
    0.0000    7.5000  -30.0000 2554.0901   16.2701
    7.5000    7.5000  -30.0000 2508.5583   16.8010
   -7.5000   15.0000  -30.0000 2510.5759   17.0244
    0.0000   15.0000  -30.0000 2482.1418   17.1711
    7.5000   15.0000  -30.0000 2439.0215   17.7492
   -7.5000   22.5000  -30.0000 2416.1990   18.4330
    0.0000   22.5000  -30.0000 2387.7356   18.5479
    7.5000   22.5000  -30.0000 2336.4553   19.2127
   -7.5000   30.0000  -30.0000 2295.8208   20.3005
    0.0000   30.0000  -30.0000 2265.9438   20.4677
    7.5000   30.0000  -30.0000 2218.6772   21.1789
   -7.5000   37.5000  -30.0000 2155.4456   22.6844
    0.0000   37.5000  -30.0000 2131.0388   22.8559
    7.5000   37.5000  -30.0000 2091.8022   23.6551
   -7.5000   45.0000  -30.0000 2004.4219   25.7901
    0.0000   45.0000  -30.0000 1986.7051   25.8814
    7.5000   45.0000  -30.0000 1945.4958   26.7295
   -7.5000  -45.0000  -22.5000 2412.9048   18.4878
    0.0000  -45.0000  -22.5000 2392.5518   18.5842
    7.5000  -45.0000  -22.5000 2348.9363   19.1873
   -7.5000  -37.5000  -22.5000 2525.7361   16.9608
    0.0000  -37.5000  -22.5000 2506.3132   17.0214
    7.5000  -37.5000  -22.5000 2464.4253   17.5796
   -7.5000  -30.0000  -22.5000 2618.2805   15.8562
    0.0000  -30.0000  -22.5000 2590.5303   15.9273
    7.5000  -30.0000  -22.5000 2548.6853   16.4522
   -7.5000  -22.5000  -22.5000 2687.5452   15.0289
    0.0000  -22.5000  -22.5000 2655.2668   15.1494
    7.5000  -22.5000  -22.5000 2610.3691   15.6517
   -7.5000  -15.0000  -22.5000 2743.2224   14.5888
    0.0000  -15.0000  -22.5000 2711.7097   14.7718
    7.5000  -15.0000  -22.5000 2658.4648   15.2091
   -7.5000   -7.5000  -22.5000 2768.4453   14.5601
    0.0000   -7.5000  -22.5000 2735.1155   14.6370
    7.5000   -7.5000  -22.5000 2677.3713   15.1273
   -7.5000    0.0000  -22.5000 2754.6382   14.7867
    0.0000    0.0000  -22.5000 2717.3230   14.8631
    7.5000    0.0000  -22.5000 2667.1658   15.4012
   -7.5000    7.5000  -22.5000 2705.1050   15.3056
    0.0000    7.5000  -22.5000 2673.7734   15.4517
    7.5000    7.5000  -22.5000 2621.3076   16.0371
   -7.5000   15.0000  -22.5000 2622.7029   16.2845
    0.0000   15.0000  -22.5000 2595.8308   16.4487
    7.5000   15.0000  -22.5000 2543.6768   17.0844
   -7.5000   22.5000  -22.5000 2515.5657   17.6988
    0.0000   22.5000  -22.5000 2483.2175   17.8422
    7.5000   22.5000  -22.5000 2432.6038   18.4865
   -7.5000   30.0000  -22.5000 2382.3909   19.5590
    0.0000   30.0000  -22.5000 2350.9644   19.6753
    7.5000   30.0000  -22.5000 2308.3145   20.3670
   -7.5000   37.5000  -22.5000 2238.6731   21.8826
    0.0000   37.5000  -22.5000 2208.3508   21.9585
    7.5000   37.5000  -22.5000 2163.4797   22.7486
   -7.5000   45.0000  -22.5000 2071.3228   24.8388
    0.0000   45.0000  -22.5000 2049.9111   24.8343
    7.5000   45.0000  -22.5000 2012.4668   25.6983
   -7.5000  -45.0000  -15.0000 2467.2439   17.6232
    0.0000  -45.0000  -15.0000 2446.3176   17.7959
    7.5000  -45.0000  -15.0000 2402.6001   18.4642
   -7.5000  -37.5000  -15.0000 2589.2454   16.1017
    0.0000  -37.5000  -15.0000 2566.0901   16.2555
    7.5000  -37.5000  -15.0000 2520.1223   16.8864
   -7.5000  -30.0000  -15.0000 2698.2688   15.0133
    0.0000  -30.0000  -15.0000 2666.4714   15.1733
    7.5000  -30.0000  -15.0000 2614.0132   15.8015
   -7.5000  -22.5000  -15.0000 2784.0825   14.2909
    0.0000  -22.5000  -15.0000 2742.2224   14.4546
    7.5000  -22.5000  -15.0000 2686.3525   15.0525
   -7.5000  -15.0000  -15.0000 2848.3237   13.9411
    0.0000  -15.0000  -15.0000 2805.3149   14.0527
    7.5000  -15.0000  -15.0000 2736.1516   14.5696
   -7.5000   -7.5000  -15.0000 2866.9888   13.8638
    0.0000   -7.5000  -15.0000 2828.6143   13.9063
    7.5000   -7.5000  -15.0000 2760.3633   14.5059
   -7.5000    0.0000  -15.0000 2838.2610   13.9574
    0.0000    0.0000  -15.0000 2809.6382   14.1204
    7.5000    0.0000  -15.0000 2747.8201   14.7611
   -7.5000    7.5000  -15.0000 2789.6628   14.5169
    0.0000    7.5000  -15.0000 2764.4456   14.7378
    7.5000    7.5000  -15.0000 2702.5771   15.4052
   -7.5000   15.0000  -15.0000 2691.3525   15.5755
    0.0000   15.0000  -15.0000 2664.3816   15.7612
    7.5000   15.0000  -15.0000 2615.7346   16.4257
   -7.5000   22.5000  -15.0000 2573.2676   17.0177
    0.0000   22.5000  -15.0000 2541.7019   17.2120
    7.5000   22.5000  -15.0000 2493.6460   17.8707
   -7.5000   30.0000  -15.0000 2430.2515   18.8534
    0.0000   30.0000  -15.0000 2404.1899   19.0069
    7.5000   30.0000  -15.0000 2349.6396   19.7103
   -7.5000   37.5000  -15.0000 2278.9878   21.0381
    0.0000   37.5000  -15.0000 2253.9932   21.1967
    7.5000   37.5000  -15.0000 2201.2495   21.9537
   -7.5000   45.0000  -15.0000 2113.4006   23.7502
    0.0000   45.0000  -15.0000 2084.6355   23.9363
    7.5000   45.0000  -15.0000 2047.9127   24.7920
   -7.5000  -45.0000   -7.5000 2509.3293   16.8893
    0.0000  -45.0000   -7.5000 2485.2036   17.1900
    7.5000  -45.0000   -7.5000 2440.6091   17.9524
   -7.5000  -37.5000   -7.5000 2636.3801   15.4276
    0.0000  -37.5000   -7.5000 2607.4312   15.6915
    7.5000  -37.5000   -7.5000 2557.2915   16.4023
   -7.5000  -30.0000   -7.5000 2752.9624   14.3861
    0.0000  -30.0000   -7.5000 2715.9458   14.6151
    7.5000  -30.0000   -7.5000 2659.0520   15.3177
   -7.5000  -22.5000   -7.5000 2855.0266   13.7375
    0.0000  -22.5000   -7.5000 2806.6516   13.9476
    7.5000  -22.5000   -7.5000 2740.4690   14.5587
   -7.5000  -15.0000   -7.5000 2929.9697   13.4000
    0.0000  -15.0000   -7.5000 2867.2620   13.4710
    7.5000  -15.0000   -7.5000 2791.1477   14.0796
   -7.5000   -7.5000   -7.5000 2939.2424   13.1284
    0.0000   -7.5000   -7.5000 2897.8423   13.3345
    7.5000   -7.5000   -7.5000 2818.7393   14.0447
   -7.5000    0.0000   -7.5000 2903.0796   13.3104
    0.0000    0.0000   -7.5000 2878.3740   13.6128
    7.5000    0.0000   -7.5000 2805.0991   14.3449
   -7.5000    7.5000   -7.5000 2841.3416   13.9333
    0.0000    7.5000   -7.5000 2815.8433   14.1927
    7.5000    7.5000   -7.5000 2749.5684   14.9267
   -7.5000   15.0000   -7.5000 2733.2549   14.9783
    0.0000   15.0000   -7.5000 2709.7053   15.2252
    7.5000   15.0000   -7.5000 2653.3113   15.8937
   -7.5000   22.5000   -7.5000 2604.5342   16.3813
    0.0000   22.5000   -7.5000 2578.6106   16.6455
    7.5000   22.5000   -7.5000 2523.1189   17.3522
   -7.5000   30.0000   -7.5000 2457.8699   18.1812
    0.0000   30.0000   -7.5000 2428.5508   18.4076
    7.5000   30.0000   -7.5000 2374.7288   19.1457
   -7.5000   37.5000   -7.5000 2310.3213   20.3313
    0.0000   37.5000   -7.5000 2276.5630   20.5795
    7.5000   37.5000   -7.5000 2220.5955   21.3953
   -7.5000   45.0000   -7.5000 2133.2998   22.9519
    0.0000   45.0000   -7.5000 2113.3408   23.1983
    7.5000   45.0000   -7.5000 2068.2932   24.1231
   -7.5000  -45.0000    0.0000 2541.0293   16.4628
    0.0000  -45.0000    0.0000 2519.8215   16.8562
    7.5000  -45.0000    0.0000 2466.6282   17.6685
   -7.5000  -37.5000    0.0000 2668.3086   15.0696
    0.0000  -37.5000    0.0000 2643.7651   15.4189
    7.5000  -37.5000    0.0000 2585.0859   16.1496
   -7.5000  -30.0000    0.0000 2782.9204   14.0853
    0.0000  -30.0000    0.0000 2752.1836   14.3832
    7.5000  -30.0000    0.0000 2692.7468   15.0659
   -7.5000  -22.5000    0.0000 2887.1458   13.5133
    0.0000  -22.5000    0.0000 2840.0808   13.6454
    7.5000  -22.5000    0.0000 2772.1060   14.2561
   -7.5000  -15.0000    0.0000 2957.7681   13.0393
    0.0000  -15.0000    0.0000 2897.5288   13.1994
    7.5000  -15.0000    0.0000 2817.7324   13.8825
   -7.5000   -7.5000    0.0000 2965.6882   12.6562
    0.0000   -7.5000    0.0000 2924.9448   13.1282
    7.5000   -7.5000    0.0000 2840.4326   13.8875
   -7.5000    0.0000    0.0000 2929.4700   13.0198
    0.0000    0.0000    0.0000 2901.8271   13.4112
    7.5000    0.0000    0.0000 2821.0134   14.1612
   -7.5000    7.5000    0.0000 2854.9417   13.6929
    0.0000    7.5000    0.0000 2833.7954   14.0061
    7.5000    7.5000    0.0000 2765.3503   14.7228
   -7.5000   15.0000    0.0000 2742.0151   14.6767
    0.0000   15.0000    0.0000 2722.6812   14.9498
    7.5000   15.0000    0.0000 2660.7329   15.6433
   -7.5000   22.5000    0.0000 2607.1292   16.0442
    0.0000   22.5000    0.0000 2586.6658   16.3077
    7.5000   22.5000    0.0000 2527.7026   16.9977
   -7.5000   30.0000    0.0000 2459.2163   17.7658
    0.0000   30.0000    0.0000 2432.8687   18.0746
    7.5000   30.0000    0.0000 2378.5237   18.8207
   -7.5000   37.5000    0.0000 2310.5867   19.9785
    0.0000   37.5000    0.0000 2283.1709   20.2642
    7.5000   37.5000    0.0000 2227.9133   21.0584
   -7.5000   45.0000    0.0000 2121.7173   22.6105
    0.0000   45.0000    0.0000 2109.3936   22.8453
    7.5000   45.0000    0.0000 2068.4016   23.7734
   -7.5000  -45.0000    7.5000 2560.8455   16.4904
    0.0000  -45.0000    7.5000 2534.1887   16.8573
    7.5000  -45.0000    7.5000 2482.7468   17.6748
   -7.5000  -37.5000    7.5000 2694.0786   15.1009
    0.0000  -37.5000    7.5000 2664.9958   15.4335
    7.5000  -37.5000    7.5000 2607.3596   16.1871
   -7.5000  -30.0000    7.5000 2798.1907   14.1138
    0.0000  -30.0000    7.5000 2763.4087   14.3768
    7.5000  -30.0000    7.5000 2703.7075   15.0593
   -7.5000  -22.5000    7.5000 2884.6736   13.4061
    0.0000  -22.5000    7.5000 2839.4436   13.6182
    7.5000  -22.5000    7.5000 2776.3645   14.2680
   -7.5000  -15.0000    7.5000 2936.8188   12.9354
    0.0000  -15.0000    7.5000 2887.5193   13.2459
    7.5000  -15.0000    7.5000 2816.8911   13.9054
   -7.5000   -7.5000    7.5000 2957.7195   12.8180
    0.0000   -7.5000    7.5000 2906.7712   13.1889
    7.5000   -7.5000    7.5000 2835.7188   13.8720
   -7.5000    0.0000    7.5000 2919.2405   13.1246
    0.0000    0.0000    7.5000 2882.1714   13.4757
    7.5000    0.0000    7.5000 2808.9424   14.1325
   -7.5000    7.5000    7.5000 2837.4778   13.7868
    0.0000    7.5000    7.5000 2811.1863   14.0447
    7.5000    7.5000    7.5000 2747.2083   14.7135
   -7.5000   15.0000    7.5000 2724.0081   14.7438
    0.0000   15.0000    7.5000 2701.7712   14.9735
    7.5000   15.0000    7.5000 2643.5962   15.6936
   -7.5000   22.5000    7.5000 2595.6091   16.0725
    0.0000   22.5000    7.5000 2572.4407   16.2632
    7.5000   22.5000    7.5000 2512.1943   17.0115
   -7.5000   30.0000    7.5000 2451.5710   17.8127
    0.0000   30.0000    7.5000 2420.4900   17.9892
    7.5000   30.0000    7.5000 2370.8882   18.7578
   -7.5000   37.5000    7.5000 2285.0737   19.9824
    0.0000   37.5000    7.5000 2263.1975   20.1269
    7.5000   37.5000    7.5000 2224.6646   20.9815
   -7.5000   45.0000    7.5000 2100.9956   22.6455
    0.0000   45.0000    7.5000 2086.5623   22.8101
    7.5000   45.0000    7.5000 2059.3945   23.7101
   -7.5000  -45.0000   15.0000 2562.3232   16.7552
    0.0000  -45.0000   15.0000 2529.5471   17.1637
    7.5000  -45.0000   15.0000 2474.0413   17.9417
   -7.5000  -37.5000   15.0000 2693.2322   15.4134
    0.0000  -37.5000   15.0000 2655.6270   15.7717
    7.5000  -37.5000   15.0000 2598.7512   16.4476
   -7.5000  -30.0000   15.0000 2782.7368   14.4243
    0.0000  -30.0000   15.0000 2747.4885   14.7361
    7.5000  -30.0000   15.0000 2686.7056   15.3426
   -7.5000  -22.5000   15.0000 2849.0491   13.6841
    0.0000  -22.5000   15.0000 2814.1316   14.0261
    7.5000  -22.5000   15.0000 2752.6365   14.6453
   -7.5000  -15.0000   15.0000 2894.2561   13.2871
    0.0000  -15.0000   15.0000 2844.3069   13.5918
    7.5000  -15.0000   15.0000 2781.5244   14.2234
   -7.5000   -7.5000   15.0000 2900.4241   13.2955
    0.0000   -7.5000   15.0000 2850.0308   13.4962
    7.5000   -7.5000   15.0000 2791.4944   14.1305
   -7.5000    0.0000   15.0000 2863.3284   13.5805
    0.0000    0.0000   15.0000 2816.6189   13.7624
    7.5000    0.0000   15.0000 2759.1487   14.3736
   -7.5000    7.5000   15.0000 2786.8496   14.2172
    0.0000    7.5000   15.0000 2751.2173   14.3924
    7.5000    7.5000   15.0000 2693.5095   15.0257
   -7.5000   15.0000   15.0000 2678.0447   15.1017
    0.0000   15.0000   15.0000 2651.3638   15.3084
    7.5000   15.0000   15.0000 2592.3298   15.9774
   -7.5000   22.5000   15.0000 2555.2935   16.3513
    0.0000   22.5000   15.0000 2527.6672   16.5783
    7.5000   22.5000   15.0000 2471.5085   17.2755
   -7.5000   30.0000   15.0000 2403.9585   18.0144
    0.0000   30.0000   15.0000 2384.0869   18.2507
    7.5000   30.0000   15.0000 2342.3357   19.0490
   -7.5000   37.5000   15.0000 2241.9126   20.1832
    0.0000   37.5000   15.0000 2228.9868   20.4060
    7.5000   37.5000   15.0000 2191.7734   21.2346
   -7.5000   45.0000   15.0000 2077.5972   22.9066
    0.0000   45.0000   15.0000 2061.0081   23.0962
    7.5000   45.0000   15.0000 2032.6903   23.9731
   -7.5000  -45.0000   22.5000 2543.8030   17.3926
    0.0000  -45.0000   22.5000 2500.3247   17.7697
    7.5000  -45.0000   22.5000 2445.0544   18.5669
   -7.5000  -37.5000   22.5000 2668.6655   15.9348
    0.0000  -37.5000   22.5000 2625.7671   16.3324
    7.5000  -37.5000   22.5000 2569.5464   17.0515
   -7.5000  -30.0000   22.5000 2754.2666   14.8555
    0.0000  -30.0000   22.5000 2719.5815   15.3077
    7.5000  -30.0000   22.5000 2656.0107   15.9853
   -7.5000  -22.5000   22.5000 2808.9453   14.1429
    0.0000  -22.5000   22.5000 2775.4590   14.5903
    7.5000  -22.5000   22.5000 2714.2822   15.2452
   -7.5000  -15.0000   22.5000 2832.9688   13.7704
    0.0000  -15.0000   22.5000 2798.7056   14.1537
    7.5000  -15.0000   22.5000 2733.6155   14.7342
   -7.5000   -7.5000   22.5000 2825.8267   13.7755
    0.0000   -7.5000   22.5000 2789.7498   14.0557
    7.5000   -7.5000   22.5000 2730.3389   14.5927
   -7.5000    0.0000   22.5000 2786.6052   14.0699
    0.0000    0.0000   22.5000 2749.0762   14.2965
    7.5000    0.0000   22.5000 2692.8496   14.8414
   -7.5000    7.5000   22.5000 2714.1294   14.7262
    0.0000    7.5000   22.5000 2688.3101   14.9123
    7.5000    7.5000   22.5000 2631.1377   15.4988
   -7.5000   15.0000   22.5000 2614.8091   15.7038
    0.0000   15.0000   22.5000 2588.7246   15.8738
    7.5000   15.0000   22.5000 2536.7732   16.5232
   -7.5000   22.5000   22.5000 2492.7266   16.9714
    0.0000   22.5000   22.5000 2468.8794   17.1449
    7.5000   22.5000   22.5000 2422.4590   17.8696
   -7.5000   30.0000   22.5000 2351.9348   18.5849
    0.0000   30.0000   22.5000 2335.0742   18.7793
    7.5000   30.0000   22.5000 2288.4829   19.5748
   -7.5000   37.5000   22.5000 2200.0867   20.7608
    0.0000   37.5000   22.5000 2179.6533   20.9407
    7.5000   37.5000   22.5000 2150.2485   21.7774
   -7.5000   45.0000   22.5000 2045.7852   23.5070
    0.0000   45.0000   22.5000 2023.7178   23.7193
    7.5000   45.0000   22.5000 1998.3737   24.6386
   -7.5000  -45.0000   30.0000 2508.2407   18.0841
    0.0000  -45.0000   30.0000 2460.4587   18.4708
    7.5000  -45.0000   30.0000 2404.3560   19.3198
   -7.5000  -37.5000   30.0000 2621.6499   16.5880
    0.0000  -37.5000   30.0000 2579.2249   17.0339
    7.5000  -37.5000   30.0000 2522.5701   17.8268
   -7.5000  -30.0000   30.0000 2706.4106   15.5128
    0.0000  -30.0000   30.0000 2662.6663   15.9967
    7.5000  -30.0000   30.0000 2599.1016   16.7636
   -7.5000  -22.5000   30.0000 2743.0247   14.8383
    0.0000  -22.5000   30.0000 2708.6782   15.3415
    7.5000  -22.5000   30.0000 2645.9858   15.9837
   -7.5000  -15.0000   30.0000 2757.4946   14.4947
    0.0000  -15.0000   30.0000 2723.1326   14.9203
    7.5000  -15.0000   30.0000 2659.9897   15.5219
   -7.5000   -7.5000   30.0000 2743.1401   14.5002
    0.0000   -7.5000   30.0000 2712.2153   14.8176
    7.5000   -7.5000   30.0000 2651.8154   15.3462
   -7.5000    0.0000   30.0000 2702.6841   14.7812
    0.0000    0.0000   30.0000 2672.1992   15.0238
    7.5000    0.0000   30.0000 2615.1719   15.5640
   -7.5000    7.5000   30.0000 2629.3911   15.4496
    0.0000    7.5000   30.0000 2612.4170   15.6622
    7.5000    7.5000   30.0000 2554.6140   16.2281
   -7.5000   15.0000   30.0000 2536.8069   16.3734
    0.0000   15.0000   30.0000 2513.4121   16.5961
    7.5000   15.0000   30.0000 2466.4023   17.2332
   -7.5000   22.5000   30.0000 2419.8779   17.7095
    0.0000   22.5000   30.0000 2398.4775   17.9466
    7.5000   22.5000   30.0000 2355.1055   18.6068
   -7.5000   30.0000   30.0000 2285.2805   19.4452
    0.0000   30.0000   30.0000 2260.5957   19.6457
    7.5000   30.0000   30.0000 2225.9336   20.3964
   -7.5000   37.5000   30.0000 2143.5398   21.6250
    0.0000   37.5000   30.0000 2119.7698   21.8054
    7.5000   37.5000   30.0000 2097.8418   22.6293
   -7.5000   45.0000   30.0000 1989.1342   24.3942
    0.0000   45.0000   30.0000 1974.0278   24.5128
    7.5000   45.0000   30.0000 1956.7041   25.5196
   -7.5000  -45.0000   37.5000 2456.3687   19.0231
    0.0000  -45.0000   37.5000 2410.1775   19.4238
    7.5000  -45.0000   37.5000 2361.3469   20.3455
   -7.5000  -37.5000   37.5000 2557.4546   17.5471
    0.0000  -37.5000   37.5000 2513.3721   17.9386
    7.5000  -37.5000   37.5000 2460.9993   18.8302
   -7.5000  -30.0000   37.5000 2630.2805   16.4610
    0.0000  -30.0000   37.5000 2596.6169   16.9399
    7.5000  -30.0000   37.5000 2535.5747   17.6990
   -7.5000  -22.5000   37.5000 2665.6809   15.7830
    0.0000  -22.5000   37.5000 2635.0093   16.2824
    7.5000  -22.5000   37.5000 2571.1106   16.9064
   -7.5000  -15.0000   37.5000 2674.7385   15.4149
    0.0000  -15.0000   37.5000 2639.4810   15.8649
    7.5000  -15.0000   37.5000 2583.1245   16.4503
   -7.5000   -7.5000   37.5000 2660.0903   15.4290
    0.0000   -7.5000   37.5000 2629.3342   15.7815
    7.5000   -7.5000   37.5000 2569.4185   16.3102
   -7.5000    0.0000   37.5000 2615.4431   15.7409
    0.0000    0.0000   37.5000 2590.0193   15.9787
    7.5000    0.0000   37.5000 2534.1292   16.5281
   -7.5000    7.5000   37.5000 2546.2505   16.3553
    0.0000    7.5000   37.5000 2520.9619   16.6029
    7.5000    7.5000   37.5000 2477.1243   17.1639
   -7.5000   15.0000   37.5000 2456.6589   17.3049
    0.0000   15.0000   37.5000 2428.8398   17.5683
    7.5000   15.0000   37.5000 2388.5522   18.2048
   -7.5000   22.5000   37.5000 2339.1143   18.6454
    0.0000   22.5000   37.5000 2320.0291   18.9064
    7.5000   22.5000   37.5000 2287.1533   19.6098
   -7.5000   30.0000   37.5000 2210.5212   20.4642
    0.0000   30.0000   37.5000 2189.8784   20.6814
    7.5000   30.0000   37.5000 2166.7390   21.4038
   -7.5000   37.5000   37.5000 2074.9045   22.8466
    0.0000   37.5000   37.5000 2061.3101   22.9622
    7.5000   37.5000   37.5000 2042.0472   23.7642
   -7.5000   45.0000   37.5000 1929.3170   25.6846
    0.0000   45.0000   37.5000 1913.3318   25.8016
    7.5000   45.0000   37.5000 1897.7749   26.7369
   -7.5000  -45.0000   45.0000 2393.6599   20.2759
    0.0000  -45.0000   45.0000 2348.2461   20.5884
    7.5000  -45.0000   45.0000 2302.0884   21.5840
   -7.5000  -37.5000   45.0000 2483.7122   18.7658
    0.0000  -37.5000   45.0000 2440.0605   19.1149
    7.5000  -37.5000   45.0000 2392.6326   19.9989
   -7.5000  -30.0000   45.0000 2543.1145   17.6903
    0.0000  -30.0000   45.0000 2507.1443   18.0851
    7.5000  -30.0000   45.0000 2451.1313   18.8581
   -7.5000  -22.5000   45.0000 2573.2273   16.9857
    0.0000  -22.5000   45.0000 2543.6677   17.3767
    7.5000  -22.5000   45.0000 2490.8918   18.0861
   -7.5000  -15.0000   45.0000 2582.4246   16.6141
    0.0000  -15.0000   45.0000 2555.5681   16.9503
    7.5000  -15.0000   45.0000 2495.9070   17.6607
   -7.5000   -7.5000   45.0000 2571.5916   16.5775
    0.0000   -7.5000   45.0000 2538.1606   16.9065
    7.5000   -7.5000   45.0000 2480.0759   17.5352
   -7.5000    0.0000   45.0000 2524.7795   16.9158
    0.0000    0.0000   45.0000 2491.9517   17.1503
    7.5000    0.0000   45.0000 2446.5554   17.7110
   -7.5000    7.5000   45.0000 2459.3972   17.5509
    0.0000    7.5000   45.0000 2426.0930   17.7862
    7.5000    7.5000   45.0000 2383.2712   18.3764
   -7.5000   15.0000   45.0000 2360.2708   18.5256
    0.0000   15.0000   45.0000 2337.0764   18.7591
    7.5000   15.0000   45.0000 2299.3782   19.4127
   -7.5000   22.5000   45.0000 2246.0605   19.9674
    0.0000   22.5000   45.0000 2228.2861   20.1451
    7.5000   22.5000   45.0000 2205.0127   20.8838
   -7.5000   30.0000   45.0000 2124.0999   21.9000
    0.0000   30.0000   45.0000 2106.7205   22.0282
    7.5000   30.0000   45.0000 2084.3452   22.8145
   -7.5000   37.5000   45.0000 1999.5671   24.2940
    0.0000   37.5000   45.0000 1982.7860   24.4052
    7.5000   37.5000   45.0000 1956.4615   25.2252
   -7.5000   45.0000   45.0000 1859.0774   27.2395
    0.0000   45.0000   45.0000 1841.9718   27.4488
    7.5000   45.0000   45.0000 1824.1102   28.3154

---------------------------------------------------------------------
imgreg_4dfp /opt/freesurfer/average/711-2C_as_mni_average_305 /opt/freesurfer/average/711-2B_as_mni_average_305_mask talsrcimg_g11 none talsrcimg_to_711-2C_as_mni_average_305_t4 1283
---------------------------------------------------------------------

freesurfer imgreg_4dfp.c
/opt/freesurfer/average/711-2C_as_mni_average_305.4dfp.img
       256       256       256         1
  1.000000  1.000000  1.000000
orientation T byte_order littleendian
Reading image: /opt/freesurfer/average/711-2C_as_mni_average_305.4dfp.img
dimensions:      256       256       256
mmppix:       1.0000   -1.0000   -1.0000
center:     128.0000 -129.0000 -129.0000
/opt/freesurfer/average/711-2B_as_mni_average_305_mask.4dfp.img
       256       256       256         1
  1.000000  1.000000  1.000000
orientation T byte_order littleendian
Reading mask: /opt/freesurfer/average/711-2B_as_mni_average_305_mask.4dfp.img (2306576 pixels)
talsrcimg_g11.4dfp.img
       256       256       256         1
  1.000000  1.000000  1.000000
orientation T byte_order littleendian
Reading image: talsrcimg_g11.4dfp.img
dimensions:      256       256       256
mmppix:       1.0000   -1.0000   -1.0000
center:     128.0000 -129.0000 -129.0000
rotation matrix determinant  1.000000
fimgreg.f
image alignment mode   1283 decimal      503 hex
parameters
   -7.5000   -7.5000    0.0000    0.0000    0.0000    0.0000
eta,q 0.93105 12.69078
niter,ni,del,rscale     5    3   12.0000    1.2000
parameter  2  0.967353 ->  0.500000 qaram    1.1500
parameter  4 -1.982558 -> -0.500000 qaram    1.1500
parameter  5 -0.529616 -> -0.500000 qaram    1.1500
parameter  6 -0.764411 -> -0.500000 qaram    1.1500
parameters
   -8.6747  -10.9500    0.7042    3.4500    3.4500    3.4500
eta,q 0.93707 12.56431
  0.0776  0.0684  0.0737  0.0808  0.0771  0.0668
  0.0745  0.0696  0.0710  0.0767  0.0731  0.0651
  0.0714  0.0705  0.0693  0.0737  0.0687  0.0642
  0.0713  0.0709  0.0705  0.0707  0.0655  0.0638
  0.0755  0.0710  0.0714  0.0672  0.0638  0.0631
  0.0793  0.0729  0.0695  0.0651  0.0639  0.0630
  0.0830  0.0763  0.0721  0.0642  0.0657  0.0629
niter,ni,del,rscale     7    3   12.0000    1.2000
parameter  4 -0.816252 -> -0.500000 qaram    1.3225
parameters
   -9.3011  -11.9698    0.4305    7.4175    4.5794    2.7058
eta,q 0.94181 12.57242
  0.0740  0.0672  0.0685  0.0748  0.0705  0.0595
  0.0678  0.0625  0.0640  0.0704  0.0655  0.0586
  0.0634  0.0601  0.0608  0.0655  0.0610  0.0584
  0.0629  0.0625  0.0608  0.0606  0.0584  0.0580
  0.0669  0.0657  0.0642  0.0585  0.0584  0.0576
  0.0721  0.0654  0.0663  0.0583  0.0611  0.0590
  0.0781  0.0683  0.0677  0.0580  0.0649  0.0612
niter,ni,del,rscale     7    3   12.0000    1.2000
parameters
   -9.9745  -14.1499    0.1464   11.3842    5.5887    2.0746
eta,q 0.94657 12.53816
  0.0700  0.0606  0.0625  0.0679  0.0651  0.0571
  0.0641  0.0566  0.0602  0.0623  0.0609  0.0553
  0.0597  0.0551  0.0577  0.0574  0.0568  0.0538
  0.0582  0.0583  0.0552  0.0554  0.0538  0.0534
  0.0620  0.0602  0.0573  0.0546  0.0537  0.0536
  0.0691  0.0632  0.0614  0.0534  0.0565  0.0560
  0.0756  0.0679  0.0639  0.0553  0.0609  0.0596
niter,ni,del,rscale     6    3   12.0000    1.2000
parameters
  -10.2543  -15.4331    0.5775   12.4879    5.6752    1.9107
eta,q 0.94899 12.58433
  0.0692  0.0620  0.0626  0.0617  0.0610  0.0569
  0.0621  0.0551  0.0592  0.0564  0.0571  0.0538
  0.0556  0.0526  0.0559  0.0538  0.0531  0.0521
  0.0534  0.0534  0.0525  0.0521  0.0510  0.0510
  0.0568  0.0582  0.0529  0.0506  0.0522  0.0510
  0.0647  0.0629  0.0572  0.0534  0.0561  0.0536
  0.0719  0.0676  0.0610  0.0578  0.0613  0.0584
niter,ni,del,rscale     5    3   12.0000    1.2000
parameters
  -10.2122  -15.7647    0.7622   12.7365    5.5569    1.9331
eta,q 0.94946 12.60107
  0.0692  0.0664  0.0612  0.0600  0.0601  0.0572
  0.0614  0.0574  0.0576  0.0552  0.0563  0.0539
  0.0542  0.0521  0.0535  0.0533  0.0523  0.0519
  0.0510  0.0510  0.0508  0.0508  0.0505  0.0505
  0.0535  0.0561  0.0523  0.0509  0.0519  0.0505
  0.0611  0.0619  0.0567  0.0545  0.0560  0.0532
  0.0688  0.0664  0.0604  0.0595  0.0615  0.0580
niter,ni,del,rscale     4    3   12.0000    1.2000
parameters
  -10.1830  -15.8618    0.8186   12.8075    5.5046    1.9528
eta,q 0.94958 12.60601
  0.0688  0.0678  0.0606  0.0595  0.0601  0.0573
  0.0607  0.0585  0.0570  0.0550  0.0563  0.0539
  0.0536  0.0526  0.0528  0.0531  0.0524  0.0519
  0.0505  0.0505  0.0505  0.0505  0.0504  0.0504
  0.0531  0.0555  0.0523  0.0511  0.0517  0.0505
  0.0607  0.0616  0.0568  0.0547  0.0557  0.0532
  0.0684  0.0661  0.0604  0.0599  0.0612  0.0581
niter,ni,del,rscale     3    3   12.0000    1.2000
parameters
  -10.1708  -15.8891    0.8346   12.8213    5.4847    1.9614
eta,q 0.94961 12.60778
  0.0687  0.0683  0.0604  0.0594  0.0601  0.0573
  0.0604  0.0589  0.0568  0.0550  0.0563  0.0538
  0.0534  0.0528  0.0526  0.0531  0.0524  0.0519
  0.0504  0.0504  0.0504  0.0504  0.0504  0.0504
  0.0530  0.0554  0.0523  0.0511  0.0516  0.0504
  0.0607  0.0615  0.0568  0.0548  0.0555  0.0532
  0.0684  0.0660  0.0603  0.0601  0.0611  0.0581
registration optimization eta report
parameter search radius
    6.0000    6.9000    6.0000    7.9350    6.9000    6.9000
100000*second partial in parameter space
       49.       33.       26.       14.       21.       15.
  0.0687  0.0683  0.0604  0.0594  0.0601  0.0573
  0.0604  0.0589  0.0568  0.0550  0.0563  0.0538
  0.0534  0.0528  0.0526  0.0531  0.0524  0.0519
  0.0504  0.0504  0.0504  0.0504  0.0504  0.0504
  0.0530  0.0554  0.0523  0.0511  0.0516  0.0504
  0.0607  0.0615  0.0568  0.0548  0.0555  0.0532
  0.0684  0.0660  0.0603  0.0601  0.0611  0.0581
  -10.1708  -15.8891    0.8346   12.8213    5.4847    1.9614
eta,q 0.94961 12.60778

---------------------------------------------------------------------
imgreg_4dfp /opt/freesurfer/average/711-2C_as_mni_average_305 /opt/freesurfer/average/711-2B_as_mni_average_305_mask talsrcimg_g11 none talsrcimg_to_711-2C_as_mni_average_305_t4 3335
---------------------------------------------------------------------

freesurfer imgreg_4dfp.c
/opt/freesurfer/average/711-2C_as_mni_average_305.4dfp.img
       256       256       256         1
  1.000000  1.000000  1.000000
orientation T byte_order littleendian
Reading image: /opt/freesurfer/average/711-2C_as_mni_average_305.4dfp.img
dimensions:      256       256       256
mmppix:       1.0000   -1.0000   -1.0000
center:     128.0000 -129.0000 -129.0000
/opt/freesurfer/average/711-2B_as_mni_average_305_mask.4dfp.img
       256       256       256         1
  1.000000  1.000000  1.000000
orientation T byte_order littleendian
Reading mask: /opt/freesurfer/average/711-2B_as_mni_average_305_mask.4dfp.img (2306576 pixels)
talsrcimg_g11.4dfp.img
       256       256       256         1
  1.000000  1.000000  1.000000
orientation T byte_order littleendian
Reading image: talsrcimg_g11.4dfp.img
dimensions:      256       256       256
mmppix:       1.0000   -1.0000   -1.0000
center:     128.0000 -129.0000 -129.0000
fimgreg.f
image alignment mode   3335 decimal      D07 hex
parameters
  -10.1708  -15.8891    0.8346   -0.5162   -2.6230   -2.9397
   -5.4571   -8.5547    3.4070  -22.4970    9.5580   22.0894
eta,q 0.94947 12.66345
niter,ni,del,rscale     5    3    5.0000    1.2000
parameter  4  1.176483 ->  0.500000 qaram    1.1500
parameter  5  2.334495 ->  0.500000 qaram    1.1500
parameter  6  2.624995 ->  0.500000 qaram    1.1500
parameter 10  0.750389 ->  0.500000 qaram    1.1500
parameter 12  1.261297 ->  0.500000 qaram    1.1500
parameters
  -10.1084  -16.8448    1.0459   -4.6562   -6.7630   -7.0797
   -4.1807   -5.2789    4.1310  -26.6370    8.8287   17.9494
eta,q 0.96876 12.40625
  0.0537  0.0509  0.0519  0.0462  0.0379  0.0338  0.0401  0.0413  0.0379  0.0343  0.0350  0.0305
  0.0520  0.0504  0.0510  0.0468  0.0398  0.0361  0.0385  0.0395  0.0368  0.0337  0.0343  0.0310
  0.0509  0.0503  0.0505  0.0481  0.0430  0.0385  0.0374  0.0379  0.0360  0.0343  0.0339  0.0321
  0.0505  0.0505  0.0502  0.0502  0.0471  0.0406  0.0368  0.0367  0.0357  0.0357  0.0338  0.0338
  0.0508  0.0511  0.0504  0.0534  0.0513  0.0433  0.0367  0.0358  0.0358  0.0378  0.0340  0.0360
  0.0518  0.0521  0.0507  0.0572  0.0561  0.0466  0.0373  0.0359  0.0362  0.0405  0.0347  0.0387
  0.0534  0.0534  0.0514  0.0608  0.0612  0.0506  0.0384  0.0371  0.0372  0.0433  0.0357  0.0416
niter,ni,del,rscale     7    3    5.0000    1.2000
parameter  3 -0.637732 -> -0.500000 qaram    1.1500
parameter  5  0.728650 ->  0.500000 qaram    1.3225
parameters
  -10.3261  -15.8763    2.4259   -7.8513  -11.5240   -9.7480
   -4.8369   -6.8027    4.8355  -26.0291    8.3836   15.9903
eta,q 0.97423 11.96089
  0.0347  0.0375  0.0358  0.0311  0.0268  0.0287  0.0283  0.0293  0.0276  0.0305  0.0277  0.0272
  0.0327  0.0349  0.0337  0.0299  0.0267  0.0272  0.0271  0.0269  0.0268  0.0277  0.0267  0.0262
  0.0315  0.0327  0.0319  0.0292  0.0273  0.0263  0.0264  0.0259  0.0262  0.0263  0.0261  0.0258
  0.0312  0.0312  0.0305  0.0295  0.0292  0.0268  0.0263  0.0262  0.0259  0.0259  0.0259  0.0259
  0.0320  0.0305  0.0297  0.0320  0.0334  0.0287  0.0267  0.0277  0.0259  0.0263  0.0262  0.0265
  0.0337  0.0309  0.0295  0.0367  0.0389  0.0315  0.0277  0.0302  0.0263  0.0273  0.0270  0.0277
  0.0362  0.0320  0.0300  0.0419  0.0444  0.0349  0.0292  0.0331  0.0271  0.0290  0.0283  0.0297
niter,ni,del,rscale     7    3    5.0000    1.2000
parameters
  -10.3747  -15.6276    1.8409   -7.0867  -13.4505  -10.2243
   -4.3493   -6.8665    5.4231  -25.2093    8.1607   15.6508
eta,q 0.97469 11.81712
  0.0289  0.0287  0.0276  0.0300  0.0282  0.0300  0.0280  0.0306  0.0268  0.0296  0.0274  0.0276
  0.0272  0.0271  0.0262  0.0283  0.0266  0.0280  0.0267  0.0279  0.0261  0.0271  0.0263  0.0263
  0.0261  0.0261  0.0256  0.0269  0.0255  0.0264  0.0258  0.0259  0.0256  0.0258  0.0255  0.0255
  0.0258  0.0258  0.0258  0.0256  0.0253  0.0253  0.0254  0.0254  0.0253  0.0253  0.0253  0.0253
  0.0262  0.0259  0.0266  0.0250  0.0261  0.0261  0.0255  0.0262  0.0254  0.0256  0.0256  0.0257
  0.0273  0.0265  0.0281  0.0263  0.0288  0.0286  0.0262  0.0281  0.0258  0.0265  0.0264  0.0266
  0.0293  0.0276  0.0299  0.0295  0.0342  0.0317  0.0274  0.0307  0.0265  0.0280  0.0277  0.0280
niter,ni,del,rscale     6    3    5.0000    1.2000
parameters
  -10.3741  -15.6205    1.7774   -6.9691  -13.6993  -10.3021
   -4.3477   -6.8367    5.5255  -25.1095    8.1100   15.6420
eta,q 0.97470 11.80001
  0.0288  0.0277  0.0284  0.0293  0.0291  0.0303  0.0277  0.0307  0.0266  0.0288  0.0275  0.0277
  0.0269  0.0263  0.0266  0.0278  0.0275  0.0283  0.0264  0.0280  0.0259  0.0267  0.0263  0.0264
  0.0257  0.0255  0.0256  0.0265  0.0260  0.0266  0.0256  0.0259  0.0255  0.0256  0.0256  0.0256
  0.0253  0.0253  0.0253  0.0253  0.0253  0.0253  0.0253  0.0253  0.0253  0.0253  0.0253  0.0253
  0.0257  0.0256  0.0258  0.0251  0.0255  0.0257  0.0256  0.0260  0.0254  0.0258  0.0256  0.0256
  0.0268  0.0264  0.0270  0.0267  0.0268  0.0280  0.0264  0.0279  0.0258  0.0268  0.0264  0.0264
  0.0288  0.0275  0.0286  0.0301  0.0305  0.0311  0.0277  0.0305  0.0266  0.0284  0.0276  0.0278
niter,ni,del,rscale     5    3    5.0000    1.2000
parameters
  -10.3742  -15.6189    1.7657   -6.9463  -13.7046  -10.3268
   -4.3613   -6.8261    5.5569  -25.1100    8.0906   15.6414
eta,q 0.97470 11.79926
  0.0288  0.0277  0.0286  0.0292  0.0292  0.0304  0.0277  0.0307  0.0266  0.0287  0.0276  0.0277
  0.0269  0.0263  0.0267  0.0278  0.0277  0.0283  0.0264  0.0279  0.0259  0.0266  0.0264  0.0264
  0.0257  0.0255  0.0256  0.0265  0.0262  0.0266  0.0256  0.0259  0.0255  0.0256  0.0256  0.0256
  0.0253  0.0253  0.0253  0.0253  0.0253  0.0253  0.0253  0.0253  0.0253  0.0253  0.0253  0.0253
  0.0257  0.0256  0.0258  0.0251  0.0255  0.0257  0.0256  0.0261  0.0254  0.0258  0.0256  0.0256
  0.0268  0.0264  0.0269  0.0268  0.0267  0.0280  0.0264  0.0279  0.0259  0.0269  0.0263  0.0264
  0.0289  0.0275  0.0285  0.0302  0.0301  0.0311  0.0277  0.0306  0.0266  0.0285  0.0276  0.0278
registration optimization eta report
parameter search radius
    2.4000    2.4000    2.7600    8.2800    9.5220    8.2800
    7.2000    7.2000    7.2000    8.2800    7.2000    8.2800
100000*second partial in parameter space
       61.       40.       42.        6.        5.        8.
        5.       10.        3.        5.        4.        4.
  0.0288  0.0277  0.0286  0.0292  0.0292  0.0304  0.0277  0.0307  0.0266  0.0287  0.0276  0.0277
  0.0269  0.0263  0.0267  0.0278  0.0277  0.0283  0.0264  0.0279  0.0259  0.0266  0.0264  0.0264
  0.0257  0.0255  0.0256  0.0265  0.0262  0.0266  0.0256  0.0259  0.0255  0.0256  0.0256  0.0256
  0.0253  0.0253  0.0253  0.0253  0.0253  0.0253  0.0253  0.0253  0.0253  0.0253  0.0253  0.0253
  0.0257  0.0256  0.0258  0.0251  0.0255  0.0257  0.0256  0.0261  0.0254  0.0258  0.0256  0.0256
  0.0268  0.0264  0.0269  0.0268  0.0267  0.0280  0.0264  0.0279  0.0259  0.0269  0.0263  0.0264
  0.0289  0.0275  0.0285  0.0302  0.0301  0.0311  0.0277  0.0306  0.0266  0.0285  0.0276  0.0278
  -10.3742  -15.6189    1.7657   -6.9463  -13.7046  -10.3268
   -4.3613   -6.8261    5.5569  -25.1100    8.0906   15.6414
eta,q 0.97470 11.79926

---------------------------------------------------------------------
imgreg_4dfp /opt/freesurfer/average/711-2C_as_mni_average_305 /opt/freesurfer/average/711-2B_as_mni_average_305_mask talsrcimg_g11 none talsrcimg_to_711-2C_as_mni_average_305_t4 2311
---------------------------------------------------------------------

freesurfer imgreg_4dfp.c
/opt/freesurfer/average/711-2C_as_mni_average_305.4dfp.img
       256       256       256         1
  1.000000  1.000000  1.000000
orientation T byte_order littleendian
Reading image: /opt/freesurfer/average/711-2C_as_mni_average_305.4dfp.img
dimensions:      256       256       256
mmppix:       1.0000   -1.0000   -1.0000
center:     128.0000 -129.0000 -129.0000
/opt/freesurfer/average/711-2B_as_mni_average_305_mask.4dfp.img
       256       256       256         1
  1.000000  1.000000  1.000000
orientation T byte_order littleendian
Reading mask: /opt/freesurfer/average/711-2B_as_mni_average_305_mask.4dfp.img (2306576 pixels)
talsrcimg_g11.4dfp.img
       256       256       256         1
  1.000000  1.000000  1.000000
orientation T byte_order littleendian
Reading image: talsrcimg_g11.4dfp.img
dimensions:      256       256       256
mmppix:       1.0000   -1.0000   -1.0000
center:     128.0000 -129.0000 -129.0000
fimgreg.f
image alignment mode   2311 decimal      907 hex
parameters
  -10.3742  -15.6189    1.7657   -6.9463  -13.7046  -10.3268
   -4.3613   -6.8261    5.5569  -25.1100    8.0906   15.6414
eta,q 0.97470 11.79925
niter,ni,del,rscale     5    3    5.0000    0.8000
parameters
  -10.3484  -15.6669    1.6924   -5.7276  -12.5792  -10.1684
   -4.1100   -6.7651    5.8808  -25.8633    8.0077   15.2729
eta,q 0.97512 11.92035
  0.0269  0.0263  0.0263  0.0274  0.0267  0.0275  0.0263  0.0282  0.0257  0.0258  0.0262  0.0257
  0.0261  0.0257  0.0257  0.0267  0.0259  0.0265  0.0256  0.0265  0.0253  0.0252  0.0255  0.0252
  0.0255  0.0254  0.0254  0.0259  0.0253  0.0256  0.0252  0.0253  0.0251  0.0249  0.0250  0.0249
  0.0253  0.0253  0.0253  0.0253  0.0250  0.0250  0.0249  0.0249  0.0249  0.0249  0.0249  0.0249
  0.0254  0.0255  0.0255  0.0250  0.0250  0.0251  0.0250  0.0254  0.0250  0.0252  0.0251  0.0251
  0.0260  0.0258  0.0259  0.0253  0.0252  0.0260  0.0254  0.0264  0.0252  0.0258  0.0255  0.0254
  0.0268  0.0264  0.0265  0.0262  0.0256  0.0275  0.0261  0.0279  0.0255  0.0265  0.0262  0.0260
niter,ni,del,rscale     4    3    5.0000    0.7000
parameters
  -10.3177  -15.5474    1.7660   -5.7149  -12.2966   -9.9742
   -4.1082   -6.7356    5.9263  -25.7546    7.9968   15.0813
eta,q 0.97515 11.94462
  0.0264  0.0259  0.0260  0.0266  0.0260  0.0270  0.0259  0.0274  0.0254  0.0259  0.0259  0.0255
  0.0256  0.0253  0.0254  0.0259  0.0254  0.0262  0.0253  0.0261  0.0251  0.0253  0.0253  0.0251
  0.0251  0.0250  0.0250  0.0253  0.0250  0.0254  0.0250  0.0251  0.0249  0.0250  0.0250  0.0249
  0.0249  0.0249  0.0249  0.0249  0.0249  0.0249  0.0249  0.0249  0.0249  0.0249  0.0249  0.0249
  0.0250  0.0249  0.0250  0.0250  0.0249  0.0250  0.0250  0.0252  0.0249  0.0250  0.0250  0.0250
  0.0255  0.0252  0.0253  0.0256  0.0252  0.0257  0.0253  0.0261  0.0251  0.0253  0.0253  0.0252
  0.0263  0.0256  0.0257  0.0268  0.0258  0.0269  0.0259  0.0273  0.0254  0.0258  0.0259  0.0256
niter,ni,del,rscale     3    3    5.0000    0.6000
parameters
  -10.3055  -15.5068    1.7882   -5.6553  -12.2455   -9.8556
   -4.0890   -6.7354    5.9913  -25.7250    7.9981   14.9784
eta,q 0.97516 11.95287
  0.0260  0.0255  0.0256  0.0262  0.0256  0.0265  0.0256  0.0268  0.0253  0.0256  0.0256  0.0254
  0.0254  0.0251  0.0252  0.0256  0.0252  0.0258  0.0252  0.0257  0.0251  0.0252  0.0252  0.0251
  0.0250  0.0249  0.0249  0.0251  0.0249  0.0252  0.0249  0.0250  0.0249  0.0249  0.0249  0.0249
  0.0248  0.0249  0.0249  0.0249  0.0248  0.0248  0.0248  0.0248  0.0248  0.0248  0.0248  0.0248
  0.0250  0.0249  0.0249  0.0249  0.0249  0.0250  0.0249  0.0251  0.0249  0.0249  0.0249  0.0249
  0.0253  0.0251  0.0252  0.0254  0.0251  0.0255  0.0252  0.0258  0.0250  0.0252  0.0252  0.0251
  0.0259  0.0254  0.0255  0.0263  0.0256  0.0265  0.0256  0.0268  0.0253  0.0255  0.0256  0.0254
niter,ni,del,rscale     2    3    5.0000    0.5000
parameters
  -10.3027  -15.4972    1.8188   -5.5915  -12.2386   -9.7608
   -4.0715   -6.7479    6.0348  -25.7237    7.9971   14.9162
eta,q 0.97518 11.95876
  0.0256  0.0253  0.0254  0.0259  0.0254  0.0261  0.0254  0.0262  0.0251  0.0253  0.0254  0.0252
  0.0252  0.0250  0.0251  0.0254  0.0251  0.0255  0.0251  0.0255  0.0250  0.0251  0.0251  0.0250
  0.0249  0.0249  0.0249  0.0250  0.0249  0.0250  0.0249  0.0250  0.0249  0.0249  0.0249  0.0249
  0.0248  0.0248  0.0248  0.0248  0.0248  0.0248  0.0248  0.0248  0.0248  0.0248  0.0248  0.0248
  0.0249  0.0249  0.0249  0.0249  0.0249  0.0250  0.0249  0.0250  0.0248  0.0249  0.0249  0.0249
  0.0252  0.0250  0.0250  0.0252  0.0251  0.0254  0.0251  0.0255  0.0249  0.0251  0.0251  0.0250
  0.0256  0.0253  0.0253  0.0259  0.0254  0.0260  0.0254  0.0262  0.0251  0.0253  0.0254  0.0252
niter,ni,del,rscale     1    3    5.0000    0.4000
parameters
  -10.3057  -15.5028    1.8433   -5.5347  -12.2521   -9.6998
   -4.0588   -6.7615    6.0772  -25.7415    8.0005   14.8925
eta,q 0.97518 11.96241
  0.0253  0.0251  0.0252  0.0255  0.0252  0.0257  0.0252  0.0258  0.0250  0.0252  0.0252  0.0251
  0.0250  0.0249  0.0250  0.0252  0.0250  0.0253  0.0250  0.0252  0.0249  0.0250  0.0250  0.0249
  0.0249  0.0249  0.0249  0.0249  0.0249  0.0249  0.0249  0.0249  0.0249  0.0249  0.0249  0.0248
  0.0248  0.0248  0.0248  0.0248  0.0248  0.0248  0.0248  0.0248  0.0248  0.0248  0.0248  0.0248
  0.0249  0.0249  0.0249  0.0249  0.0249  0.0249  0.0249  0.0249  0.0248  0.0249  0.0249  0.0249
  0.0250  0.0249  0.0250  0.0251  0.0250  0.0252  0.0250  0.0253  0.0249  0.0250  0.0250  0.0249
  0.0253  0.0251  0.0251  0.0255  0.0252  0.0256  0.0252  0.0258  0.0250  0.0252  0.0252  0.0251
registration optimization eta report
parameter search radius
    0.8000    0.8000    0.8000    2.4000    2.4000    2.4000
    2.4000    2.4000    2.4000    2.4000    2.4000    2.4000
100000*second partial in parameter space
       78.       43.       52.       12.        6.       15.
        6.       16.        3.        6.        6.        4.
  0.0253  0.0251  0.0252  0.0255  0.0252  0.0257  0.0252  0.0258  0.0250  0.0252  0.0252  0.0251
  0.0250  0.0249  0.0250  0.0252  0.0250  0.0253  0.0250  0.0252  0.0249  0.0250  0.0250  0.0249
  0.0249  0.0249  0.0249  0.0249  0.0249  0.0249  0.0249  0.0249  0.0249  0.0249  0.0249  0.0248
  0.0248  0.0248  0.0248  0.0248  0.0248  0.0248  0.0248  0.0248  0.0248  0.0248  0.0248  0.0248
  0.0249  0.0249  0.0249  0.0249  0.0249  0.0249  0.0249  0.0249  0.0248  0.0249  0.0249  0.0249
  0.0250  0.0249  0.0250  0.0251  0.0250  0.0252  0.0250  0.0253  0.0249  0.0250  0.0250  0.0249
  0.0253  0.0251  0.0251  0.0255  0.0252  0.0256  0.0252  0.0258  0.0250  0.0252  0.0252  0.0251
  -10.3057  -15.5028    1.8433   -5.5347  -12.2521   -9.6998
   -4.0588   -6.7615    6.0772  -25.7415    8.0005   14.8925
eta,q 0.97518 11.96241

---------------------------------------------------------------------
imgreg_4dfp /opt/freesurfer/average/711-2C_as_mni_average_305 /opt/freesurfer/average/711-2B_as_mni_average_305_mask talsrcimg_g11 none talsrcimg_to_711-2C_as_mni_average_305_t4 2311
---------------------------------------------------------------------

freesurfer imgreg_4dfp.c
/opt/freesurfer/average/711-2C_as_mni_average_305.4dfp.img
       256       256       256         1
  1.000000  1.000000  1.000000
orientation T byte_order littleendian
Reading image: /opt/freesurfer/average/711-2C_as_mni_average_305.4dfp.img
dimensions:      256       256       256
mmppix:       1.0000   -1.0000   -1.0000
center:     128.0000 -129.0000 -129.0000
/opt/freesurfer/average/711-2B_as_mni_average_305_mask.4dfp.img
       256       256       256         1
  1.000000  1.000000  1.000000
orientation T byte_order littleendian
Reading mask: /opt/freesurfer/average/711-2B_as_mni_average_305_mask.4dfp.img (2306576 pixels)
talsrcimg_g11.4dfp.img
       256       256       256         1
  1.000000  1.000000  1.000000
orientation T byte_order littleendian
Reading image: talsrcimg_g11.4dfp.img
dimensions:      256       256       256
mmppix:       1.0000   -1.0000   -1.0000
center:     128.0000 -129.0000 -129.0000
fimgreg.f
image alignment mode   2311 decimal      907 hex
parameters
  -10.3057  -15.5028    1.8433   -5.5347  -12.2521   -9.6998
   -4.0588   -6.7615    6.0772  -25.7415    8.0005   14.8925
eta,q 0.97518 11.96241
niter,ni,del,rscale     5    3    5.0000    0.8000
parameters
  -10.3303  -15.5036    1.8748   -5.9459  -12.3607   -9.7947
   -4.1651   -6.7684    5.8975  -25.5729    8.0371   15.0868
eta,q 0.97513 11.94434
  0.0267  0.0259  0.0262  0.0267  0.0261  0.0273  0.0261  0.0280  0.0255  0.0263  0.0262  0.0259
  0.0257  0.0253  0.0254  0.0259  0.0255  0.0263  0.0254  0.0264  0.0252  0.0255  0.0255  0.0253
  0.0250  0.0249  0.0250  0.0252  0.0250  0.0253  0.0250  0.0252  0.0250  0.0250  0.0250  0.0250
  0.0248  0.0248  0.0248  0.0248  0.0249  0.0249  0.0249  0.0249  0.0249  0.0249  0.0249  0.0249
  0.0250  0.0249  0.0250  0.0251  0.0250  0.0252  0.0250  0.0253  0.0249  0.0250  0.0250  0.0250
  0.0257  0.0253  0.0254  0.0262  0.0255  0.0262  0.0255  0.0264  0.0252  0.0254  0.0255  0.0253
  0.0269  0.0259  0.0260  0.0278  0.0263  0.0277  0.0262  0.0279  0.0257  0.0260  0.0261  0.0257
niter,ni,del,rscale     4    3    5.0000    0.7000
parameters
  -10.3113  -15.5140    1.8196   -5.8419  -12.3320   -9.8313
   -4.1058   -6.7612    5.9508  -25.6711    8.0220   15.0422
eta,q 0.97515 11.94469
  0.0263  0.0257  0.0258  0.0266  0.0259  0.0269  0.0259  0.0274  0.0254  0.0258  0.0259  0.0256
  0.0256  0.0252  0.0253  0.0259  0.0253  0.0260  0.0253  0.0260  0.0251  0.0252  0.0253  0.0252
  0.0251  0.0249  0.0250  0.0253  0.0250  0.0252  0.0250  0.0251  0.0249  0.0249  0.0250  0.0249
  0.0249  0.0249  0.0249  0.0249  0.0249  0.0249  0.0249  0.0249  0.0249  0.0249  0.0249  0.0248
  0.0250  0.0250  0.0250  0.0249  0.0250  0.0251  0.0249  0.0252  0.0249  0.0250  0.0250  0.0249
  0.0255  0.0253  0.0254  0.0256  0.0253  0.0259  0.0253  0.0261  0.0251  0.0253  0.0253  0.0252
  0.0263  0.0257  0.0259  0.0267  0.0259  0.0271  0.0258  0.0273  0.0254  0.0259  0.0259  0.0256
niter,ni,del,rscale     3    3    5.0000    0.6000
parameters
  -10.3040  -15.5148    1.8133   -5.7071  -12.2815   -9.7942
   -4.0842   -6.7506    5.9941  -25.7180    8.0130   14.9784
eta,q 0.97517 11.95223
  0.0259  0.0255  0.0256  0.0263  0.0256  0.0265  0.0256  0.0268  0.0252  0.0256  0.0256  0.0254
  0.0254  0.0251  0.0252  0.0257  0.0252  0.0258  0.0252  0.0257  0.0250  0.0251  0.0252  0.0251
  0.0250  0.0249  0.0249  0.0252  0.0249  0.0251  0.0249  0.0250  0.0249  0.0249  0.0249  0.0249
  0.0249  0.0248  0.0248  0.0249  0.0248  0.0248  0.0248  0.0248  0.0248  0.0248  0.0248  0.0248
  0.0250  0.0249  0.0249  0.0249  0.0249  0.0250  0.0249  0.0251  0.0249  0.0249  0.0249  0.0249
  0.0253  0.0251  0.0252  0.0254  0.0251  0.0256  0.0252  0.0258  0.0250  0.0252  0.0252  0.0251
  0.0259  0.0255  0.0256  0.0262  0.0256  0.0265  0.0256  0.0267  0.0253  0.0256  0.0256  0.0254
niter,ni,del,rscale     2    3    5.0000    0.5000
parameters
  -10.3026  -15.5098    1.8298   -5.6130  -12.2565   -9.7386
   -4.0685   -6.7561    6.0194  -25.7333    8.0086   14.9194
eta,q 0.97517 11.95829
  0.0256  0.0253  0.0254  0.0259  0.0254  0.0261  0.0254  0.0263  0.0251  0.0253  0.0254  0.0252
  0.0252  0.0250  0.0251  0.0254  0.0251  0.0255  0.0251  0.0255  0.0250  0.0250  0.0251  0.0250
  0.0249  0.0249  0.0249  0.0250  0.0249  0.0250  0.0249  0.0250  0.0249  0.0249  0.0249  0.0249
  0.0248  0.0248  0.0248  0.0248  0.0248  0.0248  0.0248  0.0248  0.0248  0.0248  0.0248  0.0248
  0.0249  0.0249  0.0249  0.0249  0.0249  0.0250  0.0249  0.0250  0.0248  0.0249  0.0249  0.0249
  0.0252  0.0250  0.0251  0.0252  0.0251  0.0254  0.0251  0.0255  0.0249  0.0251  0.0251  0.0250
  0.0256  0.0253  0.0253  0.0259  0.0253  0.0261  0.0254  0.0262  0.0251  0.0253  0.0254  0.0252
niter,ni,del,rscale     1    3    5.0000    0.4000
parameters
  -10.3053  -15.5118    1.8516   -5.5417  -12.2559   -9.6889
   -4.0599   -6.7646    6.0550  -25.7440    8.0175   14.8965
eta,q 0.97518 11.96292
  0.0253  0.0251  0.0252  0.0255  0.0252  0.0257  0.0252  0.0258  0.0250  0.0252  0.0252  0.0251
  0.0250  0.0249  0.0250  0.0252  0.0250  0.0253  0.0250  0.0252  0.0249  0.0250  0.0250  0.0249
  0.0249  0.0249  0.0249  0.0249  0.0249  0.0249  0.0249  0.0249  0.0249  0.0249  0.0249  0.0248
  0.0248  0.0248  0.0248  0.0248  0.0248  0.0248  0.0248  0.0248  0.0248  0.0248  0.0248  0.0248
  0.0249  0.0249  0.0249  0.0249  0.0249  0.0249  0.0249  0.0249  0.0248  0.0249  0.0249  0.0249
  0.0251  0.0249  0.0250  0.0251  0.0250  0.0252  0.0250  0.0253  0.0249  0.0250  0.0250  0.0249
  0.0253  0.0251  0.0251  0.0255  0.0252  0.0257  0.0252  0.0258  0.0250  0.0252  0.0252  0.0251
registration optimization eta report
parameter search radius
    0.8000    0.8000    0.8000    2.4000    2.4000    2.4000
    2.4000    2.4000    2.4000    2.4000    2.4000    2.4000
100000*second partial in parameter space
       78.       43.       51.       12.        6.       15.
        6.       16.        3.        6.        6.        4.
  0.0253  0.0251  0.0252  0.0255  0.0252  0.0257  0.0252  0.0258  0.0250  0.0252  0.0252  0.0251
  0.0250  0.0249  0.0250  0.0252  0.0250  0.0253  0.0250  0.0252  0.0249  0.0250  0.0250  0.0249
  0.0249  0.0249  0.0249  0.0249  0.0249  0.0249  0.0249  0.0249  0.0249  0.0249  0.0249  0.0248
  0.0248  0.0248  0.0248  0.0248  0.0248  0.0248  0.0248  0.0248  0.0248  0.0248  0.0248  0.0248
  0.0249  0.0249  0.0249  0.0249  0.0249  0.0249  0.0249  0.0249  0.0248  0.0249  0.0249  0.0249
  0.0251  0.0249  0.0250  0.0251  0.0250  0.0252  0.0250  0.0253  0.0249  0.0250  0.0250  0.0249
  0.0253  0.0251  0.0251  0.0255  0.0252  0.0257  0.0252  0.0258  0.0250  0.0252  0.0252  0.0251
  -10.3053  -15.5118    1.8516   -5.5417  -12.2559   -9.6889
   -4.0599   -6.7646    6.0550  -25.7440    8.0175   14.8965
eta,q 0.97518 11.96292

---------------------------------------------------------------------
compute_vox2vox talsrcimg talsrcimg_to_711-2C_as_mni_average_305_t4 /opt/freesurfer/average/711-2C_as_mni_average_305
---------------------------------------------------------------------

freesurfer compute_vox2vox.c
Reading: talsrcimg.4dfp.ifh
Reading: talsrcimg_to_711-2C_as_mni_average_305_t4
Reading: /opt/freesurfer/average/711-2C_as_mni_average_305.4dfp.ifh
Writing: talsrcimg_to_711-2C_as_mni_average_305_t4_vox2vox.txt

start time Thu Mar 12 19:30:44 CET 2026
end		time Thu Mar 12 19:32:09 CET 2026

mpr2mni305 success

avi2talxfm orig_nu.mgz /opt/freesurfer/average/mni305.cor.mgz talsrcimg_to_711-2C_as_mni_average_305_t4_vox2vox.txt transforms/talairach.auto.xfm
avi2talxfm done
mv -f /out/sourcedata/freesurfer/sub-v1s20x0050380_ses-1/mri/talsrcimg_to_711-2C_as_mni_average_305_t4_vox2vox.txt /out/sourcedata/freesurfer/sub-v1s20x0050380_ses-1/mri/transforms/talsrcimg_to_711-2C_as_mni_average_305_t4_vox2vox.txt
lta_convert --src orig_nu.mgz --trg /opt/freesurfer/average/mni305.cor.mgz --inxfm transforms/talairach.auto.xfm --outlta transforms/talairach.auto.xfm.lta --subject fsaverage
7.3.2

--src: orig_nu.mgz src image (geometry).
--trg: /opt/freesurfer/average/mni305.cor.mgz trg image (geometry).
--inmni: transforms/talairach.auto.xfm input MNI/XFM transform.
--outlta: transforms/talairach.auto.xfm.lta output LTA.
--s: fsaverage subject name
 LTA read, type : 1
 1.04903   0.08815   0.03357   10.65871;
-0.07744   1.04966  -0.18179  -5.89641;
-0.09511   0.30189   1.08403   14.82250;
 0.00000   0.00000   0.00000   1.00000;
setting subject to fsaverage
Writing  LTA to file transforms/talairach.auto.xfm.lta...
lta_convert successful.
 
 
Started at Thu Mar 12 19:30:43 CET 2026
Ended   at Thu Mar 12 19:32:09 CET 2026
talairach_avi done
